interactions:
- request:
    body: '{"location": "westus", "tags": {"use": "az-test"}}'
    headers:
      Accept: [application/json]
      Accept-Encoding: ['gzip, deflate']
      CommandName: [group create]
      Connection: [keep-alive]
      Content-Length: ['50']
      Content-Type: [application/json; charset=utf-8]
      User-Agent: [python/3.6.3 (Windows-10-10.0.16299-SP0) requests/2.18.4 msrest/0.4.19
          msrest_azure/0.4.17 resourcemanagementclient/1.2.1 Azure-SDK-For-Python
          AZURECLI/2.0.22]
      accept-language: [en-US]
    method: PUT
    uri: https://management.azure.com/subscriptions/00000000-0000-0000-0000-000000000000/resourcegroups/cli_test_monitor000001?api-version=2017-05-10
  response:
    body: {string: '{"id":"/subscriptions/00000000-0000-0000-0000-000000000000/resourceGroups/cli_test_monitor000001","name":"cli_test_monitor000001","location":"westus","tags":{"use":"az-test"},"properties":{"provisioningState":"Succeeded"}}'}
    headers:
      cache-control: [no-cache]
      content-length: ['328']
      content-type: [application/json; charset=utf-8]
      date: ['Sun, 26 Nov 2017 17:39:38 GMT']
      expires: ['-1']
      pragma: [no-cache]
      strict-transport-security: [max-age=31536000; includeSubDomains]
      x-ms-ratelimit-remaining-subscription-writes: ['1199']
    status: {code: 201, message: Created}
- request:
    body: null
    headers:
      Accept: [application/json]
      Accept-Encoding: ['gzip, deflate']
      CommandName: [vm create]
      Connection: [keep-alive]
      Content-Type: [application/json; charset=utf-8]
      User-Agent: [python/3.6.3 (Windows-10-10.0.16299-SP0) requests/2.18.4 msrest/0.4.19
          msrest_azure/0.4.17 resourcemanagementclient/1.2.1 Azure-SDK-For-Python
          AZURECLI/2.0.22]
      accept-language: [en-US]
    method: GET
    uri: https://management.azure.com/subscriptions/00000000-0000-0000-0000-000000000000/resourcegroups/cli_test_monitor000001?api-version=2017-05-10
  response:
    body: {string: '{"id":"/subscriptions/00000000-0000-0000-0000-000000000000/resourceGroups/cli_test_monitor000001","name":"cli_test_monitor000001","location":"westus","tags":{"use":"az-test"},"properties":{"provisioningState":"Succeeded"}}'}
    headers:
      cache-control: [no-cache]
      content-length: ['328']
      content-type: [application/json; charset=utf-8]
      date: ['Sun, 26 Nov 2017 17:39:46 GMT']
      expires: ['-1']
      pragma: [no-cache]
      strict-transport-security: [max-age=31536000; includeSubDomains]
      vary: [Accept-Encoding]
    status: {code: 200, message: OK}
- request:
    body: null
    headers:
      Connection: [close]
      Host: [raw.githubusercontent.com]
      User-Agent: [Python-urllib/3.6]
    method: GET
    uri: https://raw.githubusercontent.com/Azure/azure-rest-api-specs/master/arm-compute/quickstart-templates/aliases.json
  response:
    body: {string: "{\n  \"$schema\":\"http://schema.management.azure.com/schemas/2015-01-01/deploymentTemplate.json\"\
        ,\n  \"contentVersion\":\"1.0.0.0\",\n  \"parameters\":{},\n  \"variables\"\
        :{},\n  \"resources\":[],\n\n  \"outputs\":{\n    \"aliases\":{\n      \"\
        type\":\"object\",\n      \"value\":{\n\n        \"Linux\":{\n          \"\
        CentOS\":{\n            \"publisher\":\"OpenLogic\",\n            \"offer\"\
        :\"CentOS\",\n            \"sku\":\"7.3\",\n            \"version\":\"latest\"\
        \n          },\n          \"CoreOS\":{\n            \"publisher\":\"CoreOS\"\
        ,\n            \"offer\":\"CoreOS\",\n            \"sku\":\"Stable\",\n  \
        \          \"version\":\"latest\"\n          },\n          \"Debian\":{\n\
        \            \"publisher\":\"credativ\",\n            \"offer\":\"Debian\"\
        ,\n            \"sku\":\"8\",\n            \"version\":\"latest\"\n      \
        \    },\n          \"openSUSE-Leap\": {\n            \"publisher\":\"SUSE\"\
        ,\n            \"offer\":\"openSUSE-Leap\",\n            \"sku\":\"42.2\"\
        ,\n            \"version\": \"latest\"\n          },\n          \"RHEL\":{\n\
        \            \"publisher\":\"RedHat\",\n            \"offer\":\"RHEL\",\n\
        \            \"sku\":\"7.3\",\n            \"version\":\"latest\"\n      \
        \    },\n          \"SLES\":{\n            \"publisher\":\"SUSE\",\n     \
        \       \"offer\":\"SLES\",\n            \"sku\":\"12-SP2\",\n           \
        \ \"version\":\"latest\"\n          },\n          \"UbuntuLTS\":{\n      \
        \      \"publisher\":\"Canonical\",\n            \"offer\":\"UbuntuServer\"\
        ,\n            \"sku\":\"16.04-LTS\",\n            \"version\":\"latest\"\n\
        \          }\n        },\n\n        \"Windows\":{\n          \"Win2016Datacenter\"\
        :{\n            \"publisher\":\"MicrosoftWindowsServer\",\n            \"\
        offer\":\"WindowsServer\",\n            \"sku\":\"2016-Datacenter\",\n   \
        \         \"version\":\"latest\"\n          },\n          \"Win2012R2Datacenter\"\
        :{\n            \"publisher\":\"MicrosoftWindowsServer\",\n            \"\
        offer\":\"WindowsServer\",\n            \"sku\":\"2012-R2-Datacenter\",\n\
        \            \"version\":\"latest\"\n          },\n          \"Win2012Datacenter\"\
        :{\n            \"publisher\":\"MicrosoftWindowsServer\",\n            \"\
        offer\":\"WindowsServer\",\n            \"sku\":\"2012-Datacenter\",\n   \
        \         \"version\":\"latest\"\n          },\n          \"Win2008R2SP1\"\
        :{\n            \"publisher\":\"MicrosoftWindowsServer\",\n            \"\
        offer\":\"WindowsServer\",\n            \"sku\":\"2008-R2-SP1\",\n       \
        \     \"version\":\"latest\"\n          }\n        }\n      }\n    }\n  }\n\
        }\n"}
    headers:
      accept-ranges: [bytes]
      access-control-allow-origin: ['*']
      cache-control: [max-age=300]
      connection: [close]
      content-length: ['2235']
      content-security-policy: [default-src 'none'; style-src 'unsafe-inline'; sandbox]
      content-type: [text/plain; charset=utf-8]
      date: ['Sun, 26 Nov 2017 17:39:48 GMT']
      etag: ['"d6824855d13e27c5258a680eb60f635d088fd05e"']
      expires: ['Sun, 26 Nov 2017 17:44:48 GMT']
      source-age: ['0']
      strict-transport-security: [max-age=31536000]
      vary: ['Authorization,Accept-Encoding']
      via: [1.1 varnish]
      x-cache: [MISS]
      x-cache-hits: ['0']
      x-content-type-options: [nosniff]
      x-fastly-request-id: [d9fc58ebc60691326cb1e375682fb403b98ce116]
      x-frame-options: [deny]
      x-geo-block-list: ['']
      x-github-request-id: ['E328:2C7E5:A6FB31:B41C43:5A1AFC63']
      x-served-by: [cache-sea1044-SEA]
      x-timer: ['S1511717988.026021,VS0,VE29']
      x-xss-protection: [1; mode=block]
    status: {code: 200, message: OK}
- request:
    body: null
    headers:
      Accept: [application/json]
      Accept-Encoding: ['gzip, deflate']
      CommandName: [vm create]
      Connection: [keep-alive]
      Content-Type: [application/json; charset=utf-8]
      User-Agent: [python/3.6.3 (Windows-10-10.0.16299-SP0) requests/2.18.4 msrest/0.4.19
          msrest_azure/0.4.17 networkmanagementclient/1.5.0rc3 Azure-SDK-For-Python
          AZURECLI/2.0.22]
      accept-language: [en-US]
    method: GET
    uri: https://management.azure.com/subscriptions/00000000-0000-0000-0000-000000000000/resourceGroups/cli_test_monitor000001/providers/Microsoft.Network/virtualNetworks?api-version=2017-09-01
  response:
    body: {string: '{"value":[]}'}
    headers:
      cache-control: [no-cache]
      content-length: ['12']
      content-type: [application/json; charset=utf-8]
      date: ['Sun, 26 Nov 2017 17:39:49 GMT']
      expires: ['-1']
      pragma: [no-cache]
      strict-transport-security: [max-age=31536000; includeSubDomains]
      vary: [Accept-Encoding]
    status: {code: 200, message: OK}
- request:
    body: 'b''{"properties": {"template": {"$schema": "https://schema.management.azure.com/schemas/2015-01-01/deploymentTemplate.json#",
      "contentVersion": "1.0.0.0", "parameters": {}, "variables": {}, "resources":
      [{"name": "vm1VNET", "type": "Microsoft.Network/virtualNetworks", "location":
      "westus", "apiVersion": "2015-06-15", "dependsOn": [], "tags": {}, "properties":
      {"addressSpace": {"addressPrefixes": ["10.0.0.0/16"]}, "subnets": [{"name":
      "vm1Subnet", "properties": {"addressPrefix": "10.0.0.0/24"}}]}}, {"type": "Microsoft.Network/networkSecurityGroups",
      "name": "vm1NSG", "apiVersion": "2015-06-15", "location": "westus", "tags":
      {}, "dependsOn": [], "properties": {"securityRules": [{"name": "default-allow-ssh",
      "properties": {"protocol": "Tcp", "sourcePortRange": "*", "destinationPortRange":
      "22", "sourceAddressPrefix": "*", "destinationAddressPrefix": "*", "access":
      "Allow", "priority": 1000, "direction": "Inbound"}}]}}, {"apiVersion": "2017-09-01",
      "type": "Microsoft.Network/publicIPAddresses", "name": "vm1PublicIP", "location":
      "westus", "tags": {}, "dependsOn": [], "properties": {"publicIPAllocationMethod":
      "dynamic"}}, {"apiVersion": "2015-06-15", "type": "Microsoft.Network/networkInterfaces",
      "name": "vm1VMNic", "location": "westus", "tags": {}, "dependsOn": ["Microsoft.Network/virtualNetworks/vm1VNET",
      "Microsoft.Network/networkSecurityGroups/vm1NSG", "Microsoft.Network/publicIpAddresses/vm1PublicIP"],
      "properties": {"ipConfigurations": [{"name": "ipconfigvm1", "properties": {"privateIPAllocationMethod":
      "Dynamic", "subnet": {"id": "/subscriptions/00000000-0000-0000-0000-000000000000/resourceGroups/cli_test_monitor000001/providers/Microsoft.Network/virtualNetworks/vm1VNET/subnets/vm1Subnet"},
      "publicIPAddress": {"id": "/subscriptions/00000000-0000-0000-0000-000000000000/resourceGroups/cli_test_monitor000001/providers/Microsoft.Network/publicIPAddresses/vm1PublicIP"}}}],
      "networkSecurityGroup": {"id": "/subscriptions/00000000-0000-0000-0000-000000000000/resourceGroups/cli_test_monitor000001/providers/Microsoft.Network/networkSecurityGroups/vm1NSG"}}},
      {"apiVersion": "2017-03-30", "type": "Microsoft.Compute/virtualMachines", "name":
      "vm1", "location": "westus", "tags": {}, "dependsOn": ["Microsoft.Network/networkInterfaces/vm1VMNic"],
      "properties": {"hardwareProfile": {"vmSize": "Standard_DS1_v2"}, "networkProfile":
      {"networkInterfaces": [{"id": "/subscriptions/00000000-0000-0000-0000-000000000000/resourceGroups/cli_test_monitor000001/providers/Microsoft.Network/networkInterfaces/vm1VMNic"}]},
      "storageProfile": {"osDisk": {"createOption": "fromImage", "name": null, "caching":
      null, "managedDisk": {"storageAccountType": null}}, "imageReference": {"publisher":
      "Canonical", "offer": "UbuntuServer", "sku": "16.04-LTS", "version": "latest"}},
      "osProfile": {"computerName": "vm1", "adminUsername": "testadmin", "adminPassword":
      "TestPassword11!!"}}}], "outputs": {}}, "parameters": {}, "mode": "Incremental"}}'''
    headers:
      Accept: [application/json]
      Accept-Encoding: ['gzip, deflate']
      CommandName: [vm create]
      Connection: [keep-alive]
      Content-Length: ['3161']
      Content-Type: [application/json; charset=utf-8]
      User-Agent: [python/3.6.3 (Windows-10-10.0.16299-SP0) requests/2.18.4 msrest/0.4.19
          msrest_azure/0.4.17 resourcemanagementclient/1.2.1 Azure-SDK-For-Python
          AZURECLI/2.0.22]
      accept-language: [en-US]
    method: PUT
    uri: https://management.azure.com/subscriptions/00000000-0000-0000-0000-000000000000/resourcegroups/cli_test_monitor000001/providers/Microsoft.Resources/deployments/mock-deployment?api-version=2017-05-10
  response:
    body: {string: '{"id":"/subscriptions/00000000-0000-0000-0000-000000000000/resourceGroups/cli_test_monitor000001/providers/Microsoft.Resources/deployments/vm_deploy_sOjFkLVuWinPDRZ4GEgW3UQKuJezZTEK","name":"vm_deploy_sOjFkLVuWinPDRZ4GEgW3UQKuJezZTEK","properties":{"templateHash":"14827608703753533323","parameters":{},"mode":"Incremental","provisioningState":"Accepted","timestamp":"2017-11-26T17:39:52.0331294Z","duration":"PT0.5771857S","correlationId":"494c19d8-7a1c-4525-976b-45501bdc6ce7","providers":[{"namespace":"Microsoft.Network","resourceTypes":[{"resourceType":"virtualNetworks","locations":["westus"]},{"resourceType":"networkSecurityGroups","locations":["westus"]},{"resourceType":"publicIPAddresses","locations":["westus"]},{"resourceType":"networkInterfaces","locations":["westus"]}]},{"namespace":"Microsoft.Compute","resourceTypes":[{"resourceType":"virtualMachines","locations":["westus"]}]}],"dependencies":[{"dependsOn":[{"id":"/subscriptions/00000000-0000-0000-0000-000000000000/resourceGroups/cli_test_monitor000001/providers/Microsoft.Network/virtualNetworks/vm1VNET","resourceType":"Microsoft.Network/virtualNetworks","resourceName":"vm1VNET"},{"id":"/subscriptions/00000000-0000-0000-0000-000000000000/resourceGroups/cli_test_monitor000001/providers/Microsoft.Network/networkSecurityGroups/vm1NSG","resourceType":"Microsoft.Network/networkSecurityGroups","resourceName":"vm1NSG"},{"id":"/subscriptions/00000000-0000-0000-0000-000000000000/resourceGroups/cli_test_monitor000001/providers/Microsoft.Network/publicIPAddresses/vm1PublicIP","resourceType":"Microsoft.Network/publicIPAddresses","resourceName":"vm1PublicIP"}],"id":"/subscriptions/00000000-0000-0000-0000-000000000000/resourceGroups/cli_test_monitor000001/providers/Microsoft.Network/networkInterfaces/vm1VMNic","resourceType":"Microsoft.Network/networkInterfaces","resourceName":"vm1VMNic"},{"dependsOn":[{"id":"/subscriptions/00000000-0000-0000-0000-000000000000/resourceGroups/cli_test_monitor000001/providers/Microsoft.Network/networkInterfaces/vm1VMNic","resourceType":"Microsoft.Network/networkInterfaces","resourceName":"vm1VMNic"}],"id":"/subscriptions/00000000-0000-0000-0000-000000000000/resourceGroups/cli_test_monitor000001/providers/Microsoft.Compute/virtualMachines/vm1","resourceType":"Microsoft.Compute/virtualMachines","resourceName":"vm1"}]}}'}
    headers:
      azure-asyncoperation: ['https://management.azure.com/subscriptions/00000000-0000-0000-0000-000000000000/resourcegroups/cli_test_monitor000001/providers/Microsoft.Resources/deployments/vm_deploy_sOjFkLVuWinPDRZ4GEgW3UQKuJezZTEK/operationStatuses/08586898888940216833?api-version=2017-05-10']
      cache-control: [no-cache]
      content-length: ['2702']
      content-type: [application/json; charset=utf-8]
      date: ['Sun, 26 Nov 2017 17:39:52 GMT']
      expires: ['-1']
      pragma: [no-cache]
      strict-transport-security: [max-age=31536000; includeSubDomains]
      x-ms-ratelimit-remaining-subscription-writes: ['1199']
    status: {code: 201, message: Created}
- request:
    body: null
    headers:
      Accept: [application/json]
      Accept-Encoding: ['gzip, deflate']
      CommandName: [vm create]
      Connection: [keep-alive]
      Content-Type: [application/json; charset=utf-8]
      User-Agent: [python/3.6.3 (Windows-10-10.0.16299-SP0) requests/2.18.4 msrest/0.4.19
          msrest_azure/0.4.17 resourcemanagementclient/1.2.1 Azure-SDK-For-Python
          AZURECLI/2.0.22]
      accept-language: [en-US]
    method: GET
    uri: https://management.azure.com/subscriptions/00000000-0000-0000-0000-000000000000/resourcegroups/cli_test_monitor000001/providers/Microsoft.Resources/deployments/mock-deployment/operationStatuses/08586898888940216833?api-version=2017-05-10
  response:
    body: {string: '{"status":"Running"}'}
    headers:
      cache-control: [no-cache]
      content-length: ['20']
      content-type: [application/json; charset=utf-8]
      date: ['Sun, 26 Nov 2017 17:40:23 GMT']
      expires: ['-1']
      pragma: [no-cache]
      strict-transport-security: [max-age=31536000; includeSubDomains]
      vary: [Accept-Encoding]
    status: {code: 200, message: OK}
- request:
    body: null
    headers:
      Accept: [application/json]
      Accept-Encoding: ['gzip, deflate']
      CommandName: [vm create]
      Connection: [keep-alive]
      Content-Type: [application/json; charset=utf-8]
      User-Agent: [python/3.6.3 (Windows-10-10.0.16299-SP0) requests/2.18.4 msrest/0.4.19
          msrest_azure/0.4.17 resourcemanagementclient/1.2.1 Azure-SDK-For-Python
          AZURECLI/2.0.22]
      accept-language: [en-US]
    method: GET
    uri: https://management.azure.com/subscriptions/00000000-0000-0000-0000-000000000000/resourcegroups/cli_test_monitor000001/providers/Microsoft.Resources/deployments/mock-deployment/operationStatuses/08586898888940216833?api-version=2017-05-10
  response:
    body: {string: '{"status":"Running"}'}
    headers:
      cache-control: [no-cache]
      content-length: ['20']
      content-type: [application/json; charset=utf-8]
      date: ['Sun, 26 Nov 2017 17:40:53 GMT']
      expires: ['-1']
      pragma: [no-cache]
      strict-transport-security: [max-age=31536000; includeSubDomains]
      vary: [Accept-Encoding]
    status: {code: 200, message: OK}
- request:
    body: null
    headers:
      Accept: [application/json]
      Accept-Encoding: ['gzip, deflate']
      CommandName: [vm create]
      Connection: [keep-alive]
      Content-Type: [application/json; charset=utf-8]
      User-Agent: [python/3.6.3 (Windows-10-10.0.16299-SP0) requests/2.18.4 msrest/0.4.19
          msrest_azure/0.4.17 resourcemanagementclient/1.2.1 Azure-SDK-For-Python
          AZURECLI/2.0.22]
      accept-language: [en-US]
    method: GET
    uri: https://management.azure.com/subscriptions/00000000-0000-0000-0000-000000000000/resourcegroups/cli_test_monitor000001/providers/Microsoft.Resources/deployments/mock-deployment/operationStatuses/08586898888940216833?api-version=2017-05-10
  response:
    body: {string: '{"status":"Running"}'}
    headers:
      cache-control: [no-cache]
      content-length: ['20']
      content-type: [application/json; charset=utf-8]
      date: ['Sun, 26 Nov 2017 17:41:24 GMT']
      expires: ['-1']
      pragma: [no-cache]
      strict-transport-security: [max-age=31536000; includeSubDomains]
      vary: [Accept-Encoding]
    status: {code: 200, message: OK}
- request:
    body: null
    headers:
      Accept: [application/json]
      Accept-Encoding: ['gzip, deflate']
      CommandName: [vm create]
      Connection: [keep-alive]
      Content-Type: [application/json; charset=utf-8]
      User-Agent: [python/3.6.3 (Windows-10-10.0.16299-SP0) requests/2.18.4 msrest/0.4.19
          msrest_azure/0.4.17 resourcemanagementclient/1.2.1 Azure-SDK-For-Python
          AZURECLI/2.0.22]
      accept-language: [en-US]
    method: GET
    uri: https://management.azure.com/subscriptions/00000000-0000-0000-0000-000000000000/resourcegroups/cli_test_monitor000001/providers/Microsoft.Resources/deployments/mock-deployment/operationStatuses/08586898888940216833?api-version=2017-05-10
  response:
    body: {string: '{"status":"Running"}'}
    headers:
      cache-control: [no-cache]
      content-length: ['20']
      content-type: [application/json; charset=utf-8]
      date: ['Sun, 26 Nov 2017 17:41:54 GMT']
      expires: ['-1']
      pragma: [no-cache]
      strict-transport-security: [max-age=31536000; includeSubDomains]
      vary: [Accept-Encoding]
    status: {code: 200, message: OK}
- request:
    body: null
    headers:
      Accept: [application/json]
      Accept-Encoding: ['gzip, deflate']
      CommandName: [vm create]
      Connection: [keep-alive]
      Content-Type: [application/json; charset=utf-8]
      User-Agent: [python/3.6.3 (Windows-10-10.0.16299-SP0) requests/2.18.4 msrest/0.4.19
          msrest_azure/0.4.17 resourcemanagementclient/1.2.1 Azure-SDK-For-Python
          AZURECLI/2.0.22]
      accept-language: [en-US]
    method: GET
    uri: https://management.azure.com/subscriptions/00000000-0000-0000-0000-000000000000/resourcegroups/cli_test_monitor000001/providers/Microsoft.Resources/deployments/mock-deployment/operationStatuses/08586898888940216833?api-version=2017-05-10
  response:
    body: {string: '{"status":"Succeeded"}'}
    headers:
      cache-control: [no-cache]
      content-length: ['22']
      content-type: [application/json; charset=utf-8]
      date: ['Sun, 26 Nov 2017 17:42:25 GMT']
      expires: ['-1']
      pragma: [no-cache]
      strict-transport-security: [max-age=31536000; includeSubDomains]
      vary: [Accept-Encoding]
    status: {code: 200, message: OK}
- request:
    body: null
    headers:
      Accept: [application/json]
      Accept-Encoding: ['gzip, deflate']
      CommandName: [vm create]
      Connection: [keep-alive]
      Content-Type: [application/json; charset=utf-8]
      User-Agent: [python/3.6.3 (Windows-10-10.0.16299-SP0) requests/2.18.4 msrest/0.4.19
          msrest_azure/0.4.17 resourcemanagementclient/1.2.1 Azure-SDK-For-Python
          AZURECLI/2.0.22]
      accept-language: [en-US]
    method: GET
    uri: https://management.azure.com/subscriptions/00000000-0000-0000-0000-000000000000/resourcegroups/cli_test_monitor000001/providers/Microsoft.Resources/deployments/mock-deployment?api-version=2017-05-10
  response:
    body: {string: '{"id":"/subscriptions/00000000-0000-0000-0000-000000000000/resourceGroups/cli_test_monitor000001/providers/Microsoft.Resources/deployments/vm_deploy_sOjFkLVuWinPDRZ4GEgW3UQKuJezZTEK","name":"vm_deploy_sOjFkLVuWinPDRZ4GEgW3UQKuJezZTEK","properties":{"templateHash":"14827608703753533323","parameters":{},"mode":"Incremental","provisioningState":"Succeeded","timestamp":"2017-11-26T17:42:07.2369585Z","duration":"PT2M15.7810148S","correlationId":"494c19d8-7a1c-4525-976b-45501bdc6ce7","providers":[{"namespace":"Microsoft.Network","resourceTypes":[{"resourceType":"virtualNetworks","locations":["westus"]},{"resourceType":"networkSecurityGroups","locations":["westus"]},{"resourceType":"publicIPAddresses","locations":["westus"]},{"resourceType":"networkInterfaces","locations":["westus"]}]},{"namespace":"Microsoft.Compute","resourceTypes":[{"resourceType":"virtualMachines","locations":["westus"]}]}],"dependencies":[{"dependsOn":[{"id":"/subscriptions/00000000-0000-0000-0000-000000000000/resourceGroups/cli_test_monitor000001/providers/Microsoft.Network/virtualNetworks/vm1VNET","resourceType":"Microsoft.Network/virtualNetworks","resourceName":"vm1VNET"},{"id":"/subscriptions/00000000-0000-0000-0000-000000000000/resourceGroups/cli_test_monitor000001/providers/Microsoft.Network/networkSecurityGroups/vm1NSG","resourceType":"Microsoft.Network/networkSecurityGroups","resourceName":"vm1NSG"},{"id":"/subscriptions/00000000-0000-0000-0000-000000000000/resourceGroups/cli_test_monitor000001/providers/Microsoft.Network/publicIPAddresses/vm1PublicIP","resourceType":"Microsoft.Network/publicIPAddresses","resourceName":"vm1PublicIP"}],"id":"/subscriptions/00000000-0000-0000-0000-000000000000/resourceGroups/cli_test_monitor000001/providers/Microsoft.Network/networkInterfaces/vm1VMNic","resourceType":"Microsoft.Network/networkInterfaces","resourceName":"vm1VMNic"},{"dependsOn":[{"id":"/subscriptions/00000000-0000-0000-0000-000000000000/resourceGroups/cli_test_monitor000001/providers/Microsoft.Network/networkInterfaces/vm1VMNic","resourceType":"Microsoft.Network/networkInterfaces","resourceName":"vm1VMNic"}],"id":"/subscriptions/00000000-0000-0000-0000-000000000000/resourceGroups/cli_test_monitor000001/providers/Microsoft.Compute/virtualMachines/vm1","resourceType":"Microsoft.Compute/virtualMachines","resourceName":"vm1"}],"outputs":{},"outputResources":[{"id":"/subscriptions/00000000-0000-0000-0000-000000000000/resourceGroups/cli_test_monitor000001/providers/Microsoft.Compute/virtualMachines/vm1"},{"id":"/subscriptions/00000000-0000-0000-0000-000000000000/resourceGroups/cli_test_monitor000001/providers/Microsoft.Network/networkInterfaces/vm1VMNic"},{"id":"/subscriptions/00000000-0000-0000-0000-000000000000/resourceGroups/cli_test_monitor000001/providers/Microsoft.Network/networkSecurityGroups/vm1NSG"},{"id":"/subscriptions/00000000-0000-0000-0000-000000000000/resourceGroups/cli_test_monitor000001/providers/Microsoft.Network/publicIPAddresses/vm1PublicIP"},{"id":"/subscriptions/00000000-0000-0000-0000-000000000000/resourceGroups/cli_test_monitor000001/providers/Microsoft.Network/virtualNetworks/vm1VNET"}]}}'}
    headers:
      cache-control: [no-cache]
      content-length: ['3769']
      content-type: [application/json; charset=utf-8]
      date: ['Sun, 26 Nov 2017 17:42:27 GMT']
      expires: ['-1']
      pragma: [no-cache]
      strict-transport-security: [max-age=31536000; includeSubDomains]
      vary: [Accept-Encoding]
    status: {code: 200, message: OK}
- request:
    body: null
    headers:
      Accept: [application/json]
      Accept-Encoding: ['gzip, deflate']
      CommandName: [vm create]
      Connection: [keep-alive]
      Content-Type: [application/json; charset=utf-8]
      User-Agent: [python/3.6.3 (Windows-10-10.0.16299-SP0) requests/2.18.4 msrest/0.4.19
          msrest_azure/0.4.17 computemanagementclient/3.0.1 Azure-SDK-For-Python AZURECLI/2.0.22]
      accept-language: [en-US]
    method: GET
    uri: https://management.azure.com/subscriptions/00000000-0000-0000-0000-000000000000/resourceGroups/cli_test_monitor000001/providers/Microsoft.Compute/virtualMachines/vm1?$expand=instanceView&api-version=2017-03-30
  response:
    body: {string: "{\r\n  \"properties\": {\r\n    \"vmId\": \"b4a8c032-9c75-4f33-b534-b6623ec034ee\"\
        ,\r\n    \"hardwareProfile\": {\r\n      \"vmSize\": \"Standard_DS1_v2\"\r\
        \n    },\r\n    \"storageProfile\": {\r\n      \"imageReference\": {\r\n \
        \       \"publisher\": \"Canonical\",\r\n        \"offer\": \"UbuntuServer\"\
        ,\r\n        \"sku\": \"16.04-LTS\",\r\n        \"version\": \"latest\"\r\n\
        \      },\r\n      \"osDisk\": {\r\n        \"osType\": \"Linux\",\r\n   \
        \     \"name\": \"vm1_OsDisk_1_fdaf2a4160cd47519808d8a6ad16bbd8\",\r\n   \
        \     \"createOption\": \"FromImage\",\r\n        \"caching\": \"ReadWrite\"\
        ,\r\n        \"managedDisk\": {\r\n          \"storageAccountType\": \"Premium_LRS\"\
        ,\r\n          \"id\": \"/subscriptions/00000000-0000-0000-0000-000000000000/resourceGroups/cli_test_monitor000001/providers/Microsoft.Compute/disks/vm1_OsDisk_1_fdaf2a4160cd47519808d8a6ad16bbd8\"\
        \r\n        },\r\n        \"diskSizeGB\": 30\r\n      },\r\n      \"dataDisks\"\
        : []\r\n    },\r\n    \"osProfile\": {\r\n      \"computerName\": \"vm1\"\
        ,\r\n      \"adminUsername\": \"testadmin\",\r\n      \"linuxConfiguration\"\
        : {\r\n        \"disablePasswordAuthentication\": false\r\n      },\r\n  \
        \    \"secrets\": []\r\n    },\r\n    \"networkProfile\": {\"networkInterfaces\"\
        :[{\"id\":\"/subscriptions/00000000-0000-0000-0000-000000000000/resourceGroups/cli_test_monitor000001/providers/Microsoft.Network/networkInterfaces/vm1VMNic\"\
        }]},\r\n    \"provisioningState\": \"Succeeded\",\r\n    \"instanceView\"\
        : {\r\n      \"vmAgent\": {\r\n        \"vmAgentVersion\": \"2.2.18\",\r\n\
        \        \"statuses\": [\r\n          {\r\n            \"code\": \"ProvisioningState/succeeded\"\
        ,\r\n            \"level\": \"Info\",\r\n            \"displayStatus\": \"\
        Ready\",\r\n            \"message\": \"Guest Agent is running\",\r\n     \
        \       \"time\": \"2017-11-26T17:42:27+00:00\"\r\n          }\r\n       \
        \ ],\r\n        \"extensionHandlers\": []\r\n      },\r\n      \"disks\":\
        \ [\r\n        {\r\n          \"name\": \"vm1_OsDisk_1_fdaf2a4160cd47519808d8a6ad16bbd8\"\
        ,\r\n          \"statuses\": [\r\n            {\r\n              \"code\"\
        : \"ProvisioningState/succeeded\",\r\n              \"level\": \"Info\",\r\
        \n              \"displayStatus\": \"Provisioning succeeded\",\r\n       \
        \       \"time\": \"2017-11-26T17:40:12.5782451+00:00\"\r\n            }\r\
        \n          ]\r\n        }\r\n      ],\r\n      \"statuses\": [\r\n      \
        \  {\r\n          \"code\": \"ProvisioningState/succeeded\",\r\n         \
        \ \"level\": \"Info\",\r\n          \"displayStatus\": \"Provisioning succeeded\"\
        ,\r\n          \"time\": \"2017-11-26T17:41:49.8969167+00:00\"\r\n       \
        \ },\r\n        {\r\n          \"code\": \"PowerState/running\",\r\n     \
        \     \"level\": \"Info\",\r\n          \"displayStatus\": \"VM running\"\r\
        \n        }\r\n      ]\r\n    }\r\n  },\r\n  \"type\": \"Microsoft.Compute/virtualMachines\"\
        ,\r\n  \"location\": \"westus\",\r\n  \"tags\": {},\r\n  \"id\": \"/subscriptions/00000000-0000-0000-0000-000000000000/resourceGroups/cli_test_monitor000001/providers/Microsoft.Compute/virtualMachines/vm1\"\
        ,\r\n  \"name\": \"vm1\"\r\n}"}
    headers:
      cache-control: [no-cache]
      content-length: ['2898']
      content-type: [application/json; charset=utf-8]
      date: ['Sun, 26 Nov 2017 17:42:28 GMT']
      expires: ['-1']
      pragma: [no-cache]
      server: [Microsoft-HTTPAPI/2.0, Microsoft-HTTPAPI/2.0]
      strict-transport-security: [max-age=31536000; includeSubDomains]
      transfer-encoding: [chunked]
      vary: [Accept-Encoding]
      x-ms-ratelimit-remaining-resource: ['Microsoft.Compute/LowCostGet3Min;4993,Microsoft.Compute/LowCostGet30Min;39938']
    status: {code: 200, message: OK}
- request:
    body: null
    headers:
      Accept: [application/json]
      Accept-Encoding: ['gzip, deflate']
      CommandName: [vm create]
      Connection: [keep-alive]
      Content-Type: [application/json; charset=utf-8]
      User-Agent: [python/3.6.3 (Windows-10-10.0.16299-SP0) requests/2.18.4 msrest/0.4.19
          msrest_azure/0.4.17 networkmanagementclient/1.5.0rc3 Azure-SDK-For-Python
          AZURECLI/2.0.22]
      accept-language: [en-US]
    method: GET
    uri: https://management.azure.com/subscriptions/00000000-0000-0000-0000-000000000000/resourceGroups/cli_test_monitor000001/providers/Microsoft.Network/networkInterfaces/vm1VMNic?api-version=2017-09-01
  response:
    body: {string: "{\r\n  \"name\": \"vm1VMNic\",\r\n  \"id\": \"/subscriptions/00000000-0000-0000-0000-000000000000/resourceGroups/cli_test_monitor000001/providers/Microsoft.Network/networkInterfaces/vm1VMNic\"\
        ,\r\n  \"etag\": \"W/\\\"ccdc5877-47fa-4104-97ae-37518dd57c4d\\\"\",\r\n \
        \ \"location\": \"westus\",\r\n  \"tags\": {},\r\n  \"properties\": {\r\n\
        \    \"provisioningState\": \"Succeeded\",\r\n    \"resourceGuid\": \"9ffd49c9-2660-4010-bffa-859739bdc2e5\"\
        ,\r\n    \"ipConfigurations\": [\r\n      {\r\n        \"name\": \"ipconfigvm1\"\
        ,\r\n        \"id\": \"/subscriptions/00000000-0000-0000-0000-000000000000/resourceGroups/cli_test_monitor000001/providers/Microsoft.Network/networkInterfaces/vm1VMNic/ipConfigurations/ipconfigvm1\"\
        ,\r\n        \"etag\": \"W/\\\"ccdc5877-47fa-4104-97ae-37518dd57c4d\\\"\"\
        ,\r\n        \"properties\": {\r\n          \"provisioningState\": \"Succeeded\"\
        ,\r\n          \"privateIPAddress\": \"10.0.0.4\",\r\n          \"privateIPAllocationMethod\"\
        : \"Dynamic\",\r\n          \"publicIPAddress\": {\r\n            \"id\":\
        \ \"/subscriptions/00000000-0000-0000-0000-000000000000/resourceGroups/cli_test_monitor000001/providers/Microsoft.Network/publicIPAddresses/vm1PublicIP\"\
        \r\n          },\r\n          \"subnet\": {\r\n            \"id\": \"/subscriptions/00000000-0000-0000-0000-000000000000/resourceGroups/cli_test_monitor000001/providers/Microsoft.Network/virtualNetworks/vm1VNET/subnets/vm1Subnet\"\
        \r\n          },\r\n          \"primary\": true,\r\n          \"privateIPAddressVersion\"\
        : \"IPv4\"\r\n        }\r\n      }\r\n    ],\r\n    \"dnsSettings\": {\r\n\
        \      \"dnsServers\": [],\r\n      \"appliedDnsServers\": [],\r\n      \"\
        internalDomainNameSuffix\": \"jszd1dzddduenatfthl4s0bqxh.dx.internal.cloudapp.net\"\
        \r\n    },\r\n    \"macAddress\": \"00-0D-3A-33-0D-5E\",\r\n    \"enableAcceleratedNetworking\"\
        : false,\r\n    \"enableIPForwarding\": false,\r\n    \"networkSecurityGroup\"\
        : {\r\n      \"id\": \"/subscriptions/00000000-0000-0000-0000-000000000000/resourceGroups/cli_test_monitor000001/providers/Microsoft.Network/networkSecurityGroups/vm1NSG\"\
        \r\n    },\r\n    \"primary\": true,\r\n    \"virtualMachine\": {\r\n    \
        \  \"id\": \"/subscriptions/00000000-0000-0000-0000-000000000000/resourceGroups/cli_test_monitor000001/providers/Microsoft.Compute/virtualMachines/vm1\"\
        \r\n    }\r\n  },\r\n  \"type\": \"Microsoft.Network/networkInterfaces\"\r\
        \n}"}
    headers:
      cache-control: [no-cache]
      content-length: ['2495']
      content-type: [application/json; charset=utf-8]
      date: ['Sun, 26 Nov 2017 17:42:29 GMT']
      etag: [W/"ccdc5877-47fa-4104-97ae-37518dd57c4d"]
      expires: ['-1']
      pragma: [no-cache]
      server: [Microsoft-HTTPAPI/2.0, Microsoft-HTTPAPI/2.0]
      strict-transport-security: [max-age=31536000; includeSubDomains]
      transfer-encoding: [chunked]
      vary: [Accept-Encoding]
    status: {code: 200, message: OK}
- request:
    body: null
    headers:
      Accept: [application/json]
      Accept-Encoding: ['gzip, deflate']
      CommandName: [vm create]
      Connection: [keep-alive]
      Content-Type: [application/json; charset=utf-8]
      User-Agent: [python/3.6.3 (Windows-10-10.0.16299-SP0) requests/2.18.4 msrest/0.4.19
          msrest_azure/0.4.17 networkmanagementclient/1.5.0rc3 Azure-SDK-For-Python
          AZURECLI/2.0.22]
      accept-language: [en-US]
    method: GET
    uri: https://management.azure.com/subscriptions/00000000-0000-0000-0000-000000000000/resourceGroups/cli_test_monitor000001/providers/Microsoft.Network/publicIPAddresses/vm1PublicIP?api-version=2017-09-01
  response:
    body: {string: "{\r\n  \"name\": \"vm1PublicIP\",\r\n  \"id\": \"/subscriptions/00000000-0000-0000-0000-000000000000/resourceGroups/cli_test_monitor000001/providers/Microsoft.Network/publicIPAddresses/vm1PublicIP\"\
        ,\r\n  \"etag\": \"W/\\\"4453a634-e3b1-4335-b6f6-d5f99a83894e\\\"\",\r\n \
        \ \"location\": \"westus\",\r\n  \"tags\": {},\r\n  \"properties\": {\r\n\
        \    \"provisioningState\": \"Succeeded\",\r\n    \"resourceGuid\": \"b82f69e1-77da-4d76-9dc0-d3ea5890e8ef\"\
        ,\r\n    \"ipAddress\": \"40.118.166.144\",\r\n    \"publicIPAddressVersion\"\
        : \"IPv4\",\r\n    \"publicIPAllocationMethod\": \"Dynamic\",\r\n    \"idleTimeoutInMinutes\"\
        : 4,\r\n    \"ipConfiguration\": {\r\n      \"id\": \"/subscriptions/00000000-0000-0000-0000-000000000000/resourceGroups/cli_test_monitor000001/providers/Microsoft.Network/networkInterfaces/vm1VMNic/ipConfigurations/ipconfigvm1\"\
        \r\n    }\r\n  },\r\n  \"type\": \"Microsoft.Network/publicIPAddresses\",\r\
        \n  \"sku\": {\r\n    \"name\": \"Basic\"\r\n  }\r\n}"}
    headers:
      cache-control: [no-cache]
      content-length: ['979']
      content-type: [application/json; charset=utf-8]
      date: ['Sun, 26 Nov 2017 17:42:30 GMT']
      etag: [W/"4453a634-e3b1-4335-b6f6-d5f99a83894e"]
      expires: ['-1']
      pragma: [no-cache]
      server: [Microsoft-HTTPAPI/2.0, Microsoft-HTTPAPI/2.0]
      strict-transport-security: [max-age=31536000; includeSubDomains]
      transfer-encoding: [chunked]
      vary: [Accept-Encoding]
    status: {code: 200, message: OK}
- request:
    body: null
    headers:
      Accept: [application/json]
      Accept-Encoding: ['gzip, deflate']
      CommandName: [monitor alert create]
      Connection: [keep-alive]
      Content-Type: [application/json; charset=utf-8]
      User-Agent: [python/3.6.3 (Windows-10-10.0.16299-SP0) requests/2.18.4 msrest/0.4.19
          msrest_azure/0.4.17 resourcemanagementclient/1.2.1 Azure-SDK-For-Python
          AZURECLI/2.0.22]
      accept-language: [en-US]
    method: GET
    uri: https://management.azure.com/subscriptions/00000000-0000-0000-0000-000000000000/resourcegroups/cli_test_monitor000001?api-version=2017-05-10
  response:
    body: {string: '{"id":"/subscriptions/00000000-0000-0000-0000-000000000000/resourceGroups/cli_test_monitor000001","name":"cli_test_monitor000001","location":"westus","tags":{"use":"az-test"},"properties":{"provisioningState":"Succeeded"}}'}
    headers:
      cache-control: [no-cache]
      content-length: ['328']
      content-type: [application/json; charset=utf-8]
      date: ['Sun, 26 Nov 2017 17:42:58 GMT']
      expires: ['-1']
      pragma: [no-cache]
      strict-transport-security: [max-age=31536000; includeSubDomains]
      vary: [Accept-Encoding]
    status: {code: 200, message: OK}
- request:
    body: 'b''{"location": "westus", "properties": {"name": "rule1", "description":
      "Percentage CPU > 90 avg 5m", "isEnabled": true, "condition": {"dataSource":
      {"resourceUri": "/subscriptions/00000000-0000-0000-0000-000000000000/resourceGroups/cli_test_monitor000001/providers/Microsoft.Compute/virtualMachines/vm1",
      "odata.type": "Microsoft.Azure.Management.Insights.Models.RuleMetricDataSource",
      "metricName": "Percentage CPU"}, "odata.type": "Microsoft.Azure.Management.Insights.Models.ThresholdRuleCondition",
      "operator": "GreaterThan", "threshold": 90.0, "windowSize": "PT5M", "timeAggregation":
      "Average"}, "actions": [{"odata.type": "Microsoft.Azure.Management.Insights.Models.RuleEmailAction",
      "sendToServiceOwners": false, "customEmails": []}]}}'''
    headers:
      Accept: [application/json]
      Accept-Encoding: ['gzip, deflate']
      CommandName: [monitor alert create]
      Connection: [keep-alive]
      Content-Length: ['794']
      Content-Type: [application/json; charset=utf-8]
      User-Agent: [python/3.6.3 (Windows-10-10.0.16299-SP0) requests/2.18.4 msrest/0.4.19
          msrest_azure/0.4.17 monitormanagementclient/0.4.0 Azure-SDK-For-Python AZURECLI/2.0.22]
      accept-language: [en-US]
    method: PUT
    uri: https://management.azure.com/subscriptions/00000000-0000-0000-0000-000000000000/resourcegroups/cli_test_monitor000001/providers/microsoft.insights/alertrules/rule1?api-version=2016-03-01
  response:
    body: {string: '{"id":"/subscriptions/00000000-0000-0000-0000-000000000000/resourceGroups/cli_test_monitor000001/providers/microsoft.insights/alertrules/rule1","name":"rule1","type":"Microsoft.Insights/alertRules","location":"westus","tags":{"$type":"Microsoft.WindowsAzure.Management.Common.Storage.CasePreservedDictionary,
        Microsoft.WindowsAzure.Management.Common.Storage"},"properties":{"name":"rule1","description":"Percentage
        CPU > 90 avg 5m","isEnabled":true,"condition":{"$type":"Microsoft.WindowsAzure.Management.Monitoring.Alerts.Models.ThresholdRuleCondition,
        Microsoft.WindowsAzure.Management.Mon.Client","odata.type":"Microsoft.Azure.Management.Insights.Models.ThresholdRuleCondition","dataSource":{"$type":"Microsoft.WindowsAzure.Management.Monitoring.Alerts.Models.RuleMetricDataSource,
        Microsoft.WindowsAzure.Management.Mon.Client","odata.type":"Microsoft.Azure.Management.Insights.Models.RuleMetricDataSource","resourceUri":"/subscriptions/00000000-0000-0000-0000-000000000000/resourceGroups/cli_test_monitor000001/providers/Microsoft.Compute/virtualMachines/vm1","resourceLocation":null,"metricNamespace":null,"metricName":"Percentage
        CPU","legacyResourceId":null},"operator":"GreaterThan","threshold":90.0,"windowSize":"PT5M","timeAggregation":"Average"},"action":null,"lastUpdatedTime":"2017-11-26T17:43:02.043512Z","provisioningState":"Succeeded","actions":[{"$type":"Microsoft.WindowsAzure.Management.Monitoring.Alerts.Models.RuleEmailAction,
        Microsoft.WindowsAzure.Management.Mon.Client","odata.type":"Microsoft.Azure.Management.Insights.Models.RuleEmailAction","sendToServiceOwners":false,"customEmails":[]}]}}'}
    headers:
      cache-control: [no-cache]
      content-length: ['1723']
      content-type: [application/json; charset=utf-8]
      date: ['Sun, 26 Nov 2017 17:43:01 GMT']
      expires: ['-1']
      pragma: [no-cache]
      server: [Microsoft-IIS/8.5]
      strict-transport-security: [max-age=31536000; includeSubDomains]
      x-ms-ratelimit-remaining-subscription-writes: ['1199']
    status: {code: 201, message: Created}
- request:
    body: null
    headers:
      Accept: [application/json]
      Accept-Encoding: ['gzip, deflate']
      CommandName: [monitor alert create]
      Connection: [keep-alive]
      Content-Type: [application/json; charset=utf-8]
      User-Agent: [python/3.6.3 (Windows-10-10.0.16299-SP0) requests/2.18.4 msrest/0.4.19
          msrest_azure/0.4.17 resourcemanagementclient/1.2.1 Azure-SDK-For-Python
          AZURECLI/2.0.22]
      accept-language: [en-US]
    method: GET
    uri: https://management.azure.com/subscriptions/00000000-0000-0000-0000-000000000000/resourcegroups/cli_test_monitor000001?api-version=2017-05-10
  response:
    body: {string: '{"id":"/subscriptions/00000000-0000-0000-0000-000000000000/resourceGroups/cli_test_monitor000001","name":"cli_test_monitor000001","location":"westus","tags":{"use":"az-test"},"properties":{"provisioningState":"Succeeded"}}'}
    headers:
      cache-control: [no-cache]
      content-length: ['328']
      content-type: [application/json; charset=utf-8]
      date: ['Sun, 26 Nov 2017 17:43:06 GMT']
      expires: ['-1']
      pragma: [no-cache]
      strict-transport-security: [max-age=31536000; includeSubDomains]
      vary: [Accept-Encoding]
    status: {code: 200, message: OK}
- request:
    body: 'b''{"location": "westus", "properties": {"name": "rule2", "description":
      "Test Rule 2", "isEnabled": false, "condition": {"dataSource": {"resourceUri":
      "/subscriptions/00000000-0000-0000-0000-000000000000/resourceGroups/cli_test_monitor000001/providers/Microsoft.Compute/virtualMachines/vm1",
      "odata.type": "Microsoft.Azure.Management.Insights.Models.RuleMetricDataSource",
      "metricName": "Percentage CPU"}, "odata.type": "Microsoft.Azure.Management.Insights.Models.ThresholdRuleCondition",
      "operator": "GreaterThanOrEqual", "threshold": 60.0, "windowSize": "PT1H", "timeAggregation":
      "Average"}, "actions": [{"odata.type": "Microsoft.Azure.Management.Insights.Models.RuleEmailAction",
      "sendToServiceOwners": false, "customEmails": ["test1@contoso.com", "test3@contoso.com",
      "test2@contoso.com"]}]}}'''
    headers:
      Accept: [application/json]
      Accept-Encoding: ['gzip, deflate']
      CommandName: [monitor alert create]
      Connection: [keep-alive]
      Content-Length: ['848']
      Content-Type: [application/json; charset=utf-8]
      User-Agent: [python/3.6.3 (Windows-10-10.0.16299-SP0) requests/2.18.4 msrest/0.4.19
          msrest_azure/0.4.17 monitormanagementclient/0.4.0 Azure-SDK-For-Python AZURECLI/2.0.22]
      accept-language: [en-US]
    method: PUT
    uri: https://management.azure.com/subscriptions/00000000-0000-0000-0000-000000000000/resourcegroups/cli_test_monitor000001/providers/microsoft.insights/alertrules/rule2?api-version=2016-03-01
  response:
    body: {string: '{"id":"/subscriptions/00000000-0000-0000-0000-000000000000/resourceGroups/cli_test_monitor000001/providers/microsoft.insights/alertrules/rule2","name":"rule2","type":"Microsoft.Insights/alertRules","location":"westus","tags":{"$type":"Microsoft.WindowsAzure.Management.Common.Storage.CasePreservedDictionary,
        Microsoft.WindowsAzure.Management.Common.Storage"},"properties":{"name":"rule2","description":"Test
        Rule 2","isEnabled":false,"condition":{"$type":"Microsoft.WindowsAzure.Management.Monitoring.Alerts.Models.ThresholdRuleCondition,
        Microsoft.WindowsAzure.Management.Mon.Client","odata.type":"Microsoft.Azure.Management.Insights.Models.ThresholdRuleCondition","dataSource":{"$type":"Microsoft.WindowsAzure.Management.Monitoring.Alerts.Models.RuleMetricDataSource,
        Microsoft.WindowsAzure.Management.Mon.Client","odata.type":"Microsoft.Azure.Management.Insights.Models.RuleMetricDataSource","resourceUri":"/subscriptions/00000000-0000-0000-0000-000000000000/resourceGroups/cli_test_monitor000001/providers/Microsoft.Compute/virtualMachines/vm1","resourceLocation":null,"metricNamespace":null,"metricName":"Percentage
        CPU","legacyResourceId":null},"operator":"GreaterThanOrEqual","threshold":60.0,"windowSize":"PT1H","timeAggregation":"Average"},"action":null,"lastUpdatedTime":"2017-11-26T17:43:09.4865063Z","provisioningState":"Succeeded","actions":[{"$type":"Microsoft.WindowsAzure.Management.Monitoring.Alerts.Models.RuleEmailAction,
        Microsoft.WindowsAzure.Management.Mon.Client","odata.type":"Microsoft.Azure.Management.Insights.Models.RuleEmailAction","sendToServiceOwners":false,"customEmails":["test1@contoso.com","test3@contoso.com","test2@contoso.com"]}]}}'}
    headers:
      cache-control: [no-cache]
      content-length: ['1776']
      content-type: [application/json; charset=utf-8]
      date: ['Sun, 26 Nov 2017 17:43:09 GMT']
      expires: ['-1']
      pragma: [no-cache]
      server: [Microsoft-IIS/8.5]
      strict-transport-security: [max-age=31536000; includeSubDomains]
      x-ms-ratelimit-remaining-subscription-writes: ['1199']
    status: {code: 201, message: Created}
- request:
    body: null
    headers:
      Accept: [application/json]
      Accept-Encoding: ['gzip, deflate']
      CommandName: [monitor alert create]
      Connection: [keep-alive]
      Content-Type: [application/json; charset=utf-8]
      User-Agent: [python/3.6.3 (Windows-10-10.0.16299-SP0) requests/2.18.4 msrest/0.4.19
          msrest_azure/0.4.17 resourcemanagementclient/1.2.1 Azure-SDK-For-Python
          AZURECLI/2.0.22]
      accept-language: [en-US]
    method: GET
    uri: https://management.azure.com/subscriptions/00000000-0000-0000-0000-000000000000/resourcegroups/cli_test_monitor000001?api-version=2017-05-10
  response:
    body: {string: '{"id":"/subscriptions/00000000-0000-0000-0000-000000000000/resourceGroups/cli_test_monitor000001","name":"cli_test_monitor000001","location":"westus","tags":{"use":"az-test"},"properties":{"provisioningState":"Succeeded"}}'}
    headers:
      cache-control: [no-cache]
      content-length: ['328']
      content-type: [application/json; charset=utf-8]
      date: ['Sun, 26 Nov 2017 17:43:15 GMT']
      expires: ['-1']
      pragma: [no-cache]
      strict-transport-security: [max-age=31536000; includeSubDomains]
      vary: [Accept-Encoding]
    status: {code: 200, message: OK}
- request:
    body: 'b''{"location": "westus", "properties": {"name": "rule3", "description":
      "Percentage CPU >= 99 avg 5m", "isEnabled": true, "condition": {"dataSource":
      {"resourceUri": "/subscriptions/00000000-0000-0000-0000-000000000000/resourceGroups/cli_test_monitor000001/providers/Microsoft.Compute/virtualMachines/vm1",
      "odata.type": "Microsoft.Azure.Management.Insights.Models.RuleMetricDataSource",
      "metricName": "Percentage CPU"}, "odata.type": "Microsoft.Azure.Management.Insights.Models.ThresholdRuleCondition",
      "operator": "GreaterThanOrEqual", "threshold": 99.0, "windowSize": "PT5M", "timeAggregation":
      "Average"}, "actions": [{"odata.type": "Microsoft.Azure.Management.Insights.Models.RuleEmailAction",
      "sendToServiceOwners": false, "customEmails": []}, {"odata.type": "Microsoft.Azure.Management.Insights.Models.RuleWebhookAction",
      "serviceUri": "https://alert.contoso.com?apiKey=value", "properties": {}}, {"odata.type":
      "Microsoft.Azure.Management.Insights.Models.RuleWebhookAction", "serviceUri":
      "https://contoso.com/alerts", "properties": {"apiKey": "value"}}]}}'''
    headers:
      Accept: [application/json]
      Accept-Encoding: ['gzip, deflate']
      CommandName: [monitor alert create]
      Connection: [keep-alive]
      Content-Length: ['1115']
      Content-Type: [application/json; charset=utf-8]
      User-Agent: [python/3.6.3 (Windows-10-10.0.16299-SP0) requests/2.18.4 msrest/0.4.19
          msrest_azure/0.4.17 monitormanagementclient/0.4.0 Azure-SDK-For-Python AZURECLI/2.0.22]
      accept-language: [en-US]
    method: PUT
    uri: https://management.azure.com/subscriptions/00000000-0000-0000-0000-000000000000/resourcegroups/cli_test_monitor000001/providers/microsoft.insights/alertrules/rule3?api-version=2016-03-01
  response:
    body: {string: '{"id":"/subscriptions/00000000-0000-0000-0000-000000000000/resourceGroups/cli_test_monitor000001/providers/microsoft.insights/alertrules/rule3","name":"rule3","type":"Microsoft.Insights/alertRules","location":"westus","tags":{"$type":"Microsoft.WindowsAzure.Management.Common.Storage.CasePreservedDictionary,
        Microsoft.WindowsAzure.Management.Common.Storage"},"properties":{"name":"rule3","description":"Percentage
        CPU >= 99 avg 5m","isEnabled":true,"condition":{"$type":"Microsoft.WindowsAzure.Management.Monitoring.Alerts.Models.ThresholdRuleCondition,
        Microsoft.WindowsAzure.Management.Mon.Client","odata.type":"Microsoft.Azure.Management.Insights.Models.ThresholdRuleCondition","dataSource":{"$type":"Microsoft.WindowsAzure.Management.Monitoring.Alerts.Models.RuleMetricDataSource,
        Microsoft.WindowsAzure.Management.Mon.Client","odata.type":"Microsoft.Azure.Management.Insights.Models.RuleMetricDataSource","resourceUri":"/subscriptions/00000000-0000-0000-0000-000000000000/resourceGroups/cli_test_monitor000001/providers/Microsoft.Compute/virtualMachines/vm1","resourceLocation":null,"metricNamespace":null,"metricName":"Percentage
        CPU","legacyResourceId":null},"operator":"GreaterThanOrEqual","threshold":99.0,"windowSize":"PT5M","timeAggregation":"Average"},"action":null,"lastUpdatedTime":"2017-11-26T17:43:18.515435Z","provisioningState":"Succeeded","actions":[{"$type":"Microsoft.WindowsAzure.Management.Monitoring.Alerts.Models.RuleWebhookAction,
        Microsoft.WindowsAzure.Management.Mon.Client","odata.type":"Microsoft.Azure.Management.Insights.Models.RuleWebhookAction","serviceUri":"https://alert.contoso.com?apiKey=value","properties":{"$type":"Microsoft.WindowsAzure.Management.Common.Storage.CasePreservedDictionary`1[[System.String,
        mscorlib]], Microsoft.WindowsAzure.Management.Common.Storage"}},{"$type":"Microsoft.WindowsAzure.Management.Monitoring.Alerts.Models.RuleWebhookAction,
        Microsoft.WindowsAzure.Management.Mon.Client","odata.type":"Microsoft.Azure.Management.Insights.Models.RuleWebhookAction","serviceUri":"https://contoso.com/alerts","properties":{"$type":"Microsoft.WindowsAzure.Management.Common.Storage.CasePreservedDictionary`1[[System.String,
        mscorlib]], Microsoft.WindowsAzure.Management.Common.Storage","apiKey":"value"}},{"$type":"Microsoft.WindowsAzure.Management.Monitoring.Alerts.Models.RuleEmailAction,
        Microsoft.WindowsAzure.Management.Mon.Client","odata.type":"Microsoft.Azure.Management.Insights.Models.RuleEmailAction","sendToServiceOwners":false,"customEmails":[]}]}}'}
    headers:
      cache-control: [no-cache]
      content-length: ['2620']
      content-type: [application/json; charset=utf-8]
      date: ['Sun, 26 Nov 2017 17:43:18 GMT']
      expires: ['-1']
      pragma: [no-cache]
      server: [Microsoft-IIS/8.5]
      strict-transport-security: [max-age=31536000; includeSubDomains]
      x-ms-ratelimit-remaining-subscription-writes: ['1199']
    status: {code: 201, message: Created}
- request:
    body: null
    headers:
      Accept: [application/json]
      Accept-Encoding: ['gzip, deflate']
      CommandName: [monitor alert show]
      Connection: [keep-alive]
      Content-Type: [application/json; charset=utf-8]
      User-Agent: [python/3.6.3 (Windows-10-10.0.16299-SP0) requests/2.18.4 msrest/0.4.19
          msrest_azure/0.4.17 monitormanagementclient/0.4.0 Azure-SDK-For-Python AZURECLI/2.0.22]
      accept-language: [en-US]
    method: GET
    uri: https://management.azure.com/subscriptions/00000000-0000-0000-0000-000000000000/resourcegroups/cli_test_monitor000001/providers/microsoft.insights/alertrules/rule1?api-version=2016-03-01
  response:
    body: {string: '{"id":"/subscriptions/00000000-0000-0000-0000-000000000000/resourceGroups/cli_test_monitor000001/providers/microsoft.insights/alertrules/rule1","name":"rule1","type":"Microsoft.Insights/alertRules","location":"westus","tags":{"$type":"Microsoft.WindowsAzure.Management.Common.Storage.CasePreservedDictionary,
        Microsoft.WindowsAzure.Management.Common.Storage"},"properties":{"name":"rule1","description":"Percentage
        CPU > 90 avg 5m","isEnabled":true,"condition":{"$type":"Microsoft.WindowsAzure.Management.Monitoring.Alerts.Models.ThresholdRuleCondition,
        Microsoft.WindowsAzure.Management.Mon.Client","odata.type":"Microsoft.Azure.Management.Insights.Models.ThresholdRuleCondition","dataSource":{"$type":"Microsoft.WindowsAzure.Management.Monitoring.Alerts.Models.RuleMetricDataSource,
        Microsoft.WindowsAzure.Management.Mon.Client","odata.type":"Microsoft.Azure.Management.Insights.Models.RuleMetricDataSource","resourceUri":"/subscriptions/00000000-0000-0000-0000-000000000000/resourceGroups/cli_test_monitor000001/providers/Microsoft.Compute/virtualMachines/vm1","resourceLocation":null,"metricNamespace":null,"metricName":"Percentage
        CPU","legacyResourceId":null},"operator":"GreaterThan","threshold":90.0,"windowSize":"PT5M","timeAggregation":"Average"},"action":null,"lastUpdatedTime":"2017-11-26T17:43:02.043512Z","provisioningState":"Succeeded","actions":[{"$type":"Microsoft.WindowsAzure.Management.Monitoring.Alerts.Models.RuleEmailAction,
        Microsoft.WindowsAzure.Management.Mon.Client","odata.type":"Microsoft.Azure.Management.Insights.Models.RuleEmailAction","sendToServiceOwners":false,"customEmails":[]}]}}'}
    headers:
      cache-control: [no-cache]
      content-length: ['1723']
      content-type: [application/json; charset=utf-8]
      date: ['Sun, 26 Nov 2017 17:43:21 GMT']
      expires: ['-1']
      pragma: [no-cache]
      server: [Microsoft-IIS/8.5]
      strict-transport-security: [max-age=31536000; includeSubDomains]
      transfer-encoding: [chunked]
      vary: [Accept-Encoding]
    status: {code: 200, message: OK}
- request:
    body: null
    headers:
      Accept: [application/json]
      Accept-Encoding: ['gzip, deflate']
      CommandName: [monitor alert delete]
      Connection: [keep-alive]
      Content-Length: ['0']
      Content-Type: [application/json; charset=utf-8]
      User-Agent: [python/3.6.3 (Windows-10-10.0.16299-SP0) requests/2.18.4 msrest/0.4.19
          msrest_azure/0.4.17 monitormanagementclient/0.4.0 Azure-SDK-For-Python AZURECLI/2.0.22]
      accept-language: [en-US]
    method: DELETE
    uri: https://management.azure.com/subscriptions/00000000-0000-0000-0000-000000000000/resourcegroups/cli_test_monitor000001/providers/microsoft.insights/alertrules/rule2?api-version=2016-03-01
  response:
    body: {string: ''}
    headers:
      cache-control: [no-cache]
      content-length: ['0']
      date: ['Sun, 26 Nov 2017 17:43:24 GMT']
      expires: ['-1']
      pragma: [no-cache]
      server: [Microsoft-IIS/8.5]
      strict-transport-security: [max-age=31536000; includeSubDomains]
      x-ms-ratelimit-remaining-subscription-writes: ['1199']
    status: {code: 200, message: OK}
- request:
    body: null
    headers:
      Accept: [application/json]
      Accept-Encoding: ['gzip, deflate']
      CommandName: [monitor alert delete]
      Connection: [keep-alive]
      Content-Length: ['0']
      Content-Type: [application/json; charset=utf-8]
      User-Agent: [python/3.6.3 (Windows-10-10.0.16299-SP0) requests/2.18.4 msrest/0.4.19
          msrest_azure/0.4.17 monitormanagementclient/0.4.0 Azure-SDK-For-Python AZURECLI/2.0.22]
      accept-language: [en-US]
    method: DELETE
    uri: https://management.azure.com/subscriptions/00000000-0000-0000-0000-000000000000/resourcegroups/cli_test_monitor000001/providers/microsoft.insights/alertrules/rule3?api-version=2016-03-01
  response:
    body: {string: ''}
    headers:
      cache-control: [no-cache]
      content-length: ['0']
      date: ['Sun, 26 Nov 2017 17:43:27 GMT']
      expires: ['-1']
      pragma: [no-cache]
      server: [Microsoft-IIS/8.5]
      strict-transport-security: [max-age=31536000; includeSubDomains]
      x-ms-ratelimit-remaining-subscription-writes: ['1199']
    status: {code: 200, message: OK}
- request:
    body: null
    headers:
      Accept: [application/json]
      Accept-Encoding: ['gzip, deflate']
      CommandName: [monitor alert list]
      Connection: [keep-alive]
      Content-Type: [application/json; charset=utf-8]
      User-Agent: [python/3.6.3 (Windows-10-10.0.16299-SP0) requests/2.18.4 msrest/0.4.19
          msrest_azure/0.4.17 monitormanagementclient/0.4.0 Azure-SDK-For-Python AZURECLI/2.0.22]
      accept-language: [en-US]
    method: GET
    uri: https://management.azure.com/subscriptions/00000000-0000-0000-0000-000000000000/resourcegroups/cli_test_monitor000001/providers/microsoft.insights/alertrules?api-version=2016-03-01
  response:
    body: {string: '{"value":[{"id":"/subscriptions/00000000-0000-0000-0000-000000000000/resourceGroups/cli_test_monitor000001/providers/microsoft.insights/alertrules/rule1","name":"rule1","type":"Microsoft.Insights/alertRules","location":"westus","tags":{"$type":"Microsoft.WindowsAzure.Management.Common.Storage.CasePreservedDictionary,
        Microsoft.WindowsAzure.Management.Common.Storage"},"properties":{"name":"rule1","description":"Percentage
        CPU > 90 avg 5m","isEnabled":true,"condition":{"$type":"Microsoft.WindowsAzure.Management.Monitoring.Alerts.Models.ThresholdRuleCondition,
        Microsoft.WindowsAzure.Management.Mon.Client","odata.type":"Microsoft.Azure.Management.Insights.Models.ThresholdRuleCondition","dataSource":{"$type":"Microsoft.WindowsAzure.Management.Monitoring.Alerts.Models.RuleMetricDataSource,
        Microsoft.WindowsAzure.Management.Mon.Client","odata.type":"Microsoft.Azure.Management.Insights.Models.RuleMetricDataSource","resourceUri":"/subscriptions/00000000-0000-0000-0000-000000000000/resourceGroups/cli_test_monitor000001/providers/Microsoft.Compute/virtualMachines/vm1","resourceLocation":null,"metricNamespace":null,"metricName":"Percentage
        CPU","legacyResourceId":null},"operator":"GreaterThan","threshold":90.0,"windowSize":"PT5M","timeAggregation":"Average"},"action":null,"lastUpdatedTime":"2017-11-26T17:43:02.043512Z","provisioningState":"Succeeded","actions":[{"$type":"Microsoft.WindowsAzure.Management.Monitoring.Alerts.Models.RuleEmailAction,
        Microsoft.WindowsAzure.Management.Mon.Client","odata.type":"Microsoft.Azure.Management.Insights.Models.RuleEmailAction","sendToServiceOwners":false,"customEmails":[]}]}}]}'}
    headers:
      cache-control: [no-cache]
      content-length: ['1735']
      content-type: [application/json; charset=utf-8]
      date: ['Sun, 26 Nov 2017 17:43:29 GMT']
      expires: ['-1']
      pragma: [no-cache]
      server: [Microsoft-IIS/8.5]
      strict-transport-security: [max-age=31536000; includeSubDomains]
      transfer-encoding: [chunked]
      vary: [Accept-Encoding]
    status: {code: 200, message: OK}
- request:
    body: null
    headers:
      Accept: [application/json]
      Accept-Encoding: ['gzip, deflate']
      CommandName: [monitor alert update]
      Connection: [keep-alive]
      Content-Type: [application/json; charset=utf-8]
      User-Agent: [python/3.6.3 (Windows-10-10.0.16299-SP0) requests/2.18.4 msrest/0.4.19
          msrest_azure/0.4.17 monitormanagementclient/0.4.0 Azure-SDK-For-Python AZURECLI/2.0.22]
      accept-language: [en-US]
    method: GET
    uri: https://management.azure.com/subscriptions/00000000-0000-0000-0000-000000000000/resourcegroups/cli_test_monitor000001/providers/microsoft.insights/alertrules/rule1?api-version=2016-03-01
  response:
    body: {string: '{"id":"/subscriptions/00000000-0000-0000-0000-000000000000/resourceGroups/cli_test_monitor000001/providers/microsoft.insights/alertrules/rule1","name":"rule1","type":"Microsoft.Insights/alertRules","location":"westus","tags":{"$type":"Microsoft.WindowsAzure.Management.Common.Storage.CasePreservedDictionary,
        Microsoft.WindowsAzure.Management.Common.Storage"},"properties":{"name":"rule1","description":"Percentage
        CPU > 90 avg 5m","isEnabled":true,"condition":{"$type":"Microsoft.WindowsAzure.Management.Monitoring.Alerts.Models.ThresholdRuleCondition,
        Microsoft.WindowsAzure.Management.Mon.Client","odata.type":"Microsoft.Azure.Management.Insights.Models.ThresholdRuleCondition","dataSource":{"$type":"Microsoft.WindowsAzure.Management.Monitoring.Alerts.Models.RuleMetricDataSource,
        Microsoft.WindowsAzure.Management.Mon.Client","odata.type":"Microsoft.Azure.Management.Insights.Models.RuleMetricDataSource","resourceUri":"/subscriptions/00000000-0000-0000-0000-000000000000/resourceGroups/cli_test_monitor000001/providers/Microsoft.Compute/virtualMachines/vm1","resourceLocation":null,"metricNamespace":null,"metricName":"Percentage
        CPU","legacyResourceId":null},"operator":"GreaterThan","threshold":90.0,"windowSize":"PT5M","timeAggregation":"Average"},"action":null,"lastUpdatedTime":"2017-11-26T17:43:02.043512Z","provisioningState":"Succeeded","actions":[{"$type":"Microsoft.WindowsAzure.Management.Monitoring.Alerts.Models.RuleEmailAction,
        Microsoft.WindowsAzure.Management.Mon.Client","odata.type":"Microsoft.Azure.Management.Insights.Models.RuleEmailAction","sendToServiceOwners":false,"customEmails":[]}]}}'}
    headers:
      cache-control: [no-cache]
      content-length: ['1723']
      content-type: [application/json; charset=utf-8]
      date: ['Sun, 26 Nov 2017 17:43:36 GMT']
      expires: ['-1']
      pragma: [no-cache]
      server: [Microsoft-IIS/8.5]
      strict-transport-security: [max-age=31536000; includeSubDomains]
      transfer-encoding: [chunked]
      vary: [Accept-Encoding]
    status: {code: 200, message: OK}
- request:
    body: 'b''{"location": "westus", "tags": {"$type": "Microsoft.WindowsAzure.Management.Common.Storage.CasePreservedDictionary,
      Microsoft.WindowsAzure.Management.Common.Storage"}, "properties": {"name": "rule1",
      "description": "Percentage CPU > 90 avg 5m", "isEnabled": true, "condition":
      {"dataSource": {"resourceUri": "/subscriptions/00000000-0000-0000-0000-000000000000/resourceGroups/cli_test_monitor000001/providers/Microsoft.Compute/virtualMachines/vm1",
      "odata.type": "Microsoft.Azure.Management.Insights.Models.RuleMetricDataSource",
      "metricName": "Percentage CPU"}, "odata.type": "Microsoft.Azure.Management.Insights.Models.ThresholdRuleCondition",
      "operator": "GreaterThanOrEqual", "threshold": 85.0, "windowSize": "PT5M", "timeAggregation":
      "Average"}, "actions": [{"odata.type": "Microsoft.Azure.Management.Insights.Models.RuleEmailAction",
      "customEmails": ["test1@contoso.com"]}, {"odata.type": "Microsoft.Azure.Management.Insights.Models.RuleWebhookAction",
      "serviceUri": "https://alert.contoso.com?apiKey=value", "properties": {}}]}}'''
    headers:
      Accept: [application/json]
      Accept-Encoding: ['gzip, deflate']
      CommandName: [monitor alert update]
      Connection: [keep-alive]
      Content-Length: ['1089']
      Content-Type: [application/json; charset=utf-8]
      User-Agent: [python/3.6.3 (Windows-10-10.0.16299-SP0) requests/2.18.4 msrest/0.4.19
          msrest_azure/0.4.17 monitormanagementclient/0.4.0 Azure-SDK-For-Python AZURECLI/2.0.22]
      accept-language: [en-US]
    method: PUT
    uri: https://management.azure.com/subscriptions/00000000-0000-0000-0000-000000000000/resourcegroups/cli_test_monitor000001/providers/microsoft.insights/alertrules/rule1?api-version=2016-03-01
  response:
    body: {string: '{"id":"/subscriptions/00000000-0000-0000-0000-000000000000/resourceGroups/cli_test_monitor000001/providers/microsoft.insights/alertrules/rule1","name":"rule1","type":"Microsoft.Insights/alertRules","location":"westus","tags":{"$type":"Microsoft.WindowsAzure.Management.Common.Storage.CasePreservedDictionary,
        Microsoft.WindowsAzure.Management.Common.Storage"},"properties":{"name":"rule1","description":"Percentage
        CPU > 90 avg 5m","isEnabled":true,"condition":{"$type":"Microsoft.WindowsAzure.Management.Monitoring.Alerts.Models.ThresholdRuleCondition,
        Microsoft.WindowsAzure.Management.Mon.Client","odata.type":"Microsoft.Azure.Management.Insights.Models.ThresholdRuleCondition","dataSource":{"$type":"Microsoft.WindowsAzure.Management.Monitoring.Alerts.Models.RuleMetricDataSource,
        Microsoft.WindowsAzure.Management.Mon.Client","odata.type":"Microsoft.Azure.Management.Insights.Models.RuleMetricDataSource","resourceUri":"/subscriptions/00000000-0000-0000-0000-000000000000/resourceGroups/cli_test_monitor000001/providers/Microsoft.Compute/virtualMachines/vm1","resourceLocation":null,"metricNamespace":null,"metricName":"Percentage
        CPU","legacyResourceId":null},"operator":"GreaterThanOrEqual","threshold":85.0,"windowSize":"PT5M","timeAggregation":"Average"},"action":null,"lastUpdatedTime":"2017-11-26T17:43:38.6268146Z","provisioningState":"Succeeded","actions":[{"$type":"Microsoft.WindowsAzure.Management.Monitoring.Alerts.Models.RuleWebhookAction,
        Microsoft.WindowsAzure.Management.Mon.Client","odata.type":"Microsoft.Azure.Management.Insights.Models.RuleWebhookAction","serviceUri":"https://alert.contoso.com?apiKey=value","properties":{"$type":"Microsoft.WindowsAzure.Management.Common.Storage.CasePreservedDictionary`1[[System.String,
        mscorlib]], Microsoft.WindowsAzure.Management.Common.Storage"}},{"$type":"Microsoft.WindowsAzure.Management.Monitoring.Alerts.Models.RuleEmailAction,
        Microsoft.WindowsAzure.Management.Mon.Client","odata.type":"Microsoft.Azure.Management.Insights.Models.RuleEmailAction","sendToServiceOwners":false,"customEmails":["test1@contoso.com"]}]}}'}
    headers:
      cache-control: [no-cache]
      content-length: ['2192']
      content-type: [application/json; charset=utf-8]
      date: ['Sun, 26 Nov 2017 17:43:38 GMT']
      expires: ['-1']
      pragma: [no-cache]
      server: [Microsoft-IIS/8.5]
      strict-transport-security: [max-age=31536000; includeSubDomains]
      transfer-encoding: [chunked]
      vary: [Accept-Encoding]
      x-ms-ratelimit-remaining-subscription-writes: ['1199']
    status: {code: 200, message: OK}
- request:
    body: null
    headers:
      Accept: [application/json]
      Accept-Encoding: ['gzip, deflate']
      CommandName: [monitor alert update]
      Connection: [keep-alive]
      Content-Type: [application/json; charset=utf-8]
      User-Agent: [python/3.6.3 (Windows-10-10.0.16299-SP0) requests/2.18.4 msrest/0.4.19
          msrest_azure/0.4.17 monitormanagementclient/0.4.0 Azure-SDK-For-Python AZURECLI/2.0.22]
      accept-language: [en-US]
    method: GET
    uri: https://management.azure.com/subscriptions/00000000-0000-0000-0000-000000000000/resourcegroups/cli_test_monitor000001/providers/microsoft.insights/alertrules/rule1?api-version=2016-03-01
  response:
    body: {string: '{"id":"/subscriptions/00000000-0000-0000-0000-000000000000/resourceGroups/cli_test_monitor000001/providers/microsoft.insights/alertrules/rule1","name":"rule1","type":"Microsoft.Insights/alertRules","location":"westus","tags":{"$type":"Microsoft.WindowsAzure.Management.Common.Storage.CasePreservedDictionary,
        Microsoft.WindowsAzure.Management.Common.Storage"},"properties":{"name":"rule1","description":"Percentage
        CPU > 90 avg 5m","isEnabled":true,"condition":{"$type":"Microsoft.WindowsAzure.Management.Monitoring.Alerts.Models.ThresholdRuleCondition,
        Microsoft.WindowsAzure.Management.Mon.Client","odata.type":"Microsoft.Azure.Management.Insights.Models.ThresholdRuleCondition","dataSource":{"$type":"Microsoft.WindowsAzure.Management.Monitoring.Alerts.Models.RuleMetricDataSource,
        Microsoft.WindowsAzure.Management.Mon.Client","odata.type":"Microsoft.Azure.Management.Insights.Models.RuleMetricDataSource","resourceUri":"/subscriptions/00000000-0000-0000-0000-000000000000/resourceGroups/cli_test_monitor000001/providers/Microsoft.Compute/virtualMachines/vm1","resourceLocation":null,"metricNamespace":null,"metricName":"Percentage
        CPU","legacyResourceId":null},"operator":"GreaterThanOrEqual","threshold":85.0,"windowSize":"PT5M","timeAggregation":"Average"},"action":null,"lastUpdatedTime":"2017-11-26T17:43:38.6268146Z","provisioningState":"Succeeded","actions":[{"$type":"Microsoft.WindowsAzure.Management.Monitoring.Alerts.Models.RuleWebhookAction,
        Microsoft.WindowsAzure.Management.Mon.Client","odata.type":"Microsoft.Azure.Management.Insights.Models.RuleWebhookAction","serviceUri":"https://alert.contoso.com?apiKey=value","properties":{"$type":"Microsoft.WindowsAzure.Management.Common.Storage.CasePreservedDictionary`1[[System.String,
        mscorlib]], Microsoft.WindowsAzure.Management.Common.Storage"}},{"$type":"Microsoft.WindowsAzure.Management.Monitoring.Alerts.Models.RuleEmailAction,
        Microsoft.WindowsAzure.Management.Mon.Client","odata.type":"Microsoft.Azure.Management.Insights.Models.RuleEmailAction","sendToServiceOwners":false,"customEmails":["test1@contoso.com"]}]}}'}
    headers:
      cache-control: [no-cache]
      content-length: ['2192']
      content-type: [application/json; charset=utf-8]
      date: ['Sun, 26 Nov 2017 17:43:41 GMT']
      expires: ['-1']
      pragma: [no-cache]
      server: [Microsoft-IIS/8.5]
      strict-transport-security: [max-age=31536000; includeSubDomains]
      transfer-encoding: [chunked]
      vary: [Accept-Encoding]
    status: {code: 200, message: OK}
- request:
    body: 'b''{"location": "westus", "tags": {"$type": "Microsoft.WindowsAzure.Management.Common.Storage.CasePreservedDictionary,
      Microsoft.WindowsAzure.Management.Common.Storage"}, "properties": {"name": "rule1",
      "description": "Percentage CPU > 90 avg 5m", "isEnabled": true, "condition":
      {"dataSource": {"resourceUri": "/subscriptions/00000000-0000-0000-0000-000000000000/resourceGroups/cli_test_monitor000001/providers/Microsoft.Compute/virtualMachines/vm1",
      "odata.type": "Microsoft.Azure.Management.Insights.Models.RuleMetricDataSource",
      "metricName": "Percentage CPU"}, "odata.type": "Microsoft.Azure.Management.Insights.Models.ThresholdRuleCondition",
      "operator": "GreaterThanOrEqual", "threshold": 85.0, "windowSize": "PT5M", "timeAggregation":
      "Average"}, "actions": [{"odata.type": "Microsoft.Azure.Management.Insights.Models.RuleEmailAction",
      "customEmails": ["test3@contoso.com", "test2@contoso.com"]}, {"odata.type":
      "Microsoft.Azure.Management.Insights.Models.RuleWebhookAction", "serviceUri":
      "https://alert.contoso.com?apiKey=value", "properties": {"$type": "Microsoft.WindowsAzure.Management.Common.Storage.CasePreservedDictionary`1[[System.String,
      mscorlib]], Microsoft.WindowsAzure.Management.Common.Storage"}}]}}'''
    headers:
      Accept: [application/json]
      Accept-Encoding: ['gzip, deflate']
      CommandName: [monitor alert update]
      Connection: [keep-alive]
      Content-Length: ['1272']
      Content-Type: [application/json; charset=utf-8]
      User-Agent: [python/3.6.3 (Windows-10-10.0.16299-SP0) requests/2.18.4 msrest/0.4.19
          msrest_azure/0.4.17 monitormanagementclient/0.4.0 Azure-SDK-For-Python AZURECLI/2.0.22]
      accept-language: [en-US]
    method: PUT
    uri: https://management.azure.com/subscriptions/00000000-0000-0000-0000-000000000000/resourcegroups/cli_test_monitor000001/providers/microsoft.insights/alertrules/rule1?api-version=2016-03-01
  response:
    body: {string: '{"id":"/subscriptions/00000000-0000-0000-0000-000000000000/resourceGroups/cli_test_monitor000001/providers/microsoft.insights/alertrules/rule1","name":"rule1","type":"Microsoft.Insights/alertRules","location":"westus","tags":{"$type":"Microsoft.WindowsAzure.Management.Common.Storage.CasePreservedDictionary,
        Microsoft.WindowsAzure.Management.Common.Storage"},"properties":{"name":"rule1","description":"Percentage
        CPU > 90 avg 5m","isEnabled":true,"condition":{"$type":"Microsoft.WindowsAzure.Management.Monitoring.Alerts.Models.ThresholdRuleCondition,
        Microsoft.WindowsAzure.Management.Mon.Client","odata.type":"Microsoft.Azure.Management.Insights.Models.ThresholdRuleCondition","dataSource":{"$type":"Microsoft.WindowsAzure.Management.Monitoring.Alerts.Models.RuleMetricDataSource,
        Microsoft.WindowsAzure.Management.Mon.Client","odata.type":"Microsoft.Azure.Management.Insights.Models.RuleMetricDataSource","resourceUri":"/subscriptions/00000000-0000-0000-0000-000000000000/resourceGroups/cli_test_monitor000001/providers/Microsoft.Compute/virtualMachines/vm1","resourceLocation":null,"metricNamespace":null,"metricName":"Percentage
        CPU","legacyResourceId":null},"operator":"GreaterThanOrEqual","threshold":85.0,"windowSize":"PT5M","timeAggregation":"Average"},"action":null,"lastUpdatedTime":"2017-11-26T17:43:45.0252566Z","provisioningState":"Succeeded","actions":[{"$type":"Microsoft.WindowsAzure.Management.Monitoring.Alerts.Models.RuleWebhookAction,
        Microsoft.WindowsAzure.Management.Mon.Client","odata.type":"Microsoft.Azure.Management.Insights.Models.RuleWebhookAction","serviceUri":"https://alert.contoso.com?apiKey=value","properties":{"$type":"Microsoft.WindowsAzure.Management.Common.Storage.CasePreservedDictionary`1[[System.String,
        mscorlib]], Microsoft.WindowsAzure.Management.Common.Storage"}},{"$type":"Microsoft.WindowsAzure.Management.Monitoring.Alerts.Models.RuleEmailAction,
        Microsoft.WindowsAzure.Management.Mon.Client","odata.type":"Microsoft.Azure.Management.Insights.Models.RuleEmailAction","sendToServiceOwners":false,"customEmails":["test3@contoso.com","test2@contoso.com"]}]}}'}
    headers:
      cache-control: [no-cache]
      content-length: ['2212']
      content-type: [application/json; charset=utf-8]
      date: ['Sun, 26 Nov 2017 17:43:44 GMT']
      expires: ['-1']
      pragma: [no-cache]
      server: [Microsoft-IIS/8.5]
      strict-transport-security: [max-age=31536000; includeSubDomains]
      transfer-encoding: [chunked]
      vary: [Accept-Encoding]
      x-ms-ratelimit-remaining-subscription-writes: ['1199']
    status: {code: 200, message: OK}
- request:
    body: null
    headers:
      Accept: [application/json]
      Accept-Encoding: ['gzip, deflate']
      CommandName: [monitor alert update]
      Connection: [keep-alive]
      Content-Type: [application/json; charset=utf-8]
      User-Agent: [python/3.6.3 (Windows-10-10.0.16299-SP0) requests/2.18.4 msrest/0.4.19
          msrest_azure/0.4.17 monitormanagementclient/0.4.0 Azure-SDK-For-Python AZURECLI/2.0.22]
      accept-language: [en-US]
    method: GET
    uri: https://management.azure.com/subscriptions/00000000-0000-0000-0000-000000000000/resourcegroups/cli_test_monitor000001/providers/microsoft.insights/alertrules/rule1?api-version=2016-03-01
  response:
    body: {string: '{"id":"/subscriptions/00000000-0000-0000-0000-000000000000/resourceGroups/cli_test_monitor000001/providers/microsoft.insights/alertrules/rule1","name":"rule1","type":"Microsoft.Insights/alertRules","location":"westus","tags":{"$type":"Microsoft.WindowsAzure.Management.Common.Storage.CasePreservedDictionary,
        Microsoft.WindowsAzure.Management.Common.Storage"},"properties":{"name":"rule1","description":"Percentage
        CPU > 90 avg 5m","isEnabled":true,"condition":{"$type":"Microsoft.WindowsAzure.Management.Monitoring.Alerts.Models.ThresholdRuleCondition,
        Microsoft.WindowsAzure.Management.Mon.Client","odata.type":"Microsoft.Azure.Management.Insights.Models.ThresholdRuleCondition","dataSource":{"$type":"Microsoft.WindowsAzure.Management.Monitoring.Alerts.Models.RuleMetricDataSource,
        Microsoft.WindowsAzure.Management.Mon.Client","odata.type":"Microsoft.Azure.Management.Insights.Models.RuleMetricDataSource","resourceUri":"/subscriptions/00000000-0000-0000-0000-000000000000/resourceGroups/cli_test_monitor000001/providers/Microsoft.Compute/virtualMachines/vm1","resourceLocation":null,"metricNamespace":null,"metricName":"Percentage
        CPU","legacyResourceId":null},"operator":"GreaterThanOrEqual","threshold":85.0,"windowSize":"PT5M","timeAggregation":"Average"},"action":null,"lastUpdatedTime":"2017-11-26T17:43:45.0252566Z","provisioningState":"Succeeded","actions":[{"$type":"Microsoft.WindowsAzure.Management.Monitoring.Alerts.Models.RuleWebhookAction,
        Microsoft.WindowsAzure.Management.Mon.Client","odata.type":"Microsoft.Azure.Management.Insights.Models.RuleWebhookAction","serviceUri":"https://alert.contoso.com?apiKey=value","properties":{"$type":"Microsoft.WindowsAzure.Management.Common.Storage.CasePreservedDictionary`1[[System.String,
        mscorlib]], Microsoft.WindowsAzure.Management.Common.Storage"}},{"$type":"Microsoft.WindowsAzure.Management.Monitoring.Alerts.Models.RuleEmailAction,
        Microsoft.WindowsAzure.Management.Mon.Client","odata.type":"Microsoft.Azure.Management.Insights.Models.RuleEmailAction","sendToServiceOwners":false,"customEmails":["test3@contoso.com","test2@contoso.com"]}]}}'}
    headers:
      cache-control: [no-cache]
      content-length: ['2212']
      content-type: [application/json; charset=utf-8]
      date: ['Sun, 26 Nov 2017 17:43:47 GMT']
      expires: ['-1']
      pragma: [no-cache]
      server: [Microsoft-IIS/8.5]
      strict-transport-security: [max-age=31536000; includeSubDomains]
      transfer-encoding: [chunked]
      vary: [Accept-Encoding]
    status: {code: 200, message: OK}
- request:
    body: 'b''{"location": "westus", "tags": {"$type": "Microsoft.WindowsAzure.Management.Common.Storage.CasePreservedDictionary,
      Microsoft.WindowsAzure.Management.Common.Storage"}, "properties": {"name": "rule1",
      "description": "Percentage CPU > 90 avg 5m", "isEnabled": true, "condition":
      {"dataSource": {"resourceUri": "/subscriptions/00000000-0000-0000-0000-000000000000/resourceGroups/cli_test_monitor000001/providers/Microsoft.Compute/virtualMachines/vm1",
      "odata.type": "Microsoft.Azure.Management.Insights.Models.RuleMetricDataSource",
      "metricName": "Percentage CPU"}, "odata.type": "Microsoft.Azure.Management.Insights.Models.ThresholdRuleCondition",
      "operator": "GreaterThanOrEqual", "threshold": 85.0, "windowSize": "PT5M", "timeAggregation":
      "Average"}, "actions": [{"odata.type": "Microsoft.Azure.Management.Insights.Models.RuleEmailAction",
      "sendToServiceOwners": true, "customEmails": ["test3@contoso.com", "test2@contoso.com"]},
      {"odata.type": "Microsoft.Azure.Management.Insights.Models.RuleWebhookAction",
      "serviceUri": "https://alert.contoso.com?apiKey=value", "properties": {"$type":
      "Microsoft.WindowsAzure.Management.Common.Storage.CasePreservedDictionary`1[[System.String,
      mscorlib]], Microsoft.WindowsAzure.Management.Common.Storage"}}]}}'''
    headers:
      Accept: [application/json]
      Accept-Encoding: ['gzip, deflate']
      CommandName: [monitor alert update]
      Connection: [keep-alive]
      Content-Length: ['1301']
      Content-Type: [application/json; charset=utf-8]
      User-Agent: [python/3.6.3 (Windows-10-10.0.16299-SP0) requests/2.18.4 msrest/0.4.19
          msrest_azure/0.4.17 monitormanagementclient/0.4.0 Azure-SDK-For-Python AZURECLI/2.0.22]
      accept-language: [en-US]
    method: PUT
    uri: https://management.azure.com/subscriptions/00000000-0000-0000-0000-000000000000/resourcegroups/cli_test_monitor000001/providers/microsoft.insights/alertrules/rule1?api-version=2016-03-01
  response:
    body: {string: '{"id":"/subscriptions/00000000-0000-0000-0000-000000000000/resourceGroups/cli_test_monitor000001/providers/microsoft.insights/alertrules/rule1","name":"rule1","type":"Microsoft.Insights/alertRules","location":"westus","tags":{"$type":"Microsoft.WindowsAzure.Management.Common.Storage.CasePreservedDictionary,
        Microsoft.WindowsAzure.Management.Common.Storage"},"properties":{"name":"rule1","description":"Percentage
        CPU > 90 avg 5m","isEnabled":true,"condition":{"$type":"Microsoft.WindowsAzure.Management.Monitoring.Alerts.Models.ThresholdRuleCondition,
        Microsoft.WindowsAzure.Management.Mon.Client","odata.type":"Microsoft.Azure.Management.Insights.Models.ThresholdRuleCondition","dataSource":{"$type":"Microsoft.WindowsAzure.Management.Monitoring.Alerts.Models.RuleMetricDataSource,
        Microsoft.WindowsAzure.Management.Mon.Client","odata.type":"Microsoft.Azure.Management.Insights.Models.RuleMetricDataSource","resourceUri":"/subscriptions/00000000-0000-0000-0000-000000000000/resourceGroups/cli_test_monitor000001/providers/Microsoft.Compute/virtualMachines/vm1","resourceLocation":null,"metricNamespace":null,"metricName":"Percentage
        CPU","legacyResourceId":null},"operator":"GreaterThanOrEqual","threshold":85.0,"windowSize":"PT5M","timeAggregation":"Average"},"action":null,"lastUpdatedTime":"2017-11-26T17:43:50.0346463Z","provisioningState":"Succeeded","actions":[{"$type":"Microsoft.WindowsAzure.Management.Monitoring.Alerts.Models.RuleWebhookAction,
        Microsoft.WindowsAzure.Management.Mon.Client","odata.type":"Microsoft.Azure.Management.Insights.Models.RuleWebhookAction","serviceUri":"https://alert.contoso.com?apiKey=value","properties":{"$type":"Microsoft.WindowsAzure.Management.Common.Storage.CasePreservedDictionary`1[[System.String,
        mscorlib]], Microsoft.WindowsAzure.Management.Common.Storage"}},{"$type":"Microsoft.WindowsAzure.Management.Monitoring.Alerts.Models.RuleEmailAction,
        Microsoft.WindowsAzure.Management.Mon.Client","odata.type":"Microsoft.Azure.Management.Insights.Models.RuleEmailAction","sendToServiceOwners":true,"customEmails":["test3@contoso.com","test2@contoso.com"]}]}}'}
    headers:
      cache-control: [no-cache]
      content-length: ['2211']
      content-type: [application/json; charset=utf-8]
      date: ['Sun, 26 Nov 2017 17:43:49 GMT']
      expires: ['-1']
      pragma: [no-cache]
      server: [Microsoft-IIS/8.5]
      strict-transport-security: [max-age=31536000; includeSubDomains]
      transfer-encoding: [chunked]
      vary: [Accept-Encoding]
      x-ms-ratelimit-remaining-subscription-writes: ['1199']
    status: {code: 200, message: OK}
- request:
    body: null
    headers:
      Accept: [application/json]
      Accept-Encoding: ['gzip, deflate']
      CommandName: [monitor alert update]
      Connection: [keep-alive]
      Content-Type: [application/json; charset=utf-8]
      User-Agent: [python/3.6.3 (Windows-10-10.0.16299-SP0) requests/2.18.4 msrest/0.4.19
          msrest_azure/0.4.17 monitormanagementclient/0.4.0 Azure-SDK-For-Python AZURECLI/2.0.22]
      accept-language: [en-US]
    method: GET
    uri: https://management.azure.com/subscriptions/00000000-0000-0000-0000-000000000000/resourcegroups/cli_test_monitor000001/providers/microsoft.insights/alertrules/rule1?api-version=2016-03-01
  response:
    body: {string: '{"id":"/subscriptions/00000000-0000-0000-0000-000000000000/resourceGroups/cli_test_monitor000001/providers/microsoft.insights/alertrules/rule1","name":"rule1","type":"Microsoft.Insights/alertRules","location":"westus","tags":{"$type":"Microsoft.WindowsAzure.Management.Common.Storage.CasePreservedDictionary,
        Microsoft.WindowsAzure.Management.Common.Storage"},"properties":{"name":"rule1","description":"Percentage
        CPU > 90 avg 5m","isEnabled":true,"condition":{"$type":"Microsoft.WindowsAzure.Management.Monitoring.Alerts.Models.ThresholdRuleCondition,
        Microsoft.WindowsAzure.Management.Mon.Client","odata.type":"Microsoft.Azure.Management.Insights.Models.ThresholdRuleCondition","dataSource":{"$type":"Microsoft.WindowsAzure.Management.Monitoring.Alerts.Models.RuleMetricDataSource,
        Microsoft.WindowsAzure.Management.Mon.Client","odata.type":"Microsoft.Azure.Management.Insights.Models.RuleMetricDataSource","resourceUri":"/subscriptions/00000000-0000-0000-0000-000000000000/resourceGroups/cli_test_monitor000001/providers/Microsoft.Compute/virtualMachines/vm1","resourceLocation":null,"metricNamespace":null,"metricName":"Percentage
        CPU","legacyResourceId":null},"operator":"GreaterThanOrEqual","threshold":85.0,"windowSize":"PT5M","timeAggregation":"Average"},"action":null,"lastUpdatedTime":"2017-11-26T17:43:50.0346463Z","provisioningState":"Succeeded","actions":[{"$type":"Microsoft.WindowsAzure.Management.Monitoring.Alerts.Models.RuleWebhookAction,
        Microsoft.WindowsAzure.Management.Mon.Client","odata.type":"Microsoft.Azure.Management.Insights.Models.RuleWebhookAction","serviceUri":"https://alert.contoso.com?apiKey=value","properties":{"$type":"Microsoft.WindowsAzure.Management.Common.Storage.CasePreservedDictionary`1[[System.String,
        mscorlib]], Microsoft.WindowsAzure.Management.Common.Storage"}},{"$type":"Microsoft.WindowsAzure.Management.Monitoring.Alerts.Models.RuleEmailAction,
        Microsoft.WindowsAzure.Management.Mon.Client","odata.type":"Microsoft.Azure.Management.Insights.Models.RuleEmailAction","sendToServiceOwners":true,"customEmails":["test3@contoso.com","test2@contoso.com"]}]}}'}
    headers:
      cache-control: [no-cache]
      content-length: ['2211']
      content-type: [application/json; charset=utf-8]
      date: ['Sun, 26 Nov 2017 17:43:52 GMT']
      expires: ['-1']
      pragma: [no-cache]
      server: [Microsoft-IIS/8.5]
      strict-transport-security: [max-age=31536000; includeSubDomains]
      transfer-encoding: [chunked]
      vary: [Accept-Encoding]
    status: {code: 200, message: OK}
- request:
    body: 'b''{"location": "westus", "tags": {"$type": "Microsoft.WindowsAzure.Management.Common.Storage.CasePreservedDictionary,
      Microsoft.WindowsAzure.Management.Common.Storage"}, "properties": {"name": "rule1",
      "description": "Percentage CPU > 90 avg 5m", "isEnabled": true, "condition":
      {"dataSource": {"resourceUri": "/subscriptions/00000000-0000-0000-0000-000000000000/resourceGroups/cli_test_monitor000001/providers/Microsoft.Compute/virtualMachines/vm1",
      "odata.type": "Microsoft.Azure.Management.Insights.Models.RuleMetricDataSource",
      "metricName": "Percentage CPU"}, "odata.type": "Microsoft.Azure.Management.Insights.Models.ThresholdRuleCondition",
      "operator": "GreaterThanOrEqual", "threshold": 85.0, "windowSize": "PT5M", "timeAggregation":
      "Average"}, "actions": [{"odata.type": "Microsoft.Azure.Management.Insights.Models.RuleEmailAction",
      "sendToServiceOwners": false, "customEmails": ["test3@contoso.com", "test2@contoso.com"]},
      {"odata.type": "Microsoft.Azure.Management.Insights.Models.RuleWebhookAction",
      "serviceUri": "https://contoso.com/alerts", "properties": {}}]}}'''
    headers:
      Accept: [application/json]
      Accept-Encoding: ['gzip, deflate']
      CommandName: [monitor alert update]
      Connection: [keep-alive]
      Content-Length: ['1128']
      Content-Type: [application/json; charset=utf-8]
      User-Agent: [python/3.6.3 (Windows-10-10.0.16299-SP0) requests/2.18.4 msrest/0.4.19
          msrest_azure/0.4.17 monitormanagementclient/0.4.0 Azure-SDK-For-Python AZURECLI/2.0.22]
      accept-language: [en-US]
    method: PUT
    uri: https://management.azure.com/subscriptions/00000000-0000-0000-0000-000000000000/resourcegroups/cli_test_monitor000001/providers/microsoft.insights/alertrules/rule1?api-version=2016-03-01
  response:
    body: {string: '{"id":"/subscriptions/00000000-0000-0000-0000-000000000000/resourceGroups/cli_test_monitor000001/providers/microsoft.insights/alertrules/rule1","name":"rule1","type":"Microsoft.Insights/alertRules","location":"westus","tags":{"$type":"Microsoft.WindowsAzure.Management.Common.Storage.CasePreservedDictionary,
        Microsoft.WindowsAzure.Management.Common.Storage"},"properties":{"name":"rule1","description":"Percentage
        CPU > 90 avg 5m","isEnabled":true,"condition":{"$type":"Microsoft.WindowsAzure.Management.Monitoring.Alerts.Models.ThresholdRuleCondition,
        Microsoft.WindowsAzure.Management.Mon.Client","odata.type":"Microsoft.Azure.Management.Insights.Models.ThresholdRuleCondition","dataSource":{"$type":"Microsoft.WindowsAzure.Management.Monitoring.Alerts.Models.RuleMetricDataSource,
        Microsoft.WindowsAzure.Management.Mon.Client","odata.type":"Microsoft.Azure.Management.Insights.Models.RuleMetricDataSource","resourceUri":"/subscriptions/00000000-0000-0000-0000-000000000000/resourceGroups/cli_test_monitor000001/providers/Microsoft.Compute/virtualMachines/vm1","resourceLocation":null,"metricNamespace":null,"metricName":"Percentage
        CPU","legacyResourceId":null},"operator":"GreaterThanOrEqual","threshold":85.0,"windowSize":"PT5M","timeAggregation":"Average"},"action":null,"lastUpdatedTime":"2017-11-26T17:43:55.0917371Z","provisioningState":"Succeeded","actions":[{"$type":"Microsoft.WindowsAzure.Management.Monitoring.Alerts.Models.RuleWebhookAction,
        Microsoft.WindowsAzure.Management.Mon.Client","odata.type":"Microsoft.Azure.Management.Insights.Models.RuleWebhookAction","serviceUri":"https://contoso.com/alerts","properties":{"$type":"Microsoft.WindowsAzure.Management.Common.Storage.CasePreservedDictionary`1[[System.String,
        mscorlib]], Microsoft.WindowsAzure.Management.Common.Storage"}},{"$type":"Microsoft.WindowsAzure.Management.Monitoring.Alerts.Models.RuleEmailAction,
        Microsoft.WindowsAzure.Management.Mon.Client","odata.type":"Microsoft.Azure.Management.Insights.Models.RuleEmailAction","sendToServiceOwners":false,"customEmails":["test3@contoso.com","test2@contoso.com"]}]}}'}
    headers:
      cache-control: [no-cache]
      content-length: ['2200']
      content-type: [application/json; charset=utf-8]
      date: ['Sun, 26 Nov 2017 17:43:54 GMT']
      expires: ['-1']
      pragma: [no-cache]
      server: [Microsoft-IIS/8.5]
      strict-transport-security: [max-age=31536000; includeSubDomains]
      transfer-encoding: [chunked]
      vary: [Accept-Encoding]
      x-ms-ratelimit-remaining-subscription-writes: ['1199']
    status: {code: 200, message: OK}
- request:
    body: null
    headers:
      Accept: [application/json]
      Accept-Encoding: ['gzip, deflate']
      CommandName: [group delete]
      Connection: [keep-alive]
      Content-Length: ['0']
      Content-Type: [application/json; charset=utf-8]
      User-Agent: [python/3.6.3 (Windows-10-10.0.16299-SP0) requests/2.18.4 msrest/0.4.19
          msrest_azure/0.4.17 resourcemanagementclient/1.2.1 Azure-SDK-For-Python
          AZURECLI/2.0.22]
      accept-language: [en-US]
    method: DELETE
    uri: https://management.azure.com/subscriptions/00000000-0000-0000-0000-000000000000/resourcegroups/cli_test_monitor000001?api-version=2017-05-10
  response:
    body: {string: ''}
    headers:
      cache-control: [no-cache]
      content-length: ['0']
      date: ['Sun, 26 Nov 2017 17:44:00 GMT']
      expires: ['-1']
      location: ['https://management.azure.com/subscriptions/00000000-0000-0000-0000-000000000000/operationresults/eyJqb2JJZCI6IlJFU09VUkNFR1JPVVBERUxFVElPTkpPQi1DTEk6NUZURVNUOjVGTU9OSVRPUkxYSTVZTzJNT0JDNzdUUjVFNUdTT0FQVFpJQ3wwOTRFRjU1QkY4NTVGMDQ0LVdFU1RVUyIsImpvYkxvY2F0aW9uIjoid2VzdHVzIn0?api-version=2017-05-10']
      pragma: [no-cache]
      strict-transport-security: [max-age=31536000; includeSubDomains]
      x-ms-ratelimit-remaining-subscription-writes: ['1199']
    status: {code: 202, message: Accepted}
version: 1
