interactions:
- request:
    body: null
    headers:
      Accept:
      - application/json
      Accept-Encoding:
      - gzip, deflate
      CommandName:
      - kusto cluster create
      Connection:
      - keep-alive
      ParameterSetName:
      - -n -g --sku --capacity
      User-Agent:
      - AZURECLI/2.45.0 azsdk-python-azure-mgmt-resource/22.0.0 Python/3.10.9 (Linux-5.15.0-1031-azure-x86_64-with-glibc2.31)
        VSTS_7b238909-6802-4b65-b90d-184bca47f458_build_220_0
    method: GET
    uri: https://management.azure.com/subscriptions/00000000-0000-0000-0000-000000000000/resourcegroups/clitest.rg000001?api-version=2022-09-01
  response:
    body:
      string: '{"id":"/subscriptions/00000000-0000-0000-0000-000000000000/resourceGroups/clitest.rg000001","name":"clitest.rg000001","type":"Microsoft.Resources/resourceGroups","location":"westus","tags":{"product":"azurecli","cause":"automation","date":"2023-02-07T10:27:42Z"},"properties":{"provisioningState":"Succeeded"}}'
    headers:
      cache-control:
      - no-cache
      content-length:
      - '310'
      content-type:
      - application/json; charset=utf-8
      date:
      - Tue, 07 Feb 2023 10:27:51 GMT
      expires:
      - '-1'
      pragma:
      - no-cache
      strict-transport-security:
      - max-age=31536000; includeSubDomains
      vary:
      - Accept-Encoding
      x-content-type-options:
      - nosniff
    status:
      code: 200
      message: OK
- request:
    body: '{"location": "westus", "sku": {"name": "Standard_D13_v2", "capacity": 4,
      "tier": "Standard"}}'
    headers:
      Accept:
      - application/json
      Accept-Encoding:
      - gzip, deflate
      CommandName:
      - kusto cluster create
      Connection:
      - keep-alive
      Content-Length:
      - '93'
      Content-Type:
      - application/json; charset=utf-8
      ParameterSetName:
      - -n -g --sku --capacity
      User-Agent:
      - python/3.10.9 (Linux-5.15.0-1031-azure-x86_64-with-glibc2.31) msrest/0.7.1
        VSTS_7b238909-6802-4b65-b90d-184bca47f458_build_220_0 msrest_azure/0.6.4 azure-mgmt-kusto/0.3.0
        Azure-SDK-For-Python AZURECLI/2.45.0
      accept-language:
      - en-US
    method: PUT
    uri: https://management.azure.com/subscriptions/00000000-0000-0000-0000-000000000000/resourceGroups/clitest.rg000001/providers/Microsoft.Kusto/clusters/test000002?api-version=2019-01-21
  response:
    body:
      string: '{"id":"/subscriptions/00000000-0000-0000-0000-000000000000/resourceGroups/clitest.rg000001/providers/Microsoft.Kusto/Clusters/test000002","name":"test000002","type":"Microsoft.Kusto/Clusters","etag":"\"\"","location":"westus","sku":{"name":"Standard_D13_v2","tier":"Standard","capacity":4},"properties":{"state":"Creating","provisioningState":"Creating"}}'
    headers:
      azure-asyncoperation:
      - https://management.azure.com/subscriptions/00000000-0000-0000-0000-000000000000/providers/Microsoft.Kusto/locations/westus/operationResults/8661d015-f172-4178-b25d-b68b0f59080d?api-version=2019-01-21
      cache-control:
      - no-cache
      content-length:
      - '355'
      content-type:
      - application/json; charset=utf-8
      date:
      - Tue, 07 Feb 2023 10:27:56 GMT
      etag:
      - '""'
      expires:
      - '-1'
      pragma:
      - no-cache
      server:
      - Microsoft-HTTPAPI/2.0
      strict-transport-security:
      - max-age=31536000; includeSubDomains
      x-content-type-options:
      - nosniff
      x-ms-ratelimit-remaining-subscription-resource-requests:
      - '199'
    status:
      code: 201
      message: Created
- request:
    body: null
    headers:
      Accept:
      - application/json
      Accept-Encoding:
      - gzip, deflate
      CommandName:
      - kusto cluster create
      Connection:
      - keep-alive
      ParameterSetName:
      - -n -g --sku --capacity
      User-Agent:
      - python/3.10.9 (Linux-5.15.0-1031-azure-x86_64-with-glibc2.31) msrest/0.7.1
        VSTS_7b238909-6802-4b65-b90d-184bca47f458_build_220_0 msrest_azure/0.6.4 azure-mgmt-kusto/0.3.0
        Azure-SDK-For-Python AZURECLI/2.45.0
    method: GET
    uri: https://management.azure.com/subscriptions/00000000-0000-0000-0000-000000000000/providers/Microsoft.Kusto/locations/westus/operationResults/8661d015-f172-4178-b25d-b68b0f59080d?api-version=2019-01-21
  response:
    body:
      string: '{"id":"/subscriptions/00000000-0000-0000-0000-000000000000/providers/Microsoft.Kusto/locations/westus/operationresults/8661d015-f172-4178-b25d-b68b0f59080d","name":"8661d015-f172-4178-b25d-b68b0f59080d","status":"Running","startTime":"2023-02-07T10:27:56.044158Z","endTime":"2023-02-07T10:27:56.044158Z","percentComplete":0.5,"properties":{"operationKind":"ClusterCreateExternal","provisioningState":"Running","operationState":"InProgress"}}'
    headers:
      cache-control:
      - no-cache
      content-length:
      - '441'
      content-type:
      - application/json; charset=utf-8
      date:
      - Tue, 07 Feb 2023 10:28:26 GMT
      expires:
      - '-1'
      pragma:
      - no-cache
      server:
      - Microsoft-HTTPAPI/2.0
      strict-transport-security:
      - max-age=31536000; includeSubDomains
      transfer-encoding:
      - chunked
      vary:
      - Accept-Encoding
      x-content-type-options:
      - nosniff
      x-ms-operation-root-activity-id:
      - bdb4ce00-595f-4739-bf6e-f975c45b3267
      x-ms-ratelimit-remaining-subscription-resource-requests:
      - '299'
    status:
      code: 200
      message: OK
- request:
    body: null
    headers:
      Accept:
      - application/json
      Accept-Encoding:
      - gzip, deflate
      CommandName:
      - kusto cluster create
      Connection:
      - keep-alive
      ParameterSetName:
      - -n -g --sku --capacity
      User-Agent:
      - python/3.10.9 (Linux-5.15.0-1031-azure-x86_64-with-glibc2.31) msrest/0.7.1
        VSTS_7b238909-6802-4b65-b90d-184bca47f458_build_220_0 msrest_azure/0.6.4 azure-mgmt-kusto/0.3.0
        Azure-SDK-For-Python AZURECLI/2.45.0
    method: GET
    uri: https://management.azure.com/subscriptions/00000000-0000-0000-0000-000000000000/providers/Microsoft.Kusto/locations/westus/operationResults/8661d015-f172-4178-b25d-b68b0f59080d?api-version=2019-01-21
  response:
    body:
      string: '{"id":"/subscriptions/00000000-0000-0000-0000-000000000000/providers/Microsoft.Kusto/locations/westus/operationresults/8661d015-f172-4178-b25d-b68b0f59080d","name":"8661d015-f172-4178-b25d-b68b0f59080d","status":"Running","startTime":"2023-02-07T10:27:56.044158Z","endTime":"2023-02-07T10:27:56.044158Z","percentComplete":0.5,"properties":{"operationKind":"ClusterCreateExternal","provisioningState":"Running","operationState":"InProgress"}}'
    headers:
      cache-control:
      - no-cache
      content-length:
      - '441'
      content-type:
      - application/json; charset=utf-8
      date:
      - Tue, 07 Feb 2023 10:28:57 GMT
      expires:
      - '-1'
      pragma:
      - no-cache
      server:
      - Microsoft-HTTPAPI/2.0
      strict-transport-security:
      - max-age=31536000; includeSubDomains
      transfer-encoding:
      - chunked
      vary:
      - Accept-Encoding
      x-content-type-options:
      - nosniff
      x-ms-operation-root-activity-id:
      - bdb4ce00-595f-4739-bf6e-f975c45b3267
      x-ms-ratelimit-remaining-subscription-resource-requests:
      - '299'
    status:
      code: 200
      message: OK
- request:
    body: null
    headers:
      Accept:
      - application/json
      Accept-Encoding:
      - gzip, deflate
      CommandName:
      - kusto cluster create
      Connection:
      - keep-alive
      ParameterSetName:
      - -n -g --sku --capacity
      User-Agent:
      - python/3.10.9 (Linux-5.15.0-1031-azure-x86_64-with-glibc2.31) msrest/0.7.1
        VSTS_7b238909-6802-4b65-b90d-184bca47f458_build_220_0 msrest_azure/0.6.4 azure-mgmt-kusto/0.3.0
        Azure-SDK-For-Python AZURECLI/2.45.0
    method: GET
    uri: https://management.azure.com/subscriptions/00000000-0000-0000-0000-000000000000/providers/Microsoft.Kusto/locations/westus/operationResults/8661d015-f172-4178-b25d-b68b0f59080d?api-version=2019-01-21
  response:
    body:
      string: '{"id":"/subscriptions/00000000-0000-0000-0000-000000000000/providers/Microsoft.Kusto/locations/westus/operationresults/8661d015-f172-4178-b25d-b68b0f59080d","name":"8661d015-f172-4178-b25d-b68b0f59080d","status":"Running","startTime":"2023-02-07T10:27:56.044158Z","endTime":"2023-02-07T10:27:56.044158Z","percentComplete":0.5,"properties":{"operationKind":"ClusterCreateExternal","provisioningState":"Running","operationState":"InProgress"}}'
    headers:
      cache-control:
      - no-cache
      content-length:
      - '441'
      content-type:
      - application/json; charset=utf-8
      date:
      - Tue, 07 Feb 2023 10:29:27 GMT
      expires:
      - '-1'
      pragma:
      - no-cache
      server:
      - Microsoft-HTTPAPI/2.0
      strict-transport-security:
      - max-age=31536000; includeSubDomains
      transfer-encoding:
      - chunked
      vary:
      - Accept-Encoding
      x-content-type-options:
      - nosniff
      x-ms-operation-root-activity-id:
      - bdb4ce00-595f-4739-bf6e-f975c45b3267
      x-ms-ratelimit-remaining-subscription-resource-requests:
      - '299'
    status:
      code: 200
      message: OK
- request:
    body: null
    headers:
      Accept:
      - application/json
      Accept-Encoding:
      - gzip, deflate
      CommandName:
      - kusto cluster create
      Connection:
      - keep-alive
      ParameterSetName:
      - -n -g --sku --capacity
      User-Agent:
      - python/3.10.9 (Linux-5.15.0-1031-azure-x86_64-with-glibc2.31) msrest/0.7.1
        VSTS_7b238909-6802-4b65-b90d-184bca47f458_build_220_0 msrest_azure/0.6.4 azure-mgmt-kusto/0.3.0
        Azure-SDK-For-Python AZURECLI/2.45.0
    method: GET
    uri: https://management.azure.com/subscriptions/00000000-0000-0000-0000-000000000000/providers/Microsoft.Kusto/locations/westus/operationResults/8661d015-f172-4178-b25d-b68b0f59080d?api-version=2019-01-21
  response:
    body:
      string: '{"id":"/subscriptions/00000000-0000-0000-0000-000000000000/providers/Microsoft.Kusto/locations/westus/operationresults/8661d015-f172-4178-b25d-b68b0f59080d","name":"8661d015-f172-4178-b25d-b68b0f59080d","status":"Running","startTime":"2023-02-07T10:27:56.044158Z","endTime":"2023-02-07T10:29:55.7433786Z","percentComplete":0.5,"properties":{"operationKind":"ClusterCreateExternal","provisioningState":"Running","operationState":"InProgress"}}'
    headers:
      cache-control:
      - no-cache
      content-length:
      - '442'
      content-type:
      - application/json; charset=utf-8
      date:
      - Tue, 07 Feb 2023 10:29:57 GMT
      expires:
      - '-1'
      pragma:
      - no-cache
      server:
      - Microsoft-HTTPAPI/2.0
      strict-transport-security:
      - max-age=31536000; includeSubDomains
      x-content-type-options:
      - nosniff
      x-ms-operation-root-activity-id:
      - bdb4ce00-595f-4739-bf6e-f975c45b3267
      x-ms-ratelimit-remaining-subscription-resource-requests:
      - '299'
    status:
      code: 200
      message: OK
- request:
    body: null
    headers:
      Accept:
      - application/json
      Accept-Encoding:
      - gzip, deflate
      CommandName:
      - kusto cluster create
      Connection:
      - keep-alive
      ParameterSetName:
      - -n -g --sku --capacity
      User-Agent:
      - python/3.10.9 (Linux-5.15.0-1031-azure-x86_64-with-glibc2.31) msrest/0.7.1
        VSTS_7b238909-6802-4b65-b90d-184bca47f458_build_220_0 msrest_azure/0.6.4 azure-mgmt-kusto/0.3.0
        Azure-SDK-For-Python AZURECLI/2.45.0
    method: GET
    uri: https://management.azure.com/subscriptions/00000000-0000-0000-0000-000000000000/providers/Microsoft.Kusto/locations/westus/operationResults/8661d015-f172-4178-b25d-b68b0f59080d?api-version=2019-01-21
  response:
    body:
      string: '{"id":"/subscriptions/00000000-0000-0000-0000-000000000000/providers/Microsoft.Kusto/locations/westus/operationresults/8661d015-f172-4178-b25d-b68b0f59080d","name":"8661d015-f172-4178-b25d-b68b0f59080d","status":"Running","startTime":"2023-02-07T10:27:56.044158Z","endTime":"2023-02-07T10:29:55.7433786Z","percentComplete":0.5,"properties":{"operationKind":"ClusterCreateExternal","provisioningState":"Running","operationState":"InProgress"}}'
    headers:
      cache-control:
      - no-cache
      content-length:
      - '442'
      content-type:
      - application/json; charset=utf-8
      date:
      - Tue, 07 Feb 2023 10:30:28 GMT
      expires:
      - '-1'
      pragma:
      - no-cache
      server:
      - Microsoft-HTTPAPI/2.0
      strict-transport-security:
      - max-age=31536000; includeSubDomains
      transfer-encoding:
      - chunked
      vary:
      - Accept-Encoding
      x-content-type-options:
      - nosniff
      x-ms-operation-root-activity-id:
      - bdb4ce00-595f-4739-bf6e-f975c45b3267
      x-ms-ratelimit-remaining-subscription-resource-requests:
      - '299'
    status:
      code: 200
      message: OK
- request:
    body: null
    headers:
      Accept:
      - application/json
      Accept-Encoding:
      - gzip, deflate
      CommandName:
      - kusto cluster create
      Connection:
      - keep-alive
      ParameterSetName:
      - -n -g --sku --capacity
      User-Agent:
      - python/3.10.9 (Linux-5.15.0-1031-azure-x86_64-with-glibc2.31) msrest/0.7.1
        VSTS_7b238909-6802-4b65-b90d-184bca47f458_build_220_0 msrest_azure/0.6.4 azure-mgmt-kusto/0.3.0
        Azure-SDK-For-Python AZURECLI/2.45.0
    method: GET
    uri: https://management.azure.com/subscriptions/00000000-0000-0000-0000-000000000000/providers/Microsoft.Kusto/locations/westus/operationResults/8661d015-f172-4178-b25d-b68b0f59080d?api-version=2019-01-21
  response:
    body:
      string: '{"id":"/subscriptions/00000000-0000-0000-0000-000000000000/providers/Microsoft.Kusto/locations/westus/operationresults/8661d015-f172-4178-b25d-b68b0f59080d","name":"8661d015-f172-4178-b25d-b68b0f59080d","status":"Running","startTime":"2023-02-07T10:27:56.044158Z","endTime":"2023-02-07T10:29:55.7433786Z","percentComplete":0.5,"properties":{"operationKind":"ClusterCreateExternal","provisioningState":"Running","operationState":"InProgress"}}'
    headers:
      cache-control:
      - no-cache
      content-length:
      - '442'
      content-type:
      - application/json; charset=utf-8
      date:
      - Tue, 07 Feb 2023 10:30:58 GMT
      expires:
      - '-1'
      pragma:
      - no-cache
      server:
      - Microsoft-HTTPAPI/2.0
      strict-transport-security:
      - max-age=31536000; includeSubDomains
      transfer-encoding:
      - chunked
      vary:
      - Accept-Encoding
      x-content-type-options:
      - nosniff
      x-ms-operation-root-activity-id:
      - bdb4ce00-595f-4739-bf6e-f975c45b3267
      x-ms-ratelimit-remaining-subscription-resource-requests:
      - '299'
    status:
      code: 200
      message: OK
- request:
    body: null
    headers:
      Accept:
      - application/json
      Accept-Encoding:
      - gzip, deflate
      CommandName:
      - kusto cluster create
      Connection:
      - keep-alive
      ParameterSetName:
      - -n -g --sku --capacity
      User-Agent:
      - python/3.10.9 (Linux-5.15.0-1031-azure-x86_64-with-glibc2.31) msrest/0.7.1
        VSTS_7b238909-6802-4b65-b90d-184bca47f458_build_220_0 msrest_azure/0.6.4 azure-mgmt-kusto/0.3.0
        Azure-SDK-For-Python AZURECLI/2.45.0
    method: GET
    uri: https://management.azure.com/subscriptions/00000000-0000-0000-0000-000000000000/providers/Microsoft.Kusto/locations/westus/operationResults/8661d015-f172-4178-b25d-b68b0f59080d?api-version=2019-01-21
  response:
    body:
      string: '{"id":"/subscriptions/00000000-0000-0000-0000-000000000000/providers/Microsoft.Kusto/locations/westus/operationresults/8661d015-f172-4178-b25d-b68b0f59080d","name":"8661d015-f172-4178-b25d-b68b0f59080d","status":"Running","startTime":"2023-02-07T10:27:56.044158Z","endTime":"2023-02-07T10:29:55.7433786Z","percentComplete":0.5,"properties":{"operationKind":"ClusterCreateExternal","provisioningState":"Running","operationState":"InProgress"}}'
    headers:
      cache-control:
      - no-cache
      content-length:
      - '442'
      content-type:
      - application/json; charset=utf-8
      date:
      - Tue, 07 Feb 2023 10:31:29 GMT
      expires:
      - '-1'
      pragma:
      - no-cache
      server:
      - Microsoft-HTTPAPI/2.0
      strict-transport-security:
      - max-age=31536000; includeSubDomains
      transfer-encoding:
      - chunked
      vary:
      - Accept-Encoding
      x-content-type-options:
      - nosniff
      x-ms-operation-root-activity-id:
      - bdb4ce00-595f-4739-bf6e-f975c45b3267
      x-ms-ratelimit-remaining-subscription-resource-requests:
      - '299'
    status:
      code: 200
      message: OK
- request:
    body: null
    headers:
      Accept:
      - application/json
      Accept-Encoding:
      - gzip, deflate
      CommandName:
      - kusto cluster create
      Connection:
      - keep-alive
      ParameterSetName:
      - -n -g --sku --capacity
      User-Agent:
      - python/3.10.9 (Linux-5.15.0-1031-azure-x86_64-with-glibc2.31) msrest/0.7.1
        VSTS_7b238909-6802-4b65-b90d-184bca47f458_build_220_0 msrest_azure/0.6.4 azure-mgmt-kusto/0.3.0
        Azure-SDK-For-Python AZURECLI/2.45.0
    method: GET
    uri: https://management.azure.com/subscriptions/00000000-0000-0000-0000-000000000000/providers/Microsoft.Kusto/locations/westus/operationResults/8661d015-f172-4178-b25d-b68b0f59080d?api-version=2019-01-21
  response:
    body:
      string: '{"id":"/subscriptions/00000000-0000-0000-0000-000000000000/providers/Microsoft.Kusto/locations/westus/operationresults/8661d015-f172-4178-b25d-b68b0f59080d","name":"8661d015-f172-4178-b25d-b68b0f59080d","status":"Running","startTime":"2023-02-07T10:27:56.044158Z","endTime":"2023-02-07T10:29:55.7433786Z","percentComplete":0.5,"properties":{"operationKind":"ClusterCreateExternal","provisioningState":"Running","operationState":"InProgress"}}'
    headers:
      cache-control:
      - no-cache
      content-length:
      - '442'
      content-type:
      - application/json; charset=utf-8
      date:
      - Tue, 07 Feb 2023 10:32:00 GMT
      expires:
      - '-1'
      pragma:
      - no-cache
      server:
      - Microsoft-HTTPAPI/2.0
      strict-transport-security:
      - max-age=31536000; includeSubDomains
      transfer-encoding:
      - chunked
      vary:
      - Accept-Encoding
      x-content-type-options:
      - nosniff
      x-ms-operation-root-activity-id:
      - bdb4ce00-595f-4739-bf6e-f975c45b3267
      x-ms-ratelimit-remaining-subscription-resource-requests:
      - '299'
    status:
      code: 200
      message: OK
- request:
    body: null
    headers:
      Accept:
      - application/json
      Accept-Encoding:
      - gzip, deflate
      CommandName:
      - kusto cluster create
      Connection:
      - keep-alive
      ParameterSetName:
      - -n -g --sku --capacity
      User-Agent:
      - python/3.10.9 (Linux-5.15.0-1031-azure-x86_64-with-glibc2.31) msrest/0.7.1
        VSTS_7b238909-6802-4b65-b90d-184bca47f458_build_220_0 msrest_azure/0.6.4 azure-mgmt-kusto/0.3.0
        Azure-SDK-For-Python AZURECLI/2.45.0
    method: GET
    uri: https://management.azure.com/subscriptions/00000000-0000-0000-0000-000000000000/providers/Microsoft.Kusto/locations/westus/operationResults/8661d015-f172-4178-b25d-b68b0f59080d?api-version=2019-01-21
  response:
    body:
      string: '{"id":"/subscriptions/00000000-0000-0000-0000-000000000000/providers/Microsoft.Kusto/locations/westus/operationresults/8661d015-f172-4178-b25d-b68b0f59080d","name":"8661d015-f172-4178-b25d-b68b0f59080d","status":"Running","startTime":"2023-02-07T10:27:56.044158Z","endTime":"2023-02-07T10:29:55.7433786Z","percentComplete":0.5,"properties":{"operationKind":"ClusterCreateExternal","provisioningState":"Running","operationState":"InProgress"}}'
    headers:
      cache-control:
      - no-cache
      content-length:
      - '442'
      content-type:
      - application/json; charset=utf-8
      date:
      - Tue, 07 Feb 2023 10:32:30 GMT
      expires:
      - '-1'
      pragma:
      - no-cache
      server:
      - Microsoft-HTTPAPI/2.0
      strict-transport-security:
      - max-age=31536000; includeSubDomains
      x-content-type-options:
      - nosniff
      x-ms-operation-root-activity-id:
      - bdb4ce00-595f-4739-bf6e-f975c45b3267
      x-ms-ratelimit-remaining-subscription-resource-requests:
      - '299'
    status:
      code: 200
      message: OK
- request:
    body: null
    headers:
      Accept:
      - application/json
      Accept-Encoding:
      - gzip, deflate
      CommandName:
      - kusto cluster create
      Connection:
      - keep-alive
      ParameterSetName:
      - -n -g --sku --capacity
      User-Agent:
      - python/3.10.9 (Linux-5.15.0-1031-azure-x86_64-with-glibc2.31) msrest/0.7.1
        VSTS_7b238909-6802-4b65-b90d-184bca47f458_build_220_0 msrest_azure/0.6.4 azure-mgmt-kusto/0.3.0
        Azure-SDK-For-Python AZURECLI/2.45.0
    method: GET
    uri: https://management.azure.com/subscriptions/00000000-0000-0000-0000-000000000000/providers/Microsoft.Kusto/locations/westus/operationResults/8661d015-f172-4178-b25d-b68b0f59080d?api-version=2019-01-21
  response:
    body:
      string: '{"id":"/subscriptions/00000000-0000-0000-0000-000000000000/providers/Microsoft.Kusto/locations/westus/operationresults/8661d015-f172-4178-b25d-b68b0f59080d","name":"8661d015-f172-4178-b25d-b68b0f59080d","status":"Running","startTime":"2023-02-07T10:27:56.044158Z","endTime":"2023-02-07T10:29:55.7433786Z","percentComplete":0.5,"properties":{"operationKind":"ClusterCreateExternal","provisioningState":"Running","operationState":"InProgress"}}'
    headers:
      cache-control:
      - no-cache
      content-length:
      - '442'
      content-type:
      - application/json; charset=utf-8
      date:
      - Tue, 07 Feb 2023 10:33:00 GMT
      expires:
      - '-1'
      pragma:
      - no-cache
      server:
      - Microsoft-HTTPAPI/2.0
      strict-transport-security:
      - max-age=31536000; includeSubDomains
      transfer-encoding:
      - chunked
      vary:
      - Accept-Encoding
      x-content-type-options:
      - nosniff
      x-ms-operation-root-activity-id:
      - bdb4ce00-595f-4739-bf6e-f975c45b3267
      x-ms-ratelimit-remaining-subscription-resource-requests:
      - '299'
    status:
      code: 200
      message: OK
- request:
    body: null
    headers:
      Accept:
      - application/json
      Accept-Encoding:
      - gzip, deflate
      CommandName:
      - kusto cluster create
      Connection:
      - keep-alive
      ParameterSetName:
      - -n -g --sku --capacity
      User-Agent:
      - python/3.10.9 (Linux-5.15.0-1031-azure-x86_64-with-glibc2.31) msrest/0.7.1
        VSTS_7b238909-6802-4b65-b90d-184bca47f458_build_220_0 msrest_azure/0.6.4 azure-mgmt-kusto/0.3.0
        Azure-SDK-For-Python AZURECLI/2.45.0
    method: GET
    uri: https://management.azure.com/subscriptions/00000000-0000-0000-0000-000000000000/providers/Microsoft.Kusto/locations/westus/operationResults/8661d015-f172-4178-b25d-b68b0f59080d?api-version=2019-01-21
  response:
    body:
      string: '{"id":"/subscriptions/00000000-0000-0000-0000-000000000000/providers/Microsoft.Kusto/locations/westus/operationresults/8661d015-f172-4178-b25d-b68b0f59080d","name":"8661d015-f172-4178-b25d-b68b0f59080d","status":"Running","startTime":"2023-02-07T10:27:56.044158Z","endTime":"2023-02-07T10:29:55.7433786Z","percentComplete":0.5,"properties":{"operationKind":"ClusterCreateExternal","provisioningState":"Running","operationState":"InProgress"}}'
    headers:
      cache-control:
      - no-cache
      content-length:
      - '442'
      content-type:
      - application/json; charset=utf-8
      date:
      - Tue, 07 Feb 2023 10:33:30 GMT
      expires:
      - '-1'
      pragma:
      - no-cache
      server:
      - Microsoft-HTTPAPI/2.0
      strict-transport-security:
      - max-age=31536000; includeSubDomains
      transfer-encoding:
      - chunked
      vary:
      - Accept-Encoding
      x-content-type-options:
      - nosniff
      x-ms-operation-root-activity-id:
      - bdb4ce00-595f-4739-bf6e-f975c45b3267
      x-ms-ratelimit-remaining-subscription-resource-requests:
      - '299'
    status:
      code: 200
      message: OK
- request:
    body: null
    headers:
      Accept:
      - application/json
      Accept-Encoding:
      - gzip, deflate
      CommandName:
      - kusto cluster create
      Connection:
      - keep-alive
      ParameterSetName:
      - -n -g --sku --capacity
      User-Agent:
      - python/3.10.9 (Linux-5.15.0-1031-azure-x86_64-with-glibc2.31) msrest/0.7.1
        VSTS_7b238909-6802-4b65-b90d-184bca47f458_build_220_0 msrest_azure/0.6.4 azure-mgmt-kusto/0.3.0
        Azure-SDK-For-Python AZURECLI/2.45.0
    method: GET
    uri: https://management.azure.com/subscriptions/00000000-0000-0000-0000-000000000000/providers/Microsoft.Kusto/locations/westus/operationResults/8661d015-f172-4178-b25d-b68b0f59080d?api-version=2019-01-21
  response:
    body:
      string: '{"id":"/subscriptions/00000000-0000-0000-0000-000000000000/providers/Microsoft.Kusto/locations/westus/operationresults/8661d015-f172-4178-b25d-b68b0f59080d","name":"8661d015-f172-4178-b25d-b68b0f59080d","status":"Running","startTime":"2023-02-07T10:27:56.044158Z","endTime":"2023-02-07T10:29:55.7433786Z","percentComplete":0.5,"properties":{"operationKind":"ClusterCreateExternal","provisioningState":"Running","operationState":"InProgress"}}'
    headers:
      cache-control:
      - no-cache
      content-length:
      - '442'
      content-type:
      - application/json; charset=utf-8
      date:
      - Tue, 07 Feb 2023 10:34:01 GMT
      expires:
      - '-1'
      pragma:
      - no-cache
      server:
      - Microsoft-HTTPAPI/2.0
      strict-transport-security:
      - max-age=31536000; includeSubDomains
      transfer-encoding:
      - chunked
      vary:
      - Accept-Encoding
      x-content-type-options:
      - nosniff
      x-ms-operation-root-activity-id:
      - bdb4ce00-595f-4739-bf6e-f975c45b3267
      x-ms-ratelimit-remaining-subscription-resource-requests:
      - '299'
    status:
      code: 200
      message: OK
- request:
    body: null
    headers:
      Accept:
      - application/json
      Accept-Encoding:
      - gzip, deflate
      CommandName:
      - kusto cluster create
      Connection:
      - keep-alive
      ParameterSetName:
      - -n -g --sku --capacity
      User-Agent:
      - python/3.10.9 (Linux-5.15.0-1031-azure-x86_64-with-glibc2.31) msrest/0.7.1
        VSTS_7b238909-6802-4b65-b90d-184bca47f458_build_220_0 msrest_azure/0.6.4 azure-mgmt-kusto/0.3.0
        Azure-SDK-For-Python AZURECLI/2.45.0
    method: GET
    uri: https://management.azure.com/subscriptions/00000000-0000-0000-0000-000000000000/providers/Microsoft.Kusto/locations/westus/operationResults/8661d015-f172-4178-b25d-b68b0f59080d?api-version=2019-01-21
  response:
    body:
      string: '{"id":"/subscriptions/00000000-0000-0000-0000-000000000000/providers/Microsoft.Kusto/locations/westus/operationresults/8661d015-f172-4178-b25d-b68b0f59080d","name":"8661d015-f172-4178-b25d-b68b0f59080d","status":"Running","startTime":"2023-02-07T10:27:56.044158Z","endTime":"2023-02-07T10:29:55.7433786Z","percentComplete":0.5,"properties":{"operationKind":"ClusterCreateExternal","provisioningState":"Running","operationState":"InProgress"}}'
    headers:
      cache-control:
      - no-cache
      content-length:
      - '442'
      content-type:
      - application/json; charset=utf-8
      date:
      - Tue, 07 Feb 2023 10:34:31 GMT
      expires:
      - '-1'
      pragma:
      - no-cache
      server:
      - Microsoft-HTTPAPI/2.0
      strict-transport-security:
      - max-age=31536000; includeSubDomains
      x-content-type-options:
      - nosniff
      x-ms-operation-root-activity-id:
      - bdb4ce00-595f-4739-bf6e-f975c45b3267
      x-ms-ratelimit-remaining-subscription-resource-requests:
      - '299'
    status:
      code: 200
      message: OK
- request:
    body: null
    headers:
      Accept:
      - application/json
      Accept-Encoding:
      - gzip, deflate
      CommandName:
      - kusto cluster create
      Connection:
      - keep-alive
      ParameterSetName:
      - -n -g --sku --capacity
      User-Agent:
      - python/3.10.9 (Linux-5.15.0-1031-azure-x86_64-with-glibc2.31) msrest/0.7.1
        VSTS_7b238909-6802-4b65-b90d-184bca47f458_build_220_0 msrest_azure/0.6.4 azure-mgmt-kusto/0.3.0
        Azure-SDK-For-Python AZURECLI/2.45.0
    method: GET
    uri: https://management.azure.com/subscriptions/00000000-0000-0000-0000-000000000000/providers/Microsoft.Kusto/locations/westus/operationResults/8661d015-f172-4178-b25d-b68b0f59080d?api-version=2019-01-21
  response:
    body:
      string: '{"id":"/subscriptions/00000000-0000-0000-0000-000000000000/providers/Microsoft.Kusto/locations/westus/operationresults/8661d015-f172-4178-b25d-b68b0f59080d","name":"8661d015-f172-4178-b25d-b68b0f59080d","status":"Running","startTime":"2023-02-07T10:27:56.044158Z","endTime":"2023-02-07T10:29:55.7433786Z","percentComplete":0.5,"properties":{"operationKind":"ClusterCreateExternal","provisioningState":"Running","operationState":"InProgress"}}'
    headers:
      cache-control:
      - no-cache
      content-length:
      - '442'
      content-type:
      - application/json; charset=utf-8
      date:
      - Tue, 07 Feb 2023 10:35:02 GMT
      expires:
      - '-1'
      pragma:
      - no-cache
      server:
      - Microsoft-HTTPAPI/2.0
      strict-transport-security:
      - max-age=31536000; includeSubDomains
      transfer-encoding:
      - chunked
      vary:
      - Accept-Encoding
      x-content-type-options:
      - nosniff
      x-ms-operation-root-activity-id:
      - bdb4ce00-595f-4739-bf6e-f975c45b3267
      x-ms-ratelimit-remaining-subscription-resource-requests:
      - '299'
    status:
      code: 200
      message: OK
- request:
    body: null
    headers:
      Accept:
      - application/json
      Accept-Encoding:
      - gzip, deflate
      CommandName:
      - kusto cluster create
      Connection:
      - keep-alive
      ParameterSetName:
      - -n -g --sku --capacity
      User-Agent:
      - python/3.10.9 (Linux-5.15.0-1031-azure-x86_64-with-glibc2.31) msrest/0.7.1
        VSTS_7b238909-6802-4b65-b90d-184bca47f458_build_220_0 msrest_azure/0.6.4 azure-mgmt-kusto/0.3.0
        Azure-SDK-For-Python AZURECLI/2.45.0
    method: GET
    uri: https://management.azure.com/subscriptions/00000000-0000-0000-0000-000000000000/providers/Microsoft.Kusto/locations/westus/operationResults/8661d015-f172-4178-b25d-b68b0f59080d?api-version=2019-01-21
  response:
    body:
      string: '{"id":"/subscriptions/00000000-0000-0000-0000-000000000000/providers/Microsoft.Kusto/locations/westus/operationresults/8661d015-f172-4178-b25d-b68b0f59080d","name":"8661d015-f172-4178-b25d-b68b0f59080d","status":"Running","startTime":"2023-02-07T10:27:56.044158Z","endTime":"2023-02-07T10:29:55.7433786Z","percentComplete":0.5,"properties":{"operationKind":"ClusterCreateExternal","provisioningState":"Running","operationState":"InProgress"}}'
    headers:
      cache-control:
      - no-cache
      content-length:
      - '442'
      content-type:
      - application/json; charset=utf-8
      date:
      - Tue, 07 Feb 2023 10:35:33 GMT
      expires:
      - '-1'
      pragma:
      - no-cache
      server:
      - Microsoft-HTTPAPI/2.0
      strict-transport-security:
      - max-age=31536000; includeSubDomains
      x-content-type-options:
      - nosniff
      x-ms-operation-root-activity-id:
      - bdb4ce00-595f-4739-bf6e-f975c45b3267
      x-ms-ratelimit-remaining-subscription-resource-requests:
      - '299'
    status:
      code: 200
      message: OK
- request:
    body: null
    headers:
      Accept:
      - application/json
      Accept-Encoding:
      - gzip, deflate
      CommandName:
      - kusto cluster create
      Connection:
      - keep-alive
      ParameterSetName:
      - -n -g --sku --capacity
      User-Agent:
      - python/3.10.9 (Linux-5.15.0-1031-azure-x86_64-with-glibc2.31) msrest/0.7.1
        VSTS_7b238909-6802-4b65-b90d-184bca47f458_build_220_0 msrest_azure/0.6.4 azure-mgmt-kusto/0.3.0
        Azure-SDK-For-Python AZURECLI/2.45.0
    method: GET
    uri: https://management.azure.com/subscriptions/00000000-0000-0000-0000-000000000000/providers/Microsoft.Kusto/locations/westus/operationResults/8661d015-f172-4178-b25d-b68b0f59080d?api-version=2019-01-21
  response:
    body:
      string: '{"id":"/subscriptions/00000000-0000-0000-0000-000000000000/providers/Microsoft.Kusto/locations/westus/operationresults/8661d015-f172-4178-b25d-b68b0f59080d","name":"8661d015-f172-4178-b25d-b68b0f59080d","status":"Running","startTime":"2023-02-07T10:27:56.044158Z","endTime":"2023-02-07T10:29:55.7433786Z","percentComplete":0.5,"properties":{"operationKind":"ClusterCreateExternal","provisioningState":"Running","operationState":"InProgress"}}'
    headers:
      cache-control:
      - no-cache
      content-length:
      - '442'
      content-type:
      - application/json; charset=utf-8
      date:
      - Tue, 07 Feb 2023 10:36:03 GMT
      expires:
      - '-1'
      pragma:
      - no-cache
      server:
      - Microsoft-HTTPAPI/2.0
      strict-transport-security:
      - max-age=31536000; includeSubDomains
      transfer-encoding:
      - chunked
      vary:
      - Accept-Encoding
      x-content-type-options:
      - nosniff
      x-ms-operation-root-activity-id:
      - bdb4ce00-595f-4739-bf6e-f975c45b3267
      x-ms-ratelimit-remaining-subscription-resource-requests:
      - '299'
    status:
      code: 200
      message: OK
- request:
    body: null
    headers:
      Accept:
      - application/json
      Accept-Encoding:
      - gzip, deflate
      CommandName:
      - kusto cluster create
      Connection:
      - keep-alive
      ParameterSetName:
      - -n -g --sku --capacity
      User-Agent:
      - python/3.10.9 (Linux-5.15.0-1031-azure-x86_64-with-glibc2.31) msrest/0.7.1
        VSTS_7b238909-6802-4b65-b90d-184bca47f458_build_220_0 msrest_azure/0.6.4 azure-mgmt-kusto/0.3.0
        Azure-SDK-For-Python AZURECLI/2.45.0
    method: GET
    uri: https://management.azure.com/subscriptions/00000000-0000-0000-0000-000000000000/providers/Microsoft.Kusto/locations/westus/operationResults/8661d015-f172-4178-b25d-b68b0f59080d?api-version=2019-01-21
  response:
    body:
      string: '{"id":"/subscriptions/00000000-0000-0000-0000-000000000000/providers/Microsoft.Kusto/locations/westus/operationresults/8661d015-f172-4178-b25d-b68b0f59080d","name":"8661d015-f172-4178-b25d-b68b0f59080d","status":"Running","startTime":"2023-02-07T10:27:56.044158Z","endTime":"2023-02-07T10:29:55.7433786Z","percentComplete":0.5,"properties":{"operationKind":"ClusterCreateExternal","provisioningState":"Running","operationState":"InProgress"}}'
    headers:
      cache-control:
      - no-cache
      content-length:
      - '442'
      content-type:
      - application/json; charset=utf-8
      date:
      - Tue, 07 Feb 2023 10:36:33 GMT
      expires:
      - '-1'
      pragma:
      - no-cache
      server:
      - Microsoft-HTTPAPI/2.0
      strict-transport-security:
      - max-age=31536000; includeSubDomains
      transfer-encoding:
      - chunked
      vary:
      - Accept-Encoding
      x-content-type-options:
      - nosniff
      x-ms-operation-root-activity-id:
      - bdb4ce00-595f-4739-bf6e-f975c45b3267
      x-ms-ratelimit-remaining-subscription-resource-requests:
      - '299'
    status:
      code: 200
      message: OK
- request:
    body: null
    headers:
      Accept:
      - application/json
      Accept-Encoding:
      - gzip, deflate
      CommandName:
      - kusto cluster create
      Connection:
      - keep-alive
      ParameterSetName:
      - -n -g --sku --capacity
      User-Agent:
      - python/3.10.9 (Linux-5.15.0-1031-azure-x86_64-with-glibc2.31) msrest/0.7.1
        VSTS_7b238909-6802-4b65-b90d-184bca47f458_build_220_0 msrest_azure/0.6.4 azure-mgmt-kusto/0.3.0
        Azure-SDK-For-Python AZURECLI/2.45.0
    method: GET
    uri: https://management.azure.com/subscriptions/00000000-0000-0000-0000-000000000000/providers/Microsoft.Kusto/locations/westus/operationResults/8661d015-f172-4178-b25d-b68b0f59080d?api-version=2019-01-21
  response:
    body:
      string: '{"id":"/subscriptions/00000000-0000-0000-0000-000000000000/providers/Microsoft.Kusto/locations/westus/operationresults/8661d015-f172-4178-b25d-b68b0f59080d","name":"8661d015-f172-4178-b25d-b68b0f59080d","status":"Running","startTime":"2023-02-07T10:27:56.044158Z","endTime":"2023-02-07T10:29:55.7433786Z","percentComplete":0.5,"properties":{"operationKind":"ClusterCreateExternal","provisioningState":"Running","operationState":"InProgress"}}'
    headers:
      cache-control:
      - no-cache
      content-length:
      - '442'
      content-type:
      - application/json; charset=utf-8
      date:
      - Tue, 07 Feb 2023 10:37:04 GMT
      expires:
      - '-1'
      pragma:
      - no-cache
      server:
      - Microsoft-HTTPAPI/2.0
      strict-transport-security:
      - max-age=31536000; includeSubDomains
      transfer-encoding:
      - chunked
      vary:
      - Accept-Encoding
      x-content-type-options:
      - nosniff
      x-ms-operation-root-activity-id:
      - bdb4ce00-595f-4739-bf6e-f975c45b3267
      x-ms-ratelimit-remaining-subscription-resource-requests:
      - '299'
    status:
      code: 200
      message: OK
- request:
    body: null
    headers:
      Accept:
      - application/json
      Accept-Encoding:
      - gzip, deflate
      CommandName:
      - kusto cluster create
      Connection:
      - keep-alive
      ParameterSetName:
      - -n -g --sku --capacity
      User-Agent:
      - python/3.10.9 (Linux-5.15.0-1031-azure-x86_64-with-glibc2.31) msrest/0.7.1
        VSTS_7b238909-6802-4b65-b90d-184bca47f458_build_220_0 msrest_azure/0.6.4 azure-mgmt-kusto/0.3.0
        Azure-SDK-For-Python AZURECLI/2.45.0
    method: GET
    uri: https://management.azure.com/subscriptions/00000000-0000-0000-0000-000000000000/providers/Microsoft.Kusto/locations/westus/operationResults/8661d015-f172-4178-b25d-b68b0f59080d?api-version=2019-01-21
  response:
    body:
      string: '{"id":"/subscriptions/00000000-0000-0000-0000-000000000000/providers/Microsoft.Kusto/locations/westus/operationresults/8661d015-f172-4178-b25d-b68b0f59080d","name":"8661d015-f172-4178-b25d-b68b0f59080d","status":"Running","startTime":"2023-02-07T10:27:56.044158Z","endTime":"2023-02-07T10:29:55.7433786Z","percentComplete":0.5,"properties":{"operationKind":"ClusterCreateExternal","provisioningState":"Running","operationState":"InProgress"}}'
    headers:
      cache-control:
      - no-cache
      content-length:
      - '442'
      content-type:
      - application/json; charset=utf-8
      date:
      - Tue, 07 Feb 2023 10:37:35 GMT
      expires:
      - '-1'
      pragma:
      - no-cache
      server:
      - Microsoft-HTTPAPI/2.0
      strict-transport-security:
      - max-age=31536000; includeSubDomains
      transfer-encoding:
      - chunked
      vary:
      - Accept-Encoding
      x-content-type-options:
      - nosniff
      x-ms-operation-root-activity-id:
      - bdb4ce00-595f-4739-bf6e-f975c45b3267
      x-ms-ratelimit-remaining-subscription-resource-requests:
      - '299'
    status:
      code: 200
      message: OK
- request:
    body: null
    headers:
      Accept:
      - application/json
      Accept-Encoding:
      - gzip, deflate
      CommandName:
      - kusto cluster create
      Connection:
      - keep-alive
      ParameterSetName:
      - -n -g --sku --capacity
      User-Agent:
      - python/3.10.9 (Linux-5.15.0-1031-azure-x86_64-with-glibc2.31) msrest/0.7.1
        VSTS_7b238909-6802-4b65-b90d-184bca47f458_build_220_0 msrest_azure/0.6.4 azure-mgmt-kusto/0.3.0
        Azure-SDK-For-Python AZURECLI/2.45.0
    method: GET
    uri: https://management.azure.com/subscriptions/00000000-0000-0000-0000-000000000000/providers/Microsoft.Kusto/locations/westus/operationResults/8661d015-f172-4178-b25d-b68b0f59080d?api-version=2019-01-21
  response:
    body:
      string: '{"id":"/subscriptions/00000000-0000-0000-0000-000000000000/providers/Microsoft.Kusto/locations/westus/operationresults/8661d015-f172-4178-b25d-b68b0f59080d","name":"8661d015-f172-4178-b25d-b68b0f59080d","status":"Running","startTime":"2023-02-07T10:27:56.044158Z","endTime":"2023-02-07T10:29:55.7433786Z","percentComplete":0.5,"properties":{"operationKind":"ClusterCreateExternal","provisioningState":"Running","operationState":"InProgress"}}'
    headers:
      cache-control:
      - no-cache
      content-length:
      - '442'
      content-type:
      - application/json; charset=utf-8
      date:
      - Tue, 07 Feb 2023 10:38:05 GMT
      expires:
      - '-1'
      pragma:
      - no-cache
      server:
      - Microsoft-HTTPAPI/2.0
      strict-transport-security:
      - max-age=31536000; includeSubDomains
      transfer-encoding:
      - chunked
      vary:
      - Accept-Encoding
      x-content-type-options:
      - nosniff
      x-ms-operation-root-activity-id:
      - bdb4ce00-595f-4739-bf6e-f975c45b3267
      x-ms-ratelimit-remaining-subscription-resource-requests:
      - '299'
    status:
      code: 200
      message: OK
- request:
    body: null
    headers:
      Accept:
      - application/json
      Accept-Encoding:
      - gzip, deflate
      CommandName:
      - kusto cluster create
      Connection:
      - keep-alive
      ParameterSetName:
      - -n -g --sku --capacity
      User-Agent:
      - python/3.10.9 (Linux-5.15.0-1031-azure-x86_64-with-glibc2.31) msrest/0.7.1
        VSTS_7b238909-6802-4b65-b90d-184bca47f458_build_220_0 msrest_azure/0.6.4 azure-mgmt-kusto/0.3.0
        Azure-SDK-For-Python AZURECLI/2.45.0
    method: GET
    uri: https://management.azure.com/subscriptions/00000000-0000-0000-0000-000000000000/providers/Microsoft.Kusto/locations/westus/operationResults/8661d015-f172-4178-b25d-b68b0f59080d?api-version=2019-01-21
  response:
    body:
      string: '{"id":"/subscriptions/00000000-0000-0000-0000-000000000000/providers/Microsoft.Kusto/locations/westus/operationresults/8661d015-f172-4178-b25d-b68b0f59080d","name":"8661d015-f172-4178-b25d-b68b0f59080d","status":"Running","startTime":"2023-02-07T10:27:56.044158Z","endTime":"2023-02-07T10:29:55.7433786Z","percentComplete":0.5,"properties":{"operationKind":"ClusterCreateExternal","provisioningState":"Running","operationState":"InProgress"}}'
    headers:
      cache-control:
      - no-cache
      content-length:
      - '442'
      content-type:
      - application/json; charset=utf-8
      date:
      - Tue, 07 Feb 2023 10:38:36 GMT
      expires:
      - '-1'
      pragma:
      - no-cache
      server:
      - Microsoft-HTTPAPI/2.0
      strict-transport-security:
      - max-age=31536000; includeSubDomains
      transfer-encoding:
      - chunked
      vary:
      - Accept-Encoding
      x-content-type-options:
      - nosniff
      x-ms-operation-root-activity-id:
      - bdb4ce00-595f-4739-bf6e-f975c45b3267
      x-ms-ratelimit-remaining-subscription-resource-requests:
      - '299'
    status:
      code: 200
      message: OK
- request:
    body: null
    headers:
      Accept:
      - application/json
      Accept-Encoding:
      - gzip, deflate
      CommandName:
      - kusto cluster create
      Connection:
      - keep-alive
      ParameterSetName:
      - -n -g --sku --capacity
      User-Agent:
      - python/3.10.9 (Linux-5.15.0-1031-azure-x86_64-with-glibc2.31) msrest/0.7.1
        VSTS_7b238909-6802-4b65-b90d-184bca47f458_build_220_0 msrest_azure/0.6.4 azure-mgmt-kusto/0.3.0
        Azure-SDK-For-Python AZURECLI/2.45.0
    method: GET
    uri: https://management.azure.com/subscriptions/00000000-0000-0000-0000-000000000000/providers/Microsoft.Kusto/locations/westus/operationResults/8661d015-f172-4178-b25d-b68b0f59080d?api-version=2019-01-21
  response:
    body:
      string: '{"id":"/subscriptions/00000000-0000-0000-0000-000000000000/providers/Microsoft.Kusto/locations/westus/operationresults/8661d015-f172-4178-b25d-b68b0f59080d","name":"8661d015-f172-4178-b25d-b68b0f59080d","status":"Running","startTime":"2023-02-07T10:27:56.044158Z","endTime":"2023-02-07T10:29:55.7433786Z","percentComplete":0.5,"properties":{"operationKind":"ClusterCreateExternal","provisioningState":"Running","operationState":"InProgress"}}'
    headers:
      cache-control:
      - no-cache
      content-length:
      - '442'
      content-type:
      - application/json; charset=utf-8
      date:
      - Tue, 07 Feb 2023 10:39:06 GMT
      expires:
      - '-1'
      pragma:
      - no-cache
      server:
      - Microsoft-HTTPAPI/2.0
      strict-transport-security:
      - max-age=31536000; includeSubDomains
      x-content-type-options:
      - nosniff
      x-ms-operation-root-activity-id:
      - bdb4ce00-595f-4739-bf6e-f975c45b3267
      x-ms-ratelimit-remaining-subscription-resource-requests:
      - '299'
    status:
      code: 200
      message: OK
- request:
    body: null
    headers:
      Accept:
      - application/json
      Accept-Encoding:
      - gzip, deflate
      CommandName:
      - kusto cluster create
      Connection:
      - keep-alive
      ParameterSetName:
      - -n -g --sku --capacity
      User-Agent:
      - python/3.10.9 (Linux-5.15.0-1031-azure-x86_64-with-glibc2.31) msrest/0.7.1
        VSTS_7b238909-6802-4b65-b90d-184bca47f458_build_220_0 msrest_azure/0.6.4 azure-mgmt-kusto/0.3.0
        Azure-SDK-For-Python AZURECLI/2.45.0
    method: GET
    uri: https://management.azure.com/subscriptions/00000000-0000-0000-0000-000000000000/providers/Microsoft.Kusto/locations/westus/operationResults/8661d015-f172-4178-b25d-b68b0f59080d?api-version=2019-01-21
  response:
    body:
      string: '{"id":"/subscriptions/00000000-0000-0000-0000-000000000000/providers/Microsoft.Kusto/locations/westus/operationresults/8661d015-f172-4178-b25d-b68b0f59080d","name":"8661d015-f172-4178-b25d-b68b0f59080d","status":"Succeeded","startTime":"2023-02-07T10:27:56.044158Z","endTime":"2023-02-07T10:39:12.3754309Z","percentComplete":1.0,"properties":{"operationKind":"ClusterCreateExternal","provisioningState":"Succeeded","operationState":"Completed"}}'
    headers:
      cache-control:
      - no-cache
      content-length:
      - '445'
      content-type:
      - application/json; charset=utf-8
      date:
      - Tue, 07 Feb 2023 10:39:36 GMT
      expires:
      - '-1'
      pragma:
      - no-cache
      server:
      - Microsoft-HTTPAPI/2.0
      strict-transport-security:
      - max-age=31536000; includeSubDomains
      transfer-encoding:
      - chunked
      vary:
      - Accept-Encoding
      x-content-type-options:
      - nosniff
      x-ms-operation-root-activity-id:
      - bdb4ce00-595f-4739-bf6e-f975c45b3267
      x-ms-ratelimit-remaining-subscription-resource-requests:
      - '299'
    status:
      code: 200
      message: OK
- request:
    body: null
    headers:
      Accept:
      - application/json
      Accept-Encoding:
      - gzip, deflate
      CommandName:
      - kusto cluster create
      Connection:
      - keep-alive
      ParameterSetName:
      - -n -g --sku --capacity
      User-Agent:
      - python/3.10.9 (Linux-5.15.0-1031-azure-x86_64-with-glibc2.31) msrest/0.7.1
        VSTS_7b238909-6802-4b65-b90d-184bca47f458_build_220_0 msrest_azure/0.6.4 azure-mgmt-kusto/0.3.0
        Azure-SDK-For-Python AZURECLI/2.45.0
    method: GET
    uri: https://management.azure.com/subscriptions/00000000-0000-0000-0000-000000000000/resourceGroups/clitest.rg000001/providers/Microsoft.Kusto/clusters/test000002?api-version=2019-01-21
  response:
    body:
      string: '{"id":"/subscriptions/00000000-0000-0000-0000-000000000000/resourceGroups/clitest.rg000001/providers/Microsoft.Kusto/Clusters/test000002","name":"test000002","type":"Microsoft.Kusto/Clusters","etag":"\"2023-02-07T10:39:12.1723026Z\"","location":"West
        US","sku":{"name":"Standard_D13_v2","tier":"Standard","capacity":4},"tags":{},"properties":{"state":"Running","uri":"https://test000002.westus.kusto.windows.net","dataIngestionUri":"https://ingest-test000002.westus.kusto.windows.net","trustedExternalTenants":[{"value":"*"}],"provisioningState":"Succeeded"}}'
    headers:
      cache-control:
      - no-cache
      content-length:
      - '559'
      content-type:
      - application/json; charset=utf-8
      date:
      - Tue, 07 Feb 2023 10:39:38 GMT
      etag:
      - '"2023-02-07T10:39:12.1723026Z"'
      expires:
      - '-1'
      pragma:
      - no-cache
      server:
      - Microsoft-HTTPAPI/2.0
      strict-transport-security:
      - max-age=31536000; includeSubDomains
      transfer-encoding:
      - chunked
      vary:
      - Accept-Encoding
      x-content-type-options:
      - nosniff
      x-ms-ratelimit-remaining-subscription-resource-requests:
      - '299'
    status:
      code: 200
      message: OK
- request:
    body: null
    headers:
      Accept:
      - application/json
      Accept-Encoding:
      - gzip, deflate
      CommandName:
      - kusto cluster show
      Connection:
      - keep-alive
      ParameterSetName:
      - -n -g
      User-Agent:
      - python/3.10.9 (Linux-5.15.0-1031-azure-x86_64-with-glibc2.31) msrest/0.7.1
        VSTS_7b238909-6802-4b65-b90d-184bca47f458_build_220_0 msrest_azure/0.6.4 azure-mgmt-kusto/0.3.0
        Azure-SDK-For-Python AZURECLI/2.45.0
      accept-language:
      - en-US
    method: GET
    uri: https://management.azure.com/subscriptions/00000000-0000-0000-0000-000000000000/resourceGroups/clitest.rg000001/providers/Microsoft.Kusto/clusters/test000002?api-version=2019-01-21
  response:
    body:
      string: '{"id":"/subscriptions/00000000-0000-0000-0000-000000000000/resourceGroups/clitest.rg000001/providers/Microsoft.Kusto/Clusters/test000002","name":"test000002","type":"Microsoft.Kusto/Clusters","etag":"\"2023-02-07T10:39:12.1723026Z\"","location":"West
        US","sku":{"name":"Standard_D13_v2","tier":"Standard","capacity":4},"tags":{},"properties":{"state":"Running","uri":"https://test000002.westus.kusto.windows.net","dataIngestionUri":"https://ingest-test000002.westus.kusto.windows.net","trustedExternalTenants":[{"value":"*"}],"provisioningState":"Succeeded"}}'
    headers:
      cache-control:
      - no-cache
      content-length:
      - '559'
      content-type:
      - application/json; charset=utf-8
      date:
      - Tue, 07 Feb 2023 10:39:38 GMT
      etag:
      - '"2023-02-07T10:39:12.1723026Z"'
      expires:
      - '-1'
      pragma:
      - no-cache
      server:
      - Microsoft-HTTPAPI/2.0
      strict-transport-security:
      - max-age=31536000; includeSubDomains
      transfer-encoding:
      - chunked
      vary:
      - Accept-Encoding
      x-content-type-options:
      - nosniff
      x-ms-ratelimit-remaining-subscription-resource-requests:
      - '299'
    status:
      code: 200
      message: OK
- request:
    body: null
    headers:
      Accept:
      - application/json
      Accept-Encoding:
      - gzip, deflate
      CommandName:
      - kusto cluster update
      Connection:
      - keep-alive
      ParameterSetName:
      - -n -g --sku --capacity
      User-Agent:
      - python/3.10.9 (Linux-5.15.0-1031-azure-x86_64-with-glibc2.31) msrest/0.7.1
        VSTS_7b238909-6802-4b65-b90d-184bca47f458_build_220_0 msrest_azure/0.6.4 azure-mgmt-kusto/0.3.0
        Azure-SDK-For-Python AZURECLI/2.45.0
      accept-language:
      - en-US
    method: GET
    uri: https://management.azure.com/subscriptions/00000000-0000-0000-0000-000000000000/resourceGroups/clitest.rg000001/providers/Microsoft.Kusto/clusters/test000002?api-version=2019-01-21
  response:
    body:
      string: '{"id":"/subscriptions/00000000-0000-0000-0000-000000000000/resourceGroups/clitest.rg000001/providers/Microsoft.Kusto/Clusters/test000002","name":"test000002","type":"Microsoft.Kusto/Clusters","etag":"\"2023-02-07T10:39:12.1723026Z\"","location":"West
        US","sku":{"name":"Standard_D13_v2","tier":"Standard","capacity":4},"tags":{},"properties":{"state":"Running","uri":"https://test000002.westus.kusto.windows.net","dataIngestionUri":"https://ingest-test000002.westus.kusto.windows.net","trustedExternalTenants":[{"value":"*"}],"provisioningState":"Succeeded"}}'
    headers:
      cache-control:
      - no-cache
      content-length:
      - '559'
      content-type:
      - application/json; charset=utf-8
      date:
      - Tue, 07 Feb 2023 10:39:39 GMT
      etag:
      - '"2023-02-07T10:39:12.1723026Z"'
      expires:
      - '-1'
      pragma:
      - no-cache
      server:
      - Microsoft-HTTPAPI/2.0
      strict-transport-security:
      - max-age=31536000; includeSubDomains
      transfer-encoding:
      - chunked
      vary:
      - Accept-Encoding
      x-content-type-options:
      - nosniff
      x-ms-ratelimit-remaining-subscription-resource-requests:
      - '299'
    status:
      code: 200
      message: OK
- request:
    body: '{"tags": {}, "location": "West US", "sku": {"name": "Standard_D14_v2",
      "capacity": 6, "tier": "Standard"}, "properties": {"trustedExternalTenants":
      [{"value": "*"}]}}'
    headers:
      Accept:
      - application/json
      Accept-Encoding:
      - gzip, deflate
      CommandName:
      - kusto cluster update
      Connection:
      - keep-alive
      Content-Length:
      - '166'
      Content-Type:
      - application/json; charset=utf-8
      ParameterSetName:
      - -n -g --sku --capacity
      User-Agent:
      - python/3.10.9 (Linux-5.15.0-1031-azure-x86_64-with-glibc2.31) msrest/0.7.1
        VSTS_7b238909-6802-4b65-b90d-184bca47f458_build_220_0 msrest_azure/0.6.4 azure-mgmt-kusto/0.3.0
        Azure-SDK-For-Python AZURECLI/2.45.0
      accept-language:
      - en-US
    method: PUT
    uri: https://management.azure.com/subscriptions/00000000-0000-0000-0000-000000000000/resourceGroups/clitest.rg000001/providers/Microsoft.Kusto/clusters/test000002?api-version=2019-01-21
  response:
    body:
      string: '{"id":"/subscriptions/00000000-0000-0000-0000-000000000000/resourceGroups/clitest.rg000001/providers/Microsoft.Kusto/Clusters/test000002","name":"test000002","type":"Microsoft.Kusto/Clusters","etag":"\"2023-02-07T10:39:12.1723026Z\"","location":"West
        US","sku":{"name":"Standard_D14_v2","tier":"Standard","capacity":6},"tags":{},"properties":{"trustedExternalTenants":[{"value":"*"}],"provisioningState":"Accepted"}}'
    headers:
      azure-asyncoperation:
      - https://management.azure.com/subscriptions/00000000-0000-0000-0000-000000000000/providers/Microsoft.Kusto/locations/West
        US/operationResults/3d6cac8d-41b0-44d6-8260-d916fa51a4fa?api-version=2019-01-21
      cache-control:
      - no-cache
      content-length:
      - '416'
      content-type:
      - application/json; charset=utf-8
      date:
      - Tue, 07 Feb 2023 10:39:41 GMT
      etag:
      - '"2023-02-07T10:39:12.1723026Z"'
      expires:
      - '-1'
      pragma:
      - no-cache
      server:
      - Microsoft-HTTPAPI/2.0
      strict-transport-security:
      - max-age=31536000; includeSubDomains
      transfer-encoding:
      - chunked
      vary:
      - Accept-Encoding
      x-content-type-options:
      - nosniff
      x-ms-ratelimit-remaining-subscription-resource-requests:
      - '199'
    status:
      code: 200
      message: OK
- request:
    body: null
    headers:
      Accept:
      - application/json
      Accept-Encoding:
      - gzip, deflate
      CommandName:
      - kusto cluster update
      Connection:
      - keep-alive
      ParameterSetName:
      - -n -g --sku --capacity
      User-Agent:
      - python/3.10.9 (Linux-5.15.0-1031-azure-x86_64-with-glibc2.31) msrest/0.7.1
        VSTS_7b238909-6802-4b65-b90d-184bca47f458_build_220_0 msrest_azure/0.6.4 azure-mgmt-kusto/0.3.0
        Azure-SDK-For-Python AZURECLI/2.45.0
    method: GET
    uri: https://management.azure.com/subscriptions/00000000-0000-0000-0000-000000000000/providers/Microsoft.Kusto/locations/West%20US/operationResults/3d6cac8d-41b0-44d6-8260-d916fa51a4fa?api-version=2019-01-21
  response:
    body:
      string: '{"id":"/subscriptions/00000000-0000-0000-0000-000000000000/providers/Microsoft.Kusto/locations/West
        US/operationresults/3d6cac8d-41b0-44d6-8260-d916fa51a4fa","name":"3d6cac8d-41b0-44d6-8260-d916fa51a4fa","status":"Running","startTime":"2023-02-07T10:39:40.6749743Z","endTime":"2023-02-07T10:39:44.534418Z","percentComplete":0.5,"properties":{"operationKind":"ServiceConfigurationAlter","provisioningState":"Running","operationState":"InProgress"}}'
    headers:
      cache-control:
      - no-cache
      content-length:
      - '447'
      content-type:
      - application/json; charset=utf-8
      date:
      - Tue, 07 Feb 2023 10:40:11 GMT
      expires:
      - '-1'
      pragma:
      - no-cache
      server:
      - Microsoft-HTTPAPI/2.0
      strict-transport-security:
      - max-age=31536000; includeSubDomains
      transfer-encoding:
      - chunked
      vary:
      - Accept-Encoding
      x-content-type-options:
      - nosniff
      x-ms-operation-root-activity-id:
      - a4f1ebef-f26c-4fb9-a9d2-4dc1cd9c3fb9
      x-ms-ratelimit-remaining-subscription-resource-requests:
      - '299'
    status:
      code: 200
      message: OK
- request:
    body: null
    headers:
      Accept:
      - application/json
      Accept-Encoding:
      - gzip, deflate
      CommandName:
      - kusto cluster update
      Connection:
      - keep-alive
      ParameterSetName:
      - -n -g --sku --capacity
      User-Agent:
      - python/3.10.9 (Linux-5.15.0-1031-azure-x86_64-with-glibc2.31) msrest/0.7.1
        VSTS_7b238909-6802-4b65-b90d-184bca47f458_build_220_0 msrest_azure/0.6.4 azure-mgmt-kusto/0.3.0
        Azure-SDK-For-Python AZURECLI/2.45.0
    method: GET
    uri: https://management.azure.com/subscriptions/00000000-0000-0000-0000-000000000000/providers/Microsoft.Kusto/locations/West%20US/operationResults/3d6cac8d-41b0-44d6-8260-d916fa51a4fa?api-version=2019-01-21
  response:
    body:
      string: '{"id":"/subscriptions/00000000-0000-0000-0000-000000000000/providers/Microsoft.Kusto/locations/West
        US/operationresults/3d6cac8d-41b0-44d6-8260-d916fa51a4fa","name":"3d6cac8d-41b0-44d6-8260-d916fa51a4fa","status":"Running","startTime":"2023-02-07T10:39:40.6749743Z","endTime":"2023-02-07T10:39:44.534418Z","percentComplete":0.5,"properties":{"operationKind":"ServiceConfigurationAlter","provisioningState":"Running","operationState":"InProgress"}}'
    headers:
      cache-control:
      - no-cache
      content-length:
      - '447'
      content-type:
      - application/json; charset=utf-8
      date:
      - Tue, 07 Feb 2023 10:40:41 GMT
      expires:
      - '-1'
      pragma:
      - no-cache
      server:
      - Microsoft-HTTPAPI/2.0
      strict-transport-security:
      - max-age=31536000; includeSubDomains
      transfer-encoding:
      - chunked
      vary:
      - Accept-Encoding
      x-content-type-options:
      - nosniff
      x-ms-operation-root-activity-id:
      - a4f1ebef-f26c-4fb9-a9d2-4dc1cd9c3fb9
      x-ms-ratelimit-remaining-subscription-resource-requests:
      - '299'
    status:
      code: 200
      message: OK
- request:
    body: null
    headers:
      Accept:
      - application/json
      Accept-Encoding:
      - gzip, deflate
      CommandName:
      - kusto cluster update
      Connection:
      - keep-alive
      ParameterSetName:
      - -n -g --sku --capacity
      User-Agent:
      - python/3.10.9 (Linux-5.15.0-1031-azure-x86_64-with-glibc2.31) msrest/0.7.1
        VSTS_7b238909-6802-4b65-b90d-184bca47f458_build_220_0 msrest_azure/0.6.4 azure-mgmt-kusto/0.3.0
        Azure-SDK-For-Python AZURECLI/2.45.0
    method: GET
    uri: https://management.azure.com/subscriptions/00000000-0000-0000-0000-000000000000/providers/Microsoft.Kusto/locations/West%20US/operationResults/3d6cac8d-41b0-44d6-8260-d916fa51a4fa?api-version=2019-01-21
  response:
    body:
      string: '{"id":"/subscriptions/00000000-0000-0000-0000-000000000000/providers/Microsoft.Kusto/locations/West
        US/operationresults/3d6cac8d-41b0-44d6-8260-d916fa51a4fa","name":"3d6cac8d-41b0-44d6-8260-d916fa51a4fa","status":"Running","startTime":"2023-02-07T10:39:40.6749743Z","endTime":"2023-02-07T10:39:44.534418Z","percentComplete":0.5,"properties":{"operationKind":"ServiceConfigurationAlter","provisioningState":"Running","operationState":"InProgress"}}'
    headers:
      cache-control:
      - no-cache
      content-length:
      - '447'
      content-type:
      - application/json; charset=utf-8
      date:
      - Tue, 07 Feb 2023 10:41:13 GMT
      expires:
      - '-1'
      pragma:
      - no-cache
      server:
      - Microsoft-HTTPAPI/2.0
      strict-transport-security:
      - max-age=31536000; includeSubDomains
      transfer-encoding:
      - chunked
      vary:
      - Accept-Encoding
      x-content-type-options:
      - nosniff
      x-ms-operation-root-activity-id:
      - a4f1ebef-f26c-4fb9-a9d2-4dc1cd9c3fb9
      x-ms-ratelimit-remaining-subscription-resource-requests:
      - '299'
    status:
      code: 200
      message: OK
- request:
    body: null
    headers:
      Accept:
      - application/json
      Accept-Encoding:
      - gzip, deflate
      CommandName:
      - kusto cluster update
      Connection:
      - keep-alive
      ParameterSetName:
      - -n -g --sku --capacity
      User-Agent:
      - python/3.10.9 (Linux-5.15.0-1031-azure-x86_64-with-glibc2.31) msrest/0.7.1
        VSTS_7b238909-6802-4b65-b90d-184bca47f458_build_220_0 msrest_azure/0.6.4 azure-mgmt-kusto/0.3.0
        Azure-SDK-For-Python AZURECLI/2.45.0
    method: GET
    uri: https://management.azure.com/subscriptions/00000000-0000-0000-0000-000000000000/providers/Microsoft.Kusto/locations/West%20US/operationResults/3d6cac8d-41b0-44d6-8260-d916fa51a4fa?api-version=2019-01-21
  response:
    body:
      string: '{"id":"/subscriptions/00000000-0000-0000-0000-000000000000/providers/Microsoft.Kusto/locations/West
        US/operationresults/3d6cac8d-41b0-44d6-8260-d916fa51a4fa","name":"3d6cac8d-41b0-44d6-8260-d916fa51a4fa","status":"Running","startTime":"2023-02-07T10:39:40.6749743Z","endTime":"2023-02-07T10:39:44.534418Z","percentComplete":0.5,"properties":{"operationKind":"ServiceConfigurationAlter","provisioningState":"Running","operationState":"InProgress"}}'
    headers:
      cache-control:
      - no-cache
      content-length:
      - '447'
      content-type:
      - application/json; charset=utf-8
      date:
      - Tue, 07 Feb 2023 10:41:43 GMT
      expires:
      - '-1'
      pragma:
      - no-cache
      server:
      - Microsoft-HTTPAPI/2.0
      strict-transport-security:
      - max-age=31536000; includeSubDomains
      transfer-encoding:
      - chunked
      vary:
      - Accept-Encoding
      x-content-type-options:
      - nosniff
      x-ms-operation-root-activity-id:
      - a4f1ebef-f26c-4fb9-a9d2-4dc1cd9c3fb9
      x-ms-ratelimit-remaining-subscription-resource-requests:
      - '299'
    status:
      code: 200
      message: OK
- request:
    body: null
    headers:
      Accept:
      - application/json
      Accept-Encoding:
      - gzip, deflate
      CommandName:
      - kusto cluster update
      Connection:
      - keep-alive
      ParameterSetName:
      - -n -g --sku --capacity
      User-Agent:
      - python/3.10.9 (Linux-5.15.0-1031-azure-x86_64-with-glibc2.31) msrest/0.7.1
        VSTS_7b238909-6802-4b65-b90d-184bca47f458_build_220_0 msrest_azure/0.6.4 azure-mgmt-kusto/0.3.0
        Azure-SDK-For-Python AZURECLI/2.45.0
    method: GET
    uri: https://management.azure.com/subscriptions/00000000-0000-0000-0000-000000000000/providers/Microsoft.Kusto/locations/West%20US/operationResults/3d6cac8d-41b0-44d6-8260-d916fa51a4fa?api-version=2019-01-21
  response:
    body:
      string: '{"id":"/subscriptions/00000000-0000-0000-0000-000000000000/providers/Microsoft.Kusto/locations/West
        US/operationresults/3d6cac8d-41b0-44d6-8260-d916fa51a4fa","name":"3d6cac8d-41b0-44d6-8260-d916fa51a4fa","status":"Running","startTime":"2023-02-07T10:39:40.6749743Z","endTime":"2023-02-07T10:39:44.534418Z","percentComplete":0.5,"properties":{"operationKind":"ServiceConfigurationAlter","provisioningState":"Running","operationState":"InProgress"}}'
    headers:
      cache-control:
      - no-cache
      content-length:
      - '447'
      content-type:
      - application/json; charset=utf-8
      date:
      - Tue, 07 Feb 2023 10:42:13 GMT
      expires:
      - '-1'
      pragma:
      - no-cache
      server:
      - Microsoft-HTTPAPI/2.0
      strict-transport-security:
      - max-age=31536000; includeSubDomains
      transfer-encoding:
      - chunked
      vary:
      - Accept-Encoding
      x-content-type-options:
      - nosniff
      x-ms-operation-root-activity-id:
      - a4f1ebef-f26c-4fb9-a9d2-4dc1cd9c3fb9
      x-ms-ratelimit-remaining-subscription-resource-requests:
      - '299'
    status:
      code: 200
      message: OK
- request:
    body: null
    headers:
      Accept:
      - application/json
      Accept-Encoding:
      - gzip, deflate
      CommandName:
      - kusto cluster update
      Connection:
      - keep-alive
      ParameterSetName:
      - -n -g --sku --capacity
      User-Agent:
      - python/3.10.9 (Linux-5.15.0-1031-azure-x86_64-with-glibc2.31) msrest/0.7.1
        VSTS_7b238909-6802-4b65-b90d-184bca47f458_build_220_0 msrest_azure/0.6.4 azure-mgmt-kusto/0.3.0
        Azure-SDK-For-Python AZURECLI/2.45.0
    method: GET
    uri: https://management.azure.com/subscriptions/00000000-0000-0000-0000-000000000000/providers/Microsoft.Kusto/locations/West%20US/operationResults/3d6cac8d-41b0-44d6-8260-d916fa51a4fa?api-version=2019-01-21
  response:
    body:
      string: '{"id":"/subscriptions/00000000-0000-0000-0000-000000000000/providers/Microsoft.Kusto/locations/West
        US/operationresults/3d6cac8d-41b0-44d6-8260-d916fa51a4fa","name":"3d6cac8d-41b0-44d6-8260-d916fa51a4fa","status":"Running","startTime":"2023-02-07T10:39:40.6749743Z","endTime":"2023-02-07T10:39:44.534418Z","percentComplete":0.5,"properties":{"operationKind":"ServiceConfigurationAlter","provisioningState":"Running","operationState":"InProgress"}}'
    headers:
      cache-control:
      - no-cache
      content-length:
      - '447'
      content-type:
      - application/json; charset=utf-8
      date:
      - Tue, 07 Feb 2023 10:42:43 GMT
      expires:
      - '-1'
      pragma:
      - no-cache
      server:
      - Microsoft-HTTPAPI/2.0
      strict-transport-security:
      - max-age=31536000; includeSubDomains
      transfer-encoding:
      - chunked
      vary:
      - Accept-Encoding
      x-content-type-options:
      - nosniff
      x-ms-operation-root-activity-id:
      - a4f1ebef-f26c-4fb9-a9d2-4dc1cd9c3fb9
      x-ms-ratelimit-remaining-subscription-resource-requests:
      - '299'
    status:
      code: 200
      message: OK
- request:
    body: null
    headers:
      Accept:
      - application/json
      Accept-Encoding:
      - gzip, deflate
      CommandName:
      - kusto cluster update
      Connection:
      - keep-alive
      ParameterSetName:
      - -n -g --sku --capacity
      User-Agent:
      - python/3.10.9 (Linux-5.15.0-1031-azure-x86_64-with-glibc2.31) msrest/0.7.1
        VSTS_7b238909-6802-4b65-b90d-184bca47f458_build_220_0 msrest_azure/0.6.4 azure-mgmt-kusto/0.3.0
        Azure-SDK-For-Python AZURECLI/2.45.0
    method: GET
    uri: https://management.azure.com/subscriptions/00000000-0000-0000-0000-000000000000/providers/Microsoft.Kusto/locations/West%20US/operationResults/3d6cac8d-41b0-44d6-8260-d916fa51a4fa?api-version=2019-01-21
  response:
    body:
      string: '{"id":"/subscriptions/00000000-0000-0000-0000-000000000000/providers/Microsoft.Kusto/locations/West
        US/operationresults/3d6cac8d-41b0-44d6-8260-d916fa51a4fa","name":"3d6cac8d-41b0-44d6-8260-d916fa51a4fa","status":"Running","startTime":"2023-02-07T10:39:40.6749743Z","endTime":"2023-02-07T10:39:44.534418Z","percentComplete":0.5,"properties":{"operationKind":"ServiceConfigurationAlter","provisioningState":"Running","operationState":"InProgress"}}'
    headers:
      cache-control:
      - no-cache
      content-length:
      - '447'
      content-type:
      - application/json; charset=utf-8
      date:
      - Tue, 07 Feb 2023 10:43:14 GMT
      expires:
      - '-1'
      pragma:
      - no-cache
      server:
      - Microsoft-HTTPAPI/2.0
      strict-transport-security:
      - max-age=31536000; includeSubDomains
      transfer-encoding:
      - chunked
      vary:
      - Accept-Encoding
      x-content-type-options:
      - nosniff
      x-ms-operation-root-activity-id:
      - a4f1ebef-f26c-4fb9-a9d2-4dc1cd9c3fb9
      x-ms-ratelimit-remaining-subscription-resource-requests:
      - '299'
    status:
      code: 200
      message: OK
- request:
    body: null
    headers:
      Accept:
      - application/json
      Accept-Encoding:
      - gzip, deflate
      CommandName:
      - kusto cluster update
      Connection:
      - keep-alive
      ParameterSetName:
      - -n -g --sku --capacity
      User-Agent:
      - python/3.10.9 (Linux-5.15.0-1031-azure-x86_64-with-glibc2.31) msrest/0.7.1
        VSTS_7b238909-6802-4b65-b90d-184bca47f458_build_220_0 msrest_azure/0.6.4 azure-mgmt-kusto/0.3.0
        Azure-SDK-For-Python AZURECLI/2.45.0
    method: GET
    uri: https://management.azure.com/subscriptions/00000000-0000-0000-0000-000000000000/providers/Microsoft.Kusto/locations/West%20US/operationResults/3d6cac8d-41b0-44d6-8260-d916fa51a4fa?api-version=2019-01-21
  response:
    body:
      string: '{"id":"/subscriptions/00000000-0000-0000-0000-000000000000/providers/Microsoft.Kusto/locations/West
        US/operationresults/3d6cac8d-41b0-44d6-8260-d916fa51a4fa","name":"3d6cac8d-41b0-44d6-8260-d916fa51a4fa","status":"Running","startTime":"2023-02-07T10:39:40.6749743Z","endTime":"2023-02-07T10:39:44.534418Z","percentComplete":0.5,"properties":{"operationKind":"ServiceConfigurationAlter","provisioningState":"Running","operationState":"InProgress"}}'
    headers:
      cache-control:
      - no-cache
      content-length:
      - '447'
      content-type:
      - application/json; charset=utf-8
      date:
      - Tue, 07 Feb 2023 10:43:45 GMT
      expires:
      - '-1'
      pragma:
      - no-cache
      server:
      - Microsoft-HTTPAPI/2.0
      strict-transport-security:
      - max-age=31536000; includeSubDomains
      transfer-encoding:
      - chunked
      vary:
      - Accept-Encoding
      x-content-type-options:
      - nosniff
      x-ms-operation-root-activity-id:
      - a4f1ebef-f26c-4fb9-a9d2-4dc1cd9c3fb9
      x-ms-ratelimit-remaining-subscription-resource-requests:
      - '299'
    status:
      code: 200
      message: OK
- request:
    body: null
    headers:
      Accept:
      - application/json
      Accept-Encoding:
      - gzip, deflate
      CommandName:
      - kusto cluster update
      Connection:
      - keep-alive
      ParameterSetName:
      - -n -g --sku --capacity
      User-Agent:
      - python/3.10.9 (Linux-5.15.0-1031-azure-x86_64-with-glibc2.31) msrest/0.7.1
        VSTS_7b238909-6802-4b65-b90d-184bca47f458_build_220_0 msrest_azure/0.6.4 azure-mgmt-kusto/0.3.0
        Azure-SDK-For-Python AZURECLI/2.45.0
    method: GET
    uri: https://management.azure.com/subscriptions/00000000-0000-0000-0000-000000000000/providers/Microsoft.Kusto/locations/West%20US/operationResults/3d6cac8d-41b0-44d6-8260-d916fa51a4fa?api-version=2019-01-21
  response:
    body:
      string: '{"id":"/subscriptions/00000000-0000-0000-0000-000000000000/providers/Microsoft.Kusto/locations/West
        US/operationresults/3d6cac8d-41b0-44d6-8260-d916fa51a4fa","name":"3d6cac8d-41b0-44d6-8260-d916fa51a4fa","status":"Running","startTime":"2023-02-07T10:39:40.6749743Z","endTime":"2023-02-07T10:39:44.534418Z","percentComplete":0.5,"properties":{"operationKind":"ServiceConfigurationAlter","provisioningState":"Running","operationState":"InProgress"}}'
    headers:
      cache-control:
      - no-cache
      content-length:
      - '447'
      content-type:
      - application/json; charset=utf-8
      date:
      - Tue, 07 Feb 2023 10:44:15 GMT
      expires:
      - '-1'
      pragma:
      - no-cache
      server:
      - Microsoft-HTTPAPI/2.0
      strict-transport-security:
      - max-age=31536000; includeSubDomains
      x-content-type-options:
      - nosniff
      x-ms-operation-root-activity-id:
      - a4f1ebef-f26c-4fb9-a9d2-4dc1cd9c3fb9
      x-ms-ratelimit-remaining-subscription-resource-requests:
      - '299'
    status:
      code: 200
      message: OK
- request:
    body: null
    headers:
      Accept:
      - application/json
      Accept-Encoding:
      - gzip, deflate
      CommandName:
      - kusto cluster update
      Connection:
      - keep-alive
      ParameterSetName:
      - -n -g --sku --capacity
      User-Agent:
      - python/3.10.9 (Linux-5.15.0-1031-azure-x86_64-with-glibc2.31) msrest/0.7.1
        VSTS_7b238909-6802-4b65-b90d-184bca47f458_build_220_0 msrest_azure/0.6.4 azure-mgmt-kusto/0.3.0
        Azure-SDK-For-Python AZURECLI/2.45.0
    method: GET
    uri: https://management.azure.com/subscriptions/00000000-0000-0000-0000-000000000000/providers/Microsoft.Kusto/locations/West%20US/operationResults/3d6cac8d-41b0-44d6-8260-d916fa51a4fa?api-version=2019-01-21
  response:
    body:
      string: '{"id":"/subscriptions/00000000-0000-0000-0000-000000000000/providers/Microsoft.Kusto/locations/West
        US/operationresults/3d6cac8d-41b0-44d6-8260-d916fa51a4fa","name":"3d6cac8d-41b0-44d6-8260-d916fa51a4fa","status":"Running","startTime":"2023-02-07T10:39:40.6749743Z","endTime":"2023-02-07T10:39:44.534418Z","percentComplete":0.5,"properties":{"operationKind":"ServiceConfigurationAlter","provisioningState":"Running","operationState":"InProgress"}}'
    headers:
      cache-control:
      - no-cache
      content-length:
      - '447'
      content-type:
      - application/json; charset=utf-8
      date:
      - Tue, 07 Feb 2023 10:44:46 GMT
      expires:
      - '-1'
      pragma:
      - no-cache
      server:
      - Microsoft-HTTPAPI/2.0
      strict-transport-security:
      - max-age=31536000; includeSubDomains
      transfer-encoding:
      - chunked
      vary:
      - Accept-Encoding
      x-content-type-options:
      - nosniff
      x-ms-operation-root-activity-id:
      - a4f1ebef-f26c-4fb9-a9d2-4dc1cd9c3fb9
      x-ms-ratelimit-remaining-subscription-resource-requests:
      - '299'
    status:
      code: 200
      message: OK
- request:
    body: null
    headers:
      Accept:
      - application/json
      Accept-Encoding:
      - gzip, deflate
      CommandName:
      - kusto cluster update
      Connection:
      - keep-alive
      ParameterSetName:
      - -n -g --sku --capacity
      User-Agent:
      - python/3.10.9 (Linux-5.15.0-1031-azure-x86_64-with-glibc2.31) msrest/0.7.1
        VSTS_7b238909-6802-4b65-b90d-184bca47f458_build_220_0 msrest_azure/0.6.4 azure-mgmt-kusto/0.3.0
        Azure-SDK-For-Python AZURECLI/2.45.0
    method: GET
    uri: https://management.azure.com/subscriptions/00000000-0000-0000-0000-000000000000/providers/Microsoft.Kusto/locations/West%20US/operationResults/3d6cac8d-41b0-44d6-8260-d916fa51a4fa?api-version=2019-01-21
  response:
    body:
      string: '{"id":"/subscriptions/00000000-0000-0000-0000-000000000000/providers/Microsoft.Kusto/locations/West
        US/operationresults/3d6cac8d-41b0-44d6-8260-d916fa51a4fa","name":"3d6cac8d-41b0-44d6-8260-d916fa51a4fa","status":"Running","startTime":"2023-02-07T10:39:40.6749743Z","endTime":"2023-02-07T10:39:44.534418Z","percentComplete":0.5,"properties":{"operationKind":"ServiceConfigurationAlter","provisioningState":"Running","operationState":"InProgress"}}'
    headers:
      cache-control:
      - no-cache
      content-length:
      - '447'
      content-type:
      - application/json; charset=utf-8
      date:
      - Tue, 07 Feb 2023 10:45:16 GMT
      expires:
      - '-1'
      pragma:
      - no-cache
      server:
      - Microsoft-HTTPAPI/2.0
      strict-transport-security:
      - max-age=31536000; includeSubDomains
      transfer-encoding:
      - chunked
      vary:
      - Accept-Encoding
      x-content-type-options:
      - nosniff
      x-ms-operation-root-activity-id:
      - a4f1ebef-f26c-4fb9-a9d2-4dc1cd9c3fb9
      x-ms-ratelimit-remaining-subscription-resource-requests:
      - '299'
    status:
      code: 200
      message: OK
- request:
    body: null
    headers:
      Accept:
      - application/json
      Accept-Encoding:
      - gzip, deflate
      CommandName:
      - kusto cluster update
      Connection:
      - keep-alive
      ParameterSetName:
      - -n -g --sku --capacity
      User-Agent:
      - python/3.10.9 (Linux-5.15.0-1031-azure-x86_64-with-glibc2.31) msrest/0.7.1
        VSTS_7b238909-6802-4b65-b90d-184bca47f458_build_220_0 msrest_azure/0.6.4 azure-mgmt-kusto/0.3.0
        Azure-SDK-For-Python AZURECLI/2.45.0
    method: GET
    uri: https://management.azure.com/subscriptions/00000000-0000-0000-0000-000000000000/providers/Microsoft.Kusto/locations/West%20US/operationResults/3d6cac8d-41b0-44d6-8260-d916fa51a4fa?api-version=2019-01-21
  response:
    body:
      string: '{"id":"/subscriptions/00000000-0000-0000-0000-000000000000/providers/Microsoft.Kusto/locations/West
        US/operationresults/3d6cac8d-41b0-44d6-8260-d916fa51a4fa","name":"3d6cac8d-41b0-44d6-8260-d916fa51a4fa","status":"Running","startTime":"2023-02-07T10:39:40.6749743Z","endTime":"2023-02-07T10:39:44.534418Z","percentComplete":0.5,"properties":{"operationKind":"ServiceConfigurationAlter","provisioningState":"Running","operationState":"InProgress"}}'
    headers:
      cache-control:
      - no-cache
      content-length:
      - '447'
      content-type:
      - application/json; charset=utf-8
      date:
      - Tue, 07 Feb 2023 10:45:46 GMT
      expires:
      - '-1'
      pragma:
      - no-cache
      server:
      - Microsoft-HTTPAPI/2.0
      strict-transport-security:
      - max-age=31536000; includeSubDomains
      transfer-encoding:
      - chunked
      vary:
      - Accept-Encoding
      x-content-type-options:
      - nosniff
      x-ms-operation-root-activity-id:
      - a4f1ebef-f26c-4fb9-a9d2-4dc1cd9c3fb9
      x-ms-ratelimit-remaining-subscription-resource-requests:
      - '299'
    status:
      code: 200
      message: OK
- request:
    body: null
    headers:
      Accept:
      - application/json
      Accept-Encoding:
      - gzip, deflate
      CommandName:
      - kusto cluster update
      Connection:
      - keep-alive
      ParameterSetName:
      - -n -g --sku --capacity
      User-Agent:
      - python/3.10.9 (Linux-5.15.0-1031-azure-x86_64-with-glibc2.31) msrest/0.7.1
        VSTS_7b238909-6802-4b65-b90d-184bca47f458_build_220_0 msrest_azure/0.6.4 azure-mgmt-kusto/0.3.0
        Azure-SDK-For-Python AZURECLI/2.45.0
    method: GET
    uri: https://management.azure.com/subscriptions/00000000-0000-0000-0000-000000000000/providers/Microsoft.Kusto/locations/West%20US/operationResults/3d6cac8d-41b0-44d6-8260-d916fa51a4fa?api-version=2019-01-21
  response:
    body:
      string: '{"id":"/subscriptions/00000000-0000-0000-0000-000000000000/providers/Microsoft.Kusto/locations/West
        US/operationresults/3d6cac8d-41b0-44d6-8260-d916fa51a4fa","name":"3d6cac8d-41b0-44d6-8260-d916fa51a4fa","status":"Running","startTime":"2023-02-07T10:39:40.6749743Z","endTime":"2023-02-07T10:39:44.534418Z","percentComplete":0.5,"properties":{"operationKind":"ServiceConfigurationAlter","provisioningState":"Running","operationState":"InProgress"}}'
    headers:
      cache-control:
      - no-cache
      content-length:
      - '447'
      content-type:
      - application/json; charset=utf-8
      date:
      - Tue, 07 Feb 2023 10:46:16 GMT
      expires:
      - '-1'
      pragma:
      - no-cache
      server:
      - Microsoft-HTTPAPI/2.0
      strict-transport-security:
      - max-age=31536000; includeSubDomains
      transfer-encoding:
      - chunked
      vary:
      - Accept-Encoding
      x-content-type-options:
      - nosniff
      x-ms-operation-root-activity-id:
      - a4f1ebef-f26c-4fb9-a9d2-4dc1cd9c3fb9
      x-ms-ratelimit-remaining-subscription-resource-requests:
      - '299'
    status:
      code: 200
      message: OK
- request:
    body: null
    headers:
      Accept:
      - application/json
      Accept-Encoding:
      - gzip, deflate
      CommandName:
      - kusto cluster update
      Connection:
      - keep-alive
      ParameterSetName:
      - -n -g --sku --capacity
      User-Agent:
      - python/3.10.9 (Linux-5.15.0-1031-azure-x86_64-with-glibc2.31) msrest/0.7.1
        VSTS_7b238909-6802-4b65-b90d-184bca47f458_build_220_0 msrest_azure/0.6.4 azure-mgmt-kusto/0.3.0
        Azure-SDK-For-Python AZURECLI/2.45.0
    method: GET
    uri: https://management.azure.com/subscriptions/00000000-0000-0000-0000-000000000000/providers/Microsoft.Kusto/locations/West%20US/operationResults/3d6cac8d-41b0-44d6-8260-d916fa51a4fa?api-version=2019-01-21
  response:
    body:
      string: '{"id":"/subscriptions/00000000-0000-0000-0000-000000000000/providers/Microsoft.Kusto/locations/West
        US/operationresults/3d6cac8d-41b0-44d6-8260-d916fa51a4fa","name":"3d6cac8d-41b0-44d6-8260-d916fa51a4fa","status":"Running","startTime":"2023-02-07T10:39:40.6749743Z","endTime":"2023-02-07T10:39:44.534418Z","percentComplete":0.5,"properties":{"operationKind":"ServiceConfigurationAlter","provisioningState":"Running","operationState":"InProgress"}}'
    headers:
      cache-control:
      - no-cache
      content-length:
      - '447'
      content-type:
      - application/json; charset=utf-8
      date:
      - Tue, 07 Feb 2023 10:46:47 GMT
      expires:
      - '-1'
      pragma:
      - no-cache
      server:
      - Microsoft-HTTPAPI/2.0
      strict-transport-security:
      - max-age=31536000; includeSubDomains
      transfer-encoding:
      - chunked
      vary:
      - Accept-Encoding
      x-content-type-options:
      - nosniff
      x-ms-operation-root-activity-id:
      - a4f1ebef-f26c-4fb9-a9d2-4dc1cd9c3fb9
      x-ms-ratelimit-remaining-subscription-resource-requests:
      - '299'
    status:
      code: 200
      message: OK
- request:
    body: null
    headers:
      Accept:
      - application/json
      Accept-Encoding:
      - gzip, deflate
      CommandName:
      - kusto cluster update
      Connection:
      - keep-alive
      ParameterSetName:
      - -n -g --sku --capacity
      User-Agent:
      - python/3.10.9 (Linux-5.15.0-1031-azure-x86_64-with-glibc2.31) msrest/0.7.1
        VSTS_7b238909-6802-4b65-b90d-184bca47f458_build_220_0 msrest_azure/0.6.4 azure-mgmt-kusto/0.3.0
        Azure-SDK-For-Python AZURECLI/2.45.0
    method: GET
    uri: https://management.azure.com/subscriptions/00000000-0000-0000-0000-000000000000/providers/Microsoft.Kusto/locations/West%20US/operationResults/3d6cac8d-41b0-44d6-8260-d916fa51a4fa?api-version=2019-01-21
  response:
    body:
      string: '{"id":"/subscriptions/00000000-0000-0000-0000-000000000000/providers/Microsoft.Kusto/locations/West
        US/operationresults/3d6cac8d-41b0-44d6-8260-d916fa51a4fa","name":"3d6cac8d-41b0-44d6-8260-d916fa51a4fa","status":"Running","startTime":"2023-02-07T10:39:40.6749743Z","endTime":"2023-02-07T10:39:44.534418Z","percentComplete":0.5,"properties":{"operationKind":"ServiceConfigurationAlter","provisioningState":"Running","operationState":"InProgress"}}'
    headers:
      cache-control:
      - no-cache
      content-length:
      - '447'
      content-type:
      - application/json; charset=utf-8
      date:
      - Tue, 07 Feb 2023 10:47:18 GMT
      expires:
      - '-1'
      pragma:
      - no-cache
      server:
      - Microsoft-HTTPAPI/2.0
      strict-transport-security:
      - max-age=31536000; includeSubDomains
      x-content-type-options:
      - nosniff
      x-ms-operation-root-activity-id:
      - a4f1ebef-f26c-4fb9-a9d2-4dc1cd9c3fb9
      x-ms-ratelimit-remaining-subscription-resource-requests:
      - '299'
    status:
      code: 200
      message: OK
- request:
    body: null
    headers:
      Accept:
      - application/json
      Accept-Encoding:
      - gzip, deflate
      CommandName:
      - kusto cluster update
      Connection:
      - keep-alive
      ParameterSetName:
      - -n -g --sku --capacity
      User-Agent:
      - python/3.10.9 (Linux-5.15.0-1031-azure-x86_64-with-glibc2.31) msrest/0.7.1
        VSTS_7b238909-6802-4b65-b90d-184bca47f458_build_220_0 msrest_azure/0.6.4 azure-mgmt-kusto/0.3.0
        Azure-SDK-For-Python AZURECLI/2.45.0
    method: GET
    uri: https://management.azure.com/subscriptions/00000000-0000-0000-0000-000000000000/providers/Microsoft.Kusto/locations/West%20US/operationResults/3d6cac8d-41b0-44d6-8260-d916fa51a4fa?api-version=2019-01-21
  response:
    body:
      string: '{"id":"/subscriptions/00000000-0000-0000-0000-000000000000/providers/Microsoft.Kusto/locations/West
        US/operationresults/3d6cac8d-41b0-44d6-8260-d916fa51a4fa","name":"3d6cac8d-41b0-44d6-8260-d916fa51a4fa","status":"Running","startTime":"2023-02-07T10:39:40.6749743Z","endTime":"2023-02-07T10:39:44.534418Z","percentComplete":0.5,"properties":{"operationKind":"ServiceConfigurationAlter","provisioningState":"Running","operationState":"InProgress"}}'
    headers:
      cache-control:
      - no-cache
      content-length:
      - '447'
      content-type:
      - application/json; charset=utf-8
      date:
      - Tue, 07 Feb 2023 10:47:48 GMT
      expires:
      - '-1'
      pragma:
      - no-cache
      server:
      - Microsoft-HTTPAPI/2.0
      strict-transport-security:
      - max-age=31536000; includeSubDomains
      transfer-encoding:
      - chunked
      vary:
      - Accept-Encoding
      x-content-type-options:
      - nosniff
      x-ms-operation-root-activity-id:
      - a4f1ebef-f26c-4fb9-a9d2-4dc1cd9c3fb9
      x-ms-ratelimit-remaining-subscription-resource-requests:
      - '299'
    status:
      code: 200
      message: OK
- request:
    body: null
    headers:
      Accept:
      - application/json
      Accept-Encoding:
      - gzip, deflate
      CommandName:
      - kusto cluster update
      Connection:
      - keep-alive
      ParameterSetName:
      - -n -g --sku --capacity
      User-Agent:
      - python/3.10.9 (Linux-5.15.0-1031-azure-x86_64-with-glibc2.31) msrest/0.7.1
        VSTS_7b238909-6802-4b65-b90d-184bca47f458_build_220_0 msrest_azure/0.6.4 azure-mgmt-kusto/0.3.0
        Azure-SDK-For-Python AZURECLI/2.45.0
    method: GET
    uri: https://management.azure.com/subscriptions/00000000-0000-0000-0000-000000000000/providers/Microsoft.Kusto/locations/West%20US/operationResults/3d6cac8d-41b0-44d6-8260-d916fa51a4fa?api-version=2019-01-21
  response:
    body:
      string: '{"id":"/subscriptions/00000000-0000-0000-0000-000000000000/providers/Microsoft.Kusto/locations/West
        US/operationresults/3d6cac8d-41b0-44d6-8260-d916fa51a4fa","name":"3d6cac8d-41b0-44d6-8260-d916fa51a4fa","status":"Running","startTime":"2023-02-07T10:39:40.6749743Z","endTime":"2023-02-07T10:39:44.534418Z","percentComplete":0.5,"properties":{"operationKind":"ServiceConfigurationAlter","provisioningState":"Running","operationState":"InProgress"}}'
    headers:
      cache-control:
      - no-cache
      content-length:
      - '447'
      content-type:
      - application/json; charset=utf-8
      date:
      - Tue, 07 Feb 2023 10:48:18 GMT
      expires:
      - '-1'
      pragma:
      - no-cache
      server:
      - Microsoft-HTTPAPI/2.0
      strict-transport-security:
      - max-age=31536000; includeSubDomains
      x-content-type-options:
      - nosniff
      x-ms-operation-root-activity-id:
      - a4f1ebef-f26c-4fb9-a9d2-4dc1cd9c3fb9
      x-ms-ratelimit-remaining-subscription-resource-requests:
      - '299'
    status:
      code: 200
      message: OK
- request:
    body: null
    headers:
      Accept:
      - application/json
      Accept-Encoding:
      - gzip, deflate
      CommandName:
      - kusto cluster update
      Connection:
      - keep-alive
      ParameterSetName:
      - -n -g --sku --capacity
      User-Agent:
      - python/3.10.9 (Linux-5.15.0-1031-azure-x86_64-with-glibc2.31) msrest/0.7.1
        VSTS_7b238909-6802-4b65-b90d-184bca47f458_build_220_0 msrest_azure/0.6.4 azure-mgmt-kusto/0.3.0
        Azure-SDK-For-Python AZURECLI/2.45.0
    method: GET
    uri: https://management.azure.com/subscriptions/00000000-0000-0000-0000-000000000000/providers/Microsoft.Kusto/locations/West%20US/operationResults/3d6cac8d-41b0-44d6-8260-d916fa51a4fa?api-version=2019-01-21
  response:
    body:
      string: '{"id":"/subscriptions/00000000-0000-0000-0000-000000000000/providers/Microsoft.Kusto/locations/West
        US/operationresults/3d6cac8d-41b0-44d6-8260-d916fa51a4fa","name":"3d6cac8d-41b0-44d6-8260-d916fa51a4fa","status":"Running","startTime":"2023-02-07T10:39:40.6749743Z","endTime":"2023-02-07T10:39:44.534418Z","percentComplete":0.5,"properties":{"operationKind":"ServiceConfigurationAlter","provisioningState":"Running","operationState":"InProgress"}}'
    headers:
      cache-control:
      - no-cache
      content-length:
      - '447'
      content-type:
      - application/json; charset=utf-8
      date:
      - Tue, 07 Feb 2023 10:48:49 GMT
      expires:
      - '-1'
      pragma:
      - no-cache
      server:
      - Microsoft-HTTPAPI/2.0
      strict-transport-security:
      - max-age=31536000; includeSubDomains
      transfer-encoding:
      - chunked
      vary:
      - Accept-Encoding
      x-content-type-options:
      - nosniff
      x-ms-operation-root-activity-id:
      - a4f1ebef-f26c-4fb9-a9d2-4dc1cd9c3fb9
      x-ms-ratelimit-remaining-subscription-resource-requests:
      - '298'
    status:
      code: 200
      message: OK
- request:
    body: null
    headers:
      Accept:
      - application/json
      Accept-Encoding:
      - gzip, deflate
      CommandName:
      - kusto cluster update
      Connection:
      - keep-alive
      ParameterSetName:
      - -n -g --sku --capacity
      User-Agent:
      - python/3.10.9 (Linux-5.15.0-1031-azure-x86_64-with-glibc2.31) msrest/0.7.1
        VSTS_7b238909-6802-4b65-b90d-184bca47f458_build_220_0 msrest_azure/0.6.4 azure-mgmt-kusto/0.3.0
        Azure-SDK-For-Python AZURECLI/2.45.0
    method: GET
    uri: https://management.azure.com/subscriptions/00000000-0000-0000-0000-000000000000/providers/Microsoft.Kusto/locations/West%20US/operationResults/3d6cac8d-41b0-44d6-8260-d916fa51a4fa?api-version=2019-01-21
  response:
    body:
      string: '{"id":"/subscriptions/00000000-0000-0000-0000-000000000000/providers/Microsoft.Kusto/locations/West
        US/operationresults/3d6cac8d-41b0-44d6-8260-d916fa51a4fa","name":"3d6cac8d-41b0-44d6-8260-d916fa51a4fa","status":"Running","startTime":"2023-02-07T10:39:40.6749743Z","endTime":"2023-02-07T10:39:44.534418Z","percentComplete":0.5,"properties":{"operationKind":"ServiceConfigurationAlter","provisioningState":"Running","operationState":"InProgress"}}'
    headers:
      cache-control:
      - no-cache
      content-length:
      - '447'
      content-type:
      - application/json; charset=utf-8
      date:
      - Tue, 07 Feb 2023 10:49:19 GMT
      expires:
      - '-1'
      pragma:
      - no-cache
      server:
      - Microsoft-HTTPAPI/2.0
      strict-transport-security:
      - max-age=31536000; includeSubDomains
      transfer-encoding:
      - chunked
      vary:
      - Accept-Encoding
      x-content-type-options:
      - nosniff
      x-ms-operation-root-activity-id:
      - a4f1ebef-f26c-4fb9-a9d2-4dc1cd9c3fb9
      x-ms-ratelimit-remaining-subscription-resource-requests:
      - '299'
    status:
      code: 200
      message: OK
- request:
    body: null
    headers:
      Accept:
      - application/json
      Accept-Encoding:
      - gzip, deflate
      CommandName:
      - kusto cluster update
      Connection:
      - keep-alive
      ParameterSetName:
      - -n -g --sku --capacity
      User-Agent:
      - python/3.10.9 (Linux-5.15.0-1031-azure-x86_64-with-glibc2.31) msrest/0.7.1
        VSTS_7b238909-6802-4b65-b90d-184bca47f458_build_220_0 msrest_azure/0.6.4 azure-mgmt-kusto/0.3.0
        Azure-SDK-For-Python AZURECLI/2.45.0
    method: GET
    uri: https://management.azure.com/subscriptions/00000000-0000-0000-0000-000000000000/providers/Microsoft.Kusto/locations/West%20US/operationResults/3d6cac8d-41b0-44d6-8260-d916fa51a4fa?api-version=2019-01-21
  response:
    body:
      string: '{"id":"/subscriptions/00000000-0000-0000-0000-000000000000/providers/Microsoft.Kusto/locations/West
        US/operationresults/3d6cac8d-41b0-44d6-8260-d916fa51a4fa","name":"3d6cac8d-41b0-44d6-8260-d916fa51a4fa","status":"Running","startTime":"2023-02-07T10:39:40.6749743Z","endTime":"2023-02-07T10:39:44.534418Z","percentComplete":0.5,"properties":{"operationKind":"ServiceConfigurationAlter","provisioningState":"Running","operationState":"InProgress"}}'
    headers:
      cache-control:
      - no-cache
      content-length:
      - '447'
      content-type:
      - application/json; charset=utf-8
      date:
      - Tue, 07 Feb 2023 10:49:49 GMT
      expires:
      - '-1'
      pragma:
      - no-cache
      server:
      - Microsoft-HTTPAPI/2.0
      strict-transport-security:
      - max-age=31536000; includeSubDomains
      transfer-encoding:
      - chunked
      vary:
      - Accept-Encoding
      x-content-type-options:
      - nosniff
      x-ms-operation-root-activity-id:
      - a4f1ebef-f26c-4fb9-a9d2-4dc1cd9c3fb9
      x-ms-ratelimit-remaining-subscription-resource-requests:
      - '299'
    status:
      code: 200
      message: OK
- request:
    body: null
    headers:
      Accept:
      - application/json
      Accept-Encoding:
      - gzip, deflate
      CommandName:
      - kusto cluster update
      Connection:
      - keep-alive
      ParameterSetName:
      - -n -g --sku --capacity
      User-Agent:
      - python/3.10.9 (Linux-5.15.0-1031-azure-x86_64-with-glibc2.31) msrest/0.7.1
        VSTS_7b238909-6802-4b65-b90d-184bca47f458_build_220_0 msrest_azure/0.6.4 azure-mgmt-kusto/0.3.0
        Azure-SDK-For-Python AZURECLI/2.45.0
    method: GET
    uri: https://management.azure.com/subscriptions/00000000-0000-0000-0000-000000000000/providers/Microsoft.Kusto/locations/West%20US/operationResults/3d6cac8d-41b0-44d6-8260-d916fa51a4fa?api-version=2019-01-21
  response:
    body:
      string: '{"id":"/subscriptions/00000000-0000-0000-0000-000000000000/providers/Microsoft.Kusto/locations/West
        US/operationresults/3d6cac8d-41b0-44d6-8260-d916fa51a4fa","name":"3d6cac8d-41b0-44d6-8260-d916fa51a4fa","status":"Running","startTime":"2023-02-07T10:39:40.6749743Z","endTime":"2023-02-07T10:39:44.534418Z","percentComplete":0.5,"properties":{"operationKind":"ServiceConfigurationAlter","provisioningState":"Running","operationState":"InProgress"}}'
    headers:
      cache-control:
      - no-cache
      content-length:
      - '447'
      content-type:
      - application/json; charset=utf-8
      date:
      - Tue, 07 Feb 2023 10:50:20 GMT
      expires:
      - '-1'
      pragma:
      - no-cache
      server:
      - Microsoft-HTTPAPI/2.0
      strict-transport-security:
      - max-age=31536000; includeSubDomains
      transfer-encoding:
      - chunked
      vary:
      - Accept-Encoding
      x-content-type-options:
      - nosniff
      x-ms-operation-root-activity-id:
      - a4f1ebef-f26c-4fb9-a9d2-4dc1cd9c3fb9
      x-ms-ratelimit-remaining-subscription-resource-requests:
      - '299'
    status:
      code: 200
      message: OK
- request:
    body: null
    headers:
      Accept:
      - application/json
      Accept-Encoding:
      - gzip, deflate
      CommandName:
      - kusto cluster update
      Connection:
      - keep-alive
      ParameterSetName:
      - -n -g --sku --capacity
      User-Agent:
      - python/3.10.9 (Linux-5.15.0-1031-azure-x86_64-with-glibc2.31) msrest/0.7.1
        VSTS_7b238909-6802-4b65-b90d-184bca47f458_build_220_0 msrest_azure/0.6.4 azure-mgmt-kusto/0.3.0
        Azure-SDK-For-Python AZURECLI/2.45.0
    method: GET
    uri: https://management.azure.com/subscriptions/00000000-0000-0000-0000-000000000000/providers/Microsoft.Kusto/locations/West%20US/operationResults/3d6cac8d-41b0-44d6-8260-d916fa51a4fa?api-version=2019-01-21
  response:
    body:
      string: '{"id":"/subscriptions/00000000-0000-0000-0000-000000000000/providers/Microsoft.Kusto/locations/West
        US/operationresults/3d6cac8d-41b0-44d6-8260-d916fa51a4fa","name":"3d6cac8d-41b0-44d6-8260-d916fa51a4fa","status":"Succeeded","startTime":"2023-02-07T10:39:40.6749743Z","endTime":"2023-02-07T10:50:30.8118819Z","percentComplete":1.0,"properties":{"operationKind":"ServiceConfigurationAlter","provisioningState":"Succeeded","operationState":"Completed"}}'
    headers:
      cache-control:
      - no-cache
      content-length:
      - '451'
      content-type:
      - application/json; charset=utf-8
      date:
      - Tue, 07 Feb 2023 10:50:51 GMT
      expires:
      - '-1'
      pragma:
      - no-cache
      server:
      - Microsoft-HTTPAPI/2.0
      strict-transport-security:
      - max-age=31536000; includeSubDomains
      transfer-encoding:
      - chunked
      vary:
      - Accept-Encoding
      x-content-type-options:
      - nosniff
      x-ms-operation-root-activity-id:
      - a4f1ebef-f26c-4fb9-a9d2-4dc1cd9c3fb9
      x-ms-ratelimit-remaining-subscription-resource-requests:
      - '299'
    status:
      code: 200
      message: OK
- request:
    body: null
    headers:
      Accept:
      - application/json
      Accept-Encoding:
      - gzip, deflate
      CommandName:
      - kusto cluster update
      Connection:
      - keep-alive
      ParameterSetName:
      - -n -g --sku --capacity
      User-Agent:
      - python/3.10.9 (Linux-5.15.0-1031-azure-x86_64-with-glibc2.31) msrest/0.7.1
        VSTS_7b238909-6802-4b65-b90d-184bca47f458_build_220_0 msrest_azure/0.6.4 azure-mgmt-kusto/0.3.0
        Azure-SDK-For-Python AZURECLI/2.45.0
    method: GET
    uri: https://management.azure.com/subscriptions/00000000-0000-0000-0000-000000000000/resourceGroups/clitest.rg000001/providers/Microsoft.Kusto/clusters/test000002?api-version=2019-01-21
  response:
    body:
      string: '{"id":"/subscriptions/00000000-0000-0000-0000-000000000000/resourceGroups/clitest.rg000001/providers/Microsoft.Kusto/Clusters/test000002","name":"test000002","type":"Microsoft.Kusto/Clusters","etag":"\"2023-02-07T10:50:30.6712105Z\"","location":"West
        US","sku":{"name":"Standard_D14_v2","tier":"Standard","capacity":6},"tags":{},"properties":{"state":"Running","uri":"https://test000002.westus.kusto.windows.net","dataIngestionUri":"https://ingest-test000002.westus.kusto.windows.net","trustedExternalTenants":[{"value":"*"}],"provisioningState":"Succeeded"}}'
    headers:
      cache-control:
      - no-cache
      content-length:
      - '559'
      content-type:
      - application/json; charset=utf-8
      date:
      - Tue, 07 Feb 2023 10:50:52 GMT
      etag:
      - '"2023-02-07T10:50:30.6712105Z"'
      expires:
      - '-1'
      pragma:
      - no-cache
      server:
      - Microsoft-HTTPAPI/2.0
      strict-transport-security:
      - max-age=31536000; includeSubDomains
      transfer-encoding:
      - chunked
      vary:
      - Accept-Encoding
      x-content-type-options:
      - nosniff
      x-ms-ratelimit-remaining-subscription-resource-requests:
      - '299'
    status:
      code: 200
      message: OK
- request:
    body: null
    headers:
      Accept:
      - application/json
      Accept-Encoding:
      - gzip, deflate
      CommandName:
      - kusto cluster delete
      Connection:
      - keep-alive
      Content-Length:
      - '0'
      ParameterSetName:
      - -n -g -y
      User-Agent:
      - python/3.10.9 (Linux-5.15.0-1031-azure-x86_64-with-glibc2.31) msrest/0.7.1
        VSTS_7b238909-6802-4b65-b90d-184bca47f458_build_220_0 msrest_azure/0.6.4 azure-mgmt-kusto/0.3.0
        Azure-SDK-For-Python AZURECLI/2.45.0
      accept-language:
      - en-US
    method: DELETE
    uri: https://management.azure.com/subscriptions/00000000-0000-0000-0000-000000000000/resourceGroups/clitest.rg000001/providers/Microsoft.Kusto/clusters/test000002?api-version=2019-01-21
  response:
    body:
      string: ''
    headers:
      azure-asyncoperation:
      - https://management.azure.com/subscriptions/00000000-0000-0000-0000-000000000000/providers/Microsoft.Kusto/locations/West
        US/operationResults/e4172bba-0aaf-4fcd-b36f-50ec7b09ab24?api-version=2019-01-21
      cache-control:
      - no-cache
      content-length:
      - '0'
      date:
      - Tue, 07 Feb 2023 10:50:53 GMT
      expires:
      - '-1'
      location:
      - https://management.azure.com/subscriptions/00000000-0000-0000-0000-000000000000/providers/Microsoft.Kusto/locations/West%20US/operationResults/e4172bba-0aaf-4fcd-b36f-50ec7b09ab24?api-version=2019-01-21&operationResultResponseType=Location
      pragma:
      - no-cache
      server:
      - Microsoft-HTTPAPI/2.0
      strict-transport-security:
      - max-age=31536000; includeSubDomains
      x-content-type-options:
      - nosniff
      x-ms-ratelimit-remaining-subscription-deletes:
      - '14999'
    status:
      code: 202
      message: Accepted
- request:
    body: null
    headers:
      Accept:
      - application/json
      Accept-Encoding:
      - gzip, deflate
      CommandName:
      - kusto cluster delete
      Connection:
      - keep-alive
      ParameterSetName:
      - -n -g -y
      User-Agent:
      - python/3.10.9 (Linux-5.15.0-1031-azure-x86_64-with-glibc2.31) msrest/0.7.1
        VSTS_7b238909-6802-4b65-b90d-184bca47f458_build_220_0 msrest_azure/0.6.4 azure-mgmt-kusto/0.3.0
        Azure-SDK-For-Python AZURECLI/2.45.0
    method: GET
    uri: https://management.azure.com/subscriptions/00000000-0000-0000-0000-000000000000/providers/Microsoft.Kusto/locations/West%20US/operationResults/e4172bba-0aaf-4fcd-b36f-50ec7b09ab24?api-version=2019-01-21
  response:
    body:
      string: '{"id":"/subscriptions/00000000-0000-0000-0000-000000000000/providers/Microsoft.Kusto/locations/West
        US/operationresults/e4172bba-0aaf-4fcd-b36f-50ec7b09ab24","name":"e4172bba-0aaf-4fcd-b36f-50ec7b09ab24","status":"Running","startTime":"2023-02-07T10:50:53.9563298Z","endTime":"2023-02-07T10:50:54.6595021Z","percentComplete":0.5,"properties":{"operationKind":"ClusterDelete","provisioningState":"Running","operationState":"InProgress"}}'
    headers:
      cache-control:
      - no-cache
      content-length:
      - '436'
      content-type:
      - application/json; charset=utf-8
      date:
      - Tue, 07 Feb 2023 10:51:24 GMT
      expires:
      - '-1'
      pragma:
      - no-cache
      server:
      - Microsoft-HTTPAPI/2.0
      strict-transport-security:
      - max-age=31536000; includeSubDomains
      transfer-encoding:
      - chunked
      vary:
      - Accept-Encoding
      x-content-type-options:
      - nosniff
      x-ms-operation-root-activity-id:
      - 5fd5cff8-d06a-475e-94ca-dbbfaf674b42
      x-ms-ratelimit-remaining-subscription-resource-requests:
      - '299'
    status:
      code: 200
      message: OK
- request:
    body: null
    headers:
      Accept:
      - application/json
      Accept-Encoding:
      - gzip, deflate
      CommandName:
      - kusto cluster delete
      Connection:
      - keep-alive
      ParameterSetName:
      - -n -g -y
      User-Agent:
      - python/3.10.9 (Linux-5.15.0-1031-azure-x86_64-with-glibc2.31) msrest/0.7.1
        VSTS_7b238909-6802-4b65-b90d-184bca47f458_build_220_0 msrest_azure/0.6.4 azure-mgmt-kusto/0.3.0
        Azure-SDK-For-Python AZURECLI/2.45.0
    method: GET
    uri: https://management.azure.com/subscriptions/00000000-0000-0000-0000-000000000000/providers/Microsoft.Kusto/locations/West%20US/operationResults/e4172bba-0aaf-4fcd-b36f-50ec7b09ab24?api-version=2019-01-21
  response:
    body:
      string: '{"id":"/subscriptions/00000000-0000-0000-0000-000000000000/providers/Microsoft.Kusto/locations/West
        US/operationresults/e4172bba-0aaf-4fcd-b36f-50ec7b09ab24","name":"e4172bba-0aaf-4fcd-b36f-50ec7b09ab24","status":"Running","startTime":"2023-02-07T10:50:53.9563298Z","endTime":"2023-02-07T10:50:54.6595021Z","percentComplete":0.5,"properties":{"operationKind":"ClusterDelete","provisioningState":"Running","operationState":"InProgress"}}'
    headers:
      cache-control:
      - no-cache
      content-length:
      - '436'
      content-type:
      - application/json; charset=utf-8
      date:
      - Tue, 07 Feb 2023 10:51:54 GMT
      expires:
      - '-1'
      pragma:
      - no-cache
      server:
      - Microsoft-HTTPAPI/2.0
      strict-transport-security:
      - max-age=31536000; includeSubDomains
      transfer-encoding:
      - chunked
      vary:
      - Accept-Encoding
      x-content-type-options:
      - nosniff
      x-ms-operation-root-activity-id:
      - 5fd5cff8-d06a-475e-94ca-dbbfaf674b42
      x-ms-ratelimit-remaining-subscription-resource-requests:
      - '299'
    status:
      code: 200
      message: OK
- request:
    body: null
    headers:
      Accept:
      - application/json
      Accept-Encoding:
      - gzip, deflate
      CommandName:
      - kusto cluster delete
      Connection:
      - keep-alive
      ParameterSetName:
      - -n -g -y
      User-Agent:
      - python/3.10.9 (Linux-5.15.0-1031-azure-x86_64-with-glibc2.31) msrest/0.7.1
        VSTS_7b238909-6802-4b65-b90d-184bca47f458_build_220_0 msrest_azure/0.6.4 azure-mgmt-kusto/0.3.0
        Azure-SDK-For-Python AZURECLI/2.45.0
    method: GET
    uri: https://management.azure.com/subscriptions/00000000-0000-0000-0000-000000000000/providers/Microsoft.Kusto/locations/West%20US/operationResults/e4172bba-0aaf-4fcd-b36f-50ec7b09ab24?api-version=2019-01-21
  response:
    body:
      string: '{"id":"/subscriptions/00000000-0000-0000-0000-000000000000/providers/Microsoft.Kusto/locations/West
        US/operationresults/e4172bba-0aaf-4fcd-b36f-50ec7b09ab24","name":"e4172bba-0aaf-4fcd-b36f-50ec7b09ab24","status":"Running","startTime":"2023-02-07T10:50:53.9563298Z","endTime":"2023-02-07T10:50:54.6595021Z","percentComplete":0.5,"properties":{"operationKind":"ClusterDelete","provisioningState":"Running","operationState":"InProgress"}}'
    headers:
      cache-control:
      - no-cache
      content-length:
      - '436'
      content-type:
      - application/json; charset=utf-8
      date:
      - Tue, 07 Feb 2023 10:52:24 GMT
      expires:
      - '-1'
      pragma:
      - no-cache
      server:
      - Microsoft-HTTPAPI/2.0
      strict-transport-security:
      - max-age=31536000; includeSubDomains
      x-content-type-options:
      - nosniff
      x-ms-operation-root-activity-id:
      - 5fd5cff8-d06a-475e-94ca-dbbfaf674b42
      x-ms-ratelimit-remaining-subscription-resource-requests:
      - '299'
    status:
      code: 200
      message: OK
- request:
    body: null
    headers:
      Accept:
      - application/json
      Accept-Encoding:
      - gzip, deflate
      CommandName:
      - kusto cluster delete
      Connection:
      - keep-alive
      ParameterSetName:
      - -n -g -y
      User-Agent:
      - python/3.10.9 (Linux-5.15.0-1031-azure-x86_64-with-glibc2.31) msrest/0.7.1
        VSTS_7b238909-6802-4b65-b90d-184bca47f458_build_220_0 msrest_azure/0.6.4 azure-mgmt-kusto/0.3.0
        Azure-SDK-For-Python AZURECLI/2.45.0
    method: GET
    uri: https://management.azure.com/subscriptions/00000000-0000-0000-0000-000000000000/providers/Microsoft.Kusto/locations/West%20US/operationResults/e4172bba-0aaf-4fcd-b36f-50ec7b09ab24?api-version=2019-01-21
  response:
    body:
      string: '{"id":"/subscriptions/00000000-0000-0000-0000-000000000000/providers/Microsoft.Kusto/locations/West
        US/operationresults/e4172bba-0aaf-4fcd-b36f-50ec7b09ab24","name":"e4172bba-0aaf-4fcd-b36f-50ec7b09ab24","status":"Running","startTime":"2023-02-07T10:50:53.9563298Z","endTime":"2023-02-07T10:50:54.6595021Z","percentComplete":0.5,"properties":{"operationKind":"ClusterDelete","provisioningState":"Running","operationState":"InProgress"}}'
    headers:
      cache-control:
      - no-cache
      content-length:
      - '436'
      content-type:
      - application/json; charset=utf-8
      date:
      - Tue, 07 Feb 2023 10:52:55 GMT
      expires:
      - '-1'
      pragma:
      - no-cache
      server:
      - Microsoft-HTTPAPI/2.0
      strict-transport-security:
      - max-age=31536000; includeSubDomains
      transfer-encoding:
      - chunked
      vary:
      - Accept-Encoding
      x-content-type-options:
      - nosniff
      x-ms-operation-root-activity-id:
      - 5fd5cff8-d06a-475e-94ca-dbbfaf674b42
      x-ms-ratelimit-remaining-subscription-resource-requests:
      - '299'
    status:
      code: 200
      message: OK
- request:
    body: null
    headers:
      Accept:
      - application/json
      Accept-Encoding:
      - gzip, deflate
      CommandName:
      - kusto cluster delete
      Connection:
      - keep-alive
      ParameterSetName:
      - -n -g -y
      User-Agent:
      - python/3.10.9 (Linux-5.15.0-1031-azure-x86_64-with-glibc2.31) msrest/0.7.1
        VSTS_7b238909-6802-4b65-b90d-184bca47f458_build_220_0 msrest_azure/0.6.4 azure-mgmt-kusto/0.3.0
        Azure-SDK-For-Python AZURECLI/2.45.0
    method: GET
    uri: https://management.azure.com/subscriptions/00000000-0000-0000-0000-000000000000/providers/Microsoft.Kusto/locations/West%20US/operationResults/e4172bba-0aaf-4fcd-b36f-50ec7b09ab24?api-version=2019-01-21
  response:
    body:
      string: '{"id":"/subscriptions/00000000-0000-0000-0000-000000000000/providers/Microsoft.Kusto/locations/West
        US/operationresults/e4172bba-0aaf-4fcd-b36f-50ec7b09ab24","name":"e4172bba-0aaf-4fcd-b36f-50ec7b09ab24","status":"Running","startTime":"2023-02-07T10:50:53.9563298Z","endTime":"2023-02-07T10:50:54.6595021Z","percentComplete":0.5,"properties":{"operationKind":"ClusterDelete","provisioningState":"Running","operationState":"InProgress"}}'
    headers:
      cache-control:
      - no-cache
      content-length:
      - '436'
      content-type:
      - application/json; charset=utf-8
      date:
      - Tue, 07 Feb 2023 10:53:25 GMT
      expires:
      - '-1'
      pragma:
      - no-cache
      server:
      - Microsoft-HTTPAPI/2.0
      strict-transport-security:
      - max-age=31536000; includeSubDomains
      transfer-encoding:
      - chunked
      vary:
      - Accept-Encoding
      x-content-type-options:
      - nosniff
      x-ms-operation-root-activity-id:
      - 5fd5cff8-d06a-475e-94ca-dbbfaf674b42
      x-ms-ratelimit-remaining-subscription-resource-requests:
      - '299'
    status:
      code: 200
      message: OK
- request:
    body: null
    headers:
      Accept:
      - application/json
      Accept-Encoding:
      - gzip, deflate
      CommandName:
      - kusto cluster delete
      Connection:
      - keep-alive
      ParameterSetName:
      - -n -g -y
      User-Agent:
      - python/3.10.9 (Linux-5.15.0-1031-azure-x86_64-with-glibc2.31) msrest/0.7.1
        VSTS_7b238909-6802-4b65-b90d-184bca47f458_build_220_0 msrest_azure/0.6.4 azure-mgmt-kusto/0.3.0
        Azure-SDK-For-Python AZURECLI/2.45.0
    method: GET
    uri: https://management.azure.com/subscriptions/00000000-0000-0000-0000-000000000000/providers/Microsoft.Kusto/locations/West%20US/operationResults/e4172bba-0aaf-4fcd-b36f-50ec7b09ab24?api-version=2019-01-21
  response:
    body:
      string: '{"id":"/subscriptions/00000000-0000-0000-0000-000000000000/providers/Microsoft.Kusto/locations/West
        US/operationresults/e4172bba-0aaf-4fcd-b36f-50ec7b09ab24","name":"e4172bba-0aaf-4fcd-b36f-50ec7b09ab24","status":"Running","startTime":"2023-02-07T10:50:53.9563298Z","endTime":"2023-02-07T10:50:54.6595021Z","percentComplete":0.5,"properties":{"operationKind":"ClusterDelete","provisioningState":"Running","operationState":"InProgress"}}'
    headers:
      cache-control:
      - no-cache
      content-length:
      - '436'
      content-type:
      - application/json; charset=utf-8
      date:
      - Tue, 07 Feb 2023 10:53:55 GMT
      expires:
      - '-1'
      pragma:
      - no-cache
      server:
      - Microsoft-HTTPAPI/2.0
      strict-transport-security:
      - max-age=31536000; includeSubDomains
      transfer-encoding:
      - chunked
      vary:
      - Accept-Encoding
      x-content-type-options:
      - nosniff
      x-ms-operation-root-activity-id:
      - 5fd5cff8-d06a-475e-94ca-dbbfaf674b42
      x-ms-ratelimit-remaining-subscription-resource-requests:
      - '299'
    status:
      code: 200
      message: OK
- request:
    body: null
    headers:
      Accept:
      - application/json
      Accept-Encoding:
      - gzip, deflate
      CommandName:
      - kusto cluster delete
      Connection:
      - keep-alive
      ParameterSetName:
      - -n -g -y
      User-Agent:
      - python/3.10.9 (Linux-5.15.0-1031-azure-x86_64-with-glibc2.31) msrest/0.7.1
        VSTS_7b238909-6802-4b65-b90d-184bca47f458_build_220_0 msrest_azure/0.6.4 azure-mgmt-kusto/0.3.0
        Azure-SDK-For-Python AZURECLI/2.45.0
    method: GET
    uri: https://management.azure.com/subscriptions/00000000-0000-0000-0000-000000000000/providers/Microsoft.Kusto/locations/West%20US/operationResults/e4172bba-0aaf-4fcd-b36f-50ec7b09ab24?api-version=2019-01-21
  response:
    body:
      string: '{"id":"/subscriptions/00000000-0000-0000-0000-000000000000/providers/Microsoft.Kusto/locations/West
        US/operationresults/e4172bba-0aaf-4fcd-b36f-50ec7b09ab24","name":"e4172bba-0aaf-4fcd-b36f-50ec7b09ab24","status":"Running","startTime":"2023-02-07T10:50:53.9563298Z","endTime":"2023-02-07T10:50:54.6595021Z","percentComplete":0.5,"properties":{"operationKind":"ClusterDelete","provisioningState":"Running","operationState":"InProgress"}}'
    headers:
      cache-control:
      - no-cache
      content-length:
      - '436'
      content-type:
      - application/json; charset=utf-8
      date:
      - Tue, 07 Feb 2023 10:54:26 GMT
      expires:
      - '-1'
      pragma:
      - no-cache
      server:
      - Microsoft-HTTPAPI/2.0
      strict-transport-security:
      - max-age=31536000; includeSubDomains
      transfer-encoding:
      - chunked
      vary:
      - Accept-Encoding
      x-content-type-options:
      - nosniff
      x-ms-operation-root-activity-id:
      - 5fd5cff8-d06a-475e-94ca-dbbfaf674b42
      x-ms-ratelimit-remaining-subscription-resource-requests:
      - '298'
    status:
      code: 200
      message: OK
- request:
    body: null
    headers:
      Accept:
      - application/json
      Accept-Encoding:
      - gzip, deflate
      CommandName:
      - kusto cluster delete
      Connection:
      - keep-alive
      ParameterSetName:
      - -n -g -y
      User-Agent:
      - python/3.10.9 (Linux-5.15.0-1031-azure-x86_64-with-glibc2.31) msrest/0.7.1
        VSTS_7b238909-6802-4b65-b90d-184bca47f458_build_220_0 msrest_azure/0.6.4 azure-mgmt-kusto/0.3.0
        Azure-SDK-For-Python AZURECLI/2.45.0
    method: GET
    uri: https://management.azure.com/subscriptions/00000000-0000-0000-0000-000000000000/providers/Microsoft.Kusto/locations/West%20US/operationResults/e4172bba-0aaf-4fcd-b36f-50ec7b09ab24?api-version=2019-01-21
  response:
    body:
      string: '{"id":"/subscriptions/00000000-0000-0000-0000-000000000000/providers/Microsoft.Kusto/locations/West
        US/operationresults/e4172bba-0aaf-4fcd-b36f-50ec7b09ab24","name":"e4172bba-0aaf-4fcd-b36f-50ec7b09ab24","status":"Running","startTime":"2023-02-07T10:50:53.9563298Z","endTime":"2023-02-07T10:50:54.6595021Z","percentComplete":0.5,"properties":{"operationKind":"ClusterDelete","provisioningState":"Running","operationState":"InProgress"}}'
    headers:
      cache-control:
      - no-cache
      content-length:
      - '436'
      content-type:
      - application/json; charset=utf-8
      date:
      - Tue, 07 Feb 2023 10:54:57 GMT
      expires:
      - '-1'
      pragma:
      - no-cache
      server:
      - Microsoft-HTTPAPI/2.0
      strict-transport-security:
      - max-age=31536000; includeSubDomains
      x-content-type-options:
      - nosniff
      x-ms-operation-root-activity-id:
      - 5fd5cff8-d06a-475e-94ca-dbbfaf674b42
      x-ms-ratelimit-remaining-subscription-resource-requests:
      - '299'
    status:
      code: 200
      message: OK
- request:
    body: null
    headers:
      Accept:
      - application/json
      Accept-Encoding:
      - gzip, deflate
      CommandName:
      - kusto cluster delete
      Connection:
      - keep-alive
      ParameterSetName:
      - -n -g -y
      User-Agent:
      - python/3.10.9 (Linux-5.15.0-1031-azure-x86_64-with-glibc2.31) msrest/0.7.1
        VSTS_7b238909-6802-4b65-b90d-184bca47f458_build_220_0 msrest_azure/0.6.4 azure-mgmt-kusto/0.3.0
        Azure-SDK-For-Python AZURECLI/2.45.0
    method: GET
    uri: https://management.azure.com/subscriptions/00000000-0000-0000-0000-000000000000/providers/Microsoft.Kusto/locations/West%20US/operationResults/e4172bba-0aaf-4fcd-b36f-50ec7b09ab24?api-version=2019-01-21
  response:
    body:
      string: '{"id":"/subscriptions/00000000-0000-0000-0000-000000000000/providers/Microsoft.Kusto/locations/West
        US/operationresults/e4172bba-0aaf-4fcd-b36f-50ec7b09ab24","name":"e4172bba-0aaf-4fcd-b36f-50ec7b09ab24","status":"Running","startTime":"2023-02-07T10:50:53.9563298Z","endTime":"2023-02-07T10:50:54.6595021Z","percentComplete":0.5,"properties":{"operationKind":"ClusterDelete","provisioningState":"Running","operationState":"InProgress"}}'
    headers:
      cache-control:
      - no-cache
      content-length:
      - '436'
      content-type:
      - application/json; charset=utf-8
      date:
      - Tue, 07 Feb 2023 10:55:27 GMT
      expires:
      - '-1'
      pragma:
      - no-cache
      server:
      - Microsoft-HTTPAPI/2.0
      strict-transport-security:
      - max-age=31536000; includeSubDomains
      transfer-encoding:
      - chunked
      vary:
      - Accept-Encoding
      x-content-type-options:
      - nosniff
      x-ms-operation-root-activity-id:
      - 5fd5cff8-d06a-475e-94ca-dbbfaf674b42
      x-ms-ratelimit-remaining-subscription-resource-requests:
      - '299'
    status:
      code: 200
      message: OK
- request:
    body: null
    headers:
      Accept:
      - application/json
      Accept-Encoding:
      - gzip, deflate
      CommandName:
      - kusto cluster delete
      Connection:
      - keep-alive
      ParameterSetName:
      - -n -g -y
      User-Agent:
      - python/3.10.9 (Linux-5.15.0-1031-azure-x86_64-with-glibc2.31) msrest/0.7.1
        VSTS_7b238909-6802-4b65-b90d-184bca47f458_build_220_0 msrest_azure/0.6.4 azure-mgmt-kusto/0.3.0
        Azure-SDK-For-Python AZURECLI/2.45.0
    method: GET
    uri: https://management.azure.com/subscriptions/00000000-0000-0000-0000-000000000000/providers/Microsoft.Kusto/locations/West%20US/operationResults/e4172bba-0aaf-4fcd-b36f-50ec7b09ab24?api-version=2019-01-21
  response:
    body:
      string: '{"id":"/subscriptions/00000000-0000-0000-0000-000000000000/providers/Microsoft.Kusto/locations/West
        US/operationresults/e4172bba-0aaf-4fcd-b36f-50ec7b09ab24","name":"e4172bba-0aaf-4fcd-b36f-50ec7b09ab24","status":"Running","startTime":"2023-02-07T10:50:53.9563298Z","endTime":"2023-02-07T10:50:54.6595021Z","percentComplete":0.5,"properties":{"operationKind":"ClusterDelete","provisioningState":"Running","operationState":"InProgress"}}'
    headers:
      cache-control:
      - no-cache
      content-length:
      - '436'
      content-type:
      - application/json; charset=utf-8
      date:
      - Tue, 07 Feb 2023 10:55:58 GMT
      expires:
      - '-1'
      pragma:
      - no-cache
      server:
      - Microsoft-HTTPAPI/2.0
      strict-transport-security:
      - max-age=31536000; includeSubDomains
      x-content-type-options:
      - nosniff
      x-ms-operation-root-activity-id:
      - 5fd5cff8-d06a-475e-94ca-dbbfaf674b42
      x-ms-ratelimit-remaining-subscription-resource-requests:
      - '299'
    status:
      code: 200
      message: OK
- request:
    body: null
    headers:
      Accept:
      - application/json
      Accept-Encoding:
      - gzip, deflate
      CommandName:
      - kusto cluster delete
      Connection:
      - keep-alive
      ParameterSetName:
      - -n -g -y
      User-Agent:
      - python/3.10.9 (Linux-5.15.0-1031-azure-x86_64-with-glibc2.31) msrest/0.7.1
        VSTS_7b238909-6802-4b65-b90d-184bca47f458_build_220_0 msrest_azure/0.6.4 azure-mgmt-kusto/0.3.0
        Azure-SDK-For-Python AZURECLI/2.45.0
    method: GET
    uri: https://management.azure.com/subscriptions/00000000-0000-0000-0000-000000000000/providers/Microsoft.Kusto/locations/West%20US/operationResults/e4172bba-0aaf-4fcd-b36f-50ec7b09ab24?api-version=2019-01-21
  response:
    body:
      string: '{"id":"/subscriptions/00000000-0000-0000-0000-000000000000/providers/Microsoft.Kusto/locations/West
        US/operationresults/e4172bba-0aaf-4fcd-b36f-50ec7b09ab24","name":"e4172bba-0aaf-4fcd-b36f-50ec7b09ab24","status":"Running","startTime":"2023-02-07T10:50:53.9563298Z","endTime":"2023-02-07T10:50:54.6595021Z","percentComplete":0.5,"properties":{"operationKind":"ClusterDelete","provisioningState":"Running","operationState":"InProgress"}}'
    headers:
      cache-control:
      - no-cache
      content-length:
      - '436'
      content-type:
      - application/json; charset=utf-8
      date:
      - Tue, 07 Feb 2023 10:56:29 GMT
      expires:
      - '-1'
      pragma:
      - no-cache
      server:
      - Microsoft-HTTPAPI/2.0
      strict-transport-security:
      - max-age=31536000; includeSubDomains
      x-content-type-options:
      - nosniff
      x-ms-operation-root-activity-id:
      - 5fd5cff8-d06a-475e-94ca-dbbfaf674b42
      x-ms-ratelimit-remaining-subscription-resource-requests:
      - '298'
    status:
      code: 200
      message: OK
- request:
    body: null
    headers:
      Accept:
      - application/json
      Accept-Encoding:
      - gzip, deflate
      CommandName:
      - kusto cluster delete
      Connection:
      - keep-alive
      ParameterSetName:
      - -n -g -y
      User-Agent:
      - python/3.10.9 (Linux-5.15.0-1031-azure-x86_64-with-glibc2.31) msrest/0.7.1
        VSTS_7b238909-6802-4b65-b90d-184bca47f458_build_220_0 msrest_azure/0.6.4 azure-mgmt-kusto/0.3.0
        Azure-SDK-For-Python AZURECLI/2.45.0
    method: GET
    uri: https://management.azure.com/subscriptions/00000000-0000-0000-0000-000000000000/providers/Microsoft.Kusto/locations/West%20US/operationResults/e4172bba-0aaf-4fcd-b36f-50ec7b09ab24?api-version=2019-01-21
  response:
    body:
      string: '{"id":"/subscriptions/00000000-0000-0000-0000-000000000000/providers/Microsoft.Kusto/locations/West
        US/operationresults/e4172bba-0aaf-4fcd-b36f-50ec7b09ab24","name":"e4172bba-0aaf-4fcd-b36f-50ec7b09ab24","status":"Running","startTime":"2023-02-07T10:50:53.9563298Z","endTime":"2023-02-07T10:50:54.6595021Z","percentComplete":0.5,"properties":{"operationKind":"ClusterDelete","provisioningState":"Running","operationState":"InProgress"}}'
    headers:
      cache-control:
      - no-cache
      content-length:
      - '436'
      content-type:
      - application/json; charset=utf-8
      date:
      - Tue, 07 Feb 2023 10:56:59 GMT
      expires:
      - '-1'
      pragma:
      - no-cache
      server:
      - Microsoft-HTTPAPI/2.0
      strict-transport-security:
      - max-age=31536000; includeSubDomains
      transfer-encoding:
      - chunked
      vary:
      - Accept-Encoding
      x-content-type-options:
      - nosniff
      x-ms-operation-root-activity-id:
      - 5fd5cff8-d06a-475e-94ca-dbbfaf674b42
      x-ms-ratelimit-remaining-subscription-resource-requests:
      - '299'
    status:
      code: 200
      message: OK
- request:
    body: null
    headers:
      Accept:
      - application/json
      Accept-Encoding:
      - gzip, deflate
      CommandName:
      - kusto cluster delete
      Connection:
      - keep-alive
      ParameterSetName:
      - -n -g -y
      User-Agent:
      - python/3.10.9 (Linux-5.15.0-1031-azure-x86_64-with-glibc2.31) msrest/0.7.1
        VSTS_7b238909-6802-4b65-b90d-184bca47f458_build_220_0 msrest_azure/0.6.4 azure-mgmt-kusto/0.3.0
        Azure-SDK-For-Python AZURECLI/2.45.0
    method: GET
    uri: https://management.azure.com/subscriptions/00000000-0000-0000-0000-000000000000/providers/Microsoft.Kusto/locations/West%20US/operationResults/e4172bba-0aaf-4fcd-b36f-50ec7b09ab24?api-version=2019-01-21
  response:
    body:
      string: '{"id":"/subscriptions/00000000-0000-0000-0000-000000000000/providers/Microsoft.Kusto/locations/West
        US/operationresults/e4172bba-0aaf-4fcd-b36f-50ec7b09ab24","name":"e4172bba-0aaf-4fcd-b36f-50ec7b09ab24","status":"Running","startTime":"2023-02-07T10:50:53.9563298Z","endTime":"2023-02-07T10:50:54.6595021Z","percentComplete":0.5,"properties":{"operationKind":"ClusterDelete","provisioningState":"Running","operationState":"InProgress"}}'
    headers:
      cache-control:
      - no-cache
      content-length:
      - '436'
      content-type:
      - application/json; charset=utf-8
      date:
      - Tue, 07 Feb 2023 10:57:29 GMT
      expires:
      - '-1'
      pragma:
      - no-cache
      server:
      - Microsoft-HTTPAPI/2.0
      strict-transport-security:
      - max-age=31536000; includeSubDomains
      transfer-encoding:
      - chunked
      vary:
      - Accept-Encoding
      x-content-type-options:
      - nosniff
      x-ms-operation-root-activity-id:
      - 5fd5cff8-d06a-475e-94ca-dbbfaf674b42
      x-ms-ratelimit-remaining-subscription-resource-requests:
      - '299'
    status:
      code: 200
      message: OK
- request:
    body: null
    headers:
      Accept:
      - application/json
      Accept-Encoding:
      - gzip, deflate
      CommandName:
      - kusto cluster delete
      Connection:
      - keep-alive
      ParameterSetName:
      - -n -g -y
      User-Agent:
      - python/3.10.9 (Linux-5.15.0-1031-azure-x86_64-with-glibc2.31) msrest/0.7.1
        VSTS_7b238909-6802-4b65-b90d-184bca47f458_build_220_0 msrest_azure/0.6.4 azure-mgmt-kusto/0.3.0
        Azure-SDK-For-Python AZURECLI/2.45.0
    method: GET
    uri: https://management.azure.com/subscriptions/00000000-0000-0000-0000-000000000000/providers/Microsoft.Kusto/locations/West%20US/operationResults/e4172bba-0aaf-4fcd-b36f-50ec7b09ab24?api-version=2019-01-21
  response:
    body:
      string: '{"id":"/subscriptions/00000000-0000-0000-0000-000000000000/providers/Microsoft.Kusto/locations/West
        US/operationresults/e4172bba-0aaf-4fcd-b36f-50ec7b09ab24","name":"e4172bba-0aaf-4fcd-b36f-50ec7b09ab24","status":"Running","startTime":"2023-02-07T10:50:53.9563298Z","endTime":"2023-02-07T10:50:54.6595021Z","percentComplete":0.5,"properties":{"operationKind":"ClusterDelete","provisioningState":"Running","operationState":"InProgress"}}'
    headers:
      cache-control:
      - no-cache
      content-length:
      - '436'
      content-type:
      - application/json; charset=utf-8
      date:
      - Tue, 07 Feb 2023 10:57:59 GMT
      expires:
      - '-1'
      pragma:
      - no-cache
      server:
      - Microsoft-HTTPAPI/2.0
      strict-transport-security:
      - max-age=31536000; includeSubDomains
      transfer-encoding:
      - chunked
      vary:
      - Accept-Encoding
      x-content-type-options:
      - nosniff
      x-ms-operation-root-activity-id:
      - 5fd5cff8-d06a-475e-94ca-dbbfaf674b42
      x-ms-ratelimit-remaining-subscription-resource-requests:
      - '299'
    status:
      code: 200
      message: OK
- request:
    body: null
    headers:
      Accept:
      - application/json
      Accept-Encoding:
      - gzip, deflate
      CommandName:
      - kusto cluster delete
      Connection:
      - keep-alive
      ParameterSetName:
      - -n -g -y
      User-Agent:
      - python/3.10.9 (Linux-5.15.0-1031-azure-x86_64-with-glibc2.31) msrest/0.7.1
        VSTS_7b238909-6802-4b65-b90d-184bca47f458_build_220_0 msrest_azure/0.6.4 azure-mgmt-kusto/0.3.0
        Azure-SDK-For-Python AZURECLI/2.45.0
    method: GET
    uri: https://management.azure.com/subscriptions/00000000-0000-0000-0000-000000000000/providers/Microsoft.Kusto/locations/West%20US/operationResults/e4172bba-0aaf-4fcd-b36f-50ec7b09ab24?api-version=2019-01-21
  response:
    body:
      string: '{"id":"/subscriptions/00000000-0000-0000-0000-000000000000/providers/Microsoft.Kusto/locations/West
        US/operationresults/e4172bba-0aaf-4fcd-b36f-50ec7b09ab24","name":"e4172bba-0aaf-4fcd-b36f-50ec7b09ab24","status":"Succeeded","startTime":"2023-02-07T10:50:53.9563298Z","endTime":"2023-02-07T10:58:22.4186246Z","percentComplete":1.0,"properties":{"operationKind":"ClusterDelete","provisioningState":"Succeeded","operationState":"Completed"}}'
    headers:
      cache-control:
      - no-cache
      content-length:
      - '439'
      content-type:
      - application/json; charset=utf-8
      date:
      - Tue, 07 Feb 2023 10:58:30 GMT
      expires:
      - '-1'
      pragma:
      - no-cache
      server:
      - Microsoft-HTTPAPI/2.0
      strict-transport-security:
      - max-age=31536000; includeSubDomains
      transfer-encoding:
      - chunked
      vary:
      - Accept-Encoding
      x-content-type-options:
      - nosniff
      x-ms-operation-root-activity-id:
      - 5fd5cff8-d06a-475e-94ca-dbbfaf674b42
      x-ms-ratelimit-remaining-subscription-resource-requests:
      - '299'
    status:
      code: 200
      message: OK
version: 1
