interactions:
- request:
    body: null
    headers:
      Accept:
      - application/json
      Accept-Encoding:
      - gzip, deflate
      CommandName:
      - kusto cluster create
      Connection:
      - keep-alive
      ParameterSetName:
      - -n -g --sku --capacity
      User-Agent:
      - python/3.6.8 (Windows-10-10.0.19041-SP0) msrest/0.6.18 msrest_azure/0.6.3
        azure-mgmt-resource/10.2.0 Azure-SDK-For-Python AZURECLI/2.11.0
      accept-language:
      - en-US
    method: GET
    uri: https://management.azure.com/subscriptions/00000000-0000-0000-0000-000000000000/resourcegroups/clitest.rg000001?api-version=2020-06-01
  response:
    body:
      string: '{"id":"/subscriptions/00000000-0000-0000-0000-000000000000/resourceGroups/clitest.rg000001","name":"clitest.rg000001","type":"Microsoft.Resources/resourceGroups","location":"westus","tags":{"product":"azurecli","cause":"automation","date":"2020-08-27T06:46:25Z","StorageType":"Standard_LRS","type":"test"},"properties":{"provisioningState":"Succeeded"}}'
    headers:
      cache-control:
      - no-cache
      content-length:
      - '471'
      content-type:
      - application/json; charset=utf-8
      date:
      - Thu, 27 Aug 2020 06:46:30 GMT
      expires:
      - '-1'
      pragma:
      - no-cache
      strict-transport-security:
      - max-age=31536000; includeSubDomains
      vary:
      - Accept-Encoding
      x-content-type-options:
      - nosniff
    status:
      code: 200
      message: OK
- request:
    body: '{"location": "westus", "sku": {"name": "Standard_D13_v2", "capacity": 4,
      "tier": "Standard"}}'
    headers:
      Accept:
      - application/json
      Accept-Encoding:
      - gzip, deflate
      CommandName:
      - kusto cluster create
      Connection:
      - keep-alive
      Content-Length:
      - '93'
      Content-Type:
      - application/json; charset=utf-8
      ParameterSetName:
      - -n -g --sku --capacity
      User-Agent:
      - python/3.6.8 (Windows-10-10.0.19041-SP0) msrest/0.6.18 msrest_azure/0.6.3
        azure-mgmt-kusto/0.3.0 Azure-SDK-For-Python AZURECLI/2.11.0
      accept-language:
      - en-US
    method: PUT
    uri: https://management.azure.com/subscriptions/00000000-0000-0000-0000-000000000000/resourceGroups/clitest.rg000001/providers/Microsoft.Kusto/clusters/test000002?api-version=2019-01-21
  response:
    body:
      string: '{"id":"/subscriptions/00000000-0000-0000-0000-000000000000/resourceGroups/clitest.rg000001/providers/Microsoft.Kusto/Clusters/test000002","name":"test000002","type":"Microsoft.Kusto/Clusters","etag":"\"\"","location":"westus","sku":{"name":"Standard_D13_v2","tier":"Standard","capacity":4},"properties":{"state":"Creating","provisioningState":"Creating"}}'
    headers:
      azure-asyncoperation:
      - https://management.azure.com/subscriptions/00000000-0000-0000-0000-000000000000/providers/Microsoft.Kusto/locations/westus/operationResults/4cf271a3-2036-45b8-a69b-8e8cdfb5f4ad?api-version=2019-01-21
      cache-control:
      - no-cache
      content-length:
      - '434'
      content-type:
      - application/json; charset=utf-8
      date:
      - Thu, 27 Aug 2020 06:46:37 GMT
      etag:
      - '""'
      expires:
      - '-1'
      pragma:
      - no-cache
      set-cookie:
      - ARRAffinity=e8106a8061bfbf1e77923f2701724267ee8611f0100fbafddc292eb815692d1e;Path=/;HttpOnly;Domain=armrp-kustorpwus.kusto.windows.net
      strict-transport-security:
      - max-age=31536000; includeSubDomains
      x-content-type-options:
      - nosniff
      x-ms-ratelimit-remaining-subscription-resource-requests:
      - '199'
      x-powered-by:
      - ASP.NET
    status:
      code: 201
      message: Created
- request:
    body: null
    headers:
      Accept:
      - application/json
      Accept-Encoding:
      - gzip, deflate
      CommandName:
      - kusto cluster create
      Connection:
      - keep-alive
      ParameterSetName:
      - -n -g --sku --capacity
      User-Agent:
      - python/3.6.8 (Windows-10-10.0.19041-SP0) msrest/0.6.18 msrest_azure/0.6.3
        azure-mgmt-kusto/0.3.0 Azure-SDK-For-Python AZURECLI/2.11.0
    method: GET
    uri: https://management.azure.com/subscriptions/00000000-0000-0000-0000-000000000000/providers/Microsoft.Kusto/locations/westus/operationResults/4cf271a3-2036-45b8-a69b-8e8cdfb5f4ad?api-version=2019-01-21
  response:
    body:
      string: '{"id":"/subscriptions/00000000-0000-0000-0000-000000000000/providers/Microsoft.Kusto/locations/westus/operationresults/4cf271a3-2036-45b8-a69b-8e8cdfb5f4ad","name":"4cf271a3-2036-45b8-a69b-8e8cdfb5f4ad","status":"Running","startTime":"2020-08-27T06:46:36.919294Z","endTime":"2020-08-27T06:46:36.919294Z","percentComplete":0.5,"properties":{"OperationKind":"ClusterCreateExternal","RootActivityId":"b24c341f-6127-4e65-b00e-dcbfb8c75dc6","provisioningState":"Running","OperationState":"InProgress"}}'
    headers:
      cache-control:
      - no-cache
      content-length:
      - '497'
      content-type:
      - application/json; charset=utf-8
      date:
      - Thu, 27 Aug 2020 06:47:09 GMT
      expires:
      - '-1'
      pragma:
      - no-cache
      set-cookie:
      - ARRAffinity=49a94ddcdeb25346ee3a2b6c760ba69b1e208509e94f78fe226be7730ca067b6;Path=/;HttpOnly;Domain=armrp-kustorpwus.kusto.windows.net
      strict-transport-security:
      - max-age=31536000; includeSubDomains
      transfer-encoding:
      - chunked
      vary:
      - Accept-Encoding,Accept-Encoding
      x-content-type-options:
      - nosniff
      x-ms-ratelimit-remaining-subscription-resource-requests:
      - '299'
      x-powered-by:
      - ASP.NET
    status:
      code: 200
      message: OK
- request:
    body: null
    headers:
      Accept:
      - application/json
      Accept-Encoding:
      - gzip, deflate
      CommandName:
      - kusto cluster create
      Connection:
      - keep-alive
      ParameterSetName:
      - -n -g --sku --capacity
      User-Agent:
      - python/3.6.8 (Windows-10-10.0.19041-SP0) msrest/0.6.18 msrest_azure/0.6.3
        azure-mgmt-kusto/0.3.0 Azure-SDK-For-Python AZURECLI/2.11.0
    method: GET
    uri: https://management.azure.com/subscriptions/00000000-0000-0000-0000-000000000000/providers/Microsoft.Kusto/locations/westus/operationResults/4cf271a3-2036-45b8-a69b-8e8cdfb5f4ad?api-version=2019-01-21
  response:
    body:
      string: '{"id":"/subscriptions/00000000-0000-0000-0000-000000000000/providers/Microsoft.Kusto/locations/westus/operationresults/4cf271a3-2036-45b8-a69b-8e8cdfb5f4ad","name":"4cf271a3-2036-45b8-a69b-8e8cdfb5f4ad","status":"Running","startTime":"2020-08-27T06:46:36.919294Z","endTime":"2020-08-27T06:46:36.919294Z","percentComplete":0.5,"properties":{"OperationKind":"ClusterCreateExternal","RootActivityId":"b24c341f-6127-4e65-b00e-dcbfb8c75dc6","provisioningState":"Running","OperationState":"InProgress"}}'
    headers:
      cache-control:
      - no-cache
      content-length:
      - '497'
      content-type:
      - application/json; charset=utf-8
      date:
      - Thu, 27 Aug 2020 06:47:41 GMT
      expires:
      - '-1'
      pragma:
      - no-cache
      set-cookie:
      - ARRAffinity=2ee8dbca0c17fb4b4d8c562ef791535fd57061466334fb9e50f39326ad63a5ae;Path=/;HttpOnly;Domain=armrp-kustorpwus.kusto.windows.net
      strict-transport-security:
      - max-age=31536000; includeSubDomains
      transfer-encoding:
      - chunked
      vary:
      - Accept-Encoding,Accept-Encoding
      x-content-type-options:
      - nosniff
      x-ms-ratelimit-remaining-subscription-resource-requests:
      - '299'
      x-powered-by:
      - ASP.NET
    status:
      code: 200
      message: OK
- request:
    body: null
    headers:
      Accept:
      - application/json
      Accept-Encoding:
      - gzip, deflate
      CommandName:
      - kusto cluster create
      Connection:
      - keep-alive
      ParameterSetName:
      - -n -g --sku --capacity
      User-Agent:
      - python/3.6.8 (Windows-10-10.0.19041-SP0) msrest/0.6.18 msrest_azure/0.6.3
        azure-mgmt-kusto/0.3.0 Azure-SDK-For-Python AZURECLI/2.11.0
    method: GET
    uri: https://management.azure.com/subscriptions/00000000-0000-0000-0000-000000000000/providers/Microsoft.Kusto/locations/westus/operationResults/4cf271a3-2036-45b8-a69b-8e8cdfb5f4ad?api-version=2019-01-21
  response:
    body:
      string: '{"id":"/subscriptions/00000000-0000-0000-0000-000000000000/providers/Microsoft.Kusto/locations/westus/operationresults/4cf271a3-2036-45b8-a69b-8e8cdfb5f4ad","name":"4cf271a3-2036-45b8-a69b-8e8cdfb5f4ad","status":"Running","startTime":"2020-08-27T06:46:36.919294Z","endTime":"2020-08-27T06:46:36.919294Z","percentComplete":0.5,"properties":{"OperationKind":"ClusterCreateExternal","RootActivityId":"b24c341f-6127-4e65-b00e-dcbfb8c75dc6","provisioningState":"Running","OperationState":"InProgress"}}'
    headers:
      cache-control:
      - no-cache
      content-length:
      - '497'
      content-type:
      - application/json; charset=utf-8
      date:
      - Thu, 27 Aug 2020 06:48:12 GMT
      expires:
      - '-1'
      pragma:
      - no-cache
      set-cookie:
      - ARRAffinity=ed661ee8aa44d985bdf95aa0afc7e14d1e21b37a09dbfc32730819e4101ffbb2;Path=/;HttpOnly;Domain=armrp-kustorpwus.kusto.windows.net
      strict-transport-security:
      - max-age=31536000; includeSubDomains
      transfer-encoding:
      - chunked
      vary:
      - Accept-Encoding,Accept-Encoding
      x-content-type-options:
      - nosniff
      x-ms-ratelimit-remaining-subscription-resource-requests:
      - '298'
      x-powered-by:
      - ASP.NET
    status:
      code: 200
      message: OK
- request:
    body: null
    headers:
      Accept:
      - application/json
      Accept-Encoding:
      - gzip, deflate
      CommandName:
      - kusto cluster create
      Connection:
      - keep-alive
      ParameterSetName:
      - -n -g --sku --capacity
      User-Agent:
      - python/3.6.8 (Windows-10-10.0.19041-SP0) msrest/0.6.18 msrest_azure/0.6.3
        azure-mgmt-kusto/0.3.0 Azure-SDK-For-Python AZURECLI/2.11.0
    method: GET
    uri: https://management.azure.com/subscriptions/00000000-0000-0000-0000-000000000000/providers/Microsoft.Kusto/locations/westus/operationResults/4cf271a3-2036-45b8-a69b-8e8cdfb5f4ad?api-version=2019-01-21
  response:
    body:
      string: '{"id":"/subscriptions/00000000-0000-0000-0000-000000000000/providers/Microsoft.Kusto/locations/westus/operationresults/4cf271a3-2036-45b8-a69b-8e8cdfb5f4ad","name":"4cf271a3-2036-45b8-a69b-8e8cdfb5f4ad","status":"Running","startTime":"2020-08-27T06:46:36.919294Z","endTime":"2020-08-27T06:46:36.919294Z","percentComplete":0.5,"properties":{"OperationKind":"ClusterCreateExternal","RootActivityId":"b24c341f-6127-4e65-b00e-dcbfb8c75dc6","provisioningState":"Running","OperationState":"InProgress"}}'
    headers:
      cache-control:
      - no-cache
      content-length:
      - '497'
      content-type:
      - application/json; charset=utf-8
      date:
      - Thu, 27 Aug 2020 06:48:42 GMT
      expires:
      - '-1'
      pragma:
      - no-cache
      set-cookie:
      - ARRAffinity=e8106a8061bfbf1e77923f2701724267ee8611f0100fbafddc292eb815692d1e;Path=/;HttpOnly;Domain=armrp-kustorpwus.kusto.windows.net
      strict-transport-security:
      - max-age=31536000; includeSubDomains
      transfer-encoding:
      - chunked
      vary:
      - Accept-Encoding,Accept-Encoding
      x-content-type-options:
      - nosniff
      x-ms-ratelimit-remaining-subscription-resource-requests:
      - '297'
      x-powered-by:
      - ASP.NET
    status:
      code: 200
      message: OK
- request:
    body: null
    headers:
      Accept:
      - application/json
      Accept-Encoding:
      - gzip, deflate
      CommandName:
      - kusto cluster create
      Connection:
      - keep-alive
      ParameterSetName:
      - -n -g --sku --capacity
      User-Agent:
      - python/3.6.8 (Windows-10-10.0.19041-SP0) msrest/0.6.18 msrest_azure/0.6.3
        azure-mgmt-kusto/0.3.0 Azure-SDK-For-Python AZURECLI/2.11.0
    method: GET
    uri: https://management.azure.com/subscriptions/00000000-0000-0000-0000-000000000000/providers/Microsoft.Kusto/locations/westus/operationResults/4cf271a3-2036-45b8-a69b-8e8cdfb5f4ad?api-version=2019-01-21
  response:
    body:
      string: '{"id":"/subscriptions/00000000-0000-0000-0000-000000000000/providers/Microsoft.Kusto/locations/westus/operationresults/4cf271a3-2036-45b8-a69b-8e8cdfb5f4ad","name":"4cf271a3-2036-45b8-a69b-8e8cdfb5f4ad","status":"Running","startTime":"2020-08-27T06:46:36.919294Z","endTime":"2020-08-27T06:46:36.919294Z","percentComplete":0.5,"properties":{"OperationKind":"ClusterCreateExternal","RootActivityId":"b24c341f-6127-4e65-b00e-dcbfb8c75dc6","provisioningState":"Running","OperationState":"InProgress"}}'
    headers:
      cache-control:
      - no-cache
      content-length:
      - '497'
      content-type:
      - application/json; charset=utf-8
      date:
      - Thu, 27 Aug 2020 06:49:14 GMT
      expires:
      - '-1'
      pragma:
      - no-cache
      set-cookie:
      - ARRAffinity=67658d3126ddf9428e4e2f36f09e574385ff742ffab2b8dcad942ecc1f8fdb67;Path=/;HttpOnly;Domain=armrp-kustorpwus.kusto.windows.net
      strict-transport-security:
      - max-age=31536000; includeSubDomains
      transfer-encoding:
      - chunked
      vary:
      - Accept-Encoding,Accept-Encoding
      x-content-type-options:
      - nosniff
      x-ms-ratelimit-remaining-subscription-resource-requests:
      - '298'
      x-powered-by:
      - ASP.NET
    status:
      code: 200
      message: OK
- request:
    body: null
    headers:
      Accept:
      - application/json
      Accept-Encoding:
      - gzip, deflate
      CommandName:
      - kusto cluster create
      Connection:
      - keep-alive
      ParameterSetName:
      - -n -g --sku --capacity
      User-Agent:
      - python/3.6.8 (Windows-10-10.0.19041-SP0) msrest/0.6.18 msrest_azure/0.6.3
        azure-mgmt-kusto/0.3.0 Azure-SDK-For-Python AZURECLI/2.11.0
    method: GET
    uri: https://management.azure.com/subscriptions/00000000-0000-0000-0000-000000000000/providers/Microsoft.Kusto/locations/westus/operationResults/4cf271a3-2036-45b8-a69b-8e8cdfb5f4ad?api-version=2019-01-21
  response:
    body:
      string: '{"id":"/subscriptions/00000000-0000-0000-0000-000000000000/providers/Microsoft.Kusto/locations/westus/operationresults/4cf271a3-2036-45b8-a69b-8e8cdfb5f4ad","name":"4cf271a3-2036-45b8-a69b-8e8cdfb5f4ad","status":"Running","startTime":"2020-08-27T06:46:36.919294Z","endTime":"2020-08-27T06:49:23.4998872Z","percentComplete":0.5,"properties":{"OperationKind":"ClusterCreateExternal","RootActivityId":"b24c341f-6127-4e65-b00e-dcbfb8c75dc6","provisioningState":"Running","OperationState":"InProgress"}}'
    headers:
      cache-control:
      - no-cache
      content-length:
      - '498'
      content-type:
      - application/json; charset=utf-8
      date:
      - Thu, 27 Aug 2020 06:49:46 GMT
      expires:
      - '-1'
      pragma:
      - no-cache
      set-cookie:
      - ARRAffinity=5f95b441215e165f702fc120f711409870055f2f85025e7b8416939d2670b148;Path=/;HttpOnly;Domain=armrp-kustorpwus.kusto.windows.net
      strict-transport-security:
      - max-age=31536000; includeSubDomains
      transfer-encoding:
      - chunked
      vary:
      - Accept-Encoding,Accept-Encoding
      x-content-type-options:
      - nosniff
      x-ms-ratelimit-remaining-subscription-resource-requests:
      - '299'
      x-powered-by:
      - ASP.NET
    status:
      code: 200
      message: OK
- request:
    body: null
    headers:
      Accept:
      - application/json
      Accept-Encoding:
      - gzip, deflate
      CommandName:
      - kusto cluster create
      Connection:
      - keep-alive
      ParameterSetName:
      - -n -g --sku --capacity
      User-Agent:
      - python/3.6.8 (Windows-10-10.0.19041-SP0) msrest/0.6.18 msrest_azure/0.6.3
        azure-mgmt-kusto/0.3.0 Azure-SDK-For-Python AZURECLI/2.11.0
    method: GET
    uri: https://management.azure.com/subscriptions/00000000-0000-0000-0000-000000000000/providers/Microsoft.Kusto/locations/westus/operationResults/4cf271a3-2036-45b8-a69b-8e8cdfb5f4ad?api-version=2019-01-21
  response:
    body:
      string: '{"id":"/subscriptions/00000000-0000-0000-0000-000000000000/providers/Microsoft.Kusto/locations/westus/operationresults/4cf271a3-2036-45b8-a69b-8e8cdfb5f4ad","name":"4cf271a3-2036-45b8-a69b-8e8cdfb5f4ad","status":"Running","startTime":"2020-08-27T06:46:36.919294Z","endTime":"2020-08-27T06:49:23.4998872Z","percentComplete":0.5,"properties":{"OperationKind":"ClusterCreateExternal","RootActivityId":"b24c341f-6127-4e65-b00e-dcbfb8c75dc6","provisioningState":"Running","OperationState":"InProgress"}}'
    headers:
      cache-control:
      - no-cache
      content-length:
      - '498'
      content-type:
      - application/json; charset=utf-8
      date:
      - Thu, 27 Aug 2020 06:50:17 GMT
      expires:
      - '-1'
      pragma:
      - no-cache
      set-cookie:
      - ARRAffinity=ed661ee8aa44d985bdf95aa0afc7e14d1e21b37a09dbfc32730819e4101ffbb2;Path=/;HttpOnly;Domain=armrp-kustorpwus.kusto.windows.net
      strict-transport-security:
      - max-age=31536000; includeSubDomains
      transfer-encoding:
      - chunked
      vary:
      - Accept-Encoding,Accept-Encoding
      x-content-type-options:
      - nosniff
      x-ms-ratelimit-remaining-subscription-resource-requests:
      - '299'
      x-powered-by:
      - ASP.NET
    status:
      code: 200
      message: OK
- request:
    body: null
    headers:
      Accept:
      - application/json
      Accept-Encoding:
      - gzip, deflate
      CommandName:
      - kusto cluster create
      Connection:
      - keep-alive
      ParameterSetName:
      - -n -g --sku --capacity
      User-Agent:
      - python/3.6.8 (Windows-10-10.0.19041-SP0) msrest/0.6.18 msrest_azure/0.6.3
        azure-mgmt-kusto/0.3.0 Azure-SDK-For-Python AZURECLI/2.11.0
    method: GET
    uri: https://management.azure.com/subscriptions/00000000-0000-0000-0000-000000000000/providers/Microsoft.Kusto/locations/westus/operationResults/4cf271a3-2036-45b8-a69b-8e8cdfb5f4ad?api-version=2019-01-21
  response:
    body:
      string: '{"id":"/subscriptions/00000000-0000-0000-0000-000000000000/providers/Microsoft.Kusto/locations/westus/operationresults/4cf271a3-2036-45b8-a69b-8e8cdfb5f4ad","name":"4cf271a3-2036-45b8-a69b-8e8cdfb5f4ad","status":"Running","startTime":"2020-08-27T06:46:36.919294Z","endTime":"2020-08-27T06:49:23.4998872Z","percentComplete":0.5,"properties":{"OperationKind":"ClusterCreateExternal","RootActivityId":"b24c341f-6127-4e65-b00e-dcbfb8c75dc6","provisioningState":"Running","OperationState":"InProgress"}}'
    headers:
      cache-control:
      - no-cache
      content-length:
      - '498'
      content-type:
      - application/json; charset=utf-8
      date:
      - Thu, 27 Aug 2020 06:50:49 GMT
      expires:
      - '-1'
      pragma:
      - no-cache
      set-cookie:
      - ARRAffinity=49a94ddcdeb25346ee3a2b6c760ba69b1e208509e94f78fe226be7730ca067b6;Path=/;HttpOnly;Domain=armrp-kustorpwus.kusto.windows.net
      strict-transport-security:
      - max-age=31536000; includeSubDomains
      transfer-encoding:
      - chunked
      vary:
      - Accept-Encoding,Accept-Encoding
      x-content-type-options:
      - nosniff
      x-ms-ratelimit-remaining-subscription-resource-requests:
      - '299'
      x-powered-by:
      - ASP.NET
    status:
      code: 200
      message: OK
- request:
    body: null
    headers:
      Accept:
      - application/json
      Accept-Encoding:
      - gzip, deflate
      CommandName:
      - kusto cluster create
      Connection:
      - keep-alive
      ParameterSetName:
      - -n -g --sku --capacity
      User-Agent:
      - python/3.6.8 (Windows-10-10.0.19041-SP0) msrest/0.6.18 msrest_azure/0.6.3
        azure-mgmt-kusto/0.3.0 Azure-SDK-For-Python AZURECLI/2.11.0
    method: GET
    uri: https://management.azure.com/subscriptions/00000000-0000-0000-0000-000000000000/providers/Microsoft.Kusto/locations/westus/operationResults/4cf271a3-2036-45b8-a69b-8e8cdfb5f4ad?api-version=2019-01-21
  response:
    body:
      string: '{"id":"/subscriptions/00000000-0000-0000-0000-000000000000/providers/Microsoft.Kusto/locations/westus/operationresults/4cf271a3-2036-45b8-a69b-8e8cdfb5f4ad","name":"4cf271a3-2036-45b8-a69b-8e8cdfb5f4ad","status":"Running","startTime":"2020-08-27T06:46:36.919294Z","endTime":"2020-08-27T06:49:23.4998872Z","percentComplete":0.5,"properties":{"OperationKind":"ClusterCreateExternal","RootActivityId":"b24c341f-6127-4e65-b00e-dcbfb8c75dc6","provisioningState":"Running","OperationState":"InProgress"}}'
    headers:
      cache-control:
      - no-cache
      content-length:
      - '498'
      content-type:
      - application/json; charset=utf-8
      date:
      - Thu, 27 Aug 2020 06:51:20 GMT
      expires:
      - '-1'
      pragma:
      - no-cache
      set-cookie:
      - ARRAffinity=d218d1bc1a34d622added1601e776685beccb994cdcd0f1b88569be61bf3a893;Path=/;HttpOnly;Domain=armrp-kustorpwus.kusto.windows.net
      strict-transport-security:
      - max-age=31536000; includeSubDomains
      transfer-encoding:
      - chunked
      vary:
      - Accept-Encoding,Accept-Encoding
      x-content-type-options:
      - nosniff
      x-ms-ratelimit-remaining-subscription-resource-requests:
      - '298'
      x-powered-by:
      - ASP.NET
    status:
      code: 200
      message: OK
- request:
    body: null
    headers:
      Accept:
      - application/json
      Accept-Encoding:
      - gzip, deflate
      CommandName:
      - kusto cluster create
      Connection:
      - keep-alive
      ParameterSetName:
      - -n -g --sku --capacity
      User-Agent:
      - python/3.6.8 (Windows-10-10.0.19041-SP0) msrest/0.6.18 msrest_azure/0.6.3
        azure-mgmt-kusto/0.3.0 Azure-SDK-For-Python AZURECLI/2.11.0
    method: GET
    uri: https://management.azure.com/subscriptions/00000000-0000-0000-0000-000000000000/providers/Microsoft.Kusto/locations/westus/operationResults/4cf271a3-2036-45b8-a69b-8e8cdfb5f4ad?api-version=2019-01-21
  response:
    body:
      string: '{"id":"/subscriptions/00000000-0000-0000-0000-000000000000/providers/Microsoft.Kusto/locations/westus/operationresults/4cf271a3-2036-45b8-a69b-8e8cdfb5f4ad","name":"4cf271a3-2036-45b8-a69b-8e8cdfb5f4ad","status":"Running","startTime":"2020-08-27T06:46:36.919294Z","endTime":"2020-08-27T06:49:23.4998872Z","percentComplete":0.5,"properties":{"OperationKind":"ClusterCreateExternal","RootActivityId":"b24c341f-6127-4e65-b00e-dcbfb8c75dc6","provisioningState":"Running","OperationState":"InProgress"}}'
    headers:
      cache-control:
      - no-cache
      content-length:
      - '498'
      content-type:
      - application/json; charset=utf-8
      date:
      - Thu, 27 Aug 2020 06:51:52 GMT
      expires:
      - '-1'
      pragma:
      - no-cache
      set-cookie:
      - ARRAffinity=5f95b441215e165f702fc120f711409870055f2f85025e7b8416939d2670b148;Path=/;HttpOnly;Domain=armrp-kustorpwus.kusto.windows.net
      strict-transport-security:
      - max-age=31536000; includeSubDomains
      transfer-encoding:
      - chunked
      vary:
      - Accept-Encoding,Accept-Encoding
      x-content-type-options:
      - nosniff
      x-ms-ratelimit-remaining-subscription-resource-requests:
      - '296'
      x-powered-by:
      - ASP.NET
    status:
      code: 200
      message: OK
- request:
    body: null
    headers:
      Accept:
      - application/json
      Accept-Encoding:
      - gzip, deflate
      CommandName:
      - kusto cluster create
      Connection:
      - keep-alive
      ParameterSetName:
      - -n -g --sku --capacity
      User-Agent:
      - python/3.6.8 (Windows-10-10.0.19041-SP0) msrest/0.6.18 msrest_azure/0.6.3
        azure-mgmt-kusto/0.3.0 Azure-SDK-For-Python AZURECLI/2.11.0
    method: GET
    uri: https://management.azure.com/subscriptions/00000000-0000-0000-0000-000000000000/providers/Microsoft.Kusto/locations/westus/operationResults/4cf271a3-2036-45b8-a69b-8e8cdfb5f4ad?api-version=2019-01-21
  response:
    body:
      string: '{"id":"/subscriptions/00000000-0000-0000-0000-000000000000/providers/Microsoft.Kusto/locations/westus/operationresults/4cf271a3-2036-45b8-a69b-8e8cdfb5f4ad","name":"4cf271a3-2036-45b8-a69b-8e8cdfb5f4ad","status":"Running","startTime":"2020-08-27T06:46:36.919294Z","endTime":"2020-08-27T06:49:23.4998872Z","percentComplete":0.5,"properties":{"OperationKind":"ClusterCreateExternal","RootActivityId":"b24c341f-6127-4e65-b00e-dcbfb8c75dc6","provisioningState":"Running","OperationState":"InProgress"}}'
    headers:
      cache-control:
      - no-cache
      content-length:
      - '498'
      content-type:
      - application/json; charset=utf-8
      date:
      - Thu, 27 Aug 2020 06:52:22 GMT
      expires:
      - '-1'
      pragma:
      - no-cache
      set-cookie:
      - ARRAffinity=e8106a8061bfbf1e77923f2701724267ee8611f0100fbafddc292eb815692d1e;Path=/;HttpOnly;Domain=armrp-kustorpwus.kusto.windows.net
      strict-transport-security:
      - max-age=31536000; includeSubDomains
      transfer-encoding:
      - chunked
      vary:
      - Accept-Encoding,Accept-Encoding
      x-content-type-options:
      - nosniff
      x-ms-ratelimit-remaining-subscription-resource-requests:
      - '295'
      x-powered-by:
      - ASP.NET
    status:
      code: 200
      message: OK
- request:
    body: null
    headers:
      Accept:
      - application/json
      Accept-Encoding:
      - gzip, deflate
      CommandName:
      - kusto cluster create
      Connection:
      - keep-alive
      ParameterSetName:
      - -n -g --sku --capacity
      User-Agent:
      - python/3.6.8 (Windows-10-10.0.19041-SP0) msrest/0.6.18 msrest_azure/0.6.3
        azure-mgmt-kusto/0.3.0 Azure-SDK-For-Python AZURECLI/2.11.0
    method: GET
    uri: https://management.azure.com/subscriptions/00000000-0000-0000-0000-000000000000/providers/Microsoft.Kusto/locations/westus/operationResults/4cf271a3-2036-45b8-a69b-8e8cdfb5f4ad?api-version=2019-01-21
  response:
    body:
      string: '{"id":"/subscriptions/00000000-0000-0000-0000-000000000000/providers/Microsoft.Kusto/locations/westus/operationresults/4cf271a3-2036-45b8-a69b-8e8cdfb5f4ad","name":"4cf271a3-2036-45b8-a69b-8e8cdfb5f4ad","status":"Running","startTime":"2020-08-27T06:46:36.919294Z","endTime":"2020-08-27T06:49:23.4998872Z","percentComplete":0.5,"properties":{"OperationKind":"ClusterCreateExternal","RootActivityId":"b24c341f-6127-4e65-b00e-dcbfb8c75dc6","provisioningState":"Running","OperationState":"InProgress"}}'
    headers:
      cache-control:
      - no-cache
      content-length:
      - '498'
      content-type:
      - application/json; charset=utf-8
      date:
      - Thu, 27 Aug 2020 06:52:53 GMT
      expires:
      - '-1'
      pragma:
      - no-cache
      set-cookie:
      - ARRAffinity=ed661ee8aa44d985bdf95aa0afc7e14d1e21b37a09dbfc32730819e4101ffbb2;Path=/;HttpOnly;Domain=armrp-kustorpwus.kusto.windows.net
      strict-transport-security:
      - max-age=31536000; includeSubDomains
      transfer-encoding:
      - chunked
      vary:
      - Accept-Encoding,Accept-Encoding
      x-content-type-options:
      - nosniff
      x-ms-ratelimit-remaining-subscription-resource-requests:
      - '296'
      x-powered-by:
      - ASP.NET
    status:
      code: 200
      message: OK
- request:
    body: null
    headers:
      Accept:
      - application/json
      Accept-Encoding:
      - gzip, deflate
      CommandName:
      - kusto cluster create
      Connection:
      - keep-alive
      ParameterSetName:
      - -n -g --sku --capacity
      User-Agent:
      - python/3.6.8 (Windows-10-10.0.19041-SP0) msrest/0.6.18 msrest_azure/0.6.3
        azure-mgmt-kusto/0.3.0 Azure-SDK-For-Python AZURECLI/2.11.0
    method: GET
    uri: https://management.azure.com/subscriptions/00000000-0000-0000-0000-000000000000/providers/Microsoft.Kusto/locations/westus/operationResults/4cf271a3-2036-45b8-a69b-8e8cdfb5f4ad?api-version=2019-01-21
  response:
    body:
      string: '{"id":"/subscriptions/00000000-0000-0000-0000-000000000000/providers/Microsoft.Kusto/locations/westus/operationresults/4cf271a3-2036-45b8-a69b-8e8cdfb5f4ad","name":"4cf271a3-2036-45b8-a69b-8e8cdfb5f4ad","status":"Running","startTime":"2020-08-27T06:46:36.919294Z","endTime":"2020-08-27T06:49:23.4998872Z","percentComplete":0.5,"properties":{"OperationKind":"ClusterCreateExternal","RootActivityId":"b24c341f-6127-4e65-b00e-dcbfb8c75dc6","provisioningState":"Running","OperationState":"InProgress"}}'
    headers:
      cache-control:
      - no-cache
      content-length:
      - '498'
      content-type:
      - application/json; charset=utf-8
      date:
      - Thu, 27 Aug 2020 06:53:25 GMT
      expires:
      - '-1'
      pragma:
      - no-cache
      set-cookie:
      - ARRAffinity=d218d1bc1a34d622added1601e776685beccb994cdcd0f1b88569be61bf3a893;Path=/;HttpOnly;Domain=armrp-kustorpwus.kusto.windows.net
      strict-transport-security:
      - max-age=31536000; includeSubDomains
      transfer-encoding:
      - chunked
      vary:
      - Accept-Encoding,Accept-Encoding
      x-content-type-options:
      - nosniff
      x-ms-ratelimit-remaining-subscription-resource-requests:
      - '298'
      x-powered-by:
      - ASP.NET
    status:
      code: 200
      message: OK
- request:
    body: null
    headers:
      Accept:
      - application/json
      Accept-Encoding:
      - gzip, deflate
      CommandName:
      - kusto cluster create
      Connection:
      - keep-alive
      ParameterSetName:
      - -n -g --sku --capacity
      User-Agent:
      - python/3.6.8 (Windows-10-10.0.19041-SP0) msrest/0.6.18 msrest_azure/0.6.3
        azure-mgmt-kusto/0.3.0 Azure-SDK-For-Python AZURECLI/2.11.0
    method: GET
    uri: https://management.azure.com/subscriptions/00000000-0000-0000-0000-000000000000/providers/Microsoft.Kusto/locations/westus/operationResults/4cf271a3-2036-45b8-a69b-8e8cdfb5f4ad?api-version=2019-01-21
  response:
    body:
      string: '{"id":"/subscriptions/00000000-0000-0000-0000-000000000000/providers/Microsoft.Kusto/locations/westus/operationresults/4cf271a3-2036-45b8-a69b-8e8cdfb5f4ad","name":"4cf271a3-2036-45b8-a69b-8e8cdfb5f4ad","status":"Running","startTime":"2020-08-27T06:46:36.919294Z","endTime":"2020-08-27T06:49:23.4998872Z","percentComplete":0.5,"properties":{"OperationKind":"ClusterCreateExternal","RootActivityId":"b24c341f-6127-4e65-b00e-dcbfb8c75dc6","provisioningState":"Running","OperationState":"InProgress"}}'
    headers:
      cache-control:
      - no-cache
      content-length:
      - '498'
      content-type:
      - application/json; charset=utf-8
      date:
      - Thu, 27 Aug 2020 06:53:55 GMT
      expires:
      - '-1'
      pragma:
      - no-cache
      set-cookie:
      - ARRAffinity=ed661ee8aa44d985bdf95aa0afc7e14d1e21b37a09dbfc32730819e4101ffbb2;Path=/;HttpOnly;Domain=armrp-kustorpwus.kusto.windows.net
      strict-transport-security:
      - max-age=31536000; includeSubDomains
      transfer-encoding:
      - chunked
      vary:
      - Accept-Encoding,Accept-Encoding
      x-content-type-options:
      - nosniff
      x-ms-ratelimit-remaining-subscription-resource-requests:
      - '297'
      x-powered-by:
      - ASP.NET
    status:
      code: 200
      message: OK
- request:
    body: null
    headers:
      Accept:
      - application/json
      Accept-Encoding:
      - gzip, deflate
      CommandName:
      - kusto cluster create
      Connection:
      - keep-alive
      ParameterSetName:
      - -n -g --sku --capacity
      User-Agent:
      - python/3.6.8 (Windows-10-10.0.19041-SP0) msrest/0.6.18 msrest_azure/0.6.3
        azure-mgmt-kusto/0.3.0 Azure-SDK-For-Python AZURECLI/2.11.0
    method: GET
    uri: https://management.azure.com/subscriptions/00000000-0000-0000-0000-000000000000/providers/Microsoft.Kusto/locations/westus/operationResults/4cf271a3-2036-45b8-a69b-8e8cdfb5f4ad?api-version=2019-01-21
  response:
    body:
      string: '{"id":"/subscriptions/00000000-0000-0000-0000-000000000000/providers/Microsoft.Kusto/locations/westus/operationresults/4cf271a3-2036-45b8-a69b-8e8cdfb5f4ad","name":"4cf271a3-2036-45b8-a69b-8e8cdfb5f4ad","status":"Running","startTime":"2020-08-27T06:46:36.919294Z","endTime":"2020-08-27T06:49:23.4998872Z","percentComplete":0.5,"properties":{"OperationKind":"ClusterCreateExternal","RootActivityId":"b24c341f-6127-4e65-b00e-dcbfb8c75dc6","provisioningState":"Running","OperationState":"InProgress"}}'
    headers:
      cache-control:
      - no-cache
      content-length:
      - '498'
      content-type:
      - application/json; charset=utf-8
      date:
      - Thu, 27 Aug 2020 06:54:27 GMT
      expires:
      - '-1'
      pragma:
      - no-cache
      set-cookie:
      - ARRAffinity=5f95b441215e165f702fc120f711409870055f2f85025e7b8416939d2670b148;Path=/;HttpOnly;Domain=armrp-kustorpwus.kusto.windows.net
      strict-transport-security:
      - max-age=31536000; includeSubDomains
      transfer-encoding:
      - chunked
      vary:
      - Accept-Encoding,Accept-Encoding
      x-content-type-options:
      - nosniff
      x-ms-ratelimit-remaining-subscription-resource-requests:
      - '297'
      x-powered-by:
      - ASP.NET
    status:
      code: 200
      message: OK
- request:
    body: null
    headers:
      Accept:
      - application/json
      Accept-Encoding:
      - gzip, deflate
      CommandName:
      - kusto cluster create
      Connection:
      - keep-alive
      ParameterSetName:
      - -n -g --sku --capacity
      User-Agent:
      - python/3.6.8 (Windows-10-10.0.19041-SP0) msrest/0.6.18 msrest_azure/0.6.3
        azure-mgmt-kusto/0.3.0 Azure-SDK-For-Python AZURECLI/2.11.0
    method: GET
    uri: https://management.azure.com/subscriptions/00000000-0000-0000-0000-000000000000/providers/Microsoft.Kusto/locations/westus/operationResults/4cf271a3-2036-45b8-a69b-8e8cdfb5f4ad?api-version=2019-01-21
  response:
    body:
      string: '{"id":"/subscriptions/00000000-0000-0000-0000-000000000000/providers/Microsoft.Kusto/locations/westus/operationresults/4cf271a3-2036-45b8-a69b-8e8cdfb5f4ad","name":"4cf271a3-2036-45b8-a69b-8e8cdfb5f4ad","status":"Running","startTime":"2020-08-27T06:46:36.919294Z","endTime":"2020-08-27T06:49:23.4998872Z","percentComplete":0.5,"properties":{"OperationKind":"ClusterCreateExternal","RootActivityId":"b24c341f-6127-4e65-b00e-dcbfb8c75dc6","provisioningState":"Running","OperationState":"InProgress"}}'
    headers:
      cache-control:
      - no-cache
      content-length:
      - '498'
      content-type:
      - application/json; charset=utf-8
      date:
      - Thu, 27 Aug 2020 06:54:58 GMT
      expires:
      - '-1'
      pragma:
      - no-cache
      set-cookie:
      - ARRAffinity=2ee8dbca0c17fb4b4d8c562ef791535fd57061466334fb9e50f39326ad63a5ae;Path=/;HttpOnly;Domain=armrp-kustorpwus.kusto.windows.net
      strict-transport-security:
      - max-age=31536000; includeSubDomains
      transfer-encoding:
      - chunked
      vary:
      - Accept-Encoding,Accept-Encoding
      x-content-type-options:
      - nosniff
      x-ms-ratelimit-remaining-subscription-resource-requests:
      - '297'
      x-powered-by:
      - ASP.NET
    status:
      code: 200
      message: OK
- request:
    body: null
    headers:
      Accept:
      - application/json
      Accept-Encoding:
      - gzip, deflate
      CommandName:
      - kusto cluster create
      Connection:
      - keep-alive
      ParameterSetName:
      - -n -g --sku --capacity
      User-Agent:
      - python/3.6.8 (Windows-10-10.0.19041-SP0) msrest/0.6.18 msrest_azure/0.6.3
        azure-mgmt-kusto/0.3.0 Azure-SDK-For-Python AZURECLI/2.11.0
    method: GET
    uri: https://management.azure.com/subscriptions/00000000-0000-0000-0000-000000000000/providers/Microsoft.Kusto/locations/westus/operationResults/4cf271a3-2036-45b8-a69b-8e8cdfb5f4ad?api-version=2019-01-21
  response:
    body:
      string: '{"id":"/subscriptions/00000000-0000-0000-0000-000000000000/providers/Microsoft.Kusto/locations/westus/operationresults/4cf271a3-2036-45b8-a69b-8e8cdfb5f4ad","name":"4cf271a3-2036-45b8-a69b-8e8cdfb5f4ad","status":"Running","startTime":"2020-08-27T06:46:36.919294Z","endTime":"2020-08-27T06:49:23.4998872Z","percentComplete":0.5,"properties":{"OperationKind":"ClusterCreateExternal","RootActivityId":"b24c341f-6127-4e65-b00e-dcbfb8c75dc6","provisioningState":"Running","OperationState":"InProgress"}}'
    headers:
      cache-control:
      - no-cache
      content-length:
      - '498'
      content-type:
      - application/json; charset=utf-8
      date:
      - Thu, 27 Aug 2020 06:55:29 GMT
      expires:
      - '-1'
      pragma:
      - no-cache
      set-cookie:
      - ARRAffinity=ed661ee8aa44d985bdf95aa0afc7e14d1e21b37a09dbfc32730819e4101ffbb2;Path=/;HttpOnly;Domain=armrp-kustorpwus.kusto.windows.net
      strict-transport-security:
      - max-age=31536000; includeSubDomains
      transfer-encoding:
      - chunked
      vary:
      - Accept-Encoding,Accept-Encoding
      x-content-type-options:
      - nosniff
      x-ms-ratelimit-remaining-subscription-resource-requests:
      - '297'
      x-powered-by:
      - ASP.NET
    status:
      code: 200
      message: OK
- request:
    body: null
    headers:
      Accept:
      - application/json
      Accept-Encoding:
      - gzip, deflate
      CommandName:
      - kusto cluster create
      Connection:
      - keep-alive
      ParameterSetName:
      - -n -g --sku --capacity
      User-Agent:
      - python/3.6.8 (Windows-10-10.0.19041-SP0) msrest/0.6.18 msrest_azure/0.6.3
        azure-mgmt-kusto/0.3.0 Azure-SDK-For-Python AZURECLI/2.11.0
    method: GET
    uri: https://management.azure.com/subscriptions/00000000-0000-0000-0000-000000000000/providers/Microsoft.Kusto/locations/westus/operationResults/4cf271a3-2036-45b8-a69b-8e8cdfb5f4ad?api-version=2019-01-21
  response:
    body:
      string: '{"id":"/subscriptions/00000000-0000-0000-0000-000000000000/providers/Microsoft.Kusto/locations/westus/operationresults/4cf271a3-2036-45b8-a69b-8e8cdfb5f4ad","name":"4cf271a3-2036-45b8-a69b-8e8cdfb5f4ad","status":"Running","startTime":"2020-08-27T06:46:36.919294Z","endTime":"2020-08-27T06:49:23.4998872Z","percentComplete":0.5,"properties":{"OperationKind":"ClusterCreateExternal","RootActivityId":"b24c341f-6127-4e65-b00e-dcbfb8c75dc6","provisioningState":"Running","OperationState":"InProgress"}}'
    headers:
      cache-control:
      - no-cache
      content-length:
      - '498'
      content-type:
      - application/json; charset=utf-8
      date:
      - Thu, 27 Aug 2020 06:56:01 GMT
      expires:
      - '-1'
      pragma:
      - no-cache
      set-cookie:
      - ARRAffinity=1c5c29bcda1f855b3b361d64bb5c7ead5fec452c7427aa2499563d7dbfee3122;Path=/;HttpOnly;Domain=armrp-kustorpwus.kusto.windows.net
      strict-transport-security:
      - max-age=31536000; includeSubDomains
      transfer-encoding:
      - chunked
      vary:
      - Accept-Encoding,Accept-Encoding
      x-content-type-options:
      - nosniff
      x-ms-ratelimit-remaining-subscription-resource-requests:
      - '299'
      x-powered-by:
      - ASP.NET
    status:
      code: 200
      message: OK
- request:
    body: null
    headers:
      Accept:
      - application/json
      Accept-Encoding:
      - gzip, deflate
      CommandName:
      - kusto cluster create
      Connection:
      - keep-alive
      ParameterSetName:
      - -n -g --sku --capacity
      User-Agent:
      - python/3.6.8 (Windows-10-10.0.19041-SP0) msrest/0.6.18 msrest_azure/0.6.3
        azure-mgmt-kusto/0.3.0 Azure-SDK-For-Python AZURECLI/2.11.0
    method: GET
    uri: https://management.azure.com/subscriptions/00000000-0000-0000-0000-000000000000/providers/Microsoft.Kusto/locations/westus/operationResults/4cf271a3-2036-45b8-a69b-8e8cdfb5f4ad?api-version=2019-01-21
  response:
    body:
      string: '{"id":"/subscriptions/00000000-0000-0000-0000-000000000000/providers/Microsoft.Kusto/locations/westus/operationresults/4cf271a3-2036-45b8-a69b-8e8cdfb5f4ad","name":"4cf271a3-2036-45b8-a69b-8e8cdfb5f4ad","status":"Running","startTime":"2020-08-27T06:46:36.919294Z","endTime":"2020-08-27T06:49:23.4998872Z","percentComplete":0.5,"properties":{"OperationKind":"ClusterCreateExternal","RootActivityId":"b24c341f-6127-4e65-b00e-dcbfb8c75dc6","provisioningState":"Running","OperationState":"InProgress"}}'
    headers:
      cache-control:
      - no-cache
      content-length:
      - '498'
      content-type:
      - application/json; charset=utf-8
      date:
      - Thu, 27 Aug 2020 06:56:32 GMT
      expires:
      - '-1'
      pragma:
      - no-cache
      set-cookie:
      - ARRAffinity=5f95b441215e165f702fc120f711409870055f2f85025e7b8416939d2670b148;Path=/;HttpOnly;Domain=armrp-kustorpwus.kusto.windows.net
      strict-transport-security:
      - max-age=31536000; includeSubDomains
      transfer-encoding:
      - chunked
      vary:
      - Accept-Encoding,Accept-Encoding
      x-content-type-options:
      - nosniff
      x-ms-ratelimit-remaining-subscription-resource-requests:
      - '298'
      x-powered-by:
      - ASP.NET
    status:
      code: 200
      message: OK
- request:
    body: null
    headers:
      Accept:
      - application/json
      Accept-Encoding:
      - gzip, deflate
      CommandName:
      - kusto cluster create
      Connection:
      - keep-alive
      ParameterSetName:
      - -n -g --sku --capacity
      User-Agent:
      - python/3.6.8 (Windows-10-10.0.19041-SP0) msrest/0.6.18 msrest_azure/0.6.3
        azure-mgmt-kusto/0.3.0 Azure-SDK-For-Python AZURECLI/2.11.0
    method: GET
    uri: https://management.azure.com/subscriptions/00000000-0000-0000-0000-000000000000/providers/Microsoft.Kusto/locations/westus/operationResults/4cf271a3-2036-45b8-a69b-8e8cdfb5f4ad?api-version=2019-01-21
  response:
    body:
      string: '{"id":"/subscriptions/00000000-0000-0000-0000-000000000000/providers/Microsoft.Kusto/locations/westus/operationresults/4cf271a3-2036-45b8-a69b-8e8cdfb5f4ad","name":"4cf271a3-2036-45b8-a69b-8e8cdfb5f4ad","status":"Succeeded","startTime":"2020-08-27T06:46:36.919294Z","endTime":"2020-08-27T06:56:35.770036Z","percentComplete":1.0,"properties":{"OperationKind":"ClusterCreateExternal","RootActivityId":"b24c341f-6127-4e65-b00e-dcbfb8c75dc6","provisioningState":"Succeeded","OperationState":"Completed"}}'
    headers:
      cache-control:
      - no-cache
      content-length:
      - '500'
      content-type:
      - application/json; charset=utf-8
      date:
      - Thu, 27 Aug 2020 06:57:04 GMT
      expires:
      - '-1'
      pragma:
      - no-cache
      set-cookie:
      - ARRAffinity=5f95b441215e165f702fc120f711409870055f2f85025e7b8416939d2670b148;Path=/;HttpOnly;Domain=armrp-kustorpwus.kusto.windows.net
      strict-transport-security:
      - max-age=31536000; includeSubDomains
      transfer-encoding:
      - chunked
      vary:
      - Accept-Encoding,Accept-Encoding
      x-content-type-options:
      - nosniff
      x-ms-ratelimit-remaining-subscription-resource-requests:
      - '297'
      x-powered-by:
      - ASP.NET
    status:
      code: 200
      message: OK
- request:
    body: null
    headers:
      Accept:
      - application/json
      Accept-Encoding:
      - gzip, deflate
      CommandName:
      - kusto cluster create
      Connection:
      - keep-alive
      ParameterSetName:
      - -n -g --sku --capacity
      User-Agent:
      - python/3.6.8 (Windows-10-10.0.19041-SP0) msrest/0.6.18 msrest_azure/0.6.3
        azure-mgmt-kusto/0.3.0 Azure-SDK-For-Python AZURECLI/2.11.0
    method: GET
    uri: https://management.azure.com/subscriptions/00000000-0000-0000-0000-000000000000/resourceGroups/clitest.rg000001/providers/Microsoft.Kusto/clusters/test000002?api-version=2019-01-21
  response:
    body:
      string: '{"id":"/subscriptions/00000000-0000-0000-0000-000000000000/resourceGroups/clitest.rg000001/providers/Microsoft.Kusto/Clusters/test000002","name":"test000002","type":"Microsoft.Kusto/Clusters","etag":"\"\"","location":"West
        US","sku":{"name":"Standard_D13_v2","tier":"Standard","capacity":4},"tags":{},"properties":{"state":"Running","uri":"https://test000002.westus.kusto.windows.net","dataIngestionUri":"https://ingest-test000002.westus.kusto.windows.net","trustedExternalTenants":[{"value":"*"}],"provisioningState":"Succeeded"}}'
    headers:
      cache-control:
      - no-cache
      content-length:
      - '630'
      content-type:
      - application/json; charset=utf-8
      date:
      - Thu, 27 Aug 2020 06:57:06 GMT
      etag:
      - '""'
      expires:
      - '-1'
      pragma:
      - no-cache
      set-cookie:
      - ARRAffinity=ed661ee8aa44d985bdf95aa0afc7e14d1e21b37a09dbfc32730819e4101ffbb2;Path=/;HttpOnly;Domain=armrp-kustorpwus.kusto.windows.net
      strict-transport-security:
      - max-age=31536000; includeSubDomains
      transfer-encoding:
      - chunked
      vary:
      - Accept-Encoding,Accept-Encoding
      x-content-type-options:
      - nosniff
      x-ms-ratelimit-remaining-subscription-resource-requests:
      - '299'
      x-powered-by:
      - ASP.NET
    status:
      code: 200
      message: OK
- request:
    body: null
    headers:
      Accept:
      - application/json
      Accept-Encoding:
      - gzip, deflate
      CommandName:
      - kusto cluster show
      Connection:
      - keep-alive
      ParameterSetName:
      - -n -g
      User-Agent:
      - python/3.6.8 (Windows-10-10.0.19041-SP0) msrest/0.6.18 msrest_azure/0.6.3
        azure-mgmt-kusto/0.3.0 Azure-SDK-For-Python AZURECLI/2.11.0
      accept-language:
      - en-US
    method: GET
    uri: https://management.azure.com/subscriptions/00000000-0000-0000-0000-000000000000/resourceGroups/clitest.rg000001/providers/Microsoft.Kusto/clusters/test000002?api-version=2019-01-21
  response:
    body:
      string: '{"id":"/subscriptions/00000000-0000-0000-0000-000000000000/resourceGroups/clitest.rg000001/providers/Microsoft.Kusto/Clusters/test000002","name":"test000002","type":"Microsoft.Kusto/Clusters","etag":"\"\"","location":"West
        US","sku":{"name":"Standard_D13_v2","tier":"Standard","capacity":4},"tags":{},"properties":{"state":"Running","uri":"https://test000002.westus.kusto.windows.net","dataIngestionUri":"https://ingest-test000002.westus.kusto.windows.net","trustedExternalTenants":[{"value":"*"}],"provisioningState":"Succeeded"}}'
    headers:
      cache-control:
      - no-cache
      content-length:
      - '630'
      content-type:
      - application/json; charset=utf-8
      date:
      - Thu, 27 Aug 2020 06:57:07 GMT
      etag:
      - '""'
      expires:
      - '-1'
      pragma:
      - no-cache
      set-cookie:
      - ARRAffinity=49a94ddcdeb25346ee3a2b6c760ba69b1e208509e94f78fe226be7730ca067b6;Path=/;HttpOnly;Domain=armrp-kustorpwus.kusto.windows.net
      strict-transport-security:
      - max-age=31536000; includeSubDomains
      transfer-encoding:
      - chunked
      vary:
      - Accept-Encoding,Accept-Encoding
      x-content-type-options:
      - nosniff
      x-ms-ratelimit-remaining-subscription-resource-requests:
      - '299'
      x-powered-by:
      - ASP.NET
    status:
      code: 200
      message: OK
- request:
    body: null
    headers:
      Accept:
      - application/json
      Accept-Encoding:
      - gzip, deflate
      CommandName:
      - kusto cluster update
      Connection:
      - keep-alive
      ParameterSetName:
      - -n -g --sku --capacity
      User-Agent:
      - python/3.6.8 (Windows-10-10.0.19041-SP0) msrest/0.6.18 msrest_azure/0.6.3
        azure-mgmt-kusto/0.3.0 Azure-SDK-For-Python AZURECLI/2.11.0
      accept-language:
      - en-US
    method: GET
    uri: https://management.azure.com/subscriptions/00000000-0000-0000-0000-000000000000/resourceGroups/clitest.rg000001/providers/Microsoft.Kusto/clusters/test000002?api-version=2019-01-21
  response:
    body:
      string: '{"id":"/subscriptions/00000000-0000-0000-0000-000000000000/resourceGroups/clitest.rg000001/providers/Microsoft.Kusto/Clusters/test000002","name":"test000002","type":"Microsoft.Kusto/Clusters","etag":"\"\"","location":"West
        US","sku":{"name":"Standard_D13_v2","tier":"Standard","capacity":4},"tags":{},"properties":{"state":"Running","uri":"https://test000002.westus.kusto.windows.net","dataIngestionUri":"https://ingest-test000002.westus.kusto.windows.net","trustedExternalTenants":[{"value":"*"}],"provisioningState":"Succeeded"}}'
    headers:
      cache-control:
      - no-cache
      content-length:
      - '630'
      content-type:
      - application/json; charset=utf-8
      date:
      - Thu, 27 Aug 2020 06:57:07 GMT
      etag:
      - '""'
      expires:
      - '-1'
      pragma:
      - no-cache
      set-cookie:
      - ARRAffinity=5f95b441215e165f702fc120f711409870055f2f85025e7b8416939d2670b148;Path=/;HttpOnly;Domain=armrp-kustorpwus.kusto.windows.net
      strict-transport-security:
      - max-age=31536000; includeSubDomains
      transfer-encoding:
      - chunked
      vary:
      - Accept-Encoding,Accept-Encoding
      x-content-type-options:
      - nosniff
      x-ms-ratelimit-remaining-subscription-resource-requests:
      - '299'
      x-powered-by:
      - ASP.NET
    status:
      code: 200
      message: OK
- request:
    body: '{"tags": {}, "location": "West US", "sku": {"name": "Standard_D14_v2",
      "capacity": 6, "tier": "Standard"}, "properties": {"trustedExternalTenants":
      [{"value": "*"}]}}'
    headers:
      Accept:
      - application/json
      Accept-Encoding:
      - gzip, deflate
      CommandName:
      - kusto cluster update
      Connection:
      - keep-alive
      Content-Length:
      - '166'
      Content-Type:
      - application/json; charset=utf-8
      ParameterSetName:
      - -n -g --sku --capacity
      User-Agent:
      - python/3.6.8 (Windows-10-10.0.19041-SP0) msrest/0.6.18 msrest_azure/0.6.3
        azure-mgmt-kusto/0.3.0 Azure-SDK-For-Python AZURECLI/2.11.0
      accept-language:
      - en-US
    method: PUT
    uri: https://management.azure.com/subscriptions/00000000-0000-0000-0000-000000000000/resourceGroups/clitest.rg000001/providers/Microsoft.Kusto/clusters/test000002?api-version=2019-01-21
  response:
    body:
      string: '{"id":"/subscriptions/00000000-0000-0000-0000-000000000000/resourceGroups/clitest.rg000001/providers/Microsoft.Kusto/Clusters/test000002","name":"test000002","type":"Microsoft.Kusto/Clusters","etag":"\"\"","location":"West
        US","sku":{"name":"Standard_D14_v2","tier":"Standard","capacity":6},"tags":{},"properties":{"trustedExternalTenants":[{"value":"*"}],"provisioningState":"Accepted"}}'
    headers:
      azure-asyncoperation:
      - https://management.azure.com/subscriptions/00000000-0000-0000-0000-000000000000/providers/Microsoft.Kusto/locations/West
        US/operationResults/eebf5edc-d278-4128-a5f4-351f364a0583?api-version=2019-01-21
      cache-control:
      - no-cache
      content-length:
      - '467'
      content-type:
      - application/json; charset=utf-8
      date:
      - Thu, 27 Aug 2020 06:57:12 GMT
      etag:
      - '""'
      expires:
      - '-1'
      pragma:
      - no-cache
      set-cookie:
      - ARRAffinity=49a94ddcdeb25346ee3a2b6c760ba69b1e208509e94f78fe226be7730ca067b6;Path=/;HttpOnly;Domain=armrp-kustorpwus.kusto.windows.net
      strict-transport-security:
      - max-age=31536000; includeSubDomains
      transfer-encoding:
      - chunked
      vary:
      - Accept-Encoding,Accept-Encoding
      x-content-type-options:
      - nosniff
      x-ms-ratelimit-remaining-subscription-resource-requests:
      - '199'
      x-powered-by:
      - ASP.NET
    status:
      code: 200
      message: OK
- request:
    body: null
    headers:
      Accept:
      - application/json
      Accept-Encoding:
      - gzip, deflate
      CommandName:
      - kusto cluster update
      Connection:
      - keep-alive
      ParameterSetName:
      - -n -g --sku --capacity
      User-Agent:
      - python/3.6.8 (Windows-10-10.0.19041-SP0) msrest/0.6.18 msrest_azure/0.6.3
        azure-mgmt-kusto/0.3.0 Azure-SDK-For-Python AZURECLI/2.11.0
    method: GET
    uri: https://management.azure.com/subscriptions/00000000-0000-0000-0000-000000000000/providers/Microsoft.Kusto/locations/West%20US/operationResults/eebf5edc-d278-4128-a5f4-351f364a0583?api-version=2019-01-21
  response:
    body:
      string: '{"id":"/subscriptions/00000000-0000-0000-0000-000000000000/providers/Microsoft.Kusto/locations/West
        US/operationresults/eebf5edc-d278-4128-a5f4-351f364a0583","name":"eebf5edc-d278-4128-a5f4-351f364a0583","status":"Running","startTime":"2020-08-27T06:57:10.1988448Z","endTime":"2020-08-27T06:57:13.7613433Z","percentComplete":0.5,"properties":{"OperationKind":"ServiceConfigurationAlter","RootActivityId":"3d3639a4-eb20-4faa-9614-8cf9d99b4048","provisioningState":"Running","OperationState":"InProgress"}}'
    headers:
      cache-control:
      - no-cache
      content-length:
      - '504'
      content-type:
      - application/json; charset=utf-8
      date:
      - Thu, 27 Aug 2020 06:57:42 GMT
      expires:
      - '-1'
      pragma:
      - no-cache
      set-cookie:
      - ARRAffinity=e8106a8061bfbf1e77923f2701724267ee8611f0100fbafddc292eb815692d1e;Path=/;HttpOnly;Domain=armrp-kustorpwus.kusto.windows.net
      strict-transport-security:
      - max-age=31536000; includeSubDomains
      transfer-encoding:
      - chunked
      vary:
      - Accept-Encoding,Accept-Encoding
      x-content-type-options:
      - nosniff
      x-ms-ratelimit-remaining-subscription-resource-requests:
      - '294'
      x-powered-by:
      - ASP.NET
    status:
      code: 200
      message: OK
- request:
    body: null
    headers:
      Accept:
      - application/json
      Accept-Encoding:
      - gzip, deflate
      CommandName:
      - kusto cluster update
      Connection:
      - keep-alive
      ParameterSetName:
      - -n -g --sku --capacity
      User-Agent:
      - python/3.6.8 (Windows-10-10.0.19041-SP0) msrest/0.6.18 msrest_azure/0.6.3
        azure-mgmt-kusto/0.3.0 Azure-SDK-For-Python AZURECLI/2.11.0
    method: GET
    uri: https://management.azure.com/subscriptions/00000000-0000-0000-0000-000000000000/providers/Microsoft.Kusto/locations/West%20US/operationResults/eebf5edc-d278-4128-a5f4-351f364a0583?api-version=2019-01-21
  response:
    body:
      string: '{"id":"/subscriptions/00000000-0000-0000-0000-000000000000/providers/Microsoft.Kusto/locations/West
        US/operationresults/eebf5edc-d278-4128-a5f4-351f364a0583","name":"eebf5edc-d278-4128-a5f4-351f364a0583","status":"Running","startTime":"2020-08-27T06:57:10.1988448Z","endTime":"2020-08-27T06:57:13.7613433Z","percentComplete":0.5,"properties":{"OperationKind":"ServiceConfigurationAlter","RootActivityId":"3d3639a4-eb20-4faa-9614-8cf9d99b4048","provisioningState":"Running","OperationState":"InProgress"}}'
    headers:
      cache-control:
      - no-cache
      content-length:
      - '504'
      content-type:
      - application/json; charset=utf-8
      date:
      - Thu, 27 Aug 2020 06:58:13 GMT
      expires:
      - '-1'
      pragma:
      - no-cache
      set-cookie:
      - ARRAffinity=67658d3126ddf9428e4e2f36f09e574385ff742ffab2b8dcad942ecc1f8fdb67;Path=/;HttpOnly;Domain=armrp-kustorpwus.kusto.windows.net
      strict-transport-security:
      - max-age=31536000; includeSubDomains
      transfer-encoding:
      - chunked
      vary:
      - Accept-Encoding,Accept-Encoding
      x-content-type-options:
      - nosniff
      x-ms-ratelimit-remaining-subscription-resource-requests:
      - '293'
      x-powered-by:
      - ASP.NET
    status:
      code: 200
      message: OK
- request:
    body: null
    headers:
      Accept:
      - application/json
      Accept-Encoding:
      - gzip, deflate
      CommandName:
      - kusto cluster update
      Connection:
      - keep-alive
      ParameterSetName:
      - -n -g --sku --capacity
      User-Agent:
      - python/3.6.8 (Windows-10-10.0.19041-SP0) msrest/0.6.18 msrest_azure/0.6.3
        azure-mgmt-kusto/0.3.0 Azure-SDK-For-Python AZURECLI/2.11.0
    method: GET
    uri: https://management.azure.com/subscriptions/00000000-0000-0000-0000-000000000000/providers/Microsoft.Kusto/locations/West%20US/operationResults/eebf5edc-d278-4128-a5f4-351f364a0583?api-version=2019-01-21
  response:
    body:
      string: '{"id":"/subscriptions/00000000-0000-0000-0000-000000000000/providers/Microsoft.Kusto/locations/West
        US/operationresults/eebf5edc-d278-4128-a5f4-351f364a0583","name":"eebf5edc-d278-4128-a5f4-351f364a0583","status":"Running","startTime":"2020-08-27T06:57:10.1988448Z","endTime":"2020-08-27T06:57:13.7613433Z","percentComplete":0.5,"properties":{"OperationKind":"ServiceConfigurationAlter","RootActivityId":"3d3639a4-eb20-4faa-9614-8cf9d99b4048","provisioningState":"Running","OperationState":"InProgress"}}'
    headers:
      cache-control:
      - no-cache
      content-length:
      - '504'
      content-type:
      - application/json; charset=utf-8
      date:
      - Thu, 27 Aug 2020 06:58:45 GMT
      expires:
      - '-1'
      pragma:
      - no-cache
      set-cookie:
      - ARRAffinity=1c5c29bcda1f855b3b361d64bb5c7ead5fec452c7427aa2499563d7dbfee3122;Path=/;HttpOnly;Domain=armrp-kustorpwus.kusto.windows.net
      strict-transport-security:
      - max-age=31536000; includeSubDomains
      transfer-encoding:
      - chunked
      vary:
      - Accept-Encoding,Accept-Encoding
      x-content-type-options:
      - nosniff
      x-ms-ratelimit-remaining-subscription-resource-requests:
      - '294'
      x-powered-by:
      - ASP.NET
    status:
      code: 200
      message: OK
- request:
    body: null
    headers:
      Accept:
      - application/json
      Accept-Encoding:
      - gzip, deflate
      CommandName:
      - kusto cluster update
      Connection:
      - keep-alive
      ParameterSetName:
      - -n -g --sku --capacity
      User-Agent:
      - python/3.6.8 (Windows-10-10.0.19041-SP0) msrest/0.6.18 msrest_azure/0.6.3
        azure-mgmt-kusto/0.3.0 Azure-SDK-For-Python AZURECLI/2.11.0
    method: GET
    uri: https://management.azure.com/subscriptions/00000000-0000-0000-0000-000000000000/providers/Microsoft.Kusto/locations/West%20US/operationResults/eebf5edc-d278-4128-a5f4-351f364a0583?api-version=2019-01-21
  response:
    body:
      string: '{"id":"/subscriptions/00000000-0000-0000-0000-000000000000/providers/Microsoft.Kusto/locations/West
        US/operationresults/eebf5edc-d278-4128-a5f4-351f364a0583","name":"eebf5edc-d278-4128-a5f4-351f364a0583","status":"Running","startTime":"2020-08-27T06:57:10.1988448Z","endTime":"2020-08-27T06:57:13.7613433Z","percentComplete":0.5,"properties":{"OperationKind":"ServiceConfigurationAlter","RootActivityId":"3d3639a4-eb20-4faa-9614-8cf9d99b4048","provisioningState":"Running","OperationState":"InProgress"}}'
    headers:
      cache-control:
      - no-cache
      content-length:
      - '504'
      content-type:
      - application/json; charset=utf-8
      date:
      - Thu, 27 Aug 2020 06:59:15 GMT
      expires:
      - '-1'
      pragma:
      - no-cache
      set-cookie:
      - ARRAffinity=2ee8dbca0c17fb4b4d8c562ef791535fd57061466334fb9e50f39326ad63a5ae;Path=/;HttpOnly;Domain=armrp-kustorpwus.kusto.windows.net
      strict-transport-security:
      - max-age=31536000; includeSubDomains
      transfer-encoding:
      - chunked
      vary:
      - Accept-Encoding,Accept-Encoding
      x-content-type-options:
      - nosniff
      x-ms-ratelimit-remaining-subscription-resource-requests:
      - '295'
      x-powered-by:
      - ASP.NET
    status:
      code: 200
      message: OK
- request:
    body: null
    headers:
      Accept:
      - application/json
      Accept-Encoding:
      - gzip, deflate
      CommandName:
      - kusto cluster update
      Connection:
      - keep-alive
      ParameterSetName:
      - -n -g --sku --capacity
      User-Agent:
      - python/3.6.8 (Windows-10-10.0.19041-SP0) msrest/0.6.18 msrest_azure/0.6.3
        azure-mgmt-kusto/0.3.0 Azure-SDK-For-Python AZURECLI/2.11.0
    method: GET
    uri: https://management.azure.com/subscriptions/00000000-0000-0000-0000-000000000000/providers/Microsoft.Kusto/locations/West%20US/operationResults/eebf5edc-d278-4128-a5f4-351f364a0583?api-version=2019-01-21
  response:
    body:
      string: '{"id":"/subscriptions/00000000-0000-0000-0000-000000000000/providers/Microsoft.Kusto/locations/West
        US/operationresults/eebf5edc-d278-4128-a5f4-351f364a0583","name":"eebf5edc-d278-4128-a5f4-351f364a0583","status":"Running","startTime":"2020-08-27T06:57:10.1988448Z","endTime":"2020-08-27T06:57:13.7613433Z","percentComplete":0.5,"properties":{"OperationKind":"ServiceConfigurationAlter","RootActivityId":"3d3639a4-eb20-4faa-9614-8cf9d99b4048","provisioningState":"Running","OperationState":"InProgress"}}'
    headers:
      cache-control:
      - no-cache
      content-length:
      - '504'
      content-type:
      - application/json; charset=utf-8
      date:
      - Thu, 27 Aug 2020 06:59:47 GMT
      expires:
      - '-1'
      pragma:
      - no-cache
      set-cookie:
      - ARRAffinity=67658d3126ddf9428e4e2f36f09e574385ff742ffab2b8dcad942ecc1f8fdb67;Path=/;HttpOnly;Domain=armrp-kustorpwus.kusto.windows.net
      strict-transport-security:
      - max-age=31536000; includeSubDomains
      transfer-encoding:
      - chunked
      vary:
      - Accept-Encoding,Accept-Encoding
      x-content-type-options:
      - nosniff
      x-ms-ratelimit-remaining-subscription-resource-requests:
      - '297'
      x-powered-by:
      - ASP.NET
    status:
      code: 200
      message: OK
- request:
    body: null
    headers:
      Accept:
      - application/json
      Accept-Encoding:
      - gzip, deflate
      CommandName:
      - kusto cluster update
      Connection:
      - keep-alive
      ParameterSetName:
      - -n -g --sku --capacity
      User-Agent:
      - python/3.6.8 (Windows-10-10.0.19041-SP0) msrest/0.6.18 msrest_azure/0.6.3
        azure-mgmt-kusto/0.3.0 Azure-SDK-For-Python AZURECLI/2.11.0
    method: GET
    uri: https://management.azure.com/subscriptions/00000000-0000-0000-0000-000000000000/providers/Microsoft.Kusto/locations/West%20US/operationResults/eebf5edc-d278-4128-a5f4-351f364a0583?api-version=2019-01-21
  response:
    body:
      string: '{"id":"/subscriptions/00000000-0000-0000-0000-000000000000/providers/Microsoft.Kusto/locations/West
        US/operationresults/eebf5edc-d278-4128-a5f4-351f364a0583","name":"eebf5edc-d278-4128-a5f4-351f364a0583","status":"Running","startTime":"2020-08-27T06:57:10.1988448Z","endTime":"2020-08-27T06:57:13.7613433Z","percentComplete":0.5,"properties":{"OperationKind":"ServiceConfigurationAlter","RootActivityId":"3d3639a4-eb20-4faa-9614-8cf9d99b4048","provisioningState":"Running","OperationState":"InProgress"}}'
    headers:
      cache-control:
      - no-cache
      content-length:
      - '504'
      content-type:
      - application/json; charset=utf-8
      date:
      - Thu, 27 Aug 2020 07:00:18 GMT
      expires:
      - '-1'
      pragma:
      - no-cache
      set-cookie:
      - ARRAffinity=e8106a8061bfbf1e77923f2701724267ee8611f0100fbafddc292eb815692d1e;Path=/;HttpOnly;Domain=armrp-kustorpwus.kusto.windows.net
      strict-transport-security:
      - max-age=31536000; includeSubDomains
      transfer-encoding:
      - chunked
      vary:
      - Accept-Encoding,Accept-Encoding
      x-content-type-options:
      - nosniff
      x-ms-ratelimit-remaining-subscription-resource-requests:
      - '297'
      x-powered-by:
      - ASP.NET
    status:
      code: 200
      message: OK
- request:
    body: null
    headers:
      Accept:
      - application/json
      Accept-Encoding:
      - gzip, deflate
      CommandName:
      - kusto cluster update
      Connection:
      - keep-alive
      ParameterSetName:
      - -n -g --sku --capacity
      User-Agent:
      - python/3.6.8 (Windows-10-10.0.19041-SP0) msrest/0.6.18 msrest_azure/0.6.3
        azure-mgmt-kusto/0.3.0 Azure-SDK-For-Python AZURECLI/2.11.0
    method: GET
    uri: https://management.azure.com/subscriptions/00000000-0000-0000-0000-000000000000/providers/Microsoft.Kusto/locations/West%20US/operationResults/eebf5edc-d278-4128-a5f4-351f364a0583?api-version=2019-01-21
  response:
    body:
      string: '{"id":"/subscriptions/00000000-0000-0000-0000-000000000000/providers/Microsoft.Kusto/locations/West
        US/operationresults/eebf5edc-d278-4128-a5f4-351f364a0583","name":"eebf5edc-d278-4128-a5f4-351f364a0583","status":"Running","startTime":"2020-08-27T06:57:10.1988448Z","endTime":"2020-08-27T06:57:13.7613433Z","percentComplete":0.5,"properties":{"OperationKind":"ServiceConfigurationAlter","RootActivityId":"3d3639a4-eb20-4faa-9614-8cf9d99b4048","provisioningState":"Running","OperationState":"InProgress"}}'
    headers:
      cache-control:
      - no-cache
      content-length:
      - '504'
      content-type:
      - application/json; charset=utf-8
      date:
      - Thu, 27 Aug 2020 07:00:49 GMT
      expires:
      - '-1'
      pragma:
      - no-cache
      set-cookie:
      - ARRAffinity=5f95b441215e165f702fc120f711409870055f2f85025e7b8416939d2670b148;Path=/;HttpOnly;Domain=armrp-kustorpwus.kusto.windows.net
      strict-transport-security:
      - max-age=31536000; includeSubDomains
      transfer-encoding:
      - chunked
      vary:
      - Accept-Encoding,Accept-Encoding
      x-content-type-options:
      - nosniff
      x-ms-ratelimit-remaining-subscription-resource-requests:
      - '298'
      x-powered-by:
      - ASP.NET
    status:
      code: 200
      message: OK
- request:
    body: null
    headers:
      Accept:
      - application/json
      Accept-Encoding:
      - gzip, deflate
      CommandName:
      - kusto cluster update
      Connection:
      - keep-alive
      ParameterSetName:
      - -n -g --sku --capacity
      User-Agent:
      - python/3.6.8 (Windows-10-10.0.19041-SP0) msrest/0.6.18 msrest_azure/0.6.3
        azure-mgmt-kusto/0.3.0 Azure-SDK-For-Python AZURECLI/2.11.0
    method: GET
    uri: https://management.azure.com/subscriptions/00000000-0000-0000-0000-000000000000/providers/Microsoft.Kusto/locations/West%20US/operationResults/eebf5edc-d278-4128-a5f4-351f364a0583?api-version=2019-01-21
  response:
    body:
      string: '{"id":"/subscriptions/00000000-0000-0000-0000-000000000000/providers/Microsoft.Kusto/locations/West
        US/operationresults/eebf5edc-d278-4128-a5f4-351f364a0583","name":"eebf5edc-d278-4128-a5f4-351f364a0583","status":"Running","startTime":"2020-08-27T06:57:10.1988448Z","endTime":"2020-08-27T06:57:13.7613433Z","percentComplete":0.5,"properties":{"OperationKind":"ServiceConfigurationAlter","RootActivityId":"3d3639a4-eb20-4faa-9614-8cf9d99b4048","provisioningState":"Running","OperationState":"InProgress"}}'
    headers:
      cache-control:
      - no-cache
      content-length:
      - '504'
      content-type:
      - application/json; charset=utf-8
      date:
      - Thu, 27 Aug 2020 07:01:21 GMT
      expires:
      - '-1'
      pragma:
      - no-cache
      set-cookie:
      - ARRAffinity=d218d1bc1a34d622added1601e776685beccb994cdcd0f1b88569be61bf3a893;Path=/;HttpOnly;Domain=armrp-kustorpwus.kusto.windows.net
      strict-transport-security:
      - max-age=31536000; includeSubDomains
      transfer-encoding:
      - chunked
      vary:
      - Accept-Encoding,Accept-Encoding
      x-content-type-options:
      - nosniff
      x-ms-ratelimit-remaining-subscription-resource-requests:
      - '299'
      x-powered-by:
      - ASP.NET
    status:
      code: 200
      message: OK
- request:
    body: null
    headers:
      Accept:
      - application/json
      Accept-Encoding:
      - gzip, deflate
      CommandName:
      - kusto cluster update
      Connection:
      - keep-alive
      ParameterSetName:
      - -n -g --sku --capacity
      User-Agent:
      - python/3.6.8 (Windows-10-10.0.19041-SP0) msrest/0.6.18 msrest_azure/0.6.3
        azure-mgmt-kusto/0.3.0 Azure-SDK-For-Python AZURECLI/2.11.0
    method: GET
    uri: https://management.azure.com/subscriptions/00000000-0000-0000-0000-000000000000/providers/Microsoft.Kusto/locations/West%20US/operationResults/eebf5edc-d278-4128-a5f4-351f364a0583?api-version=2019-01-21
  response:
    body:
      string: '{"id":"/subscriptions/00000000-0000-0000-0000-000000000000/providers/Microsoft.Kusto/locations/West
        US/operationresults/eebf5edc-d278-4128-a5f4-351f364a0583","name":"eebf5edc-d278-4128-a5f4-351f364a0583","status":"Running","startTime":"2020-08-27T06:57:10.1988448Z","endTime":"2020-08-27T06:57:13.7613433Z","percentComplete":0.5,"properties":{"OperationKind":"ServiceConfigurationAlter","RootActivityId":"3d3639a4-eb20-4faa-9614-8cf9d99b4048","provisioningState":"Running","OperationState":"InProgress"}}'
    headers:
      cache-control:
      - no-cache
      content-length:
      - '504'
      content-type:
      - application/json; charset=utf-8
      date:
      - Thu, 27 Aug 2020 07:01:51 GMT
      expires:
      - '-1'
      pragma:
      - no-cache
      set-cookie:
      - ARRAffinity=ed661ee8aa44d985bdf95aa0afc7e14d1e21b37a09dbfc32730819e4101ffbb2;Path=/;HttpOnly;Domain=armrp-kustorpwus.kusto.windows.net
      strict-transport-security:
      - max-age=31536000; includeSubDomains
      transfer-encoding:
      - chunked
      vary:
      - Accept-Encoding,Accept-Encoding
      x-content-type-options:
      - nosniff
      x-ms-ratelimit-remaining-subscription-resource-requests:
      - '295'
      x-powered-by:
      - ASP.NET
    status:
      code: 200
      message: OK
- request:
    body: null
    headers:
      Accept:
      - application/json
      Accept-Encoding:
      - gzip, deflate
      CommandName:
      - kusto cluster update
      Connection:
      - keep-alive
      ParameterSetName:
      - -n -g --sku --capacity
      User-Agent:
      - python/3.6.8 (Windows-10-10.0.19041-SP0) msrest/0.6.18 msrest_azure/0.6.3
        azure-mgmt-kusto/0.3.0 Azure-SDK-For-Python AZURECLI/2.11.0
    method: GET
    uri: https://management.azure.com/subscriptions/00000000-0000-0000-0000-000000000000/providers/Microsoft.Kusto/locations/West%20US/operationResults/eebf5edc-d278-4128-a5f4-351f364a0583?api-version=2019-01-21
  response:
    body:
      string: '{"id":"/subscriptions/00000000-0000-0000-0000-000000000000/providers/Microsoft.Kusto/locations/West
        US/operationresults/eebf5edc-d278-4128-a5f4-351f364a0583","name":"eebf5edc-d278-4128-a5f4-351f364a0583","status":"Running","startTime":"2020-08-27T06:57:10.1988448Z","endTime":"2020-08-27T06:57:13.7613433Z","percentComplete":0.5,"properties":{"OperationKind":"ServiceConfigurationAlter","RootActivityId":"3d3639a4-eb20-4faa-9614-8cf9d99b4048","provisioningState":"Running","OperationState":"InProgress"}}'
    headers:
      cache-control:
      - no-cache
      content-length:
      - '504'
      content-type:
      - application/json; charset=utf-8
      date:
      - Thu, 27 Aug 2020 07:02:22 GMT
      expires:
      - '-1'
      pragma:
      - no-cache
      set-cookie:
      - ARRAffinity=ed661ee8aa44d985bdf95aa0afc7e14d1e21b37a09dbfc32730819e4101ffbb2;Path=/;HttpOnly;Domain=armrp-kustorpwus.kusto.windows.net
      strict-transport-security:
      - max-age=31536000; includeSubDomains
      transfer-encoding:
      - chunked
      vary:
      - Accept-Encoding,Accept-Encoding
      x-content-type-options:
      - nosniff
      x-ms-ratelimit-remaining-subscription-resource-requests:
      - '296'
      x-powered-by:
      - ASP.NET
    status:
      code: 200
      message: OK
- request:
    body: null
    headers:
      Accept:
      - application/json
      Accept-Encoding:
      - gzip, deflate
      CommandName:
      - kusto cluster update
      Connection:
      - keep-alive
      ParameterSetName:
      - -n -g --sku --capacity
      User-Agent:
      - python/3.6.8 (Windows-10-10.0.19041-SP0) msrest/0.6.18 msrest_azure/0.6.3
        azure-mgmt-kusto/0.3.0 Azure-SDK-For-Python AZURECLI/2.11.0
    method: GET
    uri: https://management.azure.com/subscriptions/00000000-0000-0000-0000-000000000000/providers/Microsoft.Kusto/locations/West%20US/operationResults/eebf5edc-d278-4128-a5f4-351f364a0583?api-version=2019-01-21
  response:
    body:
      string: '{"id":"/subscriptions/00000000-0000-0000-0000-000000000000/providers/Microsoft.Kusto/locations/West
        US/operationresults/eebf5edc-d278-4128-a5f4-351f364a0583","name":"eebf5edc-d278-4128-a5f4-351f364a0583","status":"Running","startTime":"2020-08-27T06:57:10.1988448Z","endTime":"2020-08-27T06:57:13.7613433Z","percentComplete":0.5,"properties":{"OperationKind":"ServiceConfigurationAlter","RootActivityId":"3d3639a4-eb20-4faa-9614-8cf9d99b4048","provisioningState":"Running","OperationState":"InProgress"}}'
    headers:
      cache-control:
      - no-cache
      content-length:
      - '504'
      content-type:
      - application/json; charset=utf-8
      date:
      - Thu, 27 Aug 2020 07:02:54 GMT
      expires:
      - '-1'
      pragma:
      - no-cache
      set-cookie:
      - ARRAffinity=1c5c29bcda1f855b3b361d64bb5c7ead5fec452c7427aa2499563d7dbfee3122;Path=/;HttpOnly;Domain=armrp-kustorpwus.kusto.windows.net
      strict-transport-security:
      - max-age=31536000; includeSubDomains
      transfer-encoding:
      - chunked
      vary:
      - Accept-Encoding,Accept-Encoding
      x-content-type-options:
      - nosniff
      x-ms-ratelimit-remaining-subscription-resource-requests:
      - '294'
      x-powered-by:
      - ASP.NET
    status:
      code: 200
      message: OK
- request:
    body: null
    headers:
      Accept:
      - application/json
      Accept-Encoding:
      - gzip, deflate
      CommandName:
      - kusto cluster update
      Connection:
      - keep-alive
      ParameterSetName:
      - -n -g --sku --capacity
      User-Agent:
      - python/3.6.8 (Windows-10-10.0.19041-SP0) msrest/0.6.18 msrest_azure/0.6.3
        azure-mgmt-kusto/0.3.0 Azure-SDK-For-Python AZURECLI/2.11.0
    method: GET
    uri: https://management.azure.com/subscriptions/00000000-0000-0000-0000-000000000000/providers/Microsoft.Kusto/locations/West%20US/operationResults/eebf5edc-d278-4128-a5f4-351f364a0583?api-version=2019-01-21
  response:
    body:
      string: '{"id":"/subscriptions/00000000-0000-0000-0000-000000000000/providers/Microsoft.Kusto/locations/West
        US/operationresults/eebf5edc-d278-4128-a5f4-351f364a0583","name":"eebf5edc-d278-4128-a5f4-351f364a0583","status":"Running","startTime":"2020-08-27T06:57:10.1988448Z","endTime":"2020-08-27T06:57:13.7613433Z","percentComplete":0.5,"properties":{"OperationKind":"ServiceConfigurationAlter","RootActivityId":"3d3639a4-eb20-4faa-9614-8cf9d99b4048","provisioningState":"Running","OperationState":"InProgress"}}'
    headers:
      cache-control:
      - no-cache
      content-length:
      - '504'
      content-type:
      - application/json; charset=utf-8
      date:
      - Thu, 27 Aug 2020 07:03:26 GMT
      expires:
      - '-1'
      pragma:
      - no-cache
      set-cookie:
      - ARRAffinity=5f95b441215e165f702fc120f711409870055f2f85025e7b8416939d2670b148;Path=/;HttpOnly;Domain=armrp-kustorpwus.kusto.windows.net
      strict-transport-security:
      - max-age=31536000; includeSubDomains
      transfer-encoding:
      - chunked
      vary:
      - Accept-Encoding,Accept-Encoding
      x-content-type-options:
      - nosniff
      x-ms-ratelimit-remaining-subscription-resource-requests:
      - '292'
      x-powered-by:
      - ASP.NET
    status:
      code: 200
      message: OK
- request:
    body: null
    headers:
      Accept:
      - application/json
      Accept-Encoding:
      - gzip, deflate
      CommandName:
      - kusto cluster update
      Connection:
      - keep-alive
      ParameterSetName:
      - -n -g --sku --capacity
      User-Agent:
      - python/3.6.8 (Windows-10-10.0.19041-SP0) msrest/0.6.18 msrest_azure/0.6.3
        azure-mgmt-kusto/0.3.0 Azure-SDK-For-Python AZURECLI/2.11.0
    method: GET
    uri: https://management.azure.com/subscriptions/00000000-0000-0000-0000-000000000000/providers/Microsoft.Kusto/locations/West%20US/operationResults/eebf5edc-d278-4128-a5f4-351f364a0583?api-version=2019-01-21
  response:
    body:
      string: '{"id":"/subscriptions/00000000-0000-0000-0000-000000000000/providers/Microsoft.Kusto/locations/West
        US/operationresults/eebf5edc-d278-4128-a5f4-351f364a0583","name":"eebf5edc-d278-4128-a5f4-351f364a0583","status":"Running","startTime":"2020-08-27T06:57:10.1988448Z","endTime":"2020-08-27T06:57:13.7613433Z","percentComplete":0.5,"properties":{"OperationKind":"ServiceConfigurationAlter","RootActivityId":"3d3639a4-eb20-4faa-9614-8cf9d99b4048","provisioningState":"Running","OperationState":"InProgress"}}'
    headers:
      cache-control:
      - no-cache
      content-length:
      - '504'
      content-type:
      - application/json; charset=utf-8
      date:
      - Thu, 27 Aug 2020 07:03:57 GMT
      expires:
      - '-1'
      pragma:
      - no-cache
      set-cookie:
      - ARRAffinity=ed661ee8aa44d985bdf95aa0afc7e14d1e21b37a09dbfc32730819e4101ffbb2;Path=/;HttpOnly;Domain=armrp-kustorpwus.kusto.windows.net
      strict-transport-security:
      - max-age=31536000; includeSubDomains
      transfer-encoding:
      - chunked
      vary:
      - Accept-Encoding,Accept-Encoding
      x-content-type-options:
      - nosniff
      x-ms-ratelimit-remaining-subscription-resource-requests:
      - '297'
      x-powered-by:
      - ASP.NET
    status:
      code: 200
      message: OK
- request:
    body: null
    headers:
      Accept:
      - application/json
      Accept-Encoding:
      - gzip, deflate
      CommandName:
      - kusto cluster update
      Connection:
      - keep-alive
      ParameterSetName:
      - -n -g --sku --capacity
      User-Agent:
      - python/3.6.8 (Windows-10-10.0.19041-SP0) msrest/0.6.18 msrest_azure/0.6.3
        azure-mgmt-kusto/0.3.0 Azure-SDK-For-Python AZURECLI/2.11.0
    method: GET
    uri: https://management.azure.com/subscriptions/00000000-0000-0000-0000-000000000000/providers/Microsoft.Kusto/locations/West%20US/operationResults/eebf5edc-d278-4128-a5f4-351f364a0583?api-version=2019-01-21
  response:
    body:
      string: '{"id":"/subscriptions/00000000-0000-0000-0000-000000000000/providers/Microsoft.Kusto/locations/West
        US/operationresults/eebf5edc-d278-4128-a5f4-351f364a0583","name":"eebf5edc-d278-4128-a5f4-351f364a0583","status":"Running","startTime":"2020-08-27T06:57:10.1988448Z","endTime":"2020-08-27T06:57:13.7613433Z","percentComplete":0.5,"properties":{"OperationKind":"ServiceConfigurationAlter","RootActivityId":"3d3639a4-eb20-4faa-9614-8cf9d99b4048","provisioningState":"Running","OperationState":"InProgress"}}'
    headers:
      cache-control:
      - no-cache
      content-length:
      - '504'
      content-type:
      - application/json; charset=utf-8
      date:
      - Thu, 27 Aug 2020 07:04:29 GMT
      expires:
      - '-1'
      pragma:
      - no-cache
      set-cookie:
      - ARRAffinity=1c5c29bcda1f855b3b361d64bb5c7ead5fec452c7427aa2499563d7dbfee3122;Path=/;HttpOnly;Domain=armrp-kustorpwus.kusto.windows.net
      strict-transport-security:
      - max-age=31536000; includeSubDomains
      transfer-encoding:
      - chunked
      vary:
      - Accept-Encoding,Accept-Encoding
      x-content-type-options:
      - nosniff
      x-ms-ratelimit-remaining-subscription-resource-requests:
      - '293'
      x-powered-by:
      - ASP.NET
    status:
      code: 200
      message: OK
- request:
    body: null
    headers:
      Accept:
      - application/json
      Accept-Encoding:
      - gzip, deflate
      CommandName:
      - kusto cluster update
      Connection:
      - keep-alive
      ParameterSetName:
      - -n -g --sku --capacity
      User-Agent:
      - python/3.6.8 (Windows-10-10.0.19041-SP0) msrest/0.6.18 msrest_azure/0.6.3
        azure-mgmt-kusto/0.3.0 Azure-SDK-For-Python AZURECLI/2.11.0
    method: GET
    uri: https://management.azure.com/subscriptions/00000000-0000-0000-0000-000000000000/providers/Microsoft.Kusto/locations/West%20US/operationResults/eebf5edc-d278-4128-a5f4-351f364a0583?api-version=2019-01-21
  response:
    body:
      string: '{"id":"/subscriptions/00000000-0000-0000-0000-000000000000/providers/Microsoft.Kusto/locations/West
        US/operationresults/eebf5edc-d278-4128-a5f4-351f364a0583","name":"eebf5edc-d278-4128-a5f4-351f364a0583","status":"Running","startTime":"2020-08-27T06:57:10.1988448Z","endTime":"2020-08-27T06:57:13.7613433Z","percentComplete":0.5,"properties":{"OperationKind":"ServiceConfigurationAlter","RootActivityId":"3d3639a4-eb20-4faa-9614-8cf9d99b4048","provisioningState":"Running","OperationState":"InProgress"}}'
    headers:
      cache-control:
      - no-cache
      content-length:
      - '504'
      content-type:
      - application/json; charset=utf-8
      date:
      - Thu, 27 Aug 2020 07:05:00 GMT
      expires:
      - '-1'
      pragma:
      - no-cache
      set-cookie:
      - ARRAffinity=49a94ddcdeb25346ee3a2b6c760ba69b1e208509e94f78fe226be7730ca067b6;Path=/;HttpOnly;Domain=armrp-kustorpwus.kusto.windows.net
      strict-transport-security:
      - max-age=31536000; includeSubDomains
      transfer-encoding:
      - chunked
      vary:
      - Accept-Encoding,Accept-Encoding
      x-content-type-options:
      - nosniff
      x-ms-ratelimit-remaining-subscription-resource-requests:
      - '297'
      x-powered-by:
      - ASP.NET
    status:
      code: 200
      message: OK
- request:
    body: null
    headers:
      Accept:
      - application/json
      Accept-Encoding:
      - gzip, deflate
      CommandName:
      - kusto cluster update
      Connection:
      - keep-alive
      ParameterSetName:
      - -n -g --sku --capacity
      User-Agent:
      - python/3.6.8 (Windows-10-10.0.19041-SP0) msrest/0.6.18 msrest_azure/0.6.3
        azure-mgmt-kusto/0.3.0 Azure-SDK-For-Python AZURECLI/2.11.0
    method: GET
    uri: https://management.azure.com/subscriptions/00000000-0000-0000-0000-000000000000/providers/Microsoft.Kusto/locations/West%20US/operationResults/eebf5edc-d278-4128-a5f4-351f364a0583?api-version=2019-01-21
  response:
    body:
      string: '{"id":"/subscriptions/00000000-0000-0000-0000-000000000000/providers/Microsoft.Kusto/locations/West
        US/operationresults/eebf5edc-d278-4128-a5f4-351f364a0583","name":"eebf5edc-d278-4128-a5f4-351f364a0583","status":"Succeeded","startTime":"2020-08-27T06:57:10.1988448Z","endTime":"2020-08-27T07:05:23.5681588Z","percentComplete":1.0,"properties":{"OperationKind":"ServiceConfigurationAlter","RootActivityId":"3d3639a4-eb20-4faa-9614-8cf9d99b4048","provisioningState":"Succeeded","OperationState":"Completed"}}'
    headers:
      cache-control:
      - no-cache
      content-length:
      - '507'
      content-type:
      - application/json; charset=utf-8
      date:
      - Thu, 27 Aug 2020 07:05:32 GMT
      expires:
      - '-1'
      pragma:
      - no-cache
      set-cookie:
      - ARRAffinity=e8106a8061bfbf1e77923f2701724267ee8611f0100fbafddc292eb815692d1e;Path=/;HttpOnly;Domain=armrp-kustorpwus.kusto.windows.net
      strict-transport-security:
      - max-age=31536000; includeSubDomains
      transfer-encoding:
      - chunked
      vary:
      - Accept-Encoding,Accept-Encoding
      x-content-type-options:
      - nosniff
      x-ms-ratelimit-remaining-subscription-resource-requests:
      - '295'
      x-powered-by:
      - ASP.NET
    status:
      code: 200
      message: OK
- request:
    body: null
    headers:
      Accept:
      - application/json
      Accept-Encoding:
      - gzip, deflate
      CommandName:
      - kusto cluster update
      Connection:
      - keep-alive
      ParameterSetName:
      - -n -g --sku --capacity
      User-Agent:
      - python/3.6.8 (Windows-10-10.0.19041-SP0) msrest/0.6.18 msrest_azure/0.6.3
        azure-mgmt-kusto/0.3.0 Azure-SDK-For-Python AZURECLI/2.11.0
    method: GET
    uri: https://management.azure.com/subscriptions/00000000-0000-0000-0000-000000000000/resourceGroups/clitest.rg000001/providers/Microsoft.Kusto/clusters/test000002?api-version=2019-01-21
  response:
    body:
      string: '{"id":"/subscriptions/00000000-0000-0000-0000-000000000000/resourceGroups/clitest.rg000001/providers/Microsoft.Kusto/Clusters/test000002","name":"test000002","type":"Microsoft.Kusto/Clusters","etag":"\"\"","location":"West
        US","sku":{"name":"Standard_D14_v2","tier":"Standard","capacity":6},"tags":{},"properties":{"state":"Running","uri":"https://test000002.westus.kusto.windows.net","dataIngestionUri":"https://ingest-test000002.westus.kusto.windows.net","trustedExternalTenants":[{"value":"*"}],"provisioningState":"Succeeded"}}'
    headers:
      cache-control:
      - no-cache
      content-length:
      - '630'
      content-type:
      - application/json; charset=utf-8
      date:
      - Thu, 27 Aug 2020 07:05:33 GMT
      etag:
      - '""'
      expires:
      - '-1'
      pragma:
      - no-cache
      set-cookie:
      - ARRAffinity=ed661ee8aa44d985bdf95aa0afc7e14d1e21b37a09dbfc32730819e4101ffbb2;Path=/;HttpOnly;Domain=armrp-kustorpwus.kusto.windows.net
      strict-transport-security:
      - max-age=31536000; includeSubDomains
      transfer-encoding:
      - chunked
      vary:
      - Accept-Encoding,Accept-Encoding
      x-content-type-options:
      - nosniff
      x-ms-ratelimit-remaining-subscription-resource-requests:
      - '299'
      x-powered-by:
      - ASP.NET
    status:
      code: 200
      message: OK
- request:
    body: null
    headers:
      Accept:
      - application/json
      Accept-Encoding:
      - gzip, deflate
      CommandName:
      - kusto cluster delete
      Connection:
      - keep-alive
      Content-Length:
      - '0'
      ParameterSetName:
      - -n -g -y
      User-Agent:
      - python/3.6.8 (Windows-10-10.0.19041-SP0) msrest/0.6.18 msrest_azure/0.6.3
        azure-mgmt-kusto/0.3.0 Azure-SDK-For-Python AZURECLI/2.11.0
      accept-language:
      - en-US
    method: DELETE
    uri: https://management.azure.com/subscriptions/00000000-0000-0000-0000-000000000000/resourceGroups/clitest.rg000001/providers/Microsoft.Kusto/clusters/test000002?api-version=2019-01-21
  response:
    body:
      string: ''
    headers:
      azure-asyncoperation:
      - https://management.azure.com/subscriptions/00000000-0000-0000-0000-000000000000/providers/Microsoft.Kusto/locations/West
        US/operationResults/553e7271-869f-4b92-b142-a44fd214c0b6?api-version=2019-01-21
      cache-control:
      - no-cache
      content-length:
      - '0'
      date:
      - Thu, 27 Aug 2020 07:05:36 GMT
      expires:
      - '-1'
      location:
      - https://management.azure.com/subscriptions/00000000-0000-0000-0000-000000000000/providers/Microsoft.Kusto/locations/West%20US/operationResults/553e7271-869f-4b92-b142-a44fd214c0b6?api-version=2019-01-21&operationResultResponseType=Location
      pragma:
      - no-cache
      set-cookie:
      - ARRAffinity=1c5c29bcda1f855b3b361d64bb5c7ead5fec452c7427aa2499563d7dbfee3122;Path=/;HttpOnly;Domain=armrp-kustorpwus.kusto.windows.net
      strict-transport-security:
      - max-age=31536000; includeSubDomains
      x-content-type-options:
      - nosniff
      x-ms-ratelimit-remaining-subscription-deletes:
      - '14999'
      x-powered-by:
      - ASP.NET
    status:
      code: 202
      message: Accepted
- request:
    body: null
    headers:
      Accept:
      - application/json
      Accept-Encoding:
      - gzip, deflate
      CommandName:
      - kusto cluster delete
      Connection:
      - keep-alive
      ParameterSetName:
      - -n -g -y
      User-Agent:
      - python/3.6.8 (Windows-10-10.0.19041-SP0) msrest/0.6.18 msrest_azure/0.6.3
        azure-mgmt-kusto/0.3.0 Azure-SDK-For-Python AZURECLI/2.11.0
    method: GET
    uri: https://management.azure.com/subscriptions/00000000-0000-0000-0000-000000000000/providers/Microsoft.Kusto/locations/West%20US/operationResults/553e7271-869f-4b92-b142-a44fd214c0b6?api-version=2019-01-21
  response:
    body:
      string: '{"id":"/subscriptions/00000000-0000-0000-0000-000000000000/providers/Microsoft.Kusto/locations/West
        US/operationresults/553e7271-869f-4b92-b142-a44fd214c0b6","name":"553e7271-869f-4b92-b142-a44fd214c0b6","status":"Running","startTime":"2020-08-27T07:05:36.382588Z","endTime":"2020-08-27T07:05:37.1795033Z","percentComplete":0.5,"properties":{"OperationKind":"ClusterDelete","RootActivityId":"c2c9226b-9629-4f18-9d8a-4c45c9ad7824","provisioningState":"Running","OperationState":"InProgress"}}'
    headers:
      cache-control:
      - no-cache
      content-length:
      - '491'
      content-type:
      - application/json; charset=utf-8
      date:
      - Thu, 27 Aug 2020 07:06:06 GMT
      expires:
      - '-1'
      pragma:
      - no-cache
      set-cookie:
      - ARRAffinity=67658d3126ddf9428e4e2f36f09e574385ff742ffab2b8dcad942ecc1f8fdb67;Path=/;HttpOnly;Domain=armrp-kustorpwus.kusto.windows.net
      strict-transport-security:
      - max-age=31536000; includeSubDomains
      transfer-encoding:
      - chunked
      vary:
      - Accept-Encoding,Accept-Encoding
      x-content-type-options:
      - nosniff
      x-ms-ratelimit-remaining-subscription-resource-requests:
      - '295'
      x-powered-by:
      - ASP.NET
    status:
      code: 200
      message: OK
- request:
    body: null
    headers:
      Accept:
      - application/json
      Accept-Encoding:
      - gzip, deflate
      CommandName:
      - kusto cluster delete
      Connection:
      - keep-alive
      ParameterSetName:
      - -n -g -y
      User-Agent:
      - python/3.6.8 (Windows-10-10.0.19041-SP0) msrest/0.6.18 msrest_azure/0.6.3
        azure-mgmt-kusto/0.3.0 Azure-SDK-For-Python AZURECLI/2.11.0
    method: GET
    uri: https://management.azure.com/subscriptions/00000000-0000-0000-0000-000000000000/providers/Microsoft.Kusto/locations/West%20US/operationResults/553e7271-869f-4b92-b142-a44fd214c0b6?api-version=2019-01-21
  response:
    body:
      string: '{"id":"/subscriptions/00000000-0000-0000-0000-000000000000/providers/Microsoft.Kusto/locations/West
        US/operationresults/553e7271-869f-4b92-b142-a44fd214c0b6","name":"553e7271-869f-4b92-b142-a44fd214c0b6","status":"Running","startTime":"2020-08-27T07:05:36.382588Z","endTime":"2020-08-27T07:05:37.1795033Z","percentComplete":0.5,"properties":{"OperationKind":"ClusterDelete","RootActivityId":"c2c9226b-9629-4f18-9d8a-4c45c9ad7824","provisioningState":"Running","OperationState":"InProgress"}}'
    headers:
      cache-control:
      - no-cache
      content-length:
      - '491'
      content-type:
      - application/json; charset=utf-8
      date:
      - Thu, 27 Aug 2020 07:06:37 GMT
      expires:
      - '-1'
      pragma:
      - no-cache
      set-cookie:
      - ARRAffinity=d218d1bc1a34d622added1601e776685beccb994cdcd0f1b88569be61bf3a893;Path=/;HttpOnly;Domain=armrp-kustorpwus.kusto.windows.net
      strict-transport-security:
      - max-age=31536000; includeSubDomains
      transfer-encoding:
      - chunked
      vary:
      - Accept-Encoding,Accept-Encoding
      x-content-type-options:
      - nosniff
      x-ms-ratelimit-remaining-subscription-resource-requests:
      - '294'
      x-powered-by:
      - ASP.NET
    status:
      code: 200
      message: OK
- request:
    body: null
    headers:
      Accept:
      - application/json
      Accept-Encoding:
      - gzip, deflate
      CommandName:
      - kusto cluster delete
      Connection:
      - keep-alive
      ParameterSetName:
      - -n -g -y
      User-Agent:
      - python/3.6.8 (Windows-10-10.0.19041-SP0) msrest/0.6.18 msrest_azure/0.6.3
        azure-mgmt-kusto/0.3.0 Azure-SDK-For-Python AZURECLI/2.11.0
    method: GET
    uri: https://management.azure.com/subscriptions/00000000-0000-0000-0000-000000000000/providers/Microsoft.Kusto/locations/West%20US/operationResults/553e7271-869f-4b92-b142-a44fd214c0b6?api-version=2019-01-21
  response:
    body:
      string: '{"id":"/subscriptions/00000000-0000-0000-0000-000000000000/providers/Microsoft.Kusto/locations/West
        US/operationresults/553e7271-869f-4b92-b142-a44fd214c0b6","name":"553e7271-869f-4b92-b142-a44fd214c0b6","status":"Running","startTime":"2020-08-27T07:05:36.382588Z","endTime":"2020-08-27T07:05:37.1795033Z","percentComplete":0.5,"properties":{"OperationKind":"ClusterDelete","RootActivityId":"c2c9226b-9629-4f18-9d8a-4c45c9ad7824","provisioningState":"Running","OperationState":"InProgress"}}'
    headers:
      cache-control:
      - no-cache
      content-length:
      - '491'
      content-type:
      - application/json; charset=utf-8
      date:
      - Thu, 27 Aug 2020 07:07:07 GMT
      expires:
      - '-1'
      pragma:
      - no-cache
      set-cookie:
      - ARRAffinity=1c5c29bcda1f855b3b361d64bb5c7ead5fec452c7427aa2499563d7dbfee3122;Path=/;HttpOnly;Domain=armrp-kustorpwus.kusto.windows.net
      strict-transport-security:
      - max-age=31536000; includeSubDomains
      transfer-encoding:
      - chunked
      vary:
      - Accept-Encoding,Accept-Encoding
      x-content-type-options:
      - nosniff
      x-ms-ratelimit-remaining-subscription-resource-requests:
      - '293'
      x-powered-by:
      - ASP.NET
    status:
      code: 200
      message: OK
- request:
    body: null
    headers:
      Accept:
      - application/json
      Accept-Encoding:
      - gzip, deflate
      CommandName:
      - kusto cluster delete
      Connection:
      - keep-alive
      ParameterSetName:
      - -n -g -y
      User-Agent:
      - python/3.6.8 (Windows-10-10.0.19041-SP0) msrest/0.6.18 msrest_azure/0.6.3
        azure-mgmt-kusto/0.3.0 Azure-SDK-For-Python AZURECLI/2.11.0
    method: GET
    uri: https://management.azure.com/subscriptions/00000000-0000-0000-0000-000000000000/providers/Microsoft.Kusto/locations/West%20US/operationResults/553e7271-869f-4b92-b142-a44fd214c0b6?api-version=2019-01-21
  response:
    body:
      string: '{"id":"/subscriptions/00000000-0000-0000-0000-000000000000/providers/Microsoft.Kusto/locations/West
        US/operationresults/553e7271-869f-4b92-b142-a44fd214c0b6","name":"553e7271-869f-4b92-b142-a44fd214c0b6","status":"Running","startTime":"2020-08-27T07:05:36.382588Z","endTime":"2020-08-27T07:05:37.1795033Z","percentComplete":0.5,"properties":{"OperationKind":"ClusterDelete","RootActivityId":"c2c9226b-9629-4f18-9d8a-4c45c9ad7824","provisioningState":"Running","OperationState":"InProgress"}}'
    headers:
      cache-control:
      - no-cache
      content-length:
      - '491'
      content-type:
      - application/json; charset=utf-8
      date:
      - Thu, 27 Aug 2020 07:07:39 GMT
      expires:
      - '-1'
      pragma:
      - no-cache
      set-cookie:
      - ARRAffinity=1c5c29bcda1f855b3b361d64bb5c7ead5fec452c7427aa2499563d7dbfee3122;Path=/;HttpOnly;Domain=armrp-kustorpwus.kusto.windows.net
      strict-transport-security:
      - max-age=31536000; includeSubDomains
      transfer-encoding:
      - chunked
      vary:
      - Accept-Encoding,Accept-Encoding
      x-content-type-options:
      - nosniff
      x-ms-ratelimit-remaining-subscription-resource-requests:
      - '298'
      x-powered-by:
      - ASP.NET
    status:
      code: 200
      message: OK
- request:
    body: null
    headers:
      Accept:
      - application/json
      Accept-Encoding:
      - gzip, deflate
      CommandName:
      - kusto cluster delete
      Connection:
      - keep-alive
      ParameterSetName:
      - -n -g -y
      User-Agent:
      - python/3.6.8 (Windows-10-10.0.19041-SP0) msrest/0.6.18 msrest_azure/0.6.3
        azure-mgmt-kusto/0.3.0 Azure-SDK-For-Python AZURECLI/2.11.0
    method: GET
    uri: https://management.azure.com/subscriptions/00000000-0000-0000-0000-000000000000/providers/Microsoft.Kusto/locations/West%20US/operationResults/553e7271-869f-4b92-b142-a44fd214c0b6?api-version=2019-01-21
  response:
    body:
      string: '{"id":"/subscriptions/00000000-0000-0000-0000-000000000000/providers/Microsoft.Kusto/locations/West
        US/operationresults/553e7271-869f-4b92-b142-a44fd214c0b6","name":"553e7271-869f-4b92-b142-a44fd214c0b6","status":"Running","startTime":"2020-08-27T07:05:36.382588Z","endTime":"2020-08-27T07:05:37.1795033Z","percentComplete":0.5,"properties":{"OperationKind":"ClusterDelete","RootActivityId":"c2c9226b-9629-4f18-9d8a-4c45c9ad7824","provisioningState":"Running","OperationState":"InProgress"}}'
    headers:
      cache-control:
      - no-cache
      content-length:
      - '491'
      content-type:
      - application/json; charset=utf-8
      date:
      - Thu, 27 Aug 2020 07:08:10 GMT
      expires:
      - '-1'
      pragma:
      - no-cache
      set-cookie:
      - ARRAffinity=5f95b441215e165f702fc120f711409870055f2f85025e7b8416939d2670b148;Path=/;HttpOnly;Domain=armrp-kustorpwus.kusto.windows.net
      strict-transport-security:
      - max-age=31536000; includeSubDomains
      transfer-encoding:
      - chunked
      vary:
      - Accept-Encoding,Accept-Encoding
      x-content-type-options:
      - nosniff
      x-ms-ratelimit-remaining-subscription-resource-requests:
      - '297'
      x-powered-by:
      - ASP.NET
    status:
      code: 200
      message: OK
- request:
    body: null
    headers:
      Accept:
      - application/json
      Accept-Encoding:
      - gzip, deflate
      CommandName:
      - kusto cluster delete
      Connection:
      - keep-alive
      ParameterSetName:
      - -n -g -y
      User-Agent:
      - python/3.6.8 (Windows-10-10.0.19041-SP0) msrest/0.6.18 msrest_azure/0.6.3
        azure-mgmt-kusto/0.3.0 Azure-SDK-For-Python AZURECLI/2.11.0
    method: GET
    uri: https://management.azure.com/subscriptions/00000000-0000-0000-0000-000000000000/providers/Microsoft.Kusto/locations/West%20US/operationResults/553e7271-869f-4b92-b142-a44fd214c0b6?api-version=2019-01-21
  response:
    body:
      string: '{"id":"/subscriptions/00000000-0000-0000-0000-000000000000/providers/Microsoft.Kusto/locations/West
        US/operationresults/553e7271-869f-4b92-b142-a44fd214c0b6","name":"553e7271-869f-4b92-b142-a44fd214c0b6","status":"Running","startTime":"2020-08-27T07:05:36.382588Z","endTime":"2020-08-27T07:05:37.1795033Z","percentComplete":0.5,"properties":{"OperationKind":"ClusterDelete","RootActivityId":"c2c9226b-9629-4f18-9d8a-4c45c9ad7824","provisioningState":"Running","OperationState":"InProgress"}}'
    headers:
      cache-control:
      - no-cache
      content-length:
      - '491'
      content-type:
      - application/json; charset=utf-8
      date:
      - Thu, 27 Aug 2020 07:08:42 GMT
      expires:
      - '-1'
      pragma:
      - no-cache
      set-cookie:
      - ARRAffinity=1c5c29bcda1f855b3b361d64bb5c7ead5fec452c7427aa2499563d7dbfee3122;Path=/;HttpOnly;Domain=armrp-kustorpwus.kusto.windows.net
      strict-transport-security:
      - max-age=31536000; includeSubDomains
      transfer-encoding:
      - chunked
      vary:
      - Accept-Encoding,Accept-Encoding
      x-content-type-options:
      - nosniff
      x-ms-ratelimit-remaining-subscription-resource-requests:
      - '296'
      x-powered-by:
      - ASP.NET
    status:
      code: 200
      message: OK
- request:
    body: null
    headers:
      Accept:
      - application/json
      Accept-Encoding:
      - gzip, deflate
      CommandName:
      - kusto cluster delete
      Connection:
      - keep-alive
      ParameterSetName:
      - -n -g -y
      User-Agent:
      - python/3.6.8 (Windows-10-10.0.19041-SP0) msrest/0.6.18 msrest_azure/0.6.3
        azure-mgmt-kusto/0.3.0 Azure-SDK-For-Python AZURECLI/2.11.0
    method: GET
    uri: https://management.azure.com/subscriptions/00000000-0000-0000-0000-000000000000/providers/Microsoft.Kusto/locations/West%20US/operationResults/553e7271-869f-4b92-b142-a44fd214c0b6?api-version=2019-01-21
  response:
    body:
      string: '{"id":"/subscriptions/00000000-0000-0000-0000-000000000000/providers/Microsoft.Kusto/locations/West
        US/operationresults/553e7271-869f-4b92-b142-a44fd214c0b6","name":"553e7271-869f-4b92-b142-a44fd214c0b6","status":"Running","startTime":"2020-08-27T07:05:36.382588Z","endTime":"2020-08-27T07:05:37.1795033Z","percentComplete":0.5,"properties":{"OperationKind":"ClusterDelete","RootActivityId":"c2c9226b-9629-4f18-9d8a-4c45c9ad7824","provisioningState":"Running","OperationState":"InProgress"}}'
    headers:
      cache-control:
      - no-cache
      content-length:
      - '491'
      content-type:
      - application/json; charset=utf-8
      date:
      - Thu, 27 Aug 2020 07:09:14 GMT
      expires:
      - '-1'
      pragma:
      - no-cache
      set-cookie:
      - ARRAffinity=d218d1bc1a34d622added1601e776685beccb994cdcd0f1b88569be61bf3a893;Path=/;HttpOnly;Domain=armrp-kustorpwus.kusto.windows.net
      strict-transport-security:
      - max-age=31536000; includeSubDomains
      transfer-encoding:
      - chunked
      vary:
      - Accept-Encoding,Accept-Encoding
      x-content-type-options:
      - nosniff
      x-ms-ratelimit-remaining-subscription-resource-requests:
      - '297'
      x-powered-by:
      - ASP.NET
    status:
      code: 200
      message: OK
- request:
    body: null
    headers:
      Accept:
      - application/json
      Accept-Encoding:
      - gzip, deflate
      CommandName:
      - kusto cluster delete
      Connection:
      - keep-alive
      ParameterSetName:
      - -n -g -y
      User-Agent:
      - python/3.6.8 (Windows-10-10.0.19041-SP0) msrest/0.6.18 msrest_azure/0.6.3
        azure-mgmt-kusto/0.3.0 Azure-SDK-For-Python AZURECLI/2.11.0
    method: GET
    uri: https://management.azure.com/subscriptions/00000000-0000-0000-0000-000000000000/providers/Microsoft.Kusto/locations/West%20US/operationResults/553e7271-869f-4b92-b142-a44fd214c0b6?api-version=2019-01-21
  response:
    body:
      string: '{"id":"/subscriptions/00000000-0000-0000-0000-000000000000/providers/Microsoft.Kusto/locations/West
        US/operationresults/553e7271-869f-4b92-b142-a44fd214c0b6","name":"553e7271-869f-4b92-b142-a44fd214c0b6","status":"Running","startTime":"2020-08-27T07:05:36.382588Z","endTime":"2020-08-27T07:05:37.1795033Z","percentComplete":0.5,"properties":{"OperationKind":"ClusterDelete","RootActivityId":"c2c9226b-9629-4f18-9d8a-4c45c9ad7824","provisioningState":"Running","OperationState":"InProgress"}}'
    headers:
      cache-control:
      - no-cache
      content-length:
      - '491'
      content-type:
      - application/json; charset=utf-8
      date:
      - Thu, 27 Aug 2020 07:09:46 GMT
      expires:
      - '-1'
      pragma:
      - no-cache
      set-cookie:
      - ARRAffinity=e8106a8061bfbf1e77923f2701724267ee8611f0100fbafddc292eb815692d1e;Path=/;HttpOnly;Domain=armrp-kustorpwus.kusto.windows.net
      strict-transport-security:
      - max-age=31536000; includeSubDomains
      transfer-encoding:
      - chunked
      vary:
      - Accept-Encoding,Accept-Encoding
      x-content-type-options:
      - nosniff
      x-ms-ratelimit-remaining-subscription-resource-requests:
      - '295'
      x-powered-by:
      - ASP.NET
    status:
      code: 200
      message: OK
- request:
    body: null
    headers:
      Accept:
      - application/json
      Accept-Encoding:
      - gzip, deflate
      CommandName:
      - kusto cluster delete
      Connection:
      - keep-alive
      ParameterSetName:
      - -n -g -y
      User-Agent:
      - python/3.6.8 (Windows-10-10.0.19041-SP0) msrest/0.6.18 msrest_azure/0.6.3
        azure-mgmt-kusto/0.3.0 Azure-SDK-For-Python AZURECLI/2.11.0
    method: GET
    uri: https://management.azure.com/subscriptions/00000000-0000-0000-0000-000000000000/providers/Microsoft.Kusto/locations/West%20US/operationResults/553e7271-869f-4b92-b142-a44fd214c0b6?api-version=2019-01-21
  response:
    body:
      string: '{"id":"/subscriptions/00000000-0000-0000-0000-000000000000/providers/Microsoft.Kusto/locations/West
        US/operationresults/553e7271-869f-4b92-b142-a44fd214c0b6","name":"553e7271-869f-4b92-b142-a44fd214c0b6","status":"Running","startTime":"2020-08-27T07:05:36.382588Z","endTime":"2020-08-27T07:05:37.1795033Z","percentComplete":0.5,"properties":{"OperationKind":"ClusterDelete","RootActivityId":"c2c9226b-9629-4f18-9d8a-4c45c9ad7824","provisioningState":"Running","OperationState":"InProgress"}}'
    headers:
      cache-control:
      - no-cache
      content-length:
      - '491'
      content-type:
      - application/json; charset=utf-8
      date:
      - Thu, 27 Aug 2020 07:10:17 GMT
      expires:
      - '-1'
      pragma:
      - no-cache
      set-cookie:
      - ARRAffinity=e8106a8061bfbf1e77923f2701724267ee8611f0100fbafddc292eb815692d1e;Path=/;HttpOnly;Domain=armrp-kustorpwus.kusto.windows.net
      strict-transport-security:
      - max-age=31536000; includeSubDomains
      transfer-encoding:
      - chunked
      vary:
      - Accept-Encoding,Accept-Encoding
      x-content-type-options:
      - nosniff
      x-ms-ratelimit-remaining-subscription-resource-requests:
      - '298'
      x-powered-by:
      - ASP.NET
    status:
      code: 200
      message: OK
- request:
    body: null
    headers:
      Accept:
      - application/json
      Accept-Encoding:
      - gzip, deflate
      CommandName:
      - kusto cluster delete
      Connection:
      - keep-alive
      ParameterSetName:
      - -n -g -y
      User-Agent:
      - python/3.6.8 (Windows-10-10.0.19041-SP0) msrest/0.6.18 msrest_azure/0.6.3
        azure-mgmt-kusto/0.3.0 Azure-SDK-For-Python AZURECLI/2.11.0
    method: GET
    uri: https://management.azure.com/subscriptions/00000000-0000-0000-0000-000000000000/providers/Microsoft.Kusto/locations/West%20US/operationResults/553e7271-869f-4b92-b142-a44fd214c0b6?api-version=2019-01-21
  response:
    body:
      string: '{"id":"/subscriptions/00000000-0000-0000-0000-000000000000/providers/Microsoft.Kusto/locations/West
        US/operationresults/553e7271-869f-4b92-b142-a44fd214c0b6","name":"553e7271-869f-4b92-b142-a44fd214c0b6","status":"Running","startTime":"2020-08-27T07:05:36.382588Z","endTime":"2020-08-27T07:05:37.1795033Z","percentComplete":0.5,"properties":{"OperationKind":"ClusterDelete","RootActivityId":"c2c9226b-9629-4f18-9d8a-4c45c9ad7824","provisioningState":"Running","OperationState":"InProgress"}}'
    headers:
      cache-control:
      - no-cache
      content-length:
      - '491'
      content-type:
      - application/json; charset=utf-8
      date:
      - Thu, 27 Aug 2020 07:10:49 GMT
      expires:
      - '-1'
      pragma:
      - no-cache
      set-cookie:
      - ARRAffinity=e8106a8061bfbf1e77923f2701724267ee8611f0100fbafddc292eb815692d1e;Path=/;HttpOnly;Domain=armrp-kustorpwus.kusto.windows.net
      strict-transport-security:
      - max-age=31536000; includeSubDomains
      transfer-encoding:
      - chunked
      vary:
      - Accept-Encoding,Accept-Encoding
      x-content-type-options:
      - nosniff
      x-ms-ratelimit-remaining-subscription-resource-requests:
      - '296'
      x-powered-by:
      - ASP.NET
    status:
      code: 200
      message: OK
- request:
    body: null
    headers:
      Accept:
      - application/json
      Accept-Encoding:
      - gzip, deflate
      CommandName:
      - kusto cluster delete
      Connection:
      - keep-alive
      ParameterSetName:
      - -n -g -y
      User-Agent:
      - python/3.6.8 (Windows-10-10.0.19041-SP0) msrest/0.6.18 msrest_azure/0.6.3
        azure-mgmt-kusto/0.3.0 Azure-SDK-For-Python AZURECLI/2.11.0
    method: GET
    uri: https://management.azure.com/subscriptions/00000000-0000-0000-0000-000000000000/providers/Microsoft.Kusto/locations/West%20US/operationResults/553e7271-869f-4b92-b142-a44fd214c0b6?api-version=2019-01-21
  response:
    body:
      string: '{"id":"/subscriptions/00000000-0000-0000-0000-000000000000/providers/Microsoft.Kusto/locations/West
        US/operationresults/553e7271-869f-4b92-b142-a44fd214c0b6","name":"553e7271-869f-4b92-b142-a44fd214c0b6","status":"Running","startTime":"2020-08-27T07:05:36.382588Z","endTime":"2020-08-27T07:05:37.1795033Z","percentComplete":0.5,"properties":{"OperationKind":"ClusterDelete","RootActivityId":"c2c9226b-9629-4f18-9d8a-4c45c9ad7824","provisioningState":"Running","OperationState":"InProgress"}}'
    headers:
      cache-control:
      - no-cache
      content-length:
      - '491'
      content-type:
      - application/json; charset=utf-8
      date:
      - Thu, 27 Aug 2020 07:11:20 GMT
      expires:
      - '-1'
      pragma:
      - no-cache
      set-cookie:
      - ARRAffinity=49a94ddcdeb25346ee3a2b6c760ba69b1e208509e94f78fe226be7730ca067b6;Path=/;HttpOnly;Domain=armrp-kustorpwus.kusto.windows.net
      strict-transport-security:
      - max-age=31536000; includeSubDomains
      transfer-encoding:
      - chunked
      vary:
      - Accept-Encoding,Accept-Encoding
      x-content-type-options:
      - nosniff
      x-ms-ratelimit-remaining-subscription-resource-requests:
      - '297'
      x-powered-by:
      - ASP.NET
    status:
      code: 200
      message: OK
- request:
    body: null
    headers:
      Accept:
      - application/json
      Accept-Encoding:
      - gzip, deflate
      CommandName:
      - kusto cluster delete
      Connection:
      - keep-alive
      ParameterSetName:
      - -n -g -y
      User-Agent:
      - python/3.6.8 (Windows-10-10.0.19041-SP0) msrest/0.6.18 msrest_azure/0.6.3
        azure-mgmt-kusto/0.3.0 Azure-SDK-For-Python AZURECLI/2.11.0
    method: GET
    uri: https://management.azure.com/subscriptions/00000000-0000-0000-0000-000000000000/providers/Microsoft.Kusto/locations/West%20US/operationResults/553e7271-869f-4b92-b142-a44fd214c0b6?api-version=2019-01-21
  response:
    body:
      string: '{"id":"/subscriptions/00000000-0000-0000-0000-000000000000/providers/Microsoft.Kusto/locations/West
        US/operationresults/553e7271-869f-4b92-b142-a44fd214c0b6","name":"553e7271-869f-4b92-b142-a44fd214c0b6","status":"Running","startTime":"2020-08-27T07:05:36.382588Z","endTime":"2020-08-27T07:05:37.1795033Z","percentComplete":0.5,"properties":{"OperationKind":"ClusterDelete","RootActivityId":"c2c9226b-9629-4f18-9d8a-4c45c9ad7824","provisioningState":"Running","OperationState":"InProgress"}}'
    headers:
      cache-control:
      - no-cache
      content-length:
      - '491'
      content-type:
      - application/json; charset=utf-8
      date:
      - Thu, 27 Aug 2020 07:11:52 GMT
      expires:
      - '-1'
      pragma:
      - no-cache
      set-cookie:
      - ARRAffinity=49a94ddcdeb25346ee3a2b6c760ba69b1e208509e94f78fe226be7730ca067b6;Path=/;HttpOnly;Domain=armrp-kustorpwus.kusto.windows.net
      strict-transport-security:
      - max-age=31536000; includeSubDomains
      transfer-encoding:
      - chunked
      vary:
      - Accept-Encoding,Accept-Encoding
      x-content-type-options:
      - nosniff
      x-ms-ratelimit-remaining-subscription-resource-requests:
      - '296'
      x-powered-by:
      - ASP.NET
    status:
      code: 200
      message: OK
- request:
    body: null
    headers:
      Accept:
      - application/json
      Accept-Encoding:
      - gzip, deflate
      CommandName:
      - kusto cluster delete
      Connection:
      - keep-alive
      ParameterSetName:
      - -n -g -y
      User-Agent:
      - python/3.6.8 (Windows-10-10.0.19041-SP0) msrest/0.6.18 msrest_azure/0.6.3
        azure-mgmt-kusto/0.3.0 Azure-SDK-For-Python AZURECLI/2.11.0
    method: GET
    uri: https://management.azure.com/subscriptions/00000000-0000-0000-0000-000000000000/providers/Microsoft.Kusto/locations/West%20US/operationResults/553e7271-869f-4b92-b142-a44fd214c0b6?api-version=2019-01-21
  response:
    body:
      string: '{"id":"/subscriptions/00000000-0000-0000-0000-000000000000/providers/Microsoft.Kusto/locations/West
        US/operationresults/553e7271-869f-4b92-b142-a44fd214c0b6","name":"553e7271-869f-4b92-b142-a44fd214c0b6","status":"Running","startTime":"2020-08-27T07:05:36.382588Z","endTime":"2020-08-27T07:05:37.1795033Z","percentComplete":0.5,"properties":{"OperationKind":"ClusterDelete","RootActivityId":"c2c9226b-9629-4f18-9d8a-4c45c9ad7824","provisioningState":"Running","OperationState":"InProgress"}}'
    headers:
      cache-control:
      - no-cache
      content-length:
      - '491'
      content-type:
      - application/json; charset=utf-8
      date:
      - Thu, 27 Aug 2020 07:12:22 GMT
      expires:
      - '-1'
      pragma:
      - no-cache
      set-cookie:
      - ARRAffinity=49a94ddcdeb25346ee3a2b6c760ba69b1e208509e94f78fe226be7730ca067b6;Path=/;HttpOnly;Domain=armrp-kustorpwus.kusto.windows.net
      strict-transport-security:
      - max-age=31536000; includeSubDomains
      transfer-encoding:
      - chunked
      vary:
      - Accept-Encoding,Accept-Encoding
      x-content-type-options:
      - nosniff
      x-ms-ratelimit-remaining-subscription-resource-requests:
      - '297'
      x-powered-by:
      - ASP.NET
    status:
      code: 200
      message: OK
- request:
    body: null
    headers:
      Accept:
      - application/json
      Accept-Encoding:
      - gzip, deflate
      CommandName:
      - kusto cluster delete
      Connection:
      - keep-alive
      ParameterSetName:
      - -n -g -y
      User-Agent:
      - python/3.6.8 (Windows-10-10.0.19041-SP0) msrest/0.6.18 msrest_azure/0.6.3
        azure-mgmt-kusto/0.3.0 Azure-SDK-For-Python AZURECLI/2.11.0
    method: GET
    uri: https://management.azure.com/subscriptions/00000000-0000-0000-0000-000000000000/providers/Microsoft.Kusto/locations/West%20US/operationResults/553e7271-869f-4b92-b142-a44fd214c0b6?api-version=2019-01-21
  response:
    body:
      string: '{"id":"/subscriptions/00000000-0000-0000-0000-000000000000/providers/Microsoft.Kusto/locations/West
        US/operationresults/553e7271-869f-4b92-b142-a44fd214c0b6","name":"553e7271-869f-4b92-b142-a44fd214c0b6","status":"Running","startTime":"2020-08-27T07:05:36.382588Z","endTime":"2020-08-27T07:05:37.1795033Z","percentComplete":0.5,"properties":{"OperationKind":"ClusterDelete","RootActivityId":"c2c9226b-9629-4f18-9d8a-4c45c9ad7824","provisioningState":"Running","OperationState":"InProgress"}}'
    headers:
      cache-control:
      - no-cache
      content-length:
      - '491'
      content-type:
      - application/json; charset=utf-8
      date:
      - Thu, 27 Aug 2020 07:12:54 GMT
      expires:
      - '-1'
      pragma:
      - no-cache
      set-cookie:
      - ARRAffinity=5f95b441215e165f702fc120f711409870055f2f85025e7b8416939d2670b148;Path=/;HttpOnly;Domain=armrp-kustorpwus.kusto.windows.net
      strict-transport-security:
      - max-age=31536000; includeSubDomains
      transfer-encoding:
      - chunked
      vary:
      - Accept-Encoding,Accept-Encoding
      x-content-type-options:
      - nosniff
      x-ms-ratelimit-remaining-subscription-resource-requests:
      - '296'
      x-powered-by:
      - ASP.NET
    status:
      code: 200
      message: OK
- request:
    body: null
    headers:
      Accept:
      - application/json
      Accept-Encoding:
      - gzip, deflate
      CommandName:
      - kusto cluster delete
      Connection:
      - keep-alive
      ParameterSetName:
      - -n -g -y
      User-Agent:
      - python/3.6.8 (Windows-10-10.0.19041-SP0) msrest/0.6.18 msrest_azure/0.6.3
        azure-mgmt-kusto/0.3.0 Azure-SDK-For-Python AZURECLI/2.11.0
    method: GET
    uri: https://management.azure.com/subscriptions/00000000-0000-0000-0000-000000000000/providers/Microsoft.Kusto/locations/West%20US/operationResults/553e7271-869f-4b92-b142-a44fd214c0b6?api-version=2019-01-21
  response:
    body:
      string: '{"id":"/subscriptions/00000000-0000-0000-0000-000000000000/providers/Microsoft.Kusto/locations/West
        US/operationresults/553e7271-869f-4b92-b142-a44fd214c0b6","name":"553e7271-869f-4b92-b142-a44fd214c0b6","status":"Running","startTime":"2020-08-27T07:05:36.382588Z","endTime":"2020-08-27T07:05:37.1795033Z","percentComplete":0.5,"properties":{"OperationKind":"ClusterDelete","RootActivityId":"c2c9226b-9629-4f18-9d8a-4c45c9ad7824","provisioningState":"Running","OperationState":"InProgress"}}'
    headers:
      cache-control:
      - no-cache
      content-length:
      - '491'
      content-type:
      - application/json; charset=utf-8
      date:
      - Thu, 27 Aug 2020 07:13:25 GMT
      expires:
      - '-1'
      pragma:
      - no-cache
      set-cookie:
      - ARRAffinity=5f95b441215e165f702fc120f711409870055f2f85025e7b8416939d2670b148;Path=/;HttpOnly;Domain=armrp-kustorpwus.kusto.windows.net
      strict-transport-security:
      - max-age=31536000; includeSubDomains
      transfer-encoding:
      - chunked
      vary:
      - Accept-Encoding,Accept-Encoding
      x-content-type-options:
      - nosniff
      x-ms-ratelimit-remaining-subscription-resource-requests:
      - '296'
      x-powered-by:
      - ASP.NET
    status:
      code: 200
      message: OK
- request:
    body: null
    headers:
      Accept:
      - application/json
      Accept-Encoding:
      - gzip, deflate
      CommandName:
      - kusto cluster delete
      Connection:
      - keep-alive
      ParameterSetName:
      - -n -g -y
      User-Agent:
      - python/3.6.8 (Windows-10-10.0.19041-SP0) msrest/0.6.18 msrest_azure/0.6.3
        azure-mgmt-kusto/0.3.0 Azure-SDK-For-Python AZURECLI/2.11.0
    method: GET
    uri: https://management.azure.com/subscriptions/00000000-0000-0000-0000-000000000000/providers/Microsoft.Kusto/locations/West%20US/operationResults/553e7271-869f-4b92-b142-a44fd214c0b6?api-version=2019-01-21
  response:
    body:
      string: '{"id":"/subscriptions/00000000-0000-0000-0000-000000000000/providers/Microsoft.Kusto/locations/West
        US/operationresults/553e7271-869f-4b92-b142-a44fd214c0b6","name":"553e7271-869f-4b92-b142-a44fd214c0b6","status":"Succeeded","startTime":"2020-08-27T07:05:36.382588Z","endTime":"2020-08-27T07:13:31.7160956Z","percentComplete":1.0,"properties":{"OperationKind":"ClusterDelete","RootActivityId":"c2c9226b-9629-4f18-9d8a-4c45c9ad7824","provisioningState":"Succeeded","OperationState":"Completed"}}'
    headers:
      cache-control:
      - no-cache
      content-length:
      - '494'
      content-type:
      - application/json; charset=utf-8
      date:
      - Thu, 27 Aug 2020 07:13:57 GMT
      expires:
      - '-1'
      pragma:
      - no-cache
      set-cookie:
      - ARRAffinity=5f95b441215e165f702fc120f711409870055f2f85025e7b8416939d2670b148;Path=/;HttpOnly;Domain=armrp-kustorpwus.kusto.windows.net
      strict-transport-security:
      - max-age=31536000; includeSubDomains
      transfer-encoding:
      - chunked
      vary:
      - Accept-Encoding,Accept-Encoding
      x-content-type-options:
      - nosniff
      x-ms-ratelimit-remaining-subscription-resource-requests:
      - '297'
      x-powered-by:
      - ASP.NET
    status:
      code: 200
      message: OK
version: 1
