interactions:
- request:
    body: null
    headers:
      Accept:
      - application/json
      Accept-Encoding:
      - gzip, deflate
      CommandName:
      - kusto cluster create
      Connection:
      - keep-alive
      ParameterSetName:
      - -n -g --sku
      User-Agent:
      - python/3.6.8 (Windows-10-10.0.19041-SP0) msrest/0.6.18 msrest_azure/0.6.3
        azure-mgmt-resource/10.2.0 Azure-SDK-For-Python AZURECLI/2.11.0
      accept-language:
      - en-US
    method: GET
    uri: https://management.azure.com/subscriptions/00000000-0000-0000-0000-000000000000/resourcegroups/clitest.rg000001?api-version=2020-06-01
  response:
    body:
      string: '{"id":"/subscriptions/00000000-0000-0000-0000-000000000000/resourceGroups/clitest.rg000001","name":"clitest.rg000001","type":"Microsoft.Resources/resourceGroups","location":"westus","tags":{"product":"azurecli","cause":"automation","date":"2020-08-27T06:46:25Z","StorageType":"Standard_LRS","type":"test"},"properties":{"provisioningState":"Succeeded"}}'
    headers:
      cache-control:
      - no-cache
      content-length:
      - '471'
      content-type:
      - application/json; charset=utf-8
      date:
      - Thu, 27 Aug 2020 06:46:30 GMT
      expires:
      - '-1'
      pragma:
      - no-cache
      strict-transport-security:
      - max-age=31536000; includeSubDomains
      vary:
      - Accept-Encoding
      x-content-type-options:
      - nosniff
    status:
      code: 200
      message: OK
- request:
    body: '{"location": "westus", "sku": {"name": "Standard_D13_v2", "tier": "Standard"}}'
    headers:
      Accept:
      - application/json
      Accept-Encoding:
      - gzip, deflate
      CommandName:
      - kusto cluster create
      Connection:
      - keep-alive
      Content-Length:
      - '78'
      Content-Type:
      - application/json; charset=utf-8
      ParameterSetName:
      - -n -g --sku
      User-Agent:
      - python/3.6.8 (Windows-10-10.0.19041-SP0) msrest/0.6.18 msrest_azure/0.6.3
        azure-mgmt-kusto/0.3.0 Azure-SDK-For-Python AZURECLI/2.11.0
      accept-language:
      - en-US
    method: PUT
    uri: https://management.azure.com/subscriptions/00000000-0000-0000-0000-000000000000/resourceGroups/clitest.rg000001/providers/Microsoft.Kusto/clusters/test000002?api-version=2019-01-21
  response:
    body:
      string: '{"id":"/subscriptions/00000000-0000-0000-0000-000000000000/resourceGroups/clitest.rg000001/providers/Microsoft.Kusto/Clusters/test000002","name":"test000002","type":"Microsoft.Kusto/Clusters","etag":"\"\"","location":"westus","sku":{"name":"Standard_D13_v2","tier":"Standard"},"properties":{"state":"Creating","provisioningState":"Creating"}}'
    headers:
      azure-asyncoperation:
      - https://management.azure.com/subscriptions/00000000-0000-0000-0000-000000000000/providers/Microsoft.Kusto/locations/westus/operationResults/54dda387-3d00-441a-9d45-fbec7800e513?api-version=2019-01-21
      cache-control:
      - no-cache
      content-length:
      - '421'
      content-type:
      - application/json; charset=utf-8
      date:
      - Thu, 27 Aug 2020 06:46:37 GMT
      etag:
      - '""'
      expires:
      - '-1'
      pragma:
      - no-cache
      set-cookie:
      - ARRAffinity=e8106a8061bfbf1e77923f2701724267ee8611f0100fbafddc292eb815692d1e;Path=/;HttpOnly;Domain=armrp-kustorpwus.kusto.windows.net
      strict-transport-security:
      - max-age=31536000; includeSubDomains
      x-content-type-options:
      - nosniff
      x-ms-ratelimit-remaining-subscription-resource-requests:
      - '199'
      x-powered-by:
      - ASP.NET
    status:
      code: 201
      message: Created
- request:
    body: null
    headers:
      Accept:
      - application/json
      Accept-Encoding:
      - gzip, deflate
      CommandName:
      - kusto cluster create
      Connection:
      - keep-alive
      ParameterSetName:
      - -n -g --sku
      User-Agent:
      - python/3.6.8 (Windows-10-10.0.19041-SP0) msrest/0.6.18 msrest_azure/0.6.3
        azure-mgmt-kusto/0.3.0 Azure-SDK-For-Python AZURECLI/2.11.0
    method: GET
    uri: https://management.azure.com/subscriptions/00000000-0000-0000-0000-000000000000/providers/Microsoft.Kusto/locations/westus/operationResults/54dda387-3d00-441a-9d45-fbec7800e513?api-version=2019-01-21
  response:
    body:
      string: '{"id":"/subscriptions/00000000-0000-0000-0000-000000000000/providers/Microsoft.Kusto/locations/westus/operationresults/54dda387-3d00-441a-9d45-fbec7800e513","name":"54dda387-3d00-441a-9d45-fbec7800e513","status":"Running","startTime":"2020-08-27T06:46:36.9974359Z","endTime":"2020-08-27T06:46:36.9974359Z","percentComplete":0.5,"properties":{"OperationKind":"ClusterCreateExternal","RootActivityId":"ba0f6af8-1b64-448a-b292-dc850fcff652","provisioningState":"Running","OperationState":"InProgress"}}'
    headers:
      cache-control:
      - no-cache
      content-length:
      - '499'
      content-type:
      - application/json; charset=utf-8
      date:
      - Thu, 27 Aug 2020 06:47:09 GMT
      expires:
      - '-1'
      pragma:
      - no-cache
      set-cookie:
      - ARRAffinity=d218d1bc1a34d622added1601e776685beccb994cdcd0f1b88569be61bf3a893;Path=/;HttpOnly;Domain=armrp-kustorpwus.kusto.windows.net
      strict-transport-security:
      - max-age=31536000; includeSubDomains
      transfer-encoding:
      - chunked
      vary:
      - Accept-Encoding,Accept-Encoding
      x-content-type-options:
      - nosniff
      x-ms-ratelimit-remaining-subscription-resource-requests:
      - '299'
      x-powered-by:
      - ASP.NET
    status:
      code: 200
      message: OK
- request:
    body: null
    headers:
      Accept:
      - application/json
      Accept-Encoding:
      - gzip, deflate
      CommandName:
      - kusto cluster create
      Connection:
      - keep-alive
      ParameterSetName:
      - -n -g --sku
      User-Agent:
      - python/3.6.8 (Windows-10-10.0.19041-SP0) msrest/0.6.18 msrest_azure/0.6.3
        azure-mgmt-kusto/0.3.0 Azure-SDK-For-Python AZURECLI/2.11.0
    method: GET
    uri: https://management.azure.com/subscriptions/00000000-0000-0000-0000-000000000000/providers/Microsoft.Kusto/locations/westus/operationResults/54dda387-3d00-441a-9d45-fbec7800e513?api-version=2019-01-21
  response:
    body:
      string: '{"id":"/subscriptions/00000000-0000-0000-0000-000000000000/providers/Microsoft.Kusto/locations/westus/operationresults/54dda387-3d00-441a-9d45-fbec7800e513","name":"54dda387-3d00-441a-9d45-fbec7800e513","status":"Running","startTime":"2020-08-27T06:46:36.9974359Z","endTime":"2020-08-27T06:46:36.9974359Z","percentComplete":0.5,"properties":{"OperationKind":"ClusterCreateExternal","RootActivityId":"ba0f6af8-1b64-448a-b292-dc850fcff652","provisioningState":"Running","OperationState":"InProgress"}}'
    headers:
      cache-control:
      - no-cache
      content-length:
      - '499'
      content-type:
      - application/json; charset=utf-8
      date:
      - Thu, 27 Aug 2020 06:47:40 GMT
      expires:
      - '-1'
      pragma:
      - no-cache
      set-cookie:
      - ARRAffinity=49a94ddcdeb25346ee3a2b6c760ba69b1e208509e94f78fe226be7730ca067b6;Path=/;HttpOnly;Domain=armrp-kustorpwus.kusto.windows.net
      strict-transport-security:
      - max-age=31536000; includeSubDomains
      transfer-encoding:
      - chunked
      vary:
      - Accept-Encoding,Accept-Encoding
      x-content-type-options:
      - nosniff
      x-ms-ratelimit-remaining-subscription-resource-requests:
      - '299'
      x-powered-by:
      - ASP.NET
    status:
      code: 200
      message: OK
- request:
    body: null
    headers:
      Accept:
      - application/json
      Accept-Encoding:
      - gzip, deflate
      CommandName:
      - kusto cluster create
      Connection:
      - keep-alive
      ParameterSetName:
      - -n -g --sku
      User-Agent:
      - python/3.6.8 (Windows-10-10.0.19041-SP0) msrest/0.6.18 msrest_azure/0.6.3
        azure-mgmt-kusto/0.3.0 Azure-SDK-For-Python AZURECLI/2.11.0
    method: GET
    uri: https://management.azure.com/subscriptions/00000000-0000-0000-0000-000000000000/providers/Microsoft.Kusto/locations/westus/operationResults/54dda387-3d00-441a-9d45-fbec7800e513?api-version=2019-01-21
  response:
    body:
      string: '{"id":"/subscriptions/00000000-0000-0000-0000-000000000000/providers/Microsoft.Kusto/locations/westus/operationresults/54dda387-3d00-441a-9d45-fbec7800e513","name":"54dda387-3d00-441a-9d45-fbec7800e513","status":"Running","startTime":"2020-08-27T06:46:36.9974359Z","endTime":"2020-08-27T06:46:36.9974359Z","percentComplete":0.5,"properties":{"OperationKind":"ClusterCreateExternal","RootActivityId":"ba0f6af8-1b64-448a-b292-dc850fcff652","provisioningState":"Running","OperationState":"InProgress"}}'
    headers:
      cache-control:
      - no-cache
      content-length:
      - '499'
      content-type:
      - application/json; charset=utf-8
      date:
      - Thu, 27 Aug 2020 06:48:11 GMT
      expires:
      - '-1'
      pragma:
      - no-cache
      set-cookie:
      - ARRAffinity=67658d3126ddf9428e4e2f36f09e574385ff742ffab2b8dcad942ecc1f8fdb67;Path=/;HttpOnly;Domain=armrp-kustorpwus.kusto.windows.net
      strict-transport-security:
      - max-age=31536000; includeSubDomains
      transfer-encoding:
      - chunked
      vary:
      - Accept-Encoding,Accept-Encoding
      x-content-type-options:
      - nosniff
      x-ms-ratelimit-remaining-subscription-resource-requests:
      - '297'
      x-powered-by:
      - ASP.NET
    status:
      code: 200
      message: OK
- request:
    body: null
    headers:
      Accept:
      - application/json
      Accept-Encoding:
      - gzip, deflate
      CommandName:
      - kusto cluster create
      Connection:
      - keep-alive
      ParameterSetName:
      - -n -g --sku
      User-Agent:
      - python/3.6.8 (Windows-10-10.0.19041-SP0) msrest/0.6.18 msrest_azure/0.6.3
        azure-mgmt-kusto/0.3.0 Azure-SDK-For-Python AZURECLI/2.11.0
    method: GET
    uri: https://management.azure.com/subscriptions/00000000-0000-0000-0000-000000000000/providers/Microsoft.Kusto/locations/westus/operationResults/54dda387-3d00-441a-9d45-fbec7800e513?api-version=2019-01-21
  response:
    body:
      string: '{"id":"/subscriptions/00000000-0000-0000-0000-000000000000/providers/Microsoft.Kusto/locations/westus/operationresults/54dda387-3d00-441a-9d45-fbec7800e513","name":"54dda387-3d00-441a-9d45-fbec7800e513","status":"Running","startTime":"2020-08-27T06:46:36.9974359Z","endTime":"2020-08-27T06:46:36.9974359Z","percentComplete":0.5,"properties":{"OperationKind":"ClusterCreateExternal","RootActivityId":"ba0f6af8-1b64-448a-b292-dc850fcff652","provisioningState":"Running","OperationState":"InProgress"}}'
    headers:
      cache-control:
      - no-cache
      content-length:
      - '499'
      content-type:
      - application/json; charset=utf-8
      date:
      - Thu, 27 Aug 2020 06:48:43 GMT
      expires:
      - '-1'
      pragma:
      - no-cache
      set-cookie:
      - ARRAffinity=d218d1bc1a34d622added1601e776685beccb994cdcd0f1b88569be61bf3a893;Path=/;HttpOnly;Domain=armrp-kustorpwus.kusto.windows.net
      strict-transport-security:
      - max-age=31536000; includeSubDomains
      transfer-encoding:
      - chunked
      vary:
      - Accept-Encoding,Accept-Encoding
      x-content-type-options:
      - nosniff
      x-ms-ratelimit-remaining-subscription-resource-requests:
      - '299'
      x-powered-by:
      - ASP.NET
    status:
      code: 200
      message: OK
- request:
    body: null
    headers:
      Accept:
      - application/json
      Accept-Encoding:
      - gzip, deflate
      CommandName:
      - kusto cluster create
      Connection:
      - keep-alive
      ParameterSetName:
      - -n -g --sku
      User-Agent:
      - python/3.6.8 (Windows-10-10.0.19041-SP0) msrest/0.6.18 msrest_azure/0.6.3
        azure-mgmt-kusto/0.3.0 Azure-SDK-For-Python AZURECLI/2.11.0
    method: GET
    uri: https://management.azure.com/subscriptions/00000000-0000-0000-0000-000000000000/providers/Microsoft.Kusto/locations/westus/operationResults/54dda387-3d00-441a-9d45-fbec7800e513?api-version=2019-01-21
  response:
    body:
      string: '{"id":"/subscriptions/00000000-0000-0000-0000-000000000000/providers/Microsoft.Kusto/locations/westus/operationresults/54dda387-3d00-441a-9d45-fbec7800e513","name":"54dda387-3d00-441a-9d45-fbec7800e513","status":"Running","startTime":"2020-08-27T06:46:36.9974359Z","endTime":"2020-08-27T06:46:36.9974359Z","percentComplete":0.5,"properties":{"OperationKind":"ClusterCreateExternal","RootActivityId":"ba0f6af8-1b64-448a-b292-dc850fcff652","provisioningState":"Running","OperationState":"InProgress"}}'
    headers:
      cache-control:
      - no-cache
      content-length:
      - '499'
      content-type:
      - application/json; charset=utf-8
      date:
      - Thu, 27 Aug 2020 06:49:14 GMT
      expires:
      - '-1'
      pragma:
      - no-cache
      set-cookie:
      - ARRAffinity=d218d1bc1a34d622added1601e776685beccb994cdcd0f1b88569be61bf3a893;Path=/;HttpOnly;Domain=armrp-kustorpwus.kusto.windows.net
      strict-transport-security:
      - max-age=31536000; includeSubDomains
      transfer-encoding:
      - chunked
      vary:
      - Accept-Encoding,Accept-Encoding
      x-content-type-options:
      - nosniff
      x-ms-ratelimit-remaining-subscription-resource-requests:
      - '298'
      x-powered-by:
      - ASP.NET
    status:
      code: 200
      message: OK
- request:
    body: null
    headers:
      Accept:
      - application/json
      Accept-Encoding:
      - gzip, deflate
      CommandName:
      - kusto cluster create
      Connection:
      - keep-alive
      ParameterSetName:
      - -n -g --sku
      User-Agent:
      - python/3.6.8 (Windows-10-10.0.19041-SP0) msrest/0.6.18 msrest_azure/0.6.3
        azure-mgmt-kusto/0.3.0 Azure-SDK-For-Python AZURECLI/2.11.0
    method: GET
    uri: https://management.azure.com/subscriptions/00000000-0000-0000-0000-000000000000/providers/Microsoft.Kusto/locations/westus/operationResults/54dda387-3d00-441a-9d45-fbec7800e513?api-version=2019-01-21
  response:
    body:
      string: '{"id":"/subscriptions/00000000-0000-0000-0000-000000000000/providers/Microsoft.Kusto/locations/westus/operationresults/54dda387-3d00-441a-9d45-fbec7800e513","name":"54dda387-3d00-441a-9d45-fbec7800e513","status":"Running","startTime":"2020-08-27T06:46:36.9974359Z","endTime":"2020-08-27T06:49:30.5002017Z","percentComplete":0.5,"properties":{"OperationKind":"ClusterCreateExternal","RootActivityId":"ba0f6af8-1b64-448a-b292-dc850fcff652","provisioningState":"Running","OperationState":"InProgress"}}'
    headers:
      cache-control:
      - no-cache
      content-length:
      - '499'
      content-type:
      - application/json; charset=utf-8
      date:
      - Thu, 27 Aug 2020 06:49:45 GMT
      expires:
      - '-1'
      pragma:
      - no-cache
      set-cookie:
      - ARRAffinity=2ee8dbca0c17fb4b4d8c562ef791535fd57061466334fb9e50f39326ad63a5ae;Path=/;HttpOnly;Domain=armrp-kustorpwus.kusto.windows.net
      strict-transport-security:
      - max-age=31536000; includeSubDomains
      transfer-encoding:
      - chunked
      vary:
      - Accept-Encoding,Accept-Encoding
      x-content-type-options:
      - nosniff
      x-ms-ratelimit-remaining-subscription-resource-requests:
      - '296'
      x-powered-by:
      - ASP.NET
    status:
      code: 200
      message: OK
- request:
    body: null
    headers:
      Accept:
      - application/json
      Accept-Encoding:
      - gzip, deflate
      CommandName:
      - kusto cluster create
      Connection:
      - keep-alive
      ParameterSetName:
      - -n -g --sku
      User-Agent:
      - python/3.6.8 (Windows-10-10.0.19041-SP0) msrest/0.6.18 msrest_azure/0.6.3
        azure-mgmt-kusto/0.3.0 Azure-SDK-For-Python AZURECLI/2.11.0
    method: GET
    uri: https://management.azure.com/subscriptions/00000000-0000-0000-0000-000000000000/providers/Microsoft.Kusto/locations/westus/operationResults/54dda387-3d00-441a-9d45-fbec7800e513?api-version=2019-01-21
  response:
    body:
      string: '{"id":"/subscriptions/00000000-0000-0000-0000-000000000000/providers/Microsoft.Kusto/locations/westus/operationresults/54dda387-3d00-441a-9d45-fbec7800e513","name":"54dda387-3d00-441a-9d45-fbec7800e513","status":"Running","startTime":"2020-08-27T06:46:36.9974359Z","endTime":"2020-08-27T06:49:30.5002017Z","percentComplete":0.5,"properties":{"OperationKind":"ClusterCreateExternal","RootActivityId":"ba0f6af8-1b64-448a-b292-dc850fcff652","provisioningState":"Running","OperationState":"InProgress"}}'
    headers:
      cache-control:
      - no-cache
      content-length:
      - '499'
      content-type:
      - application/json; charset=utf-8
      date:
      - Thu, 27 Aug 2020 06:50:17 GMT
      expires:
      - '-1'
      pragma:
      - no-cache
      set-cookie:
      - ARRAffinity=1c5c29bcda1f855b3b361d64bb5c7ead5fec452c7427aa2499563d7dbfee3122;Path=/;HttpOnly;Domain=armrp-kustorpwus.kusto.windows.net
      strict-transport-security:
      - max-age=31536000; includeSubDomains
      transfer-encoding:
      - chunked
      vary:
      - Accept-Encoding,Accept-Encoding
      x-content-type-options:
      - nosniff
      x-ms-ratelimit-remaining-subscription-resource-requests:
      - '299'
      x-powered-by:
      - ASP.NET
    status:
      code: 200
      message: OK
- request:
    body: null
    headers:
      Accept:
      - application/json
      Accept-Encoding:
      - gzip, deflate
      CommandName:
      - kusto cluster create
      Connection:
      - keep-alive
      ParameterSetName:
      - -n -g --sku
      User-Agent:
      - python/3.6.8 (Windows-10-10.0.19041-SP0) msrest/0.6.18 msrest_azure/0.6.3
        azure-mgmt-kusto/0.3.0 Azure-SDK-For-Python AZURECLI/2.11.0
    method: GET
    uri: https://management.azure.com/subscriptions/00000000-0000-0000-0000-000000000000/providers/Microsoft.Kusto/locations/westus/operationResults/54dda387-3d00-441a-9d45-fbec7800e513?api-version=2019-01-21
  response:
    body:
      string: '{"id":"/subscriptions/00000000-0000-0000-0000-000000000000/providers/Microsoft.Kusto/locations/westus/operationresults/54dda387-3d00-441a-9d45-fbec7800e513","name":"54dda387-3d00-441a-9d45-fbec7800e513","status":"Running","startTime":"2020-08-27T06:46:36.9974359Z","endTime":"2020-08-27T06:49:30.5002017Z","percentComplete":0.5,"properties":{"OperationKind":"ClusterCreateExternal","RootActivityId":"ba0f6af8-1b64-448a-b292-dc850fcff652","provisioningState":"Running","OperationState":"InProgress"}}'
    headers:
      cache-control:
      - no-cache
      content-length:
      - '499'
      content-type:
      - application/json; charset=utf-8
      date:
      - Thu, 27 Aug 2020 06:50:48 GMT
      expires:
      - '-1'
      pragma:
      - no-cache
      set-cookie:
      - ARRAffinity=5f95b441215e165f702fc120f711409870055f2f85025e7b8416939d2670b148;Path=/;HttpOnly;Domain=armrp-kustorpwus.kusto.windows.net
      strict-transport-security:
      - max-age=31536000; includeSubDomains
      transfer-encoding:
      - chunked
      vary:
      - Accept-Encoding,Accept-Encoding
      x-content-type-options:
      - nosniff
      x-ms-ratelimit-remaining-subscription-resource-requests:
      - '297'
      x-powered-by:
      - ASP.NET
    status:
      code: 200
      message: OK
- request:
    body: null
    headers:
      Accept:
      - application/json
      Accept-Encoding:
      - gzip, deflate
      CommandName:
      - kusto cluster create
      Connection:
      - keep-alive
      ParameterSetName:
      - -n -g --sku
      User-Agent:
      - python/3.6.8 (Windows-10-10.0.19041-SP0) msrest/0.6.18 msrest_azure/0.6.3
        azure-mgmt-kusto/0.3.0 Azure-SDK-For-Python AZURECLI/2.11.0
    method: GET
    uri: https://management.azure.com/subscriptions/00000000-0000-0000-0000-000000000000/providers/Microsoft.Kusto/locations/westus/operationResults/54dda387-3d00-441a-9d45-fbec7800e513?api-version=2019-01-21
  response:
    body:
      string: '{"id":"/subscriptions/00000000-0000-0000-0000-000000000000/providers/Microsoft.Kusto/locations/westus/operationresults/54dda387-3d00-441a-9d45-fbec7800e513","name":"54dda387-3d00-441a-9d45-fbec7800e513","status":"Running","startTime":"2020-08-27T06:46:36.9974359Z","endTime":"2020-08-27T06:49:30.5002017Z","percentComplete":0.5,"properties":{"OperationKind":"ClusterCreateExternal","RootActivityId":"ba0f6af8-1b64-448a-b292-dc850fcff652","provisioningState":"Running","OperationState":"InProgress"}}'
    headers:
      cache-control:
      - no-cache
      content-length:
      - '499'
      content-type:
      - application/json; charset=utf-8
      date:
      - Thu, 27 Aug 2020 06:51:20 GMT
      expires:
      - '-1'
      pragma:
      - no-cache
      set-cookie:
      - ARRAffinity=ed661ee8aa44d985bdf95aa0afc7e14d1e21b37a09dbfc32730819e4101ffbb2;Path=/;HttpOnly;Domain=armrp-kustorpwus.kusto.windows.net
      strict-transport-security:
      - max-age=31536000; includeSubDomains
      transfer-encoding:
      - chunked
      vary:
      - Accept-Encoding,Accept-Encoding
      x-content-type-options:
      - nosniff
      x-ms-ratelimit-remaining-subscription-resource-requests:
      - '297'
      x-powered-by:
      - ASP.NET
    status:
      code: 200
      message: OK
- request:
    body: null
    headers:
      Accept:
      - application/json
      Accept-Encoding:
      - gzip, deflate
      CommandName:
      - kusto cluster create
      Connection:
      - keep-alive
      ParameterSetName:
      - -n -g --sku
      User-Agent:
      - python/3.6.8 (Windows-10-10.0.19041-SP0) msrest/0.6.18 msrest_azure/0.6.3
        azure-mgmt-kusto/0.3.0 Azure-SDK-For-Python AZURECLI/2.11.0
    method: GET
    uri: https://management.azure.com/subscriptions/00000000-0000-0000-0000-000000000000/providers/Microsoft.Kusto/locations/westus/operationResults/54dda387-3d00-441a-9d45-fbec7800e513?api-version=2019-01-21
  response:
    body:
      string: '{"id":"/subscriptions/00000000-0000-0000-0000-000000000000/providers/Microsoft.Kusto/locations/westus/operationresults/54dda387-3d00-441a-9d45-fbec7800e513","name":"54dda387-3d00-441a-9d45-fbec7800e513","status":"Running","startTime":"2020-08-27T06:46:36.9974359Z","endTime":"2020-08-27T06:49:30.5002017Z","percentComplete":0.5,"properties":{"OperationKind":"ClusterCreateExternal","RootActivityId":"ba0f6af8-1b64-448a-b292-dc850fcff652","provisioningState":"Running","OperationState":"InProgress"}}'
    headers:
      cache-control:
      - no-cache
      content-length:
      - '499'
      content-type:
      - application/json; charset=utf-8
      date:
      - Thu, 27 Aug 2020 06:51:50 GMT
      expires:
      - '-1'
      pragma:
      - no-cache
      set-cookie:
      - ARRAffinity=e8106a8061bfbf1e77923f2701724267ee8611f0100fbafddc292eb815692d1e;Path=/;HttpOnly;Domain=armrp-kustorpwus.kusto.windows.net
      strict-transport-security:
      - max-age=31536000; includeSubDomains
      transfer-encoding:
      - chunked
      vary:
      - Accept-Encoding,Accept-Encoding
      x-content-type-options:
      - nosniff
      x-ms-ratelimit-remaining-subscription-resource-requests:
      - '297'
      x-powered-by:
      - ASP.NET
    status:
      code: 200
      message: OK
- request:
    body: null
    headers:
      Accept:
      - application/json
      Accept-Encoding:
      - gzip, deflate
      CommandName:
      - kusto cluster create
      Connection:
      - keep-alive
      ParameterSetName:
      - -n -g --sku
      User-Agent:
      - python/3.6.8 (Windows-10-10.0.19041-SP0) msrest/0.6.18 msrest_azure/0.6.3
        azure-mgmt-kusto/0.3.0 Azure-SDK-For-Python AZURECLI/2.11.0
    method: GET
    uri: https://management.azure.com/subscriptions/00000000-0000-0000-0000-000000000000/providers/Microsoft.Kusto/locations/westus/operationResults/54dda387-3d00-441a-9d45-fbec7800e513?api-version=2019-01-21
  response:
    body:
      string: '{"id":"/subscriptions/00000000-0000-0000-0000-000000000000/providers/Microsoft.Kusto/locations/westus/operationresults/54dda387-3d00-441a-9d45-fbec7800e513","name":"54dda387-3d00-441a-9d45-fbec7800e513","status":"Running","startTime":"2020-08-27T06:46:36.9974359Z","endTime":"2020-08-27T06:49:30.5002017Z","percentComplete":0.5,"properties":{"OperationKind":"ClusterCreateExternal","RootActivityId":"ba0f6af8-1b64-448a-b292-dc850fcff652","provisioningState":"Running","OperationState":"InProgress"}}'
    headers:
      cache-control:
      - no-cache
      content-length:
      - '499'
      content-type:
      - application/json; charset=utf-8
      date:
      - Thu, 27 Aug 2020 06:52:21 GMT
      expires:
      - '-1'
      pragma:
      - no-cache
      set-cookie:
      - ARRAffinity=ed661ee8aa44d985bdf95aa0afc7e14d1e21b37a09dbfc32730819e4101ffbb2;Path=/;HttpOnly;Domain=armrp-kustorpwus.kusto.windows.net
      strict-transport-security:
      - max-age=31536000; includeSubDomains
      transfer-encoding:
      - chunked
      vary:
      - Accept-Encoding,Accept-Encoding
      x-content-type-options:
      - nosniff
      x-ms-ratelimit-remaining-subscription-resource-requests:
      - '296'
      x-powered-by:
      - ASP.NET
    status:
      code: 200
      message: OK
- request:
    body: null
    headers:
      Accept:
      - application/json
      Accept-Encoding:
      - gzip, deflate
      CommandName:
      - kusto cluster create
      Connection:
      - keep-alive
      ParameterSetName:
      - -n -g --sku
      User-Agent:
      - python/3.6.8 (Windows-10-10.0.19041-SP0) msrest/0.6.18 msrest_azure/0.6.3
        azure-mgmt-kusto/0.3.0 Azure-SDK-For-Python AZURECLI/2.11.0
    method: GET
    uri: https://management.azure.com/subscriptions/00000000-0000-0000-0000-000000000000/providers/Microsoft.Kusto/locations/westus/operationResults/54dda387-3d00-441a-9d45-fbec7800e513?api-version=2019-01-21
  response:
    body:
      string: '{"id":"/subscriptions/00000000-0000-0000-0000-000000000000/providers/Microsoft.Kusto/locations/westus/operationresults/54dda387-3d00-441a-9d45-fbec7800e513","name":"54dda387-3d00-441a-9d45-fbec7800e513","status":"Running","startTime":"2020-08-27T06:46:36.9974359Z","endTime":"2020-08-27T06:49:30.5002017Z","percentComplete":0.5,"properties":{"OperationKind":"ClusterCreateExternal","RootActivityId":"ba0f6af8-1b64-448a-b292-dc850fcff652","provisioningState":"Running","OperationState":"InProgress"}}'
    headers:
      cache-control:
      - no-cache
      content-length:
      - '499'
      content-type:
      - application/json; charset=utf-8
      date:
      - Thu, 27 Aug 2020 06:52:52 GMT
      expires:
      - '-1'
      pragma:
      - no-cache
      set-cookie:
      - ARRAffinity=2ee8dbca0c17fb4b4d8c562ef791535fd57061466334fb9e50f39326ad63a5ae;Path=/;HttpOnly;Domain=armrp-kustorpwus.kusto.windows.net
      strict-transport-security:
      - max-age=31536000; includeSubDomains
      transfer-encoding:
      - chunked
      vary:
      - Accept-Encoding,Accept-Encoding
      x-content-type-options:
      - nosniff
      x-ms-ratelimit-remaining-subscription-resource-requests:
      - '296'
      x-powered-by:
      - ASP.NET
    status:
      code: 200
      message: OK
- request:
    body: null
    headers:
      Accept:
      - application/json
      Accept-Encoding:
      - gzip, deflate
      CommandName:
      - kusto cluster create
      Connection:
      - keep-alive
      ParameterSetName:
      - -n -g --sku
      User-Agent:
      - python/3.6.8 (Windows-10-10.0.19041-SP0) msrest/0.6.18 msrest_azure/0.6.3
        azure-mgmt-kusto/0.3.0 Azure-SDK-For-Python AZURECLI/2.11.0
    method: GET
    uri: https://management.azure.com/subscriptions/00000000-0000-0000-0000-000000000000/providers/Microsoft.Kusto/locations/westus/operationResults/54dda387-3d00-441a-9d45-fbec7800e513?api-version=2019-01-21
  response:
    body:
      string: '{"id":"/subscriptions/00000000-0000-0000-0000-000000000000/providers/Microsoft.Kusto/locations/westus/operationresults/54dda387-3d00-441a-9d45-fbec7800e513","name":"54dda387-3d00-441a-9d45-fbec7800e513","status":"Running","startTime":"2020-08-27T06:46:36.9974359Z","endTime":"2020-08-27T06:49:30.5002017Z","percentComplete":0.5,"properties":{"OperationKind":"ClusterCreateExternal","RootActivityId":"ba0f6af8-1b64-448a-b292-dc850fcff652","provisioningState":"Running","OperationState":"InProgress"}}'
    headers:
      cache-control:
      - no-cache
      content-length:
      - '499'
      content-type:
      - application/json; charset=utf-8
      date:
      - Thu, 27 Aug 2020 06:53:24 GMT
      expires:
      - '-1'
      pragma:
      - no-cache
      set-cookie:
      - ARRAffinity=d218d1bc1a34d622added1601e776685beccb994cdcd0f1b88569be61bf3a893;Path=/;HttpOnly;Domain=armrp-kustorpwus.kusto.windows.net
      strict-transport-security:
      - max-age=31536000; includeSubDomains
      transfer-encoding:
      - chunked
      vary:
      - Accept-Encoding,Accept-Encoding
      x-content-type-options:
      - nosniff
      x-ms-ratelimit-remaining-subscription-resource-requests:
      - '298'
      x-powered-by:
      - ASP.NET
    status:
      code: 200
      message: OK
- request:
    body: null
    headers:
      Accept:
      - application/json
      Accept-Encoding:
      - gzip, deflate
      CommandName:
      - kusto cluster create
      Connection:
      - keep-alive
      ParameterSetName:
      - -n -g --sku
      User-Agent:
      - python/3.6.8 (Windows-10-10.0.19041-SP0) msrest/0.6.18 msrest_azure/0.6.3
        azure-mgmt-kusto/0.3.0 Azure-SDK-For-Python AZURECLI/2.11.0
    method: GET
    uri: https://management.azure.com/subscriptions/00000000-0000-0000-0000-000000000000/providers/Microsoft.Kusto/locations/westus/operationResults/54dda387-3d00-441a-9d45-fbec7800e513?api-version=2019-01-21
  response:
    body:
      string: '{"id":"/subscriptions/00000000-0000-0000-0000-000000000000/providers/Microsoft.Kusto/locations/westus/operationresults/54dda387-3d00-441a-9d45-fbec7800e513","name":"54dda387-3d00-441a-9d45-fbec7800e513","status":"Running","startTime":"2020-08-27T06:46:36.9974359Z","endTime":"2020-08-27T06:49:30.5002017Z","percentComplete":0.5,"properties":{"OperationKind":"ClusterCreateExternal","RootActivityId":"ba0f6af8-1b64-448a-b292-dc850fcff652","provisioningState":"Running","OperationState":"InProgress"}}'
    headers:
      cache-control:
      - no-cache
      content-length:
      - '499'
      content-type:
      - application/json; charset=utf-8
      date:
      - Thu, 27 Aug 2020 06:53:56 GMT
      expires:
      - '-1'
      pragma:
      - no-cache
      set-cookie:
      - ARRAffinity=1c5c29bcda1f855b3b361d64bb5c7ead5fec452c7427aa2499563d7dbfee3122;Path=/;HttpOnly;Domain=armrp-kustorpwus.kusto.windows.net
      strict-transport-security:
      - max-age=31536000; includeSubDomains
      transfer-encoding:
      - chunked
      vary:
      - Accept-Encoding,Accept-Encoding
      x-content-type-options:
      - nosniff
      x-ms-ratelimit-remaining-subscription-resource-requests:
      - '298'
      x-powered-by:
      - ASP.NET
    status:
      code: 200
      message: OK
- request:
    body: null
    headers:
      Accept:
      - application/json
      Accept-Encoding:
      - gzip, deflate
      CommandName:
      - kusto cluster create
      Connection:
      - keep-alive
      ParameterSetName:
      - -n -g --sku
      User-Agent:
      - python/3.6.8 (Windows-10-10.0.19041-SP0) msrest/0.6.18 msrest_azure/0.6.3
        azure-mgmt-kusto/0.3.0 Azure-SDK-For-Python AZURECLI/2.11.0
    method: GET
    uri: https://management.azure.com/subscriptions/00000000-0000-0000-0000-000000000000/providers/Microsoft.Kusto/locations/westus/operationResults/54dda387-3d00-441a-9d45-fbec7800e513?api-version=2019-01-21
  response:
    body:
      string: '{"id":"/subscriptions/00000000-0000-0000-0000-000000000000/providers/Microsoft.Kusto/locations/westus/operationresults/54dda387-3d00-441a-9d45-fbec7800e513","name":"54dda387-3d00-441a-9d45-fbec7800e513","status":"Running","startTime":"2020-08-27T06:46:36.9974359Z","endTime":"2020-08-27T06:49:30.5002017Z","percentComplete":0.5,"properties":{"OperationKind":"ClusterCreateExternal","RootActivityId":"ba0f6af8-1b64-448a-b292-dc850fcff652","provisioningState":"Running","OperationState":"InProgress"}}'
    headers:
      cache-control:
      - no-cache
      content-length:
      - '499'
      content-type:
      - application/json; charset=utf-8
      date:
      - Thu, 27 Aug 2020 06:54:27 GMT
      expires:
      - '-1'
      pragma:
      - no-cache
      set-cookie:
      - ARRAffinity=ed661ee8aa44d985bdf95aa0afc7e14d1e21b37a09dbfc32730819e4101ffbb2;Path=/;HttpOnly;Domain=armrp-kustorpwus.kusto.windows.net
      strict-transport-security:
      - max-age=31536000; includeSubDomains
      transfer-encoding:
      - chunked
      vary:
      - Accept-Encoding,Accept-Encoding
      x-content-type-options:
      - nosniff
      x-ms-ratelimit-remaining-subscription-resource-requests:
      - '299'
      x-powered-by:
      - ASP.NET
    status:
      code: 200
      message: OK
- request:
    body: null
    headers:
      Accept:
      - application/json
      Accept-Encoding:
      - gzip, deflate
      CommandName:
      - kusto cluster create
      Connection:
      - keep-alive
      ParameterSetName:
      - -n -g --sku
      User-Agent:
      - python/3.6.8 (Windows-10-10.0.19041-SP0) msrest/0.6.18 msrest_azure/0.6.3
        azure-mgmt-kusto/0.3.0 Azure-SDK-For-Python AZURECLI/2.11.0
    method: GET
    uri: https://management.azure.com/subscriptions/00000000-0000-0000-0000-000000000000/providers/Microsoft.Kusto/locations/westus/operationResults/54dda387-3d00-441a-9d45-fbec7800e513?api-version=2019-01-21
  response:
    body:
      string: '{"id":"/subscriptions/00000000-0000-0000-0000-000000000000/providers/Microsoft.Kusto/locations/westus/operationresults/54dda387-3d00-441a-9d45-fbec7800e513","name":"54dda387-3d00-441a-9d45-fbec7800e513","status":"Running","startTime":"2020-08-27T06:46:36.9974359Z","endTime":"2020-08-27T06:49:30.5002017Z","percentComplete":0.5,"properties":{"OperationKind":"ClusterCreateExternal","RootActivityId":"ba0f6af8-1b64-448a-b292-dc850fcff652","provisioningState":"Running","OperationState":"InProgress"}}'
    headers:
      cache-control:
      - no-cache
      content-length:
      - '499'
      content-type:
      - application/json; charset=utf-8
      date:
      - Thu, 27 Aug 2020 06:54:59 GMT
      expires:
      - '-1'
      pragma:
      - no-cache
      set-cookie:
      - ARRAffinity=2ee8dbca0c17fb4b4d8c562ef791535fd57061466334fb9e50f39326ad63a5ae;Path=/;HttpOnly;Domain=armrp-kustorpwus.kusto.windows.net
      strict-transport-security:
      - max-age=31536000; includeSubDomains
      transfer-encoding:
      - chunked
      vary:
      - Accept-Encoding,Accept-Encoding
      x-content-type-options:
      - nosniff
      x-ms-ratelimit-remaining-subscription-resource-requests:
      - '295'
      x-powered-by:
      - ASP.NET
    status:
      code: 200
      message: OK
- request:
    body: null
    headers:
      Accept:
      - application/json
      Accept-Encoding:
      - gzip, deflate
      CommandName:
      - kusto cluster create
      Connection:
      - keep-alive
      ParameterSetName:
      - -n -g --sku
      User-Agent:
      - python/3.6.8 (Windows-10-10.0.19041-SP0) msrest/0.6.18 msrest_azure/0.6.3
        azure-mgmt-kusto/0.3.0 Azure-SDK-For-Python AZURECLI/2.11.0
    method: GET
    uri: https://management.azure.com/subscriptions/00000000-0000-0000-0000-000000000000/providers/Microsoft.Kusto/locations/westus/operationResults/54dda387-3d00-441a-9d45-fbec7800e513?api-version=2019-01-21
  response:
    body:
      string: '{"id":"/subscriptions/00000000-0000-0000-0000-000000000000/providers/Microsoft.Kusto/locations/westus/operationresults/54dda387-3d00-441a-9d45-fbec7800e513","name":"54dda387-3d00-441a-9d45-fbec7800e513","status":"Running","startTime":"2020-08-27T06:46:36.9974359Z","endTime":"2020-08-27T06:49:30.5002017Z","percentComplete":0.5,"properties":{"OperationKind":"ClusterCreateExternal","RootActivityId":"ba0f6af8-1b64-448a-b292-dc850fcff652","provisioningState":"Running","OperationState":"InProgress"}}'
    headers:
      cache-control:
      - no-cache
      content-length:
      - '499'
      content-type:
      - application/json; charset=utf-8
      date:
      - Thu, 27 Aug 2020 06:55:29 GMT
      expires:
      - '-1'
      pragma:
      - no-cache
      set-cookie:
      - ARRAffinity=e8106a8061bfbf1e77923f2701724267ee8611f0100fbafddc292eb815692d1e;Path=/;HttpOnly;Domain=armrp-kustorpwus.kusto.windows.net
      strict-transport-security:
      - max-age=31536000; includeSubDomains
      transfer-encoding:
      - chunked
      vary:
      - Accept-Encoding,Accept-Encoding
      x-content-type-options:
      - nosniff
      x-ms-ratelimit-remaining-subscription-resource-requests:
      - '296'
      x-powered-by:
      - ASP.NET
    status:
      code: 200
      message: OK
- request:
    body: null
    headers:
      Accept:
      - application/json
      Accept-Encoding:
      - gzip, deflate
      CommandName:
      - kusto cluster create
      Connection:
      - keep-alive
      ParameterSetName:
      - -n -g --sku
      User-Agent:
      - python/3.6.8 (Windows-10-10.0.19041-SP0) msrest/0.6.18 msrest_azure/0.6.3
        azure-mgmt-kusto/0.3.0 Azure-SDK-For-Python AZURECLI/2.11.0
    method: GET
    uri: https://management.azure.com/subscriptions/00000000-0000-0000-0000-000000000000/providers/Microsoft.Kusto/locations/westus/operationResults/54dda387-3d00-441a-9d45-fbec7800e513?api-version=2019-01-21
  response:
    body:
      string: '{"id":"/subscriptions/00000000-0000-0000-0000-000000000000/providers/Microsoft.Kusto/locations/westus/operationresults/54dda387-3d00-441a-9d45-fbec7800e513","name":"54dda387-3d00-441a-9d45-fbec7800e513","status":"Running","startTime":"2020-08-27T06:46:36.9974359Z","endTime":"2020-08-27T06:49:30.5002017Z","percentComplete":0.5,"properties":{"OperationKind":"ClusterCreateExternal","RootActivityId":"ba0f6af8-1b64-448a-b292-dc850fcff652","provisioningState":"Running","OperationState":"InProgress"}}'
    headers:
      cache-control:
      - no-cache
      content-length:
      - '499'
      content-type:
      - application/json; charset=utf-8
      date:
      - Thu, 27 Aug 2020 06:56:01 GMT
      expires:
      - '-1'
      pragma:
      - no-cache
      set-cookie:
      - ARRAffinity=67658d3126ddf9428e4e2f36f09e574385ff742ffab2b8dcad942ecc1f8fdb67;Path=/;HttpOnly;Domain=armrp-kustorpwus.kusto.windows.net
      strict-transport-security:
      - max-age=31536000; includeSubDomains
      transfer-encoding:
      - chunked
      vary:
      - Accept-Encoding,Accept-Encoding
      x-content-type-options:
      - nosniff
      x-ms-ratelimit-remaining-subscription-resource-requests:
      - '298'
      x-powered-by:
      - ASP.NET
    status:
      code: 200
      message: OK
- request:
    body: null
    headers:
      Accept:
      - application/json
      Accept-Encoding:
      - gzip, deflate
      CommandName:
      - kusto cluster create
      Connection:
      - keep-alive
      ParameterSetName:
      - -n -g --sku
      User-Agent:
      - python/3.6.8 (Windows-10-10.0.19041-SP0) msrest/0.6.18 msrest_azure/0.6.3
        azure-mgmt-kusto/0.3.0 Azure-SDK-For-Python AZURECLI/2.11.0
    method: GET
    uri: https://management.azure.com/subscriptions/00000000-0000-0000-0000-000000000000/providers/Microsoft.Kusto/locations/westus/operationResults/54dda387-3d00-441a-9d45-fbec7800e513?api-version=2019-01-21
  response:
    body:
      string: '{"id":"/subscriptions/00000000-0000-0000-0000-000000000000/providers/Microsoft.Kusto/locations/westus/operationresults/54dda387-3d00-441a-9d45-fbec7800e513","name":"54dda387-3d00-441a-9d45-fbec7800e513","status":"Running","startTime":"2020-08-27T06:46:36.9974359Z","endTime":"2020-08-27T06:49:30.5002017Z","percentComplete":0.5,"properties":{"OperationKind":"ClusterCreateExternal","RootActivityId":"ba0f6af8-1b64-448a-b292-dc850fcff652","provisioningState":"Running","OperationState":"InProgress"}}'
    headers:
      cache-control:
      - no-cache
      content-length:
      - '499'
      content-type:
      - application/json; charset=utf-8
      date:
      - Thu, 27 Aug 2020 06:56:33 GMT
      expires:
      - '-1'
      pragma:
      - no-cache
      set-cookie:
      - ARRAffinity=5f95b441215e165f702fc120f711409870055f2f85025e7b8416939d2670b148;Path=/;HttpOnly;Domain=armrp-kustorpwus.kusto.windows.net
      strict-transport-security:
      - max-age=31536000; includeSubDomains
      transfer-encoding:
      - chunked
      vary:
      - Accept-Encoding,Accept-Encoding
      x-content-type-options:
      - nosniff
      x-ms-ratelimit-remaining-subscription-resource-requests:
      - '296'
      x-powered-by:
      - ASP.NET
    status:
      code: 200
      message: OK
- request:
    body: null
    headers:
      Accept:
      - application/json
      Accept-Encoding:
      - gzip, deflate
      CommandName:
      - kusto cluster create
      Connection:
      - keep-alive
      ParameterSetName:
      - -n -g --sku
      User-Agent:
      - python/3.6.8 (Windows-10-10.0.19041-SP0) msrest/0.6.18 msrest_azure/0.6.3
        azure-mgmt-kusto/0.3.0 Azure-SDK-For-Python AZURECLI/2.11.0
    method: GET
    uri: https://management.azure.com/subscriptions/00000000-0000-0000-0000-000000000000/providers/Microsoft.Kusto/locations/westus/operationResults/54dda387-3d00-441a-9d45-fbec7800e513?api-version=2019-01-21
  response:
    body:
      string: '{"id":"/subscriptions/00000000-0000-0000-0000-000000000000/providers/Microsoft.Kusto/locations/westus/operationresults/54dda387-3d00-441a-9d45-fbec7800e513","name":"54dda387-3d00-441a-9d45-fbec7800e513","status":"Succeeded","startTime":"2020-08-27T06:46:36.9974359Z","endTime":"2020-08-27T06:56:58.3080512Z","percentComplete":1.0,"properties":{"OperationKind":"ClusterCreateExternal","RootActivityId":"ba0f6af8-1b64-448a-b292-dc850fcff652","provisioningState":"Succeeded","OperationState":"Completed"}}'
    headers:
      cache-control:
      - no-cache
      content-length:
      - '502'
      content-type:
      - application/json; charset=utf-8
      date:
      - Thu, 27 Aug 2020 06:57:02 GMT
      expires:
      - '-1'
      pragma:
      - no-cache
      set-cookie:
      - ARRAffinity=1c5c29bcda1f855b3b361d64bb5c7ead5fec452c7427aa2499563d7dbfee3122;Path=/;HttpOnly;Domain=armrp-kustorpwus.kusto.windows.net
      strict-transport-security:
      - max-age=31536000; includeSubDomains
      transfer-encoding:
      - chunked
      vary:
      - Accept-Encoding,Accept-Encoding
      x-content-type-options:
      - nosniff
      x-ms-ratelimit-remaining-subscription-resource-requests:
      - '298'
      x-powered-by:
      - ASP.NET
    status:
      code: 200
      message: OK
- request:
    body: null
    headers:
      Accept:
      - application/json
      Accept-Encoding:
      - gzip, deflate
      CommandName:
      - kusto cluster create
      Connection:
      - keep-alive
      ParameterSetName:
      - -n -g --sku
      User-Agent:
      - python/3.6.8 (Windows-10-10.0.19041-SP0) msrest/0.6.18 msrest_azure/0.6.3
        azure-mgmt-kusto/0.3.0 Azure-SDK-For-Python AZURECLI/2.11.0
    method: GET
    uri: https://management.azure.com/subscriptions/00000000-0000-0000-0000-000000000000/resourceGroups/clitest.rg000001/providers/Microsoft.Kusto/clusters/test000002?api-version=2019-01-21
  response:
    body:
      string: '{"id":"/subscriptions/00000000-0000-0000-0000-000000000000/resourceGroups/clitest.rg000001/providers/Microsoft.Kusto/Clusters/test000002","name":"test000002","type":"Microsoft.Kusto/Clusters","etag":"\"\"","location":"West
        US","sku":{"name":"Standard_D13_v2","tier":"Standard","capacity":2},"tags":{},"properties":{"state":"Running","uri":"https://test000002.westus.kusto.windows.net","dataIngestionUri":"https://ingest-test000002.westus.kusto.windows.net","trustedExternalTenants":[{"value":"*"}],"provisioningState":"Succeeded"}}'
    headers:
      cache-control:
      - no-cache
      content-length:
      - '630'
      content-type:
      - application/json; charset=utf-8
      date:
      - Thu, 27 Aug 2020 06:57:04 GMT
      etag:
      - '""'
      expires:
      - '-1'
      pragma:
      - no-cache
      set-cookie:
      - ARRAffinity=ed661ee8aa44d985bdf95aa0afc7e14d1e21b37a09dbfc32730819e4101ffbb2;Path=/;HttpOnly;Domain=armrp-kustorpwus.kusto.windows.net
      strict-transport-security:
      - max-age=31536000; includeSubDomains
      transfer-encoding:
      - chunked
      vary:
      - Accept-Encoding,Accept-Encoding
      x-content-type-options:
      - nosniff
      x-ms-ratelimit-remaining-subscription-resource-requests:
      - '299'
      x-powered-by:
      - ASP.NET
    status:
      code: 200
      message: OK
- request:
    body: null
    headers:
      Accept:
      - application/json
      Accept-Encoding:
      - gzip, deflate
      CommandName:
      - kusto cluster stop
      Connection:
      - keep-alive
      Content-Length:
      - '0'
      ParameterSetName:
      - -n -g
      User-Agent:
      - python/3.6.8 (Windows-10-10.0.19041-SP0) msrest/0.6.18 msrest_azure/0.6.3
        azure-mgmt-kusto/0.3.0 Azure-SDK-For-Python AZURECLI/2.11.0
      accept-language:
      - en-US
    method: POST
    uri: https://management.azure.com/subscriptions/00000000-0000-0000-0000-000000000000/resourceGroups/clitest.rg000001/providers/Microsoft.Kusto/clusters/test000002/stop?api-version=2019-01-21
  response:
    body:
      string: ''
    headers:
      azure-asyncoperation:
      - https://management.azure.com/subscriptions/00000000-0000-0000-0000-000000000000/providers/Microsoft.Kusto/locations/West
        US/operationResults/8ce43b69-11a8-4c9f-9073-2b069ffdd498?api-version=2019-01-21
      cache-control:
      - no-cache
      content-length:
      - '0'
      date:
      - Thu, 27 Aug 2020 06:57:07 GMT
      expires:
      - '-1'
      location:
      - https://management.azure.com/subscriptions/00000000-0000-0000-0000-000000000000/providers/Microsoft.Kusto/locations/West%20US/operationResults/8ce43b69-11a8-4c9f-9073-2b069ffdd498?api-version=2019-01-21&operationResultResponseType=Location
      pragma:
      - no-cache
      set-cookie:
      - ARRAffinity=67658d3126ddf9428e4e2f36f09e574385ff742ffab2b8dcad942ecc1f8fdb67;Path=/;HttpOnly;Domain=armrp-kustorpwus.kusto.windows.net
      strict-transport-security:
      - max-age=31536000; includeSubDomains
      x-content-type-options:
      - nosniff
      x-ms-ratelimit-remaining-subscription-writes:
      - '1198'
      x-powered-by:
      - ASP.NET
    status:
      code: 202
      message: Accepted
- request:
    body: null
    headers:
      Accept:
      - application/json
      Accept-Encoding:
      - gzip, deflate
      CommandName:
      - kusto cluster stop
      Connection:
      - keep-alive
      ParameterSetName:
      - -n -g
      User-Agent:
      - python/3.6.8 (Windows-10-10.0.19041-SP0) msrest/0.6.18 msrest_azure/0.6.3
        azure-mgmt-kusto/0.3.0 Azure-SDK-For-Python AZURECLI/2.11.0
    method: GET
    uri: https://management.azure.com/subscriptions/00000000-0000-0000-0000-000000000000/providers/Microsoft.Kusto/locations/West%20US/operationResults/8ce43b69-11a8-4c9f-9073-2b069ffdd498?api-version=2019-01-21
  response:
    body:
      string: '{"id":"/subscriptions/00000000-0000-0000-0000-000000000000/providers/Microsoft.Kusto/locations/West
        US/operationresults/8ce43b69-11a8-4c9f-9073-2b069ffdd498","name":"8ce43b69-11a8-4c9f-9073-2b069ffdd498","status":"Running","startTime":"2020-08-27T06:57:07.3707079Z","endTime":"2020-08-27T06:57:08.0269705Z","percentComplete":0.5,"properties":{"OperationKind":"ClusterSuspend","RootActivityId":"5b9ec0e2-4fa8-4b7e-989a-f15069042044","provisioningState":"Running","OperationState":"InProgress"}}'
    headers:
      cache-control:
      - no-cache
      content-length:
      - '493'
      content-type:
      - application/json; charset=utf-8
      date:
      - Thu, 27 Aug 2020 06:57:38 GMT
      expires:
      - '-1'
      pragma:
      - no-cache
      set-cookie:
      - ARRAffinity=ed661ee8aa44d985bdf95aa0afc7e14d1e21b37a09dbfc32730819e4101ffbb2;Path=/;HttpOnly;Domain=armrp-kustorpwus.kusto.windows.net
      strict-transport-security:
      - max-age=31536000; includeSubDomains
      transfer-encoding:
      - chunked
      vary:
      - Accept-Encoding,Accept-Encoding
      x-content-type-options:
      - nosniff
      x-ms-ratelimit-remaining-subscription-resource-requests:
      - '295'
      x-powered-by:
      - ASP.NET
    status:
      code: 200
      message: OK
- request:
    body: null
    headers:
      Accept:
      - application/json
      Accept-Encoding:
      - gzip, deflate
      CommandName:
      - kusto cluster stop
      Connection:
      - keep-alive
      ParameterSetName:
      - -n -g
      User-Agent:
      - python/3.6.8 (Windows-10-10.0.19041-SP0) msrest/0.6.18 msrest_azure/0.6.3
        azure-mgmt-kusto/0.3.0 Azure-SDK-For-Python AZURECLI/2.11.0
    method: GET
    uri: https://management.azure.com/subscriptions/00000000-0000-0000-0000-000000000000/providers/Microsoft.Kusto/locations/West%20US/operationResults/8ce43b69-11a8-4c9f-9073-2b069ffdd498?api-version=2019-01-21
  response:
    body:
      string: '{"id":"/subscriptions/00000000-0000-0000-0000-000000000000/providers/Microsoft.Kusto/locations/West
        US/operationresults/8ce43b69-11a8-4c9f-9073-2b069ffdd498","name":"8ce43b69-11a8-4c9f-9073-2b069ffdd498","status":"Running","startTime":"2020-08-27T06:57:07.3707079Z","endTime":"2020-08-27T06:57:08.0269705Z","percentComplete":0.5,"properties":{"OperationKind":"ClusterSuspend","RootActivityId":"5b9ec0e2-4fa8-4b7e-989a-f15069042044","provisioningState":"Running","OperationState":"InProgress"}}'
    headers:
      cache-control:
      - no-cache
      content-length:
      - '493'
      content-type:
      - application/json; charset=utf-8
      date:
      - Thu, 27 Aug 2020 06:58:09 GMT
      expires:
      - '-1'
      pragma:
      - no-cache
      set-cookie:
      - ARRAffinity=1c5c29bcda1f855b3b361d64bb5c7ead5fec452c7427aa2499563d7dbfee3122;Path=/;HttpOnly;Domain=armrp-kustorpwus.kusto.windows.net
      strict-transport-security:
      - max-age=31536000; includeSubDomains
      transfer-encoding:
      - chunked
      vary:
      - Accept-Encoding,Accept-Encoding
      x-content-type-options:
      - nosniff
      x-ms-ratelimit-remaining-subscription-resource-requests:
      - '292'
      x-powered-by:
      - ASP.NET
    status:
      code: 200
      message: OK
- request:
    body: null
    headers:
      Accept:
      - application/json
      Accept-Encoding:
      - gzip, deflate
      CommandName:
      - kusto cluster stop
      Connection:
      - keep-alive
      ParameterSetName:
      - -n -g
      User-Agent:
      - python/3.6.8 (Windows-10-10.0.19041-SP0) msrest/0.6.18 msrest_azure/0.6.3
        azure-mgmt-kusto/0.3.0 Azure-SDK-For-Python AZURECLI/2.11.0
    method: GET
    uri: https://management.azure.com/subscriptions/00000000-0000-0000-0000-000000000000/providers/Microsoft.Kusto/locations/West%20US/operationResults/8ce43b69-11a8-4c9f-9073-2b069ffdd498?api-version=2019-01-21
  response:
    body:
      string: '{"id":"/subscriptions/00000000-0000-0000-0000-000000000000/providers/Microsoft.Kusto/locations/West
        US/operationresults/8ce43b69-11a8-4c9f-9073-2b069ffdd498","name":"8ce43b69-11a8-4c9f-9073-2b069ffdd498","status":"Running","startTime":"2020-08-27T06:57:07.3707079Z","endTime":"2020-08-27T06:57:08.0269705Z","percentComplete":0.5,"properties":{"OperationKind":"ClusterSuspend","RootActivityId":"5b9ec0e2-4fa8-4b7e-989a-f15069042044","provisioningState":"Running","OperationState":"InProgress"}}'
    headers:
      cache-control:
      - no-cache
      content-length:
      - '493'
      content-type:
      - application/json; charset=utf-8
      date:
      - Thu, 27 Aug 2020 06:58:40 GMT
      expires:
      - '-1'
      pragma:
      - no-cache
      set-cookie:
      - ARRAffinity=2ee8dbca0c17fb4b4d8c562ef791535fd57061466334fb9e50f39326ad63a5ae;Path=/;HttpOnly;Domain=armrp-kustorpwus.kusto.windows.net
      strict-transport-security:
      - max-age=31536000; includeSubDomains
      transfer-encoding:
      - chunked
      vary:
      - Accept-Encoding,Accept-Encoding
      x-content-type-options:
      - nosniff
      x-ms-ratelimit-remaining-subscription-resource-requests:
      - '292'
      x-powered-by:
      - ASP.NET
    status:
      code: 200
      message: OK
- request:
    body: null
    headers:
      Accept:
      - application/json
      Accept-Encoding:
      - gzip, deflate
      CommandName:
      - kusto cluster stop
      Connection:
      - keep-alive
      ParameterSetName:
      - -n -g
      User-Agent:
      - python/3.6.8 (Windows-10-10.0.19041-SP0) msrest/0.6.18 msrest_azure/0.6.3
        azure-mgmt-kusto/0.3.0 Azure-SDK-For-Python AZURECLI/2.11.0
    method: GET
    uri: https://management.azure.com/subscriptions/00000000-0000-0000-0000-000000000000/providers/Microsoft.Kusto/locations/West%20US/operationResults/8ce43b69-11a8-4c9f-9073-2b069ffdd498?api-version=2019-01-21
  response:
    body:
      string: '{"id":"/subscriptions/00000000-0000-0000-0000-000000000000/providers/Microsoft.Kusto/locations/West
        US/operationresults/8ce43b69-11a8-4c9f-9073-2b069ffdd498","name":"8ce43b69-11a8-4c9f-9073-2b069ffdd498","status":"Running","startTime":"2020-08-27T06:57:07.3707079Z","endTime":"2020-08-27T06:57:08.0269705Z","percentComplete":0.5,"properties":{"OperationKind":"ClusterSuspend","RootActivityId":"5b9ec0e2-4fa8-4b7e-989a-f15069042044","provisioningState":"Running","OperationState":"InProgress"}}'
    headers:
      cache-control:
      - no-cache
      content-length:
      - '493'
      content-type:
      - application/json; charset=utf-8
      date:
      - Thu, 27 Aug 2020 06:59:11 GMT
      expires:
      - '-1'
      pragma:
      - no-cache
      set-cookie:
      - ARRAffinity=e8106a8061bfbf1e77923f2701724267ee8611f0100fbafddc292eb815692d1e;Path=/;HttpOnly;Domain=armrp-kustorpwus.kusto.windows.net
      strict-transport-security:
      - max-age=31536000; includeSubDomains
      transfer-encoding:
      - chunked
      vary:
      - Accept-Encoding,Accept-Encoding
      x-content-type-options:
      - nosniff
      x-ms-ratelimit-remaining-subscription-resource-requests:
      - '296'
      x-powered-by:
      - ASP.NET
    status:
      code: 200
      message: OK
- request:
    body: null
    headers:
      Accept:
      - application/json
      Accept-Encoding:
      - gzip, deflate
      CommandName:
      - kusto cluster stop
      Connection:
      - keep-alive
      ParameterSetName:
      - -n -g
      User-Agent:
      - python/3.6.8 (Windows-10-10.0.19041-SP0) msrest/0.6.18 msrest_azure/0.6.3
        azure-mgmt-kusto/0.3.0 Azure-SDK-For-Python AZURECLI/2.11.0
    method: GET
    uri: https://management.azure.com/subscriptions/00000000-0000-0000-0000-000000000000/providers/Microsoft.Kusto/locations/West%20US/operationResults/8ce43b69-11a8-4c9f-9073-2b069ffdd498?api-version=2019-01-21
  response:
    body:
      string: '{"id":"/subscriptions/00000000-0000-0000-0000-000000000000/providers/Microsoft.Kusto/locations/West
        US/operationresults/8ce43b69-11a8-4c9f-9073-2b069ffdd498","name":"8ce43b69-11a8-4c9f-9073-2b069ffdd498","status":"Running","startTime":"2020-08-27T06:57:07.3707079Z","endTime":"2020-08-27T06:57:08.0269705Z","percentComplete":0.5,"properties":{"OperationKind":"ClusterSuspend","RootActivityId":"5b9ec0e2-4fa8-4b7e-989a-f15069042044","provisioningState":"Running","OperationState":"InProgress"}}'
    headers:
      cache-control:
      - no-cache
      content-length:
      - '493'
      content-type:
      - application/json; charset=utf-8
      date:
      - Thu, 27 Aug 2020 06:59:42 GMT
      expires:
      - '-1'
      pragma:
      - no-cache
      set-cookie:
      - ARRAffinity=5f95b441215e165f702fc120f711409870055f2f85025e7b8416939d2670b148;Path=/;HttpOnly;Domain=armrp-kustorpwus.kusto.windows.net
      strict-transport-security:
      - max-age=31536000; includeSubDomains
      transfer-encoding:
      - chunked
      vary:
      - Accept-Encoding,Accept-Encoding
      x-content-type-options:
      - nosniff
      x-ms-ratelimit-remaining-subscription-resource-requests:
      - '297'
      x-powered-by:
      - ASP.NET
    status:
      code: 200
      message: OK
- request:
    body: null
    headers:
      Accept:
      - application/json
      Accept-Encoding:
      - gzip, deflate
      CommandName:
      - kusto cluster stop
      Connection:
      - keep-alive
      ParameterSetName:
      - -n -g
      User-Agent:
      - python/3.6.8 (Windows-10-10.0.19041-SP0) msrest/0.6.18 msrest_azure/0.6.3
        azure-mgmt-kusto/0.3.0 Azure-SDK-For-Python AZURECLI/2.11.0
    method: GET
    uri: https://management.azure.com/subscriptions/00000000-0000-0000-0000-000000000000/providers/Microsoft.Kusto/locations/West%20US/operationResults/8ce43b69-11a8-4c9f-9073-2b069ffdd498?api-version=2019-01-21
  response:
    body:
      string: '{"id":"/subscriptions/00000000-0000-0000-0000-000000000000/providers/Microsoft.Kusto/locations/West
        US/operationresults/8ce43b69-11a8-4c9f-9073-2b069ffdd498","name":"8ce43b69-11a8-4c9f-9073-2b069ffdd498","status":"Running","startTime":"2020-08-27T06:57:07.3707079Z","endTime":"2020-08-27T06:57:08.0269705Z","percentComplete":0.5,"properties":{"OperationKind":"ClusterSuspend","RootActivityId":"5b9ec0e2-4fa8-4b7e-989a-f15069042044","provisioningState":"Running","OperationState":"InProgress"}}'
    headers:
      cache-control:
      - no-cache
      content-length:
      - '493'
      content-type:
      - application/json; charset=utf-8
      date:
      - Thu, 27 Aug 2020 07:00:14 GMT
      expires:
      - '-1'
      pragma:
      - no-cache
      set-cookie:
      - ARRAffinity=d218d1bc1a34d622added1601e776685beccb994cdcd0f1b88569be61bf3a893;Path=/;HttpOnly;Domain=armrp-kustorpwus.kusto.windows.net
      strict-transport-security:
      - max-age=31536000; includeSubDomains
      transfer-encoding:
      - chunked
      vary:
      - Accept-Encoding,Accept-Encoding
      x-content-type-options:
      - nosniff
      x-ms-ratelimit-remaining-subscription-resource-requests:
      - '298'
      x-powered-by:
      - ASP.NET
    status:
      code: 200
      message: OK
- request:
    body: null
    headers:
      Accept:
      - application/json
      Accept-Encoding:
      - gzip, deflate
      CommandName:
      - kusto cluster stop
      Connection:
      - keep-alive
      ParameterSetName:
      - -n -g
      User-Agent:
      - python/3.6.8 (Windows-10-10.0.19041-SP0) msrest/0.6.18 msrest_azure/0.6.3
        azure-mgmt-kusto/0.3.0 Azure-SDK-For-Python AZURECLI/2.11.0
    method: GET
    uri: https://management.azure.com/subscriptions/00000000-0000-0000-0000-000000000000/providers/Microsoft.Kusto/locations/West%20US/operationResults/8ce43b69-11a8-4c9f-9073-2b069ffdd498?api-version=2019-01-21
  response:
    body:
      string: '{"id":"/subscriptions/00000000-0000-0000-0000-000000000000/providers/Microsoft.Kusto/locations/West
        US/operationresults/8ce43b69-11a8-4c9f-9073-2b069ffdd498","name":"8ce43b69-11a8-4c9f-9073-2b069ffdd498","status":"Running","startTime":"2020-08-27T06:57:07.3707079Z","endTime":"2020-08-27T06:57:08.0269705Z","percentComplete":0.5,"properties":{"OperationKind":"ClusterSuspend","RootActivityId":"5b9ec0e2-4fa8-4b7e-989a-f15069042044","provisioningState":"Running","OperationState":"InProgress"}}'
    headers:
      cache-control:
      - no-cache
      content-length:
      - '493'
      content-type:
      - application/json; charset=utf-8
      date:
      - Thu, 27 Aug 2020 07:00:46 GMT
      expires:
      - '-1'
      pragma:
      - no-cache
      set-cookie:
      - ARRAffinity=49a94ddcdeb25346ee3a2b6c760ba69b1e208509e94f78fe226be7730ca067b6;Path=/;HttpOnly;Domain=armrp-kustorpwus.kusto.windows.net
      strict-transport-security:
      - max-age=31536000; includeSubDomains
      transfer-encoding:
      - chunked
      vary:
      - Accept-Encoding,Accept-Encoding
      x-content-type-options:
      - nosniff
      x-ms-ratelimit-remaining-subscription-resource-requests:
      - '297'
      x-powered-by:
      - ASP.NET
    status:
      code: 200
      message: OK
- request:
    body: null
    headers:
      Accept:
      - application/json
      Accept-Encoding:
      - gzip, deflate
      CommandName:
      - kusto cluster stop
      Connection:
      - keep-alive
      ParameterSetName:
      - -n -g
      User-Agent:
      - python/3.6.8 (Windows-10-10.0.19041-SP0) msrest/0.6.18 msrest_azure/0.6.3
        azure-mgmt-kusto/0.3.0 Azure-SDK-For-Python AZURECLI/2.11.0
    method: GET
    uri: https://management.azure.com/subscriptions/00000000-0000-0000-0000-000000000000/providers/Microsoft.Kusto/locations/West%20US/operationResults/8ce43b69-11a8-4c9f-9073-2b069ffdd498?api-version=2019-01-21
  response:
    body:
      string: '{"id":"/subscriptions/00000000-0000-0000-0000-000000000000/providers/Microsoft.Kusto/locations/West
        US/operationresults/8ce43b69-11a8-4c9f-9073-2b069ffdd498","name":"8ce43b69-11a8-4c9f-9073-2b069ffdd498","status":"Running","startTime":"2020-08-27T06:57:07.3707079Z","endTime":"2020-08-27T06:57:08.0269705Z","percentComplete":0.5,"properties":{"OperationKind":"ClusterSuspend","RootActivityId":"5b9ec0e2-4fa8-4b7e-989a-f15069042044","provisioningState":"Running","OperationState":"InProgress"}}'
    headers:
      cache-control:
      - no-cache
      content-length:
      - '493'
      content-type:
      - application/json; charset=utf-8
      date:
      - Thu, 27 Aug 2020 07:01:17 GMT
      expires:
      - '-1'
      pragma:
      - no-cache
      set-cookie:
      - ARRAffinity=1c5c29bcda1f855b3b361d64bb5c7ead5fec452c7427aa2499563d7dbfee3122;Path=/;HttpOnly;Domain=armrp-kustorpwus.kusto.windows.net
      strict-transport-security:
      - max-age=31536000; includeSubDomains
      transfer-encoding:
      - chunked
      vary:
      - Accept-Encoding,Accept-Encoding
      x-content-type-options:
      - nosniff
      x-ms-ratelimit-remaining-subscription-resource-requests:
      - '298'
      x-powered-by:
      - ASP.NET
    status:
      code: 200
      message: OK
- request:
    body: null
    headers:
      Accept:
      - application/json
      Accept-Encoding:
      - gzip, deflate
      CommandName:
      - kusto cluster stop
      Connection:
      - keep-alive
      ParameterSetName:
      - -n -g
      User-Agent:
      - python/3.6.8 (Windows-10-10.0.19041-SP0) msrest/0.6.18 msrest_azure/0.6.3
        azure-mgmt-kusto/0.3.0 Azure-SDK-For-Python AZURECLI/2.11.0
    method: GET
    uri: https://management.azure.com/subscriptions/00000000-0000-0000-0000-000000000000/providers/Microsoft.Kusto/locations/West%20US/operationResults/8ce43b69-11a8-4c9f-9073-2b069ffdd498?api-version=2019-01-21
  response:
    body:
      string: '{"id":"/subscriptions/00000000-0000-0000-0000-000000000000/providers/Microsoft.Kusto/locations/West
        US/operationresults/8ce43b69-11a8-4c9f-9073-2b069ffdd498","name":"8ce43b69-11a8-4c9f-9073-2b069ffdd498","status":"Running","startTime":"2020-08-27T06:57:07.3707079Z","endTime":"2020-08-27T06:57:08.0269705Z","percentComplete":0.5,"properties":{"OperationKind":"ClusterSuspend","RootActivityId":"5b9ec0e2-4fa8-4b7e-989a-f15069042044","provisioningState":"Running","OperationState":"InProgress"}}'
    headers:
      cache-control:
      - no-cache
      content-length:
      - '493'
      content-type:
      - application/json; charset=utf-8
      date:
      - Thu, 27 Aug 2020 07:01:49 GMT
      expires:
      - '-1'
      pragma:
      - no-cache
      set-cookie:
      - ARRAffinity=e8106a8061bfbf1e77923f2701724267ee8611f0100fbafddc292eb815692d1e;Path=/;HttpOnly;Domain=armrp-kustorpwus.kusto.windows.net
      strict-transport-security:
      - max-age=31536000; includeSubDomains
      transfer-encoding:
      - chunked
      vary:
      - Accept-Encoding,Accept-Encoding
      x-content-type-options:
      - nosniff
      x-ms-ratelimit-remaining-subscription-resource-requests:
      - '294'
      x-powered-by:
      - ASP.NET
    status:
      code: 200
      message: OK
- request:
    body: null
    headers:
      Accept:
      - application/json
      Accept-Encoding:
      - gzip, deflate
      CommandName:
      - kusto cluster stop
      Connection:
      - keep-alive
      ParameterSetName:
      - -n -g
      User-Agent:
      - python/3.6.8 (Windows-10-10.0.19041-SP0) msrest/0.6.18 msrest_azure/0.6.3
        azure-mgmt-kusto/0.3.0 Azure-SDK-For-Python AZURECLI/2.11.0
    method: GET
    uri: https://management.azure.com/subscriptions/00000000-0000-0000-0000-000000000000/providers/Microsoft.Kusto/locations/West%20US/operationResults/8ce43b69-11a8-4c9f-9073-2b069ffdd498?api-version=2019-01-21
  response:
    body:
      string: '{"id":"/subscriptions/00000000-0000-0000-0000-000000000000/providers/Microsoft.Kusto/locations/West
        US/operationresults/8ce43b69-11a8-4c9f-9073-2b069ffdd498","name":"8ce43b69-11a8-4c9f-9073-2b069ffdd498","status":"Running","startTime":"2020-08-27T06:57:07.3707079Z","endTime":"2020-08-27T06:57:08.0269705Z","percentComplete":0.5,"properties":{"OperationKind":"ClusterSuspend","RootActivityId":"5b9ec0e2-4fa8-4b7e-989a-f15069042044","provisioningState":"Running","OperationState":"InProgress"}}'
    headers:
      cache-control:
      - no-cache
      content-length:
      - '493'
      content-type:
      - application/json; charset=utf-8
      date:
      - Thu, 27 Aug 2020 07:02:19 GMT
      expires:
      - '-1'
      pragma:
      - no-cache
      set-cookie:
      - ARRAffinity=d218d1bc1a34d622added1601e776685beccb994cdcd0f1b88569be61bf3a893;Path=/;HttpOnly;Domain=armrp-kustorpwus.kusto.windows.net
      strict-transport-security:
      - max-age=31536000; includeSubDomains
      transfer-encoding:
      - chunked
      vary:
      - Accept-Encoding,Accept-Encoding
      x-content-type-options:
      - nosniff
      x-ms-ratelimit-remaining-subscription-resource-requests:
      - '293'
      x-powered-by:
      - ASP.NET
    status:
      code: 200
      message: OK
- request:
    body: null
    headers:
      Accept:
      - application/json
      Accept-Encoding:
      - gzip, deflate
      CommandName:
      - kusto cluster stop
      Connection:
      - keep-alive
      ParameterSetName:
      - -n -g
      User-Agent:
      - python/3.6.8 (Windows-10-10.0.19041-SP0) msrest/0.6.18 msrest_azure/0.6.3
        azure-mgmt-kusto/0.3.0 Azure-SDK-For-Python AZURECLI/2.11.0
    method: GET
    uri: https://management.azure.com/subscriptions/00000000-0000-0000-0000-000000000000/providers/Microsoft.Kusto/locations/West%20US/operationResults/8ce43b69-11a8-4c9f-9073-2b069ffdd498?api-version=2019-01-21
  response:
    body:
      string: '{"id":"/subscriptions/00000000-0000-0000-0000-000000000000/providers/Microsoft.Kusto/locations/West
        US/operationresults/8ce43b69-11a8-4c9f-9073-2b069ffdd498","name":"8ce43b69-11a8-4c9f-9073-2b069ffdd498","status":"Running","startTime":"2020-08-27T06:57:07.3707079Z","endTime":"2020-08-27T06:57:08.0269705Z","percentComplete":0.5,"properties":{"OperationKind":"ClusterSuspend","RootActivityId":"5b9ec0e2-4fa8-4b7e-989a-f15069042044","provisioningState":"Running","OperationState":"InProgress"}}'
    headers:
      cache-control:
      - no-cache
      content-length:
      - '493'
      content-type:
      - application/json; charset=utf-8
      date:
      - Thu, 27 Aug 2020 07:02:50 GMT
      expires:
      - '-1'
      pragma:
      - no-cache
      set-cookie:
      - ARRAffinity=2ee8dbca0c17fb4b4d8c562ef791535fd57061466334fb9e50f39326ad63a5ae;Path=/;HttpOnly;Domain=armrp-kustorpwus.kusto.windows.net
      strict-transport-security:
      - max-age=31536000; includeSubDomains
      transfer-encoding:
      - chunked
      vary:
      - Accept-Encoding,Accept-Encoding
      x-content-type-options:
      - nosniff
      x-ms-ratelimit-remaining-subscription-resource-requests:
      - '296'
      x-powered-by:
      - ASP.NET
    status:
      code: 200
      message: OK
- request:
    body: null
    headers:
      Accept:
      - application/json
      Accept-Encoding:
      - gzip, deflate
      CommandName:
      - kusto cluster stop
      Connection:
      - keep-alive
      ParameterSetName:
      - -n -g
      User-Agent:
      - python/3.6.8 (Windows-10-10.0.19041-SP0) msrest/0.6.18 msrest_azure/0.6.3
        azure-mgmt-kusto/0.3.0 Azure-SDK-For-Python AZURECLI/2.11.0
    method: GET
    uri: https://management.azure.com/subscriptions/00000000-0000-0000-0000-000000000000/providers/Microsoft.Kusto/locations/West%20US/operationResults/8ce43b69-11a8-4c9f-9073-2b069ffdd498?api-version=2019-01-21
  response:
    body:
      string: '{"id":"/subscriptions/00000000-0000-0000-0000-000000000000/providers/Microsoft.Kusto/locations/West
        US/operationresults/8ce43b69-11a8-4c9f-9073-2b069ffdd498","name":"8ce43b69-11a8-4c9f-9073-2b069ffdd498","status":"Running","startTime":"2020-08-27T06:57:07.3707079Z","endTime":"2020-08-27T06:57:08.0269705Z","percentComplete":0.5,"properties":{"OperationKind":"ClusterSuspend","RootActivityId":"5b9ec0e2-4fa8-4b7e-989a-f15069042044","provisioningState":"Running","OperationState":"InProgress"}}'
    headers:
      cache-control:
      - no-cache
      content-length:
      - '493'
      content-type:
      - application/json; charset=utf-8
      date:
      - Thu, 27 Aug 2020 07:03:20 GMT
      expires:
      - '-1'
      pragma:
      - no-cache
      set-cookie:
      - ARRAffinity=d218d1bc1a34d622added1601e776685beccb994cdcd0f1b88569be61bf3a893;Path=/;HttpOnly;Domain=armrp-kustorpwus.kusto.windows.net
      strict-transport-security:
      - max-age=31536000; includeSubDomains
      transfer-encoding:
      - chunked
      vary:
      - Accept-Encoding,Accept-Encoding
      x-content-type-options:
      - nosniff
      x-ms-ratelimit-remaining-subscription-resource-requests:
      - '295'
      x-powered-by:
      - ASP.NET
    status:
      code: 200
      message: OK
- request:
    body: null
    headers:
      Accept:
      - application/json
      Accept-Encoding:
      - gzip, deflate
      CommandName:
      - kusto cluster stop
      Connection:
      - keep-alive
      ParameterSetName:
      - -n -g
      User-Agent:
      - python/3.6.8 (Windows-10-10.0.19041-SP0) msrest/0.6.18 msrest_azure/0.6.3
        azure-mgmt-kusto/0.3.0 Azure-SDK-For-Python AZURECLI/2.11.0
    method: GET
    uri: https://management.azure.com/subscriptions/00000000-0000-0000-0000-000000000000/providers/Microsoft.Kusto/locations/West%20US/operationResults/8ce43b69-11a8-4c9f-9073-2b069ffdd498?api-version=2019-01-21
  response:
    body:
      string: '{"id":"/subscriptions/00000000-0000-0000-0000-000000000000/providers/Microsoft.Kusto/locations/West
        US/operationresults/8ce43b69-11a8-4c9f-9073-2b069ffdd498","name":"8ce43b69-11a8-4c9f-9073-2b069ffdd498","status":"Running","startTime":"2020-08-27T06:57:07.3707079Z","endTime":"2020-08-27T06:57:08.0269705Z","percentComplete":0.5,"properties":{"OperationKind":"ClusterSuspend","RootActivityId":"5b9ec0e2-4fa8-4b7e-989a-f15069042044","provisioningState":"Running","OperationState":"InProgress"}}'
    headers:
      cache-control:
      - no-cache
      content-length:
      - '493'
      content-type:
      - application/json; charset=utf-8
      date:
      - Thu, 27 Aug 2020 07:03:52 GMT
      expires:
      - '-1'
      pragma:
      - no-cache
      set-cookie:
      - ARRAffinity=ed661ee8aa44d985bdf95aa0afc7e14d1e21b37a09dbfc32730819e4101ffbb2;Path=/;HttpOnly;Domain=armrp-kustorpwus.kusto.windows.net
      strict-transport-security:
      - max-age=31536000; includeSubDomains
      transfer-encoding:
      - chunked
      vary:
      - Accept-Encoding,Accept-Encoding
      x-content-type-options:
      - nosniff
      x-ms-ratelimit-remaining-subscription-resource-requests:
      - '297'
      x-powered-by:
      - ASP.NET
    status:
      code: 200
      message: OK
- request:
    body: null
    headers:
      Accept:
      - application/json
      Accept-Encoding:
      - gzip, deflate
      CommandName:
      - kusto cluster stop
      Connection:
      - keep-alive
      ParameterSetName:
      - -n -g
      User-Agent:
      - python/3.6.8 (Windows-10-10.0.19041-SP0) msrest/0.6.18 msrest_azure/0.6.3
        azure-mgmt-kusto/0.3.0 Azure-SDK-For-Python AZURECLI/2.11.0
    method: GET
    uri: https://management.azure.com/subscriptions/00000000-0000-0000-0000-000000000000/providers/Microsoft.Kusto/locations/West%20US/operationResults/8ce43b69-11a8-4c9f-9073-2b069ffdd498?api-version=2019-01-21
  response:
    body:
      string: '{"id":"/subscriptions/00000000-0000-0000-0000-000000000000/providers/Microsoft.Kusto/locations/West
        US/operationresults/8ce43b69-11a8-4c9f-9073-2b069ffdd498","name":"8ce43b69-11a8-4c9f-9073-2b069ffdd498","status":"Running","startTime":"2020-08-27T06:57:07.3707079Z","endTime":"2020-08-27T06:57:08.0269705Z","percentComplete":0.5,"properties":{"OperationKind":"ClusterSuspend","RootActivityId":"5b9ec0e2-4fa8-4b7e-989a-f15069042044","provisioningState":"Running","OperationState":"InProgress"}}'
    headers:
      cache-control:
      - no-cache
      content-length:
      - '493'
      content-type:
      - application/json; charset=utf-8
      date:
      - Thu, 27 Aug 2020 07:04:23 GMT
      expires:
      - '-1'
      pragma:
      - no-cache
      set-cookie:
      - ARRAffinity=d218d1bc1a34d622added1601e776685beccb994cdcd0f1b88569be61bf3a893;Path=/;HttpOnly;Domain=armrp-kustorpwus.kusto.windows.net
      strict-transport-security:
      - max-age=31536000; includeSubDomains
      transfer-encoding:
      - chunked
      vary:
      - Accept-Encoding,Accept-Encoding
      x-content-type-options:
      - nosniff
      x-ms-ratelimit-remaining-subscription-resource-requests:
      - '298'
      x-powered-by:
      - ASP.NET
    status:
      code: 200
      message: OK
- request:
    body: null
    headers:
      Accept:
      - application/json
      Accept-Encoding:
      - gzip, deflate
      CommandName:
      - kusto cluster stop
      Connection:
      - keep-alive
      ParameterSetName:
      - -n -g
      User-Agent:
      - python/3.6.8 (Windows-10-10.0.19041-SP0) msrest/0.6.18 msrest_azure/0.6.3
        azure-mgmt-kusto/0.3.0 Azure-SDK-For-Python AZURECLI/2.11.0
    method: GET
    uri: https://management.azure.com/subscriptions/00000000-0000-0000-0000-000000000000/providers/Microsoft.Kusto/locations/West%20US/operationResults/8ce43b69-11a8-4c9f-9073-2b069ffdd498?api-version=2019-01-21
  response:
    body:
      string: '{"id":"/subscriptions/00000000-0000-0000-0000-000000000000/providers/Microsoft.Kusto/locations/West
        US/operationresults/8ce43b69-11a8-4c9f-9073-2b069ffdd498","name":"8ce43b69-11a8-4c9f-9073-2b069ffdd498","status":"Running","startTime":"2020-08-27T06:57:07.3707079Z","endTime":"2020-08-27T06:57:08.0269705Z","percentComplete":0.5,"properties":{"OperationKind":"ClusterSuspend","RootActivityId":"5b9ec0e2-4fa8-4b7e-989a-f15069042044","provisioningState":"Running","OperationState":"InProgress"}}'
    headers:
      cache-control:
      - no-cache
      content-length:
      - '493'
      content-type:
      - application/json; charset=utf-8
      date:
      - Thu, 27 Aug 2020 07:04:55 GMT
      expires:
      - '-1'
      pragma:
      - no-cache
      set-cookie:
      - ARRAffinity=ed661ee8aa44d985bdf95aa0afc7e14d1e21b37a09dbfc32730819e4101ffbb2;Path=/;HttpOnly;Domain=armrp-kustorpwus.kusto.windows.net
      strict-transport-security:
      - max-age=31536000; includeSubDomains
      transfer-encoding:
      - chunked
      vary:
      - Accept-Encoding,Accept-Encoding
      x-content-type-options:
      - nosniff
      x-ms-ratelimit-remaining-subscription-resource-requests:
      - '299'
      x-powered-by:
      - ASP.NET
    status:
      code: 200
      message: OK
- request:
    body: null
    headers:
      Accept:
      - application/json
      Accept-Encoding:
      - gzip, deflate
      CommandName:
      - kusto cluster stop
      Connection:
      - keep-alive
      ParameterSetName:
      - -n -g
      User-Agent:
      - python/3.6.8 (Windows-10-10.0.19041-SP0) msrest/0.6.18 msrest_azure/0.6.3
        azure-mgmt-kusto/0.3.0 Azure-SDK-For-Python AZURECLI/2.11.0
    method: GET
    uri: https://management.azure.com/subscriptions/00000000-0000-0000-0000-000000000000/providers/Microsoft.Kusto/locations/West%20US/operationResults/8ce43b69-11a8-4c9f-9073-2b069ffdd498?api-version=2019-01-21
  response:
    body:
      string: '{"id":"/subscriptions/00000000-0000-0000-0000-000000000000/providers/Microsoft.Kusto/locations/West
        US/operationresults/8ce43b69-11a8-4c9f-9073-2b069ffdd498","name":"8ce43b69-11a8-4c9f-9073-2b069ffdd498","status":"Running","startTime":"2020-08-27T06:57:07.3707079Z","endTime":"2020-08-27T06:57:08.0269705Z","percentComplete":0.5,"properties":{"OperationKind":"ClusterSuspend","RootActivityId":"5b9ec0e2-4fa8-4b7e-989a-f15069042044","provisioningState":"Running","OperationState":"InProgress"}}'
    headers:
      cache-control:
      - no-cache
      content-length:
      - '493'
      content-type:
      - application/json; charset=utf-8
      date:
      - Thu, 27 Aug 2020 07:05:26 GMT
      expires:
      - '-1'
      pragma:
      - no-cache
      set-cookie:
      - ARRAffinity=e8106a8061bfbf1e77923f2701724267ee8611f0100fbafddc292eb815692d1e;Path=/;HttpOnly;Domain=armrp-kustorpwus.kusto.windows.net
      strict-transport-security:
      - max-age=31536000; includeSubDomains
      transfer-encoding:
      - chunked
      vary:
      - Accept-Encoding,Accept-Encoding
      x-content-type-options:
      - nosniff
      x-ms-ratelimit-remaining-subscription-resource-requests:
      - '296'
      x-powered-by:
      - ASP.NET
    status:
      code: 200
      message: OK
- request:
    body: null
    headers:
      Accept:
      - application/json
      Accept-Encoding:
      - gzip, deflate
      CommandName:
      - kusto cluster stop
      Connection:
      - keep-alive
      ParameterSetName:
      - -n -g
      User-Agent:
      - python/3.6.8 (Windows-10-10.0.19041-SP0) msrest/0.6.18 msrest_azure/0.6.3
        azure-mgmt-kusto/0.3.0 Azure-SDK-For-Python AZURECLI/2.11.0
    method: GET
    uri: https://management.azure.com/subscriptions/00000000-0000-0000-0000-000000000000/providers/Microsoft.Kusto/locations/West%20US/operationResults/8ce43b69-11a8-4c9f-9073-2b069ffdd498?api-version=2019-01-21
  response:
    body:
      string: '{"id":"/subscriptions/00000000-0000-0000-0000-000000000000/providers/Microsoft.Kusto/locations/West
        US/operationresults/8ce43b69-11a8-4c9f-9073-2b069ffdd498","name":"8ce43b69-11a8-4c9f-9073-2b069ffdd498","status":"Running","startTime":"2020-08-27T06:57:07.3707079Z","endTime":"2020-08-27T06:57:08.0269705Z","percentComplete":0.5,"properties":{"OperationKind":"ClusterSuspend","RootActivityId":"5b9ec0e2-4fa8-4b7e-989a-f15069042044","provisioningState":"Running","OperationState":"InProgress"}}'
    headers:
      cache-control:
      - no-cache
      content-length:
      - '493'
      content-type:
      - application/json; charset=utf-8
      date:
      - Thu, 27 Aug 2020 07:05:59 GMT
      expires:
      - '-1'
      pragma:
      - no-cache
      set-cookie:
      - ARRAffinity=5f95b441215e165f702fc120f711409870055f2f85025e7b8416939d2670b148;Path=/;HttpOnly;Domain=armrp-kustorpwus.kusto.windows.net
      strict-transport-security:
      - max-age=31536000; includeSubDomains
      transfer-encoding:
      - chunked
      vary:
      - Accept-Encoding,Accept-Encoding
      x-content-type-options:
      - nosniff
      x-ms-ratelimit-remaining-subscription-resource-requests:
      - '296'
      x-powered-by:
      - ASP.NET
    status:
      code: 200
      message: OK
- request:
    body: null
    headers:
      Accept:
      - application/json
      Accept-Encoding:
      - gzip, deflate
      CommandName:
      - kusto cluster stop
      Connection:
      - keep-alive
      ParameterSetName:
      - -n -g
      User-Agent:
      - python/3.6.8 (Windows-10-10.0.19041-SP0) msrest/0.6.18 msrest_azure/0.6.3
        azure-mgmt-kusto/0.3.0 Azure-SDK-For-Python AZURECLI/2.11.0
    method: GET
    uri: https://management.azure.com/subscriptions/00000000-0000-0000-0000-000000000000/providers/Microsoft.Kusto/locations/West%20US/operationResults/8ce43b69-11a8-4c9f-9073-2b069ffdd498?api-version=2019-01-21
  response:
    body:
      string: '{"id":"/subscriptions/00000000-0000-0000-0000-000000000000/providers/Microsoft.Kusto/locations/West
        US/operationresults/8ce43b69-11a8-4c9f-9073-2b069ffdd498","name":"8ce43b69-11a8-4c9f-9073-2b069ffdd498","status":"Succeeded","startTime":"2020-08-27T06:57:07.3707079Z","endTime":"2020-08-27T07:06:00.9822912Z","percentComplete":1.0,"properties":{"OperationKind":"ClusterSuspend","RootActivityId":"5b9ec0e2-4fa8-4b7e-989a-f15069042044","provisioningState":"Succeeded","OperationState":"Completed"}}'
    headers:
      cache-control:
      - no-cache
      content-length:
      - '496'
      content-type:
      - application/json; charset=utf-8
      date:
      - Thu, 27 Aug 2020 07:06:30 GMT
      expires:
      - '-1'
      pragma:
      - no-cache
      set-cookie:
      - ARRAffinity=5f95b441215e165f702fc120f711409870055f2f85025e7b8416939d2670b148;Path=/;HttpOnly;Domain=armrp-kustorpwus.kusto.windows.net
      strict-transport-security:
      - max-age=31536000; includeSubDomains
      transfer-encoding:
      - chunked
      vary:
      - Accept-Encoding,Accept-Encoding
      x-content-type-options:
      - nosniff
      x-ms-ratelimit-remaining-subscription-resource-requests:
      - '294'
      x-powered-by:
      - ASP.NET
    status:
      code: 200
      message: OK
- request:
    body: null
    headers:
      Accept:
      - application/json
      Accept-Encoding:
      - gzip, deflate
      CommandName:
      - kusto cluster show
      Connection:
      - keep-alive
      ParameterSetName:
      - -n -g
      User-Agent:
      - python/3.6.8 (Windows-10-10.0.19041-SP0) msrest/0.6.18 msrest_azure/0.6.3
        azure-mgmt-kusto/0.3.0 Azure-SDK-For-Python AZURECLI/2.11.0
      accept-language:
      - en-US
    method: GET
    uri: https://management.azure.com/subscriptions/00000000-0000-0000-0000-000000000000/resourceGroups/clitest.rg000001/providers/Microsoft.Kusto/clusters/test000002?api-version=2019-01-21
  response:
    body:
      string: '{"id":"/subscriptions/00000000-0000-0000-0000-000000000000/resourceGroups/clitest.rg000001/providers/Microsoft.Kusto/Clusters/test000002","name":"test000002","type":"Microsoft.Kusto/Clusters","etag":"\"\"","location":"West
        US","sku":{"name":"Standard_D13_v2","tier":"Standard","capacity":2},"tags":{},"properties":{"state":"Stopped","uri":"https://test000002.westus.kusto.windows.net","dataIngestionUri":"https://ingest-test000002.westus.kusto.windows.net","trustedExternalTenants":[{"value":"*"}],"provisioningState":"Succeeded"}}'
    headers:
      cache-control:
      - no-cache
      content-length:
      - '630'
      content-type:
      - application/json; charset=utf-8
      date:
      - Thu, 27 Aug 2020 07:06:32 GMT
      etag:
      - '""'
      expires:
      - '-1'
      pragma:
      - no-cache
      set-cookie:
      - ARRAffinity=5f95b441215e165f702fc120f711409870055f2f85025e7b8416939d2670b148;Path=/;HttpOnly;Domain=armrp-kustorpwus.kusto.windows.net
      strict-transport-security:
      - max-age=31536000; includeSubDomains
      transfer-encoding:
      - chunked
      vary:
      - Accept-Encoding,Accept-Encoding
      x-content-type-options:
      - nosniff
      x-ms-ratelimit-remaining-subscription-resource-requests:
      - '299'
      x-powered-by:
      - ASP.NET
    status:
      code: 200
      message: OK
- request:
    body: null
    headers:
      Accept:
      - application/json
      Accept-Encoding:
      - gzip, deflate
      CommandName:
      - kusto cluster start
      Connection:
      - keep-alive
      Content-Length:
      - '0'
      ParameterSetName:
      - -n -g
      User-Agent:
      - python/3.6.8 (Windows-10-10.0.19041-SP0) msrest/0.6.18 msrest_azure/0.6.3
        azure-mgmt-kusto/0.3.0 Azure-SDK-For-Python AZURECLI/2.11.0
      accept-language:
      - en-US
    method: POST
    uri: https://management.azure.com/subscriptions/00000000-0000-0000-0000-000000000000/resourceGroups/clitest.rg000001/providers/Microsoft.Kusto/clusters/test000002/start?api-version=2019-01-21
  response:
    body:
      string: ''
    headers:
      azure-asyncoperation:
      - https://management.azure.com/subscriptions/00000000-0000-0000-0000-000000000000/providers/Microsoft.Kusto/locations/West
        US/operationResults/2ed0d987-d028-46be-88df-cd33fbe62d05?api-version=2019-01-21
      cache-control:
      - no-cache
      content-length:
      - '0'
      date:
      - Thu, 27 Aug 2020 07:06:34 GMT
      expires:
      - '-1'
      location:
      - https://management.azure.com/subscriptions/00000000-0000-0000-0000-000000000000/providers/Microsoft.Kusto/locations/West%20US/operationResults/2ed0d987-d028-46be-88df-cd33fbe62d05?api-version=2019-01-21&operationResultResponseType=Location
      pragma:
      - no-cache
      set-cookie:
      - ARRAffinity=e8106a8061bfbf1e77923f2701724267ee8611f0100fbafddc292eb815692d1e;Path=/;HttpOnly;Domain=armrp-kustorpwus.kusto.windows.net
      strict-transport-security:
      - max-age=31536000; includeSubDomains
      x-content-type-options:
      - nosniff
      x-ms-ratelimit-remaining-subscription-writes:
      - '1199'
      x-powered-by:
      - ASP.NET
    status:
      code: 202
      message: Accepted
- request:
    body: null
    headers:
      Accept:
      - application/json
      Accept-Encoding:
      - gzip, deflate
      CommandName:
      - kusto cluster start
      Connection:
      - keep-alive
      ParameterSetName:
      - -n -g
      User-Agent:
      - python/3.6.8 (Windows-10-10.0.19041-SP0) msrest/0.6.18 msrest_azure/0.6.3
        azure-mgmt-kusto/0.3.0 Azure-SDK-For-Python AZURECLI/2.11.0
    method: GET
    uri: https://management.azure.com/subscriptions/00000000-0000-0000-0000-000000000000/providers/Microsoft.Kusto/locations/West%20US/operationResults/2ed0d987-d028-46be-88df-cd33fbe62d05?api-version=2019-01-21
  response:
    body:
      string: '{"id":"/subscriptions/00000000-0000-0000-0000-000000000000/providers/Microsoft.Kusto/locations/West
        US/operationresults/2ed0d987-d028-46be-88df-cd33fbe62d05","name":"2ed0d987-d028-46be-88df-cd33fbe62d05","status":"Running","startTime":"2020-08-27T07:06:34.4741153Z","endTime":"2020-08-27T07:06:37.1929192Z","percentComplete":0.5,"properties":{"OperationKind":"ClusterResume","RootActivityId":"5dd7213f-0fb5-4480-9837-958eaaa2c50d","provisioningState":"Running","OperationState":"InProgress"}}'
    headers:
      cache-control:
      - no-cache
      content-length:
      - '492'
      content-type:
      - application/json; charset=utf-8
      date:
      - Thu, 27 Aug 2020 07:07:05 GMT
      expires:
      - '-1'
      pragma:
      - no-cache
      set-cookie:
      - ARRAffinity=e8106a8061bfbf1e77923f2701724267ee8611f0100fbafddc292eb815692d1e;Path=/;HttpOnly;Domain=armrp-kustorpwus.kusto.windows.net
      strict-transport-security:
      - max-age=31536000; includeSubDomains
      transfer-encoding:
      - chunked
      vary:
      - Accept-Encoding,Accept-Encoding
      x-content-type-options:
      - nosniff
      x-ms-ratelimit-remaining-subscription-resource-requests:
      - '299'
      x-powered-by:
      - ASP.NET
    status:
      code: 200
      message: OK
- request:
    body: null
    headers:
      Accept:
      - application/json
      Accept-Encoding:
      - gzip, deflate
      CommandName:
      - kusto cluster start
      Connection:
      - keep-alive
      ParameterSetName:
      - -n -g
      User-Agent:
      - python/3.6.8 (Windows-10-10.0.19041-SP0) msrest/0.6.18 msrest_azure/0.6.3
        azure-mgmt-kusto/0.3.0 Azure-SDK-For-Python AZURECLI/2.11.0
    method: GET
    uri: https://management.azure.com/subscriptions/00000000-0000-0000-0000-000000000000/providers/Microsoft.Kusto/locations/West%20US/operationResults/2ed0d987-d028-46be-88df-cd33fbe62d05?api-version=2019-01-21
  response:
    body:
      string: '{"id":"/subscriptions/00000000-0000-0000-0000-000000000000/providers/Microsoft.Kusto/locations/West
        US/operationresults/2ed0d987-d028-46be-88df-cd33fbe62d05","name":"2ed0d987-d028-46be-88df-cd33fbe62d05","status":"Running","startTime":"2020-08-27T07:06:34.4741153Z","endTime":"2020-08-27T07:06:37.1929192Z","percentComplete":0.5,"properties":{"OperationKind":"ClusterResume","RootActivityId":"5dd7213f-0fb5-4480-9837-958eaaa2c50d","provisioningState":"Running","OperationState":"InProgress"}}'
    headers:
      cache-control:
      - no-cache
      content-length:
      - '492'
      content-type:
      - application/json; charset=utf-8
      date:
      - Thu, 27 Aug 2020 07:07:35 GMT
      expires:
      - '-1'
      pragma:
      - no-cache
      set-cookie:
      - ARRAffinity=ed661ee8aa44d985bdf95aa0afc7e14d1e21b37a09dbfc32730819e4101ffbb2;Path=/;HttpOnly;Domain=armrp-kustorpwus.kusto.windows.net
      strict-transport-security:
      - max-age=31536000; includeSubDomains
      transfer-encoding:
      - chunked
      vary:
      - Accept-Encoding,Accept-Encoding
      x-content-type-options:
      - nosniff
      x-ms-ratelimit-remaining-subscription-resource-requests:
      - '294'
      x-powered-by:
      - ASP.NET
    status:
      code: 200
      message: OK
- request:
    body: null
    headers:
      Accept:
      - application/json
      Accept-Encoding:
      - gzip, deflate
      CommandName:
      - kusto cluster start
      Connection:
      - keep-alive
      ParameterSetName:
      - -n -g
      User-Agent:
      - python/3.6.8 (Windows-10-10.0.19041-SP0) msrest/0.6.18 msrest_azure/0.6.3
        azure-mgmt-kusto/0.3.0 Azure-SDK-For-Python AZURECLI/2.11.0
    method: GET
    uri: https://management.azure.com/subscriptions/00000000-0000-0000-0000-000000000000/providers/Microsoft.Kusto/locations/West%20US/operationResults/2ed0d987-d028-46be-88df-cd33fbe62d05?api-version=2019-01-21
  response:
    body:
      string: '{"id":"/subscriptions/00000000-0000-0000-0000-000000000000/providers/Microsoft.Kusto/locations/West
        US/operationresults/2ed0d987-d028-46be-88df-cd33fbe62d05","name":"2ed0d987-d028-46be-88df-cd33fbe62d05","status":"Running","startTime":"2020-08-27T07:06:34.4741153Z","endTime":"2020-08-27T07:06:37.1929192Z","percentComplete":0.5,"properties":{"OperationKind":"ClusterResume","RootActivityId":"5dd7213f-0fb5-4480-9837-958eaaa2c50d","provisioningState":"Running","OperationState":"InProgress"}}'
    headers:
      cache-control:
      - no-cache
      content-length:
      - '492'
      content-type:
      - application/json; charset=utf-8
      date:
      - Thu, 27 Aug 2020 07:08:07 GMT
      expires:
      - '-1'
      pragma:
      - no-cache
      set-cookie:
      - ARRAffinity=e8106a8061bfbf1e77923f2701724267ee8611f0100fbafddc292eb815692d1e;Path=/;HttpOnly;Domain=armrp-kustorpwus.kusto.windows.net
      strict-transport-security:
      - max-age=31536000; includeSubDomains
      transfer-encoding:
      - chunked
      vary:
      - Accept-Encoding,Accept-Encoding
      x-content-type-options:
      - nosniff
      x-ms-ratelimit-remaining-subscription-resource-requests:
      - '296'
      x-powered-by:
      - ASP.NET
    status:
      code: 200
      message: OK
- request:
    body: null
    headers:
      Accept:
      - application/json
      Accept-Encoding:
      - gzip, deflate
      CommandName:
      - kusto cluster start
      Connection:
      - keep-alive
      ParameterSetName:
      - -n -g
      User-Agent:
      - python/3.6.8 (Windows-10-10.0.19041-SP0) msrest/0.6.18 msrest_azure/0.6.3
        azure-mgmt-kusto/0.3.0 Azure-SDK-For-Python AZURECLI/2.11.0
    method: GET
    uri: https://management.azure.com/subscriptions/00000000-0000-0000-0000-000000000000/providers/Microsoft.Kusto/locations/West%20US/operationResults/2ed0d987-d028-46be-88df-cd33fbe62d05?api-version=2019-01-21
  response:
    body:
      string: '{"id":"/subscriptions/00000000-0000-0000-0000-000000000000/providers/Microsoft.Kusto/locations/West
        US/operationresults/2ed0d987-d028-46be-88df-cd33fbe62d05","name":"2ed0d987-d028-46be-88df-cd33fbe62d05","status":"Running","startTime":"2020-08-27T07:06:34.4741153Z","endTime":"2020-08-27T07:06:37.1929192Z","percentComplete":0.5,"properties":{"OperationKind":"ClusterResume","RootActivityId":"5dd7213f-0fb5-4480-9837-958eaaa2c50d","provisioningState":"Running","OperationState":"InProgress"}}'
    headers:
      cache-control:
      - no-cache
      content-length:
      - '492'
      content-type:
      - application/json; charset=utf-8
      date:
      - Thu, 27 Aug 2020 07:08:38 GMT
      expires:
      - '-1'
      pragma:
      - no-cache
      set-cookie:
      - ARRAffinity=ed661ee8aa44d985bdf95aa0afc7e14d1e21b37a09dbfc32730819e4101ffbb2;Path=/;HttpOnly;Domain=armrp-kustorpwus.kusto.windows.net
      strict-transport-security:
      - max-age=31536000; includeSubDomains
      transfer-encoding:
      - chunked
      vary:
      - Accept-Encoding,Accept-Encoding
      x-content-type-options:
      - nosniff
      x-ms-ratelimit-remaining-subscription-resource-requests:
      - '298'
      x-powered-by:
      - ASP.NET
    status:
      code: 200
      message: OK
- request:
    body: null
    headers:
      Accept:
      - application/json
      Accept-Encoding:
      - gzip, deflate
      CommandName:
      - kusto cluster start
      Connection:
      - keep-alive
      ParameterSetName:
      - -n -g
      User-Agent:
      - python/3.6.8 (Windows-10-10.0.19041-SP0) msrest/0.6.18 msrest_azure/0.6.3
        azure-mgmt-kusto/0.3.0 Azure-SDK-For-Python AZURECLI/2.11.0
    method: GET
    uri: https://management.azure.com/subscriptions/00000000-0000-0000-0000-000000000000/providers/Microsoft.Kusto/locations/West%20US/operationResults/2ed0d987-d028-46be-88df-cd33fbe62d05?api-version=2019-01-21
  response:
    body:
      string: '{"id":"/subscriptions/00000000-0000-0000-0000-000000000000/providers/Microsoft.Kusto/locations/West
        US/operationresults/2ed0d987-d028-46be-88df-cd33fbe62d05","name":"2ed0d987-d028-46be-88df-cd33fbe62d05","status":"Running","startTime":"2020-08-27T07:06:34.4741153Z","endTime":"2020-08-27T07:06:37.1929192Z","percentComplete":0.5,"properties":{"OperationKind":"ClusterResume","RootActivityId":"5dd7213f-0fb5-4480-9837-958eaaa2c50d","provisioningState":"Running","OperationState":"InProgress"}}'
    headers:
      cache-control:
      - no-cache
      content-length:
      - '492'
      content-type:
      - application/json; charset=utf-8
      date:
      - Thu, 27 Aug 2020 07:09:11 GMT
      expires:
      - '-1'
      pragma:
      - no-cache
      set-cookie:
      - ARRAffinity=ed661ee8aa44d985bdf95aa0afc7e14d1e21b37a09dbfc32730819e4101ffbb2;Path=/;HttpOnly;Domain=armrp-kustorpwus.kusto.windows.net
      strict-transport-security:
      - max-age=31536000; includeSubDomains
      transfer-encoding:
      - chunked
      vary:
      - Accept-Encoding,Accept-Encoding
      x-content-type-options:
      - nosniff
      x-ms-ratelimit-remaining-subscription-resource-requests:
      - '298'
      x-powered-by:
      - ASP.NET
    status:
      code: 200
      message: OK
- request:
    body: null
    headers:
      Accept:
      - application/json
      Accept-Encoding:
      - gzip, deflate
      CommandName:
      - kusto cluster start
      Connection:
      - keep-alive
      ParameterSetName:
      - -n -g
      User-Agent:
      - python/3.6.8 (Windows-10-10.0.19041-SP0) msrest/0.6.18 msrest_azure/0.6.3
        azure-mgmt-kusto/0.3.0 Azure-SDK-For-Python AZURECLI/2.11.0
    method: GET
    uri: https://management.azure.com/subscriptions/00000000-0000-0000-0000-000000000000/providers/Microsoft.Kusto/locations/West%20US/operationResults/2ed0d987-d028-46be-88df-cd33fbe62d05?api-version=2019-01-21
  response:
    body:
      string: '{"id":"/subscriptions/00000000-0000-0000-0000-000000000000/providers/Microsoft.Kusto/locations/West
        US/operationresults/2ed0d987-d028-46be-88df-cd33fbe62d05","name":"2ed0d987-d028-46be-88df-cd33fbe62d05","status":"Running","startTime":"2020-08-27T07:06:34.4741153Z","endTime":"2020-08-27T07:06:37.1929192Z","percentComplete":0.5,"properties":{"OperationKind":"ClusterResume","RootActivityId":"5dd7213f-0fb5-4480-9837-958eaaa2c50d","provisioningState":"Running","OperationState":"InProgress"}}'
    headers:
      cache-control:
      - no-cache
      content-length:
      - '492'
      content-type:
      - application/json; charset=utf-8
      date:
      - Thu, 27 Aug 2020 07:09:42 GMT
      expires:
      - '-1'
      pragma:
      - no-cache
      set-cookie:
      - ARRAffinity=d218d1bc1a34d622added1601e776685beccb994cdcd0f1b88569be61bf3a893;Path=/;HttpOnly;Domain=armrp-kustorpwus.kusto.windows.net
      strict-transport-security:
      - max-age=31536000; includeSubDomains
      transfer-encoding:
      - chunked
      vary:
      - Accept-Encoding,Accept-Encoding
      x-content-type-options:
      - nosniff
      x-ms-ratelimit-remaining-subscription-resource-requests:
      - '297'
      x-powered-by:
      - ASP.NET
    status:
      code: 200
      message: OK
- request:
    body: null
    headers:
      Accept:
      - application/json
      Accept-Encoding:
      - gzip, deflate
      CommandName:
      - kusto cluster start
      Connection:
      - keep-alive
      ParameterSetName:
      - -n -g
      User-Agent:
      - python/3.6.8 (Windows-10-10.0.19041-SP0) msrest/0.6.18 msrest_azure/0.6.3
        azure-mgmt-kusto/0.3.0 Azure-SDK-For-Python AZURECLI/2.11.0
    method: GET
    uri: https://management.azure.com/subscriptions/00000000-0000-0000-0000-000000000000/providers/Microsoft.Kusto/locations/West%20US/operationResults/2ed0d987-d028-46be-88df-cd33fbe62d05?api-version=2019-01-21
  response:
    body:
      string: '{"id":"/subscriptions/00000000-0000-0000-0000-000000000000/providers/Microsoft.Kusto/locations/West
        US/operationresults/2ed0d987-d028-46be-88df-cd33fbe62d05","name":"2ed0d987-d028-46be-88df-cd33fbe62d05","status":"Running","startTime":"2020-08-27T07:06:34.4741153Z","endTime":"2020-08-27T07:06:37.1929192Z","percentComplete":0.5,"properties":{"OperationKind":"ClusterResume","RootActivityId":"5dd7213f-0fb5-4480-9837-958eaaa2c50d","provisioningState":"Running","OperationState":"InProgress"}}'
    headers:
      cache-control:
      - no-cache
      content-length:
      - '492'
      content-type:
      - application/json; charset=utf-8
      date:
      - Thu, 27 Aug 2020 07:10:14 GMT
      expires:
      - '-1'
      pragma:
      - no-cache
      set-cookie:
      - ARRAffinity=67658d3126ddf9428e4e2f36f09e574385ff742ffab2b8dcad942ecc1f8fdb67;Path=/;HttpOnly;Domain=armrp-kustorpwus.kusto.windows.net
      strict-transport-security:
      - max-age=31536000; includeSubDomains
      transfer-encoding:
      - chunked
      vary:
      - Accept-Encoding,Accept-Encoding
      x-content-type-options:
      - nosniff
      x-ms-ratelimit-remaining-subscription-resource-requests:
      - '299'
      x-powered-by:
      - ASP.NET
    status:
      code: 200
      message: OK
- request:
    body: null
    headers:
      Accept:
      - application/json
      Accept-Encoding:
      - gzip, deflate
      CommandName:
      - kusto cluster start
      Connection:
      - keep-alive
      ParameterSetName:
      - -n -g
      User-Agent:
      - python/3.6.8 (Windows-10-10.0.19041-SP0) msrest/0.6.18 msrest_azure/0.6.3
        azure-mgmt-kusto/0.3.0 Azure-SDK-For-Python AZURECLI/2.11.0
    method: GET
    uri: https://management.azure.com/subscriptions/00000000-0000-0000-0000-000000000000/providers/Microsoft.Kusto/locations/West%20US/operationResults/2ed0d987-d028-46be-88df-cd33fbe62d05?api-version=2019-01-21
  response:
    body:
      string: '{"id":"/subscriptions/00000000-0000-0000-0000-000000000000/providers/Microsoft.Kusto/locations/West
        US/operationresults/2ed0d987-d028-46be-88df-cd33fbe62d05","name":"2ed0d987-d028-46be-88df-cd33fbe62d05","status":"Running","startTime":"2020-08-27T07:06:34.4741153Z","endTime":"2020-08-27T07:06:37.1929192Z","percentComplete":0.5,"properties":{"OperationKind":"ClusterResume","RootActivityId":"5dd7213f-0fb5-4480-9837-958eaaa2c50d","provisioningState":"Running","OperationState":"InProgress"}}'
    headers:
      cache-control:
      - no-cache
      content-length:
      - '492'
      content-type:
      - application/json; charset=utf-8
      date:
      - Thu, 27 Aug 2020 07:10:45 GMT
      expires:
      - '-1'
      pragma:
      - no-cache
      set-cookie:
      - ARRAffinity=e8106a8061bfbf1e77923f2701724267ee8611f0100fbafddc292eb815692d1e;Path=/;HttpOnly;Domain=armrp-kustorpwus.kusto.windows.net
      strict-transport-security:
      - max-age=31536000; includeSubDomains
      transfer-encoding:
      - chunked
      vary:
      - Accept-Encoding,Accept-Encoding
      x-content-type-options:
      - nosniff
      x-ms-ratelimit-remaining-subscription-resource-requests:
      - '297'
      x-powered-by:
      - ASP.NET
    status:
      code: 200
      message: OK
- request:
    body: null
    headers:
      Accept:
      - application/json
      Accept-Encoding:
      - gzip, deflate
      CommandName:
      - kusto cluster start
      Connection:
      - keep-alive
      ParameterSetName:
      - -n -g
      User-Agent:
      - python/3.6.8 (Windows-10-10.0.19041-SP0) msrest/0.6.18 msrest_azure/0.6.3
        azure-mgmt-kusto/0.3.0 Azure-SDK-For-Python AZURECLI/2.11.0
    method: GET
    uri: https://management.azure.com/subscriptions/00000000-0000-0000-0000-000000000000/providers/Microsoft.Kusto/locations/West%20US/operationResults/2ed0d987-d028-46be-88df-cd33fbe62d05?api-version=2019-01-21
  response:
    body:
      string: '{"id":"/subscriptions/00000000-0000-0000-0000-000000000000/providers/Microsoft.Kusto/locations/West
        US/operationresults/2ed0d987-d028-46be-88df-cd33fbe62d05","name":"2ed0d987-d028-46be-88df-cd33fbe62d05","status":"Running","startTime":"2020-08-27T07:06:34.4741153Z","endTime":"2020-08-27T07:06:37.1929192Z","percentComplete":0.5,"properties":{"OperationKind":"ClusterResume","RootActivityId":"5dd7213f-0fb5-4480-9837-958eaaa2c50d","provisioningState":"Running","OperationState":"InProgress"}}'
    headers:
      cache-control:
      - no-cache
      content-length:
      - '492'
      content-type:
      - application/json; charset=utf-8
      date:
      - Thu, 27 Aug 2020 07:11:17 GMT
      expires:
      - '-1'
      pragma:
      - no-cache
      set-cookie:
      - ARRAffinity=e8106a8061bfbf1e77923f2701724267ee8611f0100fbafddc292eb815692d1e;Path=/;HttpOnly;Domain=armrp-kustorpwus.kusto.windows.net
      strict-transport-security:
      - max-age=31536000; includeSubDomains
      transfer-encoding:
      - chunked
      vary:
      - Accept-Encoding,Accept-Encoding
      x-content-type-options:
      - nosniff
      x-ms-ratelimit-remaining-subscription-resource-requests:
      - '298'
      x-powered-by:
      - ASP.NET
    status:
      code: 200
      message: OK
- request:
    body: null
    headers:
      Accept:
      - application/json
      Accept-Encoding:
      - gzip, deflate
      CommandName:
      - kusto cluster start
      Connection:
      - keep-alive
      ParameterSetName:
      - -n -g
      User-Agent:
      - python/3.6.8 (Windows-10-10.0.19041-SP0) msrest/0.6.18 msrest_azure/0.6.3
        azure-mgmt-kusto/0.3.0 Azure-SDK-For-Python AZURECLI/2.11.0
    method: GET
    uri: https://management.azure.com/subscriptions/00000000-0000-0000-0000-000000000000/providers/Microsoft.Kusto/locations/West%20US/operationResults/2ed0d987-d028-46be-88df-cd33fbe62d05?api-version=2019-01-21
  response:
    body:
      string: '{"id":"/subscriptions/00000000-0000-0000-0000-000000000000/providers/Microsoft.Kusto/locations/West
        US/operationresults/2ed0d987-d028-46be-88df-cd33fbe62d05","name":"2ed0d987-d028-46be-88df-cd33fbe62d05","status":"Running","startTime":"2020-08-27T07:06:34.4741153Z","endTime":"2020-08-27T07:06:37.1929192Z","percentComplete":0.5,"properties":{"OperationKind":"ClusterResume","RootActivityId":"5dd7213f-0fb5-4480-9837-958eaaa2c50d","provisioningState":"Running","OperationState":"InProgress"}}'
    headers:
      cache-control:
      - no-cache
      content-length:
      - '492'
      content-type:
      - application/json; charset=utf-8
      date:
      - Thu, 27 Aug 2020 07:11:48 GMT
      expires:
      - '-1'
      pragma:
      - no-cache
      set-cookie:
      - ARRAffinity=d218d1bc1a34d622added1601e776685beccb994cdcd0f1b88569be61bf3a893;Path=/;HttpOnly;Domain=armrp-kustorpwus.kusto.windows.net
      strict-transport-security:
      - max-age=31536000; includeSubDomains
      transfer-encoding:
      - chunked
      vary:
      - Accept-Encoding,Accept-Encoding
      x-content-type-options:
      - nosniff
      x-ms-ratelimit-remaining-subscription-resource-requests:
      - '299'
      x-powered-by:
      - ASP.NET
    status:
      code: 200
      message: OK
- request:
    body: null
    headers:
      Accept:
      - application/json
      Accept-Encoding:
      - gzip, deflate
      CommandName:
      - kusto cluster start
      Connection:
      - keep-alive
      ParameterSetName:
      - -n -g
      User-Agent:
      - python/3.6.8 (Windows-10-10.0.19041-SP0) msrest/0.6.18 msrest_azure/0.6.3
        azure-mgmt-kusto/0.3.0 Azure-SDK-For-Python AZURECLI/2.11.0
    method: GET
    uri: https://management.azure.com/subscriptions/00000000-0000-0000-0000-000000000000/providers/Microsoft.Kusto/locations/West%20US/operationResults/2ed0d987-d028-46be-88df-cd33fbe62d05?api-version=2019-01-21
  response:
    body:
      string: '{"id":"/subscriptions/00000000-0000-0000-0000-000000000000/providers/Microsoft.Kusto/locations/West
        US/operationresults/2ed0d987-d028-46be-88df-cd33fbe62d05","name":"2ed0d987-d028-46be-88df-cd33fbe62d05","status":"Running","startTime":"2020-08-27T07:06:34.4741153Z","endTime":"2020-08-27T07:06:37.1929192Z","percentComplete":0.5,"properties":{"OperationKind":"ClusterResume","RootActivityId":"5dd7213f-0fb5-4480-9837-958eaaa2c50d","provisioningState":"Running","OperationState":"InProgress"}}'
    headers:
      cache-control:
      - no-cache
      content-length:
      - '492'
      content-type:
      - application/json; charset=utf-8
      date:
      - Thu, 27 Aug 2020 07:12:19 GMT
      expires:
      - '-1'
      pragma:
      - no-cache
      set-cookie:
      - ARRAffinity=5f95b441215e165f702fc120f711409870055f2f85025e7b8416939d2670b148;Path=/;HttpOnly;Domain=armrp-kustorpwus.kusto.windows.net
      strict-transport-security:
      - max-age=31536000; includeSubDomains
      transfer-encoding:
      - chunked
      vary:
      - Accept-Encoding,Accept-Encoding
      x-content-type-options:
      - nosniff
      x-ms-ratelimit-remaining-subscription-resource-requests:
      - '298'
      x-powered-by:
      - ASP.NET
    status:
      code: 200
      message: OK
- request:
    body: null
    headers:
      Accept:
      - application/json
      Accept-Encoding:
      - gzip, deflate
      CommandName:
      - kusto cluster start
      Connection:
      - keep-alive
      ParameterSetName:
      - -n -g
      User-Agent:
      - python/3.6.8 (Windows-10-10.0.19041-SP0) msrest/0.6.18 msrest_azure/0.6.3
        azure-mgmt-kusto/0.3.0 Azure-SDK-For-Python AZURECLI/2.11.0
    method: GET
    uri: https://management.azure.com/subscriptions/00000000-0000-0000-0000-000000000000/providers/Microsoft.Kusto/locations/West%20US/operationResults/2ed0d987-d028-46be-88df-cd33fbe62d05?api-version=2019-01-21
  response:
    body:
      string: '{"id":"/subscriptions/00000000-0000-0000-0000-000000000000/providers/Microsoft.Kusto/locations/West
        US/operationresults/2ed0d987-d028-46be-88df-cd33fbe62d05","name":"2ed0d987-d028-46be-88df-cd33fbe62d05","status":"Running","startTime":"2020-08-27T07:06:34.4741153Z","endTime":"2020-08-27T07:06:37.1929192Z","percentComplete":0.5,"properties":{"OperationKind":"ClusterResume","RootActivityId":"5dd7213f-0fb5-4480-9837-958eaaa2c50d","provisioningState":"Running","OperationState":"InProgress"}}'
    headers:
      cache-control:
      - no-cache
      content-length:
      - '492'
      content-type:
      - application/json; charset=utf-8
      date:
      - Thu, 27 Aug 2020 07:12:51 GMT
      expires:
      - '-1'
      pragma:
      - no-cache
      set-cookie:
      - ARRAffinity=ed661ee8aa44d985bdf95aa0afc7e14d1e21b37a09dbfc32730819e4101ffbb2;Path=/;HttpOnly;Domain=armrp-kustorpwus.kusto.windows.net
      strict-transport-security:
      - max-age=31536000; includeSubDomains
      transfer-encoding:
      - chunked
      vary:
      - Accept-Encoding,Accept-Encoding
      x-content-type-options:
      - nosniff
      x-ms-ratelimit-remaining-subscription-resource-requests:
      - '295'
      x-powered-by:
      - ASP.NET
    status:
      code: 200
      message: OK
- request:
    body: null
    headers:
      Accept:
      - application/json
      Accept-Encoding:
      - gzip, deflate
      CommandName:
      - kusto cluster start
      Connection:
      - keep-alive
      ParameterSetName:
      - -n -g
      User-Agent:
      - python/3.6.8 (Windows-10-10.0.19041-SP0) msrest/0.6.18 msrest_azure/0.6.3
        azure-mgmt-kusto/0.3.0 Azure-SDK-For-Python AZURECLI/2.11.0
    method: GET
    uri: https://management.azure.com/subscriptions/00000000-0000-0000-0000-000000000000/providers/Microsoft.Kusto/locations/West%20US/operationResults/2ed0d987-d028-46be-88df-cd33fbe62d05?api-version=2019-01-21
  response:
    body:
      string: '{"id":"/subscriptions/00000000-0000-0000-0000-000000000000/providers/Microsoft.Kusto/locations/West
        US/operationresults/2ed0d987-d028-46be-88df-cd33fbe62d05","name":"2ed0d987-d028-46be-88df-cd33fbe62d05","status":"Running","startTime":"2020-08-27T07:06:34.4741153Z","endTime":"2020-08-27T07:06:37.1929192Z","percentComplete":0.5,"properties":{"OperationKind":"ClusterResume","RootActivityId":"5dd7213f-0fb5-4480-9837-958eaaa2c50d","provisioningState":"Running","OperationState":"InProgress"}}'
    headers:
      cache-control:
      - no-cache
      content-length:
      - '492'
      content-type:
      - application/json; charset=utf-8
      date:
      - Thu, 27 Aug 2020 07:13:23 GMT
      expires:
      - '-1'
      pragma:
      - no-cache
      set-cookie:
      - ARRAffinity=5f95b441215e165f702fc120f711409870055f2f85025e7b8416939d2670b148;Path=/;HttpOnly;Domain=armrp-kustorpwus.kusto.windows.net
      strict-transport-security:
      - max-age=31536000; includeSubDomains
      transfer-encoding:
      - chunked
      vary:
      - Accept-Encoding,Accept-Encoding
      x-content-type-options:
      - nosniff
      x-ms-ratelimit-remaining-subscription-resource-requests:
      - '298'
      x-powered-by:
      - ASP.NET
    status:
      code: 200
      message: OK
- request:
    body: null
    headers:
      Accept:
      - application/json
      Accept-Encoding:
      - gzip, deflate
      CommandName:
      - kusto cluster start
      Connection:
      - keep-alive
      ParameterSetName:
      - -n -g
      User-Agent:
      - python/3.6.8 (Windows-10-10.0.19041-SP0) msrest/0.6.18 msrest_azure/0.6.3
        azure-mgmt-kusto/0.3.0 Azure-SDK-For-Python AZURECLI/2.11.0
    method: GET
    uri: https://management.azure.com/subscriptions/00000000-0000-0000-0000-000000000000/providers/Microsoft.Kusto/locations/West%20US/operationResults/2ed0d987-d028-46be-88df-cd33fbe62d05?api-version=2019-01-21
  response:
    body:
      string: '{"id":"/subscriptions/00000000-0000-0000-0000-000000000000/providers/Microsoft.Kusto/locations/West
        US/operationresults/2ed0d987-d028-46be-88df-cd33fbe62d05","name":"2ed0d987-d028-46be-88df-cd33fbe62d05","status":"Succeeded","startTime":"2020-08-27T07:06:34.4741153Z","endTime":"2020-08-27T07:13:50.5800372Z","percentComplete":1.0,"properties":{"OperationKind":"ClusterResume","RootActivityId":"5dd7213f-0fb5-4480-9837-958eaaa2c50d","provisioningState":"Succeeded","OperationState":"Completed"}}'
    headers:
      cache-control:
      - no-cache
      content-length:
      - '495'
      content-type:
      - application/json; charset=utf-8
      date:
      - Thu, 27 Aug 2020 07:13:54 GMT
      expires:
      - '-1'
      pragma:
      - no-cache
      set-cookie:
      - ARRAffinity=2ee8dbca0c17fb4b4d8c562ef791535fd57061466334fb9e50f39326ad63a5ae;Path=/;HttpOnly;Domain=armrp-kustorpwus.kusto.windows.net
      strict-transport-security:
      - max-age=31536000; includeSubDomains
      transfer-encoding:
      - chunked
      vary:
      - Accept-Encoding,Accept-Encoding
      x-content-type-options:
      - nosniff
      x-ms-ratelimit-remaining-subscription-resource-requests:
      - '298'
      x-powered-by:
      - ASP.NET
    status:
      code: 200
      message: OK
- request:
    body: null
    headers:
      Accept:
      - application/json
      Accept-Encoding:
      - gzip, deflate
      CommandName:
      - kusto cluster show
      Connection:
      - keep-alive
      ParameterSetName:
      - -n -g
      User-Agent:
      - python/3.6.8 (Windows-10-10.0.19041-SP0) msrest/0.6.18 msrest_azure/0.6.3
        azure-mgmt-kusto/0.3.0 Azure-SDK-For-Python AZURECLI/2.11.0
      accept-language:
      - en-US
    method: GET
    uri: https://management.azure.com/subscriptions/00000000-0000-0000-0000-000000000000/resourceGroups/clitest.rg000001/providers/Microsoft.Kusto/clusters/test000002?api-version=2019-01-21
  response:
    body:
      string: '{"id":"/subscriptions/00000000-0000-0000-0000-000000000000/resourceGroups/clitest.rg000001/providers/Microsoft.Kusto/Clusters/test000002","name":"test000002","type":"Microsoft.Kusto/Clusters","etag":"\"\"","location":"West
        US","sku":{"name":"Standard_D13_v2","tier":"Standard","capacity":2},"tags":{},"properties":{"state":"Running","uri":"https://test000002.westus.kusto.windows.net","dataIngestionUri":"https://ingest-test000002.westus.kusto.windows.net","trustedExternalTenants":[{"value":"*"}],"provisioningState":"Succeeded"}}'
    headers:
      cache-control:
      - no-cache
      content-length:
      - '630'
      content-type:
      - application/json; charset=utf-8
      date:
      - Thu, 27 Aug 2020 07:13:57 GMT
      etag:
      - '""'
      expires:
      - '-1'
      pragma:
      - no-cache
      set-cookie:
      - ARRAffinity=1c5c29bcda1f855b3b361d64bb5c7ead5fec452c7427aa2499563d7dbfee3122;Path=/;HttpOnly;Domain=armrp-kustorpwus.kusto.windows.net
      strict-transport-security:
      - max-age=31536000; includeSubDomains
      transfer-encoding:
      - chunked
      vary:
      - Accept-Encoding,Accept-Encoding
      x-content-type-options:
      - nosniff
      x-ms-ratelimit-remaining-subscription-resource-requests:
      - '299'
      x-powered-by:
      - ASP.NET
    status:
      code: 200
      message: OK
- request:
    body: null
    headers:
      Accept:
      - application/json
      Accept-Encoding:
      - gzip, deflate
      CommandName:
      - kusto cluster delete
      Connection:
      - keep-alive
      Content-Length:
      - '0'
      ParameterSetName:
      - -n -g -y
      User-Agent:
      - python/3.6.8 (Windows-10-10.0.19041-SP0) msrest/0.6.18 msrest_azure/0.6.3
        azure-mgmt-kusto/0.3.0 Azure-SDK-For-Python AZURECLI/2.11.0
      accept-language:
      - en-US
    method: DELETE
    uri: https://management.azure.com/subscriptions/00000000-0000-0000-0000-000000000000/resourceGroups/clitest.rg000001/providers/Microsoft.Kusto/clusters/test000002?api-version=2019-01-21
  response:
    body:
      string: ''
    headers:
      azure-asyncoperation:
      - https://management.azure.com/subscriptions/00000000-0000-0000-0000-000000000000/providers/Microsoft.Kusto/locations/West
        US/operationResults/02763194-adae-4d21-b337-38f81d9c2e69?api-version=2019-01-21
      cache-control:
      - no-cache
      content-length:
      - '0'
      date:
      - Thu, 27 Aug 2020 07:13:59 GMT
      expires:
      - '-1'
      location:
      - https://management.azure.com/subscriptions/00000000-0000-0000-0000-000000000000/providers/Microsoft.Kusto/locations/West%20US/operationResults/02763194-adae-4d21-b337-38f81d9c2e69?api-version=2019-01-21&operationResultResponseType=Location
      pragma:
      - no-cache
      set-cookie:
      - ARRAffinity=d218d1bc1a34d622added1601e776685beccb994cdcd0f1b88569be61bf3a893;Path=/;HttpOnly;Domain=armrp-kustorpwus.kusto.windows.net
      strict-transport-security:
      - max-age=31536000; includeSubDomains
      x-content-type-options:
      - nosniff
      x-ms-ratelimit-remaining-subscription-deletes:
      - '14998'
      x-powered-by:
      - ASP.NET
    status:
      code: 202
      message: Accepted
- request:
    body: null
    headers:
      Accept:
      - application/json
      Accept-Encoding:
      - gzip, deflate
      CommandName:
      - kusto cluster delete
      Connection:
      - keep-alive
      ParameterSetName:
      - -n -g -y
      User-Agent:
      - python/3.6.8 (Windows-10-10.0.19041-SP0) msrest/0.6.18 msrest_azure/0.6.3
        azure-mgmt-kusto/0.3.0 Azure-SDK-For-Python AZURECLI/2.11.0
    method: GET
    uri: https://management.azure.com/subscriptions/00000000-0000-0000-0000-000000000000/providers/Microsoft.Kusto/locations/West%20US/operationResults/02763194-adae-4d21-b337-38f81d9c2e69?api-version=2019-01-21
  response:
    body:
      string: '{"id":"/subscriptions/00000000-0000-0000-0000-000000000000/providers/Microsoft.Kusto/locations/West
        US/operationresults/02763194-adae-4d21-b337-38f81d9c2e69","name":"02763194-adae-4d21-b337-38f81d9c2e69","status":"Running","startTime":"2020-08-27T07:13:59.3457051Z","endTime":"2020-08-27T07:14:00.0488531Z","percentComplete":0.5,"properties":{"OperationKind":"ClusterDelete","RootActivityId":"4375bedd-fe9a-4d0c-b657-31c54e0374ae","provisioningState":"Running","OperationState":"InProgress"}}'
    headers:
      cache-control:
      - no-cache
      content-length:
      - '492'
      content-type:
      - application/json; charset=utf-8
      date:
      - Thu, 27 Aug 2020 07:14:29 GMT
      expires:
      - '-1'
      pragma:
      - no-cache
      set-cookie:
      - ARRAffinity=ed661ee8aa44d985bdf95aa0afc7e14d1e21b37a09dbfc32730819e4101ffbb2;Path=/;HttpOnly;Domain=armrp-kustorpwus.kusto.windows.net
      strict-transport-security:
      - max-age=31536000; includeSubDomains
      transfer-encoding:
      - chunked
      vary:
      - Accept-Encoding,Accept-Encoding
      x-content-type-options:
      - nosniff
      x-ms-ratelimit-remaining-subscription-resource-requests:
      - '297'
      x-powered-by:
      - ASP.NET
    status:
      code: 200
      message: OK
- request:
    body: null
    headers:
      Accept:
      - application/json
      Accept-Encoding:
      - gzip, deflate
      CommandName:
      - kusto cluster delete
      Connection:
      - keep-alive
      ParameterSetName:
      - -n -g -y
      User-Agent:
      - python/3.6.8 (Windows-10-10.0.19041-SP0) msrest/0.6.18 msrest_azure/0.6.3
        azure-mgmt-kusto/0.3.0 Azure-SDK-For-Python AZURECLI/2.11.0
    method: GET
    uri: https://management.azure.com/subscriptions/00000000-0000-0000-0000-000000000000/providers/Microsoft.Kusto/locations/West%20US/operationResults/02763194-adae-4d21-b337-38f81d9c2e69?api-version=2019-01-21
  response:
    body:
      string: '{"id":"/subscriptions/00000000-0000-0000-0000-000000000000/providers/Microsoft.Kusto/locations/West
        US/operationresults/02763194-adae-4d21-b337-38f81d9c2e69","name":"02763194-adae-4d21-b337-38f81d9c2e69","status":"Running","startTime":"2020-08-27T07:13:59.3457051Z","endTime":"2020-08-27T07:14:00.0488531Z","percentComplete":0.5,"properties":{"OperationKind":"ClusterDelete","RootActivityId":"4375bedd-fe9a-4d0c-b657-31c54e0374ae","provisioningState":"Running","OperationState":"InProgress"}}'
    headers:
      cache-control:
      - no-cache
      content-length:
      - '492'
      content-type:
      - application/json; charset=utf-8
      date:
      - Thu, 27 Aug 2020 07:15:01 GMT
      expires:
      - '-1'
      pragma:
      - no-cache
      set-cookie:
      - ARRAffinity=ed661ee8aa44d985bdf95aa0afc7e14d1e21b37a09dbfc32730819e4101ffbb2;Path=/;HttpOnly;Domain=armrp-kustorpwus.kusto.windows.net
      strict-transport-security:
      - max-age=31536000; includeSubDomains
      transfer-encoding:
      - chunked
      vary:
      - Accept-Encoding,Accept-Encoding
      x-content-type-options:
      - nosniff
      x-ms-ratelimit-remaining-subscription-resource-requests:
      - '298'
      x-powered-by:
      - ASP.NET
    status:
      code: 200
      message: OK
- request:
    body: null
    headers:
      Accept:
      - application/json
      Accept-Encoding:
      - gzip, deflate
      CommandName:
      - kusto cluster delete
      Connection:
      - keep-alive
      ParameterSetName:
      - -n -g -y
      User-Agent:
      - python/3.6.8 (Windows-10-10.0.19041-SP0) msrest/0.6.18 msrest_azure/0.6.3
        azure-mgmt-kusto/0.3.0 Azure-SDK-For-Python AZURECLI/2.11.0
    method: GET
    uri: https://management.azure.com/subscriptions/00000000-0000-0000-0000-000000000000/providers/Microsoft.Kusto/locations/West%20US/operationResults/02763194-adae-4d21-b337-38f81d9c2e69?api-version=2019-01-21
  response:
    body:
      string: '{"id":"/subscriptions/00000000-0000-0000-0000-000000000000/providers/Microsoft.Kusto/locations/West
        US/operationresults/02763194-adae-4d21-b337-38f81d9c2e69","name":"02763194-adae-4d21-b337-38f81d9c2e69","status":"Running","startTime":"2020-08-27T07:13:59.3457051Z","endTime":"2020-08-27T07:14:00.0488531Z","percentComplete":0.5,"properties":{"OperationKind":"ClusterDelete","RootActivityId":"4375bedd-fe9a-4d0c-b657-31c54e0374ae","provisioningState":"Running","OperationState":"InProgress"}}'
    headers:
      cache-control:
      - no-cache
      content-length:
      - '492'
      content-type:
      - application/json; charset=utf-8
      date:
      - Thu, 27 Aug 2020 07:15:32 GMT
      expires:
      - '-1'
      pragma:
      - no-cache
      set-cookie:
      - ARRAffinity=2ee8dbca0c17fb4b4d8c562ef791535fd57061466334fb9e50f39326ad63a5ae;Path=/;HttpOnly;Domain=armrp-kustorpwus.kusto.windows.net
      strict-transport-security:
      - max-age=31536000; includeSubDomains
      transfer-encoding:
      - chunked
      vary:
      - Accept-Encoding,Accept-Encoding
      x-content-type-options:
      - nosniff
      x-ms-ratelimit-remaining-subscription-resource-requests:
      - '298'
      x-powered-by:
      - ASP.NET
    status:
      code: 200
      message: OK
- request:
    body: null
    headers:
      Accept:
      - application/json
      Accept-Encoding:
      - gzip, deflate
      CommandName:
      - kusto cluster delete
      Connection:
      - keep-alive
      ParameterSetName:
      - -n -g -y
      User-Agent:
      - python/3.6.8 (Windows-10-10.0.19041-SP0) msrest/0.6.18 msrest_azure/0.6.3
        azure-mgmt-kusto/0.3.0 Azure-SDK-For-Python AZURECLI/2.11.0
    method: GET
    uri: https://management.azure.com/subscriptions/00000000-0000-0000-0000-000000000000/providers/Microsoft.Kusto/locations/West%20US/operationResults/02763194-adae-4d21-b337-38f81d9c2e69?api-version=2019-01-21
  response:
    body:
      string: '{"id":"/subscriptions/00000000-0000-0000-0000-000000000000/providers/Microsoft.Kusto/locations/West
        US/operationresults/02763194-adae-4d21-b337-38f81d9c2e69","name":"02763194-adae-4d21-b337-38f81d9c2e69","status":"Running","startTime":"2020-08-27T07:13:59.3457051Z","endTime":"2020-08-27T07:14:00.0488531Z","percentComplete":0.5,"properties":{"OperationKind":"ClusterDelete","RootActivityId":"4375bedd-fe9a-4d0c-b657-31c54e0374ae","provisioningState":"Running","OperationState":"InProgress"}}'
    headers:
      cache-control:
      - no-cache
      content-length:
      - '492'
      content-type:
      - application/json; charset=utf-8
      date:
      - Thu, 27 Aug 2020 07:16:04 GMT
      expires:
      - '-1'
      pragma:
      - no-cache
      set-cookie:
      - ARRAffinity=e8106a8061bfbf1e77923f2701724267ee8611f0100fbafddc292eb815692d1e;Path=/;HttpOnly;Domain=armrp-kustorpwus.kusto.windows.net
      strict-transport-security:
      - max-age=31536000; includeSubDomains
      transfer-encoding:
      - chunked
      vary:
      - Accept-Encoding,Accept-Encoding
      x-content-type-options:
      - nosniff
      x-ms-ratelimit-remaining-subscription-resource-requests:
      - '297'
      x-powered-by:
      - ASP.NET
    status:
      code: 200
      message: OK
- request:
    body: null
    headers:
      Accept:
      - application/json
      Accept-Encoding:
      - gzip, deflate
      CommandName:
      - kusto cluster delete
      Connection:
      - keep-alive
      ParameterSetName:
      - -n -g -y
      User-Agent:
      - python/3.6.8 (Windows-10-10.0.19041-SP0) msrest/0.6.18 msrest_azure/0.6.3
        azure-mgmt-kusto/0.3.0 Azure-SDK-For-Python AZURECLI/2.11.0
    method: GET
    uri: https://management.azure.com/subscriptions/00000000-0000-0000-0000-000000000000/providers/Microsoft.Kusto/locations/West%20US/operationResults/02763194-adae-4d21-b337-38f81d9c2e69?api-version=2019-01-21
  response:
    body:
      string: '{"id":"/subscriptions/00000000-0000-0000-0000-000000000000/providers/Microsoft.Kusto/locations/West
        US/operationresults/02763194-adae-4d21-b337-38f81d9c2e69","name":"02763194-adae-4d21-b337-38f81d9c2e69","status":"Running","startTime":"2020-08-27T07:13:59.3457051Z","endTime":"2020-08-27T07:14:00.0488531Z","percentComplete":0.5,"properties":{"OperationKind":"ClusterDelete","RootActivityId":"4375bedd-fe9a-4d0c-b657-31c54e0374ae","provisioningState":"Running","OperationState":"InProgress"}}'
    headers:
      cache-control:
      - no-cache
      content-length:
      - '492'
      content-type:
      - application/json; charset=utf-8
      date:
      - Thu, 27 Aug 2020 07:16:35 GMT
      expires:
      - '-1'
      pragma:
      - no-cache
      set-cookie:
      - ARRAffinity=2ee8dbca0c17fb4b4d8c562ef791535fd57061466334fb9e50f39326ad63a5ae;Path=/;HttpOnly;Domain=armrp-kustorpwus.kusto.windows.net
      strict-transport-security:
      - max-age=31536000; includeSubDomains
      transfer-encoding:
      - chunked
      vary:
      - Accept-Encoding,Accept-Encoding
      x-content-type-options:
      - nosniff
      x-ms-ratelimit-remaining-subscription-resource-requests:
      - '297'
      x-powered-by:
      - ASP.NET
    status:
      code: 200
      message: OK
- request:
    body: null
    headers:
      Accept:
      - application/json
      Accept-Encoding:
      - gzip, deflate
      CommandName:
      - kusto cluster delete
      Connection:
      - keep-alive
      ParameterSetName:
      - -n -g -y
      User-Agent:
      - python/3.6.8 (Windows-10-10.0.19041-SP0) msrest/0.6.18 msrest_azure/0.6.3
        azure-mgmt-kusto/0.3.0 Azure-SDK-For-Python AZURECLI/2.11.0
    method: GET
    uri: https://management.azure.com/subscriptions/00000000-0000-0000-0000-000000000000/providers/Microsoft.Kusto/locations/West%20US/operationResults/02763194-adae-4d21-b337-38f81d9c2e69?api-version=2019-01-21
  response:
    body:
      string: '{"id":"/subscriptions/00000000-0000-0000-0000-000000000000/providers/Microsoft.Kusto/locations/West
        US/operationresults/02763194-adae-4d21-b337-38f81d9c2e69","name":"02763194-adae-4d21-b337-38f81d9c2e69","status":"Running","startTime":"2020-08-27T07:13:59.3457051Z","endTime":"2020-08-27T07:14:00.0488531Z","percentComplete":0.5,"properties":{"OperationKind":"ClusterDelete","RootActivityId":"4375bedd-fe9a-4d0c-b657-31c54e0374ae","provisioningState":"Running","OperationState":"InProgress"}}'
    headers:
      cache-control:
      - no-cache
      content-length:
      - '492'
      content-type:
      - application/json; charset=utf-8
      date:
      - Thu, 27 Aug 2020 07:17:07 GMT
      expires:
      - '-1'
      pragma:
      - no-cache
      set-cookie:
      - ARRAffinity=5f95b441215e165f702fc120f711409870055f2f85025e7b8416939d2670b148;Path=/;HttpOnly;Domain=armrp-kustorpwus.kusto.windows.net
      strict-transport-security:
      - max-age=31536000; includeSubDomains
      transfer-encoding:
      - chunked
      vary:
      - Accept-Encoding,Accept-Encoding
      x-content-type-options:
      - nosniff
      x-ms-ratelimit-remaining-subscription-resource-requests:
      - '297'
      x-powered-by:
      - ASP.NET
    status:
      code: 200
      message: OK
- request:
    body: null
    headers:
      Accept:
      - application/json
      Accept-Encoding:
      - gzip, deflate
      CommandName:
      - kusto cluster delete
      Connection:
      - keep-alive
      ParameterSetName:
      - -n -g -y
      User-Agent:
      - python/3.6.8 (Windows-10-10.0.19041-SP0) msrest/0.6.18 msrest_azure/0.6.3
        azure-mgmt-kusto/0.3.0 Azure-SDK-For-Python AZURECLI/2.11.0
    method: GET
    uri: https://management.azure.com/subscriptions/00000000-0000-0000-0000-000000000000/providers/Microsoft.Kusto/locations/West%20US/operationResults/02763194-adae-4d21-b337-38f81d9c2e69?api-version=2019-01-21
  response:
    body:
      string: '{"id":"/subscriptions/00000000-0000-0000-0000-000000000000/providers/Microsoft.Kusto/locations/West
        US/operationresults/02763194-adae-4d21-b337-38f81d9c2e69","name":"02763194-adae-4d21-b337-38f81d9c2e69","status":"Running","startTime":"2020-08-27T07:13:59.3457051Z","endTime":"2020-08-27T07:14:00.0488531Z","percentComplete":0.5,"properties":{"OperationKind":"ClusterDelete","RootActivityId":"4375bedd-fe9a-4d0c-b657-31c54e0374ae","provisioningState":"Running","OperationState":"InProgress"}}'
    headers:
      cache-control:
      - no-cache
      content-length:
      - '492'
      content-type:
      - application/json; charset=utf-8
      date:
      - Thu, 27 Aug 2020 07:17:39 GMT
      expires:
      - '-1'
      pragma:
      - no-cache
      set-cookie:
      - ARRAffinity=49a94ddcdeb25346ee3a2b6c760ba69b1e208509e94f78fe226be7730ca067b6;Path=/;HttpOnly;Domain=armrp-kustorpwus.kusto.windows.net
      strict-transport-security:
      - max-age=31536000; includeSubDomains
      transfer-encoding:
      - chunked
      vary:
      - Accept-Encoding,Accept-Encoding
      x-content-type-options:
      - nosniff
      x-ms-ratelimit-remaining-subscription-resource-requests:
      - '297'
      x-powered-by:
      - ASP.NET
    status:
      code: 200
      message: OK
- request:
    body: null
    headers:
      Accept:
      - application/json
      Accept-Encoding:
      - gzip, deflate
      CommandName:
      - kusto cluster delete
      Connection:
      - keep-alive
      ParameterSetName:
      - -n -g -y
      User-Agent:
      - python/3.6.8 (Windows-10-10.0.19041-SP0) msrest/0.6.18 msrest_azure/0.6.3
        azure-mgmt-kusto/0.3.0 Azure-SDK-For-Python AZURECLI/2.11.0
    method: GET
    uri: https://management.azure.com/subscriptions/00000000-0000-0000-0000-000000000000/providers/Microsoft.Kusto/locations/West%20US/operationResults/02763194-adae-4d21-b337-38f81d9c2e69?api-version=2019-01-21
  response:
    body:
      string: '{"id":"/subscriptions/00000000-0000-0000-0000-000000000000/providers/Microsoft.Kusto/locations/West
        US/operationresults/02763194-adae-4d21-b337-38f81d9c2e69","name":"02763194-adae-4d21-b337-38f81d9c2e69","status":"Running","startTime":"2020-08-27T07:13:59.3457051Z","endTime":"2020-08-27T07:14:00.0488531Z","percentComplete":0.5,"properties":{"OperationKind":"ClusterDelete","RootActivityId":"4375bedd-fe9a-4d0c-b657-31c54e0374ae","provisioningState":"Running","OperationState":"InProgress"}}'
    headers:
      cache-control:
      - no-cache
      content-length:
      - '492'
      content-type:
      - application/json; charset=utf-8
      date:
      - Thu, 27 Aug 2020 07:18:10 GMT
      expires:
      - '-1'
      pragma:
      - no-cache
      set-cookie:
      - ARRAffinity=49a94ddcdeb25346ee3a2b6c760ba69b1e208509e94f78fe226be7730ca067b6;Path=/;HttpOnly;Domain=armrp-kustorpwus.kusto.windows.net
      strict-transport-security:
      - max-age=31536000; includeSubDomains
      transfer-encoding:
      - chunked
      vary:
      - Accept-Encoding,Accept-Encoding
      x-content-type-options:
      - nosniff
      x-ms-ratelimit-remaining-subscription-resource-requests:
      - '298'
      x-powered-by:
      - ASP.NET
    status:
      code: 200
      message: OK
- request:
    body: null
    headers:
      Accept:
      - application/json
      Accept-Encoding:
      - gzip, deflate
      CommandName:
      - kusto cluster delete
      Connection:
      - keep-alive
      ParameterSetName:
      - -n -g -y
      User-Agent:
      - python/3.6.8 (Windows-10-10.0.19041-SP0) msrest/0.6.18 msrest_azure/0.6.3
        azure-mgmt-kusto/0.3.0 Azure-SDK-For-Python AZURECLI/2.11.0
    method: GET
    uri: https://management.azure.com/subscriptions/00000000-0000-0000-0000-000000000000/providers/Microsoft.Kusto/locations/West%20US/operationResults/02763194-adae-4d21-b337-38f81d9c2e69?api-version=2019-01-21
  response:
    body:
      string: '{"id":"/subscriptions/00000000-0000-0000-0000-000000000000/providers/Microsoft.Kusto/locations/West
        US/operationresults/02763194-adae-4d21-b337-38f81d9c2e69","name":"02763194-adae-4d21-b337-38f81d9c2e69","status":"Running","startTime":"2020-08-27T07:13:59.3457051Z","endTime":"2020-08-27T07:14:00.0488531Z","percentComplete":0.5,"properties":{"OperationKind":"ClusterDelete","RootActivityId":"4375bedd-fe9a-4d0c-b657-31c54e0374ae","provisioningState":"Running","OperationState":"InProgress"}}'
    headers:
      cache-control:
      - no-cache
      content-length:
      - '492'
      content-type:
      - application/json; charset=utf-8
      date:
      - Thu, 27 Aug 2020 07:18:42 GMT
      expires:
      - '-1'
      pragma:
      - no-cache
      set-cookie:
      - ARRAffinity=67658d3126ddf9428e4e2f36f09e574385ff742ffab2b8dcad942ecc1f8fdb67;Path=/;HttpOnly;Domain=armrp-kustorpwus.kusto.windows.net
      strict-transport-security:
      - max-age=31536000; includeSubDomains
      transfer-encoding:
      - chunked
      vary:
      - Accept-Encoding,Accept-Encoding
      x-content-type-options:
      - nosniff
      x-ms-ratelimit-remaining-subscription-resource-requests:
      - '298'
      x-powered-by:
      - ASP.NET
    status:
      code: 200
      message: OK
- request:
    body: null
    headers:
      Accept:
      - application/json
      Accept-Encoding:
      - gzip, deflate
      CommandName:
      - kusto cluster delete
      Connection:
      - keep-alive
      ParameterSetName:
      - -n -g -y
      User-Agent:
      - python/3.6.8 (Windows-10-10.0.19041-SP0) msrest/0.6.18 msrest_azure/0.6.3
        azure-mgmt-kusto/0.3.0 Azure-SDK-For-Python AZURECLI/2.11.0
    method: GET
    uri: https://management.azure.com/subscriptions/00000000-0000-0000-0000-000000000000/providers/Microsoft.Kusto/locations/West%20US/operationResults/02763194-adae-4d21-b337-38f81d9c2e69?api-version=2019-01-21
  response:
    body:
      string: '{"id":"/subscriptions/00000000-0000-0000-0000-000000000000/providers/Microsoft.Kusto/locations/West
        US/operationresults/02763194-adae-4d21-b337-38f81d9c2e69","name":"02763194-adae-4d21-b337-38f81d9c2e69","status":"Running","startTime":"2020-08-27T07:13:59.3457051Z","endTime":"2020-08-27T07:14:00.0488531Z","percentComplete":0.5,"properties":{"OperationKind":"ClusterDelete","RootActivityId":"4375bedd-fe9a-4d0c-b657-31c54e0374ae","provisioningState":"Running","OperationState":"InProgress"}}'
    headers:
      cache-control:
      - no-cache
      content-length:
      - '492'
      content-type:
      - application/json; charset=utf-8
      date:
      - Thu, 27 Aug 2020 07:19:13 GMT
      expires:
      - '-1'
      pragma:
      - no-cache
      set-cookie:
      - ARRAffinity=49a94ddcdeb25346ee3a2b6c760ba69b1e208509e94f78fe226be7730ca067b6;Path=/;HttpOnly;Domain=armrp-kustorpwus.kusto.windows.net
      strict-transport-security:
      - max-age=31536000; includeSubDomains
      transfer-encoding:
      - chunked
      vary:
      - Accept-Encoding,Accept-Encoding
      x-content-type-options:
      - nosniff
      x-ms-ratelimit-remaining-subscription-resource-requests:
      - '298'
      x-powered-by:
      - ASP.NET
    status:
      code: 200
      message: OK
- request:
    body: null
    headers:
      Accept:
      - application/json
      Accept-Encoding:
      - gzip, deflate
      CommandName:
      - kusto cluster delete
      Connection:
      - keep-alive
      ParameterSetName:
      - -n -g -y
      User-Agent:
      - python/3.6.8 (Windows-10-10.0.19041-SP0) msrest/0.6.18 msrest_azure/0.6.3
        azure-mgmt-kusto/0.3.0 Azure-SDK-For-Python AZURECLI/2.11.0
    method: GET
    uri: https://management.azure.com/subscriptions/00000000-0000-0000-0000-000000000000/providers/Microsoft.Kusto/locations/West%20US/operationResults/02763194-adae-4d21-b337-38f81d9c2e69?api-version=2019-01-21
  response:
    body:
      string: '{"id":"/subscriptions/00000000-0000-0000-0000-000000000000/providers/Microsoft.Kusto/locations/West
        US/operationresults/02763194-adae-4d21-b337-38f81d9c2e69","name":"02763194-adae-4d21-b337-38f81d9c2e69","status":"Running","startTime":"2020-08-27T07:13:59.3457051Z","endTime":"2020-08-27T07:14:00.0488531Z","percentComplete":0.5,"properties":{"OperationKind":"ClusterDelete","RootActivityId":"4375bedd-fe9a-4d0c-b657-31c54e0374ae","provisioningState":"Running","OperationState":"InProgress"}}'
    headers:
      cache-control:
      - no-cache
      content-length:
      - '492'
      content-type:
      - application/json; charset=utf-8
      date:
      - Thu, 27 Aug 2020 07:19:45 GMT
      expires:
      - '-1'
      pragma:
      - no-cache
      set-cookie:
      - ARRAffinity=ed661ee8aa44d985bdf95aa0afc7e14d1e21b37a09dbfc32730819e4101ffbb2;Path=/;HttpOnly;Domain=armrp-kustorpwus.kusto.windows.net
      strict-transport-security:
      - max-age=31536000; includeSubDomains
      transfer-encoding:
      - chunked
      vary:
      - Accept-Encoding,Accept-Encoding
      x-content-type-options:
      - nosniff
      x-ms-ratelimit-remaining-subscription-resource-requests:
      - '297'
      x-powered-by:
      - ASP.NET
    status:
      code: 200
      message: OK
- request:
    body: null
    headers:
      Accept:
      - application/json
      Accept-Encoding:
      - gzip, deflate
      CommandName:
      - kusto cluster delete
      Connection:
      - keep-alive
      ParameterSetName:
      - -n -g -y
      User-Agent:
      - python/3.6.8 (Windows-10-10.0.19041-SP0) msrest/0.6.18 msrest_azure/0.6.3
        azure-mgmt-kusto/0.3.0 Azure-SDK-For-Python AZURECLI/2.11.0
    method: GET
    uri: https://management.azure.com/subscriptions/00000000-0000-0000-0000-000000000000/providers/Microsoft.Kusto/locations/West%20US/operationResults/02763194-adae-4d21-b337-38f81d9c2e69?api-version=2019-01-21
  response:
    body:
      string: '{"id":"/subscriptions/00000000-0000-0000-0000-000000000000/providers/Microsoft.Kusto/locations/West
        US/operationresults/02763194-adae-4d21-b337-38f81d9c2e69","name":"02763194-adae-4d21-b337-38f81d9c2e69","status":"Succeeded","startTime":"2020-08-27T07:13:59.3457051Z","endTime":"2020-08-27T07:19:54.2059804Z","percentComplete":1.0,"properties":{"OperationKind":"ClusterDelete","RootActivityId":"4375bedd-fe9a-4d0c-b657-31c54e0374ae","provisioningState":"Succeeded","OperationState":"Completed"}}'
    headers:
      cache-control:
      - no-cache
      content-length:
      - '495'
      content-type:
      - application/json; charset=utf-8
      date:
      - Thu, 27 Aug 2020 07:20:16 GMT
      expires:
      - '-1'
      pragma:
      - no-cache
      set-cookie:
      - ARRAffinity=5f95b441215e165f702fc120f711409870055f2f85025e7b8416939d2670b148;Path=/;HttpOnly;Domain=armrp-kustorpwus.kusto.windows.net
      strict-transport-security:
      - max-age=31536000; includeSubDomains
      transfer-encoding:
      - chunked
      vary:
      - Accept-Encoding,Accept-Encoding
      x-content-type-options:
      - nosniff
      x-ms-ratelimit-remaining-subscription-resource-requests:
      - '298'
      x-powered-by:
      - ASP.NET
    status:
      code: 200
      message: OK
version: 1
