interactions:
- request:
    body: null
    headers:
      Accept:
      - application/json
      Accept-Encoding:
      - gzip, deflate
      CommandName:
      - mysql flexible-server update
      Connection:
      - keep-alive
      ParameterSetName:
      - -g -n --tier --sku-name
      User-Agent:
      - AZURECLI/2.20.0 azsdk-python-mgmt-rdbms/unknown Python/3.7.7 (Windows-10-10.0.19041-SP0)
    method: GET
    uri: https://management.azure.com/subscriptions/00000000-0000-0000-0000-000000000000/resourceGroups/clitest.rg000001/providers/Microsoft.DBForMySql/flexibleServers/azuredbclitest-1000002?api-version=2020-07-01-preview
  response:
    body:
      string: '{"sku":{"name":"Standard_B1ms","tier":"Burstable"},"properties":{"administratorLogin":"obviousPeacock6","storageProfile":{"storageMB":204800,"storageIops":600,"backupRetentionDays":7,"storageAutogrow":"Disabled","fileStorageSkuName":"Premium_LRS"},"version":"5.7","state":"Ready","haState":"NotEnabled","fullyQualifiedDomainName":"azuredbclitest-1000002.mysql.database.azure.com","sourceServerId":"","publicNetworkAccess":"Enabled","sslEnforcement":"Disabled","haEnabled":"Disabled","earliestRestoreDate":"2021-03-19T01:00:05.7887101+00:00","maintenanceWindow":{"customWindow":"Disabled","dayOfWeek":0,"startHour":0,"startMinute":0},"replicationRole":"None","replicaCapacity":10,"byokEnforcement":"Disabled"},"location":"East
        US 2 EUAP","id":"/subscriptions/00000000-0000-0000-0000-000000000000/resourceGroups/clitest.rg000001/providers/Microsoft.DBforMySQL/flexibleServers/azuredbclitest-1000002","name":"azuredbclitest-1000002","type":"Microsoft.DBforMySQL/flexibleServers"}'
    headers:
      cache-control:
      - no-cache
      content-length:
      - '1054'
      content-type:
      - application/json; charset=utf-8
      date:
      - Fri, 19 Mar 2021 01:27:52 GMT
      expires:
      - '-1'
      pragma:
      - no-cache
      server:
      - Microsoft-HTTPAPI/2.0
      strict-transport-security:
      - max-age=31536000; includeSubDomains
      transfer-encoding:
      - chunked
      vary:
      - Accept-Encoding
      x-content-type-options:
      - nosniff
    status:
      code: 200
      message: OK
- request:
    body: null
    headers:
      Accept:
      - application/json
      Accept-Encoding:
      - gzip, deflate
      CommandName:
      - mysql flexible-server update
      Connection:
      - keep-alive
      ParameterSetName:
      - -g -n --tier --sku-name
      User-Agent:
      - AZURECLI/2.20.0 azsdk-python-mgmt-rdbms/unknown Python/3.7.7 (Windows-10-10.0.19041-SP0)
    method: GET
    uri: https://management.azure.com/subscriptions/00000000-0000-0000-0000-000000000000/providers/Microsoft.DBForMySql/locations/eastus2euap/capabilities?api-version=2020-07-01-preview
  response:
    body:
      string: '{"value":[{"zone":"none","supportedFlexibleServerEditions":[{"name":"Burstable","supportedStorageEditions":[{"name":"PremiumFileShare","minStorageSize":{"name":"5120","storageSizeMB":5120},"maxStorageSize":{"name":"16777216","storageSizeMB":16777216},"minBackupRetentionDays":7,"maxBackupRetentionDays":35,"status":"Default"}],"supportedServerVersions":[{"name":"5.7","supportedVcores":[{"name":"Standard_B1s","vCores":1,"supportedIops":320,"supportedMemoryPerVcoreMB":1024,"status":"Available"},{"name":"Standard_B1ms","vCores":1,"supportedIops":640,"supportedMemoryPerVcoreMB":2048,"status":"Available"},{"name":"Standard_B2s","vCores":2,"supportedIops":1280,"supportedMemoryPerVcoreMB":2048,"status":"Available"}],"status":"Available"},{"name":"8.0.21","supportedVcores":[{"name":"Standard_B1s","vCores":1,"supportedIops":320,"supportedMemoryPerVcoreMB":1024,"status":"Available"},{"name":"Standard_B1ms","vCores":1,"supportedIops":640,"supportedMemoryPerVcoreMB":2048,"status":"Available"},{"name":"Standard_B2s","vCores":2,"supportedIops":1280,"supportedMemoryPerVcoreMB":2048,"status":"Available"}],"status":"Available"}],"status":"Available"},{"name":"GeneralPurpose","supportedStorageEditions":[{"name":"PremiumFileShare","minStorageSize":{"name":"5120","storageSizeMB":5120},"maxStorageSize":{"name":"16777216","storageSizeMB":16777216},"minBackupRetentionDays":7,"maxBackupRetentionDays":35,"status":"Default"}],"supportedServerVersions":[{"name":"5.7","supportedVcores":[{"name":"Standard_D2s_v3","vCores":2,"supportedIops":3200,"supportedMemoryPerVcoreMB":4096,"status":"Default"},{"name":"Standard_D4s_v3","vCores":4,"supportedIops":6400,"supportedMemoryPerVcoreMB":4096,"status":"Available"},{"name":"Standard_D8s_v3","vCores":8,"supportedIops":12800,"supportedMemoryPerVcoreMB":4096,"status":"Available"},{"name":"Standard_D16s_v3","vCores":16,"supportedIops":20000,"supportedMemoryPerVcoreMB":4096,"status":"Available"},{"name":"Standard_D32s_v3","vCores":32,"supportedIops":20000,"supportedMemoryPerVcoreMB":4096,"status":"Available"},{"name":"Standard_D48s_v3","vCores":48,"supportedIops":20000,"supportedMemoryPerVcoreMB":4096,"status":"Available"},{"name":"Standard_D64s_v3","vCores":64,"supportedIops":20000,"supportedMemoryPerVcoreMB":4096,"status":"Available"}],"status":"Default"},{"name":"8.0.21","supportedVcores":[{"name":"Standard_D2s_v3","vCores":2,"supportedIops":3200,"supportedMemoryPerVcoreMB":4096,"status":"Available"},{"name":"Standard_D4s_v3","vCores":4,"supportedIops":6400,"supportedMemoryPerVcoreMB":4096,"status":"Available"},{"name":"Standard_D8s_v3","vCores":8,"supportedIops":12800,"supportedMemoryPerVcoreMB":4096,"status":"Available"},{"name":"Standard_D16s_v3","vCores":16,"supportedIops":20000,"supportedMemoryPerVcoreMB":4096,"status":"Available"},{"name":"Standard_D32s_v3","vCores":32,"supportedIops":20000,"supportedMemoryPerVcoreMB":4096,"status":"Available"},{"name":"Standard_D48s_v3","vCores":48,"supportedIops":20000,"supportedMemoryPerVcoreMB":4096,"status":"Available"},{"name":"Standard_D64s_v3","vCores":64,"supportedIops":20000,"supportedMemoryPerVcoreMB":4096,"status":"Available"}],"status":"Available"}],"status":"Default"},{"name":"MemoryOptimized","supportedStorageEditions":[{"name":"PremiumFileShare","minStorageSize":{"name":"5120","storageSizeMB":5120},"maxStorageSize":{"name":"16777216","storageSizeMB":16777216},"minBackupRetentionDays":7,"maxBackupRetentionDays":35,"status":"Default"}],"supportedServerVersions":[{"name":"5.7","supportedVcores":[{"name":"Standard_E2s_v3","vCores":2,"supportedIops":3200,"supportedMemoryPerVcoreMB":8192,"status":"Available"},{"name":"Standard_E4s_v3","vCores":4,"supportedIops":6400,"supportedMemoryPerVcoreMB":8192,"status":"Available"},{"name":"Standard_E8s_v3","vCores":8,"supportedIops":12800,"supportedMemoryPerVcoreMB":8192,"status":"Available"},{"name":"Standard_E16s_v3","vCores":16,"supportedIops":20000,"supportedMemoryPerVcoreMB":8192,"status":"Available"},{"name":"Standard_E32s_v3","vCores":32,"supportedIops":20000,"supportedMemoryPerVcoreMB":8192,"status":"Available"},{"name":"Standard_E48s_v3","vCores":48,"supportedIops":20000,"supportedMemoryPerVcoreMB":8192,"status":"Available"},{"name":"Standard_E64s_v3","vCores":64,"supportedIops":20000,"supportedMemoryPerVcoreMB":8192,"status":"Available"}],"status":"Available"},{"name":"8.0.21","supportedVcores":[{"name":"Standard_E2s_v3","vCores":2,"supportedIops":3200,"supportedMemoryPerVcoreMB":8192,"status":"Available"},{"name":"Standard_E4s_v3","vCores":4,"supportedIops":6400,"supportedMemoryPerVcoreMB":8192,"status":"Available"},{"name":"Standard_E8s_v3","vCores":8,"supportedIops":12800,"supportedMemoryPerVcoreMB":8192,"status":"Available"},{"name":"Standard_E16s_v3","vCores":16,"supportedIops":20000,"supportedMemoryPerVcoreMB":8192,"status":"Available"},{"name":"Standard_E32s_v3","vCores":32,"supportedIops":20000,"supportedMemoryPerVcoreMB":8192,"status":"Available"},{"name":"Standard_E48s_v3","vCores":48,"supportedIops":20000,"supportedMemoryPerVcoreMB":8192,"status":"Available"},{"name":"Standard_E64s_v3","vCores":64,"supportedIops":20000,"supportedMemoryPerVcoreMB":8192,"status":"Available"}],"status":"Available"}],"status":"Available"}],"status":"Default"},{"zone":"1","supportedFlexibleServerEditions":[{"name":"Burstable","supportedStorageEditions":[{"name":"PremiumFileShare","minStorageSize":{"name":"5120","storageSizeMB":5120},"maxStorageSize":{"name":"16777216","storageSizeMB":16777216},"minBackupRetentionDays":7,"maxBackupRetentionDays":35,"status":"Default"}],"supportedServerVersions":[{"name":"5.7","supportedVcores":[{"name":"Standard_B1s","vCores":1,"supportedIops":320,"supportedMemoryPerVcoreMB":1024,"status":"Available"},{"name":"Standard_B1ms","vCores":1,"supportedIops":640,"supportedMemoryPerVcoreMB":2048,"status":"Available"},{"name":"Standard_B2s","vCores":2,"supportedIops":1280,"supportedMemoryPerVcoreMB":2048,"status":"Available"}],"status":"Available"},{"name":"8.0.21","supportedVcores":[{"name":"Standard_B1s","vCores":1,"supportedIops":320,"supportedMemoryPerVcoreMB":1024,"status":"Available"},{"name":"Standard_B1ms","vCores":1,"supportedIops":640,"supportedMemoryPerVcoreMB":2048,"status":"Available"},{"name":"Standard_B2s","vCores":2,"supportedIops":1280,"supportedMemoryPerVcoreMB":2048,"status":"Available"}],"status":"Available"}],"status":"Available"},{"name":"GeneralPurpose","supportedStorageEditions":[{"name":"PremiumFileShare","minStorageSize":{"name":"5120","storageSizeMB":5120},"maxStorageSize":{"name":"16777216","storageSizeMB":16777216},"minBackupRetentionDays":7,"maxBackupRetentionDays":35,"status":"Default"}],"supportedServerVersions":[{"name":"5.7","supportedVcores":[{"name":"Standard_D2s_v3","vCores":2,"supportedIops":3200,"supportedMemoryPerVcoreMB":4096,"status":"Default"},{"name":"Standard_D4s_v3","vCores":4,"supportedIops":6400,"supportedMemoryPerVcoreMB":4096,"status":"Available"},{"name":"Standard_D8s_v3","vCores":8,"supportedIops":12800,"supportedMemoryPerVcoreMB":4096,"status":"Available"},{"name":"Standard_D16s_v3","vCores":16,"supportedIops":20000,"supportedMemoryPerVcoreMB":4096,"status":"Available"},{"name":"Standard_D32s_v3","vCores":32,"supportedIops":20000,"supportedMemoryPerVcoreMB":4096,"status":"Available"},{"name":"Standard_D48s_v3","vCores":48,"supportedIops":20000,"supportedMemoryPerVcoreMB":4096,"status":"Available"},{"name":"Standard_D64s_v3","vCores":64,"supportedIops":20000,"supportedMemoryPerVcoreMB":4096,"status":"Available"}],"status":"Default"},{"name":"8.0.21","supportedVcores":[{"name":"Standard_D2s_v3","vCores":2,"supportedIops":3200,"supportedMemoryPerVcoreMB":4096,"status":"Available"},{"name":"Standard_D4s_v3","vCores":4,"supportedIops":6400,"supportedMemoryPerVcoreMB":4096,"status":"Available"},{"name":"Standard_D8s_v3","vCores":8,"supportedIops":12800,"supportedMemoryPerVcoreMB":4096,"status":"Available"},{"name":"Standard_D16s_v3","vCores":16,"supportedIops":20000,"supportedMemoryPerVcoreMB":4096,"status":"Available"},{"name":"Standard_D32s_v3","vCores":32,"supportedIops":20000,"supportedMemoryPerVcoreMB":4096,"status":"Available"},{"name":"Standard_D48s_v3","vCores":48,"supportedIops":20000,"supportedMemoryPerVcoreMB":4096,"status":"Available"},{"name":"Standard_D64s_v3","vCores":64,"supportedIops":20000,"supportedMemoryPerVcoreMB":4096,"status":"Available"}],"status":"Available"}],"status":"Default"},{"name":"MemoryOptimized","supportedStorageEditions":[{"name":"PremiumFileShare","minStorageSize":{"name":"5120","storageSizeMB":5120},"maxStorageSize":{"name":"16777216","storageSizeMB":16777216},"minBackupRetentionDays":7,"maxBackupRetentionDays":35,"status":"Default"}],"supportedServerVersions":[{"name":"5.7","supportedVcores":[{"name":"Standard_E2s_v3","vCores":2,"supportedIops":3200,"supportedMemoryPerVcoreMB":8192,"status":"Available"},{"name":"Standard_E4s_v3","vCores":4,"supportedIops":6400,"supportedMemoryPerVcoreMB":8192,"status":"Available"},{"name":"Standard_E8s_v3","vCores":8,"supportedIops":12800,"supportedMemoryPerVcoreMB":8192,"status":"Available"},{"name":"Standard_E16s_v3","vCores":16,"supportedIops":20000,"supportedMemoryPerVcoreMB":8192,"status":"Available"},{"name":"Standard_E32s_v3","vCores":32,"supportedIops":20000,"supportedMemoryPerVcoreMB":8192,"status":"Available"},{"name":"Standard_E48s_v3","vCores":48,"supportedIops":20000,"supportedMemoryPerVcoreMB":8192,"status":"Available"},{"name":"Standard_E64s_v3","vCores":64,"supportedIops":20000,"supportedMemoryPerVcoreMB":8192,"status":"Available"}],"status":"Available"},{"name":"8.0.21","supportedVcores":[{"name":"Standard_E2s_v3","vCores":2,"supportedIops":3200,"supportedMemoryPerVcoreMB":8192,"status":"Available"},{"name":"Standard_E4s_v3","vCores":4,"supportedIops":6400,"supportedMemoryPerVcoreMB":8192,"status":"Available"},{"name":"Standard_E8s_v3","vCores":8,"supportedIops":12800,"supportedMemoryPerVcoreMB":8192,"status":"Available"},{"name":"Standard_E16s_v3","vCores":16,"supportedIops":20000,"supportedMemoryPerVcoreMB":8192,"status":"Available"},{"name":"Standard_E32s_v3","vCores":32,"supportedIops":20000,"supportedMemoryPerVcoreMB":8192,"status":"Available"},{"name":"Standard_E48s_v3","vCores":48,"supportedIops":20000,"supportedMemoryPerVcoreMB":8192,"status":"Available"},{"name":"Standard_E64s_v3","vCores":64,"supportedIops":20000,"supportedMemoryPerVcoreMB":8192,"status":"Available"}],"status":"Available"}],"status":"Available"}],"status":"Available"},{"zone":"2","supportedFlexibleServerEditions":[{"name":"Burstable","supportedStorageEditions":[{"name":"PremiumFileShare","minStorageSize":{"name":"5120","storageSizeMB":5120},"maxStorageSize":{"name":"16777216","storageSizeMB":16777216},"minBackupRetentionDays":7,"maxBackupRetentionDays":35,"status":"Default"}],"supportedServerVersions":[{"name":"5.7","supportedVcores":[{"name":"Standard_B1s","vCores":1,"supportedIops":320,"supportedMemoryPerVcoreMB":1024,"status":"Available"},{"name":"Standard_B1ms","vCores":1,"supportedIops":640,"supportedMemoryPerVcoreMB":2048,"status":"Available"},{"name":"Standard_B2s","vCores":2,"supportedIops":1280,"supportedMemoryPerVcoreMB":2048,"status":"Available"}],"status":"Available"},{"name":"8.0.21","supportedVcores":[{"name":"Standard_B1s","vCores":1,"supportedIops":320,"supportedMemoryPerVcoreMB":1024,"status":"Available"},{"name":"Standard_B1ms","vCores":1,"supportedIops":640,"supportedMemoryPerVcoreMB":2048,"status":"Available"},{"name":"Standard_B2s","vCores":2,"supportedIops":1280,"supportedMemoryPerVcoreMB":2048,"status":"Available"}],"status":"Available"}],"status":"Available"},{"name":"GeneralPurpose","supportedStorageEditions":[{"name":"PremiumFileShare","minStorageSize":{"name":"5120","storageSizeMB":5120},"maxStorageSize":{"name":"16777216","storageSizeMB":16777216},"minBackupRetentionDays":7,"maxBackupRetentionDays":35,"status":"Default"}],"supportedServerVersions":[{"name":"5.7","supportedVcores":[{"name":"Standard_D2s_v3","vCores":2,"supportedIops":3200,"supportedMemoryPerVcoreMB":4096,"status":"Default"},{"name":"Standard_D4s_v3","vCores":4,"supportedIops":6400,"supportedMemoryPerVcoreMB":4096,"status":"Available"},{"name":"Standard_D8s_v3","vCores":8,"supportedIops":12800,"supportedMemoryPerVcoreMB":4096,"status":"Available"},{"name":"Standard_D16s_v3","vCores":16,"supportedIops":20000,"supportedMemoryPerVcoreMB":4096,"status":"Available"},{"name":"Standard_D32s_v3","vCores":32,"supportedIops":20000,"supportedMemoryPerVcoreMB":4096,"status":"Available"},{"name":"Standard_D48s_v3","vCores":48,"supportedIops":20000,"supportedMemoryPerVcoreMB":4096,"status":"Available"},{"name":"Standard_D64s_v3","vCores":64,"supportedIops":20000,"supportedMemoryPerVcoreMB":4096,"status":"Available"}],"status":"Default"},{"name":"8.0.21","supportedVcores":[{"name":"Standard_D2s_v3","vCores":2,"supportedIops":3200,"supportedMemoryPerVcoreMB":4096,"status":"Available"},{"name":"Standard_D4s_v3","vCores":4,"supportedIops":6400,"supportedMemoryPerVcoreMB":4096,"status":"Available"},{"name":"Standard_D8s_v3","vCores":8,"supportedIops":12800,"supportedMemoryPerVcoreMB":4096,"status":"Available"},{"name":"Standard_D16s_v3","vCores":16,"supportedIops":20000,"supportedMemoryPerVcoreMB":4096,"status":"Available"},{"name":"Standard_D32s_v3","vCores":32,"supportedIops":20000,"supportedMemoryPerVcoreMB":4096,"status":"Available"},{"name":"Standard_D48s_v3","vCores":48,"supportedIops":20000,"supportedMemoryPerVcoreMB":4096,"status":"Available"},{"name":"Standard_D64s_v3","vCores":64,"supportedIops":20000,"supportedMemoryPerVcoreMB":4096,"status":"Available"}],"status":"Available"}],"status":"Default"},{"name":"MemoryOptimized","supportedStorageEditions":[{"name":"PremiumFileShare","minStorageSize":{"name":"5120","storageSizeMB":5120},"maxStorageSize":{"name":"16777216","storageSizeMB":16777216},"minBackupRetentionDays":7,"maxBackupRetentionDays":35,"status":"Default"}],"supportedServerVersions":[{"name":"5.7","supportedVcores":[{"name":"Standard_E2s_v3","vCores":2,"supportedIops":3200,"supportedMemoryPerVcoreMB":8192,"status":"Available"},{"name":"Standard_E4s_v3","vCores":4,"supportedIops":6400,"supportedMemoryPerVcoreMB":8192,"status":"Available"},{"name":"Standard_E8s_v3","vCores":8,"supportedIops":12800,"supportedMemoryPerVcoreMB":8192,"status":"Available"},{"name":"Standard_E16s_v3","vCores":16,"supportedIops":20000,"supportedMemoryPerVcoreMB":8192,"status":"Available"},{"name":"Standard_E32s_v3","vCores":32,"supportedIops":20000,"supportedMemoryPerVcoreMB":8192,"status":"Available"},{"name":"Standard_E48s_v3","vCores":48,"supportedIops":20000,"supportedMemoryPerVcoreMB":8192,"status":"Available"},{"name":"Standard_E64s_v3","vCores":64,"supportedIops":20000,"supportedMemoryPerVcoreMB":8192,"status":"Available"}],"status":"Available"},{"name":"8.0.21","supportedVcores":[{"name":"Standard_E2s_v3","vCores":2,"supportedIops":3200,"supportedMemoryPerVcoreMB":8192,"status":"Available"},{"name":"Standard_E4s_v3","vCores":4,"supportedIops":6400,"supportedMemoryPerVcoreMB":8192,"status":"Available"},{"name":"Standard_E8s_v3","vCores":8,"supportedIops":12800,"supportedMemoryPerVcoreMB":8192,"status":"Available"},{"name":"Standard_E16s_v3","vCores":16,"supportedIops":20000,"supportedMemoryPerVcoreMB":8192,"status":"Available"},{"name":"Standard_E32s_v3","vCores":32,"supportedIops":20000,"supportedMemoryPerVcoreMB":8192,"status":"Available"},{"name":"Standard_E48s_v3","vCores":48,"supportedIops":20000,"supportedMemoryPerVcoreMB":8192,"status":"Available"},{"name":"Standard_E64s_v3","vCores":64,"supportedIops":20000,"supportedMemoryPerVcoreMB":8192,"status":"Available"}],"status":"Available"}],"status":"Available"}],"status":"Available"},{"zone":"3","supportedFlexibleServerEditions":[{"name":"Burstable","supportedStorageEditions":[{"name":"PremiumFileShare","minStorageSize":{"name":"5120","storageSizeMB":5120},"maxStorageSize":{"name":"16777216","storageSizeMB":16777216},"minBackupRetentionDays":7,"maxBackupRetentionDays":35,"status":"Default"}],"supportedServerVersions":[{"name":"5.7","supportedVcores":[{"name":"Standard_B1s","vCores":1,"supportedIops":320,"supportedMemoryPerVcoreMB":1024,"status":"Available"},{"name":"Standard_B1ms","vCores":1,"supportedIops":640,"supportedMemoryPerVcoreMB":2048,"status":"Available"},{"name":"Standard_B2s","vCores":2,"supportedIops":1280,"supportedMemoryPerVcoreMB":2048,"status":"Available"}],"status":"Available"},{"name":"8.0.21","supportedVcores":[{"name":"Standard_B1s","vCores":1,"supportedIops":320,"supportedMemoryPerVcoreMB":1024,"status":"Available"},{"name":"Standard_B1ms","vCores":1,"supportedIops":640,"supportedMemoryPerVcoreMB":2048,"status":"Available"},{"name":"Standard_B2s","vCores":2,"supportedIops":1280,"supportedMemoryPerVcoreMB":2048,"status":"Available"}],"status":"Available"}],"status":"Available"},{"name":"GeneralPurpose","supportedStorageEditions":[{"name":"PremiumFileShare","minStorageSize":{"name":"5120","storageSizeMB":5120},"maxStorageSize":{"name":"16777216","storageSizeMB":16777216},"minBackupRetentionDays":7,"maxBackupRetentionDays":35,"status":"Default"}],"supportedServerVersions":[{"name":"5.7","supportedVcores":[{"name":"Standard_D2s_v3","vCores":2,"supportedIops":3200,"supportedMemoryPerVcoreMB":4096,"status":"Default"},{"name":"Standard_D4s_v3","vCores":4,"supportedIops":6400,"supportedMemoryPerVcoreMB":4096,"status":"Available"},{"name":"Standard_D8s_v3","vCores":8,"supportedIops":12800,"supportedMemoryPerVcoreMB":4096,"status":"Available"},{"name":"Standard_D16s_v3","vCores":16,"supportedIops":20000,"supportedMemoryPerVcoreMB":4096,"status":"Available"},{"name":"Standard_D32s_v3","vCores":32,"supportedIops":20000,"supportedMemoryPerVcoreMB":4096,"status":"Available"},{"name":"Standard_D48s_v3","vCores":48,"supportedIops":20000,"supportedMemoryPerVcoreMB":4096,"status":"Available"},{"name":"Standard_D64s_v3","vCores":64,"supportedIops":20000,"supportedMemoryPerVcoreMB":4096,"status":"Available"}],"status":"Default"},{"name":"8.0.21","supportedVcores":[{"name":"Standard_D2s_v3","vCores":2,"supportedIops":3200,"supportedMemoryPerVcoreMB":4096,"status":"Available"},{"name":"Standard_D4s_v3","vCores":4,"supportedIops":6400,"supportedMemoryPerVcoreMB":4096,"status":"Available"},{"name":"Standard_D8s_v3","vCores":8,"supportedIops":12800,"supportedMemoryPerVcoreMB":4096,"status":"Available"},{"name":"Standard_D16s_v3","vCores":16,"supportedIops":20000,"supportedMemoryPerVcoreMB":4096,"status":"Available"},{"name":"Standard_D32s_v3","vCores":32,"supportedIops":20000,"supportedMemoryPerVcoreMB":4096,"status":"Available"},{"name":"Standard_D48s_v3","vCores":48,"supportedIops":20000,"supportedMemoryPerVcoreMB":4096,"status":"Available"},{"name":"Standard_D64s_v3","vCores":64,"supportedIops":20000,"supportedMemoryPerVcoreMB":4096,"status":"Available"}],"status":"Available"}],"status":"Default"},{"name":"MemoryOptimized","supportedStorageEditions":[{"name":"PremiumFileShare","minStorageSize":{"name":"5120","storageSizeMB":5120},"maxStorageSize":{"name":"16777216","storageSizeMB":16777216},"minBackupRetentionDays":7,"maxBackupRetentionDays":35,"status":"Default"}],"supportedServerVersions":[{"name":"5.7","supportedVcores":[{"name":"Standard_E2s_v3","vCores":2,"supportedIops":3200,"supportedMemoryPerVcoreMB":8192,"status":"Available"},{"name":"Standard_E4s_v3","vCores":4,"supportedIops":6400,"supportedMemoryPerVcoreMB":8192,"status":"Available"},{"name":"Standard_E8s_v3","vCores":8,"supportedIops":12800,"supportedMemoryPerVcoreMB":8192,"status":"Available"},{"name":"Standard_E16s_v3","vCores":16,"supportedIops":20000,"supportedMemoryPerVcoreMB":8192,"status":"Available"},{"name":"Standard_E32s_v3","vCores":32,"supportedIops":20000,"supportedMemoryPerVcoreMB":8192,"status":"Available"},{"name":"Standard_E48s_v3","vCores":48,"supportedIops":20000,"supportedMemoryPerVcoreMB":8192,"status":"Available"},{"name":"Standard_E64s_v3","vCores":64,"supportedIops":20000,"supportedMemoryPerVcoreMB":8192,"status":"Available"}],"status":"Available"},{"name":"8.0.21","supportedVcores":[{"name":"Standard_E2s_v3","vCores":2,"supportedIops":3200,"supportedMemoryPerVcoreMB":8192,"status":"Available"},{"name":"Standard_E4s_v3","vCores":4,"supportedIops":6400,"supportedMemoryPerVcoreMB":8192,"status":"Available"},{"name":"Standard_E8s_v3","vCores":8,"supportedIops":12800,"supportedMemoryPerVcoreMB":8192,"status":"Available"},{"name":"Standard_E16s_v3","vCores":16,"supportedIops":20000,"supportedMemoryPerVcoreMB":8192,"status":"Available"},{"name":"Standard_E32s_v3","vCores":32,"supportedIops":20000,"supportedMemoryPerVcoreMB":8192,"status":"Available"},{"name":"Standard_E48s_v3","vCores":48,"supportedIops":20000,"supportedMemoryPerVcoreMB":8192,"status":"Available"},{"name":"Standard_E64s_v3","vCores":64,"supportedIops":20000,"supportedMemoryPerVcoreMB":8192,"status":"Available"}],"status":"Available"}],"status":"Available"}],"status":"Available"}]}'
    headers:
      cache-control:
      - no-cache
      content-length:
      - '20992'
      content-type:
      - application/json; charset=utf-8
      date:
      - Fri, 19 Mar 2021 01:27:53 GMT
      expires:
      - '-1'
      pragma:
      - no-cache
      server:
      - Microsoft-HTTPAPI/2.0
      strict-transport-security:
      - max-age=31536000; includeSubDomains
      transfer-encoding:
      - chunked
      vary:
      - Accept-Encoding
      x-content-type-options:
      - nosniff
    status:
      code: 200
      message: OK
- request:
    body: '{"sku": {"name": "Standard_B1s", "tier": "Burstable"}, "properties": {"storageProfile":
      {"backupRetentionDays": 7, "storageMB": 204800, "storageIops": 320, "storageAutogrow":
      "Disabled"}}}'
    headers:
      Accept:
      - application/json
      Accept-Encoding:
      - gzip, deflate
      CommandName:
      - mysql flexible-server update
      Connection:
      - keep-alive
      Content-Length:
      - '188'
      Content-Type:
      - application/json
      ParameterSetName:
      - -g -n --tier --sku-name
      User-Agent:
      - AZURECLI/2.20.0 azsdk-python-mgmt-rdbms/unknown Python/3.7.7 (Windows-10-10.0.19041-SP0)
    method: PATCH
    uri: https://management.azure.com/subscriptions/00000000-0000-0000-0000-000000000000/resourceGroups/clitest.rg000001/providers/Microsoft.DBForMySql/flexibleServers/azuredbclitest-1000002?api-version=2020-07-01-preview
  response:
    body:
      string: '{"operation":"UpsertServerManagementOperationV2","startTime":"2021-03-19T01:27:55.02Z"}'
    headers:
      azure-asyncoperation:
      - https://management.azure.com/subscriptions/00000000-0000-0000-0000-000000000000/providers/Microsoft.DBforMySQL/locations/eastus2euap/azureAsyncOperation/792dfc6f-bd0d-4dfc-98e5-2e0b7ac15c6a?api-version=2020-07-01-preview
      cache-control:
      - no-cache
      content-length:
      - '87'
      content-type:
      - application/json; charset=utf-8
      date:
      - Fri, 19 Mar 2021 01:27:54 GMT
      expires:
      - '-1'
      location:
      - https://management.azure.com/subscriptions/00000000-0000-0000-0000-000000000000/providers/Microsoft.DBforMySQL/locations/eastus2euap/operationResults/792dfc6f-bd0d-4dfc-98e5-2e0b7ac15c6a?api-version=2020-07-01-preview
      pragma:
      - no-cache
      server:
      - Microsoft-HTTPAPI/2.0
      strict-transport-security:
      - max-age=31536000; includeSubDomains
      x-content-type-options:
      - nosniff
      x-ms-ratelimit-remaining-subscription-writes:
      - '1199'
    status:
      code: 202
      message: Accepted
- request:
    body: null
    headers:
      Accept:
      - '*/*'
      Accept-Encoding:
      - gzip, deflate
      CommandName:
      - mysql flexible-server update
      Connection:
      - keep-alive
      ParameterSetName:
      - -g -n --tier --sku-name
      User-Agent:
      - AZURECLI/2.20.0 azsdk-python-mgmt-rdbms/unknown Python/3.7.7 (Windows-10-10.0.19041-SP0)
    method: GET
    uri: https://management.azure.com/subscriptions/00000000-0000-0000-0000-000000000000/providers/Microsoft.DBforMySQL/locations/eastus2euap/azureAsyncOperation/792dfc6f-bd0d-4dfc-98e5-2e0b7ac15c6a?api-version=2020-07-01-preview
  response:
    body:
      string: '{"name":"792dfc6f-bd0d-4dfc-98e5-2e0b7ac15c6a","status":"InProgress","startTime":"2021-03-19T01:27:55.02Z"}'
    headers:
      cache-control:
      - no-cache
      content-length:
      - '107'
      content-type:
      - application/json; charset=utf-8
      date:
      - Fri, 19 Mar 2021 01:28:54 GMT
      expires:
      - '-1'
      pragma:
      - no-cache
      server:
      - Microsoft-HTTPAPI/2.0
      strict-transport-security:
      - max-age=31536000; includeSubDomains
      transfer-encoding:
      - chunked
      vary:
      - Accept-Encoding
      x-content-type-options:
      - nosniff
    status:
      code: 200
      message: OK
- request:
    body: null
    headers:
      Accept:
      - '*/*'
      Accept-Encoding:
      - gzip, deflate
      CommandName:
      - mysql flexible-server update
      Connection:
      - keep-alive
      ParameterSetName:
      - -g -n --tier --sku-name
      User-Agent:
      - AZURECLI/2.20.0 azsdk-python-mgmt-rdbms/unknown Python/3.7.7 (Windows-10-10.0.19041-SP0)
    method: GET
    uri: https://management.azure.com/subscriptions/00000000-0000-0000-0000-000000000000/providers/Microsoft.DBforMySQL/locations/eastus2euap/azureAsyncOperation/792dfc6f-bd0d-4dfc-98e5-2e0b7ac15c6a?api-version=2020-07-01-preview
  response:
    body:
      string: '{"name":"792dfc6f-bd0d-4dfc-98e5-2e0b7ac15c6a","status":"InProgress","startTime":"2021-03-19T01:27:55.02Z"}'
    headers:
      cache-control:
      - no-cache
      content-length:
      - '107'
      content-type:
      - application/json; charset=utf-8
      date:
      - Fri, 19 Mar 2021 01:29:55 GMT
      expires:
      - '-1'
      pragma:
      - no-cache
      server:
      - Microsoft-HTTPAPI/2.0
      strict-transport-security:
      - max-age=31536000; includeSubDomains
      transfer-encoding:
      - chunked
      vary:
      - Accept-Encoding
      x-content-type-options:
      - nosniff
    status:
      code: 200
      message: OK
- request:
    body: null
    headers:
      Accept:
      - '*/*'
      Accept-Encoding:
      - gzip, deflate
      CommandName:
      - mysql flexible-server update
      Connection:
      - keep-alive
      ParameterSetName:
      - -g -n --tier --sku-name
      User-Agent:
      - AZURECLI/2.20.0 azsdk-python-mgmt-rdbms/unknown Python/3.7.7 (Windows-10-10.0.19041-SP0)
    method: GET
    uri: https://management.azure.com/subscriptions/00000000-0000-0000-0000-000000000000/providers/Microsoft.DBforMySQL/locations/eastus2euap/azureAsyncOperation/792dfc6f-bd0d-4dfc-98e5-2e0b7ac15c6a?api-version=2020-07-01-preview
  response:
    body:
      string: '{"name":"792dfc6f-bd0d-4dfc-98e5-2e0b7ac15c6a","status":"InProgress","startTime":"2021-03-19T01:27:55.02Z"}'
    headers:
      cache-control:
      - no-cache
      content-length:
      - '107'
      content-type:
      - application/json; charset=utf-8
      date:
      - Fri, 19 Mar 2021 01:30:56 GMT
      expires:
      - '-1'
      pragma:
      - no-cache
      server:
      - Microsoft-HTTPAPI/2.0
      strict-transport-security:
      - max-age=31536000; includeSubDomains
      transfer-encoding:
      - chunked
      vary:
      - Accept-Encoding
      x-content-type-options:
      - nosniff
    status:
      code: 200
      message: OK
- request:
    body: null
    headers:
      Accept:
      - '*/*'
      Accept-Encoding:
      - gzip, deflate
      CommandName:
      - mysql flexible-server update
      Connection:
      - keep-alive
      ParameterSetName:
      - -g -n --tier --sku-name
      User-Agent:
      - AZURECLI/2.20.0 azsdk-python-mgmt-rdbms/unknown Python/3.7.7 (Windows-10-10.0.19041-SP0)
    method: GET
    uri: https://management.azure.com/subscriptions/00000000-0000-0000-0000-000000000000/providers/Microsoft.DBforMySQL/locations/eastus2euap/azureAsyncOperation/792dfc6f-bd0d-4dfc-98e5-2e0b7ac15c6a?api-version=2020-07-01-preview
  response:
    body:
      string: '{"name":"792dfc6f-bd0d-4dfc-98e5-2e0b7ac15c6a","status":"InProgress","startTime":"2021-03-19T01:27:55.02Z"}'
    headers:
      cache-control:
      - no-cache
      content-length:
      - '107'
      content-type:
      - application/json; charset=utf-8
      date:
      - Fri, 19 Mar 2021 01:31:56 GMT
      expires:
      - '-1'
      pragma:
      - no-cache
      server:
      - Microsoft-HTTPAPI/2.0
      strict-transport-security:
      - max-age=31536000; includeSubDomains
      transfer-encoding:
      - chunked
      vary:
      - Accept-Encoding
      x-content-type-options:
      - nosniff
    status:
      code: 200
      message: OK
- request:
    body: null
    headers:
      Accept:
      - '*/*'
      Accept-Encoding:
      - gzip, deflate
      CommandName:
      - mysql flexible-server update
      Connection:
      - keep-alive
      ParameterSetName:
      - -g -n --tier --sku-name
      User-Agent:
      - AZURECLI/2.20.0 azsdk-python-mgmt-rdbms/unknown Python/3.7.7 (Windows-10-10.0.19041-SP0)
    method: GET
    uri: https://management.azure.com/subscriptions/00000000-0000-0000-0000-000000000000/providers/Microsoft.DBforMySQL/locations/eastus2euap/azureAsyncOperation/792dfc6f-bd0d-4dfc-98e5-2e0b7ac15c6a?api-version=2020-07-01-preview
  response:
    body:
      string: '{"name":"792dfc6f-bd0d-4dfc-98e5-2e0b7ac15c6a","status":"InProgress","startTime":"2021-03-19T01:27:55.02Z"}'
    headers:
      cache-control:
      - no-cache
      content-length:
      - '107'
      content-type:
      - application/json; charset=utf-8
      date:
      - Fri, 19 Mar 2021 01:32:56 GMT
      expires:
      - '-1'
      pragma:
      - no-cache
      server:
      - Microsoft-HTTPAPI/2.0
      strict-transport-security:
      - max-age=31536000; includeSubDomains
      transfer-encoding:
      - chunked
      vary:
      - Accept-Encoding
      x-content-type-options:
      - nosniff
    status:
      code: 200
      message: OK
- request:
    body: null
    headers:
      Accept:
      - '*/*'
      Accept-Encoding:
      - gzip, deflate
      CommandName:
      - mysql flexible-server update
      Connection:
      - keep-alive
      ParameterSetName:
      - -g -n --tier --sku-name
      User-Agent:
      - AZURECLI/2.20.0 azsdk-python-mgmt-rdbms/unknown Python/3.7.7 (Windows-10-10.0.19041-SP0)
    method: GET
    uri: https://management.azure.com/subscriptions/00000000-0000-0000-0000-000000000000/providers/Microsoft.DBforMySQL/locations/eastus2euap/azureAsyncOperation/792dfc6f-bd0d-4dfc-98e5-2e0b7ac15c6a?api-version=2020-07-01-preview
  response:
    body:
      string: '{"name":"792dfc6f-bd0d-4dfc-98e5-2e0b7ac15c6a","status":"Succeeded","startTime":"2021-03-19T01:27:55.02Z"}'
    headers:
      cache-control:
      - no-cache
      content-length:
      - '106'
      content-type:
      - application/json; charset=utf-8
      date:
      - Fri, 19 Mar 2021 01:33:57 GMT
      expires:
      - '-1'
      pragma:
      - no-cache
      server:
      - Microsoft-HTTPAPI/2.0
      strict-transport-security:
      - max-age=31536000; includeSubDomains
      transfer-encoding:
      - chunked
      vary:
      - Accept-Encoding
      x-content-type-options:
      - nosniff
    status:
      code: 200
      message: OK
- request:
    body: null
    headers:
      Accept:
      - '*/*'
      Accept-Encoding:
      - gzip, deflate
      CommandName:
      - mysql flexible-server update
      Connection:
      - keep-alive
      ParameterSetName:
      - -g -n --tier --sku-name
      User-Agent:
      - AZURECLI/2.20.0 azsdk-python-mgmt-rdbms/unknown Python/3.7.7 (Windows-10-10.0.19041-SP0)
    method: GET
    uri: https://management.azure.com/subscriptions/00000000-0000-0000-0000-000000000000/resourceGroups/clitest.rg000001/providers/Microsoft.DBForMySql/flexibleServers/azuredbclitest-1000002?api-version=2020-07-01-preview
  response:
    body:
      string: '{"sku":{"name":"Standard_B1s","tier":"Burstable"},"properties":{"administratorLogin":"obviousPeacock6","storageProfile":{"storageMB":204800,"storageIops":320,"backupRetentionDays":7,"storageAutogrow":"Disabled","fileStorageSkuName":"Premium_LRS"},"version":"5.7","state":"Ready","haState":"NotEnabled","fullyQualifiedDomainName":"azuredbclitest-1000002.mysql.database.azure.com","sourceServerId":"","publicNetworkAccess":"Enabled","sslEnforcement":"Disabled","haEnabled":"Disabled","earliestRestoreDate":"2021-03-19T01:00:05.7887101+00:00","maintenanceWindow":{"customWindow":"Disabled","dayOfWeek":0,"startHour":0,"startMinute":0},"replicationRole":"None","replicaCapacity":10,"byokEnforcement":"Disabled"},"location":"East
        US 2 EUAP","id":"/subscriptions/00000000-0000-0000-0000-000000000000/resourceGroups/clitest.rg000001/providers/Microsoft.DBforMySQL/flexibleServers/azuredbclitest-1000002","name":"azuredbclitest-1000002","type":"Microsoft.DBforMySQL/flexibleServers"}'
    headers:
      cache-control:
      - no-cache
      content-length:
      - '1053'
      content-type:
      - application/json; charset=utf-8
      date:
      - Fri, 19 Mar 2021 01:33:57 GMT
      expires:
      - '-1'
      pragma:
      - no-cache
      server:
      - Microsoft-HTTPAPI/2.0
      strict-transport-security:
      - max-age=31536000; includeSubDomains
      transfer-encoding:
      - chunked
      vary:
      - Accept-Encoding
      x-content-type-options:
      - nosniff
    status:
      code: 200
      message: OK
version: 1
