interactions:
- request:
    body: null
    headers:
      Accept:
      - application/json
      Accept-Encoding:
      - gzip, deflate
      CommandName:
      - postgres flexible-server create
      Connection:
      - keep-alive
      ParameterSetName:
      - -g --name -l --storage-size --public-access --tier --sku-name --yes
      User-Agent:
      - AZURECLI/2.66.0 azsdk-python-core/1.31.0 Python/3.10.11 (Windows-10-10.0.26100-SP0)
    method: HEAD
    uri: https://management.azure.com/subscriptions/00000000-0000-0000-0000-000000000000/resourcegroups/clitest.rg000001?api-version=2022-09-01
  response:
    body:
      string: ''
    headers:
      cache-control:
      - no-cache
      content-length:
      - '0'
      date:
      - Tue, 05 Nov 2024 17:26:58 GMT
      expires:
      - '-1'
      pragma:
      - no-cache
      strict-transport-security:
      - max-age=31536000; includeSubDomains
      x-cache:
      - CONFIG_NOCACHE
      x-content-type-options:
      - nosniff
      x-ms-ratelimit-remaining-subscription-global-reads:
      - '16499'
      x-msedge-ref:
      - 'Ref A: 566FD71BD03E480CB140EEF957AC3B1E Ref B: BN1AA2051013051 Ref C: 2024-11-05T17:26:59Z'
    status:
      code: 204
      message: No Content
- request:
    body: null
    headers:
      Accept:
      - application/json
      Accept-Encoding:
      - gzip, deflate
      CommandName:
      - postgres flexible-server create
      Connection:
      - keep-alive
      ParameterSetName:
      - -g --name -l --storage-size --public-access --tier --sku-name --yes
      User-Agent:
      - AZURECLI/2.66.0 azsdk-python-core/1.31.0 Python/3.10.11 (Windows-10-10.0.26100-SP0)
    method: GET
    uri: https://management.azure.com/subscriptions/00000000-0000-0000-0000-000000000000/resourcegroups/clitest.rg000001?api-version=2022-09-01
  response:
    body:
      string: '{"id":"/subscriptions/00000000-0000-0000-0000-000000000000/resourceGroups/clitest.rg000001","name":"clitest.rg000001","type":"Microsoft.Resources/resourceGroups","location":"eastus","tags":{"product":"azurecli","cause":"automation","test":"test_postgres_flexible_server_advanced_threat_protection_setting_mgmt","date":"2024-11-05T17:26:54Z","module":"rdbms"},"properties":{"provisioningState":"Succeeded"}}'
    headers:
      cache-control:
      - no-cache
      content-length:
      - '406'
      content-type:
      - application/json; charset=utf-8
      date:
      - Tue, 05 Nov 2024 17:26:59 GMT
      expires:
      - '-1'
      pragma:
      - no-cache
      strict-transport-security:
      - max-age=31536000; includeSubDomains
      x-cache:
      - CONFIG_NOCACHE
      x-content-type-options:
      - nosniff
      x-ms-ratelimit-remaining-subscription-global-reads:
      - '16499'
      x-msedge-ref:
      - 'Ref A: 1AA0CB53581F48BF9CFA08FD85081A16 Ref B: BN1AA2051013019 Ref C: 2024-11-05T17:26:59Z'
    status:
      code: 200
      message: OK
- request:
    body: '{"name": "azuredbclitest-000002", "type": "Microsoft.DBforPostgreSQL/flexibleServers"}'
    headers:
      Accept:
      - application/json
      Accept-Encoding:
      - gzip, deflate
      CommandName:
      - postgres flexible-server create
      Connection:
      - keep-alive
      Content-Length:
      - '86'
      Content-Type:
      - application/json
      ParameterSetName:
      - -g --name -l --storage-size --public-access --tier --sku-name --yes
      User-Agent:
      - AZURECLI/2.66.0 azsdk-python-core/1.31.0 Python/3.10.11 (Windows-10-10.0.26100-SP0)
    method: POST
    uri: https://management.azure.com/subscriptions/00000000-0000-0000-0000-000000000000/providers/Microsoft.DBforPostgreSQL/locations/eastus/checkNameAvailability?api-version=2024-11-01-preview
  response:
    body:
      string: '{"name":"azuredbclitest-000002","type":"Microsoft.DBforPostgreSQL/flexibleServers","nameAvailable":true,"message":""}'
    headers:
      cache-control:
      - no-cache
      content-length:
      - '117'
      content-type:
      - application/json; charset=utf-8
      date:
      - Tue, 05 Nov 2024 17:27:00 GMT
      expires:
      - '-1'
      pragma:
      - no-cache
      strict-transport-security:
      - max-age=31536000; includeSubDomains
      x-cache:
      - CONFIG_NOCACHE
      x-content-type-options:
      - nosniff
      x-ms-ratelimit-remaining-subscription-global-writes:
      - '11999'
      x-ms-ratelimit-remaining-subscription-writes:
      - '799'
      x-msedge-ref:
      - 'Ref A: 45E65FD435BC40D18FAFD9DBFEA1BAE2 Ref B: BN1AA2051014029 Ref C: 2024-11-05T17:26:59Z'
    status:
      code: 200
      message: OK
- request:
    body: null
    headers:
      Accept:
      - application/json
      Accept-Encoding:
      - gzip, deflate
      CommandName:
      - postgres flexible-server create
      Connection:
      - keep-alive
      ParameterSetName:
      - -g --name -l --storage-size --public-access --tier --sku-name --yes
      User-Agent:
      - AZURECLI/2.66.0 azsdk-python-core/1.31.0 Python/3.10.11 (Windows-10-10.0.26100-SP0)
    method: GET
    uri: https://management.azure.com/subscriptions/00000000-0000-0000-0000-000000000000/providers/Microsoft.DBforPostgreSQL/locations/eastus/capabilities?api-version=2024-11-01-preview
  response:
    body:
      string: '{"value":[{"name":"FlexibleServerCapabilities","supportedServerEditions":[{"supportedServerSkus":[{"supportedFeatures":[],"name":"Standard_B1ms","vCores":1,"supportedIops":640,"supportedMemoryPerVcoreMb":2048,"supportedZones":["1","2","3"],"supportedHaMode":["SameZone","ZoneRedundant"]},{"supportedFeatures":[],"name":"Standard_B2s","vCores":2,"supportedIops":1280,"supportedMemoryPerVcoreMb":2048,"supportedZones":["1","2","3"],"supportedHaMode":["SameZone","ZoneRedundant"]},{"supportedFeatures":[],"name":"Standard_B2ms","vCores":2,"supportedIops":1920,"supportedMemoryPerVcoreMb":4096,"supportedZones":["1","2","3"],"supportedHaMode":["SameZone","ZoneRedundant"]},{"supportedFeatures":[],"name":"Standard_B4ms","vCores":4,"supportedIops":2880,"supportedMemoryPerVcoreMb":4096,"supportedZones":["1","2","3"],"supportedHaMode":["SameZone","ZoneRedundant"]},{"supportedFeatures":[],"name":"Standard_B8ms","vCores":8,"supportedIops":4320,"supportedMemoryPerVcoreMb":4096,"supportedZones":["1","2","3"],"supportedHaMode":["SameZone","ZoneRedundant"]},{"supportedFeatures":[],"name":"Standard_B12ms","vCores":12,"supportedIops":4320,"supportedMemoryPerVcoreMb":4096,"supportedZones":["1","2","3"],"supportedHaMode":["SameZone","ZoneRedundant"]},{"supportedFeatures":[],"name":"Standard_B16ms","vCores":16,"supportedIops":4320,"supportedMemoryPerVcoreMb":4096,"supportedZones":["1","2","3"],"supportedHaMode":["SameZone","ZoneRedundant"]},{"supportedFeatures":[],"name":"Standard_B20ms","vCores":20,"supportedIops":4320,"supportedMemoryPerVcoreMb":4096,"supportedZones":["1","2","3"],"supportedHaMode":["SameZone","ZoneRedundant"]}],"name":"Burstable","defaultSkuName":"Standard_B1ms","supportedStorageEditions":[{"name":"ManagedDisk","defaultStorageSizeMb":32768,"supportedStorageMb":[{"supportedIops":120,"storageSizeMb":32768,"defaultIopsTier":"P4","supportedIopsTiers":[{"name":"P4","iops":120},{"name":"P6","iops":240},{"name":"P10","iops":500},{"name":"P15","iops":1100},{"name":"P20","iops":2300},{"name":"P30","iops":5000},{"name":"P40","iops":7500},{"name":"P50","iops":7500}]},{"supportedIops":240,"storageSizeMb":65536,"defaultIopsTier":"P6","supportedIopsTiers":[{"name":"P6","iops":240},{"name":"P10","iops":500},{"name":"P15","iops":1100},{"name":"P20","iops":2300},{"name":"P30","iops":5000},{"name":"P40","iops":7500},{"name":"P50","iops":7500}]},{"supportedIops":500,"storageSizeMb":131072,"defaultIopsTier":"P10","supportedIopsTiers":[{"name":"P10","iops":500},{"name":"P15","iops":1100},{"name":"P20","iops":2300},{"name":"P30","iops":5000},{"name":"P40","iops":7500},{"name":"P50","iops":7500}]},{"supportedIops":1100,"storageSizeMb":262144,"defaultIopsTier":"P15","supportedIopsTiers":[{"name":"P15","iops":1100},{"name":"P20","iops":2300},{"name":"P30","iops":5000},{"name":"P40","iops":7500},{"name":"P50","iops":7500}]},{"supportedIops":2300,"storageSizeMb":524288,"defaultIopsTier":"P20","supportedIopsTiers":[{"name":"P20","iops":2300},{"name":"P30","iops":5000},{"name":"P40","iops":7500},{"name":"P50","iops":7500}]},{"supportedIops":5000,"storageSizeMb":1048576,"defaultIopsTier":"P30","supportedIopsTiers":[{"name":"P30","iops":5000},{"name":"P40","iops":7500},{"name":"P50","iops":7500}]},{"supportedIops":7500,"storageSizeMb":2097152,"defaultIopsTier":"P40","supportedIopsTiers":[{"name":"P40","iops":7500},{"name":"P50","iops":7500}]},{"supportedIops":7500,"storageSizeMb":4193280,"defaultIopsTier":"P50","supportedIopsTiers":[{"name":"P50","iops":7500}]},{"supportedIops":7500,"storageSizeMb":4194304,"defaultIopsTier":"P50","supportedIopsTiers":[{"name":"P50","iops":7500}]},{"supportedIops":16000,"storageSizeMb":8388608,"defaultIopsTier":"P60","supportedIopsTiers":[{"name":"P60","iops":16000},{"name":"P70","iops":18000},{"name":"P80","iops":20000}]},{"supportedIops":18000,"storageSizeMb":16777216,"defaultIopsTier":"P70","supportedIopsTiers":[{"name":"P70","iops":18000},{"name":"P80","iops":20000}]},{"supportedIops":20000,"storageSizeMb":33553408,"defaultIopsTier":"P80","supportedIopsTiers":[{"name":"P80","iops":20000}]}]},{"name":"ManagedDiskV2","defaultStorageSizeMb":32768,"supportedStorageMb":[{"supportedIops":3000,"supportedMaximumIops":80000,"storageSizeMb":32768,"maximumStorageSizeMb":67108864,"supportedThroughput":125,"supportedMaximumThroughput":1200,"defaultIopsTier":"None","supportedIopsTiers":[{"name":"None","iops":0}]}]}]},{"supportedServerSkus":[{"supportedFeatures":[],"name":"Standard_D2s_v3","vCores":2,"supportedIops":3200,"supportedMemoryPerVcoreMb":4096,"supportedZones":["1","2","3"],"supportedHaMode":["SameZone","ZoneRedundant"]},{"supportedFeatures":[],"name":"Standard_D4s_v3","vCores":4,"supportedIops":6400,"supportedMemoryPerVcoreMb":4096,"supportedZones":["1","2","3"],"supportedHaMode":["SameZone","ZoneRedundant"]},{"supportedFeatures":[],"name":"Standard_D8s_v3","vCores":8,"supportedIops":12800,"supportedMemoryPerVcoreMb":4096,"supportedZones":["1","2","3"],"supportedHaMode":["SameZone","ZoneRedundant"]},{"supportedFeatures":[],"name":"Standard_D16s_v3","vCores":16,"supportedIops":25600,"supportedMemoryPerVcoreMb":4096,"supportedZones":["1","2","3"],"supportedHaMode":["SameZone","ZoneRedundant"]},{"supportedFeatures":[],"name":"Standard_D32s_v3","vCores":32,"supportedIops":51200,"supportedMemoryPerVcoreMb":4096,"supportedZones":["1","2","3"],"supportedHaMode":["SameZone","ZoneRedundant"]},{"supportedFeatures":[],"name":"Standard_D48s_v3","vCores":48,"supportedIops":76800,"supportedMemoryPerVcoreMb":4096,"supportedZones":["1","2","3"],"supportedHaMode":["SameZone","ZoneRedundant"]},{"supportedFeatures":[],"name":"Standard_D64s_v3","vCores":64,"supportedIops":80000,"supportedMemoryPerVcoreMb":4096,"supportedZones":["1","2","3"],"supportedHaMode":["SameZone","ZoneRedundant"]},{"supportedFeatures":[],"name":"Standard_D2ds_v4","vCores":2,"supportedIops":3200,"supportedMemoryPerVcoreMb":4096,"supportedZones":["1","2","3"],"supportedHaMode":["SameZone","ZoneRedundant"]},{"supportedFeatures":[],"name":"Standard_D4ds_v4","vCores":4,"supportedIops":6400,"supportedMemoryPerVcoreMb":4096,"supportedZones":["1","2","3"],"supportedHaMode":["SameZone","ZoneRedundant"]},{"supportedFeatures":[],"name":"Standard_D8ds_v4","vCores":8,"supportedIops":12800,"supportedMemoryPerVcoreMb":4096,"supportedZones":["1","2","3"],"supportedHaMode":["SameZone","ZoneRedundant"]},{"supportedFeatures":[],"name":"Standard_D16ds_v4","vCores":16,"supportedIops":25600,"supportedMemoryPerVcoreMb":4096,"supportedZones":["1","2","3"],"supportedHaMode":["SameZone","ZoneRedundant"]},{"supportedFeatures":[],"name":"Standard_D32ds_v4","vCores":32,"supportedIops":51200,"supportedMemoryPerVcoreMb":4096,"supportedZones":["1","2","3"],"supportedHaMode":["SameZone","ZoneRedundant"]},{"supportedFeatures":[],"name":"Standard_D48ds_v4","vCores":48,"supportedIops":76800,"supportedMemoryPerVcoreMb":4096,"supportedZones":["1","2","3"],"supportedHaMode":["SameZone","ZoneRedundant"]},{"supportedFeatures":[],"name":"Standard_D64ds_v4","vCores":64,"supportedIops":80000,"supportedMemoryPerVcoreMb":4096,"supportedZones":["1","2","3"],"supportedHaMode":["SameZone","ZoneRedundant"]},{"supportedFeatures":[],"name":"Standard_D2ads_v5","vCores":2,"supportedIops":3200,"supportedMemoryPerVcoreMb":4096,"supportedZones":["1","2","3"],"supportedHaMode":["SameZone","ZoneRedundant"]},{"supportedFeatures":[],"name":"Standard_D4ads_v5","vCores":4,"supportedIops":6400,"supportedMemoryPerVcoreMb":4096,"supportedZones":["1","2","3"],"supportedHaMode":["SameZone","ZoneRedundant"]},{"supportedFeatures":[],"name":"Standard_D8ads_v5","vCores":8,"supportedIops":12800,"supportedMemoryPerVcoreMb":4096,"supportedZones":["1","2","3"],"supportedHaMode":["SameZone","ZoneRedundant"]},{"supportedFeatures":[],"name":"Standard_D16ads_v5","vCores":16,"supportedIops":25600,"supportedMemoryPerVcoreMb":4096,"supportedZones":["1","2","3"],"supportedHaMode":["SameZone","ZoneRedundant"]},{"supportedFeatures":[],"name":"Standard_D32ads_v5","vCores":32,"supportedIops":51200,"supportedMemoryPerVcoreMb":4096,"supportedZones":["1","2","3"],"supportedHaMode":["SameZone","ZoneRedundant"]},{"supportedFeatures":[],"name":"Standard_D48ads_v5","vCores":48,"supportedIops":76800,"supportedMemoryPerVcoreMb":4096,"supportedZones":["1","2","3"],"supportedHaMode":["SameZone","ZoneRedundant"]},{"supportedFeatures":[],"name":"Standard_D64ads_v5","vCores":64,"supportedIops":80000,"supportedMemoryPerVcoreMb":4096,"supportedZones":["1","2","3"],"supportedHaMode":["SameZone","ZoneRedundant"]},{"supportedFeatures":[],"name":"Standard_D96ads_v5","vCores":96,"supportedIops":80000,"supportedMemoryPerVcoreMb":4096,"supportedZones":["1","2","3"],"supportedHaMode":["SameZone","ZoneRedundant"]},{"supportedFeatures":[],"name":"Standard_D2ds_v5","vCores":2,"supportedIops":3750,"supportedMemoryPerVcoreMb":4096,"supportedZones":["1","2","3"],"supportedHaMode":["SameZone","ZoneRedundant"]},{"supportedFeatures":[],"name":"Standard_D4ds_v5","vCores":4,"supportedIops":6400,"supportedMemoryPerVcoreMb":4096,"supportedZones":["1","2","3"],"supportedHaMode":["SameZone","ZoneRedundant"]},{"supportedFeatures":[],"name":"Standard_D8ds_v5","vCores":8,"supportedIops":12800,"supportedMemoryPerVcoreMb":4096,"supportedZones":["1","2","3"],"supportedHaMode":["SameZone","ZoneRedundant"]},{"supportedFeatures":[],"name":"Standard_D16ds_v5","vCores":16,"supportedIops":25600,"supportedMemoryPerVcoreMb":4096,"supportedZones":["1","2","3"],"supportedHaMode":["SameZone","ZoneRedundant"]},{"supportedFeatures":[],"name":"Standard_D32ds_v5","vCores":32,"supportedIops":51200,"supportedMemoryPerVcoreMb":4096,"supportedZones":["1","2","3"],"supportedHaMode":["SameZone","ZoneRedundant"]},{"supportedFeatures":[],"name":"Standard_D48ds_v5","vCores":48,"supportedIops":76800,"supportedMemoryPerVcoreMb":4096,"supportedZones":["1","2","3"],"supportedHaMode":["SameZone","ZoneRedundant"]},{"supportedFeatures":[],"name":"Standard_D64ds_v5","vCores":64,"supportedIops":80000,"supportedMemoryPerVcoreMb":4096,"supportedZones":["1","2","3"],"supportedHaMode":["SameZone","ZoneRedundant"]},{"supportedFeatures":[],"name":"Standard_D96ds_v5","vCores":96,"supportedIops":80000,"supportedMemoryPerVcoreMb":4096,"supportedZones":["1","2","3"],"supportedHaMode":["SameZone","ZoneRedundant"]}],"name":"GeneralPurpose","defaultSkuName":"Standard_D4ds_v5","supportedStorageEditions":[{"name":"ManagedDisk","defaultStorageSizeMb":65536,"supportedStorageMb":[{"supportedIops":120,"storageSizeMb":32768,"defaultIopsTier":"P4","supportedIopsTiers":[{"name":"P4","iops":120},{"name":"P6","iops":240},{"name":"P10","iops":500},{"name":"P15","iops":1100},{"name":"P20","iops":2300},{"name":"P30","iops":5000},{"name":"P40","iops":7500},{"name":"P50","iops":7500}]},{"supportedIops":240,"storageSizeMb":65536,"defaultIopsTier":"P6","supportedIopsTiers":[{"name":"P6","iops":240},{"name":"P10","iops":500},{"name":"P15","iops":1100},{"name":"P20","iops":2300},{"name":"P30","iops":5000},{"name":"P40","iops":7500},{"name":"P50","iops":7500}]},{"supportedIops":500,"storageSizeMb":131072,"defaultIopsTier":"P10","supportedIopsTiers":[{"name":"P10","iops":500},{"name":"P15","iops":1100},{"name":"P20","iops":2300},{"name":"P30","iops":5000},{"name":"P40","iops":7500},{"name":"P50","iops":7500}]},{"supportedIops":1100,"storageSizeMb":262144,"defaultIopsTier":"P15","supportedIopsTiers":[{"name":"P15","iops":1100},{"name":"P20","iops":2300},{"name":"P30","iops":5000},{"name":"P40","iops":7500},{"name":"P50","iops":7500}]},{"supportedIops":2300,"storageSizeMb":524288,"defaultIopsTier":"P20","supportedIopsTiers":[{"name":"P20","iops":2300},{"name":"P30","iops":5000},{"name":"P40","iops":7500},{"name":"P50","iops":7500}]},{"supportedIops":5000,"storageSizeMb":1048576,"defaultIopsTier":"P30","supportedIopsTiers":[{"name":"P30","iops":5000},{"name":"P40","iops":7500},{"name":"P50","iops":7500}]},{"supportedIops":7500,"storageSizeMb":2097152,"defaultIopsTier":"P40","supportedIopsTiers":[{"name":"P40","iops":7500},{"name":"P50","iops":7500}]},{"supportedIops":7500,"storageSizeMb":4193280,"defaultIopsTier":"P50","supportedIopsTiers":[{"name":"P50","iops":7500}]},{"supportedIops":7500,"storageSizeMb":4194304,"defaultIopsTier":"P50","supportedIopsTiers":[{"name":"P50","iops":7500}]},{"supportedIops":16000,"storageSizeMb":8388608,"defaultIopsTier":"P60","supportedIopsTiers":[{"name":"P60","iops":16000},{"name":"P70","iops":18000},{"name":"P80","iops":20000}]},{"supportedIops":18000,"storageSizeMb":16777216,"defaultIopsTier":"P70","supportedIopsTiers":[{"name":"P70","iops":18000},{"name":"P80","iops":20000}]},{"supportedIops":20000,"storageSizeMb":33553408,"defaultIopsTier":"P80","supportedIopsTiers":[{"name":"P80","iops":20000}]}]},{"name":"ManagedDiskV2","defaultStorageSizeMb":65536,"supportedStorageMb":[{"supportedIops":3000,"supportedMaximumIops":80000,"storageSizeMb":32768,"maximumStorageSizeMb":67108864,"supportedThroughput":125,"supportedMaximumThroughput":1200,"defaultIopsTier":"None","supportedIopsTiers":[{"name":"None","iops":0}]}]},{"name":"UltraDisk","defaultStorageSizeMb":65536,"supportedStorageMb":[],"reason":"Specified
        Storage Edition not supported in this region."}]},{"supportedServerSkus":[{"supportedFeatures":[],"name":"Standard_E2s_v3","vCores":2,"supportedIops":3200,"supportedMemoryPerVcoreMb":8192,"supportedZones":["1","2","3"],"supportedHaMode":["SameZone","ZoneRedundant"]},{"supportedFeatures":[],"name":"Standard_E4s_v3","vCores":4,"supportedIops":6400,"supportedMemoryPerVcoreMb":8192,"supportedZones":["1","2","3"],"supportedHaMode":["SameZone","ZoneRedundant"]},{"supportedFeatures":[],"name":"Standard_E8s_v3","vCores":8,"supportedIops":12800,"supportedMemoryPerVcoreMb":8192,"supportedZones":["1","2","3"],"supportedHaMode":["SameZone","ZoneRedundant"]},{"supportedFeatures":[],"name":"Standard_E16s_v3","vCores":16,"supportedIops":25600,"supportedMemoryPerVcoreMb":8192,"supportedZones":["1","2","3"],"supportedHaMode":["SameZone","ZoneRedundant"]},{"supportedFeatures":[],"name":"Standard_E32s_v3","vCores":32,"supportedIops":32000,"supportedMemoryPerVcoreMb":8192,"supportedZones":["1","2","3"],"supportedHaMode":["SameZone","ZoneRedundant"]},{"supportedFeatures":[],"name":"Standard_E48s_v3","vCores":48,"supportedIops":51200,"supportedMemoryPerVcoreMb":8192,"supportedZones":["1","2","3"],"supportedHaMode":["SameZone","ZoneRedundant"]},{"supportedFeatures":[],"name":"Standard_E64s_v3","vCores":64,"supportedIops":76800,"supportedMemoryPerVcoreMb":6912,"supportedZones":["1","2","3"],"supportedHaMode":["SameZone","ZoneRedundant"]},{"supportedFeatures":[],"name":"Standard_E2ds_v4","vCores":2,"supportedIops":3200,"supportedMemoryPerVcoreMb":8192,"supportedZones":["1","2","3"],"supportedHaMode":["SameZone","ZoneRedundant"]},{"supportedFeatures":[],"name":"Standard_E4ds_v4","vCores":4,"supportedIops":6400,"supportedMemoryPerVcoreMb":8192,"supportedZones":["1","2","3"],"supportedHaMode":["SameZone","ZoneRedundant"]},{"supportedFeatures":[],"name":"Standard_E8ds_v4","vCores":8,"supportedIops":12800,"supportedMemoryPerVcoreMb":8192,"supportedZones":["1","2","3"],"supportedHaMode":["SameZone","ZoneRedundant"]},{"supportedFeatures":[],"name":"Standard_E16ds_v4","vCores":16,"supportedIops":25600,"supportedMemoryPerVcoreMb":8192,"supportedZones":["1","2","3"],"supportedHaMode":["SameZone","ZoneRedundant"]},{"supportedFeatures":[],"name":"Standard_E20ds_v4","vCores":20,"supportedIops":32000,"supportedMemoryPerVcoreMb":8192,"supportedZones":["1","2","3"],"supportedHaMode":["SameZone","ZoneRedundant"]},{"supportedFeatures":[],"name":"Standard_E32ds_v4","vCores":32,"supportedIops":51200,"supportedMemoryPerVcoreMb":8192,"supportedZones":["1","2","3"],"supportedHaMode":["SameZone","ZoneRedundant"]},{"supportedFeatures":[],"name":"Standard_E48ds_v4","vCores":48,"supportedIops":76800,"supportedMemoryPerVcoreMb":8192,"supportedZones":["1","2","3"],"supportedHaMode":["SameZone","ZoneRedundant"]},{"supportedFeatures":[],"name":"Standard_E64ds_v4","vCores":64,"supportedIops":80000,"supportedMemoryPerVcoreMb":6912,"supportedZones":["1","2","3"],"supportedHaMode":["SameZone","ZoneRedundant"]},{"supportedFeatures":[],"name":"Standard_E2ads_v5","vCores":2,"supportedIops":3750,"supportedMemoryPerVcoreMb":8192,"supportedZones":["1","2","3"],"supportedHaMode":["SameZone","ZoneRedundant"]},{"supportedFeatures":[],"name":"Standard_E4ads_v5","vCores":4,"supportedIops":6400,"supportedMemoryPerVcoreMb":8192,"supportedZones":["1","2","3"],"supportedHaMode":["SameZone","ZoneRedundant"]},{"supportedFeatures":[],"name":"Standard_E8ads_v5","vCores":8,"supportedIops":12800,"supportedMemoryPerVcoreMb":8192,"supportedZones":["1","2","3"],"supportedHaMode":["SameZone","ZoneRedundant"]},{"supportedFeatures":[],"name":"Standard_E16ads_v5","vCores":16,"supportedIops":25600,"supportedMemoryPerVcoreMb":8192,"supportedZones":["1","2","3"],"supportedHaMode":["SameZone","ZoneRedundant"]},{"supportedFeatures":[],"name":"Standard_E20ads_v5","vCores":20,"supportedIops":32000,"supportedMemoryPerVcoreMb":8192,"supportedZones":["1","2","3"],"supportedHaMode":["SameZone","ZoneRedundant"]},{"supportedFeatures":[],"name":"Standard_E32ads_v5","vCores":32,"supportedIops":51200,"supportedMemoryPerVcoreMb":8192,"supportedZones":["1","2","3"],"supportedHaMode":["SameZone","ZoneRedundant"]},{"supportedFeatures":[],"name":"Standard_E48ads_v5","vCores":48,"supportedIops":76800,"supportedMemoryPerVcoreMb":8192,"supportedZones":["1","2","3"],"supportedHaMode":["SameZone","ZoneRedundant"]},{"supportedFeatures":[],"name":"Standard_E64ads_v5","vCores":64,"supportedIops":80000,"supportedMemoryPerVcoreMb":8192,"supportedZones":["1","2","3"],"supportedHaMode":["SameZone","ZoneRedundant"]},{"supportedFeatures":[],"name":"Standard_E96ads_v5","vCores":96,"supportedIops":80000,"supportedMemoryPerVcoreMb":7168,"supportedZones":["1","2","3"],"supportedHaMode":["SameZone","ZoneRedundant"]},{"supportedFeatures":[],"name":"Standard_E2ds_v5","vCores":2,"supportedIops":3750,"supportedMemoryPerVcoreMb":8192,"supportedZones":["1","2","3"],"supportedHaMode":["SameZone","ZoneRedundant"]},{"supportedFeatures":[],"name":"Standard_E4ds_v5","vCores":4,"supportedIops":6400,"supportedMemoryPerVcoreMb":8192,"supportedZones":["1","2","3"],"supportedHaMode":["SameZone","ZoneRedundant"]},{"supportedFeatures":[],"name":"Standard_E8ds_v5","vCores":8,"supportedIops":12800,"supportedMemoryPerVcoreMb":8192,"supportedZones":["1","2","3"],"supportedHaMode":["SameZone","ZoneRedundant"]},{"supportedFeatures":[],"name":"Standard_E16ds_v5","vCores":16,"supportedIops":25600,"supportedMemoryPerVcoreMb":8192,"supportedZones":["1","2","3"],"supportedHaMode":["SameZone","ZoneRedundant"]},{"supportedFeatures":[],"name":"Standard_E20ds_v5","vCores":20,"supportedIops":32000,"supportedMemoryPerVcoreMb":8192,"supportedZones":["1","2","3"],"supportedHaMode":["SameZone","ZoneRedundant"]},{"supportedFeatures":[],"name":"Standard_E32ds_v5","vCores":32,"supportedIops":51200,"supportedMemoryPerVcoreMb":8192,"supportedZones":["1","2","3"],"supportedHaMode":["SameZone","ZoneRedundant"]},{"supportedFeatures":[],"name":"Standard_E48ds_v5","vCores":48,"supportedIops":76800,"supportedMemoryPerVcoreMb":8192,"supportedZones":["1","2","3"],"supportedHaMode":["SameZone","ZoneRedundant"]},{"supportedFeatures":[],"name":"Standard_E64ds_v5","vCores":64,"supportedIops":80000,"supportedMemoryPerVcoreMb":8192,"supportedZones":["1","2","3"],"supportedHaMode":["SameZone","ZoneRedundant"]},{"supportedFeatures":[],"name":"Standard_E96ds_v5","vCores":96,"supportedIops":80000,"supportedMemoryPerVcoreMb":7168,"supportedZones":["1","2","3"],"supportedHaMode":["SameZone","ZoneRedundant"]}],"name":"MemoryOptimized","defaultSkuName":"Standard_E4ds_v5","supportedStorageEditions":[{"name":"ManagedDisk","defaultStorageSizeMb":131072,"supportedStorageMb":[{"supportedIops":120,"storageSizeMb":32768,"defaultIopsTier":"P4","supportedIopsTiers":[{"name":"P4","iops":120},{"name":"P6","iops":240},{"name":"P10","iops":500},{"name":"P15","iops":1100},{"name":"P20","iops":2300},{"name":"P30","iops":5000},{"name":"P40","iops":7500},{"name":"P50","iops":7500}]},{"supportedIops":240,"storageSizeMb":65536,"defaultIopsTier":"P6","supportedIopsTiers":[{"name":"P6","iops":240},{"name":"P10","iops":500},{"name":"P15","iops":1100},{"name":"P20","iops":2300},{"name":"P30","iops":5000},{"name":"P40","iops":7500},{"name":"P50","iops":7500}]},{"supportedIops":500,"storageSizeMb":131072,"defaultIopsTier":"P10","supportedIopsTiers":[{"name":"P10","iops":500},{"name":"P15","iops":1100},{"name":"P20","iops":2300},{"name":"P30","iops":5000},{"name":"P40","iops":7500},{"name":"P50","iops":7500}]},{"supportedIops":1100,"storageSizeMb":262144,"defaultIopsTier":"P15","supportedIopsTiers":[{"name":"P15","iops":1100},{"name":"P20","iops":2300},{"name":"P30","iops":5000},{"name":"P40","iops":7500},{"name":"P50","iops":7500}]},{"supportedIops":2300,"storageSizeMb":524288,"defaultIopsTier":"P20","supportedIopsTiers":[{"name":"P20","iops":2300},{"name":"P30","iops":5000},{"name":"P40","iops":7500},{"name":"P50","iops":7500}]},{"supportedIops":5000,"storageSizeMb":1048576,"defaultIopsTier":"P30","supportedIopsTiers":[{"name":"P30","iops":5000},{"name":"P40","iops":7500},{"name":"P50","iops":7500}]},{"supportedIops":7500,"storageSizeMb":2097152,"defaultIopsTier":"P40","supportedIopsTiers":[{"name":"P40","iops":7500},{"name":"P50","iops":7500}]},{"supportedIops":7500,"storageSizeMb":4193280,"defaultIopsTier":"P50","supportedIopsTiers":[{"name":"P50","iops":7500}]},{"supportedIops":7500,"storageSizeMb":4194304,"defaultIopsTier":"P50","supportedIopsTiers":[{"name":"P50","iops":7500}]},{"supportedIops":16000,"storageSizeMb":8388608,"defaultIopsTier":"P60","supportedIopsTiers":[{"name":"P60","iops":16000},{"name":"P70","iops":18000},{"name":"P80","iops":20000}]},{"supportedIops":18000,"storageSizeMb":16777216,"defaultIopsTier":"P70","supportedIopsTiers":[{"name":"P70","iops":18000},{"name":"P80","iops":20000}]},{"supportedIops":20000,"storageSizeMb":33553408,"defaultIopsTier":"P80","supportedIopsTiers":[{"name":"P80","iops":20000}]}]},{"name":"ManagedDiskV2","defaultStorageSizeMb":131072,"supportedStorageMb":[{"supportedIops":3000,"supportedMaximumIops":80000,"storageSizeMb":32768,"maximumStorageSizeMb":67108864,"supportedThroughput":125,"supportedMaximumThroughput":1200,"defaultIopsTier":"None","supportedIopsTiers":[{"name":"None","iops":0}]}]},{"name":"UltraDisk","defaultStorageSizeMb":131072,"supportedStorageMb":[],"reason":"Specified
        Storage Edition not supported in this region."}]}],"supportedServerVersions":[{"supportedFeatures":[],"name":"11","supportedVersionsToUpgrade":["12","13","14","15","16"]},{"supportedFeatures":[],"name":"12","supportedVersionsToUpgrade":["13","14","15","16"]},{"supportedFeatures":[],"name":"13","supportedVersionsToUpgrade":["14","15","16"]},{"supportedFeatures":[],"name":"14","supportedVersionsToUpgrade":["15","16"]},{"supportedFeatures":[],"name":"15","supportedVersionsToUpgrade":["16"]},{"supportedFeatures":[],"name":"16","supportedVersionsToUpgrade":[]}],"supportedFastProvisioningEditions":[{"supportedTier":"Burstable","supportedSku":"standard_b1ms","supportedStorageGb":32,"supportedServerVersions":"12","serverCount":0},{"supportedTier":"Burstable","supportedSku":"standard_b2s","supportedStorageGb":32,"supportedServerVersions":"12","serverCount":0},{"supportedTier":"GeneralPurpose","supportedSku":"standard_d2s_v3","supportedStorageGb":128,"supportedServerVersions":"12","serverCount":0},{"supportedTier":"GeneralPurpose","supportedSku":"standard_d2ds_v4","supportedStorageGb":128,"supportedServerVersions":"12","serverCount":0},{"supportedTier":"MemoryOptimized","supportedSku":"standard_e2ds_v4","supportedStorageGb":512,"supportedServerVersions":"12","serverCount":0},{"supportedTier":"Burstable","supportedSku":"standard_b1ms","supportedStorageGb":32,"supportedServerVersions":"13","serverCount":0},{"supportedTier":"Burstable","supportedSku":"standard_b2s","supportedStorageGb":32,"supportedServerVersions":"13","serverCount":0},{"supportedTier":"GeneralPurpose","supportedSku":"standard_d2s_v3","supportedStorageGb":128,"supportedServerVersions":"13","serverCount":0},{"supportedTier":"GeneralPurpose","supportedSku":"standard_d2ds_v4","supportedStorageGb":128,"supportedServerVersions":"13","serverCount":0},{"supportedTier":"MemoryOptimized","supportedSku":"standard_e2ds_v4","supportedStorageGb":512,"supportedServerVersions":"13","serverCount":0},{"supportedTier":"Burstable","supportedSku":"standard_b1ms","supportedStorageGb":32,"supportedServerVersions":"14","serverCount":0},{"supportedTier":"Burstable","supportedSku":"standard_b2s","supportedStorageGb":32,"supportedServerVersions":"14","serverCount":0},{"supportedTier":"GeneralPurpose","supportedSku":"standard_d2s_v3","supportedStorageGb":128,"supportedServerVersions":"14","serverCount":0},{"supportedTier":"GeneralPurpose","supportedSku":"standard_d2ds_v4","supportedStorageGb":128,"supportedServerVersions":"14","serverCount":0},{"supportedTier":"MemoryOptimized","supportedSku":"standard_e2ds_v4","supportedStorageGb":512,"supportedServerVersions":"14","serverCount":0},{"supportedTier":"Burstable","supportedSku":"standard_b1ms","supportedStorageGb":32,"supportedServerVersions":"15","serverCount":0},{"supportedTier":"Burstable","supportedSku":"standard_b2s","supportedStorageGb":32,"supportedServerVersions":"15","serverCount":0},{"supportedTier":"GeneralPurpose","supportedSku":"standard_d2s_v3","supportedStorageGb":128,"supportedServerVersions":"15","serverCount":0},{"supportedTier":"GeneralPurpose","supportedSku":"standard_d2ds_v4","supportedStorageGb":128,"supportedServerVersions":"15","serverCount":0},{"supportedTier":"MemoryOptimized","supportedSku":"standard_e2ds_v4","supportedStorageGb":512,"supportedServerVersions":"15","serverCount":0},{"supportedTier":"Burstable","supportedSku":"standard_b1ms","supportedStorageGb":32,"supportedServerVersions":"16","serverCount":0},{"supportedTier":"Burstable","supportedSku":"standard_b2s","supportedStorageGb":32,"supportedServerVersions":"16","serverCount":0},{"supportedTier":"GeneralPurpose","supportedSku":"standard_d2s_v3","supportedStorageGb":128,"supportedServerVersions":"16","serverCount":0},{"supportedTier":"GeneralPurpose","supportedSku":"standard_d2ds_v4","supportedStorageGb":128,"supportedServerVersions":"16","serverCount":0},{"supportedTier":"MemoryOptimized","supportedSku":"standard_e2ds_v4","supportedStorageGb":512,"supportedServerVersions":"16","serverCount":0}],"supportedFeatures":[{"name":"FastProvisioning","status":"Enabled"},{"name":"ZoneRedundantHa","status":"Enabled"},{"name":"GeoBackup","status":"Enabled"},{"name":"ZoneRedundantHaAndGeoBackup","status":"Enabled"},{"name":"StorageAutoGrowth","status":"Enabled"},{"name":"OnlineResize","status":"Enabled"},{"name":"OfferRestricted","status":"Disabled"},{"name":"IndexTuning","status":"Enabled"},{"name":"Clusters","status":"Disabled"}],"fastProvisioningSupported":"Enabled","geoBackupSupported":"Enabled","zoneRedundantHaSupported":"Enabled","zoneRedundantHaAndGeoBackupSupported":"Enabled","storageAutoGrowthSupported":"Enabled","onlineResizeSupported":"Enabled","indexTuningSupported":"Enabled"}]}'
    headers:
      cache-control:
      - no-cache
      content-length:
      - '27266'
      content-type:
      - application/json; charset=utf-8
      date:
      - Tue, 05 Nov 2024 17:27:02 GMT
      expires:
      - '-1'
      pragma:
      - no-cache
      strict-transport-security:
      - max-age=31536000; includeSubDomains
      x-cache:
      - CONFIG_NOCACHE
      x-content-type-options:
      - nosniff
      x-ms-ratelimit-remaining-subscription-global-reads:
      - '16499'
      x-msedge-ref:
      - 'Ref A: 370016E25F1147CE8F61BAFF32B7E7D1 Ref B: BN1AA2051015037 Ref C: 2024-11-05T17:27:00Z'
    status:
      code: 200
      message: OK
- request:
    body: '{"location": "eastus", "sku": {"name": "Standard_D2s_v3", "tier": "GeneralPurpose"},
      "properties": {"administratorLogin": "morbidruffs7", "administratorLoginPassword":
      "06FzbvveLHbKchVgogRvqQ", "version": "16", "storage": {"storageSizeGB": 128,
      "autoGrow": "Disabled"}, "authConfig": {"activeDirectoryAuth": "Disabled", "passwordAuth":
      "Enabled", "tenantId": ""}, "backup": {"backupRetentionDays": 7, "geoRedundantBackup":
      "Disabled"}, "highAvailability": {"mode": "Disabled"}, "createMode": "Create"}}'
    headers:
      Accept:
      - application/json
      Accept-Encoding:
      - gzip, deflate
      CommandName:
      - postgres flexible-server create
      Connection:
      - keep-alive
      Content-Length:
      - '502'
      Content-Type:
      - application/json
      ParameterSetName:
      - -g --name -l --storage-size --public-access --tier --sku-name --yes
      User-Agent:
      - AZURECLI/2.66.0 azsdk-python-core/1.31.0 Python/3.10.11 (Windows-10-10.0.26100-SP0)
    method: PUT
    uri: https://management.azure.com/subscriptions/00000000-0000-0000-0000-000000000000/resourceGroups/clitest.rg000001/providers/Microsoft.DBforPostgreSQL/flexibleServers/azuredbclitest-000002?api-version=2024-11-01-preview
  response:
    body:
      string: '{"operation":"UpsertServerManagementOperationV2","startTime":"2024-11-05T17:27:03.517Z"}'
    headers:
      azure-asyncoperation:
      - https://management.azure.com/subscriptions/00000000-0000-0000-0000-000000000000/providers/Microsoft.DBforPostgreSQL/locations/eastus/azureAsyncOperation/94c158b7-50a4-4153-8f6a-9cd47d3a4f16?api-version=2024-11-01-preview&t=638664244236145946&c=MIIHpTCCBo2gAwIBAgITOgOyui871wRtge60rAAEA7K6LzANBgkqhkiG9w0BAQsFADBEMRMwEQYKCZImiZPyLGQBGRYDR0JMMRMwEQYKCZImiZPyLGQBGRYDQU1FMRgwFgYDVQQDEw9BTUUgSU5GUkEgQ0EgMDEwHhcNMjQwOTIyMTIyOTEzWhcNMjUwMzIxMTIyOTEzWjBAMT4wPAYDVQQDEzVhc3luY29wZXJhdGlvbnNpZ25pbmdjZXJ0aWZpY2F0ZS5tYW5hZ2VtZW50LmF6dXJlLmNvbTCCASIwDQYJKoZIhvcNAQEBBQADggEPADCCAQoCggEBALthCEIs4vwfpBtc8a6akzk9FNp-luTjsKhTETKForQzaFdF5S6PDjwZJVAOcVWePFAecP08Qp1FzfiX_Cl9StTirn6FO-MjJbWSG2THMvz756N87v6UNTXfNr29-Y-iFxGXE0LRwZ39GG4hV9nUekLb8OlN6VC48-A54O0iJybH12xGD4eKLbn4ilMqeYCyiivgk_AAxCvO75VjkDUu1PztXTqXfeLvWxaeqT1RTux_k8SPeFde5JPpWGKFNih2uv3JG5KjyszNBV6b2MaWQRiNYIiPo9N_DvTiv2r7BWNvocSISt9wLymfNp0mmAvGajmSbXqs2iphrYgHuVIhOskCAwEAAaOCBJIwggSOMCcGCSsGAQQBgjcVCgQaMBgwCgYIKwYBBQUHAwEwCgYIKwYBBQUHAwIwPQYJKwYBBAGCNxUHBDAwLgYmKwYBBAGCNxUIhpDjDYTVtHiE8Ys-hZvdFs6dEoFghfmRS4WsmTQCAWQCAQcwggHaBggrBgEFBQcBAQSCAcwwggHIMGYGCCsGAQUFBzAChlpodHRwOi8vY3JsLm1pY3Jvc29mdC5jb20vcGtpaW5mcmEvQ2VydHMvQlkyUEtJSU5UQ0EwMS5BTUUuR0JMX0FNRSUyMElORlJBJTIwQ0ElMjAwMSg0KS5jcnQwVgYIKwYBBQUHMAKGSmh0dHA6Ly9jcmwxLmFtZS5nYmwvYWlhL0JZMlBLSUlOVENBMDEuQU1FLkdCTF9BTUUlMjBJTkZSQSUyMENBJTIwMDEoNCkuY3J0MFYGCCsGAQUFBzAChkpodHRwOi8vY3JsMi5hbWUuZ2JsL2FpYS9CWTJQS0lJTlRDQTAxLkFNRS5HQkxfQU1FJTIwSU5GUkElMjBDQSUyMDAxKDQpLmNydDBWBggrBgEFBQcwAoZKaHR0cDovL2NybDMuYW1lLmdibC9haWEvQlkyUEtJSU5UQ0EwMS5BTUUuR0JMX0FNRSUyMElORlJBJTIwQ0ElMjAwMSg0KS5jcnQwVgYIKwYBBQUHMAKGSmh0dHA6Ly9jcmw0LmFtZS5nYmwvYWlhL0JZMlBLSUlOVENBMDEuQU1FLkdCTF9BTUUlMjBJTkZSQSUyMENBJTIwMDEoNCkuY3J0MB0GA1UdDgQWBBTccG012vq9QsZJa-EMbFVNK7oNDzAOBgNVHQ8BAf8EBAMCBaAwggE1BgNVHR8EggEsMIIBKDCCASSgggEgoIIBHIZCaHR0cDovL2NybC5taWNyb3NvZnQuY29tL3BraWluZnJhL0NSTC9BTUUlMjBJTkZSQSUyMENBJTIwMDEoNCkuY3JshjRodHRwOi8vY3JsMS5hbWUuZ2JsL2NybC9BTUUlMjBJTkZSQSUyMENBJTIwMDEoNCkuY3JshjRodHRwOi8vY3JsMi5hbWUuZ2JsL2NybC9BTUUlMjBJTkZSQSUyMENBJTIwMDEoNCkuY3JshjRodHRwOi8vY3JsMy5hbWUuZ2JsL2NybC9BTUUlMjBJTkZSQSUyMENBJTIwMDEoNCkuY3JshjRodHRwOi8vY3JsNC5hbWUuZ2JsL2NybC9BTUUlMjBJTkZSQSUyMENBJTIwMDEoNCkuY3JsMIGdBgNVHSAEgZUwgZIwDAYKKwYBBAGCN3sBATBmBgorBgEEAYI3ewICMFgwVgYIKwYBBQUHAgIwSh5IADMAMwBlADAAMQA5ADIAMQAtADQAZAA2ADQALQA0AGYAOABjAC0AYQAwADUANQAtADUAYgBkAGEAZgBmAGQANQBlADMAMwBkMAwGCisGAQQBgjd7AwEwDAYKKwYBBAGCN3sEAjAfBgNVHSMEGDAWgBTl2Ztn_PjsurvwwKidileIud8-YzAdBgNVHSUEFjAUBggrBgEFBQcDAQYIKwYBBQUHAwIwDQYJKoZIhvcNAQELBQADggEBAHkWc1KMstXAU5p0ciSSzPoB_W772N_r2ITPfnNv7OdZGLyDL8VTUXFgLP_lVJgsrUcSXJi6GSjDB9ww5vQCsXJQgzO4bCx-jKgHjqphvAtqaiiUEs6HJZYAXzjGr6BPLIlx2qov7eiI-vLqT3h9gqiUGYjLwwKJdO4PIGGzt5oIY5oWtLkqoxoad8CfpX7z8WM9YAUv1l-majml_BXWMmN0t5BbCB5MAuZPnD2rg3mtvh4FEV5pnTtTLPwpw7AAt-9DReZQOgsVkBLNSAzvuXHJzMAm03Gr-uZw7fY_-p1aqDgZ4KMTnQqVr8NvFE02_Gj_5hIaAdCp1bUhZ3ZrmZY&s=fVOfui0qrCC7uurw4vYcv6WqKecJWqZn7L_h4AUtc11eX5-UeqzHut9d1fFGKNNsG_HeYODjst2Lk2F6XUCpAUgXddu7eOgE488Y3UP8FWwlZnZOMPvFRPF5p1BeGRFuiWe-zJ9-p5KoeuPp9bHKJdXIQcH23XdUJbNuBQgY5XD2n2t7w5W31doO6HDdhbCKcsMHvr1z-elh3DRNJVqQOBVM1YLFaOOypxlcxZBx7M5ZukStPxk2DS3XdE6VH2pUUoPERPvhxPLK1MdaFZ8AmDyzbLPyDbzlHq1STvKzdldvVFr7DKSCNXrtW3MCYhbFoZvcTr-UznG3Z87KVROZBQ&h=-LkUbdTpnMPooue5Chx_QEqNs0pyn1ycfgn8TrmRsWA
      cache-control:
      - no-cache
      content-length:
      - '88'
      content-type:
      - application/json; charset=utf-8
      date:
      - Tue, 05 Nov 2024 17:27:02 GMT
      expires:
      - '-1'
      location:
      - https://management.azure.com/subscriptions/00000000-0000-0000-0000-000000000000/providers/Microsoft.DBforPostgreSQL/locations/eastus/operationResults/94c158b7-50a4-4153-8f6a-9cd47d3a4f16?api-version=2024-11-01-preview&t=638664244236145946&c=MIIHpTCCBo2gAwIBAgITOgOyui871wRtge60rAAEA7K6LzANBgkqhkiG9w0BAQsFADBEMRMwEQYKCZImiZPyLGQBGRYDR0JMMRMwEQYKCZImiZPyLGQBGRYDQU1FMRgwFgYDVQQDEw9BTUUgSU5GUkEgQ0EgMDEwHhcNMjQwOTIyMTIyOTEzWhcNMjUwMzIxMTIyOTEzWjBAMT4wPAYDVQQDEzVhc3luY29wZXJhdGlvbnNpZ25pbmdjZXJ0aWZpY2F0ZS5tYW5hZ2VtZW50LmF6dXJlLmNvbTCCASIwDQYJKoZIhvcNAQEBBQADggEPADCCAQoCggEBALthCEIs4vwfpBtc8a6akzk9FNp-luTjsKhTETKForQzaFdF5S6PDjwZJVAOcVWePFAecP08Qp1FzfiX_Cl9StTirn6FO-MjJbWSG2THMvz756N87v6UNTXfNr29-Y-iFxGXE0LRwZ39GG4hV9nUekLb8OlN6VC48-A54O0iJybH12xGD4eKLbn4ilMqeYCyiivgk_AAxCvO75VjkDUu1PztXTqXfeLvWxaeqT1RTux_k8SPeFde5JPpWGKFNih2uv3JG5KjyszNBV6b2MaWQRiNYIiPo9N_DvTiv2r7BWNvocSISt9wLymfNp0mmAvGajmSbXqs2iphrYgHuVIhOskCAwEAAaOCBJIwggSOMCcGCSsGAQQBgjcVCgQaMBgwCgYIKwYBBQUHAwEwCgYIKwYBBQUHAwIwPQYJKwYBBAGCNxUHBDAwLgYmKwYBBAGCNxUIhpDjDYTVtHiE8Ys-hZvdFs6dEoFghfmRS4WsmTQCAWQCAQcwggHaBggrBgEFBQcBAQSCAcwwggHIMGYGCCsGAQUFBzAChlpodHRwOi8vY3JsLm1pY3Jvc29mdC5jb20vcGtpaW5mcmEvQ2VydHMvQlkyUEtJSU5UQ0EwMS5BTUUuR0JMX0FNRSUyMElORlJBJTIwQ0ElMjAwMSg0KS5jcnQwVgYIKwYBBQUHMAKGSmh0dHA6Ly9jcmwxLmFtZS5nYmwvYWlhL0JZMlBLSUlOVENBMDEuQU1FLkdCTF9BTUUlMjBJTkZSQSUyMENBJTIwMDEoNCkuY3J0MFYGCCsGAQUFBzAChkpodHRwOi8vY3JsMi5hbWUuZ2JsL2FpYS9CWTJQS0lJTlRDQTAxLkFNRS5HQkxfQU1FJTIwSU5GUkElMjBDQSUyMDAxKDQpLmNydDBWBggrBgEFBQcwAoZKaHR0cDovL2NybDMuYW1lLmdibC9haWEvQlkyUEtJSU5UQ0EwMS5BTUUuR0JMX0FNRSUyMElORlJBJTIwQ0ElMjAwMSg0KS5jcnQwVgYIKwYBBQUHMAKGSmh0dHA6Ly9jcmw0LmFtZS5nYmwvYWlhL0JZMlBLSUlOVENBMDEuQU1FLkdCTF9BTUUlMjBJTkZSQSUyMENBJTIwMDEoNCkuY3J0MB0GA1UdDgQWBBTccG012vq9QsZJa-EMbFVNK7oNDzAOBgNVHQ8BAf8EBAMCBaAwggE1BgNVHR8EggEsMIIBKDCCASSgggEgoIIBHIZCaHR0cDovL2NybC5taWNyb3NvZnQuY29tL3BraWluZnJhL0NSTC9BTUUlMjBJTkZSQSUyMENBJTIwMDEoNCkuY3JshjRodHRwOi8vY3JsMS5hbWUuZ2JsL2NybC9BTUUlMjBJTkZSQSUyMENBJTIwMDEoNCkuY3JshjRodHRwOi8vY3JsMi5hbWUuZ2JsL2NybC9BTUUlMjBJTkZSQSUyMENBJTIwMDEoNCkuY3JshjRodHRwOi8vY3JsMy5hbWUuZ2JsL2NybC9BTUUlMjBJTkZSQSUyMENBJTIwMDEoNCkuY3JshjRodHRwOi8vY3JsNC5hbWUuZ2JsL2NybC9BTUUlMjBJTkZSQSUyMENBJTIwMDEoNCkuY3JsMIGdBgNVHSAEgZUwgZIwDAYKKwYBBAGCN3sBATBmBgorBgEEAYI3ewICMFgwVgYIKwYBBQUHAgIwSh5IADMAMwBlADAAMQA5ADIAMQAtADQAZAA2ADQALQA0AGYAOABjAC0AYQAwADUANQAtADUAYgBkAGEAZgBmAGQANQBlADMAMwBkMAwGCisGAQQBgjd7AwEwDAYKKwYBBAGCN3sEAjAfBgNVHSMEGDAWgBTl2Ztn_PjsurvwwKidileIud8-YzAdBgNVHSUEFjAUBggrBgEFBQcDAQYIKwYBBQUHAwIwDQYJKoZIhvcNAQELBQADggEBAHkWc1KMstXAU5p0ciSSzPoB_W772N_r2ITPfnNv7OdZGLyDL8VTUXFgLP_lVJgsrUcSXJi6GSjDB9ww5vQCsXJQgzO4bCx-jKgHjqphvAtqaiiUEs6HJZYAXzjGr6BPLIlx2qov7eiI-vLqT3h9gqiUGYjLwwKJdO4PIGGzt5oIY5oWtLkqoxoad8CfpX7z8WM9YAUv1l-majml_BXWMmN0t5BbCB5MAuZPnD2rg3mtvh4FEV5pnTtTLPwpw7AAt-9DReZQOgsVkBLNSAzvuXHJzMAm03Gr-uZw7fY_-p1aqDgZ4KMTnQqVr8NvFE02_Gj_5hIaAdCp1bUhZ3ZrmZY&s=sMb7COlFXHBC8pntAGG2PKs4wWQf4l2nco5xJG2AHyNuHloO5wmtTvEuwczyueI69MeDN6HmgkO8krv2PPihCiTqQr5tiUR3NDmLi_2BVGsr2MLi9PeFrLFO_AE1bwt51Joz4DH-7xJsiH7OwwJLWDpwQhPvO_EkGJIVPGaO5UcN6VL_ksYm_M3DHdpo-OYD6TyTBAlvfFoQ4sMqFAtpufrgeDHrDOuIVPEInLpiv_3n5jrbyDu9c48QxjM7HMLin2Nqs00fSOTSpHomjrR-SJbUG9AAQmAH0nybwv-pJ4QJaLhz2UZ7M7nH0Q_O7A6-ngXv0kwaUA_0yJDJFYQLMQ&h=bRtW5DQu0walAyjjf9lkwQShcKUwzGwbp70nhe_ooRA
      pragma:
      - no-cache
      strict-transport-security:
      - max-age=31536000; includeSubDomains
      x-cache:
      - CONFIG_NOCACHE
      x-content-type-options:
      - nosniff
      x-ms-ratelimit-remaining-subscription-global-writes:
      - '11999'
      x-ms-ratelimit-remaining-subscription-writes:
      - '799'
      x-msedge-ref:
      - 'Ref A: 89FCF44B524947ACBD67238815EB41C1 Ref B: BN1AA2051014027 Ref C: 2024-11-05T17:27:02Z'
    status:
      code: 202
      message: Accepted
- request:
    body: null
    headers:
      Accept:
      - '*/*'
      Accept-Encoding:
      - gzip, deflate
      CommandName:
      - postgres flexible-server create
      Connection:
      - keep-alive
      ParameterSetName:
      - -g --name -l --storage-size --public-access --tier --sku-name --yes
      User-Agent:
      - AZURECLI/2.66.0 azsdk-python-core/1.31.0 Python/3.10.11 (Windows-10-10.0.26100-SP0)
    method: GET
    uri: https://management.azure.com/subscriptions/00000000-0000-0000-0000-000000000000/providers/Microsoft.DBforPostgreSQL/locations/eastus/azureAsyncOperation/94c158b7-50a4-4153-8f6a-9cd47d3a4f16?api-version=2024-11-01-preview&t=638664244236145946&c=MIIHpTCCBo2gAwIBAgITOgOyui871wRtge60rAAEA7K6LzANBgkqhkiG9w0BAQsFADBEMRMwEQYKCZImiZPyLGQBGRYDR0JMMRMwEQYKCZImiZPyLGQBGRYDQU1FMRgwFgYDVQQDEw9BTUUgSU5GUkEgQ0EgMDEwHhcNMjQwOTIyMTIyOTEzWhcNMjUwMzIxMTIyOTEzWjBAMT4wPAYDVQQDEzVhc3luY29wZXJhdGlvbnNpZ25pbmdjZXJ0aWZpY2F0ZS5tYW5hZ2VtZW50LmF6dXJlLmNvbTCCASIwDQYJKoZIhvcNAQEBBQADggEPADCCAQoCggEBALthCEIs4vwfpBtc8a6akzk9FNp-luTjsKhTETKForQzaFdF5S6PDjwZJVAOcVWePFAecP08Qp1FzfiX_Cl9StTirn6FO-MjJbWSG2THMvz756N87v6UNTXfNr29-Y-iFxGXE0LRwZ39GG4hV9nUekLb8OlN6VC48-A54O0iJybH12xGD4eKLbn4ilMqeYCyiivgk_AAxCvO75VjkDUu1PztXTqXfeLvWxaeqT1RTux_k8SPeFde5JPpWGKFNih2uv3JG5KjyszNBV6b2MaWQRiNYIiPo9N_DvTiv2r7BWNvocSISt9wLymfNp0mmAvGajmSbXqs2iphrYgHuVIhOskCAwEAAaOCBJIwggSOMCcGCSsGAQQBgjcVCgQaMBgwCgYIKwYBBQUHAwEwCgYIKwYBBQUHAwIwPQYJKwYBBAGCNxUHBDAwLgYmKwYBBAGCNxUIhpDjDYTVtHiE8Ys-hZvdFs6dEoFghfmRS4WsmTQCAWQCAQcwggHaBggrBgEFBQcBAQSCAcwwggHIMGYGCCsGAQUFBzAChlpodHRwOi8vY3JsLm1pY3Jvc29mdC5jb20vcGtpaW5mcmEvQ2VydHMvQlkyUEtJSU5UQ0EwMS5BTUUuR0JMX0FNRSUyMElORlJBJTIwQ0ElMjAwMSg0KS5jcnQwVgYIKwYBBQUHMAKGSmh0dHA6Ly9jcmwxLmFtZS5nYmwvYWlhL0JZMlBLSUlOVENBMDEuQU1FLkdCTF9BTUUlMjBJTkZSQSUyMENBJTIwMDEoNCkuY3J0MFYGCCsGAQUFBzAChkpodHRwOi8vY3JsMi5hbWUuZ2JsL2FpYS9CWTJQS0lJTlRDQTAxLkFNRS5HQkxfQU1FJTIwSU5GUkElMjBDQSUyMDAxKDQpLmNydDBWBggrBgEFBQcwAoZKaHR0cDovL2NybDMuYW1lLmdibC9haWEvQlkyUEtJSU5UQ0EwMS5BTUUuR0JMX0FNRSUyMElORlJBJTIwQ0ElMjAwMSg0KS5jcnQwVgYIKwYBBQUHMAKGSmh0dHA6Ly9jcmw0LmFtZS5nYmwvYWlhL0JZMlBLSUlOVENBMDEuQU1FLkdCTF9BTUUlMjBJTkZSQSUyMENBJTIwMDEoNCkuY3J0MB0GA1UdDgQWBBTccG012vq9QsZJa-EMbFVNK7oNDzAOBgNVHQ8BAf8EBAMCBaAwggE1BgNVHR8EggEsMIIBKDCCASSgggEgoIIBHIZCaHR0cDovL2NybC5taWNyb3NvZnQuY29tL3BraWluZnJhL0NSTC9BTUUlMjBJTkZSQSUyMENBJTIwMDEoNCkuY3JshjRodHRwOi8vY3JsMS5hbWUuZ2JsL2NybC9BTUUlMjBJTkZSQSUyMENBJTIwMDEoNCkuY3JshjRodHRwOi8vY3JsMi5hbWUuZ2JsL2NybC9BTUUlMjBJTkZSQSUyMENBJTIwMDEoNCkuY3JshjRodHRwOi8vY3JsMy5hbWUuZ2JsL2NybC9BTUUlMjBJTkZSQSUyMENBJTIwMDEoNCkuY3JshjRodHRwOi8vY3JsNC5hbWUuZ2JsL2NybC9BTUUlMjBJTkZSQSUyMENBJTIwMDEoNCkuY3JsMIGdBgNVHSAEgZUwgZIwDAYKKwYBBAGCN3sBATBmBgorBgEEAYI3ewICMFgwVgYIKwYBBQUHAgIwSh5IADMAMwBlADAAMQA5ADIAMQAtADQAZAA2ADQALQA0AGYAOABjAC0AYQAwADUANQAtADUAYgBkAGEAZgBmAGQANQBlADMAMwBkMAwGCisGAQQBgjd7AwEwDAYKKwYBBAGCN3sEAjAfBgNVHSMEGDAWgBTl2Ztn_PjsurvwwKidileIud8-YzAdBgNVHSUEFjAUBggrBgEFBQcDAQYIKwYBBQUHAwIwDQYJKoZIhvcNAQELBQADggEBAHkWc1KMstXAU5p0ciSSzPoB_W772N_r2ITPfnNv7OdZGLyDL8VTUXFgLP_lVJgsrUcSXJi6GSjDB9ww5vQCsXJQgzO4bCx-jKgHjqphvAtqaiiUEs6HJZYAXzjGr6BPLIlx2qov7eiI-vLqT3h9gqiUGYjLwwKJdO4PIGGzt5oIY5oWtLkqoxoad8CfpX7z8WM9YAUv1l-majml_BXWMmN0t5BbCB5MAuZPnD2rg3mtvh4FEV5pnTtTLPwpw7AAt-9DReZQOgsVkBLNSAzvuXHJzMAm03Gr-uZw7fY_-p1aqDgZ4KMTnQqVr8NvFE02_Gj_5hIaAdCp1bUhZ3ZrmZY&s=fVOfui0qrCC7uurw4vYcv6WqKecJWqZn7L_h4AUtc11eX5-UeqzHut9d1fFGKNNsG_HeYODjst2Lk2F6XUCpAUgXddu7eOgE488Y3UP8FWwlZnZOMPvFRPF5p1BeGRFuiWe-zJ9-p5KoeuPp9bHKJdXIQcH23XdUJbNuBQgY5XD2n2t7w5W31doO6HDdhbCKcsMHvr1z-elh3DRNJVqQOBVM1YLFaOOypxlcxZBx7M5ZukStPxk2DS3XdE6VH2pUUoPERPvhxPLK1MdaFZ8AmDyzbLPyDbzlHq1STvKzdldvVFr7DKSCNXrtW3MCYhbFoZvcTr-UznG3Z87KVROZBQ&h=-LkUbdTpnMPooue5Chx_QEqNs0pyn1ycfgn8TrmRsWA
  response:
    body:
      string: '{"name":"94c158b7-50a4-4153-8f6a-9cd47d3a4f16","status":"InProgress","startTime":"2024-11-05T17:27:03.517Z"}'
    headers:
      cache-control:
      - no-cache
      content-length:
      - '108'
      content-type:
      - application/json; charset=utf-8
      date:
      - Tue, 05 Nov 2024 17:27:03 GMT
      expires:
      - '-1'
      pragma:
      - no-cache
      strict-transport-security:
      - max-age=31536000; includeSubDomains
      x-cache:
      - CONFIG_NOCACHE
      x-content-type-options:
      - nosniff
      x-ms-ratelimit-remaining-subscription-global-reads:
      - '16499'
      x-msedge-ref:
      - 'Ref A: 32C459F261D84198A18E779AEAAE23DA Ref B: BN1AA2051014027 Ref C: 2024-11-05T17:27:03Z'
    status:
      code: 200
      message: OK
- request:
    body: null
    headers:
      Accept:
      - '*/*'
      Accept-Encoding:
      - gzip, deflate
      CommandName:
      - postgres flexible-server create
      Connection:
      - keep-alive
      ParameterSetName:
      - -g --name -l --storage-size --public-access --tier --sku-name --yes
      User-Agent:
      - AZURECLI/2.66.0 azsdk-python-core/1.31.0 Python/3.10.11 (Windows-10-10.0.26100-SP0)
    method: GET
    uri: https://management.azure.com/subscriptions/00000000-0000-0000-0000-000000000000/providers/Microsoft.DBforPostgreSQL/locations/eastus/azureAsyncOperation/94c158b7-50a4-4153-8f6a-9cd47d3a4f16?api-version=2024-11-01-preview&t=638664244236145946&c=MIIHpTCCBo2gAwIBAgITOgOyui871wRtge60rAAEA7K6LzANBgkqhkiG9w0BAQsFADBEMRMwEQYKCZImiZPyLGQBGRYDR0JMMRMwEQYKCZImiZPyLGQBGRYDQU1FMRgwFgYDVQQDEw9BTUUgSU5GUkEgQ0EgMDEwHhcNMjQwOTIyMTIyOTEzWhcNMjUwMzIxMTIyOTEzWjBAMT4wPAYDVQQDEzVhc3luY29wZXJhdGlvbnNpZ25pbmdjZXJ0aWZpY2F0ZS5tYW5hZ2VtZW50LmF6dXJlLmNvbTCCASIwDQYJKoZIhvcNAQEBBQADggEPADCCAQoCggEBALthCEIs4vwfpBtc8a6akzk9FNp-luTjsKhTETKForQzaFdF5S6PDjwZJVAOcVWePFAecP08Qp1FzfiX_Cl9StTirn6FO-MjJbWSG2THMvz756N87v6UNTXfNr29-Y-iFxGXE0LRwZ39GG4hV9nUekLb8OlN6VC48-A54O0iJybH12xGD4eKLbn4ilMqeYCyiivgk_AAxCvO75VjkDUu1PztXTqXfeLvWxaeqT1RTux_k8SPeFde5JPpWGKFNih2uv3JG5KjyszNBV6b2MaWQRiNYIiPo9N_DvTiv2r7BWNvocSISt9wLymfNp0mmAvGajmSbXqs2iphrYgHuVIhOskCAwEAAaOCBJIwggSOMCcGCSsGAQQBgjcVCgQaMBgwCgYIKwYBBQUHAwEwCgYIKwYBBQUHAwIwPQYJKwYBBAGCNxUHBDAwLgYmKwYBBAGCNxUIhpDjDYTVtHiE8Ys-hZvdFs6dEoFghfmRS4WsmTQCAWQCAQcwggHaBggrBgEFBQcBAQSCAcwwggHIMGYGCCsGAQUFBzAChlpodHRwOi8vY3JsLm1pY3Jvc29mdC5jb20vcGtpaW5mcmEvQ2VydHMvQlkyUEtJSU5UQ0EwMS5BTUUuR0JMX0FNRSUyMElORlJBJTIwQ0ElMjAwMSg0KS5jcnQwVgYIKwYBBQUHMAKGSmh0dHA6Ly9jcmwxLmFtZS5nYmwvYWlhL0JZMlBLSUlOVENBMDEuQU1FLkdCTF9BTUUlMjBJTkZSQSUyMENBJTIwMDEoNCkuY3J0MFYGCCsGAQUFBzAChkpodHRwOi8vY3JsMi5hbWUuZ2JsL2FpYS9CWTJQS0lJTlRDQTAxLkFNRS5HQkxfQU1FJTIwSU5GUkElMjBDQSUyMDAxKDQpLmNydDBWBggrBgEFBQcwAoZKaHR0cDovL2NybDMuYW1lLmdibC9haWEvQlkyUEtJSU5UQ0EwMS5BTUUuR0JMX0FNRSUyMElORlJBJTIwQ0ElMjAwMSg0KS5jcnQwVgYIKwYBBQUHMAKGSmh0dHA6Ly9jcmw0LmFtZS5nYmwvYWlhL0JZMlBLSUlOVENBMDEuQU1FLkdCTF9BTUUlMjBJTkZSQSUyMENBJTIwMDEoNCkuY3J0MB0GA1UdDgQWBBTccG012vq9QsZJa-EMbFVNK7oNDzAOBgNVHQ8BAf8EBAMCBaAwggE1BgNVHR8EggEsMIIBKDCCASSgggEgoIIBHIZCaHR0cDovL2NybC5taWNyb3NvZnQuY29tL3BraWluZnJhL0NSTC9BTUUlMjBJTkZSQSUyMENBJTIwMDEoNCkuY3JshjRodHRwOi8vY3JsMS5hbWUuZ2JsL2NybC9BTUUlMjBJTkZSQSUyMENBJTIwMDEoNCkuY3JshjRodHRwOi8vY3JsMi5hbWUuZ2JsL2NybC9BTUUlMjBJTkZSQSUyMENBJTIwMDEoNCkuY3JshjRodHRwOi8vY3JsMy5hbWUuZ2JsL2NybC9BTUUlMjBJTkZSQSUyMENBJTIwMDEoNCkuY3JshjRodHRwOi8vY3JsNC5hbWUuZ2JsL2NybC9BTUUlMjBJTkZSQSUyMENBJTIwMDEoNCkuY3JsMIGdBgNVHSAEgZUwgZIwDAYKKwYBBAGCN3sBATBmBgorBgEEAYI3ewICMFgwVgYIKwYBBQUHAgIwSh5IADMAMwBlADAAMQA5ADIAMQAtADQAZAA2ADQALQA0AGYAOABjAC0AYQAwADUANQAtADUAYgBkAGEAZgBmAGQANQBlADMAMwBkMAwGCisGAQQBgjd7AwEwDAYKKwYBBAGCN3sEAjAfBgNVHSMEGDAWgBTl2Ztn_PjsurvwwKidileIud8-YzAdBgNVHSUEFjAUBggrBgEFBQcDAQYIKwYBBQUHAwIwDQYJKoZIhvcNAQELBQADggEBAHkWc1KMstXAU5p0ciSSzPoB_W772N_r2ITPfnNv7OdZGLyDL8VTUXFgLP_lVJgsrUcSXJi6GSjDB9ww5vQCsXJQgzO4bCx-jKgHjqphvAtqaiiUEs6HJZYAXzjGr6BPLIlx2qov7eiI-vLqT3h9gqiUGYjLwwKJdO4PIGGzt5oIY5oWtLkqoxoad8CfpX7z8WM9YAUv1l-majml_BXWMmN0t5BbCB5MAuZPnD2rg3mtvh4FEV5pnTtTLPwpw7AAt-9DReZQOgsVkBLNSAzvuXHJzMAm03Gr-uZw7fY_-p1aqDgZ4KMTnQqVr8NvFE02_Gj_5hIaAdCp1bUhZ3ZrmZY&s=fVOfui0qrCC7uurw4vYcv6WqKecJWqZn7L_h4AUtc11eX5-UeqzHut9d1fFGKNNsG_HeYODjst2Lk2F6XUCpAUgXddu7eOgE488Y3UP8FWwlZnZOMPvFRPF5p1BeGRFuiWe-zJ9-p5KoeuPp9bHKJdXIQcH23XdUJbNuBQgY5XD2n2t7w5W31doO6HDdhbCKcsMHvr1z-elh3DRNJVqQOBVM1YLFaOOypxlcxZBx7M5ZukStPxk2DS3XdE6VH2pUUoPERPvhxPLK1MdaFZ8AmDyzbLPyDbzlHq1STvKzdldvVFr7DKSCNXrtW3MCYhbFoZvcTr-UznG3Z87KVROZBQ&h=-LkUbdTpnMPooue5Chx_QEqNs0pyn1ycfgn8TrmRsWA
  response:
    body:
      string: '{"name":"94c158b7-50a4-4153-8f6a-9cd47d3a4f16","status":"InProgress","startTime":"2024-11-05T17:27:03.517Z"}'
    headers:
      cache-control:
      - no-cache
      content-length:
      - '108'
      content-type:
      - application/json; charset=utf-8
      date:
      - Tue, 05 Nov 2024 17:28:03 GMT
      expires:
      - '-1'
      pragma:
      - no-cache
      strict-transport-security:
      - max-age=31536000; includeSubDomains
      x-cache:
      - CONFIG_NOCACHE
      x-content-type-options:
      - nosniff
      x-ms-ratelimit-remaining-subscription-global-reads:
      - '16499'
      x-msedge-ref:
      - 'Ref A: C0C2123D1CFD439992525E80568F445F Ref B: BN1AA2051014027 Ref C: 2024-11-05T17:28:04Z'
    status:
      code: 200
      message: OK
- request:
    body: null
    headers:
      Accept:
      - '*/*'
      Accept-Encoding:
      - gzip, deflate
      CommandName:
      - postgres flexible-server create
      Connection:
      - keep-alive
      ParameterSetName:
      - -g --name -l --storage-size --public-access --tier --sku-name --yes
      User-Agent:
      - AZURECLI/2.66.0 azsdk-python-core/1.31.0 Python/3.10.11 (Windows-10-10.0.26100-SP0)
    method: GET
    uri: https://management.azure.com/subscriptions/00000000-0000-0000-0000-000000000000/providers/Microsoft.DBforPostgreSQL/locations/eastus/azureAsyncOperation/94c158b7-50a4-4153-8f6a-9cd47d3a4f16?api-version=2024-11-01-preview&t=638664244236145946&c=MIIHpTCCBo2gAwIBAgITOgOyui871wRtge60rAAEA7K6LzANBgkqhkiG9w0BAQsFADBEMRMwEQYKCZImiZPyLGQBGRYDR0JMMRMwEQYKCZImiZPyLGQBGRYDQU1FMRgwFgYDVQQDEw9BTUUgSU5GUkEgQ0EgMDEwHhcNMjQwOTIyMTIyOTEzWhcNMjUwMzIxMTIyOTEzWjBAMT4wPAYDVQQDEzVhc3luY29wZXJhdGlvbnNpZ25pbmdjZXJ0aWZpY2F0ZS5tYW5hZ2VtZW50LmF6dXJlLmNvbTCCASIwDQYJKoZIhvcNAQEBBQADggEPADCCAQoCggEBALthCEIs4vwfpBtc8a6akzk9FNp-luTjsKhTETKForQzaFdF5S6PDjwZJVAOcVWePFAecP08Qp1FzfiX_Cl9StTirn6FO-MjJbWSG2THMvz756N87v6UNTXfNr29-Y-iFxGXE0LRwZ39GG4hV9nUekLb8OlN6VC48-A54O0iJybH12xGD4eKLbn4ilMqeYCyiivgk_AAxCvO75VjkDUu1PztXTqXfeLvWxaeqT1RTux_k8SPeFde5JPpWGKFNih2uv3JG5KjyszNBV6b2MaWQRiNYIiPo9N_DvTiv2r7BWNvocSISt9wLymfNp0mmAvGajmSbXqs2iphrYgHuVIhOskCAwEAAaOCBJIwggSOMCcGCSsGAQQBgjcVCgQaMBgwCgYIKwYBBQUHAwEwCgYIKwYBBQUHAwIwPQYJKwYBBAGCNxUHBDAwLgYmKwYBBAGCNxUIhpDjDYTVtHiE8Ys-hZvdFs6dEoFghfmRS4WsmTQCAWQCAQcwggHaBggrBgEFBQcBAQSCAcwwggHIMGYGCCsGAQUFBzAChlpodHRwOi8vY3JsLm1pY3Jvc29mdC5jb20vcGtpaW5mcmEvQ2VydHMvQlkyUEtJSU5UQ0EwMS5BTUUuR0JMX0FNRSUyMElORlJBJTIwQ0ElMjAwMSg0KS5jcnQwVgYIKwYBBQUHMAKGSmh0dHA6Ly9jcmwxLmFtZS5nYmwvYWlhL0JZMlBLSUlOVENBMDEuQU1FLkdCTF9BTUUlMjBJTkZSQSUyMENBJTIwMDEoNCkuY3J0MFYGCCsGAQUFBzAChkpodHRwOi8vY3JsMi5hbWUuZ2JsL2FpYS9CWTJQS0lJTlRDQTAxLkFNRS5HQkxfQU1FJTIwSU5GUkElMjBDQSUyMDAxKDQpLmNydDBWBggrBgEFBQcwAoZKaHR0cDovL2NybDMuYW1lLmdibC9haWEvQlkyUEtJSU5UQ0EwMS5BTUUuR0JMX0FNRSUyMElORlJBJTIwQ0ElMjAwMSg0KS5jcnQwVgYIKwYBBQUHMAKGSmh0dHA6Ly9jcmw0LmFtZS5nYmwvYWlhL0JZMlBLSUlOVENBMDEuQU1FLkdCTF9BTUUlMjBJTkZSQSUyMENBJTIwMDEoNCkuY3J0MB0GA1UdDgQWBBTccG012vq9QsZJa-EMbFVNK7oNDzAOBgNVHQ8BAf8EBAMCBaAwggE1BgNVHR8EggEsMIIBKDCCASSgggEgoIIBHIZCaHR0cDovL2NybC5taWNyb3NvZnQuY29tL3BraWluZnJhL0NSTC9BTUUlMjBJTkZSQSUyMENBJTIwMDEoNCkuY3JshjRodHRwOi8vY3JsMS5hbWUuZ2JsL2NybC9BTUUlMjBJTkZSQSUyMENBJTIwMDEoNCkuY3JshjRodHRwOi8vY3JsMi5hbWUuZ2JsL2NybC9BTUUlMjBJTkZSQSUyMENBJTIwMDEoNCkuY3JshjRodHRwOi8vY3JsMy5hbWUuZ2JsL2NybC9BTUUlMjBJTkZSQSUyMENBJTIwMDEoNCkuY3JshjRodHRwOi8vY3JsNC5hbWUuZ2JsL2NybC9BTUUlMjBJTkZSQSUyMENBJTIwMDEoNCkuY3JsMIGdBgNVHSAEgZUwgZIwDAYKKwYBBAGCN3sBATBmBgorBgEEAYI3ewICMFgwVgYIKwYBBQUHAgIwSh5IADMAMwBlADAAMQA5ADIAMQAtADQAZAA2ADQALQA0AGYAOABjAC0AYQAwADUANQAtADUAYgBkAGEAZgBmAGQANQBlADMAMwBkMAwGCisGAQQBgjd7AwEwDAYKKwYBBAGCN3sEAjAfBgNVHSMEGDAWgBTl2Ztn_PjsurvwwKidileIud8-YzAdBgNVHSUEFjAUBggrBgEFBQcDAQYIKwYBBQUHAwIwDQYJKoZIhvcNAQELBQADggEBAHkWc1KMstXAU5p0ciSSzPoB_W772N_r2ITPfnNv7OdZGLyDL8VTUXFgLP_lVJgsrUcSXJi6GSjDB9ww5vQCsXJQgzO4bCx-jKgHjqphvAtqaiiUEs6HJZYAXzjGr6BPLIlx2qov7eiI-vLqT3h9gqiUGYjLwwKJdO4PIGGzt5oIY5oWtLkqoxoad8CfpX7z8WM9YAUv1l-majml_BXWMmN0t5BbCB5MAuZPnD2rg3mtvh4FEV5pnTtTLPwpw7AAt-9DReZQOgsVkBLNSAzvuXHJzMAm03Gr-uZw7fY_-p1aqDgZ4KMTnQqVr8NvFE02_Gj_5hIaAdCp1bUhZ3ZrmZY&s=fVOfui0qrCC7uurw4vYcv6WqKecJWqZn7L_h4AUtc11eX5-UeqzHut9d1fFGKNNsG_HeYODjst2Lk2F6XUCpAUgXddu7eOgE488Y3UP8FWwlZnZOMPvFRPF5p1BeGRFuiWe-zJ9-p5KoeuPp9bHKJdXIQcH23XdUJbNuBQgY5XD2n2t7w5W31doO6HDdhbCKcsMHvr1z-elh3DRNJVqQOBVM1YLFaOOypxlcxZBx7M5ZukStPxk2DS3XdE6VH2pUUoPERPvhxPLK1MdaFZ8AmDyzbLPyDbzlHq1STvKzdldvVFr7DKSCNXrtW3MCYhbFoZvcTr-UznG3Z87KVROZBQ&h=-LkUbdTpnMPooue5Chx_QEqNs0pyn1ycfgn8TrmRsWA
  response:
    body:
      string: '{"name":"94c158b7-50a4-4153-8f6a-9cd47d3a4f16","status":"InProgress","startTime":"2024-11-05T17:27:03.517Z"}'
    headers:
      cache-control:
      - no-cache
      content-length:
      - '108'
      content-type:
      - application/json; charset=utf-8
      date:
      - Tue, 05 Nov 2024 17:29:04 GMT
      expires:
      - '-1'
      pragma:
      - no-cache
      strict-transport-security:
      - max-age=31536000; includeSubDomains
      x-cache:
      - CONFIG_NOCACHE
      x-content-type-options:
      - nosniff
      x-ms-ratelimit-remaining-subscription-global-reads:
      - '16499'
      x-msedge-ref:
      - 'Ref A: 20DB441537D44347BF389052F820385F Ref B: BN1AA2051014027 Ref C: 2024-11-05T17:29:04Z'
    status:
      code: 200
      message: OK
- request:
    body: null
    headers:
      Accept:
      - '*/*'
      Accept-Encoding:
      - gzip, deflate
      CommandName:
      - postgres flexible-server create
      Connection:
      - keep-alive
      ParameterSetName:
      - -g --name -l --storage-size --public-access --tier --sku-name --yes
      User-Agent:
      - AZURECLI/2.66.0 azsdk-python-core/1.31.0 Python/3.10.11 (Windows-10-10.0.26100-SP0)
    method: GET
    uri: https://management.azure.com/subscriptions/00000000-0000-0000-0000-000000000000/providers/Microsoft.DBforPostgreSQL/locations/eastus/azureAsyncOperation/94c158b7-50a4-4153-8f6a-9cd47d3a4f16?api-version=2024-11-01-preview&t=638664244236145946&c=MIIHpTCCBo2gAwIBAgITOgOyui871wRtge60rAAEA7K6LzANBgkqhkiG9w0BAQsFADBEMRMwEQYKCZImiZPyLGQBGRYDR0JMMRMwEQYKCZImiZPyLGQBGRYDQU1FMRgwFgYDVQQDEw9BTUUgSU5GUkEgQ0EgMDEwHhcNMjQwOTIyMTIyOTEzWhcNMjUwMzIxMTIyOTEzWjBAMT4wPAYDVQQDEzVhc3luY29wZXJhdGlvbnNpZ25pbmdjZXJ0aWZpY2F0ZS5tYW5hZ2VtZW50LmF6dXJlLmNvbTCCASIwDQYJKoZIhvcNAQEBBQADggEPADCCAQoCggEBALthCEIs4vwfpBtc8a6akzk9FNp-luTjsKhTETKForQzaFdF5S6PDjwZJVAOcVWePFAecP08Qp1FzfiX_Cl9StTirn6FO-MjJbWSG2THMvz756N87v6UNTXfNr29-Y-iFxGXE0LRwZ39GG4hV9nUekLb8OlN6VC48-A54O0iJybH12xGD4eKLbn4ilMqeYCyiivgk_AAxCvO75VjkDUu1PztXTqXfeLvWxaeqT1RTux_k8SPeFde5JPpWGKFNih2uv3JG5KjyszNBV6b2MaWQRiNYIiPo9N_DvTiv2r7BWNvocSISt9wLymfNp0mmAvGajmSbXqs2iphrYgHuVIhOskCAwEAAaOCBJIwggSOMCcGCSsGAQQBgjcVCgQaMBgwCgYIKwYBBQUHAwEwCgYIKwYBBQUHAwIwPQYJKwYBBAGCNxUHBDAwLgYmKwYBBAGCNxUIhpDjDYTVtHiE8Ys-hZvdFs6dEoFghfmRS4WsmTQCAWQCAQcwggHaBggrBgEFBQcBAQSCAcwwggHIMGYGCCsGAQUFBzAChlpodHRwOi8vY3JsLm1pY3Jvc29mdC5jb20vcGtpaW5mcmEvQ2VydHMvQlkyUEtJSU5UQ0EwMS5BTUUuR0JMX0FNRSUyMElORlJBJTIwQ0ElMjAwMSg0KS5jcnQwVgYIKwYBBQUHMAKGSmh0dHA6Ly9jcmwxLmFtZS5nYmwvYWlhL0JZMlBLSUlOVENBMDEuQU1FLkdCTF9BTUUlMjBJTkZSQSUyMENBJTIwMDEoNCkuY3J0MFYGCCsGAQUFBzAChkpodHRwOi8vY3JsMi5hbWUuZ2JsL2FpYS9CWTJQS0lJTlRDQTAxLkFNRS5HQkxfQU1FJTIwSU5GUkElMjBDQSUyMDAxKDQpLmNydDBWBggrBgEFBQcwAoZKaHR0cDovL2NybDMuYW1lLmdibC9haWEvQlkyUEtJSU5UQ0EwMS5BTUUuR0JMX0FNRSUyMElORlJBJTIwQ0ElMjAwMSg0KS5jcnQwVgYIKwYBBQUHMAKGSmh0dHA6Ly9jcmw0LmFtZS5nYmwvYWlhL0JZMlBLSUlOVENBMDEuQU1FLkdCTF9BTUUlMjBJTkZSQSUyMENBJTIwMDEoNCkuY3J0MB0GA1UdDgQWBBTccG012vq9QsZJa-EMbFVNK7oNDzAOBgNVHQ8BAf8EBAMCBaAwggE1BgNVHR8EggEsMIIBKDCCASSgggEgoIIBHIZCaHR0cDovL2NybC5taWNyb3NvZnQuY29tL3BraWluZnJhL0NSTC9BTUUlMjBJTkZSQSUyMENBJTIwMDEoNCkuY3JshjRodHRwOi8vY3JsMS5hbWUuZ2JsL2NybC9BTUUlMjBJTkZSQSUyMENBJTIwMDEoNCkuY3JshjRodHRwOi8vY3JsMi5hbWUuZ2JsL2NybC9BTUUlMjBJTkZSQSUyMENBJTIwMDEoNCkuY3JshjRodHRwOi8vY3JsMy5hbWUuZ2JsL2NybC9BTUUlMjBJTkZSQSUyMENBJTIwMDEoNCkuY3JshjRodHRwOi8vY3JsNC5hbWUuZ2JsL2NybC9BTUUlMjBJTkZSQSUyMENBJTIwMDEoNCkuY3JsMIGdBgNVHSAEgZUwgZIwDAYKKwYBBAGCN3sBATBmBgorBgEEAYI3ewICMFgwVgYIKwYBBQUHAgIwSh5IADMAMwBlADAAMQA5ADIAMQAtADQAZAA2ADQALQA0AGYAOABjAC0AYQAwADUANQAtADUAYgBkAGEAZgBmAGQANQBlADMAMwBkMAwGCisGAQQBgjd7AwEwDAYKKwYBBAGCN3sEAjAfBgNVHSMEGDAWgBTl2Ztn_PjsurvwwKidileIud8-YzAdBgNVHSUEFjAUBggrBgEFBQcDAQYIKwYBBQUHAwIwDQYJKoZIhvcNAQELBQADggEBAHkWc1KMstXAU5p0ciSSzPoB_W772N_r2ITPfnNv7OdZGLyDL8VTUXFgLP_lVJgsrUcSXJi6GSjDB9ww5vQCsXJQgzO4bCx-jKgHjqphvAtqaiiUEs6HJZYAXzjGr6BPLIlx2qov7eiI-vLqT3h9gqiUGYjLwwKJdO4PIGGzt5oIY5oWtLkqoxoad8CfpX7z8WM9YAUv1l-majml_BXWMmN0t5BbCB5MAuZPnD2rg3mtvh4FEV5pnTtTLPwpw7AAt-9DReZQOgsVkBLNSAzvuXHJzMAm03Gr-uZw7fY_-p1aqDgZ4KMTnQqVr8NvFE02_Gj_5hIaAdCp1bUhZ3ZrmZY&s=fVOfui0qrCC7uurw4vYcv6WqKecJWqZn7L_h4AUtc11eX5-UeqzHut9d1fFGKNNsG_HeYODjst2Lk2F6XUCpAUgXddu7eOgE488Y3UP8FWwlZnZOMPvFRPF5p1BeGRFuiWe-zJ9-p5KoeuPp9bHKJdXIQcH23XdUJbNuBQgY5XD2n2t7w5W31doO6HDdhbCKcsMHvr1z-elh3DRNJVqQOBVM1YLFaOOypxlcxZBx7M5ZukStPxk2DS3XdE6VH2pUUoPERPvhxPLK1MdaFZ8AmDyzbLPyDbzlHq1STvKzdldvVFr7DKSCNXrtW3MCYhbFoZvcTr-UznG3Z87KVROZBQ&h=-LkUbdTpnMPooue5Chx_QEqNs0pyn1ycfgn8TrmRsWA
  response:
    body:
      string: '{"name":"94c158b7-50a4-4153-8f6a-9cd47d3a4f16","status":"InProgress","startTime":"2024-11-05T17:27:03.517Z"}'
    headers:
      cache-control:
      - no-cache
      content-length:
      - '108'
      content-type:
      - application/json; charset=utf-8
      date:
      - Tue, 05 Nov 2024 17:30:04 GMT
      expires:
      - '-1'
      pragma:
      - no-cache
      strict-transport-security:
      - max-age=31536000; includeSubDomains
      x-cache:
      - CONFIG_NOCACHE
      x-content-type-options:
      - nosniff
      x-ms-ratelimit-remaining-subscription-global-reads:
      - '16499'
      x-msedge-ref:
      - 'Ref A: 631DB11115BE491198FE7CAA993524E7 Ref B: BN1AA2051014027 Ref C: 2024-11-05T17:30:04Z'
    status:
      code: 200
      message: OK
- request:
    body: null
    headers:
      Accept:
      - '*/*'
      Accept-Encoding:
      - gzip, deflate
      CommandName:
      - postgres flexible-server create
      Connection:
      - keep-alive
      ParameterSetName:
      - -g --name -l --storage-size --public-access --tier --sku-name --yes
      User-Agent:
      - AZURECLI/2.66.0 azsdk-python-core/1.31.0 Python/3.10.11 (Windows-10-10.0.26100-SP0)
    method: GET
    uri: https://management.azure.com/subscriptions/00000000-0000-0000-0000-000000000000/providers/Microsoft.DBforPostgreSQL/locations/eastus/azureAsyncOperation/94c158b7-50a4-4153-8f6a-9cd47d3a4f16?api-version=2024-11-01-preview&t=638664244236145946&c=MIIHpTCCBo2gAwIBAgITOgOyui871wRtge60rAAEA7K6LzANBgkqhkiG9w0BAQsFADBEMRMwEQYKCZImiZPyLGQBGRYDR0JMMRMwEQYKCZImiZPyLGQBGRYDQU1FMRgwFgYDVQQDEw9BTUUgSU5GUkEgQ0EgMDEwHhcNMjQwOTIyMTIyOTEzWhcNMjUwMzIxMTIyOTEzWjBAMT4wPAYDVQQDEzVhc3luY29wZXJhdGlvbnNpZ25pbmdjZXJ0aWZpY2F0ZS5tYW5hZ2VtZW50LmF6dXJlLmNvbTCCASIwDQYJKoZIhvcNAQEBBQADggEPADCCAQoCggEBALthCEIs4vwfpBtc8a6akzk9FNp-luTjsKhTETKForQzaFdF5S6PDjwZJVAOcVWePFAecP08Qp1FzfiX_Cl9StTirn6FO-MjJbWSG2THMvz756N87v6UNTXfNr29-Y-iFxGXE0LRwZ39GG4hV9nUekLb8OlN6VC48-A54O0iJybH12xGD4eKLbn4ilMqeYCyiivgk_AAxCvO75VjkDUu1PztXTqXfeLvWxaeqT1RTux_k8SPeFde5JPpWGKFNih2uv3JG5KjyszNBV6b2MaWQRiNYIiPo9N_DvTiv2r7BWNvocSISt9wLymfNp0mmAvGajmSbXqs2iphrYgHuVIhOskCAwEAAaOCBJIwggSOMCcGCSsGAQQBgjcVCgQaMBgwCgYIKwYBBQUHAwEwCgYIKwYBBQUHAwIwPQYJKwYBBAGCNxUHBDAwLgYmKwYBBAGCNxUIhpDjDYTVtHiE8Ys-hZvdFs6dEoFghfmRS4WsmTQCAWQCAQcwggHaBggrBgEFBQcBAQSCAcwwggHIMGYGCCsGAQUFBzAChlpodHRwOi8vY3JsLm1pY3Jvc29mdC5jb20vcGtpaW5mcmEvQ2VydHMvQlkyUEtJSU5UQ0EwMS5BTUUuR0JMX0FNRSUyMElORlJBJTIwQ0ElMjAwMSg0KS5jcnQwVgYIKwYBBQUHMAKGSmh0dHA6Ly9jcmwxLmFtZS5nYmwvYWlhL0JZMlBLSUlOVENBMDEuQU1FLkdCTF9BTUUlMjBJTkZSQSUyMENBJTIwMDEoNCkuY3J0MFYGCCsGAQUFBzAChkpodHRwOi8vY3JsMi5hbWUuZ2JsL2FpYS9CWTJQS0lJTlRDQTAxLkFNRS5HQkxfQU1FJTIwSU5GUkElMjBDQSUyMDAxKDQpLmNydDBWBggrBgEFBQcwAoZKaHR0cDovL2NybDMuYW1lLmdibC9haWEvQlkyUEtJSU5UQ0EwMS5BTUUuR0JMX0FNRSUyMElORlJBJTIwQ0ElMjAwMSg0KS5jcnQwVgYIKwYBBQUHMAKGSmh0dHA6Ly9jcmw0LmFtZS5nYmwvYWlhL0JZMlBLSUlOVENBMDEuQU1FLkdCTF9BTUUlMjBJTkZSQSUyMENBJTIwMDEoNCkuY3J0MB0GA1UdDgQWBBTccG012vq9QsZJa-EMbFVNK7oNDzAOBgNVHQ8BAf8EBAMCBaAwggE1BgNVHR8EggEsMIIBKDCCASSgggEgoIIBHIZCaHR0cDovL2NybC5taWNyb3NvZnQuY29tL3BraWluZnJhL0NSTC9BTUUlMjBJTkZSQSUyMENBJTIwMDEoNCkuY3JshjRodHRwOi8vY3JsMS5hbWUuZ2JsL2NybC9BTUUlMjBJTkZSQSUyMENBJTIwMDEoNCkuY3JshjRodHRwOi8vY3JsMi5hbWUuZ2JsL2NybC9BTUUlMjBJTkZSQSUyMENBJTIwMDEoNCkuY3JshjRodHRwOi8vY3JsMy5hbWUuZ2JsL2NybC9BTUUlMjBJTkZSQSUyMENBJTIwMDEoNCkuY3JshjRodHRwOi8vY3JsNC5hbWUuZ2JsL2NybC9BTUUlMjBJTkZSQSUyMENBJTIwMDEoNCkuY3JsMIGdBgNVHSAEgZUwgZIwDAYKKwYBBAGCN3sBATBmBgorBgEEAYI3ewICMFgwVgYIKwYBBQUHAgIwSh5IADMAMwBlADAAMQA5ADIAMQAtADQAZAA2ADQALQA0AGYAOABjAC0AYQAwADUANQAtADUAYgBkAGEAZgBmAGQANQBlADMAMwBkMAwGCisGAQQBgjd7AwEwDAYKKwYBBAGCN3sEAjAfBgNVHSMEGDAWgBTl2Ztn_PjsurvwwKidileIud8-YzAdBgNVHSUEFjAUBggrBgEFBQcDAQYIKwYBBQUHAwIwDQYJKoZIhvcNAQELBQADggEBAHkWc1KMstXAU5p0ciSSzPoB_W772N_r2ITPfnNv7OdZGLyDL8VTUXFgLP_lVJgsrUcSXJi6GSjDB9ww5vQCsXJQgzO4bCx-jKgHjqphvAtqaiiUEs6HJZYAXzjGr6BPLIlx2qov7eiI-vLqT3h9gqiUGYjLwwKJdO4PIGGzt5oIY5oWtLkqoxoad8CfpX7z8WM9YAUv1l-majml_BXWMmN0t5BbCB5MAuZPnD2rg3mtvh4FEV5pnTtTLPwpw7AAt-9DReZQOgsVkBLNSAzvuXHJzMAm03Gr-uZw7fY_-p1aqDgZ4KMTnQqVr8NvFE02_Gj_5hIaAdCp1bUhZ3ZrmZY&s=fVOfui0qrCC7uurw4vYcv6WqKecJWqZn7L_h4AUtc11eX5-UeqzHut9d1fFGKNNsG_HeYODjst2Lk2F6XUCpAUgXddu7eOgE488Y3UP8FWwlZnZOMPvFRPF5p1BeGRFuiWe-zJ9-p5KoeuPp9bHKJdXIQcH23XdUJbNuBQgY5XD2n2t7w5W31doO6HDdhbCKcsMHvr1z-elh3DRNJVqQOBVM1YLFaOOypxlcxZBx7M5ZukStPxk2DS3XdE6VH2pUUoPERPvhxPLK1MdaFZ8AmDyzbLPyDbzlHq1STvKzdldvVFr7DKSCNXrtW3MCYhbFoZvcTr-UznG3Z87KVROZBQ&h=-LkUbdTpnMPooue5Chx_QEqNs0pyn1ycfgn8TrmRsWA
  response:
    body:
      string: '{"name":"94c158b7-50a4-4153-8f6a-9cd47d3a4f16","status":"Succeeded","startTime":"2024-11-05T17:27:03.517Z"}'
    headers:
      cache-control:
      - no-cache
      content-length:
      - '107'
      content-type:
      - application/json; charset=utf-8
      date:
      - Tue, 05 Nov 2024 17:31:04 GMT
      expires:
      - '-1'
      pragma:
      - no-cache
      strict-transport-security:
      - max-age=31536000; includeSubDomains
      x-cache:
      - CONFIG_NOCACHE
      x-content-type-options:
      - nosniff
      x-ms-ratelimit-remaining-subscription-global-reads:
      - '16499'
      x-msedge-ref:
      - 'Ref A: C64583E5853F48DFB580061ED686CC9A Ref B: BN1AA2051014027 Ref C: 2024-11-05T17:31:04Z'
    status:
      code: 200
      message: OK
- request:
    body: null
    headers:
      Accept:
      - '*/*'
      Accept-Encoding:
      - gzip, deflate
      CommandName:
      - postgres flexible-server create
      Connection:
      - keep-alive
      ParameterSetName:
      - -g --name -l --storage-size --public-access --tier --sku-name --yes
      User-Agent:
      - AZURECLI/2.66.0 azsdk-python-core/1.31.0 Python/3.10.11 (Windows-10-10.0.26100-SP0)
    method: GET
    uri: https://management.azure.com/subscriptions/00000000-0000-0000-0000-000000000000/resourceGroups/clitest.rg000001/providers/Microsoft.DBforPostgreSQL/flexibleServers/azuredbclitest-000002?api-version=2024-11-01-preview
  response:
    body:
      string: '{"sku":{"name":"Standard_D2s_v3","tier":"GeneralPurpose"},"systemData":{"createdAt":"2024-11-05T17:27:07.8438389Z"},"properties":{"replica":{"role":"Primary","capacity":5},"storage":{"type":"","iops":500,"tier":"P10","storageSizeGB":128,"autoGrow":"Disabled"},"network":{"publicNetworkAccess":"Disabled"},"privateEndpointConnections":[],"dataEncryption":{"type":"SystemManaged"},"authConfig":{"activeDirectoryAuth":"Disabled","passwordAuth":"Enabled"},"fullyQualifiedDomainName":"azuredbclitest-000002.postgres.database.azure.com","version":"16","minorVersion":"4","administratorLogin":"morbidruffs7","state":"Ready","availabilityZone":"3","backup":{"backupRetentionDays":7,"geoRedundantBackup":"Disabled"},"highAvailability":{"mode":"Disabled","state":"NotEnabled"},"maintenanceWindow":{"customWindow":"Disabled","dayOfWeek":0,"startHour":0,"startMinute":0},"replicationRole":"Primary","replicaCapacity":5},"location":"East
        US","id":"/subscriptions/00000000-0000-0000-0000-000000000000/resourceGroups/clitest.rg000001/providers/Microsoft.DBforPostgreSQL/flexibleServers/azuredbclitest-000002","name":"azuredbclitest-000002","type":"Microsoft.DBforPostgreSQL/flexibleServers"}'
    headers:
      cache-control:
      - no-cache
      content-length:
      - '1176'
      content-type:
      - application/json; charset=utf-8
      date:
      - Tue, 05 Nov 2024 17:31:05 GMT
      expires:
      - '-1'
      pragma:
      - no-cache
      strict-transport-security:
      - max-age=31536000; includeSubDomains
      x-cache:
      - CONFIG_NOCACHE
      x-content-type-options:
      - nosniff
      x-ms-ratelimit-remaining-subscription-global-reads:
      - '16499'
      x-msedge-ref:
      - 'Ref A: 4AF2F12DEB554222AFA9D60AE43B8E08 Ref B: BN1AA2051014027 Ref C: 2024-11-05T17:31:05Z'
    status:
      code: 200
      message: OK
- request:
    body: '{"properties": {"charset": "utf8", "collation": "en_US.utf8"}}'
    headers:
      Accept:
      - application/json
      Accept-Encoding:
      - gzip, deflate
      CommandName:
      - postgres flexible-server create
      Connection:
      - keep-alive
      Content-Length:
      - '62'
      Content-Type:
      - application/json
      ParameterSetName:
      - -g --name -l --storage-size --public-access --tier --sku-name --yes
      User-Agent:
      - AZURECLI/2.66.0 azsdk-python-core/1.31.0 Python/3.10.11 (Windows-10-10.0.26100-SP0)
    method: PUT
    uri: https://management.azure.com/subscriptions/00000000-0000-0000-0000-000000000000/resourceGroups/clitest.rg000001/providers/Microsoft.DBforPostgreSQL/flexibleServers/azuredbclitest-000002/databases/flexibleserverdb?api-version=2024-11-01-preview
  response:
    body:
      string: '{"operation":"UpsertServerDatabaseManagementOperation","startTime":"2024-11-05T17:31:06.297Z"}'
    headers:
      azure-asyncoperation:
      - https://management.azure.com/subscriptions/00000000-0000-0000-0000-000000000000/providers/Microsoft.DBforPostgreSQL/locations/eastus/azureAsyncOperation/0be2407d-69b6-46ed-a1b3-d322c1101ae5?api-version=2024-11-01-preview&t=638664246663381151&c=MIIHpTCCBo2gAwIBAgITOgOyui871wRtge60rAAEA7K6LzANBgkqhkiG9w0BAQsFADBEMRMwEQYKCZImiZPyLGQBGRYDR0JMMRMwEQYKCZImiZPyLGQBGRYDQU1FMRgwFgYDVQQDEw9BTUUgSU5GUkEgQ0EgMDEwHhcNMjQwOTIyMTIyOTEzWhcNMjUwMzIxMTIyOTEzWjBAMT4wPAYDVQQDEzVhc3luY29wZXJhdGlvbnNpZ25pbmdjZXJ0aWZpY2F0ZS5tYW5hZ2VtZW50LmF6dXJlLmNvbTCCASIwDQYJKoZIhvcNAQEBBQADggEPADCCAQoCggEBALthCEIs4vwfpBtc8a6akzk9FNp-luTjsKhTETKForQzaFdF5S6PDjwZJVAOcVWePFAecP08Qp1FzfiX_Cl9StTirn6FO-MjJbWSG2THMvz756N87v6UNTXfNr29-Y-iFxGXE0LRwZ39GG4hV9nUekLb8OlN6VC48-A54O0iJybH12xGD4eKLbn4ilMqeYCyiivgk_AAxCvO75VjkDUu1PztXTqXfeLvWxaeqT1RTux_k8SPeFde5JPpWGKFNih2uv3JG5KjyszNBV6b2MaWQRiNYIiPo9N_DvTiv2r7BWNvocSISt9wLymfNp0mmAvGajmSbXqs2iphrYgHuVIhOskCAwEAAaOCBJIwggSOMCcGCSsGAQQBgjcVCgQaMBgwCgYIKwYBBQUHAwEwCgYIKwYBBQUHAwIwPQYJKwYBBAGCNxUHBDAwLgYmKwYBBAGCNxUIhpDjDYTVtHiE8Ys-hZvdFs6dEoFghfmRS4WsmTQCAWQCAQcwggHaBggrBgEFBQcBAQSCAcwwggHIMGYGCCsGAQUFBzAChlpodHRwOi8vY3JsLm1pY3Jvc29mdC5jb20vcGtpaW5mcmEvQ2VydHMvQlkyUEtJSU5UQ0EwMS5BTUUuR0JMX0FNRSUyMElORlJBJTIwQ0ElMjAwMSg0KS5jcnQwVgYIKwYBBQUHMAKGSmh0dHA6Ly9jcmwxLmFtZS5nYmwvYWlhL0JZMlBLSUlOVENBMDEuQU1FLkdCTF9BTUUlMjBJTkZSQSUyMENBJTIwMDEoNCkuY3J0MFYGCCsGAQUFBzAChkpodHRwOi8vY3JsMi5hbWUuZ2JsL2FpYS9CWTJQS0lJTlRDQTAxLkFNRS5HQkxfQU1FJTIwSU5GUkElMjBDQSUyMDAxKDQpLmNydDBWBggrBgEFBQcwAoZKaHR0cDovL2NybDMuYW1lLmdibC9haWEvQlkyUEtJSU5UQ0EwMS5BTUUuR0JMX0FNRSUyMElORlJBJTIwQ0ElMjAwMSg0KS5jcnQwVgYIKwYBBQUHMAKGSmh0dHA6Ly9jcmw0LmFtZS5nYmwvYWlhL0JZMlBLSUlOVENBMDEuQU1FLkdCTF9BTUUlMjBJTkZSQSUyMENBJTIwMDEoNCkuY3J0MB0GA1UdDgQWBBTccG012vq9QsZJa-EMbFVNK7oNDzAOBgNVHQ8BAf8EBAMCBaAwggE1BgNVHR8EggEsMIIBKDCCASSgggEgoIIBHIZCaHR0cDovL2NybC5taWNyb3NvZnQuY29tL3BraWluZnJhL0NSTC9BTUUlMjBJTkZSQSUyMENBJTIwMDEoNCkuY3JshjRodHRwOi8vY3JsMS5hbWUuZ2JsL2NybC9BTUUlMjBJTkZSQSUyMENBJTIwMDEoNCkuY3JshjRodHRwOi8vY3JsMi5hbWUuZ2JsL2NybC9BTUUlMjBJTkZSQSUyMENBJTIwMDEoNCkuY3JshjRodHRwOi8vY3JsMy5hbWUuZ2JsL2NybC9BTUUlMjBJTkZSQSUyMENBJTIwMDEoNCkuY3JshjRodHRwOi8vY3JsNC5hbWUuZ2JsL2NybC9BTUUlMjBJTkZSQSUyMENBJTIwMDEoNCkuY3JsMIGdBgNVHSAEgZUwgZIwDAYKKwYBBAGCN3sBATBmBgorBgEEAYI3ewICMFgwVgYIKwYBBQUHAgIwSh5IADMAMwBlADAAMQA5ADIAMQAtADQAZAA2ADQALQA0AGYAOABjAC0AYQAwADUANQAtADUAYgBkAGEAZgBmAGQANQBlADMAMwBkMAwGCisGAQQBgjd7AwEwDAYKKwYBBAGCN3sEAjAfBgNVHSMEGDAWgBTl2Ztn_PjsurvwwKidileIud8-YzAdBgNVHSUEFjAUBggrBgEFBQcDAQYIKwYBBQUHAwIwDQYJKoZIhvcNAQELBQADggEBAHkWc1KMstXAU5p0ciSSzPoB_W772N_r2ITPfnNv7OdZGLyDL8VTUXFgLP_lVJgsrUcSXJi6GSjDB9ww5vQCsXJQgzO4bCx-jKgHjqphvAtqaiiUEs6HJZYAXzjGr6BPLIlx2qov7eiI-vLqT3h9gqiUGYjLwwKJdO4PIGGzt5oIY5oWtLkqoxoad8CfpX7z8WM9YAUv1l-majml_BXWMmN0t5BbCB5MAuZPnD2rg3mtvh4FEV5pnTtTLPwpw7AAt-9DReZQOgsVkBLNSAzvuXHJzMAm03Gr-uZw7fY_-p1aqDgZ4KMTnQqVr8NvFE02_Gj_5hIaAdCp1bUhZ3ZrmZY&s=g91_sR7Gu5nJweAc_po3aWBU1dxlWERlBWmc0VgahlYVV12eimdO7YPzAdj5aYTe_yVOQCj72bXr0qFr0ZVeV5rDbnjg14pcHvvmOCCcDNb19RRwD_4N3dUhvU2fZPQEv11vqhdfFNHpcMW-oTCY8KWWYP7b8gN5sg9oIBnLtQiBfSP204vXKZtG91xTyySfoGkECObUzGDIVSXFP3CN_JbIn1oS7upWYLhoZSPQhTw9LwR9RiTNL7-VR1aNILQTYXkRyRiAATiS32a5FovD6T3aXAaO8jpUzdO1sbs1SuBoqbZLdXYRXugmNfZI_M7ykrpiKPRe7STyEKja8rVFdA&h=NRv2f3SNsnN5sKgw8u6L9K7TlqvXWGXm4GYzvOw_KHE
      cache-control:
      - no-cache
      content-length:
      - '94'
      content-type:
      - application/json; charset=utf-8
      date:
      - Tue, 05 Nov 2024 17:31:05 GMT
      expires:
      - '-1'
      location:
      - https://management.azure.com/subscriptions/00000000-0000-0000-0000-000000000000/providers/Microsoft.DBforPostgreSQL/locations/eastus/operationResults/0be2407d-69b6-46ed-a1b3-d322c1101ae5?api-version=2024-11-01-preview&t=638664246663381151&c=MIIHpTCCBo2gAwIBAgITOgOyui871wRtge60rAAEA7K6LzANBgkqhkiG9w0BAQsFADBEMRMwEQYKCZImiZPyLGQBGRYDR0JMMRMwEQYKCZImiZPyLGQBGRYDQU1FMRgwFgYDVQQDEw9BTUUgSU5GUkEgQ0EgMDEwHhcNMjQwOTIyMTIyOTEzWhcNMjUwMzIxMTIyOTEzWjBAMT4wPAYDVQQDEzVhc3luY29wZXJhdGlvbnNpZ25pbmdjZXJ0aWZpY2F0ZS5tYW5hZ2VtZW50LmF6dXJlLmNvbTCCASIwDQYJKoZIhvcNAQEBBQADggEPADCCAQoCggEBALthCEIs4vwfpBtc8a6akzk9FNp-luTjsKhTETKForQzaFdF5S6PDjwZJVAOcVWePFAecP08Qp1FzfiX_Cl9StTirn6FO-MjJbWSG2THMvz756N87v6UNTXfNr29-Y-iFxGXE0LRwZ39GG4hV9nUekLb8OlN6VC48-A54O0iJybH12xGD4eKLbn4ilMqeYCyiivgk_AAxCvO75VjkDUu1PztXTqXfeLvWxaeqT1RTux_k8SPeFde5JPpWGKFNih2uv3JG5KjyszNBV6b2MaWQRiNYIiPo9N_DvTiv2r7BWNvocSISt9wLymfNp0mmAvGajmSbXqs2iphrYgHuVIhOskCAwEAAaOCBJIwggSOMCcGCSsGAQQBgjcVCgQaMBgwCgYIKwYBBQUHAwEwCgYIKwYBBQUHAwIwPQYJKwYBBAGCNxUHBDAwLgYmKwYBBAGCNxUIhpDjDYTVtHiE8Ys-hZvdFs6dEoFghfmRS4WsmTQCAWQCAQcwggHaBggrBgEFBQcBAQSCAcwwggHIMGYGCCsGAQUFBzAChlpodHRwOi8vY3JsLm1pY3Jvc29mdC5jb20vcGtpaW5mcmEvQ2VydHMvQlkyUEtJSU5UQ0EwMS5BTUUuR0JMX0FNRSUyMElORlJBJTIwQ0ElMjAwMSg0KS5jcnQwVgYIKwYBBQUHMAKGSmh0dHA6Ly9jcmwxLmFtZS5nYmwvYWlhL0JZMlBLSUlOVENBMDEuQU1FLkdCTF9BTUUlMjBJTkZSQSUyMENBJTIwMDEoNCkuY3J0MFYGCCsGAQUFBzAChkpodHRwOi8vY3JsMi5hbWUuZ2JsL2FpYS9CWTJQS0lJTlRDQTAxLkFNRS5HQkxfQU1FJTIwSU5GUkElMjBDQSUyMDAxKDQpLmNydDBWBggrBgEFBQcwAoZKaHR0cDovL2NybDMuYW1lLmdibC9haWEvQlkyUEtJSU5UQ0EwMS5BTUUuR0JMX0FNRSUyMElORlJBJTIwQ0ElMjAwMSg0KS5jcnQwVgYIKwYBBQUHMAKGSmh0dHA6Ly9jcmw0LmFtZS5nYmwvYWlhL0JZMlBLSUlOVENBMDEuQU1FLkdCTF9BTUUlMjBJTkZSQSUyMENBJTIwMDEoNCkuY3J0MB0GA1UdDgQWBBTccG012vq9QsZJa-EMbFVNK7oNDzAOBgNVHQ8BAf8EBAMCBaAwggE1BgNVHR8EggEsMIIBKDCCASSgggEgoIIBHIZCaHR0cDovL2NybC5taWNyb3NvZnQuY29tL3BraWluZnJhL0NSTC9BTUUlMjBJTkZSQSUyMENBJTIwMDEoNCkuY3JshjRodHRwOi8vY3JsMS5hbWUuZ2JsL2NybC9BTUUlMjBJTkZSQSUyMENBJTIwMDEoNCkuY3JshjRodHRwOi8vY3JsMi5hbWUuZ2JsL2NybC9BTUUlMjBJTkZSQSUyMENBJTIwMDEoNCkuY3JshjRodHRwOi8vY3JsMy5hbWUuZ2JsL2NybC9BTUUlMjBJTkZSQSUyMENBJTIwMDEoNCkuY3JshjRodHRwOi8vY3JsNC5hbWUuZ2JsL2NybC9BTUUlMjBJTkZSQSUyMENBJTIwMDEoNCkuY3JsMIGdBgNVHSAEgZUwgZIwDAYKKwYBBAGCN3sBATBmBgorBgEEAYI3ewICMFgwVgYIKwYBBQUHAgIwSh5IADMAMwBlADAAMQA5ADIAMQAtADQAZAA2ADQALQA0AGYAOABjAC0AYQAwADUANQAtADUAYgBkAGEAZgBmAGQANQBlADMAMwBkMAwGCisGAQQBgjd7AwEwDAYKKwYBBAGCN3sEAjAfBgNVHSMEGDAWgBTl2Ztn_PjsurvwwKidileIud8-YzAdBgNVHSUEFjAUBggrBgEFBQcDAQYIKwYBBQUHAwIwDQYJKoZIhvcNAQELBQADggEBAHkWc1KMstXAU5p0ciSSzPoB_W772N_r2ITPfnNv7OdZGLyDL8VTUXFgLP_lVJgsrUcSXJi6GSjDB9ww5vQCsXJQgzO4bCx-jKgHjqphvAtqaiiUEs6HJZYAXzjGr6BPLIlx2qov7eiI-vLqT3h9gqiUGYjLwwKJdO4PIGGzt5oIY5oWtLkqoxoad8CfpX7z8WM9YAUv1l-majml_BXWMmN0t5BbCB5MAuZPnD2rg3mtvh4FEV5pnTtTLPwpw7AAt-9DReZQOgsVkBLNSAzvuXHJzMAm03Gr-uZw7fY_-p1aqDgZ4KMTnQqVr8NvFE02_Gj_5hIaAdCp1bUhZ3ZrmZY&s=HC6Yk-bds0GNCOJSboDrF-A7HDHc9NfHA2MUzhmHiw8jFS7dMIskGNtbQDKkagEEgB0HD7KS3HuZIcIU9PTo954bJ0d6atreQGOAUqGw3apyH2ABSKvJFMluG5EsdSl0j_TsB9xGeO76fWN32kmjln02mNMVEeGnxV-j4o9JqOR3OTp6iRvX1B1I1_7UO7IgkTeF5vgsPybr30ghLzDqKzoXPmg5XL55MmTTx1CpoEn7vcvNCGtEKyhLw7IoJ6eF0uB-3jAgxppPNY7pnONDUQUQtDBUD-eylUtAyPRHnQJdev8_GB1lVAC8-ln8lgF1ofmqWnfg6_qGSm0Q9UuPlQ&h=Y4Y46HEJdwjWxFyJWd8SLpDLWubkP2JTdG2Bym5j6fU
      pragma:
      - no-cache
      strict-transport-security:
      - max-age=31536000; includeSubDomains
      x-cache:
      - CONFIG_NOCACHE
      x-content-type-options:
      - nosniff
      x-ms-ratelimit-remaining-subscription-global-writes:
      - '11999'
      x-ms-ratelimit-remaining-subscription-writes:
      - '799'
      x-msedge-ref:
      - 'Ref A: 74180C0492974012927E6376470199A9 Ref B: BN1AA2051013037 Ref C: 2024-11-05T17:31:06Z'
    status:
      code: 202
      message: Accepted
- request:
    body: null
    headers:
      Accept:
      - '*/*'
      Accept-Encoding:
      - gzip, deflate
      CommandName:
      - postgres flexible-server create
      Connection:
      - keep-alive
      ParameterSetName:
      - -g --name -l --storage-size --public-access --tier --sku-name --yes
      User-Agent:
      - AZURECLI/2.66.0 azsdk-python-core/1.31.0 Python/3.10.11 (Windows-10-10.0.26100-SP0)
    method: GET
    uri: https://management.azure.com/subscriptions/00000000-0000-0000-0000-000000000000/providers/Microsoft.DBforPostgreSQL/locations/eastus/azureAsyncOperation/0be2407d-69b6-46ed-a1b3-d322c1101ae5?api-version=2024-11-01-preview&t=638664246663381151&c=MIIHpTCCBo2gAwIBAgITOgOyui871wRtge60rAAEA7K6LzANBgkqhkiG9w0BAQsFADBEMRMwEQYKCZImiZPyLGQBGRYDR0JMMRMwEQYKCZImiZPyLGQBGRYDQU1FMRgwFgYDVQQDEw9BTUUgSU5GUkEgQ0EgMDEwHhcNMjQwOTIyMTIyOTEzWhcNMjUwMzIxMTIyOTEzWjBAMT4wPAYDVQQDEzVhc3luY29wZXJhdGlvbnNpZ25pbmdjZXJ0aWZpY2F0ZS5tYW5hZ2VtZW50LmF6dXJlLmNvbTCCASIwDQYJKoZIhvcNAQEBBQADggEPADCCAQoCggEBALthCEIs4vwfpBtc8a6akzk9FNp-luTjsKhTETKForQzaFdF5S6PDjwZJVAOcVWePFAecP08Qp1FzfiX_Cl9StTirn6FO-MjJbWSG2THMvz756N87v6UNTXfNr29-Y-iFxGXE0LRwZ39GG4hV9nUekLb8OlN6VC48-A54O0iJybH12xGD4eKLbn4ilMqeYCyiivgk_AAxCvO75VjkDUu1PztXTqXfeLvWxaeqT1RTux_k8SPeFde5JPpWGKFNih2uv3JG5KjyszNBV6b2MaWQRiNYIiPo9N_DvTiv2r7BWNvocSISt9wLymfNp0mmAvGajmSbXqs2iphrYgHuVIhOskCAwEAAaOCBJIwggSOMCcGCSsGAQQBgjcVCgQaMBgwCgYIKwYBBQUHAwEwCgYIKwYBBQUHAwIwPQYJKwYBBAGCNxUHBDAwLgYmKwYBBAGCNxUIhpDjDYTVtHiE8Ys-hZvdFs6dEoFghfmRS4WsmTQCAWQCAQcwggHaBggrBgEFBQcBAQSCAcwwggHIMGYGCCsGAQUFBzAChlpodHRwOi8vY3JsLm1pY3Jvc29mdC5jb20vcGtpaW5mcmEvQ2VydHMvQlkyUEtJSU5UQ0EwMS5BTUUuR0JMX0FNRSUyMElORlJBJTIwQ0ElMjAwMSg0KS5jcnQwVgYIKwYBBQUHMAKGSmh0dHA6Ly9jcmwxLmFtZS5nYmwvYWlhL0JZMlBLSUlOVENBMDEuQU1FLkdCTF9BTUUlMjBJTkZSQSUyMENBJTIwMDEoNCkuY3J0MFYGCCsGAQUFBzAChkpodHRwOi8vY3JsMi5hbWUuZ2JsL2FpYS9CWTJQS0lJTlRDQTAxLkFNRS5HQkxfQU1FJTIwSU5GUkElMjBDQSUyMDAxKDQpLmNydDBWBggrBgEFBQcwAoZKaHR0cDovL2NybDMuYW1lLmdibC9haWEvQlkyUEtJSU5UQ0EwMS5BTUUuR0JMX0FNRSUyMElORlJBJTIwQ0ElMjAwMSg0KS5jcnQwVgYIKwYBBQUHMAKGSmh0dHA6Ly9jcmw0LmFtZS5nYmwvYWlhL0JZMlBLSUlOVENBMDEuQU1FLkdCTF9BTUUlMjBJTkZSQSUyMENBJTIwMDEoNCkuY3J0MB0GA1UdDgQWBBTccG012vq9QsZJa-EMbFVNK7oNDzAOBgNVHQ8BAf8EBAMCBaAwggE1BgNVHR8EggEsMIIBKDCCASSgggEgoIIBHIZCaHR0cDovL2NybC5taWNyb3NvZnQuY29tL3BraWluZnJhL0NSTC9BTUUlMjBJTkZSQSUyMENBJTIwMDEoNCkuY3JshjRodHRwOi8vY3JsMS5hbWUuZ2JsL2NybC9BTUUlMjBJTkZSQSUyMENBJTIwMDEoNCkuY3JshjRodHRwOi8vY3JsMi5hbWUuZ2JsL2NybC9BTUUlMjBJTkZSQSUyMENBJTIwMDEoNCkuY3JshjRodHRwOi8vY3JsMy5hbWUuZ2JsL2NybC9BTUUlMjBJTkZSQSUyMENBJTIwMDEoNCkuY3JshjRodHRwOi8vY3JsNC5hbWUuZ2JsL2NybC9BTUUlMjBJTkZSQSUyMENBJTIwMDEoNCkuY3JsMIGdBgNVHSAEgZUwgZIwDAYKKwYBBAGCN3sBATBmBgorBgEEAYI3ewICMFgwVgYIKwYBBQUHAgIwSh5IADMAMwBlADAAMQA5ADIAMQAtADQAZAA2ADQALQA0AGYAOABjAC0AYQAwADUANQAtADUAYgBkAGEAZgBmAGQANQBlADMAMwBkMAwGCisGAQQBgjd7AwEwDAYKKwYBBAGCN3sEAjAfBgNVHSMEGDAWgBTl2Ztn_PjsurvwwKidileIud8-YzAdBgNVHSUEFjAUBggrBgEFBQcDAQYIKwYBBQUHAwIwDQYJKoZIhvcNAQELBQADggEBAHkWc1KMstXAU5p0ciSSzPoB_W772N_r2ITPfnNv7OdZGLyDL8VTUXFgLP_lVJgsrUcSXJi6GSjDB9ww5vQCsXJQgzO4bCx-jKgHjqphvAtqaiiUEs6HJZYAXzjGr6BPLIlx2qov7eiI-vLqT3h9gqiUGYjLwwKJdO4PIGGzt5oIY5oWtLkqoxoad8CfpX7z8WM9YAUv1l-majml_BXWMmN0t5BbCB5MAuZPnD2rg3mtvh4FEV5pnTtTLPwpw7AAt-9DReZQOgsVkBLNSAzvuXHJzMAm03Gr-uZw7fY_-p1aqDgZ4KMTnQqVr8NvFE02_Gj_5hIaAdCp1bUhZ3ZrmZY&s=g91_sR7Gu5nJweAc_po3aWBU1dxlWERlBWmc0VgahlYVV12eimdO7YPzAdj5aYTe_yVOQCj72bXr0qFr0ZVeV5rDbnjg14pcHvvmOCCcDNb19RRwD_4N3dUhvU2fZPQEv11vqhdfFNHpcMW-oTCY8KWWYP7b8gN5sg9oIBnLtQiBfSP204vXKZtG91xTyySfoGkECObUzGDIVSXFP3CN_JbIn1oS7upWYLhoZSPQhTw9LwR9RiTNL7-VR1aNILQTYXkRyRiAATiS32a5FovD6T3aXAaO8jpUzdO1sbs1SuBoqbZLdXYRXugmNfZI_M7ykrpiKPRe7STyEKja8rVFdA&h=NRv2f3SNsnN5sKgw8u6L9K7TlqvXWGXm4GYzvOw_KHE
  response:
    body:
      string: '{"name":"0be2407d-69b6-46ed-a1b3-d322c1101ae5","status":"InProgress","startTime":"2024-11-05T17:31:06.297Z"}'
    headers:
      cache-control:
      - no-cache
      content-length:
      - '108'
      content-type:
      - application/json; charset=utf-8
      date:
      - Tue, 05 Nov 2024 17:31:06 GMT
      expires:
      - '-1'
      pragma:
      - no-cache
      strict-transport-security:
      - max-age=31536000; includeSubDomains
      x-cache:
      - CONFIG_NOCACHE
      x-content-type-options:
      - nosniff
      x-ms-ratelimit-remaining-subscription-global-reads:
      - '16499'
      x-msedge-ref:
      - 'Ref A: 680DB019598A4864B0BC311ED16CDD53 Ref B: BN1AA2051013037 Ref C: 2024-11-05T17:31:06Z'
    status:
      code: 200
      message: OK
- request:
    body: null
    headers:
      Accept:
      - '*/*'
      Accept-Encoding:
      - gzip, deflate
      CommandName:
      - postgres flexible-server create
      Connection:
      - keep-alive
      ParameterSetName:
      - -g --name -l --storage-size --public-access --tier --sku-name --yes
      User-Agent:
      - AZURECLI/2.66.0 azsdk-python-core/1.31.0 Python/3.10.11 (Windows-10-10.0.26100-SP0)
    method: GET
    uri: https://management.azure.com/subscriptions/00000000-0000-0000-0000-000000000000/providers/Microsoft.DBforPostgreSQL/locations/eastus/azureAsyncOperation/0be2407d-69b6-46ed-a1b3-d322c1101ae5?api-version=2024-11-01-preview&t=638664246663381151&c=MIIHpTCCBo2gAwIBAgITOgOyui871wRtge60rAAEA7K6LzANBgkqhkiG9w0BAQsFADBEMRMwEQYKCZImiZPyLGQBGRYDR0JMMRMwEQYKCZImiZPyLGQBGRYDQU1FMRgwFgYDVQQDEw9BTUUgSU5GUkEgQ0EgMDEwHhcNMjQwOTIyMTIyOTEzWhcNMjUwMzIxMTIyOTEzWjBAMT4wPAYDVQQDEzVhc3luY29wZXJhdGlvbnNpZ25pbmdjZXJ0aWZpY2F0ZS5tYW5hZ2VtZW50LmF6dXJlLmNvbTCCASIwDQYJKoZIhvcNAQEBBQADggEPADCCAQoCggEBALthCEIs4vwfpBtc8a6akzk9FNp-luTjsKhTETKForQzaFdF5S6PDjwZJVAOcVWePFAecP08Qp1FzfiX_Cl9StTirn6FO-MjJbWSG2THMvz756N87v6UNTXfNr29-Y-iFxGXE0LRwZ39GG4hV9nUekLb8OlN6VC48-A54O0iJybH12xGD4eKLbn4ilMqeYCyiivgk_AAxCvO75VjkDUu1PztXTqXfeLvWxaeqT1RTux_k8SPeFde5JPpWGKFNih2uv3JG5KjyszNBV6b2MaWQRiNYIiPo9N_DvTiv2r7BWNvocSISt9wLymfNp0mmAvGajmSbXqs2iphrYgHuVIhOskCAwEAAaOCBJIwggSOMCcGCSsGAQQBgjcVCgQaMBgwCgYIKwYBBQUHAwEwCgYIKwYBBQUHAwIwPQYJKwYBBAGCNxUHBDAwLgYmKwYBBAGCNxUIhpDjDYTVtHiE8Ys-hZvdFs6dEoFghfmRS4WsmTQCAWQCAQcwggHaBggrBgEFBQcBAQSCAcwwggHIMGYGCCsGAQUFBzAChlpodHRwOi8vY3JsLm1pY3Jvc29mdC5jb20vcGtpaW5mcmEvQ2VydHMvQlkyUEtJSU5UQ0EwMS5BTUUuR0JMX0FNRSUyMElORlJBJTIwQ0ElMjAwMSg0KS5jcnQwVgYIKwYBBQUHMAKGSmh0dHA6Ly9jcmwxLmFtZS5nYmwvYWlhL0JZMlBLSUlOVENBMDEuQU1FLkdCTF9BTUUlMjBJTkZSQSUyMENBJTIwMDEoNCkuY3J0MFYGCCsGAQUFBzAChkpodHRwOi8vY3JsMi5hbWUuZ2JsL2FpYS9CWTJQS0lJTlRDQTAxLkFNRS5HQkxfQU1FJTIwSU5GUkElMjBDQSUyMDAxKDQpLmNydDBWBggrBgEFBQcwAoZKaHR0cDovL2NybDMuYW1lLmdibC9haWEvQlkyUEtJSU5UQ0EwMS5BTUUuR0JMX0FNRSUyMElORlJBJTIwQ0ElMjAwMSg0KS5jcnQwVgYIKwYBBQUHMAKGSmh0dHA6Ly9jcmw0LmFtZS5nYmwvYWlhL0JZMlBLSUlOVENBMDEuQU1FLkdCTF9BTUUlMjBJTkZSQSUyMENBJTIwMDEoNCkuY3J0MB0GA1UdDgQWBBTccG012vq9QsZJa-EMbFVNK7oNDzAOBgNVHQ8BAf8EBAMCBaAwggE1BgNVHR8EggEsMIIBKDCCASSgggEgoIIBHIZCaHR0cDovL2NybC5taWNyb3NvZnQuY29tL3BraWluZnJhL0NSTC9BTUUlMjBJTkZSQSUyMENBJTIwMDEoNCkuY3JshjRodHRwOi8vY3JsMS5hbWUuZ2JsL2NybC9BTUUlMjBJTkZSQSUyMENBJTIwMDEoNCkuY3JshjRodHRwOi8vY3JsMi5hbWUuZ2JsL2NybC9BTUUlMjBJTkZSQSUyMENBJTIwMDEoNCkuY3JshjRodHRwOi8vY3JsMy5hbWUuZ2JsL2NybC9BTUUlMjBJTkZSQSUyMENBJTIwMDEoNCkuY3JshjRodHRwOi8vY3JsNC5hbWUuZ2JsL2NybC9BTUUlMjBJTkZSQSUyMENBJTIwMDEoNCkuY3JsMIGdBgNVHSAEgZUwgZIwDAYKKwYBBAGCN3sBATBmBgorBgEEAYI3ewICMFgwVgYIKwYBBQUHAgIwSh5IADMAMwBlADAAMQA5ADIAMQAtADQAZAA2ADQALQA0AGYAOABjAC0AYQAwADUANQAtADUAYgBkAGEAZgBmAGQANQBlADMAMwBkMAwGCisGAQQBgjd7AwEwDAYKKwYBBAGCN3sEAjAfBgNVHSMEGDAWgBTl2Ztn_PjsurvwwKidileIud8-YzAdBgNVHSUEFjAUBggrBgEFBQcDAQYIKwYBBQUHAwIwDQYJKoZIhvcNAQELBQADggEBAHkWc1KMstXAU5p0ciSSzPoB_W772N_r2ITPfnNv7OdZGLyDL8VTUXFgLP_lVJgsrUcSXJi6GSjDB9ww5vQCsXJQgzO4bCx-jKgHjqphvAtqaiiUEs6HJZYAXzjGr6BPLIlx2qov7eiI-vLqT3h9gqiUGYjLwwKJdO4PIGGzt5oIY5oWtLkqoxoad8CfpX7z8WM9YAUv1l-majml_BXWMmN0t5BbCB5MAuZPnD2rg3mtvh4FEV5pnTtTLPwpw7AAt-9DReZQOgsVkBLNSAzvuXHJzMAm03Gr-uZw7fY_-p1aqDgZ4KMTnQqVr8NvFE02_Gj_5hIaAdCp1bUhZ3ZrmZY&s=g91_sR7Gu5nJweAc_po3aWBU1dxlWERlBWmc0VgahlYVV12eimdO7YPzAdj5aYTe_yVOQCj72bXr0qFr0ZVeV5rDbnjg14pcHvvmOCCcDNb19RRwD_4N3dUhvU2fZPQEv11vqhdfFNHpcMW-oTCY8KWWYP7b8gN5sg9oIBnLtQiBfSP204vXKZtG91xTyySfoGkECObUzGDIVSXFP3CN_JbIn1oS7upWYLhoZSPQhTw9LwR9RiTNL7-VR1aNILQTYXkRyRiAATiS32a5FovD6T3aXAaO8jpUzdO1sbs1SuBoqbZLdXYRXugmNfZI_M7ykrpiKPRe7STyEKja8rVFdA&h=NRv2f3SNsnN5sKgw8u6L9K7TlqvXWGXm4GYzvOw_KHE
  response:
    body:
      string: '{"name":"0be2407d-69b6-46ed-a1b3-d322c1101ae5","status":"Succeeded","startTime":"2024-11-05T17:31:06.297Z"}'
    headers:
      cache-control:
      - no-cache
      content-length:
      - '107'
      content-type:
      - application/json; charset=utf-8
      date:
      - Tue, 05 Nov 2024 17:31:16 GMT
      expires:
      - '-1'
      pragma:
      - no-cache
      strict-transport-security:
      - max-age=31536000; includeSubDomains
      x-cache:
      - CONFIG_NOCACHE
      x-content-type-options:
      - nosniff
      x-ms-ratelimit-remaining-subscription-global-reads:
      - '16499'
      x-msedge-ref:
      - 'Ref A: 3A5B792ABA074B2CBE81E1C60B70B5B3 Ref B: BN1AA2051013037 Ref C: 2024-11-05T17:31:16Z'
    status:
      code: 200
      message: OK
- request:
    body: null
    headers:
      Accept:
      - '*/*'
      Accept-Encoding:
      - gzip, deflate
      CommandName:
      - postgres flexible-server create
      Connection:
      - keep-alive
      ParameterSetName:
      - -g --name -l --storage-size --public-access --tier --sku-name --yes
      User-Agent:
      - AZURECLI/2.66.0 azsdk-python-core/1.31.0 Python/3.10.11 (Windows-10-10.0.26100-SP0)
    method: GET
    uri: https://management.azure.com/subscriptions/00000000-0000-0000-0000-000000000000/resourceGroups/clitest.rg000001/providers/Microsoft.DBforPostgreSQL/flexibleServers/azuredbclitest-000002/databases/flexibleserverdb?api-version=2024-11-01-preview
  response:
    body:
      string: '{"properties":{"charset":"UTF8","collation":"en_US.utf8"},"id":"/subscriptions/00000000-0000-0000-0000-000000000000/resourceGroups/clitest.rg000001/providers/Microsoft.DBforPostgreSQL/flexibleServers/azuredbclitest-000002/databases/flexibleserverdb","name":"flexibleserverdb","type":"Microsoft.DBforPostgreSQL/flexibleServers/databases"}'
    headers:
      cache-control:
      - no-cache
      content-length:
      - '337'
      content-type:
      - application/json; charset=utf-8
      date:
      - Tue, 05 Nov 2024 17:31:16 GMT
      expires:
      - '-1'
      pragma:
      - no-cache
      strict-transport-security:
      - max-age=31536000; includeSubDomains
      x-cache:
      - CONFIG_NOCACHE
      x-content-type-options:
      - nosniff
      x-ms-ratelimit-remaining-subscription-global-reads:
      - '16499'
      x-msedge-ref:
      - 'Ref A: 468E81B71FA746B2B83D06B1B03330E3 Ref B: BN1AA2051013037 Ref C: 2024-11-05T17:31:16Z'
    status:
      code: 200
      message: OK
- request:
    body: null
    headers:
      Accept:
      - application/json
      Accept-Encoding:
      - gzip, deflate
      CommandName:
      - postgres flexible-server advanced-threat-protection-setting show
      Connection:
      - keep-alive
      ParameterSetName:
      - -g --server-name
      User-Agent:
      - AZURECLI/2.66.0 azsdk-python-core/1.31.0 Python/3.10.11 (Windows-10-10.0.26100-SP0)
    method: GET
    uri: https://management.azure.com/subscriptions/00000000-0000-0000-0000-000000000000/resourceGroups/clitest.rg000001/providers/Microsoft.DBforPostgreSQL/flexibleServers/azuredbclitest-000002/advancedThreatProtectionSettings/Default?api-version=2024-11-01-preview
  response:
    body:
      string: '{"properties":{"state":"Disabled","creationTime":"0001-01-01T00:00:00Z"},"id":"/subscriptions/00000000-0000-0000-0000-000000000000/resourceGroups/clitest.rg000001/providers/Microsoft.DBforPostgreSQL/flexibleServers/azuredbclitest-000002/advancedThreatProtectionSettings/Default","name":"Default","type":"Microsoft.DBforPostgreSQL/flexibleServers/advancedThreatProtectionSettings"}'
    headers:
      cache-control:
      - no-cache
      content-length:
      - '380'
      content-type:
      - application/json; charset=utf-8
      date:
      - Tue, 05 Nov 2024 17:31:17 GMT
      expires:
      - '-1'
      pragma:
      - no-cache
      strict-transport-security:
      - max-age=31536000; includeSubDomains
      x-cache:
      - CONFIG_NOCACHE
      x-content-type-options:
      - nosniff
      x-ms-ratelimit-remaining-subscription-global-reads:
      - '16499'
      x-msedge-ref:
      - 'Ref A: C0F381A8FAB34A2AB90E3BF494459478 Ref B: BN1AA2051012035 Ref C: 2024-11-05T17:31:17Z'
    status:
      code: 200
      message: OK
- request:
    body: '{"properties": {"state": "Enabled"}}'
    headers:
      Accept:
      - application/json
      Accept-Encoding:
      - gzip, deflate
      CommandName:
      - postgres flexible-server advanced-threat-protection-setting update
      Connection:
      - keep-alive
      Content-Length:
      - '36'
      Content-Type:
      - application/json
      ParameterSetName:
      - -g --server-name --state
      User-Agent:
      - AZURECLI/2.66.0 azsdk-python-core/1.31.0 Python/3.10.11 (Windows-10-10.0.26100-SP0)
    method: PUT
    uri: https://management.azure.com/subscriptions/00000000-0000-0000-0000-000000000000/resourceGroups/clitest.rg000001/providers/Microsoft.DBforPostgreSQL/flexibleServers/azuredbclitest-000002/advancedThreatProtectionSettings/Default?api-version=2024-11-01-preview
  response:
    body:
      string: '{"operation":"UpsertThreatProtectionStateOperation","startTime":"2024-11-05T17:31:20.31Z"}'
    headers:
      azure-asyncoperation:
      - https://management.azure.com/subscriptions/00000000-0000-0000-0000-000000000000/providers/Microsoft.DBforPostgreSQL/locations/eastus/azureAsyncOperation/4982c36a-49fc-4d7d-9fce-9cfafecadd61?api-version=2024-11-01-preview&t=638664246803257030&c=MIIHpTCCBo2gAwIBAgITOgOyui871wRtge60rAAEA7K6LzANBgkqhkiG9w0BAQsFADBEMRMwEQYKCZImiZPyLGQBGRYDR0JMMRMwEQYKCZImiZPyLGQBGRYDQU1FMRgwFgYDVQQDEw9BTUUgSU5GUkEgQ0EgMDEwHhcNMjQwOTIyMTIyOTEzWhcNMjUwMzIxMTIyOTEzWjBAMT4wPAYDVQQDEzVhc3luY29wZXJhdGlvbnNpZ25pbmdjZXJ0aWZpY2F0ZS5tYW5hZ2VtZW50LmF6dXJlLmNvbTCCASIwDQYJKoZIhvcNAQEBBQADggEPADCCAQoCggEBALthCEIs4vwfpBtc8a6akzk9FNp-luTjsKhTETKForQzaFdF5S6PDjwZJVAOcVWePFAecP08Qp1FzfiX_Cl9StTirn6FO-MjJbWSG2THMvz756N87v6UNTXfNr29-Y-iFxGXE0LRwZ39GG4hV9nUekLb8OlN6VC48-A54O0iJybH12xGD4eKLbn4ilMqeYCyiivgk_AAxCvO75VjkDUu1PztXTqXfeLvWxaeqT1RTux_k8SPeFde5JPpWGKFNih2uv3JG5KjyszNBV6b2MaWQRiNYIiPo9N_DvTiv2r7BWNvocSISt9wLymfNp0mmAvGajmSbXqs2iphrYgHuVIhOskCAwEAAaOCBJIwggSOMCcGCSsGAQQBgjcVCgQaMBgwCgYIKwYBBQUHAwEwCgYIKwYBBQUHAwIwPQYJKwYBBAGCNxUHBDAwLgYmKwYBBAGCNxUIhpDjDYTVtHiE8Ys-hZvdFs6dEoFghfmRS4WsmTQCAWQCAQcwggHaBggrBgEFBQcBAQSCAcwwggHIMGYGCCsGAQUFBzAChlpodHRwOi8vY3JsLm1pY3Jvc29mdC5jb20vcGtpaW5mcmEvQ2VydHMvQlkyUEtJSU5UQ0EwMS5BTUUuR0JMX0FNRSUyMElORlJBJTIwQ0ElMjAwMSg0KS5jcnQwVgYIKwYBBQUHMAKGSmh0dHA6Ly9jcmwxLmFtZS5nYmwvYWlhL0JZMlBLSUlOVENBMDEuQU1FLkdCTF9BTUUlMjBJTkZSQSUyMENBJTIwMDEoNCkuY3J0MFYGCCsGAQUFBzAChkpodHRwOi8vY3JsMi5hbWUuZ2JsL2FpYS9CWTJQS0lJTlRDQTAxLkFNRS5HQkxfQU1FJTIwSU5GUkElMjBDQSUyMDAxKDQpLmNydDBWBggrBgEFBQcwAoZKaHR0cDovL2NybDMuYW1lLmdibC9haWEvQlkyUEtJSU5UQ0EwMS5BTUUuR0JMX0FNRSUyMElORlJBJTIwQ0ElMjAwMSg0KS5jcnQwVgYIKwYBBQUHMAKGSmh0dHA6Ly9jcmw0LmFtZS5nYmwvYWlhL0JZMlBLSUlOVENBMDEuQU1FLkdCTF9BTUUlMjBJTkZSQSUyMENBJTIwMDEoNCkuY3J0MB0GA1UdDgQWBBTccG012vq9QsZJa-EMbFVNK7oNDzAOBgNVHQ8BAf8EBAMCBaAwggE1BgNVHR8EggEsMIIBKDCCASSgggEgoIIBHIZCaHR0cDovL2NybC5taWNyb3NvZnQuY29tL3BraWluZnJhL0NSTC9BTUUlMjBJTkZSQSUyMENBJTIwMDEoNCkuY3JshjRodHRwOi8vY3JsMS5hbWUuZ2JsL2NybC9BTUUlMjBJTkZSQSUyMENBJTIwMDEoNCkuY3JshjRodHRwOi8vY3JsMi5hbWUuZ2JsL2NybC9BTUUlMjBJTkZSQSUyMENBJTIwMDEoNCkuY3JshjRodHRwOi8vY3JsMy5hbWUuZ2JsL2NybC9BTUUlMjBJTkZSQSUyMENBJTIwMDEoNCkuY3JshjRodHRwOi8vY3JsNC5hbWUuZ2JsL2NybC9BTUUlMjBJTkZSQSUyMENBJTIwMDEoNCkuY3JsMIGdBgNVHSAEgZUwgZIwDAYKKwYBBAGCN3sBATBmBgorBgEEAYI3ewICMFgwVgYIKwYBBQUHAgIwSh5IADMAMwBlADAAMQA5ADIAMQAtADQAZAA2ADQALQA0AGYAOABjAC0AYQAwADUANQAtADUAYgBkAGEAZgBmAGQANQBlADMAMwBkMAwGCisGAQQBgjd7AwEwDAYKKwYBBAGCN3sEAjAfBgNVHSMEGDAWgBTl2Ztn_PjsurvwwKidileIud8-YzAdBgNVHSUEFjAUBggrBgEFBQcDAQYIKwYBBQUHAwIwDQYJKoZIhvcNAQELBQADggEBAHkWc1KMstXAU5p0ciSSzPoB_W772N_r2ITPfnNv7OdZGLyDL8VTUXFgLP_lVJgsrUcSXJi6GSjDB9ww5vQCsXJQgzO4bCx-jKgHjqphvAtqaiiUEs6HJZYAXzjGr6BPLIlx2qov7eiI-vLqT3h9gqiUGYjLwwKJdO4PIGGzt5oIY5oWtLkqoxoad8CfpX7z8WM9YAUv1l-majml_BXWMmN0t5BbCB5MAuZPnD2rg3mtvh4FEV5pnTtTLPwpw7AAt-9DReZQOgsVkBLNSAzvuXHJzMAm03Gr-uZw7fY_-p1aqDgZ4KMTnQqVr8NvFE02_Gj_5hIaAdCp1bUhZ3ZrmZY&s=E8S3Uqys9ROAvFZejswvo5QCYdZF-J1P7shsicreYVAmayl2qlrI0eOjQ76D_aFTMqrQ2nlqOJuRs6-6rSKNWonyOkZO-eTytkBGMXr74zUXVjGdTW9cS0jjLaYjH1EjjpNwMjwZyrLCu7dw8Og0kP4pa5yAgI2UrIYP-m5uGiVcn3oplAeIRjrtCqY2J3c7Yp9sIk1uT9XpRm6QSP9mntfu-NjzrOkCURRL9TzB-BwbP5Sd2pN2Sp8FpTrSPB4TT9eyUOQgOg9wchFyTzIMsDmAc34QTdqXclXAksN15AB5yxRoSrGo-u8MCkFSIl52S8FHLNM2KJYFuITUJaAtqw&h=WyTuh1H2UcZq9SvIqFqP5pLVAE1Bp6sIY7SI5fHvp2k
      cache-control:
      - no-cache
      content-length:
      - '90'
      content-type:
      - application/json; charset=utf-8
      date:
      - Tue, 05 Nov 2024 17:31:19 GMT
      expires:
      - '-1'
      location:
      - https://management.azure.com/subscriptions/00000000-0000-0000-0000-000000000000/providers/Microsoft.DBforPostgreSQL/locations/eastus/operationResults/4982c36a-49fc-4d7d-9fce-9cfafecadd61?api-version=2024-11-01-preview&t=638664246804507041&c=MIIHpTCCBo2gAwIBAgITOgOyui871wRtge60rAAEA7K6LzANBgkqhkiG9w0BAQsFADBEMRMwEQYKCZImiZPyLGQBGRYDR0JMMRMwEQYKCZImiZPyLGQBGRYDQU1FMRgwFgYDVQQDEw9BTUUgSU5GUkEgQ0EgMDEwHhcNMjQwOTIyMTIyOTEzWhcNMjUwMzIxMTIyOTEzWjBAMT4wPAYDVQQDEzVhc3luY29wZXJhdGlvbnNpZ25pbmdjZXJ0aWZpY2F0ZS5tYW5hZ2VtZW50LmF6dXJlLmNvbTCCASIwDQYJKoZIhvcNAQEBBQADggEPADCCAQoCggEBALthCEIs4vwfpBtc8a6akzk9FNp-luTjsKhTETKForQzaFdF5S6PDjwZJVAOcVWePFAecP08Qp1FzfiX_Cl9StTirn6FO-MjJbWSG2THMvz756N87v6UNTXfNr29-Y-iFxGXE0LRwZ39GG4hV9nUekLb8OlN6VC48-A54O0iJybH12xGD4eKLbn4ilMqeYCyiivgk_AAxCvO75VjkDUu1PztXTqXfeLvWxaeqT1RTux_k8SPeFde5JPpWGKFNih2uv3JG5KjyszNBV6b2MaWQRiNYIiPo9N_DvTiv2r7BWNvocSISt9wLymfNp0mmAvGajmSbXqs2iphrYgHuVIhOskCAwEAAaOCBJIwggSOMCcGCSsGAQQBgjcVCgQaMBgwCgYIKwYBBQUHAwEwCgYIKwYBBQUHAwIwPQYJKwYBBAGCNxUHBDAwLgYmKwYBBAGCNxUIhpDjDYTVtHiE8Ys-hZvdFs6dEoFghfmRS4WsmTQCAWQCAQcwggHaBggrBgEFBQcBAQSCAcwwggHIMGYGCCsGAQUFBzAChlpodHRwOi8vY3JsLm1pY3Jvc29mdC5jb20vcGtpaW5mcmEvQ2VydHMvQlkyUEtJSU5UQ0EwMS5BTUUuR0JMX0FNRSUyMElORlJBJTIwQ0ElMjAwMSg0KS5jcnQwVgYIKwYBBQUHMAKGSmh0dHA6Ly9jcmwxLmFtZS5nYmwvYWlhL0JZMlBLSUlOVENBMDEuQU1FLkdCTF9BTUUlMjBJTkZSQSUyMENBJTIwMDEoNCkuY3J0MFYGCCsGAQUFBzAChkpodHRwOi8vY3JsMi5hbWUuZ2JsL2FpYS9CWTJQS0lJTlRDQTAxLkFNRS5HQkxfQU1FJTIwSU5GUkElMjBDQSUyMDAxKDQpLmNydDBWBggrBgEFBQcwAoZKaHR0cDovL2NybDMuYW1lLmdibC9haWEvQlkyUEtJSU5UQ0EwMS5BTUUuR0JMX0FNRSUyMElORlJBJTIwQ0ElMjAwMSg0KS5jcnQwVgYIKwYBBQUHMAKGSmh0dHA6Ly9jcmw0LmFtZS5nYmwvYWlhL0JZMlBLSUlOVENBMDEuQU1FLkdCTF9BTUUlMjBJTkZSQSUyMENBJTIwMDEoNCkuY3J0MB0GA1UdDgQWBBTccG012vq9QsZJa-EMbFVNK7oNDzAOBgNVHQ8BAf8EBAMCBaAwggE1BgNVHR8EggEsMIIBKDCCASSgggEgoIIBHIZCaHR0cDovL2NybC5taWNyb3NvZnQuY29tL3BraWluZnJhL0NSTC9BTUUlMjBJTkZSQSUyMENBJTIwMDEoNCkuY3JshjRodHRwOi8vY3JsMS5hbWUuZ2JsL2NybC9BTUUlMjBJTkZSQSUyMENBJTIwMDEoNCkuY3JshjRodHRwOi8vY3JsMi5hbWUuZ2JsL2NybC9BTUUlMjBJTkZSQSUyMENBJTIwMDEoNCkuY3JshjRodHRwOi8vY3JsMy5hbWUuZ2JsL2NybC9BTUUlMjBJTkZSQSUyMENBJTIwMDEoNCkuY3JshjRodHRwOi8vY3JsNC5hbWUuZ2JsL2NybC9BTUUlMjBJTkZSQSUyMENBJTIwMDEoNCkuY3JsMIGdBgNVHSAEgZUwgZIwDAYKKwYBBAGCN3sBATBmBgorBgEEAYI3ewICMFgwVgYIKwYBBQUHAgIwSh5IADMAMwBlADAAMQA5ADIAMQAtADQAZAA2ADQALQA0AGYAOABjAC0AYQAwADUANQAtADUAYgBkAGEAZgBmAGQANQBlADMAMwBkMAwGCisGAQQBgjd7AwEwDAYKKwYBBAGCN3sEAjAfBgNVHSMEGDAWgBTl2Ztn_PjsurvwwKidileIud8-YzAdBgNVHSUEFjAUBggrBgEFBQcDAQYIKwYBBQUHAwIwDQYJKoZIhvcNAQELBQADggEBAHkWc1KMstXAU5p0ciSSzPoB_W772N_r2ITPfnNv7OdZGLyDL8VTUXFgLP_lVJgsrUcSXJi6GSjDB9ww5vQCsXJQgzO4bCx-jKgHjqphvAtqaiiUEs6HJZYAXzjGr6BPLIlx2qov7eiI-vLqT3h9gqiUGYjLwwKJdO4PIGGzt5oIY5oWtLkqoxoad8CfpX7z8WM9YAUv1l-majml_BXWMmN0t5BbCB5MAuZPnD2rg3mtvh4FEV5pnTtTLPwpw7AAt-9DReZQOgsVkBLNSAzvuXHJzMAm03Gr-uZw7fY_-p1aqDgZ4KMTnQqVr8NvFE02_Gj_5hIaAdCp1bUhZ3ZrmZY&s=kFzx2HrrjGno8y1cyqk7EcNlz4DelYzV9mFPMmKtRQ3rmCg4PXgOTBNVaFVQwTalRdKgf9sOHJu1bUiHb6y5azt_-gTpFNpRXx5yYm9aKA0BTBqjL8Vx3qf5J8fdLrWUs1w2iXVTsOw459bolUhoxtqtaTu99zzQvQs6wDKUm21sRo-y-n7hUxnMaX8s9kzUrcDUbACZ9uDSmFyAnO5LG71W28JJ4J5rNscJT-8lcuFxo1eqzuy_GuZMvTRWzk44AFIpf9D1X73L03MxwV7w10spvoeu9ABTY9eydKvlzU0sg7XlRA1XIUlbML5RIfkWqRV1H25mYfkoK9zqyrqgVA&h=zDpUGRAUxO0nkrEXmQ_mPIG8eNzRYizTmMxEtM4-tRY
      pragma:
      - no-cache
      strict-transport-security:
      - max-age=31536000; includeSubDomains
      x-cache:
      - CONFIG_NOCACHE
      x-content-type-options:
      - nosniff
      x-ms-ratelimit-remaining-subscription-global-writes:
      - '11999'
      x-ms-ratelimit-remaining-subscription-writes:
      - '799'
      x-msedge-ref:
      - 'Ref A: 26F347A3BAFA4EBC8BA871027623A867 Ref B: BN1AA2051012053 Ref C: 2024-11-05T17:31:18Z'
    status:
      code: 202
      message: Accepted
- request:
    body: null
    headers:
      Accept:
      - '*/*'
      Accept-Encoding:
      - gzip, deflate
      CommandName:
      - postgres flexible-server advanced-threat-protection-setting update
      Connection:
      - keep-alive
      ParameterSetName:
      - -g --server-name --state
      User-Agent:
      - AZURECLI/2.66.0 azsdk-python-core/1.31.0 Python/3.10.11 (Windows-10-10.0.26100-SP0)
    method: GET
    uri: https://management.azure.com/subscriptions/00000000-0000-0000-0000-000000000000/providers/Microsoft.DBforPostgreSQL/locations/eastus/azureAsyncOperation/4982c36a-49fc-4d7d-9fce-9cfafecadd61?api-version=2024-11-01-preview&t=638664246803257030&c=MIIHpTCCBo2gAwIBAgITOgOyui871wRtge60rAAEA7K6LzANBgkqhkiG9w0BAQsFADBEMRMwEQYKCZImiZPyLGQBGRYDR0JMMRMwEQYKCZImiZPyLGQBGRYDQU1FMRgwFgYDVQQDEw9BTUUgSU5GUkEgQ0EgMDEwHhcNMjQwOTIyMTIyOTEzWhcNMjUwMzIxMTIyOTEzWjBAMT4wPAYDVQQDEzVhc3luY29wZXJhdGlvbnNpZ25pbmdjZXJ0aWZpY2F0ZS5tYW5hZ2VtZW50LmF6dXJlLmNvbTCCASIwDQYJKoZIhvcNAQEBBQADggEPADCCAQoCggEBALthCEIs4vwfpBtc8a6akzk9FNp-luTjsKhTETKForQzaFdF5S6PDjwZJVAOcVWePFAecP08Qp1FzfiX_Cl9StTirn6FO-MjJbWSG2THMvz756N87v6UNTXfNr29-Y-iFxGXE0LRwZ39GG4hV9nUekLb8OlN6VC48-A54O0iJybH12xGD4eKLbn4ilMqeYCyiivgk_AAxCvO75VjkDUu1PztXTqXfeLvWxaeqT1RTux_k8SPeFde5JPpWGKFNih2uv3JG5KjyszNBV6b2MaWQRiNYIiPo9N_DvTiv2r7BWNvocSISt9wLymfNp0mmAvGajmSbXqs2iphrYgHuVIhOskCAwEAAaOCBJIwggSOMCcGCSsGAQQBgjcVCgQaMBgwCgYIKwYBBQUHAwEwCgYIKwYBBQUHAwIwPQYJKwYBBAGCNxUHBDAwLgYmKwYBBAGCNxUIhpDjDYTVtHiE8Ys-hZvdFs6dEoFghfmRS4WsmTQCAWQCAQcwggHaBggrBgEFBQcBAQSCAcwwggHIMGYGCCsGAQUFBzAChlpodHRwOi8vY3JsLm1pY3Jvc29mdC5jb20vcGtpaW5mcmEvQ2VydHMvQlkyUEtJSU5UQ0EwMS5BTUUuR0JMX0FNRSUyMElORlJBJTIwQ0ElMjAwMSg0KS5jcnQwVgYIKwYBBQUHMAKGSmh0dHA6Ly9jcmwxLmFtZS5nYmwvYWlhL0JZMlBLSUlOVENBMDEuQU1FLkdCTF9BTUUlMjBJTkZSQSUyMENBJTIwMDEoNCkuY3J0MFYGCCsGAQUFBzAChkpodHRwOi8vY3JsMi5hbWUuZ2JsL2FpYS9CWTJQS0lJTlRDQTAxLkFNRS5HQkxfQU1FJTIwSU5GUkElMjBDQSUyMDAxKDQpLmNydDBWBggrBgEFBQcwAoZKaHR0cDovL2NybDMuYW1lLmdibC9haWEvQlkyUEtJSU5UQ0EwMS5BTUUuR0JMX0FNRSUyMElORlJBJTIwQ0ElMjAwMSg0KS5jcnQwVgYIKwYBBQUHMAKGSmh0dHA6Ly9jcmw0LmFtZS5nYmwvYWlhL0JZMlBLSUlOVENBMDEuQU1FLkdCTF9BTUUlMjBJTkZSQSUyMENBJTIwMDEoNCkuY3J0MB0GA1UdDgQWBBTccG012vq9QsZJa-EMbFVNK7oNDzAOBgNVHQ8BAf8EBAMCBaAwggE1BgNVHR8EggEsMIIBKDCCASSgggEgoIIBHIZCaHR0cDovL2NybC5taWNyb3NvZnQuY29tL3BraWluZnJhL0NSTC9BTUUlMjBJTkZSQSUyMENBJTIwMDEoNCkuY3JshjRodHRwOi8vY3JsMS5hbWUuZ2JsL2NybC9BTUUlMjBJTkZSQSUyMENBJTIwMDEoNCkuY3JshjRodHRwOi8vY3JsMi5hbWUuZ2JsL2NybC9BTUUlMjBJTkZSQSUyMENBJTIwMDEoNCkuY3JshjRodHRwOi8vY3JsMy5hbWUuZ2JsL2NybC9BTUUlMjBJTkZSQSUyMENBJTIwMDEoNCkuY3JshjRodHRwOi8vY3JsNC5hbWUuZ2JsL2NybC9BTUUlMjBJTkZSQSUyMENBJTIwMDEoNCkuY3JsMIGdBgNVHSAEgZUwgZIwDAYKKwYBBAGCN3sBATBmBgorBgEEAYI3ewICMFgwVgYIKwYBBQUHAgIwSh5IADMAMwBlADAAMQA5ADIAMQAtADQAZAA2ADQALQA0AGYAOABjAC0AYQAwADUANQAtADUAYgBkAGEAZgBmAGQANQBlADMAMwBkMAwGCisGAQQBgjd7AwEwDAYKKwYBBAGCN3sEAjAfBgNVHSMEGDAWgBTl2Ztn_PjsurvwwKidileIud8-YzAdBgNVHSUEFjAUBggrBgEFBQcDAQYIKwYBBQUHAwIwDQYJKoZIhvcNAQELBQADggEBAHkWc1KMstXAU5p0ciSSzPoB_W772N_r2ITPfnNv7OdZGLyDL8VTUXFgLP_lVJgsrUcSXJi6GSjDB9ww5vQCsXJQgzO4bCx-jKgHjqphvAtqaiiUEs6HJZYAXzjGr6BPLIlx2qov7eiI-vLqT3h9gqiUGYjLwwKJdO4PIGGzt5oIY5oWtLkqoxoad8CfpX7z8WM9YAUv1l-majml_BXWMmN0t5BbCB5MAuZPnD2rg3mtvh4FEV5pnTtTLPwpw7AAt-9DReZQOgsVkBLNSAzvuXHJzMAm03Gr-uZw7fY_-p1aqDgZ4KMTnQqVr8NvFE02_Gj_5hIaAdCp1bUhZ3ZrmZY&s=E8S3Uqys9ROAvFZejswvo5QCYdZF-J1P7shsicreYVAmayl2qlrI0eOjQ76D_aFTMqrQ2nlqOJuRs6-6rSKNWonyOkZO-eTytkBGMXr74zUXVjGdTW9cS0jjLaYjH1EjjpNwMjwZyrLCu7dw8Og0kP4pa5yAgI2UrIYP-m5uGiVcn3oplAeIRjrtCqY2J3c7Yp9sIk1uT9XpRm6QSP9mntfu-NjzrOkCURRL9TzB-BwbP5Sd2pN2Sp8FpTrSPB4TT9eyUOQgOg9wchFyTzIMsDmAc34QTdqXclXAksN15AB5yxRoSrGo-u8MCkFSIl52S8FHLNM2KJYFuITUJaAtqw&h=WyTuh1H2UcZq9SvIqFqP5pLVAE1Bp6sIY7SI5fHvp2k
  response:
    body:
      string: '{"name":"4982c36a-49fc-4d7d-9fce-9cfafecadd61","status":"InProgress","startTime":"2024-11-05T17:31:20.31Z"}'
    headers:
      cache-control:
      - no-cache
      content-length:
      - '107'
      content-type:
      - application/json; charset=utf-8
      date:
      - Tue, 05 Nov 2024 17:31:19 GMT
      expires:
      - '-1'
      pragma:
      - no-cache
      strict-transport-security:
      - max-age=31536000; includeSubDomains
      x-cache:
      - CONFIG_NOCACHE
      x-content-type-options:
      - nosniff
      x-ms-ratelimit-remaining-subscription-global-reads:
      - '16499'
      x-msedge-ref:
      - 'Ref A: 83464E6DE95E4E8F9438BD477FD1A7AC Ref B: BN1AA2051012053 Ref C: 2024-11-05T17:31:20Z'
    status:
      code: 200
      message: OK
- request:
    body: null
    headers:
      Accept:
      - '*/*'
      Accept-Encoding:
      - gzip, deflate
      CommandName:
      - postgres flexible-server advanced-threat-protection-setting update
      Connection:
      - keep-alive
      ParameterSetName:
      - -g --server-name --state
      User-Agent:
      - AZURECLI/2.66.0 azsdk-python-core/1.31.0 Python/3.10.11 (Windows-10-10.0.26100-SP0)
    method: GET
    uri: https://management.azure.com/subscriptions/00000000-0000-0000-0000-000000000000/providers/Microsoft.DBforPostgreSQL/locations/eastus/azureAsyncOperation/4982c36a-49fc-4d7d-9fce-9cfafecadd61?api-version=2024-11-01-preview&t=638664246803257030&c=MIIHpTCCBo2gAwIBAgITOgOyui871wRtge60rAAEA7K6LzANBgkqhkiG9w0BAQsFADBEMRMwEQYKCZImiZPyLGQBGRYDR0JMMRMwEQYKCZImiZPyLGQBGRYDQU1FMRgwFgYDVQQDEw9BTUUgSU5GUkEgQ0EgMDEwHhcNMjQwOTIyMTIyOTEzWhcNMjUwMzIxMTIyOTEzWjBAMT4wPAYDVQQDEzVhc3luY29wZXJhdGlvbnNpZ25pbmdjZXJ0aWZpY2F0ZS5tYW5hZ2VtZW50LmF6dXJlLmNvbTCCASIwDQYJKoZIhvcNAQEBBQADggEPADCCAQoCggEBALthCEIs4vwfpBtc8a6akzk9FNp-luTjsKhTETKForQzaFdF5S6PDjwZJVAOcVWePFAecP08Qp1FzfiX_Cl9StTirn6FO-MjJbWSG2THMvz756N87v6UNTXfNr29-Y-iFxGXE0LRwZ39GG4hV9nUekLb8OlN6VC48-A54O0iJybH12xGD4eKLbn4ilMqeYCyiivgk_AAxCvO75VjkDUu1PztXTqXfeLvWxaeqT1RTux_k8SPeFde5JPpWGKFNih2uv3JG5KjyszNBV6b2MaWQRiNYIiPo9N_DvTiv2r7BWNvocSISt9wLymfNp0mmAvGajmSbXqs2iphrYgHuVIhOskCAwEAAaOCBJIwggSOMCcGCSsGAQQBgjcVCgQaMBgwCgYIKwYBBQUHAwEwCgYIKwYBBQUHAwIwPQYJKwYBBAGCNxUHBDAwLgYmKwYBBAGCNxUIhpDjDYTVtHiE8Ys-hZvdFs6dEoFghfmRS4WsmTQCAWQCAQcwggHaBggrBgEFBQcBAQSCAcwwggHIMGYGCCsGAQUFBzAChlpodHRwOi8vY3JsLm1pY3Jvc29mdC5jb20vcGtpaW5mcmEvQ2VydHMvQlkyUEtJSU5UQ0EwMS5BTUUuR0JMX0FNRSUyMElORlJBJTIwQ0ElMjAwMSg0KS5jcnQwVgYIKwYBBQUHMAKGSmh0dHA6Ly9jcmwxLmFtZS5nYmwvYWlhL0JZMlBLSUlOVENBMDEuQU1FLkdCTF9BTUUlMjBJTkZSQSUyMENBJTIwMDEoNCkuY3J0MFYGCCsGAQUFBzAChkpodHRwOi8vY3JsMi5hbWUuZ2JsL2FpYS9CWTJQS0lJTlRDQTAxLkFNRS5HQkxfQU1FJTIwSU5GUkElMjBDQSUyMDAxKDQpLmNydDBWBggrBgEFBQcwAoZKaHR0cDovL2NybDMuYW1lLmdibC9haWEvQlkyUEtJSU5UQ0EwMS5BTUUuR0JMX0FNRSUyMElORlJBJTIwQ0ElMjAwMSg0KS5jcnQwVgYIKwYBBQUHMAKGSmh0dHA6Ly9jcmw0LmFtZS5nYmwvYWlhL0JZMlBLSUlOVENBMDEuQU1FLkdCTF9BTUUlMjBJTkZSQSUyMENBJTIwMDEoNCkuY3J0MB0GA1UdDgQWBBTccG012vq9QsZJa-EMbFVNK7oNDzAOBgNVHQ8BAf8EBAMCBaAwggE1BgNVHR8EggEsMIIBKDCCASSgggEgoIIBHIZCaHR0cDovL2NybC5taWNyb3NvZnQuY29tL3BraWluZnJhL0NSTC9BTUUlMjBJTkZSQSUyMENBJTIwMDEoNCkuY3JshjRodHRwOi8vY3JsMS5hbWUuZ2JsL2NybC9BTUUlMjBJTkZSQSUyMENBJTIwMDEoNCkuY3JshjRodHRwOi8vY3JsMi5hbWUuZ2JsL2NybC9BTUUlMjBJTkZSQSUyMENBJTIwMDEoNCkuY3JshjRodHRwOi8vY3JsMy5hbWUuZ2JsL2NybC9BTUUlMjBJTkZSQSUyMENBJTIwMDEoNCkuY3JshjRodHRwOi8vY3JsNC5hbWUuZ2JsL2NybC9BTUUlMjBJTkZSQSUyMENBJTIwMDEoNCkuY3JsMIGdBgNVHSAEgZUwgZIwDAYKKwYBBAGCN3sBATBmBgorBgEEAYI3ewICMFgwVgYIKwYBBQUHAgIwSh5IADMAMwBlADAAMQA5ADIAMQAtADQAZAA2ADQALQA0AGYAOABjAC0AYQAwADUANQAtADUAYgBkAGEAZgBmAGQANQBlADMAMwBkMAwGCisGAQQBgjd7AwEwDAYKKwYBBAGCN3sEAjAfBgNVHSMEGDAWgBTl2Ztn_PjsurvwwKidileIud8-YzAdBgNVHSUEFjAUBggrBgEFBQcDAQYIKwYBBQUHAwIwDQYJKoZIhvcNAQELBQADggEBAHkWc1KMstXAU5p0ciSSzPoB_W772N_r2ITPfnNv7OdZGLyDL8VTUXFgLP_lVJgsrUcSXJi6GSjDB9ww5vQCsXJQgzO4bCx-jKgHjqphvAtqaiiUEs6HJZYAXzjGr6BPLIlx2qov7eiI-vLqT3h9gqiUGYjLwwKJdO4PIGGzt5oIY5oWtLkqoxoad8CfpX7z8WM9YAUv1l-majml_BXWMmN0t5BbCB5MAuZPnD2rg3mtvh4FEV5pnTtTLPwpw7AAt-9DReZQOgsVkBLNSAzvuXHJzMAm03Gr-uZw7fY_-p1aqDgZ4KMTnQqVr8NvFE02_Gj_5hIaAdCp1bUhZ3ZrmZY&s=E8S3Uqys9ROAvFZejswvo5QCYdZF-J1P7shsicreYVAmayl2qlrI0eOjQ76D_aFTMqrQ2nlqOJuRs6-6rSKNWonyOkZO-eTytkBGMXr74zUXVjGdTW9cS0jjLaYjH1EjjpNwMjwZyrLCu7dw8Og0kP4pa5yAgI2UrIYP-m5uGiVcn3oplAeIRjrtCqY2J3c7Yp9sIk1uT9XpRm6QSP9mntfu-NjzrOkCURRL9TzB-BwbP5Sd2pN2Sp8FpTrSPB4TT9eyUOQgOg9wchFyTzIMsDmAc34QTdqXclXAksN15AB5yxRoSrGo-u8MCkFSIl52S8FHLNM2KJYFuITUJaAtqw&h=WyTuh1H2UcZq9SvIqFqP5pLVAE1Bp6sIY7SI5fHvp2k
  response:
    body:
      string: '{"name":"4982c36a-49fc-4d7d-9fce-9cfafecadd61","status":"Succeeded","startTime":"2024-11-05T17:31:20.31Z"}'
    headers:
      cache-control:
      - no-cache
      content-length:
      - '106'
      content-type:
      - application/json; charset=utf-8
      date:
      - Tue, 05 Nov 2024 17:31:30 GMT
      expires:
      - '-1'
      pragma:
      - no-cache
      strict-transport-security:
      - max-age=31536000; includeSubDomains
      x-cache:
      - CONFIG_NOCACHE
      x-content-type-options:
      - nosniff
      x-ms-ratelimit-remaining-subscription-global-reads:
      - '16499'
      x-msedge-ref:
      - 'Ref A: D39B84E8FAD440AAABBF4BE4BADD42ED Ref B: BN1AA2051012053 Ref C: 2024-11-05T17:31:30Z'
    status:
      code: 200
      message: OK
- request:
    body: null
    headers:
      Accept:
      - '*/*'
      Accept-Encoding:
      - gzip, deflate
      CommandName:
      - postgres flexible-server advanced-threat-protection-setting update
      Connection:
      - keep-alive
      ParameterSetName:
      - -g --server-name --state
      User-Agent:
      - AZURECLI/2.66.0 azsdk-python-core/1.31.0 Python/3.10.11 (Windows-10-10.0.26100-SP0)
    method: GET
    uri: https://management.azure.com/subscriptions/00000000-0000-0000-0000-000000000000/resourceGroups/clitest.rg000001/providers/Microsoft.DBforPostgreSQL/flexibleServers/azuredbclitest-000002/advancedThreatProtectionSettings/Default?api-version=2024-11-01-preview
  response:
    body:
      string: '{"properties":{"state":"Enabled","creationTime":"2024-11-05T17:31:21.4832026Z"},"id":"/subscriptions/00000000-0000-0000-0000-000000000000/resourceGroups/clitest.rg000001/providers/Microsoft.DBforPostgreSQL/flexibleServers/azuredbclitest-000002/advancedThreatProtectionSettings/Default","name":"Default","type":"Microsoft.DBforPostgreSQL/flexibleServers/advancedThreatProtectionSettings"}'
    headers:
      cache-control:
      - no-cache
      content-length:
      - '387'
      content-type:
      - application/json; charset=utf-8
      date:
      - Tue, 05 Nov 2024 17:31:30 GMT
      expires:
      - '-1'
      pragma:
      - no-cache
      strict-transport-security:
      - max-age=31536000; includeSubDomains
      x-cache:
      - CONFIG_NOCACHE
      x-content-type-options:
      - nosniff
      x-ms-ratelimit-remaining-subscription-global-reads:
      - '16499'
      x-msedge-ref:
      - 'Ref A: 128B1CB650B84C4AB8CBD4568A3ECFFB Ref B: BN1AA2051012053 Ref C: 2024-11-05T17:31:30Z'
    status:
      code: 200
      message: OK
- request:
    body: null
    headers:
      Accept:
      - application/json
      Accept-Encoding:
      - gzip, deflate
      CommandName:
      - postgres flexible-server advanced-threat-protection-setting show
      Connection:
      - keep-alive
      ParameterSetName:
      - -g --server-name
      User-Agent:
      - AZURECLI/2.66.0 azsdk-python-core/1.31.0 Python/3.10.11 (Windows-10-10.0.26100-SP0)
    method: GET
    uri: https://management.azure.com/subscriptions/00000000-0000-0000-0000-000000000000/resourceGroups/clitest.rg000001/providers/Microsoft.DBforPostgreSQL/flexibleServers/azuredbclitest-000002/advancedThreatProtectionSettings/Default?api-version=2024-11-01-preview
  response:
    body:
      string: '{"properties":{"state":"Enabled","creationTime":"2024-11-05T17:31:21.4832026Z"},"id":"/subscriptions/00000000-0000-0000-0000-000000000000/resourceGroups/clitest.rg000001/providers/Microsoft.DBforPostgreSQL/flexibleServers/azuredbclitest-000002/advancedThreatProtectionSettings/Default","name":"Default","type":"Microsoft.DBforPostgreSQL/flexibleServers/advancedThreatProtectionSettings"}'
    headers:
      cache-control:
      - no-cache
      content-length:
      - '387'
      content-type:
      - application/json; charset=utf-8
      date:
      - Tue, 05 Nov 2024 17:31:31 GMT
      expires:
      - '-1'
      pragma:
      - no-cache
      strict-transport-security:
      - max-age=31536000; includeSubDomains
      x-cache:
      - CONFIG_NOCACHE
      x-content-type-options:
      - nosniff
      x-ms-ratelimit-remaining-subscription-global-reads:
      - '16499'
      x-msedge-ref:
      - 'Ref A: 5EF6F0B139E14790A9376BCCBF2D7FE4 Ref B: BN1AA2051015037 Ref C: 2024-11-05T17:31:31Z'
    status:
      code: 200
      message: OK
- request:
    body: '{"properties": {"state": "Disabled"}}'
    headers:
      Accept:
      - application/json
      Accept-Encoding:
      - gzip, deflate
      CommandName:
      - postgres flexible-server advanced-threat-protection-setting update
      Connection:
      - keep-alive
      Content-Length:
      - '37'
      Content-Type:
      - application/json
      ParameterSetName:
      - -g --server-name --state
      User-Agent:
      - AZURECLI/2.66.0 azsdk-python-core/1.31.0 Python/3.10.11 (Windows-10-10.0.26100-SP0)
    method: PUT
    uri: https://management.azure.com/subscriptions/00000000-0000-0000-0000-000000000000/resourceGroups/clitest.rg000001/providers/Microsoft.DBforPostgreSQL/flexibleServers/azuredbclitest-000002/advancedThreatProtectionSettings/Default?api-version=2024-11-01-preview
  response:
    body:
      string: '{"operation":"UpsertThreatProtectionStateOperation","startTime":"2024-11-05T17:31:32.987Z"}'
    headers:
      azure-asyncoperation:
      - https://management.azure.com/subscriptions/00000000-0000-0000-0000-000000000000/providers/Microsoft.DBforPostgreSQL/locations/eastus/azureAsyncOperation/726c2072-c722-4dae-b382-61a4d6175977?api-version=2024-11-01-preview&t=638664246931010910&c=MIIHpTCCBo2gAwIBAgITOgOyui871wRtge60rAAEA7K6LzANBgkqhkiG9w0BAQsFADBEMRMwEQYKCZImiZPyLGQBGRYDR0JMMRMwEQYKCZImiZPyLGQBGRYDQU1FMRgwFgYDVQQDEw9BTUUgSU5GUkEgQ0EgMDEwHhcNMjQwOTIyMTIyOTEzWhcNMjUwMzIxMTIyOTEzWjBAMT4wPAYDVQQDEzVhc3luY29wZXJhdGlvbnNpZ25pbmdjZXJ0aWZpY2F0ZS5tYW5hZ2VtZW50LmF6dXJlLmNvbTCCASIwDQYJKoZIhvcNAQEBBQADggEPADCCAQoCggEBALthCEIs4vwfpBtc8a6akzk9FNp-luTjsKhTETKForQzaFdF5S6PDjwZJVAOcVWePFAecP08Qp1FzfiX_Cl9StTirn6FO-MjJbWSG2THMvz756N87v6UNTXfNr29-Y-iFxGXE0LRwZ39GG4hV9nUekLb8OlN6VC48-A54O0iJybH12xGD4eKLbn4ilMqeYCyiivgk_AAxCvO75VjkDUu1PztXTqXfeLvWxaeqT1RTux_k8SPeFde5JPpWGKFNih2uv3JG5KjyszNBV6b2MaWQRiNYIiPo9N_DvTiv2r7BWNvocSISt9wLymfNp0mmAvGajmSbXqs2iphrYgHuVIhOskCAwEAAaOCBJIwggSOMCcGCSsGAQQBgjcVCgQaMBgwCgYIKwYBBQUHAwEwCgYIKwYBBQUHAwIwPQYJKwYBBAGCNxUHBDAwLgYmKwYBBAGCNxUIhpDjDYTVtHiE8Ys-hZvdFs6dEoFghfmRS4WsmTQCAWQCAQcwggHaBggrBgEFBQcBAQSCAcwwggHIMGYGCCsGAQUFBzAChlpodHRwOi8vY3JsLm1pY3Jvc29mdC5jb20vcGtpaW5mcmEvQ2VydHMvQlkyUEtJSU5UQ0EwMS5BTUUuR0JMX0FNRSUyMElORlJBJTIwQ0ElMjAwMSg0KS5jcnQwVgYIKwYBBQUHMAKGSmh0dHA6Ly9jcmwxLmFtZS5nYmwvYWlhL0JZMlBLSUlOVENBMDEuQU1FLkdCTF9BTUUlMjBJTkZSQSUyMENBJTIwMDEoNCkuY3J0MFYGCCsGAQUFBzAChkpodHRwOi8vY3JsMi5hbWUuZ2JsL2FpYS9CWTJQS0lJTlRDQTAxLkFNRS5HQkxfQU1FJTIwSU5GUkElMjBDQSUyMDAxKDQpLmNydDBWBggrBgEFBQcwAoZKaHR0cDovL2NybDMuYW1lLmdibC9haWEvQlkyUEtJSU5UQ0EwMS5BTUUuR0JMX0FNRSUyMElORlJBJTIwQ0ElMjAwMSg0KS5jcnQwVgYIKwYBBQUHMAKGSmh0dHA6Ly9jcmw0LmFtZS5nYmwvYWlhL0JZMlBLSUlOVENBMDEuQU1FLkdCTF9BTUUlMjBJTkZSQSUyMENBJTIwMDEoNCkuY3J0MB0GA1UdDgQWBBTccG012vq9QsZJa-EMbFVNK7oNDzAOBgNVHQ8BAf8EBAMCBaAwggE1BgNVHR8EggEsMIIBKDCCASSgggEgoIIBHIZCaHR0cDovL2NybC5taWNyb3NvZnQuY29tL3BraWluZnJhL0NSTC9BTUUlMjBJTkZSQSUyMENBJTIwMDEoNCkuY3JshjRodHRwOi8vY3JsMS5hbWUuZ2JsL2NybC9BTUUlMjBJTkZSQSUyMENBJTIwMDEoNCkuY3JshjRodHRwOi8vY3JsMi5hbWUuZ2JsL2NybC9BTUUlMjBJTkZSQSUyMENBJTIwMDEoNCkuY3JshjRodHRwOi8vY3JsMy5hbWUuZ2JsL2NybC9BTUUlMjBJTkZSQSUyMENBJTIwMDEoNCkuY3JshjRodHRwOi8vY3JsNC5hbWUuZ2JsL2NybC9BTUUlMjBJTkZSQSUyMENBJTIwMDEoNCkuY3JsMIGdBgNVHSAEgZUwgZIwDAYKKwYBBAGCN3sBATBmBgorBgEEAYI3ewICMFgwVgYIKwYBBQUHAgIwSh5IADMAMwBlADAAMQA5ADIAMQAtADQAZAA2ADQALQA0AGYAOABjAC0AYQAwADUANQAtADUAYgBkAGEAZgBmAGQANQBlADMAMwBkMAwGCisGAQQBgjd7AwEwDAYKKwYBBAGCN3sEAjAfBgNVHSMEGDAWgBTl2Ztn_PjsurvwwKidileIud8-YzAdBgNVHSUEFjAUBggrBgEFBQcDAQYIKwYBBQUHAwIwDQYJKoZIhvcNAQELBQADggEBAHkWc1KMstXAU5p0ciSSzPoB_W772N_r2ITPfnNv7OdZGLyDL8VTUXFgLP_lVJgsrUcSXJi6GSjDB9ww5vQCsXJQgzO4bCx-jKgHjqphvAtqaiiUEs6HJZYAXzjGr6BPLIlx2qov7eiI-vLqT3h9gqiUGYjLwwKJdO4PIGGzt5oIY5oWtLkqoxoad8CfpX7z8WM9YAUv1l-majml_BXWMmN0t5BbCB5MAuZPnD2rg3mtvh4FEV5pnTtTLPwpw7AAt-9DReZQOgsVkBLNSAzvuXHJzMAm03Gr-uZw7fY_-p1aqDgZ4KMTnQqVr8NvFE02_Gj_5hIaAdCp1bUhZ3ZrmZY&s=KMUgx5a9kLdLb92RaIswGycaV0oQPXrRPhL8U4LIGQhrIvSBSsCPJDO_XA3Zm7w7hEZ_mBvmBO1pvzjZBibHGiXQ2C9R-MJjQRgyouD32VgmBvP1WhWX1j40DVUJcvvYaUA-0inumjOdeCkrVvmsb5CECw0kniYkLyFCMDGbet5nmrzeFhX1gqBpNjUU-h9DxZX1x2H4cX9iW1FcwLkW-07Tr_EYMBvQpw9OiRAFXHK7T0TRSqjjsdDl7vSknnrT-rLbLX9i_bPVXj9ZDYXouVB0Wkgu3sTDoHrjclIAvlLztLp8vWT9SKpCEyFZx74J7Ga0B2uGO1m5Pk4xuyJ9pA&h=E9e4HbmRKPvhzpLODApRxc3N4YQr_IUsPVwEYOJyMtE
      cache-control:
      - no-cache
      content-length:
      - '91'
      content-type:
      - application/json; charset=utf-8
      date:
      - Tue, 05 Nov 2024 17:31:32 GMT
      expires:
      - '-1'
      location:
      - https://management.azure.com/subscriptions/00000000-0000-0000-0000-000000000000/providers/Microsoft.DBforPostgreSQL/locations/eastus/operationResults/726c2072-c722-4dae-b382-61a4d6175977?api-version=2024-11-01-preview&t=638664246931167176&c=MIIHpTCCBo2gAwIBAgITOgOyui871wRtge60rAAEA7K6LzANBgkqhkiG9w0BAQsFADBEMRMwEQYKCZImiZPyLGQBGRYDR0JMMRMwEQYKCZImiZPyLGQBGRYDQU1FMRgwFgYDVQQDEw9BTUUgSU5GUkEgQ0EgMDEwHhcNMjQwOTIyMTIyOTEzWhcNMjUwMzIxMTIyOTEzWjBAMT4wPAYDVQQDEzVhc3luY29wZXJhdGlvbnNpZ25pbmdjZXJ0aWZpY2F0ZS5tYW5hZ2VtZW50LmF6dXJlLmNvbTCCASIwDQYJKoZIhvcNAQEBBQADggEPADCCAQoCggEBALthCEIs4vwfpBtc8a6akzk9FNp-luTjsKhTETKForQzaFdF5S6PDjwZJVAOcVWePFAecP08Qp1FzfiX_Cl9StTirn6FO-MjJbWSG2THMvz756N87v6UNTXfNr29-Y-iFxGXE0LRwZ39GG4hV9nUekLb8OlN6VC48-A54O0iJybH12xGD4eKLbn4ilMqeYCyiivgk_AAxCvO75VjkDUu1PztXTqXfeLvWxaeqT1RTux_k8SPeFde5JPpWGKFNih2uv3JG5KjyszNBV6b2MaWQRiNYIiPo9N_DvTiv2r7BWNvocSISt9wLymfNp0mmAvGajmSbXqs2iphrYgHuVIhOskCAwEAAaOCBJIwggSOMCcGCSsGAQQBgjcVCgQaMBgwCgYIKwYBBQUHAwEwCgYIKwYBBQUHAwIwPQYJKwYBBAGCNxUHBDAwLgYmKwYBBAGCNxUIhpDjDYTVtHiE8Ys-hZvdFs6dEoFghfmRS4WsmTQCAWQCAQcwggHaBggrBgEFBQcBAQSCAcwwggHIMGYGCCsGAQUFBzAChlpodHRwOi8vY3JsLm1pY3Jvc29mdC5jb20vcGtpaW5mcmEvQ2VydHMvQlkyUEtJSU5UQ0EwMS5BTUUuR0JMX0FNRSUyMElORlJBJTIwQ0ElMjAwMSg0KS5jcnQwVgYIKwYBBQUHMAKGSmh0dHA6Ly9jcmwxLmFtZS5nYmwvYWlhL0JZMlBLSUlOVENBMDEuQU1FLkdCTF9BTUUlMjBJTkZSQSUyMENBJTIwMDEoNCkuY3J0MFYGCCsGAQUFBzAChkpodHRwOi8vY3JsMi5hbWUuZ2JsL2FpYS9CWTJQS0lJTlRDQTAxLkFNRS5HQkxfQU1FJTIwSU5GUkElMjBDQSUyMDAxKDQpLmNydDBWBggrBgEFBQcwAoZKaHR0cDovL2NybDMuYW1lLmdibC9haWEvQlkyUEtJSU5UQ0EwMS5BTUUuR0JMX0FNRSUyMElORlJBJTIwQ0ElMjAwMSg0KS5jcnQwVgYIKwYBBQUHMAKGSmh0dHA6Ly9jcmw0LmFtZS5nYmwvYWlhL0JZMlBLSUlOVENBMDEuQU1FLkdCTF9BTUUlMjBJTkZSQSUyMENBJTIwMDEoNCkuY3J0MB0GA1UdDgQWBBTccG012vq9QsZJa-EMbFVNK7oNDzAOBgNVHQ8BAf8EBAMCBaAwggE1BgNVHR8EggEsMIIBKDCCASSgggEgoIIBHIZCaHR0cDovL2NybC5taWNyb3NvZnQuY29tL3BraWluZnJhL0NSTC9BTUUlMjBJTkZSQSUyMENBJTIwMDEoNCkuY3JshjRodHRwOi8vY3JsMS5hbWUuZ2JsL2NybC9BTUUlMjBJTkZSQSUyMENBJTIwMDEoNCkuY3JshjRodHRwOi8vY3JsMi5hbWUuZ2JsL2NybC9BTUUlMjBJTkZSQSUyMENBJTIwMDEoNCkuY3JshjRodHRwOi8vY3JsMy5hbWUuZ2JsL2NybC9BTUUlMjBJTkZSQSUyMENBJTIwMDEoNCkuY3JshjRodHRwOi8vY3JsNC5hbWUuZ2JsL2NybC9BTUUlMjBJTkZSQSUyMENBJTIwMDEoNCkuY3JsMIGdBgNVHSAEgZUwgZIwDAYKKwYBBAGCN3sBATBmBgorBgEEAYI3ewICMFgwVgYIKwYBBQUHAgIwSh5IADMAMwBlADAAMQA5ADIAMQAtADQAZAA2ADQALQA0AGYAOABjAC0AYQAwADUANQAtADUAYgBkAGEAZgBmAGQANQBlADMAMwBkMAwGCisGAQQBgjd7AwEwDAYKKwYBBAGCN3sEAjAfBgNVHSMEGDAWgBTl2Ztn_PjsurvwwKidileIud8-YzAdBgNVHSUEFjAUBggrBgEFBQcDAQYIKwYBBQUHAwIwDQYJKoZIhvcNAQELBQADggEBAHkWc1KMstXAU5p0ciSSzPoB_W772N_r2ITPfnNv7OdZGLyDL8VTUXFgLP_lVJgsrUcSXJi6GSjDB9ww5vQCsXJQgzO4bCx-jKgHjqphvAtqaiiUEs6HJZYAXzjGr6BPLIlx2qov7eiI-vLqT3h9gqiUGYjLwwKJdO4PIGGzt5oIY5oWtLkqoxoad8CfpX7z8WM9YAUv1l-majml_BXWMmN0t5BbCB5MAuZPnD2rg3mtvh4FEV5pnTtTLPwpw7AAt-9DReZQOgsVkBLNSAzvuXHJzMAm03Gr-uZw7fY_-p1aqDgZ4KMTnQqVr8NvFE02_Gj_5hIaAdCp1bUhZ3ZrmZY&s=Koaulure8Uw3DlTLs0iJZ_QefpNyv-JWAFrtIoUyZHFWYZJG5w9Al0LIMQLLcIlQAbNNDhxXwBbmJcMP39Fyu-5BWbRucHvFYoFx_27OgAnJtPWr-9eIQMMZYQ-_eucWJJZNNEYTt2T-BK6zibvD8yTPH90s5LBou8O4Erh8TVxV1ZT57AQfspiGSLCXMdLDH72hn8Cs8tkwhwfmQe6oYC14VuFxCHERtP48F3kum0svz96ZN8PL_ZbgwO1xe5kMcnpv0ByVtbDsTJIseaKxNS-p_nHlC_QS1IrKefwinMhCb4tY23iSYGMjmuHGjoFvHWEFgQkUJAqaY1ErU4Of5w&h=XwEWVjgTEPsM-VJAa3A5gn03HuLnwBMMpVOY__xsiDc
      pragma:
      - no-cache
      strict-transport-security:
      - max-age=31536000; includeSubDomains
      x-cache:
      - CONFIG_NOCACHE
      x-content-type-options:
      - nosniff
      x-ms-ratelimit-remaining-subscription-global-writes:
      - '11999'
      x-ms-ratelimit-remaining-subscription-writes:
      - '799'
      x-msedge-ref:
      - 'Ref A: 507F99583EBD4C5E89730695FE52CF30 Ref B: BN1AA2051013011 Ref C: 2024-11-05T17:31:32Z'
    status:
      code: 202
      message: Accepted
- request:
    body: null
    headers:
      Accept:
      - '*/*'
      Accept-Encoding:
      - gzip, deflate
      CommandName:
      - postgres flexible-server advanced-threat-protection-setting update
      Connection:
      - keep-alive
      ParameterSetName:
      - -g --server-name --state
      User-Agent:
      - AZURECLI/2.66.0 azsdk-python-core/1.31.0 Python/3.10.11 (Windows-10-10.0.26100-SP0)
    method: GET
    uri: https://management.azure.com/subscriptions/00000000-0000-0000-0000-000000000000/providers/Microsoft.DBforPostgreSQL/locations/eastus/azureAsyncOperation/726c2072-c722-4dae-b382-61a4d6175977?api-version=2024-11-01-preview&t=638664246931010910&c=MIIHpTCCBo2gAwIBAgITOgOyui871wRtge60rAAEA7K6LzANBgkqhkiG9w0BAQsFADBEMRMwEQYKCZImiZPyLGQBGRYDR0JMMRMwEQYKCZImiZPyLGQBGRYDQU1FMRgwFgYDVQQDEw9BTUUgSU5GUkEgQ0EgMDEwHhcNMjQwOTIyMTIyOTEzWhcNMjUwMzIxMTIyOTEzWjBAMT4wPAYDVQQDEzVhc3luY29wZXJhdGlvbnNpZ25pbmdjZXJ0aWZpY2F0ZS5tYW5hZ2VtZW50LmF6dXJlLmNvbTCCASIwDQYJKoZIhvcNAQEBBQADggEPADCCAQoCggEBALthCEIs4vwfpBtc8a6akzk9FNp-luTjsKhTETKForQzaFdF5S6PDjwZJVAOcVWePFAecP08Qp1FzfiX_Cl9StTirn6FO-MjJbWSG2THMvz756N87v6UNTXfNr29-Y-iFxGXE0LRwZ39GG4hV9nUekLb8OlN6VC48-A54O0iJybH12xGD4eKLbn4ilMqeYCyiivgk_AAxCvO75VjkDUu1PztXTqXfeLvWxaeqT1RTux_k8SPeFde5JPpWGKFNih2uv3JG5KjyszNBV6b2MaWQRiNYIiPo9N_DvTiv2r7BWNvocSISt9wLymfNp0mmAvGajmSbXqs2iphrYgHuVIhOskCAwEAAaOCBJIwggSOMCcGCSsGAQQBgjcVCgQaMBgwCgYIKwYBBQUHAwEwCgYIKwYBBQUHAwIwPQYJKwYBBAGCNxUHBDAwLgYmKwYBBAGCNxUIhpDjDYTVtHiE8Ys-hZvdFs6dEoFghfmRS4WsmTQCAWQCAQcwggHaBggrBgEFBQcBAQSCAcwwggHIMGYGCCsGAQUFBzAChlpodHRwOi8vY3JsLm1pY3Jvc29mdC5jb20vcGtpaW5mcmEvQ2VydHMvQlkyUEtJSU5UQ0EwMS5BTUUuR0JMX0FNRSUyMElORlJBJTIwQ0ElMjAwMSg0KS5jcnQwVgYIKwYBBQUHMAKGSmh0dHA6Ly9jcmwxLmFtZS5nYmwvYWlhL0JZMlBLSUlOVENBMDEuQU1FLkdCTF9BTUUlMjBJTkZSQSUyMENBJTIwMDEoNCkuY3J0MFYGCCsGAQUFBzAChkpodHRwOi8vY3JsMi5hbWUuZ2JsL2FpYS9CWTJQS0lJTlRDQTAxLkFNRS5HQkxfQU1FJTIwSU5GUkElMjBDQSUyMDAxKDQpLmNydDBWBggrBgEFBQcwAoZKaHR0cDovL2NybDMuYW1lLmdibC9haWEvQlkyUEtJSU5UQ0EwMS5BTUUuR0JMX0FNRSUyMElORlJBJTIwQ0ElMjAwMSg0KS5jcnQwVgYIKwYBBQUHMAKGSmh0dHA6Ly9jcmw0LmFtZS5nYmwvYWlhL0JZMlBLSUlOVENBMDEuQU1FLkdCTF9BTUUlMjBJTkZSQSUyMENBJTIwMDEoNCkuY3J0MB0GA1UdDgQWBBTccG012vq9QsZJa-EMbFVNK7oNDzAOBgNVHQ8BAf8EBAMCBaAwggE1BgNVHR8EggEsMIIBKDCCASSgggEgoIIBHIZCaHR0cDovL2NybC5taWNyb3NvZnQuY29tL3BraWluZnJhL0NSTC9BTUUlMjBJTkZSQSUyMENBJTIwMDEoNCkuY3JshjRodHRwOi8vY3JsMS5hbWUuZ2JsL2NybC9BTUUlMjBJTkZSQSUyMENBJTIwMDEoNCkuY3JshjRodHRwOi8vY3JsMi5hbWUuZ2JsL2NybC9BTUUlMjBJTkZSQSUyMENBJTIwMDEoNCkuY3JshjRodHRwOi8vY3JsMy5hbWUuZ2JsL2NybC9BTUUlMjBJTkZSQSUyMENBJTIwMDEoNCkuY3JshjRodHRwOi8vY3JsNC5hbWUuZ2JsL2NybC9BTUUlMjBJTkZSQSUyMENBJTIwMDEoNCkuY3JsMIGdBgNVHSAEgZUwgZIwDAYKKwYBBAGCN3sBATBmBgorBgEEAYI3ewICMFgwVgYIKwYBBQUHAgIwSh5IADMAMwBlADAAMQA5ADIAMQAtADQAZAA2ADQALQA0AGYAOABjAC0AYQAwADUANQAtADUAYgBkAGEAZgBmAGQANQBlADMAMwBkMAwGCisGAQQBgjd7AwEwDAYKKwYBBAGCN3sEAjAfBgNVHSMEGDAWgBTl2Ztn_PjsurvwwKidileIud8-YzAdBgNVHSUEFjAUBggrBgEFBQcDAQYIKwYBBQUHAwIwDQYJKoZIhvcNAQELBQADggEBAHkWc1KMstXAU5p0ciSSzPoB_W772N_r2ITPfnNv7OdZGLyDL8VTUXFgLP_lVJgsrUcSXJi6GSjDB9ww5vQCsXJQgzO4bCx-jKgHjqphvAtqaiiUEs6HJZYAXzjGr6BPLIlx2qov7eiI-vLqT3h9gqiUGYjLwwKJdO4PIGGzt5oIY5oWtLkqoxoad8CfpX7z8WM9YAUv1l-majml_BXWMmN0t5BbCB5MAuZPnD2rg3mtvh4FEV5pnTtTLPwpw7AAt-9DReZQOgsVkBLNSAzvuXHJzMAm03Gr-uZw7fY_-p1aqDgZ4KMTnQqVr8NvFE02_Gj_5hIaAdCp1bUhZ3ZrmZY&s=KMUgx5a9kLdLb92RaIswGycaV0oQPXrRPhL8U4LIGQhrIvSBSsCPJDO_XA3Zm7w7hEZ_mBvmBO1pvzjZBibHGiXQ2C9R-MJjQRgyouD32VgmBvP1WhWX1j40DVUJcvvYaUA-0inumjOdeCkrVvmsb5CECw0kniYkLyFCMDGbet5nmrzeFhX1gqBpNjUU-h9DxZX1x2H4cX9iW1FcwLkW-07Tr_EYMBvQpw9OiRAFXHK7T0TRSqjjsdDl7vSknnrT-rLbLX9i_bPVXj9ZDYXouVB0Wkgu3sTDoHrjclIAvlLztLp8vWT9SKpCEyFZx74J7Ga0B2uGO1m5Pk4xuyJ9pA&h=E9e4HbmRKPvhzpLODApRxc3N4YQr_IUsPVwEYOJyMtE
  response:
    body:
      string: '{"name":"726c2072-c722-4dae-b382-61a4d6175977","status":"InProgress","startTime":"2024-11-05T17:31:32.987Z"}'
    headers:
      cache-control:
      - no-cache
      content-length:
      - '108'
      content-type:
      - application/json; charset=utf-8
      date:
      - Tue, 05 Nov 2024 17:31:32 GMT
      expires:
      - '-1'
      pragma:
      - no-cache
      strict-transport-security:
      - max-age=31536000; includeSubDomains
      x-cache:
      - CONFIG_NOCACHE
      x-content-type-options:
      - nosniff
      x-ms-ratelimit-remaining-subscription-global-reads:
      - '16499'
      x-msedge-ref:
      - 'Ref A: E16A66DA7168405B9C56761CF3399F25 Ref B: BN1AA2051013011 Ref C: 2024-11-05T17:31:33Z'
    status:
      code: 200
      message: OK
- request:
    body: null
    headers:
      Accept:
      - '*/*'
      Accept-Encoding:
      - gzip, deflate
      CommandName:
      - postgres flexible-server advanced-threat-protection-setting update
      Connection:
      - keep-alive
      ParameterSetName:
      - -g --server-name --state
      User-Agent:
      - AZURECLI/2.66.0 azsdk-python-core/1.31.0 Python/3.10.11 (Windows-10-10.0.26100-SP0)
    method: GET
    uri: https://management.azure.com/subscriptions/00000000-0000-0000-0000-000000000000/providers/Microsoft.DBforPostgreSQL/locations/eastus/azureAsyncOperation/726c2072-c722-4dae-b382-61a4d6175977?api-version=2024-11-01-preview&t=638664246931010910&c=MIIHpTCCBo2gAwIBAgITOgOyui871wRtge60rAAEA7K6LzANBgkqhkiG9w0BAQsFADBEMRMwEQYKCZImiZPyLGQBGRYDR0JMMRMwEQYKCZImiZPyLGQBGRYDQU1FMRgwFgYDVQQDEw9BTUUgSU5GUkEgQ0EgMDEwHhcNMjQwOTIyMTIyOTEzWhcNMjUwMzIxMTIyOTEzWjBAMT4wPAYDVQQDEzVhc3luY29wZXJhdGlvbnNpZ25pbmdjZXJ0aWZpY2F0ZS5tYW5hZ2VtZW50LmF6dXJlLmNvbTCCASIwDQYJKoZIhvcNAQEBBQADggEPADCCAQoCggEBALthCEIs4vwfpBtc8a6akzk9FNp-luTjsKhTETKForQzaFdF5S6PDjwZJVAOcVWePFAecP08Qp1FzfiX_Cl9StTirn6FO-MjJbWSG2THMvz756N87v6UNTXfNr29-Y-iFxGXE0LRwZ39GG4hV9nUekLb8OlN6VC48-A54O0iJybH12xGD4eKLbn4ilMqeYCyiivgk_AAxCvO75VjkDUu1PztXTqXfeLvWxaeqT1RTux_k8SPeFde5JPpWGKFNih2uv3JG5KjyszNBV6b2MaWQRiNYIiPo9N_DvTiv2r7BWNvocSISt9wLymfNp0mmAvGajmSbXqs2iphrYgHuVIhOskCAwEAAaOCBJIwggSOMCcGCSsGAQQBgjcVCgQaMBgwCgYIKwYBBQUHAwEwCgYIKwYBBQUHAwIwPQYJKwYBBAGCNxUHBDAwLgYmKwYBBAGCNxUIhpDjDYTVtHiE8Ys-hZvdFs6dEoFghfmRS4WsmTQCAWQCAQcwggHaBggrBgEFBQcBAQSCAcwwggHIMGYGCCsGAQUFBzAChlpodHRwOi8vY3JsLm1pY3Jvc29mdC5jb20vcGtpaW5mcmEvQ2VydHMvQlkyUEtJSU5UQ0EwMS5BTUUuR0JMX0FNRSUyMElORlJBJTIwQ0ElMjAwMSg0KS5jcnQwVgYIKwYBBQUHMAKGSmh0dHA6Ly9jcmwxLmFtZS5nYmwvYWlhL0JZMlBLSUlOVENBMDEuQU1FLkdCTF9BTUUlMjBJTkZSQSUyMENBJTIwMDEoNCkuY3J0MFYGCCsGAQUFBzAChkpodHRwOi8vY3JsMi5hbWUuZ2JsL2FpYS9CWTJQS0lJTlRDQTAxLkFNRS5HQkxfQU1FJTIwSU5GUkElMjBDQSUyMDAxKDQpLmNydDBWBggrBgEFBQcwAoZKaHR0cDovL2NybDMuYW1lLmdibC9haWEvQlkyUEtJSU5UQ0EwMS5BTUUuR0JMX0FNRSUyMElORlJBJTIwQ0ElMjAwMSg0KS5jcnQwVgYIKwYBBQUHMAKGSmh0dHA6Ly9jcmw0LmFtZS5nYmwvYWlhL0JZMlBLSUlOVENBMDEuQU1FLkdCTF9BTUUlMjBJTkZSQSUyMENBJTIwMDEoNCkuY3J0MB0GA1UdDgQWBBTccG012vq9QsZJa-EMbFVNK7oNDzAOBgNVHQ8BAf8EBAMCBaAwggE1BgNVHR8EggEsMIIBKDCCASSgggEgoIIBHIZCaHR0cDovL2NybC5taWNyb3NvZnQuY29tL3BraWluZnJhL0NSTC9BTUUlMjBJTkZSQSUyMENBJTIwMDEoNCkuY3JshjRodHRwOi8vY3JsMS5hbWUuZ2JsL2NybC9BTUUlMjBJTkZSQSUyMENBJTIwMDEoNCkuY3JshjRodHRwOi8vY3JsMi5hbWUuZ2JsL2NybC9BTUUlMjBJTkZSQSUyMENBJTIwMDEoNCkuY3JshjRodHRwOi8vY3JsMy5hbWUuZ2JsL2NybC9BTUUlMjBJTkZSQSUyMENBJTIwMDEoNCkuY3JshjRodHRwOi8vY3JsNC5hbWUuZ2JsL2NybC9BTUUlMjBJTkZSQSUyMENBJTIwMDEoNCkuY3JsMIGdBgNVHSAEgZUwgZIwDAYKKwYBBAGCN3sBATBmBgorBgEEAYI3ewICMFgwVgYIKwYBBQUHAgIwSh5IADMAMwBlADAAMQA5ADIAMQAtADQAZAA2ADQALQA0AGYAOABjAC0AYQAwADUANQAtADUAYgBkAGEAZgBmAGQANQBlADMAMwBkMAwGCisGAQQBgjd7AwEwDAYKKwYBBAGCN3sEAjAfBgNVHSMEGDAWgBTl2Ztn_PjsurvwwKidileIud8-YzAdBgNVHSUEFjAUBggrBgEFBQcDAQYIKwYBBQUHAwIwDQYJKoZIhvcNAQELBQADggEBAHkWc1KMstXAU5p0ciSSzPoB_W772N_r2ITPfnNv7OdZGLyDL8VTUXFgLP_lVJgsrUcSXJi6GSjDB9ww5vQCsXJQgzO4bCx-jKgHjqphvAtqaiiUEs6HJZYAXzjGr6BPLIlx2qov7eiI-vLqT3h9gqiUGYjLwwKJdO4PIGGzt5oIY5oWtLkqoxoad8CfpX7z8WM9YAUv1l-majml_BXWMmN0t5BbCB5MAuZPnD2rg3mtvh4FEV5pnTtTLPwpw7AAt-9DReZQOgsVkBLNSAzvuXHJzMAm03Gr-uZw7fY_-p1aqDgZ4KMTnQqVr8NvFE02_Gj_5hIaAdCp1bUhZ3ZrmZY&s=KMUgx5a9kLdLb92RaIswGycaV0oQPXrRPhL8U4LIGQhrIvSBSsCPJDO_XA3Zm7w7hEZ_mBvmBO1pvzjZBibHGiXQ2C9R-MJjQRgyouD32VgmBvP1WhWX1j40DVUJcvvYaUA-0inumjOdeCkrVvmsb5CECw0kniYkLyFCMDGbet5nmrzeFhX1gqBpNjUU-h9DxZX1x2H4cX9iW1FcwLkW-07Tr_EYMBvQpw9OiRAFXHK7T0TRSqjjsdDl7vSknnrT-rLbLX9i_bPVXj9ZDYXouVB0Wkgu3sTDoHrjclIAvlLztLp8vWT9SKpCEyFZx74J7Ga0B2uGO1m5Pk4xuyJ9pA&h=E9e4HbmRKPvhzpLODApRxc3N4YQr_IUsPVwEYOJyMtE
  response:
    body:
      string: '{"name":"726c2072-c722-4dae-b382-61a4d6175977","status":"Succeeded","startTime":"2024-11-05T17:31:32.987Z"}'
    headers:
      cache-control:
      - no-cache
      content-length:
      - '107'
      content-type:
      - application/json; charset=utf-8
      date:
      - Tue, 05 Nov 2024 17:31:42 GMT
      expires:
      - '-1'
      pragma:
      - no-cache
      strict-transport-security:
      - max-age=31536000; includeSubDomains
      x-cache:
      - CONFIG_NOCACHE
      x-content-type-options:
      - nosniff
      x-ms-ratelimit-remaining-subscription-global-reads:
      - '16499'
      x-msedge-ref:
      - 'Ref A: CAF613E310A94595B5BC2A61D7F2EDC5 Ref B: BN1AA2051013011 Ref C: 2024-11-05T17:31:43Z'
    status:
      code: 200
      message: OK
- request:
    body: null
    headers:
      Accept:
      - '*/*'
      Accept-Encoding:
      - gzip, deflate
      CommandName:
      - postgres flexible-server advanced-threat-protection-setting update
      Connection:
      - keep-alive
      ParameterSetName:
      - -g --server-name --state
      User-Agent:
      - AZURECLI/2.66.0 azsdk-python-core/1.31.0 Python/3.10.11 (Windows-10-10.0.26100-SP0)
    method: GET
    uri: https://management.azure.com/subscriptions/00000000-0000-0000-0000-000000000000/resourceGroups/clitest.rg000001/providers/Microsoft.DBforPostgreSQL/flexibleServers/azuredbclitest-000002/advancedThreatProtectionSettings/Default?api-version=2024-11-01-preview
  response:
    body:
      string: '{"properties":{"state":"Disabled","creationTime":"2024-11-05T17:31:21.4832026Z"},"id":"/subscriptions/00000000-0000-0000-0000-000000000000/resourceGroups/clitest.rg000001/providers/Microsoft.DBforPostgreSQL/flexibleServers/azuredbclitest-000002/advancedThreatProtectionSettings/Default","name":"Default","type":"Microsoft.DBforPostgreSQL/flexibleServers/advancedThreatProtectionSettings"}'
    headers:
      cache-control:
      - no-cache
      content-length:
      - '388'
      content-type:
      - application/json; charset=utf-8
      date:
      - Tue, 05 Nov 2024 17:31:43 GMT
      expires:
      - '-1'
      pragma:
      - no-cache
      strict-transport-security:
      - max-age=31536000; includeSubDomains
      x-cache:
      - CONFIG_NOCACHE
      x-content-type-options:
      - nosniff
      x-ms-ratelimit-remaining-subscription-global-reads:
      - '16499'
      x-msedge-ref:
      - 'Ref A: E339E66BCB214A9FB47CEC51D08CF6B1 Ref B: BN1AA2051013011 Ref C: 2024-11-05T17:31:43Z'
    status:
      code: 200
      message: OK
- request:
    body: null
    headers:
      Accept:
      - application/json
      Accept-Encoding:
      - gzip, deflate
      CommandName:
      - postgres flexible-server advanced-threat-protection-setting show
      Connection:
      - keep-alive
      ParameterSetName:
      - -g --server-name
      User-Agent:
      - AZURECLI/2.66.0 azsdk-python-core/1.31.0 Python/3.10.11 (Windows-10-10.0.26100-SP0)
    method: GET
    uri: https://management.azure.com/subscriptions/00000000-0000-0000-0000-000000000000/resourceGroups/clitest.rg000001/providers/Microsoft.DBforPostgreSQL/flexibleServers/azuredbclitest-000002/advancedThreatProtectionSettings/Default?api-version=2024-11-01-preview
  response:
    body:
      string: '{"properties":{"state":"Disabled","creationTime":"2024-11-05T17:31:21.4832026Z"},"id":"/subscriptions/00000000-0000-0000-0000-000000000000/resourceGroups/clitest.rg000001/providers/Microsoft.DBforPostgreSQL/flexibleServers/azuredbclitest-000002/advancedThreatProtectionSettings/Default","name":"Default","type":"Microsoft.DBforPostgreSQL/flexibleServers/advancedThreatProtectionSettings"}'
    headers:
      cache-control:
      - no-cache
      content-length:
      - '388'
      content-type:
      - application/json; charset=utf-8
      date:
      - Tue, 05 Nov 2024 17:31:44 GMT
      expires:
      - '-1'
      pragma:
      - no-cache
      strict-transport-security:
      - max-age=31536000; includeSubDomains
      x-cache:
      - CONFIG_NOCACHE
      x-content-type-options:
      - nosniff
      x-ms-ratelimit-remaining-subscription-global-reads:
      - '16499'
      x-msedge-ref:
      - 'Ref A: 0BE531AD3C6F436FB5119587956F71BA Ref B: BN1AA2051012037 Ref C: 2024-11-05T17:31:44Z'
    status:
      code: 200
      message: OK
- request:
    body: null
    headers:
      Accept:
      - application/json
      Accept-Encoding:
      - gzip, deflate
      CommandName:
      - postgres flexible-server delete
      Connection:
      - keep-alive
      Content-Length:
      - '0'
      ParameterSetName:
      - -g -n --yes
      User-Agent:
      - AZURECLI/2.66.0 azsdk-python-core/1.31.0 Python/3.10.11 (Windows-10-10.0.26100-SP0)
    method: DELETE
    uri: https://management.azure.com/subscriptions/00000000-0000-0000-0000-000000000000/resourceGroups/clitest.rg000001/providers/Microsoft.DBforPostgreSQL/flexibleServers/azuredbclitest-000002?api-version=2024-11-01-preview
  response:
    body:
      string: '{"operation":"DropServerManagementOperation","startTime":"2024-11-05T17:31:45.59Z"}'
    headers:
      azure-asyncoperation:
      - https://management.azure.com/subscriptions/00000000-0000-0000-0000-000000000000/providers/Microsoft.DBforPostgreSQL/locations/East%20US/azureAsyncOperation/bbfb70e0-1b2a-4b6f-ae5f-60ff0149fd95?api-version=2024-11-01-preview&t=638664247056846378&c=MIIHpTCCBo2gAwIBAgITOgOyui871wRtge60rAAEA7K6LzANBgkqhkiG9w0BAQsFADBEMRMwEQYKCZImiZPyLGQBGRYDR0JMMRMwEQYKCZImiZPyLGQBGRYDQU1FMRgwFgYDVQQDEw9BTUUgSU5GUkEgQ0EgMDEwHhcNMjQwOTIyMTIyOTEzWhcNMjUwMzIxMTIyOTEzWjBAMT4wPAYDVQQDEzVhc3luY29wZXJhdGlvbnNpZ25pbmdjZXJ0aWZpY2F0ZS5tYW5hZ2VtZW50LmF6dXJlLmNvbTCCASIwDQYJKoZIhvcNAQEBBQADggEPADCCAQoCggEBALthCEIs4vwfpBtc8a6akzk9FNp-luTjsKhTETKForQzaFdF5S6PDjwZJVAOcVWePFAecP08Qp1FzfiX_Cl9StTirn6FO-MjJbWSG2THMvz756N87v6UNTXfNr29-Y-iFxGXE0LRwZ39GG4hV9nUekLb8OlN6VC48-A54O0iJybH12xGD4eKLbn4ilMqeYCyiivgk_AAxCvO75VjkDUu1PztXTqXfeLvWxaeqT1RTux_k8SPeFde5JPpWGKFNih2uv3JG5KjyszNBV6b2MaWQRiNYIiPo9N_DvTiv2r7BWNvocSISt9wLymfNp0mmAvGajmSbXqs2iphrYgHuVIhOskCAwEAAaOCBJIwggSOMCcGCSsGAQQBgjcVCgQaMBgwCgYIKwYBBQUHAwEwCgYIKwYBBQUHAwIwPQYJKwYBBAGCNxUHBDAwLgYmKwYBBAGCNxUIhpDjDYTVtHiE8Ys-hZvdFs6dEoFghfmRS4WsmTQCAWQCAQcwggHaBggrBgEFBQcBAQSCAcwwggHIMGYGCCsGAQUFBzAChlpodHRwOi8vY3JsLm1pY3Jvc29mdC5jb20vcGtpaW5mcmEvQ2VydHMvQlkyUEtJSU5UQ0EwMS5BTUUuR0JMX0FNRSUyMElORlJBJTIwQ0ElMjAwMSg0KS5jcnQwVgYIKwYBBQUHMAKGSmh0dHA6Ly9jcmwxLmFtZS5nYmwvYWlhL0JZMlBLSUlOVENBMDEuQU1FLkdCTF9BTUUlMjBJTkZSQSUyMENBJTIwMDEoNCkuY3J0MFYGCCsGAQUFBzAChkpodHRwOi8vY3JsMi5hbWUuZ2JsL2FpYS9CWTJQS0lJTlRDQTAxLkFNRS5HQkxfQU1FJTIwSU5GUkElMjBDQSUyMDAxKDQpLmNydDBWBggrBgEFBQcwAoZKaHR0cDovL2NybDMuYW1lLmdibC9haWEvQlkyUEtJSU5UQ0EwMS5BTUUuR0JMX0FNRSUyMElORlJBJTIwQ0ElMjAwMSg0KS5jcnQwVgYIKwYBBQUHMAKGSmh0dHA6Ly9jcmw0LmFtZS5nYmwvYWlhL0JZMlBLSUlOVENBMDEuQU1FLkdCTF9BTUUlMjBJTkZSQSUyMENBJTIwMDEoNCkuY3J0MB0GA1UdDgQWBBTccG012vq9QsZJa-EMbFVNK7oNDzAOBgNVHQ8BAf8EBAMCBaAwggE1BgNVHR8EggEsMIIBKDCCASSgggEgoIIBHIZCaHR0cDovL2NybC5taWNyb3NvZnQuY29tL3BraWluZnJhL0NSTC9BTUUlMjBJTkZSQSUyMENBJTIwMDEoNCkuY3JshjRodHRwOi8vY3JsMS5hbWUuZ2JsL2NybC9BTUUlMjBJTkZSQSUyMENBJTIwMDEoNCkuY3JshjRodHRwOi8vY3JsMi5hbWUuZ2JsL2NybC9BTUUlMjBJTkZSQSUyMENBJTIwMDEoNCkuY3JshjRodHRwOi8vY3JsMy5hbWUuZ2JsL2NybC9BTUUlMjBJTkZSQSUyMENBJTIwMDEoNCkuY3JshjRodHRwOi8vY3JsNC5hbWUuZ2JsL2NybC9BTUUlMjBJTkZSQSUyMENBJTIwMDEoNCkuY3JsMIGdBgNVHSAEgZUwgZIwDAYKKwYBBAGCN3sBATBmBgorBgEEAYI3ewICMFgwVgYIKwYBBQUHAgIwSh5IADMAMwBlADAAMQA5ADIAMQAtADQAZAA2ADQALQA0AGYAOABjAC0AYQAwADUANQAtADUAYgBkAGEAZgBmAGQANQBlADMAMwBkMAwGCisGAQQBgjd7AwEwDAYKKwYBBAGCN3sEAjAfBgNVHSMEGDAWgBTl2Ztn_PjsurvwwKidileIud8-YzAdBgNVHSUEFjAUBggrBgEFBQcDAQYIKwYBBQUHAwIwDQYJKoZIhvcNAQELBQADggEBAHkWc1KMstXAU5p0ciSSzPoB_W772N_r2ITPfnNv7OdZGLyDL8VTUXFgLP_lVJgsrUcSXJi6GSjDB9ww5vQCsXJQgzO4bCx-jKgHjqphvAtqaiiUEs6HJZYAXzjGr6BPLIlx2qov7eiI-vLqT3h9gqiUGYjLwwKJdO4PIGGzt5oIY5oWtLkqoxoad8CfpX7z8WM9YAUv1l-majml_BXWMmN0t5BbCB5MAuZPnD2rg3mtvh4FEV5pnTtTLPwpw7AAt-9DReZQOgsVkBLNSAzvuXHJzMAm03Gr-uZw7fY_-p1aqDgZ4KMTnQqVr8NvFE02_Gj_5hIaAdCp1bUhZ3ZrmZY&s=WNDT4fCjl-St3jTKt18jgNKaCXSq_tzq0oP8oy_sYnwtlDhhI2ijRV3z23MEuY4XyyE17cwzfQ_jKWAZ6t6aUaH9aMr-tSsvrZLjQjTOhqc4XztQMb7E9RJAo7mj5YPrmyltZ1lj9l_ZgEo-0lV5WufVWGC284OvqpcWxZrqFh1zDNkZqmGEFGB7rk8vWZIuYgx1U9QVYNm3DzWooiBjCjdnbhRrmMJUItsCPgzFLeWYgwjqDwLDDFvwiyofnXagzsAkyS3UYKCGsNofE4s_80MyZ47omETo4KbOxdsEzjPBhDgFzNe4rSuvh58FjmELxdVoKTUoMzl1AFsl_QT32A&h=LZEkzvVeEZDldvyaPdpZNTXyqUuAzlRYT2Safsj2z-4
      cache-control:
      - no-cache
      content-length:
      - '83'
      content-type:
      - application/json; charset=utf-8
      date:
      - Tue, 05 Nov 2024 17:31:45 GMT
      expires:
      - '-1'
      location:
      - https://management.azure.com/subscriptions/00000000-0000-0000-0000-000000000000/providers/Microsoft.DBforPostgreSQL/locations/East%20US/operationResults/bbfb70e0-1b2a-4b6f-ae5f-60ff0149fd95?api-version=2024-11-01-preview&t=638664247056846378&c=MIIHpTCCBo2gAwIBAgITOgOyui871wRtge60rAAEA7K6LzANBgkqhkiG9w0BAQsFADBEMRMwEQYKCZImiZPyLGQBGRYDR0JMMRMwEQYKCZImiZPyLGQBGRYDQU1FMRgwFgYDVQQDEw9BTUUgSU5GUkEgQ0EgMDEwHhcNMjQwOTIyMTIyOTEzWhcNMjUwMzIxMTIyOTEzWjBAMT4wPAYDVQQDEzVhc3luY29wZXJhdGlvbnNpZ25pbmdjZXJ0aWZpY2F0ZS5tYW5hZ2VtZW50LmF6dXJlLmNvbTCCASIwDQYJKoZIhvcNAQEBBQADggEPADCCAQoCggEBALthCEIs4vwfpBtc8a6akzk9FNp-luTjsKhTETKForQzaFdF5S6PDjwZJVAOcVWePFAecP08Qp1FzfiX_Cl9StTirn6FO-MjJbWSG2THMvz756N87v6UNTXfNr29-Y-iFxGXE0LRwZ39GG4hV9nUekLb8OlN6VC48-A54O0iJybH12xGD4eKLbn4ilMqeYCyiivgk_AAxCvO75VjkDUu1PztXTqXfeLvWxaeqT1RTux_k8SPeFde5JPpWGKFNih2uv3JG5KjyszNBV6b2MaWQRiNYIiPo9N_DvTiv2r7BWNvocSISt9wLymfNp0mmAvGajmSbXqs2iphrYgHuVIhOskCAwEAAaOCBJIwggSOMCcGCSsGAQQBgjcVCgQaMBgwCgYIKwYBBQUHAwEwCgYIKwYBBQUHAwIwPQYJKwYBBAGCNxUHBDAwLgYmKwYBBAGCNxUIhpDjDYTVtHiE8Ys-hZvdFs6dEoFghfmRS4WsmTQCAWQCAQcwggHaBggrBgEFBQcBAQSCAcwwggHIMGYGCCsGAQUFBzAChlpodHRwOi8vY3JsLm1pY3Jvc29mdC5jb20vcGtpaW5mcmEvQ2VydHMvQlkyUEtJSU5UQ0EwMS5BTUUuR0JMX0FNRSUyMElORlJBJTIwQ0ElMjAwMSg0KS5jcnQwVgYIKwYBBQUHMAKGSmh0dHA6Ly9jcmwxLmFtZS5nYmwvYWlhL0JZMlBLSUlOVENBMDEuQU1FLkdCTF9BTUUlMjBJTkZSQSUyMENBJTIwMDEoNCkuY3J0MFYGCCsGAQUFBzAChkpodHRwOi8vY3JsMi5hbWUuZ2JsL2FpYS9CWTJQS0lJTlRDQTAxLkFNRS5HQkxfQU1FJTIwSU5GUkElMjBDQSUyMDAxKDQpLmNydDBWBggrBgEFBQcwAoZKaHR0cDovL2NybDMuYW1lLmdibC9haWEvQlkyUEtJSU5UQ0EwMS5BTUUuR0JMX0FNRSUyMElORlJBJTIwQ0ElMjAwMSg0KS5jcnQwVgYIKwYBBQUHMAKGSmh0dHA6Ly9jcmw0LmFtZS5nYmwvYWlhL0JZMlBLSUlOVENBMDEuQU1FLkdCTF9BTUUlMjBJTkZSQSUyMENBJTIwMDEoNCkuY3J0MB0GA1UdDgQWBBTccG012vq9QsZJa-EMbFVNK7oNDzAOBgNVHQ8BAf8EBAMCBaAwggE1BgNVHR8EggEsMIIBKDCCASSgggEgoIIBHIZCaHR0cDovL2NybC5taWNyb3NvZnQuY29tL3BraWluZnJhL0NSTC9BTUUlMjBJTkZSQSUyMENBJTIwMDEoNCkuY3JshjRodHRwOi8vY3JsMS5hbWUuZ2JsL2NybC9BTUUlMjBJTkZSQSUyMENBJTIwMDEoNCkuY3JshjRodHRwOi8vY3JsMi5hbWUuZ2JsL2NybC9BTUUlMjBJTkZSQSUyMENBJTIwMDEoNCkuY3JshjRodHRwOi8vY3JsMy5hbWUuZ2JsL2NybC9BTUUlMjBJTkZSQSUyMENBJTIwMDEoNCkuY3JshjRodHRwOi8vY3JsNC5hbWUuZ2JsL2NybC9BTUUlMjBJTkZSQSUyMENBJTIwMDEoNCkuY3JsMIGdBgNVHSAEgZUwgZIwDAYKKwYBBAGCN3sBATBmBgorBgEEAYI3ewICMFgwVgYIKwYBBQUHAgIwSh5IADMAMwBlADAAMQA5ADIAMQAtADQAZAA2ADQALQA0AGYAOABjAC0AYQAwADUANQAtADUAYgBkAGEAZgBmAGQANQBlADMAMwBkMAwGCisGAQQBgjd7AwEwDAYKKwYBBAGCN3sEAjAfBgNVHSMEGDAWgBTl2Ztn_PjsurvwwKidileIud8-YzAdBgNVHSUEFjAUBggrBgEFBQcDAQYIKwYBBQUHAwIwDQYJKoZIhvcNAQELBQADggEBAHkWc1KMstXAU5p0ciSSzPoB_W772N_r2ITPfnNv7OdZGLyDL8VTUXFgLP_lVJgsrUcSXJi6GSjDB9ww5vQCsXJQgzO4bCx-jKgHjqphvAtqaiiUEs6HJZYAXzjGr6BPLIlx2qov7eiI-vLqT3h9gqiUGYjLwwKJdO4PIGGzt5oIY5oWtLkqoxoad8CfpX7z8WM9YAUv1l-majml_BXWMmN0t5BbCB5MAuZPnD2rg3mtvh4FEV5pnTtTLPwpw7AAt-9DReZQOgsVkBLNSAzvuXHJzMAm03Gr-uZw7fY_-p1aqDgZ4KMTnQqVr8NvFE02_Gj_5hIaAdCp1bUhZ3ZrmZY&s=Cs3HamGa309tzAJ3F-rQHVQnPsiJA-dAsoCtYO6lqvayUlRwNiqQWf3rQpad9RBD3LkNdHPCmOT_RQNngd-7yeWBK38ZvJvlytyODWZnwPFqTWU-U22_j_1pRryLygp0nWmiZfP2esvw6gxRoeMmUwb5wZ0XoLGE2nhOIAZe-xMIvRu4Qa22BPrRhQcuV0Wb-6L03MUdJZ26s-GWJOHArS_IfD-kmwf3DceClg1MwKvW_2mUDmeWOLaNMtibQVRh0FyupWGJ_eENUG7fVIbJq9rLmToCrKyIbxaaXM7UetUMB1FSmmJt1V5aM8lA6LE7OZlrNDa5fpV6MUcbE6WuqA&h=-qGXAsuQNjtAsnsBpBkvSmUHI2NZWxx5rD0Gnslu4Mk
      pragma:
      - no-cache
      strict-transport-security:
      - max-age=31536000; includeSubDomains
      x-cache:
      - CONFIG_NOCACHE
      x-content-type-options:
      - nosniff
      x-ms-ratelimit-remaining-subscription-deletes:
      - '799'
      x-ms-ratelimit-remaining-subscription-global-deletes:
      - '11999'
      x-msedge-ref:
      - 'Ref A: C5D843FF341B41BB866725004A3604CC Ref B: BN1AA2051014053 Ref C: 2024-11-05T17:31:45Z'
    status:
      code: 202
      message: Accepted
- request:
    body: null
    headers:
      Accept:
      - '*/*'
      Accept-Encoding:
      - gzip, deflate
      CommandName:
      - postgres flexible-server delete
      Connection:
      - keep-alive
      ParameterSetName:
      - -g -n --yes
      User-Agent:
      - AZURECLI/2.66.0 azsdk-python-core/1.31.0 Python/3.10.11 (Windows-10-10.0.26100-SP0)
    method: GET
    uri: https://management.azure.com/subscriptions/00000000-0000-0000-0000-000000000000/providers/Microsoft.DBforPostgreSQL/locations/East%20US/azureAsyncOperation/bbfb70e0-1b2a-4b6f-ae5f-60ff0149fd95?api-version=2024-11-01-preview&t=638664247056846378&c=MIIHpTCCBo2gAwIBAgITOgOyui871wRtge60rAAEA7K6LzANBgkqhkiG9w0BAQsFADBEMRMwEQYKCZImiZPyLGQBGRYDR0JMMRMwEQYKCZImiZPyLGQBGRYDQU1FMRgwFgYDVQQDEw9BTUUgSU5GUkEgQ0EgMDEwHhcNMjQwOTIyMTIyOTEzWhcNMjUwMzIxMTIyOTEzWjBAMT4wPAYDVQQDEzVhc3luY29wZXJhdGlvbnNpZ25pbmdjZXJ0aWZpY2F0ZS5tYW5hZ2VtZW50LmF6dXJlLmNvbTCCASIwDQYJKoZIhvcNAQEBBQADggEPADCCAQoCggEBALthCEIs4vwfpBtc8a6akzk9FNp-luTjsKhTETKForQzaFdF5S6PDjwZJVAOcVWePFAecP08Qp1FzfiX_Cl9StTirn6FO-MjJbWSG2THMvz756N87v6UNTXfNr29-Y-iFxGXE0LRwZ39GG4hV9nUekLb8OlN6VC48-A54O0iJybH12xGD4eKLbn4ilMqeYCyiivgk_AAxCvO75VjkDUu1PztXTqXfeLvWxaeqT1RTux_k8SPeFde5JPpWGKFNih2uv3JG5KjyszNBV6b2MaWQRiNYIiPo9N_DvTiv2r7BWNvocSISt9wLymfNp0mmAvGajmSbXqs2iphrYgHuVIhOskCAwEAAaOCBJIwggSOMCcGCSsGAQQBgjcVCgQaMBgwCgYIKwYBBQUHAwEwCgYIKwYBBQUHAwIwPQYJKwYBBAGCNxUHBDAwLgYmKwYBBAGCNxUIhpDjDYTVtHiE8Ys-hZvdFs6dEoFghfmRS4WsmTQCAWQCAQcwggHaBggrBgEFBQcBAQSCAcwwggHIMGYGCCsGAQUFBzAChlpodHRwOi8vY3JsLm1pY3Jvc29mdC5jb20vcGtpaW5mcmEvQ2VydHMvQlkyUEtJSU5UQ0EwMS5BTUUuR0JMX0FNRSUyMElORlJBJTIwQ0ElMjAwMSg0KS5jcnQwVgYIKwYBBQUHMAKGSmh0dHA6Ly9jcmwxLmFtZS5nYmwvYWlhL0JZMlBLSUlOVENBMDEuQU1FLkdCTF9BTUUlMjBJTkZSQSUyMENBJTIwMDEoNCkuY3J0MFYGCCsGAQUFBzAChkpodHRwOi8vY3JsMi5hbWUuZ2JsL2FpYS9CWTJQS0lJTlRDQTAxLkFNRS5HQkxfQU1FJTIwSU5GUkElMjBDQSUyMDAxKDQpLmNydDBWBggrBgEFBQcwAoZKaHR0cDovL2NybDMuYW1lLmdibC9haWEvQlkyUEtJSU5UQ0EwMS5BTUUuR0JMX0FNRSUyMElORlJBJTIwQ0ElMjAwMSg0KS5jcnQwVgYIKwYBBQUHMAKGSmh0dHA6Ly9jcmw0LmFtZS5nYmwvYWlhL0JZMlBLSUlOVENBMDEuQU1FLkdCTF9BTUUlMjBJTkZSQSUyMENBJTIwMDEoNCkuY3J0MB0GA1UdDgQWBBTccG012vq9QsZJa-EMbFVNK7oNDzAOBgNVHQ8BAf8EBAMCBaAwggE1BgNVHR8EggEsMIIBKDCCASSgggEgoIIBHIZCaHR0cDovL2NybC5taWNyb3NvZnQuY29tL3BraWluZnJhL0NSTC9BTUUlMjBJTkZSQSUyMENBJTIwMDEoNCkuY3JshjRodHRwOi8vY3JsMS5hbWUuZ2JsL2NybC9BTUUlMjBJTkZSQSUyMENBJTIwMDEoNCkuY3JshjRodHRwOi8vY3JsMi5hbWUuZ2JsL2NybC9BTUUlMjBJTkZSQSUyMENBJTIwMDEoNCkuY3JshjRodHRwOi8vY3JsMy5hbWUuZ2JsL2NybC9BTUUlMjBJTkZSQSUyMENBJTIwMDEoNCkuY3JshjRodHRwOi8vY3JsNC5hbWUuZ2JsL2NybC9BTUUlMjBJTkZSQSUyMENBJTIwMDEoNCkuY3JsMIGdBgNVHSAEgZUwgZIwDAYKKwYBBAGCN3sBATBmBgorBgEEAYI3ewICMFgwVgYIKwYBBQUHAgIwSh5IADMAMwBlADAAMQA5ADIAMQAtADQAZAA2ADQALQA0AGYAOABjAC0AYQAwADUANQAtADUAYgBkAGEAZgBmAGQANQBlADMAMwBkMAwGCisGAQQBgjd7AwEwDAYKKwYBBAGCN3sEAjAfBgNVHSMEGDAWgBTl2Ztn_PjsurvwwKidileIud8-YzAdBgNVHSUEFjAUBggrBgEFBQcDAQYIKwYBBQUHAwIwDQYJKoZIhvcNAQELBQADggEBAHkWc1KMstXAU5p0ciSSzPoB_W772N_r2ITPfnNv7OdZGLyDL8VTUXFgLP_lVJgsrUcSXJi6GSjDB9ww5vQCsXJQgzO4bCx-jKgHjqphvAtqaiiUEs6HJZYAXzjGr6BPLIlx2qov7eiI-vLqT3h9gqiUGYjLwwKJdO4PIGGzt5oIY5oWtLkqoxoad8CfpX7z8WM9YAUv1l-majml_BXWMmN0t5BbCB5MAuZPnD2rg3mtvh4FEV5pnTtTLPwpw7AAt-9DReZQOgsVkBLNSAzvuXHJzMAm03Gr-uZw7fY_-p1aqDgZ4KMTnQqVr8NvFE02_Gj_5hIaAdCp1bUhZ3ZrmZY&s=WNDT4fCjl-St3jTKt18jgNKaCXSq_tzq0oP8oy_sYnwtlDhhI2ijRV3z23MEuY4XyyE17cwzfQ_jKWAZ6t6aUaH9aMr-tSsvrZLjQjTOhqc4XztQMb7E9RJAo7mj5YPrmyltZ1lj9l_ZgEo-0lV5WufVWGC284OvqpcWxZrqFh1zDNkZqmGEFGB7rk8vWZIuYgx1U9QVYNm3DzWooiBjCjdnbhRrmMJUItsCPgzFLeWYgwjqDwLDDFvwiyofnXagzsAkyS3UYKCGsNofE4s_80MyZ47omETo4KbOxdsEzjPBhDgFzNe4rSuvh58FjmELxdVoKTUoMzl1AFsl_QT32A&h=LZEkzvVeEZDldvyaPdpZNTXyqUuAzlRYT2Safsj2z-4
  response:
    body:
      string: '{"name":"bbfb70e0-1b2a-4b6f-ae5f-60ff0149fd95","status":"InProgress","startTime":"2024-11-05T17:31:45.59Z"}'
    headers:
      cache-control:
      - no-cache
      content-length:
      - '107'
      content-type:
      - application/json; charset=utf-8
      date:
      - Tue, 05 Nov 2024 17:31:45 GMT
      expires:
      - '-1'
      pragma:
      - no-cache
      strict-transport-security:
      - max-age=31536000; includeSubDomains
      x-cache:
      - CONFIG_NOCACHE
      x-content-type-options:
      - nosniff
      x-ms-ratelimit-remaining-subscription-global-reads:
      - '16499'
      x-msedge-ref:
      - 'Ref A: F10AF6BE6C3E40C287B7DA740D7218E1 Ref B: BN1AA2051014053 Ref C: 2024-11-05T17:31:45Z'
    status:
      code: 200
      message: OK
- request:
    body: null
    headers:
      Accept:
      - '*/*'
      Accept-Encoding:
      - gzip, deflate
      CommandName:
      - postgres flexible-server delete
      Connection:
      - keep-alive
      ParameterSetName:
      - -g -n --yes
      User-Agent:
      - AZURECLI/2.66.0 azsdk-python-core/1.31.0 Python/3.10.11 (Windows-10-10.0.26100-SP0)
    method: GET
    uri: https://management.azure.com/subscriptions/00000000-0000-0000-0000-000000000000/providers/Microsoft.DBforPostgreSQL/locations/East%20US/azureAsyncOperation/bbfb70e0-1b2a-4b6f-ae5f-60ff0149fd95?api-version=2024-11-01-preview&t=638664247056846378&c=MIIHpTCCBo2gAwIBAgITOgOyui871wRtge60rAAEA7K6LzANBgkqhkiG9w0BAQsFADBEMRMwEQYKCZImiZPyLGQBGRYDR0JMMRMwEQYKCZImiZPyLGQBGRYDQU1FMRgwFgYDVQQDEw9BTUUgSU5GUkEgQ0EgMDEwHhcNMjQwOTIyMTIyOTEzWhcNMjUwMzIxMTIyOTEzWjBAMT4wPAYDVQQDEzVhc3luY29wZXJhdGlvbnNpZ25pbmdjZXJ0aWZpY2F0ZS5tYW5hZ2VtZW50LmF6dXJlLmNvbTCCASIwDQYJKoZIhvcNAQEBBQADggEPADCCAQoCggEBALthCEIs4vwfpBtc8a6akzk9FNp-luTjsKhTETKForQzaFdF5S6PDjwZJVAOcVWePFAecP08Qp1FzfiX_Cl9StTirn6FO-MjJbWSG2THMvz756N87v6UNTXfNr29-Y-iFxGXE0LRwZ39GG4hV9nUekLb8OlN6VC48-A54O0iJybH12xGD4eKLbn4ilMqeYCyiivgk_AAxCvO75VjkDUu1PztXTqXfeLvWxaeqT1RTux_k8SPeFde5JPpWGKFNih2uv3JG5KjyszNBV6b2MaWQRiNYIiPo9N_DvTiv2r7BWNvocSISt9wLymfNp0mmAvGajmSbXqs2iphrYgHuVIhOskCAwEAAaOCBJIwggSOMCcGCSsGAQQBgjcVCgQaMBgwCgYIKwYBBQUHAwEwCgYIKwYBBQUHAwIwPQYJKwYBBAGCNxUHBDAwLgYmKwYBBAGCNxUIhpDjDYTVtHiE8Ys-hZvdFs6dEoFghfmRS4WsmTQCAWQCAQcwggHaBggrBgEFBQcBAQSCAcwwggHIMGYGCCsGAQUFBzAChlpodHRwOi8vY3JsLm1pY3Jvc29mdC5jb20vcGtpaW5mcmEvQ2VydHMvQlkyUEtJSU5UQ0EwMS5BTUUuR0JMX0FNRSUyMElORlJBJTIwQ0ElMjAwMSg0KS5jcnQwVgYIKwYBBQUHMAKGSmh0dHA6Ly9jcmwxLmFtZS5nYmwvYWlhL0JZMlBLSUlOVENBMDEuQU1FLkdCTF9BTUUlMjBJTkZSQSUyMENBJTIwMDEoNCkuY3J0MFYGCCsGAQUFBzAChkpodHRwOi8vY3JsMi5hbWUuZ2JsL2FpYS9CWTJQS0lJTlRDQTAxLkFNRS5HQkxfQU1FJTIwSU5GUkElMjBDQSUyMDAxKDQpLmNydDBWBggrBgEFBQcwAoZKaHR0cDovL2NybDMuYW1lLmdibC9haWEvQlkyUEtJSU5UQ0EwMS5BTUUuR0JMX0FNRSUyMElORlJBJTIwQ0ElMjAwMSg0KS5jcnQwVgYIKwYBBQUHMAKGSmh0dHA6Ly9jcmw0LmFtZS5nYmwvYWlhL0JZMlBLSUlOVENBMDEuQU1FLkdCTF9BTUUlMjBJTkZSQSUyMENBJTIwMDEoNCkuY3J0MB0GA1UdDgQWBBTccG012vq9QsZJa-EMbFVNK7oNDzAOBgNVHQ8BAf8EBAMCBaAwggE1BgNVHR8EggEsMIIBKDCCASSgggEgoIIBHIZCaHR0cDovL2NybC5taWNyb3NvZnQuY29tL3BraWluZnJhL0NSTC9BTUUlMjBJTkZSQSUyMENBJTIwMDEoNCkuY3JshjRodHRwOi8vY3JsMS5hbWUuZ2JsL2NybC9BTUUlMjBJTkZSQSUyMENBJTIwMDEoNCkuY3JshjRodHRwOi8vY3JsMi5hbWUuZ2JsL2NybC9BTUUlMjBJTkZSQSUyMENBJTIwMDEoNCkuY3JshjRodHRwOi8vY3JsMy5hbWUuZ2JsL2NybC9BTUUlMjBJTkZSQSUyMENBJTIwMDEoNCkuY3JshjRodHRwOi8vY3JsNC5hbWUuZ2JsL2NybC9BTUUlMjBJTkZSQSUyMENBJTIwMDEoNCkuY3JsMIGdBgNVHSAEgZUwgZIwDAYKKwYBBAGCN3sBATBmBgorBgEEAYI3ewICMFgwVgYIKwYBBQUHAgIwSh5IADMAMwBlADAAMQA5ADIAMQAtADQAZAA2ADQALQA0AGYAOABjAC0AYQAwADUANQAtADUAYgBkAGEAZgBmAGQANQBlADMAMwBkMAwGCisGAQQBgjd7AwEwDAYKKwYBBAGCN3sEAjAfBgNVHSMEGDAWgBTl2Ztn_PjsurvwwKidileIud8-YzAdBgNVHSUEFjAUBggrBgEFBQcDAQYIKwYBBQUHAwIwDQYJKoZIhvcNAQELBQADggEBAHkWc1KMstXAU5p0ciSSzPoB_W772N_r2ITPfnNv7OdZGLyDL8VTUXFgLP_lVJgsrUcSXJi6GSjDB9ww5vQCsXJQgzO4bCx-jKgHjqphvAtqaiiUEs6HJZYAXzjGr6BPLIlx2qov7eiI-vLqT3h9gqiUGYjLwwKJdO4PIGGzt5oIY5oWtLkqoxoad8CfpX7z8WM9YAUv1l-majml_BXWMmN0t5BbCB5MAuZPnD2rg3mtvh4FEV5pnTtTLPwpw7AAt-9DReZQOgsVkBLNSAzvuXHJzMAm03Gr-uZw7fY_-p1aqDgZ4KMTnQqVr8NvFE02_Gj_5hIaAdCp1bUhZ3ZrmZY&s=WNDT4fCjl-St3jTKt18jgNKaCXSq_tzq0oP8oy_sYnwtlDhhI2ijRV3z23MEuY4XyyE17cwzfQ_jKWAZ6t6aUaH9aMr-tSsvrZLjQjTOhqc4XztQMb7E9RJAo7mj5YPrmyltZ1lj9l_ZgEo-0lV5WufVWGC284OvqpcWxZrqFh1zDNkZqmGEFGB7rk8vWZIuYgx1U9QVYNm3DzWooiBjCjdnbhRrmMJUItsCPgzFLeWYgwjqDwLDDFvwiyofnXagzsAkyS3UYKCGsNofE4s_80MyZ47omETo4KbOxdsEzjPBhDgFzNe4rSuvh58FjmELxdVoKTUoMzl1AFsl_QT32A&h=LZEkzvVeEZDldvyaPdpZNTXyqUuAzlRYT2Safsj2z-4
  response:
    body:
      string: '{"name":"bbfb70e0-1b2a-4b6f-ae5f-60ff0149fd95","status":"InProgress","startTime":"2024-11-05T17:31:45.59Z"}'
    headers:
      cache-control:
      - no-cache
      content-length:
      - '107'
      content-type:
      - application/json; charset=utf-8
      date:
      - Tue, 05 Nov 2024 17:32:00 GMT
      expires:
      - '-1'
      pragma:
      - no-cache
      strict-transport-security:
      - max-age=31536000; includeSubDomains
      x-cache:
      - CONFIG_NOCACHE
      x-content-type-options:
      - nosniff
      x-ms-ratelimit-remaining-subscription-global-reads:
      - '16499'
      x-msedge-ref:
      - 'Ref A: 8EEF455CAFCF49ECBD71567222230BE6 Ref B: BN1AA2051014053 Ref C: 2024-11-05T17:32:01Z'
    status:
      code: 200
      message: OK
- request:
    body: null
    headers:
      Accept:
      - '*/*'
      Accept-Encoding:
      - gzip, deflate
      CommandName:
      - postgres flexible-server delete
      Connection:
      - keep-alive
      ParameterSetName:
      - -g -n --yes
      User-Agent:
      - AZURECLI/2.66.0 azsdk-python-core/1.31.0 Python/3.10.11 (Windows-10-10.0.26100-SP0)
    method: GET
    uri: https://management.azure.com/subscriptions/00000000-0000-0000-0000-000000000000/providers/Microsoft.DBforPostgreSQL/locations/East%20US/azureAsyncOperation/bbfb70e0-1b2a-4b6f-ae5f-60ff0149fd95?api-version=2024-11-01-preview&t=638664247056846378&c=MIIHpTCCBo2gAwIBAgITOgOyui871wRtge60rAAEA7K6LzANBgkqhkiG9w0BAQsFADBEMRMwEQYKCZImiZPyLGQBGRYDR0JMMRMwEQYKCZImiZPyLGQBGRYDQU1FMRgwFgYDVQQDEw9BTUUgSU5GUkEgQ0EgMDEwHhcNMjQwOTIyMTIyOTEzWhcNMjUwMzIxMTIyOTEzWjBAMT4wPAYDVQQDEzVhc3luY29wZXJhdGlvbnNpZ25pbmdjZXJ0aWZpY2F0ZS5tYW5hZ2VtZW50LmF6dXJlLmNvbTCCASIwDQYJKoZIhvcNAQEBBQADggEPADCCAQoCggEBALthCEIs4vwfpBtc8a6akzk9FNp-luTjsKhTETKForQzaFdF5S6PDjwZJVAOcVWePFAecP08Qp1FzfiX_Cl9StTirn6FO-MjJbWSG2THMvz756N87v6UNTXfNr29-Y-iFxGXE0LRwZ39GG4hV9nUekLb8OlN6VC48-A54O0iJybH12xGD4eKLbn4ilMqeYCyiivgk_AAxCvO75VjkDUu1PztXTqXfeLvWxaeqT1RTux_k8SPeFde5JPpWGKFNih2uv3JG5KjyszNBV6b2MaWQRiNYIiPo9N_DvTiv2r7BWNvocSISt9wLymfNp0mmAvGajmSbXqs2iphrYgHuVIhOskCAwEAAaOCBJIwggSOMCcGCSsGAQQBgjcVCgQaMBgwCgYIKwYBBQUHAwEwCgYIKwYBBQUHAwIwPQYJKwYBBAGCNxUHBDAwLgYmKwYBBAGCNxUIhpDjDYTVtHiE8Ys-hZvdFs6dEoFghfmRS4WsmTQCAWQCAQcwggHaBggrBgEFBQcBAQSCAcwwggHIMGYGCCsGAQUFBzAChlpodHRwOi8vY3JsLm1pY3Jvc29mdC5jb20vcGtpaW5mcmEvQ2VydHMvQlkyUEtJSU5UQ0EwMS5BTUUuR0JMX0FNRSUyMElORlJBJTIwQ0ElMjAwMSg0KS5jcnQwVgYIKwYBBQUHMAKGSmh0dHA6Ly9jcmwxLmFtZS5nYmwvYWlhL0JZMlBLSUlOVENBMDEuQU1FLkdCTF9BTUUlMjBJTkZSQSUyMENBJTIwMDEoNCkuY3J0MFYGCCsGAQUFBzAChkpodHRwOi8vY3JsMi5hbWUuZ2JsL2FpYS9CWTJQS0lJTlRDQTAxLkFNRS5HQkxfQU1FJTIwSU5GUkElMjBDQSUyMDAxKDQpLmNydDBWBggrBgEFBQcwAoZKaHR0cDovL2NybDMuYW1lLmdibC9haWEvQlkyUEtJSU5UQ0EwMS5BTUUuR0JMX0FNRSUyMElORlJBJTIwQ0ElMjAwMSg0KS5jcnQwVgYIKwYBBQUHMAKGSmh0dHA6Ly9jcmw0LmFtZS5nYmwvYWlhL0JZMlBLSUlOVENBMDEuQU1FLkdCTF9BTUUlMjBJTkZSQSUyMENBJTIwMDEoNCkuY3J0MB0GA1UdDgQWBBTccG012vq9QsZJa-EMbFVNK7oNDzAOBgNVHQ8BAf8EBAMCBaAwggE1BgNVHR8EggEsMIIBKDCCASSgggEgoIIBHIZCaHR0cDovL2NybC5taWNyb3NvZnQuY29tL3BraWluZnJhL0NSTC9BTUUlMjBJTkZSQSUyMENBJTIwMDEoNCkuY3JshjRodHRwOi8vY3JsMS5hbWUuZ2JsL2NybC9BTUUlMjBJTkZSQSUyMENBJTIwMDEoNCkuY3JshjRodHRwOi8vY3JsMi5hbWUuZ2JsL2NybC9BTUUlMjBJTkZSQSUyMENBJTIwMDEoNCkuY3JshjRodHRwOi8vY3JsMy5hbWUuZ2JsL2NybC9BTUUlMjBJTkZSQSUyMENBJTIwMDEoNCkuY3JshjRodHRwOi8vY3JsNC5hbWUuZ2JsL2NybC9BTUUlMjBJTkZSQSUyMENBJTIwMDEoNCkuY3JsMIGdBgNVHSAEgZUwgZIwDAYKKwYBBAGCN3sBATBmBgorBgEEAYI3ewICMFgwVgYIKwYBBQUHAgIwSh5IADMAMwBlADAAMQA5ADIAMQAtADQAZAA2ADQALQA0AGYAOABjAC0AYQAwADUANQAtADUAYgBkAGEAZgBmAGQANQBlADMAMwBkMAwGCisGAQQBgjd7AwEwDAYKKwYBBAGCN3sEAjAfBgNVHSMEGDAWgBTl2Ztn_PjsurvwwKidileIud8-YzAdBgNVHSUEFjAUBggrBgEFBQcDAQYIKwYBBQUHAwIwDQYJKoZIhvcNAQELBQADggEBAHkWc1KMstXAU5p0ciSSzPoB_W772N_r2ITPfnNv7OdZGLyDL8VTUXFgLP_lVJgsrUcSXJi6GSjDB9ww5vQCsXJQgzO4bCx-jKgHjqphvAtqaiiUEs6HJZYAXzjGr6BPLIlx2qov7eiI-vLqT3h9gqiUGYjLwwKJdO4PIGGzt5oIY5oWtLkqoxoad8CfpX7z8WM9YAUv1l-majml_BXWMmN0t5BbCB5MAuZPnD2rg3mtvh4FEV5pnTtTLPwpw7AAt-9DReZQOgsVkBLNSAzvuXHJzMAm03Gr-uZw7fY_-p1aqDgZ4KMTnQqVr8NvFE02_Gj_5hIaAdCp1bUhZ3ZrmZY&s=WNDT4fCjl-St3jTKt18jgNKaCXSq_tzq0oP8oy_sYnwtlDhhI2ijRV3z23MEuY4XyyE17cwzfQ_jKWAZ6t6aUaH9aMr-tSsvrZLjQjTOhqc4XztQMb7E9RJAo7mj5YPrmyltZ1lj9l_ZgEo-0lV5WufVWGC284OvqpcWxZrqFh1zDNkZqmGEFGB7rk8vWZIuYgx1U9QVYNm3DzWooiBjCjdnbhRrmMJUItsCPgzFLeWYgwjqDwLDDFvwiyofnXagzsAkyS3UYKCGsNofE4s_80MyZ47omETo4KbOxdsEzjPBhDgFzNe4rSuvh58FjmELxdVoKTUoMzl1AFsl_QT32A&h=LZEkzvVeEZDldvyaPdpZNTXyqUuAzlRYT2Safsj2z-4
  response:
    body:
      string: '{"name":"bbfb70e0-1b2a-4b6f-ae5f-60ff0149fd95","status":"InProgress","startTime":"2024-11-05T17:31:45.59Z"}'
    headers:
      cache-control:
      - no-cache
      content-length:
      - '107'
      content-type:
      - application/json; charset=utf-8
      date:
      - Tue, 05 Nov 2024 17:32:15 GMT
      expires:
      - '-1'
      pragma:
      - no-cache
      strict-transport-security:
      - max-age=31536000; includeSubDomains
      x-cache:
      - CONFIG_NOCACHE
      x-content-type-options:
      - nosniff
      x-ms-ratelimit-remaining-subscription-global-reads:
      - '16499'
      x-msedge-ref:
      - 'Ref A: A1154BE7A3774DDBA28437429A55F546 Ref B: BN1AA2051014053 Ref C: 2024-11-05T17:32:16Z'
    status:
      code: 200
      message: OK
- request:
    body: null
    headers:
      Accept:
      - '*/*'
      Accept-Encoding:
      - gzip, deflate
      CommandName:
      - postgres flexible-server delete
      Connection:
      - keep-alive
      ParameterSetName:
      - -g -n --yes
      User-Agent:
      - AZURECLI/2.66.0 azsdk-python-core/1.31.0 Python/3.10.11 (Windows-10-10.0.26100-SP0)
    method: GET
    uri: https://management.azure.com/subscriptions/00000000-0000-0000-0000-000000000000/providers/Microsoft.DBforPostgreSQL/locations/East%20US/azureAsyncOperation/bbfb70e0-1b2a-4b6f-ae5f-60ff0149fd95?api-version=2024-11-01-preview&t=638664247056846378&c=MIIHpTCCBo2gAwIBAgITOgOyui871wRtge60rAAEA7K6LzANBgkqhkiG9w0BAQsFADBEMRMwEQYKCZImiZPyLGQBGRYDR0JMMRMwEQYKCZImiZPyLGQBGRYDQU1FMRgwFgYDVQQDEw9BTUUgSU5GUkEgQ0EgMDEwHhcNMjQwOTIyMTIyOTEzWhcNMjUwMzIxMTIyOTEzWjBAMT4wPAYDVQQDEzVhc3luY29wZXJhdGlvbnNpZ25pbmdjZXJ0aWZpY2F0ZS5tYW5hZ2VtZW50LmF6dXJlLmNvbTCCASIwDQYJKoZIhvcNAQEBBQADggEPADCCAQoCggEBALthCEIs4vwfpBtc8a6akzk9FNp-luTjsKhTETKForQzaFdF5S6PDjwZJVAOcVWePFAecP08Qp1FzfiX_Cl9StTirn6FO-MjJbWSG2THMvz756N87v6UNTXfNr29-Y-iFxGXE0LRwZ39GG4hV9nUekLb8OlN6VC48-A54O0iJybH12xGD4eKLbn4ilMqeYCyiivgk_AAxCvO75VjkDUu1PztXTqXfeLvWxaeqT1RTux_k8SPeFde5JPpWGKFNih2uv3JG5KjyszNBV6b2MaWQRiNYIiPo9N_DvTiv2r7BWNvocSISt9wLymfNp0mmAvGajmSbXqs2iphrYgHuVIhOskCAwEAAaOCBJIwggSOMCcGCSsGAQQBgjcVCgQaMBgwCgYIKwYBBQUHAwEwCgYIKwYBBQUHAwIwPQYJKwYBBAGCNxUHBDAwLgYmKwYBBAGCNxUIhpDjDYTVtHiE8Ys-hZvdFs6dEoFghfmRS4WsmTQCAWQCAQcwggHaBggrBgEFBQcBAQSCAcwwggHIMGYGCCsGAQUFBzAChlpodHRwOi8vY3JsLm1pY3Jvc29mdC5jb20vcGtpaW5mcmEvQ2VydHMvQlkyUEtJSU5UQ0EwMS5BTUUuR0JMX0FNRSUyMElORlJBJTIwQ0ElMjAwMSg0KS5jcnQwVgYIKwYBBQUHMAKGSmh0dHA6Ly9jcmwxLmFtZS5nYmwvYWlhL0JZMlBLSUlOVENBMDEuQU1FLkdCTF9BTUUlMjBJTkZSQSUyMENBJTIwMDEoNCkuY3J0MFYGCCsGAQUFBzAChkpodHRwOi8vY3JsMi5hbWUuZ2JsL2FpYS9CWTJQS0lJTlRDQTAxLkFNRS5HQkxfQU1FJTIwSU5GUkElMjBDQSUyMDAxKDQpLmNydDBWBggrBgEFBQcwAoZKaHR0cDovL2NybDMuYW1lLmdibC9haWEvQlkyUEtJSU5UQ0EwMS5BTUUuR0JMX0FNRSUyMElORlJBJTIwQ0ElMjAwMSg0KS5jcnQwVgYIKwYBBQUHMAKGSmh0dHA6Ly9jcmw0LmFtZS5nYmwvYWlhL0JZMlBLSUlOVENBMDEuQU1FLkdCTF9BTUUlMjBJTkZSQSUyMENBJTIwMDEoNCkuY3J0MB0GA1UdDgQWBBTccG012vq9QsZJa-EMbFVNK7oNDzAOBgNVHQ8BAf8EBAMCBaAwggE1BgNVHR8EggEsMIIBKDCCASSgggEgoIIBHIZCaHR0cDovL2NybC5taWNyb3NvZnQuY29tL3BraWluZnJhL0NSTC9BTUUlMjBJTkZSQSUyMENBJTIwMDEoNCkuY3JshjRodHRwOi8vY3JsMS5hbWUuZ2JsL2NybC9BTUUlMjBJTkZSQSUyMENBJTIwMDEoNCkuY3JshjRodHRwOi8vY3JsMi5hbWUuZ2JsL2NybC9BTUUlMjBJTkZSQSUyMENBJTIwMDEoNCkuY3JshjRodHRwOi8vY3JsMy5hbWUuZ2JsL2NybC9BTUUlMjBJTkZSQSUyMENBJTIwMDEoNCkuY3JshjRodHRwOi8vY3JsNC5hbWUuZ2JsL2NybC9BTUUlMjBJTkZSQSUyMENBJTIwMDEoNCkuY3JsMIGdBgNVHSAEgZUwgZIwDAYKKwYBBAGCN3sBATBmBgorBgEEAYI3ewICMFgwVgYIKwYBBQUHAgIwSh5IADMAMwBlADAAMQA5ADIAMQAtADQAZAA2ADQALQA0AGYAOABjAC0AYQAwADUANQAtADUAYgBkAGEAZgBmAGQANQBlADMAMwBkMAwGCisGAQQBgjd7AwEwDAYKKwYBBAGCN3sEAjAfBgNVHSMEGDAWgBTl2Ztn_PjsurvwwKidileIud8-YzAdBgNVHSUEFjAUBggrBgEFBQcDAQYIKwYBBQUHAwIwDQYJKoZIhvcNAQELBQADggEBAHkWc1KMstXAU5p0ciSSzPoB_W772N_r2ITPfnNv7OdZGLyDL8VTUXFgLP_lVJgsrUcSXJi6GSjDB9ww5vQCsXJQgzO4bCx-jKgHjqphvAtqaiiUEs6HJZYAXzjGr6BPLIlx2qov7eiI-vLqT3h9gqiUGYjLwwKJdO4PIGGzt5oIY5oWtLkqoxoad8CfpX7z8WM9YAUv1l-majml_BXWMmN0t5BbCB5MAuZPnD2rg3mtvh4FEV5pnTtTLPwpw7AAt-9DReZQOgsVkBLNSAzvuXHJzMAm03Gr-uZw7fY_-p1aqDgZ4KMTnQqVr8NvFE02_Gj_5hIaAdCp1bUhZ3ZrmZY&s=WNDT4fCjl-St3jTKt18jgNKaCXSq_tzq0oP8oy_sYnwtlDhhI2ijRV3z23MEuY4XyyE17cwzfQ_jKWAZ6t6aUaH9aMr-tSsvrZLjQjTOhqc4XztQMb7E9RJAo7mj5YPrmyltZ1lj9l_ZgEo-0lV5WufVWGC284OvqpcWxZrqFh1zDNkZqmGEFGB7rk8vWZIuYgx1U9QVYNm3DzWooiBjCjdnbhRrmMJUItsCPgzFLeWYgwjqDwLDDFvwiyofnXagzsAkyS3UYKCGsNofE4s_80MyZ47omETo4KbOxdsEzjPBhDgFzNe4rSuvh58FjmELxdVoKTUoMzl1AFsl_QT32A&h=LZEkzvVeEZDldvyaPdpZNTXyqUuAzlRYT2Safsj2z-4
  response:
    body:
      string: '{"name":"bbfb70e0-1b2a-4b6f-ae5f-60ff0149fd95","status":"Succeeded","startTime":"2024-11-05T17:31:45.59Z"}'
    headers:
      cache-control:
      - no-cache
      content-length:
      - '106'
      content-type:
      - application/json; charset=utf-8
      date:
      - Tue, 05 Nov 2024 17:32:31 GMT
      expires:
      - '-1'
      pragma:
      - no-cache
      strict-transport-security:
      - max-age=31536000; includeSubDomains
      x-cache:
      - CONFIG_NOCACHE
      x-content-type-options:
      - nosniff
      x-ms-ratelimit-remaining-subscription-global-reads:
      - '16499'
      x-msedge-ref:
      - 'Ref A: F489D67F4F504F418EDDF2C1CA384CB8 Ref B: BN1AA2051014053 Ref C: 2024-11-05T17:32:31Z'
    status:
      code: 200
      message: OK
- request:
    body: null
    headers:
      Accept:
      - '*/*'
      Accept-Encoding:
      - gzip, deflate
      CommandName:
      - postgres flexible-server delete
      Connection:
      - keep-alive
      ParameterSetName:
      - -g -n --yes
      User-Agent:
      - AZURECLI/2.66.0 azsdk-python-core/1.31.0 Python/3.10.11 (Windows-10-10.0.26100-SP0)
    method: GET
    uri: https://management.azure.com/subscriptions/00000000-0000-0000-0000-000000000000/providers/Microsoft.DBforPostgreSQL/locations/East%20US/operationResults/bbfb70e0-1b2a-4b6f-ae5f-60ff0149fd95?api-version=2024-11-01-preview&t=638664247056846378&c=MIIHpTCCBo2gAwIBAgITOgOyui871wRtge60rAAEA7K6LzANBgkqhkiG9w0BAQsFADBEMRMwEQYKCZImiZPyLGQBGRYDR0JMMRMwEQYKCZImiZPyLGQBGRYDQU1FMRgwFgYDVQQDEw9BTUUgSU5GUkEgQ0EgMDEwHhcNMjQwOTIyMTIyOTEzWhcNMjUwMzIxMTIyOTEzWjBAMT4wPAYDVQQDEzVhc3luY29wZXJhdGlvbnNpZ25pbmdjZXJ0aWZpY2F0ZS5tYW5hZ2VtZW50LmF6dXJlLmNvbTCCASIwDQYJKoZIhvcNAQEBBQADggEPADCCAQoCggEBALthCEIs4vwfpBtc8a6akzk9FNp-luTjsKhTETKForQzaFdF5S6PDjwZJVAOcVWePFAecP08Qp1FzfiX_Cl9StTirn6FO-MjJbWSG2THMvz756N87v6UNTXfNr29-Y-iFxGXE0LRwZ39GG4hV9nUekLb8OlN6VC48-A54O0iJybH12xGD4eKLbn4ilMqeYCyiivgk_AAxCvO75VjkDUu1PztXTqXfeLvWxaeqT1RTux_k8SPeFde5JPpWGKFNih2uv3JG5KjyszNBV6b2MaWQRiNYIiPo9N_DvTiv2r7BWNvocSISt9wLymfNp0mmAvGajmSbXqs2iphrYgHuVIhOskCAwEAAaOCBJIwggSOMCcGCSsGAQQBgjcVCgQaMBgwCgYIKwYBBQUHAwEwCgYIKwYBBQUHAwIwPQYJKwYBBAGCNxUHBDAwLgYmKwYBBAGCNxUIhpDjDYTVtHiE8Ys-hZvdFs6dEoFghfmRS4WsmTQCAWQCAQcwggHaBggrBgEFBQcBAQSCAcwwggHIMGYGCCsGAQUFBzAChlpodHRwOi8vY3JsLm1pY3Jvc29mdC5jb20vcGtpaW5mcmEvQ2VydHMvQlkyUEtJSU5UQ0EwMS5BTUUuR0JMX0FNRSUyMElORlJBJTIwQ0ElMjAwMSg0KS5jcnQwVgYIKwYBBQUHMAKGSmh0dHA6Ly9jcmwxLmFtZS5nYmwvYWlhL0JZMlBLSUlOVENBMDEuQU1FLkdCTF9BTUUlMjBJTkZSQSUyMENBJTIwMDEoNCkuY3J0MFYGCCsGAQUFBzAChkpodHRwOi8vY3JsMi5hbWUuZ2JsL2FpYS9CWTJQS0lJTlRDQTAxLkFNRS5HQkxfQU1FJTIwSU5GUkElMjBDQSUyMDAxKDQpLmNydDBWBggrBgEFBQcwAoZKaHR0cDovL2NybDMuYW1lLmdibC9haWEvQlkyUEtJSU5UQ0EwMS5BTUUuR0JMX0FNRSUyMElORlJBJTIwQ0ElMjAwMSg0KS5jcnQwVgYIKwYBBQUHMAKGSmh0dHA6Ly9jcmw0LmFtZS5nYmwvYWlhL0JZMlBLSUlOVENBMDEuQU1FLkdCTF9BTUUlMjBJTkZSQSUyMENBJTIwMDEoNCkuY3J0MB0GA1UdDgQWBBTccG012vq9QsZJa-EMbFVNK7oNDzAOBgNVHQ8BAf8EBAMCBaAwggE1BgNVHR8EggEsMIIBKDCCASSgggEgoIIBHIZCaHR0cDovL2NybC5taWNyb3NvZnQuY29tL3BraWluZnJhL0NSTC9BTUUlMjBJTkZSQSUyMENBJTIwMDEoNCkuY3JshjRodHRwOi8vY3JsMS5hbWUuZ2JsL2NybC9BTUUlMjBJTkZSQSUyMENBJTIwMDEoNCkuY3JshjRodHRwOi8vY3JsMi5hbWUuZ2JsL2NybC9BTUUlMjBJTkZSQSUyMENBJTIwMDEoNCkuY3JshjRodHRwOi8vY3JsMy5hbWUuZ2JsL2NybC9BTUUlMjBJTkZSQSUyMENBJTIwMDEoNCkuY3JshjRodHRwOi8vY3JsNC5hbWUuZ2JsL2NybC9BTUUlMjBJTkZSQSUyMENBJTIwMDEoNCkuY3JsMIGdBgNVHSAEgZUwgZIwDAYKKwYBBAGCN3sBATBmBgorBgEEAYI3ewICMFgwVgYIKwYBBQUHAgIwSh5IADMAMwBlADAAMQA5ADIAMQAtADQAZAA2ADQALQA0AGYAOABjAC0AYQAwADUANQAtADUAYgBkAGEAZgBmAGQANQBlADMAMwBkMAwGCisGAQQBgjd7AwEwDAYKKwYBBAGCN3sEAjAfBgNVHSMEGDAWgBTl2Ztn_PjsurvwwKidileIud8-YzAdBgNVHSUEFjAUBggrBgEFBQcDAQYIKwYBBQUHAwIwDQYJKoZIhvcNAQELBQADggEBAHkWc1KMstXAU5p0ciSSzPoB_W772N_r2ITPfnNv7OdZGLyDL8VTUXFgLP_lVJgsrUcSXJi6GSjDB9ww5vQCsXJQgzO4bCx-jKgHjqphvAtqaiiUEs6HJZYAXzjGr6BPLIlx2qov7eiI-vLqT3h9gqiUGYjLwwKJdO4PIGGzt5oIY5oWtLkqoxoad8CfpX7z8WM9YAUv1l-majml_BXWMmN0t5BbCB5MAuZPnD2rg3mtvh4FEV5pnTtTLPwpw7AAt-9DReZQOgsVkBLNSAzvuXHJzMAm03Gr-uZw7fY_-p1aqDgZ4KMTnQqVr8NvFE02_Gj_5hIaAdCp1bUhZ3ZrmZY&s=Cs3HamGa309tzAJ3F-rQHVQnPsiJA-dAsoCtYO6lqvayUlRwNiqQWf3rQpad9RBD3LkNdHPCmOT_RQNngd-7yeWBK38ZvJvlytyODWZnwPFqTWU-U22_j_1pRryLygp0nWmiZfP2esvw6gxRoeMmUwb5wZ0XoLGE2nhOIAZe-xMIvRu4Qa22BPrRhQcuV0Wb-6L03MUdJZ26s-GWJOHArS_IfD-kmwf3DceClg1MwKvW_2mUDmeWOLaNMtibQVRh0FyupWGJ_eENUG7fVIbJq9rLmToCrKyIbxaaXM7UetUMB1FSmmJt1V5aM8lA6LE7OZlrNDa5fpV6MUcbE6WuqA&h=-qGXAsuQNjtAsnsBpBkvSmUHI2NZWxx5rD0Gnslu4Mk
  response:
    body:
      string: ''
    headers:
      cache-control:
      - no-cache
      content-length:
      - '0'
      date:
      - Tue, 05 Nov 2024 17:32:31 GMT
      expires:
      - '-1'
      pragma:
      - no-cache
      strict-transport-security:
      - max-age=31536000; includeSubDomains
      x-cache:
      - CONFIG_NOCACHE
      x-content-type-options:
      - nosniff
      x-ms-ratelimit-remaining-subscription-global-reads:
      - '16499'
      x-msedge-ref:
      - 'Ref A: B71CDC4607D543A09784DB3CD986D72C Ref B: BN1AA2051014053 Ref C: 2024-11-05T17:32:31Z'
    status:
      code: 200
      message: OK
version: 1
