interactions:
- request:
    body: null
    headers:
      Accept:
      - application/json
      Accept-Encoding:
      - gzip, deflate
      CommandName:
      - postgres flexible-server create
      Connection:
      - keep-alive
      ParameterSetName:
      - -g -n --backup-retention --sku-name --tier --storage-size -u --version --tags
        --database-name --high-availability --public-access
      User-Agent:
      - AZURECLI/2.72.0 azsdk-python-core/1.31.0 Python/3.10.11 (Windows-10-10.0.26100-SP0)
    method: HEAD
    uri: https://management.azure.com/subscriptions/00000000-0000-0000-0000-000000000000/resourcegroups/random_rg000004?api-version=2024-11-01
  response:
    body:
      string: ''
    headers:
      cache-control:
      - no-cache
      content-length:
      - '0'
      date:
      - Fri, 16 May 2025 05:56:14 GMT
      expires:
      - '-1'
      pragma:
      - no-cache
      strict-transport-security:
      - max-age=31536000; includeSubDomains
      x-cache:
      - CONFIG_NOCACHE
      x-content-type-options:
      - nosniff
      x-ms-failure-cause:
      - gateway
      x-ms-ratelimit-remaining-subscription-global-reads:
      - '3749'
      x-msedge-ref:
      - 'Ref A: 9DEBC7CA9401461A83B1CA20BD972273 Ref B: TYO01EDGE2705 Ref C: 2025-05-16T05:56:14Z'
    status:
      code: 404
      message: Not Found
- request:
    body: '{"location": "eastus"}'
    headers:
      Accept:
      - application/json
      Accept-Encoding:
      - gzip, deflate
      CommandName:
      - postgres flexible-server create
      Connection:
      - keep-alive
      Content-Length:
      - '22'
      Content-Type:
      - application/json
      ParameterSetName:
      - -g -n --backup-retention --sku-name --tier --storage-size -u --version --tags
        --database-name --high-availability --public-access
      User-Agent:
      - AZURECLI/2.72.0 azsdk-python-core/1.31.0 Python/3.10.11 (Windows-10-10.0.26100-SP0)
    method: PUT
    uri: https://management.azure.com/subscriptions/00000000-0000-0000-0000-000000000000/resourcegroups/random_rg000004?api-version=2024-11-01
  response:
    body:
      string: '{"id":"/subscriptions/00000000-0000-0000-0000-000000000000/resourceGroups/random_rg000004","name":"random_rg000004","type":"Microsoft.Resources/resourceGroups","location":"eastus","properties":{"provisioningState":"Succeeded"}}'
    headers:
      cache-control:
      - no-cache
      content-length:
      - '227'
      content-type:
      - application/json; charset=utf-8
      date:
      - Fri, 16 May 2025 05:56:16 GMT
      expires:
      - '-1'
      pragma:
      - no-cache
      strict-transport-security:
      - max-age=31536000; includeSubDomains
      x-cache:
      - CONFIG_NOCACHE
      x-content-type-options:
      - nosniff
      x-ms-ratelimit-remaining-subscription-global-writes:
      - '2999'
      x-ms-ratelimit-remaining-subscription-writes:
      - '199'
      x-msedge-ref:
      - 'Ref A: 6E32EC4F7D5143B7AC1146613C91631F Ref B: TYO01EDGE1611 Ref C: 2025-05-16T05:56:15Z'
    status:
      code: 201
      message: Created
- request:
    body: '{"name": "azuredbclitest-000002", "type": "Microsoft.DBforPostgreSQL/flexibleServers"}'
    headers:
      Accept:
      - application/json
      Accept-Encoding:
      - gzip, deflate
      CommandName:
      - postgres flexible-server create
      Connection:
      - keep-alive
      Content-Length:
      - '86'
      Content-Type:
      - application/json
      ParameterSetName:
      - -g -n --backup-retention --sku-name --tier --storage-size -u --version --tags
        --database-name --high-availability --public-access
      User-Agent:
      - AZURECLI/2.72.0 azsdk-python-core/1.31.0 Python/3.10.11 (Windows-10-10.0.26100-SP0)
    method: POST
    uri: https://management.azure.com/subscriptions/00000000-0000-0000-0000-000000000000/providers/Microsoft.DBforPostgreSQL/locations/eastus/checkNameAvailability?api-version=2024-11-01-preview
  response:
    body:
      string: '{"name":"azuredbclitest-000002","type":"Microsoft.DBforPostgreSQL/flexibleServers","nameAvailable":true,"message":""}'
    headers:
      cache-control:
      - no-cache
      content-length:
      - '117'
      content-type:
      - application/json; charset=utf-8
      date:
      - Fri, 16 May 2025 05:56:18 GMT
      expires:
      - '-1'
      pragma:
      - no-cache
      strict-transport-security:
      - max-age=31536000; includeSubDomains
      x-cache:
      - CONFIG_NOCACHE
      x-content-type-options:
      - nosniff
      x-ms-operation-identifier:
      - tenantId=54826b22-38d6-4fb2-bad9-b7b93a3e9c5a,objectId=d44a2991-98c6-47c3-b59b-2b30d72cfcc2/japaneast/dfc58e8d-4444-4a68-a886-ec3a0e54c245
      x-ms-ratelimit-remaining-subscription-global-writes:
      - '2999'
      x-ms-ratelimit-remaining-subscription-writes:
      - '199'
      x-msedge-ref:
      - 'Ref A: 5E710D0C40844DE2A28E3A00AEC2D80F Ref B: TYO01EDGE3110 Ref C: 2025-05-16T05:56:17Z'
    status:
      code: 200
      message: OK
- request:
    body: null
    headers:
      Accept:
      - application/json
      Accept-Encoding:
      - gzip, deflate
      CommandName:
      - postgres flexible-server create
      Connection:
      - keep-alive
      ParameterSetName:
      - -g -n --backup-retention --sku-name --tier --storage-size -u --version --tags
        --database-name --high-availability --public-access
      User-Agent:
      - AZURECLI/2.72.0 azsdk-python-core/1.31.0 Python/3.10.11 (Windows-10-10.0.26100-SP0)
    method: GET
    uri: https://management.azure.com/subscriptions/00000000-0000-0000-0000-000000000000/providers/Microsoft.DBforPostgreSQL/locations/eastus/capabilities?api-version=2024-11-01-preview
  response:
    body:
      string: '{"value":[{"name":"FlexibleServerCapabilities","supportedServerEditions":[{"supportedServerSkus":[{"supportedFeatures":[],"name":"Standard_B1ms","vCores":1,"supportedIops":640,"supportedMemoryPerVcoreMb":2048,"supportedZones":["1","2","3"],"supportedHaMode":["SameZone","ZoneRedundant"]},{"supportedFeatures":[],"name":"Standard_B2s","vCores":2,"supportedIops":1280,"supportedMemoryPerVcoreMb":2048,"supportedZones":["1","2","3"],"supportedHaMode":["SameZone","ZoneRedundant"]},{"supportedFeatures":[],"name":"Standard_B2ms","vCores":2,"supportedIops":1920,"supportedMemoryPerVcoreMb":4096,"supportedZones":["1","2","3"],"supportedHaMode":["SameZone","ZoneRedundant"]},{"supportedFeatures":[],"name":"Standard_B4ms","vCores":4,"supportedIops":2880,"supportedMemoryPerVcoreMb":4096,"supportedZones":["1","2","3"],"supportedHaMode":["SameZone","ZoneRedundant"]},{"supportedFeatures":[],"name":"Standard_B8ms","vCores":8,"supportedIops":4320,"supportedMemoryPerVcoreMb":4096,"supportedZones":["1","2","3"],"supportedHaMode":["SameZone","ZoneRedundant"]},{"supportedFeatures":[],"name":"Standard_B12ms","vCores":12,"supportedIops":4320,"supportedMemoryPerVcoreMb":4096,"supportedZones":["1","2","3"],"supportedHaMode":["SameZone","ZoneRedundant"]},{"supportedFeatures":[],"name":"Standard_B16ms","vCores":16,"supportedIops":4320,"supportedMemoryPerVcoreMb":4096,"supportedZones":["1","2","3"],"supportedHaMode":["SameZone","ZoneRedundant"]},{"supportedFeatures":[],"name":"Standard_B20ms","vCores":20,"supportedIops":4320,"supportedMemoryPerVcoreMb":4096,"supportedZones":["1","2","3"],"supportedHaMode":["SameZone","ZoneRedundant"]}],"name":"Burstable","defaultSkuName":"Standard_B2s","supportedStorageEditions":[{"name":"ManagedDisk","defaultStorageSizeMb":32768,"supportedStorageMb":[{"supportedIops":120,"storageSizeMb":32768,"defaultIopsTier":"P4","supportedIopsTiers":[{"name":"P4","iops":120},{"name":"P6","iops":240},{"name":"P10","iops":500},{"name":"P15","iops":1100},{"name":"P20","iops":2300},{"name":"P30","iops":5000},{"name":"P40","iops":7500},{"name":"P50","iops":7500}]},{"supportedIops":240,"storageSizeMb":65536,"defaultIopsTier":"P6","supportedIopsTiers":[{"name":"P6","iops":240},{"name":"P10","iops":500},{"name":"P15","iops":1100},{"name":"P20","iops":2300},{"name":"P30","iops":5000},{"name":"P40","iops":7500},{"name":"P50","iops":7500}]},{"supportedIops":500,"storageSizeMb":131072,"defaultIopsTier":"P10","supportedIopsTiers":[{"name":"P10","iops":500},{"name":"P15","iops":1100},{"name":"P20","iops":2300},{"name":"P30","iops":5000},{"name":"P40","iops":7500},{"name":"P50","iops":7500}]},{"supportedIops":1100,"storageSizeMb":262144,"defaultIopsTier":"P15","supportedIopsTiers":[{"name":"P15","iops":1100},{"name":"P20","iops":2300},{"name":"P30","iops":5000},{"name":"P40","iops":7500},{"name":"P50","iops":7500}]},{"supportedIops":2300,"storageSizeMb":524288,"defaultIopsTier":"P20","supportedIopsTiers":[{"name":"P20","iops":2300},{"name":"P30","iops":5000},{"name":"P40","iops":7500},{"name":"P50","iops":7500}]},{"supportedIops":5000,"storageSizeMb":1048576,"defaultIopsTier":"P30","supportedIopsTiers":[{"name":"P30","iops":5000},{"name":"P40","iops":7500},{"name":"P50","iops":7500}]},{"supportedIops":7500,"storageSizeMb":2097152,"defaultIopsTier":"P40","supportedIopsTiers":[{"name":"P40","iops":7500},{"name":"P50","iops":7500}]},{"supportedIops":7500,"storageSizeMb":4193280,"defaultIopsTier":"P50","supportedIopsTiers":[{"name":"P50","iops":7500}]},{"supportedIops":7500,"storageSizeMb":4194304,"defaultIopsTier":"P50","supportedIopsTiers":[{"name":"P50","iops":7500}]},{"supportedIops":16000,"storageSizeMb":8388608,"defaultIopsTier":"P60","supportedIopsTiers":[{"name":"P60","iops":16000},{"name":"P70","iops":18000},{"name":"P80","iops":20000}]},{"supportedIops":18000,"storageSizeMb":16777216,"defaultIopsTier":"P70","supportedIopsTiers":[{"name":"P70","iops":18000},{"name":"P80","iops":20000}]},{"supportedIops":20000,"storageSizeMb":33553408,"defaultIopsTier":"P80","supportedIopsTiers":[{"name":"P80","iops":20000}]}]},{"name":"ManagedDiskV2","defaultStorageSizeMb":32768,"supportedStorageMb":[{"supportedIops":3000,"supportedMaximumIops":80000,"storageSizeMb":32768,"maximumStorageSizeMb":67108864,"supportedThroughput":125,"supportedMaximumThroughput":1200,"defaultIopsTier":"None","supportedIopsTiers":[{"name":"None","iops":0}]}]}]},{"supportedServerSkus":[{"supportedFeatures":[],"name":"Standard_D2s_v3","vCores":2,"supportedIops":3200,"supportedMemoryPerVcoreMb":4096,"supportedZones":["1","2","3"],"supportedHaMode":["SameZone","ZoneRedundant"]},{"supportedFeatures":[],"name":"Standard_D4s_v3","vCores":4,"supportedIops":6400,"supportedMemoryPerVcoreMb":4096,"supportedZones":["1","2","3"],"supportedHaMode":["SameZone","ZoneRedundant"]},{"supportedFeatures":[],"name":"Standard_D8s_v3","vCores":8,"supportedIops":12800,"supportedMemoryPerVcoreMb":4096,"supportedZones":["1","2","3"],"supportedHaMode":["SameZone","ZoneRedundant"]},{"supportedFeatures":[],"name":"Standard_D16s_v3","vCores":16,"supportedIops":25600,"supportedMemoryPerVcoreMb":4096,"supportedZones":["1","2","3"],"supportedHaMode":["SameZone","ZoneRedundant"]},{"supportedFeatures":[],"name":"Standard_D32s_v3","vCores":32,"supportedIops":51200,"supportedMemoryPerVcoreMb":4096,"supportedZones":["1","2","3"],"supportedHaMode":["SameZone","ZoneRedundant"]},{"supportedFeatures":[],"name":"Standard_D48s_v3","vCores":48,"supportedIops":76800,"supportedMemoryPerVcoreMb":4096,"supportedZones":["1","2","3"],"supportedHaMode":["SameZone","ZoneRedundant"]},{"supportedFeatures":[],"name":"Standard_D64s_v3","vCores":64,"supportedIops":80000,"supportedMemoryPerVcoreMb":4096,"supportedZones":["1","2","3"],"supportedHaMode":["SameZone","ZoneRedundant"]},{"supportedFeatures":[],"name":"Standard_D2ds_v4","vCores":2,"supportedIops":3200,"supportedMemoryPerVcoreMb":4096,"supportedZones":["1","2","3"],"supportedHaMode":["SameZone","ZoneRedundant"]},{"supportedFeatures":[],"name":"Standard_D4ds_v4","vCores":4,"supportedIops":6400,"supportedMemoryPerVcoreMb":4096,"supportedZones":["1","2","3"],"supportedHaMode":["SameZone","ZoneRedundant"]},{"supportedFeatures":[],"name":"Standard_D8ds_v4","vCores":8,"supportedIops":12800,"supportedMemoryPerVcoreMb":4096,"supportedZones":["1","2","3"],"supportedHaMode":["SameZone","ZoneRedundant"]},{"supportedFeatures":[],"name":"Standard_D16ds_v4","vCores":16,"supportedIops":25600,"supportedMemoryPerVcoreMb":4096,"supportedZones":["1","2","3"],"supportedHaMode":["SameZone","ZoneRedundant"]},{"supportedFeatures":[],"name":"Standard_D32ds_v4","vCores":32,"supportedIops":51200,"supportedMemoryPerVcoreMb":4096,"supportedZones":["1","2","3"],"supportedHaMode":["SameZone","ZoneRedundant"]},{"supportedFeatures":[],"name":"Standard_D48ds_v4","vCores":48,"supportedIops":76800,"supportedMemoryPerVcoreMb":4096,"supportedZones":["1","2","3"],"supportedHaMode":["SameZone","ZoneRedundant"]},{"supportedFeatures":[],"name":"Standard_D64ds_v4","vCores":64,"supportedIops":80000,"supportedMemoryPerVcoreMb":4096,"supportedZones":["1","2","3"],"supportedHaMode":["SameZone","ZoneRedundant"]},{"supportedFeatures":[],"name":"Standard_D2ads_v5","vCores":2,"supportedIops":3200,"supportedMemoryPerVcoreMb":4096,"supportedZones":["1","2","3"],"supportedHaMode":["SameZone","ZoneRedundant"]},{"supportedFeatures":[],"name":"Standard_D4ads_v5","vCores":4,"supportedIops":6400,"supportedMemoryPerVcoreMb":4096,"supportedZones":["1","2","3"],"supportedHaMode":["SameZone","ZoneRedundant"]},{"supportedFeatures":[],"name":"Standard_D8ads_v5","vCores":8,"supportedIops":12800,"supportedMemoryPerVcoreMb":4096,"supportedZones":["1","2","3"],"supportedHaMode":["SameZone","ZoneRedundant"]},{"supportedFeatures":[],"name":"Standard_D16ads_v5","vCores":16,"supportedIops":25600,"supportedMemoryPerVcoreMb":4096,"supportedZones":["1","2","3"],"supportedHaMode":["SameZone","ZoneRedundant"]},{"supportedFeatures":[],"name":"Standard_D32ads_v5","vCores":32,"supportedIops":51200,"supportedMemoryPerVcoreMb":4096,"supportedZones":["1","2","3"],"supportedHaMode":["SameZone","ZoneRedundant"]},{"supportedFeatures":[],"name":"Standard_D48ads_v5","vCores":48,"supportedIops":76800,"supportedMemoryPerVcoreMb":4096,"supportedZones":["1","2","3"],"supportedHaMode":["SameZone","ZoneRedundant"]},{"supportedFeatures":[],"name":"Standard_D64ads_v5","vCores":64,"supportedIops":80000,"supportedMemoryPerVcoreMb":4096,"supportedZones":["1","2","3"],"supportedHaMode":["SameZone","ZoneRedundant"]},{"supportedFeatures":[],"name":"Standard_D96ads_v5","vCores":96,"supportedIops":80000,"supportedMemoryPerVcoreMb":4096,"supportedZones":["1","2","3"],"supportedHaMode":["SameZone","ZoneRedundant"]},{"supportedFeatures":[],"name":"Standard_D2ds_v5","vCores":2,"supportedIops":3750,"supportedMemoryPerVcoreMb":4096,"supportedZones":["1","2","3"],"supportedHaMode":["SameZone","ZoneRedundant"]},{"supportedFeatures":[],"name":"Standard_D4ds_v5","vCores":4,"supportedIops":6400,"supportedMemoryPerVcoreMb":4096,"supportedZones":["1","2","3"],"supportedHaMode":["SameZone","ZoneRedundant"]},{"supportedFeatures":[],"name":"Standard_D8ds_v5","vCores":8,"supportedIops":12800,"supportedMemoryPerVcoreMb":4096,"supportedZones":["1","2","3"],"supportedHaMode":["SameZone","ZoneRedundant"]},{"supportedFeatures":[],"name":"Standard_D16ds_v5","vCores":16,"supportedIops":25600,"supportedMemoryPerVcoreMb":4096,"supportedZones":["1","2","3"],"supportedHaMode":["SameZone","ZoneRedundant"]},{"supportedFeatures":[],"name":"Standard_D32ds_v5","vCores":32,"supportedIops":51200,"supportedMemoryPerVcoreMb":4096,"supportedZones":["1","2","3"],"supportedHaMode":["SameZone","ZoneRedundant"]},{"supportedFeatures":[],"name":"Standard_D48ds_v5","vCores":48,"supportedIops":76800,"supportedMemoryPerVcoreMb":4096,"supportedZones":["1","2","3"],"supportedHaMode":["SameZone","ZoneRedundant"]},{"supportedFeatures":[],"name":"Standard_D64ds_v5","vCores":64,"supportedIops":80000,"supportedMemoryPerVcoreMb":4096,"supportedZones":["1","2","3"],"supportedHaMode":["SameZone","ZoneRedundant"]},{"supportedFeatures":[],"name":"Standard_D96ds_v5","vCores":96,"supportedIops":80000,"supportedMemoryPerVcoreMb":4096,"supportedZones":["1","2","3"],"supportedHaMode":["SameZone","ZoneRedundant"]}],"name":"GeneralPurpose","defaultSkuName":"Standard_D4ads_v5","supportedStorageEditions":[{"name":"ManagedDisk","defaultStorageSizeMb":65536,"supportedStorageMb":[{"supportedIops":120,"storageSizeMb":32768,"defaultIopsTier":"P4","supportedIopsTiers":[{"name":"P4","iops":120},{"name":"P6","iops":240},{"name":"P10","iops":500},{"name":"P15","iops":1100},{"name":"P20","iops":2300},{"name":"P30","iops":5000},{"name":"P40","iops":7500},{"name":"P50","iops":7500}]},{"supportedIops":240,"storageSizeMb":65536,"defaultIopsTier":"P6","supportedIopsTiers":[{"name":"P6","iops":240},{"name":"P10","iops":500},{"name":"P15","iops":1100},{"name":"P20","iops":2300},{"name":"P30","iops":5000},{"name":"P40","iops":7500},{"name":"P50","iops":7500}]},{"supportedIops":500,"storageSizeMb":131072,"defaultIopsTier":"P10","supportedIopsTiers":[{"name":"P10","iops":500},{"name":"P15","iops":1100},{"name":"P20","iops":2300},{"name":"P30","iops":5000},{"name":"P40","iops":7500},{"name":"P50","iops":7500}]},{"supportedIops":1100,"storageSizeMb":262144,"defaultIopsTier":"P15","supportedIopsTiers":[{"name":"P15","iops":1100},{"name":"P20","iops":2300},{"name":"P30","iops":5000},{"name":"P40","iops":7500},{"name":"P50","iops":7500}]},{"supportedIops":2300,"storageSizeMb":524288,"defaultIopsTier":"P20","supportedIopsTiers":[{"name":"P20","iops":2300},{"name":"P30","iops":5000},{"name":"P40","iops":7500},{"name":"P50","iops":7500}]},{"supportedIops":5000,"storageSizeMb":1048576,"defaultIopsTier":"P30","supportedIopsTiers":[{"name":"P30","iops":5000},{"name":"P40","iops":7500},{"name":"P50","iops":7500}]},{"supportedIops":7500,"storageSizeMb":2097152,"defaultIopsTier":"P40","supportedIopsTiers":[{"name":"P40","iops":7500},{"name":"P50","iops":7500}]},{"supportedIops":7500,"storageSizeMb":4193280,"defaultIopsTier":"P50","supportedIopsTiers":[{"name":"P50","iops":7500}]},{"supportedIops":7500,"storageSizeMb":4194304,"defaultIopsTier":"P50","supportedIopsTiers":[{"name":"P50","iops":7500}]},{"supportedIops":16000,"storageSizeMb":8388608,"defaultIopsTier":"P60","supportedIopsTiers":[{"name":"P60","iops":16000},{"name":"P70","iops":18000},{"name":"P80","iops":20000}]},{"supportedIops":18000,"storageSizeMb":16777216,"defaultIopsTier":"P70","supportedIopsTiers":[{"name":"P70","iops":18000},{"name":"P80","iops":20000}]},{"supportedIops":20000,"storageSizeMb":33553408,"defaultIopsTier":"P80","supportedIopsTiers":[{"name":"P80","iops":20000}]}]},{"name":"ManagedDiskV2","defaultStorageSizeMb":65536,"supportedStorageMb":[{"supportedIops":3000,"supportedMaximumIops":80000,"storageSizeMb":32768,"maximumStorageSizeMb":67108864,"supportedThroughput":125,"supportedMaximumThroughput":1200,"defaultIopsTier":"None","supportedIopsTiers":[{"name":"None","iops":0}]}]},{"name":"UltraDisk","defaultStorageSizeMb":65536,"supportedStorageMb":[],"reason":"Specified
        Storage Edition not supported in this region."}]},{"supportedServerSkus":[{"supportedFeatures":[],"name":"Standard_E2s_v3","vCores":2,"supportedIops":3200,"supportedMemoryPerVcoreMb":8192,"supportedZones":["1","2","3"],"supportedHaMode":["SameZone","ZoneRedundant"]},{"supportedFeatures":[],"name":"Standard_E4s_v3","vCores":4,"supportedIops":6400,"supportedMemoryPerVcoreMb":8192,"supportedZones":["1","2","3"],"supportedHaMode":["SameZone","ZoneRedundant"]},{"supportedFeatures":[],"name":"Standard_E8s_v3","vCores":8,"supportedIops":12800,"supportedMemoryPerVcoreMb":8192,"supportedZones":["1","2","3"],"supportedHaMode":["SameZone","ZoneRedundant"]},{"supportedFeatures":[],"name":"Standard_E16s_v3","vCores":16,"supportedIops":25600,"supportedMemoryPerVcoreMb":8192,"supportedZones":["1","2","3"],"supportedHaMode":["SameZone","ZoneRedundant"]},{"supportedFeatures":[],"name":"Standard_E32s_v3","vCores":32,"supportedIops":32000,"supportedMemoryPerVcoreMb":8192,"supportedZones":["1","2","3"],"supportedHaMode":["SameZone","ZoneRedundant"]},{"supportedFeatures":[],"name":"Standard_E48s_v3","vCores":48,"supportedIops":51200,"supportedMemoryPerVcoreMb":8192,"supportedZones":["1","2","3"],"supportedHaMode":["SameZone","ZoneRedundant"]},{"supportedFeatures":[],"name":"Standard_E64s_v3","vCores":64,"supportedIops":76800,"supportedMemoryPerVcoreMb":6912,"supportedZones":["1","2","3"],"supportedHaMode":["SameZone","ZoneRedundant"]},{"supportedFeatures":[],"name":"Standard_E2ds_v4","vCores":2,"supportedIops":3200,"supportedMemoryPerVcoreMb":8192,"supportedZones":["1","2","3"],"supportedHaMode":["SameZone","ZoneRedundant"]},{"supportedFeatures":[],"name":"Standard_E4ds_v4","vCores":4,"supportedIops":6400,"supportedMemoryPerVcoreMb":8192,"supportedZones":["1","2","3"],"supportedHaMode":["SameZone","ZoneRedundant"]},{"supportedFeatures":[],"name":"Standard_E8ds_v4","vCores":8,"supportedIops":12800,"supportedMemoryPerVcoreMb":8192,"supportedZones":["1","2","3"],"supportedHaMode":["SameZone","ZoneRedundant"]},{"supportedFeatures":[],"name":"Standard_E16ds_v4","vCores":16,"supportedIops":25600,"supportedMemoryPerVcoreMb":8192,"supportedZones":["1","2","3"],"supportedHaMode":["SameZone","ZoneRedundant"]},{"supportedFeatures":[],"name":"Standard_E20ds_v4","vCores":20,"supportedIops":32000,"supportedMemoryPerVcoreMb":8192,"supportedZones":["1","2","3"],"supportedHaMode":["SameZone","ZoneRedundant"]},{"supportedFeatures":[],"name":"Standard_E32ds_v4","vCores":32,"supportedIops":51200,"supportedMemoryPerVcoreMb":8192,"supportedZones":["1","2","3"],"supportedHaMode":["SameZone","ZoneRedundant"]},{"supportedFeatures":[],"name":"Standard_E48ds_v4","vCores":48,"supportedIops":76800,"supportedMemoryPerVcoreMb":8192,"supportedZones":["1","2","3"],"supportedHaMode":["SameZone","ZoneRedundant"]},{"supportedFeatures":[],"name":"Standard_E64ds_v4","vCores":64,"supportedIops":80000,"supportedMemoryPerVcoreMb":6912,"supportedZones":["1","2","3"],"supportedHaMode":["SameZone","ZoneRedundant"]},{"supportedFeatures":[],"name":"Standard_E2ads_v5","vCores":2,"supportedIops":3750,"supportedMemoryPerVcoreMb":8192,"supportedZones":["1","2","3"],"supportedHaMode":["SameZone","ZoneRedundant"]},{"supportedFeatures":[],"name":"Standard_E4ads_v5","vCores":4,"supportedIops":6400,"supportedMemoryPerVcoreMb":8192,"supportedZones":["1","2","3"],"supportedHaMode":["SameZone","ZoneRedundant"]},{"supportedFeatures":[],"name":"Standard_E8ads_v5","vCores":8,"supportedIops":12800,"supportedMemoryPerVcoreMb":8192,"supportedZones":["1","2","3"],"supportedHaMode":["SameZone","ZoneRedundant"]},{"supportedFeatures":[],"name":"Standard_E16ads_v5","vCores":16,"supportedIops":25600,"supportedMemoryPerVcoreMb":8192,"supportedZones":["1","2","3"],"supportedHaMode":["SameZone","ZoneRedundant"]},{"supportedFeatures":[],"name":"Standard_E20ads_v5","vCores":20,"supportedIops":32000,"supportedMemoryPerVcoreMb":8192,"supportedZones":["1","2","3"],"supportedHaMode":["SameZone","ZoneRedundant"]},{"supportedFeatures":[],"name":"Standard_E32ads_v5","vCores":32,"supportedIops":51200,"supportedMemoryPerVcoreMb":8192,"supportedZones":["1","2","3"],"supportedHaMode":["SameZone","ZoneRedundant"]},{"supportedFeatures":[],"name":"Standard_E48ads_v5","vCores":48,"supportedIops":76800,"supportedMemoryPerVcoreMb":8192,"supportedZones":["1","2","3"],"supportedHaMode":["SameZone","ZoneRedundant"]},{"supportedFeatures":[],"name":"Standard_E64ads_v5","vCores":64,"supportedIops":80000,"supportedMemoryPerVcoreMb":8192,"supportedZones":["1","2","3"],"supportedHaMode":["SameZone","ZoneRedundant"]},{"supportedFeatures":[],"name":"Standard_E96ads_v5","vCores":96,"supportedIops":80000,"supportedMemoryPerVcoreMb":7168,"supportedZones":["1","2","3"],"supportedHaMode":["SameZone","ZoneRedundant"]},{"supportedFeatures":[],"name":"Standard_E2ds_v5","vCores":2,"supportedIops":3750,"supportedMemoryPerVcoreMb":8192,"supportedZones":["1","2","3"],"supportedHaMode":["SameZone","ZoneRedundant"]},{"supportedFeatures":[],"name":"Standard_E4ds_v5","vCores":4,"supportedIops":6400,"supportedMemoryPerVcoreMb":8192,"supportedZones":["1","2","3"],"supportedHaMode":["SameZone","ZoneRedundant"]},{"supportedFeatures":[],"name":"Standard_E8ds_v5","vCores":8,"supportedIops":12800,"supportedMemoryPerVcoreMb":8192,"supportedZones":["1","2","3"],"supportedHaMode":["SameZone","ZoneRedundant"]},{"supportedFeatures":[],"name":"Standard_E16ds_v5","vCores":16,"supportedIops":25600,"supportedMemoryPerVcoreMb":8192,"supportedZones":["1","2","3"],"supportedHaMode":["SameZone","ZoneRedundant"]},{"supportedFeatures":[],"name":"Standard_E20ds_v5","vCores":20,"supportedIops":32000,"supportedMemoryPerVcoreMb":8192,"supportedZones":["1","2","3"],"supportedHaMode":["SameZone","ZoneRedundant"]},{"supportedFeatures":[],"name":"Standard_E32ds_v5","vCores":32,"supportedIops":51200,"supportedMemoryPerVcoreMb":8192,"supportedZones":["1","2","3"],"supportedHaMode":["SameZone","ZoneRedundant"]},{"supportedFeatures":[],"name":"Standard_E48ds_v5","vCores":48,"supportedIops":76800,"supportedMemoryPerVcoreMb":8192,"supportedZones":["1","2","3"],"supportedHaMode":["SameZone","ZoneRedundant"]},{"supportedFeatures":[],"name":"Standard_E64ds_v5","vCores":64,"supportedIops":80000,"supportedMemoryPerVcoreMb":8192,"supportedZones":["1","2","3"],"supportedHaMode":["SameZone","ZoneRedundant"]},{"supportedFeatures":[],"name":"Standard_E96ds_v5","vCores":96,"supportedIops":80000,"supportedMemoryPerVcoreMb":7168,"supportedZones":["1","2","3"],"supportedHaMode":["SameZone","ZoneRedundant"]}],"name":"MemoryOptimized","defaultSkuName":"Standard_E4ads_v5","supportedStorageEditions":[{"name":"ManagedDisk","defaultStorageSizeMb":131072,"supportedStorageMb":[{"supportedIops":120,"storageSizeMb":32768,"defaultIopsTier":"P4","supportedIopsTiers":[{"name":"P4","iops":120},{"name":"P6","iops":240},{"name":"P10","iops":500},{"name":"P15","iops":1100},{"name":"P20","iops":2300},{"name":"P30","iops":5000},{"name":"P40","iops":7500},{"name":"P50","iops":7500}]},{"supportedIops":240,"storageSizeMb":65536,"defaultIopsTier":"P6","supportedIopsTiers":[{"name":"P6","iops":240},{"name":"P10","iops":500},{"name":"P15","iops":1100},{"name":"P20","iops":2300},{"name":"P30","iops":5000},{"name":"P40","iops":7500},{"name":"P50","iops":7500}]},{"supportedIops":500,"storageSizeMb":131072,"defaultIopsTier":"P10","supportedIopsTiers":[{"name":"P10","iops":500},{"name":"P15","iops":1100},{"name":"P20","iops":2300},{"name":"P30","iops":5000},{"name":"P40","iops":7500},{"name":"P50","iops":7500}]},{"supportedIops":1100,"storageSizeMb":262144,"defaultIopsTier":"P15","supportedIopsTiers":[{"name":"P15","iops":1100},{"name":"P20","iops":2300},{"name":"P30","iops":5000},{"name":"P40","iops":7500},{"name":"P50","iops":7500}]},{"supportedIops":2300,"storageSizeMb":524288,"defaultIopsTier":"P20","supportedIopsTiers":[{"name":"P20","iops":2300},{"name":"P30","iops":5000},{"name":"P40","iops":7500},{"name":"P50","iops":7500}]},{"supportedIops":5000,"storageSizeMb":1048576,"defaultIopsTier":"P30","supportedIopsTiers":[{"name":"P30","iops":5000},{"name":"P40","iops":7500},{"name":"P50","iops":7500}]},{"supportedIops":7500,"storageSizeMb":2097152,"defaultIopsTier":"P40","supportedIopsTiers":[{"name":"P40","iops":7500},{"name":"P50","iops":7500}]},{"supportedIops":7500,"storageSizeMb":4193280,"defaultIopsTier":"P50","supportedIopsTiers":[{"name":"P50","iops":7500}]},{"supportedIops":7500,"storageSizeMb":4194304,"defaultIopsTier":"P50","supportedIopsTiers":[{"name":"P50","iops":7500}]},{"supportedIops":16000,"storageSizeMb":8388608,"defaultIopsTier":"P60","supportedIopsTiers":[{"name":"P60","iops":16000},{"name":"P70","iops":18000},{"name":"P80","iops":20000}]},{"supportedIops":18000,"storageSizeMb":16777216,"defaultIopsTier":"P70","supportedIopsTiers":[{"name":"P70","iops":18000},{"name":"P80","iops":20000}]},{"supportedIops":20000,"storageSizeMb":33553408,"defaultIopsTier":"P80","supportedIopsTiers":[{"name":"P80","iops":20000}]}]},{"name":"ManagedDiskV2","defaultStorageSizeMb":131072,"supportedStorageMb":[{"supportedIops":3000,"supportedMaximumIops":80000,"storageSizeMb":32768,"maximumStorageSizeMb":67108864,"supportedThroughput":125,"supportedMaximumThroughput":1200,"defaultIopsTier":"None","supportedIopsTiers":[{"name":"None","iops":0}]}]},{"name":"UltraDisk","defaultStorageSizeMb":131072,"supportedStorageMb":[],"reason":"Specified
        Storage Edition not supported in this region."}]}],"supportedServerVersions":[{"supportedFeatures":[],"name":"11","supportedVersionsToUpgrade":["12","13","14","15","16"]},{"supportedFeatures":[],"name":"12","supportedVersionsToUpgrade":["13","14","15","16"]},{"supportedFeatures":[],"name":"13","supportedVersionsToUpgrade":["14","15","16"]},{"supportedFeatures":[],"name":"14","supportedVersionsToUpgrade":["15","16"]},{"supportedFeatures":[],"name":"15","supportedVersionsToUpgrade":["16"]},{"supportedFeatures":[],"name":"16","supportedVersionsToUpgrade":[]},{"supportedFeatures":[],"name":"17","supportedVersionsToUpgrade":[]}],"supportedFastProvisioningEditions":[{"supportedTier":"Burstable","supportedSku":"standard_b1ms","supportedStorageGb":32,"supportedServerVersions":"12","serverCount":0},{"supportedTier":"Burstable","supportedSku":"standard_b2s","supportedStorageGb":32,"supportedServerVersions":"12","serverCount":0},{"supportedTier":"GeneralPurpose","supportedSku":"standard_d2s_v3","supportedStorageGb":128,"supportedServerVersions":"12","serverCount":0},{"supportedTier":"GeneralPurpose","supportedSku":"standard_d2ds_v4","supportedStorageGb":128,"supportedServerVersions":"12","serverCount":0},{"supportedTier":"MemoryOptimized","supportedSku":"standard_e2ds_v4","supportedStorageGb":512,"supportedServerVersions":"12","serverCount":0},{"supportedTier":"Burstable","supportedSku":"standard_b1ms","supportedStorageGb":32,"supportedServerVersions":"13","serverCount":0},{"supportedTier":"Burstable","supportedSku":"standard_b2s","supportedStorageGb":32,"supportedServerVersions":"13","serverCount":0},{"supportedTier":"GeneralPurpose","supportedSku":"standard_d2s_v3","supportedStorageGb":128,"supportedServerVersions":"13","serverCount":0},{"supportedTier":"GeneralPurpose","supportedSku":"standard_d2ds_v4","supportedStorageGb":128,"supportedServerVersions":"13","serverCount":0},{"supportedTier":"MemoryOptimized","supportedSku":"standard_e2ds_v4","supportedStorageGb":512,"supportedServerVersions":"13","serverCount":0},{"supportedTier":"Burstable","supportedSku":"standard_b1ms","supportedStorageGb":32,"supportedServerVersions":"14","serverCount":0},{"supportedTier":"Burstable","supportedSku":"standard_b2s","supportedStorageGb":32,"supportedServerVersions":"14","serverCount":0},{"supportedTier":"GeneralPurpose","supportedSku":"standard_d2s_v3","supportedStorageGb":128,"supportedServerVersions":"14","serverCount":0},{"supportedTier":"GeneralPurpose","supportedSku":"standard_d2ds_v4","supportedStorageGb":128,"supportedServerVersions":"14","serverCount":0},{"supportedTier":"MemoryOptimized","supportedSku":"standard_e2ds_v4","supportedStorageGb":512,"supportedServerVersions":"14","serverCount":0},{"supportedTier":"Burstable","supportedSku":"standard_b1ms","supportedStorageGb":32,"supportedServerVersions":"15","serverCount":0},{"supportedTier":"Burstable","supportedSku":"standard_b2s","supportedStorageGb":32,"supportedServerVersions":"15","serverCount":0},{"supportedTier":"GeneralPurpose","supportedSku":"standard_d2s_v3","supportedStorageGb":128,"supportedServerVersions":"15","serverCount":0},{"supportedTier":"GeneralPurpose","supportedSku":"standard_d2ds_v4","supportedStorageGb":128,"supportedServerVersions":"15","serverCount":0},{"supportedTier":"MemoryOptimized","supportedSku":"standard_e2ds_v4","supportedStorageGb":512,"supportedServerVersions":"15","serverCount":0},{"supportedTier":"Burstable","supportedSku":"standard_b1ms","supportedStorageGb":32,"supportedServerVersions":"16","serverCount":0},{"supportedTier":"Burstable","supportedSku":"standard_b2s","supportedStorageGb":32,"supportedServerVersions":"16","serverCount":0},{"supportedTier":"GeneralPurpose","supportedSku":"standard_d2s_v3","supportedStorageGb":128,"supportedServerVersions":"16","serverCount":0},{"supportedTier":"GeneralPurpose","supportedSku":"standard_d2ds_v4","supportedStorageGb":128,"supportedServerVersions":"16","serverCount":0},{"supportedTier":"MemoryOptimized","supportedSku":"standard_e2ds_v4","supportedStorageGb":512,"supportedServerVersions":"16","serverCount":0}],"supportedFeatures":[{"name":"FastProvisioning","status":"Enabled"},{"name":"ZoneRedundantHa","status":"Enabled"},{"name":"GeoBackup","status":"Enabled"},{"name":"ZoneRedundantHaAndGeoBackup","status":"Enabled"},{"name":"StorageAutoGrowth","status":"Enabled"},{"name":"OnlineResize","status":"Enabled"},{"name":"OfferRestricted","status":"Disabled"},{"name":"IndexTuning","status":"Enabled"},{"name":"Clusters","status":"Enabled"},{"name":"ConfigTuning","status":"Disabled"}],"fastProvisioningSupported":"Enabled","geoBackupSupported":"Enabled","zoneRedundantHaSupported":"Enabled","zoneRedundantHaAndGeoBackupSupported":"Enabled","storageAutoGrowthSupported":"Enabled","onlineResizeSupported":"Enabled","indexTuningSupported":"Enabled"}]}'
    headers:
      cache-control:
      - no-cache
      content-length:
      - '27379'
      content-type:
      - application/json; charset=utf-8
      date:
      - Fri, 16 May 2025 05:56:23 GMT
      expires:
      - '-1'
      pragma:
      - no-cache
      strict-transport-security:
      - max-age=31536000; includeSubDomains
      x-cache:
      - CONFIG_NOCACHE
      x-content-type-options:
      - nosniff
      x-ms-operation-identifier:
      - tenantId=54826b22-38d6-4fb2-bad9-b7b93a3e9c5a,objectId=d44a2991-98c6-47c3-b59b-2b30d72cfcc2/japanwest/99ca5bd3-fee9-47cf-9708-a6758d96086b
      x-ms-ratelimit-remaining-subscription-global-reads:
      - '3749'
      x-msedge-ref:
      - 'Ref A: 0BDB896D7E834625B8AE7AA3A4993DEC Ref B: TYO01EDGE3809 Ref C: 2025-05-16T05:56:18Z'
    status:
      code: 200
      message: OK
- request:
    body: '{"tags": {"keys": "3"}, "location": "eastus", "sku": {"name": "Standard_D2s_v3",
      "tier": "GeneralPurpose"}, "properties": {"administratorLogin": "dbadmin", "administratorLoginPassword":
      "o7VcgJ0AKxwGpfno39wO7Q", "version": "16", "storage": {"storageSizeGB": 128,
      "autoGrow": "Disabled"}, "authConfig": {"activeDirectoryAuth": "Disabled", "passwordAuth":
      "Enabled", "tenantId": ""}, "backup": {"backupRetentionDays": 7, "geoRedundantBackup":
      "Disabled"}, "network": {"publicNetworkAccess": "Disabled"}, "highAvailability":
      {"mode": "ZoneRedundant"}, "createMode": "Create"}}'
    headers:
      Accept:
      - application/json
      Accept-Encoding:
      - gzip, deflate
      CommandName:
      - postgres flexible-server create
      Connection:
      - keep-alive
      Content-Length:
      - '573'
      Content-Type:
      - application/json
      ParameterSetName:
      - -g -n --backup-retention --sku-name --tier --storage-size -u --version --tags
        --database-name --high-availability --public-access
      User-Agent:
      - AZURECLI/2.72.0 azsdk-python-core/1.31.0 Python/3.10.11 (Windows-10-10.0.26100-SP0)
    method: PUT
    uri: https://management.azure.com/subscriptions/00000000-0000-0000-0000-000000000000/resourceGroups/random_rg000004/providers/Microsoft.DBforPostgreSQL/flexibleServers/azuredbclitest-000002?api-version=2024-11-01-preview
  response:
    body:
      string: '{"operation":"UpsertServerManagementOperationV2","startTime":"2025-05-16T05:56:28.39Z"}'
    headers:
      azure-asyncoperation:
      - https://management.azure.com/subscriptions/00000000-0000-0000-0000-000000000000/providers/Microsoft.DBforPostgreSQL/locations/eastus/azureAsyncOperation/48bcecb9-9870-4274-903f-4ac58b6c004c?api-version=2024-11-01-preview&t=638829717885340458&c=MIIHpTCCBo2gAwIBAgITOgWXBJzHWActAOyA9gAEBZcEnDANBgkqhkiG9w0BAQsFADBEMRMwEQYKCZImiZPyLGQBGRYDR0JMMRMwEQYKCZImiZPyLGQBGRYDQU1FMRgwFgYDVQQDEw9BTUUgSU5GUkEgQ0EgMDEwHhcNMjUwNDE4MDkxNjUyWhcNMjUxMDE1MDkxNjUyWjBAMT4wPAYDVQQDEzVhc3luY29wZXJhdGlvbnNpZ25pbmdjZXJ0aWZpY2F0ZS5tYW5hZ2VtZW50LmF6dXJlLmNvbTCCASIwDQYJKoZIhvcNAQEBBQADggEPADCCAQoCggEBALJ4tFzYjQAGXlMN4RVSj_Zp98bnnigeY99sbhZrAOQOjxR_04cAp0TrBwLXaA2b6MkNp3EWrqmwj8LAHlmiUmx_C5YeMG8WQUVkZMbfJNmAjSKJvmH2VO_H9OVOiiWemCFWlBXZMT6O1LsK-KI4EQtlTwXEv4-zXiqUQqjqHZQX6IJGxxcuw3R6KS00hFc9B4Ve9K9uvRk3OzuC_2evEuKFQfmIkhFu9gMtFnEBgp0E5Srek5Sh6WRO2V6wjcdtrFJ2dMStIbypiaJysxjNaLwTxBjKAJiyxkrxbuS0IPj2v4oOwkFSl9khCWu-ivje49N19yGiq_5BL-QYySfUPF0CAwEAAaOCBJIwggSOMCcGCSsGAQQBgjcVCgQaMBgwCgYIKwYBBQUHAwEwCgYIKwYBBQUHAwIwPQYJKwYBBAGCNxUHBDAwLgYmKwYBBAGCNxUIhpDjDYTVtHiE8Ys-hZvdFs6dEoFghfmRS4WsmTQCAWQCAQcwggHaBggrBgEFBQcBAQSCAcwwggHIMGYGCCsGAQUFBzAChlpodHRwOi8vY3JsLm1pY3Jvc29mdC5jb20vcGtpaW5mcmEvQ2VydHMvQlkyUEtJSU5UQ0EwMS5BTUUuR0JMX0FNRSUyMElORlJBJTIwQ0ElMjAwMSg0KS5jcnQwVgYIKwYBBQUHMAKGSmh0dHA6Ly9jcmwxLmFtZS5nYmwvYWlhL0JZMlBLSUlOVENBMDEuQU1FLkdCTF9BTUUlMjBJTkZSQSUyMENBJTIwMDEoNCkuY3J0MFYGCCsGAQUFBzAChkpodHRwOi8vY3JsMi5hbWUuZ2JsL2FpYS9CWTJQS0lJTlRDQTAxLkFNRS5HQkxfQU1FJTIwSU5GUkElMjBDQSUyMDAxKDQpLmNydDBWBggrBgEFBQcwAoZKaHR0cDovL2NybDMuYW1lLmdibC9haWEvQlkyUEtJSU5UQ0EwMS5BTUUuR0JMX0FNRSUyMElORlJBJTIwQ0ElMjAwMSg0KS5jcnQwVgYIKwYBBQUHMAKGSmh0dHA6Ly9jcmw0LmFtZS5nYmwvYWlhL0JZMlBLSUlOVENBMDEuQU1FLkdCTF9BTUUlMjBJTkZSQSUyMENBJTIwMDEoNCkuY3J0MB0GA1UdDgQWBBQpIRfJ6SPCR16Dy9sN1AQtQKjWNDAOBgNVHQ8BAf8EBAMCBaAwggE1BgNVHR8EggEsMIIBKDCCASSgggEgoIIBHIZCaHR0cDovL2NybC5taWNyb3NvZnQuY29tL3BraWluZnJhL0NSTC9BTUUlMjBJTkZSQSUyMENBJTIwMDEoNCkuY3JshjRodHRwOi8vY3JsMS5hbWUuZ2JsL2NybC9BTUUlMjBJTkZSQSUyMENBJTIwMDEoNCkuY3JshjRodHRwOi8vY3JsMi5hbWUuZ2JsL2NybC9BTUUlMjBJTkZSQSUyMENBJTIwMDEoNCkuY3JshjRodHRwOi8vY3JsMy5hbWUuZ2JsL2NybC9BTUUlMjBJTkZSQSUyMENBJTIwMDEoNCkuY3JshjRodHRwOi8vY3JsNC5hbWUuZ2JsL2NybC9BTUUlMjBJTkZSQSUyMENBJTIwMDEoNCkuY3JsMIGdBgNVHSAEgZUwgZIwDAYKKwYBBAGCN3sBATBmBgorBgEEAYI3ewICMFgwVgYIKwYBBQUHAgIwSh5IADMAMwBlADAAMQA5ADIAMQAtADQAZAA2ADQALQA0AGYAOABjAC0AYQAwADUANQAtADUAYgBkAGEAZgBmAGQANQBlADMAMwBkMAwGCisGAQQBgjd7AwIwDAYKKwYBBAGCN3sEAjAfBgNVHSMEGDAWgBTl2Ztn_PjsurvwwKidileIud8-YzAdBgNVHSUEFjAUBggrBgEFBQcDAQYIKwYBBQUHAwIwDQYJKoZIhvcNAQELBQADggEBACBpx57mqT5wt5VuFMhMv-QcXTs5QrWkz021CcXp44eWUSJBLP35O0JDRyA13V3zowD9Dkl6HKRosiwIhfUwb1VWxMZt1K97bfrlhekU_IFyRNImksBTl4Hg5mL7M4PQvDu_hNxb1NW9JnL8B4LEl-FVcKtOFC8R2wp_2vglSGujfVsEzQMXxCECc_j-T0saauGgdaItgRGQ-1JrKdhZ1FvHWU2eeab0zXatBPn7nyaNmU7DK2icP38PQp3g8yPPlpv1joUzz1GMBJXhtHRWCv93tVfT5q9DZQ-_S2H_1Y2raeucg8kUfGEvVuQ27w1bGi2QRDLtEtuNHgzpR3RB7os&s=g0UrRY3X8lLgeNxfFNkyz38hwPPqtbZatN3dhgGIrWNFHqgG6S9T9cDDy2TWs8uW3RsaIS6Z1rkidLiHO82itpp_07vKV4mEtAr_d6W1jtEbBOBBguYuOWLH70-87HIA7QGCF7dDp7EObr7SRSRQQrGH270VqjQdtzdvnCCc0QBtioa5yL1lJrWx0qqhLHnZF7gL7yCm6y4aYj2D-Damv-cSQc-nyVIeISsmAkVogbIYOArcoOUrxADxwp33qSHoagrrfMBDZ7bza0HtfY-mmlFB82ssDBA0LvcB35k7sGXm_tyMocnEcf4QUiLfpF5YJPXNSlHFs4PDUm4h7BxPsA&h=qXq8sxO7yBXtChf3y9sEXqyTSN952JDqwsxJK5J5fCY
      cache-control:
      - no-cache
      content-length:
      - '87'
      content-type:
      - application/json; charset=utf-8
      date:
      - Fri, 16 May 2025 05:56:27 GMT
      expires:
      - '-1'
      location:
      - https://management.azure.com/subscriptions/00000000-0000-0000-0000-000000000000/providers/Microsoft.DBforPostgreSQL/locations/eastus/operationResults/48bcecb9-9870-4274-903f-4ac58b6c004c?api-version=2024-11-01-preview&t=638829717885496705&c=MIIHpTCCBo2gAwIBAgITOgWXBJzHWActAOyA9gAEBZcEnDANBgkqhkiG9w0BAQsFADBEMRMwEQYKCZImiZPyLGQBGRYDR0JMMRMwEQYKCZImiZPyLGQBGRYDQU1FMRgwFgYDVQQDEw9BTUUgSU5GUkEgQ0EgMDEwHhcNMjUwNDE4MDkxNjUyWhcNMjUxMDE1MDkxNjUyWjBAMT4wPAYDVQQDEzVhc3luY29wZXJhdGlvbnNpZ25pbmdjZXJ0aWZpY2F0ZS5tYW5hZ2VtZW50LmF6dXJlLmNvbTCCASIwDQYJKoZIhvcNAQEBBQADggEPADCCAQoCggEBALJ4tFzYjQAGXlMN4RVSj_Zp98bnnigeY99sbhZrAOQOjxR_04cAp0TrBwLXaA2b6MkNp3EWrqmwj8LAHlmiUmx_C5YeMG8WQUVkZMbfJNmAjSKJvmH2VO_H9OVOiiWemCFWlBXZMT6O1LsK-KI4EQtlTwXEv4-zXiqUQqjqHZQX6IJGxxcuw3R6KS00hFc9B4Ve9K9uvRk3OzuC_2evEuKFQfmIkhFu9gMtFnEBgp0E5Srek5Sh6WRO2V6wjcdtrFJ2dMStIbypiaJysxjNaLwTxBjKAJiyxkrxbuS0IPj2v4oOwkFSl9khCWu-ivje49N19yGiq_5BL-QYySfUPF0CAwEAAaOCBJIwggSOMCcGCSsGAQQBgjcVCgQaMBgwCgYIKwYBBQUHAwEwCgYIKwYBBQUHAwIwPQYJKwYBBAGCNxUHBDAwLgYmKwYBBAGCNxUIhpDjDYTVtHiE8Ys-hZvdFs6dEoFghfmRS4WsmTQCAWQCAQcwggHaBggrBgEFBQcBAQSCAcwwggHIMGYGCCsGAQUFBzAChlpodHRwOi8vY3JsLm1pY3Jvc29mdC5jb20vcGtpaW5mcmEvQ2VydHMvQlkyUEtJSU5UQ0EwMS5BTUUuR0JMX0FNRSUyMElORlJBJTIwQ0ElMjAwMSg0KS5jcnQwVgYIKwYBBQUHMAKGSmh0dHA6Ly9jcmwxLmFtZS5nYmwvYWlhL0JZMlBLSUlOVENBMDEuQU1FLkdCTF9BTUUlMjBJTkZSQSUyMENBJTIwMDEoNCkuY3J0MFYGCCsGAQUFBzAChkpodHRwOi8vY3JsMi5hbWUuZ2JsL2FpYS9CWTJQS0lJTlRDQTAxLkFNRS5HQkxfQU1FJTIwSU5GUkElMjBDQSUyMDAxKDQpLmNydDBWBggrBgEFBQcwAoZKaHR0cDovL2NybDMuYW1lLmdibC9haWEvQlkyUEtJSU5UQ0EwMS5BTUUuR0JMX0FNRSUyMElORlJBJTIwQ0ElMjAwMSg0KS5jcnQwVgYIKwYBBQUHMAKGSmh0dHA6Ly9jcmw0LmFtZS5nYmwvYWlhL0JZMlBLSUlOVENBMDEuQU1FLkdCTF9BTUUlMjBJTkZSQSUyMENBJTIwMDEoNCkuY3J0MB0GA1UdDgQWBBQpIRfJ6SPCR16Dy9sN1AQtQKjWNDAOBgNVHQ8BAf8EBAMCBaAwggE1BgNVHR8EggEsMIIBKDCCASSgggEgoIIBHIZCaHR0cDovL2NybC5taWNyb3NvZnQuY29tL3BraWluZnJhL0NSTC9BTUUlMjBJTkZSQSUyMENBJTIwMDEoNCkuY3JshjRodHRwOi8vY3JsMS5hbWUuZ2JsL2NybC9BTUUlMjBJTkZSQSUyMENBJTIwMDEoNCkuY3JshjRodHRwOi8vY3JsMi5hbWUuZ2JsL2NybC9BTUUlMjBJTkZSQSUyMENBJTIwMDEoNCkuY3JshjRodHRwOi8vY3JsMy5hbWUuZ2JsL2NybC9BTUUlMjBJTkZSQSUyMENBJTIwMDEoNCkuY3JshjRodHRwOi8vY3JsNC5hbWUuZ2JsL2NybC9BTUUlMjBJTkZSQSUyMENBJTIwMDEoNCkuY3JsMIGdBgNVHSAEgZUwgZIwDAYKKwYBBAGCN3sBATBmBgorBgEEAYI3ewICMFgwVgYIKwYBBQUHAgIwSh5IADMAMwBlADAAMQA5ADIAMQAtADQAZAA2ADQALQA0AGYAOABjAC0AYQAwADUANQAtADUAYgBkAGEAZgBmAGQANQBlADMAMwBkMAwGCisGAQQBgjd7AwIwDAYKKwYBBAGCN3sEAjAfBgNVHSMEGDAWgBTl2Ztn_PjsurvwwKidileIud8-YzAdBgNVHSUEFjAUBggrBgEFBQcDAQYIKwYBBQUHAwIwDQYJKoZIhvcNAQELBQADggEBACBpx57mqT5wt5VuFMhMv-QcXTs5QrWkz021CcXp44eWUSJBLP35O0JDRyA13V3zowD9Dkl6HKRosiwIhfUwb1VWxMZt1K97bfrlhekU_IFyRNImksBTl4Hg5mL7M4PQvDu_hNxb1NW9JnL8B4LEl-FVcKtOFC8R2wp_2vglSGujfVsEzQMXxCECc_j-T0saauGgdaItgRGQ-1JrKdhZ1FvHWU2eeab0zXatBPn7nyaNmU7DK2icP38PQp3g8yPPlpv1joUzz1GMBJXhtHRWCv93tVfT5q9DZQ-_S2H_1Y2raeucg8kUfGEvVuQ27w1bGi2QRDLtEtuNHgzpR3RB7os&s=cTGdgzFjk4g1mo5UVEgLZ_FGFC2QX3qzAvU5OmhhQXVCW4HlqyiepVr0tnU_sazBRDiXkYlkCYIS7vPdonOi9s-rl3CANBOAA209ikaEB03PCcF22kbE_zrP-A_UmtcygyaIww-YhIKB4RgwI6dJiM-IhluLI1ZlA98Ujra8H0fB-x73esxNrP15eYXfPkU0wpozXsz3dwzZUAoHKDTP_XU8PE1rEOlBvftEBhjGROhY1hur0ciHzl4RksMLohLgt-t_iLZQi5J0erGbwEkXjuphvSpWpDuzOCUmxupoyHhpKm6XO0PfxKT352-OHnQKM0HwPL_crI8l2H8a6aoo3A&h=z8K2DOgtbI8_cR4JpWnuTH8L8AnOKx3OMcBwCh2OiN4
      pragma:
      - no-cache
      strict-transport-security:
      - max-age=31536000; includeSubDomains
      x-cache:
      - CONFIG_NOCACHE
      x-content-type-options:
      - nosniff
      x-ms-operation-identifier:
      - tenantId=54826b22-38d6-4fb2-bad9-b7b93a3e9c5a,objectId=d44a2991-98c6-47c3-b59b-2b30d72cfcc2/japaneast/5bcab00f-1331-4eec-8e64-a8e29535139e
      x-ms-ratelimit-remaining-subscription-global-writes:
      - '2999'
      x-ms-ratelimit-remaining-subscription-writes:
      - '199'
      x-msedge-ref:
      - 'Ref A: B04C5EA40DAD4646ACEF47DE2C4EE877 Ref B: TYO01EDGE2911 Ref C: 2025-05-16T05:56:24Z'
    status:
      code: 202
      message: Accepted
- request:
    body: null
    headers:
      Accept:
      - '*/*'
      Accept-Encoding:
      - gzip, deflate
      CommandName:
      - postgres flexible-server create
      Connection:
      - keep-alive
      ParameterSetName:
      - -g -n --backup-retention --sku-name --tier --storage-size -u --version --tags
        --database-name --high-availability --public-access
      User-Agent:
      - AZURECLI/2.72.0 azsdk-python-core/1.31.0 Python/3.10.11 (Windows-10-10.0.26100-SP0)
    method: GET
    uri: https://management.azure.com/subscriptions/00000000-0000-0000-0000-000000000000/providers/Microsoft.DBforPostgreSQL/locations/eastus/azureAsyncOperation/48bcecb9-9870-4274-903f-4ac58b6c004c?api-version=2024-11-01-preview&t=638829717885340458&c=MIIHpTCCBo2gAwIBAgITOgWXBJzHWActAOyA9gAEBZcEnDANBgkqhkiG9w0BAQsFADBEMRMwEQYKCZImiZPyLGQBGRYDR0JMMRMwEQYKCZImiZPyLGQBGRYDQU1FMRgwFgYDVQQDEw9BTUUgSU5GUkEgQ0EgMDEwHhcNMjUwNDE4MDkxNjUyWhcNMjUxMDE1MDkxNjUyWjBAMT4wPAYDVQQDEzVhc3luY29wZXJhdGlvbnNpZ25pbmdjZXJ0aWZpY2F0ZS5tYW5hZ2VtZW50LmF6dXJlLmNvbTCCASIwDQYJKoZIhvcNAQEBBQADggEPADCCAQoCggEBALJ4tFzYjQAGXlMN4RVSj_Zp98bnnigeY99sbhZrAOQOjxR_04cAp0TrBwLXaA2b6MkNp3EWrqmwj8LAHlmiUmx_C5YeMG8WQUVkZMbfJNmAjSKJvmH2VO_H9OVOiiWemCFWlBXZMT6O1LsK-KI4EQtlTwXEv4-zXiqUQqjqHZQX6IJGxxcuw3R6KS00hFc9B4Ve9K9uvRk3OzuC_2evEuKFQfmIkhFu9gMtFnEBgp0E5Srek5Sh6WRO2V6wjcdtrFJ2dMStIbypiaJysxjNaLwTxBjKAJiyxkrxbuS0IPj2v4oOwkFSl9khCWu-ivje49N19yGiq_5BL-QYySfUPF0CAwEAAaOCBJIwggSOMCcGCSsGAQQBgjcVCgQaMBgwCgYIKwYBBQUHAwEwCgYIKwYBBQUHAwIwPQYJKwYBBAGCNxUHBDAwLgYmKwYBBAGCNxUIhpDjDYTVtHiE8Ys-hZvdFs6dEoFghfmRS4WsmTQCAWQCAQcwggHaBggrBgEFBQcBAQSCAcwwggHIMGYGCCsGAQUFBzAChlpodHRwOi8vY3JsLm1pY3Jvc29mdC5jb20vcGtpaW5mcmEvQ2VydHMvQlkyUEtJSU5UQ0EwMS5BTUUuR0JMX0FNRSUyMElORlJBJTIwQ0ElMjAwMSg0KS5jcnQwVgYIKwYBBQUHMAKGSmh0dHA6Ly9jcmwxLmFtZS5nYmwvYWlhL0JZMlBLSUlOVENBMDEuQU1FLkdCTF9BTUUlMjBJTkZSQSUyMENBJTIwMDEoNCkuY3J0MFYGCCsGAQUFBzAChkpodHRwOi8vY3JsMi5hbWUuZ2JsL2FpYS9CWTJQS0lJTlRDQTAxLkFNRS5HQkxfQU1FJTIwSU5GUkElMjBDQSUyMDAxKDQpLmNydDBWBggrBgEFBQcwAoZKaHR0cDovL2NybDMuYW1lLmdibC9haWEvQlkyUEtJSU5UQ0EwMS5BTUUuR0JMX0FNRSUyMElORlJBJTIwQ0ElMjAwMSg0KS5jcnQwVgYIKwYBBQUHMAKGSmh0dHA6Ly9jcmw0LmFtZS5nYmwvYWlhL0JZMlBLSUlOVENBMDEuQU1FLkdCTF9BTUUlMjBJTkZSQSUyMENBJTIwMDEoNCkuY3J0MB0GA1UdDgQWBBQpIRfJ6SPCR16Dy9sN1AQtQKjWNDAOBgNVHQ8BAf8EBAMCBaAwggE1BgNVHR8EggEsMIIBKDCCASSgggEgoIIBHIZCaHR0cDovL2NybC5taWNyb3NvZnQuY29tL3BraWluZnJhL0NSTC9BTUUlMjBJTkZSQSUyMENBJTIwMDEoNCkuY3JshjRodHRwOi8vY3JsMS5hbWUuZ2JsL2NybC9BTUUlMjBJTkZSQSUyMENBJTIwMDEoNCkuY3JshjRodHRwOi8vY3JsMi5hbWUuZ2JsL2NybC9BTUUlMjBJTkZSQSUyMENBJTIwMDEoNCkuY3JshjRodHRwOi8vY3JsMy5hbWUuZ2JsL2NybC9BTUUlMjBJTkZSQSUyMENBJTIwMDEoNCkuY3JshjRodHRwOi8vY3JsNC5hbWUuZ2JsL2NybC9BTUUlMjBJTkZSQSUyMENBJTIwMDEoNCkuY3JsMIGdBgNVHSAEgZUwgZIwDAYKKwYBBAGCN3sBATBmBgorBgEEAYI3ewICMFgwVgYIKwYBBQUHAgIwSh5IADMAMwBlADAAMQA5ADIAMQAtADQAZAA2ADQALQA0AGYAOABjAC0AYQAwADUANQAtADUAYgBkAGEAZgBmAGQANQBlADMAMwBkMAwGCisGAQQBgjd7AwIwDAYKKwYBBAGCN3sEAjAfBgNVHSMEGDAWgBTl2Ztn_PjsurvwwKidileIud8-YzAdBgNVHSUEFjAUBggrBgEFBQcDAQYIKwYBBQUHAwIwDQYJKoZIhvcNAQELBQADggEBACBpx57mqT5wt5VuFMhMv-QcXTs5QrWkz021CcXp44eWUSJBLP35O0JDRyA13V3zowD9Dkl6HKRosiwIhfUwb1VWxMZt1K97bfrlhekU_IFyRNImksBTl4Hg5mL7M4PQvDu_hNxb1NW9JnL8B4LEl-FVcKtOFC8R2wp_2vglSGujfVsEzQMXxCECc_j-T0saauGgdaItgRGQ-1JrKdhZ1FvHWU2eeab0zXatBPn7nyaNmU7DK2icP38PQp3g8yPPlpv1joUzz1GMBJXhtHRWCv93tVfT5q9DZQ-_S2H_1Y2raeucg8kUfGEvVuQ27w1bGi2QRDLtEtuNHgzpR3RB7os&s=g0UrRY3X8lLgeNxfFNkyz38hwPPqtbZatN3dhgGIrWNFHqgG6S9T9cDDy2TWs8uW3RsaIS6Z1rkidLiHO82itpp_07vKV4mEtAr_d6W1jtEbBOBBguYuOWLH70-87HIA7QGCF7dDp7EObr7SRSRQQrGH270VqjQdtzdvnCCc0QBtioa5yL1lJrWx0qqhLHnZF7gL7yCm6y4aYj2D-Damv-cSQc-nyVIeISsmAkVogbIYOArcoOUrxADxwp33qSHoagrrfMBDZ7bza0HtfY-mmlFB82ssDBA0LvcB35k7sGXm_tyMocnEcf4QUiLfpF5YJPXNSlHFs4PDUm4h7BxPsA&h=qXq8sxO7yBXtChf3y9sEXqyTSN952JDqwsxJK5J5fCY
  response:
    body:
      string: '{"name":"48bcecb9-9870-4274-903f-4ac58b6c004c","status":"InProgress","startTime":"2025-05-16T05:56:28.39Z"}'
    headers:
      cache-control:
      - no-cache
      content-length:
      - '107'
      content-type:
      - application/json; charset=utf-8
      date:
      - Fri, 16 May 2025 05:56:28 GMT
      expires:
      - '-1'
      pragma:
      - no-cache
      strict-transport-security:
      - max-age=31536000; includeSubDomains
      x-cache:
      - CONFIG_NOCACHE
      x-content-type-options:
      - nosniff
      x-ms-operation-identifier:
      - tenantId=54826b22-38d6-4fb2-bad9-b7b93a3e9c5a,objectId=d44a2991-98c6-47c3-b59b-2b30d72cfcc2/japaneast/3822fce3-413d-4e55-9b77-257ef4bcfa5d
      x-ms-ratelimit-remaining-subscription-global-reads:
      - '3749'
      x-msedge-ref:
      - 'Ref A: 8B390757270B474CAD3A992D48046F33 Ref B: TYO01EDGE2911 Ref C: 2025-05-16T05:56:29Z'
    status:
      code: 200
      message: OK
- request:
    body: null
    headers:
      Accept:
      - '*/*'
      Accept-Encoding:
      - gzip, deflate
      CommandName:
      - postgres flexible-server create
      Connection:
      - keep-alive
      ParameterSetName:
      - -g -n --backup-retention --sku-name --tier --storage-size -u --version --tags
        --database-name --high-availability --public-access
      User-Agent:
      - AZURECLI/2.72.0 azsdk-python-core/1.31.0 Python/3.10.11 (Windows-10-10.0.26100-SP0)
    method: GET
    uri: https://management.azure.com/subscriptions/00000000-0000-0000-0000-000000000000/providers/Microsoft.DBforPostgreSQL/locations/eastus/azureAsyncOperation/48bcecb9-9870-4274-903f-4ac58b6c004c?api-version=2024-11-01-preview&t=638829717885340458&c=MIIHpTCCBo2gAwIBAgITOgWXBJzHWActAOyA9gAEBZcEnDANBgkqhkiG9w0BAQsFADBEMRMwEQYKCZImiZPyLGQBGRYDR0JMMRMwEQYKCZImiZPyLGQBGRYDQU1FMRgwFgYDVQQDEw9BTUUgSU5GUkEgQ0EgMDEwHhcNMjUwNDE4MDkxNjUyWhcNMjUxMDE1MDkxNjUyWjBAMT4wPAYDVQQDEzVhc3luY29wZXJhdGlvbnNpZ25pbmdjZXJ0aWZpY2F0ZS5tYW5hZ2VtZW50LmF6dXJlLmNvbTCCASIwDQYJKoZIhvcNAQEBBQADggEPADCCAQoCggEBALJ4tFzYjQAGXlMN4RVSj_Zp98bnnigeY99sbhZrAOQOjxR_04cAp0TrBwLXaA2b6MkNp3EWrqmwj8LAHlmiUmx_C5YeMG8WQUVkZMbfJNmAjSKJvmH2VO_H9OVOiiWemCFWlBXZMT6O1LsK-KI4EQtlTwXEv4-zXiqUQqjqHZQX6IJGxxcuw3R6KS00hFc9B4Ve9K9uvRk3OzuC_2evEuKFQfmIkhFu9gMtFnEBgp0E5Srek5Sh6WRO2V6wjcdtrFJ2dMStIbypiaJysxjNaLwTxBjKAJiyxkrxbuS0IPj2v4oOwkFSl9khCWu-ivje49N19yGiq_5BL-QYySfUPF0CAwEAAaOCBJIwggSOMCcGCSsGAQQBgjcVCgQaMBgwCgYIKwYBBQUHAwEwCgYIKwYBBQUHAwIwPQYJKwYBBAGCNxUHBDAwLgYmKwYBBAGCNxUIhpDjDYTVtHiE8Ys-hZvdFs6dEoFghfmRS4WsmTQCAWQCAQcwggHaBggrBgEFBQcBAQSCAcwwggHIMGYGCCsGAQUFBzAChlpodHRwOi8vY3JsLm1pY3Jvc29mdC5jb20vcGtpaW5mcmEvQ2VydHMvQlkyUEtJSU5UQ0EwMS5BTUUuR0JMX0FNRSUyMElORlJBJTIwQ0ElMjAwMSg0KS5jcnQwVgYIKwYBBQUHMAKGSmh0dHA6Ly9jcmwxLmFtZS5nYmwvYWlhL0JZMlBLSUlOVENBMDEuQU1FLkdCTF9BTUUlMjBJTkZSQSUyMENBJTIwMDEoNCkuY3J0MFYGCCsGAQUFBzAChkpodHRwOi8vY3JsMi5hbWUuZ2JsL2FpYS9CWTJQS0lJTlRDQTAxLkFNRS5HQkxfQU1FJTIwSU5GUkElMjBDQSUyMDAxKDQpLmNydDBWBggrBgEFBQcwAoZKaHR0cDovL2NybDMuYW1lLmdibC9haWEvQlkyUEtJSU5UQ0EwMS5BTUUuR0JMX0FNRSUyMElORlJBJTIwQ0ElMjAwMSg0KS5jcnQwVgYIKwYBBQUHMAKGSmh0dHA6Ly9jcmw0LmFtZS5nYmwvYWlhL0JZMlBLSUlOVENBMDEuQU1FLkdCTF9BTUUlMjBJTkZSQSUyMENBJTIwMDEoNCkuY3J0MB0GA1UdDgQWBBQpIRfJ6SPCR16Dy9sN1AQtQKjWNDAOBgNVHQ8BAf8EBAMCBaAwggE1BgNVHR8EggEsMIIBKDCCASSgggEgoIIBHIZCaHR0cDovL2NybC5taWNyb3NvZnQuY29tL3BraWluZnJhL0NSTC9BTUUlMjBJTkZSQSUyMENBJTIwMDEoNCkuY3JshjRodHRwOi8vY3JsMS5hbWUuZ2JsL2NybC9BTUUlMjBJTkZSQSUyMENBJTIwMDEoNCkuY3JshjRodHRwOi8vY3JsMi5hbWUuZ2JsL2NybC9BTUUlMjBJTkZSQSUyMENBJTIwMDEoNCkuY3JshjRodHRwOi8vY3JsMy5hbWUuZ2JsL2NybC9BTUUlMjBJTkZSQSUyMENBJTIwMDEoNCkuY3JshjRodHRwOi8vY3JsNC5hbWUuZ2JsL2NybC9BTUUlMjBJTkZSQSUyMENBJTIwMDEoNCkuY3JsMIGdBgNVHSAEgZUwgZIwDAYKKwYBBAGCN3sBATBmBgorBgEEAYI3ewICMFgwVgYIKwYBBQUHAgIwSh5IADMAMwBlADAAMQA5ADIAMQAtADQAZAA2ADQALQA0AGYAOABjAC0AYQAwADUANQAtADUAYgBkAGEAZgBmAGQANQBlADMAMwBkMAwGCisGAQQBgjd7AwIwDAYKKwYBBAGCN3sEAjAfBgNVHSMEGDAWgBTl2Ztn_PjsurvwwKidileIud8-YzAdBgNVHSUEFjAUBggrBgEFBQcDAQYIKwYBBQUHAwIwDQYJKoZIhvcNAQELBQADggEBACBpx57mqT5wt5VuFMhMv-QcXTs5QrWkz021CcXp44eWUSJBLP35O0JDRyA13V3zowD9Dkl6HKRosiwIhfUwb1VWxMZt1K97bfrlhekU_IFyRNImksBTl4Hg5mL7M4PQvDu_hNxb1NW9JnL8B4LEl-FVcKtOFC8R2wp_2vglSGujfVsEzQMXxCECc_j-T0saauGgdaItgRGQ-1JrKdhZ1FvHWU2eeab0zXatBPn7nyaNmU7DK2icP38PQp3g8yPPlpv1joUzz1GMBJXhtHRWCv93tVfT5q9DZQ-_S2H_1Y2raeucg8kUfGEvVuQ27w1bGi2QRDLtEtuNHgzpR3RB7os&s=g0UrRY3X8lLgeNxfFNkyz38hwPPqtbZatN3dhgGIrWNFHqgG6S9T9cDDy2TWs8uW3RsaIS6Z1rkidLiHO82itpp_07vKV4mEtAr_d6W1jtEbBOBBguYuOWLH70-87HIA7QGCF7dDp7EObr7SRSRQQrGH270VqjQdtzdvnCCc0QBtioa5yL1lJrWx0qqhLHnZF7gL7yCm6y4aYj2D-Damv-cSQc-nyVIeISsmAkVogbIYOArcoOUrxADxwp33qSHoagrrfMBDZ7bza0HtfY-mmlFB82ssDBA0LvcB35k7sGXm_tyMocnEcf4QUiLfpF5YJPXNSlHFs4PDUm4h7BxPsA&h=qXq8sxO7yBXtChf3y9sEXqyTSN952JDqwsxJK5J5fCY
  response:
    body:
      string: '{"name":"48bcecb9-9870-4274-903f-4ac58b6c004c","status":"InProgress","startTime":"2025-05-16T05:56:28.39Z"}'
    headers:
      cache-control:
      - no-cache
      content-length:
      - '107'
      content-type:
      - application/json; charset=utf-8
      date:
      - Fri, 16 May 2025 05:57:29 GMT
      expires:
      - '-1'
      pragma:
      - no-cache
      strict-transport-security:
      - max-age=31536000; includeSubDomains
      x-cache:
      - CONFIG_NOCACHE
      x-content-type-options:
      - nosniff
      x-ms-operation-identifier:
      - tenantId=54826b22-38d6-4fb2-bad9-b7b93a3e9c5a,objectId=d44a2991-98c6-47c3-b59b-2b30d72cfcc2/japaneast/d7e4f13d-d8bc-4939-80de-c982beee0e28
      x-ms-ratelimit-remaining-subscription-global-reads:
      - '3749'
      x-msedge-ref:
      - 'Ref A: 187D1FC8DC0344B5831B487EA1E9A80D Ref B: TYO01EDGE2911 Ref C: 2025-05-16T05:57:30Z'
    status:
      code: 200
      message: OK
- request:
    body: null
    headers:
      Accept:
      - '*/*'
      Accept-Encoding:
      - gzip, deflate
      CommandName:
      - postgres flexible-server create
      Connection:
      - keep-alive
      ParameterSetName:
      - -g -n --backup-retention --sku-name --tier --storage-size -u --version --tags
        --database-name --high-availability --public-access
      User-Agent:
      - AZURECLI/2.72.0 azsdk-python-core/1.31.0 Python/3.10.11 (Windows-10-10.0.26100-SP0)
    method: GET
    uri: https://management.azure.com/subscriptions/00000000-0000-0000-0000-000000000000/providers/Microsoft.DBforPostgreSQL/locations/eastus/azureAsyncOperation/48bcecb9-9870-4274-903f-4ac58b6c004c?api-version=2024-11-01-preview&t=638829717885340458&c=MIIHpTCCBo2gAwIBAgITOgWXBJzHWActAOyA9gAEBZcEnDANBgkqhkiG9w0BAQsFADBEMRMwEQYKCZImiZPyLGQBGRYDR0JMMRMwEQYKCZImiZPyLGQBGRYDQU1FMRgwFgYDVQQDEw9BTUUgSU5GUkEgQ0EgMDEwHhcNMjUwNDE4MDkxNjUyWhcNMjUxMDE1MDkxNjUyWjBAMT4wPAYDVQQDEzVhc3luY29wZXJhdGlvbnNpZ25pbmdjZXJ0aWZpY2F0ZS5tYW5hZ2VtZW50LmF6dXJlLmNvbTCCASIwDQYJKoZIhvcNAQEBBQADggEPADCCAQoCggEBALJ4tFzYjQAGXlMN4RVSj_Zp98bnnigeY99sbhZrAOQOjxR_04cAp0TrBwLXaA2b6MkNp3EWrqmwj8LAHlmiUmx_C5YeMG8WQUVkZMbfJNmAjSKJvmH2VO_H9OVOiiWemCFWlBXZMT6O1LsK-KI4EQtlTwXEv4-zXiqUQqjqHZQX6IJGxxcuw3R6KS00hFc9B4Ve9K9uvRk3OzuC_2evEuKFQfmIkhFu9gMtFnEBgp0E5Srek5Sh6WRO2V6wjcdtrFJ2dMStIbypiaJysxjNaLwTxBjKAJiyxkrxbuS0IPj2v4oOwkFSl9khCWu-ivje49N19yGiq_5BL-QYySfUPF0CAwEAAaOCBJIwggSOMCcGCSsGAQQBgjcVCgQaMBgwCgYIKwYBBQUHAwEwCgYIKwYBBQUHAwIwPQYJKwYBBAGCNxUHBDAwLgYmKwYBBAGCNxUIhpDjDYTVtHiE8Ys-hZvdFs6dEoFghfmRS4WsmTQCAWQCAQcwggHaBggrBgEFBQcBAQSCAcwwggHIMGYGCCsGAQUFBzAChlpodHRwOi8vY3JsLm1pY3Jvc29mdC5jb20vcGtpaW5mcmEvQ2VydHMvQlkyUEtJSU5UQ0EwMS5BTUUuR0JMX0FNRSUyMElORlJBJTIwQ0ElMjAwMSg0KS5jcnQwVgYIKwYBBQUHMAKGSmh0dHA6Ly9jcmwxLmFtZS5nYmwvYWlhL0JZMlBLSUlOVENBMDEuQU1FLkdCTF9BTUUlMjBJTkZSQSUyMENBJTIwMDEoNCkuY3J0MFYGCCsGAQUFBzAChkpodHRwOi8vY3JsMi5hbWUuZ2JsL2FpYS9CWTJQS0lJTlRDQTAxLkFNRS5HQkxfQU1FJTIwSU5GUkElMjBDQSUyMDAxKDQpLmNydDBWBggrBgEFBQcwAoZKaHR0cDovL2NybDMuYW1lLmdibC9haWEvQlkyUEtJSU5UQ0EwMS5BTUUuR0JMX0FNRSUyMElORlJBJTIwQ0ElMjAwMSg0KS5jcnQwVgYIKwYBBQUHMAKGSmh0dHA6Ly9jcmw0LmFtZS5nYmwvYWlhL0JZMlBLSUlOVENBMDEuQU1FLkdCTF9BTUUlMjBJTkZSQSUyMENBJTIwMDEoNCkuY3J0MB0GA1UdDgQWBBQpIRfJ6SPCR16Dy9sN1AQtQKjWNDAOBgNVHQ8BAf8EBAMCBaAwggE1BgNVHR8EggEsMIIBKDCCASSgggEgoIIBHIZCaHR0cDovL2NybC5taWNyb3NvZnQuY29tL3BraWluZnJhL0NSTC9BTUUlMjBJTkZSQSUyMENBJTIwMDEoNCkuY3JshjRodHRwOi8vY3JsMS5hbWUuZ2JsL2NybC9BTUUlMjBJTkZSQSUyMENBJTIwMDEoNCkuY3JshjRodHRwOi8vY3JsMi5hbWUuZ2JsL2NybC9BTUUlMjBJTkZSQSUyMENBJTIwMDEoNCkuY3JshjRodHRwOi8vY3JsMy5hbWUuZ2JsL2NybC9BTUUlMjBJTkZSQSUyMENBJTIwMDEoNCkuY3JshjRodHRwOi8vY3JsNC5hbWUuZ2JsL2NybC9BTUUlMjBJTkZSQSUyMENBJTIwMDEoNCkuY3JsMIGdBgNVHSAEgZUwgZIwDAYKKwYBBAGCN3sBATBmBgorBgEEAYI3ewICMFgwVgYIKwYBBQUHAgIwSh5IADMAMwBlADAAMQA5ADIAMQAtADQAZAA2ADQALQA0AGYAOABjAC0AYQAwADUANQAtADUAYgBkAGEAZgBmAGQANQBlADMAMwBkMAwGCisGAQQBgjd7AwIwDAYKKwYBBAGCN3sEAjAfBgNVHSMEGDAWgBTl2Ztn_PjsurvwwKidileIud8-YzAdBgNVHSUEFjAUBggrBgEFBQcDAQYIKwYBBQUHAwIwDQYJKoZIhvcNAQELBQADggEBACBpx57mqT5wt5VuFMhMv-QcXTs5QrWkz021CcXp44eWUSJBLP35O0JDRyA13V3zowD9Dkl6HKRosiwIhfUwb1VWxMZt1K97bfrlhekU_IFyRNImksBTl4Hg5mL7M4PQvDu_hNxb1NW9JnL8B4LEl-FVcKtOFC8R2wp_2vglSGujfVsEzQMXxCECc_j-T0saauGgdaItgRGQ-1JrKdhZ1FvHWU2eeab0zXatBPn7nyaNmU7DK2icP38PQp3g8yPPlpv1joUzz1GMBJXhtHRWCv93tVfT5q9DZQ-_S2H_1Y2raeucg8kUfGEvVuQ27w1bGi2QRDLtEtuNHgzpR3RB7os&s=g0UrRY3X8lLgeNxfFNkyz38hwPPqtbZatN3dhgGIrWNFHqgG6S9T9cDDy2TWs8uW3RsaIS6Z1rkidLiHO82itpp_07vKV4mEtAr_d6W1jtEbBOBBguYuOWLH70-87HIA7QGCF7dDp7EObr7SRSRQQrGH270VqjQdtzdvnCCc0QBtioa5yL1lJrWx0qqhLHnZF7gL7yCm6y4aYj2D-Damv-cSQc-nyVIeISsmAkVogbIYOArcoOUrxADxwp33qSHoagrrfMBDZ7bza0HtfY-mmlFB82ssDBA0LvcB35k7sGXm_tyMocnEcf4QUiLfpF5YJPXNSlHFs4PDUm4h7BxPsA&h=qXq8sxO7yBXtChf3y9sEXqyTSN952JDqwsxJK5J5fCY
  response:
    body:
      string: '{"name":"48bcecb9-9870-4274-903f-4ac58b6c004c","status":"InProgress","startTime":"2025-05-16T05:56:28.39Z"}'
    headers:
      cache-control:
      - no-cache
      content-length:
      - '107'
      content-type:
      - application/json; charset=utf-8
      date:
      - Fri, 16 May 2025 05:58:31 GMT
      expires:
      - '-1'
      pragma:
      - no-cache
      strict-transport-security:
      - max-age=31536000; includeSubDomains
      x-cache:
      - CONFIG_NOCACHE
      x-content-type-options:
      - nosniff
      x-ms-operation-identifier:
      - tenantId=54826b22-38d6-4fb2-bad9-b7b93a3e9c5a,objectId=d44a2991-98c6-47c3-b59b-2b30d72cfcc2/japaneast/093868de-06c0-4f1d-b5cc-565375079dec
      x-ms-ratelimit-remaining-subscription-global-reads:
      - '3749'
      x-msedge-ref:
      - 'Ref A: 2740A386ABEC4A0994920C12E47C2E4D Ref B: TYO01EDGE2911 Ref C: 2025-05-16T05:58:31Z'
    status:
      code: 200
      message: OK
- request:
    body: null
    headers:
      Accept:
      - '*/*'
      Accept-Encoding:
      - gzip, deflate
      CommandName:
      - postgres flexible-server create
      Connection:
      - keep-alive
      ParameterSetName:
      - -g -n --backup-retention --sku-name --tier --storage-size -u --version --tags
        --database-name --high-availability --public-access
      User-Agent:
      - AZURECLI/2.72.0 azsdk-python-core/1.31.0 Python/3.10.11 (Windows-10-10.0.26100-SP0)
    method: GET
    uri: https://management.azure.com/subscriptions/00000000-0000-0000-0000-000000000000/providers/Microsoft.DBforPostgreSQL/locations/eastus/azureAsyncOperation/48bcecb9-9870-4274-903f-4ac58b6c004c?api-version=2024-11-01-preview&t=638829717885340458&c=MIIHpTCCBo2gAwIBAgITOgWXBJzHWActAOyA9gAEBZcEnDANBgkqhkiG9w0BAQsFADBEMRMwEQYKCZImiZPyLGQBGRYDR0JMMRMwEQYKCZImiZPyLGQBGRYDQU1FMRgwFgYDVQQDEw9BTUUgSU5GUkEgQ0EgMDEwHhcNMjUwNDE4MDkxNjUyWhcNMjUxMDE1MDkxNjUyWjBAMT4wPAYDVQQDEzVhc3luY29wZXJhdGlvbnNpZ25pbmdjZXJ0aWZpY2F0ZS5tYW5hZ2VtZW50LmF6dXJlLmNvbTCCASIwDQYJKoZIhvcNAQEBBQADggEPADCCAQoCggEBALJ4tFzYjQAGXlMN4RVSj_Zp98bnnigeY99sbhZrAOQOjxR_04cAp0TrBwLXaA2b6MkNp3EWrqmwj8LAHlmiUmx_C5YeMG8WQUVkZMbfJNmAjSKJvmH2VO_H9OVOiiWemCFWlBXZMT6O1LsK-KI4EQtlTwXEv4-zXiqUQqjqHZQX6IJGxxcuw3R6KS00hFc9B4Ve9K9uvRk3OzuC_2evEuKFQfmIkhFu9gMtFnEBgp0E5Srek5Sh6WRO2V6wjcdtrFJ2dMStIbypiaJysxjNaLwTxBjKAJiyxkrxbuS0IPj2v4oOwkFSl9khCWu-ivje49N19yGiq_5BL-QYySfUPF0CAwEAAaOCBJIwggSOMCcGCSsGAQQBgjcVCgQaMBgwCgYIKwYBBQUHAwEwCgYIKwYBBQUHAwIwPQYJKwYBBAGCNxUHBDAwLgYmKwYBBAGCNxUIhpDjDYTVtHiE8Ys-hZvdFs6dEoFghfmRS4WsmTQCAWQCAQcwggHaBggrBgEFBQcBAQSCAcwwggHIMGYGCCsGAQUFBzAChlpodHRwOi8vY3JsLm1pY3Jvc29mdC5jb20vcGtpaW5mcmEvQ2VydHMvQlkyUEtJSU5UQ0EwMS5BTUUuR0JMX0FNRSUyMElORlJBJTIwQ0ElMjAwMSg0KS5jcnQwVgYIKwYBBQUHMAKGSmh0dHA6Ly9jcmwxLmFtZS5nYmwvYWlhL0JZMlBLSUlOVENBMDEuQU1FLkdCTF9BTUUlMjBJTkZSQSUyMENBJTIwMDEoNCkuY3J0MFYGCCsGAQUFBzAChkpodHRwOi8vY3JsMi5hbWUuZ2JsL2FpYS9CWTJQS0lJTlRDQTAxLkFNRS5HQkxfQU1FJTIwSU5GUkElMjBDQSUyMDAxKDQpLmNydDBWBggrBgEFBQcwAoZKaHR0cDovL2NybDMuYW1lLmdibC9haWEvQlkyUEtJSU5UQ0EwMS5BTUUuR0JMX0FNRSUyMElORlJBJTIwQ0ElMjAwMSg0KS5jcnQwVgYIKwYBBQUHMAKGSmh0dHA6Ly9jcmw0LmFtZS5nYmwvYWlhL0JZMlBLSUlOVENBMDEuQU1FLkdCTF9BTUUlMjBJTkZSQSUyMENBJTIwMDEoNCkuY3J0MB0GA1UdDgQWBBQpIRfJ6SPCR16Dy9sN1AQtQKjWNDAOBgNVHQ8BAf8EBAMCBaAwggE1BgNVHR8EggEsMIIBKDCCASSgggEgoIIBHIZCaHR0cDovL2NybC5taWNyb3NvZnQuY29tL3BraWluZnJhL0NSTC9BTUUlMjBJTkZSQSUyMENBJTIwMDEoNCkuY3JshjRodHRwOi8vY3JsMS5hbWUuZ2JsL2NybC9BTUUlMjBJTkZSQSUyMENBJTIwMDEoNCkuY3JshjRodHRwOi8vY3JsMi5hbWUuZ2JsL2NybC9BTUUlMjBJTkZSQSUyMENBJTIwMDEoNCkuY3JshjRodHRwOi8vY3JsMy5hbWUuZ2JsL2NybC9BTUUlMjBJTkZSQSUyMENBJTIwMDEoNCkuY3JshjRodHRwOi8vY3JsNC5hbWUuZ2JsL2NybC9BTUUlMjBJTkZSQSUyMENBJTIwMDEoNCkuY3JsMIGdBgNVHSAEgZUwgZIwDAYKKwYBBAGCN3sBATBmBgorBgEEAYI3ewICMFgwVgYIKwYBBQUHAgIwSh5IADMAMwBlADAAMQA5ADIAMQAtADQAZAA2ADQALQA0AGYAOABjAC0AYQAwADUANQAtADUAYgBkAGEAZgBmAGQANQBlADMAMwBkMAwGCisGAQQBgjd7AwIwDAYKKwYBBAGCN3sEAjAfBgNVHSMEGDAWgBTl2Ztn_PjsurvwwKidileIud8-YzAdBgNVHSUEFjAUBggrBgEFBQcDAQYIKwYBBQUHAwIwDQYJKoZIhvcNAQELBQADggEBACBpx57mqT5wt5VuFMhMv-QcXTs5QrWkz021CcXp44eWUSJBLP35O0JDRyA13V3zowD9Dkl6HKRosiwIhfUwb1VWxMZt1K97bfrlhekU_IFyRNImksBTl4Hg5mL7M4PQvDu_hNxb1NW9JnL8B4LEl-FVcKtOFC8R2wp_2vglSGujfVsEzQMXxCECc_j-T0saauGgdaItgRGQ-1JrKdhZ1FvHWU2eeab0zXatBPn7nyaNmU7DK2icP38PQp3g8yPPlpv1joUzz1GMBJXhtHRWCv93tVfT5q9DZQ-_S2H_1Y2raeucg8kUfGEvVuQ27w1bGi2QRDLtEtuNHgzpR3RB7os&s=g0UrRY3X8lLgeNxfFNkyz38hwPPqtbZatN3dhgGIrWNFHqgG6S9T9cDDy2TWs8uW3RsaIS6Z1rkidLiHO82itpp_07vKV4mEtAr_d6W1jtEbBOBBguYuOWLH70-87HIA7QGCF7dDp7EObr7SRSRQQrGH270VqjQdtzdvnCCc0QBtioa5yL1lJrWx0qqhLHnZF7gL7yCm6y4aYj2D-Damv-cSQc-nyVIeISsmAkVogbIYOArcoOUrxADxwp33qSHoagrrfMBDZ7bza0HtfY-mmlFB82ssDBA0LvcB35k7sGXm_tyMocnEcf4QUiLfpF5YJPXNSlHFs4PDUm4h7BxPsA&h=qXq8sxO7yBXtChf3y9sEXqyTSN952JDqwsxJK5J5fCY
  response:
    body:
      string: '{"name":"48bcecb9-9870-4274-903f-4ac58b6c004c","status":"InProgress","startTime":"2025-05-16T05:56:28.39Z"}'
    headers:
      cache-control:
      - no-cache
      content-length:
      - '107'
      content-type:
      - application/json; charset=utf-8
      date:
      - Fri, 16 May 2025 05:59:33 GMT
      expires:
      - '-1'
      pragma:
      - no-cache
      strict-transport-security:
      - max-age=31536000; includeSubDomains
      x-cache:
      - CONFIG_NOCACHE
      x-content-type-options:
      - nosniff
      x-ms-operation-identifier:
      - tenantId=54826b22-38d6-4fb2-bad9-b7b93a3e9c5a,objectId=d44a2991-98c6-47c3-b59b-2b30d72cfcc2/japaneast/a0df6a8a-e5fc-4888-94c3-3dee828437c8
      x-ms-ratelimit-remaining-subscription-global-reads:
      - '3749'
      x-msedge-ref:
      - 'Ref A: DCC526CE22C945DF913C1E197FF9CB2F Ref B: TYO01EDGE2911 Ref C: 2025-05-16T05:59:32Z'
    status:
      code: 200
      message: OK
- request:
    body: null
    headers:
      Accept:
      - '*/*'
      Accept-Encoding:
      - gzip, deflate
      CommandName:
      - postgres flexible-server create
      Connection:
      - keep-alive
      ParameterSetName:
      - -g -n --backup-retention --sku-name --tier --storage-size -u --version --tags
        --database-name --high-availability --public-access
      User-Agent:
      - AZURECLI/2.72.0 azsdk-python-core/1.31.0 Python/3.10.11 (Windows-10-10.0.26100-SP0)
    method: GET
    uri: https://management.azure.com/subscriptions/00000000-0000-0000-0000-000000000000/providers/Microsoft.DBforPostgreSQL/locations/eastus/azureAsyncOperation/48bcecb9-9870-4274-903f-4ac58b6c004c?api-version=2024-11-01-preview&t=638829717885340458&c=MIIHpTCCBo2gAwIBAgITOgWXBJzHWActAOyA9gAEBZcEnDANBgkqhkiG9w0BAQsFADBEMRMwEQYKCZImiZPyLGQBGRYDR0JMMRMwEQYKCZImiZPyLGQBGRYDQU1FMRgwFgYDVQQDEw9BTUUgSU5GUkEgQ0EgMDEwHhcNMjUwNDE4MDkxNjUyWhcNMjUxMDE1MDkxNjUyWjBAMT4wPAYDVQQDEzVhc3luY29wZXJhdGlvbnNpZ25pbmdjZXJ0aWZpY2F0ZS5tYW5hZ2VtZW50LmF6dXJlLmNvbTCCASIwDQYJKoZIhvcNAQEBBQADggEPADCCAQoCggEBALJ4tFzYjQAGXlMN4RVSj_Zp98bnnigeY99sbhZrAOQOjxR_04cAp0TrBwLXaA2b6MkNp3EWrqmwj8LAHlmiUmx_C5YeMG8WQUVkZMbfJNmAjSKJvmH2VO_H9OVOiiWemCFWlBXZMT6O1LsK-KI4EQtlTwXEv4-zXiqUQqjqHZQX6IJGxxcuw3R6KS00hFc9B4Ve9K9uvRk3OzuC_2evEuKFQfmIkhFu9gMtFnEBgp0E5Srek5Sh6WRO2V6wjcdtrFJ2dMStIbypiaJysxjNaLwTxBjKAJiyxkrxbuS0IPj2v4oOwkFSl9khCWu-ivje49N19yGiq_5BL-QYySfUPF0CAwEAAaOCBJIwggSOMCcGCSsGAQQBgjcVCgQaMBgwCgYIKwYBBQUHAwEwCgYIKwYBBQUHAwIwPQYJKwYBBAGCNxUHBDAwLgYmKwYBBAGCNxUIhpDjDYTVtHiE8Ys-hZvdFs6dEoFghfmRS4WsmTQCAWQCAQcwggHaBggrBgEFBQcBAQSCAcwwggHIMGYGCCsGAQUFBzAChlpodHRwOi8vY3JsLm1pY3Jvc29mdC5jb20vcGtpaW5mcmEvQ2VydHMvQlkyUEtJSU5UQ0EwMS5BTUUuR0JMX0FNRSUyMElORlJBJTIwQ0ElMjAwMSg0KS5jcnQwVgYIKwYBBQUHMAKGSmh0dHA6Ly9jcmwxLmFtZS5nYmwvYWlhL0JZMlBLSUlOVENBMDEuQU1FLkdCTF9BTUUlMjBJTkZSQSUyMENBJTIwMDEoNCkuY3J0MFYGCCsGAQUFBzAChkpodHRwOi8vY3JsMi5hbWUuZ2JsL2FpYS9CWTJQS0lJTlRDQTAxLkFNRS5HQkxfQU1FJTIwSU5GUkElMjBDQSUyMDAxKDQpLmNydDBWBggrBgEFBQcwAoZKaHR0cDovL2NybDMuYW1lLmdibC9haWEvQlkyUEtJSU5UQ0EwMS5BTUUuR0JMX0FNRSUyMElORlJBJTIwQ0ElMjAwMSg0KS5jcnQwVgYIKwYBBQUHMAKGSmh0dHA6Ly9jcmw0LmFtZS5nYmwvYWlhL0JZMlBLSUlOVENBMDEuQU1FLkdCTF9BTUUlMjBJTkZSQSUyMENBJTIwMDEoNCkuY3J0MB0GA1UdDgQWBBQpIRfJ6SPCR16Dy9sN1AQtQKjWNDAOBgNVHQ8BAf8EBAMCBaAwggE1BgNVHR8EggEsMIIBKDCCASSgggEgoIIBHIZCaHR0cDovL2NybC5taWNyb3NvZnQuY29tL3BraWluZnJhL0NSTC9BTUUlMjBJTkZSQSUyMENBJTIwMDEoNCkuY3JshjRodHRwOi8vY3JsMS5hbWUuZ2JsL2NybC9BTUUlMjBJTkZSQSUyMENBJTIwMDEoNCkuY3JshjRodHRwOi8vY3JsMi5hbWUuZ2JsL2NybC9BTUUlMjBJTkZSQSUyMENBJTIwMDEoNCkuY3JshjRodHRwOi8vY3JsMy5hbWUuZ2JsL2NybC9BTUUlMjBJTkZSQSUyMENBJTIwMDEoNCkuY3JshjRodHRwOi8vY3JsNC5hbWUuZ2JsL2NybC9BTUUlMjBJTkZSQSUyMENBJTIwMDEoNCkuY3JsMIGdBgNVHSAEgZUwgZIwDAYKKwYBBAGCN3sBATBmBgorBgEEAYI3ewICMFgwVgYIKwYBBQUHAgIwSh5IADMAMwBlADAAMQA5ADIAMQAtADQAZAA2ADQALQA0AGYAOABjAC0AYQAwADUANQAtADUAYgBkAGEAZgBmAGQANQBlADMAMwBkMAwGCisGAQQBgjd7AwIwDAYKKwYBBAGCN3sEAjAfBgNVHSMEGDAWgBTl2Ztn_PjsurvwwKidileIud8-YzAdBgNVHSUEFjAUBggrBgEFBQcDAQYIKwYBBQUHAwIwDQYJKoZIhvcNAQELBQADggEBACBpx57mqT5wt5VuFMhMv-QcXTs5QrWkz021CcXp44eWUSJBLP35O0JDRyA13V3zowD9Dkl6HKRosiwIhfUwb1VWxMZt1K97bfrlhekU_IFyRNImksBTl4Hg5mL7M4PQvDu_hNxb1NW9JnL8B4LEl-FVcKtOFC8R2wp_2vglSGujfVsEzQMXxCECc_j-T0saauGgdaItgRGQ-1JrKdhZ1FvHWU2eeab0zXatBPn7nyaNmU7DK2icP38PQp3g8yPPlpv1joUzz1GMBJXhtHRWCv93tVfT5q9DZQ-_S2H_1Y2raeucg8kUfGEvVuQ27w1bGi2QRDLtEtuNHgzpR3RB7os&s=g0UrRY3X8lLgeNxfFNkyz38hwPPqtbZatN3dhgGIrWNFHqgG6S9T9cDDy2TWs8uW3RsaIS6Z1rkidLiHO82itpp_07vKV4mEtAr_d6W1jtEbBOBBguYuOWLH70-87HIA7QGCF7dDp7EObr7SRSRQQrGH270VqjQdtzdvnCCc0QBtioa5yL1lJrWx0qqhLHnZF7gL7yCm6y4aYj2D-Damv-cSQc-nyVIeISsmAkVogbIYOArcoOUrxADxwp33qSHoagrrfMBDZ7bza0HtfY-mmlFB82ssDBA0LvcB35k7sGXm_tyMocnEcf4QUiLfpF5YJPXNSlHFs4PDUm4h7BxPsA&h=qXq8sxO7yBXtChf3y9sEXqyTSN952JDqwsxJK5J5fCY
  response:
    body:
      string: '{"name":"48bcecb9-9870-4274-903f-4ac58b6c004c","status":"InProgress","startTime":"2025-05-16T05:56:28.39Z"}'
    headers:
      cache-control:
      - no-cache
      content-length:
      - '107'
      content-type:
      - application/json; charset=utf-8
      date:
      - Fri, 16 May 2025 06:00:35 GMT
      expires:
      - '-1'
      pragma:
      - no-cache
      strict-transport-security:
      - max-age=31536000; includeSubDomains
      x-cache:
      - CONFIG_NOCACHE
      x-content-type-options:
      - nosniff
      x-ms-operation-identifier:
      - tenantId=54826b22-38d6-4fb2-bad9-b7b93a3e9c5a,objectId=d44a2991-98c6-47c3-b59b-2b30d72cfcc2/japaneast/6d3dd7ea-ea00-4245-92dc-b32533d98b01
      x-ms-ratelimit-remaining-subscription-global-reads:
      - '3749'
      x-msedge-ref:
      - 'Ref A: FF1A2E3A8AB543C1AF10706D90743C0C Ref B: TYO01EDGE2911 Ref C: 2025-05-16T06:00:34Z'
    status:
      code: 200
      message: OK
- request:
    body: null
    headers:
      Accept:
      - '*/*'
      Accept-Encoding:
      - gzip, deflate
      CommandName:
      - postgres flexible-server create
      Connection:
      - keep-alive
      ParameterSetName:
      - -g -n --backup-retention --sku-name --tier --storage-size -u --version --tags
        --database-name --high-availability --public-access
      User-Agent:
      - AZURECLI/2.72.0 azsdk-python-core/1.31.0 Python/3.10.11 (Windows-10-10.0.26100-SP0)
    method: GET
    uri: https://management.azure.com/subscriptions/00000000-0000-0000-0000-000000000000/providers/Microsoft.DBforPostgreSQL/locations/eastus/azureAsyncOperation/48bcecb9-9870-4274-903f-4ac58b6c004c?api-version=2024-11-01-preview&t=638829717885340458&c=MIIHpTCCBo2gAwIBAgITOgWXBJzHWActAOyA9gAEBZcEnDANBgkqhkiG9w0BAQsFADBEMRMwEQYKCZImiZPyLGQBGRYDR0JMMRMwEQYKCZImiZPyLGQBGRYDQU1FMRgwFgYDVQQDEw9BTUUgSU5GUkEgQ0EgMDEwHhcNMjUwNDE4MDkxNjUyWhcNMjUxMDE1MDkxNjUyWjBAMT4wPAYDVQQDEzVhc3luY29wZXJhdGlvbnNpZ25pbmdjZXJ0aWZpY2F0ZS5tYW5hZ2VtZW50LmF6dXJlLmNvbTCCASIwDQYJKoZIhvcNAQEBBQADggEPADCCAQoCggEBALJ4tFzYjQAGXlMN4RVSj_Zp98bnnigeY99sbhZrAOQOjxR_04cAp0TrBwLXaA2b6MkNp3EWrqmwj8LAHlmiUmx_C5YeMG8WQUVkZMbfJNmAjSKJvmH2VO_H9OVOiiWemCFWlBXZMT6O1LsK-KI4EQtlTwXEv4-zXiqUQqjqHZQX6IJGxxcuw3R6KS00hFc9B4Ve9K9uvRk3OzuC_2evEuKFQfmIkhFu9gMtFnEBgp0E5Srek5Sh6WRO2V6wjcdtrFJ2dMStIbypiaJysxjNaLwTxBjKAJiyxkrxbuS0IPj2v4oOwkFSl9khCWu-ivje49N19yGiq_5BL-QYySfUPF0CAwEAAaOCBJIwggSOMCcGCSsGAQQBgjcVCgQaMBgwCgYIKwYBBQUHAwEwCgYIKwYBBQUHAwIwPQYJKwYBBAGCNxUHBDAwLgYmKwYBBAGCNxUIhpDjDYTVtHiE8Ys-hZvdFs6dEoFghfmRS4WsmTQCAWQCAQcwggHaBggrBgEFBQcBAQSCAcwwggHIMGYGCCsGAQUFBzAChlpodHRwOi8vY3JsLm1pY3Jvc29mdC5jb20vcGtpaW5mcmEvQ2VydHMvQlkyUEtJSU5UQ0EwMS5BTUUuR0JMX0FNRSUyMElORlJBJTIwQ0ElMjAwMSg0KS5jcnQwVgYIKwYBBQUHMAKGSmh0dHA6Ly9jcmwxLmFtZS5nYmwvYWlhL0JZMlBLSUlOVENBMDEuQU1FLkdCTF9BTUUlMjBJTkZSQSUyMENBJTIwMDEoNCkuY3J0MFYGCCsGAQUFBzAChkpodHRwOi8vY3JsMi5hbWUuZ2JsL2FpYS9CWTJQS0lJTlRDQTAxLkFNRS5HQkxfQU1FJTIwSU5GUkElMjBDQSUyMDAxKDQpLmNydDBWBggrBgEFBQcwAoZKaHR0cDovL2NybDMuYW1lLmdibC9haWEvQlkyUEtJSU5UQ0EwMS5BTUUuR0JMX0FNRSUyMElORlJBJTIwQ0ElMjAwMSg0KS5jcnQwVgYIKwYBBQUHMAKGSmh0dHA6Ly9jcmw0LmFtZS5nYmwvYWlhL0JZMlBLSUlOVENBMDEuQU1FLkdCTF9BTUUlMjBJTkZSQSUyMENBJTIwMDEoNCkuY3J0MB0GA1UdDgQWBBQpIRfJ6SPCR16Dy9sN1AQtQKjWNDAOBgNVHQ8BAf8EBAMCBaAwggE1BgNVHR8EggEsMIIBKDCCASSgggEgoIIBHIZCaHR0cDovL2NybC5taWNyb3NvZnQuY29tL3BraWluZnJhL0NSTC9BTUUlMjBJTkZSQSUyMENBJTIwMDEoNCkuY3JshjRodHRwOi8vY3JsMS5hbWUuZ2JsL2NybC9BTUUlMjBJTkZSQSUyMENBJTIwMDEoNCkuY3JshjRodHRwOi8vY3JsMi5hbWUuZ2JsL2NybC9BTUUlMjBJTkZSQSUyMENBJTIwMDEoNCkuY3JshjRodHRwOi8vY3JsMy5hbWUuZ2JsL2NybC9BTUUlMjBJTkZSQSUyMENBJTIwMDEoNCkuY3JshjRodHRwOi8vY3JsNC5hbWUuZ2JsL2NybC9BTUUlMjBJTkZSQSUyMENBJTIwMDEoNCkuY3JsMIGdBgNVHSAEgZUwgZIwDAYKKwYBBAGCN3sBATBmBgorBgEEAYI3ewICMFgwVgYIKwYBBQUHAgIwSh5IADMAMwBlADAAMQA5ADIAMQAtADQAZAA2ADQALQA0AGYAOABjAC0AYQAwADUANQAtADUAYgBkAGEAZgBmAGQANQBlADMAMwBkMAwGCisGAQQBgjd7AwIwDAYKKwYBBAGCN3sEAjAfBgNVHSMEGDAWgBTl2Ztn_PjsurvwwKidileIud8-YzAdBgNVHSUEFjAUBggrBgEFBQcDAQYIKwYBBQUHAwIwDQYJKoZIhvcNAQELBQADggEBACBpx57mqT5wt5VuFMhMv-QcXTs5QrWkz021CcXp44eWUSJBLP35O0JDRyA13V3zowD9Dkl6HKRosiwIhfUwb1VWxMZt1K97bfrlhekU_IFyRNImksBTl4Hg5mL7M4PQvDu_hNxb1NW9JnL8B4LEl-FVcKtOFC8R2wp_2vglSGujfVsEzQMXxCECc_j-T0saauGgdaItgRGQ-1JrKdhZ1FvHWU2eeab0zXatBPn7nyaNmU7DK2icP38PQp3g8yPPlpv1joUzz1GMBJXhtHRWCv93tVfT5q9DZQ-_S2H_1Y2raeucg8kUfGEvVuQ27w1bGi2QRDLtEtuNHgzpR3RB7os&s=g0UrRY3X8lLgeNxfFNkyz38hwPPqtbZatN3dhgGIrWNFHqgG6S9T9cDDy2TWs8uW3RsaIS6Z1rkidLiHO82itpp_07vKV4mEtAr_d6W1jtEbBOBBguYuOWLH70-87HIA7QGCF7dDp7EObr7SRSRQQrGH270VqjQdtzdvnCCc0QBtioa5yL1lJrWx0qqhLHnZF7gL7yCm6y4aYj2D-Damv-cSQc-nyVIeISsmAkVogbIYOArcoOUrxADxwp33qSHoagrrfMBDZ7bza0HtfY-mmlFB82ssDBA0LvcB35k7sGXm_tyMocnEcf4QUiLfpF5YJPXNSlHFs4PDUm4h7BxPsA&h=qXq8sxO7yBXtChf3y9sEXqyTSN952JDqwsxJK5J5fCY
  response:
    body:
      string: '{"name":"48bcecb9-9870-4274-903f-4ac58b6c004c","status":"InProgress","startTime":"2025-05-16T05:56:28.39Z"}'
    headers:
      cache-control:
      - no-cache
      content-length:
      - '107'
      content-type:
      - application/json; charset=utf-8
      date:
      - Fri, 16 May 2025 06:01:36 GMT
      expires:
      - '-1'
      pragma:
      - no-cache
      strict-transport-security:
      - max-age=31536000; includeSubDomains
      x-cache:
      - CONFIG_NOCACHE
      x-content-type-options:
      - nosniff
      x-ms-operation-identifier:
      - tenantId=54826b22-38d6-4fb2-bad9-b7b93a3e9c5a,objectId=d44a2991-98c6-47c3-b59b-2b30d72cfcc2/japaneast/a389ec4b-42e3-468e-b1a9-f673f250c86f
      x-ms-ratelimit-remaining-subscription-global-reads:
      - '3748'
      x-msedge-ref:
      - 'Ref A: 40C3382D586343C69B82A84E98C53155 Ref B: TYO01EDGE2911 Ref C: 2025-05-16T06:01:35Z'
    status:
      code: 200
      message: OK
- request:
    body: null
    headers:
      Accept:
      - '*/*'
      Accept-Encoding:
      - gzip, deflate
      CommandName:
      - postgres flexible-server create
      Connection:
      - keep-alive
      ParameterSetName:
      - -g -n --backup-retention --sku-name --tier --storage-size -u --version --tags
        --database-name --high-availability --public-access
      User-Agent:
      - AZURECLI/2.72.0 azsdk-python-core/1.31.0 Python/3.10.11 (Windows-10-10.0.26100-SP0)
    method: GET
    uri: https://management.azure.com/subscriptions/00000000-0000-0000-0000-000000000000/providers/Microsoft.DBforPostgreSQL/locations/eastus/azureAsyncOperation/48bcecb9-9870-4274-903f-4ac58b6c004c?api-version=2024-11-01-preview&t=638829717885340458&c=MIIHpTCCBo2gAwIBAgITOgWXBJzHWActAOyA9gAEBZcEnDANBgkqhkiG9w0BAQsFADBEMRMwEQYKCZImiZPyLGQBGRYDR0JMMRMwEQYKCZImiZPyLGQBGRYDQU1FMRgwFgYDVQQDEw9BTUUgSU5GUkEgQ0EgMDEwHhcNMjUwNDE4MDkxNjUyWhcNMjUxMDE1MDkxNjUyWjBAMT4wPAYDVQQDEzVhc3luY29wZXJhdGlvbnNpZ25pbmdjZXJ0aWZpY2F0ZS5tYW5hZ2VtZW50LmF6dXJlLmNvbTCCASIwDQYJKoZIhvcNAQEBBQADggEPADCCAQoCggEBALJ4tFzYjQAGXlMN4RVSj_Zp98bnnigeY99sbhZrAOQOjxR_04cAp0TrBwLXaA2b6MkNp3EWrqmwj8LAHlmiUmx_C5YeMG8WQUVkZMbfJNmAjSKJvmH2VO_H9OVOiiWemCFWlBXZMT6O1LsK-KI4EQtlTwXEv4-zXiqUQqjqHZQX6IJGxxcuw3R6KS00hFc9B4Ve9K9uvRk3OzuC_2evEuKFQfmIkhFu9gMtFnEBgp0E5Srek5Sh6WRO2V6wjcdtrFJ2dMStIbypiaJysxjNaLwTxBjKAJiyxkrxbuS0IPj2v4oOwkFSl9khCWu-ivje49N19yGiq_5BL-QYySfUPF0CAwEAAaOCBJIwggSOMCcGCSsGAQQBgjcVCgQaMBgwCgYIKwYBBQUHAwEwCgYIKwYBBQUHAwIwPQYJKwYBBAGCNxUHBDAwLgYmKwYBBAGCNxUIhpDjDYTVtHiE8Ys-hZvdFs6dEoFghfmRS4WsmTQCAWQCAQcwggHaBggrBgEFBQcBAQSCAcwwggHIMGYGCCsGAQUFBzAChlpodHRwOi8vY3JsLm1pY3Jvc29mdC5jb20vcGtpaW5mcmEvQ2VydHMvQlkyUEtJSU5UQ0EwMS5BTUUuR0JMX0FNRSUyMElORlJBJTIwQ0ElMjAwMSg0KS5jcnQwVgYIKwYBBQUHMAKGSmh0dHA6Ly9jcmwxLmFtZS5nYmwvYWlhL0JZMlBLSUlOVENBMDEuQU1FLkdCTF9BTUUlMjBJTkZSQSUyMENBJTIwMDEoNCkuY3J0MFYGCCsGAQUFBzAChkpodHRwOi8vY3JsMi5hbWUuZ2JsL2FpYS9CWTJQS0lJTlRDQTAxLkFNRS5HQkxfQU1FJTIwSU5GUkElMjBDQSUyMDAxKDQpLmNydDBWBggrBgEFBQcwAoZKaHR0cDovL2NybDMuYW1lLmdibC9haWEvQlkyUEtJSU5UQ0EwMS5BTUUuR0JMX0FNRSUyMElORlJBJTIwQ0ElMjAwMSg0KS5jcnQwVgYIKwYBBQUHMAKGSmh0dHA6Ly9jcmw0LmFtZS5nYmwvYWlhL0JZMlBLSUlOVENBMDEuQU1FLkdCTF9BTUUlMjBJTkZSQSUyMENBJTIwMDEoNCkuY3J0MB0GA1UdDgQWBBQpIRfJ6SPCR16Dy9sN1AQtQKjWNDAOBgNVHQ8BAf8EBAMCBaAwggE1BgNVHR8EggEsMIIBKDCCASSgggEgoIIBHIZCaHR0cDovL2NybC5taWNyb3NvZnQuY29tL3BraWluZnJhL0NSTC9BTUUlMjBJTkZSQSUyMENBJTIwMDEoNCkuY3JshjRodHRwOi8vY3JsMS5hbWUuZ2JsL2NybC9BTUUlMjBJTkZSQSUyMENBJTIwMDEoNCkuY3JshjRodHRwOi8vY3JsMi5hbWUuZ2JsL2NybC9BTUUlMjBJTkZSQSUyMENBJTIwMDEoNCkuY3JshjRodHRwOi8vY3JsMy5hbWUuZ2JsL2NybC9BTUUlMjBJTkZSQSUyMENBJTIwMDEoNCkuY3JshjRodHRwOi8vY3JsNC5hbWUuZ2JsL2NybC9BTUUlMjBJTkZSQSUyMENBJTIwMDEoNCkuY3JsMIGdBgNVHSAEgZUwgZIwDAYKKwYBBAGCN3sBATBmBgorBgEEAYI3ewICMFgwVgYIKwYBBQUHAgIwSh5IADMAMwBlADAAMQA5ADIAMQAtADQAZAA2ADQALQA0AGYAOABjAC0AYQAwADUANQAtADUAYgBkAGEAZgBmAGQANQBlADMAMwBkMAwGCisGAQQBgjd7AwIwDAYKKwYBBAGCN3sEAjAfBgNVHSMEGDAWgBTl2Ztn_PjsurvwwKidileIud8-YzAdBgNVHSUEFjAUBggrBgEFBQcDAQYIKwYBBQUHAwIwDQYJKoZIhvcNAQELBQADggEBACBpx57mqT5wt5VuFMhMv-QcXTs5QrWkz021CcXp44eWUSJBLP35O0JDRyA13V3zowD9Dkl6HKRosiwIhfUwb1VWxMZt1K97bfrlhekU_IFyRNImksBTl4Hg5mL7M4PQvDu_hNxb1NW9JnL8B4LEl-FVcKtOFC8R2wp_2vglSGujfVsEzQMXxCECc_j-T0saauGgdaItgRGQ-1JrKdhZ1FvHWU2eeab0zXatBPn7nyaNmU7DK2icP38PQp3g8yPPlpv1joUzz1GMBJXhtHRWCv93tVfT5q9DZQ-_S2H_1Y2raeucg8kUfGEvVuQ27w1bGi2QRDLtEtuNHgzpR3RB7os&s=g0UrRY3X8lLgeNxfFNkyz38hwPPqtbZatN3dhgGIrWNFHqgG6S9T9cDDy2TWs8uW3RsaIS6Z1rkidLiHO82itpp_07vKV4mEtAr_d6W1jtEbBOBBguYuOWLH70-87HIA7QGCF7dDp7EObr7SRSRQQrGH270VqjQdtzdvnCCc0QBtioa5yL1lJrWx0qqhLHnZF7gL7yCm6y4aYj2D-Damv-cSQc-nyVIeISsmAkVogbIYOArcoOUrxADxwp33qSHoagrrfMBDZ7bza0HtfY-mmlFB82ssDBA0LvcB35k7sGXm_tyMocnEcf4QUiLfpF5YJPXNSlHFs4PDUm4h7BxPsA&h=qXq8sxO7yBXtChf3y9sEXqyTSN952JDqwsxJK5J5fCY
  response:
    body:
      string: '{"name":"48bcecb9-9870-4274-903f-4ac58b6c004c","status":"InProgress","startTime":"2025-05-16T05:56:28.39Z"}'
    headers:
      cache-control:
      - no-cache
      content-length:
      - '107'
      content-type:
      - application/json; charset=utf-8
      date:
      - Fri, 16 May 2025 06:02:37 GMT
      expires:
      - '-1'
      pragma:
      - no-cache
      strict-transport-security:
      - max-age=31536000; includeSubDomains
      x-cache:
      - CONFIG_NOCACHE
      x-content-type-options:
      - nosniff
      x-ms-operation-identifier:
      - tenantId=54826b22-38d6-4fb2-bad9-b7b93a3e9c5a,objectId=d44a2991-98c6-47c3-b59b-2b30d72cfcc2/japaneast/b034a32e-369a-494f-baa9-68f4c9b716e1
      x-ms-ratelimit-remaining-subscription-global-reads:
      - '3749'
      x-msedge-ref:
      - 'Ref A: 678619FBAF57442581AF3505D9652719 Ref B: TYO01EDGE2911 Ref C: 2025-05-16T06:02:37Z'
    status:
      code: 200
      message: OK
- request:
    body: null
    headers:
      Accept:
      - '*/*'
      Accept-Encoding:
      - gzip, deflate
      CommandName:
      - postgres flexible-server create
      Connection:
      - keep-alive
      ParameterSetName:
      - -g -n --backup-retention --sku-name --tier --storage-size -u --version --tags
        --database-name --high-availability --public-access
      User-Agent:
      - AZURECLI/2.72.0 azsdk-python-core/1.31.0 Python/3.10.11 (Windows-10-10.0.26100-SP0)
    method: GET
    uri: https://management.azure.com/subscriptions/00000000-0000-0000-0000-000000000000/providers/Microsoft.DBforPostgreSQL/locations/eastus/azureAsyncOperation/48bcecb9-9870-4274-903f-4ac58b6c004c?api-version=2024-11-01-preview&t=638829717885340458&c=MIIHpTCCBo2gAwIBAgITOgWXBJzHWActAOyA9gAEBZcEnDANBgkqhkiG9w0BAQsFADBEMRMwEQYKCZImiZPyLGQBGRYDR0JMMRMwEQYKCZImiZPyLGQBGRYDQU1FMRgwFgYDVQQDEw9BTUUgSU5GUkEgQ0EgMDEwHhcNMjUwNDE4MDkxNjUyWhcNMjUxMDE1MDkxNjUyWjBAMT4wPAYDVQQDEzVhc3luY29wZXJhdGlvbnNpZ25pbmdjZXJ0aWZpY2F0ZS5tYW5hZ2VtZW50LmF6dXJlLmNvbTCCASIwDQYJKoZIhvcNAQEBBQADggEPADCCAQoCggEBALJ4tFzYjQAGXlMN4RVSj_Zp98bnnigeY99sbhZrAOQOjxR_04cAp0TrBwLXaA2b6MkNp3EWrqmwj8LAHlmiUmx_C5YeMG8WQUVkZMbfJNmAjSKJvmH2VO_H9OVOiiWemCFWlBXZMT6O1LsK-KI4EQtlTwXEv4-zXiqUQqjqHZQX6IJGxxcuw3R6KS00hFc9B4Ve9K9uvRk3OzuC_2evEuKFQfmIkhFu9gMtFnEBgp0E5Srek5Sh6WRO2V6wjcdtrFJ2dMStIbypiaJysxjNaLwTxBjKAJiyxkrxbuS0IPj2v4oOwkFSl9khCWu-ivje49N19yGiq_5BL-QYySfUPF0CAwEAAaOCBJIwggSOMCcGCSsGAQQBgjcVCgQaMBgwCgYIKwYBBQUHAwEwCgYIKwYBBQUHAwIwPQYJKwYBBAGCNxUHBDAwLgYmKwYBBAGCNxUIhpDjDYTVtHiE8Ys-hZvdFs6dEoFghfmRS4WsmTQCAWQCAQcwggHaBggrBgEFBQcBAQSCAcwwggHIMGYGCCsGAQUFBzAChlpodHRwOi8vY3JsLm1pY3Jvc29mdC5jb20vcGtpaW5mcmEvQ2VydHMvQlkyUEtJSU5UQ0EwMS5BTUUuR0JMX0FNRSUyMElORlJBJTIwQ0ElMjAwMSg0KS5jcnQwVgYIKwYBBQUHMAKGSmh0dHA6Ly9jcmwxLmFtZS5nYmwvYWlhL0JZMlBLSUlOVENBMDEuQU1FLkdCTF9BTUUlMjBJTkZSQSUyMENBJTIwMDEoNCkuY3J0MFYGCCsGAQUFBzAChkpodHRwOi8vY3JsMi5hbWUuZ2JsL2FpYS9CWTJQS0lJTlRDQTAxLkFNRS5HQkxfQU1FJTIwSU5GUkElMjBDQSUyMDAxKDQpLmNydDBWBggrBgEFBQcwAoZKaHR0cDovL2NybDMuYW1lLmdibC9haWEvQlkyUEtJSU5UQ0EwMS5BTUUuR0JMX0FNRSUyMElORlJBJTIwQ0ElMjAwMSg0KS5jcnQwVgYIKwYBBQUHMAKGSmh0dHA6Ly9jcmw0LmFtZS5nYmwvYWlhL0JZMlBLSUlOVENBMDEuQU1FLkdCTF9BTUUlMjBJTkZSQSUyMENBJTIwMDEoNCkuY3J0MB0GA1UdDgQWBBQpIRfJ6SPCR16Dy9sN1AQtQKjWNDAOBgNVHQ8BAf8EBAMCBaAwggE1BgNVHR8EggEsMIIBKDCCASSgggEgoIIBHIZCaHR0cDovL2NybC5taWNyb3NvZnQuY29tL3BraWluZnJhL0NSTC9BTUUlMjBJTkZSQSUyMENBJTIwMDEoNCkuY3JshjRodHRwOi8vY3JsMS5hbWUuZ2JsL2NybC9BTUUlMjBJTkZSQSUyMENBJTIwMDEoNCkuY3JshjRodHRwOi8vY3JsMi5hbWUuZ2JsL2NybC9BTUUlMjBJTkZSQSUyMENBJTIwMDEoNCkuY3JshjRodHRwOi8vY3JsMy5hbWUuZ2JsL2NybC9BTUUlMjBJTkZSQSUyMENBJTIwMDEoNCkuY3JshjRodHRwOi8vY3JsNC5hbWUuZ2JsL2NybC9BTUUlMjBJTkZSQSUyMENBJTIwMDEoNCkuY3JsMIGdBgNVHSAEgZUwgZIwDAYKKwYBBAGCN3sBATBmBgorBgEEAYI3ewICMFgwVgYIKwYBBQUHAgIwSh5IADMAMwBlADAAMQA5ADIAMQAtADQAZAA2ADQALQA0AGYAOABjAC0AYQAwADUANQAtADUAYgBkAGEAZgBmAGQANQBlADMAMwBkMAwGCisGAQQBgjd7AwIwDAYKKwYBBAGCN3sEAjAfBgNVHSMEGDAWgBTl2Ztn_PjsurvwwKidileIud8-YzAdBgNVHSUEFjAUBggrBgEFBQcDAQYIKwYBBQUHAwIwDQYJKoZIhvcNAQELBQADggEBACBpx57mqT5wt5VuFMhMv-QcXTs5QrWkz021CcXp44eWUSJBLP35O0JDRyA13V3zowD9Dkl6HKRosiwIhfUwb1VWxMZt1K97bfrlhekU_IFyRNImksBTl4Hg5mL7M4PQvDu_hNxb1NW9JnL8B4LEl-FVcKtOFC8R2wp_2vglSGujfVsEzQMXxCECc_j-T0saauGgdaItgRGQ-1JrKdhZ1FvHWU2eeab0zXatBPn7nyaNmU7DK2icP38PQp3g8yPPlpv1joUzz1GMBJXhtHRWCv93tVfT5q9DZQ-_S2H_1Y2raeucg8kUfGEvVuQ27w1bGi2QRDLtEtuNHgzpR3RB7os&s=g0UrRY3X8lLgeNxfFNkyz38hwPPqtbZatN3dhgGIrWNFHqgG6S9T9cDDy2TWs8uW3RsaIS6Z1rkidLiHO82itpp_07vKV4mEtAr_d6W1jtEbBOBBguYuOWLH70-87HIA7QGCF7dDp7EObr7SRSRQQrGH270VqjQdtzdvnCCc0QBtioa5yL1lJrWx0qqhLHnZF7gL7yCm6y4aYj2D-Damv-cSQc-nyVIeISsmAkVogbIYOArcoOUrxADxwp33qSHoagrrfMBDZ7bza0HtfY-mmlFB82ssDBA0LvcB35k7sGXm_tyMocnEcf4QUiLfpF5YJPXNSlHFs4PDUm4h7BxPsA&h=qXq8sxO7yBXtChf3y9sEXqyTSN952JDqwsxJK5J5fCY
  response:
    body:
      string: '{"name":"48bcecb9-9870-4274-903f-4ac58b6c004c","status":"InProgress","startTime":"2025-05-16T05:56:28.39Z"}'
    headers:
      cache-control:
      - no-cache
      content-length:
      - '107'
      content-type:
      - application/json; charset=utf-8
      date:
      - Fri, 16 May 2025 06:03:38 GMT
      expires:
      - '-1'
      pragma:
      - no-cache
      strict-transport-security:
      - max-age=31536000; includeSubDomains
      x-cache:
      - CONFIG_NOCACHE
      x-content-type-options:
      - nosniff
      x-ms-operation-identifier:
      - tenantId=54826b22-38d6-4fb2-bad9-b7b93a3e9c5a,objectId=d44a2991-98c6-47c3-b59b-2b30d72cfcc2/japaneast/e68dd111-b90c-4811-a2d5-d549eb2c7ca2
      x-ms-ratelimit-remaining-subscription-global-reads:
      - '3749'
      x-msedge-ref:
      - 'Ref A: 6A7A353F4CDE4CC1B0EF906B28811AAF Ref B: TYO01EDGE2911 Ref C: 2025-05-16T06:03:38Z'
    status:
      code: 200
      message: OK
- request:
    body: null
    headers:
      Accept:
      - '*/*'
      Accept-Encoding:
      - gzip, deflate
      CommandName:
      - postgres flexible-server create
      Connection:
      - keep-alive
      ParameterSetName:
      - -g -n --backup-retention --sku-name --tier --storage-size -u --version --tags
        --database-name --high-availability --public-access
      User-Agent:
      - AZURECLI/2.72.0 azsdk-python-core/1.31.0 Python/3.10.11 (Windows-10-10.0.26100-SP0)
    method: GET
    uri: https://management.azure.com/subscriptions/00000000-0000-0000-0000-000000000000/providers/Microsoft.DBforPostgreSQL/locations/eastus/azureAsyncOperation/48bcecb9-9870-4274-903f-4ac58b6c004c?api-version=2024-11-01-preview&t=638829717885340458&c=MIIHpTCCBo2gAwIBAgITOgWXBJzHWActAOyA9gAEBZcEnDANBgkqhkiG9w0BAQsFADBEMRMwEQYKCZImiZPyLGQBGRYDR0JMMRMwEQYKCZImiZPyLGQBGRYDQU1FMRgwFgYDVQQDEw9BTUUgSU5GUkEgQ0EgMDEwHhcNMjUwNDE4MDkxNjUyWhcNMjUxMDE1MDkxNjUyWjBAMT4wPAYDVQQDEzVhc3luY29wZXJhdGlvbnNpZ25pbmdjZXJ0aWZpY2F0ZS5tYW5hZ2VtZW50LmF6dXJlLmNvbTCCASIwDQYJKoZIhvcNAQEBBQADggEPADCCAQoCggEBALJ4tFzYjQAGXlMN4RVSj_Zp98bnnigeY99sbhZrAOQOjxR_04cAp0TrBwLXaA2b6MkNp3EWrqmwj8LAHlmiUmx_C5YeMG8WQUVkZMbfJNmAjSKJvmH2VO_H9OVOiiWemCFWlBXZMT6O1LsK-KI4EQtlTwXEv4-zXiqUQqjqHZQX6IJGxxcuw3R6KS00hFc9B4Ve9K9uvRk3OzuC_2evEuKFQfmIkhFu9gMtFnEBgp0E5Srek5Sh6WRO2V6wjcdtrFJ2dMStIbypiaJysxjNaLwTxBjKAJiyxkrxbuS0IPj2v4oOwkFSl9khCWu-ivje49N19yGiq_5BL-QYySfUPF0CAwEAAaOCBJIwggSOMCcGCSsGAQQBgjcVCgQaMBgwCgYIKwYBBQUHAwEwCgYIKwYBBQUHAwIwPQYJKwYBBAGCNxUHBDAwLgYmKwYBBAGCNxUIhpDjDYTVtHiE8Ys-hZvdFs6dEoFghfmRS4WsmTQCAWQCAQcwggHaBggrBgEFBQcBAQSCAcwwggHIMGYGCCsGAQUFBzAChlpodHRwOi8vY3JsLm1pY3Jvc29mdC5jb20vcGtpaW5mcmEvQ2VydHMvQlkyUEtJSU5UQ0EwMS5BTUUuR0JMX0FNRSUyMElORlJBJTIwQ0ElMjAwMSg0KS5jcnQwVgYIKwYBBQUHMAKGSmh0dHA6Ly9jcmwxLmFtZS5nYmwvYWlhL0JZMlBLSUlOVENBMDEuQU1FLkdCTF9BTUUlMjBJTkZSQSUyMENBJTIwMDEoNCkuY3J0MFYGCCsGAQUFBzAChkpodHRwOi8vY3JsMi5hbWUuZ2JsL2FpYS9CWTJQS0lJTlRDQTAxLkFNRS5HQkxfQU1FJTIwSU5GUkElMjBDQSUyMDAxKDQpLmNydDBWBggrBgEFBQcwAoZKaHR0cDovL2NybDMuYW1lLmdibC9haWEvQlkyUEtJSU5UQ0EwMS5BTUUuR0JMX0FNRSUyMElORlJBJTIwQ0ElMjAwMSg0KS5jcnQwVgYIKwYBBQUHMAKGSmh0dHA6Ly9jcmw0LmFtZS5nYmwvYWlhL0JZMlBLSUlOVENBMDEuQU1FLkdCTF9BTUUlMjBJTkZSQSUyMENBJTIwMDEoNCkuY3J0MB0GA1UdDgQWBBQpIRfJ6SPCR16Dy9sN1AQtQKjWNDAOBgNVHQ8BAf8EBAMCBaAwggE1BgNVHR8EggEsMIIBKDCCASSgggEgoIIBHIZCaHR0cDovL2NybC5taWNyb3NvZnQuY29tL3BraWluZnJhL0NSTC9BTUUlMjBJTkZSQSUyMENBJTIwMDEoNCkuY3JshjRodHRwOi8vY3JsMS5hbWUuZ2JsL2NybC9BTUUlMjBJTkZSQSUyMENBJTIwMDEoNCkuY3JshjRodHRwOi8vY3JsMi5hbWUuZ2JsL2NybC9BTUUlMjBJTkZSQSUyMENBJTIwMDEoNCkuY3JshjRodHRwOi8vY3JsMy5hbWUuZ2JsL2NybC9BTUUlMjBJTkZSQSUyMENBJTIwMDEoNCkuY3JshjRodHRwOi8vY3JsNC5hbWUuZ2JsL2NybC9BTUUlMjBJTkZSQSUyMENBJTIwMDEoNCkuY3JsMIGdBgNVHSAEgZUwgZIwDAYKKwYBBAGCN3sBATBmBgorBgEEAYI3ewICMFgwVgYIKwYBBQUHAgIwSh5IADMAMwBlADAAMQA5ADIAMQAtADQAZAA2ADQALQA0AGYAOABjAC0AYQAwADUANQAtADUAYgBkAGEAZgBmAGQANQBlADMAMwBkMAwGCisGAQQBgjd7AwIwDAYKKwYBBAGCN3sEAjAfBgNVHSMEGDAWgBTl2Ztn_PjsurvwwKidileIud8-YzAdBgNVHSUEFjAUBggrBgEFBQcDAQYIKwYBBQUHAwIwDQYJKoZIhvcNAQELBQADggEBACBpx57mqT5wt5VuFMhMv-QcXTs5QrWkz021CcXp44eWUSJBLP35O0JDRyA13V3zowD9Dkl6HKRosiwIhfUwb1VWxMZt1K97bfrlhekU_IFyRNImksBTl4Hg5mL7M4PQvDu_hNxb1NW9JnL8B4LEl-FVcKtOFC8R2wp_2vglSGujfVsEzQMXxCECc_j-T0saauGgdaItgRGQ-1JrKdhZ1FvHWU2eeab0zXatBPn7nyaNmU7DK2icP38PQp3g8yPPlpv1joUzz1GMBJXhtHRWCv93tVfT5q9DZQ-_S2H_1Y2raeucg8kUfGEvVuQ27w1bGi2QRDLtEtuNHgzpR3RB7os&s=g0UrRY3X8lLgeNxfFNkyz38hwPPqtbZatN3dhgGIrWNFHqgG6S9T9cDDy2TWs8uW3RsaIS6Z1rkidLiHO82itpp_07vKV4mEtAr_d6W1jtEbBOBBguYuOWLH70-87HIA7QGCF7dDp7EObr7SRSRQQrGH270VqjQdtzdvnCCc0QBtioa5yL1lJrWx0qqhLHnZF7gL7yCm6y4aYj2D-Damv-cSQc-nyVIeISsmAkVogbIYOArcoOUrxADxwp33qSHoagrrfMBDZ7bza0HtfY-mmlFB82ssDBA0LvcB35k7sGXm_tyMocnEcf4QUiLfpF5YJPXNSlHFs4PDUm4h7BxPsA&h=qXq8sxO7yBXtChf3y9sEXqyTSN952JDqwsxJK5J5fCY
  response:
    body:
      string: '{"name":"48bcecb9-9870-4274-903f-4ac58b6c004c","status":"InProgress","startTime":"2025-05-16T05:56:28.39Z"}'
    headers:
      cache-control:
      - no-cache
      content-length:
      - '107'
      content-type:
      - application/json; charset=utf-8
      date:
      - Fri, 16 May 2025 06:04:39 GMT
      expires:
      - '-1'
      pragma:
      - no-cache
      strict-transport-security:
      - max-age=31536000; includeSubDomains
      x-cache:
      - CONFIG_NOCACHE
      x-content-type-options:
      - nosniff
      x-ms-operation-identifier:
      - tenantId=54826b22-38d6-4fb2-bad9-b7b93a3e9c5a,objectId=d44a2991-98c6-47c3-b59b-2b30d72cfcc2/japaneast/e07a1b16-8a30-4801-9a05-3711f98109dd
      x-ms-ratelimit-remaining-subscription-global-reads:
      - '3749'
      x-msedge-ref:
      - 'Ref A: 5C4F2EA2F25143FF8EF2C3313523A7E4 Ref B: TYO01EDGE2911 Ref C: 2025-05-16T06:04:39Z'
    status:
      code: 200
      message: OK
- request:
    body: null
    headers:
      Accept:
      - '*/*'
      Accept-Encoding:
      - gzip, deflate
      CommandName:
      - postgres flexible-server create
      Connection:
      - keep-alive
      ParameterSetName:
      - -g -n --backup-retention --sku-name --tier --storage-size -u --version --tags
        --database-name --high-availability --public-access
      User-Agent:
      - AZURECLI/2.72.0 azsdk-python-core/1.31.0 Python/3.10.11 (Windows-10-10.0.26100-SP0)
    method: GET
    uri: https://management.azure.com/subscriptions/00000000-0000-0000-0000-000000000000/providers/Microsoft.DBforPostgreSQL/locations/eastus/azureAsyncOperation/48bcecb9-9870-4274-903f-4ac58b6c004c?api-version=2024-11-01-preview&t=638829717885340458&c=MIIHpTCCBo2gAwIBAgITOgWXBJzHWActAOyA9gAEBZcEnDANBgkqhkiG9w0BAQsFADBEMRMwEQYKCZImiZPyLGQBGRYDR0JMMRMwEQYKCZImiZPyLGQBGRYDQU1FMRgwFgYDVQQDEw9BTUUgSU5GUkEgQ0EgMDEwHhcNMjUwNDE4MDkxNjUyWhcNMjUxMDE1MDkxNjUyWjBAMT4wPAYDVQQDEzVhc3luY29wZXJhdGlvbnNpZ25pbmdjZXJ0aWZpY2F0ZS5tYW5hZ2VtZW50LmF6dXJlLmNvbTCCASIwDQYJKoZIhvcNAQEBBQADggEPADCCAQoCggEBALJ4tFzYjQAGXlMN4RVSj_Zp98bnnigeY99sbhZrAOQOjxR_04cAp0TrBwLXaA2b6MkNp3EWrqmwj8LAHlmiUmx_C5YeMG8WQUVkZMbfJNmAjSKJvmH2VO_H9OVOiiWemCFWlBXZMT6O1LsK-KI4EQtlTwXEv4-zXiqUQqjqHZQX6IJGxxcuw3R6KS00hFc9B4Ve9K9uvRk3OzuC_2evEuKFQfmIkhFu9gMtFnEBgp0E5Srek5Sh6WRO2V6wjcdtrFJ2dMStIbypiaJysxjNaLwTxBjKAJiyxkrxbuS0IPj2v4oOwkFSl9khCWu-ivje49N19yGiq_5BL-QYySfUPF0CAwEAAaOCBJIwggSOMCcGCSsGAQQBgjcVCgQaMBgwCgYIKwYBBQUHAwEwCgYIKwYBBQUHAwIwPQYJKwYBBAGCNxUHBDAwLgYmKwYBBAGCNxUIhpDjDYTVtHiE8Ys-hZvdFs6dEoFghfmRS4WsmTQCAWQCAQcwggHaBggrBgEFBQcBAQSCAcwwggHIMGYGCCsGAQUFBzAChlpodHRwOi8vY3JsLm1pY3Jvc29mdC5jb20vcGtpaW5mcmEvQ2VydHMvQlkyUEtJSU5UQ0EwMS5BTUUuR0JMX0FNRSUyMElORlJBJTIwQ0ElMjAwMSg0KS5jcnQwVgYIKwYBBQUHMAKGSmh0dHA6Ly9jcmwxLmFtZS5nYmwvYWlhL0JZMlBLSUlOVENBMDEuQU1FLkdCTF9BTUUlMjBJTkZSQSUyMENBJTIwMDEoNCkuY3J0MFYGCCsGAQUFBzAChkpodHRwOi8vY3JsMi5hbWUuZ2JsL2FpYS9CWTJQS0lJTlRDQTAxLkFNRS5HQkxfQU1FJTIwSU5GUkElMjBDQSUyMDAxKDQpLmNydDBWBggrBgEFBQcwAoZKaHR0cDovL2NybDMuYW1lLmdibC9haWEvQlkyUEtJSU5UQ0EwMS5BTUUuR0JMX0FNRSUyMElORlJBJTIwQ0ElMjAwMSg0KS5jcnQwVgYIKwYBBQUHMAKGSmh0dHA6Ly9jcmw0LmFtZS5nYmwvYWlhL0JZMlBLSUlOVENBMDEuQU1FLkdCTF9BTUUlMjBJTkZSQSUyMENBJTIwMDEoNCkuY3J0MB0GA1UdDgQWBBQpIRfJ6SPCR16Dy9sN1AQtQKjWNDAOBgNVHQ8BAf8EBAMCBaAwggE1BgNVHR8EggEsMIIBKDCCASSgggEgoIIBHIZCaHR0cDovL2NybC5taWNyb3NvZnQuY29tL3BraWluZnJhL0NSTC9BTUUlMjBJTkZSQSUyMENBJTIwMDEoNCkuY3JshjRodHRwOi8vY3JsMS5hbWUuZ2JsL2NybC9BTUUlMjBJTkZSQSUyMENBJTIwMDEoNCkuY3JshjRodHRwOi8vY3JsMi5hbWUuZ2JsL2NybC9BTUUlMjBJTkZSQSUyMENBJTIwMDEoNCkuY3JshjRodHRwOi8vY3JsMy5hbWUuZ2JsL2NybC9BTUUlMjBJTkZSQSUyMENBJTIwMDEoNCkuY3JshjRodHRwOi8vY3JsNC5hbWUuZ2JsL2NybC9BTUUlMjBJTkZSQSUyMENBJTIwMDEoNCkuY3JsMIGdBgNVHSAEgZUwgZIwDAYKKwYBBAGCN3sBATBmBgorBgEEAYI3ewICMFgwVgYIKwYBBQUHAgIwSh5IADMAMwBlADAAMQA5ADIAMQAtADQAZAA2ADQALQA0AGYAOABjAC0AYQAwADUANQAtADUAYgBkAGEAZgBmAGQANQBlADMAMwBkMAwGCisGAQQBgjd7AwIwDAYKKwYBBAGCN3sEAjAfBgNVHSMEGDAWgBTl2Ztn_PjsurvwwKidileIud8-YzAdBgNVHSUEFjAUBggrBgEFBQcDAQYIKwYBBQUHAwIwDQYJKoZIhvcNAQELBQADggEBACBpx57mqT5wt5VuFMhMv-QcXTs5QrWkz021CcXp44eWUSJBLP35O0JDRyA13V3zowD9Dkl6HKRosiwIhfUwb1VWxMZt1K97bfrlhekU_IFyRNImksBTl4Hg5mL7M4PQvDu_hNxb1NW9JnL8B4LEl-FVcKtOFC8R2wp_2vglSGujfVsEzQMXxCECc_j-T0saauGgdaItgRGQ-1JrKdhZ1FvHWU2eeab0zXatBPn7nyaNmU7DK2icP38PQp3g8yPPlpv1joUzz1GMBJXhtHRWCv93tVfT5q9DZQ-_S2H_1Y2raeucg8kUfGEvVuQ27w1bGi2QRDLtEtuNHgzpR3RB7os&s=g0UrRY3X8lLgeNxfFNkyz38hwPPqtbZatN3dhgGIrWNFHqgG6S9T9cDDy2TWs8uW3RsaIS6Z1rkidLiHO82itpp_07vKV4mEtAr_d6W1jtEbBOBBguYuOWLH70-87HIA7QGCF7dDp7EObr7SRSRQQrGH270VqjQdtzdvnCCc0QBtioa5yL1lJrWx0qqhLHnZF7gL7yCm6y4aYj2D-Damv-cSQc-nyVIeISsmAkVogbIYOArcoOUrxADxwp33qSHoagrrfMBDZ7bza0HtfY-mmlFB82ssDBA0LvcB35k7sGXm_tyMocnEcf4QUiLfpF5YJPXNSlHFs4PDUm4h7BxPsA&h=qXq8sxO7yBXtChf3y9sEXqyTSN952JDqwsxJK5J5fCY
  response:
    body:
      string: '{"name":"48bcecb9-9870-4274-903f-4ac58b6c004c","status":"InProgress","startTime":"2025-05-16T05:56:28.39Z"}'
    headers:
      cache-control:
      - no-cache
      content-length:
      - '107'
      content-type:
      - application/json; charset=utf-8
      date:
      - Fri, 16 May 2025 06:05:41 GMT
      expires:
      - '-1'
      pragma:
      - no-cache
      strict-transport-security:
      - max-age=31536000; includeSubDomains
      x-cache:
      - CONFIG_NOCACHE
      x-content-type-options:
      - nosniff
      x-ms-operation-identifier:
      - tenantId=54826b22-38d6-4fb2-bad9-b7b93a3e9c5a,objectId=d44a2991-98c6-47c3-b59b-2b30d72cfcc2/japaneast/2e6f20ad-a5ee-42b3-9429-7700cc9e2457
      x-ms-ratelimit-remaining-subscription-global-reads:
      - '3749'
      x-msedge-ref:
      - 'Ref A: 76FA847C7DC94966BF2DAC2824BF7110 Ref B: TYO01EDGE2911 Ref C: 2025-05-16T06:05:40Z'
    status:
      code: 200
      message: OK
- request:
    body: null
    headers:
      Accept:
      - '*/*'
      Accept-Encoding:
      - gzip, deflate
      CommandName:
      - postgres flexible-server create
      Connection:
      - keep-alive
      ParameterSetName:
      - -g -n --backup-retention --sku-name --tier --storage-size -u --version --tags
        --database-name --high-availability --public-access
      User-Agent:
      - AZURECLI/2.72.0 azsdk-python-core/1.31.0 Python/3.10.11 (Windows-10-10.0.26100-SP0)
    method: GET
    uri: https://management.azure.com/subscriptions/00000000-0000-0000-0000-000000000000/providers/Microsoft.DBforPostgreSQL/locations/eastus/azureAsyncOperation/48bcecb9-9870-4274-903f-4ac58b6c004c?api-version=2024-11-01-preview&t=638829717885340458&c=MIIHpTCCBo2gAwIBAgITOgWXBJzHWActAOyA9gAEBZcEnDANBgkqhkiG9w0BAQsFADBEMRMwEQYKCZImiZPyLGQBGRYDR0JMMRMwEQYKCZImiZPyLGQBGRYDQU1FMRgwFgYDVQQDEw9BTUUgSU5GUkEgQ0EgMDEwHhcNMjUwNDE4MDkxNjUyWhcNMjUxMDE1MDkxNjUyWjBAMT4wPAYDVQQDEzVhc3luY29wZXJhdGlvbnNpZ25pbmdjZXJ0aWZpY2F0ZS5tYW5hZ2VtZW50LmF6dXJlLmNvbTCCASIwDQYJKoZIhvcNAQEBBQADggEPADCCAQoCggEBALJ4tFzYjQAGXlMN4RVSj_Zp98bnnigeY99sbhZrAOQOjxR_04cAp0TrBwLXaA2b6MkNp3EWrqmwj8LAHlmiUmx_C5YeMG8WQUVkZMbfJNmAjSKJvmH2VO_H9OVOiiWemCFWlBXZMT6O1LsK-KI4EQtlTwXEv4-zXiqUQqjqHZQX6IJGxxcuw3R6KS00hFc9B4Ve9K9uvRk3OzuC_2evEuKFQfmIkhFu9gMtFnEBgp0E5Srek5Sh6WRO2V6wjcdtrFJ2dMStIbypiaJysxjNaLwTxBjKAJiyxkrxbuS0IPj2v4oOwkFSl9khCWu-ivje49N19yGiq_5BL-QYySfUPF0CAwEAAaOCBJIwggSOMCcGCSsGAQQBgjcVCgQaMBgwCgYIKwYBBQUHAwEwCgYIKwYBBQUHAwIwPQYJKwYBBAGCNxUHBDAwLgYmKwYBBAGCNxUIhpDjDYTVtHiE8Ys-hZvdFs6dEoFghfmRS4WsmTQCAWQCAQcwggHaBggrBgEFBQcBAQSCAcwwggHIMGYGCCsGAQUFBzAChlpodHRwOi8vY3JsLm1pY3Jvc29mdC5jb20vcGtpaW5mcmEvQ2VydHMvQlkyUEtJSU5UQ0EwMS5BTUUuR0JMX0FNRSUyMElORlJBJTIwQ0ElMjAwMSg0KS5jcnQwVgYIKwYBBQUHMAKGSmh0dHA6Ly9jcmwxLmFtZS5nYmwvYWlhL0JZMlBLSUlOVENBMDEuQU1FLkdCTF9BTUUlMjBJTkZSQSUyMENBJTIwMDEoNCkuY3J0MFYGCCsGAQUFBzAChkpodHRwOi8vY3JsMi5hbWUuZ2JsL2FpYS9CWTJQS0lJTlRDQTAxLkFNRS5HQkxfQU1FJTIwSU5GUkElMjBDQSUyMDAxKDQpLmNydDBWBggrBgEFBQcwAoZKaHR0cDovL2NybDMuYW1lLmdibC9haWEvQlkyUEtJSU5UQ0EwMS5BTUUuR0JMX0FNRSUyMElORlJBJTIwQ0ElMjAwMSg0KS5jcnQwVgYIKwYBBQUHMAKGSmh0dHA6Ly9jcmw0LmFtZS5nYmwvYWlhL0JZMlBLSUlOVENBMDEuQU1FLkdCTF9BTUUlMjBJTkZSQSUyMENBJTIwMDEoNCkuY3J0MB0GA1UdDgQWBBQpIRfJ6SPCR16Dy9sN1AQtQKjWNDAOBgNVHQ8BAf8EBAMCBaAwggE1BgNVHR8EggEsMIIBKDCCASSgggEgoIIBHIZCaHR0cDovL2NybC5taWNyb3NvZnQuY29tL3BraWluZnJhL0NSTC9BTUUlMjBJTkZSQSUyMENBJTIwMDEoNCkuY3JshjRodHRwOi8vY3JsMS5hbWUuZ2JsL2NybC9BTUUlMjBJTkZSQSUyMENBJTIwMDEoNCkuY3JshjRodHRwOi8vY3JsMi5hbWUuZ2JsL2NybC9BTUUlMjBJTkZSQSUyMENBJTIwMDEoNCkuY3JshjRodHRwOi8vY3JsMy5hbWUuZ2JsL2NybC9BTUUlMjBJTkZSQSUyMENBJTIwMDEoNCkuY3JshjRodHRwOi8vY3JsNC5hbWUuZ2JsL2NybC9BTUUlMjBJTkZSQSUyMENBJTIwMDEoNCkuY3JsMIGdBgNVHSAEgZUwgZIwDAYKKwYBBAGCN3sBATBmBgorBgEEAYI3ewICMFgwVgYIKwYBBQUHAgIwSh5IADMAMwBlADAAMQA5ADIAMQAtADQAZAA2ADQALQA0AGYAOABjAC0AYQAwADUANQAtADUAYgBkAGEAZgBmAGQANQBlADMAMwBkMAwGCisGAQQBgjd7AwIwDAYKKwYBBAGCN3sEAjAfBgNVHSMEGDAWgBTl2Ztn_PjsurvwwKidileIud8-YzAdBgNVHSUEFjAUBggrBgEFBQcDAQYIKwYBBQUHAwIwDQYJKoZIhvcNAQELBQADggEBACBpx57mqT5wt5VuFMhMv-QcXTs5QrWkz021CcXp44eWUSJBLP35O0JDRyA13V3zowD9Dkl6HKRosiwIhfUwb1VWxMZt1K97bfrlhekU_IFyRNImksBTl4Hg5mL7M4PQvDu_hNxb1NW9JnL8B4LEl-FVcKtOFC8R2wp_2vglSGujfVsEzQMXxCECc_j-T0saauGgdaItgRGQ-1JrKdhZ1FvHWU2eeab0zXatBPn7nyaNmU7DK2icP38PQp3g8yPPlpv1joUzz1GMBJXhtHRWCv93tVfT5q9DZQ-_S2H_1Y2raeucg8kUfGEvVuQ27w1bGi2QRDLtEtuNHgzpR3RB7os&s=g0UrRY3X8lLgeNxfFNkyz38hwPPqtbZatN3dhgGIrWNFHqgG6S9T9cDDy2TWs8uW3RsaIS6Z1rkidLiHO82itpp_07vKV4mEtAr_d6W1jtEbBOBBguYuOWLH70-87HIA7QGCF7dDp7EObr7SRSRQQrGH270VqjQdtzdvnCCc0QBtioa5yL1lJrWx0qqhLHnZF7gL7yCm6y4aYj2D-Damv-cSQc-nyVIeISsmAkVogbIYOArcoOUrxADxwp33qSHoagrrfMBDZ7bza0HtfY-mmlFB82ssDBA0LvcB35k7sGXm_tyMocnEcf4QUiLfpF5YJPXNSlHFs4PDUm4h7BxPsA&h=qXq8sxO7yBXtChf3y9sEXqyTSN952JDqwsxJK5J5fCY
  response:
    body:
      string: '{"name":"48bcecb9-9870-4274-903f-4ac58b6c004c","status":"Succeeded","startTime":"2025-05-16T05:56:28.39Z"}'
    headers:
      cache-control:
      - no-cache
      content-length:
      - '106'
      content-type:
      - application/json; charset=utf-8
      date:
      - Fri, 16 May 2025 06:06:42 GMT
      expires:
      - '-1'
      pragma:
      - no-cache
      strict-transport-security:
      - max-age=31536000; includeSubDomains
      x-cache:
      - CONFIG_NOCACHE
      x-content-type-options:
      - nosniff
      x-ms-operation-identifier:
      - tenantId=54826b22-38d6-4fb2-bad9-b7b93a3e9c5a,objectId=d44a2991-98c6-47c3-b59b-2b30d72cfcc2/japaneast/4afbd324-0d6b-444a-8497-b3c8befb5eac
      x-ms-ratelimit-remaining-subscription-global-reads:
      - '3749'
      x-msedge-ref:
      - 'Ref A: FE6ACEF9C22545908AE59E80912790A3 Ref B: TYO01EDGE2911 Ref C: 2025-05-16T06:06:42Z'
    status:
      code: 200
      message: OK
- request:
    body: null
    headers:
      Accept:
      - '*/*'
      Accept-Encoding:
      - gzip, deflate
      CommandName:
      - postgres flexible-server create
      Connection:
      - keep-alive
      ParameterSetName:
      - -g -n --backup-retention --sku-name --tier --storage-size -u --version --tags
        --database-name --high-availability --public-access
      User-Agent:
      - AZURECLI/2.72.0 azsdk-python-core/1.31.0 Python/3.10.11 (Windows-10-10.0.26100-SP0)
    method: GET
    uri: https://management.azure.com/subscriptions/00000000-0000-0000-0000-000000000000/resourceGroups/random_rg000004/providers/Microsoft.DBforPostgreSQL/flexibleServers/azuredbclitest-000002?api-version=2024-11-01-preview
  response:
    body:
      string: '{"sku":{"name":"Standard_D2s_v3","tier":"GeneralPurpose"},"systemData":{"createdAt":"2025-05-16T05:56:40.9201474Z"},"properties":{"replica":{"role":"Primary","capacity":5},"storage":{"type":"","iops":500,"tier":"P10","storageSizeGB":128,"autoGrow":"Disabled"},"network":{"publicNetworkAccess":"Disabled"},"privateEndpointConnections":[],"dataEncryption":{"type":"SystemManaged"},"authConfig":{"activeDirectoryAuth":"Disabled","passwordAuth":"Enabled"},"fullyQualifiedDomainName":"azuredbclitest-000002.postgres.database.azure.com","version":"16","minorVersion":"8","administratorLogin":"dbadmin","state":"Ready","availabilityZone":"3","backup":{"backupRetentionDays":7,"geoRedundantBackup":"Disabled","earliestRestoreDate":"2025-05-16T06:02:51.4918893+00:00"},"highAvailability":{"mode":"ZoneRedundant","state":"Healthy","standbyAvailabilityZone":"1"},"maintenanceWindow":{"customWindow":"Disabled","dayOfWeek":0,"startHour":0,"startMinute":0},"replicationRole":"Primary","replicaCapacity":5},"location":"East
        US","tags":{"keys":"3"},"id":"/subscriptions/00000000-0000-0000-0000-000000000000/resourceGroups/random_rg000004/providers/Microsoft.DBforPostgreSQL/flexibleServers/azuredbclitest-000002","name":"azuredbclitest-000002","type":"Microsoft.DBforPostgreSQL/flexibleServers"}'
    headers:
      cache-control:
      - no-cache
      content-length:
      - '1280'
      content-type:
      - application/json; charset=utf-8
      date:
      - Fri, 16 May 2025 06:06:43 GMT
      expires:
      - '-1'
      pragma:
      - no-cache
      strict-transport-security:
      - max-age=31536000; includeSubDomains
      x-cache:
      - CONFIG_NOCACHE
      x-content-type-options:
      - nosniff
      x-ms-ratelimit-remaining-subscription-global-reads:
      - '3749'
      x-msedge-ref:
      - 'Ref A: F1CA3AA415BC4760814A45169120D81A Ref B: TYO01EDGE2911 Ref C: 2025-05-16T06:06:43Z'
    status:
      code: 200
      message: OK
- request:
    body: null
    headers:
      Accept:
      - application/json
      Accept-Encoding:
      - gzip, deflate
      CommandName:
      - postgres flexible-server create
      Connection:
      - keep-alive
      ParameterSetName:
      - -g -n --backup-retention --sku-name --tier --storage-size -u --version --tags
        --database-name --high-availability --public-access
      User-Agent:
      - AZURECLI/2.72.0 azsdk-python-core/1.31.0 Python/3.10.11 (Windows-10-10.0.26100-SP0)
    method: GET
    uri: https://management.azure.com/subscriptions/00000000-0000-0000-0000-000000000000/resourceGroups/random_rg000004/providers/Microsoft.DBforPostgreSQL/flexibleServers/azuredbclitest-000002?api-version=2024-11-01-preview
  response:
    body:
      string: '{"sku":{"name":"Standard_D2s_v3","tier":"GeneralPurpose"},"systemData":{"createdAt":"2025-05-16T05:56:40.9201474Z"},"properties":{"replica":{"role":"Primary","capacity":5},"storage":{"type":"","iops":500,"tier":"P10","storageSizeGB":128,"autoGrow":"Disabled"},"network":{"publicNetworkAccess":"Disabled"},"privateEndpointConnections":[],"dataEncryption":{"type":"SystemManaged"},"authConfig":{"activeDirectoryAuth":"Disabled","passwordAuth":"Enabled"},"fullyQualifiedDomainName":"azuredbclitest-000002.postgres.database.azure.com","version":"16","minorVersion":"8","administratorLogin":"dbadmin","state":"Ready","availabilityZone":"3","backup":{"backupRetentionDays":7,"geoRedundantBackup":"Disabled","earliestRestoreDate":"2025-05-16T06:02:51.4918893+00:00"},"highAvailability":{"mode":"ZoneRedundant","state":"Healthy","standbyAvailabilityZone":"1"},"maintenanceWindow":{"customWindow":"Disabled","dayOfWeek":0,"startHour":0,"startMinute":0},"replicationRole":"Primary","replicaCapacity":5},"location":"East
        US","tags":{"keys":"3"},"id":"/subscriptions/00000000-0000-0000-0000-000000000000/resourceGroups/random_rg000004/providers/Microsoft.DBforPostgreSQL/flexibleServers/azuredbclitest-000002","name":"azuredbclitest-000002","type":"Microsoft.DBforPostgreSQL/flexibleServers"}'
    headers:
      cache-control:
      - no-cache
      content-length:
      - '1280'
      content-type:
      - application/json; charset=utf-8
      date:
      - Fri, 16 May 2025 06:06:47 GMT
      expires:
      - '-1'
      pragma:
      - no-cache
      strict-transport-security:
      - max-age=31536000; includeSubDomains
      x-cache:
      - CONFIG_NOCACHE
      x-content-type-options:
      - nosniff
      x-ms-ratelimit-remaining-subscription-global-reads:
      - '3749'
      x-msedge-ref:
      - 'Ref A: 506D0AF793AA4A1792D4EDC671521B0E Ref B: TYO201100114011 Ref C: 2025-05-16T06:06:45Z'
    status:
      code: 200
      message: OK
- request:
    body: '{"properties": {"charset": "utf8", "collation": "en_US.utf8"}}'
    headers:
      Accept:
      - application/json
      Accept-Encoding:
      - gzip, deflate
      CommandName:
      - postgres flexible-server create
      Connection:
      - keep-alive
      Content-Length:
      - '62'
      Content-Type:
      - application/json
      ParameterSetName:
      - -g -n --backup-retention --sku-name --tier --storage-size -u --version --tags
        --database-name --high-availability --public-access
      User-Agent:
      - AZURECLI/2.72.0 azsdk-python-core/1.31.0 Python/3.10.11 (Windows-10-10.0.26100-SP0)
    method: PUT
    uri: https://management.azure.com/subscriptions/00000000-0000-0000-0000-000000000000/resourceGroups/random_rg000004/providers/Microsoft.DBforPostgreSQL/flexibleServers/azuredbclitest-000002/databases/testdb?api-version=2024-11-01-preview
  response:
    body:
      string: '{"operation":"UpsertServerDatabaseManagementOperation","startTime":"2025-05-16T06:06:49.457Z"}'
    headers:
      azure-asyncoperation:
      - https://management.azure.com/subscriptions/00000000-0000-0000-0000-000000000000/providers/Microsoft.DBforPostgreSQL/locations/eastus/azureAsyncOperation/e5afe1e1-ace0-4efe-b8a3-53780c4c68cd?api-version=2024-11-01-preview&t=638829724095988669&c=MIIHpTCCBo2gAwIBAgITOgWXBJzHWActAOyA9gAEBZcEnDANBgkqhkiG9w0BAQsFADBEMRMwEQYKCZImiZPyLGQBGRYDR0JMMRMwEQYKCZImiZPyLGQBGRYDQU1FMRgwFgYDVQQDEw9BTUUgSU5GUkEgQ0EgMDEwHhcNMjUwNDE4MDkxNjUyWhcNMjUxMDE1MDkxNjUyWjBAMT4wPAYDVQQDEzVhc3luY29wZXJhdGlvbnNpZ25pbmdjZXJ0aWZpY2F0ZS5tYW5hZ2VtZW50LmF6dXJlLmNvbTCCASIwDQYJKoZIhvcNAQEBBQADggEPADCCAQoCggEBALJ4tFzYjQAGXlMN4RVSj_Zp98bnnigeY99sbhZrAOQOjxR_04cAp0TrBwLXaA2b6MkNp3EWrqmwj8LAHlmiUmx_C5YeMG8WQUVkZMbfJNmAjSKJvmH2VO_H9OVOiiWemCFWlBXZMT6O1LsK-KI4EQtlTwXEv4-zXiqUQqjqHZQX6IJGxxcuw3R6KS00hFc9B4Ve9K9uvRk3OzuC_2evEuKFQfmIkhFu9gMtFnEBgp0E5Srek5Sh6WRO2V6wjcdtrFJ2dMStIbypiaJysxjNaLwTxBjKAJiyxkrxbuS0IPj2v4oOwkFSl9khCWu-ivje49N19yGiq_5BL-QYySfUPF0CAwEAAaOCBJIwggSOMCcGCSsGAQQBgjcVCgQaMBgwCgYIKwYBBQUHAwEwCgYIKwYBBQUHAwIwPQYJKwYBBAGCNxUHBDAwLgYmKwYBBAGCNxUIhpDjDYTVtHiE8Ys-hZvdFs6dEoFghfmRS4WsmTQCAWQCAQcwggHaBggrBgEFBQcBAQSCAcwwggHIMGYGCCsGAQUFBzAChlpodHRwOi8vY3JsLm1pY3Jvc29mdC5jb20vcGtpaW5mcmEvQ2VydHMvQlkyUEtJSU5UQ0EwMS5BTUUuR0JMX0FNRSUyMElORlJBJTIwQ0ElMjAwMSg0KS5jcnQwVgYIKwYBBQUHMAKGSmh0dHA6Ly9jcmwxLmFtZS5nYmwvYWlhL0JZMlBLSUlOVENBMDEuQU1FLkdCTF9BTUUlMjBJTkZSQSUyMENBJTIwMDEoNCkuY3J0MFYGCCsGAQUFBzAChkpodHRwOi8vY3JsMi5hbWUuZ2JsL2FpYS9CWTJQS0lJTlRDQTAxLkFNRS5HQkxfQU1FJTIwSU5GUkElMjBDQSUyMDAxKDQpLmNydDBWBggrBgEFBQcwAoZKaHR0cDovL2NybDMuYW1lLmdibC9haWEvQlkyUEtJSU5UQ0EwMS5BTUUuR0JMX0FNRSUyMElORlJBJTIwQ0ElMjAwMSg0KS5jcnQwVgYIKwYBBQUHMAKGSmh0dHA6Ly9jcmw0LmFtZS5nYmwvYWlhL0JZMlBLSUlOVENBMDEuQU1FLkdCTF9BTUUlMjBJTkZSQSUyMENBJTIwMDEoNCkuY3J0MB0GA1UdDgQWBBQpIRfJ6SPCR16Dy9sN1AQtQKjWNDAOBgNVHQ8BAf8EBAMCBaAwggE1BgNVHR8EggEsMIIBKDCCASSgggEgoIIBHIZCaHR0cDovL2NybC5taWNyb3NvZnQuY29tL3BraWluZnJhL0NSTC9BTUUlMjBJTkZSQSUyMENBJTIwMDEoNCkuY3JshjRodHRwOi8vY3JsMS5hbWUuZ2JsL2NybC9BTUUlMjBJTkZSQSUyMENBJTIwMDEoNCkuY3JshjRodHRwOi8vY3JsMi5hbWUuZ2JsL2NybC9BTUUlMjBJTkZSQSUyMENBJTIwMDEoNCkuY3JshjRodHRwOi8vY3JsMy5hbWUuZ2JsL2NybC9BTUUlMjBJTkZSQSUyMENBJTIwMDEoNCkuY3JshjRodHRwOi8vY3JsNC5hbWUuZ2JsL2NybC9BTUUlMjBJTkZSQSUyMENBJTIwMDEoNCkuY3JsMIGdBgNVHSAEgZUwgZIwDAYKKwYBBAGCN3sBATBmBgorBgEEAYI3ewICMFgwVgYIKwYBBQUHAgIwSh5IADMAMwBlADAAMQA5ADIAMQAtADQAZAA2ADQALQA0AGYAOABjAC0AYQAwADUANQAtADUAYgBkAGEAZgBmAGQANQBlADMAMwBkMAwGCisGAQQBgjd7AwIwDAYKKwYBBAGCN3sEAjAfBgNVHSMEGDAWgBTl2Ztn_PjsurvwwKidileIud8-YzAdBgNVHSUEFjAUBggrBgEFBQcDAQYIKwYBBQUHAwIwDQYJKoZIhvcNAQELBQADggEBACBpx57mqT5wt5VuFMhMv-QcXTs5QrWkz021CcXp44eWUSJBLP35O0JDRyA13V3zowD9Dkl6HKRosiwIhfUwb1VWxMZt1K97bfrlhekU_IFyRNImksBTl4Hg5mL7M4PQvDu_hNxb1NW9JnL8B4LEl-FVcKtOFC8R2wp_2vglSGujfVsEzQMXxCECc_j-T0saauGgdaItgRGQ-1JrKdhZ1FvHWU2eeab0zXatBPn7nyaNmU7DK2icP38PQp3g8yPPlpv1joUzz1GMBJXhtHRWCv93tVfT5q9DZQ-_S2H_1Y2raeucg8kUfGEvVuQ27w1bGi2QRDLtEtuNHgzpR3RB7os&s=H87s5wyZMImznGlWVFZhIYvyts3D_QjcoE-mgqajxBoeIMJw2PLs7JlpmKsivcPjCGVqD07aH9UAQvw9x2DeWzNTWzgsSRARrffoAEMEWirOj_3zIx2NRjDOHMJE_DfRdAkVaJCr2CyxQU3Cn0COhn_nWu1XUCiLGEiSl3rTtrl-HhU-ZgOVNj28P3LMZ8ERQeYLoM9D_IXdwXhgUCsSrW7JAjC_c4_ygxCJIWcgDnAE26J5wn78BE-w26xBgpqcdto9zc4Cx-h6rTz6SouGTcj0aGKfzjxTvO44MBqljzsJSvfoDv7o-Y0cZI5Zd5C6zqDL2qGl6jQtK1qygrYpxA&h=VuF_HTosV1tuZlcNAHHCr7MT2X7oQYHcBq_Tk5PcPbk
      cache-control:
      - no-cache
      content-length:
      - '94'
      content-type:
      - application/json; charset=utf-8
      date:
      - Fri, 16 May 2025 06:06:48 GMT
      expires:
      - '-1'
      location:
      - https://management.azure.com/subscriptions/00000000-0000-0000-0000-000000000000/providers/Microsoft.DBforPostgreSQL/locations/eastus/operationResults/e5afe1e1-ace0-4efe-b8a3-53780c4c68cd?api-version=2024-11-01-preview&t=638829724095988669&c=MIIHpTCCBo2gAwIBAgITOgWXBJzHWActAOyA9gAEBZcEnDANBgkqhkiG9w0BAQsFADBEMRMwEQYKCZImiZPyLGQBGRYDR0JMMRMwEQYKCZImiZPyLGQBGRYDQU1FMRgwFgYDVQQDEw9BTUUgSU5GUkEgQ0EgMDEwHhcNMjUwNDE4MDkxNjUyWhcNMjUxMDE1MDkxNjUyWjBAMT4wPAYDVQQDEzVhc3luY29wZXJhdGlvbnNpZ25pbmdjZXJ0aWZpY2F0ZS5tYW5hZ2VtZW50LmF6dXJlLmNvbTCCASIwDQYJKoZIhvcNAQEBBQADggEPADCCAQoCggEBALJ4tFzYjQAGXlMN4RVSj_Zp98bnnigeY99sbhZrAOQOjxR_04cAp0TrBwLXaA2b6MkNp3EWrqmwj8LAHlmiUmx_C5YeMG8WQUVkZMbfJNmAjSKJvmH2VO_H9OVOiiWemCFWlBXZMT6O1LsK-KI4EQtlTwXEv4-zXiqUQqjqHZQX6IJGxxcuw3R6KS00hFc9B4Ve9K9uvRk3OzuC_2evEuKFQfmIkhFu9gMtFnEBgp0E5Srek5Sh6WRO2V6wjcdtrFJ2dMStIbypiaJysxjNaLwTxBjKAJiyxkrxbuS0IPj2v4oOwkFSl9khCWu-ivje49N19yGiq_5BL-QYySfUPF0CAwEAAaOCBJIwggSOMCcGCSsGAQQBgjcVCgQaMBgwCgYIKwYBBQUHAwEwCgYIKwYBBQUHAwIwPQYJKwYBBAGCNxUHBDAwLgYmKwYBBAGCNxUIhpDjDYTVtHiE8Ys-hZvdFs6dEoFghfmRS4WsmTQCAWQCAQcwggHaBggrBgEFBQcBAQSCAcwwggHIMGYGCCsGAQUFBzAChlpodHRwOi8vY3JsLm1pY3Jvc29mdC5jb20vcGtpaW5mcmEvQ2VydHMvQlkyUEtJSU5UQ0EwMS5BTUUuR0JMX0FNRSUyMElORlJBJTIwQ0ElMjAwMSg0KS5jcnQwVgYIKwYBBQUHMAKGSmh0dHA6Ly9jcmwxLmFtZS5nYmwvYWlhL0JZMlBLSUlOVENBMDEuQU1FLkdCTF9BTUUlMjBJTkZSQSUyMENBJTIwMDEoNCkuY3J0MFYGCCsGAQUFBzAChkpodHRwOi8vY3JsMi5hbWUuZ2JsL2FpYS9CWTJQS0lJTlRDQTAxLkFNRS5HQkxfQU1FJTIwSU5GUkElMjBDQSUyMDAxKDQpLmNydDBWBggrBgEFBQcwAoZKaHR0cDovL2NybDMuYW1lLmdibC9haWEvQlkyUEtJSU5UQ0EwMS5BTUUuR0JMX0FNRSUyMElORlJBJTIwQ0ElMjAwMSg0KS5jcnQwVgYIKwYBBQUHMAKGSmh0dHA6Ly9jcmw0LmFtZS5nYmwvYWlhL0JZMlBLSUlOVENBMDEuQU1FLkdCTF9BTUUlMjBJTkZSQSUyMENBJTIwMDEoNCkuY3J0MB0GA1UdDgQWBBQpIRfJ6SPCR16Dy9sN1AQtQKjWNDAOBgNVHQ8BAf8EBAMCBaAwggE1BgNVHR8EggEsMIIBKDCCASSgggEgoIIBHIZCaHR0cDovL2NybC5taWNyb3NvZnQuY29tL3BraWluZnJhL0NSTC9BTUUlMjBJTkZSQSUyMENBJTIwMDEoNCkuY3JshjRodHRwOi8vY3JsMS5hbWUuZ2JsL2NybC9BTUUlMjBJTkZSQSUyMENBJTIwMDEoNCkuY3JshjRodHRwOi8vY3JsMi5hbWUuZ2JsL2NybC9BTUUlMjBJTkZSQSUyMENBJTIwMDEoNCkuY3JshjRodHRwOi8vY3JsMy5hbWUuZ2JsL2NybC9BTUUlMjBJTkZSQSUyMENBJTIwMDEoNCkuY3JshjRodHRwOi8vY3JsNC5hbWUuZ2JsL2NybC9BTUUlMjBJTkZSQSUyMENBJTIwMDEoNCkuY3JsMIGdBgNVHSAEgZUwgZIwDAYKKwYBBAGCN3sBATBmBgorBgEEAYI3ewICMFgwVgYIKwYBBQUHAgIwSh5IADMAMwBlADAAMQA5ADIAMQAtADQAZAA2ADQALQA0AGYAOABjAC0AYQAwADUANQAtADUAYgBkAGEAZgBmAGQANQBlADMAMwBkMAwGCisGAQQBgjd7AwIwDAYKKwYBBAGCN3sEAjAfBgNVHSMEGDAWgBTl2Ztn_PjsurvwwKidileIud8-YzAdBgNVHSUEFjAUBggrBgEFBQcDAQYIKwYBBQUHAwIwDQYJKoZIhvcNAQELBQADggEBACBpx57mqT5wt5VuFMhMv-QcXTs5QrWkz021CcXp44eWUSJBLP35O0JDRyA13V3zowD9Dkl6HKRosiwIhfUwb1VWxMZt1K97bfrlhekU_IFyRNImksBTl4Hg5mL7M4PQvDu_hNxb1NW9JnL8B4LEl-FVcKtOFC8R2wp_2vglSGujfVsEzQMXxCECc_j-T0saauGgdaItgRGQ-1JrKdhZ1FvHWU2eeab0zXatBPn7nyaNmU7DK2icP38PQp3g8yPPlpv1joUzz1GMBJXhtHRWCv93tVfT5q9DZQ-_S2H_1Y2raeucg8kUfGEvVuQ27w1bGi2QRDLtEtuNHgzpR3RB7os&s=dfjzDBVjdehL6NIcQjD2oX0HqcQ2-ozz25iN49LVZuXUgrh9hpyfxm_F6_AQC6NMSqTkAxLp61tPpouumDkS4h0iSzZHXbfzBZkWaOW37kuPm-jdYRrFSXilMRQBYlov6G3XiRjMAQ1iLHLXH0y0pVJxJCwMuoHGDwBYY0bRZ9UoMlXcvDi2beOpXQdt3Lh8mN9PfIQw0_ht3Y98CiHxvu17YCyzJOHs5dIzJAh2G11ZPmKXlcvynlR-2ON0oIV9fm24_oMcPmA493hXP4CrY5sJsc3RW0CRaiAe7g7Gn4HoQQLXvZ97TwXala_T_PnFP--pbmHhN2K-wymwo9R1DA&h=z-Qx0uQ0fK6TP4ZJm_LN25Eufk0wAUoJcgmxDuvp8FM
      pragma:
      - no-cache
      strict-transport-security:
      - max-age=31536000; includeSubDomains
      x-cache:
      - CONFIG_NOCACHE
      x-content-type-options:
      - nosniff
      x-ms-operation-identifier:
      - tenantId=54826b22-38d6-4fb2-bad9-b7b93a3e9c5a,objectId=d44a2991-98c6-47c3-b59b-2b30d72cfcc2/japaneast/208fc50a-de22-49bd-a745-30451355beef
      x-ms-ratelimit-remaining-subscription-global-writes:
      - '2999'
      x-ms-ratelimit-remaining-subscription-writes:
      - '199'
      x-msedge-ref:
      - 'Ref A: 20FB619451CB43DD901B5E656CA2140F Ref B: TYO201151006040 Ref C: 2025-05-16T06:06:48Z'
    status:
      code: 202
      message: Accepted
- request:
    body: null
    headers:
      Accept:
      - '*/*'
      Accept-Encoding:
      - gzip, deflate
      CommandName:
      - postgres flexible-server create
      Connection:
      - keep-alive
      ParameterSetName:
      - -g -n --backup-retention --sku-name --tier --storage-size -u --version --tags
        --database-name --high-availability --public-access
      User-Agent:
      - AZURECLI/2.72.0 azsdk-python-core/1.31.0 Python/3.10.11 (Windows-10-10.0.26100-SP0)
    method: GET
    uri: https://management.azure.com/subscriptions/00000000-0000-0000-0000-000000000000/providers/Microsoft.DBforPostgreSQL/locations/eastus/azureAsyncOperation/e5afe1e1-ace0-4efe-b8a3-53780c4c68cd?api-version=2024-11-01-preview&t=638829724095988669&c=MIIHpTCCBo2gAwIBAgITOgWXBJzHWActAOyA9gAEBZcEnDANBgkqhkiG9w0BAQsFADBEMRMwEQYKCZImiZPyLGQBGRYDR0JMMRMwEQYKCZImiZPyLGQBGRYDQU1FMRgwFgYDVQQDEw9BTUUgSU5GUkEgQ0EgMDEwHhcNMjUwNDE4MDkxNjUyWhcNMjUxMDE1MDkxNjUyWjBAMT4wPAYDVQQDEzVhc3luY29wZXJhdGlvbnNpZ25pbmdjZXJ0aWZpY2F0ZS5tYW5hZ2VtZW50LmF6dXJlLmNvbTCCASIwDQYJKoZIhvcNAQEBBQADggEPADCCAQoCggEBALJ4tFzYjQAGXlMN4RVSj_Zp98bnnigeY99sbhZrAOQOjxR_04cAp0TrBwLXaA2b6MkNp3EWrqmwj8LAHlmiUmx_C5YeMG8WQUVkZMbfJNmAjSKJvmH2VO_H9OVOiiWemCFWlBXZMT6O1LsK-KI4EQtlTwXEv4-zXiqUQqjqHZQX6IJGxxcuw3R6KS00hFc9B4Ve9K9uvRk3OzuC_2evEuKFQfmIkhFu9gMtFnEBgp0E5Srek5Sh6WRO2V6wjcdtrFJ2dMStIbypiaJysxjNaLwTxBjKAJiyxkrxbuS0IPj2v4oOwkFSl9khCWu-ivje49N19yGiq_5BL-QYySfUPF0CAwEAAaOCBJIwggSOMCcGCSsGAQQBgjcVCgQaMBgwCgYIKwYBBQUHAwEwCgYIKwYBBQUHAwIwPQYJKwYBBAGCNxUHBDAwLgYmKwYBBAGCNxUIhpDjDYTVtHiE8Ys-hZvdFs6dEoFghfmRS4WsmTQCAWQCAQcwggHaBggrBgEFBQcBAQSCAcwwggHIMGYGCCsGAQUFBzAChlpodHRwOi8vY3JsLm1pY3Jvc29mdC5jb20vcGtpaW5mcmEvQ2VydHMvQlkyUEtJSU5UQ0EwMS5BTUUuR0JMX0FNRSUyMElORlJBJTIwQ0ElMjAwMSg0KS5jcnQwVgYIKwYBBQUHMAKGSmh0dHA6Ly9jcmwxLmFtZS5nYmwvYWlhL0JZMlBLSUlOVENBMDEuQU1FLkdCTF9BTUUlMjBJTkZSQSUyMENBJTIwMDEoNCkuY3J0MFYGCCsGAQUFBzAChkpodHRwOi8vY3JsMi5hbWUuZ2JsL2FpYS9CWTJQS0lJTlRDQTAxLkFNRS5HQkxfQU1FJTIwSU5GUkElMjBDQSUyMDAxKDQpLmNydDBWBggrBgEFBQcwAoZKaHR0cDovL2NybDMuYW1lLmdibC9haWEvQlkyUEtJSU5UQ0EwMS5BTUUuR0JMX0FNRSUyMElORlJBJTIwQ0ElMjAwMSg0KS5jcnQwVgYIKwYBBQUHMAKGSmh0dHA6Ly9jcmw0LmFtZS5nYmwvYWlhL0JZMlBLSUlOVENBMDEuQU1FLkdCTF9BTUUlMjBJTkZSQSUyMENBJTIwMDEoNCkuY3J0MB0GA1UdDgQWBBQpIRfJ6SPCR16Dy9sN1AQtQKjWNDAOBgNVHQ8BAf8EBAMCBaAwggE1BgNVHR8EggEsMIIBKDCCASSgggEgoIIBHIZCaHR0cDovL2NybC5taWNyb3NvZnQuY29tL3BraWluZnJhL0NSTC9BTUUlMjBJTkZSQSUyMENBJTIwMDEoNCkuY3JshjRodHRwOi8vY3JsMS5hbWUuZ2JsL2NybC9BTUUlMjBJTkZSQSUyMENBJTIwMDEoNCkuY3JshjRodHRwOi8vY3JsMi5hbWUuZ2JsL2NybC9BTUUlMjBJTkZSQSUyMENBJTIwMDEoNCkuY3JshjRodHRwOi8vY3JsMy5hbWUuZ2JsL2NybC9BTUUlMjBJTkZSQSUyMENBJTIwMDEoNCkuY3JshjRodHRwOi8vY3JsNC5hbWUuZ2JsL2NybC9BTUUlMjBJTkZSQSUyMENBJTIwMDEoNCkuY3JsMIGdBgNVHSAEgZUwgZIwDAYKKwYBBAGCN3sBATBmBgorBgEEAYI3ewICMFgwVgYIKwYBBQUHAgIwSh5IADMAMwBlADAAMQA5ADIAMQAtADQAZAA2ADQALQA0AGYAOABjAC0AYQAwADUANQAtADUAYgBkAGEAZgBmAGQANQBlADMAMwBkMAwGCisGAQQBgjd7AwIwDAYKKwYBBAGCN3sEAjAfBgNVHSMEGDAWgBTl2Ztn_PjsurvwwKidileIud8-YzAdBgNVHSUEFjAUBggrBgEFBQcDAQYIKwYBBQUHAwIwDQYJKoZIhvcNAQELBQADggEBACBpx57mqT5wt5VuFMhMv-QcXTs5QrWkz021CcXp44eWUSJBLP35O0JDRyA13V3zowD9Dkl6HKRosiwIhfUwb1VWxMZt1K97bfrlhekU_IFyRNImksBTl4Hg5mL7M4PQvDu_hNxb1NW9JnL8B4LEl-FVcKtOFC8R2wp_2vglSGujfVsEzQMXxCECc_j-T0saauGgdaItgRGQ-1JrKdhZ1FvHWU2eeab0zXatBPn7nyaNmU7DK2icP38PQp3g8yPPlpv1joUzz1GMBJXhtHRWCv93tVfT5q9DZQ-_S2H_1Y2raeucg8kUfGEvVuQ27w1bGi2QRDLtEtuNHgzpR3RB7os&s=H87s5wyZMImznGlWVFZhIYvyts3D_QjcoE-mgqajxBoeIMJw2PLs7JlpmKsivcPjCGVqD07aH9UAQvw9x2DeWzNTWzgsSRARrffoAEMEWirOj_3zIx2NRjDOHMJE_DfRdAkVaJCr2CyxQU3Cn0COhn_nWu1XUCiLGEiSl3rTtrl-HhU-ZgOVNj28P3LMZ8ERQeYLoM9D_IXdwXhgUCsSrW7JAjC_c4_ygxCJIWcgDnAE26J5wn78BE-w26xBgpqcdto9zc4Cx-h6rTz6SouGTcj0aGKfzjxTvO44MBqljzsJSvfoDv7o-Y0cZI5Zd5C6zqDL2qGl6jQtK1qygrYpxA&h=VuF_HTosV1tuZlcNAHHCr7MT2X7oQYHcBq_Tk5PcPbk
  response:
    body:
      string: '{"name":"e5afe1e1-ace0-4efe-b8a3-53780c4c68cd","status":"InProgress","startTime":"2025-05-16T06:06:49.457Z"}'
    headers:
      cache-control:
      - no-cache
      content-length:
      - '108'
      content-type:
      - application/json; charset=utf-8
      date:
      - Fri, 16 May 2025 06:06:49 GMT
      expires:
      - '-1'
      pragma:
      - no-cache
      strict-transport-security:
      - max-age=31536000; includeSubDomains
      x-cache:
      - CONFIG_NOCACHE
      x-content-type-options:
      - nosniff
      x-ms-operation-identifier:
      - tenantId=54826b22-38d6-4fb2-bad9-b7b93a3e9c5a,objectId=d44a2991-98c6-47c3-b59b-2b30d72cfcc2/japaneast/5808d74c-007d-4d91-86a9-6720d62fc720
      x-ms-ratelimit-remaining-subscription-global-reads:
      - '3749'
      x-msedge-ref:
      - 'Ref A: BF3150F9BE174B7C8CD9F1726B3A66BA Ref B: TYO201151006040 Ref C: 2025-05-16T06:06:49Z'
    status:
      code: 200
      message: OK
- request:
    body: null
    headers:
      Accept:
      - '*/*'
      Accept-Encoding:
      - gzip, deflate
      CommandName:
      - postgres flexible-server create
      Connection:
      - keep-alive
      ParameterSetName:
      - -g -n --backup-retention --sku-name --tier --storage-size -u --version --tags
        --database-name --high-availability --public-access
      User-Agent:
      - AZURECLI/2.72.0 azsdk-python-core/1.31.0 Python/3.10.11 (Windows-10-10.0.26100-SP0)
    method: GET
    uri: https://management.azure.com/subscriptions/00000000-0000-0000-0000-000000000000/providers/Microsoft.DBforPostgreSQL/locations/eastus/azureAsyncOperation/e5afe1e1-ace0-4efe-b8a3-53780c4c68cd?api-version=2024-11-01-preview&t=638829724095988669&c=MIIHpTCCBo2gAwIBAgITOgWXBJzHWActAOyA9gAEBZcEnDANBgkqhkiG9w0BAQsFADBEMRMwEQYKCZImiZPyLGQBGRYDR0JMMRMwEQYKCZImiZPyLGQBGRYDQU1FMRgwFgYDVQQDEw9BTUUgSU5GUkEgQ0EgMDEwHhcNMjUwNDE4MDkxNjUyWhcNMjUxMDE1MDkxNjUyWjBAMT4wPAYDVQQDEzVhc3luY29wZXJhdGlvbnNpZ25pbmdjZXJ0aWZpY2F0ZS5tYW5hZ2VtZW50LmF6dXJlLmNvbTCCASIwDQYJKoZIhvcNAQEBBQADggEPADCCAQoCggEBALJ4tFzYjQAGXlMN4RVSj_Zp98bnnigeY99sbhZrAOQOjxR_04cAp0TrBwLXaA2b6MkNp3EWrqmwj8LAHlmiUmx_C5YeMG8WQUVkZMbfJNmAjSKJvmH2VO_H9OVOiiWemCFWlBXZMT6O1LsK-KI4EQtlTwXEv4-zXiqUQqjqHZQX6IJGxxcuw3R6KS00hFc9B4Ve9K9uvRk3OzuC_2evEuKFQfmIkhFu9gMtFnEBgp0E5Srek5Sh6WRO2V6wjcdtrFJ2dMStIbypiaJysxjNaLwTxBjKAJiyxkrxbuS0IPj2v4oOwkFSl9khCWu-ivje49N19yGiq_5BL-QYySfUPF0CAwEAAaOCBJIwggSOMCcGCSsGAQQBgjcVCgQaMBgwCgYIKwYBBQUHAwEwCgYIKwYBBQUHAwIwPQYJKwYBBAGCNxUHBDAwLgYmKwYBBAGCNxUIhpDjDYTVtHiE8Ys-hZvdFs6dEoFghfmRS4WsmTQCAWQCAQcwggHaBggrBgEFBQcBAQSCAcwwggHIMGYGCCsGAQUFBzAChlpodHRwOi8vY3JsLm1pY3Jvc29mdC5jb20vcGtpaW5mcmEvQ2VydHMvQlkyUEtJSU5UQ0EwMS5BTUUuR0JMX0FNRSUyMElORlJBJTIwQ0ElMjAwMSg0KS5jcnQwVgYIKwYBBQUHMAKGSmh0dHA6Ly9jcmwxLmFtZS5nYmwvYWlhL0JZMlBLSUlOVENBMDEuQU1FLkdCTF9BTUUlMjBJTkZSQSUyMENBJTIwMDEoNCkuY3J0MFYGCCsGAQUFBzAChkpodHRwOi8vY3JsMi5hbWUuZ2JsL2FpYS9CWTJQS0lJTlRDQTAxLkFNRS5HQkxfQU1FJTIwSU5GUkElMjBDQSUyMDAxKDQpLmNydDBWBggrBgEFBQcwAoZKaHR0cDovL2NybDMuYW1lLmdibC9haWEvQlkyUEtJSU5UQ0EwMS5BTUUuR0JMX0FNRSUyMElORlJBJTIwQ0ElMjAwMSg0KS5jcnQwVgYIKwYBBQUHMAKGSmh0dHA6Ly9jcmw0LmFtZS5nYmwvYWlhL0JZMlBLSUlOVENBMDEuQU1FLkdCTF9BTUUlMjBJTkZSQSUyMENBJTIwMDEoNCkuY3J0MB0GA1UdDgQWBBQpIRfJ6SPCR16Dy9sN1AQtQKjWNDAOBgNVHQ8BAf8EBAMCBaAwggE1BgNVHR8EggEsMIIBKDCCASSgggEgoIIBHIZCaHR0cDovL2NybC5taWNyb3NvZnQuY29tL3BraWluZnJhL0NSTC9BTUUlMjBJTkZSQSUyMENBJTIwMDEoNCkuY3JshjRodHRwOi8vY3JsMS5hbWUuZ2JsL2NybC9BTUUlMjBJTkZSQSUyMENBJTIwMDEoNCkuY3JshjRodHRwOi8vY3JsMi5hbWUuZ2JsL2NybC9BTUUlMjBJTkZSQSUyMENBJTIwMDEoNCkuY3JshjRodHRwOi8vY3JsMy5hbWUuZ2JsL2NybC9BTUUlMjBJTkZSQSUyMENBJTIwMDEoNCkuY3JshjRodHRwOi8vY3JsNC5hbWUuZ2JsL2NybC9BTUUlMjBJTkZSQSUyMENBJTIwMDEoNCkuY3JsMIGdBgNVHSAEgZUwgZIwDAYKKwYBBAGCN3sBATBmBgorBgEEAYI3ewICMFgwVgYIKwYBBQUHAgIwSh5IADMAMwBlADAAMQA5ADIAMQAtADQAZAA2ADQALQA0AGYAOABjAC0AYQAwADUANQAtADUAYgBkAGEAZgBmAGQANQBlADMAMwBkMAwGCisGAQQBgjd7AwIwDAYKKwYBBAGCN3sEAjAfBgNVHSMEGDAWgBTl2Ztn_PjsurvwwKidileIud8-YzAdBgNVHSUEFjAUBggrBgEFBQcDAQYIKwYBBQUHAwIwDQYJKoZIhvcNAQELBQADggEBACBpx57mqT5wt5VuFMhMv-QcXTs5QrWkz021CcXp44eWUSJBLP35O0JDRyA13V3zowD9Dkl6HKRosiwIhfUwb1VWxMZt1K97bfrlhekU_IFyRNImksBTl4Hg5mL7M4PQvDu_hNxb1NW9JnL8B4LEl-FVcKtOFC8R2wp_2vglSGujfVsEzQMXxCECc_j-T0saauGgdaItgRGQ-1JrKdhZ1FvHWU2eeab0zXatBPn7nyaNmU7DK2icP38PQp3g8yPPlpv1joUzz1GMBJXhtHRWCv93tVfT5q9DZQ-_S2H_1Y2raeucg8kUfGEvVuQ27w1bGi2QRDLtEtuNHgzpR3RB7os&s=H87s5wyZMImznGlWVFZhIYvyts3D_QjcoE-mgqajxBoeIMJw2PLs7JlpmKsivcPjCGVqD07aH9UAQvw9x2DeWzNTWzgsSRARrffoAEMEWirOj_3zIx2NRjDOHMJE_DfRdAkVaJCr2CyxQU3Cn0COhn_nWu1XUCiLGEiSl3rTtrl-HhU-ZgOVNj28P3LMZ8ERQeYLoM9D_IXdwXhgUCsSrW7JAjC_c4_ygxCJIWcgDnAE26J5wn78BE-w26xBgpqcdto9zc4Cx-h6rTz6SouGTcj0aGKfzjxTvO44MBqljzsJSvfoDv7o-Y0cZI5Zd5C6zqDL2qGl6jQtK1qygrYpxA&h=VuF_HTosV1tuZlcNAHHCr7MT2X7oQYHcBq_Tk5PcPbk
  response:
    body:
      string: '{"name":"e5afe1e1-ace0-4efe-b8a3-53780c4c68cd","status":"Succeeded","startTime":"2025-05-16T06:06:49.457Z"}'
    headers:
      cache-control:
      - no-cache
      content-length:
      - '107'
      content-type:
      - application/json; charset=utf-8
      date:
      - Fri, 16 May 2025 06:07:01 GMT
      expires:
      - '-1'
      pragma:
      - no-cache
      strict-transport-security:
      - max-age=31536000; includeSubDomains
      x-cache:
      - CONFIG_NOCACHE
      x-content-type-options:
      - nosniff
      x-ms-operation-identifier:
      - tenantId=54826b22-38d6-4fb2-bad9-b7b93a3e9c5a,objectId=d44a2991-98c6-47c3-b59b-2b30d72cfcc2/japaneast/ef0cc30b-6a84-41e3-8e36-05dd8c934d9a
      x-ms-ratelimit-remaining-subscription-global-reads:
      - '3749'
      x-msedge-ref:
      - 'Ref A: 2FC638112E1A4270B62BA904F8CAFD09 Ref B: TYO201151006040 Ref C: 2025-05-16T06:07:01Z'
    status:
      code: 200
      message: OK
- request:
    body: null
    headers:
      Accept:
      - '*/*'
      Accept-Encoding:
      - gzip, deflate
      CommandName:
      - postgres flexible-server create
      Connection:
      - keep-alive
      ParameterSetName:
      - -g -n --backup-retention --sku-name --tier --storage-size -u --version --tags
        --database-name --high-availability --public-access
      User-Agent:
      - AZURECLI/2.72.0 azsdk-python-core/1.31.0 Python/3.10.11 (Windows-10-10.0.26100-SP0)
    method: GET
    uri: https://management.azure.com/subscriptions/00000000-0000-0000-0000-000000000000/resourceGroups/random_rg000004/providers/Microsoft.DBforPostgreSQL/flexibleServers/azuredbclitest-000002/databases/testdb?api-version=2024-11-01-preview
  response:
    body:
      string: '{"properties":{"charset":"UTF8","collation":"en_US.utf8"},"id":"/subscriptions/00000000-0000-0000-0000-000000000000/resourceGroups/random_rg000004/providers/Microsoft.DBforPostgreSQL/flexibleServers/azuredbclitest-000002/databases/testdb","name":"testdb","type":"Microsoft.DBforPostgreSQL/flexibleServers/databases"}'
    headers:
      cache-control:
      - no-cache
      content-length:
      - '316'
      content-type:
      - application/json; charset=utf-8
      date:
      - Fri, 16 May 2025 06:07:02 GMT
      expires:
      - '-1'
      pragma:
      - no-cache
      strict-transport-security:
      - max-age=31536000; includeSubDomains
      x-cache:
      - CONFIG_NOCACHE
      x-content-type-options:
      - nosniff
      x-ms-operation-identifier:
      - tenantId=54826b22-38d6-4fb2-bad9-b7b93a3e9c5a,objectId=d44a2991-98c6-47c3-b59b-2b30d72cfcc2/japaneast/5efc39e1-e9f3-44dc-9ee9-3854edcd7272
      x-ms-ratelimit-remaining-subscription-global-reads:
      - '3749'
      x-msedge-ref:
      - 'Ref A: D6DDBB7A7CDA46098A25032268E95275 Ref B: TYO201151006040 Ref C: 2025-05-16T06:07:01Z'
    status:
      code: 200
      message: OK
version: 1
