interactions:
- request:
    body: '{"sku": {"name": "GP_Gen5_2"}, "properties": {"storageProfile": {"storageAutogrow":
      "Enabled"}, "createMode": "Default", "administratorLogin": "cloudsa", "administratorLoginPassword":
      "SecretPassword123"}, "location": "westus"}'
    headers:
      Accept:
      - application/json
      Accept-Encoding:
      - gzip, deflate
      CommandName:
      - postgres server create
      Connection:
      - keep-alive
      Content-Length:
      - '227'
      Content-Type:
      - application/json; charset=utf-8
      ParameterSetName:
      - -g --name -l --admin-user --admin-password --sku-name
      User-Agent:
      - python/3.7.7 (Windows-10-10.0.19041-SP0) msrest/0.6.19 msrest_azure/0.6.4
        azure-mgmt-rdbms/2017-12-01 Azure-SDK-For-Python AZURECLI/2.10.1
      accept-language:
      - en-US
    method: PUT
    uri: https://management.azure.com/subscriptions/00000000-0000-0000-0000-000000000000/resourceGroups/clitest.rg000001/providers/Microsoft.DBForPostgreSQL/servers/azuredbclitest000003?api-version=2017-12-01
  response:
    body:
      string: '{"operation":"UpsertElasticServer","startTime":"2020-09-15T08:06:57.547Z"}'
    headers:
      azure-asyncoperation:
      - https://management.azure.com/subscriptions/00000000-0000-0000-0000-000000000000/providers/Microsoft.DBforPostgreSQL/locations/westus/azureAsyncOperation/18833baa-8253-4cfe-bd8f-f96869e48f77?api-version=2017-12-01
      cache-control:
      - no-cache
      content-length:
      - '74'
      content-type:
      - application/json; charset=utf-8
      date:
      - Tue, 15 Sep 2020 08:06:57 GMT
      expires:
      - '-1'
      location:
      - https://management.azure.com/subscriptions/00000000-0000-0000-0000-000000000000/providers/Microsoft.DBforPostgreSQL/locations/westus/operationResults/18833baa-8253-4cfe-bd8f-f96869e48f77?api-version=2017-12-01
      pragma:
      - no-cache
      server:
      - Microsoft-HTTPAPI/2.0
      strict-transport-security:
      - max-age=31536000; includeSubDomains
      x-content-type-options:
      - nosniff
      x-ms-ratelimit-remaining-subscription-writes:
      - '1199'
    status:
      code: 202
      message: Accepted
- request:
    body: null
    headers:
      Accept:
      - application/json
      Accept-Encoding:
      - gzip, deflate
      CommandName:
      - postgres server create
      Connection:
      - keep-alive
      ParameterSetName:
      - -g --name -l --admin-user --admin-password --sku-name
      User-Agent:
      - python/3.7.7 (Windows-10-10.0.19041-SP0) msrest/0.6.19 msrest_azure/0.6.4
        azure-mgmt-rdbms/2017-12-01 Azure-SDK-For-Python AZURECLI/2.10.1
    method: GET
    uri: https://management.azure.com/subscriptions/00000000-0000-0000-0000-000000000000/providers/Microsoft.DBforPostgreSQL/locations/westus/azureAsyncOperation/18833baa-8253-4cfe-bd8f-f96869e48f77?api-version=2017-12-01
  response:
    body:
      string: '{"name":"18833baa-8253-4cfe-bd8f-f96869e48f77","status":"InProgress","startTime":"2020-09-15T08:06:57.547Z"}'
    headers:
      cache-control:
      - no-cache
      content-length:
      - '108'
      content-type:
      - application/json; charset=utf-8
      date:
      - Tue, 15 Sep 2020 08:07:58 GMT
      expires:
      - '-1'
      pragma:
      - no-cache
      server:
      - Microsoft-HTTPAPI/2.0
      strict-transport-security:
      - max-age=31536000; includeSubDomains
      transfer-encoding:
      - chunked
      vary:
      - Accept-Encoding
      x-content-type-options:
      - nosniff
    status:
      code: 200
      message: OK
- request:
    body: null
    headers:
      Accept:
      - application/json
      Accept-Encoding:
      - gzip, deflate
      CommandName:
      - postgres server create
      Connection:
      - keep-alive
      ParameterSetName:
      - -g --name -l --admin-user --admin-password --sku-name
      User-Agent:
      - python/3.7.7 (Windows-10-10.0.19041-SP0) msrest/0.6.19 msrest_azure/0.6.4
        azure-mgmt-rdbms/2017-12-01 Azure-SDK-For-Python AZURECLI/2.10.1
    method: GET
    uri: https://management.azure.com/subscriptions/00000000-0000-0000-0000-000000000000/providers/Microsoft.DBforPostgreSQL/locations/westus/azureAsyncOperation/18833baa-8253-4cfe-bd8f-f96869e48f77?api-version=2017-12-01
  response:
    body:
      string: '{"name":"18833baa-8253-4cfe-bd8f-f96869e48f77","status":"Succeeded","startTime":"2020-09-15T08:06:57.547Z"}'
    headers:
      cache-control:
      - no-cache
      content-length:
      - '107'
      content-type:
      - application/json; charset=utf-8
      date:
      - Tue, 15 Sep 2020 08:08:58 GMT
      expires:
      - '-1'
      pragma:
      - no-cache
      server:
      - Microsoft-HTTPAPI/2.0
      strict-transport-security:
      - max-age=31536000; includeSubDomains
      transfer-encoding:
      - chunked
      vary:
      - Accept-Encoding
      x-content-type-options:
      - nosniff
    status:
      code: 200
      message: OK
- request:
    body: null
    headers:
      Accept:
      - application/json
      Accept-Encoding:
      - gzip, deflate
      CommandName:
      - postgres server create
      Connection:
      - keep-alive
      ParameterSetName:
      - -g --name -l --admin-user --admin-password --sku-name
      User-Agent:
      - python/3.7.7 (Windows-10-10.0.19041-SP0) msrest/0.6.19 msrest_azure/0.6.4
        azure-mgmt-rdbms/2017-12-01 Azure-SDK-For-Python AZURECLI/2.10.1
    method: GET
    uri: https://management.azure.com/subscriptions/00000000-0000-0000-0000-000000000000/resourceGroups/clitest.rg000001/providers/Microsoft.DBForPostgreSQL/servers/azuredbclitest000003?api-version=2017-12-01
  response:
    body:
      string: '{"sku":{"name":"GP_Gen5_2","tier":"GeneralPurpose","family":"Gen5","capacity":2},"properties":{"administratorLogin":"cloudsa","storageProfile":{"storageMB":5120,"backupRetentionDays":7,"geoRedundantBackup":"Disabled","storageAutogrow":"Enabled"},"version":"9.6","sslEnforcement":"Enabled","minimalTlsVersion":"TLSEnforcementDisabled","userVisibleState":"Ready","fullyQualifiedDomainName":"azuredbclitest000003.postgres.database.azure.com","earliestRestoreDate":"2020-09-15T08:16:57.86+00:00","replicationRole":"None","masterServerId":"","replicaCapacity":5,"byokEnforcement":"Disabled","privateEndpointConnections":[],"infrastructureEncryption":"Disabled","publicNetworkAccess":"Enabled"},"location":"westus","id":"/subscriptions/00000000-0000-0000-0000-000000000000/resourceGroups/clitest.rg000001/providers/Microsoft.DBforPostgreSQL/servers/azuredbclitest000003","name":"azuredbclitest000003","type":"Microsoft.DBforPostgreSQL/servers"}'
    headers:
      cache-control:
      - no-cache
      content-length:
      - '1033'
      content-type:
      - application/json; charset=utf-8
      date:
      - Tue, 15 Sep 2020 08:08:59 GMT
      expires:
      - '-1'
      pragma:
      - no-cache
      server:
      - Microsoft-HTTPAPI/2.0
      strict-transport-security:
      - max-age=31536000; includeSubDomains
      transfer-encoding:
      - chunked
      vary:
      - Accept-Encoding
      x-content-type-options:
      - nosniff
    status:
      code: 200
      message: OK
- request:
    body: '{"properties": {"value": "REPLICA"}}'
    headers:
      Accept:
      - application/json
      Accept-Encoding:
      - gzip, deflate
      CommandName:
      - postgres server configuration set
      Connection:
      - keep-alive
      Content-Length:
      - '36'
      Content-Type:
      - application/json; charset=utf-8
      ParameterSetName:
      - -g -s -n --value
      User-Agent:
      - python/3.7.7 (Windows-10-10.0.19041-SP0) msrest/0.6.19 msrest_azure/0.6.4
        azure-mgmt-rdbms/2017-12-01 Azure-SDK-For-Python AZURECLI/2.10.1
      accept-language:
      - en-US
    method: PUT
    uri: https://management.azure.com/subscriptions/00000000-0000-0000-0000-000000000000/resourceGroups/clitest.rg000001/providers/Microsoft.DBForPostgreSQL/servers/azuredbclitest000003/configurations/azure.replication_support?api-version=2017-12-01
  response:
    body:
      string: '{"operation":"UpdateElasticServerConfig","startTime":"2020-09-15T08:09:00.46Z"}'
    headers:
      azure-asyncoperation:
      - https://management.azure.com/subscriptions/00000000-0000-0000-0000-000000000000/providers/Microsoft.DBforPostgreSQL/locations/westus/azureAsyncOperation/2bfd268f-8483-4f1f-900c-1dffe6a4c43f?api-version=2017-12-01
      cache-control:
      - no-cache
      content-length:
      - '79'
      content-type:
      - application/json; charset=utf-8
      date:
      - Tue, 15 Sep 2020 08:09:00 GMT
      expires:
      - '-1'
      location:
      - https://management.azure.com/subscriptions/00000000-0000-0000-0000-000000000000/providers/Microsoft.DBforPostgreSQL/locations/westus/operationResults/2bfd268f-8483-4f1f-900c-1dffe6a4c43f?api-version=2017-12-01
      pragma:
      - no-cache
      server:
      - Microsoft-HTTPAPI/2.0
      strict-transport-security:
      - max-age=31536000; includeSubDomains
      x-content-type-options:
      - nosniff
      x-ms-ratelimit-remaining-subscription-writes:
      - '1199'
    status:
      code: 202
      message: Accepted
- request:
    body: null
    headers:
      Accept:
      - application/json
      Accept-Encoding:
      - gzip, deflate
      CommandName:
      - postgres server configuration set
      Connection:
      - keep-alive
      ParameterSetName:
      - -g -s -n --value
      User-Agent:
      - python/3.7.7 (Windows-10-10.0.19041-SP0) msrest/0.6.19 msrest_azure/0.6.4
        azure-mgmt-rdbms/2017-12-01 Azure-SDK-For-Python AZURECLI/2.10.1
    method: GET
    uri: https://management.azure.com/subscriptions/00000000-0000-0000-0000-000000000000/providers/Microsoft.DBforPostgreSQL/locations/westus/azureAsyncOperation/2bfd268f-8483-4f1f-900c-1dffe6a4c43f?api-version=2017-12-01
  response:
    body:
      string: '{"name":"2bfd268f-8483-4f1f-900c-1dffe6a4c43f","status":"Succeeded","startTime":"2020-09-15T08:09:00.46Z"}'
    headers:
      cache-control:
      - no-cache
      content-length:
      - '106'
      content-type:
      - application/json; charset=utf-8
      date:
      - Tue, 15 Sep 2020 08:09:15 GMT
      expires:
      - '-1'
      pragma:
      - no-cache
      server:
      - Microsoft-HTTPAPI/2.0
      strict-transport-security:
      - max-age=31536000; includeSubDomains
      transfer-encoding:
      - chunked
      vary:
      - Accept-Encoding
      x-content-type-options:
      - nosniff
    status:
      code: 200
      message: OK
- request:
    body: null
    headers:
      Accept:
      - application/json
      Accept-Encoding:
      - gzip, deflate
      CommandName:
      - postgres server configuration set
      Connection:
      - keep-alive
      ParameterSetName:
      - -g -s -n --value
      User-Agent:
      - python/3.7.7 (Windows-10-10.0.19041-SP0) msrest/0.6.19 msrest_azure/0.6.4
        azure-mgmt-rdbms/2017-12-01 Azure-SDK-For-Python AZURECLI/2.10.1
    method: GET
    uri: https://management.azure.com/subscriptions/00000000-0000-0000-0000-000000000000/resourceGroups/clitest.rg000001/providers/Microsoft.DBForPostgreSQL/servers/azuredbclitest000003/configurations/azure.replication_support?api-version=2017-12-01
  response:
    body:
      string: '{"properties":{"value":"REPLICA","description":"Sets the level of replication
        support (Read Replicas). Any change requires restarting the server to take
        effect.","defaultValue":"OFF","dataType":"Enumeration","allowedValues":"OFF,REPLICA,LOGICAL","source":"user-override","isConfigPendingRestart":"False","isDynamicConfig":"False"},"id":"/subscriptions/00000000-0000-0000-0000-000000000000/resourceGroups/clitest.rg000001/providers/Microsoft.DBforPostgreSQL/servers/azuredbclitest000003/configurations/azure.replication_support","name":"azure.replication_support","type":"Microsoft.DBforPostgreSQL/servers/configurations"}'
    headers:
      cache-control:
      - no-cache
      content-length:
      - '692'
      content-type:
      - application/json; charset=utf-8
      date:
      - Tue, 15 Sep 2020 08:09:15 GMT
      expires:
      - '-1'
      pragma:
      - no-cache
      server:
      - Microsoft-HTTPAPI/2.0
      strict-transport-security:
      - max-age=31536000; includeSubDomains
      transfer-encoding:
      - chunked
      vary:
      - Accept-Encoding
      x-content-type-options:
      - nosniff
    status:
      code: 200
      message: OK
- request:
    body: null
    headers:
      Accept:
      - application/json
      Accept-Encoding:
      - gzip, deflate
      CommandName:
      - postgres server restart
      Connection:
      - keep-alive
      Content-Length:
      - '0'
      ParameterSetName:
      - -g --name
      User-Agent:
      - python/3.7.7 (Windows-10-10.0.19041-SP0) msrest/0.6.19 msrest_azure/0.6.4
        azure-mgmt-rdbms/2017-12-01 Azure-SDK-For-Python AZURECLI/2.10.1
      accept-language:
      - en-US
    method: POST
    uri: https://management.azure.com/subscriptions/00000000-0000-0000-0000-000000000000/resourceGroups/clitest.rg000001/providers/Microsoft.DBForPostgreSQL/servers/azuredbclitest000003/restart?api-version=2017-12-01
  response:
    body:
      string: '{"operation":"RestartElasticServer","startTime":"2020-09-15T08:09:17.203Z"}'
    headers:
      azure-asyncoperation:
      - https://management.azure.com/subscriptions/00000000-0000-0000-0000-000000000000/providers/Microsoft.DBforPostgreSQL/locations/westus/azureAsyncOperation/3214e619-e93c-43ca-b93f-dbfef5644daf?api-version=2017-12-01
      cache-control:
      - no-cache
      content-length:
      - '75'
      content-type:
      - application/json; charset=utf-8
      date:
      - Tue, 15 Sep 2020 08:09:16 GMT
      expires:
      - '-1'
      location:
      - https://management.azure.com/subscriptions/00000000-0000-0000-0000-000000000000/providers/Microsoft.DBforPostgreSQL/locations/westus/operationResults/3214e619-e93c-43ca-b93f-dbfef5644daf?api-version=2017-12-01
      pragma:
      - no-cache
      server:
      - Microsoft-HTTPAPI/2.0
      strict-transport-security:
      - max-age=31536000; includeSubDomains
      x-content-type-options:
      - nosniff
      x-ms-ratelimit-remaining-subscription-writes:
      - '1199'
    status:
      code: 202
      message: Accepted
- request:
    body: null
    headers:
      Accept:
      - application/json
      Accept-Encoding:
      - gzip, deflate
      CommandName:
      - postgres server restart
      Connection:
      - keep-alive
      ParameterSetName:
      - -g --name
      User-Agent:
      - python/3.7.7 (Windows-10-10.0.19041-SP0) msrest/0.6.19 msrest_azure/0.6.4
        azure-mgmt-rdbms/2017-12-01 Azure-SDK-For-Python AZURECLI/2.10.1
    method: GET
    uri: https://management.azure.com/subscriptions/00000000-0000-0000-0000-000000000000/providers/Microsoft.DBforPostgreSQL/locations/westus/azureAsyncOperation/3214e619-e93c-43ca-b93f-dbfef5644daf?api-version=2017-12-01
  response:
    body:
      string: '{"name":"3214e619-e93c-43ca-b93f-dbfef5644daf","status":"InProgress","startTime":"2020-09-15T08:09:17.203Z"}'
    headers:
      cache-control:
      - no-cache
      content-length:
      - '108'
      content-type:
      - application/json; charset=utf-8
      date:
      - Tue, 15 Sep 2020 08:09:31 GMT
      expires:
      - '-1'
      pragma:
      - no-cache
      server:
      - Microsoft-HTTPAPI/2.0
      strict-transport-security:
      - max-age=31536000; includeSubDomains
      transfer-encoding:
      - chunked
      vary:
      - Accept-Encoding
      x-content-type-options:
      - nosniff
    status:
      code: 200
      message: OK
- request:
    body: null
    headers:
      Accept:
      - application/json
      Accept-Encoding:
      - gzip, deflate
      CommandName:
      - postgres server restart
      Connection:
      - keep-alive
      ParameterSetName:
      - -g --name
      User-Agent:
      - python/3.7.7 (Windows-10-10.0.19041-SP0) msrest/0.6.19 msrest_azure/0.6.4
        azure-mgmt-rdbms/2017-12-01 Azure-SDK-For-Python AZURECLI/2.10.1
    method: GET
    uri: https://management.azure.com/subscriptions/00000000-0000-0000-0000-000000000000/providers/Microsoft.DBforPostgreSQL/locations/westus/azureAsyncOperation/3214e619-e93c-43ca-b93f-dbfef5644daf?api-version=2017-12-01
  response:
    body:
      string: '{"name":"3214e619-e93c-43ca-b93f-dbfef5644daf","status":"InProgress","startTime":"2020-09-15T08:09:17.203Z"}'
    headers:
      cache-control:
      - no-cache
      content-length:
      - '108'
      content-type:
      - application/json; charset=utf-8
      date:
      - Tue, 15 Sep 2020 08:09:47 GMT
      expires:
      - '-1'
      pragma:
      - no-cache
      server:
      - Microsoft-HTTPAPI/2.0
      strict-transport-security:
      - max-age=31536000; includeSubDomains
      transfer-encoding:
      - chunked
      vary:
      - Accept-Encoding
      x-content-type-options:
      - nosniff
    status:
      code: 200
      message: OK
- request:
    body: null
    headers:
      Accept:
      - application/json
      Accept-Encoding:
      - gzip, deflate
      CommandName:
      - postgres server restart
      Connection:
      - keep-alive
      ParameterSetName:
      - -g --name
      User-Agent:
      - python/3.7.7 (Windows-10-10.0.19041-SP0) msrest/0.6.19 msrest_azure/0.6.4
        azure-mgmt-rdbms/2017-12-01 Azure-SDK-For-Python AZURECLI/2.10.1
    method: GET
    uri: https://management.azure.com/subscriptions/00000000-0000-0000-0000-000000000000/providers/Microsoft.DBforPostgreSQL/locations/westus/azureAsyncOperation/3214e619-e93c-43ca-b93f-dbfef5644daf?api-version=2017-12-01
  response:
    body:
      string: '{"name":"3214e619-e93c-43ca-b93f-dbfef5644daf","status":"InProgress","startTime":"2020-09-15T08:09:17.203Z"}'
    headers:
      cache-control:
      - no-cache
      content-length:
      - '108'
      content-type:
      - application/json; charset=utf-8
      date:
      - Tue, 15 Sep 2020 08:10:02 GMT
      expires:
      - '-1'
      pragma:
      - no-cache
      server:
      - Microsoft-HTTPAPI/2.0
      strict-transport-security:
      - max-age=31536000; includeSubDomains
      transfer-encoding:
      - chunked
      vary:
      - Accept-Encoding
      x-content-type-options:
      - nosniff
    status:
      code: 200
      message: OK
- request:
    body: null
    headers:
      Accept:
      - application/json
      Accept-Encoding:
      - gzip, deflate
      CommandName:
      - postgres server restart
      Connection:
      - keep-alive
      ParameterSetName:
      - -g --name
      User-Agent:
      - python/3.7.7 (Windows-10-10.0.19041-SP0) msrest/0.6.19 msrest_azure/0.6.4
        azure-mgmt-rdbms/2017-12-01 Azure-SDK-For-Python AZURECLI/2.10.1
    method: GET
    uri: https://management.azure.com/subscriptions/00000000-0000-0000-0000-000000000000/providers/Microsoft.DBforPostgreSQL/locations/westus/azureAsyncOperation/3214e619-e93c-43ca-b93f-dbfef5644daf?api-version=2017-12-01
  response:
    body:
      string: '{"name":"3214e619-e93c-43ca-b93f-dbfef5644daf","status":"InProgress","startTime":"2020-09-15T08:09:17.203Z"}'
    headers:
      cache-control:
      - no-cache
      content-length:
      - '108'
      content-type:
      - application/json; charset=utf-8
      date:
      - Tue, 15 Sep 2020 08:10:17 GMT
      expires:
      - '-1'
      pragma:
      - no-cache
      server:
      - Microsoft-HTTPAPI/2.0
      strict-transport-security:
      - max-age=31536000; includeSubDomains
      transfer-encoding:
      - chunked
      vary:
      - Accept-Encoding
      x-content-type-options:
      - nosniff
    status:
      code: 200
      message: OK
- request:
    body: null
    headers:
      Accept:
      - application/json
      Accept-Encoding:
      - gzip, deflate
      CommandName:
      - postgres server restart
      Connection:
      - keep-alive
      ParameterSetName:
      - -g --name
      User-Agent:
      - python/3.7.7 (Windows-10-10.0.19041-SP0) msrest/0.6.19 msrest_azure/0.6.4
        azure-mgmt-rdbms/2017-12-01 Azure-SDK-For-Python AZURECLI/2.10.1
    method: GET
    uri: https://management.azure.com/subscriptions/00000000-0000-0000-0000-000000000000/providers/Microsoft.DBforPostgreSQL/locations/westus/azureAsyncOperation/3214e619-e93c-43ca-b93f-dbfef5644daf?api-version=2017-12-01
  response:
    body:
      string: '{"name":"3214e619-e93c-43ca-b93f-dbfef5644daf","status":"InProgress","startTime":"2020-09-15T08:09:17.203Z"}'
    headers:
      cache-control:
      - no-cache
      content-length:
      - '108'
      content-type:
      - application/json; charset=utf-8
      date:
      - Tue, 15 Sep 2020 08:10:32 GMT
      expires:
      - '-1'
      pragma:
      - no-cache
      server:
      - Microsoft-HTTPAPI/2.0
      strict-transport-security:
      - max-age=31536000; includeSubDomains
      transfer-encoding:
      - chunked
      vary:
      - Accept-Encoding
      x-content-type-options:
      - nosniff
    status:
      code: 200
      message: OK
- request:
    body: null
    headers:
      Accept:
      - application/json
      Accept-Encoding:
      - gzip, deflate
      CommandName:
      - postgres server restart
      Connection:
      - keep-alive
      ParameterSetName:
      - -g --name
      User-Agent:
      - python/3.7.7 (Windows-10-10.0.19041-SP0) msrest/0.6.19 msrest_azure/0.6.4
        azure-mgmt-rdbms/2017-12-01 Azure-SDK-For-Python AZURECLI/2.10.1
    method: GET
    uri: https://management.azure.com/subscriptions/00000000-0000-0000-0000-000000000000/providers/Microsoft.DBforPostgreSQL/locations/westus/azureAsyncOperation/3214e619-e93c-43ca-b93f-dbfef5644daf?api-version=2017-12-01
  response:
    body:
      string: '{"name":"3214e619-e93c-43ca-b93f-dbfef5644daf","status":"InProgress","startTime":"2020-09-15T08:09:17.203Z"}'
    headers:
      cache-control:
      - no-cache
      content-length:
      - '108'
      content-type:
      - application/json; charset=utf-8
      date:
      - Tue, 15 Sep 2020 08:10:47 GMT
      expires:
      - '-1'
      pragma:
      - no-cache
      server:
      - Microsoft-HTTPAPI/2.0
      strict-transport-security:
      - max-age=31536000; includeSubDomains
      transfer-encoding:
      - chunked
      vary:
      - Accept-Encoding
      x-content-type-options:
      - nosniff
    status:
      code: 200
      message: OK
- request:
    body: null
    headers:
      Accept:
      - application/json
      Accept-Encoding:
      - gzip, deflate
      CommandName:
      - postgres server restart
      Connection:
      - keep-alive
      ParameterSetName:
      - -g --name
      User-Agent:
      - python/3.7.7 (Windows-10-10.0.19041-SP0) msrest/0.6.19 msrest_azure/0.6.4
        azure-mgmt-rdbms/2017-12-01 Azure-SDK-For-Python AZURECLI/2.10.1
    method: GET
    uri: https://management.azure.com/subscriptions/00000000-0000-0000-0000-000000000000/providers/Microsoft.DBforPostgreSQL/locations/westus/azureAsyncOperation/3214e619-e93c-43ca-b93f-dbfef5644daf?api-version=2017-12-01
  response:
    body:
      string: '{"name":"3214e619-e93c-43ca-b93f-dbfef5644daf","status":"InProgress","startTime":"2020-09-15T08:09:17.203Z"}'
    headers:
      cache-control:
      - no-cache
      content-length:
      - '108'
      content-type:
      - application/json; charset=utf-8
      date:
      - Tue, 15 Sep 2020 08:11:02 GMT
      expires:
      - '-1'
      pragma:
      - no-cache
      server:
      - Microsoft-HTTPAPI/2.0
      strict-transport-security:
      - max-age=31536000; includeSubDomains
      transfer-encoding:
      - chunked
      vary:
      - Accept-Encoding
      x-content-type-options:
      - nosniff
    status:
      code: 200
      message: OK
- request:
    body: null
    headers:
      Accept:
      - application/json
      Accept-Encoding:
      - gzip, deflate
      CommandName:
      - postgres server restart
      Connection:
      - keep-alive
      ParameterSetName:
      - -g --name
      User-Agent:
      - python/3.7.7 (Windows-10-10.0.19041-SP0) msrest/0.6.19 msrest_azure/0.6.4
        azure-mgmt-rdbms/2017-12-01 Azure-SDK-For-Python AZURECLI/2.10.1
    method: GET
    uri: https://management.azure.com/subscriptions/00000000-0000-0000-0000-000000000000/providers/Microsoft.DBforPostgreSQL/locations/westus/azureAsyncOperation/3214e619-e93c-43ca-b93f-dbfef5644daf?api-version=2017-12-01
  response:
    body:
      string: '{"name":"3214e619-e93c-43ca-b93f-dbfef5644daf","status":"Succeeded","startTime":"2020-09-15T08:09:17.203Z"}'
    headers:
      cache-control:
      - no-cache
      content-length:
      - '107'
      content-type:
      - application/json; charset=utf-8
      date:
      - Tue, 15 Sep 2020 08:11:17 GMT
      expires:
      - '-1'
      pragma:
      - no-cache
      server:
      - Microsoft-HTTPAPI/2.0
      strict-transport-security:
      - max-age=31536000; includeSubDomains
      transfer-encoding:
      - chunked
      vary:
      - Accept-Encoding
      x-content-type-options:
      - nosniff
    status:
      code: 200
      message: OK
- request:
    body: null
    headers:
      Accept:
      - application/json
      Accept-Encoding:
      - gzip, deflate
      CommandName:
      - postgres server replica create
      Connection:
      - keep-alive
      ParameterSetName:
      - -g -n -l --sku-name --source-server
      User-Agent:
      - python/3.7.7 (Windows-10-10.0.19041-SP0) msrest/0.6.19 msrest_azure/0.6.4
        azure-mgmt-rdbms/2017-12-01 Azure-SDK-For-Python AZURECLI/2.10.1
      accept-language:
      - en-US
    method: GET
    uri: https://management.azure.com/subscriptions/00000000-0000-0000-0000-000000000000/resourceGroups/clitest.rg000001/providers/Microsoft.DBForPostgreSQL/servers/azuredbclitest000003?api-version=2017-12-01
  response:
    body:
      string: '{"sku":{"name":"GP_Gen5_2","tier":"GeneralPurpose","family":"Gen5","capacity":2},"properties":{"administratorLogin":"cloudsa","storageProfile":{"storageMB":5120,"backupRetentionDays":7,"geoRedundantBackup":"Disabled","storageAutogrow":"Enabled"},"version":"9.6","sslEnforcement":"Enabled","minimalTlsVersion":"TLSEnforcementDisabled","userVisibleState":"Ready","fullyQualifiedDomainName":"azuredbclitest000003.postgres.database.azure.com","earliestRestoreDate":"2020-09-15T08:16:57.86+00:00","replicationRole":"None","masterServerId":"","replicaCapacity":5,"byokEnforcement":"Disabled","privateEndpointConnections":[],"infrastructureEncryption":"Disabled","publicNetworkAccess":"Enabled"},"location":"westus","id":"/subscriptions/00000000-0000-0000-0000-000000000000/resourceGroups/clitest.rg000001/providers/Microsoft.DBforPostgreSQL/servers/azuredbclitest000003","name":"azuredbclitest000003","type":"Microsoft.DBforPostgreSQL/servers"}'
    headers:
      cache-control:
      - no-cache
      content-length:
      - '1033'
      content-type:
      - application/json; charset=utf-8
      date:
      - Tue, 15 Sep 2020 08:13:18 GMT
      expires:
      - '-1'
      pragma:
      - no-cache
      server:
      - Microsoft-HTTPAPI/2.0
      strict-transport-security:
      - max-age=31536000; includeSubDomains
      transfer-encoding:
      - chunked
      vary:
      - Accept-Encoding
      x-content-type-options:
      - nosniff
    status:
      code: 200
      message: OK
- request:
    body: '{"sku": {"name": "GP_Gen5_4"}, "properties": {"createMode": "Replica",
      "sourceServerId": "/subscriptions/00000000-0000-0000-0000-000000000000/resourceGroups/clitest.rg000001/providers/Microsoft.DBforPostgreSQL/servers/azuredbclitest000003"},
      "location": "westus"}'
    headers:
      Accept:
      - application/json
      Accept-Encoding:
      - gzip, deflate
      CommandName:
      - postgres server replica create
      Connection:
      - keep-alive
      Content-Length:
      - '334'
      Content-Type:
      - application/json; charset=utf-8
      ParameterSetName:
      - -g -n -l --sku-name --source-server
      User-Agent:
      - python/3.7.7 (Windows-10-10.0.19041-SP0) msrest/0.6.19 msrest_azure/0.6.4
        azure-mgmt-rdbms/2017-12-01 Azure-SDK-For-Python AZURECLI/2.10.1
      accept-language:
      - en-US
    method: PUT
    uri: https://management.azure.com/subscriptions/00000000-0000-0000-0000-000000000000/resourceGroups/clitest.rg000001/providers/Microsoft.DBForPostgreSQL/servers/azuredbclirep1000004?api-version=2017-12-01
  response:
    body:
      string: '{"operation":"CreateElasticServerContinuousCopy","startTime":"2020-09-15T08:13:20.067Z"}'
    headers:
      azure-asyncoperation:
      - https://management.azure.com/subscriptions/00000000-0000-0000-0000-000000000000/providers/Microsoft.DBforPostgreSQL/locations/westus/azureAsyncOperation/0d669468-3bb6-441a-80a7-3fa71d58110a?api-version=2017-12-01
      cache-control:
      - no-cache
      content-length:
      - '88'
      content-type:
      - application/json; charset=utf-8
      date:
      - Tue, 15 Sep 2020 08:13:19 GMT
      expires:
      - '-1'
      location:
      - https://management.azure.com/subscriptions/00000000-0000-0000-0000-000000000000/providers/Microsoft.DBforPostgreSQL/locations/westus/operationResults/0d669468-3bb6-441a-80a7-3fa71d58110a?api-version=2017-12-01
      pragma:
      - no-cache
      server:
      - Microsoft-HTTPAPI/2.0
      strict-transport-security:
      - max-age=31536000; includeSubDomains
      x-content-type-options:
      - nosniff
      x-ms-ratelimit-remaining-subscription-writes:
      - '1198'
    status:
      code: 202
      message: Accepted
- request:
    body: null
    headers:
      Accept:
      - application/json
      Accept-Encoding:
      - gzip, deflate
      CommandName:
      - postgres server replica create
      Connection:
      - keep-alive
      ParameterSetName:
      - -g -n -l --sku-name --source-server
      User-Agent:
      - python/3.7.7 (Windows-10-10.0.19041-SP0) msrest/0.6.19 msrest_azure/0.6.4
        azure-mgmt-rdbms/2017-12-01 Azure-SDK-For-Python AZURECLI/2.10.1
    method: GET
    uri: https://management.azure.com/subscriptions/00000000-0000-0000-0000-000000000000/providers/Microsoft.DBforPostgreSQL/locations/westus/azureAsyncOperation/0d669468-3bb6-441a-80a7-3fa71d58110a?api-version=2017-12-01
  response:
    body:
      string: '{"name":"0d669468-3bb6-441a-80a7-3fa71d58110a","status":"InProgress","startTime":"2020-09-15T08:13:20.067Z"}'
    headers:
      cache-control:
      - no-cache
      content-length:
      - '108'
      content-type:
      - application/json; charset=utf-8
      date:
      - Tue, 15 Sep 2020 08:13:50 GMT
      expires:
      - '-1'
      pragma:
      - no-cache
      server:
      - Microsoft-HTTPAPI/2.0
      strict-transport-security:
      - max-age=31536000; includeSubDomains
      transfer-encoding:
      - chunked
      vary:
      - Accept-Encoding
      x-content-type-options:
      - nosniff
    status:
      code: 200
      message: OK
- request:
    body: null
    headers:
      Accept:
      - application/json
      Accept-Encoding:
      - gzip, deflate
      CommandName:
      - postgres server replica create
      Connection:
      - keep-alive
      ParameterSetName:
      - -g -n -l --sku-name --source-server
      User-Agent:
      - python/3.7.7 (Windows-10-10.0.19041-SP0) msrest/0.6.19 msrest_azure/0.6.4
        azure-mgmt-rdbms/2017-12-01 Azure-SDK-For-Python AZURECLI/2.10.1
    method: GET
    uri: https://management.azure.com/subscriptions/00000000-0000-0000-0000-000000000000/providers/Microsoft.DBforPostgreSQL/locations/westus/azureAsyncOperation/0d669468-3bb6-441a-80a7-3fa71d58110a?api-version=2017-12-01
  response:
    body:
      string: '{"name":"0d669468-3bb6-441a-80a7-3fa71d58110a","status":"InProgress","startTime":"2020-09-15T08:13:20.067Z"}'
    headers:
      cache-control:
      - no-cache
      content-length:
      - '108'
      content-type:
      - application/json; charset=utf-8
      date:
      - Tue, 15 Sep 2020 08:14:20 GMT
      expires:
      - '-1'
      pragma:
      - no-cache
      server:
      - Microsoft-HTTPAPI/2.0
      strict-transport-security:
      - max-age=31536000; includeSubDomains
      transfer-encoding:
      - chunked
      vary:
      - Accept-Encoding
      x-content-type-options:
      - nosniff
    status:
      code: 200
      message: OK
- request:
    body: null
    headers:
      Accept:
      - application/json
      Accept-Encoding:
      - gzip, deflate
      CommandName:
      - postgres server replica create
      Connection:
      - keep-alive
      ParameterSetName:
      - -g -n -l --sku-name --source-server
      User-Agent:
      - python/3.7.7 (Windows-10-10.0.19041-SP0) msrest/0.6.19 msrest_azure/0.6.4
        azure-mgmt-rdbms/2017-12-01 Azure-SDK-For-Python AZURECLI/2.10.1
    method: GET
    uri: https://management.azure.com/subscriptions/00000000-0000-0000-0000-000000000000/providers/Microsoft.DBforPostgreSQL/locations/westus/azureAsyncOperation/0d669468-3bb6-441a-80a7-3fa71d58110a?api-version=2017-12-01
  response:
    body:
      string: '{"name":"0d669468-3bb6-441a-80a7-3fa71d58110a","status":"InProgress","startTime":"2020-09-15T08:13:20.067Z"}'
    headers:
      cache-control:
      - no-cache
      content-length:
      - '108'
      content-type:
      - application/json; charset=utf-8
      date:
      - Tue, 15 Sep 2020 08:14:49 GMT
      expires:
      - '-1'
      pragma:
      - no-cache
      server:
      - Microsoft-HTTPAPI/2.0
      strict-transport-security:
      - max-age=31536000; includeSubDomains
      transfer-encoding:
      - chunked
      vary:
      - Accept-Encoding
      x-content-type-options:
      - nosniff
    status:
      code: 200
      message: OK
- request:
    body: null
    headers:
      Accept:
      - application/json
      Accept-Encoding:
      - gzip, deflate
      CommandName:
      - postgres server replica create
      Connection:
      - keep-alive
      ParameterSetName:
      - -g -n -l --sku-name --source-server
      User-Agent:
      - python/3.7.7 (Windows-10-10.0.19041-SP0) msrest/0.6.19 msrest_azure/0.6.4
        azure-mgmt-rdbms/2017-12-01 Azure-SDK-For-Python AZURECLI/2.10.1
    method: GET
    uri: https://management.azure.com/subscriptions/00000000-0000-0000-0000-000000000000/providers/Microsoft.DBforPostgreSQL/locations/westus/azureAsyncOperation/0d669468-3bb6-441a-80a7-3fa71d58110a?api-version=2017-12-01
  response:
    body:
      string: '{"name":"0d669468-3bb6-441a-80a7-3fa71d58110a","status":"InProgress","startTime":"2020-09-15T08:13:20.067Z"}'
    headers:
      cache-control:
      - no-cache
      content-length:
      - '108'
      content-type:
      - application/json; charset=utf-8
      date:
      - Tue, 15 Sep 2020 08:15:20 GMT
      expires:
      - '-1'
      pragma:
      - no-cache
      server:
      - Microsoft-HTTPAPI/2.0
      strict-transport-security:
      - max-age=31536000; includeSubDomains
      transfer-encoding:
      - chunked
      vary:
      - Accept-Encoding
      x-content-type-options:
      - nosniff
    status:
      code: 200
      message: OK
- request:
    body: null
    headers:
      Accept:
      - application/json
      Accept-Encoding:
      - gzip, deflate
      CommandName:
      - postgres server replica create
      Connection:
      - keep-alive
      ParameterSetName:
      - -g -n -l --sku-name --source-server
      User-Agent:
      - python/3.7.7 (Windows-10-10.0.19041-SP0) msrest/0.6.19 msrest_azure/0.6.4
        azure-mgmt-rdbms/2017-12-01 Azure-SDK-For-Python AZURECLI/2.10.1
    method: GET
    uri: https://management.azure.com/subscriptions/00000000-0000-0000-0000-000000000000/providers/Microsoft.DBforPostgreSQL/locations/westus/azureAsyncOperation/0d669468-3bb6-441a-80a7-3fa71d58110a?api-version=2017-12-01
  response:
    body:
      string: '{"name":"0d669468-3bb6-441a-80a7-3fa71d58110a","status":"InProgress","startTime":"2020-09-15T08:13:20.067Z"}'
    headers:
      cache-control:
      - no-cache
      content-length:
      - '108'
      content-type:
      - application/json; charset=utf-8
      date:
      - Tue, 15 Sep 2020 08:15:50 GMT
      expires:
      - '-1'
      pragma:
      - no-cache
      server:
      - Microsoft-HTTPAPI/2.0
      strict-transport-security:
      - max-age=31536000; includeSubDomains
      transfer-encoding:
      - chunked
      vary:
      - Accept-Encoding
      x-content-type-options:
      - nosniff
    status:
      code: 200
      message: OK
- request:
    body: null
    headers:
      Accept:
      - application/json
      Accept-Encoding:
      - gzip, deflate
      CommandName:
      - postgres server replica create
      Connection:
      - keep-alive
      ParameterSetName:
      - -g -n -l --sku-name --source-server
      User-Agent:
      - python/3.7.7 (Windows-10-10.0.19041-SP0) msrest/0.6.19 msrest_azure/0.6.4
        azure-mgmt-rdbms/2017-12-01 Azure-SDK-For-Python AZURECLI/2.10.1
    method: GET
    uri: https://management.azure.com/subscriptions/00000000-0000-0000-0000-000000000000/providers/Microsoft.DBforPostgreSQL/locations/westus/azureAsyncOperation/0d669468-3bb6-441a-80a7-3fa71d58110a?api-version=2017-12-01
  response:
    body:
      string: '{"name":"0d669468-3bb6-441a-80a7-3fa71d58110a","status":"InProgress","startTime":"2020-09-15T08:13:20.067Z"}'
    headers:
      cache-control:
      - no-cache
      content-length:
      - '108'
      content-type:
      - application/json; charset=utf-8
      date:
      - Tue, 15 Sep 2020 08:16:20 GMT
      expires:
      - '-1'
      pragma:
      - no-cache
      server:
      - Microsoft-HTTPAPI/2.0
      strict-transport-security:
      - max-age=31536000; includeSubDomains
      transfer-encoding:
      - chunked
      vary:
      - Accept-Encoding
      x-content-type-options:
      - nosniff
    status:
      code: 200
      message: OK
- request:
    body: null
    headers:
      Accept:
      - application/json
      Accept-Encoding:
      - gzip, deflate
      CommandName:
      - postgres server replica create
      Connection:
      - keep-alive
      ParameterSetName:
      - -g -n -l --sku-name --source-server
      User-Agent:
      - python/3.7.7 (Windows-10-10.0.19041-SP0) msrest/0.6.19 msrest_azure/0.6.4
        azure-mgmt-rdbms/2017-12-01 Azure-SDK-For-Python AZURECLI/2.10.1
    method: GET
    uri: https://management.azure.com/subscriptions/00000000-0000-0000-0000-000000000000/providers/Microsoft.DBforPostgreSQL/locations/westus/azureAsyncOperation/0d669468-3bb6-441a-80a7-3fa71d58110a?api-version=2017-12-01
  response:
    body:
      string: '{"name":"0d669468-3bb6-441a-80a7-3fa71d58110a","status":"InProgress","startTime":"2020-09-15T08:13:20.067Z"}'
    headers:
      cache-control:
      - no-cache
      content-length:
      - '108'
      content-type:
      - application/json; charset=utf-8
      date:
      - Tue, 15 Sep 2020 08:16:51 GMT
      expires:
      - '-1'
      pragma:
      - no-cache
      server:
      - Microsoft-HTTPAPI/2.0
      strict-transport-security:
      - max-age=31536000; includeSubDomains
      transfer-encoding:
      - chunked
      vary:
      - Accept-Encoding
      x-content-type-options:
      - nosniff
    status:
      code: 200
      message: OK
- request:
    body: null
    headers:
      Accept:
      - application/json
      Accept-Encoding:
      - gzip, deflate
      CommandName:
      - postgres server replica create
      Connection:
      - keep-alive
      ParameterSetName:
      - -g -n -l --sku-name --source-server
      User-Agent:
      - python/3.7.7 (Windows-10-10.0.19041-SP0) msrest/0.6.19 msrest_azure/0.6.4
        azure-mgmt-rdbms/2017-12-01 Azure-SDK-For-Python AZURECLI/2.10.1
    method: GET
    uri: https://management.azure.com/subscriptions/00000000-0000-0000-0000-000000000000/providers/Microsoft.DBforPostgreSQL/locations/westus/azureAsyncOperation/0d669468-3bb6-441a-80a7-3fa71d58110a?api-version=2017-12-01
  response:
    body:
      string: '{"name":"0d669468-3bb6-441a-80a7-3fa71d58110a","status":"InProgress","startTime":"2020-09-15T08:13:20.067Z"}'
    headers:
      cache-control:
      - no-cache
      content-length:
      - '108'
      content-type:
      - application/json; charset=utf-8
      date:
      - Tue, 15 Sep 2020 08:17:21 GMT
      expires:
      - '-1'
      pragma:
      - no-cache
      server:
      - Microsoft-HTTPAPI/2.0
      strict-transport-security:
      - max-age=31536000; includeSubDomains
      transfer-encoding:
      - chunked
      vary:
      - Accept-Encoding
      x-content-type-options:
      - nosniff
    status:
      code: 200
      message: OK
- request:
    body: null
    headers:
      Accept:
      - application/json
      Accept-Encoding:
      - gzip, deflate
      CommandName:
      - postgres server replica create
      Connection:
      - keep-alive
      ParameterSetName:
      - -g -n -l --sku-name --source-server
      User-Agent:
      - python/3.7.7 (Windows-10-10.0.19041-SP0) msrest/0.6.19 msrest_azure/0.6.4
        azure-mgmt-rdbms/2017-12-01 Azure-SDK-For-Python AZURECLI/2.10.1
    method: GET
    uri: https://management.azure.com/subscriptions/00000000-0000-0000-0000-000000000000/providers/Microsoft.DBforPostgreSQL/locations/westus/azureAsyncOperation/0d669468-3bb6-441a-80a7-3fa71d58110a?api-version=2017-12-01
  response:
    body:
      string: '{"name":"0d669468-3bb6-441a-80a7-3fa71d58110a","status":"InProgress","startTime":"2020-09-15T08:13:20.067Z"}'
    headers:
      cache-control:
      - no-cache
      content-length:
      - '108'
      content-type:
      - application/json; charset=utf-8
      date:
      - Tue, 15 Sep 2020 08:17:50 GMT
      expires:
      - '-1'
      pragma:
      - no-cache
      server:
      - Microsoft-HTTPAPI/2.0
      strict-transport-security:
      - max-age=31536000; includeSubDomains
      transfer-encoding:
      - chunked
      vary:
      - Accept-Encoding
      x-content-type-options:
      - nosniff
    status:
      code: 200
      message: OK
- request:
    body: null
    headers:
      Accept:
      - application/json
      Accept-Encoding:
      - gzip, deflate
      CommandName:
      - postgres server replica create
      Connection:
      - keep-alive
      ParameterSetName:
      - -g -n -l --sku-name --source-server
      User-Agent:
      - python/3.7.7 (Windows-10-10.0.19041-SP0) msrest/0.6.19 msrest_azure/0.6.4
        azure-mgmt-rdbms/2017-12-01 Azure-SDK-For-Python AZURECLI/2.10.1
    method: GET
    uri: https://management.azure.com/subscriptions/00000000-0000-0000-0000-000000000000/providers/Microsoft.DBforPostgreSQL/locations/westus/azureAsyncOperation/0d669468-3bb6-441a-80a7-3fa71d58110a?api-version=2017-12-01
  response:
    body:
      string: '{"name":"0d669468-3bb6-441a-80a7-3fa71d58110a","status":"InProgress","startTime":"2020-09-15T08:13:20.067Z"}'
    headers:
      cache-control:
      - no-cache
      content-length:
      - '108'
      content-type:
      - application/json; charset=utf-8
      date:
      - Tue, 15 Sep 2020 08:18:21 GMT
      expires:
      - '-1'
      pragma:
      - no-cache
      server:
      - Microsoft-HTTPAPI/2.0
      strict-transport-security:
      - max-age=31536000; includeSubDomains
      transfer-encoding:
      - chunked
      vary:
      - Accept-Encoding
      x-content-type-options:
      - nosniff
    status:
      code: 200
      message: OK
- request:
    body: null
    headers:
      Accept:
      - application/json
      Accept-Encoding:
      - gzip, deflate
      CommandName:
      - postgres server replica create
      Connection:
      - keep-alive
      ParameterSetName:
      - -g -n -l --sku-name --source-server
      User-Agent:
      - python/3.7.7 (Windows-10-10.0.19041-SP0) msrest/0.6.19 msrest_azure/0.6.4
        azure-mgmt-rdbms/2017-12-01 Azure-SDK-For-Python AZURECLI/2.10.1
    method: GET
    uri: https://management.azure.com/subscriptions/00000000-0000-0000-0000-000000000000/providers/Microsoft.DBforPostgreSQL/locations/westus/azureAsyncOperation/0d669468-3bb6-441a-80a7-3fa71d58110a?api-version=2017-12-01
  response:
    body:
      string: '{"name":"0d669468-3bb6-441a-80a7-3fa71d58110a","status":"InProgress","startTime":"2020-09-15T08:13:20.067Z"}'
    headers:
      cache-control:
      - no-cache
      content-length:
      - '108'
      content-type:
      - application/json; charset=utf-8
      date:
      - Tue, 15 Sep 2020 08:18:51 GMT
      expires:
      - '-1'
      pragma:
      - no-cache
      server:
      - Microsoft-HTTPAPI/2.0
      strict-transport-security:
      - max-age=31536000; includeSubDomains
      transfer-encoding:
      - chunked
      vary:
      - Accept-Encoding
      x-content-type-options:
      - nosniff
    status:
      code: 200
      message: OK
- request:
    body: null
    headers:
      Accept:
      - application/json
      Accept-Encoding:
      - gzip, deflate
      CommandName:
      - postgres server replica create
      Connection:
      - keep-alive
      ParameterSetName:
      - -g -n -l --sku-name --source-server
      User-Agent:
      - python/3.7.7 (Windows-10-10.0.19041-SP0) msrest/0.6.19 msrest_azure/0.6.4
        azure-mgmt-rdbms/2017-12-01 Azure-SDK-For-Python AZURECLI/2.10.1
    method: GET
    uri: https://management.azure.com/subscriptions/00000000-0000-0000-0000-000000000000/providers/Microsoft.DBforPostgreSQL/locations/westus/azureAsyncOperation/0d669468-3bb6-441a-80a7-3fa71d58110a?api-version=2017-12-01
  response:
    body:
      string: '{"name":"0d669468-3bb6-441a-80a7-3fa71d58110a","status":"InProgress","startTime":"2020-09-15T08:13:20.067Z"}'
    headers:
      cache-control:
      - no-cache
      content-length:
      - '108'
      content-type:
      - application/json; charset=utf-8
      date:
      - Tue, 15 Sep 2020 08:19:21 GMT
      expires:
      - '-1'
      pragma:
      - no-cache
      server:
      - Microsoft-HTTPAPI/2.0
      strict-transport-security:
      - max-age=31536000; includeSubDomains
      transfer-encoding:
      - chunked
      vary:
      - Accept-Encoding
      x-content-type-options:
      - nosniff
    status:
      code: 200
      message: OK
- request:
    body: null
    headers:
      Accept:
      - application/json
      Accept-Encoding:
      - gzip, deflate
      CommandName:
      - postgres server replica create
      Connection:
      - keep-alive
      ParameterSetName:
      - -g -n -l --sku-name --source-server
      User-Agent:
      - python/3.7.7 (Windows-10-10.0.19041-SP0) msrest/0.6.19 msrest_azure/0.6.4
        azure-mgmt-rdbms/2017-12-01 Azure-SDK-For-Python AZURECLI/2.10.1
    method: GET
    uri: https://management.azure.com/subscriptions/00000000-0000-0000-0000-000000000000/providers/Microsoft.DBforPostgreSQL/locations/westus/azureAsyncOperation/0d669468-3bb6-441a-80a7-3fa71d58110a?api-version=2017-12-01
  response:
    body:
      string: '{"name":"0d669468-3bb6-441a-80a7-3fa71d58110a","status":"InProgress","startTime":"2020-09-15T08:13:20.067Z"}'
    headers:
      cache-control:
      - no-cache
      content-length:
      - '108'
      content-type:
      - application/json; charset=utf-8
      date:
      - Tue, 15 Sep 2020 08:19:51 GMT
      expires:
      - '-1'
      pragma:
      - no-cache
      server:
      - Microsoft-HTTPAPI/2.0
      strict-transport-security:
      - max-age=31536000; includeSubDomains
      transfer-encoding:
      - chunked
      vary:
      - Accept-Encoding
      x-content-type-options:
      - nosniff
    status:
      code: 200
      message: OK
- request:
    body: null
    headers:
      Accept:
      - application/json
      Accept-Encoding:
      - gzip, deflate
      CommandName:
      - postgres server replica create
      Connection:
      - keep-alive
      ParameterSetName:
      - -g -n -l --sku-name --source-server
      User-Agent:
      - python/3.7.7 (Windows-10-10.0.19041-SP0) msrest/0.6.19 msrest_azure/0.6.4
        azure-mgmt-rdbms/2017-12-01 Azure-SDK-For-Python AZURECLI/2.10.1
    method: GET
    uri: https://management.azure.com/subscriptions/00000000-0000-0000-0000-000000000000/providers/Microsoft.DBforPostgreSQL/locations/westus/azureAsyncOperation/0d669468-3bb6-441a-80a7-3fa71d58110a?api-version=2017-12-01
  response:
    body:
      string: '{"name":"0d669468-3bb6-441a-80a7-3fa71d58110a","status":"Succeeded","startTime":"2020-09-15T08:13:20.067Z"}'
    headers:
      cache-control:
      - no-cache
      content-length:
      - '107'
      content-type:
      - application/json; charset=utf-8
      date:
      - Tue, 15 Sep 2020 08:20:21 GMT
      expires:
      - '-1'
      pragma:
      - no-cache
      server:
      - Microsoft-HTTPAPI/2.0
      strict-transport-security:
      - max-age=31536000; includeSubDomains
      transfer-encoding:
      - chunked
      vary:
      - Accept-Encoding
      x-content-type-options:
      - nosniff
    status:
      code: 200
      message: OK
- request:
    body: null
    headers:
      Accept:
      - application/json
      Accept-Encoding:
      - gzip, deflate
      CommandName:
      - postgres server replica create
      Connection:
      - keep-alive
      ParameterSetName:
      - -g -n -l --sku-name --source-server
      User-Agent:
      - python/3.7.7 (Windows-10-10.0.19041-SP0) msrest/0.6.19 msrest_azure/0.6.4
        azure-mgmt-rdbms/2017-12-01 Azure-SDK-For-Python AZURECLI/2.10.1
    method: GET
    uri: https://management.azure.com/subscriptions/00000000-0000-0000-0000-000000000000/resourceGroups/clitest.rg000001/providers/Microsoft.DBForPostgreSQL/servers/azuredbclirep1000004?api-version=2017-12-01
  response:
    body:
      string: '{"sku":{"name":"GP_Gen5_4","tier":"GeneralPurpose","family":"Gen5","capacity":4},"properties":{"administratorLogin":"cloudsa","storageProfile":{"storageMB":5120,"backupRetentionDays":7,"geoRedundantBackup":"Disabled","storageAutogrow":"Enabled"},"version":"9.6","sslEnforcement":"Enabled","minimalTlsVersion":"TLSEnforcementDisabled","userVisibleState":"Ready","fullyQualifiedDomainName":"azuredbclirep1000004.postgres.database.azure.com","earliestRestoreDate":"2020-09-15T08:25:21.91+00:00","replicationRole":"Replica","masterServerId":"/subscriptions/00000000-0000-0000-0000-000000000000/resourceGroups/clitest.rg000001/providers/Microsoft.DBforPostgreSQL/servers/azuredbclitest000003","replicaCapacity":0,"byokEnforcement":"Disabled","privateEndpointConnections":[],"infrastructureEncryption":"Disabled","publicNetworkAccess":"Enabled"},"location":"westus","id":"/subscriptions/00000000-0000-0000-0000-000000000000/resourceGroups/clitest.rg000001/providers/Microsoft.DBforPostgreSQL/servers/azuredbclirep1000004","name":"azuredbclirep1000004","type":"Microsoft.DBforPostgreSQL/servers"}'
    headers:
      cache-control:
      - no-cache
      content-length:
      - '1348'
      content-type:
      - application/json; charset=utf-8
      date:
      - Tue, 15 Sep 2020 08:20:21 GMT
      expires:
      - '-1'
      pragma:
      - no-cache
      server:
      - Microsoft-HTTPAPI/2.0
      strict-transport-security:
      - max-age=31536000; includeSubDomains
      transfer-encoding:
      - chunked
      vary:
      - Accept-Encoding
      x-content-type-options:
      - nosniff
    status:
      code: 200
      message: OK
- request:
    body: null
    headers:
      Accept:
      - application/json
      Accept-Encoding:
      - gzip, deflate
      CommandName:
      - postgres server show
      Connection:
      - keep-alive
      ParameterSetName:
      - -g --name
      User-Agent:
      - python/3.7.7 (Windows-10-10.0.19041-SP0) msrest/0.6.19 msrest_azure/0.6.4
        azure-mgmt-rdbms/2017-12-01 Azure-SDK-For-Python AZURECLI/2.10.1
      accept-language:
      - en-US
    method: GET
    uri: https://management.azure.com/subscriptions/00000000-0000-0000-0000-000000000000/resourceGroups/clitest.rg000001/providers/Microsoft.DBForPostgreSQL/servers/azuredbclitest000003?api-version=2017-12-01
  response:
    body:
      string: '{"sku":{"name":"GP_Gen5_2","tier":"GeneralPurpose","family":"Gen5","capacity":2},"properties":{"administratorLogin":"cloudsa","storageProfile":{"storageMB":5120,"backupRetentionDays":7,"geoRedundantBackup":"Disabled","storageAutogrow":"Enabled"},"version":"9.6","sslEnforcement":"Enabled","minimalTlsVersion":"TLSEnforcementDisabled","userVisibleState":"Ready","fullyQualifiedDomainName":"azuredbclitest000003.postgres.database.azure.com","earliestRestoreDate":"2020-09-15T08:16:57.86+00:00","replicationRole":"Master","masterServerId":"","replicaCapacity":5,"byokEnforcement":"Disabled","privateEndpointConnections":[],"infrastructureEncryption":"Disabled","publicNetworkAccess":"Enabled"},"location":"westus","id":"/subscriptions/00000000-0000-0000-0000-000000000000/resourceGroups/clitest.rg000001/providers/Microsoft.DBforPostgreSQL/servers/azuredbclitest000003","name":"azuredbclitest000003","type":"Microsoft.DBforPostgreSQL/servers"}'
    headers:
      cache-control:
      - no-cache
      content-length:
      - '1035'
      content-type:
      - application/json; charset=utf-8
      date:
      - Tue, 15 Sep 2020 08:20:22 GMT
      expires:
      - '-1'
      pragma:
      - no-cache
      server:
      - Microsoft-HTTPAPI/2.0
      strict-transport-security:
      - max-age=31536000; includeSubDomains
      transfer-encoding:
      - chunked
      vary:
      - Accept-Encoding
      x-content-type-options:
      - nosniff
    status:
      code: 200
      message: OK
- request:
    body: null
    headers:
      Accept:
      - application/json
      Accept-Encoding:
      - gzip, deflate
      CommandName:
      - postgres server replica list
      Connection:
      - keep-alive
      ParameterSetName:
      - -g -s
      User-Agent:
      - python/3.7.7 (Windows-10-10.0.19041-SP0) msrest/0.6.19 msrest_azure/0.6.4
        azure-mgmt-rdbms/2017-12-01 Azure-SDK-For-Python AZURECLI/2.10.1
      accept-language:
      - en-US
    method: GET
    uri: https://management.azure.com/subscriptions/00000000-0000-0000-0000-000000000000/resourceGroups/clitest.rg000001/providers/Microsoft.DBForPostgreSQL/servers/azuredbclitest000003/Replicas?api-version=2017-12-01
  response:
    body:
      string: '{"value":[{"sku":{"name":"GP_Gen5_4","tier":"GeneralPurpose","family":"Gen5","capacity":4},"properties":{"administratorLogin":"cloudsa","storageProfile":{"storageMB":5120,"backupRetentionDays":7,"geoRedundantBackup":"Disabled","storageAutogrow":"Enabled"},"version":"9.6","sslEnforcement":"Enabled","minimalTlsVersion":"TLSEnforcementDisabled","userVisibleState":"Ready","fullyQualifiedDomainName":"azuredbclirep1000004.postgres.database.azure.com","earliestRestoreDate":"2020-09-15T08:25:21.91+00:00","replicationRole":"Replica","masterServerId":"/subscriptions/00000000-0000-0000-0000-000000000000/resourceGroups/clitest.rg000001/providers/Microsoft.DBforPostgreSQL/servers/azuredbclitest000003","replicaCapacity":0,"byokEnforcement":"Disabled","privateEndpointConnections":[],"infrastructureEncryption":"Disabled","publicNetworkAccess":"Enabled"},"location":"westus","id":"/subscriptions/00000000-0000-0000-0000-000000000000/resourceGroups/clitest.rg000001/providers/Microsoft.DBforPostgreSQL/servers/azuredbclirep1000004","name":"azuredbclirep1000004","type":"Microsoft.DBforPostgreSQL/servers"}]}'
    headers:
      cache-control:
      - no-cache
      content-length:
      - '1360'
      content-type:
      - application/json; charset=utf-8
      date:
      - Tue, 15 Sep 2020 08:20:22 GMT
      expires:
      - '-1'
      pragma:
      - no-cache
      server:
      - Microsoft-HTTPAPI/2.0
      strict-transport-security:
      - max-age=31536000; includeSubDomains
      transfer-encoding:
      - chunked
      vary:
      - Accept-Encoding
      x-content-type-options:
      - nosniff
    status:
      code: 200
      message: OK
- request:
    body: null
    headers:
      Accept:
      - application/json
      Accept-Encoding:
      - gzip, deflate
      CommandName:
      - postgres server delete
      Connection:
      - keep-alive
      Content-Length:
      - '0'
      ParameterSetName:
      - -g --name --yes
      User-Agent:
      - python/3.7.7 (Windows-10-10.0.19041-SP0) msrest/0.6.19 msrest_azure/0.6.4
        azure-mgmt-rdbms/2017-12-01 Azure-SDK-For-Python AZURECLI/2.10.1
      accept-language:
      - en-US
    method: DELETE
    uri: https://management.azure.com/subscriptions/00000000-0000-0000-0000-000000000000/resourceGroups/clitest.rg000001/providers/Microsoft.DBForPostgreSQL/servers/azuredbclirep1000004?api-version=2017-12-01
  response:
    body:
      string: '{"operation":"DropElasticServer","startTime":"2020-09-15T08:20:23.273Z"}'
    headers:
      azure-asyncoperation:
      - https://management.azure.com/subscriptions/00000000-0000-0000-0000-000000000000/providers/Microsoft.DBforPostgreSQL/locations/westus/azureAsyncOperation/81631866-54e5-412f-90ad-7d7f003174c9?api-version=2017-12-01
      cache-control:
      - no-cache
      content-length:
      - '72'
      content-type:
      - application/json; charset=utf-8
      date:
      - Tue, 15 Sep 2020 08:20:23 GMT
      expires:
      - '-1'
      location:
      - https://management.azure.com/subscriptions/00000000-0000-0000-0000-000000000000/providers/Microsoft.DBforPostgreSQL/locations/westus/operationResults/81631866-54e5-412f-90ad-7d7f003174c9?api-version=2017-12-01
      pragma:
      - no-cache
      server:
      - Microsoft-HTTPAPI/2.0
      strict-transport-security:
      - max-age=31536000; includeSubDomains
      x-content-type-options:
      - nosniff
      x-ms-ratelimit-remaining-subscription-deletes:
      - '14999'
    status:
      code: 202
      message: Accepted
- request:
    body: null
    headers:
      Accept:
      - application/json
      Accept-Encoding:
      - gzip, deflate
      CommandName:
      - postgres server delete
      Connection:
      - keep-alive
      ParameterSetName:
      - -g --name --yes
      User-Agent:
      - python/3.7.7 (Windows-10-10.0.19041-SP0) msrest/0.6.19 msrest_azure/0.6.4
        azure-mgmt-rdbms/2017-12-01 Azure-SDK-For-Python AZURECLI/2.10.1
    method: GET
    uri: https://management.azure.com/subscriptions/00000000-0000-0000-0000-000000000000/providers/Microsoft.DBforPostgreSQL/locations/westus/azureAsyncOperation/81631866-54e5-412f-90ad-7d7f003174c9?api-version=2017-12-01
  response:
    body:
      string: '{"name":"81631866-54e5-412f-90ad-7d7f003174c9","status":"Succeeded","startTime":"2020-09-15T08:20:23.273Z"}'
    headers:
      cache-control:
      - no-cache
      content-length:
      - '107'
      content-type:
      - application/json; charset=utf-8
      date:
      - Tue, 15 Sep 2020 08:20:38 GMT
      expires:
      - '-1'
      pragma:
      - no-cache
      server:
      - Microsoft-HTTPAPI/2.0
      strict-transport-security:
      - max-age=31536000; includeSubDomains
      transfer-encoding:
      - chunked
      vary:
      - Accept-Encoding
      x-content-type-options:
      - nosniff
    status:
      code: 200
      message: OK
- request:
    body: null
    headers:
      Accept:
      - application/json
      Accept-Encoding:
      - gzip, deflate
      CommandName:
      - postgres server show
      Connection:
      - keep-alive
      ParameterSetName:
      - -g --name
      User-Agent:
      - python/3.7.7 (Windows-10-10.0.19041-SP0) msrest/0.6.19 msrest_azure/0.6.4
        azure-mgmt-rdbms/2017-12-01 Azure-SDK-For-Python AZURECLI/2.10.1
      accept-language:
      - en-US
    method: GET
    uri: https://management.azure.com/subscriptions/00000000-0000-0000-0000-000000000000/resourceGroups/clitest.rg000001/providers/Microsoft.DBForPostgreSQL/servers/azuredbclitest000003?api-version=2017-12-01
  response:
    body:
      string: '{"sku":{"name":"GP_Gen5_2","tier":"GeneralPurpose","family":"Gen5","capacity":2},"properties":{"administratorLogin":"cloudsa","storageProfile":{"storageMB":5120,"backupRetentionDays":7,"geoRedundantBackup":"Disabled","storageAutogrow":"Enabled"},"version":"9.6","sslEnforcement":"Enabled","minimalTlsVersion":"TLSEnforcementDisabled","userVisibleState":"Ready","fullyQualifiedDomainName":"azuredbclitest000003.postgres.database.azure.com","earliestRestoreDate":"2020-09-15T08:16:57.86+00:00","replicationRole":"None","masterServerId":"","replicaCapacity":5,"byokEnforcement":"Disabled","privateEndpointConnections":[],"infrastructureEncryption":"Disabled","publicNetworkAccess":"Enabled"},"location":"westus","id":"/subscriptions/00000000-0000-0000-0000-000000000000/resourceGroups/clitest.rg000001/providers/Microsoft.DBforPostgreSQL/servers/azuredbclitest000003","name":"azuredbclitest000003","type":"Microsoft.DBforPostgreSQL/servers"}'
    headers:
      cache-control:
      - no-cache
      content-length:
      - '1033'
      content-type:
      - application/json; charset=utf-8
      date:
      - Tue, 15 Sep 2020 08:20:38 GMT
      expires:
      - '-1'
      pragma:
      - no-cache
      server:
      - Microsoft-HTTPAPI/2.0
      strict-transport-security:
      - max-age=31536000; includeSubDomains
      transfer-encoding:
      - chunked
      vary:
      - Accept-Encoding
      x-content-type-options:
      - nosniff
    status:
      code: 200
      message: OK
- request:
    body: null
    headers:
      Accept:
      - application/json
      Accept-Encoding:
      - gzip, deflate
      CommandName:
      - postgres server replica create
      Connection:
      - keep-alive
      ParameterSetName:
      - -g -n --source-server
      User-Agent:
      - python/3.7.7 (Windows-10-10.0.19041-SP0) msrest/0.6.19 msrest_azure/0.6.4
        azure-mgmt-rdbms/2017-12-01 Azure-SDK-For-Python AZURECLI/2.10.1
      accept-language:
      - en-US
    method: GET
    uri: https://management.azure.com/subscriptions/00000000-0000-0000-0000-000000000000/resourceGroups/clitest.rg000001/providers/Microsoft.DBForPostgreSQL/servers/azuredbclitest000003?api-version=2017-12-01
  response:
    body:
      string: '{"sku":{"name":"GP_Gen5_2","tier":"GeneralPurpose","family":"Gen5","capacity":2},"properties":{"administratorLogin":"cloudsa","storageProfile":{"storageMB":5120,"backupRetentionDays":7,"geoRedundantBackup":"Disabled","storageAutogrow":"Enabled"},"version":"9.6","sslEnforcement":"Enabled","minimalTlsVersion":"TLSEnforcementDisabled","userVisibleState":"Ready","fullyQualifiedDomainName":"azuredbclitest000003.postgres.database.azure.com","earliestRestoreDate":"2020-09-15T08:16:57.86+00:00","replicationRole":"None","masterServerId":"","replicaCapacity":5,"byokEnforcement":"Disabled","privateEndpointConnections":[],"infrastructureEncryption":"Disabled","publicNetworkAccess":"Enabled"},"location":"westus","id":"/subscriptions/00000000-0000-0000-0000-000000000000/resourceGroups/clitest.rg000001/providers/Microsoft.DBforPostgreSQL/servers/azuredbclitest000003","name":"azuredbclitest000003","type":"Microsoft.DBforPostgreSQL/servers"}'
    headers:
      cache-control:
      - no-cache
      content-length:
      - '1033'
      content-type:
      - application/json; charset=utf-8
      date:
      - Tue, 15 Sep 2020 08:20:39 GMT
      expires:
      - '-1'
      pragma:
      - no-cache
      server:
      - Microsoft-HTTPAPI/2.0
      strict-transport-security:
      - max-age=31536000; includeSubDomains
      transfer-encoding:
      - chunked
      vary:
      - Accept-Encoding
      x-content-type-options:
      - nosniff
    status:
      code: 200
      message: OK
- request:
    body: '{"sku": {"name": "GP_Gen5_2"}, "properties": {"createMode": "Replica",
      "sourceServerId": "/subscriptions/00000000-0000-0000-0000-000000000000/resourceGroups/clitest.rg000001/providers/Microsoft.DBforPostgreSQL/servers/azuredbclitest000003"},
      "location": "westus"}'
    headers:
      Accept:
      - application/json
      Accept-Encoding:
      - gzip, deflate
      CommandName:
      - postgres server replica create
      Connection:
      - keep-alive
      Content-Length:
      - '334'
      Content-Type:
      - application/json; charset=utf-8
      ParameterSetName:
      - -g -n --source-server
      User-Agent:
      - python/3.7.7 (Windows-10-10.0.19041-SP0) msrest/0.6.19 msrest_azure/0.6.4
        azure-mgmt-rdbms/2017-12-01 Azure-SDK-For-Python AZURECLI/2.10.1
      accept-language:
      - en-US
    method: PUT
    uri: https://management.azure.com/subscriptions/00000000-0000-0000-0000-000000000000/resourceGroups/clitest.rg000001/providers/Microsoft.DBForPostgreSQL/servers/azuredbclirep2000005?api-version=2017-12-01
  response:
    body:
      string: '{"operation":"CreateElasticServerContinuousCopy","startTime":"2020-09-15T08:20:40.947Z"}'
    headers:
      azure-asyncoperation:
      - https://management.azure.com/subscriptions/00000000-0000-0000-0000-000000000000/providers/Microsoft.DBforPostgreSQL/locations/westus/azureAsyncOperation/fc90e394-0e7f-4126-b1fd-b572fa3c92ac?api-version=2017-12-01
      cache-control:
      - no-cache
      content-length:
      - '88'
      content-type:
      - application/json; charset=utf-8
      date:
      - Tue, 15 Sep 2020 08:20:41 GMT
      expires:
      - '-1'
      location:
      - https://management.azure.com/subscriptions/00000000-0000-0000-0000-000000000000/providers/Microsoft.DBforPostgreSQL/locations/westus/operationResults/fc90e394-0e7f-4126-b1fd-b572fa3c92ac?api-version=2017-12-01
      pragma:
      - no-cache
      server:
      - Microsoft-HTTPAPI/2.0
      strict-transport-security:
      - max-age=31536000; includeSubDomains
      x-content-type-options:
      - nosniff
      x-ms-ratelimit-remaining-subscription-writes:
      - '1199'
    status:
      code: 202
      message: Accepted
- request:
    body: null
    headers:
      Accept:
      - application/json
      Accept-Encoding:
      - gzip, deflate
      CommandName:
      - postgres server replica create
      Connection:
      - keep-alive
      ParameterSetName:
      - -g -n --source-server
      User-Agent:
      - python/3.7.7 (Windows-10-10.0.19041-SP0) msrest/0.6.19 msrest_azure/0.6.4
        azure-mgmt-rdbms/2017-12-01 Azure-SDK-For-Python AZURECLI/2.10.1
    method: GET
    uri: https://management.azure.com/subscriptions/00000000-0000-0000-0000-000000000000/providers/Microsoft.DBforPostgreSQL/locations/westus/azureAsyncOperation/fc90e394-0e7f-4126-b1fd-b572fa3c92ac?api-version=2017-12-01
  response:
    body:
      string: '{"name":"fc90e394-0e7f-4126-b1fd-b572fa3c92ac","status":"InProgress","startTime":"2020-09-15T08:20:40.947Z"}'
    headers:
      cache-control:
      - no-cache
      content-length:
      - '108'
      content-type:
      - application/json; charset=utf-8
      date:
      - Tue, 15 Sep 2020 08:21:11 GMT
      expires:
      - '-1'
      pragma:
      - no-cache
      server:
      - Microsoft-HTTPAPI/2.0
      strict-transport-security:
      - max-age=31536000; includeSubDomains
      transfer-encoding:
      - chunked
      vary:
      - Accept-Encoding
      x-content-type-options:
      - nosniff
    status:
      code: 200
      message: OK
- request:
    body: null
    headers:
      Accept:
      - application/json
      Accept-Encoding:
      - gzip, deflate
      CommandName:
      - postgres server replica create
      Connection:
      - keep-alive
      ParameterSetName:
      - -g -n --source-server
      User-Agent:
      - python/3.7.7 (Windows-10-10.0.19041-SP0) msrest/0.6.19 msrest_azure/0.6.4
        azure-mgmt-rdbms/2017-12-01 Azure-SDK-For-Python AZURECLI/2.10.1
    method: GET
    uri: https://management.azure.com/subscriptions/00000000-0000-0000-0000-000000000000/providers/Microsoft.DBforPostgreSQL/locations/westus/azureAsyncOperation/fc90e394-0e7f-4126-b1fd-b572fa3c92ac?api-version=2017-12-01
  response:
    body:
      string: '{"name":"fc90e394-0e7f-4126-b1fd-b572fa3c92ac","status":"InProgress","startTime":"2020-09-15T08:20:40.947Z"}'
    headers:
      cache-control:
      - no-cache
      content-length:
      - '108'
      content-type:
      - application/json; charset=utf-8
      date:
      - Tue, 15 Sep 2020 08:21:41 GMT
      expires:
      - '-1'
      pragma:
      - no-cache
      server:
      - Microsoft-HTTPAPI/2.0
      strict-transport-security:
      - max-age=31536000; includeSubDomains
      transfer-encoding:
      - chunked
      vary:
      - Accept-Encoding
      x-content-type-options:
      - nosniff
    status:
      code: 200
      message: OK
- request:
    body: null
    headers:
      Accept:
      - application/json
      Accept-Encoding:
      - gzip, deflate
      CommandName:
      - postgres server replica create
      Connection:
      - keep-alive
      ParameterSetName:
      - -g -n --source-server
      User-Agent:
      - python/3.7.7 (Windows-10-10.0.19041-SP0) msrest/0.6.19 msrest_azure/0.6.4
        azure-mgmt-rdbms/2017-12-01 Azure-SDK-For-Python AZURECLI/2.10.1
    method: GET
    uri: https://management.azure.com/subscriptions/00000000-0000-0000-0000-000000000000/providers/Microsoft.DBforPostgreSQL/locations/westus/azureAsyncOperation/fc90e394-0e7f-4126-b1fd-b572fa3c92ac?api-version=2017-12-01
  response:
    body:
      string: '{"name":"fc90e394-0e7f-4126-b1fd-b572fa3c92ac","status":"InProgress","startTime":"2020-09-15T08:20:40.947Z"}'
    headers:
      cache-control:
      - no-cache
      content-length:
      - '108'
      content-type:
      - application/json; charset=utf-8
      date:
      - Tue, 15 Sep 2020 08:22:10 GMT
      expires:
      - '-1'
      pragma:
      - no-cache
      server:
      - Microsoft-HTTPAPI/2.0
      strict-transport-security:
      - max-age=31536000; includeSubDomains
      transfer-encoding:
      - chunked
      vary:
      - Accept-Encoding
      x-content-type-options:
      - nosniff
    status:
      code: 200
      message: OK
- request:
    body: null
    headers:
      Accept:
      - application/json
      Accept-Encoding:
      - gzip, deflate
      CommandName:
      - postgres server replica create
      Connection:
      - keep-alive
      ParameterSetName:
      - -g -n --source-server
      User-Agent:
      - python/3.7.7 (Windows-10-10.0.19041-SP0) msrest/0.6.19 msrest_azure/0.6.4
        azure-mgmt-rdbms/2017-12-01 Azure-SDK-For-Python AZURECLI/2.10.1
    method: GET
    uri: https://management.azure.com/subscriptions/00000000-0000-0000-0000-000000000000/providers/Microsoft.DBforPostgreSQL/locations/westus/azureAsyncOperation/fc90e394-0e7f-4126-b1fd-b572fa3c92ac?api-version=2017-12-01
  response:
    body:
      string: '{"name":"fc90e394-0e7f-4126-b1fd-b572fa3c92ac","status":"InProgress","startTime":"2020-09-15T08:20:40.947Z"}'
    headers:
      cache-control:
      - no-cache
      content-length:
      - '108'
      content-type:
      - application/json; charset=utf-8
      date:
      - Tue, 15 Sep 2020 08:22:41 GMT
      expires:
      - '-1'
      pragma:
      - no-cache
      server:
      - Microsoft-HTTPAPI/2.0
      strict-transport-security:
      - max-age=31536000; includeSubDomains
      transfer-encoding:
      - chunked
      vary:
      - Accept-Encoding
      x-content-type-options:
      - nosniff
    status:
      code: 200
      message: OK
- request:
    body: null
    headers:
      Accept:
      - application/json
      Accept-Encoding:
      - gzip, deflate
      CommandName:
      - postgres server replica create
      Connection:
      - keep-alive
      ParameterSetName:
      - -g -n --source-server
      User-Agent:
      - python/3.7.7 (Windows-10-10.0.19041-SP0) msrest/0.6.19 msrest_azure/0.6.4
        azure-mgmt-rdbms/2017-12-01 Azure-SDK-For-Python AZURECLI/2.10.1
    method: GET
    uri: https://management.azure.com/subscriptions/00000000-0000-0000-0000-000000000000/providers/Microsoft.DBforPostgreSQL/locations/westus/azureAsyncOperation/fc90e394-0e7f-4126-b1fd-b572fa3c92ac?api-version=2017-12-01
  response:
    body:
      string: '{"name":"fc90e394-0e7f-4126-b1fd-b572fa3c92ac","status":"InProgress","startTime":"2020-09-15T08:20:40.947Z"}'
    headers:
      cache-control:
      - no-cache
      content-length:
      - '108'
      content-type:
      - application/json; charset=utf-8
      date:
      - Tue, 15 Sep 2020 08:23:11 GMT
      expires:
      - '-1'
      pragma:
      - no-cache
      server:
      - Microsoft-HTTPAPI/2.0
      strict-transport-security:
      - max-age=31536000; includeSubDomains
      transfer-encoding:
      - chunked
      vary:
      - Accept-Encoding
      x-content-type-options:
      - nosniff
    status:
      code: 200
      message: OK
- request:
    body: null
    headers:
      Accept:
      - application/json
      Accept-Encoding:
      - gzip, deflate
      CommandName:
      - postgres server replica create
      Connection:
      - keep-alive
      ParameterSetName:
      - -g -n --source-server
      User-Agent:
      - python/3.7.7 (Windows-10-10.0.19041-SP0) msrest/0.6.19 msrest_azure/0.6.4
        azure-mgmt-rdbms/2017-12-01 Azure-SDK-For-Python AZURECLI/2.10.1
    method: GET
    uri: https://management.azure.com/subscriptions/00000000-0000-0000-0000-000000000000/providers/Microsoft.DBforPostgreSQL/locations/westus/azureAsyncOperation/fc90e394-0e7f-4126-b1fd-b572fa3c92ac?api-version=2017-12-01
  response:
    body:
      string: '{"name":"fc90e394-0e7f-4126-b1fd-b572fa3c92ac","status":"InProgress","startTime":"2020-09-15T08:20:40.947Z"}'
    headers:
      cache-control:
      - no-cache
      content-length:
      - '108'
      content-type:
      - application/json; charset=utf-8
      date:
      - Tue, 15 Sep 2020 08:23:40 GMT
      expires:
      - '-1'
      pragma:
      - no-cache
      server:
      - Microsoft-HTTPAPI/2.0
      strict-transport-security:
      - max-age=31536000; includeSubDomains
      transfer-encoding:
      - chunked
      vary:
      - Accept-Encoding
      x-content-type-options:
      - nosniff
    status:
      code: 200
      message: OK
- request:
    body: null
    headers:
      Accept:
      - application/json
      Accept-Encoding:
      - gzip, deflate
      CommandName:
      - postgres server replica create
      Connection:
      - keep-alive
      ParameterSetName:
      - -g -n --source-server
      User-Agent:
      - python/3.7.7 (Windows-10-10.0.19041-SP0) msrest/0.6.19 msrest_azure/0.6.4
        azure-mgmt-rdbms/2017-12-01 Azure-SDK-For-Python AZURECLI/2.10.1
    method: GET
    uri: https://management.azure.com/subscriptions/00000000-0000-0000-0000-000000000000/providers/Microsoft.DBforPostgreSQL/locations/westus/azureAsyncOperation/fc90e394-0e7f-4126-b1fd-b572fa3c92ac?api-version=2017-12-01
  response:
    body:
      string: '{"name":"fc90e394-0e7f-4126-b1fd-b572fa3c92ac","status":"InProgress","startTime":"2020-09-15T08:20:40.947Z"}'
    headers:
      cache-control:
      - no-cache
      content-length:
      - '108'
      content-type:
      - application/json; charset=utf-8
      date:
      - Tue, 15 Sep 2020 08:24:11 GMT
      expires:
      - '-1'
      pragma:
      - no-cache
      server:
      - Microsoft-HTTPAPI/2.0
      strict-transport-security:
      - max-age=31536000; includeSubDomains
      transfer-encoding:
      - chunked
      vary:
      - Accept-Encoding
      x-content-type-options:
      - nosniff
    status:
      code: 200
      message: OK
- request:
    body: null
    headers:
      Accept:
      - application/json
      Accept-Encoding:
      - gzip, deflate
      CommandName:
      - postgres server replica create
      Connection:
      - keep-alive
      ParameterSetName:
      - -g -n --source-server
      User-Agent:
      - python/3.7.7 (Windows-10-10.0.19041-SP0) msrest/0.6.19 msrest_azure/0.6.4
        azure-mgmt-rdbms/2017-12-01 Azure-SDK-For-Python AZURECLI/2.10.1
    method: GET
    uri: https://management.azure.com/subscriptions/00000000-0000-0000-0000-000000000000/providers/Microsoft.DBforPostgreSQL/locations/westus/azureAsyncOperation/fc90e394-0e7f-4126-b1fd-b572fa3c92ac?api-version=2017-12-01
  response:
    body:
      string: '{"name":"fc90e394-0e7f-4126-b1fd-b572fa3c92ac","status":"InProgress","startTime":"2020-09-15T08:20:40.947Z"}'
    headers:
      cache-control:
      - no-cache
      content-length:
      - '108'
      content-type:
      - application/json; charset=utf-8
      date:
      - Tue, 15 Sep 2020 08:24:41 GMT
      expires:
      - '-1'
      pragma:
      - no-cache
      server:
      - Microsoft-HTTPAPI/2.0
      strict-transport-security:
      - max-age=31536000; includeSubDomains
      transfer-encoding:
      - chunked
      vary:
      - Accept-Encoding
      x-content-type-options:
      - nosniff
    status:
      code: 200
      message: OK
- request:
    body: null
    headers:
      Accept:
      - application/json
      Accept-Encoding:
      - gzip, deflate
      CommandName:
      - postgres server replica create
      Connection:
      - keep-alive
      ParameterSetName:
      - -g -n --source-server
      User-Agent:
      - python/3.7.7 (Windows-10-10.0.19041-SP0) msrest/0.6.19 msrest_azure/0.6.4
        azure-mgmt-rdbms/2017-12-01 Azure-SDK-For-Python AZURECLI/2.10.1
    method: GET
    uri: https://management.azure.com/subscriptions/00000000-0000-0000-0000-000000000000/providers/Microsoft.DBforPostgreSQL/locations/westus/azureAsyncOperation/fc90e394-0e7f-4126-b1fd-b572fa3c92ac?api-version=2017-12-01
  response:
    body:
      string: '{"name":"fc90e394-0e7f-4126-b1fd-b572fa3c92ac","status":"InProgress","startTime":"2020-09-15T08:20:40.947Z"}'
    headers:
      cache-control:
      - no-cache
      content-length:
      - '108'
      content-type:
      - application/json; charset=utf-8
      date:
      - Tue, 15 Sep 2020 08:25:11 GMT
      expires:
      - '-1'
      pragma:
      - no-cache
      server:
      - Microsoft-HTTPAPI/2.0
      strict-transport-security:
      - max-age=31536000; includeSubDomains
      transfer-encoding:
      - chunked
      vary:
      - Accept-Encoding
      x-content-type-options:
      - nosniff
    status:
      code: 200
      message: OK
- request:
    body: null
    headers:
      Accept:
      - application/json
      Accept-Encoding:
      - gzip, deflate
      CommandName:
      - postgres server replica create
      Connection:
      - keep-alive
      ParameterSetName:
      - -g -n --source-server
      User-Agent:
      - python/3.7.7 (Windows-10-10.0.19041-SP0) msrest/0.6.19 msrest_azure/0.6.4
        azure-mgmt-rdbms/2017-12-01 Azure-SDK-For-Python AZURECLI/2.10.1
    method: GET
    uri: https://management.azure.com/subscriptions/00000000-0000-0000-0000-000000000000/providers/Microsoft.DBforPostgreSQL/locations/westus/azureAsyncOperation/fc90e394-0e7f-4126-b1fd-b572fa3c92ac?api-version=2017-12-01
  response:
    body:
      string: '{"name":"fc90e394-0e7f-4126-b1fd-b572fa3c92ac","status":"InProgress","startTime":"2020-09-15T08:20:40.947Z"}'
    headers:
      cache-control:
      - no-cache
      content-length:
      - '108'
      content-type:
      - application/json; charset=utf-8
      date:
      - Tue, 15 Sep 2020 08:25:41 GMT
      expires:
      - '-1'
      pragma:
      - no-cache
      server:
      - Microsoft-HTTPAPI/2.0
      strict-transport-security:
      - max-age=31536000; includeSubDomains
      transfer-encoding:
      - chunked
      vary:
      - Accept-Encoding
      x-content-type-options:
      - nosniff
    status:
      code: 200
      message: OK
- request:
    body: null
    headers:
      Accept:
      - application/json
      Accept-Encoding:
      - gzip, deflate
      CommandName:
      - postgres server replica create
      Connection:
      - keep-alive
      ParameterSetName:
      - -g -n --source-server
      User-Agent:
      - python/3.7.7 (Windows-10-10.0.19041-SP0) msrest/0.6.19 msrest_azure/0.6.4
        azure-mgmt-rdbms/2017-12-01 Azure-SDK-For-Python AZURECLI/2.10.1
    method: GET
    uri: https://management.azure.com/subscriptions/00000000-0000-0000-0000-000000000000/providers/Microsoft.DBforPostgreSQL/locations/westus/azureAsyncOperation/fc90e394-0e7f-4126-b1fd-b572fa3c92ac?api-version=2017-12-01
  response:
    body:
      string: '{"name":"fc90e394-0e7f-4126-b1fd-b572fa3c92ac","status":"InProgress","startTime":"2020-09-15T08:20:40.947Z"}'
    headers:
      cache-control:
      - no-cache
      content-length:
      - '108'
      content-type:
      - application/json; charset=utf-8
      date:
      - Tue, 15 Sep 2020 08:26:11 GMT
      expires:
      - '-1'
      pragma:
      - no-cache
      server:
      - Microsoft-HTTPAPI/2.0
      strict-transport-security:
      - max-age=31536000; includeSubDomains
      transfer-encoding:
      - chunked
      vary:
      - Accept-Encoding
      x-content-type-options:
      - nosniff
    status:
      code: 200
      message: OK
- request:
    body: null
    headers:
      Accept:
      - application/json
      Accept-Encoding:
      - gzip, deflate
      CommandName:
      - postgres server replica create
      Connection:
      - keep-alive
      ParameterSetName:
      - -g -n --source-server
      User-Agent:
      - python/3.7.7 (Windows-10-10.0.19041-SP0) msrest/0.6.19 msrest_azure/0.6.4
        azure-mgmt-rdbms/2017-12-01 Azure-SDK-For-Python AZURECLI/2.10.1
    method: GET
    uri: https://management.azure.com/subscriptions/00000000-0000-0000-0000-000000000000/providers/Microsoft.DBforPostgreSQL/locations/westus/azureAsyncOperation/fc90e394-0e7f-4126-b1fd-b572fa3c92ac?api-version=2017-12-01
  response:
    body:
      string: '{"name":"fc90e394-0e7f-4126-b1fd-b572fa3c92ac","status":"InProgress","startTime":"2020-09-15T08:20:40.947Z"}'
    headers:
      cache-control:
      - no-cache
      content-length:
      - '108'
      content-type:
      - application/json; charset=utf-8
      date:
      - Tue, 15 Sep 2020 08:26:42 GMT
      expires:
      - '-1'
      pragma:
      - no-cache
      server:
      - Microsoft-HTTPAPI/2.0
      strict-transport-security:
      - max-age=31536000; includeSubDomains
      transfer-encoding:
      - chunked
      vary:
      - Accept-Encoding
      x-content-type-options:
      - nosniff
    status:
      code: 200
      message: OK
- request:
    body: null
    headers:
      Accept:
      - application/json
      Accept-Encoding:
      - gzip, deflate
      CommandName:
      - postgres server replica create
      Connection:
      - keep-alive
      ParameterSetName:
      - -g -n --source-server
      User-Agent:
      - python/3.7.7 (Windows-10-10.0.19041-SP0) msrest/0.6.19 msrest_azure/0.6.4
        azure-mgmt-rdbms/2017-12-01 Azure-SDK-For-Python AZURECLI/2.10.1
    method: GET
    uri: https://management.azure.com/subscriptions/00000000-0000-0000-0000-000000000000/providers/Microsoft.DBforPostgreSQL/locations/westus/azureAsyncOperation/fc90e394-0e7f-4126-b1fd-b572fa3c92ac?api-version=2017-12-01
  response:
    body:
      string: '{"name":"fc90e394-0e7f-4126-b1fd-b572fa3c92ac","status":"InProgress","startTime":"2020-09-15T08:20:40.947Z"}'
    headers:
      cache-control:
      - no-cache
      content-length:
      - '108'
      content-type:
      - application/json; charset=utf-8
      date:
      - Tue, 15 Sep 2020 08:27:11 GMT
      expires:
      - '-1'
      pragma:
      - no-cache
      server:
      - Microsoft-HTTPAPI/2.0
      strict-transport-security:
      - max-age=31536000; includeSubDomains
      transfer-encoding:
      - chunked
      vary:
      - Accept-Encoding
      x-content-type-options:
      - nosniff
    status:
      code: 200
      message: OK
- request:
    body: null
    headers:
      Accept:
      - application/json
      Accept-Encoding:
      - gzip, deflate
      CommandName:
      - postgres server replica create
      Connection:
      - keep-alive
      ParameterSetName:
      - -g -n --source-server
      User-Agent:
      - python/3.7.7 (Windows-10-10.0.19041-SP0) msrest/0.6.19 msrest_azure/0.6.4
        azure-mgmt-rdbms/2017-12-01 Azure-SDK-For-Python AZURECLI/2.10.1
    method: GET
    uri: https://management.azure.com/subscriptions/00000000-0000-0000-0000-000000000000/providers/Microsoft.DBforPostgreSQL/locations/westus/azureAsyncOperation/fc90e394-0e7f-4126-b1fd-b572fa3c92ac?api-version=2017-12-01
  response:
    body:
      string: '{"name":"fc90e394-0e7f-4126-b1fd-b572fa3c92ac","status":"InProgress","startTime":"2020-09-15T08:20:40.947Z"}'
    headers:
      cache-control:
      - no-cache
      content-length:
      - '108'
      content-type:
      - application/json; charset=utf-8
      date:
      - Tue, 15 Sep 2020 08:27:41 GMT
      expires:
      - '-1'
      pragma:
      - no-cache
      server:
      - Microsoft-HTTPAPI/2.0
      strict-transport-security:
      - max-age=31536000; includeSubDomains
      transfer-encoding:
      - chunked
      vary:
      - Accept-Encoding
      x-content-type-options:
      - nosniff
    status:
      code: 200
      message: OK
- request:
    body: null
    headers:
      Accept:
      - application/json
      Accept-Encoding:
      - gzip, deflate
      CommandName:
      - postgres server replica create
      Connection:
      - keep-alive
      ParameterSetName:
      - -g -n --source-server
      User-Agent:
      - python/3.7.7 (Windows-10-10.0.19041-SP0) msrest/0.6.19 msrest_azure/0.6.4
        azure-mgmt-rdbms/2017-12-01 Azure-SDK-For-Python AZURECLI/2.10.1
    method: GET
    uri: https://management.azure.com/subscriptions/00000000-0000-0000-0000-000000000000/providers/Microsoft.DBforPostgreSQL/locations/westus/azureAsyncOperation/fc90e394-0e7f-4126-b1fd-b572fa3c92ac?api-version=2017-12-01
  response:
    body:
      string: '{"name":"fc90e394-0e7f-4126-b1fd-b572fa3c92ac","status":"Succeeded","startTime":"2020-09-15T08:20:40.947Z"}'
    headers:
      cache-control:
      - no-cache
      content-length:
      - '107'
      content-type:
      - application/json; charset=utf-8
      date:
      - Tue, 15 Sep 2020 08:28:11 GMT
      expires:
      - '-1'
      pragma:
      - no-cache
      server:
      - Microsoft-HTTPAPI/2.0
      strict-transport-security:
      - max-age=31536000; includeSubDomains
      transfer-encoding:
      - chunked
      vary:
      - Accept-Encoding
      x-content-type-options:
      - nosniff
    status:
      code: 200
      message: OK
- request:
    body: null
    headers:
      Accept:
      - application/json
      Accept-Encoding:
      - gzip, deflate
      CommandName:
      - postgres server replica create
      Connection:
      - keep-alive
      ParameterSetName:
      - -g -n --source-server
      User-Agent:
      - python/3.7.7 (Windows-10-10.0.19041-SP0) msrest/0.6.19 msrest_azure/0.6.4
        azure-mgmt-rdbms/2017-12-01 Azure-SDK-For-Python AZURECLI/2.10.1
    method: GET
    uri: https://management.azure.com/subscriptions/00000000-0000-0000-0000-000000000000/resourceGroups/clitest.rg000001/providers/Microsoft.DBForPostgreSQL/servers/azuredbclirep2000005?api-version=2017-12-01
  response:
    body:
      string: '{"sku":{"name":"GP_Gen5_2","tier":"GeneralPurpose","family":"Gen5","capacity":2},"properties":{"administratorLogin":"cloudsa","storageProfile":{"storageMB":5120,"backupRetentionDays":7,"geoRedundantBackup":"Disabled","storageAutogrow":"Enabled"},"version":"9.6","sslEnforcement":"Enabled","minimalTlsVersion":"TLSEnforcementDisabled","userVisibleState":"Ready","fullyQualifiedDomainName":"azuredbclirep2000005.postgres.database.azure.com","earliestRestoreDate":"2020-09-15T08:32:42.04+00:00","replicationRole":"Replica","masterServerId":"/subscriptions/00000000-0000-0000-0000-000000000000/resourceGroups/clitest.rg000001/providers/Microsoft.DBforPostgreSQL/servers/azuredbclitest000003","replicaCapacity":0,"byokEnforcement":"Disabled","privateEndpointConnections":[],"infrastructureEncryption":"Disabled","publicNetworkAccess":"Enabled"},"location":"westus","id":"/subscriptions/00000000-0000-0000-0000-000000000000/resourceGroups/clitest.rg000001/providers/Microsoft.DBforPostgreSQL/servers/azuredbclirep2000005","name":"azuredbclirep2000005","type":"Microsoft.DBforPostgreSQL/servers"}'
    headers:
      cache-control:
      - no-cache
      content-length:
      - '1348'
      content-type:
      - application/json; charset=utf-8
      date:
      - Tue, 15 Sep 2020 08:28:11 GMT
      expires:
      - '-1'
      pragma:
      - no-cache
      server:
      - Microsoft-HTTPAPI/2.0
      strict-transport-security:
      - max-age=31536000; includeSubDomains
      transfer-encoding:
      - chunked
      vary:
      - Accept-Encoding
      x-content-type-options:
      - nosniff
    status:
      code: 200
      message: OK
- request:
    body: null
    headers:
      Accept:
      - application/json
      Accept-Encoding:
      - gzip, deflate
      CommandName:
      - postgres server delete
      Connection:
      - keep-alive
      Content-Length:
      - '0'
      ParameterSetName:
      - -g --name --yes
      User-Agent:
      - python/3.7.7 (Windows-10-10.0.19041-SP0) msrest/0.6.19 msrest_azure/0.6.4
        azure-mgmt-rdbms/2017-12-01 Azure-SDK-For-Python AZURECLI/2.10.1
      accept-language:
      - en-US
    method: DELETE
    uri: https://management.azure.com/subscriptions/00000000-0000-0000-0000-000000000000/resourceGroups/clitest.rg000001/providers/Microsoft.DBForPostgreSQL/servers/azuredbclitest000003?api-version=2017-12-01
  response:
    body:
      string: '{"operation":"DropElasticServer","startTime":"2020-09-15T08:28:13.387Z"}'
    headers:
      azure-asyncoperation:
      - https://management.azure.com/subscriptions/00000000-0000-0000-0000-000000000000/providers/Microsoft.DBforPostgreSQL/locations/westus/azureAsyncOperation/9ba032ae-a457-40b9-8aa5-2b90b0777f05?api-version=2017-12-01
      cache-control:
      - no-cache
      content-length:
      - '72'
      content-type:
      - application/json; charset=utf-8
      date:
      - Tue, 15 Sep 2020 08:28:13 GMT
      expires:
      - '-1'
      location:
      - https://management.azure.com/subscriptions/00000000-0000-0000-0000-000000000000/providers/Microsoft.DBforPostgreSQL/locations/westus/operationResults/9ba032ae-a457-40b9-8aa5-2b90b0777f05?api-version=2017-12-01
      pragma:
      - no-cache
      server:
      - Microsoft-HTTPAPI/2.0
      strict-transport-security:
      - max-age=31536000; includeSubDomains
      x-content-type-options:
      - nosniff
      x-ms-ratelimit-remaining-subscription-deletes:
      - '14999'
    status:
      code: 202
      message: Accepted
- request:
    body: null
    headers:
      Accept:
      - application/json
      Accept-Encoding:
      - gzip, deflate
      CommandName:
      - postgres server delete
      Connection:
      - keep-alive
      ParameterSetName:
      - -g --name --yes
      User-Agent:
      - python/3.7.7 (Windows-10-10.0.19041-SP0) msrest/0.6.19 msrest_azure/0.6.4
        azure-mgmt-rdbms/2017-12-01 Azure-SDK-For-Python AZURECLI/2.10.1
    method: GET
    uri: https://management.azure.com/subscriptions/00000000-0000-0000-0000-000000000000/providers/Microsoft.DBforPostgreSQL/locations/westus/azureAsyncOperation/9ba032ae-a457-40b9-8aa5-2b90b0777f05?api-version=2017-12-01
  response:
    body:
      string: '{"name":"9ba032ae-a457-40b9-8aa5-2b90b0777f05","status":"Succeeded","startTime":"2020-09-15T08:28:13.387Z"}'
    headers:
      cache-control:
      - no-cache
      content-length:
      - '107'
      content-type:
      - application/json; charset=utf-8
      date:
      - Tue, 15 Sep 2020 08:28:27 GMT
      expires:
      - '-1'
      pragma:
      - no-cache
      server:
      - Microsoft-HTTPAPI/2.0
      strict-transport-security:
      - max-age=31536000; includeSubDomains
      transfer-encoding:
      - chunked
      vary:
      - Accept-Encoding
      x-content-type-options:
      - nosniff
    status:
      code: 200
      message: OK
- request:
    body: null
    headers:
      Accept:
      - application/json
      Accept-Encoding:
      - gzip, deflate
      CommandName:
      - postgres server delete
      Connection:
      - keep-alive
      Content-Length:
      - '0'
      ParameterSetName:
      - -g --name --yes
      User-Agent:
      - python/3.7.7 (Windows-10-10.0.19041-SP0) msrest/0.6.19 msrest_azure/0.6.4
        azure-mgmt-rdbms/2017-12-01 Azure-SDK-For-Python AZURECLI/2.10.1
      accept-language:
      - en-US
    method: DELETE
    uri: https://management.azure.com/subscriptions/00000000-0000-0000-0000-000000000000/resourceGroups/clitest.rg000001/providers/Microsoft.DBForPostgreSQL/servers/azuredbclirep1000004?api-version=2017-12-01
  response:
    body:
      string: ''
    headers:
      cache-control:
      - no-cache
      date:
      - Tue, 15 Sep 2020 08:28:29 GMT
      expires:
      - '-1'
      pragma:
      - no-cache
      strict-transport-security:
      - max-age=31536000; includeSubDomains
      x-content-type-options:
      - nosniff
      x-ms-ratelimit-remaining-subscription-deletes:
      - '14999'
    status:
      code: 204
      message: No Content
- request:
    body: null
    headers:
      Accept:
      - application/json
      Accept-Encoding:
      - gzip, deflate
      CommandName:
      - postgres server delete
      Connection:
      - keep-alive
      Content-Length:
      - '0'
      ParameterSetName:
      - -g --name --yes
      User-Agent:
      - python/3.7.7 (Windows-10-10.0.19041-SP0) msrest/0.6.19 msrest_azure/0.6.4
        azure-mgmt-rdbms/2017-12-01 Azure-SDK-For-Python AZURECLI/2.10.1
      accept-language:
      - en-US
    method: DELETE
    uri: https://management.azure.com/subscriptions/00000000-0000-0000-0000-000000000000/resourceGroups/clitest.rg000001/providers/Microsoft.DBForPostgreSQL/servers/azuredbclirep2000005?api-version=2017-12-01
  response:
    body:
      string: '{"operation":"DropElasticServer","startTime":"2020-09-15T08:28:30.27Z"}'
    headers:
      azure-asyncoperation:
      - https://management.azure.com/subscriptions/00000000-0000-0000-0000-000000000000/providers/Microsoft.DBforPostgreSQL/locations/westus/azureAsyncOperation/3e2dd170-8bec-49d7-9f24-14a632f45fa1?api-version=2017-12-01
      cache-control:
      - no-cache
      content-length:
      - '71'
      content-type:
      - application/json; charset=utf-8
      date:
      - Tue, 15 Sep 2020 08:28:29 GMT
      expires:
      - '-1'
      location:
      - https://management.azure.com/subscriptions/00000000-0000-0000-0000-000000000000/providers/Microsoft.DBforPostgreSQL/locations/westus/operationResults/3e2dd170-8bec-49d7-9f24-14a632f45fa1?api-version=2017-12-01
      pragma:
      - no-cache
      server:
      - Microsoft-HTTPAPI/2.0
      strict-transport-security:
      - max-age=31536000; includeSubDomains
      x-content-type-options:
      - nosniff
      x-ms-ratelimit-remaining-subscription-deletes:
      - '14999'
    status:
      code: 202
      message: Accepted
- request:
    body: null
    headers:
      Accept:
      - application/json
      Accept-Encoding:
      - gzip, deflate
      CommandName:
      - postgres server delete
      Connection:
      - keep-alive
      ParameterSetName:
      - -g --name --yes
      User-Agent:
      - python/3.7.7 (Windows-10-10.0.19041-SP0) msrest/0.6.19 msrest_azure/0.6.4
        azure-mgmt-rdbms/2017-12-01 Azure-SDK-For-Python AZURECLI/2.10.1
    method: GET
    uri: https://management.azure.com/subscriptions/00000000-0000-0000-0000-000000000000/providers/Microsoft.DBforPostgreSQL/locations/westus/azureAsyncOperation/3e2dd170-8bec-49d7-9f24-14a632f45fa1?api-version=2017-12-01
  response:
    body:
      string: '{"name":"3e2dd170-8bec-49d7-9f24-14a632f45fa1","status":"InProgress","startTime":"2020-09-15T08:28:30.27Z"}'
    headers:
      cache-control:
      - no-cache
      content-length:
      - '107'
      content-type:
      - application/json; charset=utf-8
      date:
      - Tue, 15 Sep 2020 08:28:45 GMT
      expires:
      - '-1'
      pragma:
      - no-cache
      server:
      - Microsoft-HTTPAPI/2.0
      strict-transport-security:
      - max-age=31536000; includeSubDomains
      transfer-encoding:
      - chunked
      vary:
      - Accept-Encoding
      x-content-type-options:
      - nosniff
    status:
      code: 200
      message: OK
- request:
    body: null
    headers:
      Accept:
      - application/json
      Accept-Encoding:
      - gzip, deflate
      CommandName:
      - postgres server delete
      Connection:
      - keep-alive
      ParameterSetName:
      - -g --name --yes
      User-Agent:
      - python/3.7.7 (Windows-10-10.0.19041-SP0) msrest/0.6.19 msrest_azure/0.6.4
        azure-mgmt-rdbms/2017-12-01 Azure-SDK-For-Python AZURECLI/2.10.1
    method: GET
    uri: https://management.azure.com/subscriptions/00000000-0000-0000-0000-000000000000/providers/Microsoft.DBforPostgreSQL/locations/westus/azureAsyncOperation/3e2dd170-8bec-49d7-9f24-14a632f45fa1?api-version=2017-12-01
  response:
    body:
      string: '{"name":"3e2dd170-8bec-49d7-9f24-14a632f45fa1","status":"InProgress","startTime":"2020-09-15T08:28:30.27Z"}'
    headers:
      cache-control:
      - no-cache
      content-length:
      - '107'
      content-type:
      - application/json; charset=utf-8
      date:
      - Tue, 15 Sep 2020 08:29:00 GMT
      expires:
      - '-1'
      pragma:
      - no-cache
      server:
      - Microsoft-HTTPAPI/2.0
      strict-transport-security:
      - max-age=31536000; includeSubDomains
      transfer-encoding:
      - chunked
      vary:
      - Accept-Encoding
      x-content-type-options:
      - nosniff
    status:
      code: 200
      message: OK
- request:
    body: null
    headers:
      Accept:
      - application/json
      Accept-Encoding:
      - gzip, deflate
      CommandName:
      - postgres server delete
      Connection:
      - keep-alive
      ParameterSetName:
      - -g --name --yes
      User-Agent:
      - python/3.7.7 (Windows-10-10.0.19041-SP0) msrest/0.6.19 msrest_azure/0.6.4
        azure-mgmt-rdbms/2017-12-01 Azure-SDK-For-Python AZURECLI/2.10.1
    method: GET
    uri: https://management.azure.com/subscriptions/00000000-0000-0000-0000-000000000000/providers/Microsoft.DBforPostgreSQL/locations/westus/azureAsyncOperation/3e2dd170-8bec-49d7-9f24-14a632f45fa1?api-version=2017-12-01
  response:
    body:
      string: '{"name":"3e2dd170-8bec-49d7-9f24-14a632f45fa1","status":"InProgress","startTime":"2020-09-15T08:28:30.27Z"}'
    headers:
      cache-control:
      - no-cache
      content-length:
      - '107'
      content-type:
      - application/json; charset=utf-8
      date:
      - Tue, 15 Sep 2020 08:29:15 GMT
      expires:
      - '-1'
      pragma:
      - no-cache
      server:
      - Microsoft-HTTPAPI/2.0
      strict-transport-security:
      - max-age=31536000; includeSubDomains
      transfer-encoding:
      - chunked
      vary:
      - Accept-Encoding
      x-content-type-options:
      - nosniff
    status:
      code: 200
      message: OK
- request:
    body: null
    headers:
      Accept:
      - application/json
      Accept-Encoding:
      - gzip, deflate
      CommandName:
      - postgres server delete
      Connection:
      - keep-alive
      ParameterSetName:
      - -g --name --yes
      User-Agent:
      - python/3.7.7 (Windows-10-10.0.19041-SP0) msrest/0.6.19 msrest_azure/0.6.4
        azure-mgmt-rdbms/2017-12-01 Azure-SDK-For-Python AZURECLI/2.10.1
    method: GET
    uri: https://management.azure.com/subscriptions/00000000-0000-0000-0000-000000000000/providers/Microsoft.DBforPostgreSQL/locations/westus/azureAsyncOperation/3e2dd170-8bec-49d7-9f24-14a632f45fa1?api-version=2017-12-01
  response:
    body:
      string: '{"name":"3e2dd170-8bec-49d7-9f24-14a632f45fa1","status":"Succeeded","startTime":"2020-09-15T08:28:30.27Z"}'
    headers:
      cache-control:
      - no-cache
      content-length:
      - '106'
      content-type:
      - application/json; charset=utf-8
      date:
      - Tue, 15 Sep 2020 08:29:30 GMT
      expires:
      - '-1'
      pragma:
      - no-cache
      server:
      - Microsoft-HTTPAPI/2.0
      strict-transport-security:
      - max-age=31536000; includeSubDomains
      transfer-encoding:
      - chunked
      vary:
      - Accept-Encoding
      x-content-type-options:
      - nosniff
    status:
      code: 200
      message: OK
version: 1
