interactions:
- request:
    body: null
    headers:
      Accept:
      - application/json
      Accept-Encoding:
      - gzip, deflate
      CommandName:
      - postgres server create
      Connection:
      - keep-alive
      ParameterSetName:
      - -g --name -l --admin-user --admin-password --sku-name --tags --public
      User-Agent:
      - python/3.7.4 (Windows-10-10.0.19041-SP0) msrest/0.6.18 msrest_azure/0.6.3
        azure-mgmt-resource/10.2.0 Azure-SDK-For-Python AZURECLI/2.13.0
      accept-language:
      - en-US
    method: HEAD
    uri: https://management.azure.com/subscriptions/00000000-0000-0000-0000-000000000000/resourcegroups/clitest.rg000001?api-version=2020-06-01
  response:
    body:
      string: ''
    headers:
      cache-control:
      - no-cache
      content-length:
      - '0'
      date:
      - Thu, 15 Oct 2020 23:01:01 GMT
      expires:
      - '-1'
      pragma:
      - no-cache
      strict-transport-security:
      - max-age=31536000; includeSubDomains
      x-content-type-options:
      - nosniff
    status:
      code: 204
      message: No Content
- request:
    body: '{"name": "azuredbclipublicall000002", "type": "Microsoft.DBforPostgreSQL/servers"}'
    headers:
      Accept:
      - application/json
      Accept-Encoding:
      - gzip, deflate
      CommandName:
      - postgres server create
      Connection:
      - keep-alive
      Content-Length:
      - '120'
      Content-Type:
      - application/json; charset=utf-8
      ParameterSetName:
      - -g --name -l --admin-user --admin-password --sku-name --tags --public
      User-Agent:
      - python/3.7.4 (Windows-10-10.0.19041-SP0) msrest/0.6.18 msrest_azure/0.6.3
        azure-mgmt-rdbms/2017-12-01 Azure-SDK-For-Python AZURECLI/2.13.0
      accept-language:
      - en-US
    method: POST
    uri: https://management.azure.com/subscriptions/00000000-0000-0000-0000-000000000000/providers/Microsoft.DBForPostgreSQL/checkNameAvailability?api-version=2017-12-01
  response:
    body:
      string: '{"nameAvailable":true,"message":""}'
    headers:
      cache-control:
      - no-cache
      content-length:
      - '35'
      content-type:
      - application/json; charset=utf-8
      date:
      - Thu, 15 Oct 2020 23:01:02 GMT
      expires:
      - '-1'
      pragma:
      - no-cache
      server:
      - Microsoft-HTTPAPI/2.0
      strict-transport-security:
      - max-age=31536000; includeSubDomains
      transfer-encoding:
      - chunked
      vary:
      - Accept-Encoding
      x-content-type-options:
      - nosniff
      x-ms-ratelimit-remaining-subscription-writes:
      - '1199'
    status:
      code: 200
      message: OK
- request:
    body: '{"sku": {"name": "GP_Gen5_2"}, "properties": {"publicNetworkAccess": "Enabled",
      "storageProfile": {"storageMB": 51200, "storageAutogrow": "Enabled"}, "createMode":
      "Default", "administratorLogin": "cloudsa", "administratorLoginPassword": "SecretPassword123"},
      "location": "westus2", "tags": {"key": "1"}}'
    headers:
      Accept:
      - application/json
      Accept-Encoding:
      - gzip, deflate
      CommandName:
      - postgres server create
      Connection:
      - keep-alive
      Content-Length:
      - '304'
      Content-Type:
      - application/json; charset=utf-8
      ParameterSetName:
      - -g --name -l --admin-user --admin-password --sku-name --tags --public
      User-Agent:
      - python/3.7.4 (Windows-10-10.0.19041-SP0) msrest/0.6.18 msrest_azure/0.6.3
        azure-mgmt-rdbms/2017-12-01 Azure-SDK-For-Python AZURECLI/2.13.0
      accept-language:
      - en-US
    method: PUT
    uri: https://management.azure.com/subscriptions/00000000-0000-0000-0000-000000000000/resourceGroups/clitest.rg000001/providers/Microsoft.DBForPostgreSQL/servers/azuredbclipublicall000002?api-version=2017-12-01
  response:
    body:
      string: '{"operation":"UpsertElasticServer","startTime":"2020-10-15T23:01:03.627Z"}'
    headers:
      azure-asyncoperation:
      - https://management.azure.com/subscriptions/00000000-0000-0000-0000-000000000000/providers/Microsoft.DBforPostgreSQL/locations/westus2/azureAsyncOperation/54ffd69f-cf14-4eeb-904a-73bcb109e26c?api-version=2017-12-01
      cache-control:
      - no-cache
      content-length:
      - '74'
      content-type:
      - application/json; charset=utf-8
      date:
      - Thu, 15 Oct 2020 23:01:04 GMT
      expires:
      - '-1'
      location:
      - https://management.azure.com/subscriptions/00000000-0000-0000-0000-000000000000/providers/Microsoft.DBforPostgreSQL/locations/westus2/operationResults/54ffd69f-cf14-4eeb-904a-73bcb109e26c?api-version=2017-12-01
      pragma:
      - no-cache
      server:
      - Microsoft-HTTPAPI/2.0
      strict-transport-security:
      - max-age=31536000; includeSubDomains
      x-content-type-options:
      - nosniff
      x-ms-ratelimit-remaining-subscription-writes:
      - '1199'
    status:
      code: 202
      message: Accepted
- request:
    body: null
    headers:
      Accept:
      - application/json
      Accept-Encoding:
      - gzip, deflate
      CommandName:
      - postgres server create
      Connection:
      - keep-alive
      ParameterSetName:
      - -g --name -l --admin-user --admin-password --sku-name --tags --public
      User-Agent:
      - python/3.7.4 (Windows-10-10.0.19041-SP0) msrest/0.6.18 msrest_azure/0.6.3
        azure-mgmt-rdbms/2017-12-01 Azure-SDK-For-Python AZURECLI/2.13.0
    method: GET
    uri: https://management.azure.com/subscriptions/00000000-0000-0000-0000-000000000000/providers/Microsoft.DBforPostgreSQL/locations/westus2/azureAsyncOperation/54ffd69f-cf14-4eeb-904a-73bcb109e26c?api-version=2017-12-01
  response:
    body:
      string: '{"name":"54ffd69f-cf14-4eeb-904a-73bcb109e26c","status":"InProgress","startTime":"2020-10-15T23:01:03.627Z"}'
    headers:
      cache-control:
      - no-cache
      content-length:
      - '108'
      content-type:
      - application/json; charset=utf-8
      date:
      - Thu, 15 Oct 2020 23:02:04 GMT
      expires:
      - '-1'
      pragma:
      - no-cache
      server:
      - Microsoft-HTTPAPI/2.0
      strict-transport-security:
      - max-age=31536000; includeSubDomains
      transfer-encoding:
      - chunked
      vary:
      - Accept-Encoding
      x-content-type-options:
      - nosniff
    status:
      code: 200
      message: OK
- request:
    body: null
    headers:
      Accept:
      - application/json
      Accept-Encoding:
      - gzip, deflate
      CommandName:
      - postgres server create
      Connection:
      - keep-alive
      ParameterSetName:
      - -g --name -l --admin-user --admin-password --sku-name --tags --public
      User-Agent:
      - python/3.7.4 (Windows-10-10.0.19041-SP0) msrest/0.6.18 msrest_azure/0.6.3
        azure-mgmt-rdbms/2017-12-01 Azure-SDK-For-Python AZURECLI/2.13.0
    method: GET
    uri: https://management.azure.com/subscriptions/00000000-0000-0000-0000-000000000000/providers/Microsoft.DBforPostgreSQL/locations/westus2/azureAsyncOperation/54ffd69f-cf14-4eeb-904a-73bcb109e26c?api-version=2017-12-01
  response:
    body:
      string: '{"name":"54ffd69f-cf14-4eeb-904a-73bcb109e26c","status":"Succeeded","startTime":"2020-10-15T23:01:03.627Z"}'
    headers:
      cache-control:
      - no-cache
      content-length:
      - '107'
      content-type:
      - application/json; charset=utf-8
      date:
      - Thu, 15 Oct 2020 23:03:04 GMT
      expires:
      - '-1'
      pragma:
      - no-cache
      server:
      - Microsoft-HTTPAPI/2.0
      strict-transport-security:
      - max-age=31536000; includeSubDomains
      transfer-encoding:
      - chunked
      vary:
      - Accept-Encoding
      x-content-type-options:
      - nosniff
    status:
      code: 200
      message: OK
- request:
    body: null
    headers:
      Accept:
      - application/json
      Accept-Encoding:
      - gzip, deflate
      CommandName:
      - postgres server create
      Connection:
      - keep-alive
      ParameterSetName:
      - -g --name -l --admin-user --admin-password --sku-name --tags --public
      User-Agent:
      - python/3.7.4 (Windows-10-10.0.19041-SP0) msrest/0.6.18 msrest_azure/0.6.3
        azure-mgmt-rdbms/2017-12-01 Azure-SDK-For-Python AZURECLI/2.13.0
    method: GET
    uri: https://management.azure.com/subscriptions/00000000-0000-0000-0000-000000000000/resourceGroups/clitest.rg000001/providers/Microsoft.DBForPostgreSQL/servers/azuredbclipublicall000002?api-version=2017-12-01
  response:
    body:
      string: '{"sku":{"name":"GP_Gen5_2","tier":"GeneralPurpose","family":"Gen5","capacity":2},"properties":{"administratorLogin":"cloudsa","storageProfile":{"storageMB":51200,"backupRetentionDays":7,"geoRedundantBackup":"Disabled","storageAutogrow":"Enabled"},"version":"9.6","sslEnforcement":"Enabled","minimalTlsVersion":"TLSEnforcementDisabled","userVisibleState":"Ready","fullyQualifiedDomainName":"azuredbclipublicall000002.postgres.database.azure.com","earliestRestoreDate":"2020-10-15T23:11:04.08+00:00","replicationRole":"None","masterServerId":"","replicaCapacity":5,"byokEnforcement":"Disabled","privateEndpointConnections":[],"infrastructureEncryption":"Disabled","publicNetworkAccess":"Enabled"},"location":"westus2","tags":{"key":"1"},"id":"/subscriptions/00000000-0000-0000-0000-000000000000/resourceGroups/clitest.rg000001/providers/Microsoft.DBforPostgreSQL/servers/azuredbclipublicall000002","name":"azuredbclipublicall000002","type":"Microsoft.DBforPostgreSQL/servers"}'
    headers:
      cache-control:
      - no-cache
      content-length:
      - '1147'
      content-type:
      - application/json; charset=utf-8
      date:
      - Thu, 15 Oct 2020 23:03:04 GMT
      expires:
      - '-1'
      pragma:
      - no-cache
      server:
      - Microsoft-HTTPAPI/2.0
      strict-transport-security:
      - max-age=31536000; includeSubDomains
      transfer-encoding:
      - chunked
      vary:
      - Accept-Encoding
      x-content-type-options:
      - nosniff
    status:
      code: 200
      message: OK
- request:
    body: '{"properties": {"startIpAddress": "0.0.0.0", "endIpAddress": "255.255.255.255"}}'
    headers:
      Accept:
      - application/json
      Accept-Encoding:
      - gzip, deflate
      CommandName:
      - postgres server create
      Connection:
      - keep-alive
      Content-Length:
      - '80'
      Content-Type:
      - application/json; charset=utf-8
      ParameterSetName:
      - -g --name -l --admin-user --admin-password --sku-name --tags --public
      User-Agent:
      - python/3.7.4 (Windows-10-10.0.19041-SP0) msrest/0.6.18 msrest_azure/0.6.3
        azure-mgmt-rdbms/2017-12-01 Azure-SDK-For-Python AZURECLI/2.13.0
      accept-language:
      - en-US
    method: PUT
    uri: https://management.azure.com/subscriptions/00000000-0000-0000-0000-000000000000/resourceGroups/clitest.rg000001/providers/Microsoft.DBForPostgreSQL/servers/azuredbclipublicall000002/firewallRules/AllowAll_2020-10-15_16-3-6?api-version=2017-12-01
  response:
    body:
      string: '{"operation":"UpsertElasticServerFirewallRules","startTime":"2020-10-15T23:03:06.613Z"}'
    headers:
      azure-asyncoperation:
      - https://management.azure.com/subscriptions/00000000-0000-0000-0000-000000000000/providers/Microsoft.DBforPostgreSQL/locations/westus2/azureAsyncOperation/fd03e3a3-3af7-42e6-acc1-ee5ad9a35624?api-version=2017-12-01
      cache-control:
      - no-cache
      content-length:
      - '87'
      content-type:
      - application/json; charset=utf-8
      date:
      - Thu, 15 Oct 2020 23:03:07 GMT
      expires:
      - '-1'
      location:
      - https://management.azure.com/subscriptions/00000000-0000-0000-0000-000000000000/providers/Microsoft.DBforPostgreSQL/locations/westus2/operationResults/fd03e3a3-3af7-42e6-acc1-ee5ad9a35624?api-version=2017-12-01
      pragma:
      - no-cache
      server:
      - Microsoft-HTTPAPI/2.0
      strict-transport-security:
      - max-age=31536000; includeSubDomains
      x-content-type-options:
      - nosniff
      x-ms-ratelimit-remaining-subscription-writes:
      - '1199'
    status:
      code: 202
      message: Accepted
- request:
    body: null
    headers:
      Accept:
      - application/json
      Accept-Encoding:
      - gzip, deflate
      CommandName:
      - postgres server create
      Connection:
      - keep-alive
      ParameterSetName:
      - -g --name -l --admin-user --admin-password --sku-name --tags --public
      User-Agent:
      - python/3.7.4 (Windows-10-10.0.19041-SP0) msrest/0.6.18 msrest_azure/0.6.3
        azure-mgmt-rdbms/2017-12-01 Azure-SDK-For-Python AZURECLI/2.13.0
    method: GET
    uri: https://management.azure.com/subscriptions/00000000-0000-0000-0000-000000000000/providers/Microsoft.DBforPostgreSQL/locations/westus2/azureAsyncOperation/fd03e3a3-3af7-42e6-acc1-ee5ad9a35624?api-version=2017-12-01
  response:
    body:
      string: '{"name":"fd03e3a3-3af7-42e6-acc1-ee5ad9a35624","status":"Succeeded","startTime":"2020-10-15T23:03:06.613Z"}'
    headers:
      cache-control:
      - no-cache
      content-length:
      - '107'
      content-type:
      - application/json; charset=utf-8
      date:
      - Thu, 15 Oct 2020 23:03:22 GMT
      expires:
      - '-1'
      pragma:
      - no-cache
      server:
      - Microsoft-HTTPAPI/2.0
      strict-transport-security:
      - max-age=31536000; includeSubDomains
      transfer-encoding:
      - chunked
      vary:
      - Accept-Encoding
      x-content-type-options:
      - nosniff
    status:
      code: 200
      message: OK
- request:
    body: null
    headers:
      Accept:
      - application/json
      Accept-Encoding:
      - gzip, deflate
      CommandName:
      - postgres server create
      Connection:
      - keep-alive
      ParameterSetName:
      - -g --name -l --admin-user --admin-password --sku-name --tags --public
      User-Agent:
      - python/3.7.4 (Windows-10-10.0.19041-SP0) msrest/0.6.18 msrest_azure/0.6.3
        azure-mgmt-rdbms/2017-12-01 Azure-SDK-For-Python AZURECLI/2.13.0
    method: GET
    uri: https://management.azure.com/subscriptions/00000000-0000-0000-0000-000000000000/resourceGroups/clitest.rg000001/providers/Microsoft.DBForPostgreSQL/servers/azuredbclipublicall000002/firewallRules/AllowAll_2020-10-15_16-3-6?api-version=2017-12-01
  response:
    body:
      string: '{"properties":{"startIpAddress":"0.0.0.0","endIpAddress":"255.255.255.255"},"id":"/subscriptions/00000000-0000-0000-0000-000000000000/resourceGroups/clitest.rg000001/providers/Microsoft.DBforPostgreSQL/servers/azuredbclipublicall000002/firewallRules/AllowAll_2020-10-15_16-3-6","name":"AllowAll_2020-10-15_16-3-6","type":"Microsoft.DBforPostgreSQL/servers/firewallRules"}'
    headers:
      cache-control:
      - no-cache
      content-length:
      - '468'
      content-type:
      - application/json; charset=utf-8
      date:
      - Thu, 15 Oct 2020 23:03:22 GMT
      expires:
      - '-1'
      pragma:
      - no-cache
      server:
      - Microsoft-HTTPAPI/2.0
      strict-transport-security:
      - max-age=31536000; includeSubDomains
      transfer-encoding:
      - chunked
      vary:
      - Accept-Encoding
      x-content-type-options:
      - nosniff
    status:
      code: 200
      message: OK
- request:
    body: null
    headers:
      Accept:
      - application/json
      Accept-Encoding:
      - gzip, deflate
      CommandName:
      - postgres server create
      Connection:
      - keep-alive
      ParameterSetName:
      - -g --name -l --admin-user --admin-password --sku-name --tags --public
      User-Agent:
      - python/3.7.4 (Windows-10-10.0.19041-SP0) msrest/0.6.18 msrest_azure/0.6.3
        azure-mgmt-resource/10.2.0 Azure-SDK-For-Python AZURECLI/2.13.0
      accept-language:
      - en-US
    method: HEAD
    uri: https://management.azure.com/subscriptions/00000000-0000-0000-0000-000000000000/resourcegroups/clitest.rg000001?api-version=2020-06-01
  response:
    body:
      string: ''
    headers:
      cache-control:
      - no-cache
      content-length:
      - '0'
      date:
      - Thu, 15 Oct 2020 23:03:23 GMT
      expires:
      - '-1'
      pragma:
      - no-cache
      strict-transport-security:
      - max-age=31536000; includeSubDomains
      x-content-type-options:
      - nosniff
    status:
      code: 204
      message: No Content
- request:
    body: '{"name": "azuredbclipublicazureservices000003", "type": "Microsoft.DBforPostgreSQL/servers"}'
    headers:
      Accept:
      - application/json
      Accept-Encoding:
      - gzip, deflate
      CommandName:
      - postgres server create
      Connection:
      - keep-alive
      Content-Length:
      - '120'
      Content-Type:
      - application/json; charset=utf-8
      ParameterSetName:
      - -g --name -l --admin-user --admin-password --sku-name --tags --public
      User-Agent:
      - python/3.7.4 (Windows-10-10.0.19041-SP0) msrest/0.6.18 msrest_azure/0.6.3
        azure-mgmt-rdbms/2017-12-01 Azure-SDK-For-Python AZURECLI/2.13.0
      accept-language:
      - en-US
    method: POST
    uri: https://management.azure.com/subscriptions/00000000-0000-0000-0000-000000000000/providers/Microsoft.DBForPostgreSQL/checkNameAvailability?api-version=2017-12-01
  response:
    body:
      string: '{"nameAvailable":true,"message":""}'
    headers:
      cache-control:
      - no-cache
      content-length:
      - '35'
      content-type:
      - application/json; charset=utf-8
      date:
      - Thu, 15 Oct 2020 23:03:24 GMT
      expires:
      - '-1'
      pragma:
      - no-cache
      server:
      - Microsoft-HTTPAPI/2.0
      strict-transport-security:
      - max-age=31536000; includeSubDomains
      transfer-encoding:
      - chunked
      vary:
      - Accept-Encoding
      x-content-type-options:
      - nosniff
      x-ms-ratelimit-remaining-subscription-writes:
      - '1199'
    status:
      code: 200
      message: OK
- request:
    body: '{"sku": {"name": "GP_Gen5_2"}, "properties": {"publicNetworkAccess": "Enabled",
      "storageProfile": {"storageMB": 51200, "storageAutogrow": "Enabled"}, "createMode":
      "Default", "administratorLogin": "cloudsa", "administratorLoginPassword": "SecretPassword123"},
      "location": "westus2", "tags": {"key": "1"}}'
    headers:
      Accept:
      - application/json
      Accept-Encoding:
      - gzip, deflate
      CommandName:
      - postgres server create
      Connection:
      - keep-alive
      Content-Length:
      - '304'
      Content-Type:
      - application/json; charset=utf-8
      ParameterSetName:
      - -g --name -l --admin-user --admin-password --sku-name --tags --public
      User-Agent:
      - python/3.7.4 (Windows-10-10.0.19041-SP0) msrest/0.6.18 msrest_azure/0.6.3
        azure-mgmt-rdbms/2017-12-01 Azure-SDK-For-Python AZURECLI/2.13.0
      accept-language:
      - en-US
    method: PUT
    uri: https://management.azure.com/subscriptions/00000000-0000-0000-0000-000000000000/resourceGroups/clitest.rg000001/providers/Microsoft.DBForPostgreSQL/servers/azuredbclipublicazureservices000003?api-version=2017-12-01
  response:
    body:
      string: '{"operation":"UpsertElasticServer","startTime":"2020-10-15T23:03:25.437Z"}'
    headers:
      azure-asyncoperation:
      - https://management.azure.com/subscriptions/00000000-0000-0000-0000-000000000000/providers/Microsoft.DBforPostgreSQL/locations/westus2/azureAsyncOperation/631a1824-1984-4976-921c-091daeb3aa30?api-version=2017-12-01
      cache-control:
      - no-cache
      content-length:
      - '74'
      content-type:
      - application/json; charset=utf-8
      date:
      - Thu, 15 Oct 2020 23:03:26 GMT
      expires:
      - '-1'
      location:
      - https://management.azure.com/subscriptions/00000000-0000-0000-0000-000000000000/providers/Microsoft.DBforPostgreSQL/locations/westus2/operationResults/631a1824-1984-4976-921c-091daeb3aa30?api-version=2017-12-01
      pragma:
      - no-cache
      server:
      - Microsoft-HTTPAPI/2.0
      strict-transport-security:
      - max-age=31536000; includeSubDomains
      x-content-type-options:
      - nosniff
      x-ms-ratelimit-remaining-subscription-writes:
      - '1199'
    status:
      code: 202
      message: Accepted
- request:
    body: null
    headers:
      Accept:
      - application/json
      Accept-Encoding:
      - gzip, deflate
      CommandName:
      - postgres server create
      Connection:
      - keep-alive
      ParameterSetName:
      - -g --name -l --admin-user --admin-password --sku-name --tags --public
      User-Agent:
      - python/3.7.4 (Windows-10-10.0.19041-SP0) msrest/0.6.18 msrest_azure/0.6.3
        azure-mgmt-rdbms/2017-12-01 Azure-SDK-For-Python AZURECLI/2.13.0
    method: GET
    uri: https://management.azure.com/subscriptions/00000000-0000-0000-0000-000000000000/providers/Microsoft.DBforPostgreSQL/locations/westus2/azureAsyncOperation/631a1824-1984-4976-921c-091daeb3aa30?api-version=2017-12-01
  response:
    body:
      string: '{"name":"631a1824-1984-4976-921c-091daeb3aa30","status":"InProgress","startTime":"2020-10-15T23:03:25.437Z"}'
    headers:
      cache-control:
      - no-cache
      content-length:
      - '108'
      content-type:
      - application/json; charset=utf-8
      date:
      - Thu, 15 Oct 2020 23:04:26 GMT
      expires:
      - '-1'
      pragma:
      - no-cache
      server:
      - Microsoft-HTTPAPI/2.0
      strict-transport-security:
      - max-age=31536000; includeSubDomains
      transfer-encoding:
      - chunked
      vary:
      - Accept-Encoding
      x-content-type-options:
      - nosniff
    status:
      code: 200
      message: OK
- request:
    body: null
    headers:
      Accept:
      - application/json
      Accept-Encoding:
      - gzip, deflate
      CommandName:
      - postgres server create
      Connection:
      - keep-alive
      ParameterSetName:
      - -g --name -l --admin-user --admin-password --sku-name --tags --public
      User-Agent:
      - python/3.7.4 (Windows-10-10.0.19041-SP0) msrest/0.6.18 msrest_azure/0.6.3
        azure-mgmt-rdbms/2017-12-01 Azure-SDK-For-Python AZURECLI/2.13.0
    method: GET
    uri: https://management.azure.com/subscriptions/00000000-0000-0000-0000-000000000000/providers/Microsoft.DBforPostgreSQL/locations/westus2/azureAsyncOperation/631a1824-1984-4976-921c-091daeb3aa30?api-version=2017-12-01
  response:
    body:
      string: '{"name":"631a1824-1984-4976-921c-091daeb3aa30","status":"Succeeded","startTime":"2020-10-15T23:03:25.437Z"}'
    headers:
      cache-control:
      - no-cache
      content-length:
      - '107'
      content-type:
      - application/json; charset=utf-8
      date:
      - Thu, 15 Oct 2020 23:05:26 GMT
      expires:
      - '-1'
      pragma:
      - no-cache
      server:
      - Microsoft-HTTPAPI/2.0
      strict-transport-security:
      - max-age=31536000; includeSubDomains
      transfer-encoding:
      - chunked
      vary:
      - Accept-Encoding
      x-content-type-options:
      - nosniff
    status:
      code: 200
      message: OK
- request:
    body: null
    headers:
      Accept:
      - application/json
      Accept-Encoding:
      - gzip, deflate
      CommandName:
      - postgres server create
      Connection:
      - keep-alive
      ParameterSetName:
      - -g --name -l --admin-user --admin-password --sku-name --tags --public
      User-Agent:
      - python/3.7.4 (Windows-10-10.0.19041-SP0) msrest/0.6.18 msrest_azure/0.6.3
        azure-mgmt-rdbms/2017-12-01 Azure-SDK-For-Python AZURECLI/2.13.0
    method: GET
    uri: https://management.azure.com/subscriptions/00000000-0000-0000-0000-000000000000/resourceGroups/clitest.rg000001/providers/Microsoft.DBForPostgreSQL/servers/azuredbclipublicazureservices000003?api-version=2017-12-01
  response:
    body:
      string: '{"sku":{"name":"GP_Gen5_2","tier":"GeneralPurpose","family":"Gen5","capacity":2},"properties":{"administratorLogin":"cloudsa","storageProfile":{"storageMB":51200,"backupRetentionDays":7,"geoRedundantBackup":"Disabled","storageAutogrow":"Enabled"},"version":"9.6","sslEnforcement":"Enabled","minimalTlsVersion":"TLSEnforcementDisabled","userVisibleState":"Ready","fullyQualifiedDomainName":"azuredbclipublicazureservices000003.postgres.database.azure.com","earliestRestoreDate":"2020-10-15T23:13:25.907+00:00","replicationRole":"None","masterServerId":"","replicaCapacity":5,"byokEnforcement":"Disabled","privateEndpointConnections":[],"infrastructureEncryption":"Disabled","publicNetworkAccess":"Enabled"},"location":"westus2","tags":{"key":"1"},"id":"/subscriptions/00000000-0000-0000-0000-000000000000/resourceGroups/clitest.rg000001/providers/Microsoft.DBforPostgreSQL/servers/azuredbclipublicazureservices000003","name":"azuredbclipublicazureservices000003","type":"Microsoft.DBforPostgreSQL/servers"}'
    headers:
      cache-control:
      - no-cache
      content-length:
      - '1148'
      content-type:
      - application/json; charset=utf-8
      date:
      - Thu, 15 Oct 2020 23:05:26 GMT
      expires:
      - '-1'
      pragma:
      - no-cache
      server:
      - Microsoft-HTTPAPI/2.0
      strict-transport-security:
      - max-age=31536000; includeSubDomains
      transfer-encoding:
      - chunked
      vary:
      - Accept-Encoding
      x-content-type-options:
      - nosniff
    status:
      code: 200
      message: OK
- request:
    body: '{"properties": {"startIpAddress": "0.0.0.0", "endIpAddress": "0.0.0.0"}}'
    headers:
      Accept:
      - application/json
      Accept-Encoding:
      - gzip, deflate
      CommandName:
      - postgres server create
      Connection:
      - keep-alive
      Content-Length:
      - '72'
      Content-Type:
      - application/json; charset=utf-8
      ParameterSetName:
      - -g --name -l --admin-user --admin-password --sku-name --tags --public
      User-Agent:
      - python/3.7.4 (Windows-10-10.0.19041-SP0) msrest/0.6.18 msrest_azure/0.6.3
        azure-mgmt-rdbms/2017-12-01 Azure-SDK-For-Python AZURECLI/2.13.0
      accept-language:
      - en-US
    method: PUT
    uri: https://management.azure.com/subscriptions/00000000-0000-0000-0000-000000000000/resourceGroups/clitest.rg000001/providers/Microsoft.DBForPostgreSQL/servers/azuredbclipublicazureservices000003/firewallRules/AllowAllAzureServicesAndResourcesWithinAzureIps_2020-10-15_16-5-27?api-version=2017-12-01
  response:
    body:
      string: '{"operation":"UpsertElasticServerFirewallRules","startTime":"2020-10-15T23:05:28.163Z"}'
    headers:
      azure-asyncoperation:
      - https://management.azure.com/subscriptions/00000000-0000-0000-0000-000000000000/providers/Microsoft.DBforPostgreSQL/locations/westus2/azureAsyncOperation/1065f955-68dd-45dc-9927-bc7380bb0f08?api-version=2017-12-01
      cache-control:
      - no-cache
      content-length:
      - '87'
      content-type:
      - application/json; charset=utf-8
      date:
      - Thu, 15 Oct 2020 23:05:34 GMT
      expires:
      - '-1'
      location:
      - https://management.azure.com/subscriptions/00000000-0000-0000-0000-000000000000/providers/Microsoft.DBforPostgreSQL/locations/westus2/operationResults/1065f955-68dd-45dc-9927-bc7380bb0f08?api-version=2017-12-01
      pragma:
      - no-cache
      server:
      - Microsoft-HTTPAPI/2.0
      strict-transport-security:
      - max-age=31536000; includeSubDomains
      x-content-type-options:
      - nosniff
      x-ms-ratelimit-remaining-subscription-writes:
      - '1198'
    status:
      code: 202
      message: Accepted
- request:
    body: null
    headers:
      Accept:
      - application/json
      Accept-Encoding:
      - gzip, deflate
      CommandName:
      - postgres server create
      Connection:
      - keep-alive
      ParameterSetName:
      - -g --name -l --admin-user --admin-password --sku-name --tags --public
      User-Agent:
      - python/3.7.4 (Windows-10-10.0.19041-SP0) msrest/0.6.18 msrest_azure/0.6.3
        azure-mgmt-rdbms/2017-12-01 Azure-SDK-For-Python AZURECLI/2.13.0
    method: GET
    uri: https://management.azure.com/subscriptions/00000000-0000-0000-0000-000000000000/providers/Microsoft.DBforPostgreSQL/locations/westus2/azureAsyncOperation/1065f955-68dd-45dc-9927-bc7380bb0f08?api-version=2017-12-01
  response:
    body:
      string: '{"name":"1065f955-68dd-45dc-9927-bc7380bb0f08","status":"Succeeded","startTime":"2020-10-15T23:05:28.163Z"}'
    headers:
      cache-control:
      - no-cache
      content-length:
      - '107'
      content-type:
      - application/json; charset=utf-8
      date:
      - Thu, 15 Oct 2020 23:05:49 GMT
      expires:
      - '-1'
      pragma:
      - no-cache
      server:
      - Microsoft-HTTPAPI/2.0
      strict-transport-security:
      - max-age=31536000; includeSubDomains
      transfer-encoding:
      - chunked
      vary:
      - Accept-Encoding
      x-content-type-options:
      - nosniff
    status:
      code: 200
      message: OK
- request:
    body: null
    headers:
      Accept:
      - application/json
      Accept-Encoding:
      - gzip, deflate
      CommandName:
      - postgres server create
      Connection:
      - keep-alive
      ParameterSetName:
      - -g --name -l --admin-user --admin-password --sku-name --tags --public
      User-Agent:
      - python/3.7.4 (Windows-10-10.0.19041-SP0) msrest/0.6.18 msrest_azure/0.6.3
        azure-mgmt-rdbms/2017-12-01 Azure-SDK-For-Python AZURECLI/2.13.0
    method: GET
    uri: https://management.azure.com/subscriptions/00000000-0000-0000-0000-000000000000/resourceGroups/clitest.rg000001/providers/Microsoft.DBForPostgreSQL/servers/azuredbclipublicazureservices000003/firewallRules/AllowAllAzureServicesAndResourcesWithinAzureIps_2020-10-15_16-5-27?api-version=2017-12-01
  response:
    body:
      string: '{"properties":{"startIpAddress":"0.0.0.0","endIpAddress":"0.0.0.0"},"id":"/subscriptions/00000000-0000-0000-0000-000000000000/resourceGroups/clitest.rg000001/providers/Microsoft.DBforPostgreSQL/servers/azuredbclipublicazureservices000003/firewallRules/AllowAllAzureServicesAndResourcesWithinAzureIps_2020-10-15_16-5-27","name":"AllowAllAzureServicesAndResourcesWithinAzureIps_2020-10-15_16-5-27","type":"Microsoft.DBforPostgreSQL/servers/firewallRules"}'
    headers:
      cache-control:
      - no-cache
      content-length:
      - '540'
      content-type:
      - application/json; charset=utf-8
      date:
      - Thu, 15 Oct 2020 23:05:49 GMT
      expires:
      - '-1'
      pragma:
      - no-cache
      server:
      - Microsoft-HTTPAPI/2.0
      strict-transport-security:
      - max-age=31536000; includeSubDomains
      transfer-encoding:
      - chunked
      vary:
      - Accept-Encoding
      x-content-type-options:
      - nosniff
    status:
      code: 200
      message: OK
- request:
    body: null
    headers:
      Accept:
      - application/json
      Accept-Encoding:
      - gzip, deflate
      CommandName:
      - postgres server delete
      Connection:
      - keep-alive
      Content-Length:
      - '0'
      ParameterSetName:
      - -g --name --yes
      User-Agent:
      - python/3.7.4 (Windows-10-10.0.19041-SP0) msrest/0.6.18 msrest_azure/0.6.3
        azure-mgmt-rdbms/2017-12-01 Azure-SDK-For-Python AZURECLI/2.13.0
      accept-language:
      - en-US
    method: DELETE
    uri: https://management.azure.com/subscriptions/00000000-0000-0000-0000-000000000000/resourceGroups/clitest.rg000001/providers/Microsoft.DBForPostgreSQL/servers/azuredbclipublicall000002?api-version=2017-12-01
  response:
    body:
      string: '{"operation":"DropElasticServer","startTime":"2020-10-15T23:05:50.413Z"}'
    headers:
      azure-asyncoperation:
      - https://management.azure.com/subscriptions/00000000-0000-0000-0000-000000000000/providers/Microsoft.DBforPostgreSQL/locations/westus2/azureAsyncOperation/f0d19b5c-ad0b-4014-82cf-4845faf0a6e7?api-version=2017-12-01
      cache-control:
      - no-cache
      content-length:
      - '72'
      content-type:
      - application/json; charset=utf-8
      date:
      - Thu, 15 Oct 2020 23:05:50 GMT
      expires:
      - '-1'
      location:
      - https://management.azure.com/subscriptions/00000000-0000-0000-0000-000000000000/providers/Microsoft.DBforPostgreSQL/locations/westus2/operationResults/f0d19b5c-ad0b-4014-82cf-4845faf0a6e7?api-version=2017-12-01
      pragma:
      - no-cache
      server:
      - Microsoft-HTTPAPI/2.0
      strict-transport-security:
      - max-age=31536000; includeSubDomains
      x-content-type-options:
      - nosniff
      x-ms-ratelimit-remaining-subscription-deletes:
      - '14999'
    status:
      code: 202
      message: Accepted
- request:
    body: null
    headers:
      Accept:
      - application/json
      Accept-Encoding:
      - gzip, deflate
      CommandName:
      - postgres server delete
      Connection:
      - keep-alive
      ParameterSetName:
      - -g --name --yes
      User-Agent:
      - python/3.7.4 (Windows-10-10.0.19041-SP0) msrest/0.6.18 msrest_azure/0.6.3
        azure-mgmt-rdbms/2017-12-01 Azure-SDK-For-Python AZURECLI/2.13.0
    method: GET
    uri: https://management.azure.com/subscriptions/00000000-0000-0000-0000-000000000000/providers/Microsoft.DBforPostgreSQL/locations/westus2/azureAsyncOperation/f0d19b5c-ad0b-4014-82cf-4845faf0a6e7?api-version=2017-12-01
  response:
    body:
      string: '{"name":"f0d19b5c-ad0b-4014-82cf-4845faf0a6e7","status":"Succeeded","startTime":"2020-10-15T23:05:50.413Z"}'
    headers:
      cache-control:
      - no-cache
      content-length:
      - '107'
      content-type:
      - application/json; charset=utf-8
      date:
      - Thu, 15 Oct 2020 23:06:04 GMT
      expires:
      - '-1'
      pragma:
      - no-cache
      server:
      - Microsoft-HTTPAPI/2.0
      strict-transport-security:
      - max-age=31536000; includeSubDomains
      transfer-encoding:
      - chunked
      vary:
      - Accept-Encoding
      x-content-type-options:
      - nosniff
    status:
      code: 200
      message: OK
- request:
    body: null
    headers:
      Accept:
      - application/json
      Accept-Encoding:
      - gzip, deflate
      CommandName:
      - postgres server delete
      Connection:
      - keep-alive
      Content-Length:
      - '0'
      ParameterSetName:
      - -g --name --yes
      User-Agent:
      - python/3.7.4 (Windows-10-10.0.19041-SP0) msrest/0.6.18 msrest_azure/0.6.3
        azure-mgmt-rdbms/2017-12-01 Azure-SDK-For-Python AZURECLI/2.13.0
      accept-language:
      - en-US
    method: DELETE
    uri: https://management.azure.com/subscriptions/00000000-0000-0000-0000-000000000000/resourceGroups/clitest.rg000001/providers/Microsoft.DBForPostgreSQL/servers/azuredbclipublicazureservices000003?api-version=2017-12-01
  response:
    body:
      string: '{"operation":"DropElasticServer","startTime":"2020-10-15T23:06:05.97Z"}'
    headers:
      azure-asyncoperation:
      - https://management.azure.com/subscriptions/00000000-0000-0000-0000-000000000000/providers/Microsoft.DBforPostgreSQL/locations/westus2/azureAsyncOperation/89361b1d-4b6f-4291-a3fc-af7315bd3488?api-version=2017-12-01
      cache-control:
      - no-cache
      content-length:
      - '71'
      content-type:
      - application/json; charset=utf-8
      date:
      - Thu, 15 Oct 2020 23:06:05 GMT
      expires:
      - '-1'
      location:
      - https://management.azure.com/subscriptions/00000000-0000-0000-0000-000000000000/providers/Microsoft.DBforPostgreSQL/locations/westus2/operationResults/89361b1d-4b6f-4291-a3fc-af7315bd3488?api-version=2017-12-01
      pragma:
      - no-cache
      server:
      - Microsoft-HTTPAPI/2.0
      strict-transport-security:
      - max-age=31536000; includeSubDomains
      x-content-type-options:
      - nosniff
      x-ms-ratelimit-remaining-subscription-deletes:
      - '14999'
    status:
      code: 202
      message: Accepted
- request:
    body: null
    headers:
      Accept:
      - application/json
      Accept-Encoding:
      - gzip, deflate
      CommandName:
      - postgres server delete
      Connection:
      - keep-alive
      ParameterSetName:
      - -g --name --yes
      User-Agent:
      - python/3.7.4 (Windows-10-10.0.19041-SP0) msrest/0.6.18 msrest_azure/0.6.3
        azure-mgmt-rdbms/2017-12-01 Azure-SDK-For-Python AZURECLI/2.13.0
    method: GET
    uri: https://management.azure.com/subscriptions/00000000-0000-0000-0000-000000000000/providers/Microsoft.DBforPostgreSQL/locations/westus2/azureAsyncOperation/89361b1d-4b6f-4291-a3fc-af7315bd3488?api-version=2017-12-01
  response:
    body:
      string: '{"name":"89361b1d-4b6f-4291-a3fc-af7315bd3488","status":"Succeeded","startTime":"2020-10-15T23:06:05.97Z"}'
    headers:
      cache-control:
      - no-cache
      content-length:
      - '106'
      content-type:
      - application/json; charset=utf-8
      date:
      - Thu, 15 Oct 2020 23:06:20 GMT
      expires:
      - '-1'
      pragma:
      - no-cache
      server:
      - Microsoft-HTTPAPI/2.0
      strict-transport-security:
      - max-age=31536000; includeSubDomains
      transfer-encoding:
      - chunked
      vary:
      - Accept-Encoding
      x-content-type-options:
      - nosniff
    status:
      code: 200
      message: OK
- request:
    body: null
    headers:
      Accept:
      - application/json
      Accept-Encoding:
      - gzip, deflate
      CommandName:
      - postgres server list
      Connection:
      - keep-alive
      ParameterSetName:
      - -g
      User-Agent:
      - python/3.7.4 (Windows-10-10.0.19041-SP0) msrest/0.6.18 msrest_azure/0.6.3
        azure-mgmt-rdbms/2017-12-01 Azure-SDK-For-Python AZURECLI/2.13.0
      accept-language:
      - en-US
    method: GET
    uri: https://management.azure.com/subscriptions/00000000-0000-0000-0000-000000000000/resourceGroups/clitest.rg000001/providers/Microsoft.DBForPostgreSQL/servers?api-version=2017-12-01
  response:
    body:
      string: '{"value":[]}'
    headers:
      cache-control:
      - no-cache
      content-length:
      - '12'
      content-type:
      - application/json; charset=utf-8
      date:
      - Thu, 15 Oct 2020 23:06:22 GMT
      expires:
      - '-1'
      pragma:
      - no-cache
      strict-transport-security:
      - max-age=31536000; includeSubDomains
      vary:
      - Accept-Encoding
      x-content-type-options:
      - nosniff
    status:
      code: 200
      message: OK
version: 1
