interactions:
- request:
    body: '{"sku": {"name": "GP_Gen5_2"}, "properties": {"storageProfile": {"backupRetentionDays":
      10, "geoRedundantBackup": "Enabled", "storageAutogrow": "Enabled"}, "createMode":
      "Default", "administratorLogin": "cloudsa", "administratorLoginPassword": "SecretPassword123"},
      "location": "eastus", "tags": {"key": "1"}}'
    headers:
      Accept:
      - application/json
      Accept-Encoding:
      - gzip, deflate
      CommandName:
      - mysql server create
      Connection:
      - keep-alive
      Content-Length:
      - '309'
      Content-Type:
      - application/json; charset=utf-8
      ParameterSetName:
      - -g --name -l --admin-user --admin-password --sku-name --tags --geo-redundant-backup
        --backup-retention
      User-Agent:
      - python/3.8.5 (Windows-10-10.0.19041-SP0) msrest/0.6.19 msrest_azure/0.6.4
        azure-mgmt-rdbms/2017-12-01 Azure-SDK-For-Python AZURECLI/2.9.1
      accept-language:
      - en-US
    method: PUT
    uri: https://management.azure.com/subscriptions/00000000-0000-0000-0000-000000000000/resourceGroups/clitest.rg000001/providers/Microsoft.DBForMySQL/servers/azuredbclitest000003?api-version=2017-12-01
  response:
    body:
      string: '{"operation":"UpsertElasticServer","startTime":"2020-09-16T00:58:44.553Z"}'
    headers:
      azure-asyncoperation:
      - https://management.azure.com/subscriptions/00000000-0000-0000-0000-000000000000/providers/Microsoft.DBforMySQL/locations/eastus/azureAsyncOperation/1083ccf4-e9c9-40a1-9e59-3609f77dc3a2?api-version=2017-12-01
      cache-control:
      - no-cache
      content-length:
      - '74'
      content-type:
      - application/json; charset=utf-8
      date:
      - Wed, 16 Sep 2020 00:58:45 GMT
      expires:
      - '-1'
      location:
      - https://management.azure.com/subscriptions/00000000-0000-0000-0000-000000000000/providers/Microsoft.DBforMySQL/locations/eastus/operationResults/1083ccf4-e9c9-40a1-9e59-3609f77dc3a2?api-version=2017-12-01
      pragma:
      - no-cache
      server:
      - Microsoft-HTTPAPI/2.0
      strict-transport-security:
      - max-age=31536000; includeSubDomains
      x-content-type-options:
      - nosniff
      x-ms-ratelimit-remaining-subscription-writes:
      - '1199'
    status:
      code: 202
      message: Accepted
- request:
    body: null
    headers:
      Accept:
      - application/json
      Accept-Encoding:
      - gzip, deflate
      CommandName:
      - mysql server create
      Connection:
      - keep-alive
      ParameterSetName:
      - -g --name -l --admin-user --admin-password --sku-name --tags --geo-redundant-backup
        --backup-retention
      User-Agent:
      - python/3.8.5 (Windows-10-10.0.19041-SP0) msrest/0.6.19 msrest_azure/0.6.4
        azure-mgmt-rdbms/2017-12-01 Azure-SDK-For-Python AZURECLI/2.9.1
    method: GET
    uri: https://management.azure.com/subscriptions/00000000-0000-0000-0000-000000000000/providers/Microsoft.DBforMySQL/locations/eastus/azureAsyncOperation/1083ccf4-e9c9-40a1-9e59-3609f77dc3a2?api-version=2017-12-01
  response:
    body:
      string: '{"name":"1083ccf4-e9c9-40a1-9e59-3609f77dc3a2","status":"InProgress","startTime":"2020-09-16T00:58:44.553Z"}'
    headers:
      cache-control:
      - no-cache
      content-length:
      - '108'
      content-type:
      - application/json; charset=utf-8
      date:
      - Wed, 16 Sep 2020 00:59:45 GMT
      expires:
      - '-1'
      pragma:
      - no-cache
      server:
      - Microsoft-HTTPAPI/2.0
      strict-transport-security:
      - max-age=31536000; includeSubDomains
      transfer-encoding:
      - chunked
      vary:
      - Accept-Encoding
      x-content-type-options:
      - nosniff
    status:
      code: 200
      message: OK
- request:
    body: null
    headers:
      Accept:
      - application/json
      Accept-Encoding:
      - gzip, deflate
      CommandName:
      - mysql server create
      Connection:
      - keep-alive
      ParameterSetName:
      - -g --name -l --admin-user --admin-password --sku-name --tags --geo-redundant-backup
        --backup-retention
      User-Agent:
      - python/3.8.5 (Windows-10-10.0.19041-SP0) msrest/0.6.19 msrest_azure/0.6.4
        azure-mgmt-rdbms/2017-12-01 Azure-SDK-For-Python AZURECLI/2.9.1
    method: GET
    uri: https://management.azure.com/subscriptions/00000000-0000-0000-0000-000000000000/providers/Microsoft.DBforMySQL/locations/eastus/azureAsyncOperation/1083ccf4-e9c9-40a1-9e59-3609f77dc3a2?api-version=2017-12-01
  response:
    body:
      string: '{"name":"1083ccf4-e9c9-40a1-9e59-3609f77dc3a2","status":"Succeeded","startTime":"2020-09-16T00:58:44.553Z"}'
    headers:
      cache-control:
      - no-cache
      content-length:
      - '107'
      content-type:
      - application/json; charset=utf-8
      date:
      - Wed, 16 Sep 2020 01:00:45 GMT
      expires:
      - '-1'
      pragma:
      - no-cache
      server:
      - Microsoft-HTTPAPI/2.0
      strict-transport-security:
      - max-age=31536000; includeSubDomains
      transfer-encoding:
      - chunked
      vary:
      - Accept-Encoding
      x-content-type-options:
      - nosniff
    status:
      code: 200
      message: OK
- request:
    body: null
    headers:
      Accept:
      - application/json
      Accept-Encoding:
      - gzip, deflate
      CommandName:
      - mysql server create
      Connection:
      - keep-alive
      ParameterSetName:
      - -g --name -l --admin-user --admin-password --sku-name --tags --geo-redundant-backup
        --backup-retention
      User-Agent:
      - python/3.8.5 (Windows-10-10.0.19041-SP0) msrest/0.6.19 msrest_azure/0.6.4
        azure-mgmt-rdbms/2017-12-01 Azure-SDK-For-Python AZURECLI/2.9.1
    method: GET
    uri: https://management.azure.com/subscriptions/00000000-0000-0000-0000-000000000000/resourceGroups/clitest.rg000001/providers/Microsoft.DBForMySQL/servers/azuredbclitest000003?api-version=2017-12-01
  response:
    body:
      string: '{"sku":{"name":"GP_Gen5_2","tier":"GeneralPurpose","family":"Gen5","capacity":2},"properties":{"administratorLogin":"cloudsa","storageProfile":{"storageMB":5120,"backupRetentionDays":10,"geoRedundantBackup":"Enabled","storageAutogrow":"Enabled"},"version":"5.7","sslEnforcement":"Enabled","minimalTlsVersion":"TLSEnforcementDisabled","userVisibleState":"Ready","fullyQualifiedDomainName":"azuredbclitest000003.mysql.database.azure.com","earliestRestoreDate":"2020-09-16T01:08:44.833+00:00","replicationRole":"None","masterServerId":"","replicaCapacity":5,"byokEnforcement":"Disabled","privateEndpointConnections":[],"infrastructureEncryption":"Disabled","publicNetworkAccess":"Enabled"},"location":"eastus","tags":{"key":"1"},"id":"/subscriptions/00000000-0000-0000-0000-000000000000/resourceGroups/clitest.rg000001/providers/Microsoft.DBforMySQL/servers/azuredbclitest000003","name":"azuredbclitest000003","type":"Microsoft.DBforMySQL/servers"}'
    headers:
      cache-control:
      - no-cache
      content-length:
      - '1133'
      content-type:
      - application/json; charset=utf-8
      date:
      - Wed, 16 Sep 2020 01:00:45 GMT
      expires:
      - '-1'
      pragma:
      - no-cache
      server:
      - Microsoft-HTTPAPI/2.0
      strict-transport-security:
      - max-age=31536000; includeSubDomains
      transfer-encoding:
      - chunked
      vary:
      - Accept-Encoding
      x-content-type-options:
      - nosniff
    status:
      code: 200
      message: OK
- request:
    body: null
    headers:
      Accept:
      - application/json
      Accept-Encoding:
      - gzip, deflate
      CommandName:
      - mysql server show
      Connection:
      - keep-alive
      ParameterSetName:
      - -g --name
      User-Agent:
      - python/3.8.5 (Windows-10-10.0.19041-SP0) msrest/0.6.19 msrest_azure/0.6.4
        azure-mgmt-rdbms/2017-12-01 Azure-SDK-For-Python AZURECLI/2.9.1
      accept-language:
      - en-US
    method: GET
    uri: https://management.azure.com/subscriptions/00000000-0000-0000-0000-000000000000/resourceGroups/clitest.rg000001/providers/Microsoft.DBForMySQL/servers/azuredbclitest000003?api-version=2017-12-01
  response:
    body:
      string: '{"sku":{"name":"GP_Gen5_2","tier":"GeneralPurpose","family":"Gen5","capacity":2},"properties":{"administratorLogin":"cloudsa","storageProfile":{"storageMB":5120,"backupRetentionDays":10,"geoRedundantBackup":"Enabled","storageAutogrow":"Enabled"},"version":"5.7","sslEnforcement":"Enabled","minimalTlsVersion":"TLSEnforcementDisabled","userVisibleState":"Ready","fullyQualifiedDomainName":"azuredbclitest000003.mysql.database.azure.com","earliestRestoreDate":"2020-09-16T01:08:44.833+00:00","replicationRole":"None","masterServerId":"","replicaCapacity":5,"byokEnforcement":"Disabled","privateEndpointConnections":[],"infrastructureEncryption":"Disabled","publicNetworkAccess":"Enabled"},"location":"eastus","tags":{"key":"1"},"id":"/subscriptions/00000000-0000-0000-0000-000000000000/resourceGroups/clitest.rg000001/providers/Microsoft.DBforMySQL/servers/azuredbclitest000003","name":"azuredbclitest000003","type":"Microsoft.DBforMySQL/servers"}'
    headers:
      cache-control:
      - no-cache
      content-length:
      - '1133'
      content-type:
      - application/json; charset=utf-8
      date:
      - Wed, 16 Sep 2020 01:00:47 GMT
      expires:
      - '-1'
      pragma:
      - no-cache
      server:
      - Microsoft-HTTPAPI/2.0
      strict-transport-security:
      - max-age=31536000; includeSubDomains
      transfer-encoding:
      - chunked
      vary:
      - Accept-Encoding
      x-content-type-options:
      - nosniff
    status:
      code: 200
      message: OK
- request:
    body: null
    headers:
      Accept:
      - application/json
      Accept-Encoding:
      - gzip, deflate
      CommandName:
      - mysql server update
      Connection:
      - keep-alive
      ParameterSetName:
      - -g --name --minimal-tls-version
      User-Agent:
      - python/3.8.5 (Windows-10-10.0.19041-SP0) msrest/0.6.19 msrest_azure/0.6.4
        azure-mgmt-rdbms/2017-12-01 Azure-SDK-For-Python AZURECLI/2.9.1
      accept-language:
      - en-US
    method: GET
    uri: https://management.azure.com/subscriptions/00000000-0000-0000-0000-000000000000/resourceGroups/clitest.rg000001/providers/Microsoft.DBForMySQL/servers/azuredbclitest000003?api-version=2017-12-01
  response:
    body:
      string: '{"sku":{"name":"GP_Gen5_2","tier":"GeneralPurpose","family":"Gen5","capacity":2},"properties":{"administratorLogin":"cloudsa","storageProfile":{"storageMB":5120,"backupRetentionDays":10,"geoRedundantBackup":"Enabled","storageAutogrow":"Enabled"},"version":"5.7","sslEnforcement":"Enabled","minimalTlsVersion":"TLSEnforcementDisabled","userVisibleState":"Ready","fullyQualifiedDomainName":"azuredbclitest000003.mysql.database.azure.com","earliestRestoreDate":"2020-09-16T01:08:44.833+00:00","replicationRole":"None","masterServerId":"","replicaCapacity":5,"byokEnforcement":"Disabled","privateEndpointConnections":[],"infrastructureEncryption":"Disabled","publicNetworkAccess":"Enabled"},"location":"eastus","tags":{"key":"1"},"id":"/subscriptions/00000000-0000-0000-0000-000000000000/resourceGroups/clitest.rg000001/providers/Microsoft.DBforMySQL/servers/azuredbclitest000003","name":"azuredbclitest000003","type":"Microsoft.DBforMySQL/servers"}'
    headers:
      cache-control:
      - no-cache
      content-length:
      - '1133'
      content-type:
      - application/json; charset=utf-8
      date:
      - Wed, 16 Sep 2020 01:00:47 GMT
      expires:
      - '-1'
      pragma:
      - no-cache
      server:
      - Microsoft-HTTPAPI/2.0
      strict-transport-security:
      - max-age=31536000; includeSubDomains
      transfer-encoding:
      - chunked
      vary:
      - Accept-Encoding
      x-content-type-options:
      - nosniff
    status:
      code: 200
      message: OK
- request:
    body: '{"properties": {"storageProfile": {"backupRetentionDays": 10, "geoRedundantBackup":
      "Enabled", "storageMB": 5120, "storageAutogrow": "Enabled"}, "minimalTlsVersion":
      "TLS1_2"}}'
    headers:
      Accept:
      - application/json
      Accept-Encoding:
      - gzip, deflate
      CommandName:
      - mysql server update
      Connection:
      - keep-alive
      Content-Length:
      - '176'
      Content-Type:
      - application/json; charset=utf-8
      ParameterSetName:
      - -g --name --minimal-tls-version
      User-Agent:
      - python/3.8.5 (Windows-10-10.0.19041-SP0) msrest/0.6.19 msrest_azure/0.6.4
        azure-mgmt-rdbms/2017-12-01 Azure-SDK-For-Python AZURECLI/2.9.1
      accept-language:
      - en-US
    method: PATCH
    uri: https://management.azure.com/subscriptions/00000000-0000-0000-0000-000000000000/resourceGroups/clitest.rg000001/providers/Microsoft.DBForMySQL/servers/azuredbclitest000003?api-version=2017-12-01
  response:
    body:
      string: '{"operation":"UpsertElasticServer","startTime":"2020-09-16T01:00:48.243Z"}'
    headers:
      azure-asyncoperation:
      - https://management.azure.com/subscriptions/00000000-0000-0000-0000-000000000000/providers/Microsoft.DBforMySQL/locations/eastus/azureAsyncOperation/5d2a5e87-a844-4472-b59a-8d1579bb15f3?api-version=2017-12-01
      cache-control:
      - no-cache
      content-length:
      - '74'
      content-type:
      - application/json; charset=utf-8
      date:
      - Wed, 16 Sep 2020 01:00:48 GMT
      expires:
      - '-1'
      location:
      - https://management.azure.com/subscriptions/00000000-0000-0000-0000-000000000000/providers/Microsoft.DBforMySQL/locations/eastus/operationResults/5d2a5e87-a844-4472-b59a-8d1579bb15f3?api-version=2017-12-01
      pragma:
      - no-cache
      server:
      - Microsoft-HTTPAPI/2.0
      strict-transport-security:
      - max-age=31536000; includeSubDomains
      x-content-type-options:
      - nosniff
      x-ms-ratelimit-remaining-subscription-writes:
      - '1199'
    status:
      code: 202
      message: Accepted
- request:
    body: null
    headers:
      Accept:
      - application/json
      Accept-Encoding:
      - gzip, deflate
      CommandName:
      - mysql server update
      Connection:
      - keep-alive
      ParameterSetName:
      - -g --name --minimal-tls-version
      User-Agent:
      - python/3.8.5 (Windows-10-10.0.19041-SP0) msrest/0.6.19 msrest_azure/0.6.4
        azure-mgmt-rdbms/2017-12-01 Azure-SDK-For-Python AZURECLI/2.9.1
    method: GET
    uri: https://management.azure.com/subscriptions/00000000-0000-0000-0000-000000000000/providers/Microsoft.DBforMySQL/locations/eastus/azureAsyncOperation/5d2a5e87-a844-4472-b59a-8d1579bb15f3?api-version=2017-12-01
  response:
    body:
      string: '{"name":"5d2a5e87-a844-4472-b59a-8d1579bb15f3","status":"Succeeded","startTime":"2020-09-16T01:00:48.243Z"}'
    headers:
      cache-control:
      - no-cache
      content-length:
      - '107'
      content-type:
      - application/json; charset=utf-8
      date:
      - Wed, 16 Sep 2020 01:01:48 GMT
      expires:
      - '-1'
      pragma:
      - no-cache
      server:
      - Microsoft-HTTPAPI/2.0
      strict-transport-security:
      - max-age=31536000; includeSubDomains
      transfer-encoding:
      - chunked
      vary:
      - Accept-Encoding
      x-content-type-options:
      - nosniff
    status:
      code: 200
      message: OK
- request:
    body: null
    headers:
      Accept:
      - application/json
      Accept-Encoding:
      - gzip, deflate
      CommandName:
      - mysql server update
      Connection:
      - keep-alive
      ParameterSetName:
      - -g --name --minimal-tls-version
      User-Agent:
      - python/3.8.5 (Windows-10-10.0.19041-SP0) msrest/0.6.19 msrest_azure/0.6.4
        azure-mgmt-rdbms/2017-12-01 Azure-SDK-For-Python AZURECLI/2.9.1
    method: GET
    uri: https://management.azure.com/subscriptions/00000000-0000-0000-0000-000000000000/resourceGroups/clitest.rg000001/providers/Microsoft.DBForMySQL/servers/azuredbclitest000003?api-version=2017-12-01
  response:
    body:
      string: '{"sku":{"name":"GP_Gen5_2","tier":"GeneralPurpose","family":"Gen5","capacity":2},"properties":{"administratorLogin":"cloudsa","storageProfile":{"storageMB":5120,"backupRetentionDays":10,"geoRedundantBackup":"Enabled","storageAutogrow":"Enabled"},"version":"5.7","sslEnforcement":"Enabled","minimalTlsVersion":"TLS1_2","userVisibleState":"Ready","fullyQualifiedDomainName":"azuredbclitest000003.mysql.database.azure.com","earliestRestoreDate":"2020-09-16T01:08:44.833+00:00","replicationRole":"None","masterServerId":"","replicaCapacity":5,"byokEnforcement":"Disabled","privateEndpointConnections":[],"infrastructureEncryption":"Disabled","publicNetworkAccess":"Enabled"},"location":"eastus","tags":{"key":"1"},"id":"/subscriptions/00000000-0000-0000-0000-000000000000/resourceGroups/clitest.rg000001/providers/Microsoft.DBforMySQL/servers/azuredbclitest000003","name":"azuredbclitest000003","type":"Microsoft.DBforMySQL/servers"}'
    headers:
      cache-control:
      - no-cache
      content-length:
      - '1117'
      content-type:
      - application/json; charset=utf-8
      date:
      - Wed, 16 Sep 2020 01:01:49 GMT
      expires:
      - '-1'
      pragma:
      - no-cache
      server:
      - Microsoft-HTTPAPI/2.0
      strict-transport-security:
      - max-age=31536000; includeSubDomains
      transfer-encoding:
      - chunked
      vary:
      - Accept-Encoding
      x-content-type-options:
      - nosniff
    status:
      code: 200
      message: OK
- request:
    body: null
    headers:
      Accept:
      - application/json
      Accept-Encoding:
      - gzip, deflate
      CommandName:
      - mysql server update
      Connection:
      - keep-alive
      ParameterSetName:
      - -g --name --admin-password --ssl-enforcement --tags
      User-Agent:
      - python/3.8.5 (Windows-10-10.0.19041-SP0) msrest/0.6.19 msrest_azure/0.6.4
        azure-mgmt-rdbms/2017-12-01 Azure-SDK-For-Python AZURECLI/2.9.1
      accept-language:
      - en-US
    method: GET
    uri: https://management.azure.com/subscriptions/00000000-0000-0000-0000-000000000000/resourceGroups/clitest.rg000001/providers/Microsoft.DBForMySQL/servers/azuredbclitest000003?api-version=2017-12-01
  response:
    body:
      string: '{"sku":{"name":"GP_Gen5_2","tier":"GeneralPurpose","family":"Gen5","capacity":2},"properties":{"administratorLogin":"cloudsa","storageProfile":{"storageMB":5120,"backupRetentionDays":10,"geoRedundantBackup":"Enabled","storageAutogrow":"Enabled"},"version":"5.7","sslEnforcement":"Enabled","minimalTlsVersion":"TLS1_2","userVisibleState":"Ready","fullyQualifiedDomainName":"azuredbclitest000003.mysql.database.azure.com","earliestRestoreDate":"2020-09-16T01:08:44.833+00:00","replicationRole":"None","masterServerId":"","replicaCapacity":5,"byokEnforcement":"Disabled","privateEndpointConnections":[],"infrastructureEncryption":"Disabled","publicNetworkAccess":"Enabled"},"location":"eastus","tags":{"key":"1"},"id":"/subscriptions/00000000-0000-0000-0000-000000000000/resourceGroups/clitest.rg000001/providers/Microsoft.DBforMySQL/servers/azuredbclitest000003","name":"azuredbclitest000003","type":"Microsoft.DBforMySQL/servers"}'
    headers:
      cache-control:
      - no-cache
      content-length:
      - '1117'
      content-type:
      - application/json; charset=utf-8
      date:
      - Wed, 16 Sep 2020 01:01:49 GMT
      expires:
      - '-1'
      pragma:
      - no-cache
      server:
      - Microsoft-HTTPAPI/2.0
      strict-transport-security:
      - max-age=31536000; includeSubDomains
      transfer-encoding:
      - chunked
      vary:
      - Accept-Encoding
      x-content-type-options:
      - nosniff
    status:
      code: 200
      message: OK
- request:
    body: '{"properties": {"storageProfile": {"backupRetentionDays": 10, "geoRedundantBackup":
      "Enabled", "storageMB": 5120, "storageAutogrow": "Enabled"}, "administratorLoginPassword":
      "SecretPassword456", "sslEnforcement": "Disabled"}, "tags": {"key": "2"}}'
    headers:
      Accept:
      - application/json
      Accept-Encoding:
      - gzip, deflate
      CommandName:
      - mysql server update
      Connection:
      - keep-alive
      Content-Length:
      - '248'
      Content-Type:
      - application/json; charset=utf-8
      ParameterSetName:
      - -g --name --admin-password --ssl-enforcement --tags
      User-Agent:
      - python/3.8.5 (Windows-10-10.0.19041-SP0) msrest/0.6.19 msrest_azure/0.6.4
        azure-mgmt-rdbms/2017-12-01 Azure-SDK-For-Python AZURECLI/2.9.1
      accept-language:
      - en-US
    method: PATCH
    uri: https://management.azure.com/subscriptions/00000000-0000-0000-0000-000000000000/resourceGroups/clitest.rg000001/providers/Microsoft.DBForMySQL/servers/azuredbclitest000003?api-version=2017-12-01
  response:
    body:
      string: '{"operation":"UpsertElasticServer","startTime":"2020-09-16T01:01:50.483Z"}'
    headers:
      azure-asyncoperation:
      - https://management.azure.com/subscriptions/00000000-0000-0000-0000-000000000000/providers/Microsoft.DBforMySQL/locations/eastus/azureAsyncOperation/98ca844e-107b-4def-8db2-8527eec6b6e2?api-version=2017-12-01
      cache-control:
      - no-cache
      content-length:
      - '74'
      content-type:
      - application/json; charset=utf-8
      date:
      - Wed, 16 Sep 2020 01:01:51 GMT
      expires:
      - '-1'
      location:
      - https://management.azure.com/subscriptions/00000000-0000-0000-0000-000000000000/providers/Microsoft.DBforMySQL/locations/eastus/operationResults/98ca844e-107b-4def-8db2-8527eec6b6e2?api-version=2017-12-01
      pragma:
      - no-cache
      server:
      - Microsoft-HTTPAPI/2.0
      strict-transport-security:
      - max-age=31536000; includeSubDomains
      x-content-type-options:
      - nosniff
      x-ms-ratelimit-remaining-subscription-writes:
      - '1199'
    status:
      code: 202
      message: Accepted
- request:
    body: null
    headers:
      Accept:
      - application/json
      Accept-Encoding:
      - gzip, deflate
      CommandName:
      - mysql server update
      Connection:
      - keep-alive
      ParameterSetName:
      - -g --name --admin-password --ssl-enforcement --tags
      User-Agent:
      - python/3.8.5 (Windows-10-10.0.19041-SP0) msrest/0.6.19 msrest_azure/0.6.4
        azure-mgmt-rdbms/2017-12-01 Azure-SDK-For-Python AZURECLI/2.9.1
    method: GET
    uri: https://management.azure.com/subscriptions/00000000-0000-0000-0000-000000000000/providers/Microsoft.DBforMySQL/locations/eastus/azureAsyncOperation/98ca844e-107b-4def-8db2-8527eec6b6e2?api-version=2017-12-01
  response:
    body:
      string: '{"name":"98ca844e-107b-4def-8db2-8527eec6b6e2","status":"Succeeded","startTime":"2020-09-16T01:01:50.483Z"}'
    headers:
      cache-control:
      - no-cache
      content-length:
      - '107'
      content-type:
      - application/json; charset=utf-8
      date:
      - Wed, 16 Sep 2020 01:02:51 GMT
      expires:
      - '-1'
      pragma:
      - no-cache
      server:
      - Microsoft-HTTPAPI/2.0
      strict-transport-security:
      - max-age=31536000; includeSubDomains
      transfer-encoding:
      - chunked
      vary:
      - Accept-Encoding
      x-content-type-options:
      - nosniff
    status:
      code: 200
      message: OK
- request:
    body: null
    headers:
      Accept:
      - application/json
      Accept-Encoding:
      - gzip, deflate
      CommandName:
      - mysql server update
      Connection:
      - keep-alive
      ParameterSetName:
      - -g --name --admin-password --ssl-enforcement --tags
      User-Agent:
      - python/3.8.5 (Windows-10-10.0.19041-SP0) msrest/0.6.19 msrest_azure/0.6.4
        azure-mgmt-rdbms/2017-12-01 Azure-SDK-For-Python AZURECLI/2.9.1
    method: GET
    uri: https://management.azure.com/subscriptions/00000000-0000-0000-0000-000000000000/resourceGroups/clitest.rg000001/providers/Microsoft.DBForMySQL/servers/azuredbclitest000003?api-version=2017-12-01
  response:
    body:
      string: '{"sku":{"name":"GP_Gen5_2","tier":"GeneralPurpose","family":"Gen5","capacity":2},"properties":{"administratorLogin":"cloudsa","storageProfile":{"storageMB":5120,"backupRetentionDays":10,"geoRedundantBackup":"Enabled","storageAutogrow":"Enabled"},"version":"5.7","sslEnforcement":"Disabled","minimalTlsVersion":"TLSEnforcementDisabled","userVisibleState":"Ready","fullyQualifiedDomainName":"azuredbclitest000003.mysql.database.azure.com","earliestRestoreDate":"2020-09-16T01:08:44.833+00:00","replicationRole":"None","masterServerId":"","replicaCapacity":5,"byokEnforcement":"Disabled","privateEndpointConnections":[],"infrastructureEncryption":"Disabled","publicNetworkAccess":"Enabled"},"location":"eastus","tags":{"key":"2"},"id":"/subscriptions/00000000-0000-0000-0000-000000000000/resourceGroups/clitest.rg000001/providers/Microsoft.DBforMySQL/servers/azuredbclitest000003","name":"azuredbclitest000003","type":"Microsoft.DBforMySQL/servers"}'
    headers:
      cache-control:
      - no-cache
      content-length:
      - '1134'
      content-type:
      - application/json; charset=utf-8
      date:
      - Wed, 16 Sep 2020 01:02:51 GMT
      expires:
      - '-1'
      pragma:
      - no-cache
      server:
      - Microsoft-HTTPAPI/2.0
      strict-transport-security:
      - max-age=31536000; includeSubDomains
      transfer-encoding:
      - chunked
      vary:
      - Accept-Encoding
      x-content-type-options:
      - nosniff
    status:
      code: 200
      message: OK
- request:
    body: null
    headers:
      Accept:
      - application/json
      Accept-Encoding:
      - gzip, deflate
      CommandName:
      - mysql server update
      Connection:
      - keep-alive
      ParameterSetName:
      - -g --name --public-network-access
      User-Agent:
      - python/3.8.5 (Windows-10-10.0.19041-SP0) msrest/0.6.19 msrest_azure/0.6.4
        azure-mgmt-rdbms/2017-12-01 Azure-SDK-For-Python AZURECLI/2.9.1
      accept-language:
      - en-US
    method: GET
    uri: https://management.azure.com/subscriptions/00000000-0000-0000-0000-000000000000/resourceGroups/clitest.rg000001/providers/Microsoft.DBForMySQL/servers/azuredbclitest000003?api-version=2017-12-01
  response:
    body:
      string: '{"sku":{"name":"GP_Gen5_2","tier":"GeneralPurpose","family":"Gen5","capacity":2},"properties":{"administratorLogin":"cloudsa","storageProfile":{"storageMB":5120,"backupRetentionDays":10,"geoRedundantBackup":"Enabled","storageAutogrow":"Enabled"},"version":"5.7","sslEnforcement":"Disabled","minimalTlsVersion":"TLSEnforcementDisabled","userVisibleState":"Ready","fullyQualifiedDomainName":"azuredbclitest000003.mysql.database.azure.com","earliestRestoreDate":"2020-09-16T01:08:44.833+00:00","replicationRole":"None","masterServerId":"","replicaCapacity":5,"byokEnforcement":"Disabled","privateEndpointConnections":[],"infrastructureEncryption":"Disabled","publicNetworkAccess":"Enabled"},"location":"eastus","tags":{"key":"2"},"id":"/subscriptions/00000000-0000-0000-0000-000000000000/resourceGroups/clitest.rg000001/providers/Microsoft.DBforMySQL/servers/azuredbclitest000003","name":"azuredbclitest000003","type":"Microsoft.DBforMySQL/servers"}'
    headers:
      cache-control:
      - no-cache
      content-length:
      - '1134'
      content-type:
      - application/json; charset=utf-8
      date:
      - Wed, 16 Sep 2020 01:02:51 GMT
      expires:
      - '-1'
      pragma:
      - no-cache
      server:
      - Microsoft-HTTPAPI/2.0
      strict-transport-security:
      - max-age=31536000; includeSubDomains
      transfer-encoding:
      - chunked
      vary:
      - Accept-Encoding
      x-content-type-options:
      - nosniff
    status:
      code: 200
      message: OK
- request:
    body: '{"properties": {"storageProfile": {"backupRetentionDays": 10, "geoRedundantBackup":
      "Enabled", "storageMB": 5120, "storageAutogrow": "Enabled"}, "publicNetworkAccess":
      "Disabled"}}'
    headers:
      Accept:
      - application/json
      Accept-Encoding:
      - gzip, deflate
      CommandName:
      - mysql server update
      Connection:
      - keep-alive
      Content-Length:
      - '180'
      Content-Type:
      - application/json; charset=utf-8
      ParameterSetName:
      - -g --name --public-network-access
      User-Agent:
      - python/3.8.5 (Windows-10-10.0.19041-SP0) msrest/0.6.19 msrest_azure/0.6.4
        azure-mgmt-rdbms/2017-12-01 Azure-SDK-For-Python AZURECLI/2.9.1
      accept-language:
      - en-US
    method: PATCH
    uri: https://management.azure.com/subscriptions/00000000-0000-0000-0000-000000000000/resourceGroups/clitest.rg000001/providers/Microsoft.DBForMySQL/servers/azuredbclitest000003?api-version=2017-12-01
  response:
    body:
      string: '{"operation":"UpsertElasticServer","startTime":"2020-09-16T01:02:52.887Z"}'
    headers:
      azure-asyncoperation:
      - https://management.azure.com/subscriptions/00000000-0000-0000-0000-000000000000/providers/Microsoft.DBforMySQL/locations/eastus/azureAsyncOperation/2551ed90-3969-4835-a325-f8c904a0af48?api-version=2017-12-01
      cache-control:
      - no-cache
      content-length:
      - '74'
      content-type:
      - application/json; charset=utf-8
      date:
      - Wed, 16 Sep 2020 01:02:53 GMT
      expires:
      - '-1'
      location:
      - https://management.azure.com/subscriptions/00000000-0000-0000-0000-000000000000/providers/Microsoft.DBforMySQL/locations/eastus/operationResults/2551ed90-3969-4835-a325-f8c904a0af48?api-version=2017-12-01
      pragma:
      - no-cache
      server:
      - Microsoft-HTTPAPI/2.0
      strict-transport-security:
      - max-age=31536000; includeSubDomains
      x-content-type-options:
      - nosniff
      x-ms-ratelimit-remaining-subscription-writes:
      - '1199'
    status:
      code: 202
      message: Accepted
- request:
    body: null
    headers:
      Accept:
      - application/json
      Accept-Encoding:
      - gzip, deflate
      CommandName:
      - mysql server update
      Connection:
      - keep-alive
      ParameterSetName:
      - -g --name --public-network-access
      User-Agent:
      - python/3.8.5 (Windows-10-10.0.19041-SP0) msrest/0.6.19 msrest_azure/0.6.4
        azure-mgmt-rdbms/2017-12-01 Azure-SDK-For-Python AZURECLI/2.9.1
    method: GET
    uri: https://management.azure.com/subscriptions/00000000-0000-0000-0000-000000000000/providers/Microsoft.DBforMySQL/locations/eastus/azureAsyncOperation/2551ed90-3969-4835-a325-f8c904a0af48?api-version=2017-12-01
  response:
    body:
      string: '{"name":"2551ed90-3969-4835-a325-f8c904a0af48","status":"Succeeded","startTime":"2020-09-16T01:02:52.887Z"}'
    headers:
      cache-control:
      - no-cache
      content-length:
      - '107'
      content-type:
      - application/json; charset=utf-8
      date:
      - Wed, 16 Sep 2020 01:03:53 GMT
      expires:
      - '-1'
      pragma:
      - no-cache
      server:
      - Microsoft-HTTPAPI/2.0
      strict-transport-security:
      - max-age=31536000; includeSubDomains
      transfer-encoding:
      - chunked
      vary:
      - Accept-Encoding
      x-content-type-options:
      - nosniff
    status:
      code: 200
      message: OK
- request:
    body: null
    headers:
      Accept:
      - application/json
      Accept-Encoding:
      - gzip, deflate
      CommandName:
      - mysql server update
      Connection:
      - keep-alive
      ParameterSetName:
      - -g --name --public-network-access
      User-Agent:
      - python/3.8.5 (Windows-10-10.0.19041-SP0) msrest/0.6.19 msrest_azure/0.6.4
        azure-mgmt-rdbms/2017-12-01 Azure-SDK-For-Python AZURECLI/2.9.1
    method: GET
    uri: https://management.azure.com/subscriptions/00000000-0000-0000-0000-000000000000/resourceGroups/clitest.rg000001/providers/Microsoft.DBForMySQL/servers/azuredbclitest000003?api-version=2017-12-01
  response:
    body:
      string: '{"sku":{"name":"GP_Gen5_2","tier":"GeneralPurpose","family":"Gen5","capacity":2},"properties":{"administratorLogin":"cloudsa","storageProfile":{"storageMB":5120,"backupRetentionDays":10,"geoRedundantBackup":"Enabled","storageAutogrow":"Enabled"},"version":"5.7","sslEnforcement":"Disabled","minimalTlsVersion":"TLSEnforcementDisabled","userVisibleState":"Ready","fullyQualifiedDomainName":"azuredbclitest000003.mysql.database.azure.com","earliestRestoreDate":"2020-09-16T01:08:44.833+00:00","replicationRole":"None","masterServerId":"","replicaCapacity":5,"byokEnforcement":"Disabled","privateEndpointConnections":[],"infrastructureEncryption":"Disabled","publicNetworkAccess":"Disabled"},"location":"eastus","tags":{"key":"2"},"id":"/subscriptions/00000000-0000-0000-0000-000000000000/resourceGroups/clitest.rg000001/providers/Microsoft.DBforMySQL/servers/azuredbclitest000003","name":"azuredbclitest000003","type":"Microsoft.DBforMySQL/servers"}'
    headers:
      cache-control:
      - no-cache
      content-length:
      - '1135'
      content-type:
      - application/json; charset=utf-8
      date:
      - Wed, 16 Sep 2020 01:03:54 GMT
      expires:
      - '-1'
      pragma:
      - no-cache
      server:
      - Microsoft-HTTPAPI/2.0
      strict-transport-security:
      - max-age=31536000; includeSubDomains
      transfer-encoding:
      - chunked
      vary:
      - Accept-Encoding
      x-content-type-options:
      - nosniff
    status:
      code: 200
      message: OK
- request:
    body: null
    headers:
      Accept:
      - application/json
      Accept-Encoding:
      - gzip, deflate
      CommandName:
      - mysql server update
      Connection:
      - keep-alive
      ParameterSetName:
      - -g --name --sku-name
      User-Agent:
      - python/3.8.5 (Windows-10-10.0.19041-SP0) msrest/0.6.19 msrest_azure/0.6.4
        azure-mgmt-rdbms/2017-12-01 Azure-SDK-For-Python AZURECLI/2.9.1
      accept-language:
      - en-US
    method: GET
    uri: https://management.azure.com/subscriptions/00000000-0000-0000-0000-000000000000/resourceGroups/clitest.rg000001/providers/Microsoft.DBForMySQL/servers/azuredbclitest000003?api-version=2017-12-01
  response:
    body:
      string: '{"sku":{"name":"GP_Gen5_2","tier":"GeneralPurpose","family":"Gen5","capacity":2},"properties":{"administratorLogin":"cloudsa","storageProfile":{"storageMB":5120,"backupRetentionDays":10,"geoRedundantBackup":"Enabled","storageAutogrow":"Enabled"},"version":"5.7","sslEnforcement":"Disabled","minimalTlsVersion":"TLSEnforcementDisabled","userVisibleState":"Ready","fullyQualifiedDomainName":"azuredbclitest000003.mysql.database.azure.com","earliestRestoreDate":"2020-09-16T01:08:44.833+00:00","replicationRole":"None","masterServerId":"","replicaCapacity":5,"byokEnforcement":"Disabled","privateEndpointConnections":[],"infrastructureEncryption":"Disabled","publicNetworkAccess":"Disabled"},"location":"eastus","tags":{"key":"2"},"id":"/subscriptions/00000000-0000-0000-0000-000000000000/resourceGroups/clitest.rg000001/providers/Microsoft.DBforMySQL/servers/azuredbclitest000003","name":"azuredbclitest000003","type":"Microsoft.DBforMySQL/servers"}'
    headers:
      cache-control:
      - no-cache
      content-length:
      - '1135'
      content-type:
      - application/json; charset=utf-8
      date:
      - Wed, 16 Sep 2020 01:03:53 GMT
      expires:
      - '-1'
      pragma:
      - no-cache
      server:
      - Microsoft-HTTPAPI/2.0
      strict-transport-security:
      - max-age=31536000; includeSubDomains
      transfer-encoding:
      - chunked
      vary:
      - Accept-Encoding
      x-content-type-options:
      - nosniff
    status:
      code: 200
      message: OK
- request:
    body: '{"sku": {"name": "GP_Gen5_4"}, "properties": {"storageProfile": {"backupRetentionDays":
      10, "geoRedundantBackup": "Enabled", "storageMB": 5120, "storageAutogrow": "Enabled"}}}'
    headers:
      Accept:
      - application/json
      Accept-Encoding:
      - gzip, deflate
      CommandName:
      - mysql server update
      Connection:
      - keep-alive
      Content-Length:
      - '175'
      Content-Type:
      - application/json; charset=utf-8
      ParameterSetName:
      - -g --name --sku-name
      User-Agent:
      - python/3.8.5 (Windows-10-10.0.19041-SP0) msrest/0.6.19 msrest_azure/0.6.4
        azure-mgmt-rdbms/2017-12-01 Azure-SDK-For-Python AZURECLI/2.9.1
      accept-language:
      - en-US
    method: PATCH
    uri: https://management.azure.com/subscriptions/00000000-0000-0000-0000-000000000000/resourceGroups/clitest.rg000001/providers/Microsoft.DBForMySQL/servers/azuredbclitest000003?api-version=2017-12-01
  response:
    body:
      string: '{"operation":"UpsertElasticServer","startTime":"2020-09-16T01:03:55.34Z"}'
    headers:
      azure-asyncoperation:
      - https://management.azure.com/subscriptions/00000000-0000-0000-0000-000000000000/providers/Microsoft.DBforMySQL/locations/eastus/azureAsyncOperation/959c54a1-29bf-49c6-ab25-338dad995219?api-version=2017-12-01
      cache-control:
      - no-cache
      content-length:
      - '73'
      content-type:
      - application/json; charset=utf-8
      date:
      - Wed, 16 Sep 2020 01:03:57 GMT
      expires:
      - '-1'
      location:
      - https://management.azure.com/subscriptions/00000000-0000-0000-0000-000000000000/providers/Microsoft.DBforMySQL/locations/eastus/operationResults/959c54a1-29bf-49c6-ab25-338dad995219?api-version=2017-12-01
      pragma:
      - no-cache
      server:
      - Microsoft-HTTPAPI/2.0
      strict-transport-security:
      - max-age=31536000; includeSubDomains
      x-content-type-options:
      - nosniff
      x-ms-ratelimit-remaining-subscription-writes:
      - '1199'
    status:
      code: 202
      message: Accepted
- request:
    body: null
    headers:
      Accept:
      - application/json
      Accept-Encoding:
      - gzip, deflate
      CommandName:
      - mysql server update
      Connection:
      - keep-alive
      ParameterSetName:
      - -g --name --sku-name
      User-Agent:
      - python/3.8.5 (Windows-10-10.0.19041-SP0) msrest/0.6.19 msrest_azure/0.6.4
        azure-mgmt-rdbms/2017-12-01 Azure-SDK-For-Python AZURECLI/2.9.1
    method: GET
    uri: https://management.azure.com/subscriptions/00000000-0000-0000-0000-000000000000/providers/Microsoft.DBforMySQL/locations/eastus/azureAsyncOperation/959c54a1-29bf-49c6-ab25-338dad995219?api-version=2017-12-01
  response:
    body:
      string: '{"name":"959c54a1-29bf-49c6-ab25-338dad995219","status":"Succeeded","startTime":"2020-09-16T01:03:55.34Z"}'
    headers:
      cache-control:
      - no-cache
      content-length:
      - '106'
      content-type:
      - application/json; charset=utf-8
      date:
      - Wed, 16 Sep 2020 01:04:59 GMT
      expires:
      - '-1'
      pragma:
      - no-cache
      server:
      - Microsoft-HTTPAPI/2.0
      strict-transport-security:
      - max-age=31536000; includeSubDomains
      transfer-encoding:
      - chunked
      vary:
      - Accept-Encoding
      x-content-type-options:
      - nosniff
    status:
      code: 200
      message: OK
- request:
    body: null
    headers:
      Accept:
      - application/json
      Accept-Encoding:
      - gzip, deflate
      CommandName:
      - mysql server update
      Connection:
      - keep-alive
      ParameterSetName:
      - -g --name --sku-name
      User-Agent:
      - python/3.8.5 (Windows-10-10.0.19041-SP0) msrest/0.6.19 msrest_azure/0.6.4
        azure-mgmt-rdbms/2017-12-01 Azure-SDK-For-Python AZURECLI/2.9.1
    method: GET
    uri: https://management.azure.com/subscriptions/00000000-0000-0000-0000-000000000000/resourceGroups/clitest.rg000001/providers/Microsoft.DBForMySQL/servers/azuredbclitest000003?api-version=2017-12-01
  response:
    body:
      string: '{"sku":{"name":"GP_Gen5_4","tier":"GeneralPurpose","family":"Gen5","capacity":4},"properties":{"administratorLogin":"cloudsa","storageProfile":{"storageMB":5120,"backupRetentionDays":10,"geoRedundantBackup":"Enabled","storageAutogrow":"Enabled"},"version":"5.7","sslEnforcement":"Disabled","minimalTlsVersion":"TLSEnforcementDisabled","userVisibleState":"Ready","fullyQualifiedDomainName":"azuredbclitest000003.mysql.database.azure.com","earliestRestoreDate":"2020-09-16T01:08:44.833+00:00","replicationRole":"None","masterServerId":"","replicaCapacity":5,"byokEnforcement":"Disabled","privateEndpointConnections":[],"infrastructureEncryption":"Disabled","publicNetworkAccess":"Disabled"},"location":"eastus","tags":{"key":"2"},"id":"/subscriptions/00000000-0000-0000-0000-000000000000/resourceGroups/clitest.rg000001/providers/Microsoft.DBforMySQL/servers/azuredbclitest000003","name":"azuredbclitest000003","type":"Microsoft.DBforMySQL/servers"}'
    headers:
      cache-control:
      - no-cache
      content-length:
      - '1135'
      content-type:
      - application/json; charset=utf-8
      date:
      - Wed, 16 Sep 2020 01:04:59 GMT
      expires:
      - '-1'
      pragma:
      - no-cache
      server:
      - Microsoft-HTTPAPI/2.0
      strict-transport-security:
      - max-age=31536000; includeSubDomains
      transfer-encoding:
      - chunked
      vary:
      - Accept-Encoding
      x-content-type-options:
      - nosniff
    status:
      code: 200
      message: OK
- request:
    body: null
    headers:
      Accept:
      - application/json
      Accept-Encoding:
      - gzip, deflate
      CommandName:
      - mysql server show
      Connection:
      - keep-alive
      ParameterSetName:
      - -g --name
      User-Agent:
      - python/3.8.5 (Windows-10-10.0.19041-SP0) msrest/0.6.19 msrest_azure/0.6.4
        azure-mgmt-rdbms/2017-12-01 Azure-SDK-For-Python AZURECLI/2.9.1
      accept-language:
      - en-US
    method: GET
    uri: https://management.azure.com/subscriptions/00000000-0000-0000-0000-000000000000/resourceGroups/clitest.rg000001/providers/Microsoft.DBForMySQL/servers/azuredbclitest000003?api-version=2017-12-01
  response:
    body:
      string: '{"sku":{"name":"GP_Gen5_4","tier":"GeneralPurpose","family":"Gen5","capacity":4},"properties":{"administratorLogin":"cloudsa","storageProfile":{"storageMB":5120,"backupRetentionDays":10,"geoRedundantBackup":"Enabled","storageAutogrow":"Enabled"},"version":"5.7","sslEnforcement":"Disabled","minimalTlsVersion":"TLSEnforcementDisabled","userVisibleState":"Ready","fullyQualifiedDomainName":"azuredbclitest000003.mysql.database.azure.com","earliestRestoreDate":"2020-09-16T01:08:44.833+00:00","replicationRole":"None","masterServerId":"","replicaCapacity":5,"byokEnforcement":"Disabled","privateEndpointConnections":[],"infrastructureEncryption":"Disabled","publicNetworkAccess":"Disabled"},"location":"eastus","tags":{"key":"2"},"id":"/subscriptions/00000000-0000-0000-0000-000000000000/resourceGroups/clitest.rg000001/providers/Microsoft.DBforMySQL/servers/azuredbclitest000003","name":"azuredbclitest000003","type":"Microsoft.DBforMySQL/servers"}'
    headers:
      cache-control:
      - no-cache
      content-length:
      - '1135'
      content-type:
      - application/json; charset=utf-8
      date:
      - Wed, 16 Sep 2020 01:05:00 GMT
      expires:
      - '-1'
      pragma:
      - no-cache
      server:
      - Microsoft-HTTPAPI/2.0
      strict-transport-security:
      - max-age=31536000; includeSubDomains
      transfer-encoding:
      - chunked
      vary:
      - Accept-Encoding
      x-content-type-options:
      - nosniff
    status:
      code: 200
      message: OK
- request:
    body: null
    headers:
      Accept:
      - application/json
      Accept-Encoding:
      - gzip, deflate
      CommandName:
      - mysql server update
      Connection:
      - keep-alive
      ParameterSetName:
      - -g --name --sku-name
      User-Agent:
      - python/3.8.5 (Windows-10-10.0.19041-SP0) msrest/0.6.19 msrest_azure/0.6.4
        azure-mgmt-rdbms/2017-12-01 Azure-SDK-For-Python AZURECLI/2.9.1
      accept-language:
      - en-US
    method: GET
    uri: https://management.azure.com/subscriptions/00000000-0000-0000-0000-000000000000/resourceGroups/clitest.rg000001/providers/Microsoft.DBForMySQL/servers/azuredbclitest000003?api-version=2017-12-01
  response:
    body:
      string: '{"sku":{"name":"GP_Gen5_4","tier":"GeneralPurpose","family":"Gen5","capacity":4},"properties":{"administratorLogin":"cloudsa","storageProfile":{"storageMB":5120,"backupRetentionDays":10,"geoRedundantBackup":"Enabled","storageAutogrow":"Enabled"},"version":"5.7","sslEnforcement":"Disabled","minimalTlsVersion":"TLSEnforcementDisabled","userVisibleState":"Ready","fullyQualifiedDomainName":"azuredbclitest000003.mysql.database.azure.com","earliestRestoreDate":"2020-09-16T01:08:44.833+00:00","replicationRole":"None","masterServerId":"","replicaCapacity":5,"byokEnforcement":"Disabled","privateEndpointConnections":[],"infrastructureEncryption":"Disabled","publicNetworkAccess":"Disabled"},"location":"eastus","tags":{"key":"2"},"id":"/subscriptions/00000000-0000-0000-0000-000000000000/resourceGroups/clitest.rg000001/providers/Microsoft.DBforMySQL/servers/azuredbclitest000003","name":"azuredbclitest000003","type":"Microsoft.DBforMySQL/servers"}'
    headers:
      cache-control:
      - no-cache
      content-length:
      - '1135'
      content-type:
      - application/json; charset=utf-8
      date:
      - Wed, 16 Sep 2020 01:05:00 GMT
      expires:
      - '-1'
      pragma:
      - no-cache
      server:
      - Microsoft-HTTPAPI/2.0
      strict-transport-security:
      - max-age=31536000; includeSubDomains
      transfer-encoding:
      - chunked
      vary:
      - Accept-Encoding
      x-content-type-options:
      - nosniff
    status:
      code: 200
      message: OK
- request:
    body: '{"sku": {"name": "GP_Gen5_2"}, "properties": {"storageProfile": {"backupRetentionDays":
      10, "geoRedundantBackup": "Enabled", "storageMB": 5120, "storageAutogrow": "Enabled"}}}'
    headers:
      Accept:
      - application/json
      Accept-Encoding:
      - gzip, deflate
      CommandName:
      - mysql server update
      Connection:
      - keep-alive
      Content-Length:
      - '175'
      Content-Type:
      - application/json; charset=utf-8
      ParameterSetName:
      - -g --name --sku-name
      User-Agent:
      - python/3.8.5 (Windows-10-10.0.19041-SP0) msrest/0.6.19 msrest_azure/0.6.4
        azure-mgmt-rdbms/2017-12-01 Azure-SDK-For-Python AZURECLI/2.9.1
      accept-language:
      - en-US
    method: PATCH
    uri: https://management.azure.com/subscriptions/00000000-0000-0000-0000-000000000000/resourceGroups/clitest.rg000001/providers/Microsoft.DBForMySQL/servers/azuredbclitest000003?api-version=2017-12-01
  response:
    body:
      string: '{"operation":"UpsertElasticServer","startTime":"2020-09-16T01:05:01.83Z"}'
    headers:
      azure-asyncoperation:
      - https://management.azure.com/subscriptions/00000000-0000-0000-0000-000000000000/providers/Microsoft.DBforMySQL/locations/eastus/azureAsyncOperation/51e87856-9830-41c2-bc5c-21235684bc6c?api-version=2017-12-01
      cache-control:
      - no-cache
      content-length:
      - '73'
      content-type:
      - application/json; charset=utf-8
      date:
      - Wed, 16 Sep 2020 01:05:02 GMT
      expires:
      - '-1'
      location:
      - https://management.azure.com/subscriptions/00000000-0000-0000-0000-000000000000/providers/Microsoft.DBforMySQL/locations/eastus/operationResults/51e87856-9830-41c2-bc5c-21235684bc6c?api-version=2017-12-01
      pragma:
      - no-cache
      server:
      - Microsoft-HTTPAPI/2.0
      strict-transport-security:
      - max-age=31536000; includeSubDomains
      x-content-type-options:
      - nosniff
      x-ms-ratelimit-remaining-subscription-writes:
      - '1199'
    status:
      code: 202
      message: Accepted
- request:
    body: null
    headers:
      Accept:
      - application/json
      Accept-Encoding:
      - gzip, deflate
      CommandName:
      - mysql server update
      Connection:
      - keep-alive
      ParameterSetName:
      - -g --name --sku-name
      User-Agent:
      - python/3.8.5 (Windows-10-10.0.19041-SP0) msrest/0.6.19 msrest_azure/0.6.4
        azure-mgmt-rdbms/2017-12-01 Azure-SDK-For-Python AZURECLI/2.9.1
    method: GET
    uri: https://management.azure.com/subscriptions/00000000-0000-0000-0000-000000000000/providers/Microsoft.DBforMySQL/locations/eastus/azureAsyncOperation/51e87856-9830-41c2-bc5c-21235684bc6c?api-version=2017-12-01
  response:
    body:
      string: '{"name":"51e87856-9830-41c2-bc5c-21235684bc6c","status":"Succeeded","startTime":"2020-09-16T01:05:01.83Z"}'
    headers:
      cache-control:
      - no-cache
      content-length:
      - '106'
      content-type:
      - application/json; charset=utf-8
      date:
      - Wed, 16 Sep 2020 01:06:03 GMT
      expires:
      - '-1'
      pragma:
      - no-cache
      server:
      - Microsoft-HTTPAPI/2.0
      strict-transport-security:
      - max-age=31536000; includeSubDomains
      transfer-encoding:
      - chunked
      vary:
      - Accept-Encoding
      x-content-type-options:
      - nosniff
    status:
      code: 200
      message: OK
- request:
    body: null
    headers:
      Accept:
      - application/json
      Accept-Encoding:
      - gzip, deflate
      CommandName:
      - mysql server update
      Connection:
      - keep-alive
      ParameterSetName:
      - -g --name --sku-name
      User-Agent:
      - python/3.8.5 (Windows-10-10.0.19041-SP0) msrest/0.6.19 msrest_azure/0.6.4
        azure-mgmt-rdbms/2017-12-01 Azure-SDK-For-Python AZURECLI/2.9.1
    method: GET
    uri: https://management.azure.com/subscriptions/00000000-0000-0000-0000-000000000000/resourceGroups/clitest.rg000001/providers/Microsoft.DBForMySQL/servers/azuredbclitest000003?api-version=2017-12-01
  response:
    body:
      string: '{"sku":{"name":"GP_Gen5_2","tier":"GeneralPurpose","family":"Gen5","capacity":2},"properties":{"administratorLogin":"cloudsa","storageProfile":{"storageMB":5120,"backupRetentionDays":10,"geoRedundantBackup":"Enabled","storageAutogrow":"Enabled"},"version":"5.7","sslEnforcement":"Disabled","minimalTlsVersion":"TLSEnforcementDisabled","userVisibleState":"Ready","fullyQualifiedDomainName":"azuredbclitest000003.mysql.database.azure.com","earliestRestoreDate":"2020-09-16T01:08:44.833+00:00","replicationRole":"None","masterServerId":"","replicaCapacity":5,"byokEnforcement":"Disabled","privateEndpointConnections":[],"infrastructureEncryption":"Disabled","publicNetworkAccess":"Disabled"},"location":"eastus","tags":{"key":"2"},"id":"/subscriptions/00000000-0000-0000-0000-000000000000/resourceGroups/clitest.rg000001/providers/Microsoft.DBforMySQL/servers/azuredbclitest000003","name":"azuredbclitest000003","type":"Microsoft.DBforMySQL/servers"}'
    headers:
      cache-control:
      - no-cache
      content-length:
      - '1135'
      content-type:
      - application/json; charset=utf-8
      date:
      - Wed, 16 Sep 2020 01:06:04 GMT
      expires:
      - '-1'
      pragma:
      - no-cache
      server:
      - Microsoft-HTTPAPI/2.0
      strict-transport-security:
      - max-age=31536000; includeSubDomains
      transfer-encoding:
      - chunked
      vary:
      - Accept-Encoding
      x-content-type-options:
      - nosniff
    status:
      code: 200
      message: OK
- request:
    body: null
    headers:
      Accept:
      - application/json
      Accept-Encoding:
      - gzip, deflate
      CommandName:
      - mysql server update
      Connection:
      - keep-alive
      ParameterSetName:
      - -g --name --ssl-enforcement
      User-Agent:
      - python/3.8.5 (Windows-10-10.0.19041-SP0) msrest/0.6.19 msrest_azure/0.6.4
        azure-mgmt-rdbms/2017-12-01 Azure-SDK-For-Python AZURECLI/2.9.1
      accept-language:
      - en-US
    method: GET
    uri: https://management.azure.com/subscriptions/00000000-0000-0000-0000-000000000000/resourceGroups/clitest.rg000001/providers/Microsoft.DBForMySQL/servers/azuredbclitest000003?api-version=2017-12-01
  response:
    body:
      string: '{"sku":{"name":"GP_Gen5_2","tier":"GeneralPurpose","family":"Gen5","capacity":2},"properties":{"administratorLogin":"cloudsa","storageProfile":{"storageMB":5120,"backupRetentionDays":10,"geoRedundantBackup":"Enabled","storageAutogrow":"Enabled"},"version":"5.7","sslEnforcement":"Disabled","minimalTlsVersion":"TLSEnforcementDisabled","userVisibleState":"Ready","fullyQualifiedDomainName":"azuredbclitest000003.mysql.database.azure.com","earliestRestoreDate":"2020-09-16T01:08:44.833+00:00","replicationRole":"None","masterServerId":"","replicaCapacity":5,"byokEnforcement":"Disabled","privateEndpointConnections":[],"infrastructureEncryption":"Disabled","publicNetworkAccess":"Disabled"},"location":"eastus","tags":{"key":"2"},"id":"/subscriptions/00000000-0000-0000-0000-000000000000/resourceGroups/clitest.rg000001/providers/Microsoft.DBforMySQL/servers/azuredbclitest000003","name":"azuredbclitest000003","type":"Microsoft.DBforMySQL/servers"}'
    headers:
      cache-control:
      - no-cache
      content-length:
      - '1135'
      content-type:
      - application/json; charset=utf-8
      date:
      - Wed, 16 Sep 2020 01:06:04 GMT
      expires:
      - '-1'
      pragma:
      - no-cache
      server:
      - Microsoft-HTTPAPI/2.0
      strict-transport-security:
      - max-age=31536000; includeSubDomains
      transfer-encoding:
      - chunked
      vary:
      - Accept-Encoding
      x-content-type-options:
      - nosniff
    status:
      code: 200
      message: OK
- request:
    body: '{"properties": {"storageProfile": {"backupRetentionDays": 10, "geoRedundantBackup":
      "Enabled", "storageMB": 5120, "storageAutogrow": "Enabled"}, "sslEnforcement":
      "Enabled"}}'
    headers:
      Accept:
      - application/json
      Accept-Encoding:
      - gzip, deflate
      CommandName:
      - mysql server update
      Connection:
      - keep-alive
      Content-Length:
      - '174'
      Content-Type:
      - application/json; charset=utf-8
      ParameterSetName:
      - -g --name --ssl-enforcement
      User-Agent:
      - python/3.8.5 (Windows-10-10.0.19041-SP0) msrest/0.6.19 msrest_azure/0.6.4
        azure-mgmt-rdbms/2017-12-01 Azure-SDK-For-Python AZURECLI/2.9.1
      accept-language:
      - en-US
    method: PATCH
    uri: https://management.azure.com/subscriptions/00000000-0000-0000-0000-000000000000/resourceGroups/clitest.rg000001/providers/Microsoft.DBForMySQL/servers/azuredbclitest000003?api-version=2017-12-01
  response:
    body:
      string: '{"operation":"UpsertElasticServer","startTime":"2020-09-16T01:06:05.403Z"}'
    headers:
      azure-asyncoperation:
      - https://management.azure.com/subscriptions/00000000-0000-0000-0000-000000000000/providers/Microsoft.DBforMySQL/locations/eastus/azureAsyncOperation/d38c5574-a9e6-4d21-9f99-ce113289eddc?api-version=2017-12-01
      cache-control:
      - no-cache
      content-length:
      - '74'
      content-type:
      - application/json; charset=utf-8
      date:
      - Wed, 16 Sep 2020 01:06:06 GMT
      expires:
      - '-1'
      location:
      - https://management.azure.com/subscriptions/00000000-0000-0000-0000-000000000000/providers/Microsoft.DBforMySQL/locations/eastus/operationResults/d38c5574-a9e6-4d21-9f99-ce113289eddc?api-version=2017-12-01
      pragma:
      - no-cache
      server:
      - Microsoft-HTTPAPI/2.0
      strict-transport-security:
      - max-age=31536000; includeSubDomains
      x-content-type-options:
      - nosniff
      x-ms-ratelimit-remaining-subscription-writes:
      - '1199'
    status:
      code: 202
      message: Accepted
- request:
    body: null
    headers:
      Accept:
      - application/json
      Accept-Encoding:
      - gzip, deflate
      CommandName:
      - mysql server update
      Connection:
      - keep-alive
      ParameterSetName:
      - -g --name --ssl-enforcement
      User-Agent:
      - python/3.8.5 (Windows-10-10.0.19041-SP0) msrest/0.6.19 msrest_azure/0.6.4
        azure-mgmt-rdbms/2017-12-01 Azure-SDK-For-Python AZURECLI/2.9.1
    method: GET
    uri: https://management.azure.com/subscriptions/00000000-0000-0000-0000-000000000000/providers/Microsoft.DBforMySQL/locations/eastus/azureAsyncOperation/d38c5574-a9e6-4d21-9f99-ce113289eddc?api-version=2017-12-01
  response:
    body:
      string: '{"name":"d38c5574-a9e6-4d21-9f99-ce113289eddc","status":"Succeeded","startTime":"2020-09-16T01:06:05.403Z"}'
    headers:
      cache-control:
      - no-cache
      content-length:
      - '107'
      content-type:
      - application/json; charset=utf-8
      date:
      - Wed, 16 Sep 2020 01:07:06 GMT
      expires:
      - '-1'
      pragma:
      - no-cache
      server:
      - Microsoft-HTTPAPI/2.0
      strict-transport-security:
      - max-age=31536000; includeSubDomains
      transfer-encoding:
      - chunked
      vary:
      - Accept-Encoding
      x-content-type-options:
      - nosniff
    status:
      code: 200
      message: OK
- request:
    body: null
    headers:
      Accept:
      - application/json
      Accept-Encoding:
      - gzip, deflate
      CommandName:
      - mysql server update
      Connection:
      - keep-alive
      ParameterSetName:
      - -g --name --ssl-enforcement
      User-Agent:
      - python/3.8.5 (Windows-10-10.0.19041-SP0) msrest/0.6.19 msrest_azure/0.6.4
        azure-mgmt-rdbms/2017-12-01 Azure-SDK-For-Python AZURECLI/2.9.1
    method: GET
    uri: https://management.azure.com/subscriptions/00000000-0000-0000-0000-000000000000/resourceGroups/clitest.rg000001/providers/Microsoft.DBForMySQL/servers/azuredbclitest000003?api-version=2017-12-01
  response:
    body:
      string: '{"sku":{"name":"GP_Gen5_2","tier":"GeneralPurpose","family":"Gen5","capacity":2},"properties":{"administratorLogin":"cloudsa","storageProfile":{"storageMB":5120,"backupRetentionDays":10,"geoRedundantBackup":"Enabled","storageAutogrow":"Enabled"},"version":"5.7","sslEnforcement":"Enabled","minimalTlsVersion":"TLSEnforcementDisabled","userVisibleState":"Ready","fullyQualifiedDomainName":"azuredbclitest000003.mysql.database.azure.com","earliestRestoreDate":"2020-09-16T01:08:44.833+00:00","replicationRole":"None","masterServerId":"","replicaCapacity":5,"byokEnforcement":"Disabled","privateEndpointConnections":[],"infrastructureEncryption":"Disabled","publicNetworkAccess":"Disabled"},"location":"eastus","tags":{"key":"2"},"id":"/subscriptions/00000000-0000-0000-0000-000000000000/resourceGroups/clitest.rg000001/providers/Microsoft.DBforMySQL/servers/azuredbclitest000003","name":"azuredbclitest000003","type":"Microsoft.DBforMySQL/servers"}'
    headers:
      cache-control:
      - no-cache
      content-length:
      - '1134'
      content-type:
      - application/json; charset=utf-8
      date:
      - Wed, 16 Sep 2020 01:07:06 GMT
      expires:
      - '-1'
      pragma:
      - no-cache
      server:
      - Microsoft-HTTPAPI/2.0
      strict-transport-security:
      - max-age=31536000; includeSubDomains
      transfer-encoding:
      - chunked
      vary:
      - Accept-Encoding
      x-content-type-options:
      - nosniff
    status:
      code: 200
      message: OK
- request:
    body: null
    headers:
      Accept:
      - application/json
      Accept-Encoding:
      - gzip, deflate
      CommandName:
      - mysql server update
      Connection:
      - keep-alive
      ParameterSetName:
      - -g --name --tags
      User-Agent:
      - python/3.8.5 (Windows-10-10.0.19041-SP0) msrest/0.6.19 msrest_azure/0.6.4
        azure-mgmt-rdbms/2017-12-01 Azure-SDK-For-Python AZURECLI/2.9.1
      accept-language:
      - en-US
    method: GET
    uri: https://management.azure.com/subscriptions/00000000-0000-0000-0000-000000000000/resourceGroups/clitest.rg000001/providers/Microsoft.DBForMySQL/servers/azuredbclitest000003?api-version=2017-12-01
  response:
    body:
      string: '{"sku":{"name":"GP_Gen5_2","tier":"GeneralPurpose","family":"Gen5","capacity":2},"properties":{"administratorLogin":"cloudsa","storageProfile":{"storageMB":5120,"backupRetentionDays":10,"geoRedundantBackup":"Enabled","storageAutogrow":"Enabled"},"version":"5.7","sslEnforcement":"Enabled","minimalTlsVersion":"TLSEnforcementDisabled","userVisibleState":"Ready","fullyQualifiedDomainName":"azuredbclitest000003.mysql.database.azure.com","earliestRestoreDate":"2020-09-16T01:08:44.833+00:00","replicationRole":"None","masterServerId":"","replicaCapacity":5,"byokEnforcement":"Disabled","privateEndpointConnections":[],"infrastructureEncryption":"Disabled","publicNetworkAccess":"Disabled"},"location":"eastus","tags":{"key":"2"},"id":"/subscriptions/00000000-0000-0000-0000-000000000000/resourceGroups/clitest.rg000001/providers/Microsoft.DBforMySQL/servers/azuredbclitest000003","name":"azuredbclitest000003","type":"Microsoft.DBforMySQL/servers"}'
    headers:
      cache-control:
      - no-cache
      content-length:
      - '1134'
      content-type:
      - application/json; charset=utf-8
      date:
      - Wed, 16 Sep 2020 01:07:06 GMT
      expires:
      - '-1'
      pragma:
      - no-cache
      server:
      - Microsoft-HTTPAPI/2.0
      strict-transport-security:
      - max-age=31536000; includeSubDomains
      transfer-encoding:
      - chunked
      vary:
      - Accept-Encoding
      x-content-type-options:
      - nosniff
    status:
      code: 200
      message: OK
- request:
    body: '{"properties": {"storageProfile": {"backupRetentionDays": 10, "geoRedundantBackup":
      "Enabled", "storageMB": 5120, "storageAutogrow": "Enabled"}}, "tags": {"key":
      "3"}}'
    headers:
      Accept:
      - application/json
      Accept-Encoding:
      - gzip, deflate
      CommandName:
      - mysql server update
      Connection:
      - keep-alive
      Content-Length:
      - '167'
      Content-Type:
      - application/json; charset=utf-8
      ParameterSetName:
      - -g --name --tags
      User-Agent:
      - python/3.8.5 (Windows-10-10.0.19041-SP0) msrest/0.6.19 msrest_azure/0.6.4
        azure-mgmt-rdbms/2017-12-01 Azure-SDK-For-Python AZURECLI/2.9.1
      accept-language:
      - en-US
    method: PATCH
    uri: https://management.azure.com/subscriptions/00000000-0000-0000-0000-000000000000/resourceGroups/clitest.rg000001/providers/Microsoft.DBForMySQL/servers/azuredbclitest000003?api-version=2017-12-01
  response:
    body:
      string: '{"operation":"UpsertElasticServer","startTime":"2020-09-16T01:07:07.817Z"}'
    headers:
      azure-asyncoperation:
      - https://management.azure.com/subscriptions/00000000-0000-0000-0000-000000000000/providers/Microsoft.DBforMySQL/locations/eastus/azureAsyncOperation/3d43db58-8ac9-48d2-ab58-21b7f0784ca8?api-version=2017-12-01
      cache-control:
      - no-cache
      content-length:
      - '74'
      content-type:
      - application/json; charset=utf-8
      date:
      - Wed, 16 Sep 2020 01:07:08 GMT
      expires:
      - '-1'
      location:
      - https://management.azure.com/subscriptions/00000000-0000-0000-0000-000000000000/providers/Microsoft.DBforMySQL/locations/eastus/operationResults/3d43db58-8ac9-48d2-ab58-21b7f0784ca8?api-version=2017-12-01
      pragma:
      - no-cache
      server:
      - Microsoft-HTTPAPI/2.0
      strict-transport-security:
      - max-age=31536000; includeSubDomains
      x-content-type-options:
      - nosniff
      x-ms-ratelimit-remaining-subscription-writes:
      - '1198'
    status:
      code: 202
      message: Accepted
- request:
    body: null
    headers:
      Accept:
      - application/json
      Accept-Encoding:
      - gzip, deflate
      CommandName:
      - mysql server update
      Connection:
      - keep-alive
      ParameterSetName:
      - -g --name --tags
      User-Agent:
      - python/3.8.5 (Windows-10-10.0.19041-SP0) msrest/0.6.19 msrest_azure/0.6.4
        azure-mgmt-rdbms/2017-12-01 Azure-SDK-For-Python AZURECLI/2.9.1
    method: GET
    uri: https://management.azure.com/subscriptions/00000000-0000-0000-0000-000000000000/providers/Microsoft.DBforMySQL/locations/eastus/azureAsyncOperation/3d43db58-8ac9-48d2-ab58-21b7f0784ca8?api-version=2017-12-01
  response:
    body:
      string: '{"name":"3d43db58-8ac9-48d2-ab58-21b7f0784ca8","status":"Succeeded","startTime":"2020-09-16T01:07:07.817Z"}'
    headers:
      cache-control:
      - no-cache
      content-length:
      - '107'
      content-type:
      - application/json; charset=utf-8
      date:
      - Wed, 16 Sep 2020 01:08:09 GMT
      expires:
      - '-1'
      pragma:
      - no-cache
      server:
      - Microsoft-HTTPAPI/2.0
      strict-transport-security:
      - max-age=31536000; includeSubDomains
      transfer-encoding:
      - chunked
      vary:
      - Accept-Encoding
      x-content-type-options:
      - nosniff
    status:
      code: 200
      message: OK
- request:
    body: null
    headers:
      Accept:
      - application/json
      Accept-Encoding:
      - gzip, deflate
      CommandName:
      - mysql server update
      Connection:
      - keep-alive
      ParameterSetName:
      - -g --name --tags
      User-Agent:
      - python/3.8.5 (Windows-10-10.0.19041-SP0) msrest/0.6.19 msrest_azure/0.6.4
        azure-mgmt-rdbms/2017-12-01 Azure-SDK-For-Python AZURECLI/2.9.1
    method: GET
    uri: https://management.azure.com/subscriptions/00000000-0000-0000-0000-000000000000/resourceGroups/clitest.rg000001/providers/Microsoft.DBForMySQL/servers/azuredbclitest000003?api-version=2017-12-01
  response:
    body:
      string: '{"sku":{"name":"GP_Gen5_2","tier":"GeneralPurpose","family":"Gen5","capacity":2},"properties":{"administratorLogin":"cloudsa","storageProfile":{"storageMB":5120,"backupRetentionDays":10,"geoRedundantBackup":"Enabled","storageAutogrow":"Enabled"},"version":"5.7","sslEnforcement":"Enabled","minimalTlsVersion":"TLSEnforcementDisabled","userVisibleState":"Ready","fullyQualifiedDomainName":"azuredbclitest000003.mysql.database.azure.com","earliestRestoreDate":"2020-09-16T01:08:44.833+00:00","replicationRole":"None","masterServerId":"","replicaCapacity":5,"byokEnforcement":"Disabled","privateEndpointConnections":[],"infrastructureEncryption":"Disabled","publicNetworkAccess":"Disabled"},"location":"eastus","tags":{"key":"3"},"id":"/subscriptions/00000000-0000-0000-0000-000000000000/resourceGroups/clitest.rg000001/providers/Microsoft.DBforMySQL/servers/azuredbclitest000003","name":"azuredbclitest000003","type":"Microsoft.DBforMySQL/servers"}'
    headers:
      cache-control:
      - no-cache
      content-length:
      - '1134'
      content-type:
      - application/json; charset=utf-8
      date:
      - Wed, 16 Sep 2020 01:08:09 GMT
      expires:
      - '-1'
      pragma:
      - no-cache
      server:
      - Microsoft-HTTPAPI/2.0
      strict-transport-security:
      - max-age=31536000; includeSubDomains
      transfer-encoding:
      - chunked
      vary:
      - Accept-Encoding
      x-content-type-options:
      - nosniff
    status:
      code: 200
      message: OK
- request:
    body: null
    headers:
      Accept:
      - application/json
      Accept-Encoding:
      - gzip, deflate
      CommandName:
      - mysql server restore
      Connection:
      - keep-alive
      ParameterSetName:
      - -g --name --source-server --restore-point-in-time
      User-Agent:
      - python/3.8.5 (Windows-10-10.0.19041-SP0) msrest/0.6.19 msrest_azure/0.6.4
        azure-mgmt-rdbms/2017-12-01 Azure-SDK-For-Python AZURECLI/2.9.1
      accept-language:
      - en-US
    method: GET
    uri: https://management.azure.com/subscriptions/00000000-0000-0000-0000-000000000000/resourceGroups/clitest.rg000001/providers/Microsoft.DBForMySQL/servers/azuredbclitest000003?api-version=2017-12-01
  response:
    body:
      string: '{"sku":{"name":"GP_Gen5_2","tier":"GeneralPurpose","family":"Gen5","capacity":2},"properties":{"administratorLogin":"cloudsa","storageProfile":{"storageMB":5120,"backupRetentionDays":10,"geoRedundantBackup":"Enabled","storageAutogrow":"Enabled"},"version":"5.7","sslEnforcement":"Enabled","minimalTlsVersion":"TLSEnforcementDisabled","userVisibleState":"Ready","fullyQualifiedDomainName":"azuredbclitest000003.mysql.database.azure.com","earliestRestoreDate":"2020-09-16T01:08:44.833+00:00","replicationRole":"None","masterServerId":"","replicaCapacity":5,"byokEnforcement":"Disabled","privateEndpointConnections":[],"infrastructureEncryption":"Disabled","publicNetworkAccess":"Disabled"},"location":"eastus","tags":{"key":"3"},"id":"/subscriptions/00000000-0000-0000-0000-000000000000/resourceGroups/clitest.rg000001/providers/Microsoft.DBforMySQL/servers/azuredbclitest000003","name":"azuredbclitest000003","type":"Microsoft.DBforMySQL/servers"}'
    headers:
      cache-control:
      - no-cache
      content-length:
      - '1134'
      content-type:
      - application/json; charset=utf-8
      date:
      - Wed, 16 Sep 2020 01:08:44 GMT
      expires:
      - '-1'
      pragma:
      - no-cache
      server:
      - Microsoft-HTTPAPI/2.0
      strict-transport-security:
      - max-age=31536000; includeSubDomains
      transfer-encoding:
      - chunked
      vary:
      - Accept-Encoding
      x-content-type-options:
      - nosniff
    status:
      code: 200
      message: OK
- request:
    body: 'b''{"properties": {"createMode": "PointInTimeRestore", "sourceServerId":
      "/subscriptions/00000000-0000-0000-0000-000000000000/resourceGroups/clitest.rg000001/providers/Microsoft.DBforMySQL/servers/azuredbclitest000003",
      "restorePointInTime": "2020-09-16T01:08:44.833Z"}, "location": "eastus"}'''
    headers:
      Accept:
      - application/json
      Accept-Encoding:
      - gzip, deflate
      CommandName:
      - mysql server restore
      Connection:
      - keep-alive
      Content-Length:
      - '391'
      Content-Type:
      - application/json; charset=utf-8
      ParameterSetName:
      - -g --name --source-server --restore-point-in-time
      User-Agent:
      - python/3.8.5 (Windows-10-10.0.19041-SP0) msrest/0.6.19 msrest_azure/0.6.4
        azure-mgmt-rdbms/2017-12-01 Azure-SDK-For-Python AZURECLI/2.9.1
      accept-language:
      - en-US
    method: PUT
    uri: https://management.azure.com/subscriptions/00000000-0000-0000-0000-000000000000/resourceGroups/clitest.rg000002/providers/Microsoft.DBForMySQL/servers/azuredbclirestore000004?api-version=2017-12-01
  response:
    body:
      string: '{"operation":"RestoreElasticServer","startTime":"2020-09-16T01:08:46.09Z"}'
    headers:
      azure-asyncoperation:
      - https://management.azure.com/subscriptions/00000000-0000-0000-0000-000000000000/providers/Microsoft.DBforMySQL/locations/eastus/azureAsyncOperation/fe3e7691-33bb-4116-93de-1f7267830911?api-version=2017-12-01
      cache-control:
      - no-cache
      content-length:
      - '74'
      content-type:
      - application/json; charset=utf-8
      date:
      - Wed, 16 Sep 2020 01:08:45 GMT
      expires:
      - '-1'
      location:
      - https://management.azure.com/subscriptions/00000000-0000-0000-0000-000000000000/providers/Microsoft.DBforMySQL/locations/eastus/operationResults/fe3e7691-33bb-4116-93de-1f7267830911?api-version=2017-12-01
      pragma:
      - no-cache
      server:
      - Microsoft-HTTPAPI/2.0
      strict-transport-security:
      - max-age=31536000; includeSubDomains
      x-content-type-options:
      - nosniff
      x-ms-ratelimit-remaining-subscription-writes:
      - '1198'
    status:
      code: 202
      message: Accepted
- request:
    body: null
    headers:
      Accept:
      - application/json
      Accept-Encoding:
      - gzip, deflate
      CommandName:
      - mysql server restore
      Connection:
      - keep-alive
      ParameterSetName:
      - -g --name --source-server --restore-point-in-time
      User-Agent:
      - python/3.8.5 (Windows-10-10.0.19041-SP0) msrest/0.6.19 msrest_azure/0.6.4
        azure-mgmt-rdbms/2017-12-01 Azure-SDK-For-Python AZURECLI/2.9.1
    method: GET
    uri: https://management.azure.com/subscriptions/00000000-0000-0000-0000-000000000000/providers/Microsoft.DBforMySQL/locations/eastus/azureAsyncOperation/fe3e7691-33bb-4116-93de-1f7267830911?api-version=2017-12-01
  response:
    body:
      string: '{"name":"fe3e7691-33bb-4116-93de-1f7267830911","status":"InProgress","startTime":"2020-09-16T01:08:46.09Z"}'
    headers:
      cache-control:
      - no-cache
      content-length:
      - '107'
      content-type:
      - application/json; charset=utf-8
      date:
      - Wed, 16 Sep 2020 01:08:56 GMT
      expires:
      - '-1'
      pragma:
      - no-cache
      server:
      - Microsoft-HTTPAPI/2.0
      strict-transport-security:
      - max-age=31536000; includeSubDomains
      transfer-encoding:
      - chunked
      vary:
      - Accept-Encoding
      x-content-type-options:
      - nosniff
    status:
      code: 200
      message: OK
- request:
    body: null
    headers:
      Accept:
      - application/json
      Accept-Encoding:
      - gzip, deflate
      CommandName:
      - mysql server restore
      Connection:
      - keep-alive
      ParameterSetName:
      - -g --name --source-server --restore-point-in-time
      User-Agent:
      - python/3.8.5 (Windows-10-10.0.19041-SP0) msrest/0.6.19 msrest_azure/0.6.4
        azure-mgmt-rdbms/2017-12-01 Azure-SDK-For-Python AZURECLI/2.9.1
    method: GET
    uri: https://management.azure.com/subscriptions/00000000-0000-0000-0000-000000000000/providers/Microsoft.DBforMySQL/locations/eastus/azureAsyncOperation/fe3e7691-33bb-4116-93de-1f7267830911?api-version=2017-12-01
  response:
    body:
      string: '{"name":"fe3e7691-33bb-4116-93de-1f7267830911","status":"InProgress","startTime":"2020-09-16T01:08:46.09Z"}'
    headers:
      cache-control:
      - no-cache
      content-length:
      - '107'
      content-type:
      - application/json; charset=utf-8
      date:
      - Wed, 16 Sep 2020 01:09:06 GMT
      expires:
      - '-1'
      pragma:
      - no-cache
      server:
      - Microsoft-HTTPAPI/2.0
      strict-transport-security:
      - max-age=31536000; includeSubDomains
      transfer-encoding:
      - chunked
      vary:
      - Accept-Encoding
      x-content-type-options:
      - nosniff
    status:
      code: 200
      message: OK
- request:
    body: null
    headers:
      Accept:
      - application/json
      Accept-Encoding:
      - gzip, deflate
      CommandName:
      - mysql server restore
      Connection:
      - keep-alive
      ParameterSetName:
      - -g --name --source-server --restore-point-in-time
      User-Agent:
      - python/3.8.5 (Windows-10-10.0.19041-SP0) msrest/0.6.19 msrest_azure/0.6.4
        azure-mgmt-rdbms/2017-12-01 Azure-SDK-For-Python AZURECLI/2.9.1
    method: GET
    uri: https://management.azure.com/subscriptions/00000000-0000-0000-0000-000000000000/providers/Microsoft.DBforMySQL/locations/eastus/azureAsyncOperation/fe3e7691-33bb-4116-93de-1f7267830911?api-version=2017-12-01
  response:
    body:
      string: '{"name":"fe3e7691-33bb-4116-93de-1f7267830911","status":"InProgress","startTime":"2020-09-16T01:08:46.09Z"}'
    headers:
      cache-control:
      - no-cache
      content-length:
      - '107'
      content-type:
      - application/json; charset=utf-8
      date:
      - Wed, 16 Sep 2020 01:09:16 GMT
      expires:
      - '-1'
      pragma:
      - no-cache
      server:
      - Microsoft-HTTPAPI/2.0
      strict-transport-security:
      - max-age=31536000; includeSubDomains
      transfer-encoding:
      - chunked
      vary:
      - Accept-Encoding
      x-content-type-options:
      - nosniff
    status:
      code: 200
      message: OK
- request:
    body: null
    headers:
      Accept:
      - application/json
      Accept-Encoding:
      - gzip, deflate
      CommandName:
      - mysql server restore
      Connection:
      - keep-alive
      ParameterSetName:
      - -g --name --source-server --restore-point-in-time
      User-Agent:
      - python/3.8.5 (Windows-10-10.0.19041-SP0) msrest/0.6.19 msrest_azure/0.6.4
        azure-mgmt-rdbms/2017-12-01 Azure-SDK-For-Python AZURECLI/2.9.1
    method: GET
    uri: https://management.azure.com/subscriptions/00000000-0000-0000-0000-000000000000/providers/Microsoft.DBforMySQL/locations/eastus/azureAsyncOperation/fe3e7691-33bb-4116-93de-1f7267830911?api-version=2017-12-01
  response:
    body:
      string: '{"name":"fe3e7691-33bb-4116-93de-1f7267830911","status":"InProgress","startTime":"2020-09-16T01:08:46.09Z"}'
    headers:
      cache-control:
      - no-cache
      content-length:
      - '107'
      content-type:
      - application/json; charset=utf-8
      date:
      - Wed, 16 Sep 2020 01:09:26 GMT
      expires:
      - '-1'
      pragma:
      - no-cache
      server:
      - Microsoft-HTTPAPI/2.0
      strict-transport-security:
      - max-age=31536000; includeSubDomains
      transfer-encoding:
      - chunked
      vary:
      - Accept-Encoding
      x-content-type-options:
      - nosniff
    status:
      code: 200
      message: OK
- request:
    body: null
    headers:
      Accept:
      - application/json
      Accept-Encoding:
      - gzip, deflate
      CommandName:
      - mysql server restore
      Connection:
      - keep-alive
      ParameterSetName:
      - -g --name --source-server --restore-point-in-time
      User-Agent:
      - python/3.8.5 (Windows-10-10.0.19041-SP0) msrest/0.6.19 msrest_azure/0.6.4
        azure-mgmt-rdbms/2017-12-01 Azure-SDK-For-Python AZURECLI/2.9.1
    method: GET
    uri: https://management.azure.com/subscriptions/00000000-0000-0000-0000-000000000000/providers/Microsoft.DBforMySQL/locations/eastus/azureAsyncOperation/fe3e7691-33bb-4116-93de-1f7267830911?api-version=2017-12-01
  response:
    body:
      string: '{"name":"fe3e7691-33bb-4116-93de-1f7267830911","status":"InProgress","startTime":"2020-09-16T01:08:46.09Z"}'
    headers:
      cache-control:
      - no-cache
      content-length:
      - '107'
      content-type:
      - application/json; charset=utf-8
      date:
      - Wed, 16 Sep 2020 01:09:36 GMT
      expires:
      - '-1'
      pragma:
      - no-cache
      server:
      - Microsoft-HTTPAPI/2.0
      strict-transport-security:
      - max-age=31536000; includeSubDomains
      transfer-encoding:
      - chunked
      vary:
      - Accept-Encoding
      x-content-type-options:
      - nosniff
    status:
      code: 200
      message: OK
- request:
    body: null
    headers:
      Accept:
      - application/json
      Accept-Encoding:
      - gzip, deflate
      CommandName:
      - mysql server restore
      Connection:
      - keep-alive
      ParameterSetName:
      - -g --name --source-server --restore-point-in-time
      User-Agent:
      - python/3.8.5 (Windows-10-10.0.19041-SP0) msrest/0.6.19 msrest_azure/0.6.4
        azure-mgmt-rdbms/2017-12-01 Azure-SDK-For-Python AZURECLI/2.9.1
    method: GET
    uri: https://management.azure.com/subscriptions/00000000-0000-0000-0000-000000000000/providers/Microsoft.DBforMySQL/locations/eastus/azureAsyncOperation/fe3e7691-33bb-4116-93de-1f7267830911?api-version=2017-12-01
  response:
    body:
      string: '{"name":"fe3e7691-33bb-4116-93de-1f7267830911","status":"InProgress","startTime":"2020-09-16T01:08:46.09Z"}'
    headers:
      cache-control:
      - no-cache
      content-length:
      - '107'
      content-type:
      - application/json; charset=utf-8
      date:
      - Wed, 16 Sep 2020 01:09:47 GMT
      expires:
      - '-1'
      pragma:
      - no-cache
      server:
      - Microsoft-HTTPAPI/2.0
      strict-transport-security:
      - max-age=31536000; includeSubDomains
      transfer-encoding:
      - chunked
      vary:
      - Accept-Encoding
      x-content-type-options:
      - nosniff
    status:
      code: 200
      message: OK
- request:
    body: null
    headers:
      Accept:
      - application/json
      Accept-Encoding:
      - gzip, deflate
      CommandName:
      - mysql server restore
      Connection:
      - keep-alive
      ParameterSetName:
      - -g --name --source-server --restore-point-in-time
      User-Agent:
      - python/3.8.5 (Windows-10-10.0.19041-SP0) msrest/0.6.19 msrest_azure/0.6.4
        azure-mgmt-rdbms/2017-12-01 Azure-SDK-For-Python AZURECLI/2.9.1
    method: GET
    uri: https://management.azure.com/subscriptions/00000000-0000-0000-0000-000000000000/providers/Microsoft.DBforMySQL/locations/eastus/azureAsyncOperation/fe3e7691-33bb-4116-93de-1f7267830911?api-version=2017-12-01
  response:
    body:
      string: '{"name":"fe3e7691-33bb-4116-93de-1f7267830911","status":"InProgress","startTime":"2020-09-16T01:08:46.09Z"}'
    headers:
      cache-control:
      - no-cache
      content-length:
      - '107'
      content-type:
      - application/json; charset=utf-8
      date:
      - Wed, 16 Sep 2020 01:09:57 GMT
      expires:
      - '-1'
      pragma:
      - no-cache
      server:
      - Microsoft-HTTPAPI/2.0
      strict-transport-security:
      - max-age=31536000; includeSubDomains
      transfer-encoding:
      - chunked
      vary:
      - Accept-Encoding
      x-content-type-options:
      - nosniff
    status:
      code: 200
      message: OK
- request:
    body: null
    headers:
      Accept:
      - application/json
      Accept-Encoding:
      - gzip, deflate
      CommandName:
      - mysql server restore
      Connection:
      - keep-alive
      ParameterSetName:
      - -g --name --source-server --restore-point-in-time
      User-Agent:
      - python/3.8.5 (Windows-10-10.0.19041-SP0) msrest/0.6.19 msrest_azure/0.6.4
        azure-mgmt-rdbms/2017-12-01 Azure-SDK-For-Python AZURECLI/2.9.1
    method: GET
    uri: https://management.azure.com/subscriptions/00000000-0000-0000-0000-000000000000/providers/Microsoft.DBforMySQL/locations/eastus/azureAsyncOperation/fe3e7691-33bb-4116-93de-1f7267830911?api-version=2017-12-01
  response:
    body:
      string: '{"name":"fe3e7691-33bb-4116-93de-1f7267830911","status":"InProgress","startTime":"2020-09-16T01:08:46.09Z"}'
    headers:
      cache-control:
      - no-cache
      content-length:
      - '107'
      content-type:
      - application/json; charset=utf-8
      date:
      - Wed, 16 Sep 2020 01:10:07 GMT
      expires:
      - '-1'
      pragma:
      - no-cache
      server:
      - Microsoft-HTTPAPI/2.0
      strict-transport-security:
      - max-age=31536000; includeSubDomains
      transfer-encoding:
      - chunked
      vary:
      - Accept-Encoding
      x-content-type-options:
      - nosniff
    status:
      code: 200
      message: OK
- request:
    body: null
    headers:
      Accept:
      - application/json
      Accept-Encoding:
      - gzip, deflate
      CommandName:
      - mysql server restore
      Connection:
      - keep-alive
      ParameterSetName:
      - -g --name --source-server --restore-point-in-time
      User-Agent:
      - python/3.8.5 (Windows-10-10.0.19041-SP0) msrest/0.6.19 msrest_azure/0.6.4
        azure-mgmt-rdbms/2017-12-01 Azure-SDK-For-Python AZURECLI/2.9.1
    method: GET
    uri: https://management.azure.com/subscriptions/00000000-0000-0000-0000-000000000000/providers/Microsoft.DBforMySQL/locations/eastus/azureAsyncOperation/fe3e7691-33bb-4116-93de-1f7267830911?api-version=2017-12-01
  response:
    body:
      string: '{"name":"fe3e7691-33bb-4116-93de-1f7267830911","status":"InProgress","startTime":"2020-09-16T01:08:46.09Z"}'
    headers:
      cache-control:
      - no-cache
      content-length:
      - '107'
      content-type:
      - application/json; charset=utf-8
      date:
      - Wed, 16 Sep 2020 01:10:17 GMT
      expires:
      - '-1'
      pragma:
      - no-cache
      server:
      - Microsoft-HTTPAPI/2.0
      strict-transport-security:
      - max-age=31536000; includeSubDomains
      transfer-encoding:
      - chunked
      vary:
      - Accept-Encoding
      x-content-type-options:
      - nosniff
    status:
      code: 200
      message: OK
- request:
    body: null
    headers:
      Accept:
      - application/json
      Accept-Encoding:
      - gzip, deflate
      CommandName:
      - mysql server restore
      Connection:
      - keep-alive
      ParameterSetName:
      - -g --name --source-server --restore-point-in-time
      User-Agent:
      - python/3.8.5 (Windows-10-10.0.19041-SP0) msrest/0.6.19 msrest_azure/0.6.4
        azure-mgmt-rdbms/2017-12-01 Azure-SDK-For-Python AZURECLI/2.9.1
    method: GET
    uri: https://management.azure.com/subscriptions/00000000-0000-0000-0000-000000000000/providers/Microsoft.DBforMySQL/locations/eastus/azureAsyncOperation/fe3e7691-33bb-4116-93de-1f7267830911?api-version=2017-12-01
  response:
    body:
      string: '{"name":"fe3e7691-33bb-4116-93de-1f7267830911","status":"InProgress","startTime":"2020-09-16T01:08:46.09Z"}'
    headers:
      cache-control:
      - no-cache
      content-length:
      - '107'
      content-type:
      - application/json; charset=utf-8
      date:
      - Wed, 16 Sep 2020 01:10:27 GMT
      expires:
      - '-1'
      pragma:
      - no-cache
      server:
      - Microsoft-HTTPAPI/2.0
      strict-transport-security:
      - max-age=31536000; includeSubDomains
      transfer-encoding:
      - chunked
      vary:
      - Accept-Encoding
      x-content-type-options:
      - nosniff
    status:
      code: 200
      message: OK
- request:
    body: null
    headers:
      Accept:
      - application/json
      Accept-Encoding:
      - gzip, deflate
      CommandName:
      - mysql server restore
      Connection:
      - keep-alive
      ParameterSetName:
      - -g --name --source-server --restore-point-in-time
      User-Agent:
      - python/3.8.5 (Windows-10-10.0.19041-SP0) msrest/0.6.19 msrest_azure/0.6.4
        azure-mgmt-rdbms/2017-12-01 Azure-SDK-For-Python AZURECLI/2.9.1
    method: GET
    uri: https://management.azure.com/subscriptions/00000000-0000-0000-0000-000000000000/providers/Microsoft.DBforMySQL/locations/eastus/azureAsyncOperation/fe3e7691-33bb-4116-93de-1f7267830911?api-version=2017-12-01
  response:
    body:
      string: '{"name":"fe3e7691-33bb-4116-93de-1f7267830911","status":"InProgress","startTime":"2020-09-16T01:08:46.09Z"}'
    headers:
      cache-control:
      - no-cache
      content-length:
      - '107'
      content-type:
      - application/json; charset=utf-8
      date:
      - Wed, 16 Sep 2020 01:10:37 GMT
      expires:
      - '-1'
      pragma:
      - no-cache
      server:
      - Microsoft-HTTPAPI/2.0
      strict-transport-security:
      - max-age=31536000; includeSubDomains
      transfer-encoding:
      - chunked
      vary:
      - Accept-Encoding
      x-content-type-options:
      - nosniff
    status:
      code: 200
      message: OK
- request:
    body: null
    headers:
      Accept:
      - application/json
      Accept-Encoding:
      - gzip, deflate
      CommandName:
      - mysql server restore
      Connection:
      - keep-alive
      ParameterSetName:
      - -g --name --source-server --restore-point-in-time
      User-Agent:
      - python/3.8.5 (Windows-10-10.0.19041-SP0) msrest/0.6.19 msrest_azure/0.6.4
        azure-mgmt-rdbms/2017-12-01 Azure-SDK-For-Python AZURECLI/2.9.1
    method: GET
    uri: https://management.azure.com/subscriptions/00000000-0000-0000-0000-000000000000/providers/Microsoft.DBforMySQL/locations/eastus/azureAsyncOperation/fe3e7691-33bb-4116-93de-1f7267830911?api-version=2017-12-01
  response:
    body:
      string: '{"name":"fe3e7691-33bb-4116-93de-1f7267830911","status":"InProgress","startTime":"2020-09-16T01:08:46.09Z"}'
    headers:
      cache-control:
      - no-cache
      content-length:
      - '107'
      content-type:
      - application/json; charset=utf-8
      date:
      - Wed, 16 Sep 2020 01:10:47 GMT
      expires:
      - '-1'
      pragma:
      - no-cache
      server:
      - Microsoft-HTTPAPI/2.0
      strict-transport-security:
      - max-age=31536000; includeSubDomains
      transfer-encoding:
      - chunked
      vary:
      - Accept-Encoding
      x-content-type-options:
      - nosniff
    status:
      code: 200
      message: OK
- request:
    body: null
    headers:
      Accept:
      - application/json
      Accept-Encoding:
      - gzip, deflate
      CommandName:
      - mysql server restore
      Connection:
      - keep-alive
      ParameterSetName:
      - -g --name --source-server --restore-point-in-time
      User-Agent:
      - python/3.8.5 (Windows-10-10.0.19041-SP0) msrest/0.6.19 msrest_azure/0.6.4
        azure-mgmt-rdbms/2017-12-01 Azure-SDK-For-Python AZURECLI/2.9.1
    method: GET
    uri: https://management.azure.com/subscriptions/00000000-0000-0000-0000-000000000000/providers/Microsoft.DBforMySQL/locations/eastus/azureAsyncOperation/fe3e7691-33bb-4116-93de-1f7267830911?api-version=2017-12-01
  response:
    body:
      string: '{"name":"fe3e7691-33bb-4116-93de-1f7267830911","status":"InProgress","startTime":"2020-09-16T01:08:46.09Z"}'
    headers:
      cache-control:
      - no-cache
      content-length:
      - '107'
      content-type:
      - application/json; charset=utf-8
      date:
      - Wed, 16 Sep 2020 01:10:57 GMT
      expires:
      - '-1'
      pragma:
      - no-cache
      server:
      - Microsoft-HTTPAPI/2.0
      strict-transport-security:
      - max-age=31536000; includeSubDomains
      transfer-encoding:
      - chunked
      vary:
      - Accept-Encoding
      x-content-type-options:
      - nosniff
    status:
      code: 200
      message: OK
- request:
    body: null
    headers:
      Accept:
      - application/json
      Accept-Encoding:
      - gzip, deflate
      CommandName:
      - mysql server restore
      Connection:
      - keep-alive
      ParameterSetName:
      - -g --name --source-server --restore-point-in-time
      User-Agent:
      - python/3.8.5 (Windows-10-10.0.19041-SP0) msrest/0.6.19 msrest_azure/0.6.4
        azure-mgmt-rdbms/2017-12-01 Azure-SDK-For-Python AZURECLI/2.9.1
    method: GET
    uri: https://management.azure.com/subscriptions/00000000-0000-0000-0000-000000000000/providers/Microsoft.DBforMySQL/locations/eastus/azureAsyncOperation/fe3e7691-33bb-4116-93de-1f7267830911?api-version=2017-12-01
  response:
    body:
      string: '{"name":"fe3e7691-33bb-4116-93de-1f7267830911","status":"InProgress","startTime":"2020-09-16T01:08:46.09Z"}'
    headers:
      cache-control:
      - no-cache
      content-length:
      - '107'
      content-type:
      - application/json; charset=utf-8
      date:
      - Wed, 16 Sep 2020 01:11:08 GMT
      expires:
      - '-1'
      pragma:
      - no-cache
      server:
      - Microsoft-HTTPAPI/2.0
      strict-transport-security:
      - max-age=31536000; includeSubDomains
      transfer-encoding:
      - chunked
      vary:
      - Accept-Encoding
      x-content-type-options:
      - nosniff
    status:
      code: 200
      message: OK
- request:
    body: null
    headers:
      Accept:
      - application/json
      Accept-Encoding:
      - gzip, deflate
      CommandName:
      - mysql server restore
      Connection:
      - keep-alive
      ParameterSetName:
      - -g --name --source-server --restore-point-in-time
      User-Agent:
      - python/3.8.5 (Windows-10-10.0.19041-SP0) msrest/0.6.19 msrest_azure/0.6.4
        azure-mgmt-rdbms/2017-12-01 Azure-SDK-For-Python AZURECLI/2.9.1
    method: GET
    uri: https://management.azure.com/subscriptions/00000000-0000-0000-0000-000000000000/providers/Microsoft.DBforMySQL/locations/eastus/azureAsyncOperation/fe3e7691-33bb-4116-93de-1f7267830911?api-version=2017-12-01
  response:
    body:
      string: '{"name":"fe3e7691-33bb-4116-93de-1f7267830911","status":"InProgress","startTime":"2020-09-16T01:08:46.09Z"}'
    headers:
      cache-control:
      - no-cache
      content-length:
      - '107'
      content-type:
      - application/json; charset=utf-8
      date:
      - Wed, 16 Sep 2020 01:11:18 GMT
      expires:
      - '-1'
      pragma:
      - no-cache
      server:
      - Microsoft-HTTPAPI/2.0
      strict-transport-security:
      - max-age=31536000; includeSubDomains
      transfer-encoding:
      - chunked
      vary:
      - Accept-Encoding
      x-content-type-options:
      - nosniff
    status:
      code: 200
      message: OK
- request:
    body: null
    headers:
      Accept:
      - application/json
      Accept-Encoding:
      - gzip, deflate
      CommandName:
      - mysql server restore
      Connection:
      - keep-alive
      ParameterSetName:
      - -g --name --source-server --restore-point-in-time
      User-Agent:
      - python/3.8.5 (Windows-10-10.0.19041-SP0) msrest/0.6.19 msrest_azure/0.6.4
        azure-mgmt-rdbms/2017-12-01 Azure-SDK-For-Python AZURECLI/2.9.1
    method: GET
    uri: https://management.azure.com/subscriptions/00000000-0000-0000-0000-000000000000/providers/Microsoft.DBforMySQL/locations/eastus/azureAsyncOperation/fe3e7691-33bb-4116-93de-1f7267830911?api-version=2017-12-01
  response:
    body:
      string: '{"name":"fe3e7691-33bb-4116-93de-1f7267830911","status":"InProgress","startTime":"2020-09-16T01:08:46.09Z"}'
    headers:
      cache-control:
      - no-cache
      content-length:
      - '107'
      content-type:
      - application/json; charset=utf-8
      date:
      - Wed, 16 Sep 2020 01:11:28 GMT
      expires:
      - '-1'
      pragma:
      - no-cache
      server:
      - Microsoft-HTTPAPI/2.0
      strict-transport-security:
      - max-age=31536000; includeSubDomains
      transfer-encoding:
      - chunked
      vary:
      - Accept-Encoding
      x-content-type-options:
      - nosniff
    status:
      code: 200
      message: OK
- request:
    body: null
    headers:
      Accept:
      - application/json
      Accept-Encoding:
      - gzip, deflate
      CommandName:
      - mysql server restore
      Connection:
      - keep-alive
      ParameterSetName:
      - -g --name --source-server --restore-point-in-time
      User-Agent:
      - python/3.8.5 (Windows-10-10.0.19041-SP0) msrest/0.6.19 msrest_azure/0.6.4
        azure-mgmt-rdbms/2017-12-01 Azure-SDK-For-Python AZURECLI/2.9.1
    method: GET
    uri: https://management.azure.com/subscriptions/00000000-0000-0000-0000-000000000000/providers/Microsoft.DBforMySQL/locations/eastus/azureAsyncOperation/fe3e7691-33bb-4116-93de-1f7267830911?api-version=2017-12-01
  response:
    body:
      string: '{"name":"fe3e7691-33bb-4116-93de-1f7267830911","status":"InProgress","startTime":"2020-09-16T01:08:46.09Z"}'
    headers:
      cache-control:
      - no-cache
      content-length:
      - '107'
      content-type:
      - application/json; charset=utf-8
      date:
      - Wed, 16 Sep 2020 01:11:38 GMT
      expires:
      - '-1'
      pragma:
      - no-cache
      server:
      - Microsoft-HTTPAPI/2.0
      strict-transport-security:
      - max-age=31536000; includeSubDomains
      transfer-encoding:
      - chunked
      vary:
      - Accept-Encoding
      x-content-type-options:
      - nosniff
    status:
      code: 200
      message: OK
- request:
    body: null
    headers:
      Accept:
      - application/json
      Accept-Encoding:
      - gzip, deflate
      CommandName:
      - mysql server restore
      Connection:
      - keep-alive
      ParameterSetName:
      - -g --name --source-server --restore-point-in-time
      User-Agent:
      - python/3.8.5 (Windows-10-10.0.19041-SP0) msrest/0.6.19 msrest_azure/0.6.4
        azure-mgmt-rdbms/2017-12-01 Azure-SDK-For-Python AZURECLI/2.9.1
    method: GET
    uri: https://management.azure.com/subscriptions/00000000-0000-0000-0000-000000000000/providers/Microsoft.DBforMySQL/locations/eastus/azureAsyncOperation/fe3e7691-33bb-4116-93de-1f7267830911?api-version=2017-12-01
  response:
    body:
      string: '{"name":"fe3e7691-33bb-4116-93de-1f7267830911","status":"InProgress","startTime":"2020-09-16T01:08:46.09Z"}'
    headers:
      cache-control:
      - no-cache
      content-length:
      - '107'
      content-type:
      - application/json; charset=utf-8
      date:
      - Wed, 16 Sep 2020 01:11:48 GMT
      expires:
      - '-1'
      pragma:
      - no-cache
      server:
      - Microsoft-HTTPAPI/2.0
      strict-transport-security:
      - max-age=31536000; includeSubDomains
      transfer-encoding:
      - chunked
      vary:
      - Accept-Encoding
      x-content-type-options:
      - nosniff
    status:
      code: 200
      message: OK
- request:
    body: null
    headers:
      Accept:
      - application/json
      Accept-Encoding:
      - gzip, deflate
      CommandName:
      - mysql server restore
      Connection:
      - keep-alive
      ParameterSetName:
      - -g --name --source-server --restore-point-in-time
      User-Agent:
      - python/3.8.5 (Windows-10-10.0.19041-SP0) msrest/0.6.19 msrest_azure/0.6.4
        azure-mgmt-rdbms/2017-12-01 Azure-SDK-For-Python AZURECLI/2.9.1
    method: GET
    uri: https://management.azure.com/subscriptions/00000000-0000-0000-0000-000000000000/providers/Microsoft.DBforMySQL/locations/eastus/azureAsyncOperation/fe3e7691-33bb-4116-93de-1f7267830911?api-version=2017-12-01
  response:
    body:
      string: '{"name":"fe3e7691-33bb-4116-93de-1f7267830911","status":"InProgress","startTime":"2020-09-16T01:08:46.09Z"}'
    headers:
      cache-control:
      - no-cache
      content-length:
      - '107'
      content-type:
      - application/json; charset=utf-8
      date:
      - Wed, 16 Sep 2020 01:11:58 GMT
      expires:
      - '-1'
      pragma:
      - no-cache
      server:
      - Microsoft-HTTPAPI/2.0
      strict-transport-security:
      - max-age=31536000; includeSubDomains
      transfer-encoding:
      - chunked
      vary:
      - Accept-Encoding
      x-content-type-options:
      - nosniff
    status:
      code: 200
      message: OK
- request:
    body: null
    headers:
      Accept:
      - application/json
      Accept-Encoding:
      - gzip, deflate
      CommandName:
      - mysql server restore
      Connection:
      - keep-alive
      ParameterSetName:
      - -g --name --source-server --restore-point-in-time
      User-Agent:
      - python/3.8.5 (Windows-10-10.0.19041-SP0) msrest/0.6.19 msrest_azure/0.6.4
        azure-mgmt-rdbms/2017-12-01 Azure-SDK-For-Python AZURECLI/2.9.1
    method: GET
    uri: https://management.azure.com/subscriptions/00000000-0000-0000-0000-000000000000/providers/Microsoft.DBforMySQL/locations/eastus/azureAsyncOperation/fe3e7691-33bb-4116-93de-1f7267830911?api-version=2017-12-01
  response:
    body:
      string: '{"name":"fe3e7691-33bb-4116-93de-1f7267830911","status":"InProgress","startTime":"2020-09-16T01:08:46.09Z"}'
    headers:
      cache-control:
      - no-cache
      content-length:
      - '107'
      content-type:
      - application/json; charset=utf-8
      date:
      - Wed, 16 Sep 2020 01:12:08 GMT
      expires:
      - '-1'
      pragma:
      - no-cache
      server:
      - Microsoft-HTTPAPI/2.0
      strict-transport-security:
      - max-age=31536000; includeSubDomains
      transfer-encoding:
      - chunked
      vary:
      - Accept-Encoding
      x-content-type-options:
      - nosniff
    status:
      code: 200
      message: OK
- request:
    body: null
    headers:
      Accept:
      - application/json
      Accept-Encoding:
      - gzip, deflate
      CommandName:
      - mysql server restore
      Connection:
      - keep-alive
      ParameterSetName:
      - -g --name --source-server --restore-point-in-time
      User-Agent:
      - python/3.8.5 (Windows-10-10.0.19041-SP0) msrest/0.6.19 msrest_azure/0.6.4
        azure-mgmt-rdbms/2017-12-01 Azure-SDK-For-Python AZURECLI/2.9.1
    method: GET
    uri: https://management.azure.com/subscriptions/00000000-0000-0000-0000-000000000000/providers/Microsoft.DBforMySQL/locations/eastus/azureAsyncOperation/fe3e7691-33bb-4116-93de-1f7267830911?api-version=2017-12-01
  response:
    body:
      string: '{"name":"fe3e7691-33bb-4116-93de-1f7267830911","status":"InProgress","startTime":"2020-09-16T01:08:46.09Z"}'
    headers:
      cache-control:
      - no-cache
      content-length:
      - '107'
      content-type:
      - application/json; charset=utf-8
      date:
      - Wed, 16 Sep 2020 01:12:19 GMT
      expires:
      - '-1'
      pragma:
      - no-cache
      server:
      - Microsoft-HTTPAPI/2.0
      strict-transport-security:
      - max-age=31536000; includeSubDomains
      transfer-encoding:
      - chunked
      vary:
      - Accept-Encoding
      x-content-type-options:
      - nosniff
    status:
      code: 200
      message: OK
- request:
    body: null
    headers:
      Accept:
      - application/json
      Accept-Encoding:
      - gzip, deflate
      CommandName:
      - mysql server restore
      Connection:
      - keep-alive
      ParameterSetName:
      - -g --name --source-server --restore-point-in-time
      User-Agent:
      - python/3.8.5 (Windows-10-10.0.19041-SP0) msrest/0.6.19 msrest_azure/0.6.4
        azure-mgmt-rdbms/2017-12-01 Azure-SDK-For-Python AZURECLI/2.9.1
    method: GET
    uri: https://management.azure.com/subscriptions/00000000-0000-0000-0000-000000000000/providers/Microsoft.DBforMySQL/locations/eastus/azureAsyncOperation/fe3e7691-33bb-4116-93de-1f7267830911?api-version=2017-12-01
  response:
    body:
      string: '{"name":"fe3e7691-33bb-4116-93de-1f7267830911","status":"InProgress","startTime":"2020-09-16T01:08:46.09Z"}'
    headers:
      cache-control:
      - no-cache
      content-length:
      - '107'
      content-type:
      - application/json; charset=utf-8
      date:
      - Wed, 16 Sep 2020 01:12:29 GMT
      expires:
      - '-1'
      pragma:
      - no-cache
      server:
      - Microsoft-HTTPAPI/2.0
      strict-transport-security:
      - max-age=31536000; includeSubDomains
      transfer-encoding:
      - chunked
      vary:
      - Accept-Encoding
      x-content-type-options:
      - nosniff
    status:
      code: 200
      message: OK
- request:
    body: null
    headers:
      Accept:
      - application/json
      Accept-Encoding:
      - gzip, deflate
      CommandName:
      - mysql server restore
      Connection:
      - keep-alive
      ParameterSetName:
      - -g --name --source-server --restore-point-in-time
      User-Agent:
      - python/3.8.5 (Windows-10-10.0.19041-SP0) msrest/0.6.19 msrest_azure/0.6.4
        azure-mgmt-rdbms/2017-12-01 Azure-SDK-For-Python AZURECLI/2.9.1
    method: GET
    uri: https://management.azure.com/subscriptions/00000000-0000-0000-0000-000000000000/providers/Microsoft.DBforMySQL/locations/eastus/azureAsyncOperation/fe3e7691-33bb-4116-93de-1f7267830911?api-version=2017-12-01
  response:
    body:
      string: '{"name":"fe3e7691-33bb-4116-93de-1f7267830911","status":"InProgress","startTime":"2020-09-16T01:08:46.09Z"}'
    headers:
      cache-control:
      - no-cache
      content-length:
      - '107'
      content-type:
      - application/json; charset=utf-8
      date:
      - Wed, 16 Sep 2020 01:12:39 GMT
      expires:
      - '-1'
      pragma:
      - no-cache
      server:
      - Microsoft-HTTPAPI/2.0
      strict-transport-security:
      - max-age=31536000; includeSubDomains
      transfer-encoding:
      - chunked
      vary:
      - Accept-Encoding
      x-content-type-options:
      - nosniff
    status:
      code: 200
      message: OK
- request:
    body: null
    headers:
      Accept:
      - application/json
      Accept-Encoding:
      - gzip, deflate
      CommandName:
      - mysql server restore
      Connection:
      - keep-alive
      ParameterSetName:
      - -g --name --source-server --restore-point-in-time
      User-Agent:
      - python/3.8.5 (Windows-10-10.0.19041-SP0) msrest/0.6.19 msrest_azure/0.6.4
        azure-mgmt-rdbms/2017-12-01 Azure-SDK-For-Python AZURECLI/2.9.1
    method: GET
    uri: https://management.azure.com/subscriptions/00000000-0000-0000-0000-000000000000/providers/Microsoft.DBforMySQL/locations/eastus/azureAsyncOperation/fe3e7691-33bb-4116-93de-1f7267830911?api-version=2017-12-01
  response:
    body:
      string: '{"name":"fe3e7691-33bb-4116-93de-1f7267830911","status":"InProgress","startTime":"2020-09-16T01:08:46.09Z"}'
    headers:
      cache-control:
      - no-cache
      content-length:
      - '107'
      content-type:
      - application/json; charset=utf-8
      date:
      - Wed, 16 Sep 2020 01:12:50 GMT
      expires:
      - '-1'
      pragma:
      - no-cache
      server:
      - Microsoft-HTTPAPI/2.0
      strict-transport-security:
      - max-age=31536000; includeSubDomains
      transfer-encoding:
      - chunked
      vary:
      - Accept-Encoding
      x-content-type-options:
      - nosniff
    status:
      code: 200
      message: OK
- request:
    body: null
    headers:
      Accept:
      - application/json
      Accept-Encoding:
      - gzip, deflate
      CommandName:
      - mysql server restore
      Connection:
      - keep-alive
      ParameterSetName:
      - -g --name --source-server --restore-point-in-time
      User-Agent:
      - python/3.8.5 (Windows-10-10.0.19041-SP0) msrest/0.6.19 msrest_azure/0.6.4
        azure-mgmt-rdbms/2017-12-01 Azure-SDK-For-Python AZURECLI/2.9.1
    method: GET
    uri: https://management.azure.com/subscriptions/00000000-0000-0000-0000-000000000000/providers/Microsoft.DBforMySQL/locations/eastus/azureAsyncOperation/fe3e7691-33bb-4116-93de-1f7267830911?api-version=2017-12-01
  response:
    body:
      string: '{"name":"fe3e7691-33bb-4116-93de-1f7267830911","status":"InProgress","startTime":"2020-09-16T01:08:46.09Z"}'
    headers:
      cache-control:
      - no-cache
      content-length:
      - '107'
      content-type:
      - application/json; charset=utf-8
      date:
      - Wed, 16 Sep 2020 01:13:00 GMT
      expires:
      - '-1'
      pragma:
      - no-cache
      server:
      - Microsoft-HTTPAPI/2.0
      strict-transport-security:
      - max-age=31536000; includeSubDomains
      transfer-encoding:
      - chunked
      vary:
      - Accept-Encoding
      x-content-type-options:
      - nosniff
    status:
      code: 200
      message: OK
- request:
    body: null
    headers:
      Accept:
      - application/json
      Accept-Encoding:
      - gzip, deflate
      CommandName:
      - mysql server restore
      Connection:
      - keep-alive
      ParameterSetName:
      - -g --name --source-server --restore-point-in-time
      User-Agent:
      - python/3.8.5 (Windows-10-10.0.19041-SP0) msrest/0.6.19 msrest_azure/0.6.4
        azure-mgmt-rdbms/2017-12-01 Azure-SDK-For-Python AZURECLI/2.9.1
    method: GET
    uri: https://management.azure.com/subscriptions/00000000-0000-0000-0000-000000000000/providers/Microsoft.DBforMySQL/locations/eastus/azureAsyncOperation/fe3e7691-33bb-4116-93de-1f7267830911?api-version=2017-12-01
  response:
    body:
      string: '{"name":"fe3e7691-33bb-4116-93de-1f7267830911","status":"InProgress","startTime":"2020-09-16T01:08:46.09Z"}'
    headers:
      cache-control:
      - no-cache
      content-length:
      - '107'
      content-type:
      - application/json; charset=utf-8
      date:
      - Wed, 16 Sep 2020 01:13:10 GMT
      expires:
      - '-1'
      pragma:
      - no-cache
      server:
      - Microsoft-HTTPAPI/2.0
      strict-transport-security:
      - max-age=31536000; includeSubDomains
      transfer-encoding:
      - chunked
      vary:
      - Accept-Encoding
      x-content-type-options:
      - nosniff
    status:
      code: 200
      message: OK
- request:
    body: null
    headers:
      Accept:
      - application/json
      Accept-Encoding:
      - gzip, deflate
      CommandName:
      - mysql server restore
      Connection:
      - keep-alive
      ParameterSetName:
      - -g --name --source-server --restore-point-in-time
      User-Agent:
      - python/3.8.5 (Windows-10-10.0.19041-SP0) msrest/0.6.19 msrest_azure/0.6.4
        azure-mgmt-rdbms/2017-12-01 Azure-SDK-For-Python AZURECLI/2.9.1
    method: GET
    uri: https://management.azure.com/subscriptions/00000000-0000-0000-0000-000000000000/providers/Microsoft.DBforMySQL/locations/eastus/azureAsyncOperation/fe3e7691-33bb-4116-93de-1f7267830911?api-version=2017-12-01
  response:
    body:
      string: '{"name":"fe3e7691-33bb-4116-93de-1f7267830911","status":"InProgress","startTime":"2020-09-16T01:08:46.09Z"}'
    headers:
      cache-control:
      - no-cache
      content-length:
      - '107'
      content-type:
      - application/json; charset=utf-8
      date:
      - Wed, 16 Sep 2020 01:13:20 GMT
      expires:
      - '-1'
      pragma:
      - no-cache
      server:
      - Microsoft-HTTPAPI/2.0
      strict-transport-security:
      - max-age=31536000; includeSubDomains
      transfer-encoding:
      - chunked
      vary:
      - Accept-Encoding
      x-content-type-options:
      - nosniff
    status:
      code: 200
      message: OK
- request:
    body: null
    headers:
      Accept:
      - application/json
      Accept-Encoding:
      - gzip, deflate
      CommandName:
      - mysql server restore
      Connection:
      - keep-alive
      ParameterSetName:
      - -g --name --source-server --restore-point-in-time
      User-Agent:
      - python/3.8.5 (Windows-10-10.0.19041-SP0) msrest/0.6.19 msrest_azure/0.6.4
        azure-mgmt-rdbms/2017-12-01 Azure-SDK-For-Python AZURECLI/2.9.1
    method: GET
    uri: https://management.azure.com/subscriptions/00000000-0000-0000-0000-000000000000/providers/Microsoft.DBforMySQL/locations/eastus/azureAsyncOperation/fe3e7691-33bb-4116-93de-1f7267830911?api-version=2017-12-01
  response:
    body:
      string: '{"name":"fe3e7691-33bb-4116-93de-1f7267830911","status":"InProgress","startTime":"2020-09-16T01:08:46.09Z"}'
    headers:
      cache-control:
      - no-cache
      content-length:
      - '107'
      content-type:
      - application/json; charset=utf-8
      date:
      - Wed, 16 Sep 2020 01:13:30 GMT
      expires:
      - '-1'
      pragma:
      - no-cache
      server:
      - Microsoft-HTTPAPI/2.0
      strict-transport-security:
      - max-age=31536000; includeSubDomains
      transfer-encoding:
      - chunked
      vary:
      - Accept-Encoding
      x-content-type-options:
      - nosniff
    status:
      code: 200
      message: OK
- request:
    body: null
    headers:
      Accept:
      - application/json
      Accept-Encoding:
      - gzip, deflate
      CommandName:
      - mysql server restore
      Connection:
      - keep-alive
      ParameterSetName:
      - -g --name --source-server --restore-point-in-time
      User-Agent:
      - python/3.8.5 (Windows-10-10.0.19041-SP0) msrest/0.6.19 msrest_azure/0.6.4
        azure-mgmt-rdbms/2017-12-01 Azure-SDK-For-Python AZURECLI/2.9.1
    method: GET
    uri: https://management.azure.com/subscriptions/00000000-0000-0000-0000-000000000000/providers/Microsoft.DBforMySQL/locations/eastus/azureAsyncOperation/fe3e7691-33bb-4116-93de-1f7267830911?api-version=2017-12-01
  response:
    body:
      string: '{"name":"fe3e7691-33bb-4116-93de-1f7267830911","status":"InProgress","startTime":"2020-09-16T01:08:46.09Z"}'
    headers:
      cache-control:
      - no-cache
      content-length:
      - '107'
      content-type:
      - application/json; charset=utf-8
      date:
      - Wed, 16 Sep 2020 01:13:40 GMT
      expires:
      - '-1'
      pragma:
      - no-cache
      server:
      - Microsoft-HTTPAPI/2.0
      strict-transport-security:
      - max-age=31536000; includeSubDomains
      transfer-encoding:
      - chunked
      vary:
      - Accept-Encoding
      x-content-type-options:
      - nosniff
    status:
      code: 200
      message: OK
- request:
    body: null
    headers:
      Accept:
      - application/json
      Accept-Encoding:
      - gzip, deflate
      CommandName:
      - mysql server restore
      Connection:
      - keep-alive
      ParameterSetName:
      - -g --name --source-server --restore-point-in-time
      User-Agent:
      - python/3.8.5 (Windows-10-10.0.19041-SP0) msrest/0.6.19 msrest_azure/0.6.4
        azure-mgmt-rdbms/2017-12-01 Azure-SDK-For-Python AZURECLI/2.9.1
    method: GET
    uri: https://management.azure.com/subscriptions/00000000-0000-0000-0000-000000000000/providers/Microsoft.DBforMySQL/locations/eastus/azureAsyncOperation/fe3e7691-33bb-4116-93de-1f7267830911?api-version=2017-12-01
  response:
    body:
      string: '{"name":"fe3e7691-33bb-4116-93de-1f7267830911","status":"Succeeded","startTime":"2020-09-16T01:08:46.09Z"}'
    headers:
      cache-control:
      - no-cache
      content-length:
      - '106'
      content-type:
      - application/json; charset=utf-8
      date:
      - Wed, 16 Sep 2020 01:13:50 GMT
      expires:
      - '-1'
      pragma:
      - no-cache
      server:
      - Microsoft-HTTPAPI/2.0
      strict-transport-security:
      - max-age=31536000; includeSubDomains
      transfer-encoding:
      - chunked
      vary:
      - Accept-Encoding
      x-content-type-options:
      - nosniff
    status:
      code: 200
      message: OK
- request:
    body: null
    headers:
      Accept:
      - application/json
      Accept-Encoding:
      - gzip, deflate
      CommandName:
      - mysql server restore
      Connection:
      - keep-alive
      ParameterSetName:
      - -g --name --source-server --restore-point-in-time
      User-Agent:
      - python/3.8.5 (Windows-10-10.0.19041-SP0) msrest/0.6.19 msrest_azure/0.6.4
        azure-mgmt-rdbms/2017-12-01 Azure-SDK-For-Python AZURECLI/2.9.1
    method: GET
    uri: https://management.azure.com/subscriptions/00000000-0000-0000-0000-000000000000/resourceGroups/clitest.rg000002/providers/Microsoft.DBForMySQL/servers/azuredbclirestore000004?api-version=2017-12-01
  response:
    body:
      string: '{"sku":{"name":"GP_Gen5_2","tier":"GeneralPurpose","family":"Gen5","capacity":2},"properties":{"administratorLogin":"cloudsa","storageProfile":{"storageMB":5120,"backupRetentionDays":10,"geoRedundantBackup":"Enabled","storageAutogrow":"Enabled"},"version":"5.7","sslEnforcement":"Enabled","minimalTlsVersion":"TLSEnforcementDisabled","userVisibleState":"Ready","fullyQualifiedDomainName":"azuredbclirestore000004.mysql.database.azure.com","earliestRestoreDate":"2020-09-16T01:18:46.53+00:00","replicationRole":"None","masterServerId":"","replicaCapacity":5,"byokEnforcement":"Disabled","privateEndpointConnections":[],"infrastructureEncryption":"Disabled","publicNetworkAccess":"Enabled"},"location":"eastus","id":"/subscriptions/00000000-0000-0000-0000-000000000000/resourceGroups/clitest.rg000002/providers/Microsoft.DBforMySQL/servers/azuredbclirestore000004","name":"azuredbclirestore000004","type":"Microsoft.DBforMySQL/servers"}'
    headers:
      cache-control:
      - no-cache
      content-length:
      - '1113'
      content-type:
      - application/json; charset=utf-8
      date:
      - Wed, 16 Sep 2020 01:13:51 GMT
      expires:
      - '-1'
      pragma:
      - no-cache
      server:
      - Microsoft-HTTPAPI/2.0
      strict-transport-security:
      - max-age=31536000; includeSubDomains
      transfer-encoding:
      - chunked
      vary:
      - Accept-Encoding
      x-content-type-options:
      - nosniff
    status:
      code: 200
      message: OK
- request:
    body: null
    headers:
      Accept:
      - application/json
      Accept-Encoding:
      - gzip, deflate
      CommandName:
      - mysql server georestore
      Connection:
      - keep-alive
      ParameterSetName:
      - -g --name --source-server -l --geo-redundant-backup --backup-retention
      User-Agent:
      - python/3.8.5 (Windows-10-10.0.19041-SP0) msrest/0.6.19 msrest_azure/0.6.4
        azure-mgmt-rdbms/2017-12-01 Azure-SDK-For-Python AZURECLI/2.9.1
      accept-language:
      - en-US
    method: GET
    uri: https://management.azure.com/subscriptions/00000000-0000-0000-0000-000000000000/resourceGroups/clitest.rg000001/providers/Microsoft.DBForMySQL/servers/azuredbclitest000003?api-version=2017-12-01
  response:
    body:
      string: '{"sku":{"name":"GP_Gen5_2","tier":"GeneralPurpose","family":"Gen5","capacity":2},"properties":{"administratorLogin":"cloudsa","storageProfile":{"storageMB":5120,"backupRetentionDays":10,"geoRedundantBackup":"Enabled","storageAutogrow":"Enabled"},"version":"5.7","sslEnforcement":"Enabled","minimalTlsVersion":"TLSEnforcementDisabled","userVisibleState":"Ready","fullyQualifiedDomainName":"azuredbclitest000003.mysql.database.azure.com","earliestRestoreDate":"2020-09-16T01:08:44.833+00:00","replicationRole":"None","masterServerId":"","replicaCapacity":5,"byokEnforcement":"Disabled","privateEndpointConnections":[],"infrastructureEncryption":"Disabled","publicNetworkAccess":"Disabled"},"location":"eastus","tags":{"key":"3"},"id":"/subscriptions/00000000-0000-0000-0000-000000000000/resourceGroups/clitest.rg000001/providers/Microsoft.DBforMySQL/servers/azuredbclitest000003","name":"azuredbclitest000003","type":"Microsoft.DBforMySQL/servers"}'
    headers:
      cache-control:
      - no-cache
      content-length:
      - '1134'
      content-type:
      - application/json; charset=utf-8
      date:
      - Wed, 16 Sep 2020 01:13:51 GMT
      expires:
      - '-1'
      pragma:
      - no-cache
      server:
      - Microsoft-HTTPAPI/2.0
      strict-transport-security:
      - max-age=31536000; includeSubDomains
      transfer-encoding:
      - chunked
      vary:
      - Accept-Encoding
      x-content-type-options:
      - nosniff
    status:
      code: 200
      message: OK
- request:
    body: 'b''{"sku": {"name": "GP_Gen5_2"}, "properties": {"storageProfile": {"backupRetentionDays":
      20, "geoRedundantBackup": "Disabled"}, "createMode": "GeoRestore", "sourceServerId":
      "/subscriptions/00000000-0000-0000-0000-000000000000/resourceGroups/clitest.rg000001/providers/Microsoft.DBforMySQL/servers/azuredbclitest000003"},
      "location": "eastus"}'''
    headers:
      Accept:
      - application/json
      Accept-Encoding:
      - gzip, deflate
      CommandName:
      - mysql server georestore
      Connection:
      - keep-alive
      Content-Length:
      - '444'
      Content-Type:
      - application/json; charset=utf-8
      ParameterSetName:
      - -g --name --source-server -l --geo-redundant-backup --backup-retention
      User-Agent:
      - python/3.8.5 (Windows-10-10.0.19041-SP0) msrest/0.6.19 msrest_azure/0.6.4
        azure-mgmt-rdbms/2017-12-01 Azure-SDK-For-Python AZURECLI/2.9.1
      accept-language:
      - en-US
    method: PUT
    uri: https://management.azure.com/subscriptions/00000000-0000-0000-0000-000000000000/resourceGroups/clitest.rg000002/providers/Microsoft.DBForMySQL/servers/azuredbcligeorestore000005?api-version=2017-12-01
  response:
    body:
      string: '{"operation":"RestoreElasticServer","startTime":"2020-09-16T01:13:52.27Z"}'
    headers:
      azure-asyncoperation:
      - https://management.azure.com/subscriptions/00000000-0000-0000-0000-000000000000/providers/Microsoft.DBforMySQL/locations/eastus/azureAsyncOperation/a055ed1a-963c-4313-b30a-a695fb44d1c7?api-version=2017-12-01
      cache-control:
      - no-cache
      content-length:
      - '74'
      content-type:
      - application/json; charset=utf-8
      date:
      - Wed, 16 Sep 2020 01:13:51 GMT
      expires:
      - '-1'
      location:
      - https://management.azure.com/subscriptions/00000000-0000-0000-0000-000000000000/providers/Microsoft.DBforMySQL/locations/eastus/operationResults/a055ed1a-963c-4313-b30a-a695fb44d1c7?api-version=2017-12-01
      pragma:
      - no-cache
      server:
      - Microsoft-HTTPAPI/2.0
      strict-transport-security:
      - max-age=31536000; includeSubDomains
      x-content-type-options:
      - nosniff
      x-ms-ratelimit-remaining-subscription-writes:
      - '1199'
    status:
      code: 202
      message: Accepted
- request:
    body: null
    headers:
      Accept:
      - application/json
      Accept-Encoding:
      - gzip, deflate
      CommandName:
      - mysql server georestore
      Connection:
      - keep-alive
      ParameterSetName:
      - -g --name --source-server -l --geo-redundant-backup --backup-retention
      User-Agent:
      - python/3.8.5 (Windows-10-10.0.19041-SP0) msrest/0.6.19 msrest_azure/0.6.4
        azure-mgmt-rdbms/2017-12-01 Azure-SDK-For-Python AZURECLI/2.9.1
    method: GET
    uri: https://management.azure.com/subscriptions/00000000-0000-0000-0000-000000000000/providers/Microsoft.DBforMySQL/locations/eastus/azureAsyncOperation/a055ed1a-963c-4313-b30a-a695fb44d1c7?api-version=2017-12-01
  response:
    body:
      string: '{"name":"a055ed1a-963c-4313-b30a-a695fb44d1c7","status":"Failed","startTime":"2020-09-16T01:13:52.27Z","error":{"code":"SubscriptionDoesNotHaveServer","message":"Subscription
        ''7fec3109-5b78-4a24-b834-5d47d63e2596'' does not have the server ''azuredbclitest000003''."}}'
    headers:
      cache-control:
      - no-cache
      content-length:
      - '308'
      content-type:
      - application/json; charset=utf-8
      date:
      - Wed, 16 Sep 2020 01:14:02 GMT
      expires:
      - '-1'
      pragma:
      - no-cache
      server:
      - Microsoft-HTTPAPI/2.0
      strict-transport-security:
      - max-age=31536000; includeSubDomains
      transfer-encoding:
      - chunked
      vary:
      - Accept-Encoding
      x-content-type-options:
      - nosniff
    status:
      code: 200
      message: OK
- request:
    body: '{"sku": {"name": "GP_Gen5_2"}, "properties": {"infrastructureEncryption":
      "Enabled", "storageProfile": {"backupRetentionDays": 10, "geoRedundantBackup":
      "Enabled", "storageAutogrow": "Enabled"}, "createMode": "Default", "administratorLogin":
      "cloudsa", "administratorLoginPassword": "SecretPassword123"}, "location": "eastus",
      "tags": {"key": "1"}}'
    headers:
      Accept:
      - application/json
      Accept-Encoding:
      - gzip, deflate
      CommandName:
      - mysql server create
      Connection:
      - keep-alive
      Content-Length:
      - '348'
      Content-Type:
      - application/json; charset=utf-8
      ParameterSetName:
      - -g --name -l --admin-user --admin-password --sku-name --tags --geo-redundant-backup
        --backup-retention --infrastructure-encryption
      User-Agent:
      - python/3.8.5 (Windows-10-10.0.19041-SP0) msrest/0.6.19 msrest_azure/0.6.4
        azure-mgmt-rdbms/2017-12-01 Azure-SDK-For-Python AZURECLI/2.9.1
      accept-language:
      - en-US
    method: PUT
    uri: https://management.azure.com/subscriptions/00000000-0000-0000-0000-000000000000/resourceGroups/clitest.rg000001/providers/Microsoft.DBForMySQL/servers/azuredbcliinfraencrypt000006?api-version=2017-12-01
  response:
    body:
      string: '{"operation":"UpsertElasticServer","startTime":"2020-09-16T01:14:04.17Z"}'
    headers:
      azure-asyncoperation:
      - https://management.azure.com/subscriptions/00000000-0000-0000-0000-000000000000/providers/Microsoft.DBforMySQL/locations/eastus/azureAsyncOperation/a9482b76-0802-4b31-baf5-bf4d0d7fe447?api-version=2017-12-01
      cache-control:
      - no-cache
      content-length:
      - '73'
      content-type:
      - application/json; charset=utf-8
      date:
      - Wed, 16 Sep 2020 01:14:05 GMT
      expires:
      - '-1'
      location:
      - https://management.azure.com/subscriptions/00000000-0000-0000-0000-000000000000/providers/Microsoft.DBforMySQL/locations/eastus/operationResults/a9482b76-0802-4b31-baf5-bf4d0d7fe447?api-version=2017-12-01
      pragma:
      - no-cache
      server:
      - Microsoft-HTTPAPI/2.0
      strict-transport-security:
      - max-age=31536000; includeSubDomains
      x-content-type-options:
      - nosniff
      x-ms-ratelimit-remaining-subscription-writes:
      - '1199'
    status:
      code: 202
      message: Accepted
- request:
    body: null
    headers:
      Accept:
      - application/json
      Accept-Encoding:
      - gzip, deflate
      CommandName:
      - mysql server create
      Connection:
      - keep-alive
      ParameterSetName:
      - -g --name -l --admin-user --admin-password --sku-name --tags --geo-redundant-backup
        --backup-retention --infrastructure-encryption
      User-Agent:
      - python/3.8.5 (Windows-10-10.0.19041-SP0) msrest/0.6.19 msrest_azure/0.6.4
        azure-mgmt-rdbms/2017-12-01 Azure-SDK-For-Python AZURECLI/2.9.1
    method: GET
    uri: https://management.azure.com/subscriptions/00000000-0000-0000-0000-000000000000/providers/Microsoft.DBforMySQL/locations/eastus/azureAsyncOperation/a9482b76-0802-4b31-baf5-bf4d0d7fe447?api-version=2017-12-01
  response:
    body:
      string: '{"name":"a9482b76-0802-4b31-baf5-bf4d0d7fe447","status":"InProgress","startTime":"2020-09-16T01:14:04.17Z"}'
    headers:
      cache-control:
      - no-cache
      content-length:
      - '107'
      content-type:
      - application/json; charset=utf-8
      date:
      - Wed, 16 Sep 2020 01:15:05 GMT
      expires:
      - '-1'
      pragma:
      - no-cache
      server:
      - Microsoft-HTTPAPI/2.0
      strict-transport-security:
      - max-age=31536000; includeSubDomains
      transfer-encoding:
      - chunked
      vary:
      - Accept-Encoding
      x-content-type-options:
      - nosniff
    status:
      code: 200
      message: OK
- request:
    body: null
    headers:
      Accept:
      - application/json
      Accept-Encoding:
      - gzip, deflate
      CommandName:
      - mysql server create
      Connection:
      - keep-alive
      ParameterSetName:
      - -g --name -l --admin-user --admin-password --sku-name --tags --geo-redundant-backup
        --backup-retention --infrastructure-encryption
      User-Agent:
      - python/3.8.5 (Windows-10-10.0.19041-SP0) msrest/0.6.19 msrest_azure/0.6.4
        azure-mgmt-rdbms/2017-12-01 Azure-SDK-For-Python AZURECLI/2.9.1
    method: GET
    uri: https://management.azure.com/subscriptions/00000000-0000-0000-0000-000000000000/providers/Microsoft.DBforMySQL/locations/eastus/azureAsyncOperation/a9482b76-0802-4b31-baf5-bf4d0d7fe447?api-version=2017-12-01
  response:
    body:
      string: '{"name":"a9482b76-0802-4b31-baf5-bf4d0d7fe447","status":"Succeeded","startTime":"2020-09-16T01:14:04.17Z"}'
    headers:
      cache-control:
      - no-cache
      content-length:
      - '106'
      content-type:
      - application/json; charset=utf-8
      date:
      - Wed, 16 Sep 2020 01:16:05 GMT
      expires:
      - '-1'
      pragma:
      - no-cache
      server:
      - Microsoft-HTTPAPI/2.0
      strict-transport-security:
      - max-age=31536000; includeSubDomains
      transfer-encoding:
      - chunked
      vary:
      - Accept-Encoding
      x-content-type-options:
      - nosniff
    status:
      code: 200
      message: OK
- request:
    body: null
    headers:
      Accept:
      - application/json
      Accept-Encoding:
      - gzip, deflate
      CommandName:
      - mysql server create
      Connection:
      - keep-alive
      ParameterSetName:
      - -g --name -l --admin-user --admin-password --sku-name --tags --geo-redundant-backup
        --backup-retention --infrastructure-encryption
      User-Agent:
      - python/3.8.5 (Windows-10-10.0.19041-SP0) msrest/0.6.19 msrest_azure/0.6.4
        azure-mgmt-rdbms/2017-12-01 Azure-SDK-For-Python AZURECLI/2.9.1
    method: GET
    uri: https://management.azure.com/subscriptions/00000000-0000-0000-0000-000000000000/resourceGroups/clitest.rg000001/providers/Microsoft.DBForMySQL/servers/azuredbcliinfraencrypt000006?api-version=2017-12-01
  response:
    body:
      string: '{"sku":{"name":"GP_Gen5_2","tier":"GeneralPurpose","family":"Gen5","capacity":2},"properties":{"administratorLogin":"cloudsa","storageProfile":{"storageMB":5120,"backupRetentionDays":10,"geoRedundantBackup":"Enabled","storageAutogrow":"Enabled"},"version":"5.7","sslEnforcement":"Enabled","minimalTlsVersion":"TLSEnforcementDisabled","userVisibleState":"Ready","fullyQualifiedDomainName":"azuredbcliinfraencrypt000006.mysql.database.azure.com","earliestRestoreDate":"2020-09-16T01:24:04.483+00:00","replicationRole":"None","masterServerId":"","replicaCapacity":5,"byokEnforcement":"Disabled","privateEndpointConnections":[],"infrastructureEncryption":"Enabled","publicNetworkAccess":"Enabled"},"location":"eastus","tags":{"key":"1"},"id":"/subscriptions/00000000-0000-0000-0000-000000000000/resourceGroups/clitest.rg000001/providers/Microsoft.DBforMySQL/servers/azuredbcliinfraencrypt000006","name":"azuredbcliinfraencrypt000006","type":"Microsoft.DBforMySQL/servers"}'
    headers:
      cache-control:
      - no-cache
      content-length:
      - '1132'
      content-type:
      - application/json; charset=utf-8
      date:
      - Wed, 16 Sep 2020 01:16:05 GMT
      expires:
      - '-1'
      pragma:
      - no-cache
      server:
      - Microsoft-HTTPAPI/2.0
      strict-transport-security:
      - max-age=31536000; includeSubDomains
      transfer-encoding:
      - chunked
      vary:
      - Accept-Encoding
      x-content-type-options:
      - nosniff
    status:
      code: 200
      message: OK
- request:
    body: null
    headers:
      Accept:
      - application/json
      Accept-Encoding:
      - gzip, deflate
      CommandName:
      - mysql server list
      Connection:
      - keep-alive
      ParameterSetName:
      - -g
      User-Agent:
      - python/3.8.5 (Windows-10-10.0.19041-SP0) msrest/0.6.19 msrest_azure/0.6.4
        azure-mgmt-rdbms/2017-12-01 Azure-SDK-For-Python AZURECLI/2.9.1
      accept-language:
      - en-US
    method: GET
    uri: https://management.azure.com/subscriptions/00000000-0000-0000-0000-000000000000/resourceGroups/clitest.rg000002/providers/Microsoft.DBForMySQL/servers?api-version=2017-12-01
  response:
    body:
      string: '{"value":[{"sku":{"name":"GP_Gen5_2","tier":"GeneralPurpose","family":"Gen5","capacity":2},"properties":{"administratorLogin":"cloudsa","storageProfile":{"storageMB":5120,"backupRetentionDays":10,"geoRedundantBackup":"Enabled","storageAutogrow":"Enabled"},"version":"5.7","sslEnforcement":"Enabled","minimalTlsVersion":"TLSEnforcementDisabled","userVisibleState":"Ready","fullyQualifiedDomainName":"azuredbclirestore000004.mysql.database.azure.com","earliestRestoreDate":"2020-09-16T01:18:46.53+00:00","replicationRole":"","masterServerId":"","byokEnforcement":"Disabled","privateEndpointConnections":[],"infrastructureEncryption":"Disabled","publicNetworkAccess":"Enabled"},"location":"eastus","id":"/subscriptions/00000000-0000-0000-0000-000000000000/resourceGroups/clitest.rg000002/providers/Microsoft.DBforMySQL/servers/azuredbclirestore000004","name":"azuredbclirestore000004","type":"Microsoft.DBforMySQL/servers"}]}'
    headers:
      cache-control:
      - no-cache
      content-length:
      - '1101'
      content-type:
      - application/json; charset=utf-8
      date:
      - Wed, 16 Sep 2020 01:16:06 GMT
      expires:
      - '-1'
      pragma:
      - no-cache
      server:
      - Microsoft-HTTPAPI/2.0
      strict-transport-security:
      - max-age=31536000; includeSubDomains
      transfer-encoding:
      - chunked
      vary:
      - Accept-Encoding
      x-content-type-options:
      - nosniff
    status:
      code: 200
      message: OK
- request:
    body: null
    headers:
      Accept:
      - application/json
      Accept-Encoding:
      - gzip, deflate
      CommandName:
      - mysql server list
      Connection:
      - keep-alive
      User-Agent:
      - python/3.8.5 (Windows-10-10.0.19041-SP0) msrest/0.6.19 msrest_azure/0.6.4
        azure-mgmt-rdbms/2017-12-01 Azure-SDK-For-Python AZURECLI/2.9.1
      accept-language:
      - en-US
    method: GET
    uri: https://management.azure.com/subscriptions/00000000-0000-0000-0000-000000000000/providers/Microsoft.DBForMySQL/servers?api-version=2017-12-01
  response:
    body:
      string: '{"value":[{"sku":{"name":"GP_Gen5_4","tier":"GeneralPurpose","family":"Gen5","capacity":4},"properties":{"administratorLogin":"youyu","storageProfile":{"storageMB":102400,"backupRetentionDays":7,"geoRedundantBackup":"Disabled","storageAutogrow":"Enabled"},"version":"5.7","sslEnforcement":"Enabled","minimalTlsVersion":"TLSEnforcementDisabled","userVisibleState":"Ready","fullyQualifiedDomainName":"v-youyu-mysql-1.mysql.database.azure.com","earliestRestoreDate":"2020-09-09T01:16:07.4892938+00:00","replicationRole":"","masterServerId":"","byokEnforcement":"Disabled","privateEndpointConnections":[],"infrastructureEncryption":"Disabled","publicNetworkAccess":"Enabled"},"location":"eastus","tags":{},"id":"/subscriptions/00000000-0000-0000-0000-000000000000/resourceGroups/v-youyu-rg/providers/Microsoft.DBforMySQL/servers/v-youyu-mysql-1","name":"v-youyu-mysql-1","type":"Microsoft.DBforMySQL/servers"},{"identity":{"principalId":"9bfa41a6-9bcf-401f-9383-befcd0f7ae21","type":"SystemAssigned","tenantId":"72f988bf-86f1-41af-91ab-2d7cd011db47"},"sku":{"name":"GP_Gen5_2","tier":"GeneralPurpose","family":"Gen5","capacity":2},"properties":{"administratorLogin":"cloudsa","storageProfile":{"storageMB":5120,"backupRetentionDays":7,"geoRedundantBackup":"Disabled","storageAutogrow":"Enabled"},"version":"5.7","sslEnforcement":"Enabled","minimalTlsVersion":"TLSEnforcementDisabled","userVisibleState":"Ready","fullyQualifiedDomainName":"azuredbclitestiajzs4qobyw4tql4powqxwk4u77eksggj47kmfpxawvytkj4e.mysql.database.azure.com","earliestRestoreDate":"2020-09-15T04:12:51.277+00:00","replicationRole":"","masterServerId":"","byokEnforcement":"Disabled","privateEndpointConnections":[],"infrastructureEncryption":"Disabled","publicNetworkAccess":"Enabled"},"location":"eastus","id":"/subscriptions/00000000-0000-0000-0000-000000000000/resourceGroups/clitest.rgzhnpzfd6biea7r4qzwvn5hoqkjytt6wts6e5ca4htbwcmtko5rvhixasbluww2xzf/providers/Microsoft.DBforMySQL/servers/azuredbclitestiajzs4qobyw4tql4powqxwk4u77eksggj47kmfpxawvytkj4e","name":"azuredbclitestiajzs4qobyw4tql4powqxwk4u77eksggj47kmfpxawvytkj4e","type":"Microsoft.DBforMySQL/servers"},{"sku":{"name":"GP_Gen5_2","tier":"GeneralPurpose","family":"Gen5","capacity":2},"properties":{"administratorLogin":"cloudsa","storageProfile":{"storageMB":5120,"backupRetentionDays":10,"geoRedundantBackup":"Enabled","storageAutogrow":"Enabled"},"version":"5.7","sslEnforcement":"Disabled","minimalTlsVersion":"TLSEnforcementDisabled","userVisibleState":"Ready","fullyQualifiedDomainName":"azuredbclitestbilqqxa5anqxfqioab3oub5mmkz4m5ub5544jiig6lrnl755z.mysql.database.azure.com","earliestRestoreDate":"2020-09-15T05:22:11.59+00:00","replicationRole":"","masterServerId":"","byokEnforcement":"Disabled","privateEndpointConnections":[],"infrastructureEncryption":"Disabled","publicNetworkAccess":"Enabled"},"location":"eastus","tags":{"key":"2"},"id":"/subscriptions/00000000-0000-0000-0000-000000000000/resourceGroups/clitest.rgq7tqbmckz2hluhlohtqhmaytoubcdedejp3u24c4nwwxcnottetanznh3wav45itx/providers/Microsoft.DBforMySQL/servers/azuredbclitestbilqqxa5anqxfqioab3oub5mmkz4m5ub5544jiig6lrnl755z","name":"azuredbclitestbilqqxa5anqxfqioab3oub5mmkz4m5ub5544jiig6lrnl755z","type":"Microsoft.DBforMySQL/servers"},{"sku":{"name":"GP_Gen5_2","tier":"GeneralPurpose","family":"Gen5","capacity":2},"properties":{"administratorLogin":"cloudsa","storageProfile":{"storageMB":5120,"backupRetentionDays":10,"geoRedundantBackup":"Enabled","storageAutogrow":"Enabled"},"version":"5.7","sslEnforcement":"Disabled","minimalTlsVersion":"TLSEnforcementDisabled","userVisibleState":"Ready","fullyQualifiedDomainName":"azuredbclitestlmvrk5k2pb634dqxit4qtd5sda72bjac7h43ecvwweufq34v6.mysql.database.azure.com","earliestRestoreDate":"2020-09-15T22:35:17.14+00:00","replicationRole":"","masterServerId":"","byokEnforcement":"Disabled","privateEndpointConnections":[],"infrastructureEncryption":"Disabled","publicNetworkAccess":"Disabled"},"location":"eastus","tags":{"key":"2"},"id":"/subscriptions/00000000-0000-0000-0000-000000000000/resourceGroups/clitest.rgkqtzzkydbmjvbsbvwjft3b5mplrj5wanr5vqbt76unft3tstkgznuztq34wniufj6/providers/Microsoft.DBforMySQL/servers/azuredbclitestlmvrk5k2pb634dqxit4qtd5sda72bjac7h43ecvwweufq34v6","name":"azuredbclitestlmvrk5k2pb634dqxit4qtd5sda72bjac7h43ecvwweufq34v6","type":"Microsoft.DBforMySQL/servers"},{"identity":{"principalId":"69dabe26-07d3-42f5-a35b-04648f551a67","type":"SystemAssigned","tenantId":"72f988bf-86f1-41af-91ab-2d7cd011db47"},"sku":{"name":"GP_Gen5_2","tier":"GeneralPurpose","family":"Gen5","capacity":2},"properties":{"administratorLogin":"cloudsa","storageProfile":{"storageMB":5120,"backupRetentionDays":7,"geoRedundantBackup":"Disabled","storageAutogrow":"Enabled"},"version":"5.7","sslEnforcement":"Enabled","minimalTlsVersion":"TLSEnforcementDisabled","userVisibleState":"Ready","fullyQualifiedDomainName":"azuredbclitestokbou5k27662w6sy73cmlkjzdjfd5mqycm3qxttitl4kzvphm.mysql.database.azure.com","earliestRestoreDate":"2020-09-16T01:04:10.607+00:00","replicationRole":"","masterServerId":"","byokEnforcement":"Disabled","privateEndpointConnections":[],"infrastructureEncryption":"Disabled","publicNetworkAccess":"Enabled"},"location":"eastus","id":"/subscriptions/00000000-0000-0000-0000-000000000000/resourceGroups/clitest.rgvqingkwitunxmtynb75olbiyc5gicqvgu5nbnzp2yx4rw64ir7sv7y3zwrqjhagqh/providers/Microsoft.DBforMySQL/servers/azuredbclitestokbou5k27662w6sy73cmlkjzdjfd5mqycm3qxttitl4kzvphm","name":"azuredbclitestokbou5k27662w6sy73cmlkjzdjfd5mqycm3qxttitl4kzvphm","type":"Microsoft.DBforMySQL/servers"},{"sku":{"name":"GP_Gen5_2","tier":"GeneralPurpose","family":"Gen5","capacity":2},"properties":{"administratorLogin":"cloudsa","storageProfile":{"storageMB":5120,"backupRetentionDays":10,"geoRedundantBackup":"Enabled","storageAutogrow":"Enabled"},"version":"5.7","sslEnforcement":"Enabled","minimalTlsVersion":"TLSEnforcementDisabled","userVisibleState":"Ready","fullyQualifiedDomainName":"azuredbclitest000003.mysql.database.azure.com","earliestRestoreDate":"2020-09-16T01:08:44.833+00:00","replicationRole":"","masterServerId":"","byokEnforcement":"Disabled","privateEndpointConnections":[],"infrastructureEncryption":"Disabled","publicNetworkAccess":"Disabled"},"location":"eastus","tags":{"key":"3"},"id":"/subscriptions/00000000-0000-0000-0000-000000000000/resourceGroups/clitest.rg000001/providers/Microsoft.DBforMySQL/servers/azuredbclitest000003","name":"azuredbclitest000003","type":"Microsoft.DBforMySQL/servers"},{"sku":{"name":"GP_Gen5_2","tier":"GeneralPurpose","family":"Gen5","capacity":2},"properties":{"administratorLogin":"cloudsa","storageProfile":{"storageMB":5120,"backupRetentionDays":10,"geoRedundantBackup":"Enabled","storageAutogrow":"Enabled"},"version":"5.7","sslEnforcement":"Enabled","minimalTlsVersion":"TLSEnforcementDisabled","userVisibleState":"Ready","fullyQualifiedDomainName":"azuredbclirestore000004.mysql.database.azure.com","earliestRestoreDate":"2020-09-16T01:18:46.53+00:00","replicationRole":"","masterServerId":"","byokEnforcement":"Disabled","privateEndpointConnections":[],"infrastructureEncryption":"Disabled","publicNetworkAccess":"Enabled"},"location":"eastus","id":"/subscriptions/00000000-0000-0000-0000-000000000000/resourceGroups/clitest.rg000002/providers/Microsoft.DBforMySQL/servers/azuredbclirestore000004","name":"azuredbclirestore000004","type":"Microsoft.DBforMySQL/servers"},{"sku":{"name":"GP_Gen5_2","tier":"GeneralPurpose","family":"Gen5","capacity":2},"properties":{"administratorLogin":"cloudsa","storageProfile":{"storageMB":5120,"backupRetentionDays":10,"geoRedundantBackup":"Enabled","storageAutogrow":"Enabled"},"version":"5.7","sslEnforcement":"Enabled","minimalTlsVersion":"TLSEnforcementDisabled","userVisibleState":"Ready","fullyQualifiedDomainName":"azuredbcliinfraencrypt000006.mysql.database.azure.com","earliestRestoreDate":"2020-09-16T01:24:04.483+00:00","replicationRole":"","masterServerId":"","byokEnforcement":"Disabled","privateEndpointConnections":[],"infrastructureEncryption":"Enabled","publicNetworkAccess":"Enabled"},"location":"eastus","tags":{"key":"1"},"id":"/subscriptions/00000000-0000-0000-0000-000000000000/resourceGroups/clitest.rg000001/providers/Microsoft.DBforMySQL/servers/azuredbcliinfraencrypt000006","name":"azuredbcliinfraencrypt000006","type":"Microsoft.DBforMySQL/servers"},{"sku":{"name":"GP_Gen5_4","tier":"GeneralPurpose","family":"Gen5","capacity":4},"properties":{"administratorLogin":"mysqluser","storageProfile":{"storageMB":102400,"backupRetentionDays":7,"geoRedundantBackup":"Disabled","storageAutogrow":"Enabled"},"version":"5.7","sslEnforcement":"Enabled","minimalTlsVersion":"TLSEnforcementDisabled","userVisibleState":"Ready","fullyQualifiedDomainName":"arde-mysqlflex.mysql.database.azure.com","earliestRestoreDate":"2020-09-12T03:36:49.15+00:00","replicationRole":"","masterServerId":"","byokEnforcement":"Disabled","privateEndpointConnections":[],"infrastructureEncryption":"Disabled","publicNetworkAccess":"Enabled"},"location":"eastus2euap","tags":{},"id":"/subscriptions/00000000-0000-0000-0000-000000000000/resourceGroups/group6107866292/providers/Microsoft.DBforMySQL/servers/arde-mysqlflex","name":"arde-mysqlflex","type":"Microsoft.DBforMySQL/servers"}]}'
    headers:
      cache-control:
      - no-cache
      content-length:
      - '9802'
      content-type:
      - application/json; charset=utf-8
      date:
      - Wed, 16 Sep 2020 01:16:07 GMT
      expires:
      - '-1'
      pragma:
      - no-cache
      strict-transport-security:
      - max-age=31536000; includeSubDomains
      vary:
      - Accept-Encoding
      x-content-type-options:
      - nosniff
      x-ms-original-request-ids:
      - bdc76bdf-5541-4b80-9c6e-2acf270c063b
      - 6d3e5918-2075-4d7f-b1e0-711ec51498d0
    status:
      code: 200
      message: OK
- request:
    body: null
    headers:
      Accept:
      - application/json
      Accept-Encoding:
      - gzip, deflate
      CommandName:
      - mysql server delete
      Connection:
      - keep-alive
      Content-Length:
      - '0'
      ParameterSetName:
      - -g --name --yes
      User-Agent:
      - python/3.8.5 (Windows-10-10.0.19041-SP0) msrest/0.6.19 msrest_azure/0.6.4
        azure-mgmt-rdbms/2017-12-01 Azure-SDK-For-Python AZURECLI/2.9.1
      accept-language:
      - en-US
    method: DELETE
    uri: https://management.azure.com/subscriptions/00000000-0000-0000-0000-000000000000/resourceGroups/clitest.rg000001/providers/Microsoft.DBForMySQL/servers/azuredbclitest000003?api-version=2017-12-01
  response:
    body:
      string: '{"operation":"DropElasticServer","startTime":"2020-09-16T01:16:07.863Z"}'
    headers:
      azure-asyncoperation:
      - https://management.azure.com/subscriptions/00000000-0000-0000-0000-000000000000/providers/Microsoft.DBforMySQL/locations/eastus/azureAsyncOperation/a622ef35-8854-407f-87b2-a258f6d1a93f?api-version=2017-12-01
      cache-control:
      - no-cache
      content-length:
      - '72'
      content-type:
      - application/json; charset=utf-8
      date:
      - Wed, 16 Sep 2020 01:16:07 GMT
      expires:
      - '-1'
      location:
      - https://management.azure.com/subscriptions/00000000-0000-0000-0000-000000000000/providers/Microsoft.DBforMySQL/locations/eastus/operationResults/a622ef35-8854-407f-87b2-a258f6d1a93f?api-version=2017-12-01
      pragma:
      - no-cache
      server:
      - Microsoft-HTTPAPI/2.0
      strict-transport-security:
      - max-age=31536000; includeSubDomains
      x-content-type-options:
      - nosniff
      x-ms-ratelimit-remaining-subscription-deletes:
      - '14998'
    status:
      code: 202
      message: Accepted
- request:
    body: null
    headers:
      Accept:
      - application/json
      Accept-Encoding:
      - gzip, deflate
      CommandName:
      - mysql server delete
      Connection:
      - keep-alive
      ParameterSetName:
      - -g --name --yes
      User-Agent:
      - python/3.8.5 (Windows-10-10.0.19041-SP0) msrest/0.6.19 msrest_azure/0.6.4
        azure-mgmt-rdbms/2017-12-01 Azure-SDK-For-Python AZURECLI/2.9.1
    method: GET
    uri: https://management.azure.com/subscriptions/00000000-0000-0000-0000-000000000000/providers/Microsoft.DBforMySQL/locations/eastus/azureAsyncOperation/a622ef35-8854-407f-87b2-a258f6d1a93f?api-version=2017-12-01
  response:
    body:
      string: '{"name":"a622ef35-8854-407f-87b2-a258f6d1a93f","status":"Succeeded","startTime":"2020-09-16T01:16:07.863Z"}'
    headers:
      cache-control:
      - no-cache
      content-length:
      - '107'
      content-type:
      - application/json; charset=utf-8
      date:
      - Wed, 16 Sep 2020 01:16:22 GMT
      expires:
      - '-1'
      pragma:
      - no-cache
      server:
      - Microsoft-HTTPAPI/2.0
      strict-transport-security:
      - max-age=31536000; includeSubDomains
      transfer-encoding:
      - chunked
      vary:
      - Accept-Encoding
      x-content-type-options:
      - nosniff
    status:
      code: 200
      message: OK
- request:
    body: null
    headers:
      Accept:
      - application/json
      Accept-Encoding:
      - gzip, deflate
      CommandName:
      - mysql server delete
      Connection:
      - keep-alive
      Content-Length:
      - '0'
      ParameterSetName:
      - -g -n --yes
      User-Agent:
      - python/3.8.5 (Windows-10-10.0.19041-SP0) msrest/0.6.19 msrest_azure/0.6.4
        azure-mgmt-rdbms/2017-12-01 Azure-SDK-For-Python AZURECLI/2.9.1
      accept-language:
      - en-US
    method: DELETE
    uri: https://management.azure.com/subscriptions/00000000-0000-0000-0000-000000000000/resourceGroups/clitest.rg000002/providers/Microsoft.DBForMySQL/servers/azuredbclirestore000004?api-version=2017-12-01
  response:
    body:
      string: '{"operation":"DropElasticServer","startTime":"2020-09-16T01:16:24.45Z"}'
    headers:
      azure-asyncoperation:
      - https://management.azure.com/subscriptions/00000000-0000-0000-0000-000000000000/providers/Microsoft.DBforMySQL/locations/eastus/azureAsyncOperation/4b12bea7-706b-4d1d-aa29-692b36ed166b?api-version=2017-12-01
      cache-control:
      - no-cache
      content-length:
      - '71'
      content-type:
      - application/json; charset=utf-8
      date:
      - Wed, 16 Sep 2020 01:16:24 GMT
      expires:
      - '-1'
      location:
      - https://management.azure.com/subscriptions/00000000-0000-0000-0000-000000000000/providers/Microsoft.DBforMySQL/locations/eastus/operationResults/4b12bea7-706b-4d1d-aa29-692b36ed166b?api-version=2017-12-01
      pragma:
      - no-cache
      server:
      - Microsoft-HTTPAPI/2.0
      strict-transport-security:
      - max-age=31536000; includeSubDomains
      x-content-type-options:
      - nosniff
      x-ms-ratelimit-remaining-subscription-deletes:
      - '14999'
    status:
      code: 202
      message: Accepted
- request:
    body: null
    headers:
      Accept:
      - application/json
      Accept-Encoding:
      - gzip, deflate
      CommandName:
      - mysql server delete
      Connection:
      - keep-alive
      ParameterSetName:
      - -g -n --yes
      User-Agent:
      - python/3.8.5 (Windows-10-10.0.19041-SP0) msrest/0.6.19 msrest_azure/0.6.4
        azure-mgmt-rdbms/2017-12-01 Azure-SDK-For-Python AZURECLI/2.9.1
    method: GET
    uri: https://management.azure.com/subscriptions/00000000-0000-0000-0000-000000000000/providers/Microsoft.DBforMySQL/locations/eastus/azureAsyncOperation/4b12bea7-706b-4d1d-aa29-692b36ed166b?api-version=2017-12-01
  response:
    body:
      string: '{"name":"4b12bea7-706b-4d1d-aa29-692b36ed166b","status":"Succeeded","startTime":"2020-09-16T01:16:24.45Z"}'
    headers:
      cache-control:
      - no-cache
      content-length:
      - '106'
      content-type:
      - application/json; charset=utf-8
      date:
      - Wed, 16 Sep 2020 01:16:39 GMT
      expires:
      - '-1'
      pragma:
      - no-cache
      server:
      - Microsoft-HTTPAPI/2.0
      strict-transport-security:
      - max-age=31536000; includeSubDomains
      transfer-encoding:
      - chunked
      vary:
      - Accept-Encoding
      x-content-type-options:
      - nosniff
    status:
      code: 200
      message: OK
- request:
    body: null
    headers:
      Accept:
      - application/json
      Accept-Encoding:
      - gzip, deflate
      CommandName:
      - mysql server delete
      Connection:
      - keep-alive
      Content-Length:
      - '0'
      ParameterSetName:
      - -g -n --yes
      User-Agent:
      - python/3.8.5 (Windows-10-10.0.19041-SP0) msrest/0.6.19 msrest_azure/0.6.4
        azure-mgmt-rdbms/2017-12-01 Azure-SDK-For-Python AZURECLI/2.9.1
      accept-language:
      - en-US
    method: DELETE
    uri: https://management.azure.com/subscriptions/00000000-0000-0000-0000-000000000000/resourceGroups/clitest.rg000001/providers/Microsoft.DBForMySQL/servers/azuredbcliinfraencrypt000006?api-version=2017-12-01
  response:
    body:
      string: '{"operation":"DropElasticServer","startTime":"2020-09-16T01:16:40.997Z"}'
    headers:
      azure-asyncoperation:
      - https://management.azure.com/subscriptions/00000000-0000-0000-0000-000000000000/providers/Microsoft.DBforMySQL/locations/eastus/azureAsyncOperation/e658dc75-81cd-4f18-a924-1fd949197ba8?api-version=2017-12-01
      cache-control:
      - no-cache
      content-length:
      - '72'
      content-type:
      - application/json; charset=utf-8
      date:
      - Wed, 16 Sep 2020 01:16:40 GMT
      expires:
      - '-1'
      location:
      - https://management.azure.com/subscriptions/00000000-0000-0000-0000-000000000000/providers/Microsoft.DBforMySQL/locations/eastus/operationResults/e658dc75-81cd-4f18-a924-1fd949197ba8?api-version=2017-12-01
      pragma:
      - no-cache
      server:
      - Microsoft-HTTPAPI/2.0
      strict-transport-security:
      - max-age=31536000; includeSubDomains
      x-content-type-options:
      - nosniff
      x-ms-ratelimit-remaining-subscription-deletes:
      - '14999'
    status:
      code: 202
      message: Accepted
- request:
    body: null
    headers:
      Accept:
      - application/json
      Accept-Encoding:
      - gzip, deflate
      CommandName:
      - mysql server delete
      Connection:
      - keep-alive
      ParameterSetName:
      - -g -n --yes
      User-Agent:
      - python/3.8.5 (Windows-10-10.0.19041-SP0) msrest/0.6.19 msrest_azure/0.6.4
        azure-mgmt-rdbms/2017-12-01 Azure-SDK-For-Python AZURECLI/2.9.1
    method: GET
    uri: https://management.azure.com/subscriptions/00000000-0000-0000-0000-000000000000/providers/Microsoft.DBforMySQL/locations/eastus/azureAsyncOperation/e658dc75-81cd-4f18-a924-1fd949197ba8?api-version=2017-12-01
  response:
    body:
      string: '{"name":"e658dc75-81cd-4f18-a924-1fd949197ba8","status":"Succeeded","startTime":"2020-09-16T01:16:40.997Z"}'
    headers:
      cache-control:
      - no-cache
      content-length:
      - '107'
      content-type:
      - application/json; charset=utf-8
      date:
      - Wed, 16 Sep 2020 01:16:56 GMT
      expires:
      - '-1'
      pragma:
      - no-cache
      server:
      - Microsoft-HTTPAPI/2.0
      strict-transport-security:
      - max-age=31536000; includeSubDomains
      transfer-encoding:
      - chunked
      vary:
      - Accept-Encoding
      x-content-type-options:
      - nosniff
    status:
      code: 200
      message: OK
- request:
    body: null
    headers:
      Accept:
      - application/json
      Accept-Encoding:
      - gzip, deflate
      CommandName:
      - mysql server list
      Connection:
      - keep-alive
      ParameterSetName:
      - -g
      User-Agent:
      - python/3.8.5 (Windows-10-10.0.19041-SP0) msrest/0.6.19 msrest_azure/0.6.4
        azure-mgmt-rdbms/2017-12-01 Azure-SDK-For-Python AZURECLI/2.9.1
      accept-language:
      - en-US
    method: GET
    uri: https://management.azure.com/subscriptions/00000000-0000-0000-0000-000000000000/resourceGroups/clitest.rg000001/providers/Microsoft.DBForMySQL/servers?api-version=2017-12-01
  response:
    body:
      string: '{"value":[]}'
    headers:
      cache-control:
      - no-cache
      content-length:
      - '12'
      content-type:
      - application/json; charset=utf-8
      date:
      - Wed, 16 Sep 2020 01:16:57 GMT
      expires:
      - '-1'
      pragma:
      - no-cache
      strict-transport-security:
      - max-age=31536000; includeSubDomains
      vary:
      - Accept-Encoding
      x-content-type-options:
      - nosniff
    status:
      code: 200
      message: OK
- request:
    body: null
    headers:
      Accept:
      - application/json
      Accept-Encoding:
      - gzip, deflate
      CommandName:
      - mysql server list
      Connection:
      - keep-alive
      ParameterSetName:
      - -g
      User-Agent:
      - python/3.8.5 (Windows-10-10.0.19041-SP0) msrest/0.6.19 msrest_azure/0.6.4
        azure-mgmt-rdbms/2017-12-01 Azure-SDK-For-Python AZURECLI/2.9.1
      accept-language:
      - en-US
    method: GET
    uri: https://management.azure.com/subscriptions/00000000-0000-0000-0000-000000000000/resourceGroups/clitest.rg000002/providers/Microsoft.DBForMySQL/servers?api-version=2017-12-01
  response:
    body:
      string: '{"value":[]}'
    headers:
      cache-control:
      - no-cache
      content-length:
      - '12'
      content-type:
      - application/json; charset=utf-8
      date:
      - Wed, 16 Sep 2020 01:16:57 GMT
      expires:
      - '-1'
      pragma:
      - no-cache
      server:
      - Microsoft-HTTPAPI/2.0
      strict-transport-security:
      - max-age=31536000; includeSubDomains
      transfer-encoding:
      - chunked
      vary:
      - Accept-Encoding
      x-content-type-options:
      - nosniff
    status:
      code: 200
      message: OK
- request:
    body: null
    headers:
      Accept:
      - application/json
      Accept-Encoding:
      - gzip, deflate
      CommandName:
      - mysql server list-skus
      Connection:
      - keep-alive
      ParameterSetName:
      - -l
      User-Agent:
      - python/3.7.7 (Windows-10-10.0.19041-SP0) msrest/0.6.18 msrest_azure/0.6.3
        azure-mgmt-rdbms/2017-12-01 Azure-SDK-For-Python AZURECLI/2.12.1 (MSI)
      accept-language:
      - en-US
    method: GET
    uri: https://management.azure.com/subscriptions/00000000-0000-0000-0000-000000000000/providers/Microsoft.DBForMySQL/locations/eastus/performanceTiers?api-version=2017-12-01
  response:
    body:
      string: '{"value":[{"id":"Basic","serviceLevelObjectives":[{"edition":"Basic","vCore":1,"hardwareGeneration":"Gen5","minStorageMB":5120,"maxStorageMB":1048576,"minBackupRetentionDays":7,"maxBackupRetentionDays":35,"id":"B_Gen5_1"},{"edition":"Basic","vCore":2,"hardwareGeneration":"Gen5","minStorageMB":5120,"maxStorageMB":1048576,"minBackupRetentionDays":7,"maxBackupRetentionDays":35,"id":"B_Gen5_2"}],"minStorageMB":5120,"maxStorageMB":1048576,"minLargeStorageMB":0,"maxLargeStorageMB":0,"minBackupRetentionDays":7,"maxBackupRetentionDays":35,"features":[{"name":"MicrosoftDBMySQLSTOP","value":"Enabled"}],"subscriptionFeatures":[]},{"id":"GeneralPurpose","serviceLevelObjectives":[{"edition":"GeneralPurpose","vCore":2,"hardwareGeneration":"Gen5","minStorageMB":5120,"maxStorageMB":16777216,"minBackupRetentionDays":7,"maxBackupRetentionDays":35,"id":"GP_Gen5_2"},{"edition":"GeneralPurpose","vCore":4,"hardwareGeneration":"Gen5","minStorageMB":5120,"maxStorageMB":16777216,"minBackupRetentionDays":7,"maxBackupRetentionDays":35,"id":"GP_Gen5_4"},{"edition":"GeneralPurpose","vCore":8,"hardwareGeneration":"Gen5","minStorageMB":5120,"maxStorageMB":16777216,"minBackupRetentionDays":7,"maxBackupRetentionDays":35,"id":"GP_Gen5_8"},{"edition":"GeneralPurpose","vCore":16,"hardwareGeneration":"Gen5","minStorageMB":5120,"maxStorageMB":16777216,"minBackupRetentionDays":7,"maxBackupRetentionDays":35,"id":"GP_Gen5_16"},{"edition":"GeneralPurpose","vCore":32,"hardwareGeneration":"Gen5","minStorageMB":5120,"maxStorageMB":16777216,"minBackupRetentionDays":7,"maxBackupRetentionDays":35,"id":"GP_Gen5_32"},{"edition":"GeneralPurpose","vCore":64,"hardwareGeneration":"Gen5","minStorageMB":5120,"maxStorageMB":16777216,"minBackupRetentionDays":7,"maxBackupRetentionDays":35,"id":"GP_Gen5_64"}],"minStorageMB":5120,"maxStorageMB":16777216,"minLargeStorageMB":0,"maxLargeStorageMB":0,"minBackupRetentionDays":7,"maxBackupRetentionDays":35,"features":[{"name":"MicrosoftDBMySQLBYOK","value":"Disabled"},{"name":"MicrosoftDBMySQLInfrastructureEncryption","value":"Enabled"},{"name":"MicrosoftDBMySQLSTOP","value":"Enabled"}],"subscriptionFeatures":[]},{"id":"MemoryOptimized","serviceLevelObjectives":[{"edition":"MemoryOptimized","vCore":2,"hardwareGeneration":"Gen5","minStorageMB":5120,"maxStorageMB":16777216,"minBackupRetentionDays":7,"maxBackupRetentionDays":35,"id":"MO_Gen5_2"},{"edition":"MemoryOptimized","vCore":4,"hardwareGeneration":"Gen5","minStorageMB":5120,"maxStorageMB":16777216,"minBackupRetentionDays":7,"maxBackupRetentionDays":35,"id":"MO_Gen5_4"},{"edition":"MemoryOptimized","vCore":8,"hardwareGeneration":"Gen5","minStorageMB":5120,"maxStorageMB":16777216,"minBackupRetentionDays":7,"maxBackupRetentionDays":35,"id":"MO_Gen5_8"},{"edition":"MemoryOptimized","vCore":16,"hardwareGeneration":"Gen5","minStorageMB":5120,"maxStorageMB":16777216,"minBackupRetentionDays":7,"maxBackupRetentionDays":35,"id":"MO_Gen5_16"},{"edition":"MemoryOptimized","vCore":32,"hardwareGeneration":"Gen5","minStorageMB":5120,"maxStorageMB":16777216,"minBackupRetentionDays":7,"maxBackupRetentionDays":35,"id":"MO_Gen5_32"}],"minStorageMB":5120,"maxStorageMB":16777216,"minLargeStorageMB":0,"maxLargeStorageMB":0,"minBackupRetentionDays":7,"maxBackupRetentionDays":35,"features":[{"name":"MicrosoftDBMySQLBYOK","value":"Disabled"},{"name":"MicrosoftDBMySQLInfrastructureEncryption","value":"Enabled"},{"name":"MicrosoftDBMySQLSTOP","value":"Enabled"}],"subscriptionFeatures":[]}]}'
    headers:
      cache-control:
      - no-cache
      content-length:
      - '3465'
      content-type:
      - application/json; charset=utf-8
      date:
      - Fri, 16 Oct 2020 21:54:50 GMT
      expires:
      - '-1'
      pragma:
      - no-cache
      server:
      - Microsoft-HTTPAPI/2.0
      strict-transport-security:
      - max-age=31536000; includeSubDomains
      transfer-encoding:
      - chunked
      vary:
      - Accept-Encoding
      x-content-type-options:
      - nosniff
    status:
      code: 200
      message: OK
version: 1
