interactions:
- request:
    body: null
    headers:
      Accept:
      - application/json
      Accept-Encoding:
      - gzip, deflate
      CommandName:
      - mysql flexible-server create
      Connection:
      - keep-alive
      ParameterSetName:
      - -l -g -n --public-access
      User-Agent:
      - AZURECLI/2.39.0 azsdk-python-azure-mgmt-resource/21.1.0b1 Python/3.8.10 (Linux-5.10.102.1-microsoft-standard-WSL2-x86_64-with-glibc2.29)
    method: HEAD
    uri: https://management.azure.com/subscriptions/00000000-0000-0000-0000-000000000000/resourcegroups/clitest.rg000001?api-version=2022-09-01
  response:
    body:
      string: ''
    headers:
      cache-control:
      - no-cache
      content-length:
      - '0'
      date:
      - Tue, 16 Aug 2022 02:37:27 GMT
      expires:
      - '-1'
      pragma:
      - no-cache
      strict-transport-security:
      - max-age=31536000; includeSubDomains
      x-content-type-options:
      - nosniff
    status:
      code: 204
      message: No Content
- request:
    body: null
    headers:
      Accept:
      - application/json
      Accept-Encoding:
      - gzip, deflate
      CommandName:
      - mysql flexible-server create
      Connection:
      - keep-alive
      ParameterSetName:
      - -l -g -n --public-access
      User-Agent:
      - AZURECLI/2.39.0 azsdk-python-azure-mgmt-resource/21.1.0b1 Python/3.8.10 (Linux-5.10.102.1-microsoft-standard-WSL2-x86_64-with-glibc2.29)
    method: GET
    uri: https://management.azure.com/subscriptions/00000000-0000-0000-0000-000000000000/resourcegroups/clitest.rg000001?api-version=2022-09-01
  response:
    body:
      string: '{"id":"/subscriptions/00000000-0000-0000-0000-000000000000/resourceGroups/clitest.rg000001","name":"clitest.rg000001","type":"Microsoft.Resources/resourceGroups","location":"northeurope","tags":{"product":"azurecli","cause":"automation","date":"2022-08-16T02:37:23Z"},"properties":{"provisioningState":"Succeeded"}}'
    headers:
      cache-control:
      - no-cache
      content-length:
      - '315'
      content-type:
      - application/json; charset=utf-8
      date:
      - Tue, 16 Aug 2022 02:37:27 GMT
      expires:
      - '-1'
      pragma:
      - no-cache
      strict-transport-security:
      - max-age=31536000; includeSubDomains
      vary:
      - Accept-Encoding
      x-content-type-options:
      - nosniff
    status:
      code: 200
      message: OK
- request:
    body: '{"name": "azuredbclitest-000002", "type": "Microsoft.DBforMySQL/flexibleServers"}'
    headers:
      Accept:
      - application/json
      Accept-Encoding:
      - gzip, deflate
      CommandName:
      - mysql flexible-server create
      Connection:
      - keep-alive
      Content-Length:
      - '81'
      Content-Type:
      - application/json
      ParameterSetName:
      - -l -g -n --public-access
      User-Agent:
      - AZURECLI/2.39.0 azsdk-python-mgmt-rdbms/10.2.0b3 Python/3.8.10 (Linux-5.10.102.1-microsoft-standard-WSL2-x86_64-with-glibc2.29)
    method: POST
    uri: https://management.azure.com/subscriptions/00000000-0000-0000-0000-000000000000/providers/Microsoft.DBforMySQL/locations/northeurope/checkNameAvailability?api-version=2021-12-01-preview
  response:
    body:
      string: '{"nameAvailable":true,"message":""}'
    headers:
      cache-control:
      - no-cache
      content-length:
      - '35'
      content-type:
      - application/json; charset=utf-8
      date:
      - Tue, 16 Aug 2022 02:37:29 GMT
      expires:
      - '-1'
      pragma:
      - no-cache
      server:
      - Microsoft-HTTPAPI/2.0
      strict-transport-security:
      - max-age=31536000; includeSubDomains
      transfer-encoding:
      - chunked
      vary:
      - Accept-Encoding
      x-content-type-options:
      - nosniff
      x-ms-ratelimit-remaining-subscription-writes:
      - '1199'
    status:
      code: 200
      message: OK
- request:
    body: null
    headers:
      Accept:
      - application/json
      Accept-Encoding:
      - gzip, deflate
      CommandName:
      - mysql flexible-server create
      Connection:
      - keep-alive
      ParameterSetName:
      - -l -g -n --public-access
      User-Agent:
      - AZURECLI/2.39.0 azsdk-python-mgmt-rdbms/10.2.0b3 Python/3.8.10 (Linux-5.10.102.1-microsoft-standard-WSL2-x86_64-with-glibc2.29)
    method: GET
    uri: https://management.azure.com/subscriptions/00000000-0000-0000-0000-000000000000/providers/Microsoft.DBforMySQL/locations/northeurope/capabilities?api-version=2021-12-01-preview
  response:
    body:
      string: '{"value":[{"zone":"none","supportedHAMode":["SameZone","ZoneRedundant"],"supportedGeoBackupRegions":["westeurope"],"supportedFlexibleServerEditions":[{"name":"Burstable","supportedStorageEditions":[{"name":"Premium","minStorageSize":20480,"maxStorageSize":16777216,"minBackupRetentionDays":7,"maxBackupRetentionDays":35}],"supportedServerVersions":[{"name":"5.7","supportedSkus":[{"name":"Standard_B1s","vCores":1,"supportedIops":400,"supportedMemoryPerVCoreMB":1024},{"name":"Standard_B1ms","vCores":1,"supportedIops":640,"supportedMemoryPerVCoreMB":2048},{"name":"Standard_B2s","vCores":2,"supportedIops":1280,"supportedMemoryPerVCoreMB":2048},{"name":"Standard_B2ms","vCores":2,"supportedIops":1700,"supportedMemoryPerVCoreMB":4096},{"name":"Standard_B4ms","vCores":4,"supportedIops":2400,"supportedMemoryPerVCoreMB":4096},{"name":"Standard_B8ms","vCores":8,"supportedIops":3100,"supportedMemoryPerVCoreMB":4096},{"name":"Standard_B12ms","vCores":12,"supportedIops":3800,"supportedMemoryPerVCoreMB":4096},{"name":"Standard_B16ms","vCores":16,"supportedIops":4300,"supportedMemoryPerVCoreMB":4096},{"name":"Standard_B20ms","vCores":20,"supportedIops":5000,"supportedMemoryPerVCoreMB":4096}]},{"name":"8.0.21","supportedSkus":[{"name":"Standard_B1s","vCores":1,"supportedIops":400,"supportedMemoryPerVCoreMB":1024},{"name":"Standard_B1ms","vCores":1,"supportedIops":640,"supportedMemoryPerVCoreMB":2048},{"name":"Standard_B2s","vCores":2,"supportedIops":1280,"supportedMemoryPerVCoreMB":2048},{"name":"Standard_B2ms","vCores":2,"supportedIops":1700,"supportedMemoryPerVCoreMB":4096},{"name":"Standard_B4ms","vCores":4,"supportedIops":2400,"supportedMemoryPerVCoreMB":4096},{"name":"Standard_B8ms","vCores":8,"supportedIops":3100,"supportedMemoryPerVCoreMB":4096},{"name":"Standard_B12ms","vCores":12,"supportedIops":3800,"supportedMemoryPerVCoreMB":4096},{"name":"Standard_B16ms","vCores":16,"supportedIops":4300,"supportedMemoryPerVCoreMB":4096},{"name":"Standard_B20ms","vCores":20,"supportedIops":5000,"supportedMemoryPerVCoreMB":4096}]}]},{"name":"GeneralPurpose","supportedStorageEditions":[{"name":"Premium","minStorageSize":20480,"maxStorageSize":16777216,"minBackupRetentionDays":7,"maxBackupRetentionDays":35}],"supportedServerVersions":[{"name":"5.7","supportedSkus":[{"name":"Standard_D2ds_v4","vCores":2,"supportedIops":3200,"supportedMemoryPerVCoreMB":4096},{"name":"Standard_D4ds_v4","vCores":4,"supportedIops":6400,"supportedMemoryPerVCoreMB":4096},{"name":"Standard_D8ds_v4","vCores":8,"supportedIops":12800,"supportedMemoryPerVCoreMB":4096},{"name":"Standard_D16ds_v4","vCores":16,"supportedIops":20000,"supportedMemoryPerVCoreMB":4096},{"name":"Standard_D32ds_v4","vCores":32,"supportedIops":20000,"supportedMemoryPerVCoreMB":4096},{"name":"Standard_D48ds_v4","vCores":48,"supportedIops":20000,"supportedMemoryPerVCoreMB":4096},{"name":"Standard_D64ds_v4","vCores":64,"supportedIops":20000,"supportedMemoryPerVCoreMB":4096}]},{"name":"8.0.21","supportedSkus":[{"name":"Standard_D2ds_v4","vCores":2,"supportedIops":3200,"supportedMemoryPerVCoreMB":4096},{"name":"Standard_D4ds_v4","vCores":4,"supportedIops":6400,"supportedMemoryPerVCoreMB":4096},{"name":"Standard_D8ds_v4","vCores":8,"supportedIops":12800,"supportedMemoryPerVCoreMB":4096},{"name":"Standard_D16ds_v4","vCores":16,"supportedIops":20000,"supportedMemoryPerVCoreMB":4096},{"name":"Standard_D32ds_v4","vCores":32,"supportedIops":20000,"supportedMemoryPerVCoreMB":4096},{"name":"Standard_D48ds_v4","vCores":48,"supportedIops":20000,"supportedMemoryPerVCoreMB":4096},{"name":"Standard_D64ds_v4","vCores":64,"supportedIops":20000,"supportedMemoryPerVCoreMB":4096}]}]},{"name":"MemoryOptimized","supportedStorageEditions":[{"name":"Premium","minStorageSize":20480,"maxStorageSize":16777216,"minBackupRetentionDays":7,"maxBackupRetentionDays":35}],"supportedServerVersions":[{"name":"5.7","supportedSkus":[{"name":"Standard_E2ds_v4","vCores":2,"supportedIops":5000,"supportedMemoryPerVCoreMB":8192},{"name":"Standard_E4ds_v4","vCores":4,"supportedIops":10000,"supportedMemoryPerVCoreMB":8192},{"name":"Standard_E8ds_v4","vCores":8,"supportedIops":18000,"supportedMemoryPerVCoreMB":8192},{"name":"Standard_E16ds_v4","vCores":16,"supportedIops":28000,"supportedMemoryPerVCoreMB":8192},{"name":"Standard_E32ds_v4","vCores":32,"supportedIops":38000,"supportedMemoryPerVCoreMB":8192},{"name":"Standard_E48ds_v4","vCores":48,"supportedIops":48000,"supportedMemoryPerVCoreMB":8192},{"name":"Standard_E64ds_v4","vCores":64,"supportedIops":48000,"supportedMemoryPerVCoreMB":8192},{"name":"Standard_E80ids_v4","vCores":80,"supportedIops":48000,"supportedMemoryPerVCoreMB":6451},{"name":"Standard_E2ds_v5","vCores":2,"supportedIops":5000,"supportedMemoryPerVCoreMB":8192},{"name":"Standard_E4ds_v5","vCores":4,"supportedIops":10000,"supportedMemoryPerVCoreMB":8192},{"name":"Standard_E8ds_v5","vCores":8,"supportedIops":18000,"supportedMemoryPerVCoreMB":8192},{"name":"Standard_E16ds_v5","vCores":16,"supportedIops":28000,"supportedMemoryPerVCoreMB":8192},{"name":"Standard_E32ds_v5","vCores":32,"supportedIops":38000,"supportedMemoryPerVCoreMB":8192},{"name":"Standard_E48ds_v5","vCores":48,"supportedIops":48000,"supportedMemoryPerVCoreMB":8192},{"name":"Standard_E64ds_v5","vCores":64,"supportedIops":48000,"supportedMemoryPerVCoreMB":8192},{"name":"Standard_E96ds_v5","vCores":96,"supportedIops":48000,"supportedMemoryPerVCoreMB":7168}]},{"name":"8.0.21","supportedSkus":[{"name":"Standard_E2ds_v4","vCores":2,"supportedIops":5000,"supportedMemoryPerVCoreMB":8192},{"name":"Standard_E4ds_v4","vCores":4,"supportedIops":10000,"supportedMemoryPerVCoreMB":8192},{"name":"Standard_E8ds_v4","vCores":8,"supportedIops":18000,"supportedMemoryPerVCoreMB":8192},{"name":"Standard_E16ds_v4","vCores":16,"supportedIops":28000,"supportedMemoryPerVCoreMB":8192},{"name":"Standard_E32ds_v4","vCores":32,"supportedIops":38000,"supportedMemoryPerVCoreMB":8192},{"name":"Standard_E48ds_v4","vCores":48,"supportedIops":48000,"supportedMemoryPerVCoreMB":8192},{"name":"Standard_E64ds_v4","vCores":64,"supportedIops":48000,"supportedMemoryPerVCoreMB":8192},{"name":"Standard_E80ids_v4","vCores":80,"supportedIops":48000,"supportedMemoryPerVCoreMB":6451},{"name":"Standard_E2ds_v5","vCores":2,"supportedIops":5000,"supportedMemoryPerVCoreMB":8192},{"name":"Standard_E4ds_v5","vCores":4,"supportedIops":10000,"supportedMemoryPerVCoreMB":8192},{"name":"Standard_E8ds_v5","vCores":8,"supportedIops":18000,"supportedMemoryPerVCoreMB":8192},{"name":"Standard_E16ds_v5","vCores":16,"supportedIops":28000,"supportedMemoryPerVCoreMB":8192},{"name":"Standard_E32ds_v5","vCores":32,"supportedIops":38000,"supportedMemoryPerVCoreMB":8192},{"name":"Standard_E48ds_v5","vCores":48,"supportedIops":48000,"supportedMemoryPerVCoreMB":8192},{"name":"Standard_E64ds_v5","vCores":64,"supportedIops":48000,"supportedMemoryPerVCoreMB":8192},{"name":"Standard_E96ds_v5","vCores":96,"supportedIops":48000,"supportedMemoryPerVCoreMB":7168}]}]}]},{"zone":"1","supportedHAMode":["SameZone","ZoneRedundant"],"supportedGeoBackupRegions":["westeurope"],"supportedFlexibleServerEditions":[{"name":"Burstable","supportedStorageEditions":[{"name":"Premium","minStorageSize":20480,"maxStorageSize":16777216,"minBackupRetentionDays":7,"maxBackupRetentionDays":35}],"supportedServerVersions":[{"name":"5.7","supportedSkus":[{"name":"Standard_B1s","vCores":1,"supportedIops":400,"supportedMemoryPerVCoreMB":1024},{"name":"Standard_B1ms","vCores":1,"supportedIops":640,"supportedMemoryPerVCoreMB":2048},{"name":"Standard_B2s","vCores":2,"supportedIops":1280,"supportedMemoryPerVCoreMB":2048},{"name":"Standard_B2ms","vCores":2,"supportedIops":1700,"supportedMemoryPerVCoreMB":4096},{"name":"Standard_B4ms","vCores":4,"supportedIops":2400,"supportedMemoryPerVCoreMB":4096},{"name":"Standard_B8ms","vCores":8,"supportedIops":3100,"supportedMemoryPerVCoreMB":4096},{"name":"Standard_B12ms","vCores":12,"supportedIops":3800,"supportedMemoryPerVCoreMB":4096},{"name":"Standard_B16ms","vCores":16,"supportedIops":4300,"supportedMemoryPerVCoreMB":4096},{"name":"Standard_B20ms","vCores":20,"supportedIops":5000,"supportedMemoryPerVCoreMB":4096}]},{"name":"8.0.21","supportedSkus":[{"name":"Standard_B1s","vCores":1,"supportedIops":400,"supportedMemoryPerVCoreMB":1024},{"name":"Standard_B1ms","vCores":1,"supportedIops":640,"supportedMemoryPerVCoreMB":2048},{"name":"Standard_B2s","vCores":2,"supportedIops":1280,"supportedMemoryPerVCoreMB":2048},{"name":"Standard_B2ms","vCores":2,"supportedIops":1700,"supportedMemoryPerVCoreMB":4096},{"name":"Standard_B4ms","vCores":4,"supportedIops":2400,"supportedMemoryPerVCoreMB":4096},{"name":"Standard_B8ms","vCores":8,"supportedIops":3100,"supportedMemoryPerVCoreMB":4096},{"name":"Standard_B12ms","vCores":12,"supportedIops":3800,"supportedMemoryPerVCoreMB":4096},{"name":"Standard_B16ms","vCores":16,"supportedIops":4300,"supportedMemoryPerVCoreMB":4096},{"name":"Standard_B20ms","vCores":20,"supportedIops":5000,"supportedMemoryPerVCoreMB":4096}]}]},{"name":"GeneralPurpose","supportedStorageEditions":[{"name":"Premium","minStorageSize":20480,"maxStorageSize":16777216,"minBackupRetentionDays":7,"maxBackupRetentionDays":35}],"supportedServerVersions":[{"name":"5.7","supportedSkus":[{"name":"Standard_D2ds_v4","vCores":2,"supportedIops":3200,"supportedMemoryPerVCoreMB":4096},{"name":"Standard_D4ds_v4","vCores":4,"supportedIops":6400,"supportedMemoryPerVCoreMB":4096},{"name":"Standard_D8ds_v4","vCores":8,"supportedIops":12800,"supportedMemoryPerVCoreMB":4096},{"name":"Standard_D16ds_v4","vCores":16,"supportedIops":20000,"supportedMemoryPerVCoreMB":4096},{"name":"Standard_D32ds_v4","vCores":32,"supportedIops":20000,"supportedMemoryPerVCoreMB":4096},{"name":"Standard_D48ds_v4","vCores":48,"supportedIops":20000,"supportedMemoryPerVCoreMB":4096},{"name":"Standard_D64ds_v4","vCores":64,"supportedIops":20000,"supportedMemoryPerVCoreMB":4096}]},{"name":"8.0.21","supportedSkus":[{"name":"Standard_D2ds_v4","vCores":2,"supportedIops":3200,"supportedMemoryPerVCoreMB":4096},{"name":"Standard_D4ds_v4","vCores":4,"supportedIops":6400,"supportedMemoryPerVCoreMB":4096},{"name":"Standard_D8ds_v4","vCores":8,"supportedIops":12800,"supportedMemoryPerVCoreMB":4096},{"name":"Standard_D16ds_v4","vCores":16,"supportedIops":20000,"supportedMemoryPerVCoreMB":4096},{"name":"Standard_D32ds_v4","vCores":32,"supportedIops":20000,"supportedMemoryPerVCoreMB":4096},{"name":"Standard_D48ds_v4","vCores":48,"supportedIops":20000,"supportedMemoryPerVCoreMB":4096},{"name":"Standard_D64ds_v4","vCores":64,"supportedIops":20000,"supportedMemoryPerVCoreMB":4096}]}]},{"name":"MemoryOptimized","supportedStorageEditions":[{"name":"Premium","minStorageSize":20480,"maxStorageSize":16777216,"minBackupRetentionDays":7,"maxBackupRetentionDays":35}],"supportedServerVersions":[{"name":"5.7","supportedSkus":[{"name":"Standard_E2ds_v4","vCores":2,"supportedIops":5000,"supportedMemoryPerVCoreMB":8192},{"name":"Standard_E4ds_v4","vCores":4,"supportedIops":10000,"supportedMemoryPerVCoreMB":8192},{"name":"Standard_E8ds_v4","vCores":8,"supportedIops":18000,"supportedMemoryPerVCoreMB":8192},{"name":"Standard_E16ds_v4","vCores":16,"supportedIops":28000,"supportedMemoryPerVCoreMB":8192},{"name":"Standard_E32ds_v4","vCores":32,"supportedIops":38000,"supportedMemoryPerVCoreMB":8192},{"name":"Standard_E48ds_v4","vCores":48,"supportedIops":48000,"supportedMemoryPerVCoreMB":8192},{"name":"Standard_E64ds_v4","vCores":64,"supportedIops":48000,"supportedMemoryPerVCoreMB":8192},{"name":"Standard_E80ids_v4","vCores":80,"supportedIops":48000,"supportedMemoryPerVCoreMB":6451},{"name":"Standard_E2ds_v5","vCores":2,"supportedIops":5000,"supportedMemoryPerVCoreMB":8192},{"name":"Standard_E4ds_v5","vCores":4,"supportedIops":10000,"supportedMemoryPerVCoreMB":8192},{"name":"Standard_E8ds_v5","vCores":8,"supportedIops":18000,"supportedMemoryPerVCoreMB":8192},{"name":"Standard_E16ds_v5","vCores":16,"supportedIops":28000,"supportedMemoryPerVCoreMB":8192},{"name":"Standard_E32ds_v5","vCores":32,"supportedIops":38000,"supportedMemoryPerVCoreMB":8192},{"name":"Standard_E48ds_v5","vCores":48,"supportedIops":48000,"supportedMemoryPerVCoreMB":8192},{"name":"Standard_E64ds_v5","vCores":64,"supportedIops":48000,"supportedMemoryPerVCoreMB":8192},{"name":"Standard_E96ds_v5","vCores":96,"supportedIops":48000,"supportedMemoryPerVCoreMB":7168}]},{"name":"8.0.21","supportedSkus":[{"name":"Standard_E2ds_v4","vCores":2,"supportedIops":5000,"supportedMemoryPerVCoreMB":8192},{"name":"Standard_E4ds_v4","vCores":4,"supportedIops":10000,"supportedMemoryPerVCoreMB":8192},{"name":"Standard_E8ds_v4","vCores":8,"supportedIops":18000,"supportedMemoryPerVCoreMB":8192},{"name":"Standard_E16ds_v4","vCores":16,"supportedIops":28000,"supportedMemoryPerVCoreMB":8192},{"name":"Standard_E32ds_v4","vCores":32,"supportedIops":38000,"supportedMemoryPerVCoreMB":8192},{"name":"Standard_E48ds_v4","vCores":48,"supportedIops":48000,"supportedMemoryPerVCoreMB":8192},{"name":"Standard_E64ds_v4","vCores":64,"supportedIops":48000,"supportedMemoryPerVCoreMB":8192},{"name":"Standard_E80ids_v4","vCores":80,"supportedIops":48000,"supportedMemoryPerVCoreMB":6451},{"name":"Standard_E2ds_v5","vCores":2,"supportedIops":5000,"supportedMemoryPerVCoreMB":8192},{"name":"Standard_E4ds_v5","vCores":4,"supportedIops":10000,"supportedMemoryPerVCoreMB":8192},{"name":"Standard_E8ds_v5","vCores":8,"supportedIops":18000,"supportedMemoryPerVCoreMB":8192},{"name":"Standard_E16ds_v5","vCores":16,"supportedIops":28000,"supportedMemoryPerVCoreMB":8192},{"name":"Standard_E32ds_v5","vCores":32,"supportedIops":38000,"supportedMemoryPerVCoreMB":8192},{"name":"Standard_E48ds_v5","vCores":48,"supportedIops":48000,"supportedMemoryPerVCoreMB":8192},{"name":"Standard_E64ds_v5","vCores":64,"supportedIops":48000,"supportedMemoryPerVCoreMB":8192},{"name":"Standard_E96ds_v5","vCores":96,"supportedIops":48000,"supportedMemoryPerVCoreMB":7168}]}]}]},{"zone":"2","supportedHAMode":["SameZone","ZoneRedundant"],"supportedGeoBackupRegions":["westeurope"],"supportedFlexibleServerEditions":[{"name":"Burstable","supportedStorageEditions":[{"name":"Premium","minStorageSize":20480,"maxStorageSize":16777216,"minBackupRetentionDays":7,"maxBackupRetentionDays":35}],"supportedServerVersions":[{"name":"5.7","supportedSkus":[{"name":"Standard_B1s","vCores":1,"supportedIops":400,"supportedMemoryPerVCoreMB":1024},{"name":"Standard_B1ms","vCores":1,"supportedIops":640,"supportedMemoryPerVCoreMB":2048},{"name":"Standard_B2s","vCores":2,"supportedIops":1280,"supportedMemoryPerVCoreMB":2048},{"name":"Standard_B2ms","vCores":2,"supportedIops":1700,"supportedMemoryPerVCoreMB":4096},{"name":"Standard_B4ms","vCores":4,"supportedIops":2400,"supportedMemoryPerVCoreMB":4096},{"name":"Standard_B8ms","vCores":8,"supportedIops":3100,"supportedMemoryPerVCoreMB":4096},{"name":"Standard_B12ms","vCores":12,"supportedIops":3800,"supportedMemoryPerVCoreMB":4096},{"name":"Standard_B16ms","vCores":16,"supportedIops":4300,"supportedMemoryPerVCoreMB":4096},{"name":"Standard_B20ms","vCores":20,"supportedIops":5000,"supportedMemoryPerVCoreMB":4096}]},{"name":"8.0.21","supportedSkus":[{"name":"Standard_B1s","vCores":1,"supportedIops":400,"supportedMemoryPerVCoreMB":1024},{"name":"Standard_B1ms","vCores":1,"supportedIops":640,"supportedMemoryPerVCoreMB":2048},{"name":"Standard_B2s","vCores":2,"supportedIops":1280,"supportedMemoryPerVCoreMB":2048},{"name":"Standard_B2ms","vCores":2,"supportedIops":1700,"supportedMemoryPerVCoreMB":4096},{"name":"Standard_B4ms","vCores":4,"supportedIops":2400,"supportedMemoryPerVCoreMB":4096},{"name":"Standard_B8ms","vCores":8,"supportedIops":3100,"supportedMemoryPerVCoreMB":4096},{"name":"Standard_B12ms","vCores":12,"supportedIops":3800,"supportedMemoryPerVCoreMB":4096},{"name":"Standard_B16ms","vCores":16,"supportedIops":4300,"supportedMemoryPerVCoreMB":4096},{"name":"Standard_B20ms","vCores":20,"supportedIops":5000,"supportedMemoryPerVCoreMB":4096}]}]},{"name":"GeneralPurpose","supportedStorageEditions":[{"name":"Premium","minStorageSize":20480,"maxStorageSize":16777216,"minBackupRetentionDays":7,"maxBackupRetentionDays":35}],"supportedServerVersions":[{"name":"5.7","supportedSkus":[{"name":"Standard_D2ds_v4","vCores":2,"supportedIops":3200,"supportedMemoryPerVCoreMB":4096},{"name":"Standard_D4ds_v4","vCores":4,"supportedIops":6400,"supportedMemoryPerVCoreMB":4096},{"name":"Standard_D8ds_v4","vCores":8,"supportedIops":12800,"supportedMemoryPerVCoreMB":4096},{"name":"Standard_D16ds_v4","vCores":16,"supportedIops":20000,"supportedMemoryPerVCoreMB":4096},{"name":"Standard_D32ds_v4","vCores":32,"supportedIops":20000,"supportedMemoryPerVCoreMB":4096},{"name":"Standard_D48ds_v4","vCores":48,"supportedIops":20000,"supportedMemoryPerVCoreMB":4096},{"name":"Standard_D64ds_v4","vCores":64,"supportedIops":20000,"supportedMemoryPerVCoreMB":4096}]},{"name":"8.0.21","supportedSkus":[{"name":"Standard_D2ds_v4","vCores":2,"supportedIops":3200,"supportedMemoryPerVCoreMB":4096},{"name":"Standard_D4ds_v4","vCores":4,"supportedIops":6400,"supportedMemoryPerVCoreMB":4096},{"name":"Standard_D8ds_v4","vCores":8,"supportedIops":12800,"supportedMemoryPerVCoreMB":4096},{"name":"Standard_D16ds_v4","vCores":16,"supportedIops":20000,"supportedMemoryPerVCoreMB":4096},{"name":"Standard_D32ds_v4","vCores":32,"supportedIops":20000,"supportedMemoryPerVCoreMB":4096},{"name":"Standard_D48ds_v4","vCores":48,"supportedIops":20000,"supportedMemoryPerVCoreMB":4096},{"name":"Standard_D64ds_v4","vCores":64,"supportedIops":20000,"supportedMemoryPerVCoreMB":4096}]}]},{"name":"MemoryOptimized","supportedStorageEditions":[{"name":"Premium","minStorageSize":20480,"maxStorageSize":16777216,"minBackupRetentionDays":7,"maxBackupRetentionDays":35}],"supportedServerVersions":[{"name":"5.7","supportedSkus":[{"name":"Standard_E2ds_v4","vCores":2,"supportedIops":5000,"supportedMemoryPerVCoreMB":8192},{"name":"Standard_E4ds_v4","vCores":4,"supportedIops":10000,"supportedMemoryPerVCoreMB":8192},{"name":"Standard_E8ds_v4","vCores":8,"supportedIops":18000,"supportedMemoryPerVCoreMB":8192},{"name":"Standard_E16ds_v4","vCores":16,"supportedIops":28000,"supportedMemoryPerVCoreMB":8192},{"name":"Standard_E32ds_v4","vCores":32,"supportedIops":38000,"supportedMemoryPerVCoreMB":8192},{"name":"Standard_E48ds_v4","vCores":48,"supportedIops":48000,"supportedMemoryPerVCoreMB":8192},{"name":"Standard_E64ds_v4","vCores":64,"supportedIops":48000,"supportedMemoryPerVCoreMB":8192},{"name":"Standard_E80ids_v4","vCores":80,"supportedIops":48000,"supportedMemoryPerVCoreMB":6451},{"name":"Standard_E2ds_v5","vCores":2,"supportedIops":5000,"supportedMemoryPerVCoreMB":8192},{"name":"Standard_E4ds_v5","vCores":4,"supportedIops":10000,"supportedMemoryPerVCoreMB":8192},{"name":"Standard_E8ds_v5","vCores":8,"supportedIops":18000,"supportedMemoryPerVCoreMB":8192},{"name":"Standard_E16ds_v5","vCores":16,"supportedIops":28000,"supportedMemoryPerVCoreMB":8192},{"name":"Standard_E32ds_v5","vCores":32,"supportedIops":38000,"supportedMemoryPerVCoreMB":8192},{"name":"Standard_E48ds_v5","vCores":48,"supportedIops":48000,"supportedMemoryPerVCoreMB":8192},{"name":"Standard_E64ds_v5","vCores":64,"supportedIops":48000,"supportedMemoryPerVCoreMB":8192},{"name":"Standard_E96ds_v5","vCores":96,"supportedIops":48000,"supportedMemoryPerVCoreMB":7168}]},{"name":"8.0.21","supportedSkus":[{"name":"Standard_E2ds_v4","vCores":2,"supportedIops":5000,"supportedMemoryPerVCoreMB":8192},{"name":"Standard_E4ds_v4","vCores":4,"supportedIops":10000,"supportedMemoryPerVCoreMB":8192},{"name":"Standard_E8ds_v4","vCores":8,"supportedIops":18000,"supportedMemoryPerVCoreMB":8192},{"name":"Standard_E16ds_v4","vCores":16,"supportedIops":28000,"supportedMemoryPerVCoreMB":8192},{"name":"Standard_E32ds_v4","vCores":32,"supportedIops":38000,"supportedMemoryPerVCoreMB":8192},{"name":"Standard_E48ds_v4","vCores":48,"supportedIops":48000,"supportedMemoryPerVCoreMB":8192},{"name":"Standard_E64ds_v4","vCores":64,"supportedIops":48000,"supportedMemoryPerVCoreMB":8192},{"name":"Standard_E80ids_v4","vCores":80,"supportedIops":48000,"supportedMemoryPerVCoreMB":6451},{"name":"Standard_E2ds_v5","vCores":2,"supportedIops":5000,"supportedMemoryPerVCoreMB":8192},{"name":"Standard_E4ds_v5","vCores":4,"supportedIops":10000,"supportedMemoryPerVCoreMB":8192},{"name":"Standard_E8ds_v5","vCores":8,"supportedIops":18000,"supportedMemoryPerVCoreMB":8192},{"name":"Standard_E16ds_v5","vCores":16,"supportedIops":28000,"supportedMemoryPerVCoreMB":8192},{"name":"Standard_E32ds_v5","vCores":32,"supportedIops":38000,"supportedMemoryPerVCoreMB":8192},{"name":"Standard_E48ds_v5","vCores":48,"supportedIops":48000,"supportedMemoryPerVCoreMB":8192},{"name":"Standard_E64ds_v5","vCores":64,"supportedIops":48000,"supportedMemoryPerVCoreMB":8192},{"name":"Standard_E96ds_v5","vCores":96,"supportedIops":48000,"supportedMemoryPerVCoreMB":7168}]}]}]},{"zone":"3","supportedHAMode":["SameZone","ZoneRedundant"],"supportedGeoBackupRegions":["westeurope"],"supportedFlexibleServerEditions":[{"name":"Burstable","supportedStorageEditions":[{"name":"Premium","minStorageSize":20480,"maxStorageSize":16777216,"minBackupRetentionDays":7,"maxBackupRetentionDays":35}],"supportedServerVersions":[{"name":"5.7","supportedSkus":[{"name":"Standard_B1s","vCores":1,"supportedIops":400,"supportedMemoryPerVCoreMB":1024},{"name":"Standard_B1ms","vCores":1,"supportedIops":640,"supportedMemoryPerVCoreMB":2048},{"name":"Standard_B2s","vCores":2,"supportedIops":1280,"supportedMemoryPerVCoreMB":2048},{"name":"Standard_B2ms","vCores":2,"supportedIops":1700,"supportedMemoryPerVCoreMB":4096},{"name":"Standard_B4ms","vCores":4,"supportedIops":2400,"supportedMemoryPerVCoreMB":4096},{"name":"Standard_B8ms","vCores":8,"supportedIops":3100,"supportedMemoryPerVCoreMB":4096},{"name":"Standard_B12ms","vCores":12,"supportedIops":3800,"supportedMemoryPerVCoreMB":4096},{"name":"Standard_B16ms","vCores":16,"supportedIops":4300,"supportedMemoryPerVCoreMB":4096},{"name":"Standard_B20ms","vCores":20,"supportedIops":5000,"supportedMemoryPerVCoreMB":4096}]},{"name":"8.0.21","supportedSkus":[{"name":"Standard_B1s","vCores":1,"supportedIops":400,"supportedMemoryPerVCoreMB":1024},{"name":"Standard_B1ms","vCores":1,"supportedIops":640,"supportedMemoryPerVCoreMB":2048},{"name":"Standard_B2s","vCores":2,"supportedIops":1280,"supportedMemoryPerVCoreMB":2048},{"name":"Standard_B2ms","vCores":2,"supportedIops":1700,"supportedMemoryPerVCoreMB":4096},{"name":"Standard_B4ms","vCores":4,"supportedIops":2400,"supportedMemoryPerVCoreMB":4096},{"name":"Standard_B8ms","vCores":8,"supportedIops":3100,"supportedMemoryPerVCoreMB":4096},{"name":"Standard_B12ms","vCores":12,"supportedIops":3800,"supportedMemoryPerVCoreMB":4096},{"name":"Standard_B16ms","vCores":16,"supportedIops":4300,"supportedMemoryPerVCoreMB":4096},{"name":"Standard_B20ms","vCores":20,"supportedIops":5000,"supportedMemoryPerVCoreMB":4096}]}]},{"name":"GeneralPurpose","supportedStorageEditions":[{"name":"Premium","minStorageSize":20480,"maxStorageSize":16777216,"minBackupRetentionDays":7,"maxBackupRetentionDays":35}],"supportedServerVersions":[{"name":"5.7","supportedSkus":[{"name":"Standard_D2ds_v4","vCores":2,"supportedIops":3200,"supportedMemoryPerVCoreMB":4096},{"name":"Standard_D4ds_v4","vCores":4,"supportedIops":6400,"supportedMemoryPerVCoreMB":4096},{"name":"Standard_D8ds_v4","vCores":8,"supportedIops":12800,"supportedMemoryPerVCoreMB":4096},{"name":"Standard_D16ds_v4","vCores":16,"supportedIops":20000,"supportedMemoryPerVCoreMB":4096},{"name":"Standard_D32ds_v4","vCores":32,"supportedIops":20000,"supportedMemoryPerVCoreMB":4096},{"name":"Standard_D48ds_v4","vCores":48,"supportedIops":20000,"supportedMemoryPerVCoreMB":4096},{"name":"Standard_D64ds_v4","vCores":64,"supportedIops":20000,"supportedMemoryPerVCoreMB":4096}]},{"name":"8.0.21","supportedSkus":[{"name":"Standard_D2ds_v4","vCores":2,"supportedIops":3200,"supportedMemoryPerVCoreMB":4096},{"name":"Standard_D4ds_v4","vCores":4,"supportedIops":6400,"supportedMemoryPerVCoreMB":4096},{"name":"Standard_D8ds_v4","vCores":8,"supportedIops":12800,"supportedMemoryPerVCoreMB":4096},{"name":"Standard_D16ds_v4","vCores":16,"supportedIops":20000,"supportedMemoryPerVCoreMB":4096},{"name":"Standard_D32ds_v4","vCores":32,"supportedIops":20000,"supportedMemoryPerVCoreMB":4096},{"name":"Standard_D48ds_v4","vCores":48,"supportedIops":20000,"supportedMemoryPerVCoreMB":4096},{"name":"Standard_D64ds_v4","vCores":64,"supportedIops":20000,"supportedMemoryPerVCoreMB":4096}]}]},{"name":"MemoryOptimized","supportedStorageEditions":[{"name":"Premium","minStorageSize":20480,"maxStorageSize":16777216,"minBackupRetentionDays":7,"maxBackupRetentionDays":35}],"supportedServerVersions":[{"name":"5.7","supportedSkus":[{"name":"Standard_E2ds_v4","vCores":2,"supportedIops":5000,"supportedMemoryPerVCoreMB":8192},{"name":"Standard_E4ds_v4","vCores":4,"supportedIops":10000,"supportedMemoryPerVCoreMB":8192},{"name":"Standard_E8ds_v4","vCores":8,"supportedIops":18000,"supportedMemoryPerVCoreMB":8192},{"name":"Standard_E16ds_v4","vCores":16,"supportedIops":28000,"supportedMemoryPerVCoreMB":8192},{"name":"Standard_E32ds_v4","vCores":32,"supportedIops":38000,"supportedMemoryPerVCoreMB":8192},{"name":"Standard_E48ds_v4","vCores":48,"supportedIops":48000,"supportedMemoryPerVCoreMB":8192},{"name":"Standard_E64ds_v4","vCores":64,"supportedIops":48000,"supportedMemoryPerVCoreMB":8192},{"name":"Standard_E80ids_v4","vCores":80,"supportedIops":48000,"supportedMemoryPerVCoreMB":6451},{"name":"Standard_E2ds_v5","vCores":2,"supportedIops":5000,"supportedMemoryPerVCoreMB":8192},{"name":"Standard_E4ds_v5","vCores":4,"supportedIops":10000,"supportedMemoryPerVCoreMB":8192},{"name":"Standard_E8ds_v5","vCores":8,"supportedIops":18000,"supportedMemoryPerVCoreMB":8192},{"name":"Standard_E16ds_v5","vCores":16,"supportedIops":28000,"supportedMemoryPerVCoreMB":8192},{"name":"Standard_E32ds_v5","vCores":32,"supportedIops":38000,"supportedMemoryPerVCoreMB":8192},{"name":"Standard_E48ds_v5","vCores":48,"supportedIops":48000,"supportedMemoryPerVCoreMB":8192},{"name":"Standard_E64ds_v5","vCores":64,"supportedIops":48000,"supportedMemoryPerVCoreMB":8192},{"name":"Standard_E96ds_v5","vCores":96,"supportedIops":48000,"supportedMemoryPerVCoreMB":7168}]},{"name":"8.0.21","supportedSkus":[{"name":"Standard_E2ds_v4","vCores":2,"supportedIops":5000,"supportedMemoryPerVCoreMB":8192},{"name":"Standard_E4ds_v4","vCores":4,"supportedIops":10000,"supportedMemoryPerVCoreMB":8192},{"name":"Standard_E8ds_v4","vCores":8,"supportedIops":18000,"supportedMemoryPerVCoreMB":8192},{"name":"Standard_E16ds_v4","vCores":16,"supportedIops":28000,"supportedMemoryPerVCoreMB":8192},{"name":"Standard_E32ds_v4","vCores":32,"supportedIops":38000,"supportedMemoryPerVCoreMB":8192},{"name":"Standard_E48ds_v4","vCores":48,"supportedIops":48000,"supportedMemoryPerVCoreMB":8192},{"name":"Standard_E64ds_v4","vCores":64,"supportedIops":48000,"supportedMemoryPerVCoreMB":8192},{"name":"Standard_E80ids_v4","vCores":80,"supportedIops":48000,"supportedMemoryPerVCoreMB":6451},{"name":"Standard_E2ds_v5","vCores":2,"supportedIops":5000,"supportedMemoryPerVCoreMB":8192},{"name":"Standard_E4ds_v5","vCores":4,"supportedIops":10000,"supportedMemoryPerVCoreMB":8192},{"name":"Standard_E8ds_v5","vCores":8,"supportedIops":18000,"supportedMemoryPerVCoreMB":8192},{"name":"Standard_E16ds_v5","vCores":16,"supportedIops":28000,"supportedMemoryPerVCoreMB":8192},{"name":"Standard_E32ds_v5","vCores":32,"supportedIops":38000,"supportedMemoryPerVCoreMB":8192},{"name":"Standard_E48ds_v5","vCores":48,"supportedIops":48000,"supportedMemoryPerVCoreMB":8192},{"name":"Standard_E64ds_v5","vCores":64,"supportedIops":48000,"supportedMemoryPerVCoreMB":8192},{"name":"Standard_E96ds_v5","vCores":96,"supportedIops":48000,"supportedMemoryPerVCoreMB":7168}]}]}]}]}'
    headers:
      cache-control:
      - no-cache
      content-length:
      - '27846'
      content-type:
      - application/json; charset=utf-8
      date:
      - Tue, 16 Aug 2022 02:37:30 GMT
      expires:
      - '-1'
      pragma:
      - no-cache
      server:
      - Microsoft-HTTPAPI/2.0
      strict-transport-security:
      - max-age=31536000; includeSubDomains
      transfer-encoding:
      - chunked
      vary:
      - Accept-Encoding
      x-content-type-options:
      - nosniff
    status:
      code: 200
      message: OK
- request:
    body: null
    headers:
      Accept:
      - application/json
      Accept-Encoding:
      - gzip, deflate
      CommandName:
      - mysql flexible-server create
      Connection:
      - keep-alive
      ParameterSetName:
      - -l -g -n --public-access
      User-Agent:
      - AZURECLI/2.39.0 azsdk-python-mgmt-rdbms/10.2.0b3 Python/3.8.10 (Linux-5.10.102.1-microsoft-standard-WSL2-x86_64-with-glibc2.29)
    method: GET
    uri: https://management.azure.com/subscriptions/00000000-0000-0000-0000-000000000000/providers/Microsoft.DBforMySQL/locations/northeurope/capabilities?api-version=2021-12-01-preview
  response:
    body:
      string: '{"value":[{"zone":"none","supportedHAMode":["SameZone","ZoneRedundant"],"supportedGeoBackupRegions":["westeurope"],"supportedFlexibleServerEditions":[{"name":"Burstable","supportedStorageEditions":[{"name":"Premium","minStorageSize":20480,"maxStorageSize":16777216,"minBackupRetentionDays":7,"maxBackupRetentionDays":35}],"supportedServerVersions":[{"name":"5.7","supportedSkus":[{"name":"Standard_B1s","vCores":1,"supportedIops":400,"supportedMemoryPerVCoreMB":1024},{"name":"Standard_B1ms","vCores":1,"supportedIops":640,"supportedMemoryPerVCoreMB":2048},{"name":"Standard_B2s","vCores":2,"supportedIops":1280,"supportedMemoryPerVCoreMB":2048},{"name":"Standard_B2ms","vCores":2,"supportedIops":1700,"supportedMemoryPerVCoreMB":4096},{"name":"Standard_B4ms","vCores":4,"supportedIops":2400,"supportedMemoryPerVCoreMB":4096},{"name":"Standard_B8ms","vCores":8,"supportedIops":3100,"supportedMemoryPerVCoreMB":4096},{"name":"Standard_B12ms","vCores":12,"supportedIops":3800,"supportedMemoryPerVCoreMB":4096},{"name":"Standard_B16ms","vCores":16,"supportedIops":4300,"supportedMemoryPerVCoreMB":4096},{"name":"Standard_B20ms","vCores":20,"supportedIops":5000,"supportedMemoryPerVCoreMB":4096}]},{"name":"8.0.21","supportedSkus":[{"name":"Standard_B1s","vCores":1,"supportedIops":400,"supportedMemoryPerVCoreMB":1024},{"name":"Standard_B1ms","vCores":1,"supportedIops":640,"supportedMemoryPerVCoreMB":2048},{"name":"Standard_B2s","vCores":2,"supportedIops":1280,"supportedMemoryPerVCoreMB":2048},{"name":"Standard_B2ms","vCores":2,"supportedIops":1700,"supportedMemoryPerVCoreMB":4096},{"name":"Standard_B4ms","vCores":4,"supportedIops":2400,"supportedMemoryPerVCoreMB":4096},{"name":"Standard_B8ms","vCores":8,"supportedIops":3100,"supportedMemoryPerVCoreMB":4096},{"name":"Standard_B12ms","vCores":12,"supportedIops":3800,"supportedMemoryPerVCoreMB":4096},{"name":"Standard_B16ms","vCores":16,"supportedIops":4300,"supportedMemoryPerVCoreMB":4096},{"name":"Standard_B20ms","vCores":20,"supportedIops":5000,"supportedMemoryPerVCoreMB":4096}]}]},{"name":"GeneralPurpose","supportedStorageEditions":[{"name":"Premium","minStorageSize":20480,"maxStorageSize":16777216,"minBackupRetentionDays":7,"maxBackupRetentionDays":35}],"supportedServerVersions":[{"name":"5.7","supportedSkus":[{"name":"Standard_D2ds_v4","vCores":2,"supportedIops":3200,"supportedMemoryPerVCoreMB":4096},{"name":"Standard_D4ds_v4","vCores":4,"supportedIops":6400,"supportedMemoryPerVCoreMB":4096},{"name":"Standard_D8ds_v4","vCores":8,"supportedIops":12800,"supportedMemoryPerVCoreMB":4096},{"name":"Standard_D16ds_v4","vCores":16,"supportedIops":20000,"supportedMemoryPerVCoreMB":4096},{"name":"Standard_D32ds_v4","vCores":32,"supportedIops":20000,"supportedMemoryPerVCoreMB":4096},{"name":"Standard_D48ds_v4","vCores":48,"supportedIops":20000,"supportedMemoryPerVCoreMB":4096},{"name":"Standard_D64ds_v4","vCores":64,"supportedIops":20000,"supportedMemoryPerVCoreMB":4096}]},{"name":"8.0.21","supportedSkus":[{"name":"Standard_D2ds_v4","vCores":2,"supportedIops":3200,"supportedMemoryPerVCoreMB":4096},{"name":"Standard_D4ds_v4","vCores":4,"supportedIops":6400,"supportedMemoryPerVCoreMB":4096},{"name":"Standard_D8ds_v4","vCores":8,"supportedIops":12800,"supportedMemoryPerVCoreMB":4096},{"name":"Standard_D16ds_v4","vCores":16,"supportedIops":20000,"supportedMemoryPerVCoreMB":4096},{"name":"Standard_D32ds_v4","vCores":32,"supportedIops":20000,"supportedMemoryPerVCoreMB":4096},{"name":"Standard_D48ds_v4","vCores":48,"supportedIops":20000,"supportedMemoryPerVCoreMB":4096},{"name":"Standard_D64ds_v4","vCores":64,"supportedIops":20000,"supportedMemoryPerVCoreMB":4096}]}]},{"name":"MemoryOptimized","supportedStorageEditions":[{"name":"Premium","minStorageSize":20480,"maxStorageSize":16777216,"minBackupRetentionDays":7,"maxBackupRetentionDays":35}],"supportedServerVersions":[{"name":"5.7","supportedSkus":[{"name":"Standard_E2ds_v4","vCores":2,"supportedIops":5000,"supportedMemoryPerVCoreMB":8192},{"name":"Standard_E4ds_v4","vCores":4,"supportedIops":10000,"supportedMemoryPerVCoreMB":8192},{"name":"Standard_E8ds_v4","vCores":8,"supportedIops":18000,"supportedMemoryPerVCoreMB":8192},{"name":"Standard_E16ds_v4","vCores":16,"supportedIops":28000,"supportedMemoryPerVCoreMB":8192},{"name":"Standard_E32ds_v4","vCores":32,"supportedIops":38000,"supportedMemoryPerVCoreMB":8192},{"name":"Standard_E48ds_v4","vCores":48,"supportedIops":48000,"supportedMemoryPerVCoreMB":8192},{"name":"Standard_E64ds_v4","vCores":64,"supportedIops":48000,"supportedMemoryPerVCoreMB":8192},{"name":"Standard_E80ids_v4","vCores":80,"supportedIops":48000,"supportedMemoryPerVCoreMB":6451},{"name":"Standard_E2ds_v5","vCores":2,"supportedIops":5000,"supportedMemoryPerVCoreMB":8192},{"name":"Standard_E4ds_v5","vCores":4,"supportedIops":10000,"supportedMemoryPerVCoreMB":8192},{"name":"Standard_E8ds_v5","vCores":8,"supportedIops":18000,"supportedMemoryPerVCoreMB":8192},{"name":"Standard_E16ds_v5","vCores":16,"supportedIops":28000,"supportedMemoryPerVCoreMB":8192},{"name":"Standard_E32ds_v5","vCores":32,"supportedIops":38000,"supportedMemoryPerVCoreMB":8192},{"name":"Standard_E48ds_v5","vCores":48,"supportedIops":48000,"supportedMemoryPerVCoreMB":8192},{"name":"Standard_E64ds_v5","vCores":64,"supportedIops":48000,"supportedMemoryPerVCoreMB":8192},{"name":"Standard_E96ds_v5","vCores":96,"supportedIops":48000,"supportedMemoryPerVCoreMB":7168}]},{"name":"8.0.21","supportedSkus":[{"name":"Standard_E2ds_v4","vCores":2,"supportedIops":5000,"supportedMemoryPerVCoreMB":8192},{"name":"Standard_E4ds_v4","vCores":4,"supportedIops":10000,"supportedMemoryPerVCoreMB":8192},{"name":"Standard_E8ds_v4","vCores":8,"supportedIops":18000,"supportedMemoryPerVCoreMB":8192},{"name":"Standard_E16ds_v4","vCores":16,"supportedIops":28000,"supportedMemoryPerVCoreMB":8192},{"name":"Standard_E32ds_v4","vCores":32,"supportedIops":38000,"supportedMemoryPerVCoreMB":8192},{"name":"Standard_E48ds_v4","vCores":48,"supportedIops":48000,"supportedMemoryPerVCoreMB":8192},{"name":"Standard_E64ds_v4","vCores":64,"supportedIops":48000,"supportedMemoryPerVCoreMB":8192},{"name":"Standard_E80ids_v4","vCores":80,"supportedIops":48000,"supportedMemoryPerVCoreMB":6451},{"name":"Standard_E2ds_v5","vCores":2,"supportedIops":5000,"supportedMemoryPerVCoreMB":8192},{"name":"Standard_E4ds_v5","vCores":4,"supportedIops":10000,"supportedMemoryPerVCoreMB":8192},{"name":"Standard_E8ds_v5","vCores":8,"supportedIops":18000,"supportedMemoryPerVCoreMB":8192},{"name":"Standard_E16ds_v5","vCores":16,"supportedIops":28000,"supportedMemoryPerVCoreMB":8192},{"name":"Standard_E32ds_v5","vCores":32,"supportedIops":38000,"supportedMemoryPerVCoreMB":8192},{"name":"Standard_E48ds_v5","vCores":48,"supportedIops":48000,"supportedMemoryPerVCoreMB":8192},{"name":"Standard_E64ds_v5","vCores":64,"supportedIops":48000,"supportedMemoryPerVCoreMB":8192},{"name":"Standard_E96ds_v5","vCores":96,"supportedIops":48000,"supportedMemoryPerVCoreMB":7168}]}]}]},{"zone":"1","supportedHAMode":["SameZone","ZoneRedundant"],"supportedGeoBackupRegions":["westeurope"],"supportedFlexibleServerEditions":[{"name":"Burstable","supportedStorageEditions":[{"name":"Premium","minStorageSize":20480,"maxStorageSize":16777216,"minBackupRetentionDays":7,"maxBackupRetentionDays":35}],"supportedServerVersions":[{"name":"5.7","supportedSkus":[{"name":"Standard_B1s","vCores":1,"supportedIops":400,"supportedMemoryPerVCoreMB":1024},{"name":"Standard_B1ms","vCores":1,"supportedIops":640,"supportedMemoryPerVCoreMB":2048},{"name":"Standard_B2s","vCores":2,"supportedIops":1280,"supportedMemoryPerVCoreMB":2048},{"name":"Standard_B2ms","vCores":2,"supportedIops":1700,"supportedMemoryPerVCoreMB":4096},{"name":"Standard_B4ms","vCores":4,"supportedIops":2400,"supportedMemoryPerVCoreMB":4096},{"name":"Standard_B8ms","vCores":8,"supportedIops":3100,"supportedMemoryPerVCoreMB":4096},{"name":"Standard_B12ms","vCores":12,"supportedIops":3800,"supportedMemoryPerVCoreMB":4096},{"name":"Standard_B16ms","vCores":16,"supportedIops":4300,"supportedMemoryPerVCoreMB":4096},{"name":"Standard_B20ms","vCores":20,"supportedIops":5000,"supportedMemoryPerVCoreMB":4096}]},{"name":"8.0.21","supportedSkus":[{"name":"Standard_B1s","vCores":1,"supportedIops":400,"supportedMemoryPerVCoreMB":1024},{"name":"Standard_B1ms","vCores":1,"supportedIops":640,"supportedMemoryPerVCoreMB":2048},{"name":"Standard_B2s","vCores":2,"supportedIops":1280,"supportedMemoryPerVCoreMB":2048},{"name":"Standard_B2ms","vCores":2,"supportedIops":1700,"supportedMemoryPerVCoreMB":4096},{"name":"Standard_B4ms","vCores":4,"supportedIops":2400,"supportedMemoryPerVCoreMB":4096},{"name":"Standard_B8ms","vCores":8,"supportedIops":3100,"supportedMemoryPerVCoreMB":4096},{"name":"Standard_B12ms","vCores":12,"supportedIops":3800,"supportedMemoryPerVCoreMB":4096},{"name":"Standard_B16ms","vCores":16,"supportedIops":4300,"supportedMemoryPerVCoreMB":4096},{"name":"Standard_B20ms","vCores":20,"supportedIops":5000,"supportedMemoryPerVCoreMB":4096}]}]},{"name":"GeneralPurpose","supportedStorageEditions":[{"name":"Premium","minStorageSize":20480,"maxStorageSize":16777216,"minBackupRetentionDays":7,"maxBackupRetentionDays":35}],"supportedServerVersions":[{"name":"5.7","supportedSkus":[{"name":"Standard_D2ds_v4","vCores":2,"supportedIops":3200,"supportedMemoryPerVCoreMB":4096},{"name":"Standard_D4ds_v4","vCores":4,"supportedIops":6400,"supportedMemoryPerVCoreMB":4096},{"name":"Standard_D8ds_v4","vCores":8,"supportedIops":12800,"supportedMemoryPerVCoreMB":4096},{"name":"Standard_D16ds_v4","vCores":16,"supportedIops":20000,"supportedMemoryPerVCoreMB":4096},{"name":"Standard_D32ds_v4","vCores":32,"supportedIops":20000,"supportedMemoryPerVCoreMB":4096},{"name":"Standard_D48ds_v4","vCores":48,"supportedIops":20000,"supportedMemoryPerVCoreMB":4096},{"name":"Standard_D64ds_v4","vCores":64,"supportedIops":20000,"supportedMemoryPerVCoreMB":4096}]},{"name":"8.0.21","supportedSkus":[{"name":"Standard_D2ds_v4","vCores":2,"supportedIops":3200,"supportedMemoryPerVCoreMB":4096},{"name":"Standard_D4ds_v4","vCores":4,"supportedIops":6400,"supportedMemoryPerVCoreMB":4096},{"name":"Standard_D8ds_v4","vCores":8,"supportedIops":12800,"supportedMemoryPerVCoreMB":4096},{"name":"Standard_D16ds_v4","vCores":16,"supportedIops":20000,"supportedMemoryPerVCoreMB":4096},{"name":"Standard_D32ds_v4","vCores":32,"supportedIops":20000,"supportedMemoryPerVCoreMB":4096},{"name":"Standard_D48ds_v4","vCores":48,"supportedIops":20000,"supportedMemoryPerVCoreMB":4096},{"name":"Standard_D64ds_v4","vCores":64,"supportedIops":20000,"supportedMemoryPerVCoreMB":4096}]}]},{"name":"MemoryOptimized","supportedStorageEditions":[{"name":"Premium","minStorageSize":20480,"maxStorageSize":16777216,"minBackupRetentionDays":7,"maxBackupRetentionDays":35}],"supportedServerVersions":[{"name":"5.7","supportedSkus":[{"name":"Standard_E2ds_v4","vCores":2,"supportedIops":5000,"supportedMemoryPerVCoreMB":8192},{"name":"Standard_E4ds_v4","vCores":4,"supportedIops":10000,"supportedMemoryPerVCoreMB":8192},{"name":"Standard_E8ds_v4","vCores":8,"supportedIops":18000,"supportedMemoryPerVCoreMB":8192},{"name":"Standard_E16ds_v4","vCores":16,"supportedIops":28000,"supportedMemoryPerVCoreMB":8192},{"name":"Standard_E32ds_v4","vCores":32,"supportedIops":38000,"supportedMemoryPerVCoreMB":8192},{"name":"Standard_E48ds_v4","vCores":48,"supportedIops":48000,"supportedMemoryPerVCoreMB":8192},{"name":"Standard_E64ds_v4","vCores":64,"supportedIops":48000,"supportedMemoryPerVCoreMB":8192},{"name":"Standard_E80ids_v4","vCores":80,"supportedIops":48000,"supportedMemoryPerVCoreMB":6451},{"name":"Standard_E2ds_v5","vCores":2,"supportedIops":5000,"supportedMemoryPerVCoreMB":8192},{"name":"Standard_E4ds_v5","vCores":4,"supportedIops":10000,"supportedMemoryPerVCoreMB":8192},{"name":"Standard_E8ds_v5","vCores":8,"supportedIops":18000,"supportedMemoryPerVCoreMB":8192},{"name":"Standard_E16ds_v5","vCores":16,"supportedIops":28000,"supportedMemoryPerVCoreMB":8192},{"name":"Standard_E32ds_v5","vCores":32,"supportedIops":38000,"supportedMemoryPerVCoreMB":8192},{"name":"Standard_E48ds_v5","vCores":48,"supportedIops":48000,"supportedMemoryPerVCoreMB":8192},{"name":"Standard_E64ds_v5","vCores":64,"supportedIops":48000,"supportedMemoryPerVCoreMB":8192},{"name":"Standard_E96ds_v5","vCores":96,"supportedIops":48000,"supportedMemoryPerVCoreMB":7168}]},{"name":"8.0.21","supportedSkus":[{"name":"Standard_E2ds_v4","vCores":2,"supportedIops":5000,"supportedMemoryPerVCoreMB":8192},{"name":"Standard_E4ds_v4","vCores":4,"supportedIops":10000,"supportedMemoryPerVCoreMB":8192},{"name":"Standard_E8ds_v4","vCores":8,"supportedIops":18000,"supportedMemoryPerVCoreMB":8192},{"name":"Standard_E16ds_v4","vCores":16,"supportedIops":28000,"supportedMemoryPerVCoreMB":8192},{"name":"Standard_E32ds_v4","vCores":32,"supportedIops":38000,"supportedMemoryPerVCoreMB":8192},{"name":"Standard_E48ds_v4","vCores":48,"supportedIops":48000,"supportedMemoryPerVCoreMB":8192},{"name":"Standard_E64ds_v4","vCores":64,"supportedIops":48000,"supportedMemoryPerVCoreMB":8192},{"name":"Standard_E80ids_v4","vCores":80,"supportedIops":48000,"supportedMemoryPerVCoreMB":6451},{"name":"Standard_E2ds_v5","vCores":2,"supportedIops":5000,"supportedMemoryPerVCoreMB":8192},{"name":"Standard_E4ds_v5","vCores":4,"supportedIops":10000,"supportedMemoryPerVCoreMB":8192},{"name":"Standard_E8ds_v5","vCores":8,"supportedIops":18000,"supportedMemoryPerVCoreMB":8192},{"name":"Standard_E16ds_v5","vCores":16,"supportedIops":28000,"supportedMemoryPerVCoreMB":8192},{"name":"Standard_E32ds_v5","vCores":32,"supportedIops":38000,"supportedMemoryPerVCoreMB":8192},{"name":"Standard_E48ds_v5","vCores":48,"supportedIops":48000,"supportedMemoryPerVCoreMB":8192},{"name":"Standard_E64ds_v5","vCores":64,"supportedIops":48000,"supportedMemoryPerVCoreMB":8192},{"name":"Standard_E96ds_v5","vCores":96,"supportedIops":48000,"supportedMemoryPerVCoreMB":7168}]}]}]},{"zone":"2","supportedHAMode":["SameZone","ZoneRedundant"],"supportedGeoBackupRegions":["westeurope"],"supportedFlexibleServerEditions":[{"name":"Burstable","supportedStorageEditions":[{"name":"Premium","minStorageSize":20480,"maxStorageSize":16777216,"minBackupRetentionDays":7,"maxBackupRetentionDays":35}],"supportedServerVersions":[{"name":"5.7","supportedSkus":[{"name":"Standard_B1s","vCores":1,"supportedIops":400,"supportedMemoryPerVCoreMB":1024},{"name":"Standard_B1ms","vCores":1,"supportedIops":640,"supportedMemoryPerVCoreMB":2048},{"name":"Standard_B2s","vCores":2,"supportedIops":1280,"supportedMemoryPerVCoreMB":2048},{"name":"Standard_B2ms","vCores":2,"supportedIops":1700,"supportedMemoryPerVCoreMB":4096},{"name":"Standard_B4ms","vCores":4,"supportedIops":2400,"supportedMemoryPerVCoreMB":4096},{"name":"Standard_B8ms","vCores":8,"supportedIops":3100,"supportedMemoryPerVCoreMB":4096},{"name":"Standard_B12ms","vCores":12,"supportedIops":3800,"supportedMemoryPerVCoreMB":4096},{"name":"Standard_B16ms","vCores":16,"supportedIops":4300,"supportedMemoryPerVCoreMB":4096},{"name":"Standard_B20ms","vCores":20,"supportedIops":5000,"supportedMemoryPerVCoreMB":4096}]},{"name":"8.0.21","supportedSkus":[{"name":"Standard_B1s","vCores":1,"supportedIops":400,"supportedMemoryPerVCoreMB":1024},{"name":"Standard_B1ms","vCores":1,"supportedIops":640,"supportedMemoryPerVCoreMB":2048},{"name":"Standard_B2s","vCores":2,"supportedIops":1280,"supportedMemoryPerVCoreMB":2048},{"name":"Standard_B2ms","vCores":2,"supportedIops":1700,"supportedMemoryPerVCoreMB":4096},{"name":"Standard_B4ms","vCores":4,"supportedIops":2400,"supportedMemoryPerVCoreMB":4096},{"name":"Standard_B8ms","vCores":8,"supportedIops":3100,"supportedMemoryPerVCoreMB":4096},{"name":"Standard_B12ms","vCores":12,"supportedIops":3800,"supportedMemoryPerVCoreMB":4096},{"name":"Standard_B16ms","vCores":16,"supportedIops":4300,"supportedMemoryPerVCoreMB":4096},{"name":"Standard_B20ms","vCores":20,"supportedIops":5000,"supportedMemoryPerVCoreMB":4096}]}]},{"name":"GeneralPurpose","supportedStorageEditions":[{"name":"Premium","minStorageSize":20480,"maxStorageSize":16777216,"minBackupRetentionDays":7,"maxBackupRetentionDays":35}],"supportedServerVersions":[{"name":"5.7","supportedSkus":[{"name":"Standard_D2ds_v4","vCores":2,"supportedIops":3200,"supportedMemoryPerVCoreMB":4096},{"name":"Standard_D4ds_v4","vCores":4,"supportedIops":6400,"supportedMemoryPerVCoreMB":4096},{"name":"Standard_D8ds_v4","vCores":8,"supportedIops":12800,"supportedMemoryPerVCoreMB":4096},{"name":"Standard_D16ds_v4","vCores":16,"supportedIops":20000,"supportedMemoryPerVCoreMB":4096},{"name":"Standard_D32ds_v4","vCores":32,"supportedIops":20000,"supportedMemoryPerVCoreMB":4096},{"name":"Standard_D48ds_v4","vCores":48,"supportedIops":20000,"supportedMemoryPerVCoreMB":4096},{"name":"Standard_D64ds_v4","vCores":64,"supportedIops":20000,"supportedMemoryPerVCoreMB":4096}]},{"name":"8.0.21","supportedSkus":[{"name":"Standard_D2ds_v4","vCores":2,"supportedIops":3200,"supportedMemoryPerVCoreMB":4096},{"name":"Standard_D4ds_v4","vCores":4,"supportedIops":6400,"supportedMemoryPerVCoreMB":4096},{"name":"Standard_D8ds_v4","vCores":8,"supportedIops":12800,"supportedMemoryPerVCoreMB":4096},{"name":"Standard_D16ds_v4","vCores":16,"supportedIops":20000,"supportedMemoryPerVCoreMB":4096},{"name":"Standard_D32ds_v4","vCores":32,"supportedIops":20000,"supportedMemoryPerVCoreMB":4096},{"name":"Standard_D48ds_v4","vCores":48,"supportedIops":20000,"supportedMemoryPerVCoreMB":4096},{"name":"Standard_D64ds_v4","vCores":64,"supportedIops":20000,"supportedMemoryPerVCoreMB":4096}]}]},{"name":"MemoryOptimized","supportedStorageEditions":[{"name":"Premium","minStorageSize":20480,"maxStorageSize":16777216,"minBackupRetentionDays":7,"maxBackupRetentionDays":35}],"supportedServerVersions":[{"name":"5.7","supportedSkus":[{"name":"Standard_E2ds_v4","vCores":2,"supportedIops":5000,"supportedMemoryPerVCoreMB":8192},{"name":"Standard_E4ds_v4","vCores":4,"supportedIops":10000,"supportedMemoryPerVCoreMB":8192},{"name":"Standard_E8ds_v4","vCores":8,"supportedIops":18000,"supportedMemoryPerVCoreMB":8192},{"name":"Standard_E16ds_v4","vCores":16,"supportedIops":28000,"supportedMemoryPerVCoreMB":8192},{"name":"Standard_E32ds_v4","vCores":32,"supportedIops":38000,"supportedMemoryPerVCoreMB":8192},{"name":"Standard_E48ds_v4","vCores":48,"supportedIops":48000,"supportedMemoryPerVCoreMB":8192},{"name":"Standard_E64ds_v4","vCores":64,"supportedIops":48000,"supportedMemoryPerVCoreMB":8192},{"name":"Standard_E80ids_v4","vCores":80,"supportedIops":48000,"supportedMemoryPerVCoreMB":6451},{"name":"Standard_E2ds_v5","vCores":2,"supportedIops":5000,"supportedMemoryPerVCoreMB":8192},{"name":"Standard_E4ds_v5","vCores":4,"supportedIops":10000,"supportedMemoryPerVCoreMB":8192},{"name":"Standard_E8ds_v5","vCores":8,"supportedIops":18000,"supportedMemoryPerVCoreMB":8192},{"name":"Standard_E16ds_v5","vCores":16,"supportedIops":28000,"supportedMemoryPerVCoreMB":8192},{"name":"Standard_E32ds_v5","vCores":32,"supportedIops":38000,"supportedMemoryPerVCoreMB":8192},{"name":"Standard_E48ds_v5","vCores":48,"supportedIops":48000,"supportedMemoryPerVCoreMB":8192},{"name":"Standard_E64ds_v5","vCores":64,"supportedIops":48000,"supportedMemoryPerVCoreMB":8192},{"name":"Standard_E96ds_v5","vCores":96,"supportedIops":48000,"supportedMemoryPerVCoreMB":7168}]},{"name":"8.0.21","supportedSkus":[{"name":"Standard_E2ds_v4","vCores":2,"supportedIops":5000,"supportedMemoryPerVCoreMB":8192},{"name":"Standard_E4ds_v4","vCores":4,"supportedIops":10000,"supportedMemoryPerVCoreMB":8192},{"name":"Standard_E8ds_v4","vCores":8,"supportedIops":18000,"supportedMemoryPerVCoreMB":8192},{"name":"Standard_E16ds_v4","vCores":16,"supportedIops":28000,"supportedMemoryPerVCoreMB":8192},{"name":"Standard_E32ds_v4","vCores":32,"supportedIops":38000,"supportedMemoryPerVCoreMB":8192},{"name":"Standard_E48ds_v4","vCores":48,"supportedIops":48000,"supportedMemoryPerVCoreMB":8192},{"name":"Standard_E64ds_v4","vCores":64,"supportedIops":48000,"supportedMemoryPerVCoreMB":8192},{"name":"Standard_E80ids_v4","vCores":80,"supportedIops":48000,"supportedMemoryPerVCoreMB":6451},{"name":"Standard_E2ds_v5","vCores":2,"supportedIops":5000,"supportedMemoryPerVCoreMB":8192},{"name":"Standard_E4ds_v5","vCores":4,"supportedIops":10000,"supportedMemoryPerVCoreMB":8192},{"name":"Standard_E8ds_v5","vCores":8,"supportedIops":18000,"supportedMemoryPerVCoreMB":8192},{"name":"Standard_E16ds_v5","vCores":16,"supportedIops":28000,"supportedMemoryPerVCoreMB":8192},{"name":"Standard_E32ds_v5","vCores":32,"supportedIops":38000,"supportedMemoryPerVCoreMB":8192},{"name":"Standard_E48ds_v5","vCores":48,"supportedIops":48000,"supportedMemoryPerVCoreMB":8192},{"name":"Standard_E64ds_v5","vCores":64,"supportedIops":48000,"supportedMemoryPerVCoreMB":8192},{"name":"Standard_E96ds_v5","vCores":96,"supportedIops":48000,"supportedMemoryPerVCoreMB":7168}]}]}]},{"zone":"3","supportedHAMode":["SameZone","ZoneRedundant"],"supportedGeoBackupRegions":["westeurope"],"supportedFlexibleServerEditions":[{"name":"Burstable","supportedStorageEditions":[{"name":"Premium","minStorageSize":20480,"maxStorageSize":16777216,"minBackupRetentionDays":7,"maxBackupRetentionDays":35}],"supportedServerVersions":[{"name":"5.7","supportedSkus":[{"name":"Standard_B1s","vCores":1,"supportedIops":400,"supportedMemoryPerVCoreMB":1024},{"name":"Standard_B1ms","vCores":1,"supportedIops":640,"supportedMemoryPerVCoreMB":2048},{"name":"Standard_B2s","vCores":2,"supportedIops":1280,"supportedMemoryPerVCoreMB":2048},{"name":"Standard_B2ms","vCores":2,"supportedIops":1700,"supportedMemoryPerVCoreMB":4096},{"name":"Standard_B4ms","vCores":4,"supportedIops":2400,"supportedMemoryPerVCoreMB":4096},{"name":"Standard_B8ms","vCores":8,"supportedIops":3100,"supportedMemoryPerVCoreMB":4096},{"name":"Standard_B12ms","vCores":12,"supportedIops":3800,"supportedMemoryPerVCoreMB":4096},{"name":"Standard_B16ms","vCores":16,"supportedIops":4300,"supportedMemoryPerVCoreMB":4096},{"name":"Standard_B20ms","vCores":20,"supportedIops":5000,"supportedMemoryPerVCoreMB":4096}]},{"name":"8.0.21","supportedSkus":[{"name":"Standard_B1s","vCores":1,"supportedIops":400,"supportedMemoryPerVCoreMB":1024},{"name":"Standard_B1ms","vCores":1,"supportedIops":640,"supportedMemoryPerVCoreMB":2048},{"name":"Standard_B2s","vCores":2,"supportedIops":1280,"supportedMemoryPerVCoreMB":2048},{"name":"Standard_B2ms","vCores":2,"supportedIops":1700,"supportedMemoryPerVCoreMB":4096},{"name":"Standard_B4ms","vCores":4,"supportedIops":2400,"supportedMemoryPerVCoreMB":4096},{"name":"Standard_B8ms","vCores":8,"supportedIops":3100,"supportedMemoryPerVCoreMB":4096},{"name":"Standard_B12ms","vCores":12,"supportedIops":3800,"supportedMemoryPerVCoreMB":4096},{"name":"Standard_B16ms","vCores":16,"supportedIops":4300,"supportedMemoryPerVCoreMB":4096},{"name":"Standard_B20ms","vCores":20,"supportedIops":5000,"supportedMemoryPerVCoreMB":4096}]}]},{"name":"GeneralPurpose","supportedStorageEditions":[{"name":"Premium","minStorageSize":20480,"maxStorageSize":16777216,"minBackupRetentionDays":7,"maxBackupRetentionDays":35}],"supportedServerVersions":[{"name":"5.7","supportedSkus":[{"name":"Standard_D2ds_v4","vCores":2,"supportedIops":3200,"supportedMemoryPerVCoreMB":4096},{"name":"Standard_D4ds_v4","vCores":4,"supportedIops":6400,"supportedMemoryPerVCoreMB":4096},{"name":"Standard_D8ds_v4","vCores":8,"supportedIops":12800,"supportedMemoryPerVCoreMB":4096},{"name":"Standard_D16ds_v4","vCores":16,"supportedIops":20000,"supportedMemoryPerVCoreMB":4096},{"name":"Standard_D32ds_v4","vCores":32,"supportedIops":20000,"supportedMemoryPerVCoreMB":4096},{"name":"Standard_D48ds_v4","vCores":48,"supportedIops":20000,"supportedMemoryPerVCoreMB":4096},{"name":"Standard_D64ds_v4","vCores":64,"supportedIops":20000,"supportedMemoryPerVCoreMB":4096}]},{"name":"8.0.21","supportedSkus":[{"name":"Standard_D2ds_v4","vCores":2,"supportedIops":3200,"supportedMemoryPerVCoreMB":4096},{"name":"Standard_D4ds_v4","vCores":4,"supportedIops":6400,"supportedMemoryPerVCoreMB":4096},{"name":"Standard_D8ds_v4","vCores":8,"supportedIops":12800,"supportedMemoryPerVCoreMB":4096},{"name":"Standard_D16ds_v4","vCores":16,"supportedIops":20000,"supportedMemoryPerVCoreMB":4096},{"name":"Standard_D32ds_v4","vCores":32,"supportedIops":20000,"supportedMemoryPerVCoreMB":4096},{"name":"Standard_D48ds_v4","vCores":48,"supportedIops":20000,"supportedMemoryPerVCoreMB":4096},{"name":"Standard_D64ds_v4","vCores":64,"supportedIops":20000,"supportedMemoryPerVCoreMB":4096}]}]},{"name":"MemoryOptimized","supportedStorageEditions":[{"name":"Premium","minStorageSize":20480,"maxStorageSize":16777216,"minBackupRetentionDays":7,"maxBackupRetentionDays":35}],"supportedServerVersions":[{"name":"5.7","supportedSkus":[{"name":"Standard_E2ds_v4","vCores":2,"supportedIops":5000,"supportedMemoryPerVCoreMB":8192},{"name":"Standard_E4ds_v4","vCores":4,"supportedIops":10000,"supportedMemoryPerVCoreMB":8192},{"name":"Standard_E8ds_v4","vCores":8,"supportedIops":18000,"supportedMemoryPerVCoreMB":8192},{"name":"Standard_E16ds_v4","vCores":16,"supportedIops":28000,"supportedMemoryPerVCoreMB":8192},{"name":"Standard_E32ds_v4","vCores":32,"supportedIops":38000,"supportedMemoryPerVCoreMB":8192},{"name":"Standard_E48ds_v4","vCores":48,"supportedIops":48000,"supportedMemoryPerVCoreMB":8192},{"name":"Standard_E64ds_v4","vCores":64,"supportedIops":48000,"supportedMemoryPerVCoreMB":8192},{"name":"Standard_E80ids_v4","vCores":80,"supportedIops":48000,"supportedMemoryPerVCoreMB":6451},{"name":"Standard_E2ds_v5","vCores":2,"supportedIops":5000,"supportedMemoryPerVCoreMB":8192},{"name":"Standard_E4ds_v5","vCores":4,"supportedIops":10000,"supportedMemoryPerVCoreMB":8192},{"name":"Standard_E8ds_v5","vCores":8,"supportedIops":18000,"supportedMemoryPerVCoreMB":8192},{"name":"Standard_E16ds_v5","vCores":16,"supportedIops":28000,"supportedMemoryPerVCoreMB":8192},{"name":"Standard_E32ds_v5","vCores":32,"supportedIops":38000,"supportedMemoryPerVCoreMB":8192},{"name":"Standard_E48ds_v5","vCores":48,"supportedIops":48000,"supportedMemoryPerVCoreMB":8192},{"name":"Standard_E64ds_v5","vCores":64,"supportedIops":48000,"supportedMemoryPerVCoreMB":8192},{"name":"Standard_E96ds_v5","vCores":96,"supportedIops":48000,"supportedMemoryPerVCoreMB":7168}]},{"name":"8.0.21","supportedSkus":[{"name":"Standard_E2ds_v4","vCores":2,"supportedIops":5000,"supportedMemoryPerVCoreMB":8192},{"name":"Standard_E4ds_v4","vCores":4,"supportedIops":10000,"supportedMemoryPerVCoreMB":8192},{"name":"Standard_E8ds_v4","vCores":8,"supportedIops":18000,"supportedMemoryPerVCoreMB":8192},{"name":"Standard_E16ds_v4","vCores":16,"supportedIops":28000,"supportedMemoryPerVCoreMB":8192},{"name":"Standard_E32ds_v4","vCores":32,"supportedIops":38000,"supportedMemoryPerVCoreMB":8192},{"name":"Standard_E48ds_v4","vCores":48,"supportedIops":48000,"supportedMemoryPerVCoreMB":8192},{"name":"Standard_E64ds_v4","vCores":64,"supportedIops":48000,"supportedMemoryPerVCoreMB":8192},{"name":"Standard_E80ids_v4","vCores":80,"supportedIops":48000,"supportedMemoryPerVCoreMB":6451},{"name":"Standard_E2ds_v5","vCores":2,"supportedIops":5000,"supportedMemoryPerVCoreMB":8192},{"name":"Standard_E4ds_v5","vCores":4,"supportedIops":10000,"supportedMemoryPerVCoreMB":8192},{"name":"Standard_E8ds_v5","vCores":8,"supportedIops":18000,"supportedMemoryPerVCoreMB":8192},{"name":"Standard_E16ds_v5","vCores":16,"supportedIops":28000,"supportedMemoryPerVCoreMB":8192},{"name":"Standard_E32ds_v5","vCores":32,"supportedIops":38000,"supportedMemoryPerVCoreMB":8192},{"name":"Standard_E48ds_v5","vCores":48,"supportedIops":48000,"supportedMemoryPerVCoreMB":8192},{"name":"Standard_E64ds_v5","vCores":64,"supportedIops":48000,"supportedMemoryPerVCoreMB":8192},{"name":"Standard_E96ds_v5","vCores":96,"supportedIops":48000,"supportedMemoryPerVCoreMB":7168}]}]}]}]}'
    headers:
      cache-control:
      - no-cache
      content-length:
      - '27846'
      content-type:
      - application/json; charset=utf-8
      date:
      - Tue, 16 Aug 2022 02:37:32 GMT
      expires:
      - '-1'
      pragma:
      - no-cache
      server:
      - Microsoft-HTTPAPI/2.0
      strict-transport-security:
      - max-age=31536000; includeSubDomains
      transfer-encoding:
      - chunked
      vary:
      - Accept-Encoding
      x-content-type-options:
      - nosniff
    status:
      code: 200
      message: OK
- request:
    body: '{"location": "northeurope", "sku": {"name": "Standard_B1ms", "tier": "Burstable"},
      "properties": {"administratorLogin": "levelhamster4", "administratorLoginPassword":
      "t6u97oMSs_BW9da6KyykCw", "version": "5.7", "createMode": "Create", "storage":
      {"storageSizeGB": 32, "iops": 396, "autoGrow": "Enabled"}, "backup": {"backupRetentionDays":
      7, "geoRedundantBackup": "Disabled"}, "highAvailability": {"mode": "Disabled"},
      "network": {}}}'
    headers:
      Accept:
      - application/json
      Accept-Encoding:
      - gzip, deflate
      CommandName:
      - mysql flexible-server create
      Connection:
      - keep-alive
      Content-Length:
      - '434'
      Content-Type:
      - application/json
      ParameterSetName:
      - -l -g -n --public-access
      User-Agent:
      - AZURECLI/2.39.0 azsdk-python-mgmt-rdbms/10.2.0b3 Python/3.8.10 (Linux-5.10.102.1-microsoft-standard-WSL2-x86_64-with-glibc2.29)
    method: PUT
    uri: https://management.azure.com/subscriptions/00000000-0000-0000-0000-000000000000/resourceGroups/clitest.rg000001/providers/Microsoft.DBforMySQL/flexibleServers/azuredbclitest-000002?api-version=2021-12-01-preview
  response:
    body:
      string: '{"operation":"UpsertServerManagementOperationV2","startTime":"2022-08-16T02:37:37.653Z"}'
    headers:
      azure-asyncoperation:
      - https://management.azure.com/subscriptions/00000000-0000-0000-0000-000000000000/providers/Microsoft.DBforMySQL/locations/northeurope/azureAsyncOperation/fcf60b25-999d-4ab0-a834-ea33b6acbd19?api-version=2021-12-01-preview
      cache-control:
      - no-cache
      content-length:
      - '88'
      content-type:
      - application/json; charset=utf-8
      date:
      - Tue, 16 Aug 2022 02:37:37 GMT
      expires:
      - '-1'
      location:
      - https://management.azure.com/subscriptions/00000000-0000-0000-0000-000000000000/providers/Microsoft.DBforMySQL/locations/northeurope/operationResults/fcf60b25-999d-4ab0-a834-ea33b6acbd19?api-version=2021-12-01-preview
      pragma:
      - no-cache
      server:
      - Microsoft-HTTPAPI/2.0
      strict-transport-security:
      - max-age=31536000; includeSubDomains
      x-content-type-options:
      - nosniff
      x-ms-ratelimit-remaining-subscription-writes:
      - '1199'
    status:
      code: 202
      message: Accepted
- request:
    body: null
    headers:
      Accept:
      - '*/*'
      Accept-Encoding:
      - gzip, deflate
      CommandName:
      - mysql flexible-server create
      Connection:
      - keep-alive
      ParameterSetName:
      - -l -g -n --public-access
      User-Agent:
      - AZURECLI/2.39.0 azsdk-python-mgmt-rdbms/10.2.0b3 Python/3.8.10 (Linux-5.10.102.1-microsoft-standard-WSL2-x86_64-with-glibc2.29)
    method: GET
    uri: https://management.azure.com/subscriptions/00000000-0000-0000-0000-000000000000/providers/Microsoft.DBforMySQL/locations/northeurope/azureAsyncOperation/fcf60b25-999d-4ab0-a834-ea33b6acbd19?api-version=2021-12-01-preview
  response:
    body:
      string: '{"name":"fcf60b25-999d-4ab0-a834-ea33b6acbd19","status":"InProgress","startTime":"2022-08-16T02:37:37.653Z"}'
    headers:
      cache-control:
      - no-cache
      content-length:
      - '108'
      content-type:
      - application/json; charset=utf-8
      date:
      - Tue, 16 Aug 2022 02:38:38 GMT
      expires:
      - '-1'
      pragma:
      - no-cache
      server:
      - Microsoft-HTTPAPI/2.0
      strict-transport-security:
      - max-age=31536000; includeSubDomains
      transfer-encoding:
      - chunked
      vary:
      - Accept-Encoding
      x-content-type-options:
      - nosniff
    status:
      code: 200
      message: OK
- request:
    body: null
    headers:
      Accept:
      - '*/*'
      Accept-Encoding:
      - gzip, deflate
      CommandName:
      - mysql flexible-server create
      Connection:
      - keep-alive
      ParameterSetName:
      - -l -g -n --public-access
      User-Agent:
      - AZURECLI/2.39.0 azsdk-python-mgmt-rdbms/10.2.0b3 Python/3.8.10 (Linux-5.10.102.1-microsoft-standard-WSL2-x86_64-with-glibc2.29)
    method: GET
    uri: https://management.azure.com/subscriptions/00000000-0000-0000-0000-000000000000/providers/Microsoft.DBforMySQL/locations/northeurope/azureAsyncOperation/fcf60b25-999d-4ab0-a834-ea33b6acbd19?api-version=2021-12-01-preview
  response:
    body:
      string: '{"name":"fcf60b25-999d-4ab0-a834-ea33b6acbd19","status":"InProgress","startTime":"2022-08-16T02:37:37.653Z"}'
    headers:
      cache-control:
      - no-cache
      content-length:
      - '108'
      content-type:
      - application/json; charset=utf-8
      date:
      - Tue, 16 Aug 2022 02:39:38 GMT
      expires:
      - '-1'
      pragma:
      - no-cache
      server:
      - Microsoft-HTTPAPI/2.0
      strict-transport-security:
      - max-age=31536000; includeSubDomains
      transfer-encoding:
      - chunked
      vary:
      - Accept-Encoding
      x-content-type-options:
      - nosniff
    status:
      code: 200
      message: OK
- request:
    body: null
    headers:
      Accept:
      - '*/*'
      Accept-Encoding:
      - gzip, deflate
      CommandName:
      - mysql flexible-server create
      Connection:
      - keep-alive
      ParameterSetName:
      - -l -g -n --public-access
      User-Agent:
      - AZURECLI/2.39.0 azsdk-python-mgmt-rdbms/10.2.0b3 Python/3.8.10 (Linux-5.10.102.1-microsoft-standard-WSL2-x86_64-with-glibc2.29)
    method: GET
    uri: https://management.azure.com/subscriptions/00000000-0000-0000-0000-000000000000/providers/Microsoft.DBforMySQL/locations/northeurope/azureAsyncOperation/fcf60b25-999d-4ab0-a834-ea33b6acbd19?api-version=2021-12-01-preview
  response:
    body:
      string: '{"name":"fcf60b25-999d-4ab0-a834-ea33b6acbd19","status":"InProgress","startTime":"2022-08-16T02:37:37.653Z"}'
    headers:
      cache-control:
      - no-cache
      content-length:
      - '108'
      content-type:
      - application/json; charset=utf-8
      date:
      - Tue, 16 Aug 2022 02:40:39 GMT
      expires:
      - '-1'
      pragma:
      - no-cache
      server:
      - Microsoft-HTTPAPI/2.0
      strict-transport-security:
      - max-age=31536000; includeSubDomains
      transfer-encoding:
      - chunked
      vary:
      - Accept-Encoding
      x-content-type-options:
      - nosniff
    status:
      code: 200
      message: OK
- request:
    body: null
    headers:
      Accept:
      - '*/*'
      Accept-Encoding:
      - gzip, deflate
      CommandName:
      - mysql flexible-server create
      Connection:
      - keep-alive
      ParameterSetName:
      - -l -g -n --public-access
      User-Agent:
      - AZURECLI/2.39.0 azsdk-python-mgmt-rdbms/10.2.0b3 Python/3.8.10 (Linux-5.10.102.1-microsoft-standard-WSL2-x86_64-with-glibc2.29)
    method: GET
    uri: https://management.azure.com/subscriptions/00000000-0000-0000-0000-000000000000/providers/Microsoft.DBforMySQL/locations/northeurope/azureAsyncOperation/fcf60b25-999d-4ab0-a834-ea33b6acbd19?api-version=2021-12-01-preview
  response:
    body:
      string: '{"name":"fcf60b25-999d-4ab0-a834-ea33b6acbd19","status":"Succeeded","startTime":"2022-08-16T02:37:37.653Z"}'
    headers:
      cache-control:
      - no-cache
      content-length:
      - '107'
      content-type:
      - application/json; charset=utf-8
      date:
      - Tue, 16 Aug 2022 02:41:40 GMT
      expires:
      - '-1'
      pragma:
      - no-cache
      server:
      - Microsoft-HTTPAPI/2.0
      strict-transport-security:
      - max-age=31536000; includeSubDomains
      transfer-encoding:
      - chunked
      vary:
      - Accept-Encoding
      x-content-type-options:
      - nosniff
    status:
      code: 200
      message: OK
- request:
    body: null
    headers:
      Accept:
      - '*/*'
      Accept-Encoding:
      - gzip, deflate
      CommandName:
      - mysql flexible-server create
      Connection:
      - keep-alive
      ParameterSetName:
      - -l -g -n --public-access
      User-Agent:
      - AZURECLI/2.39.0 azsdk-python-mgmt-rdbms/10.2.0b3 Python/3.8.10 (Linux-5.10.102.1-microsoft-standard-WSL2-x86_64-with-glibc2.29)
    method: GET
    uri: https://management.azure.com/subscriptions/00000000-0000-0000-0000-000000000000/resourceGroups/clitest.rg000001/providers/Microsoft.DBforMySQL/flexibleServers/azuredbclitest-000002?api-version=2021-12-01-preview
  response:
    body:
      string: '{"sku":{"name":"Standard_B1ms","tier":"Burstable"},"systemData":{"createdAt":"2022-08-16T02:37:39.2480784Z"},"properties":{"administratorLogin":"levelhamster4","storage":{"storageSizeGB":32,"iops":396,"autoGrow":"Enabled","storageSku":"Premium_LRS"},"version":"5.7","state":"Ready","fullyQualifiedDomainName":"azuredbclitest-000002.mysql.database.azure.com","availabilityZone":"3","maintenanceWindow":{"customWindow":"Disabled","dayOfWeek":0,"startHour":0,"startMinute":0},"replicationRole":"None","replicaCapacity":10,"network":{"publicNetworkAccess":"Enabled"},"backup":{"backupRetentionDays":7,"geoRedundantBackup":"Disabled","earliestRestoreDate":"2022-08-16T02:40:41.2409222+00:00"},"highAvailability":{"mode":"Disabled","state":"NotEnabled"}},"location":"North
        Europe","id":"/subscriptions/00000000-0000-0000-0000-000000000000/resourceGroups/clitest.rg000001/providers/Microsoft.DBforMySQL/flexibleServers/azuredbclitest-000002","name":"azuredbclitest-000002","type":"Microsoft.DBforMySQL/flexibleServers"}'
    headers:
      cache-control:
      - no-cache
      content-length:
      - '1012'
      content-type:
      - application/json; charset=utf-8
      date:
      - Tue, 16 Aug 2022 02:41:40 GMT
      expires:
      - '-1'
      pragma:
      - no-cache
      server:
      - Microsoft-HTTPAPI/2.0
      strict-transport-security:
      - max-age=31536000; includeSubDomains
      transfer-encoding:
      - chunked
      vary:
      - Accept-Encoding
      x-content-type-options:
      - nosniff
    status:
      code: 200
      message: OK
- request:
    body: '{"properties": {"charset": "utf8", "collation": "utf8_general_ci"}}'
    headers:
      Accept:
      - application/json
      Accept-Encoding:
      - gzip, deflate
      CommandName:
      - mysql flexible-server create
      Connection:
      - keep-alive
      Content-Length:
      - '67'
      Content-Type:
      - application/json
      ParameterSetName:
      - -l -g -n --public-access
      User-Agent:
      - AZURECLI/2.39.0 azsdk-python-mgmt-rdbms/10.2.0b3 Python/3.8.10 (Linux-5.10.102.1-microsoft-standard-WSL2-x86_64-with-glibc2.29)
    method: PUT
    uri: https://management.azure.com/subscriptions/00000000-0000-0000-0000-000000000000/resourceGroups/clitest.rg000001/providers/Microsoft.DBforMySQL/flexibleServers/azuredbclitest-000002/databases/flexibleserverdb?api-version=2021-12-01-preview
  response:
    body:
      string: '{"operation":"UpsertServerDatabaseManagementOperation","startTime":"2022-08-16T02:41:44.03Z"}'
    headers:
      azure-asyncoperation:
      - https://management.azure.com/subscriptions/00000000-0000-0000-0000-000000000000/providers/Microsoft.DBforMySQL/locations/northeurope/azureAsyncOperation/209fb648-c1b0-4977-a7ee-8ce936079e17?api-version=2021-12-01-preview
      cache-control:
      - no-cache
      content-length:
      - '93'
      content-type:
      - application/json; charset=utf-8
      date:
      - Tue, 16 Aug 2022 02:41:43 GMT
      expires:
      - '-1'
      location:
      - https://management.azure.com/subscriptions/00000000-0000-0000-0000-000000000000/providers/Microsoft.DBforMySQL/locations/northeurope/operationResults/209fb648-c1b0-4977-a7ee-8ce936079e17?api-version=2021-12-01-preview
      pragma:
      - no-cache
      server:
      - Microsoft-HTTPAPI/2.0
      strict-transport-security:
      - max-age=31536000; includeSubDomains
      x-content-type-options:
      - nosniff
      x-ms-ratelimit-remaining-subscription-writes:
      - '1199'
    status:
      code: 202
      message: Accepted
- request:
    body: null
    headers:
      Accept:
      - '*/*'
      Accept-Encoding:
      - gzip, deflate
      CommandName:
      - mysql flexible-server create
      Connection:
      - keep-alive
      ParameterSetName:
      - -l -g -n --public-access
      User-Agent:
      - AZURECLI/2.39.0 azsdk-python-mgmt-rdbms/10.2.0b3 Python/3.8.10 (Linux-5.10.102.1-microsoft-standard-WSL2-x86_64-with-glibc2.29)
    method: GET
    uri: https://management.azure.com/subscriptions/00000000-0000-0000-0000-000000000000/providers/Microsoft.DBforMySQL/locations/northeurope/azureAsyncOperation/209fb648-c1b0-4977-a7ee-8ce936079e17?api-version=2021-12-01-preview
  response:
    body:
      string: '{"name":"209fb648-c1b0-4977-a7ee-8ce936079e17","status":"Succeeded","startTime":"2022-08-16T02:41:44.03Z"}'
    headers:
      cache-control:
      - no-cache
      content-length:
      - '106'
      content-type:
      - application/json; charset=utf-8
      date:
      - Tue, 16 Aug 2022 02:41:58 GMT
      expires:
      - '-1'
      pragma:
      - no-cache
      server:
      - Microsoft-HTTPAPI/2.0
      strict-transport-security:
      - max-age=31536000; includeSubDomains
      transfer-encoding:
      - chunked
      vary:
      - Accept-Encoding
      x-content-type-options:
      - nosniff
    status:
      code: 200
      message: OK
- request:
    body: null
    headers:
      Accept:
      - '*/*'
      Accept-Encoding:
      - gzip, deflate
      CommandName:
      - mysql flexible-server create
      Connection:
      - keep-alive
      ParameterSetName:
      - -l -g -n --public-access
      User-Agent:
      - AZURECLI/2.39.0 azsdk-python-mgmt-rdbms/10.2.0b3 Python/3.8.10 (Linux-5.10.102.1-microsoft-standard-WSL2-x86_64-with-glibc2.29)
    method: GET
    uri: https://management.azure.com/subscriptions/00000000-0000-0000-0000-000000000000/resourceGroups/clitest.rg000001/providers/Microsoft.DBforMySQL/flexibleServers/azuredbclitest-000002/databases/flexibleserverdb?api-version=2021-12-01-preview
  response:
    body:
      string: '{"properties":{"charset":"utf8","collation":"utf8_general_ci"},"id":"/subscriptions/00000000-0000-0000-0000-000000000000/resourceGroups/clitest.rg000001/providers/Microsoft.DBforMySQL/flexibleServers/azuredbclitest-000002/databases/flexibleserverdb","name":"flexibleserverdb","type":"Microsoft.DBforMySQL/flexibleServers/databases"}'
    headers:
      cache-control:
      - no-cache
      content-length:
      - '332'
      content-type:
      - application/json; charset=utf-8
      date:
      - Tue, 16 Aug 2022 02:41:59 GMT
      expires:
      - '-1'
      pragma:
      - no-cache
      server:
      - Microsoft-HTTPAPI/2.0
      strict-transport-security:
      - max-age=31536000; includeSubDomains
      transfer-encoding:
      - chunked
      vary:
      - Accept-Encoding
      x-content-type-options:
      - nosniff
    status:
      code: 200
      message: OK
- request:
    body: null
    headers:
      Accept:
      - application/json
      Accept-Encoding:
      - gzip, deflate
      CommandName:
      - mysql flexible-server show
      Connection:
      - keep-alive
      ParameterSetName:
      - -g -n
      User-Agent:
      - AZURECLI/2.39.0 azsdk-python-mgmt-rdbms/10.2.0b3 Python/3.8.10 (Linux-5.10.102.1-microsoft-standard-WSL2-x86_64-with-glibc2.29)
    method: GET
    uri: https://management.azure.com/subscriptions/00000000-0000-0000-0000-000000000000/resourceGroups/clitest.rg000001/providers/Microsoft.DBforMySQL/flexibleServers/azuredbclitest-000002?api-version=2021-12-01-preview
  response:
    body:
      string: '{"sku":{"name":"Standard_B1ms","tier":"Burstable"},"systemData":{"createdAt":"2022-08-16T02:37:39.2480784Z"},"properties":{"administratorLogin":"levelhamster4","storage":{"storageSizeGB":32,"iops":396,"autoGrow":"Enabled","storageSku":"Premium_LRS"},"version":"5.7","state":"Ready","fullyQualifiedDomainName":"azuredbclitest-000002.mysql.database.azure.com","availabilityZone":"3","maintenanceWindow":{"customWindow":"Disabled","dayOfWeek":0,"startHour":0,"startMinute":0},"replicationRole":"None","replicaCapacity":10,"network":{"publicNetworkAccess":"Enabled"},"backup":{"backupRetentionDays":7,"geoRedundantBackup":"Disabled","earliestRestoreDate":"2022-08-16T02:40:41.2409222+00:00"},"highAvailability":{"mode":"Disabled","state":"NotEnabled"}},"location":"North
        Europe","id":"/subscriptions/00000000-0000-0000-0000-000000000000/resourceGroups/clitest.rg000001/providers/Microsoft.DBforMySQL/flexibleServers/azuredbclitest-000002","name":"azuredbclitest-000002","type":"Microsoft.DBforMySQL/flexibleServers"}'
    headers:
      cache-control:
      - no-cache
      content-length:
      - '1012'
      content-type:
      - application/json; charset=utf-8
      date:
      - Tue, 16 Aug 2022 02:42:01 GMT
      expires:
      - '-1'
      pragma:
      - no-cache
      server:
      - Microsoft-HTTPAPI/2.0
      strict-transport-security:
      - max-age=31536000; includeSubDomains
      transfer-encoding:
      - chunked
      vary:
      - Accept-Encoding
      x-content-type-options:
      - nosniff
    status:
      code: 200
      message: OK
- request:
    body: null
    headers:
      Accept:
      - application/json
      Accept-Encoding:
      - gzip, deflate
      CommandName:
      - mysql flexible-server backup list
      Connection:
      - keep-alive
      ParameterSetName:
      - -g -n
      User-Agent:
      - AZURECLI/2.39.0 azsdk-python-mgmt-rdbms/10.2.0b3 Python/3.8.10 (Linux-5.10.102.1-microsoft-standard-WSL2-x86_64-with-glibc2.29)
    method: GET
    uri: https://management.azure.com/subscriptions/00000000-0000-0000-0000-000000000000/resourceGroups/clitest.rg000001/providers/Microsoft.DBforMySQL/flexibleServers/azuredbclitest-000002/backups?api-version=2021-12-01-preview
  response:
    body:
      string: '{"value":[{"properties":{"backupType":"FULL","source":"Automatic","completedTime":"2022-08-16T02:41:04.3469463+00:00"},"id":"/subscriptions/00000000-0000-0000-0000-000000000000/resourceGroups/clitest.rg000001/providers/Microsoft.DBforMySQL/flexibleServers/azuredbclitest-000002/backups/daily-20220816t024104-e53e8b7d-a91f-4501-b3d5-429a5b4d67ec","name":"daily-20220816t024104-e53e8b7d-a91f-4501-b3d5-429a5b4d67ec","type":"Microsoft.DBforMySQL/flexibleServers/backups"}]}'
    headers:
      cache-control:
      - no-cache
      content-length:
      - '470'
      content-type:
      - application/json; charset=utf-8
      date:
      - Tue, 16 Aug 2022 02:42:21 GMT
      expires:
      - '-1'
      pragma:
      - no-cache
      server:
      - Microsoft-HTTPAPI/2.0
      strict-transport-security:
      - max-age=31536000; includeSubDomains
      transfer-encoding:
      - chunked
      vary:
      - Accept-Encoding
      x-content-type-options:
      - nosniff
    status:
      code: 200
      message: OK
- request:
    body: null
    headers:
      Accept:
      - application/json
      Accept-Encoding:
      - gzip, deflate
      CommandName:
      - mysql flexible-server backup show
      Connection:
      - keep-alive
      ParameterSetName:
      - -g -n --backup-name
      User-Agent:
      - AZURECLI/2.39.0 azsdk-python-mgmt-rdbms/10.2.0b3 Python/3.8.10 (Linux-5.10.102.1-microsoft-standard-WSL2-x86_64-with-glibc2.29)
    method: GET
    uri: https://management.azure.com/subscriptions/00000000-0000-0000-0000-000000000000/resourceGroups/clitest.rg000001/providers/Microsoft.DBforMySQL/flexibleServers/azuredbclitest-000002/backups/daily-20220816t024104-e53e8b7d-a91f-4501-b3d5-429a5b4d67ec?api-version=2021-12-01-preview
  response:
    body:
      string: '{"properties":{"backupType":"FULL","source":"Automatic","completedTime":"2022-08-16T02:41:04.3469463+00:00"},"id":"/subscriptions/00000000-0000-0000-0000-000000000000/resourceGroups/clitest.rg000001/providers/Microsoft.DBforMySQL/flexibleServers/azuredbclitest-000002/backups/daily-20220816t024104-e53e8b7d-a91f-4501-b3d5-429a5b4d67ec","name":"daily-20220816t024104-e53e8b7d-a91f-4501-b3d5-429a5b4d67ec","type":"Microsoft.DBforMySQL/flexibleServers/backups"}'
    headers:
      cache-control:
      - no-cache
      content-length:
      - '458'
      content-type:
      - application/json; charset=utf-8
      date:
      - Tue, 16 Aug 2022 02:42:45 GMT
      expires:
      - '-1'
      pragma:
      - no-cache
      server:
      - Microsoft-HTTPAPI/2.0
      strict-transport-security:
      - max-age=31536000; includeSubDomains
      transfer-encoding:
      - chunked
      vary:
      - Accept-Encoding
      x-content-type-options:
      - nosniff
    status:
      code: 200
      message: OK
- request:
    body: null
    headers:
      Accept:
      - application/json
      Accept-Encoding:
      - gzip, deflate
      CommandName:
      - mysql flexible-server backup create
      Connection:
      - keep-alive
      Content-Length:
      - '0'
      ParameterSetName:
      - -g -n --backup-name
      User-Agent:
      - AZURECLI/2.39.0 azsdk-python-mgmt-rdbms/10.2.0b3 Python/3.8.10 (Linux-5.10.102.1-microsoft-standard-WSL2-x86_64-with-glibc2.29)
    method: PUT
    uri: https://management.azure.com/subscriptions/00000000-0000-0000-0000-000000000000/resourceGroups/clitest.rg000001/providers/Microsoft.DBforMySQL/flexibleServers/azuredbclitest-000002/backups/backup000003?api-version=2021-12-01-preview
  response:
    body:
      string: '{"properties":{"backupType":"FULL","source":"Customer","completedTime":"2022-08-16T02:42:50.4235685+00:00"},"id":"/subscriptions/00000000-0000-0000-0000-000000000000/resourceGroups/clitest.rg000001/providers/Microsoft.DBforMySQL/flexibleServers/azuredbclitest-000002/backups/customer-20220816t024250-e53e8b7d-a91f-4501-b3d5-429a5b4d67ec-backup000003","name":"customer-20220816t024250-e53e8b7d-a91f-4501-b3d5-429a5b4d67ec-backup000003","type":"Microsoft.DBforMySQL/flexibleServers/backups"}'
    headers:
      cache-control:
      - no-cache
      content-length:
      - '489'
      content-type:
      - application/json; charset=utf-8
      date:
      - Tue, 16 Aug 2022 02:42:59 GMT
      expires:
      - '-1'
      pragma:
      - no-cache
      server:
      - Microsoft-HTTPAPI/2.0
      strict-transport-security:
      - max-age=31536000; includeSubDomains
      transfer-encoding:
      - chunked
      vary:
      - Accept-Encoding
      x-content-type-options:
      - nosniff
      x-ms-ratelimit-remaining-subscription-writes:
      - '1199'
    status:
      code: 200
      message: OK
- request:
    body: null
    headers:
      Accept:
      - application/json
      Accept-Encoding:
      - gzip, deflate
      CommandName:
      - mysql flexible-server backup list
      Connection:
      - keep-alive
      ParameterSetName:
      - -g -n
      User-Agent:
      - AZURECLI/2.39.0 azsdk-python-mgmt-rdbms/10.2.0b3 Python/3.8.10 (Linux-5.10.102.1-microsoft-standard-WSL2-x86_64-with-glibc2.29)
    method: GET
    uri: https://management.azure.com/subscriptions/00000000-0000-0000-0000-000000000000/resourceGroups/clitest.rg000001/providers/Microsoft.DBforMySQL/flexibleServers/azuredbclitest-000002/backups?api-version=2021-12-01-preview
  response:
    body:
      string: '{"value":[{"properties":{"backupType":"FULL","source":"Customer","completedTime":"2022-08-16T02:42:50.4235685+00:00"},"id":"/subscriptions/00000000-0000-0000-0000-000000000000/resourceGroups/clitest.rg000001/providers/Microsoft.DBforMySQL/flexibleServers/azuredbclitest-000002/backups/customer-20220816t024250-e53e8b7d-a91f-4501-b3d5-429a5b4d67ec-backup000003","name":"customer-20220816t024250-e53e8b7d-a91f-4501-b3d5-429a5b4d67ec-backup000003","type":"Microsoft.DBforMySQL/flexibleServers/backups"},{"properties":{"backupType":"FULL","source":"Automatic","completedTime":"2022-08-16T02:41:04.3469463+00:00"},"id":"/subscriptions/00000000-0000-0000-0000-000000000000/resourceGroups/clitest.rg000001/providers/Microsoft.DBforMySQL/flexibleServers/azuredbclitest-000002/backups/daily-20220816t024104-e53e8b7d-a91f-4501-b3d5-429a5b4d67ec","name":"daily-20220816t024104-e53e8b7d-a91f-4501-b3d5-429a5b4d67ec","type":"Microsoft.DBforMySQL/flexibleServers/backups"}]}'
    headers:
      cache-control:
      - no-cache
      content-length:
      - '960'
      content-type:
      - application/json; charset=utf-8
      date:
      - Tue, 16 Aug 2022 02:43:01 GMT
      expires:
      - '-1'
      pragma:
      - no-cache
      server:
      - Microsoft-HTTPAPI/2.0
      strict-transport-security:
      - max-age=31536000; includeSubDomains
      transfer-encoding:
      - chunked
      vary:
      - Accept-Encoding
      x-content-type-options:
      - nosniff
    status:
      code: 200
      message: OK
- request:
    body: null
    headers:
      Accept:
      - application/json
      Accept-Encoding:
      - gzip, deflate
      CommandName:
      - mysql flexible-server backup show
      Connection:
      - keep-alive
      ParameterSetName:
      - -g -n --backup-name
      User-Agent:
      - AZURECLI/2.39.0 azsdk-python-mgmt-rdbms/10.2.0b3 Python/3.8.10 (Linux-5.10.102.1-microsoft-standard-WSL2-x86_64-with-glibc2.29)
    method: GET
    uri: https://management.azure.com/subscriptions/00000000-0000-0000-0000-000000000000/resourceGroups/clitest.rg000001/providers/Microsoft.DBforMySQL/flexibleServers/azuredbclitest-000002/backups/backup000003?api-version=2021-12-01-preview
  response:
    body:
      string: '{"properties":{"backupType":"FULL","source":"Customer","completedTime":"2022-08-16T02:42:50.4235685+00:00"},"id":"/subscriptions/00000000-0000-0000-0000-000000000000/resourceGroups/clitest.rg000001/providers/Microsoft.DBforMySQL/flexibleServers/azuredbclitest-000002/backups/customer-20220816t024250-e53e8b7d-a91f-4501-b3d5-429a5b4d67ec-backup000003","name":"customer-20220816t024250-e53e8b7d-a91f-4501-b3d5-429a5b4d67ec-backup000003","type":"Microsoft.DBforMySQL/flexibleServers/backups"}'
    headers:
      cache-control:
      - no-cache
      content-length:
      - '489'
      content-type:
      - application/json; charset=utf-8
      date:
      - Tue, 16 Aug 2022 02:43:05 GMT
      expires:
      - '-1'
      pragma:
      - no-cache
      server:
      - Microsoft-HTTPAPI/2.0
      strict-transport-security:
      - max-age=31536000; includeSubDomains
      transfer-encoding:
      - chunked
      vary:
      - Accept-Encoding
      x-content-type-options:
      - nosniff
    status:
      code: 200
      message: OK
- request:
    body: null
    headers:
      Accept:
      - application/json
      Accept-Encoding:
      - gzip, deflate
      CommandName:
      - mysql flexible-server delete
      Connection:
      - keep-alive
      Content-Length:
      - '0'
      ParameterSetName:
      - -g -n --yes
      User-Agent:
      - AZURECLI/2.39.0 azsdk-python-mgmt-rdbms/10.2.0b3 Python/3.8.10 (Linux-5.10.102.1-microsoft-standard-WSL2-x86_64-with-glibc2.29)
    method: DELETE
    uri: https://management.azure.com/subscriptions/00000000-0000-0000-0000-000000000000/resourceGroups/clitest.rg000001/providers/Microsoft.DBforMySQL/flexibleServers/azuredbclitest-000002?api-version=2021-12-01-preview
  response:
    body:
      string: '{"operation":"DropServerManagementOperation","startTime":"2022-08-16T02:43:07.77Z"}'
    headers:
      azure-asyncoperation:
      - https://management.azure.com/subscriptions/00000000-0000-0000-0000-000000000000/providers/Microsoft.DBforMySQL/locations/North%20Europe/azureAsyncOperation/633e4a5a-0275-409e-a079-641eb902ef1f?api-version=2021-12-01-preview
      cache-control:
      - no-cache
      content-length:
      - '83'
      content-type:
      - application/json; charset=utf-8
      date:
      - Tue, 16 Aug 2022 02:43:07 GMT
      expires:
      - '-1'
      location:
      - https://management.azure.com/subscriptions/00000000-0000-0000-0000-000000000000/providers/Microsoft.DBforMySQL/locations/North%20Europe/operationResults/633e4a5a-0275-409e-a079-641eb902ef1f?api-version=2021-12-01-preview
      pragma:
      - no-cache
      server:
      - Microsoft-HTTPAPI/2.0
      strict-transport-security:
      - max-age=31536000; includeSubDomains
      x-content-type-options:
      - nosniff
      x-ms-ratelimit-remaining-subscription-deletes:
      - '14999'
    status:
      code: 202
      message: Accepted
- request:
    body: null
    headers:
      Accept:
      - '*/*'
      Accept-Encoding:
      - gzip, deflate
      CommandName:
      - mysql flexible-server delete
      Connection:
      - keep-alive
      ParameterSetName:
      - -g -n --yes
      User-Agent:
      - AZURECLI/2.39.0 azsdk-python-mgmt-rdbms/10.2.0b3 Python/3.8.10 (Linux-5.10.102.1-microsoft-standard-WSL2-x86_64-with-glibc2.29)
    method: GET
    uri: https://management.azure.com/subscriptions/00000000-0000-0000-0000-000000000000/providers/Microsoft.DBforMySQL/locations/North%20Europe/azureAsyncOperation/633e4a5a-0275-409e-a079-641eb902ef1f?api-version=2021-12-01-preview
  response:
    body:
      string: '{"name":"633e4a5a-0275-409e-a079-641eb902ef1f","status":"Succeeded","startTime":"2022-08-16T02:43:07.77Z"}'
    headers:
      cache-control:
      - no-cache
      content-length:
      - '106'
      content-type:
      - application/json; charset=utf-8
      date:
      - Tue, 16 Aug 2022 02:43:22 GMT
      expires:
      - '-1'
      pragma:
      - no-cache
      server:
      - Microsoft-HTTPAPI/2.0
      strict-transport-security:
      - max-age=31536000; includeSubDomains
      transfer-encoding:
      - chunked
      vary:
      - Accept-Encoding
      x-content-type-options:
      - nosniff
    status:
      code: 200
      message: OK
version: 1
