interactions:
- request:
    body: '{"sku": {"name": "GP_Gen5_2"}, "properties": {"storageProfile": {"backupRetentionDays":
      10, "geoRedundantBackup": "Enabled", "storageAutogrow": "Enabled"}, "createMode":
      "Default", "administratorLogin": "cloudsa", "administratorLoginPassword": "SecretPassword123"},
      "location": "eastus", "tags": {"key": "1"}}'
    headers:
      Accept:
      - application/json
      Accept-Encoding:
      - gzip, deflate
      CommandName:
      - mariadb server create
      Connection:
      - keep-alive
      Content-Length:
      - '309'
      Content-Type:
      - application/json; charset=utf-8
      ParameterSetName:
      - -g --name -l --admin-user --admin-password --sku-name --tags --geo-redundant-backup
        --backup-retention
      User-Agent:
      - python/3.6.4 (Windows-10-10.0.17763-SP0) msrest/0.6.11 msrest_azure/0.6.3
        azure-mgmt-rdbms/2018-06-01 Azure-SDK-For-Python AZURECLI/2.2.0
      accept-language:
      - en-US
    method: PUT
    uri: https://management.azure.com/subscriptions/00000000-0000-0000-0000-000000000000/resourceGroups/clitest.rg000001/providers/Microsoft.DBforMariaDB/servers/azuredbclitest000003?api-version=2018-06-01
  response:
    body:
<<<<<<< HEAD
      string: '{"operation":"UpsertElasticServer","startTime":"2020-03-28T01:12:24.297Z"}'
    headers:
      azure-asyncoperation:
      - https://management.azure.com/subscriptions/00000000-0000-0000-0000-000000000000/providers/Microsoft.DBforMariaDB/locations/eastus/azureAsyncOperation/fe6855ef-f940-45ac-9f16-8c023913a8d4?api-version=2018-06-01
=======
      string: '{"operation":"UpsertElasticServer","startTime":"2020-03-26T20:39:36.03Z"}'
    headers:
      azure-asyncoperation:
      - https://management.azure.com/subscriptions/00000000-0000-0000-0000-000000000000/providers/Microsoft.DBforMariaDB/locations/eastus/azureAsyncOperation/c94ee8eb-a64f-407e-8d1f-1c4b3e3c113b?api-version=2018-06-01
>>>>>>> 4dfb0f809cd6dea50fe4b352393328d6956cb990
      cache-control:
      - no-cache
      content-length:
      - '73'
      content-type:
      - application/json; charset=utf-8
      date:
<<<<<<< HEAD
      - Sat, 28 Mar 2020 01:12:24 GMT
      expires:
      - '-1'
      location:
      - https://management.azure.com/subscriptions/00000000-0000-0000-0000-000000000000/providers/Microsoft.DBforMariaDB/locations/eastus/operationResults/fe6855ef-f940-45ac-9f16-8c023913a8d4?api-version=2018-06-01
=======
      - Thu, 26 Mar 2020 20:39:37 GMT
      expires:
      - '-1'
      location:
      - https://management.azure.com/subscriptions/00000000-0000-0000-0000-000000000000/providers/Microsoft.DBforMariaDB/locations/eastus/operationResults/c94ee8eb-a64f-407e-8d1f-1c4b3e3c113b?api-version=2018-06-01
>>>>>>> 4dfb0f809cd6dea50fe4b352393328d6956cb990
      pragma:
      - no-cache
      server:
      - Microsoft-HTTPAPI/2.0
      strict-transport-security:
      - max-age=31536000; includeSubDomains
      x-content-type-options:
      - nosniff
      x-ms-ratelimit-remaining-subscription-writes:
      - '1199'
    status:
      code: 202
      message: Accepted
- request:
    body: null
    headers:
      Accept:
      - application/json
      Accept-Encoding:
      - gzip, deflate
      CommandName:
      - mariadb server create
      Connection:
      - keep-alive
      ParameterSetName:
      - -g --name -l --admin-user --admin-password --sku-name --tags --geo-redundant-backup
        --backup-retention
      User-Agent:
      - python/3.6.4 (Windows-10-10.0.17763-SP0) msrest/0.6.11 msrest_azure/0.6.3
        azure-mgmt-rdbms/2018-06-01 Azure-SDK-For-Python AZURECLI/2.2.0
    method: GET
<<<<<<< HEAD
    uri: https://management.azure.com/subscriptions/00000000-0000-0000-0000-000000000000/providers/Microsoft.DBforMariaDB/locations/eastus/azureAsyncOperation/fe6855ef-f940-45ac-9f16-8c023913a8d4?api-version=2018-06-01
  response:
    body:
      string: '{"name":"fe6855ef-f940-45ac-9f16-8c023913a8d4","status":"Succeeded","startTime":"2020-03-28T01:12:24.297Z"}'
=======
    uri: https://management.azure.com/subscriptions/00000000-0000-0000-0000-000000000000/providers/Microsoft.DBforMariaDB/locations/eastus/azureAsyncOperation/c94ee8eb-a64f-407e-8d1f-1c4b3e3c113b?api-version=2018-06-01
  response:
    body:
      string: '{"name":"c94ee8eb-a64f-407e-8d1f-1c4b3e3c113b","status":"Succeeded","startTime":"2020-03-26T20:39:36.03Z"}'
    headers:
      cache-control:
      - no-cache
      content-length:
      - '106'
      content-type:
      - application/json; charset=utf-8
      date:
      - Thu, 26 Mar 2020 20:40:36 GMT
      expires:
      - '-1'
      pragma:
      - no-cache
      server:
      - Microsoft-HTTPAPI/2.0
      strict-transport-security:
      - max-age=31536000; includeSubDomains
      transfer-encoding:
      - chunked
      vary:
      - Accept-Encoding
      x-content-type-options:
      - nosniff
    status:
      code: 200
      message: OK
- request:
    body: null
    headers:
      Accept:
      - application/json
      Accept-Encoding:
      - gzip, deflate
      CommandName:
      - mariadb server create
      Connection:
      - keep-alive
      ParameterSetName:
      - -g --name -l --admin-user --admin-password --sku-name --tags --geo-redundant-backup
        --backup-retention
      User-Agent:
      - python/3.6.4 (Windows-10-10.0.17763-SP0) msrest/0.6.11 msrest_azure/0.6.3
        azure-mgmt-rdbms/2018-06-01 Azure-SDK-For-Python AZURECLI/2.2.0
    method: GET
    uri: https://management.azure.com/subscriptions/00000000-0000-0000-0000-000000000000/resourceGroups/clitest.rg000001/providers/Microsoft.DBforMariaDB/servers/azuredbclitest000003?api-version=2018-06-01
  response:
    body:
      string: '{"sku":{"name":"GP_Gen5_2","tier":"GeneralPurpose","family":"Gen5","capacity":2},"properties":{"administratorLogin":"cloudsa","storageProfile":{"storageMB":5120,"backupRetentionDays":10,"geoRedundantBackup":"Enabled","storageAutogrow":"Enabled"},"version":"10.2","sslEnforcement":"Enabled","minimalTlsVersion":"TLSEnforcementDisabled","userVisibleState":"Ready","fullyQualifiedDomainName":"azuredbclitest000003.mariadb.database.azure.com","earliestRestoreDate":"2020-03-26T20:49:36.327+00:00","replicationRole":"None","masterServerId":"","replicaCapacity":5,"byokEnforcement":"Disabled","infrastructureEncryption":"Disabled","privateEndpointConnections":[],"publicNetworkAccess":"Enabled"},"location":"eastus","tags":{"key":"1"},"id":"/subscriptions/00000000-0000-0000-0000-000000000000/resourceGroups/clitest.rg000001/providers/Microsoft.DBforMariaDB/servers/azuredbclitest000003","name":"azuredbclitest000003","type":"Microsoft.DBforMariaDB/servers"}'
>>>>>>> 4dfb0f809cd6dea50fe4b352393328d6956cb990
    headers:
      cache-control:
      - no-cache
      content-length:
      - '1140'
      content-type:
      - application/json; charset=utf-8
      date:
<<<<<<< HEAD
      - Sat, 28 Mar 2020 01:13:25 GMT
=======
      - Thu, 26 Mar 2020 20:40:37 GMT
>>>>>>> 4dfb0f809cd6dea50fe4b352393328d6956cb990
      expires:
      - '-1'
      pragma:
      - no-cache
      server:
      - Microsoft-HTTPAPI/2.0
      strict-transport-security:
      - max-age=31536000; includeSubDomains
      transfer-encoding:
      - chunked
      vary:
      - Accept-Encoding
      x-content-type-options:
      - nosniff
    status:
      code: 200
      message: OK
- request:
    body: null
    headers:
      Accept:
      - application/json
      Accept-Encoding:
      - gzip, deflate
      CommandName:
      - mariadb server show
      Connection:
      - keep-alive
      ParameterSetName:
      - -g --name
      User-Agent:
      - python/3.6.4 (Windows-10-10.0.17763-SP0) msrest/0.6.11 msrest_azure/0.6.3
        azure-mgmt-rdbms/2018-06-01 Azure-SDK-For-Python AZURECLI/2.2.0
<<<<<<< HEAD
=======
      accept-language:
      - en-US
>>>>>>> 4dfb0f809cd6dea50fe4b352393328d6956cb990
    method: GET
    uri: https://management.azure.com/subscriptions/00000000-0000-0000-0000-000000000000/resourceGroups/clitest.rg000001/providers/Microsoft.DBforMariaDB/servers/azuredbclitest000003?api-version=2018-06-01
  response:
    body:
<<<<<<< HEAD
      string: '{"sku":{"name":"GP_Gen5_2","tier":"GeneralPurpose","family":"Gen5","capacity":2},"properties":{"administratorLogin":"cloudsa","storageProfile":{"storageMB":5120,"backupRetentionDays":10,"geoRedundantBackup":"Enabled","storageAutogrow":"Enabled"},"version":"10.2","sslEnforcement":"Enabled","minimalTlsVersion":"TLSEnforcementDisabled","userVisibleState":"Ready","fullyQualifiedDomainName":"azuredbclitest000003.mariadb.database.azure.com","earliestRestoreDate":"2020-03-28T01:22:24.593+00:00","replicationRole":"None","masterServerId":"","replicaCapacity":5,"byokEnforcement":"Disabled","infrastructureEncryption":"Disabled","privateEndpointConnections":[],"publicNetworkAccess":"Enabled"},"location":"eastus","tags":{"key":"1"},"id":"/subscriptions/00000000-0000-0000-0000-000000000000/resourceGroups/clitest.rg000001/providers/Microsoft.DBforMariaDB/servers/azuredbclitest000003","name":"azuredbclitest000003","type":"Microsoft.DBforMariaDB/servers"}'
=======
      string: '{"sku":{"name":"GP_Gen5_2","tier":"GeneralPurpose","family":"Gen5","capacity":2},"properties":{"administratorLogin":"cloudsa","storageProfile":{"storageMB":5120,"backupRetentionDays":10,"geoRedundantBackup":"Enabled","storageAutogrow":"Enabled"},"version":"10.2","sslEnforcement":"Enabled","minimalTlsVersion":"TLSEnforcementDisabled","userVisibleState":"Ready","fullyQualifiedDomainName":"azuredbclitest000003.mariadb.database.azure.com","earliestRestoreDate":"2020-03-26T20:49:36.327+00:00","replicationRole":"None","masterServerId":"","replicaCapacity":5,"byokEnforcement":"Disabled","infrastructureEncryption":"Disabled","privateEndpointConnections":[],"publicNetworkAccess":"Enabled"},"location":"eastus","tags":{"key":"1"},"id":"/subscriptions/00000000-0000-0000-0000-000000000000/resourceGroups/clitest.rg000001/providers/Microsoft.DBforMariaDB/servers/azuredbclitest000003","name":"azuredbclitest000003","type":"Microsoft.DBforMariaDB/servers"}'
>>>>>>> 4dfb0f809cd6dea50fe4b352393328d6956cb990
    headers:
      cache-control:
      - no-cache
      content-length:
      - '1140'
      content-type:
      - application/json; charset=utf-8
      date:
<<<<<<< HEAD
      - Sat, 28 Mar 2020 01:13:25 GMT
=======
      - Thu, 26 Mar 2020 20:40:38 GMT
>>>>>>> 4dfb0f809cd6dea50fe4b352393328d6956cb990
      expires:
      - '-1'
      pragma:
      - no-cache
      server:
      - Microsoft-HTTPAPI/2.0
      strict-transport-security:
      - max-age=31536000; includeSubDomains
      transfer-encoding:
      - chunked
      vary:
      - Accept-Encoding
      x-content-type-options:
      - nosniff
    status:
      code: 200
      message: OK
- request:
    body: null
    headers:
      Accept:
      - application/json
      Accept-Encoding:
      - gzip, deflate
      CommandName:
      - mariadb server update
      Connection:
      - keep-alive
      ParameterSetName:
      - -g --name --admin-password --ssl-enforcement --tags
      User-Agent:
      - python/3.6.4 (Windows-10-10.0.17763-SP0) msrest/0.6.11 msrest_azure/0.6.3
        azure-mgmt-rdbms/2018-06-01 Azure-SDK-For-Python AZURECLI/2.2.0
      accept-language:
      - en-US
    method: GET
    uri: https://management.azure.com/subscriptions/00000000-0000-0000-0000-000000000000/resourceGroups/clitest.rg000001/providers/Microsoft.DBforMariaDB/servers/azuredbclitest000003?api-version=2018-06-01
  response:
    body:
<<<<<<< HEAD
      string: '{"sku":{"name":"GP_Gen5_2","tier":"GeneralPurpose","family":"Gen5","capacity":2},"properties":{"administratorLogin":"cloudsa","storageProfile":{"storageMB":5120,"backupRetentionDays":10,"geoRedundantBackup":"Enabled","storageAutogrow":"Enabled"},"version":"10.2","sslEnforcement":"Enabled","minimalTlsVersion":"TLSEnforcementDisabled","userVisibleState":"Ready","fullyQualifiedDomainName":"azuredbclitest000003.mariadb.database.azure.com","earliestRestoreDate":"2020-03-28T01:22:24.593+00:00","replicationRole":"None","masterServerId":"","replicaCapacity":5,"byokEnforcement":"Disabled","infrastructureEncryption":"Disabled","privateEndpointConnections":[],"publicNetworkAccess":"Enabled"},"location":"eastus","tags":{"key":"1"},"id":"/subscriptions/00000000-0000-0000-0000-000000000000/resourceGroups/clitest.rg000001/providers/Microsoft.DBforMariaDB/servers/azuredbclitest000003","name":"azuredbclitest000003","type":"Microsoft.DBforMariaDB/servers"}'
=======
      string: '{"sku":{"name":"GP_Gen5_2","tier":"GeneralPurpose","family":"Gen5","capacity":2},"properties":{"administratorLogin":"cloudsa","storageProfile":{"storageMB":5120,"backupRetentionDays":10,"geoRedundantBackup":"Enabled","storageAutogrow":"Enabled"},"version":"10.2","sslEnforcement":"Enabled","minimalTlsVersion":"TLSEnforcementDisabled","userVisibleState":"Ready","fullyQualifiedDomainName":"azuredbclitest000003.mariadb.database.azure.com","earliestRestoreDate":"2020-03-26T20:49:36.327+00:00","replicationRole":"None","masterServerId":"","replicaCapacity":5,"byokEnforcement":"Disabled","infrastructureEncryption":"Disabled","privateEndpointConnections":[],"publicNetworkAccess":"Enabled"},"location":"eastus","tags":{"key":"1"},"id":"/subscriptions/00000000-0000-0000-0000-000000000000/resourceGroups/clitest.rg000001/providers/Microsoft.DBforMariaDB/servers/azuredbclitest000003","name":"azuredbclitest000003","type":"Microsoft.DBforMariaDB/servers"}'
    headers:
      cache-control:
      - no-cache
      content-length:
      - '1140'
      content-type:
      - application/json; charset=utf-8
      date:
      - Thu, 26 Mar 2020 20:40:39 GMT
      expires:
      - '-1'
      pragma:
      - no-cache
      server:
      - Microsoft-HTTPAPI/2.0
      strict-transport-security:
      - max-age=31536000; includeSubDomains
      transfer-encoding:
      - chunked
      vary:
      - Accept-Encoding
      x-content-type-options:
      - nosniff
    status:
      code: 200
      message: OK
- request:
    body: '{"properties": {"storageProfile": {"backupRetentionDays": 10, "geoRedundantBackup":
      "Enabled", "storageMB": 5120, "storageAutogrow": "Enabled"}, "administratorLoginPassword":
      "SecretPassword456", "sslEnforcement": "Disabled"}, "tags": {"key": "2"}}'
    headers:
      Accept:
      - application/json
      Accept-Encoding:
      - gzip, deflate
      CommandName:
      - mariadb server update
      Connection:
      - keep-alive
      Content-Length:
      - '248'
      Content-Type:
      - application/json; charset=utf-8
      ParameterSetName:
      - -g --name --admin-password --ssl-enforcement --tags
      User-Agent:
      - python/3.6.4 (Windows-10-10.0.17763-SP0) msrest/0.6.11 msrest_azure/0.6.3
        azure-mgmt-rdbms/2018-06-01 Azure-SDK-For-Python AZURECLI/2.2.0
      accept-language:
      - en-US
    method: PATCH
    uri: https://management.azure.com/subscriptions/00000000-0000-0000-0000-000000000000/resourceGroups/clitest.rg000001/providers/Microsoft.DBforMariaDB/servers/azuredbclitest000003?api-version=2018-06-01
  response:
    body:
      string: '{"operation":"UpsertElasticServer","startTime":"2020-03-26T20:40:40.343Z"}'
    headers:
      azure-asyncoperation:
      - https://management.azure.com/subscriptions/00000000-0000-0000-0000-000000000000/providers/Microsoft.DBforMariaDB/locations/eastus/azureAsyncOperation/8e67def3-2949-43ae-8d0b-2c4f0dd89c12?api-version=2018-06-01
      cache-control:
      - no-cache
      content-length:
      - '74'
      content-type:
      - application/json; charset=utf-8
      date:
      - Thu, 26 Mar 2020 20:40:41 GMT
      expires:
      - '-1'
      location:
      - https://management.azure.com/subscriptions/00000000-0000-0000-0000-000000000000/providers/Microsoft.DBforMariaDB/locations/eastus/operationResults/8e67def3-2949-43ae-8d0b-2c4f0dd89c12?api-version=2018-06-01
      pragma:
      - no-cache
      server:
      - Microsoft-HTTPAPI/2.0
      strict-transport-security:
      - max-age=31536000; includeSubDomains
      x-content-type-options:
      - nosniff
      x-ms-ratelimit-remaining-subscription-writes:
      - '1198'
    status:
      code: 202
      message: Accepted
- request:
    body: null
    headers:
      Accept:
      - application/json
      Accept-Encoding:
      - gzip, deflate
      CommandName:
      - mariadb server update
      Connection:
      - keep-alive
      ParameterSetName:
      - -g --name --admin-password --ssl-enforcement --tags
      User-Agent:
      - python/3.6.4 (Windows-10-10.0.17763-SP0) msrest/0.6.11 msrest_azure/0.6.3
        azure-mgmt-rdbms/2018-06-01 Azure-SDK-For-Python AZURECLI/2.2.0
    method: GET
    uri: https://management.azure.com/subscriptions/00000000-0000-0000-0000-000000000000/providers/Microsoft.DBforMariaDB/locations/eastus/azureAsyncOperation/8e67def3-2949-43ae-8d0b-2c4f0dd89c12?api-version=2018-06-01
  response:
    body:
      string: '{"name":"8e67def3-2949-43ae-8d0b-2c4f0dd89c12","status":"Succeeded","startTime":"2020-03-26T20:40:40.343Z"}'
>>>>>>> 4dfb0f809cd6dea50fe4b352393328d6956cb990
    headers:
      cache-control:
      - no-cache
      content-length:
<<<<<<< HEAD
      - '1140'
      content-type:
      - application/json; charset=utf-8
      date:
      - Sat, 28 Mar 2020 01:13:26 GMT
=======
      - '107'
      content-type:
      - application/json; charset=utf-8
      date:
      - Thu, 26 Mar 2020 20:41:41 GMT
>>>>>>> 4dfb0f809cd6dea50fe4b352393328d6956cb990
      expires:
      - '-1'
      pragma:
      - no-cache
      server:
      - Microsoft-HTTPAPI/2.0
      strict-transport-security:
      - max-age=31536000; includeSubDomains
      transfer-encoding:
      - chunked
      vary:
      - Accept-Encoding
      x-content-type-options:
      - nosniff
    status:
      code: 200
      message: OK
- request:
    body: null
    headers:
      Accept:
      - application/json
      Accept-Encoding:
      - gzip, deflate
      CommandName:
      - mariadb server update
      Connection:
      - keep-alive
      ParameterSetName:
      - -g --name --admin-password --ssl-enforcement --tags
      User-Agent:
      - python/3.6.4 (Windows-10-10.0.17763-SP0) msrest/0.6.11 msrest_azure/0.6.3
        azure-mgmt-rdbms/2018-06-01 Azure-SDK-For-Python AZURECLI/2.2.0
<<<<<<< HEAD
=======
    method: GET
    uri: https://management.azure.com/subscriptions/00000000-0000-0000-0000-000000000000/resourceGroups/clitest.rg000001/providers/Microsoft.DBforMariaDB/servers/azuredbclitest000003?api-version=2018-06-01
  response:
    body:
      string: '{"sku":{"name":"GP_Gen5_2","tier":"GeneralPurpose","family":"Gen5","capacity":2},"properties":{"administratorLogin":"cloudsa","storageProfile":{"storageMB":5120,"backupRetentionDays":10,"geoRedundantBackup":"Enabled","storageAutogrow":"Enabled"},"version":"10.2","sslEnforcement":"Disabled","minimalTlsVersion":"TLSEnforcementDisabled","userVisibleState":"Ready","fullyQualifiedDomainName":"azuredbclitest000003.mariadb.database.azure.com","earliestRestoreDate":"2020-03-26T20:49:36.327+00:00","replicationRole":"None","masterServerId":"","replicaCapacity":5,"byokEnforcement":"Disabled","infrastructureEncryption":"Disabled","privateEndpointConnections":[],"publicNetworkAccess":"Enabled"},"location":"eastus","tags":{"key":"2"},"id":"/subscriptions/00000000-0000-0000-0000-000000000000/resourceGroups/clitest.rg000001/providers/Microsoft.DBforMariaDB/servers/azuredbclitest000003","name":"azuredbclitest000003","type":"Microsoft.DBforMariaDB/servers"}'
    headers:
      cache-control:
      - no-cache
      content-length:
      - '1141'
      content-type:
      - application/json; charset=utf-8
      date:
      - Thu, 26 Mar 2020 20:41:42 GMT
      expires:
      - '-1'
      pragma:
      - no-cache
      server:
      - Microsoft-HTTPAPI/2.0
      strict-transport-security:
      - max-age=31536000; includeSubDomains
      transfer-encoding:
      - chunked
      vary:
      - Accept-Encoding
      x-content-type-options:
      - nosniff
    status:
      code: 200
      message: OK
- request:
    body: null
    headers:
      Accept:
      - application/json
      Accept-Encoding:
      - gzip, deflate
      CommandName:
      - mariadb server update
      Connection:
      - keep-alive
      ParameterSetName:
      - -g --name --public-network-access
      User-Agent:
      - python/3.6.4 (Windows-10-10.0.17763-SP0) msrest/0.6.11 msrest_azure/0.6.3
        azure-mgmt-rdbms/2018-06-01 Azure-SDK-For-Python AZURECLI/2.2.0
>>>>>>> 4dfb0f809cd6dea50fe4b352393328d6956cb990
      accept-language:
      - en-US
    method: GET
    uri: https://management.azure.com/subscriptions/00000000-0000-0000-0000-000000000000/resourceGroups/clitest.rg000001/providers/Microsoft.DBforMariaDB/servers/azuredbclitest000003?api-version=2018-06-01
  response:
    body:
<<<<<<< HEAD
      string: '{"sku":{"name":"GP_Gen5_2","tier":"GeneralPurpose","family":"Gen5","capacity":2},"properties":{"administratorLogin":"cloudsa","storageProfile":{"storageMB":5120,"backupRetentionDays":10,"geoRedundantBackup":"Enabled","storageAutogrow":"Enabled"},"version":"10.2","sslEnforcement":"Enabled","minimalTlsVersion":"TLSEnforcementDisabled","userVisibleState":"Ready","fullyQualifiedDomainName":"azuredbclitest000003.mariadb.database.azure.com","earliestRestoreDate":"2020-03-28T01:22:24.593+00:00","replicationRole":"None","masterServerId":"","replicaCapacity":5,"byokEnforcement":"Disabled","infrastructureEncryption":"Disabled","privateEndpointConnections":[],"publicNetworkAccess":"Enabled"},"location":"eastus","tags":{"key":"1"},"id":"/subscriptions/00000000-0000-0000-0000-000000000000/resourceGroups/clitest.rg000001/providers/Microsoft.DBforMariaDB/servers/azuredbclitest000003","name":"azuredbclitest000003","type":"Microsoft.DBforMariaDB/servers"}'
=======
      string: '{"sku":{"name":"GP_Gen5_2","tier":"GeneralPurpose","family":"Gen5","capacity":2},"properties":{"administratorLogin":"cloudsa","storageProfile":{"storageMB":5120,"backupRetentionDays":10,"geoRedundantBackup":"Enabled","storageAutogrow":"Enabled"},"version":"10.2","sslEnforcement":"Disabled","minimalTlsVersion":"TLSEnforcementDisabled","userVisibleState":"Ready","fullyQualifiedDomainName":"azuredbclitest000003.mariadb.database.azure.com","earliestRestoreDate":"2020-03-26T20:49:36.327+00:00","replicationRole":"None","masterServerId":"","replicaCapacity":5,"byokEnforcement":"Disabled","infrastructureEncryption":"Disabled","privateEndpointConnections":[],"publicNetworkAccess":"Enabled"},"location":"eastus","tags":{"key":"2"},"id":"/subscriptions/00000000-0000-0000-0000-000000000000/resourceGroups/clitest.rg000001/providers/Microsoft.DBforMariaDB/servers/azuredbclitest000003","name":"azuredbclitest000003","type":"Microsoft.DBforMariaDB/servers"}'
>>>>>>> 4dfb0f809cd6dea50fe4b352393328d6956cb990
    headers:
      cache-control:
      - no-cache
      content-length:
<<<<<<< HEAD
      - '1140'
      content-type:
      - application/json; charset=utf-8
      date:
      - Sat, 28 Mar 2020 01:13:27 GMT
=======
      - '1141'
      content-type:
      - application/json; charset=utf-8
      date:
      - Thu, 26 Mar 2020 20:41:42 GMT
>>>>>>> 4dfb0f809cd6dea50fe4b352393328d6956cb990
      expires:
      - '-1'
      pragma:
      - no-cache
      server:
      - Microsoft-HTTPAPI/2.0
      strict-transport-security:
      - max-age=31536000; includeSubDomains
      transfer-encoding:
      - chunked
      vary:
      - Accept-Encoding
      x-content-type-options:
      - nosniff
    status:
      code: 200
      message: OK
- request:
    body: '{"properties": {"storageProfile": {"backupRetentionDays": 10, "geoRedundantBackup":
<<<<<<< HEAD
      "Enabled", "storageMB": 5120, "storageAutogrow": "Enabled"}, "administratorLoginPassword":
      "SecretPassword456", "sslEnforcement": "Disabled"}, "tags": {"key": "2"}}'
=======
      "Enabled", "storageMB": 5120, "storageAutogrow": "Enabled"}, "publicNetworkAccess":
      "Disabled"}}'
    headers:
      Accept:
      - application/json
      Accept-Encoding:
      - gzip, deflate
      CommandName:
      - mariadb server update
      Connection:
      - keep-alive
      Content-Length:
      - '180'
      Content-Type:
      - application/json; charset=utf-8
      ParameterSetName:
      - -g --name --public-network-access
      User-Agent:
      - python/3.6.4 (Windows-10-10.0.17763-SP0) msrest/0.6.11 msrest_azure/0.6.3
        azure-mgmt-rdbms/2018-06-01 Azure-SDK-For-Python AZURECLI/2.2.0
      accept-language:
      - en-US
    method: PATCH
    uri: https://management.azure.com/subscriptions/00000000-0000-0000-0000-000000000000/resourceGroups/clitest.rg000001/providers/Microsoft.DBforMariaDB/servers/azuredbclitest000003?api-version=2018-06-01
  response:
    body:
      string: '{"operation":"UpsertElasticServer","startTime":"2020-03-26T20:41:44.253Z"}'
    headers:
      azure-asyncoperation:
      - https://management.azure.com/subscriptions/00000000-0000-0000-0000-000000000000/providers/Microsoft.DBforMariaDB/locations/eastus/azureAsyncOperation/c6e68e00-f100-4fb7-b0e7-920e7bba4547?api-version=2018-06-01
      cache-control:
      - no-cache
      content-length:
      - '74'
      content-type:
      - application/json; charset=utf-8
      date:
      - Thu, 26 Mar 2020 20:41:45 GMT
      expires:
      - '-1'
      location:
      - https://management.azure.com/subscriptions/00000000-0000-0000-0000-000000000000/providers/Microsoft.DBforMariaDB/locations/eastus/operationResults/c6e68e00-f100-4fb7-b0e7-920e7bba4547?api-version=2018-06-01
      pragma:
      - no-cache
      server:
      - Microsoft-HTTPAPI/2.0
      strict-transport-security:
      - max-age=31536000; includeSubDomains
      x-content-type-options:
      - nosniff
      x-ms-ratelimit-remaining-subscription-writes:
      - '1199'
    status:
      code: 202
      message: Accepted
- request:
    body: null
    headers:
      Accept:
      - application/json
      Accept-Encoding:
      - gzip, deflate
      CommandName:
      - mariadb server update
      Connection:
      - keep-alive
      ParameterSetName:
      - -g --name --public-network-access
      User-Agent:
      - python/3.6.4 (Windows-10-10.0.17763-SP0) msrest/0.6.11 msrest_azure/0.6.3
        azure-mgmt-rdbms/2018-06-01 Azure-SDK-For-Python AZURECLI/2.2.0
    method: GET
    uri: https://management.azure.com/subscriptions/00000000-0000-0000-0000-000000000000/providers/Microsoft.DBforMariaDB/locations/eastus/azureAsyncOperation/c6e68e00-f100-4fb7-b0e7-920e7bba4547?api-version=2018-06-01
  response:
    body:
      string: '{"name":"c6e68e00-f100-4fb7-b0e7-920e7bba4547","status":"Succeeded","startTime":"2020-03-26T20:41:44.253Z"}'
    headers:
      cache-control:
      - no-cache
      content-length:
      - '107'
      content-type:
      - application/json; charset=utf-8
      date:
      - Thu, 26 Mar 2020 20:42:45 GMT
      expires:
      - '-1'
      pragma:
      - no-cache
      server:
      - Microsoft-HTTPAPI/2.0
      strict-transport-security:
      - max-age=31536000; includeSubDomains
      transfer-encoding:
      - chunked
      vary:
      - Accept-Encoding
      x-content-type-options:
      - nosniff
    status:
      code: 200
      message: OK
- request:
    body: null
    headers:
      Accept:
      - application/json
      Accept-Encoding:
      - gzip, deflate
      CommandName:
      - mariadb server update
      Connection:
      - keep-alive
      ParameterSetName:
      - -g --name --public-network-access
      User-Agent:
      - python/3.6.4 (Windows-10-10.0.17763-SP0) msrest/0.6.11 msrest_azure/0.6.3
        azure-mgmt-rdbms/2018-06-01 Azure-SDK-For-Python AZURECLI/2.2.0
    method: GET
    uri: https://management.azure.com/subscriptions/00000000-0000-0000-0000-000000000000/resourceGroups/clitest.rg000001/providers/Microsoft.DBforMariaDB/servers/azuredbclitest000003?api-version=2018-06-01
  response:
    body:
      string: '{"sku":{"name":"GP_Gen5_2","tier":"GeneralPurpose","family":"Gen5","capacity":2},"properties":{"administratorLogin":"cloudsa","storageProfile":{"storageMB":5120,"backupRetentionDays":10,"geoRedundantBackup":"Enabled","storageAutogrow":"Enabled"},"version":"10.2","sslEnforcement":"Disabled","minimalTlsVersion":"TLSEnforcementDisabled","userVisibleState":"Ready","fullyQualifiedDomainName":"azuredbclitest000003.mariadb.database.azure.com","earliestRestoreDate":"2020-03-26T20:49:36.327+00:00","replicationRole":"None","masterServerId":"","replicaCapacity":5,"byokEnforcement":"Disabled","infrastructureEncryption":"Disabled","privateEndpointConnections":[],"publicNetworkAccess":"Disabled"},"location":"eastus","tags":{"key":"2"},"id":"/subscriptions/00000000-0000-0000-0000-000000000000/resourceGroups/clitest.rg000001/providers/Microsoft.DBforMariaDB/servers/azuredbclitest000003","name":"azuredbclitest000003","type":"Microsoft.DBforMariaDB/servers"}'
    headers:
      cache-control:
      - no-cache
      content-length:
      - '1142'
      content-type:
      - application/json; charset=utf-8
      date:
      - Thu, 26 Mar 2020 20:42:45 GMT
      expires:
      - '-1'
      pragma:
      - no-cache
      server:
      - Microsoft-HTTPAPI/2.0
      strict-transport-security:
      - max-age=31536000; includeSubDomains
      transfer-encoding:
      - chunked
      vary:
      - Accept-Encoding
      x-content-type-options:
      - nosniff
    status:
      code: 200
      message: OK
- request:
    body: null
    headers:
      Accept:
      - application/json
      Accept-Encoding:
      - gzip, deflate
      CommandName:
      - mariadb server update
      Connection:
      - keep-alive
      ParameterSetName:
      - -g --name --sku-name
      User-Agent:
      - python/3.6.4 (Windows-10-10.0.17763-SP0) msrest/0.6.11 msrest_azure/0.6.3
        azure-mgmt-rdbms/2018-06-01 Azure-SDK-For-Python AZURECLI/2.2.0
      accept-language:
      - en-US
    method: GET
    uri: https://management.azure.com/subscriptions/00000000-0000-0000-0000-000000000000/resourceGroups/clitest.rg000001/providers/Microsoft.DBforMariaDB/servers/azuredbclitest000003?api-version=2018-06-01
  response:
    body:
      string: '{"sku":{"name":"GP_Gen5_2","tier":"GeneralPurpose","family":"Gen5","capacity":2},"properties":{"administratorLogin":"cloudsa","storageProfile":{"storageMB":5120,"backupRetentionDays":10,"geoRedundantBackup":"Enabled","storageAutogrow":"Enabled"},"version":"10.2","sslEnforcement":"Disabled","minimalTlsVersion":"TLSEnforcementDisabled","userVisibleState":"Ready","fullyQualifiedDomainName":"azuredbclitest000003.mariadb.database.azure.com","earliestRestoreDate":"2020-03-26T20:49:36.327+00:00","replicationRole":"None","masterServerId":"","replicaCapacity":5,"byokEnforcement":"Disabled","infrastructureEncryption":"Disabled","privateEndpointConnections":[],"publicNetworkAccess":"Disabled"},"location":"eastus","tags":{"key":"2"},"id":"/subscriptions/00000000-0000-0000-0000-000000000000/resourceGroups/clitest.rg000001/providers/Microsoft.DBforMariaDB/servers/azuredbclitest000003","name":"azuredbclitest000003","type":"Microsoft.DBforMariaDB/servers"}'
    headers:
      cache-control:
      - no-cache
      content-length:
      - '1142'
      content-type:
      - application/json; charset=utf-8
      date:
      - Thu, 26 Mar 2020 20:42:46 GMT
      expires:
      - '-1'
      pragma:
      - no-cache
      server:
      - Microsoft-HTTPAPI/2.0
      strict-transport-security:
      - max-age=31536000; includeSubDomains
      transfer-encoding:
      - chunked
      vary:
      - Accept-Encoding
      x-content-type-options:
      - nosniff
    status:
      code: 200
      message: OK
- request:
    body: '{"sku": {"name": "GP_Gen5_4"}, "properties": {"storageProfile": {"backupRetentionDays":
      10, "geoRedundantBackup": "Enabled", "storageMB": 5120, "storageAutogrow": "Enabled"}}}'
    headers:
      Accept:
      - application/json
      Accept-Encoding:
      - gzip, deflate
      CommandName:
      - mariadb server update
      Connection:
      - keep-alive
      Content-Length:
      - '175'
      Content-Type:
      - application/json; charset=utf-8
      ParameterSetName:
      - -g --name --sku-name
      User-Agent:
      - python/3.6.4 (Windows-10-10.0.17763-SP0) msrest/0.6.11 msrest_azure/0.6.3
        azure-mgmt-rdbms/2018-06-01 Azure-SDK-For-Python AZURECLI/2.2.0
      accept-language:
      - en-US
    method: PATCH
    uri: https://management.azure.com/subscriptions/00000000-0000-0000-0000-000000000000/resourceGroups/clitest.rg000001/providers/Microsoft.DBforMariaDB/servers/azuredbclitest000003?api-version=2018-06-01
  response:
    body:
      string: '{"operation":"UpsertElasticServer","startTime":"2020-03-26T20:42:47.263Z"}'
    headers:
      azure-asyncoperation:
      - https://management.azure.com/subscriptions/00000000-0000-0000-0000-000000000000/providers/Microsoft.DBforMariaDB/locations/eastus/azureAsyncOperation/ac13a2d7-3f61-456b-90d7-3f7321b05008?api-version=2018-06-01
      cache-control:
      - no-cache
      content-length:
      - '74'
      content-type:
      - application/json; charset=utf-8
      date:
      - Thu, 26 Mar 2020 20:42:48 GMT
      expires:
      - '-1'
      location:
      - https://management.azure.com/subscriptions/00000000-0000-0000-0000-000000000000/providers/Microsoft.DBforMariaDB/locations/eastus/operationResults/ac13a2d7-3f61-456b-90d7-3f7321b05008?api-version=2018-06-01
      pragma:
      - no-cache
      server:
      - Microsoft-HTTPAPI/2.0
      strict-transport-security:
      - max-age=31536000; includeSubDomains
      x-content-type-options:
      - nosniff
      x-ms-ratelimit-remaining-subscription-writes:
      - '1199'
    status:
      code: 202
      message: Accepted
- request:
    body: null
    headers:
      Accept:
      - application/json
      Accept-Encoding:
      - gzip, deflate
      CommandName:
      - mariadb server update
      Connection:
      - keep-alive
      ParameterSetName:
      - -g --name --sku-name
      User-Agent:
      - python/3.6.4 (Windows-10-10.0.17763-SP0) msrest/0.6.11 msrest_azure/0.6.3
        azure-mgmt-rdbms/2018-06-01 Azure-SDK-For-Python AZURECLI/2.2.0
    method: GET
    uri: https://management.azure.com/subscriptions/00000000-0000-0000-0000-000000000000/providers/Microsoft.DBforMariaDB/locations/eastus/azureAsyncOperation/ac13a2d7-3f61-456b-90d7-3f7321b05008?api-version=2018-06-01
  response:
    body:
      string: '{"name":"ac13a2d7-3f61-456b-90d7-3f7321b05008","status":"Succeeded","startTime":"2020-03-26T20:42:47.263Z"}'
    headers:
      cache-control:
      - no-cache
      content-length:
      - '107'
      content-type:
      - application/json; charset=utf-8
      date:
      - Thu, 26 Mar 2020 20:43:48 GMT
      expires:
      - '-1'
      pragma:
      - no-cache
      server:
      - Microsoft-HTTPAPI/2.0
      strict-transport-security:
      - max-age=31536000; includeSubDomains
      transfer-encoding:
      - chunked
      vary:
      - Accept-Encoding
      x-content-type-options:
      - nosniff
    status:
      code: 200
      message: OK
- request:
    body: null
    headers:
      Accept:
      - application/json
      Accept-Encoding:
      - gzip, deflate
      CommandName:
      - mariadb server update
      Connection:
      - keep-alive
      ParameterSetName:
      - -g --name --sku-name
      User-Agent:
      - python/3.6.4 (Windows-10-10.0.17763-SP0) msrest/0.6.11 msrest_azure/0.6.3
        azure-mgmt-rdbms/2018-06-01 Azure-SDK-For-Python AZURECLI/2.2.0
    method: GET
    uri: https://management.azure.com/subscriptions/00000000-0000-0000-0000-000000000000/resourceGroups/clitest.rg000001/providers/Microsoft.DBforMariaDB/servers/azuredbclitest000003?api-version=2018-06-01
  response:
    body:
      string: '{"sku":{"name":"GP_Gen5_4","tier":"GeneralPurpose","family":"Gen5","capacity":4},"properties":{"administratorLogin":"cloudsa","storageProfile":{"storageMB":5120,"backupRetentionDays":10,"geoRedundantBackup":"Enabled","storageAutogrow":"Enabled"},"version":"10.2","sslEnforcement":"Disabled","minimalTlsVersion":"TLSEnforcementDisabled","userVisibleState":"Ready","fullyQualifiedDomainName":"azuredbclitest000003.mariadb.database.azure.com","earliestRestoreDate":"2020-03-26T20:49:36.327+00:00","replicationRole":"None","masterServerId":"","replicaCapacity":5,"byokEnforcement":"Disabled","infrastructureEncryption":"Disabled","privateEndpointConnections":[],"publicNetworkAccess":"Disabled"},"location":"eastus","tags":{"key":"2"},"id":"/subscriptions/00000000-0000-0000-0000-000000000000/resourceGroups/clitest.rg000001/providers/Microsoft.DBforMariaDB/servers/azuredbclitest000003","name":"azuredbclitest000003","type":"Microsoft.DBforMariaDB/servers"}'
    headers:
      cache-control:
      - no-cache
      content-length:
      - '1142'
      content-type:
      - application/json; charset=utf-8
      date:
      - Thu, 26 Mar 2020 20:43:48 GMT
      expires:
      - '-1'
      pragma:
      - no-cache
      server:
      - Microsoft-HTTPAPI/2.0
      strict-transport-security:
      - max-age=31536000; includeSubDomains
      transfer-encoding:
      - chunked
      vary:
      - Accept-Encoding
      x-content-type-options:
      - nosniff
    status:
      code: 200
      message: OK
- request:
    body: null
    headers:
      Accept:
      - application/json
      Accept-Encoding:
      - gzip, deflate
      CommandName:
      - mariadb server show
      Connection:
      - keep-alive
      ParameterSetName:
      - -g --name
      User-Agent:
      - python/3.6.4 (Windows-10-10.0.17763-SP0) msrest/0.6.11 msrest_azure/0.6.3
        azure-mgmt-rdbms/2018-06-01 Azure-SDK-For-Python AZURECLI/2.2.0
      accept-language:
      - en-US
    method: GET
    uri: https://management.azure.com/subscriptions/00000000-0000-0000-0000-000000000000/resourceGroups/clitest.rg000001/providers/Microsoft.DBforMariaDB/servers/azuredbclitest000003?api-version=2018-06-01
  response:
    body:
      string: '{"sku":{"name":"GP_Gen5_4","tier":"GeneralPurpose","family":"Gen5","capacity":4},"properties":{"administratorLogin":"cloudsa","storageProfile":{"storageMB":5120,"backupRetentionDays":10,"geoRedundantBackup":"Enabled","storageAutogrow":"Enabled"},"version":"10.2","sslEnforcement":"Disabled","minimalTlsVersion":"TLSEnforcementDisabled","userVisibleState":"Ready","fullyQualifiedDomainName":"azuredbclitest000003.mariadb.database.azure.com","earliestRestoreDate":"2020-03-26T20:49:36.327+00:00","replicationRole":"None","masterServerId":"","replicaCapacity":5,"byokEnforcement":"Disabled","infrastructureEncryption":"Disabled","privateEndpointConnections":[],"publicNetworkAccess":"Disabled"},"location":"eastus","tags":{"key":"2"},"id":"/subscriptions/00000000-0000-0000-0000-000000000000/resourceGroups/clitest.rg000001/providers/Microsoft.DBforMariaDB/servers/azuredbclitest000003","name":"azuredbclitest000003","type":"Microsoft.DBforMariaDB/servers"}'
    headers:
      cache-control:
      - no-cache
      content-length:
      - '1142'
      content-type:
      - application/json; charset=utf-8
      date:
      - Thu, 26 Mar 2020 20:43:49 GMT
      expires:
      - '-1'
      pragma:
      - no-cache
      server:
      - Microsoft-HTTPAPI/2.0
      strict-transport-security:
      - max-age=31536000; includeSubDomains
      transfer-encoding:
      - chunked
      vary:
      - Accept-Encoding
      x-content-type-options:
      - nosniff
    status:
      code: 200
      message: OK
- request:
    body: null
    headers:
      Accept:
      - application/json
      Accept-Encoding:
      - gzip, deflate
      CommandName:
      - mariadb server update
      Connection:
      - keep-alive
      ParameterSetName:
      - -g --name --sku-name
      User-Agent:
      - python/3.6.4 (Windows-10-10.0.17763-SP0) msrest/0.6.11 msrest_azure/0.6.3
        azure-mgmt-rdbms/2018-06-01 Azure-SDK-For-Python AZURECLI/2.2.0
      accept-language:
      - en-US
    method: GET
    uri: https://management.azure.com/subscriptions/00000000-0000-0000-0000-000000000000/resourceGroups/clitest.rg000001/providers/Microsoft.DBforMariaDB/servers/azuredbclitest000003?api-version=2018-06-01
  response:
    body:
      string: '{"sku":{"name":"GP_Gen5_4","tier":"GeneralPurpose","family":"Gen5","capacity":4},"properties":{"administratorLogin":"cloudsa","storageProfile":{"storageMB":5120,"backupRetentionDays":10,"geoRedundantBackup":"Enabled","storageAutogrow":"Enabled"},"version":"10.2","sslEnforcement":"Disabled","minimalTlsVersion":"TLSEnforcementDisabled","userVisibleState":"Ready","fullyQualifiedDomainName":"azuredbclitest000003.mariadb.database.azure.com","earliestRestoreDate":"2020-03-26T20:49:36.327+00:00","replicationRole":"None","masterServerId":"","replicaCapacity":5,"byokEnforcement":"Disabled","infrastructureEncryption":"Disabled","privateEndpointConnections":[],"publicNetworkAccess":"Disabled"},"location":"eastus","tags":{"key":"2"},"id":"/subscriptions/00000000-0000-0000-0000-000000000000/resourceGroups/clitest.rg000001/providers/Microsoft.DBforMariaDB/servers/azuredbclitest000003","name":"azuredbclitest000003","type":"Microsoft.DBforMariaDB/servers"}'
    headers:
      cache-control:
      - no-cache
      content-length:
      - '1142'
      content-type:
      - application/json; charset=utf-8
      date:
      - Thu, 26 Mar 2020 20:43:49 GMT
      expires:
      - '-1'
      pragma:
      - no-cache
      server:
      - Microsoft-HTTPAPI/2.0
      strict-transport-security:
      - max-age=31536000; includeSubDomains
      transfer-encoding:
      - chunked
      vary:
      - Accept-Encoding
      x-content-type-options:
      - nosniff
    status:
      code: 200
      message: OK
- request:
    body: '{"sku": {"name": "GP_Gen5_2"}, "properties": {"storageProfile": {"backupRetentionDays":
      10, "geoRedundantBackup": "Enabled", "storageMB": 5120, "storageAutogrow": "Enabled"}}}'
    headers:
      Accept:
      - application/json
      Accept-Encoding:
      - gzip, deflate
      CommandName:
      - mariadb server update
      Connection:
      - keep-alive
      Content-Length:
      - '175'
      Content-Type:
      - application/json; charset=utf-8
      ParameterSetName:
      - -g --name --sku-name
      User-Agent:
      - python/3.6.4 (Windows-10-10.0.17763-SP0) msrest/0.6.11 msrest_azure/0.6.3
        azure-mgmt-rdbms/2018-06-01 Azure-SDK-For-Python AZURECLI/2.2.0
      accept-language:
      - en-US
    method: PATCH
    uri: https://management.azure.com/subscriptions/00000000-0000-0000-0000-000000000000/resourceGroups/clitest.rg000001/providers/Microsoft.DBforMariaDB/servers/azuredbclitest000003?api-version=2018-06-01
  response:
    body:
      string: '{"operation":"UpsertElasticServer","startTime":"2020-03-26T20:43:51.18Z"}'
    headers:
      azure-asyncoperation:
      - https://management.azure.com/subscriptions/00000000-0000-0000-0000-000000000000/providers/Microsoft.DBforMariaDB/locations/eastus/azureAsyncOperation/8680c91e-71ac-4bbe-9486-c479dc9c0fb3?api-version=2018-06-01
      cache-control:
      - no-cache
      content-length:
      - '73'
      content-type:
      - application/json; charset=utf-8
      date:
      - Thu, 26 Mar 2020 20:43:51 GMT
      expires:
      - '-1'
      location:
      - https://management.azure.com/subscriptions/00000000-0000-0000-0000-000000000000/providers/Microsoft.DBforMariaDB/locations/eastus/operationResults/8680c91e-71ac-4bbe-9486-c479dc9c0fb3?api-version=2018-06-01
      pragma:
      - no-cache
      server:
      - Microsoft-HTTPAPI/2.0
      strict-transport-security:
      - max-age=31536000; includeSubDomains
      x-content-type-options:
      - nosniff
      x-ms-ratelimit-remaining-subscription-writes:
      - '1199'
    status:
      code: 202
      message: Accepted
- request:
    body: null
    headers:
      Accept:
      - application/json
      Accept-Encoding:
      - gzip, deflate
      CommandName:
      - mariadb server update
      Connection:
      - keep-alive
      ParameterSetName:
      - -g --name --sku-name
      User-Agent:
      - python/3.6.4 (Windows-10-10.0.17763-SP0) msrest/0.6.11 msrest_azure/0.6.3
        azure-mgmt-rdbms/2018-06-01 Azure-SDK-For-Python AZURECLI/2.2.0
    method: GET
    uri: https://management.azure.com/subscriptions/00000000-0000-0000-0000-000000000000/providers/Microsoft.DBforMariaDB/locations/eastus/azureAsyncOperation/8680c91e-71ac-4bbe-9486-c479dc9c0fb3?api-version=2018-06-01
  response:
    body:
      string: '{"name":"8680c91e-71ac-4bbe-9486-c479dc9c0fb3","status":"Succeeded","startTime":"2020-03-26T20:43:51.18Z"}'
    headers:
      cache-control:
      - no-cache
      content-length:
      - '106'
      content-type:
      - application/json; charset=utf-8
      date:
      - Thu, 26 Mar 2020 20:44:52 GMT
      expires:
      - '-1'
      pragma:
      - no-cache
      server:
      - Microsoft-HTTPAPI/2.0
      strict-transport-security:
      - max-age=31536000; includeSubDomains
      transfer-encoding:
      - chunked
      vary:
      - Accept-Encoding
      x-content-type-options:
      - nosniff
    status:
      code: 200
      message: OK
- request:
    body: null
    headers:
      Accept:
      - application/json
      Accept-Encoding:
      - gzip, deflate
      CommandName:
      - mariadb server update
      Connection:
      - keep-alive
      ParameterSetName:
      - -g --name --sku-name
      User-Agent:
      - python/3.6.4 (Windows-10-10.0.17763-SP0) msrest/0.6.11 msrest_azure/0.6.3
        azure-mgmt-rdbms/2018-06-01 Azure-SDK-For-Python AZURECLI/2.2.0
    method: GET
    uri: https://management.azure.com/subscriptions/00000000-0000-0000-0000-000000000000/resourceGroups/clitest.rg000001/providers/Microsoft.DBforMariaDB/servers/azuredbclitest000003?api-version=2018-06-01
  response:
    body:
      string: '{"sku":{"name":"GP_Gen5_2","tier":"GeneralPurpose","family":"Gen5","capacity":2},"properties":{"administratorLogin":"cloudsa","storageProfile":{"storageMB":5120,"backupRetentionDays":10,"geoRedundantBackup":"Enabled","storageAutogrow":"Enabled"},"version":"10.2","sslEnforcement":"Disabled","minimalTlsVersion":"TLSEnforcementDisabled","userVisibleState":"Ready","fullyQualifiedDomainName":"azuredbclitest000003.mariadb.database.azure.com","earliestRestoreDate":"2020-03-26T20:49:36.327+00:00","replicationRole":"None","masterServerId":"","replicaCapacity":5,"byokEnforcement":"Disabled","infrastructureEncryption":"Disabled","privateEndpointConnections":[],"publicNetworkAccess":"Disabled"},"location":"eastus","tags":{"key":"2"},"id":"/subscriptions/00000000-0000-0000-0000-000000000000/resourceGroups/clitest.rg000001/providers/Microsoft.DBforMariaDB/servers/azuredbclitest000003","name":"azuredbclitest000003","type":"Microsoft.DBforMariaDB/servers"}'
    headers:
      cache-control:
      - no-cache
      content-length:
      - '1142'
      content-type:
      - application/json; charset=utf-8
      date:
      - Thu, 26 Mar 2020 20:44:52 GMT
      expires:
      - '-1'
      pragma:
      - no-cache
      server:
      - Microsoft-HTTPAPI/2.0
      strict-transport-security:
      - max-age=31536000; includeSubDomains
      transfer-encoding:
      - chunked
      vary:
      - Accept-Encoding
      x-content-type-options:
      - nosniff
    status:
      code: 200
      message: OK
- request:
    body: null
    headers:
      Accept:
      - application/json
      Accept-Encoding:
      - gzip, deflate
      CommandName:
      - mariadb server update
      Connection:
      - keep-alive
      ParameterSetName:
      - -g --name --ssl-enforcement
      User-Agent:
      - python/3.6.4 (Windows-10-10.0.17763-SP0) msrest/0.6.11 msrest_azure/0.6.3
        azure-mgmt-rdbms/2018-06-01 Azure-SDK-For-Python AZURECLI/2.2.0
      accept-language:
      - en-US
    method: GET
    uri: https://management.azure.com/subscriptions/00000000-0000-0000-0000-000000000000/resourceGroups/clitest.rg000001/providers/Microsoft.DBforMariaDB/servers/azuredbclitest000003?api-version=2018-06-01
  response:
    body:
      string: '{"sku":{"name":"GP_Gen5_2","tier":"GeneralPurpose","family":"Gen5","capacity":2},"properties":{"administratorLogin":"cloudsa","storageProfile":{"storageMB":5120,"backupRetentionDays":10,"geoRedundantBackup":"Enabled","storageAutogrow":"Enabled"},"version":"10.2","sslEnforcement":"Disabled","minimalTlsVersion":"TLSEnforcementDisabled","userVisibleState":"Ready","fullyQualifiedDomainName":"azuredbclitest000003.mariadb.database.azure.com","earliestRestoreDate":"2020-03-26T20:49:36.327+00:00","replicationRole":"None","masterServerId":"","replicaCapacity":5,"byokEnforcement":"Disabled","infrastructureEncryption":"Disabled","privateEndpointConnections":[],"publicNetworkAccess":"Disabled"},"location":"eastus","tags":{"key":"2"},"id":"/subscriptions/00000000-0000-0000-0000-000000000000/resourceGroups/clitest.rg000001/providers/Microsoft.DBforMariaDB/servers/azuredbclitest000003","name":"azuredbclitest000003","type":"Microsoft.DBforMariaDB/servers"}'
    headers:
      cache-control:
      - no-cache
      content-length:
      - '1142'
      content-type:
      - application/json; charset=utf-8
      date:
      - Thu, 26 Mar 2020 20:44:53 GMT
      expires:
      - '-1'
      pragma:
      - no-cache
      server:
      - Microsoft-HTTPAPI/2.0
      strict-transport-security:
      - max-age=31536000; includeSubDomains
      transfer-encoding:
      - chunked
      vary:
      - Accept-Encoding
      x-content-type-options:
      - nosniff
    status:
      code: 200
      message: OK
- request:
    body: '{"properties": {"storageProfile": {"backupRetentionDays": 10, "geoRedundantBackup":
      "Enabled", "storageMB": 5120, "storageAutogrow": "Enabled"}, "sslEnforcement":
      "Enabled"}}'
>>>>>>> 4dfb0f809cd6dea50fe4b352393328d6956cb990
    headers:
      Accept:
      - application/json
      Accept-Encoding:
      - gzip, deflate
      CommandName:
      - mariadb server update
      Connection:
      - keep-alive
      Content-Length:
      - '248'
      Content-Type:
      - application/json; charset=utf-8
      ParameterSetName:
      - -g --name --admin-password --ssl-enforcement --tags
      User-Agent:
      - python/3.6.4 (Windows-10-10.0.17763-SP0) msrest/0.6.11 msrest_azure/0.6.3
        azure-mgmt-rdbms/2018-06-01 Azure-SDK-For-Python AZURECLI/2.2.0
      accept-language:
      - en-US
    method: PATCH
    uri: https://management.azure.com/subscriptions/00000000-0000-0000-0000-000000000000/resourceGroups/clitest.rg000001/providers/Microsoft.DBforMariaDB/servers/azuredbclitest000003?api-version=2018-06-01
  response:
    body:
<<<<<<< HEAD
      string: '{"operation":"UpsertElasticServer","startTime":"2020-03-28T01:13:28.823Z"}'
    headers:
      azure-asyncoperation:
      - https://management.azure.com/subscriptions/00000000-0000-0000-0000-000000000000/providers/Microsoft.DBforMariaDB/locations/eastus/azureAsyncOperation/508a8b4b-3a0f-4efe-9346-5de1f53cfc57?api-version=2018-06-01
=======
      string: '{"operation":"UpsertElasticServer","startTime":"2020-03-26T20:44:54.203Z"}'
    headers:
      azure-asyncoperation:
      - https://management.azure.com/subscriptions/00000000-0000-0000-0000-000000000000/providers/Microsoft.DBforMariaDB/locations/eastus/azureAsyncOperation/54c0c90c-fbc4-468f-864b-b516e4cf883f?api-version=2018-06-01
>>>>>>> 4dfb0f809cd6dea50fe4b352393328d6956cb990
      cache-control:
      - no-cache
      content-length:
      - '74'
      content-type:
      - application/json; charset=utf-8
      date:
<<<<<<< HEAD
      - Sat, 28 Mar 2020 01:13:29 GMT
      expires:
      - '-1'
      location:
      - https://management.azure.com/subscriptions/00000000-0000-0000-0000-000000000000/providers/Microsoft.DBforMariaDB/locations/eastus/operationResults/508a8b4b-3a0f-4efe-9346-5de1f53cfc57?api-version=2018-06-01
=======
      - Thu, 26 Mar 2020 20:44:54 GMT
      expires:
      - '-1'
      location:
      - https://management.azure.com/subscriptions/00000000-0000-0000-0000-000000000000/providers/Microsoft.DBforMariaDB/locations/eastus/operationResults/54c0c90c-fbc4-468f-864b-b516e4cf883f?api-version=2018-06-01
>>>>>>> 4dfb0f809cd6dea50fe4b352393328d6956cb990
      pragma:
      - no-cache
      server:
      - Microsoft-HTTPAPI/2.0
      strict-transport-security:
      - max-age=31536000; includeSubDomains
      x-content-type-options:
      - nosniff
      x-ms-ratelimit-remaining-subscription-writes:
      - '1199'
    status:
      code: 202
      message: Accepted
- request:
    body: null
    headers:
      Accept:
      - application/json
      Accept-Encoding:
      - gzip, deflate
      CommandName:
      - mariadb server update
      Connection:
      - keep-alive
      ParameterSetName:
      - -g --name --admin-password --ssl-enforcement --tags
      User-Agent:
      - python/3.6.4 (Windows-10-10.0.17763-SP0) msrest/0.6.11 msrest_azure/0.6.3
        azure-mgmt-rdbms/2018-06-01 Azure-SDK-For-Python AZURECLI/2.2.0
    method: GET
<<<<<<< HEAD
    uri: https://management.azure.com/subscriptions/00000000-0000-0000-0000-000000000000/providers/Microsoft.DBforMariaDB/locations/eastus/azureAsyncOperation/508a8b4b-3a0f-4efe-9346-5de1f53cfc57?api-version=2018-06-01
  response:
    body:
      string: '{"name":"508a8b4b-3a0f-4efe-9346-5de1f53cfc57","status":"Succeeded","startTime":"2020-03-28T01:13:28.823Z"}'
=======
    uri: https://management.azure.com/subscriptions/00000000-0000-0000-0000-000000000000/providers/Microsoft.DBforMariaDB/locations/eastus/azureAsyncOperation/54c0c90c-fbc4-468f-864b-b516e4cf883f?api-version=2018-06-01
  response:
    body:
      string: '{"name":"54c0c90c-fbc4-468f-864b-b516e4cf883f","status":"Succeeded","startTime":"2020-03-26T20:44:54.203Z"}'
>>>>>>> 4dfb0f809cd6dea50fe4b352393328d6956cb990
    headers:
      cache-control:
      - no-cache
      content-length:
      - '107'
      content-type:
      - application/json; charset=utf-8
      date:
<<<<<<< HEAD
      - Sat, 28 Mar 2020 01:14:29 GMT
=======
      - Thu, 26 Mar 2020 20:45:54 GMT
>>>>>>> 4dfb0f809cd6dea50fe4b352393328d6956cb990
      expires:
      - '-1'
      pragma:
      - no-cache
      server:
      - Microsoft-HTTPAPI/2.0
      strict-transport-security:
      - max-age=31536000; includeSubDomains
      transfer-encoding:
      - chunked
      vary:
      - Accept-Encoding
      x-content-type-options:
      - nosniff
    status:
      code: 200
      message: OK
- request:
    body: null
    headers:
      Accept:
      - application/json
      Accept-Encoding:
      - gzip, deflate
      CommandName:
      - mariadb server update
      Connection:
      - keep-alive
      ParameterSetName:
      - -g --name --admin-password --ssl-enforcement --tags
      User-Agent:
      - python/3.6.4 (Windows-10-10.0.17763-SP0) msrest/0.6.11 msrest_azure/0.6.3
        azure-mgmt-rdbms/2018-06-01 Azure-SDK-For-Python AZURECLI/2.2.0
    method: GET
    uri: https://management.azure.com/subscriptions/00000000-0000-0000-0000-000000000000/resourceGroups/clitest.rg000001/providers/Microsoft.DBforMariaDB/servers/azuredbclitest000003?api-version=2018-06-01
  response:
    body:
<<<<<<< HEAD
      string: '{"sku":{"name":"GP_Gen5_2","tier":"GeneralPurpose","family":"Gen5","capacity":2},"properties":{"administratorLogin":"cloudsa","storageProfile":{"storageMB":5120,"backupRetentionDays":10,"geoRedundantBackup":"Enabled","storageAutogrow":"Enabled"},"version":"10.2","sslEnforcement":"Disabled","minimalTlsVersion":"TLSEnforcementDisabled","userVisibleState":"Ready","fullyQualifiedDomainName":"azuredbclitest000003.mariadb.database.azure.com","earliestRestoreDate":"2020-03-28T01:22:24.593+00:00","replicationRole":"None","masterServerId":"","replicaCapacity":5,"byokEnforcement":"Disabled","infrastructureEncryption":"Disabled","privateEndpointConnections":[],"publicNetworkAccess":"Enabled"},"location":"eastus","tags":{"key":"2"},"id":"/subscriptions/00000000-0000-0000-0000-000000000000/resourceGroups/clitest.rg000001/providers/Microsoft.DBforMariaDB/servers/azuredbclitest000003","name":"azuredbclitest000003","type":"Microsoft.DBforMariaDB/servers"}'
=======
      string: '{"sku":{"name":"GP_Gen5_2","tier":"GeneralPurpose","family":"Gen5","capacity":2},"properties":{"administratorLogin":"cloudsa","storageProfile":{"storageMB":5120,"backupRetentionDays":10,"geoRedundantBackup":"Enabled","storageAutogrow":"Enabled"},"version":"10.2","sslEnforcement":"Enabled","minimalTlsVersion":"TLSEnforcementDisabled","userVisibleState":"Ready","fullyQualifiedDomainName":"azuredbclitest000003.mariadb.database.azure.com","earliestRestoreDate":"2020-03-26T20:49:36.327+00:00","replicationRole":"None","masterServerId":"","replicaCapacity":5,"byokEnforcement":"Disabled","infrastructureEncryption":"Disabled","privateEndpointConnections":[],"publicNetworkAccess":"Disabled"},"location":"eastus","tags":{"key":"2"},"id":"/subscriptions/00000000-0000-0000-0000-000000000000/resourceGroups/clitest.rg000001/providers/Microsoft.DBforMariaDB/servers/azuredbclitest000003","name":"azuredbclitest000003","type":"Microsoft.DBforMariaDB/servers"}'
>>>>>>> 4dfb0f809cd6dea50fe4b352393328d6956cb990
    headers:
      cache-control:
      - no-cache
      content-length:
      - '1141'
      content-type:
      - application/json; charset=utf-8
      date:
<<<<<<< HEAD
      - Sat, 28 Mar 2020 01:14:29 GMT
=======
      - Thu, 26 Mar 2020 20:45:55 GMT
>>>>>>> 4dfb0f809cd6dea50fe4b352393328d6956cb990
      expires:
      - '-1'
      pragma:
      - no-cache
      server:
      - Microsoft-HTTPAPI/2.0
      strict-transport-security:
      - max-age=31536000; includeSubDomains
      transfer-encoding:
      - chunked
      vary:
      - Accept-Encoding
      x-content-type-options:
      - nosniff
    status:
      code: 200
      message: OK
- request:
    body: null
    headers:
      Accept:
      - application/json
      Accept-Encoding:
      - gzip, deflate
      CommandName:
      - mariadb server update
      Connection:
      - keep-alive
      ParameterSetName:
      - -g --name --public-network-access
      User-Agent:
      - python/3.6.4 (Windows-10-10.0.17763-SP0) msrest/0.6.11 msrest_azure/0.6.3
        azure-mgmt-rdbms/2018-06-01 Azure-SDK-For-Python AZURECLI/2.2.0
      accept-language:
      - en-US
    method: GET
    uri: https://management.azure.com/subscriptions/00000000-0000-0000-0000-000000000000/resourceGroups/clitest.rg000001/providers/Microsoft.DBforMariaDB/servers/azuredbclitest000003?api-version=2018-06-01
  response:
    body:
<<<<<<< HEAD
      string: '{"sku":{"name":"GP_Gen5_2","tier":"GeneralPurpose","family":"Gen5","capacity":2},"properties":{"administratorLogin":"cloudsa","storageProfile":{"storageMB":5120,"backupRetentionDays":10,"geoRedundantBackup":"Enabled","storageAutogrow":"Enabled"},"version":"10.2","sslEnforcement":"Disabled","minimalTlsVersion":"TLSEnforcementDisabled","userVisibleState":"Ready","fullyQualifiedDomainName":"azuredbclitest000003.mariadb.database.azure.com","earliestRestoreDate":"2020-03-28T01:22:24.593+00:00","replicationRole":"None","masterServerId":"","replicaCapacity":5,"byokEnforcement":"Disabled","infrastructureEncryption":"Disabled","privateEndpointConnections":[],"publicNetworkAccess":"Enabled"},"location":"eastus","tags":{"key":"2"},"id":"/subscriptions/00000000-0000-0000-0000-000000000000/resourceGroups/clitest.rg000001/providers/Microsoft.DBforMariaDB/servers/azuredbclitest000003","name":"azuredbclitest000003","type":"Microsoft.DBforMariaDB/servers"}'
=======
      string: '{"sku":{"name":"GP_Gen5_2","tier":"GeneralPurpose","family":"Gen5","capacity":2},"properties":{"administratorLogin":"cloudsa","storageProfile":{"storageMB":5120,"backupRetentionDays":10,"geoRedundantBackup":"Enabled","storageAutogrow":"Enabled"},"version":"10.2","sslEnforcement":"Enabled","minimalTlsVersion":"TLSEnforcementDisabled","userVisibleState":"Ready","fullyQualifiedDomainName":"azuredbclitest000003.mariadb.database.azure.com","earliestRestoreDate":"2020-03-26T20:49:36.327+00:00","replicationRole":"None","masterServerId":"","replicaCapacity":5,"byokEnforcement":"Disabled","infrastructureEncryption":"Disabled","privateEndpointConnections":[],"publicNetworkAccess":"Disabled"},"location":"eastus","tags":{"key":"2"},"id":"/subscriptions/00000000-0000-0000-0000-000000000000/resourceGroups/clitest.rg000001/providers/Microsoft.DBforMariaDB/servers/azuredbclitest000003","name":"azuredbclitest000003","type":"Microsoft.DBforMariaDB/servers"}'
>>>>>>> 4dfb0f809cd6dea50fe4b352393328d6956cb990
    headers:
      cache-control:
      - no-cache
      content-length:
      - '1141'
      content-type:
      - application/json; charset=utf-8
      date:
<<<<<<< HEAD
      - Sat, 28 Mar 2020 01:14:30 GMT
=======
      - Thu, 26 Mar 2020 20:45:56 GMT
>>>>>>> 4dfb0f809cd6dea50fe4b352393328d6956cb990
      expires:
      - '-1'
      pragma:
      - no-cache
      server:
      - Microsoft-HTTPAPI/2.0
      strict-transport-security:
      - max-age=31536000; includeSubDomains
      transfer-encoding:
      - chunked
      vary:
      - Accept-Encoding
      x-content-type-options:
      - nosniff
    status:
      code: 200
      message: OK
- request:
    body: '{"properties": {"storageProfile": {"backupRetentionDays": 10, "geoRedundantBackup":
      "Enabled", "storageMB": 5120, "storageAutogrow": "Enabled"}, "publicNetworkAccess":
      "Disabled"}}'
    headers:
      Accept:
      - application/json
      Accept-Encoding:
      - gzip, deflate
      CommandName:
      - mariadb server update
      Connection:
      - keep-alive
      Content-Length:
      - '180'
      Content-Type:
      - application/json; charset=utf-8
      ParameterSetName:
      - -g --name --public-network-access
      User-Agent:
      - python/3.6.4 (Windows-10-10.0.17763-SP0) msrest/0.6.11 msrest_azure/0.6.3
        azure-mgmt-rdbms/2018-06-01 Azure-SDK-For-Python AZURECLI/2.2.0
      accept-language:
      - en-US
    method: PATCH
    uri: https://management.azure.com/subscriptions/00000000-0000-0000-0000-000000000000/resourceGroups/clitest.rg000001/providers/Microsoft.DBforMariaDB/servers/azuredbclitest000003?api-version=2018-06-01
  response:
    body:
<<<<<<< HEAD
      string: '{"operation":"UpsertElasticServer","startTime":"2020-03-28T01:14:32.22Z"}'
    headers:
      azure-asyncoperation:
      - https://management.azure.com/subscriptions/00000000-0000-0000-0000-000000000000/providers/Microsoft.DBforMariaDB/locations/eastus/azureAsyncOperation/87dcd8c1-d2f4-43aa-bde7-84a53d35be7c?api-version=2018-06-01
=======
      string: '{"operation":"UpsertElasticServer","startTime":"2020-03-26T20:45:57.53Z"}'
    headers:
      azure-asyncoperation:
      - https://management.azure.com/subscriptions/00000000-0000-0000-0000-000000000000/providers/Microsoft.DBforMariaDB/locations/eastus/azureAsyncOperation/d86fd632-e256-4316-8ea7-6df42d587337?api-version=2018-06-01
>>>>>>> 4dfb0f809cd6dea50fe4b352393328d6956cb990
      cache-control:
      - no-cache
      content-length:
      - '73'
      content-type:
      - application/json; charset=utf-8
      date:
<<<<<<< HEAD
      - Sat, 28 Mar 2020 01:14:32 GMT
      expires:
      - '-1'
      location:
      - https://management.azure.com/subscriptions/00000000-0000-0000-0000-000000000000/providers/Microsoft.DBforMariaDB/locations/eastus/operationResults/87dcd8c1-d2f4-43aa-bde7-84a53d35be7c?api-version=2018-06-01
=======
      - Thu, 26 Mar 2020 20:45:57 GMT
      expires:
      - '-1'
      location:
      - https://management.azure.com/subscriptions/00000000-0000-0000-0000-000000000000/providers/Microsoft.DBforMariaDB/locations/eastus/operationResults/d86fd632-e256-4316-8ea7-6df42d587337?api-version=2018-06-01
>>>>>>> 4dfb0f809cd6dea50fe4b352393328d6956cb990
      pragma:
      - no-cache
      server:
      - Microsoft-HTTPAPI/2.0
      strict-transport-security:
      - max-age=31536000; includeSubDomains
      x-content-type-options:
      - nosniff
      x-ms-ratelimit-remaining-subscription-writes:
      - '1199'
    status:
      code: 202
      message: Accepted
- request:
    body: null
    headers:
      Accept:
      - application/json
      Accept-Encoding:
      - gzip, deflate
      CommandName:
      - mariadb server update
      Connection:
      - keep-alive
      ParameterSetName:
      - -g --name --public-network-access
      User-Agent:
      - python/3.6.4 (Windows-10-10.0.17763-SP0) msrest/0.6.11 msrest_azure/0.6.3
        azure-mgmt-rdbms/2018-06-01 Azure-SDK-For-Python AZURECLI/2.2.0
    method: GET
<<<<<<< HEAD
    uri: https://management.azure.com/subscriptions/00000000-0000-0000-0000-000000000000/providers/Microsoft.DBforMariaDB/locations/eastus/azureAsyncOperation/87dcd8c1-d2f4-43aa-bde7-84a53d35be7c?api-version=2018-06-01
  response:
    body:
      string: '{"name":"87dcd8c1-d2f4-43aa-bde7-84a53d35be7c","status":"Succeeded","startTime":"2020-03-28T01:14:32.22Z"}'
=======
    uri: https://management.azure.com/subscriptions/00000000-0000-0000-0000-000000000000/providers/Microsoft.DBforMariaDB/locations/eastus/azureAsyncOperation/d86fd632-e256-4316-8ea7-6df42d587337?api-version=2018-06-01
  response:
    body:
      string: '{"name":"d86fd632-e256-4316-8ea7-6df42d587337","status":"Succeeded","startTime":"2020-03-26T20:45:57.53Z"}'
>>>>>>> 4dfb0f809cd6dea50fe4b352393328d6956cb990
    headers:
      cache-control:
      - no-cache
      content-length:
      - '106'
      content-type:
      - application/json; charset=utf-8
      date:
<<<<<<< HEAD
      - Sat, 28 Mar 2020 01:15:33 GMT
=======
      - Thu, 26 Mar 2020 20:46:58 GMT
>>>>>>> 4dfb0f809cd6dea50fe4b352393328d6956cb990
      expires:
      - '-1'
      pragma:
      - no-cache
      server:
      - Microsoft-HTTPAPI/2.0
      strict-transport-security:
      - max-age=31536000; includeSubDomains
      transfer-encoding:
      - chunked
      vary:
      - Accept-Encoding
      x-content-type-options:
      - nosniff
    status:
      code: 200
      message: OK
- request:
    body: null
    headers:
      Accept:
      - application/json
      Accept-Encoding:
      - gzip, deflate
      CommandName:
      - mariadb server update
      Connection:
      - keep-alive
      ParameterSetName:
      - -g --name --public-network-access
      User-Agent:
      - python/3.6.4 (Windows-10-10.0.17763-SP0) msrest/0.6.11 msrest_azure/0.6.3
        azure-mgmt-rdbms/2018-06-01 Azure-SDK-For-Python AZURECLI/2.2.0
    method: GET
    uri: https://management.azure.com/subscriptions/00000000-0000-0000-0000-000000000000/resourceGroups/clitest.rg000001/providers/Microsoft.DBforMariaDB/servers/azuredbclitest000003?api-version=2018-06-01
  response:
    body:
<<<<<<< HEAD
      string: '{"sku":{"name":"GP_Gen5_2","tier":"GeneralPurpose","family":"Gen5","capacity":2},"properties":{"administratorLogin":"cloudsa","storageProfile":{"storageMB":5120,"backupRetentionDays":10,"geoRedundantBackup":"Enabled","storageAutogrow":"Enabled"},"version":"10.2","sslEnforcement":"Disabled","minimalTlsVersion":"TLSEnforcementDisabled","userVisibleState":"Ready","fullyQualifiedDomainName":"azuredbclitest000003.mariadb.database.azure.com","earliestRestoreDate":"2020-03-28T01:22:24.593+00:00","replicationRole":"None","masterServerId":"","replicaCapacity":5,"byokEnforcement":"Disabled","infrastructureEncryption":"Disabled","privateEndpointConnections":[],"publicNetworkAccess":"Disabled"},"location":"eastus","tags":{"key":"2"},"id":"/subscriptions/00000000-0000-0000-0000-000000000000/resourceGroups/clitest.rg000001/providers/Microsoft.DBforMariaDB/servers/azuredbclitest000003","name":"azuredbclitest000003","type":"Microsoft.DBforMariaDB/servers"}'
=======
      string: '{"sku":{"name":"GP_Gen5_2","tier":"GeneralPurpose","family":"Gen5","capacity":2},"properties":{"administratorLogin":"cloudsa","storageProfile":{"storageMB":5120,"backupRetentionDays":10,"geoRedundantBackup":"Enabled","storageAutogrow":"Enabled"},"version":"10.2","sslEnforcement":"Enabled","minimalTlsVersion":"TLSEnforcementDisabled","userVisibleState":"Ready","fullyQualifiedDomainName":"azuredbclitest000003.mariadb.database.azure.com","earliestRestoreDate":"2020-03-26T20:49:36.327+00:00","replicationRole":"None","masterServerId":"","replicaCapacity":5,"byokEnforcement":"Disabled","infrastructureEncryption":"Disabled","privateEndpointConnections":[],"publicNetworkAccess":"Disabled"},"location":"eastus","tags":{"key":"3"},"id":"/subscriptions/00000000-0000-0000-0000-000000000000/resourceGroups/clitest.rg000001/providers/Microsoft.DBforMariaDB/servers/azuredbclitest000003","name":"azuredbclitest000003","type":"Microsoft.DBforMariaDB/servers"}'
>>>>>>> 4dfb0f809cd6dea50fe4b352393328d6956cb990
    headers:
      cache-control:
      - no-cache
      content-length:
<<<<<<< HEAD
      - '1142'
      content-type:
      - application/json; charset=utf-8
      date:
      - Sat, 28 Mar 2020 01:15:33 GMT
=======
      - '1141'
      content-type:
      - application/json; charset=utf-8
      date:
      - Thu, 26 Mar 2020 20:46:58 GMT
>>>>>>> 4dfb0f809cd6dea50fe4b352393328d6956cb990
      expires:
      - '-1'
      pragma:
      - no-cache
      server:
      - Microsoft-HTTPAPI/2.0
      strict-transport-security:
      - max-age=31536000; includeSubDomains
      transfer-encoding:
      - chunked
      vary:
      - Accept-Encoding
      x-content-type-options:
      - nosniff
    status:
      code: 200
      message: OK
- request:
    body: null
    headers:
      Accept:
      - application/json
      Accept-Encoding:
      - gzip, deflate
      CommandName:
<<<<<<< HEAD
      - mariadb server update
      Connection:
      - keep-alive
      ParameterSetName:
      - -g --name --sku-name
=======
      - mariadb server georestore
      Connection:
      - keep-alive
      ParameterSetName:
      - -g --name --source-server -l --geo-redundant-backup --backup-retention
>>>>>>> 4dfb0f809cd6dea50fe4b352393328d6956cb990
      User-Agent:
      - python/3.6.4 (Windows-10-10.0.17763-SP0) msrest/0.6.11 msrest_azure/0.6.3
        azure-mgmt-rdbms/2018-06-01 Azure-SDK-For-Python AZURECLI/2.2.0
      accept-language:
      - en-US
    method: GET
    uri: https://management.azure.com/subscriptions/00000000-0000-0000-0000-000000000000/resourceGroups/clitest.rg000001/providers/Microsoft.DBforMariaDB/servers/azuredbclitest000003?api-version=2018-06-01
  response:
    body:
<<<<<<< HEAD
      string: '{"sku":{"name":"GP_Gen5_2","tier":"GeneralPurpose","family":"Gen5","capacity":2},"properties":{"administratorLogin":"cloudsa","storageProfile":{"storageMB":5120,"backupRetentionDays":10,"geoRedundantBackup":"Enabled","storageAutogrow":"Enabled"},"version":"10.2","sslEnforcement":"Disabled","minimalTlsVersion":"TLSEnforcementDisabled","userVisibleState":"Ready","fullyQualifiedDomainName":"azuredbclitest000003.mariadb.database.azure.com","earliestRestoreDate":"2020-03-28T01:22:24.593+00:00","replicationRole":"None","masterServerId":"","replicaCapacity":5,"byokEnforcement":"Disabled","infrastructureEncryption":"Disabled","privateEndpointConnections":[],"publicNetworkAccess":"Disabled"},"location":"eastus","tags":{"key":"2"},"id":"/subscriptions/00000000-0000-0000-0000-000000000000/resourceGroups/clitest.rg000001/providers/Microsoft.DBforMariaDB/servers/azuredbclitest000003","name":"azuredbclitest000003","type":"Microsoft.DBforMariaDB/servers"}'
=======
      string: '{"sku":{"name":"GP_Gen5_2","tier":"GeneralPurpose","family":"Gen5","capacity":2},"properties":{"administratorLogin":"cloudsa","storageProfile":{"storageMB":5120,"backupRetentionDays":10,"geoRedundantBackup":"Enabled","storageAutogrow":"Enabled"},"version":"10.2","sslEnforcement":"Enabled","minimalTlsVersion":"TLSEnforcementDisabled","userVisibleState":"Ready","fullyQualifiedDomainName":"azuredbclitest000003.mariadb.database.azure.com","earliestRestoreDate":"2020-03-26T20:49:36.327+00:00","replicationRole":"None","masterServerId":"","replicaCapacity":5,"byokEnforcement":"Disabled","infrastructureEncryption":"Disabled","privateEndpointConnections":[],"publicNetworkAccess":"Disabled"},"location":"eastus","tags":{"key":"3"},"id":"/subscriptions/00000000-0000-0000-0000-000000000000/resourceGroups/clitest.rg000001/providers/Microsoft.DBforMariaDB/servers/azuredbclitest000003","name":"azuredbclitest000003","type":"Microsoft.DBforMariaDB/servers"}'
>>>>>>> 4dfb0f809cd6dea50fe4b352393328d6956cb990
    headers:
      cache-control:
      - no-cache
      content-length:
<<<<<<< HEAD
      - '1142'
      content-type:
      - application/json; charset=utf-8
      date:
      - Sat, 28 Mar 2020 01:15:34 GMT
=======
      - '1141'
      content-type:
      - application/json; charset=utf-8
      date:
      - Thu, 26 Mar 2020 20:46:59 GMT
>>>>>>> 4dfb0f809cd6dea50fe4b352393328d6956cb990
      expires:
      - '-1'
      pragma:
      - no-cache
      server:
      - Microsoft-HTTPAPI/2.0
      strict-transport-security:
      - max-age=31536000; includeSubDomains
      transfer-encoding:
      - chunked
      vary:
      - Accept-Encoding
      x-content-type-options:
      - nosniff
    status:
      code: 200
      message: OK
- request:
<<<<<<< HEAD
    body: '{"sku": {"name": "GP_Gen5_4"}, "properties": {"storageProfile": {"backupRetentionDays":
      10, "geoRedundantBackup": "Enabled", "storageMB": 5120, "storageAutogrow": "Enabled"}}}'
=======
    body: 'b''{"sku": {"name": "GP_Gen5_2"}, "properties": {"storageProfile": {"backupRetentionDays":
      20, "geoRedundantBackup": "Disabled"}, "createMode": "GeoRestore", "sourceServerId":
      "/subscriptions/00000000-0000-0000-0000-000000000000/resourceGroups/clitest.rg000001/providers/Microsoft.DBforMariaDB/servers/azuredbclitest000003"},
      "location": "eastus"}'''
>>>>>>> 4dfb0f809cd6dea50fe4b352393328d6956cb990
    headers:
      Accept:
      - application/json
      Accept-Encoding:
      - gzip, deflate
      CommandName:
<<<<<<< HEAD
      - mariadb server update
      Connection:
      - keep-alive
      Content-Length:
      - '175'
      Content-Type:
      - application/json; charset=utf-8
      ParameterSetName:
      - -g --name --sku-name
=======
      - mariadb server georestore
      Connection:
      - keep-alive
      Content-Length:
      - '446'
      Content-Type:
      - application/json; charset=utf-8
      ParameterSetName:
      - -g --name --source-server -l --geo-redundant-backup --backup-retention
>>>>>>> 4dfb0f809cd6dea50fe4b352393328d6956cb990
      User-Agent:
      - python/3.6.4 (Windows-10-10.0.17763-SP0) msrest/0.6.11 msrest_azure/0.6.3
        azure-mgmt-rdbms/2018-06-01 Azure-SDK-For-Python AZURECLI/2.2.0
      accept-language:
      - en-US
<<<<<<< HEAD
    method: PATCH
    uri: https://management.azure.com/subscriptions/00000000-0000-0000-0000-000000000000/resourceGroups/clitest.rg000001/providers/Microsoft.DBforMariaDB/servers/azuredbclitest000003?api-version=2018-06-01
  response:
    body:
      string: '{"operation":"UpsertElasticServer","startTime":"2020-03-28T01:15:35.423Z"}'
    headers:
      azure-asyncoperation:
      - https://management.azure.com/subscriptions/00000000-0000-0000-0000-000000000000/providers/Microsoft.DBforMariaDB/locations/eastus/azureAsyncOperation/d54091c0-76f3-46ef-ba85-e48f0a2d0f9d?api-version=2018-06-01
=======
    method: PUT
    uri: https://management.azure.com/subscriptions/00000000-0000-0000-0000-000000000000/resourceGroups/clitest.rg000002/providers/Microsoft.DBforMariaDB/servers/azuredbcligeorestore000005?api-version=2018-06-01
  response:
    body:
      string: '{"operation":"RestoreElasticServer","startTime":"2020-03-26T20:47:01.22Z"}'
    headers:
      azure-asyncoperation:
      - https://management.azure.com/subscriptions/00000000-0000-0000-0000-000000000000/providers/Microsoft.DBforMariaDB/locations/eastus/azureAsyncOperation/49b85811-6a5d-4aef-8501-f4b8897a26a3?api-version=2018-06-01
>>>>>>> 4dfb0f809cd6dea50fe4b352393328d6956cb990
      cache-control:
      - no-cache
      content-length:
      - '74'
      content-type:
      - application/json; charset=utf-8
      date:
<<<<<<< HEAD
      - Sat, 28 Mar 2020 01:15:36 GMT
      expires:
      - '-1'
      location:
      - https://management.azure.com/subscriptions/00000000-0000-0000-0000-000000000000/providers/Microsoft.DBforMariaDB/locations/eastus/operationResults/d54091c0-76f3-46ef-ba85-e48f0a2d0f9d?api-version=2018-06-01
=======
      - Thu, 26 Mar 2020 20:47:00 GMT
      expires:
      - '-1'
      location:
      - https://management.azure.com/subscriptions/00000000-0000-0000-0000-000000000000/providers/Microsoft.DBforMariaDB/locations/eastus/operationResults/49b85811-6a5d-4aef-8501-f4b8897a26a3?api-version=2018-06-01
>>>>>>> 4dfb0f809cd6dea50fe4b352393328d6956cb990
      pragma:
      - no-cache
      server:
      - Microsoft-HTTPAPI/2.0
      strict-transport-security:
      - max-age=31536000; includeSubDomains
      x-content-type-options:
      - nosniff
      x-ms-ratelimit-remaining-subscription-writes:
      - '1199'
    status:
      code: 202
      message: Accepted
- request:
    body: null
    headers:
      Accept:
      - application/json
      Accept-Encoding:
      - gzip, deflate
      CommandName:
<<<<<<< HEAD
      - mariadb server update
      Connection:
      - keep-alive
      ParameterSetName:
      - -g --name --sku-name
=======
      - mariadb server georestore
      Connection:
      - keep-alive
      ParameterSetName:
      - -g --name --source-server -l --geo-redundant-backup --backup-retention
>>>>>>> 4dfb0f809cd6dea50fe4b352393328d6956cb990
      User-Agent:
      - python/3.6.4 (Windows-10-10.0.17763-SP0) msrest/0.6.11 msrest_azure/0.6.3
        azure-mgmt-rdbms/2018-06-01 Azure-SDK-For-Python AZURECLI/2.2.0
    method: GET
<<<<<<< HEAD
    uri: https://management.azure.com/subscriptions/00000000-0000-0000-0000-000000000000/providers/Microsoft.DBforMariaDB/locations/eastus/azureAsyncOperation/d54091c0-76f3-46ef-ba85-e48f0a2d0f9d?api-version=2018-06-01
  response:
    body:
      string: '{"name":"d54091c0-76f3-46ef-ba85-e48f0a2d0f9d","status":"Succeeded","startTime":"2020-03-28T01:15:35.423Z"}'
=======
    uri: https://management.azure.com/subscriptions/00000000-0000-0000-0000-000000000000/providers/Microsoft.DBforMariaDB/locations/eastus/azureAsyncOperation/49b85811-6a5d-4aef-8501-f4b8897a26a3?api-version=2018-06-01
  response:
    body:
      string: '{"name":"49b85811-6a5d-4aef-8501-f4b8897a26a3","status":"Failed","startTime":"2020-03-26T20:47:01.22Z","error":{"code":"SubscriptionDoesNotHaveServer","message":"Subscription
        ''8403da61-2731-4c0e-a00c-1ecd41e0d247'' does not have the server ''azuredbclitest000003''."}}'
>>>>>>> 4dfb0f809cd6dea50fe4b352393328d6956cb990
    headers:
      cache-control:
      - no-cache
      content-length:
      - '308'
      content-type:
      - application/json; charset=utf-8
      date:
<<<<<<< HEAD
      - Sat, 28 Mar 2020 01:16:36 GMT
=======
      - Thu, 26 Mar 2020 20:47:11 GMT
>>>>>>> 4dfb0f809cd6dea50fe4b352393328d6956cb990
      expires:
      - '-1'
      pragma:
      - no-cache
      server:
      - Microsoft-HTTPAPI/2.0
      strict-transport-security:
      - max-age=31536000; includeSubDomains
      transfer-encoding:
      - chunked
      vary:
      - Accept-Encoding
      x-content-type-options:
      - nosniff
    status:
      code: 200
      message: OK
- request:
    body: null
    headers:
      Accept:
      - application/json
      Accept-Encoding:
      - gzip, deflate
      CommandName:
<<<<<<< HEAD
      - mariadb server update
      Connection:
      - keep-alive
      ParameterSetName:
      - -g --name --sku-name
      User-Agent:
      - python/3.6.4 (Windows-10-10.0.17763-SP0) msrest/0.6.11 msrest_azure/0.6.3
        azure-mgmt-rdbms/2018-06-01 Azure-SDK-For-Python AZURECLI/2.2.0
    method: GET
    uri: https://management.azure.com/subscriptions/00000000-0000-0000-0000-000000000000/resourceGroups/clitest.rg000001/providers/Microsoft.DBforMariaDB/servers/azuredbclitest000003?api-version=2018-06-01
  response:
    body:
      string: '{"sku":{"name":"GP_Gen5_4","tier":"GeneralPurpose","family":"Gen5","capacity":4},"properties":{"administratorLogin":"cloudsa","storageProfile":{"storageMB":5120,"backupRetentionDays":10,"geoRedundantBackup":"Enabled","storageAutogrow":"Enabled"},"version":"10.2","sslEnforcement":"Disabled","minimalTlsVersion":"TLSEnforcementDisabled","userVisibleState":"Ready","fullyQualifiedDomainName":"azuredbclitest000003.mariadb.database.azure.com","earliestRestoreDate":"2020-03-28T01:22:24.593+00:00","replicationRole":"None","masterServerId":"","replicaCapacity":5,"byokEnforcement":"Disabled","infrastructureEncryption":"Disabled","privateEndpointConnections":[],"publicNetworkAccess":"Disabled"},"location":"eastus","tags":{"key":"2"},"id":"/subscriptions/00000000-0000-0000-0000-000000000000/resourceGroups/clitest.rg000001/providers/Microsoft.DBforMariaDB/servers/azuredbclitest000003","name":"azuredbclitest000003","type":"Microsoft.DBforMariaDB/servers"}'
=======
      - mariadb server list
      Connection:
      - keep-alive
      ParameterSetName:
      - -g
      User-Agent:
      - python/3.6.4 (Windows-10-10.0.17763-SP0) msrest/0.6.11 msrest_azure/0.6.3
        azure-mgmt-rdbms/2018-06-01 Azure-SDK-For-Python AZURECLI/2.2.0
      accept-language:
      - en-US
    method: GET
    uri: https://management.azure.com/subscriptions/00000000-0000-0000-0000-000000000000/resourceGroups/clitest.rg000002/providers/Microsoft.DBforMariaDB/servers?api-version=2018-06-01
  response:
    body:
      string: '{"value":[]}'
>>>>>>> 4dfb0f809cd6dea50fe4b352393328d6956cb990
    headers:
      cache-control:
      - no-cache
      content-length:
<<<<<<< HEAD
      - '1142'
      content-type:
      - application/json; charset=utf-8
      date:
      - Sat, 28 Mar 2020 01:16:36 GMT
=======
      - '12'
      content-type:
      - application/json; charset=utf-8
      date:
      - Thu, 26 Mar 2020 20:47:12 GMT
>>>>>>> 4dfb0f809cd6dea50fe4b352393328d6956cb990
      expires:
      - '-1'
      pragma:
      - no-cache
      server:
      - Microsoft-HTTPAPI/2.0
      strict-transport-security:
      - max-age=31536000; includeSubDomains
      transfer-encoding:
      - chunked
      vary:
      - Accept-Encoding
      x-content-type-options:
      - nosniff
    status:
      code: 200
      message: OK
- request:
    body: null
    headers:
      Accept:
      - application/json
      Accept-Encoding:
      - gzip, deflate
      CommandName:
<<<<<<< HEAD
      - mariadb server show
      Connection:
      - keep-alive
      ParameterSetName:
      - -g --name
=======
      - mariadb server list
      Connection:
      - keep-alive
>>>>>>> 4dfb0f809cd6dea50fe4b352393328d6956cb990
      User-Agent:
      - python/3.6.4 (Windows-10-10.0.17763-SP0) msrest/0.6.11 msrest_azure/0.6.3
        azure-mgmt-rdbms/2018-06-01 Azure-SDK-For-Python AZURECLI/2.2.0
      accept-language:
      - en-US
    method: GET
<<<<<<< HEAD
    uri: https://management.azure.com/subscriptions/00000000-0000-0000-0000-000000000000/resourceGroups/clitest.rg000001/providers/Microsoft.DBforMariaDB/servers/azuredbclitest000003?api-version=2018-06-01
  response:
    body:
      string: '{"sku":{"name":"GP_Gen5_4","tier":"GeneralPurpose","family":"Gen5","capacity":4},"properties":{"administratorLogin":"cloudsa","storageProfile":{"storageMB":5120,"backupRetentionDays":10,"geoRedundantBackup":"Enabled","storageAutogrow":"Enabled"},"version":"10.2","sslEnforcement":"Disabled","minimalTlsVersion":"TLSEnforcementDisabled","userVisibleState":"Ready","fullyQualifiedDomainName":"azuredbclitest000003.mariadb.database.azure.com","earliestRestoreDate":"2020-03-28T01:22:24.593+00:00","replicationRole":"None","masterServerId":"","replicaCapacity":5,"byokEnforcement":"Disabled","infrastructureEncryption":"Disabled","privateEndpointConnections":[],"publicNetworkAccess":"Disabled"},"location":"eastus","tags":{"key":"2"},"id":"/subscriptions/00000000-0000-0000-0000-000000000000/resourceGroups/clitest.rg000001/providers/Microsoft.DBforMariaDB/servers/azuredbclitest000003","name":"azuredbclitest000003","type":"Microsoft.DBforMariaDB/servers"}'
=======
    uri: https://management.azure.com/subscriptions/00000000-0000-0000-0000-000000000000/providers/Microsoft.DBforMariaDB/servers?api-version=2018-06-01
  response:
    body:
      string: '{"value":[{"sku":{"name":"GP_Gen5_2","tier":"GeneralPurpose","family":"Gen5","capacity":2},"properties":{"administratorLogin":"cloudsa","storageProfile":{"storageMB":5120,"backupRetentionDays":10,"geoRedundantBackup":"Enabled","storageAutogrow":"Enabled"},"version":"10.2","sslEnforcement":"Enabled","minimalTlsVersion":"TLSEnforcementDisabled","userVisibleState":"Ready","fullyQualifiedDomainName":"azuredbclitest742ty7xiqiohxi6oyxz5qpvqmhgar5byeyen7o6ffdcwa45w2.mariadb.database.azure.com","earliestRestoreDate":"2020-03-20T19:44:30.477+00:00","replicationRole":"","masterServerId":"","byokEnforcement":"Disabled","infrastructureEncryption":"Disabled","privateEndpointConnections":[],"publicNetworkAccess":"Enabled"},"location":"eastus","tags":{"key":"3"},"id":"/subscriptions/00000000-0000-0000-0000-000000000000/resourceGroups/clitest.rguhtvfqoill6ypiw2nyjpnzyj6qemgvggfxctyfir3an2jrrxjcpmm5pztjriyvss7/providers/Microsoft.DBforMariaDB/servers/azuredbclitest742ty7xiqiohxi6oyxz5qpvqmhgar5byeyen7o6ffdcwa45w2","name":"azuredbclitest742ty7xiqiohxi6oyxz5qpvqmhgar5byeyen7o6ffdcwa45w2","type":"Microsoft.DBforMariaDB/servers"},{"sku":{"name":"GP_Gen5_2","tier":"GeneralPurpose","family":"Gen5","capacity":2},"properties":{"administratorLogin":"postgres","storageProfile":{"storageMB":5120,"backupRetentionDays":7,"geoRedundantBackup":"Disabled","storageAutogrow":"Enabled"},"version":"10.2","sslEnforcement":"Enabled","minimalTlsVersion":"TLSEnforcementDisabled","userVisibleState":"Ready","fullyQualifiedDomainName":"ankam6.mariadb.database.azure.com","earliestRestoreDate":"2020-03-24T20:43:37.13+00:00","replicationRole":"","masterServerId":"","byokEnforcement":"Disabled","infrastructureEncryption":"Disabled","privateEndpointConnections":[],"publicNetworkAccess":"Enabled"},"location":"eastus","id":"/subscriptions/00000000-0000-0000-0000-000000000000/resourceGroups/akamath/providers/Microsoft.DBforMariaDB/servers/ankam6","name":"ankam6","type":"Microsoft.DBforMariaDB/servers"},{"sku":{"name":"GP_Gen5_2","tier":"GeneralPurpose","family":"Gen5","capacity":2},"properties":{"administratorLogin":"postgres","storageProfile":{"storageMB":5120,"backupRetentionDays":7,"geoRedundantBackup":"Disabled","storageAutogrow":"Enabled"},"version":"10.2","sslEnforcement":"Enabled","minimalTlsVersion":"TLSEnforcementDisabled","userVisibleState":"Ready","fullyQualifiedDomainName":"ankam10.mariadb.database.azure.com","earliestRestoreDate":"2020-03-26T19:06:25.707+00:00","replicationRole":"","masterServerId":"","byokEnforcement":"Disabled","infrastructureEncryption":"Disabled","privateEndpointConnections":[],"publicNetworkAccess":"Disabled"},"location":"eastus","id":"/subscriptions/00000000-0000-0000-0000-000000000000/resourceGroups/akamath/providers/Microsoft.DBforMariaDB/servers/ankam10","name":"ankam10","type":"Microsoft.DBforMariaDB/servers"},{"sku":{"name":"GP_Gen5_2","tier":"GeneralPurpose","family":"Gen5","capacity":2},"properties":{"administratorLogin":"cloudsa","storageProfile":{"storageMB":5120,"backupRetentionDays":10,"geoRedundantBackup":"Enabled","storageAutogrow":"Enabled"},"version":"10.2","sslEnforcement":"Enabled","minimalTlsVersion":"TLSEnforcementDisabled","userVisibleState":"Ready","fullyQualifiedDomainName":"azuredbclitest000003.mariadb.database.azure.com","earliestRestoreDate":"2020-03-26T20:49:36.327+00:00","replicationRole":"","masterServerId":"","byokEnforcement":"Disabled","infrastructureEncryption":"Disabled","privateEndpointConnections":[],"publicNetworkAccess":"Disabled"},"location":"eastus","tags":{"key":"3"},"id":"/subscriptions/00000000-0000-0000-0000-000000000000/resourceGroups/clitest.rg000001/providers/Microsoft.DBforMariaDB/servers/azuredbclitest000003","name":"azuredbclitest000003","type":"Microsoft.DBforMariaDB/servers"}]}'
>>>>>>> 4dfb0f809cd6dea50fe4b352393328d6956cb990
    headers:
      cache-control:
      - no-cache
      content-length:
<<<<<<< HEAD
      - '1142'
      content-type:
      - application/json; charset=utf-8
      date:
      - Sat, 28 Mar 2020 01:16:37 GMT
=======
      - '3969'
      content-type:
      - application/json; charset=utf-8
      date:
      - Thu, 26 Mar 2020 20:47:13 GMT
>>>>>>> 4dfb0f809cd6dea50fe4b352393328d6956cb990
      expires:
      - '-1'
      pragma:
      - no-cache
      server:
      - Microsoft-HTTPAPI/2.0
      strict-transport-security:
      - max-age=31536000; includeSubDomains
      transfer-encoding:
      - chunked
      vary:
      - Accept-Encoding
      x-content-type-options:
      - nosniff
    status:
      code: 200
      message: OK
- request:
    body: null
    headers:
      Accept:
      - application/json
      Accept-Encoding:
      - gzip, deflate
      CommandName:
<<<<<<< HEAD
      - mariadb server update
=======
      - mariadb server delete
>>>>>>> 4dfb0f809cd6dea50fe4b352393328d6956cb990
      Connection:
      - keep-alive
      Content-Length:
      - '0'
      ParameterSetName:
<<<<<<< HEAD
      - -g --name --sku-name
=======
      - -g --name --yes
>>>>>>> 4dfb0f809cd6dea50fe4b352393328d6956cb990
      User-Agent:
      - python/3.6.4 (Windows-10-10.0.17763-SP0) msrest/0.6.11 msrest_azure/0.6.3
        azure-mgmt-rdbms/2018-06-01 Azure-SDK-For-Python AZURECLI/2.2.0
      accept-language:
      - en-US
<<<<<<< HEAD
    method: GET
    uri: https://management.azure.com/subscriptions/00000000-0000-0000-0000-000000000000/resourceGroups/clitest.rg000001/providers/Microsoft.DBforMariaDB/servers/azuredbclitest000003?api-version=2018-06-01
  response:
    body:
      string: '{"sku":{"name":"GP_Gen5_4","tier":"GeneralPurpose","family":"Gen5","capacity":4},"properties":{"administratorLogin":"cloudsa","storageProfile":{"storageMB":5120,"backupRetentionDays":10,"geoRedundantBackup":"Enabled","storageAutogrow":"Enabled"},"version":"10.2","sslEnforcement":"Disabled","minimalTlsVersion":"TLSEnforcementDisabled","userVisibleState":"Ready","fullyQualifiedDomainName":"azuredbclitest000003.mariadb.database.azure.com","earliestRestoreDate":"2020-03-28T01:22:24.593+00:00","replicationRole":"None","masterServerId":"","replicaCapacity":5,"byokEnforcement":"Disabled","infrastructureEncryption":"Disabled","privateEndpointConnections":[],"publicNetworkAccess":"Disabled"},"location":"eastus","tags":{"key":"2"},"id":"/subscriptions/00000000-0000-0000-0000-000000000000/resourceGroups/clitest.rg000001/providers/Microsoft.DBforMariaDB/servers/azuredbclitest000003","name":"azuredbclitest000003","type":"Microsoft.DBforMariaDB/servers"}'
=======
    method: DELETE
    uri: https://management.azure.com/subscriptions/00000000-0000-0000-0000-000000000000/resourceGroups/clitest.rg000001/providers/Microsoft.DBforMariaDB/servers/azuredbclitest000003?api-version=2018-06-01
  response:
    body:
      string: '{"operation":"DropElasticServer","startTime":"2020-03-26T20:47:14.6Z"}'
>>>>>>> 4dfb0f809cd6dea50fe4b352393328d6956cb990
    headers:
      azure-asyncoperation:
      - https://management.azure.com/subscriptions/00000000-0000-0000-0000-000000000000/providers/Microsoft.DBforMariaDB/locations/eastus/azureAsyncOperation/20c03540-7ee5-47b3-a394-696f5558d511?api-version=2018-06-01
      cache-control:
      - no-cache
      content-length:
<<<<<<< HEAD
      - '1142'
      content-type:
      - application/json; charset=utf-8
      date:
      - Sat, 28 Mar 2020 01:16:38 GMT
=======
      - '70'
      content-type:
      - application/json; charset=utf-8
      date:
      - Thu, 26 Mar 2020 20:47:14 GMT
>>>>>>> 4dfb0f809cd6dea50fe4b352393328d6956cb990
      expires:
      - '-1'
      location:
      - https://management.azure.com/subscriptions/00000000-0000-0000-0000-000000000000/providers/Microsoft.DBforMariaDB/locations/eastus/operationResults/20c03540-7ee5-47b3-a394-696f5558d511?api-version=2018-06-01
      pragma:
      - no-cache
      server:
      - Microsoft-HTTPAPI/2.0
      strict-transport-security:
      - max-age=31536000; includeSubDomains
      x-content-type-options:
      - nosniff
      x-ms-ratelimit-remaining-subscription-deletes:
      - '14999'
    status:
      code: 202
      message: Accepted
- request:
    body: '{"sku": {"name": "GP_Gen5_2"}, "properties": {"storageProfile": {"backupRetentionDays":
      10, "geoRedundantBackup": "Enabled", "storageMB": 5120, "storageAutogrow": "Enabled"}}}'
    headers:
      Accept:
      - application/json
      Accept-Encoding:
      - gzip, deflate
      CommandName:
<<<<<<< HEAD
      - mariadb server update
=======
      - mariadb server delete
>>>>>>> 4dfb0f809cd6dea50fe4b352393328d6956cb990
      Connection:
      - keep-alive
      Content-Length:
      - '175'
      Content-Type:
      - application/json; charset=utf-8
      ParameterSetName:
<<<<<<< HEAD
      - -g --name --sku-name
      User-Agent:
      - python/3.6.4 (Windows-10-10.0.17763-SP0) msrest/0.6.11 msrest_azure/0.6.3
        azure-mgmt-rdbms/2018-06-01 Azure-SDK-For-Python AZURECLI/2.2.0
      accept-language:
      - en-US
    method: PATCH
    uri: https://management.azure.com/subscriptions/00000000-0000-0000-0000-000000000000/resourceGroups/clitest.rg000001/providers/Microsoft.DBforMariaDB/servers/azuredbclitest000003?api-version=2018-06-01
  response:
    body:
      string: '{"operation":"UpsertElasticServer","startTime":"2020-03-28T01:16:39.057Z"}'
=======
      - -g --name --yes
      User-Agent:
      - python/3.6.4 (Windows-10-10.0.17763-SP0) msrest/0.6.11 msrest_azure/0.6.3
        azure-mgmt-rdbms/2018-06-01 Azure-SDK-For-Python AZURECLI/2.2.0
    method: GET
    uri: https://management.azure.com/subscriptions/00000000-0000-0000-0000-000000000000/providers/Microsoft.DBforMariaDB/locations/eastus/azureAsyncOperation/20c03540-7ee5-47b3-a394-696f5558d511?api-version=2018-06-01
  response:
    body:
      string: '{"name":"20c03540-7ee5-47b3-a394-696f5558d511","status":"Succeeded","startTime":"2020-03-26T20:47:14.6Z"}'
>>>>>>> 4dfb0f809cd6dea50fe4b352393328d6956cb990
    headers:
      azure-asyncoperation:
      - https://management.azure.com/subscriptions/00000000-0000-0000-0000-000000000000/providers/Microsoft.DBforMariaDB/locations/eastus/azureAsyncOperation/044e5547-bbaa-4c2f-a8de-847bd4eae363?api-version=2018-06-01
      cache-control:
      - no-cache
      content-length:
<<<<<<< HEAD
      - '74'
      content-type:
      - application/json; charset=utf-8
      date:
      - Sat, 28 Mar 2020 01:16:39 GMT
=======
      - '105'
      content-type:
      - application/json; charset=utf-8
      date:
      - Thu, 26 Mar 2020 20:47:29 GMT
>>>>>>> 4dfb0f809cd6dea50fe4b352393328d6956cb990
      expires:
      - '-1'
      location:
      - https://management.azure.com/subscriptions/00000000-0000-0000-0000-000000000000/providers/Microsoft.DBforMariaDB/locations/eastus/operationResults/044e5547-bbaa-4c2f-a8de-847bd4eae363?api-version=2018-06-01
      pragma:
      - no-cache
      server:
      - Microsoft-HTTPAPI/2.0
      strict-transport-security:
      - max-age=31536000; includeSubDomains
      x-content-type-options:
      - nosniff
      x-ms-ratelimit-remaining-subscription-writes:
      - '1199'
    status:
      code: 202
      message: Accepted
- request:
    body: null
    headers:
      Accept:
      - application/json
      Accept-Encoding:
      - gzip, deflate
      CommandName:
<<<<<<< HEAD
      - mariadb server update
=======
      - mariadb server delete
>>>>>>> 4dfb0f809cd6dea50fe4b352393328d6956cb990
      Connection:
      - keep-alive
      Content-Length:
      - '0'
      ParameterSetName:
<<<<<<< HEAD
      - -g --name --sku-name
      User-Agent:
      - python/3.6.4 (Windows-10-10.0.17763-SP0) msrest/0.6.11 msrest_azure/0.6.3
        azure-mgmt-rdbms/2018-06-01 Azure-SDK-For-Python AZURECLI/2.2.0
    method: GET
    uri: https://management.azure.com/subscriptions/00000000-0000-0000-0000-000000000000/providers/Microsoft.DBforMariaDB/locations/eastus/azureAsyncOperation/044e5547-bbaa-4c2f-a8de-847bd4eae363?api-version=2018-06-01
  response:
    body:
      string: '{"name":"044e5547-bbaa-4c2f-a8de-847bd4eae363","status":"Succeeded","startTime":"2020-03-28T01:16:39.057Z"}'
=======
      - -g -n --yes
      User-Agent:
      - python/3.6.4 (Windows-10-10.0.17763-SP0) msrest/0.6.11 msrest_azure/0.6.3
        azure-mgmt-rdbms/2018-06-01 Azure-SDK-For-Python AZURECLI/2.2.0
      accept-language:
      - en-US
    method: DELETE
    uri: https://management.azure.com/subscriptions/00000000-0000-0000-0000-000000000000/resourceGroups/clitest.rg000002/providers/Microsoft.DBforMariaDB/servers/azuredbclirestore000004?api-version=2018-06-01
  response:
    body:
      string: ''
>>>>>>> 4dfb0f809cd6dea50fe4b352393328d6956cb990
    headers:
      cache-control:
      - no-cache
      date:
<<<<<<< HEAD
      - Sat, 28 Mar 2020 01:17:40 GMT
=======
      - Thu, 26 Mar 2020 20:47:31 GMT
>>>>>>> 4dfb0f809cd6dea50fe4b352393328d6956cb990
      expires:
      - '-1'
      pragma:
      - no-cache
      strict-transport-security:
      - max-age=31536000; includeSubDomains
      x-content-type-options:
      - nosniff
      x-ms-ratelimit-remaining-subscription-deletes:
      - '14999'
    status:
<<<<<<< HEAD
      code: 200
      message: OK
- request:
    body: null
    headers:
      Accept:
      - application/json
      Accept-Encoding:
      - gzip, deflate
      CommandName:
      - mariadb server update
      Connection:
      - keep-alive
      ParameterSetName:
      - -g --name --sku-name
      User-Agent:
      - python/3.6.4 (Windows-10-10.0.17763-SP0) msrest/0.6.11 msrest_azure/0.6.3
        azure-mgmt-rdbms/2018-06-01 Azure-SDK-For-Python AZURECLI/2.2.0
    method: GET
    uri: https://management.azure.com/subscriptions/00000000-0000-0000-0000-000000000000/resourceGroups/clitest.rg000001/providers/Microsoft.DBforMariaDB/servers/azuredbclitest000003?api-version=2018-06-01
  response:
    body:
      string: '{"sku":{"name":"GP_Gen5_2","tier":"GeneralPurpose","family":"Gen5","capacity":2},"properties":{"administratorLogin":"cloudsa","storageProfile":{"storageMB":5120,"backupRetentionDays":10,"geoRedundantBackup":"Enabled","storageAutogrow":"Enabled"},"version":"10.2","sslEnforcement":"Disabled","minimalTlsVersion":"TLSEnforcementDisabled","userVisibleState":"Ready","fullyQualifiedDomainName":"azuredbclitest000003.mariadb.database.azure.com","earliestRestoreDate":"2020-03-28T01:22:24.593+00:00","replicationRole":"None","masterServerId":"","replicaCapacity":5,"byokEnforcement":"Disabled","infrastructureEncryption":"Disabled","privateEndpointConnections":[],"publicNetworkAccess":"Disabled"},"location":"eastus","tags":{"key":"2"},"id":"/subscriptions/00000000-0000-0000-0000-000000000000/resourceGroups/clitest.rg000001/providers/Microsoft.DBforMariaDB/servers/azuredbclitest000003","name":"azuredbclitest000003","type":"Microsoft.DBforMariaDB/servers"}'
    headers:
      cache-control:
      - no-cache
      content-length:
      - '1142'
      content-type:
      - application/json; charset=utf-8
      date:
      - Sat, 28 Mar 2020 01:17:40 GMT
      expires:
      - '-1'
      pragma:
      - no-cache
      server:
      - Microsoft-HTTPAPI/2.0
      strict-transport-security:
      - max-age=31536000; includeSubDomains
      transfer-encoding:
      - chunked
      vary:
      - Accept-Encoding
      x-content-type-options:
      - nosniff
    status:
      code: 200
      message: OK
- request:
    body: null
    headers:
      Accept:
      - application/json
      Accept-Encoding:
      - gzip, deflate
      CommandName:
      - mariadb server update
      Connection:
      - keep-alive
      ParameterSetName:
      - -g --name --ssl-enforcement
      User-Agent:
      - python/3.6.4 (Windows-10-10.0.17763-SP0) msrest/0.6.11 msrest_azure/0.6.3
        azure-mgmt-rdbms/2018-06-01 Azure-SDK-For-Python AZURECLI/2.2.0
      accept-language:
      - en-US
    method: GET
    uri: https://management.azure.com/subscriptions/00000000-0000-0000-0000-000000000000/resourceGroups/clitest.rg000001/providers/Microsoft.DBforMariaDB/servers/azuredbclitest000003?api-version=2018-06-01
  response:
    body:
      string: '{"sku":{"name":"GP_Gen5_2","tier":"GeneralPurpose","family":"Gen5","capacity":2},"properties":{"administratorLogin":"cloudsa","storageProfile":{"storageMB":5120,"backupRetentionDays":10,"geoRedundantBackup":"Enabled","storageAutogrow":"Enabled"},"version":"10.2","sslEnforcement":"Disabled","minimalTlsVersion":"TLSEnforcementDisabled","userVisibleState":"Ready","fullyQualifiedDomainName":"azuredbclitest000003.mariadb.database.azure.com","earliestRestoreDate":"2020-03-28T01:22:24.593+00:00","replicationRole":"None","masterServerId":"","replicaCapacity":5,"byokEnforcement":"Disabled","infrastructureEncryption":"Disabled","privateEndpointConnections":[],"publicNetworkAccess":"Disabled"},"location":"eastus","tags":{"key":"2"},"id":"/subscriptions/00000000-0000-0000-0000-000000000000/resourceGroups/clitest.rg000001/providers/Microsoft.DBforMariaDB/servers/azuredbclitest000003","name":"azuredbclitest000003","type":"Microsoft.DBforMariaDB/servers"}'
    headers:
      cache-control:
      - no-cache
      content-length:
      - '1142'
      content-type:
      - application/json; charset=utf-8
      date:
      - Sat, 28 Mar 2020 01:17:41 GMT
      expires:
      - '-1'
      pragma:
      - no-cache
      server:
      - Microsoft-HTTPAPI/2.0
      strict-transport-security:
      - max-age=31536000; includeSubDomains
      transfer-encoding:
      - chunked
      vary:
      - Accept-Encoding
      x-content-type-options:
      - nosniff
    status:
      code: 200
      message: OK
- request:
    body: '{"properties": {"storageProfile": {"backupRetentionDays": 10, "geoRedundantBackup":
      "Enabled", "storageMB": 5120, "storageAutogrow": "Enabled"}, "sslEnforcement":
      "Enabled"}}'
    headers:
      Accept:
      - application/json
      Accept-Encoding:
      - gzip, deflate
      CommandName:
      - mariadb server update
      Connection:
      - keep-alive
      Content-Length:
      - '174'
      Content-Type:
      - application/json; charset=utf-8
      ParameterSetName:
      - -g --name --ssl-enforcement
      User-Agent:
      - python/3.6.4 (Windows-10-10.0.17763-SP0) msrest/0.6.11 msrest_azure/0.6.3
        azure-mgmt-rdbms/2018-06-01 Azure-SDK-For-Python AZURECLI/2.2.0
      accept-language:
      - en-US
    method: PATCH
    uri: https://management.azure.com/subscriptions/00000000-0000-0000-0000-000000000000/resourceGroups/clitest.rg000001/providers/Microsoft.DBforMariaDB/servers/azuredbclitest000003?api-version=2018-06-01
  response:
    body:
      string: '{"operation":"UpsertElasticServer","startTime":"2020-03-28T01:17:42.127Z"}'
    headers:
      azure-asyncoperation:
      - https://management.azure.com/subscriptions/00000000-0000-0000-0000-000000000000/providers/Microsoft.DBforMariaDB/locations/eastus/azureAsyncOperation/4d600fef-b01f-46d3-94d7-494048c0015f?api-version=2018-06-01
      cache-control:
      - no-cache
      content-length:
      - '74'
      content-type:
      - application/json; charset=utf-8
      date:
      - Sat, 28 Mar 2020 01:17:43 GMT
      expires:
      - '-1'
      location:
      - https://management.azure.com/subscriptions/00000000-0000-0000-0000-000000000000/providers/Microsoft.DBforMariaDB/locations/eastus/operationResults/4d600fef-b01f-46d3-94d7-494048c0015f?api-version=2018-06-01
      pragma:
      - no-cache
      server:
      - Microsoft-HTTPAPI/2.0
      strict-transport-security:
      - max-age=31536000; includeSubDomains
      x-content-type-options:
      - nosniff
      x-ms-ratelimit-remaining-subscription-writes:
      - '1198'
    status:
      code: 202
      message: Accepted
- request:
    body: null
    headers:
      Accept:
      - application/json
      Accept-Encoding:
      - gzip, deflate
      CommandName:
      - mariadb server update
      Connection:
      - keep-alive
      ParameterSetName:
      - -g --name --ssl-enforcement
      User-Agent:
      - python/3.6.4 (Windows-10-10.0.17763-SP0) msrest/0.6.11 msrest_azure/0.6.3
        azure-mgmt-rdbms/2018-06-01 Azure-SDK-For-Python AZURECLI/2.2.0
    method: GET
    uri: https://management.azure.com/subscriptions/00000000-0000-0000-0000-000000000000/providers/Microsoft.DBforMariaDB/locations/eastus/azureAsyncOperation/4d600fef-b01f-46d3-94d7-494048c0015f?api-version=2018-06-01
  response:
    body:
      string: '{"name":"4d600fef-b01f-46d3-94d7-494048c0015f","status":"Succeeded","startTime":"2020-03-28T01:17:42.127Z"}'
    headers:
      cache-control:
      - no-cache
      content-length:
      - '107'
      content-type:
      - application/json; charset=utf-8
      date:
      - Sat, 28 Mar 2020 01:18:43 GMT
      expires:
      - '-1'
      pragma:
      - no-cache
      server:
      - Microsoft-HTTPAPI/2.0
      strict-transport-security:
      - max-age=31536000; includeSubDomains
      transfer-encoding:
      - chunked
      vary:
      - Accept-Encoding
      x-content-type-options:
      - nosniff
    status:
      code: 200
      message: OK
- request:
    body: null
    headers:
      Accept:
      - application/json
      Accept-Encoding:
      - gzip, deflate
      CommandName:
      - mariadb server update
      Connection:
      - keep-alive
      ParameterSetName:
      - -g --name --ssl-enforcement
      User-Agent:
      - python/3.6.4 (Windows-10-10.0.17763-SP0) msrest/0.6.11 msrest_azure/0.6.3
        azure-mgmt-rdbms/2018-06-01 Azure-SDK-For-Python AZURECLI/2.2.0
    method: GET
    uri: https://management.azure.com/subscriptions/00000000-0000-0000-0000-000000000000/resourceGroups/clitest.rg000001/providers/Microsoft.DBforMariaDB/servers/azuredbclitest000003?api-version=2018-06-01
  response:
    body:
      string: '{"sku":{"name":"GP_Gen5_2","tier":"GeneralPurpose","family":"Gen5","capacity":2},"properties":{"administratorLogin":"cloudsa","storageProfile":{"storageMB":5120,"backupRetentionDays":10,"geoRedundantBackup":"Enabled","storageAutogrow":"Enabled"},"version":"10.2","sslEnforcement":"Enabled","minimalTlsVersion":"TLSEnforcementDisabled","userVisibleState":"Ready","fullyQualifiedDomainName":"azuredbclitest000003.mariadb.database.azure.com","earliestRestoreDate":"2020-03-28T01:22:24.593+00:00","replicationRole":"None","masterServerId":"","replicaCapacity":5,"byokEnforcement":"Disabled","infrastructureEncryption":"Disabled","privateEndpointConnections":[],"publicNetworkAccess":"Disabled"},"location":"eastus","tags":{"key":"2"},"id":"/subscriptions/00000000-0000-0000-0000-000000000000/resourceGroups/clitest.rg000001/providers/Microsoft.DBforMariaDB/servers/azuredbclitest000003","name":"azuredbclitest000003","type":"Microsoft.DBforMariaDB/servers"}'
    headers:
      cache-control:
      - no-cache
      content-length:
      - '1141'
      content-type:
      - application/json; charset=utf-8
      date:
      - Sat, 28 Mar 2020 01:18:43 GMT
      expires:
      - '-1'
      pragma:
      - no-cache
      server:
      - Microsoft-HTTPAPI/2.0
      strict-transport-security:
      - max-age=31536000; includeSubDomains
      transfer-encoding:
      - chunked
      vary:
      - Accept-Encoding
      x-content-type-options:
      - nosniff
    status:
      code: 200
      message: OK
- request:
    body: null
    headers:
      Accept:
      - application/json
      Accept-Encoding:
      - gzip, deflate
      CommandName:
      - mariadb server update
      Connection:
      - keep-alive
      ParameterSetName:
      - -g --name --tags
      User-Agent:
      - python/3.6.4 (Windows-10-10.0.17763-SP0) msrest/0.6.11 msrest_azure/0.6.3
        azure-mgmt-rdbms/2018-06-01 Azure-SDK-For-Python AZURECLI/2.2.0
      accept-language:
      - en-US
    method: GET
    uri: https://management.azure.com/subscriptions/00000000-0000-0000-0000-000000000000/resourceGroups/clitest.rg000001/providers/Microsoft.DBforMariaDB/servers/azuredbclitest000003?api-version=2018-06-01
  response:
    body:
      string: '{"sku":{"name":"GP_Gen5_2","tier":"GeneralPurpose","family":"Gen5","capacity":2},"properties":{"administratorLogin":"cloudsa","storageProfile":{"storageMB":5120,"backupRetentionDays":10,"geoRedundantBackup":"Enabled","storageAutogrow":"Enabled"},"version":"10.2","sslEnforcement":"Enabled","minimalTlsVersion":"TLSEnforcementDisabled","userVisibleState":"Ready","fullyQualifiedDomainName":"azuredbclitest000003.mariadb.database.azure.com","earliestRestoreDate":"2020-03-28T01:22:24.593+00:00","replicationRole":"None","masterServerId":"","replicaCapacity":5,"byokEnforcement":"Disabled","infrastructureEncryption":"Disabled","privateEndpointConnections":[],"publicNetworkAccess":"Disabled"},"location":"eastus","tags":{"key":"2"},"id":"/subscriptions/00000000-0000-0000-0000-000000000000/resourceGroups/clitest.rg000001/providers/Microsoft.DBforMariaDB/servers/azuredbclitest000003","name":"azuredbclitest000003","type":"Microsoft.DBforMariaDB/servers"}'
    headers:
      cache-control:
      - no-cache
      content-length:
      - '1141'
      content-type:
      - application/json; charset=utf-8
      date:
      - Sat, 28 Mar 2020 01:18:44 GMT
      expires:
      - '-1'
      pragma:
      - no-cache
      server:
      - Microsoft-HTTPAPI/2.0
      strict-transport-security:
      - max-age=31536000; includeSubDomains
      transfer-encoding:
      - chunked
      vary:
      - Accept-Encoding
      x-content-type-options:
      - nosniff
    status:
      code: 200
      message: OK
- request:
    body: '{"properties": {"storageProfile": {"backupRetentionDays": 10, "geoRedundantBackup":
      "Enabled", "storageMB": 5120, "storageAutogrow": "Enabled"}}, "tags": {"key":
      "3"}}'
    headers:
      Accept:
      - application/json
      Accept-Encoding:
      - gzip, deflate
      CommandName:
      - mariadb server update
      Connection:
      - keep-alive
      Content-Length:
      - '167'
      Content-Type:
      - application/json; charset=utf-8
      ParameterSetName:
      - -g --name --tags
      User-Agent:
      - python/3.6.4 (Windows-10-10.0.17763-SP0) msrest/0.6.11 msrest_azure/0.6.3
        azure-mgmt-rdbms/2018-06-01 Azure-SDK-For-Python AZURECLI/2.2.0
      accept-language:
      - en-US
    method: PATCH
    uri: https://management.azure.com/subscriptions/00000000-0000-0000-0000-000000000000/resourceGroups/clitest.rg000001/providers/Microsoft.DBforMariaDB/servers/azuredbclitest000003?api-version=2018-06-01
  response:
    body:
      string: '{"operation":"UpsertElasticServer","startTime":"2020-03-28T01:18:45.703Z"}'
    headers:
      azure-asyncoperation:
      - https://management.azure.com/subscriptions/00000000-0000-0000-0000-000000000000/providers/Microsoft.DBforMariaDB/locations/eastus/azureAsyncOperation/9543368b-fa33-4fda-af9a-2108087c7759?api-version=2018-06-01
      cache-control:
      - no-cache
      content-length:
      - '74'
      content-type:
      - application/json; charset=utf-8
      date:
      - Sat, 28 Mar 2020 01:18:46 GMT
      expires:
      - '-1'
      location:
      - https://management.azure.com/subscriptions/00000000-0000-0000-0000-000000000000/providers/Microsoft.DBforMariaDB/locations/eastus/operationResults/9543368b-fa33-4fda-af9a-2108087c7759?api-version=2018-06-01
      pragma:
      - no-cache
      server:
      - Microsoft-HTTPAPI/2.0
      strict-transport-security:
      - max-age=31536000; includeSubDomains
      x-content-type-options:
      - nosniff
      x-ms-ratelimit-remaining-subscription-writes:
      - '1199'
    status:
      code: 202
      message: Accepted
- request:
    body: null
    headers:
      Accept:
      - application/json
      Accept-Encoding:
      - gzip, deflate
      CommandName:
      - mariadb server update
      Connection:
      - keep-alive
      ParameterSetName:
      - -g --name --tags
      User-Agent:
      - python/3.6.4 (Windows-10-10.0.17763-SP0) msrest/0.6.11 msrest_azure/0.6.3
        azure-mgmt-rdbms/2018-06-01 Azure-SDK-For-Python AZURECLI/2.2.0
    method: GET
    uri: https://management.azure.com/subscriptions/00000000-0000-0000-0000-000000000000/providers/Microsoft.DBforMariaDB/locations/eastus/azureAsyncOperation/9543368b-fa33-4fda-af9a-2108087c7759?api-version=2018-06-01
  response:
    body:
      string: '{"name":"9543368b-fa33-4fda-af9a-2108087c7759","status":"Succeeded","startTime":"2020-03-28T01:18:45.703Z"}'
    headers:
      cache-control:
      - no-cache
      content-length:
      - '107'
      content-type:
      - application/json; charset=utf-8
      date:
      - Sat, 28 Mar 2020 01:19:46 GMT
      expires:
      - '-1'
      pragma:
      - no-cache
      server:
      - Microsoft-HTTPAPI/2.0
      strict-transport-security:
      - max-age=31536000; includeSubDomains
      transfer-encoding:
      - chunked
      vary:
      - Accept-Encoding
      x-content-type-options:
      - nosniff
    status:
      code: 200
      message: OK
- request:
    body: null
    headers:
      Accept:
      - application/json
      Accept-Encoding:
      - gzip, deflate
      CommandName:
      - mariadb server update
      Connection:
      - keep-alive
      ParameterSetName:
      - -g --name --tags
      User-Agent:
      - python/3.6.4 (Windows-10-10.0.17763-SP0) msrest/0.6.11 msrest_azure/0.6.3
        azure-mgmt-rdbms/2018-06-01 Azure-SDK-For-Python AZURECLI/2.2.0
    method: GET
    uri: https://management.azure.com/subscriptions/00000000-0000-0000-0000-000000000000/resourceGroups/clitest.rg000001/providers/Microsoft.DBforMariaDB/servers/azuredbclitest000003?api-version=2018-06-01
  response:
    body:
      string: '{"sku":{"name":"GP_Gen5_2","tier":"GeneralPurpose","family":"Gen5","capacity":2},"properties":{"administratorLogin":"cloudsa","storageProfile":{"storageMB":5120,"backupRetentionDays":10,"geoRedundantBackup":"Enabled","storageAutogrow":"Enabled"},"version":"10.2","sslEnforcement":"Enabled","minimalTlsVersion":"TLSEnforcementDisabled","userVisibleState":"Ready","fullyQualifiedDomainName":"azuredbclitest000003.mariadb.database.azure.com","earliestRestoreDate":"2020-03-28T01:22:24.593+00:00","replicationRole":"None","masterServerId":"","replicaCapacity":5,"byokEnforcement":"Disabled","infrastructureEncryption":"Disabled","privateEndpointConnections":[],"publicNetworkAccess":"Disabled"},"location":"eastus","tags":{"key":"3"},"id":"/subscriptions/00000000-0000-0000-0000-000000000000/resourceGroups/clitest.rg000001/providers/Microsoft.DBforMariaDB/servers/azuredbclitest000003","name":"azuredbclitest000003","type":"Microsoft.DBforMariaDB/servers"}'
    headers:
      cache-control:
      - no-cache
      content-length:
      - '1141'
      content-type:
      - application/json; charset=utf-8
      date:
      - Sat, 28 Mar 2020 01:19:46 GMT
      expires:
      - '-1'
      pragma:
      - no-cache
      server:
      - Microsoft-HTTPAPI/2.0
      strict-transport-security:
      - max-age=31536000; includeSubDomains
      transfer-encoding:
      - chunked
      vary:
      - Accept-Encoding
      x-content-type-options:
      - nosniff
    status:
      code: 200
      message: OK
- request:
    body: null
    headers:
      Accept:
      - application/json
      Accept-Encoding:
      - gzip, deflate
      CommandName:
      - mariadb server restore
      Connection:
      - keep-alive
      ParameterSetName:
      - -g --name --source-server --restore-point-in-time
      User-Agent:
      - python/3.6.4 (Windows-10-10.0.17763-SP0) msrest/0.6.11 msrest_azure/0.6.3
        azure-mgmt-rdbms/2018-06-01 Azure-SDK-For-Python AZURECLI/2.2.0
      accept-language:
      - en-US
    method: GET
    uri: https://management.azure.com/subscriptions/00000000-0000-0000-0000-000000000000/resourceGroups/clitest.rg000001/providers/Microsoft.DBforMariaDB/servers/azuredbclitest000003?api-version=2018-06-01
  response:
    body:
      string: '{"sku":{"name":"GP_Gen5_2","tier":"GeneralPurpose","family":"Gen5","capacity":2},"properties":{"administratorLogin":"cloudsa","storageProfile":{"storageMB":5120,"backupRetentionDays":10,"geoRedundantBackup":"Enabled","storageAutogrow":"Enabled"},"version":"10.2","sslEnforcement":"Enabled","minimalTlsVersion":"TLSEnforcementDisabled","userVisibleState":"Ready","fullyQualifiedDomainName":"azuredbclitest000003.mariadb.database.azure.com","earliestRestoreDate":"2020-03-28T01:22:24.593+00:00","replicationRole":"None","masterServerId":"","replicaCapacity":5,"byokEnforcement":"Disabled","infrastructureEncryption":"Disabled","privateEndpointConnections":[],"publicNetworkAccess":"Disabled"},"location":"eastus","tags":{"key":"3"},"id":"/subscriptions/00000000-0000-0000-0000-000000000000/resourceGroups/clitest.rg000001/providers/Microsoft.DBforMariaDB/servers/azuredbclitest000003","name":"azuredbclitest000003","type":"Microsoft.DBforMariaDB/servers"}'
    headers:
      cache-control:
      - no-cache
      content-length:
      - '1141'
      content-type:
      - application/json; charset=utf-8
      date:
      - Sat, 28 Mar 2020 01:22:24 GMT
      expires:
      - '-1'
      pragma:
      - no-cache
      server:
      - Microsoft-HTTPAPI/2.0
      strict-transport-security:
      - max-age=31536000; includeSubDomains
      transfer-encoding:
      - chunked
      vary:
      - Accept-Encoding
      x-content-type-options:
      - nosniff
    status:
      code: 200
      message: OK
- request:
    body: 'b''{"properties": {"createMode": "PointInTimeRestore", "sourceServerId":
      "/subscriptions/00000000-0000-0000-0000-000000000000/resourceGroups/clitest.rg000001/providers/Microsoft.DBforMariaDB/servers/azuredbclitest000003",
      "restorePointInTime": "2020-03-28T01:22:24.593Z"}, "location": "eastus"}'''
    headers:
      Accept:
      - application/json
      Accept-Encoding:
      - gzip, deflate
      CommandName:
      - mariadb server restore
      Connection:
      - keep-alive
      Content-Length:
      - '393'
      Content-Type:
      - application/json; charset=utf-8
      ParameterSetName:
      - -g --name --source-server --restore-point-in-time
      User-Agent:
      - python/3.6.4 (Windows-10-10.0.17763-SP0) msrest/0.6.11 msrest_azure/0.6.3
        azure-mgmt-rdbms/2018-06-01 Azure-SDK-For-Python AZURECLI/2.2.0
      accept-language:
      - en-US
    method: PUT
    uri: https://management.azure.com/subscriptions/00000000-0000-0000-0000-000000000000/resourceGroups/clitest.rg000002/providers/Microsoft.DBforMariaDB/servers/azuredbclirestore000004?api-version=2018-06-01
  response:
    body:
      string: '{"operation":"RestoreElasticServer","startTime":"2020-03-28T01:22:25.737Z"}'
    headers:
      azure-asyncoperation:
      - https://management.azure.com/subscriptions/00000000-0000-0000-0000-000000000000/providers/Microsoft.DBforMariaDB/locations/eastus/azureAsyncOperation/88b230f4-94ef-49ec-9e7f-618e7d4d0f52?api-version=2018-06-01
      cache-control:
      - no-cache
      content-length:
      - '75'
      content-type:
      - application/json; charset=utf-8
      date:
      - Sat, 28 Mar 2020 01:22:25 GMT
      expires:
      - '-1'
      location:
      - https://management.azure.com/subscriptions/00000000-0000-0000-0000-000000000000/providers/Microsoft.DBforMariaDB/locations/eastus/operationResults/88b230f4-94ef-49ec-9e7f-618e7d4d0f52?api-version=2018-06-01
      pragma:
      - no-cache
      server:
      - Microsoft-HTTPAPI/2.0
      strict-transport-security:
      - max-age=31536000; includeSubDomains
      x-content-type-options:
      - nosniff
      x-ms-ratelimit-remaining-subscription-writes:
      - '1199'
    status:
      code: 202
      message: Accepted
- request:
    body: null
    headers:
      Accept:
      - application/json
      Accept-Encoding:
      - gzip, deflate
      CommandName:
      - mariadb server restore
      Connection:
      - keep-alive
      ParameterSetName:
      - -g --name --source-server --restore-point-in-time
      User-Agent:
      - python/3.6.4 (Windows-10-10.0.17763-SP0) msrest/0.6.11 msrest_azure/0.6.3
        azure-mgmt-rdbms/2018-06-01 Azure-SDK-For-Python AZURECLI/2.2.0
    method: GET
    uri: https://management.azure.com/subscriptions/00000000-0000-0000-0000-000000000000/providers/Microsoft.DBforMariaDB/locations/eastus/azureAsyncOperation/88b230f4-94ef-49ec-9e7f-618e7d4d0f52?api-version=2018-06-01
  response:
    body:
      string: '{"name":"88b230f4-94ef-49ec-9e7f-618e7d4d0f52","status":"InProgress","startTime":"2020-03-28T01:22:25.737Z"}'
    headers:
      cache-control:
      - no-cache
      content-length:
      - '108'
      content-type:
      - application/json; charset=utf-8
      date:
      - Sat, 28 Mar 2020 01:22:36 GMT
      expires:
      - '-1'
      pragma:
      - no-cache
      server:
      - Microsoft-HTTPAPI/2.0
      strict-transport-security:
      - max-age=31536000; includeSubDomains
      transfer-encoding:
      - chunked
      vary:
      - Accept-Encoding
      x-content-type-options:
      - nosniff
    status:
      code: 200
      message: OK
- request:
    body: null
    headers:
      Accept:
      - application/json
      Accept-Encoding:
      - gzip, deflate
      CommandName:
      - mariadb server restore
      Connection:
      - keep-alive
      ParameterSetName:
      - -g --name --source-server --restore-point-in-time
      User-Agent:
      - python/3.6.4 (Windows-10-10.0.17763-SP0) msrest/0.6.11 msrest_azure/0.6.3
        azure-mgmt-rdbms/2018-06-01 Azure-SDK-For-Python AZURECLI/2.2.0
    method: GET
    uri: https://management.azure.com/subscriptions/00000000-0000-0000-0000-000000000000/providers/Microsoft.DBforMariaDB/locations/eastus/azureAsyncOperation/88b230f4-94ef-49ec-9e7f-618e7d4d0f52?api-version=2018-06-01
  response:
    body:
      string: '{"name":"88b230f4-94ef-49ec-9e7f-618e7d4d0f52","status":"InProgress","startTime":"2020-03-28T01:22:25.737Z"}'
    headers:
      cache-control:
      - no-cache
      content-length:
      - '108'
      content-type:
      - application/json; charset=utf-8
      date:
      - Sat, 28 Mar 2020 01:22:46 GMT
      expires:
      - '-1'
      pragma:
      - no-cache
      server:
      - Microsoft-HTTPAPI/2.0
      strict-transport-security:
      - max-age=31536000; includeSubDomains
      transfer-encoding:
      - chunked
      vary:
      - Accept-Encoding
      x-content-type-options:
      - nosniff
    status:
      code: 200
      message: OK
- request:
    body: null
    headers:
      Accept:
      - application/json
      Accept-Encoding:
      - gzip, deflate
      CommandName:
      - mariadb server restore
      Connection:
      - keep-alive
      ParameterSetName:
      - -g --name --source-server --restore-point-in-time
      User-Agent:
      - python/3.6.4 (Windows-10-10.0.17763-SP0) msrest/0.6.11 msrest_azure/0.6.3
        azure-mgmt-rdbms/2018-06-01 Azure-SDK-For-Python AZURECLI/2.2.0
    method: GET
    uri: https://management.azure.com/subscriptions/00000000-0000-0000-0000-000000000000/providers/Microsoft.DBforMariaDB/locations/eastus/azureAsyncOperation/88b230f4-94ef-49ec-9e7f-618e7d4d0f52?api-version=2018-06-01
  response:
    body:
      string: '{"name":"88b230f4-94ef-49ec-9e7f-618e7d4d0f52","status":"InProgress","startTime":"2020-03-28T01:22:25.737Z"}'
    headers:
      cache-control:
      - no-cache
      content-length:
      - '108'
      content-type:
      - application/json; charset=utf-8
      date:
      - Sat, 28 Mar 2020 01:22:56 GMT
      expires:
      - '-1'
      pragma:
      - no-cache
      server:
      - Microsoft-HTTPAPI/2.0
      strict-transport-security:
      - max-age=31536000; includeSubDomains
      transfer-encoding:
      - chunked
      vary:
      - Accept-Encoding
      x-content-type-options:
      - nosniff
    status:
      code: 200
      message: OK
- request:
    body: null
    headers:
      Accept:
      - application/json
      Accept-Encoding:
      - gzip, deflate
      CommandName:
      - mariadb server restore
      Connection:
      - keep-alive
      ParameterSetName:
      - -g --name --source-server --restore-point-in-time
      User-Agent:
      - python/3.6.4 (Windows-10-10.0.17763-SP0) msrest/0.6.11 msrest_azure/0.6.3
        azure-mgmt-rdbms/2018-06-01 Azure-SDK-For-Python AZURECLI/2.2.0
    method: GET
    uri: https://management.azure.com/subscriptions/00000000-0000-0000-0000-000000000000/providers/Microsoft.DBforMariaDB/locations/eastus/azureAsyncOperation/88b230f4-94ef-49ec-9e7f-618e7d4d0f52?api-version=2018-06-01
  response:
    body:
      string: '{"name":"88b230f4-94ef-49ec-9e7f-618e7d4d0f52","status":"InProgress","startTime":"2020-03-28T01:22:25.737Z"}'
    headers:
      cache-control:
      - no-cache
      content-length:
      - '108'
      content-type:
      - application/json; charset=utf-8
      date:
      - Sat, 28 Mar 2020 01:23:06 GMT
      expires:
      - '-1'
      pragma:
      - no-cache
      server:
      - Microsoft-HTTPAPI/2.0
      strict-transport-security:
      - max-age=31536000; includeSubDomains
      transfer-encoding:
      - chunked
      vary:
      - Accept-Encoding
      x-content-type-options:
      - nosniff
    status:
      code: 200
      message: OK
- request:
    body: null
    headers:
      Accept:
      - application/json
      Accept-Encoding:
      - gzip, deflate
      CommandName:
      - mariadb server restore
      Connection:
      - keep-alive
      ParameterSetName:
      - -g --name --source-server --restore-point-in-time
      User-Agent:
      - python/3.6.4 (Windows-10-10.0.17763-SP0) msrest/0.6.11 msrest_azure/0.6.3
        azure-mgmt-rdbms/2018-06-01 Azure-SDK-For-Python AZURECLI/2.2.0
    method: GET
    uri: https://management.azure.com/subscriptions/00000000-0000-0000-0000-000000000000/providers/Microsoft.DBforMariaDB/locations/eastus/azureAsyncOperation/88b230f4-94ef-49ec-9e7f-618e7d4d0f52?api-version=2018-06-01
  response:
    body:
      string: '{"name":"88b230f4-94ef-49ec-9e7f-618e7d4d0f52","status":"InProgress","startTime":"2020-03-28T01:22:25.737Z"}'
    headers:
      cache-control:
      - no-cache
      content-length:
      - '108'
      content-type:
      - application/json; charset=utf-8
      date:
      - Sat, 28 Mar 2020 01:23:16 GMT
      expires:
      - '-1'
      pragma:
      - no-cache
      server:
      - Microsoft-HTTPAPI/2.0
      strict-transport-security:
      - max-age=31536000; includeSubDomains
      transfer-encoding:
      - chunked
      vary:
      - Accept-Encoding
      x-content-type-options:
      - nosniff
    status:
      code: 200
      message: OK
- request:
    body: null
    headers:
      Accept:
      - application/json
      Accept-Encoding:
      - gzip, deflate
      CommandName:
      - mariadb server restore
      Connection:
      - keep-alive
      ParameterSetName:
      - -g --name --source-server --restore-point-in-time
      User-Agent:
      - python/3.6.4 (Windows-10-10.0.17763-SP0) msrest/0.6.11 msrest_azure/0.6.3
        azure-mgmt-rdbms/2018-06-01 Azure-SDK-For-Python AZURECLI/2.2.0
    method: GET
    uri: https://management.azure.com/subscriptions/00000000-0000-0000-0000-000000000000/providers/Microsoft.DBforMariaDB/locations/eastus/azureAsyncOperation/88b230f4-94ef-49ec-9e7f-618e7d4d0f52?api-version=2018-06-01
  response:
    body:
      string: '{"name":"88b230f4-94ef-49ec-9e7f-618e7d4d0f52","status":"InProgress","startTime":"2020-03-28T01:22:25.737Z"}'
    headers:
      cache-control:
      - no-cache
      content-length:
      - '108'
      content-type:
      - application/json; charset=utf-8
      date:
      - Sat, 28 Mar 2020 01:23:26 GMT
      expires:
      - '-1'
      pragma:
      - no-cache
      server:
      - Microsoft-HTTPAPI/2.0
      strict-transport-security:
      - max-age=31536000; includeSubDomains
      transfer-encoding:
      - chunked
      vary:
      - Accept-Encoding
      x-content-type-options:
      - nosniff
    status:
      code: 200
      message: OK
- request:
    body: null
    headers:
      Accept:
      - application/json
      Accept-Encoding:
      - gzip, deflate
      CommandName:
      - mariadb server restore
      Connection:
      - keep-alive
      ParameterSetName:
      - -g --name --source-server --restore-point-in-time
      User-Agent:
      - python/3.6.4 (Windows-10-10.0.17763-SP0) msrest/0.6.11 msrest_azure/0.6.3
        azure-mgmt-rdbms/2018-06-01 Azure-SDK-For-Python AZURECLI/2.2.0
    method: GET
    uri: https://management.azure.com/subscriptions/00000000-0000-0000-0000-000000000000/providers/Microsoft.DBforMariaDB/locations/eastus/azureAsyncOperation/88b230f4-94ef-49ec-9e7f-618e7d4d0f52?api-version=2018-06-01
  response:
    body:
      string: '{"name":"88b230f4-94ef-49ec-9e7f-618e7d4d0f52","status":"InProgress","startTime":"2020-03-28T01:22:25.737Z"}'
    headers:
      cache-control:
      - no-cache
      content-length:
      - '108'
      content-type:
      - application/json; charset=utf-8
      date:
      - Sat, 28 Mar 2020 01:23:36 GMT
      expires:
      - '-1'
      pragma:
      - no-cache
      server:
      - Microsoft-HTTPAPI/2.0
      strict-transport-security:
      - max-age=31536000; includeSubDomains
      transfer-encoding:
      - chunked
      vary:
      - Accept-Encoding
      x-content-type-options:
      - nosniff
    status:
      code: 200
      message: OK
- request:
    body: null
    headers:
      Accept:
      - application/json
      Accept-Encoding:
      - gzip, deflate
      CommandName:
      - mariadb server restore
      Connection:
      - keep-alive
      ParameterSetName:
      - -g --name --source-server --restore-point-in-time
      User-Agent:
      - python/3.6.4 (Windows-10-10.0.17763-SP0) msrest/0.6.11 msrest_azure/0.6.3
        azure-mgmt-rdbms/2018-06-01 Azure-SDK-For-Python AZURECLI/2.2.0
    method: GET
    uri: https://management.azure.com/subscriptions/00000000-0000-0000-0000-000000000000/providers/Microsoft.DBforMariaDB/locations/eastus/azureAsyncOperation/88b230f4-94ef-49ec-9e7f-618e7d4d0f52?api-version=2018-06-01
  response:
    body:
      string: '{"name":"88b230f4-94ef-49ec-9e7f-618e7d4d0f52","status":"InProgress","startTime":"2020-03-28T01:22:25.737Z"}'
    headers:
      cache-control:
      - no-cache
      content-length:
      - '108'
      content-type:
      - application/json; charset=utf-8
      date:
      - Sat, 28 Mar 2020 01:23:47 GMT
      expires:
      - '-1'
      pragma:
      - no-cache
      server:
      - Microsoft-HTTPAPI/2.0
      strict-transport-security:
      - max-age=31536000; includeSubDomains
      transfer-encoding:
      - chunked
      vary:
      - Accept-Encoding
      x-content-type-options:
      - nosniff
    status:
      code: 200
      message: OK
- request:
    body: null
    headers:
      Accept:
      - application/json
      Accept-Encoding:
      - gzip, deflate
      CommandName:
      - mariadb server restore
      Connection:
      - keep-alive
      ParameterSetName:
      - -g --name --source-server --restore-point-in-time
      User-Agent:
      - python/3.6.4 (Windows-10-10.0.17763-SP0) msrest/0.6.11 msrest_azure/0.6.3
        azure-mgmt-rdbms/2018-06-01 Azure-SDK-For-Python AZURECLI/2.2.0
    method: GET
    uri: https://management.azure.com/subscriptions/00000000-0000-0000-0000-000000000000/providers/Microsoft.DBforMariaDB/locations/eastus/azureAsyncOperation/88b230f4-94ef-49ec-9e7f-618e7d4d0f52?api-version=2018-06-01
  response:
    body:
      string: '{"name":"88b230f4-94ef-49ec-9e7f-618e7d4d0f52","status":"Succeeded","startTime":"2020-03-28T01:22:25.737Z"}'
    headers:
      cache-control:
      - no-cache
      content-length:
      - '107'
      content-type:
      - application/json; charset=utf-8
      date:
      - Sat, 28 Mar 2020 01:23:57 GMT
      expires:
      - '-1'
      pragma:
      - no-cache
      server:
      - Microsoft-HTTPAPI/2.0
      strict-transport-security:
      - max-age=31536000; includeSubDomains
      transfer-encoding:
      - chunked
      vary:
      - Accept-Encoding
      x-content-type-options:
      - nosniff
    status:
      code: 200
      message: OK
- request:
    body: null
    headers:
      Accept:
      - application/json
      Accept-Encoding:
      - gzip, deflate
      CommandName:
      - mariadb server restore
      Connection:
      - keep-alive
      ParameterSetName:
      - -g --name --source-server --restore-point-in-time
      User-Agent:
      - python/3.6.4 (Windows-10-10.0.17763-SP0) msrest/0.6.11 msrest_azure/0.6.3
        azure-mgmt-rdbms/2018-06-01 Azure-SDK-For-Python AZURECLI/2.2.0
    method: GET
    uri: https://management.azure.com/subscriptions/00000000-0000-0000-0000-000000000000/resourceGroups/clitest.rg000002/providers/Microsoft.DBforMariaDB/servers/azuredbclirestore000004?api-version=2018-06-01
  response:
    body:
      string: '{"sku":{"name":"GP_Gen5_2","tier":"GeneralPurpose","family":"Gen5","capacity":2},"properties":{"administratorLogin":"cloudsa","storageProfile":{"storageMB":5120,"backupRetentionDays":10,"geoRedundantBackup":"Enabled","storageAutogrow":"Enabled"},"version":"10.2","sslEnforcement":"Enabled","minimalTlsVersion":"TLSEnforcementDisabled","userVisibleState":"Ready","fullyQualifiedDomainName":"azuredbclirestore000004.mariadb.database.azure.com","earliestRestoreDate":"2020-03-28T01:32:25.987+00:00","replicationRole":"None","masterServerId":"","replicaCapacity":5,"byokEnforcement":"Disabled","infrastructureEncryption":"Disabled","privateEndpointConnections":[],"publicNetworkAccess":"Enabled"},"location":"eastus","id":"/subscriptions/00000000-0000-0000-0000-000000000000/resourceGroups/clitest.rg000002/providers/Microsoft.DBforMariaDB/servers/azuredbclirestore000004","name":"azuredbclirestore000004","type":"Microsoft.DBforMariaDB/servers"}'
    headers:
      cache-control:
      - no-cache
      content-length:
      - '1121'
      content-type:
      - application/json; charset=utf-8
      date:
      - Sat, 28 Mar 2020 01:23:57 GMT
      expires:
      - '-1'
      pragma:
      - no-cache
      server:
      - Microsoft-HTTPAPI/2.0
      strict-transport-security:
      - max-age=31536000; includeSubDomains
      transfer-encoding:
      - chunked
      vary:
      - Accept-Encoding
      x-content-type-options:
      - nosniff
    status:
      code: 200
      message: OK
- request:
    body: null
    headers:
      Accept:
      - application/json
      Accept-Encoding:
      - gzip, deflate
      CommandName:
      - mariadb server georestore
      Connection:
      - keep-alive
      ParameterSetName:
      - -g --name --source-server -l --geo-redundant-backup --backup-retention
      User-Agent:
      - python/3.6.4 (Windows-10-10.0.17763-SP0) msrest/0.6.11 msrest_azure/0.6.3
        azure-mgmt-rdbms/2018-06-01 Azure-SDK-For-Python AZURECLI/2.2.0
      accept-language:
      - en-US
    method: GET
    uri: https://management.azure.com/subscriptions/00000000-0000-0000-0000-000000000000/resourceGroups/clitest.rg000001/providers/Microsoft.DBforMariaDB/servers/azuredbclitest000003?api-version=2018-06-01
  response:
    body:
      string: '{"sku":{"name":"GP_Gen5_2","tier":"GeneralPurpose","family":"Gen5","capacity":2},"properties":{"administratorLogin":"cloudsa","storageProfile":{"storageMB":5120,"backupRetentionDays":10,"geoRedundantBackup":"Enabled","storageAutogrow":"Enabled"},"version":"10.2","sslEnforcement":"Enabled","minimalTlsVersion":"TLSEnforcementDisabled","userVisibleState":"Ready","fullyQualifiedDomainName":"azuredbclitest000003.mariadb.database.azure.com","earliestRestoreDate":"2020-03-28T01:22:24.593+00:00","replicationRole":"None","masterServerId":"","replicaCapacity":5,"byokEnforcement":"Disabled","infrastructureEncryption":"Disabled","privateEndpointConnections":[],"publicNetworkAccess":"Disabled"},"location":"eastus","tags":{"key":"3"},"id":"/subscriptions/00000000-0000-0000-0000-000000000000/resourceGroups/clitest.rg000001/providers/Microsoft.DBforMariaDB/servers/azuredbclitest000003","name":"azuredbclitest000003","type":"Microsoft.DBforMariaDB/servers"}'
    headers:
      cache-control:
      - no-cache
      content-length:
      - '1141'
      content-type:
      - application/json; charset=utf-8
      date:
      - Sat, 28 Mar 2020 01:23:58 GMT
      expires:
      - '-1'
      pragma:
      - no-cache
      server:
      - Microsoft-HTTPAPI/2.0
      strict-transport-security:
      - max-age=31536000; includeSubDomains
      transfer-encoding:
      - chunked
      vary:
      - Accept-Encoding
      x-content-type-options:
      - nosniff
    status:
      code: 200
      message: OK
- request:
    body: 'b''{"sku": {"name": "GP_Gen5_2"}, "properties": {"storageProfile": {"backupRetentionDays":
      20, "geoRedundantBackup": "Disabled"}, "createMode": "GeoRestore", "sourceServerId":
      "/subscriptions/00000000-0000-0000-0000-000000000000/resourceGroups/clitest.rg000001/providers/Microsoft.DBforMariaDB/servers/azuredbclitest000003"},
      "location": "eastus"}'''
    headers:
      Accept:
      - application/json
      Accept-Encoding:
      - gzip, deflate
      CommandName:
      - mariadb server georestore
      Connection:
      - keep-alive
      Content-Length:
      - '446'
      Content-Type:
      - application/json; charset=utf-8
      ParameterSetName:
      - -g --name --source-server -l --geo-redundant-backup --backup-retention
      User-Agent:
      - python/3.6.4 (Windows-10-10.0.17763-SP0) msrest/0.6.11 msrest_azure/0.6.3
        azure-mgmt-rdbms/2018-06-01 Azure-SDK-For-Python AZURECLI/2.2.0
      accept-language:
      - en-US
    method: PUT
    uri: https://management.azure.com/subscriptions/00000000-0000-0000-0000-000000000000/resourceGroups/clitest.rg000002/providers/Microsoft.DBforMariaDB/servers/azuredbcligeorestore000005?api-version=2018-06-01
  response:
    body:
      string: '{"operation":"RestoreElasticServer","startTime":"2020-03-28T01:23:59.193Z"}'
    headers:
      azure-asyncoperation:
      - https://management.azure.com/subscriptions/00000000-0000-0000-0000-000000000000/providers/Microsoft.DBforMariaDB/locations/eastus/azureAsyncOperation/468a337a-8751-4a9f-bce9-108d0985f015?api-version=2018-06-01
      cache-control:
      - no-cache
      content-length:
      - '75'
      content-type:
      - application/json; charset=utf-8
      date:
      - Sat, 28 Mar 2020 01:23:59 GMT
      expires:
      - '-1'
      location:
      - https://management.azure.com/subscriptions/00000000-0000-0000-0000-000000000000/providers/Microsoft.DBforMariaDB/locations/eastus/operationResults/468a337a-8751-4a9f-bce9-108d0985f015?api-version=2018-06-01
      pragma:
      - no-cache
      server:
      - Microsoft-HTTPAPI/2.0
      strict-transport-security:
      - max-age=31536000; includeSubDomains
      x-content-type-options:
      - nosniff
      x-ms-ratelimit-remaining-subscription-writes:
      - '1199'
    status:
      code: 202
      message: Accepted
- request:
    body: null
    headers:
      Accept:
      - application/json
      Accept-Encoding:
      - gzip, deflate
      CommandName:
      - mariadb server georestore
      Connection:
      - keep-alive
      ParameterSetName:
      - -g --name --source-server -l --geo-redundant-backup --backup-retention
      User-Agent:
      - python/3.6.4 (Windows-10-10.0.17763-SP0) msrest/0.6.11 msrest_azure/0.6.3
        azure-mgmt-rdbms/2018-06-01 Azure-SDK-For-Python AZURECLI/2.2.0
    method: GET
    uri: https://management.azure.com/subscriptions/00000000-0000-0000-0000-000000000000/providers/Microsoft.DBforMariaDB/locations/eastus/azureAsyncOperation/468a337a-8751-4a9f-bce9-108d0985f015?api-version=2018-06-01
  response:
    body:
      string: '{"name":"468a337a-8751-4a9f-bce9-108d0985f015","status":"Failed","startTime":"2020-03-28T01:23:59.193Z","error":{"code":"SubscriptionDoesNotHaveServer","message":"Subscription
        ''8403da61-2731-4c0e-a00c-1ecd41e0d247'' does not have the server ''azuredbclitest000003''."}}'
    headers:
      cache-control:
      - no-cache
      content-length:
      - '309'
      content-type:
      - application/json; charset=utf-8
      date:
      - Sat, 28 Mar 2020 01:24:09 GMT
      expires:
      - '-1'
      pragma:
      - no-cache
      server:
      - Microsoft-HTTPAPI/2.0
      strict-transport-security:
      - max-age=31536000; includeSubDomains
      transfer-encoding:
      - chunked
      vary:
      - Accept-Encoding
      x-content-type-options:
      - nosniff
    status:
      code: 200
      message: OK
- request:
    body: null
    headers:
      Accept:
      - application/json
      Accept-Encoding:
      - gzip, deflate
      CommandName:
      - mariadb server list
      Connection:
      - keep-alive
      ParameterSetName:
      - -g
      User-Agent:
      - python/3.6.4 (Windows-10-10.0.17763-SP0) msrest/0.6.11 msrest_azure/0.6.3
        azure-mgmt-rdbms/2018-06-01 Azure-SDK-For-Python AZURECLI/2.2.0
      accept-language:
      - en-US
    method: GET
    uri: https://management.azure.com/subscriptions/00000000-0000-0000-0000-000000000000/resourceGroups/clitest.rg000002/providers/Microsoft.DBforMariaDB/servers?api-version=2018-06-01
  response:
    body:
      string: '{"value":[{"sku":{"name":"GP_Gen5_2","tier":"GeneralPurpose","family":"Gen5","capacity":2},"properties":{"administratorLogin":"cloudsa","storageProfile":{"storageMB":5120,"backupRetentionDays":10,"geoRedundantBackup":"Enabled","storageAutogrow":"Enabled"},"version":"10.2","sslEnforcement":"Enabled","minimalTlsVersion":"TLSEnforcementDisabled","userVisibleState":"Ready","fullyQualifiedDomainName":"azuredbclirestore000004.mariadb.database.azure.com","earliestRestoreDate":"2020-03-28T01:32:25.987+00:00","replicationRole":"","masterServerId":"","byokEnforcement":"Disabled","infrastructureEncryption":"Disabled","privateEndpointConnections":[],"publicNetworkAccess":"Enabled"},"location":"eastus","id":"/subscriptions/00000000-0000-0000-0000-000000000000/resourceGroups/clitest.rg000002/providers/Microsoft.DBforMariaDB/servers/azuredbclirestore000004","name":"azuredbclirestore000004","type":"Microsoft.DBforMariaDB/servers"}]}'
    headers:
      cache-control:
      - no-cache
      content-length:
      - '1109'
      content-type:
      - application/json; charset=utf-8
      date:
      - Sat, 28 Mar 2020 01:24:10 GMT
      expires:
      - '-1'
      pragma:
      - no-cache
      server:
      - Microsoft-HTTPAPI/2.0
      strict-transport-security:
      - max-age=31536000; includeSubDomains
      transfer-encoding:
      - chunked
      vary:
      - Accept-Encoding
      x-content-type-options:
      - nosniff
    status:
      code: 200
      message: OK
- request:
    body: null
    headers:
      Accept:
      - application/json
      Accept-Encoding:
      - gzip, deflate
      CommandName:
      - mariadb server list
      Connection:
      - keep-alive
      User-Agent:
      - python/3.6.4 (Windows-10-10.0.17763-SP0) msrest/0.6.11 msrest_azure/0.6.3
        azure-mgmt-rdbms/2018-06-01 Azure-SDK-For-Python AZURECLI/2.2.0
      accept-language:
      - en-US
    method: GET
    uri: https://management.azure.com/subscriptions/00000000-0000-0000-0000-000000000000/providers/Microsoft.DBforMariaDB/servers?api-version=2018-06-01
  response:
    body:
      string: '{"value":[{"sku":{"name":"GP_Gen5_2","tier":"GeneralPurpose","family":"Gen5","capacity":2},"properties":{"administratorLogin":"cloudsa","storageProfile":{"storageMB":5120,"backupRetentionDays":10,"geoRedundantBackup":"Enabled","storageAutogrow":"Enabled"},"version":"10.2","sslEnforcement":"Enabled","minimalTlsVersion":"TLSEnforcementDisabled","userVisibleState":"Ready","fullyQualifiedDomainName":"azuredbclitest742ty7xiqiohxi6oyxz5qpvqmhgar5byeyen7o6ffdcwa45w2.mariadb.database.azure.com","earliestRestoreDate":"2020-03-20T19:44:30.477+00:00","replicationRole":"","masterServerId":"","byokEnforcement":"Disabled","infrastructureEncryption":"Disabled","privateEndpointConnections":[],"publicNetworkAccess":"Enabled"},"location":"eastus","tags":{"key":"3"},"id":"/subscriptions/00000000-0000-0000-0000-000000000000/resourceGroups/clitest.rguhtvfqoill6ypiw2nyjpnzyj6qemgvggfxctyfir3an2jrrxjcpmm5pztjriyvss7/providers/Microsoft.DBforMariaDB/servers/azuredbclitest742ty7xiqiohxi6oyxz5qpvqmhgar5byeyen7o6ffdcwa45w2","name":"azuredbclitest742ty7xiqiohxi6oyxz5qpvqmhgar5byeyen7o6ffdcwa45w2","type":"Microsoft.DBforMariaDB/servers"},{"sku":{"name":"GP_Gen5_2","tier":"GeneralPurpose","family":"Gen5","capacity":2},"properties":{"administratorLogin":"postgres","storageProfile":{"storageMB":5120,"backupRetentionDays":7,"geoRedundantBackup":"Disabled","storageAutogrow":"Enabled"},"version":"10.2","sslEnforcement":"Enabled","minimalTlsVersion":"TLSEnforcementDisabled","userVisibleState":"Ready","fullyQualifiedDomainName":"ankam6.mariadb.database.azure.com","earliestRestoreDate":"2020-03-24T20:43:37.13+00:00","replicationRole":"","masterServerId":"","byokEnforcement":"Disabled","infrastructureEncryption":"Disabled","privateEndpointConnections":[],"publicNetworkAccess":"Enabled"},"location":"eastus","id":"/subscriptions/00000000-0000-0000-0000-000000000000/resourceGroups/akamath/providers/Microsoft.DBforMariaDB/servers/ankam6","name":"ankam6","type":"Microsoft.DBforMariaDB/servers"},{"sku":{"name":"GP_Gen5_2","tier":"GeneralPurpose","family":"Gen5","capacity":2},"properties":{"administratorLogin":"postgres","storageProfile":{"storageMB":5120,"backupRetentionDays":7,"geoRedundantBackup":"Disabled","storageAutogrow":"Enabled"},"version":"10.2","sslEnforcement":"Enabled","minimalTlsVersion":"TLSEnforcementDisabled","userVisibleState":"Ready","fullyQualifiedDomainName":"ankam10.mariadb.database.azure.com","earliestRestoreDate":"2020-03-26T19:06:25.707+00:00","replicationRole":"","masterServerId":"","byokEnforcement":"Disabled","infrastructureEncryption":"Disabled","privateEndpointConnections":[],"publicNetworkAccess":"Disabled"},"location":"eastus","id":"/subscriptions/00000000-0000-0000-0000-000000000000/resourceGroups/akamath/providers/Microsoft.DBforMariaDB/servers/ankam10","name":"ankam10","type":"Microsoft.DBforMariaDB/servers"},{"sku":{"name":"GP_Gen5_2","tier":"GeneralPurpose","family":"Gen5","capacity":2},"properties":{"administratorLogin":"SuperUser","storageProfile":{"storageMB":5120,"backupRetentionDays":8,"geoRedundantBackup":"Disabled","storageAutogrow":"Enabled"},"version":"10.3","sslEnforcement":"Enabled","minimalTlsVersion":"TLSEnforcementDisabled","userVisibleState":"Ready","fullyQualifiedDomainName":"v-yovor-mariadb.mariadb.database.azure.com","earliestRestoreDate":"2020-03-27T20:43:39.217+00:00","replicationRole":"","masterServerId":"","byokEnforcement":"Disabled","infrastructureEncryption":"Disabled","privateEndpointConnections":[],"publicNetworkAccess":"Enabled"},"location":"eastus","tags":{},"id":"/subscriptions/00000000-0000-0000-0000-000000000000/resourceGroups/v-yovor-res/providers/Microsoft.DBforMariaDB/servers/v-yovor-mariadb","name":"v-yovor-mariadb","type":"Microsoft.DBforMariaDB/servers"},{"sku":{"name":"GP_Gen5_2","tier":"GeneralPurpose","family":"Gen5","capacity":2},"properties":{"administratorLogin":"cloudsa","storageProfile":{"storageMB":5120,"backupRetentionDays":10,"geoRedundantBackup":"Enabled","storageAutogrow":"Enabled"},"version":"10.2","sslEnforcement":"Enabled","minimalTlsVersion":"TLSEnforcementDisabled","userVisibleState":"Ready","fullyQualifiedDomainName":"azuredbclitest000003.mariadb.database.azure.com","earliestRestoreDate":"2020-03-28T01:22:24.593+00:00","replicationRole":"","masterServerId":"","byokEnforcement":"Disabled","infrastructureEncryption":"Disabled","privateEndpointConnections":[],"publicNetworkAccess":"Disabled"},"location":"eastus","tags":{"key":"3"},"id":"/subscriptions/00000000-0000-0000-0000-000000000000/resourceGroups/clitest.rg000001/providers/Microsoft.DBforMariaDB/servers/azuredbclitest000003","name":"azuredbclitest000003","type":"Microsoft.DBforMariaDB/servers"},{"sku":{"name":"GP_Gen5_2","tier":"GeneralPurpose","family":"Gen5","capacity":2},"properties":{"administratorLogin":"cloudsa","storageProfile":{"storageMB":5120,"backupRetentionDays":10,"geoRedundantBackup":"Enabled","storageAutogrow":"Enabled"},"version":"10.2","sslEnforcement":"Enabled","minimalTlsVersion":"TLSEnforcementDisabled","userVisibleState":"Ready","fullyQualifiedDomainName":"azuredbclirestore000004.mariadb.database.azure.com","earliestRestoreDate":"2020-03-28T01:32:25.987+00:00","replicationRole":"","masterServerId":"","byokEnforcement":"Disabled","infrastructureEncryption":"Disabled","privateEndpointConnections":[],"publicNetworkAccess":"Enabled"},"location":"eastus","id":"/subscriptions/00000000-0000-0000-0000-000000000000/resourceGroups/clitest.rg000002/providers/Microsoft.DBforMariaDB/servers/azuredbclirestore000004","name":"azuredbclirestore000004","type":"Microsoft.DBforMariaDB/servers"}]}'
    headers:
      cache-control:
      - no-cache
      content-length:
      - '5969'
      content-type:
      - application/json; charset=utf-8
      date:
      - Sat, 28 Mar 2020 01:24:11 GMT
      expires:
      - '-1'
      pragma:
      - no-cache
      server:
      - Microsoft-HTTPAPI/2.0
      strict-transport-security:
      - max-age=31536000; includeSubDomains
      transfer-encoding:
      - chunked
      vary:
      - Accept-Encoding
      x-content-type-options:
      - nosniff
    status:
      code: 200
      message: OK
- request:
    body: null
    headers:
      Accept:
      - application/json
      Accept-Encoding:
      - gzip, deflate
      CommandName:
      - mariadb server delete
      Connection:
      - keep-alive
      Content-Length:
      - '0'
      ParameterSetName:
      - -g --name --yes
      User-Agent:
      - python/3.6.4 (Windows-10-10.0.17763-SP0) msrest/0.6.11 msrest_azure/0.6.3
        azure-mgmt-rdbms/2018-06-01 Azure-SDK-For-Python AZURECLI/2.2.0
      accept-language:
      - en-US
    method: DELETE
    uri: https://management.azure.com/subscriptions/00000000-0000-0000-0000-000000000000/resourceGroups/clitest.rg000001/providers/Microsoft.DBforMariaDB/servers/azuredbclitest000003?api-version=2018-06-01
  response:
    body:
      string: '{"operation":"DropElasticServer","startTime":"2020-03-28T01:24:12.893Z"}'
    headers:
      azure-asyncoperation:
      - https://management.azure.com/subscriptions/00000000-0000-0000-0000-000000000000/providers/Microsoft.DBforMariaDB/locations/eastus/azureAsyncOperation/f8702358-8e83-4b79-ab73-de5668d4fb5a?api-version=2018-06-01
      cache-control:
      - no-cache
      content-length:
      - '72'
      content-type:
      - application/json; charset=utf-8
      date:
      - Sat, 28 Mar 2020 01:24:12 GMT
      expires:
      - '-1'
      location:
      - https://management.azure.com/subscriptions/00000000-0000-0000-0000-000000000000/providers/Microsoft.DBforMariaDB/locations/eastus/operationResults/f8702358-8e83-4b79-ab73-de5668d4fb5a?api-version=2018-06-01
      pragma:
      - no-cache
      server:
      - Microsoft-HTTPAPI/2.0
      strict-transport-security:
      - max-age=31536000; includeSubDomains
      x-content-type-options:
      - nosniff
      x-ms-ratelimit-remaining-subscription-deletes:
      - '14999'
    status:
      code: 202
      message: Accepted
- request:
    body: null
    headers:
      Accept:
      - application/json
      Accept-Encoding:
      - gzip, deflate
      CommandName:
      - mariadb server delete
      Connection:
      - keep-alive
      ParameterSetName:
      - -g --name --yes
      User-Agent:
      - python/3.6.4 (Windows-10-10.0.17763-SP0) msrest/0.6.11 msrest_azure/0.6.3
        azure-mgmt-rdbms/2018-06-01 Azure-SDK-For-Python AZURECLI/2.2.0
    method: GET
    uri: https://management.azure.com/subscriptions/00000000-0000-0000-0000-000000000000/providers/Microsoft.DBforMariaDB/locations/eastus/azureAsyncOperation/f8702358-8e83-4b79-ab73-de5668d4fb5a?api-version=2018-06-01
  response:
    body:
      string: '{"name":"f8702358-8e83-4b79-ab73-de5668d4fb5a","status":"Succeeded","startTime":"2020-03-28T01:24:12.893Z"}'
    headers:
      cache-control:
      - no-cache
      content-length:
      - '107'
      content-type:
      - application/json; charset=utf-8
      date:
      - Sat, 28 Mar 2020 01:24:28 GMT
      expires:
      - '-1'
      pragma:
      - no-cache
      server:
      - Microsoft-HTTPAPI/2.0
      strict-transport-security:
      - max-age=31536000; includeSubDomains
      transfer-encoding:
      - chunked
      vary:
      - Accept-Encoding
      x-content-type-options:
      - nosniff
    status:
      code: 200
      message: OK
- request:
    body: null
    headers:
      Accept:
      - application/json
      Accept-Encoding:
      - gzip, deflate
      CommandName:
      - mariadb server delete
      Connection:
      - keep-alive
      Content-Length:
      - '0'
      ParameterSetName:
      - -g -n --yes
      User-Agent:
      - python/3.6.4 (Windows-10-10.0.17763-SP0) msrest/0.6.11 msrest_azure/0.6.3
        azure-mgmt-rdbms/2018-06-01 Azure-SDK-For-Python AZURECLI/2.2.0
      accept-language:
      - en-US
    method: DELETE
    uri: https://management.azure.com/subscriptions/00000000-0000-0000-0000-000000000000/resourceGroups/clitest.rg000002/providers/Microsoft.DBforMariaDB/servers/azuredbclirestore000004?api-version=2018-06-01
  response:
    body:
      string: '{"operation":"DropElasticServer","startTime":"2020-03-28T01:24:29.767Z"}'
    headers:
      azure-asyncoperation:
      - https://management.azure.com/subscriptions/00000000-0000-0000-0000-000000000000/providers/Microsoft.DBforMariaDB/locations/eastus/azureAsyncOperation/45bf4403-8e35-4c36-9e79-547ef90855a0?api-version=2018-06-01
      cache-control:
      - no-cache
      content-length:
      - '72'
      content-type:
      - application/json; charset=utf-8
      date:
      - Sat, 28 Mar 2020 01:24:29 GMT
      expires:
      - '-1'
      location:
      - https://management.azure.com/subscriptions/00000000-0000-0000-0000-000000000000/providers/Microsoft.DBforMariaDB/locations/eastus/operationResults/45bf4403-8e35-4c36-9e79-547ef90855a0?api-version=2018-06-01
      pragma:
      - no-cache
      server:
      - Microsoft-HTTPAPI/2.0
      strict-transport-security:
      - max-age=31536000; includeSubDomains
      x-content-type-options:
      - nosniff
      x-ms-ratelimit-remaining-subscription-deletes:
      - '14999'
    status:
      code: 202
      message: Accepted
- request:
    body: null
    headers:
      Accept:
      - application/json
      Accept-Encoding:
      - gzip, deflate
      CommandName:
      - mariadb server delete
      Connection:
      - keep-alive
      ParameterSetName:
      - -g -n --yes
      User-Agent:
      - python/3.6.4 (Windows-10-10.0.17763-SP0) msrest/0.6.11 msrest_azure/0.6.3
        azure-mgmt-rdbms/2018-06-01 Azure-SDK-For-Python AZURECLI/2.2.0
    method: GET
    uri: https://management.azure.com/subscriptions/00000000-0000-0000-0000-000000000000/providers/Microsoft.DBforMariaDB/locations/eastus/azureAsyncOperation/45bf4403-8e35-4c36-9e79-547ef90855a0?api-version=2018-06-01
  response:
    body:
      string: '{"name":"45bf4403-8e35-4c36-9e79-547ef90855a0","status":"Succeeded","startTime":"2020-03-28T01:24:29.767Z"}'
    headers:
      cache-control:
      - no-cache
      content-length:
      - '107'
      content-type:
      - application/json; charset=utf-8
      date:
      - Sat, 28 Mar 2020 01:24:44 GMT
      expires:
      - '-1'
      pragma:
      - no-cache
      server:
      - Microsoft-HTTPAPI/2.0
      strict-transport-security:
      - max-age=31536000; includeSubDomains
      transfer-encoding:
      - chunked
      vary:
      - Accept-Encoding
      x-content-type-options:
      - nosniff
    status:
      code: 200
      message: OK
=======
      code: 204
      message: No Content
>>>>>>> 4dfb0f809cd6dea50fe4b352393328d6956cb990
- request:
    body: null
    headers:
      Accept:
      - application/json
      Accept-Encoding:
      - gzip, deflate
      CommandName:
      - mariadb server list
      Connection:
      - keep-alive
      ParameterSetName:
      - -g
      User-Agent:
      - python/3.6.4 (Windows-10-10.0.17763-SP0) msrest/0.6.11 msrest_azure/0.6.3
        azure-mgmt-rdbms/2018-06-01 Azure-SDK-For-Python AZURECLI/2.2.0
      accept-language:
      - en-US
    method: GET
    uri: https://management.azure.com/subscriptions/00000000-0000-0000-0000-000000000000/resourceGroups/clitest.rg000001/providers/Microsoft.DBforMariaDB/servers?api-version=2018-06-01
  response:
    body:
      string: '{"value":[]}'
    headers:
      cache-control:
      - no-cache
      content-length:
      - '12'
      content-type:
      - application/json; charset=utf-8
      date:
<<<<<<< HEAD
      - Sat, 28 Mar 2020 01:24:45 GMT
=======
      - Thu, 26 Mar 2020 20:47:31 GMT
>>>>>>> 4dfb0f809cd6dea50fe4b352393328d6956cb990
      expires:
      - '-1'
      pragma:
      - no-cache
      strict-transport-security:
      - max-age=31536000; includeSubDomains
      vary:
      - Accept-Encoding
      x-content-type-options:
      - nosniff
    status:
      code: 200
      message: OK
- request:
    body: null
    headers:
      Accept:
      - application/json
      Accept-Encoding:
      - gzip, deflate
      CommandName:
      - mariadb server list
      Connection:
      - keep-alive
      ParameterSetName:
      - -g
      User-Agent:
      - python/3.6.4 (Windows-10-10.0.17763-SP0) msrest/0.6.11 msrest_azure/0.6.3
        azure-mgmt-rdbms/2018-06-01 Azure-SDK-For-Python AZURECLI/2.2.0
      accept-language:
      - en-US
    method: GET
    uri: https://management.azure.com/subscriptions/00000000-0000-0000-0000-000000000000/resourceGroups/clitest.rg000002/providers/Microsoft.DBforMariaDB/servers?api-version=2018-06-01
  response:
    body:
      string: '{"value":[]}'
    headers:
      cache-control:
      - no-cache
      content-length:
      - '12'
      content-type:
      - application/json; charset=utf-8
      date:
<<<<<<< HEAD
      - Sat, 28 Mar 2020 01:24:46 GMT
=======
      - Thu, 26 Mar 2020 20:47:32 GMT
>>>>>>> 4dfb0f809cd6dea50fe4b352393328d6956cb990
      expires:
      - '-1'
      pragma:
      - no-cache
      server:
      - Microsoft-HTTPAPI/2.0
      strict-transport-security:
      - max-age=31536000; includeSubDomains
      transfer-encoding:
      - chunked
      vary:
      - Accept-Encoding
      x-content-type-options:
      - nosniff
    status:
      code: 200
      message: OK
version: 1
