interactions:
- request:
    body: null
    headers:
      Accept:
      - application/json
      Accept-Encoding:
      - gzip, deflate
      CommandName:
      - network vnet subnet show
      Connection:
      - keep-alive
      ParameterSetName:
      - -g -n --vnet-name
      User-Agent:
      - python/3.7.4 (Windows-10-10.0.19041-SP0) msrest/0.6.18 msrest_azure/0.6.3
        azure-mgmt-network/12.0.0 Azure-SDK-For-Python AZURECLI/2.14.0
      accept-language:
      - en-US
    method: GET
    uri: https://management.azure.com/subscriptions/00000000-0000-0000-0000-000000000000/resourceGroups/clitest.rg000001/providers/Microsoft.Network/virtualNetworks/clitest.vn000002/subnets/default?api-version=2020-06-01
  response:
    body:
      string: "{\r\n  \"name\": \"default\",\r\n  \"id\": \"/subscriptions/00000000-0000-0000-0000-000000000000/resourceGroups/clitest.rg000001/providers/Microsoft.Network/virtualNetworks/clitest.vn000002/subnets/default\",\r\n
        \ \"etag\": \"W/\\\"0d1e5865-e103-4b84-88ee-36f36549b505\\\"\",\r\n  \"properties\":
        {\r\n    \"provisioningState\": \"Succeeded\",\r\n    \"addressPrefix\": \"10.0.0.0/24\",\r\n
        \   \"delegations\": [],\r\n    \"privateEndpointNetworkPolicies\": \"Enabled\",\r\n
        \   \"privateLinkServiceNetworkPolicies\": \"Enabled\"\r\n  },\r\n  \"type\":
        \"Microsoft.Network/virtualNetworks/subnets\"\r\n}"
    headers:
      cache-control:
      - no-cache
      content-length:
      - '605'
      content-type:
      - application/json; charset=utf-8
      date:
      - Tue, 10 Nov 2020 03:56:36 GMT
      etag:
      - W/"0d1e5865-e103-4b84-88ee-36f36549b505"
      expires:
      - '-1'
      pragma:
      - no-cache
      server:
      - Microsoft-HTTPAPI/2.0
      - Microsoft-HTTPAPI/2.0
      strict-transport-security:
      - max-age=31536000; includeSubDomains
      transfer-encoding:
      - chunked
      vary:
      - Accept-Encoding
      x-content-type-options:
      - nosniff
      x-ms-arm-service-request-id:
      - 2bfc5c8b-2464-4337-8ac0-95784eb8e6c3
    status:
      code: 200
      message: OK
- request:
    body: null
    headers:
      Accept:
      - application/json
      Accept-Encoding:
      - gzip, deflate
      CommandName:
      - mysql flexible-server create
      Connection:
      - keep-alive
      ParameterSetName:
      - -g -n --subnet
      User-Agent:
      - python/3.7.4 (Windows-10-10.0.19041-SP0) msrest/0.6.18 msrest_azure/0.6.3
        azure-mgmt-rdbms/2020-07-01-privatepreview Azure-SDK-For-Python AZURECLI/2.14.0
      accept-language:
      - en-US
    method: GET
    uri: https://management.azure.com/subscriptions/00000000-0000-0000-0000-000000000000/providers/Microsoft.DBForMySql/locations/westus2/capabilities?api-version=2020-07-01-privatepreview
  response:
    body:
      string: '{"value":[{"zone":"none","supportedFlexibleServerEditions":[{"name":"Burstable","supportedStorageEditions":[{"name":"PremiumFileShare","minStorageSize":{"name":"5120","storageSizeMB":5120},"maxStorageSize":{"name":"16777216","storageSizeMB":16777216},"minBackupRetentionDays":7,"maxBackupRetentionDays":35,"supportedStorageMB":[],"status":"Default"}],"supportedServerVersions":[{"name":"5.7","supportedVcores":[{"name":"Standard_B1s","vCores":1,"supportedIOPS":320,"supportedMemoryPerVcoreMB":1024,"status":"Available"},{"name":"Standard_B1ms","vCores":1,"supportedIOPS":640,"supportedMemoryPerVcoreMB":2048,"status":"Available"},{"name":"Standard_B2s","vCores":2,"supportedIOPS":1280,"supportedMemoryPerVcoreMB":2048,"status":"Default"}],"status":"Default"}],"status":"Available"},{"name":"GeneralPurpose","supportedStorageEditions":[{"name":"PremiumFileShare","minStorageSize":{"name":"5120","storageSizeMB":5120},"maxStorageSize":{"name":"16777216","storageSizeMB":16777216},"minBackupRetentionDays":7,"maxBackupRetentionDays":35,"supportedStorageMB":[],"status":"Default"}],"supportedServerVersions":[{"name":"5.7","supportedVcores":[{"name":"Standard_D2ds_v4","vCores":2,"supportedIOPS":3200,"supportedMemoryPerVcoreMB":4096,"status":"Available"},{"name":"Standard_D4ds_v4","vCores":4,"supportedIOPS":6400,"supportedMemoryPerVcoreMB":4096,"status":"Available"},{"name":"Standard_D8ds_v4","vCores":8,"supportedIOPS":12800,"supportedMemoryPerVcoreMB":4096,"status":"Available"},{"name":"Standard_D16ds_v4","vCores":16,"supportedIOPS":20000,"supportedMemoryPerVcoreMB":4096,"status":"Available"},{"name":"Standard_D32ds_v4","vCores":32,"supportedIOPS":20000,"supportedMemoryPerVcoreMB":4096,"status":"Available"},{"name":"Standard_D48ds_v4","vCores":48,"supportedIOPS":20000,"supportedMemoryPerVcoreMB":4096,"status":"Available"},{"name":"Standard_D64ds_v4","vCores":64,"supportedIOPS":20000,"supportedMemoryPerVcoreMB":4096,"status":"Available"}],"status":"Default"}],"status":"Available"},{"name":"MemoryOptimized","supportedStorageEditions":[{"name":"PremiumFileShare","minStorageSize":{"name":"5120","storageSizeMB":5120},"maxStorageSize":{"name":"16777216","storageSizeMB":16777216},"minBackupRetentionDays":7,"maxBackupRetentionDays":35,"supportedStorageMB":[],"status":"Default"}],"supportedServerVersions":[{"name":"5.7","supportedVcores":[{"name":"Standard_E2ds_v4","vCores":2,"supportedIOPS":3200,"supportedMemoryPerVcoreMB":8192,"status":"Available"},{"name":"Standard_E4ds_v4","vCores":4,"supportedIOPS":6400,"supportedMemoryPerVcoreMB":8192,"status":"Available"},{"name":"Standard_E8ds_v4","vCores":8,"supportedIOPS":12800,"supportedMemoryPerVcoreMB":8192,"status":"Available"},{"name":"Standard_E16ds_v4","vCores":16,"supportedIOPS":20000,"supportedMemoryPerVcoreMB":8192,"status":"Available"},{"name":"Standard_E32ds_v4","vCores":32,"supportedIOPS":20000,"supportedMemoryPerVcoreMB":8192,"status":"Available"},{"name":"Standard_E48ds_v4","vCores":48,"supportedIOPS":20000,"supportedMemoryPerVcoreMB":8192,"status":"Available"},{"name":"Standard_E64ds_v4","vCores":64,"supportedIOPS":20000,"supportedMemoryPerVcoreMB":8192,"status":"Available"}],"status":"Default"}],"status":"Default"}],"status":"Default"},{"zone":"1","supportedFlexibleServerEditions":[{"name":"Burstable","supportedStorageEditions":[{"name":"PremiumFileShare","minStorageSize":{"name":"5120","storageSizeMB":5120},"maxStorageSize":{"name":"16777216","storageSizeMB":16777216},"minBackupRetentionDays":7,"maxBackupRetentionDays":35,"supportedStorageMB":[],"status":"Default"}],"supportedServerVersions":[{"name":"5.7","supportedVcores":[{"name":"Standard_B1s","vCores":1,"supportedIOPS":320,"supportedMemoryPerVcoreMB":1024,"status":"Available"},{"name":"Standard_B1ms","vCores":1,"supportedIOPS":640,"supportedMemoryPerVcoreMB":2048,"status":"Available"},{"name":"Standard_B2s","vCores":2,"supportedIOPS":1280,"supportedMemoryPerVcoreMB":2048,"status":"Default"}],"status":"Default"}],"status":"Available"},{"name":"GeneralPurpose","supportedStorageEditions":[{"name":"PremiumFileShare","minStorageSize":{"name":"5120","storageSizeMB":5120},"maxStorageSize":{"name":"16777216","storageSizeMB":16777216},"minBackupRetentionDays":7,"maxBackupRetentionDays":35,"supportedStorageMB":[],"status":"Default"}],"supportedServerVersions":[{"name":"5.7","supportedVcores":[{"name":"Standard_D2ds_v4","vCores":2,"supportedIOPS":3200,"supportedMemoryPerVcoreMB":4096,"status":"Available"},{"name":"Standard_D4ds_v4","vCores":4,"supportedIOPS":6400,"supportedMemoryPerVcoreMB":4096,"status":"Available"},{"name":"Standard_D8ds_v4","vCores":8,"supportedIOPS":12800,"supportedMemoryPerVcoreMB":4096,"status":"Available"},{"name":"Standard_D16ds_v4","vCores":16,"supportedIOPS":20000,"supportedMemoryPerVcoreMB":4096,"status":"Available"},{"name":"Standard_D32ds_v4","vCores":32,"supportedIOPS":20000,"supportedMemoryPerVcoreMB":4096,"status":"Available"},{"name":"Standard_D48ds_v4","vCores":48,"supportedIOPS":20000,"supportedMemoryPerVcoreMB":4096,"status":"Available"},{"name":"Standard_D64ds_v4","vCores":64,"supportedIOPS":20000,"supportedMemoryPerVcoreMB":4096,"status":"Available"}],"status":"Default"}],"status":"Available"},{"name":"MemoryOptimized","supportedStorageEditions":[{"name":"PremiumFileShare","minStorageSize":{"name":"5120","storageSizeMB":5120},"maxStorageSize":{"name":"16777216","storageSizeMB":16777216},"minBackupRetentionDays":7,"maxBackupRetentionDays":35,"supportedStorageMB":[],"status":"Default"}],"supportedServerVersions":[{"name":"5.7","supportedVcores":[{"name":"Standard_E2ds_v4","vCores":2,"supportedIOPS":3200,"supportedMemoryPerVcoreMB":8192,"status":"Available"},{"name":"Standard_E4ds_v4","vCores":4,"supportedIOPS":6400,"supportedMemoryPerVcoreMB":8192,"status":"Available"},{"name":"Standard_E8ds_v4","vCores":8,"supportedIOPS":12800,"supportedMemoryPerVcoreMB":8192,"status":"Available"},{"name":"Standard_E16ds_v4","vCores":16,"supportedIOPS":20000,"supportedMemoryPerVcoreMB":8192,"status":"Available"},{"name":"Standard_E32ds_v4","vCores":32,"supportedIOPS":20000,"supportedMemoryPerVcoreMB":8192,"status":"Available"},{"name":"Standard_E48ds_v4","vCores":48,"supportedIOPS":20000,"supportedMemoryPerVcoreMB":8192,"status":"Available"},{"name":"Standard_E64ds_v4","vCores":64,"supportedIOPS":20000,"supportedMemoryPerVcoreMB":8192,"status":"Available"}],"status":"Default"}],"status":"Default"}],"status":"Available"},{"zone":"2","supportedFlexibleServerEditions":[{"name":"Burstable","supportedStorageEditions":[{"name":"PremiumFileShare","minStorageSize":{"name":"5120","storageSizeMB":5120},"maxStorageSize":{"name":"16777216","storageSizeMB":16777216},"minBackupRetentionDays":7,"maxBackupRetentionDays":35,"supportedStorageMB":[],"status":"Default"}],"supportedServerVersions":[{"name":"5.7","supportedVcores":[{"name":"Standard_B1s","vCores":1,"supportedIOPS":320,"supportedMemoryPerVcoreMB":1024,"status":"Available"},{"name":"Standard_B1ms","vCores":1,"supportedIOPS":640,"supportedMemoryPerVcoreMB":2048,"status":"Available"},{"name":"Standard_B2s","vCores":2,"supportedIOPS":1280,"supportedMemoryPerVcoreMB":2048,"status":"Default"}],"status":"Default"}],"status":"Available"},{"name":"GeneralPurpose","supportedStorageEditions":[{"name":"PremiumFileShare","minStorageSize":{"name":"5120","storageSizeMB":5120},"maxStorageSize":{"name":"16777216","storageSizeMB":16777216},"minBackupRetentionDays":7,"maxBackupRetentionDays":35,"supportedStorageMB":[],"status":"Default"}],"supportedServerVersions":[{"name":"5.7","supportedVcores":[{"name":"Standard_D2ds_v4","vCores":2,"supportedIOPS":3200,"supportedMemoryPerVcoreMB":4096,"status":"Available"},{"name":"Standard_D4ds_v4","vCores":4,"supportedIOPS":6400,"supportedMemoryPerVcoreMB":4096,"status":"Available"},{"name":"Standard_D8ds_v4","vCores":8,"supportedIOPS":12800,"supportedMemoryPerVcoreMB":4096,"status":"Available"},{"name":"Standard_D16ds_v4","vCores":16,"supportedIOPS":20000,"supportedMemoryPerVcoreMB":4096,"status":"Available"},{"name":"Standard_D32ds_v4","vCores":32,"supportedIOPS":20000,"supportedMemoryPerVcoreMB":4096,"status":"Available"},{"name":"Standard_D48ds_v4","vCores":48,"supportedIOPS":20000,"supportedMemoryPerVcoreMB":4096,"status":"Available"},{"name":"Standard_D64ds_v4","vCores":64,"supportedIOPS":20000,"supportedMemoryPerVcoreMB":4096,"status":"Available"}],"status":"Default"}],"status":"Available"},{"name":"MemoryOptimized","supportedStorageEditions":[{"name":"PremiumFileShare","minStorageSize":{"name":"5120","storageSizeMB":5120},"maxStorageSize":{"name":"16777216","storageSizeMB":16777216},"minBackupRetentionDays":7,"maxBackupRetentionDays":35,"supportedStorageMB":[],"status":"Default"}],"supportedServerVersions":[{"name":"5.7","supportedVcores":[{"name":"Standard_E2ds_v4","vCores":2,"supportedIOPS":3200,"supportedMemoryPerVcoreMB":8192,"status":"Available"},{"name":"Standard_E4ds_v4","vCores":4,"supportedIOPS":6400,"supportedMemoryPerVcoreMB":8192,"status":"Available"},{"name":"Standard_E8ds_v4","vCores":8,"supportedIOPS":12800,"supportedMemoryPerVcoreMB":8192,"status":"Available"},{"name":"Standard_E16ds_v4","vCores":16,"supportedIOPS":20000,"supportedMemoryPerVcoreMB":8192,"status":"Available"},{"name":"Standard_E32ds_v4","vCores":32,"supportedIOPS":20000,"supportedMemoryPerVcoreMB":8192,"status":"Available"},{"name":"Standard_E48ds_v4","vCores":48,"supportedIOPS":20000,"supportedMemoryPerVcoreMB":8192,"status":"Available"},{"name":"Standard_E64ds_v4","vCores":64,"supportedIOPS":20000,"supportedMemoryPerVcoreMB":8192,"status":"Available"}],"status":"Default"}],"status":"Default"}],"status":"Available"},{"zone":"3","supportedFlexibleServerEditions":[{"name":"Burstable","supportedStorageEditions":[{"name":"PremiumFileShare","minStorageSize":{"name":"5120","storageSizeMB":5120},"maxStorageSize":{"name":"16777216","storageSizeMB":16777216},"minBackupRetentionDays":7,"maxBackupRetentionDays":35,"supportedStorageMB":[],"status":"Default"}],"supportedServerVersions":[{"name":"5.7","supportedVcores":[{"name":"Standard_B1s","vCores":1,"supportedIOPS":320,"supportedMemoryPerVcoreMB":1024,"status":"Available"},{"name":"Standard_B1ms","vCores":1,"supportedIOPS":640,"supportedMemoryPerVcoreMB":2048,"status":"Available"},{"name":"Standard_B2s","vCores":2,"supportedIOPS":1280,"supportedMemoryPerVcoreMB":2048,"status":"Default"}],"status":"Default"}],"status":"Available"},{"name":"GeneralPurpose","supportedStorageEditions":[{"name":"PremiumFileShare","minStorageSize":{"name":"5120","storageSizeMB":5120},"maxStorageSize":{"name":"16777216","storageSizeMB":16777216},"minBackupRetentionDays":7,"maxBackupRetentionDays":35,"supportedStorageMB":[],"status":"Default"}],"supportedServerVersions":[{"name":"5.7","supportedVcores":[{"name":"Standard_D2ds_v4","vCores":2,"supportedIOPS":3200,"supportedMemoryPerVcoreMB":4096,"status":"Available"},{"name":"Standard_D4ds_v4","vCores":4,"supportedIOPS":6400,"supportedMemoryPerVcoreMB":4096,"status":"Available"},{"name":"Standard_D8ds_v4","vCores":8,"supportedIOPS":12800,"supportedMemoryPerVcoreMB":4096,"status":"Available"},{"name":"Standard_D16ds_v4","vCores":16,"supportedIOPS":20000,"supportedMemoryPerVcoreMB":4096,"status":"Available"},{"name":"Standard_D32ds_v4","vCores":32,"supportedIOPS":20000,"supportedMemoryPerVcoreMB":4096,"status":"Available"},{"name":"Standard_D48ds_v4","vCores":48,"supportedIOPS":20000,"supportedMemoryPerVcoreMB":4096,"status":"Available"},{"name":"Standard_D64ds_v4","vCores":64,"supportedIOPS":20000,"supportedMemoryPerVcoreMB":4096,"status":"Available"}],"status":"Default"}],"status":"Available"},{"name":"MemoryOptimized","supportedStorageEditions":[{"name":"PremiumFileShare","minStorageSize":{"name":"5120","storageSizeMB":5120},"maxStorageSize":{"name":"16777216","storageSizeMB":16777216},"minBackupRetentionDays":7,"maxBackupRetentionDays":35,"supportedStorageMB":[],"status":"Default"}],"supportedServerVersions":[{"name":"5.7","supportedVcores":[{"name":"Standard_E2ds_v4","vCores":2,"supportedIOPS":3200,"supportedMemoryPerVcoreMB":8192,"status":"Available"},{"name":"Standard_E4ds_v4","vCores":4,"supportedIOPS":6400,"supportedMemoryPerVcoreMB":8192,"status":"Available"},{"name":"Standard_E8ds_v4","vCores":8,"supportedIOPS":12800,"supportedMemoryPerVcoreMB":8192,"status":"Available"},{"name":"Standard_E16ds_v4","vCores":16,"supportedIOPS":20000,"supportedMemoryPerVcoreMB":8192,"status":"Available"},{"name":"Standard_E32ds_v4","vCores":32,"supportedIOPS":20000,"supportedMemoryPerVcoreMB":8192,"status":"Available"},{"name":"Standard_E48ds_v4","vCores":48,"supportedIOPS":20000,"supportedMemoryPerVcoreMB":8192,"status":"Available"},{"name":"Standard_E64ds_v4","vCores":64,"supportedIOPS":20000,"supportedMemoryPerVcoreMB":8192,"status":"Available"}],"status":"Default"}],"status":"Default"}],"status":"Available"}]}'
    headers:
      cache-control:
      - no-cache
      content-length:
      - '12864'
      content-type:
      - application/json; charset=utf-8
      date:
      - Tue, 10 Nov 2020 03:56:35 GMT
      expires:
      - '-1'
      pragma:
      - no-cache
      server:
      - Microsoft-HTTPAPI/2.0
      strict-transport-security:
      - max-age=31536000; includeSubDomains
      transfer-encoding:
      - chunked
      vary:
      - Accept-Encoding
      x-content-type-options:
      - nosniff
    status:
      code: 200
      message: OK
- request:
    body: '{"name": "testvnetserver1mysql", "type": "Microsoft.DBforMySQL/flexibleServers"}'
    headers:
      Accept:
      - application/json
      Accept-Encoding:
      - gzip, deflate
      CommandName:
      - mysql flexible-server create
      Connection:
      - keep-alive
      Content-Length:
      - '80'
      Content-Type:
      - application/json; charset=utf-8
      ParameterSetName:
      - -g -n --subnet
      User-Agent:
      - python/3.7.4 (Windows-10-10.0.19041-SP0) msrest/0.6.18 msrest_azure/0.6.3
        azure-mgmt-rdbms/2020-07-01-privatepreview Azure-SDK-For-Python AZURECLI/2.14.0
      accept-language:
      - en-US
    method: POST
    uri: https://management.azure.com/subscriptions/00000000-0000-0000-0000-000000000000/providers/Microsoft.DBForMySql/checkNameAvailability?api-version=2020-07-01-privatepreview
  response:
    body:
      string: '{"nameAvailable":true,"message":""}'
    headers:
      cache-control:
      - no-cache
      content-length:
      - '35'
      content-type:
      - application/json; charset=utf-8
      date:
      - Tue, 10 Nov 2020 03:56:38 GMT
      expires:
      - '-1'
      pragma:
      - no-cache
      server:
      - Microsoft-HTTPAPI/2.0
      strict-transport-security:
      - max-age=31536000; includeSubDomains
      transfer-encoding:
      - chunked
      vary:
      - Accept-Encoding
      x-content-type-options:
      - nosniff
      x-ms-ratelimit-remaining-subscription-writes:
      - '1199'
    status:
      code: 200
      message: OK
- request:
    body: null
    headers:
      Accept:
      - application/json
      Accept-Encoding:
      - gzip, deflate
      CommandName:
      - mysql flexible-server create
      Connection:
      - keep-alive
      ParameterSetName:
      - -g -n --subnet
      User-Agent:
      - python/3.7.4 (Windows-10-10.0.19041-SP0) msrest/0.6.18 msrest_azure/0.6.3
        azure-mgmt-resource/10.2.0 Azure-SDK-For-Python AZURECLI/2.14.0
      accept-language:
      - en-US
    method: HEAD
    uri: https://management.azure.com/subscriptions/00000000-0000-0000-0000-000000000000/resourcegroups/clitest.rg000001?api-version=2020-06-01
  response:
    body:
      string: ''
    headers:
      cache-control:
      - no-cache
      content-length:
      - '0'
      date:
      - Tue, 10 Nov 2020 03:56:38 GMT
      expires:
      - '-1'
      pragma:
      - no-cache
      strict-transport-security:
      - max-age=31536000; includeSubDomains
      x-content-type-options:
      - nosniff
    status:
      code: 204
      message: No Content
- request:
    body: null
    headers:
      Accept:
      - application/json
      Accept-Encoding:
      - gzip, deflate
      CommandName:
      - mysql flexible-server create
      Connection:
      - keep-alive
      ParameterSetName:
      - -g -n --subnet
      User-Agent:
      - python/3.7.4 (Windows-10-10.0.19041-SP0) msrest/0.6.18 msrest_azure/0.6.3
        azure-mgmt-resource/10.2.0 Azure-SDK-For-Python AZURECLI/2.14.0
      accept-language:
      - en-US
    method: GET
    uri: https://management.azure.com/subscriptions/00000000-0000-0000-0000-000000000000/resourcegroups/clitest.rg000001?api-version=2020-06-01
  response:
    body:
      string: '{"id":"/subscriptions/00000000-0000-0000-0000-000000000000/resourceGroups/clitest.rg000001","name":"clitest.rg000001","type":"Microsoft.Resources/resourceGroups","location":"westus2","tags":{"product":"azurecli","cause":"automation","date":"2020-11-10T03:56:28Z"},"properties":{"provisioningState":"Succeeded"}}'
    headers:
      cache-control:
      - no-cache
      content-length:
      - '429'
      content-type:
      - application/json; charset=utf-8
      date:
      - Tue, 10 Nov 2020 03:56:37 GMT
      expires:
      - '-1'
      pragma:
      - no-cache
      strict-transport-security:
      - max-age=31536000; includeSubDomains
      vary:
      - Accept-Encoding
      x-content-type-options:
      - nosniff
    status:
      code: 200
      message: OK
- request:
    body: null
    headers:
      Accept:
      - application/json
      Accept-Encoding:
      - gzip, deflate
      CommandName:
      - mysql flexible-server create
      Connection:
      - keep-alive
      ParameterSetName:
      - -g -n --subnet
      User-Agent:
      - python/3.7.4 (Windows-10-10.0.19041-SP0) msrest/0.6.18 msrest_azure/0.6.3
        azure-mgmt-network/12.0.0 Azure-SDK-For-Python AZURECLI/2.14.0
      accept-language:
      - en-US
    method: GET
    uri: https://management.azure.com/subscriptions/00000000-0000-0000-0000-000000000000/resourceGroups/clitest.rg000001/providers/Microsoft.Network/virtualNetworks/clitest.vn000002/subnets/default?api-version=2020-06-01
  response:
    body:
      string: "{\r\n  \"name\": \"default\",\r\n  \"id\": \"/subscriptions/00000000-0000-0000-0000-000000000000/resourceGroups/clitest.rg000001/providers/Microsoft.Network/virtualNetworks/clitest.vn000002/subnets/default\",\r\n
        \ \"etag\": \"W/\\\"0d1e5865-e103-4b84-88ee-36f36549b505\\\"\",\r\n  \"properties\":
        {\r\n    \"provisioningState\": \"Succeeded\",\r\n    \"addressPrefix\": \"10.0.0.0/24\",\r\n
        \   \"delegations\": [],\r\n    \"privateEndpointNetworkPolicies\": \"Enabled\",\r\n
        \   \"privateLinkServiceNetworkPolicies\": \"Enabled\"\r\n  },\r\n  \"type\":
        \"Microsoft.Network/virtualNetworks/subnets\"\r\n}"
    headers:
      cache-control:
      - no-cache
      content-length:
      - '605'
      content-type:
      - application/json; charset=utf-8
      date:
      - Tue, 10 Nov 2020 03:56:39 GMT
      etag:
      - W/"0d1e5865-e103-4b84-88ee-36f36549b505"
      expires:
      - '-1'
      pragma:
      - no-cache
      server:
      - Microsoft-HTTPAPI/2.0
      - Microsoft-HTTPAPI/2.0
      strict-transport-security:
      - max-age=31536000; includeSubDomains
      transfer-encoding:
      - chunked
      vary:
      - Accept-Encoding
      x-content-type-options:
      - nosniff
      x-ms-arm-service-request-id:
      - 6c84c97f-dbb3-4f0c-b80d-39ca79e562a5
    status:
      code: 200
      message: OK
- request:
    body: '{"id": "/subscriptions/00000000-0000-0000-0000-000000000000/resourceGroups/clitest.rg000001/providers/Microsoft.Network/virtualNetworks/clitest.vn000002/subnets/default",
      "properties": {"addressPrefix": "10.0.0.0/24", "delegations": [{"properties":
      {"serviceName": "Microsoft.DBforMySQL/flexibleServers"}, "name": "Microsoft.DBforMySQL/flexibleServers"}],
      "privateEndpointNetworkPolicies": "Enabled", "privateLinkServiceNetworkPolicies":
      "Enabled"}, "name": "default"}'
    headers:
      Accept:
      - application/json
      Accept-Encoding:
      - gzip, deflate
      CommandName:
      - mysql flexible-server create
      Connection:
      - keep-alive
      Content-Length:
      - '535'
      Content-Type:
      - application/json; charset=utf-8
      ParameterSetName:
      - -g -n --subnet
      User-Agent:
      - python/3.7.4 (Windows-10-10.0.19041-SP0) msrest/0.6.18 msrest_azure/0.6.3
        azure-mgmt-network/12.0.0 Azure-SDK-For-Python AZURECLI/2.14.0
      accept-language:
      - en-US
    method: PUT
    uri: https://management.azure.com/subscriptions/00000000-0000-0000-0000-000000000000/resourceGroups/clitest.rg000001/providers/Microsoft.Network/virtualNetworks/clitest.vn000002/subnets/default?api-version=2020-06-01
  response:
    body:
      string: "{\r\n  \"name\": \"default\",\r\n  \"id\": \"/subscriptions/00000000-0000-0000-0000-000000000000/resourceGroups/clitest.rg000001/providers/Microsoft.Network/virtualNetworks/clitest.vn000002/subnets/default\",\r\n
        \ \"etag\": \"W/\\\"1c90b0c5-32f0-4763-a84c-14ddb0ee6049\\\"\",\r\n  \"properties\":
        {\r\n    \"provisioningState\": \"Updating\",\r\n    \"addressPrefix\": \"10.0.0.0/24\",\r\n
        \   \"delegations\": [\r\n      {\r\n        \"name\": \"Microsoft.DBforMySQL/flexibleServers\",\r\n
        \       \"id\": \"/subscriptions/00000000-0000-0000-0000-000000000000/resourceGroups/clitest.rg000001/providers/Microsoft.Network/virtualNetworks/clitest.vn000002/subnets/default/delegations/Microsoft.DBforMySQL/flexibleServers\",\r\n
        \       \"etag\": \"W/\\\"1c90b0c5-32f0-4763-a84c-14ddb0ee6049\\\"\",\r\n
        \       \"properties\": {\r\n          \"provisioningState\": \"Succeeded\",\r\n
        \         \"serviceName\": \"Microsoft.DBforMySQL/flexibleServers\",\r\n          \"actions\":
        [\r\n            \"Microsoft.Network/virtualNetworks/subnets/join/action\"\r\n
        \         ]\r\n        },\r\n        \"type\": \"Microsoft.Network/virtualNetworks/subnets/delegations\"\r\n
        \     }\r\n    ],\r\n    \"privateEndpointNetworkPolicies\": \"Enabled\",\r\n
        \   \"privateLinkServiceNetworkPolicies\": \"Enabled\"\r\n  },\r\n  \"type\":
        \"Microsoft.Network/virtualNetworks/subnets\"\r\n}"
    headers:
      azure-asyncoperation:
      - https://management.azure.com/subscriptions/00000000-0000-0000-0000-000000000000/providers/Microsoft.Network/locations/westus2/operations/aea13971-2193-42d1-b12d-2e18411f6427?api-version=2020-06-01
      cache-control:
      - no-cache
      content-length:
      - '1370'
      content-type:
      - application/json; charset=utf-8
      date:
      - Tue, 10 Nov 2020 03:56:39 GMT
      expires:
      - '-1'
      pragma:
      - no-cache
      server:
      - Microsoft-HTTPAPI/2.0
      - Microsoft-HTTPAPI/2.0
      strict-transport-security:
      - max-age=31536000; includeSubDomains
      transfer-encoding:
      - chunked
      vary:
      - Accept-Encoding
      x-content-type-options:
      - nosniff
      x-ms-arm-service-request-id:
      - 9e5c5c3e-c1cb-435a-85d0-a4ecbb15fe7a
      x-ms-ratelimit-remaining-subscription-writes:
      - '1199'
    status:
      code: 200
      message: OK
- request:
    body: null
    headers:
      Accept:
      - application/json
      Accept-Encoding:
      - gzip, deflate
      CommandName:
      - mysql flexible-server create
      Connection:
      - keep-alive
      ParameterSetName:
      - -g -n --subnet
      User-Agent:
      - python/3.7.4 (Windows-10-10.0.19041-SP0) msrest/0.6.18 msrest_azure/0.6.3
        azure-mgmt-network/12.0.0 Azure-SDK-For-Python AZURECLI/2.14.0
    method: GET
    uri: https://management.azure.com/subscriptions/00000000-0000-0000-0000-000000000000/providers/Microsoft.Network/locations/westus2/operations/aea13971-2193-42d1-b12d-2e18411f6427?api-version=2020-06-01
  response:
    body:
      string: "{\r\n  \"status\": \"Succeeded\"\r\n}"
    headers:
      cache-control:
      - no-cache
      content-length:
      - '29'
      content-type:
      - application/json; charset=utf-8
      date:
      - Tue, 10 Nov 2020 03:56:42 GMT
      expires:
      - '-1'
      pragma:
      - no-cache
      server:
      - Microsoft-HTTPAPI/2.0
      - Microsoft-HTTPAPI/2.0
      strict-transport-security:
      - max-age=31536000; includeSubDomains
      transfer-encoding:
      - chunked
      vary:
      - Accept-Encoding
      x-content-type-options:
      - nosniff
      x-ms-arm-service-request-id:
      - 3da279df-5e6e-4a5f-9757-9f2416d2c767
    status:
      code: 200
      message: OK
- request:
    body: null
    headers:
      Accept:
      - application/json
      Accept-Encoding:
      - gzip, deflate
      CommandName:
      - mysql flexible-server create
      Connection:
      - keep-alive
      ParameterSetName:
      - -g -n --subnet
      User-Agent:
      - python/3.7.4 (Windows-10-10.0.19041-SP0) msrest/0.6.18 msrest_azure/0.6.3
        azure-mgmt-network/12.0.0 Azure-SDK-For-Python AZURECLI/2.14.0
    method: GET
    uri: https://management.azure.com/subscriptions/00000000-0000-0000-0000-000000000000/resourceGroups/clitest.rg000001/providers/Microsoft.Network/virtualNetworks/clitest.vn000002/subnets/default?api-version=2020-06-01
  response:
    body:
      string: "{\r\n  \"name\": \"default\",\r\n  \"id\": \"/subscriptions/00000000-0000-0000-0000-000000000000/resourceGroups/clitest.rg000001/providers/Microsoft.Network/virtualNetworks/clitest.vn000002/subnets/default\",\r\n
        \ \"etag\": \"W/\\\"97948ad4-5a54-47c5-b8c7-e3923b7e6bf7\\\"\",\r\n  \"properties\":
        {\r\n    \"provisioningState\": \"Succeeded\",\r\n    \"addressPrefix\": \"10.0.0.0/24\",\r\n
        \   \"delegations\": [\r\n      {\r\n        \"name\": \"Microsoft.DBforMySQL/flexibleServers\",\r\n
        \       \"id\": \"/subscriptions/00000000-0000-0000-0000-000000000000/resourceGroups/clitest.rg000001/providers/Microsoft.Network/virtualNetworks/clitest.vn000002/subnets/default/delegations/Microsoft.DBforMySQL/flexibleServers\",\r\n
        \       \"etag\": \"W/\\\"97948ad4-5a54-47c5-b8c7-e3923b7e6bf7\\\"\",\r\n
        \       \"properties\": {\r\n          \"provisioningState\": \"Succeeded\",\r\n
        \         \"serviceName\": \"Microsoft.DBforMySQL/flexibleServers\",\r\n          \"actions\":
        [\r\n            \"Microsoft.Network/virtualNetworks/subnets/join/action\"\r\n
        \         ]\r\n        },\r\n        \"type\": \"Microsoft.Network/virtualNetworks/subnets/delegations\"\r\n
        \     }\r\n    ],\r\n    \"privateEndpointNetworkPolicies\": \"Enabled\",\r\n
        \   \"privateLinkServiceNetworkPolicies\": \"Enabled\"\r\n  },\r\n  \"type\":
        \"Microsoft.Network/virtualNetworks/subnets\"\r\n}"
    headers:
      cache-control:
      - no-cache
      content-length:
      - '1371'
      content-type:
      - application/json; charset=utf-8
      date:
      - Tue, 10 Nov 2020 03:56:42 GMT
      etag:
      - W/"97948ad4-5a54-47c5-b8c7-e3923b7e6bf7"
      expires:
      - '-1'
      pragma:
      - no-cache
      server:
      - Microsoft-HTTPAPI/2.0
      - Microsoft-HTTPAPI/2.0
      strict-transport-security:
      - max-age=31536000; includeSubDomains
      transfer-encoding:
      - chunked
      vary:
      - Accept-Encoding
      x-content-type-options:
      - nosniff
      x-ms-arm-service-request-id:
      - 1d34dc95-85e5-4782-b58a-9c11270d2cb4
    status:
      code: 200
      message: OK
- request:
    body: '{"location": "westus2", "sku": {"name": "Standard_B1ms", "tier": "Burstable"},
      "properties": {"administratorLogin": "liquidCheese3", "administratorLoginPassword":
      "h5kAJ1zeclFGkY2L6QeeIw", "version": "5.7", "haEnabled": "Disabled", "storageProfile":
      {"backupRetentionDays": 7, "storageMB": 10240}, "delegatedSubnetArguments":
      {"subnetArmResourceId": "/subscriptions/00000000-0000-0000-0000-000000000000/resourceGroups/clitest.rg000001/providers/Microsoft.Network/virtualNetworks/clitest.vn000002/subnets/default"},
      "createMode": "Default"}}'
    headers:
      Accept:
      - application/json
      Accept-Encoding:
      - gzip, deflate
      CommandName:
      - mysql flexible-server create
      Connection:
      - keep-alive
      Content-Length:
      - '607'
      Content-Type:
      - application/json; charset=utf-8
      ParameterSetName:
      - -g -n --subnet
      User-Agent:
      - python/3.7.4 (Windows-10-10.0.19041-SP0) msrest/0.6.18 msrest_azure/0.6.3
        azure-mgmt-rdbms/2020-07-01-privatepreview Azure-SDK-For-Python AZURECLI/2.14.0
      accept-language:
      - en-US
    method: PUT
    uri: https://management.azure.com/subscriptions/00000000-0000-0000-0000-000000000000/resourceGroups/clitest.rg000001/providers/Microsoft.DBForMySql/flexibleServers/testvnetserver1mysql?api-version=2020-07-01-privatepreview
  response:
    body:
      string: '{"operation":"UpsertServerManagementOperationV2","startTime":"2020-11-10T03:56:45.873Z"}'
    headers:
      azure-asyncoperation:
      - https://management.azure.com/subscriptions/00000000-0000-0000-0000-000000000000/providers/Microsoft.DBforMySQL/locations/westus2/azureAsyncOperation/6f702421-3316-4091-8e35-0bb6701a3788?api-version=2020-07-01-privatepreview
      cache-control:
      - no-cache
      content-length:
      - '88'
      content-type:
      - application/json; charset=utf-8
      date:
      - Tue, 10 Nov 2020 03:56:45 GMT
      expires:
      - '-1'
      location:
      - https://management.azure.com/subscriptions/00000000-0000-0000-0000-000000000000/providers/Microsoft.DBforMySQL/locations/westus2/operationResults/6f702421-3316-4091-8e35-0bb6701a3788?api-version=2020-07-01-privatepreview
      pragma:
      - no-cache
      server:
      - Microsoft-HTTPAPI/2.0
      strict-transport-security:
      - max-age=31536000; includeSubDomains
      x-content-type-options:
      - nosniff
      x-ms-ratelimit-remaining-subscription-writes:
      - '1199'
    status:
      code: 202
      message: Accepted
- request:
    body: null
    headers:
      Accept:
      - application/json
      Accept-Encoding:
      - gzip, deflate
      CommandName:
      - mysql flexible-server create
      Connection:
      - keep-alive
      ParameterSetName:
      - -g -n --subnet
      User-Agent:
      - python/3.7.4 (Windows-10-10.0.19041-SP0) msrest/0.6.18 msrest_azure/0.6.3
        azure-mgmt-rdbms/2020-07-01-privatepreview Azure-SDK-For-Python AZURECLI/2.14.0
    method: GET
    uri: https://management.azure.com/subscriptions/00000000-0000-0000-0000-000000000000/providers/Microsoft.DBforMySQL/locations/westus2/azureAsyncOperation/6f702421-3316-4091-8e35-0bb6701a3788?api-version=2020-07-01-privatepreview
  response:
    body:
      string: '{"name":"6f702421-3316-4091-8e35-0bb6701a3788","status":"InProgress","startTime":"2020-11-10T03:56:45.873Z"}'
    headers:
      cache-control:
      - no-cache
      content-length:
      - '108'
      content-type:
      - application/json; charset=utf-8
      date:
      - Tue, 10 Nov 2020 03:57:46 GMT
      expires:
      - '-1'
      pragma:
      - no-cache
      server:
      - Microsoft-HTTPAPI/2.0
      strict-transport-security:
      - max-age=31536000; includeSubDomains
      transfer-encoding:
      - chunked
      vary:
      - Accept-Encoding
      x-content-type-options:
      - nosniff
    status:
      code: 200
      message: OK
- request:
    body: null
    headers:
      Accept:
      - application/json
      Accept-Encoding:
      - gzip, deflate
      CommandName:
      - mysql flexible-server create
      Connection:
      - keep-alive
      ParameterSetName:
      - -g -n --subnet
      User-Agent:
      - python/3.7.4 (Windows-10-10.0.19041-SP0) msrest/0.6.18 msrest_azure/0.6.3
        azure-mgmt-rdbms/2020-07-01-privatepreview Azure-SDK-For-Python AZURECLI/2.14.0
    method: GET
    uri: https://management.azure.com/subscriptions/00000000-0000-0000-0000-000000000000/providers/Microsoft.DBforMySQL/locations/westus2/azureAsyncOperation/6f702421-3316-4091-8e35-0bb6701a3788?api-version=2020-07-01-privatepreview
  response:
    body:
      string: '{"name":"6f702421-3316-4091-8e35-0bb6701a3788","status":"InProgress","startTime":"2020-11-10T03:56:45.873Z"}'
    headers:
      cache-control:
      - no-cache
      content-length:
      - '108'
      content-type:
      - application/json; charset=utf-8
      date:
      - Tue, 10 Nov 2020 03:58:46 GMT
      expires:
      - '-1'
      pragma:
      - no-cache
      server:
      - Microsoft-HTTPAPI/2.0
      strict-transport-security:
      - max-age=31536000; includeSubDomains
      transfer-encoding:
      - chunked
      vary:
      - Accept-Encoding
      x-content-type-options:
      - nosniff
    status:
      code: 200
      message: OK
- request:
    body: null
    headers:
      Accept:
      - application/json
      Accept-Encoding:
      - gzip, deflate
      CommandName:
      - mysql flexible-server create
      Connection:
      - keep-alive
      ParameterSetName:
      - -g -n --subnet
      User-Agent:
      - python/3.7.4 (Windows-10-10.0.19041-SP0) msrest/0.6.18 msrest_azure/0.6.3
        azure-mgmt-rdbms/2020-07-01-privatepreview Azure-SDK-For-Python AZURECLI/2.14.0
    method: GET
    uri: https://management.azure.com/subscriptions/00000000-0000-0000-0000-000000000000/providers/Microsoft.DBforMySQL/locations/westus2/azureAsyncOperation/6f702421-3316-4091-8e35-0bb6701a3788?api-version=2020-07-01-privatepreview
  response:
    body:
      string: '{"name":"6f702421-3316-4091-8e35-0bb6701a3788","status":"InProgress","startTime":"2020-11-10T03:56:45.873Z"}'
    headers:
      cache-control:
      - no-cache
      content-length:
      - '108'
      content-type:
      - application/json; charset=utf-8
      date:
      - Tue, 10 Nov 2020 03:59:47 GMT
      expires:
      - '-1'
      pragma:
      - no-cache
      server:
      - Microsoft-HTTPAPI/2.0
      strict-transport-security:
      - max-age=31536000; includeSubDomains
      transfer-encoding:
      - chunked
      vary:
      - Accept-Encoding
      x-content-type-options:
      - nosniff
    status:
      code: 200
      message: OK
- request:
    body: null
    headers:
      Accept:
      - application/json
      Accept-Encoding:
      - gzip, deflate
      CommandName:
      - mysql flexible-server create
      Connection:
      - keep-alive
      ParameterSetName:
      - -g -n --subnet
      User-Agent:
      - python/3.7.4 (Windows-10-10.0.19041-SP0) msrest/0.6.18 msrest_azure/0.6.3
        azure-mgmt-rdbms/2020-07-01-privatepreview Azure-SDK-For-Python AZURECLI/2.14.0
    method: GET
    uri: https://management.azure.com/subscriptions/00000000-0000-0000-0000-000000000000/providers/Microsoft.DBforMySQL/locations/westus2/azureAsyncOperation/6f702421-3316-4091-8e35-0bb6701a3788?api-version=2020-07-01-privatepreview
  response:
    body:
      string: '{"name":"6f702421-3316-4091-8e35-0bb6701a3788","status":"InProgress","startTime":"2020-11-10T03:56:45.873Z"}'
    headers:
      cache-control:
      - no-cache
      content-length:
      - '108'
      content-type:
      - application/json; charset=utf-8
      date:
      - Tue, 10 Nov 2020 04:00:46 GMT
      expires:
      - '-1'
      pragma:
      - no-cache
      server:
      - Microsoft-HTTPAPI/2.0
      strict-transport-security:
      - max-age=31536000; includeSubDomains
      transfer-encoding:
      - chunked
      vary:
      - Accept-Encoding
      x-content-type-options:
      - nosniff
    status:
      code: 200
      message: OK
- request:
    body: null
    headers:
      Accept:
      - application/json
      Accept-Encoding:
      - gzip, deflate
      CommandName:
      - mysql flexible-server create
      Connection:
      - keep-alive
      ParameterSetName:
      - -g -n --subnet
      User-Agent:
      - python/3.7.4 (Windows-10-10.0.19041-SP0) msrest/0.6.18 msrest_azure/0.6.3
        azure-mgmt-rdbms/2020-07-01-privatepreview Azure-SDK-For-Python AZURECLI/2.14.0
    method: GET
    uri: https://management.azure.com/subscriptions/00000000-0000-0000-0000-000000000000/providers/Microsoft.DBforMySQL/locations/westus2/azureAsyncOperation/6f702421-3316-4091-8e35-0bb6701a3788?api-version=2020-07-01-privatepreview
  response:
    body:
      string: '{"name":"6f702421-3316-4091-8e35-0bb6701a3788","status":"InProgress","startTime":"2020-11-10T03:56:45.873Z"}'
    headers:
      cache-control:
      - no-cache
      content-length:
      - '108'
      content-type:
      - application/json; charset=utf-8
      date:
      - Tue, 10 Nov 2020 04:01:46 GMT
      expires:
      - '-1'
      pragma:
      - no-cache
      server:
      - Microsoft-HTTPAPI/2.0
      strict-transport-security:
      - max-age=31536000; includeSubDomains
      transfer-encoding:
      - chunked
      vary:
      - Accept-Encoding
      x-content-type-options:
      - nosniff
    status:
      code: 200
      message: OK
- request:
    body: null
    headers:
      Accept:
      - application/json
      Accept-Encoding:
      - gzip, deflate
      CommandName:
      - mysql flexible-server create
      Connection:
      - keep-alive
      ParameterSetName:
      - -g -n --subnet
      User-Agent:
      - python/3.7.4 (Windows-10-10.0.19041-SP0) msrest/0.6.18 msrest_azure/0.6.3
        azure-mgmt-rdbms/2020-07-01-privatepreview Azure-SDK-For-Python AZURECLI/2.14.0
    method: GET
    uri: https://management.azure.com/subscriptions/00000000-0000-0000-0000-000000000000/providers/Microsoft.DBforMySQL/locations/westus2/azureAsyncOperation/6f702421-3316-4091-8e35-0bb6701a3788?api-version=2020-07-01-privatepreview
  response:
    body:
      string: '{"name":"6f702421-3316-4091-8e35-0bb6701a3788","status":"InProgress","startTime":"2020-11-10T03:56:45.873Z"}'
    headers:
      cache-control:
      - no-cache
      content-length:
      - '108'
      content-type:
      - application/json; charset=utf-8
      date:
      - Tue, 10 Nov 2020 04:02:47 GMT
      expires:
      - '-1'
      pragma:
      - no-cache
      server:
      - Microsoft-HTTPAPI/2.0
      strict-transport-security:
      - max-age=31536000; includeSubDomains
      transfer-encoding:
      - chunked
      vary:
      - Accept-Encoding
      x-content-type-options:
      - nosniff
    status:
      code: 200
      message: OK
- request:
    body: null
    headers:
      Accept:
      - application/json
      Accept-Encoding:
      - gzip, deflate
      CommandName:
      - mysql flexible-server create
      Connection:
      - keep-alive
      ParameterSetName:
      - -g -n --subnet
      User-Agent:
      - python/3.7.4 (Windows-10-10.0.19041-SP0) msrest/0.6.18 msrest_azure/0.6.3
        azure-mgmt-rdbms/2020-07-01-privatepreview Azure-SDK-For-Python AZURECLI/2.14.0
    method: GET
    uri: https://management.azure.com/subscriptions/00000000-0000-0000-0000-000000000000/providers/Microsoft.DBforMySQL/locations/westus2/azureAsyncOperation/6f702421-3316-4091-8e35-0bb6701a3788?api-version=2020-07-01-privatepreview
  response:
    body:
      string: '{"name":"6f702421-3316-4091-8e35-0bb6701a3788","status":"InProgress","startTime":"2020-11-10T03:56:45.873Z"}'
    headers:
      cache-control:
      - no-cache
      content-length:
      - '108'
      content-type:
      - application/json; charset=utf-8
      date:
      - Tue, 10 Nov 2020 04:03:47 GMT
      expires:
      - '-1'
      pragma:
      - no-cache
      server:
      - Microsoft-HTTPAPI/2.0
      strict-transport-security:
      - max-age=31536000; includeSubDomains
      transfer-encoding:
      - chunked
      vary:
      - Accept-Encoding
      x-content-type-options:
      - nosniff
    status:
      code: 200
      message: OK
- request:
    body: null
    headers:
      Accept:
      - application/json
      Accept-Encoding:
      - gzip, deflate
      CommandName:
      - mysql flexible-server create
      Connection:
      - keep-alive
      ParameterSetName:
      - -g -n --subnet
      User-Agent:
      - python/3.7.4 (Windows-10-10.0.19041-SP0) msrest/0.6.18 msrest_azure/0.6.3
        azure-mgmt-rdbms/2020-07-01-privatepreview Azure-SDK-For-Python AZURECLI/2.14.0
    method: GET
    uri: https://management.azure.com/subscriptions/00000000-0000-0000-0000-000000000000/providers/Microsoft.DBforMySQL/locations/westus2/azureAsyncOperation/6f702421-3316-4091-8e35-0bb6701a3788?api-version=2020-07-01-privatepreview
  response:
    body:
      string: '{"name":"6f702421-3316-4091-8e35-0bb6701a3788","status":"InProgress","startTime":"2020-11-10T03:56:45.873Z"}'
    headers:
      cache-control:
      - no-cache
      content-length:
      - '108'
      content-type:
      - application/json; charset=utf-8
      date:
      - Tue, 10 Nov 2020 04:04:48 GMT
      expires:
      - '-1'
      pragma:
      - no-cache
      server:
      - Microsoft-HTTPAPI/2.0
      strict-transport-security:
      - max-age=31536000; includeSubDomains
      transfer-encoding:
      - chunked
      vary:
      - Accept-Encoding
      x-content-type-options:
      - nosniff
    status:
      code: 200
      message: OK
- request:
    body: null
    headers:
      Accept:
      - application/json
      Accept-Encoding:
      - gzip, deflate
      CommandName:
      - mysql flexible-server create
      Connection:
      - keep-alive
      ParameterSetName:
      - -g -n --subnet
      User-Agent:
      - python/3.7.4 (Windows-10-10.0.19041-SP0) msrest/0.6.18 msrest_azure/0.6.3
        azure-mgmt-rdbms/2020-07-01-privatepreview Azure-SDK-For-Python AZURECLI/2.14.0
    method: GET
    uri: https://management.azure.com/subscriptions/00000000-0000-0000-0000-000000000000/providers/Microsoft.DBforMySQL/locations/westus2/azureAsyncOperation/6f702421-3316-4091-8e35-0bb6701a3788?api-version=2020-07-01-privatepreview
  response:
    body:
      string: '{"name":"6f702421-3316-4091-8e35-0bb6701a3788","status":"InProgress","startTime":"2020-11-10T03:56:45.873Z"}'
    headers:
      cache-control:
      - no-cache
      content-length:
      - '108'
      content-type:
      - application/json; charset=utf-8
      date:
      - Tue, 10 Nov 2020 04:05:47 GMT
      expires:
      - '-1'
      pragma:
      - no-cache
      server:
      - Microsoft-HTTPAPI/2.0
      strict-transport-security:
      - max-age=31536000; includeSubDomains
      transfer-encoding:
      - chunked
      vary:
      - Accept-Encoding
      x-content-type-options:
      - nosniff
    status:
      code: 200
      message: OK
- request:
    body: null
    headers:
      Accept:
      - application/json
      Accept-Encoding:
      - gzip, deflate
      CommandName:
      - mysql flexible-server create
      Connection:
      - keep-alive
      ParameterSetName:
      - -g -n --subnet
      User-Agent:
      - python/3.7.4 (Windows-10-10.0.19041-SP0) msrest/0.6.18 msrest_azure/0.6.3
        azure-mgmt-rdbms/2020-07-01-privatepreview Azure-SDK-For-Python AZURECLI/2.14.0
    method: GET
    uri: https://management.azure.com/subscriptions/00000000-0000-0000-0000-000000000000/providers/Microsoft.DBforMySQL/locations/westus2/azureAsyncOperation/6f702421-3316-4091-8e35-0bb6701a3788?api-version=2020-07-01-privatepreview
  response:
    body:
      string: '{"name":"6f702421-3316-4091-8e35-0bb6701a3788","status":"InProgress","startTime":"2020-11-10T03:56:45.873Z"}'
    headers:
      cache-control:
      - no-cache
      content-length:
      - '108'
      content-type:
      - application/json; charset=utf-8
      date:
      - Tue, 10 Nov 2020 04:06:48 GMT
      expires:
      - '-1'
      pragma:
      - no-cache
      server:
      - Microsoft-HTTPAPI/2.0
      strict-transport-security:
      - max-age=31536000; includeSubDomains
      transfer-encoding:
      - chunked
      vary:
      - Accept-Encoding
      x-content-type-options:
      - nosniff
    status:
      code: 200
      message: OK
- request:
    body: null
    headers:
      Accept:
      - application/json
      Accept-Encoding:
      - gzip, deflate
      CommandName:
      - mysql flexible-server create
      Connection:
      - keep-alive
      ParameterSetName:
      - -g -n --subnet
      User-Agent:
      - python/3.7.4 (Windows-10-10.0.19041-SP0) msrest/0.6.18 msrest_azure/0.6.3
        azure-mgmt-rdbms/2020-07-01-privatepreview Azure-SDK-For-Python AZURECLI/2.14.0
    method: GET
    uri: https://management.azure.com/subscriptions/00000000-0000-0000-0000-000000000000/providers/Microsoft.DBforMySQL/locations/westus2/azureAsyncOperation/6f702421-3316-4091-8e35-0bb6701a3788?api-version=2020-07-01-privatepreview
  response:
    body:
      string: '{"name":"6f702421-3316-4091-8e35-0bb6701a3788","status":"InProgress","startTime":"2020-11-10T03:56:45.873Z"}'
    headers:
      cache-control:
      - no-cache
      content-length:
      - '108'
      content-type:
      - application/json; charset=utf-8
      date:
      - Tue, 10 Nov 2020 04:07:48 GMT
      expires:
      - '-1'
      pragma:
      - no-cache
      server:
      - Microsoft-HTTPAPI/2.0
      strict-transport-security:
      - max-age=31536000; includeSubDomains
      transfer-encoding:
      - chunked
      vary:
      - Accept-Encoding
      x-content-type-options:
      - nosniff
    status:
      code: 200
      message: OK
- request:
    body: null
    headers:
      Accept:
      - application/json
      Accept-Encoding:
      - gzip, deflate
      CommandName:
      - mysql flexible-server create
      Connection:
      - keep-alive
      ParameterSetName:
      - -g -n --subnet
      User-Agent:
      - python/3.7.4 (Windows-10-10.0.19041-SP0) msrest/0.6.18 msrest_azure/0.6.3
        azure-mgmt-rdbms/2020-07-01-privatepreview Azure-SDK-For-Python AZURECLI/2.14.0
    method: GET
    uri: https://management.azure.com/subscriptions/00000000-0000-0000-0000-000000000000/providers/Microsoft.DBforMySQL/locations/westus2/azureAsyncOperation/6f702421-3316-4091-8e35-0bb6701a3788?api-version=2020-07-01-privatepreview
  response:
    body:
      string: '{"name":"6f702421-3316-4091-8e35-0bb6701a3788","status":"InProgress","startTime":"2020-11-10T03:56:45.873Z"}'
    headers:
      cache-control:
      - no-cache
      content-length:
      - '108'
      content-type:
      - application/json; charset=utf-8
      date:
      - Tue, 10 Nov 2020 04:08:48 GMT
      expires:
      - '-1'
      pragma:
      - no-cache
      server:
      - Microsoft-HTTPAPI/2.0
      strict-transport-security:
      - max-age=31536000; includeSubDomains
      transfer-encoding:
      - chunked
      vary:
      - Accept-Encoding
      x-content-type-options:
      - nosniff
    status:
      code: 200
      message: OK
- request:
    body: null
    headers:
      Accept:
      - application/json
      Accept-Encoding:
      - gzip, deflate
      CommandName:
      - mysql flexible-server create
      Connection:
      - keep-alive
      ParameterSetName:
      - -g -n --subnet
      User-Agent:
      - python/3.7.4 (Windows-10-10.0.19041-SP0) msrest/0.6.18 msrest_azure/0.6.3
        azure-mgmt-rdbms/2020-07-01-privatepreview Azure-SDK-For-Python AZURECLI/2.14.0
    method: GET
    uri: https://management.azure.com/subscriptions/00000000-0000-0000-0000-000000000000/providers/Microsoft.DBforMySQL/locations/westus2/azureAsyncOperation/6f702421-3316-4091-8e35-0bb6701a3788?api-version=2020-07-01-privatepreview
  response:
    body:
      string: '{"name":"6f702421-3316-4091-8e35-0bb6701a3788","status":"InProgress","startTime":"2020-11-10T03:56:45.873Z"}'
    headers:
      cache-control:
      - no-cache
      content-length:
      - '108'
      content-type:
      - application/json; charset=utf-8
      date:
      - Tue, 10 Nov 2020 04:09:48 GMT
      expires:
      - '-1'
      pragma:
      - no-cache
      server:
      - Microsoft-HTTPAPI/2.0
      strict-transport-security:
      - max-age=31536000; includeSubDomains
      transfer-encoding:
      - chunked
      vary:
      - Accept-Encoding
      x-content-type-options:
      - nosniff
    status:
      code: 200
      message: OK
- request:
    body: null
    headers:
      Accept:
      - application/json
      Accept-Encoding:
      - gzip, deflate
      CommandName:
      - mysql flexible-server create
      Connection:
      - keep-alive
      ParameterSetName:
      - -g -n --subnet
      User-Agent:
      - python/3.7.4 (Windows-10-10.0.19041-SP0) msrest/0.6.18 msrest_azure/0.6.3
        azure-mgmt-rdbms/2020-07-01-privatepreview Azure-SDK-For-Python AZURECLI/2.14.0
    method: GET
    uri: https://management.azure.com/subscriptions/00000000-0000-0000-0000-000000000000/providers/Microsoft.DBforMySQL/locations/westus2/azureAsyncOperation/6f702421-3316-4091-8e35-0bb6701a3788?api-version=2020-07-01-privatepreview
  response:
    body:
      string: '{"name":"6f702421-3316-4091-8e35-0bb6701a3788","status":"Succeeded","startTime":"2020-11-10T03:56:45.873Z"}'
    headers:
      cache-control:
      - no-cache
      content-length:
      - '107'
      content-type:
      - application/json; charset=utf-8
      date:
      - Tue, 10 Nov 2020 04:10:49 GMT
      expires:
      - '-1'
      pragma:
      - no-cache
      server:
      - Microsoft-HTTPAPI/2.0
      strict-transport-security:
      - max-age=31536000; includeSubDomains
      transfer-encoding:
      - chunked
      vary:
      - Accept-Encoding
      x-content-type-options:
      - nosniff
    status:
      code: 200
      message: OK
- request:
    body: null
    headers:
      Accept:
      - application/json
      Accept-Encoding:
      - gzip, deflate
      CommandName:
      - mysql flexible-server create
      Connection:
      - keep-alive
      ParameterSetName:
      - -g -n --subnet
      User-Agent:
      - python/3.7.4 (Windows-10-10.0.19041-SP0) msrest/0.6.18 msrest_azure/0.6.3
        azure-mgmt-rdbms/2020-07-01-privatepreview Azure-SDK-For-Python AZURECLI/2.14.0
    method: GET
    uri: https://management.azure.com/subscriptions/00000000-0000-0000-0000-000000000000/resourceGroups/clitest.rg000001/providers/Microsoft.DBForMySql/flexibleServers/testvnetserver1mysql?api-version=2020-07-01-privatepreview
  response:
    body:
      string: '{"sku":{"name":"Standard_B1ms","tier":"Burstable","capacity":0},"properties":{"administratorLogin":"liquidCheese3","storageProfile":{"storageMB":10240,"storageIops":0,"backupRetentionDays":7,"storageAutogrow":"Disabled","fileStorageSkuName":"Premium_LRS"},"version":"5.7","state":"Ready","haState":"NotEnabled","fullyQualifiedDomainName":"testvnetserver1mysql.mysql.database.azure.com","sourceServerId":"","publicNetworkAccess":"Disabled","sslEnforcement":"Disabled","haEnabled":"Disabled","earliestRestoreDate":"2020-11-10T04:10:49.8904006+00:00","maintenanceWindow":{"customWindow":"Disabled","dayOfWeek":0,"startHour":0,"startMinute":0},"replicationRole":"None","replicaCapacity":10,"delegatedSubnetArguments":{"subnetArmResourceId":"/subscriptions/00000000-0000-0000-0000-000000000000/resourceGroups/clitest.rg000001/providers/Microsoft.Network/virtualNetworks/clitest.vn000002/subnets/default"},"byokEnforcement":"Disabled"},"location":"West
        US 2","id":"/subscriptions/00000000-0000-0000-0000-000000000000/resourceGroups/clitest.rg000001/providers/Microsoft.DBforMySQL/flexibleServers/testvnetserver1mysql","name":"testvnetserver1mysql","type":"Microsoft.DBforMySQL/flexibleServers"}'
    headers:
      cache-control:
      - no-cache
      content-length:
      - '1314'
      content-type:
      - application/json; charset=utf-8
      date:
      - Tue, 10 Nov 2020 04:10:49 GMT
      expires:
      - '-1'
      pragma:
      - no-cache
      server:
      - Microsoft-HTTPAPI/2.0
      strict-transport-security:
      - max-age=31536000; includeSubDomains
      transfer-encoding:
      - chunked
      vary:
      - Accept-Encoding
      x-content-type-options:
      - nosniff
    status:
      code: 200
      message: OK
- request:
    body: null
    headers:
      Accept:
      - application/json
      Accept-Encoding:
      - gzip, deflate
      CommandName:
      - mysql flexible-server create
      Connection:
      - keep-alive
      ParameterSetName:
      - -g -n --subnet
      User-Agent:
      - python/3.7.4 (Windows-10-10.0.19041-SP0) msrest/0.6.18 msrest_azure/0.6.3
        azure-mgmt-rdbms/2020-07-01-privatepreview Azure-SDK-For-Python AZURECLI/2.14.0
      accept-language:
      - en-US
    method: GET
    uri: https://management.azure.com/subscriptions/00000000-0000-0000-0000-000000000000/resourceGroups/clitest.rg000001/providers/Microsoft.DBForMySql/flexibleServers/testvnetserver1mysql/databases/flexibleserverdb?api-version=2020-07-01-privatepreview
  response:
    body:
      string: '{"error":{"code":"ResourceNotFound","message":"The requested resource
        of type ''Microsoft.DBforMySQL/flexibleServers/databases'' with name ''flexibleserverdb''
        was not found."}}'
    headers:
      cache-control:
      - no-cache
      content-length:
      - '173'
      content-type:
      - application/json; charset=utf-8
      date:
      - Tue, 10 Nov 2020 04:10:49 GMT
      expires:
      - '-1'
      pragma:
      - no-cache
      server:
      - Microsoft-HTTPAPI/2.0
      strict-transport-security:
      - max-age=31536000; includeSubDomains
      x-content-type-options:
      - nosniff
    status:
      code: 404
      message: Not Found
- request:
    body: '{"properties": {"charset": "utf8"}}'
    headers:
      Accept:
      - application/json
      Accept-Encoding:
      - gzip, deflate
      CommandName:
      - mysql flexible-server create
      Connection:
      - keep-alive
      Content-Length:
      - '35'
      Content-Type:
      - application/json; charset=utf-8
      ParameterSetName:
      - -g -n --subnet
      User-Agent:
      - python/3.7.4 (Windows-10-10.0.19041-SP0) msrest/0.6.18 msrest_azure/0.6.3
        azure-mgmt-rdbms/2020-07-01-privatepreview Azure-SDK-For-Python AZURECLI/2.14.0
      accept-language:
      - en-US
    method: PUT
    uri: https://management.azure.com/subscriptions/00000000-0000-0000-0000-000000000000/resourceGroups/clitest.rg000001/providers/Microsoft.DBForMySql/flexibleServers/testvnetserver1mysql/databases/flexibleserverdb?api-version=2020-07-01-privatepreview
  response:
    body:
      string: '{"operation":"UpsertServerDatabaseManagementOperation","startTime":"2020-11-10T04:10:50.827Z"}'
    headers:
      azure-asyncoperation:
      - https://management.azure.com/subscriptions/00000000-0000-0000-0000-000000000000/providers/Microsoft.DBforMySQL/locations/westus2/azureAsyncOperation/ff4c2a8e-dc9f-4e3e-bed8-a98a94f6bf9e?api-version=2020-07-01-privatepreview
      cache-control:
      - no-cache
      content-length:
      - '94'
      content-type:
      - application/json; charset=utf-8
      date:
      - Tue, 10 Nov 2020 04:10:50 GMT
      expires:
      - '-1'
      location:
      - https://management.azure.com/subscriptions/00000000-0000-0000-0000-000000000000/providers/Microsoft.DBforMySQL/locations/westus2/operationResults/ff4c2a8e-dc9f-4e3e-bed8-a98a94f6bf9e?api-version=2020-07-01-privatepreview
      pragma:
      - no-cache
      server:
      - Microsoft-HTTPAPI/2.0
      strict-transport-security:
      - max-age=31536000; includeSubDomains
      x-content-type-options:
      - nosniff
      x-ms-ratelimit-remaining-subscription-writes:
      - '1199'
    status:
      code: 202
      message: Accepted
- request:
    body: null
    headers:
      Accept:
      - application/json
      Accept-Encoding:
      - gzip, deflate
      CommandName:
      - mysql flexible-server create
      Connection:
      - keep-alive
      ParameterSetName:
      - -g -n --subnet
      User-Agent:
      - python/3.7.4 (Windows-10-10.0.19041-SP0) msrest/0.6.18 msrest_azure/0.6.3
        azure-mgmt-rdbms/2020-07-01-privatepreview Azure-SDK-For-Python AZURECLI/2.14.0
    method: GET
    uri: https://management.azure.com/subscriptions/00000000-0000-0000-0000-000000000000/providers/Microsoft.DBforMySQL/locations/westus2/azureAsyncOperation/ff4c2a8e-dc9f-4e3e-bed8-a98a94f6bf9e?api-version=2020-07-01-privatepreview
  response:
    body:
      string: '{"name":"ff4c2a8e-dc9f-4e3e-bed8-a98a94f6bf9e","status":"Succeeded","startTime":"2020-11-10T04:10:50.827Z"}'
    headers:
      cache-control:
      - no-cache
      content-length:
      - '107'
      content-type:
      - application/json; charset=utf-8
      date:
      - Tue, 10 Nov 2020 04:11:05 GMT
      expires:
      - '-1'
      pragma:
      - no-cache
      server:
      - Microsoft-HTTPAPI/2.0
      strict-transport-security:
      - max-age=31536000; includeSubDomains
      transfer-encoding:
      - chunked
      vary:
      - Accept-Encoding
      x-content-type-options:
      - nosniff
    status:
      code: 200
      message: OK
- request:
    body: null
    headers:
      Accept:
      - application/json
      Accept-Encoding:
      - gzip, deflate
      CommandName:
      - mysql flexible-server create
      Connection:
      - keep-alive
      ParameterSetName:
      - -g -n --subnet
      User-Agent:
      - python/3.7.4 (Windows-10-10.0.19041-SP0) msrest/0.6.18 msrest_azure/0.6.3
        azure-mgmt-rdbms/2020-07-01-privatepreview Azure-SDK-For-Python AZURECLI/2.14.0
    method: GET
    uri: https://management.azure.com/subscriptions/00000000-0000-0000-0000-000000000000/resourceGroups/clitest.rg000001/providers/Microsoft.DBForMySql/flexibleServers/testvnetserver1mysql/databases/flexibleserverdb?api-version=2020-07-01-privatepreview
  response:
    body:
      string: '{"properties":{"charset":"latin1","collation":"latin1_swedish_ci"},"id":"/subscriptions/00000000-0000-0000-0000-000000000000/resourceGroups/clitest.rg000001/providers/Microsoft.DBforMySQL/flexibleServers/testvnetserver1mysql/databases/flexibleserverdb","name":"flexibleserverdb","type":"Microsoft.DBforMySQL/flexibleServers/databases"}'
    headers:
      cache-control:
      - no-cache
      content-length:
      - '394'
      content-type:
      - application/json; charset=utf-8
      date:
      - Tue, 10 Nov 2020 04:11:05 GMT
      expires:
      - '-1'
      pragma:
      - no-cache
      server:
      - Microsoft-HTTPAPI/2.0
      strict-transport-security:
      - max-age=31536000; includeSubDomains
      transfer-encoding:
      - chunked
      vary:
      - Accept-Encoding
      x-content-type-options:
      - nosniff
    status:
      code: 200
      message: OK
- request:
    body: null
    headers:
      Accept:
      - application/json
      Accept-Encoding:
      - gzip, deflate
      CommandName:
      - mysql flexible-server show
      Connection:
      - keep-alive
      ParameterSetName:
      - -g -n
      User-Agent:
      - python/3.7.4 (Windows-10-10.0.19041-SP0) msrest/0.6.18 msrest_azure/0.6.3
        azure-mgmt-rdbms/2020-07-01-privatepreview Azure-SDK-For-Python AZURECLI/2.14.0
      accept-language:
      - en-US
    method: GET
    uri: https://management.azure.com/subscriptions/00000000-0000-0000-0000-000000000000/resourceGroups/clitest.rg000001/providers/Microsoft.DBForMySql/flexibleServers/testvnetserver1mysql?api-version=2020-07-01-privatepreview
  response:
    body:
      string: '{"sku":{"name":"Standard_B1ms","tier":"Burstable","capacity":0},"properties":{"administratorLogin":"liquidCheese3","storageProfile":{"storageMB":10240,"storageIops":0,"backupRetentionDays":7,"storageAutogrow":"Disabled","fileStorageSkuName":"Premium_LRS"},"version":"5.7","state":"Ready","haState":"NotEnabled","fullyQualifiedDomainName":"testvnetserver1mysql.mysql.database.azure.com","sourceServerId":"","publicNetworkAccess":"Disabled","sslEnforcement":"Disabled","haEnabled":"Disabled","earliestRestoreDate":"2020-11-10T04:11:07.6386806+00:00","maintenanceWindow":{"customWindow":"Disabled","dayOfWeek":0,"startHour":0,"startMinute":0},"replicationRole":"None","replicaCapacity":10,"delegatedSubnetArguments":{"subnetArmResourceId":"/subscriptions/00000000-0000-0000-0000-000000000000/resourceGroups/clitest.rg000001/providers/Microsoft.Network/virtualNetworks/clitest.vn000002/subnets/default"},"byokEnforcement":"Disabled"},"location":"West
        US 2","id":"/subscriptions/00000000-0000-0000-0000-000000000000/resourceGroups/clitest.rg000001/providers/Microsoft.DBforMySQL/flexibleServers/testvnetserver1mysql","name":"testvnetserver1mysql","type":"Microsoft.DBforMySQL/flexibleServers"}'
    headers:
      cache-control:
      - no-cache
      content-length:
      - '1314'
      content-type:
      - application/json; charset=utf-8
      date:
      - Tue, 10 Nov 2020 04:11:07 GMT
      expires:
      - '-1'
      pragma:
      - no-cache
      server:
      - Microsoft-HTTPAPI/2.0
      strict-transport-security:
      - max-age=31536000; includeSubDomains
      transfer-encoding:
      - chunked
      vary:
      - Accept-Encoding
      x-content-type-options:
      - nosniff
    status:
      code: 200
      message: OK
- request:
    body: null
    headers:
      Accept:
      - application/json
      Accept-Encoding:
      - gzip, deflate
      CommandName:
      - mysql flexible-server delete
      Connection:
      - keep-alive
      Content-Length:
      - '0'
      ParameterSetName:
      - -g -n --yes
      User-Agent:
      - python/3.7.4 (Windows-10-10.0.19041-SP0) msrest/0.6.18 msrest_azure/0.6.3
        azure-mgmt-rdbms/2020-07-01-privatepreview Azure-SDK-For-Python AZURECLI/2.14.0
      accept-language:
      - en-US
    method: DELETE
    uri: https://management.azure.com/subscriptions/00000000-0000-0000-0000-000000000000/resourceGroups/clitest.rg000001/providers/Microsoft.DBForMySql/flexibleServers/testvnetserver1mysql?api-version=2020-07-01-privatepreview
  response:
    body:
      string: '{"operation":"DropServerManagementOperation","startTime":"2020-11-10T04:11:08.153Z"}'
    headers:
      azure-asyncoperation:
      - https://management.azure.com/subscriptions/00000000-0000-0000-0000-000000000000/providers/Microsoft.DBforMySQL/locations/West%20US%202/azureAsyncOperation/ba68a3e1-9986-4a5d-934a-71f9d23138ea?api-version=2020-07-01-privatepreview
      cache-control:
      - no-cache
      content-length:
      - '84'
      content-type:
      - application/json; charset=utf-8
      date:
      - Tue, 10 Nov 2020 04:11:07 GMT
      expires:
      - '-1'
      location:
      - https://management.azure.com/subscriptions/00000000-0000-0000-0000-000000000000/providers/Microsoft.DBforMySQL/locations/West%20US%202/operationResults/ba68a3e1-9986-4a5d-934a-71f9d23138ea?api-version=2020-07-01-privatepreview
      pragma:
      - no-cache
      server:
      - Microsoft-HTTPAPI/2.0
      strict-transport-security:
      - max-age=31536000; includeSubDomains
      x-content-type-options:
      - nosniff
      x-ms-ratelimit-remaining-subscription-deletes:
      - '14999'
    status:
      code: 202
      message: Accepted
- request:
    body: null
    headers:
      Accept:
      - application/json
      Accept-Encoding:
      - gzip, deflate
      CommandName:
      - mysql flexible-server delete
      Connection:
      - keep-alive
      ParameterSetName:
      - -g -n --yes
      User-Agent:
      - python/3.7.4 (Windows-10-10.0.19041-SP0) msrest/0.6.18 msrest_azure/0.6.3
        azure-mgmt-rdbms/2020-07-01-privatepreview Azure-SDK-For-Python AZURECLI/2.14.0
    method: GET
    uri: https://management.azure.com/subscriptions/00000000-0000-0000-0000-000000000000/providers/Microsoft.DBforMySQL/locations/West%20US%202/azureAsyncOperation/ba68a3e1-9986-4a5d-934a-71f9d23138ea?api-version=2020-07-01-privatepreview
  response:
    body:
      string: '{"name":"ba68a3e1-9986-4a5d-934a-71f9d23138ea","status":"InProgress","startTime":"2020-11-10T04:11:08.153Z"}'
    headers:
      cache-control:
      - no-cache
      content-length:
      - '108'
      content-type:
      - application/json; charset=utf-8
      date:
      - Tue, 10 Nov 2020 04:11:23 GMT
      expires:
      - '-1'
      pragma:
      - no-cache
      server:
      - Microsoft-HTTPAPI/2.0
      strict-transport-security:
      - max-age=31536000; includeSubDomains
      transfer-encoding:
      - chunked
      vary:
      - Accept-Encoding
      x-content-type-options:
      - nosniff
    status:
      code: 200
      message: OK
- request:
    body: null
    headers:
      Accept:
      - application/json
      Accept-Encoding:
      - gzip, deflate
      CommandName:
      - mysql flexible-server delete
      Connection:
      - keep-alive
      ParameterSetName:
      - -g -n --yes
      User-Agent:
      - python/3.7.4 (Windows-10-10.0.19041-SP0) msrest/0.6.18 msrest_azure/0.6.3
        azure-mgmt-rdbms/2020-07-01-privatepreview Azure-SDK-For-Python AZURECLI/2.14.0
    method: GET
    uri: https://management.azure.com/subscriptions/00000000-0000-0000-0000-000000000000/providers/Microsoft.DBforMySQL/locations/West%20US%202/azureAsyncOperation/ba68a3e1-9986-4a5d-934a-71f9d23138ea?api-version=2020-07-01-privatepreview
  response:
    body:
      string: '{"name":"ba68a3e1-9986-4a5d-934a-71f9d23138ea","status":"InProgress","startTime":"2020-11-10T04:11:08.153Z"}'
    headers:
      cache-control:
      - no-cache
      content-length:
      - '108'
      content-type:
      - application/json; charset=utf-8
      date:
      - Tue, 10 Nov 2020 04:11:38 GMT
      expires:
      - '-1'
      pragma:
      - no-cache
      server:
      - Microsoft-HTTPAPI/2.0
      strict-transport-security:
      - max-age=31536000; includeSubDomains
      transfer-encoding:
      - chunked
      vary:
      - Accept-Encoding
      x-content-type-options:
      - nosniff
    status:
      code: 200
      message: OK
- request:
    body: null
    headers:
      Accept:
      - application/json
      Accept-Encoding:
      - gzip, deflate
      CommandName:
      - mysql flexible-server delete
      Connection:
      - keep-alive
      ParameterSetName:
      - -g -n --yes
      User-Agent:
      - python/3.7.4 (Windows-10-10.0.19041-SP0) msrest/0.6.18 msrest_azure/0.6.3
        azure-mgmt-rdbms/2020-07-01-privatepreview Azure-SDK-For-Python AZURECLI/2.14.0
    method: GET
    uri: https://management.azure.com/subscriptions/00000000-0000-0000-0000-000000000000/providers/Microsoft.DBforMySQL/locations/West%20US%202/azureAsyncOperation/ba68a3e1-9986-4a5d-934a-71f9d23138ea?api-version=2020-07-01-privatepreview
  response:
    body:
      string: '{"name":"ba68a3e1-9986-4a5d-934a-71f9d23138ea","status":"Succeeded","startTime":"2020-11-10T04:11:08.153Z"}'
    headers:
      cache-control:
      - no-cache
      content-length:
      - '107'
      content-type:
      - application/json; charset=utf-8
      date:
      - Tue, 10 Nov 2020 04:11:53 GMT
      expires:
      - '-1'
      pragma:
      - no-cache
      server:
      - Microsoft-HTTPAPI/2.0
      strict-transport-security:
      - max-age=31536000; includeSubDomains
      transfer-encoding:
      - chunked
      vary:
      - Accept-Encoding
      x-content-type-options:
      - nosniff
    status:
      code: 200
      message: OK
- request:
    body: null
    headers:
      Accept:
      - application/json
      Accept-Encoding:
      - gzip, deflate
      CommandName:
      - mysql flexible-server create
      Connection:
      - keep-alive
      ParameterSetName:
      - -g -n --subnet
      User-Agent:
      - python/3.7.4 (Windows-10-10.0.19041-SP0) msrest/0.6.18 msrest_azure/0.6.3
        azure-mgmt-rdbms/2020-07-01-privatepreview Azure-SDK-For-Python AZURECLI/2.14.0
      accept-language:
      - en-US
    method: GET
    uri: https://management.azure.com/subscriptions/00000000-0000-0000-0000-000000000000/providers/Microsoft.DBForMySql/locations/westus2/capabilities?api-version=2020-07-01-privatepreview
  response:
    body:
      string: '{"value":[{"zone":"none","supportedFlexibleServerEditions":[{"name":"Burstable","supportedStorageEditions":[{"name":"PremiumFileShare","minStorageSize":{"name":"5120","storageSizeMB":5120},"maxStorageSize":{"name":"16777216","storageSizeMB":16777216},"minBackupRetentionDays":7,"maxBackupRetentionDays":35,"supportedStorageMB":[],"status":"Default"}],"supportedServerVersions":[{"name":"5.7","supportedVcores":[{"name":"Standard_B1s","vCores":1,"supportedIOPS":320,"supportedMemoryPerVcoreMB":1024,"status":"Available"},{"name":"Standard_B1ms","vCores":1,"supportedIOPS":640,"supportedMemoryPerVcoreMB":2048,"status":"Available"},{"name":"Standard_B2s","vCores":2,"supportedIOPS":1280,"supportedMemoryPerVcoreMB":2048,"status":"Default"}],"status":"Default"}],"status":"Available"},{"name":"GeneralPurpose","supportedStorageEditions":[{"name":"PremiumFileShare","minStorageSize":{"name":"5120","storageSizeMB":5120},"maxStorageSize":{"name":"16777216","storageSizeMB":16777216},"minBackupRetentionDays":7,"maxBackupRetentionDays":35,"supportedStorageMB":[],"status":"Default"}],"supportedServerVersions":[{"name":"5.7","supportedVcores":[{"name":"Standard_D2ds_v4","vCores":2,"supportedIOPS":3200,"supportedMemoryPerVcoreMB":4096,"status":"Available"},{"name":"Standard_D4ds_v4","vCores":4,"supportedIOPS":6400,"supportedMemoryPerVcoreMB":4096,"status":"Available"},{"name":"Standard_D8ds_v4","vCores":8,"supportedIOPS":12800,"supportedMemoryPerVcoreMB":4096,"status":"Available"},{"name":"Standard_D16ds_v4","vCores":16,"supportedIOPS":20000,"supportedMemoryPerVcoreMB":4096,"status":"Available"},{"name":"Standard_D32ds_v4","vCores":32,"supportedIOPS":20000,"supportedMemoryPerVcoreMB":4096,"status":"Available"},{"name":"Standard_D48ds_v4","vCores":48,"supportedIOPS":20000,"supportedMemoryPerVcoreMB":4096,"status":"Available"},{"name":"Standard_D64ds_v4","vCores":64,"supportedIOPS":20000,"supportedMemoryPerVcoreMB":4096,"status":"Available"}],"status":"Default"}],"status":"Available"},{"name":"MemoryOptimized","supportedStorageEditions":[{"name":"PremiumFileShare","minStorageSize":{"name":"5120","storageSizeMB":5120},"maxStorageSize":{"name":"16777216","storageSizeMB":16777216},"minBackupRetentionDays":7,"maxBackupRetentionDays":35,"supportedStorageMB":[],"status":"Default"}],"supportedServerVersions":[{"name":"5.7","supportedVcores":[{"name":"Standard_E2ds_v4","vCores":2,"supportedIOPS":3200,"supportedMemoryPerVcoreMB":8192,"status":"Available"},{"name":"Standard_E4ds_v4","vCores":4,"supportedIOPS":6400,"supportedMemoryPerVcoreMB":8192,"status":"Available"},{"name":"Standard_E8ds_v4","vCores":8,"supportedIOPS":12800,"supportedMemoryPerVcoreMB":8192,"status":"Available"},{"name":"Standard_E16ds_v4","vCores":16,"supportedIOPS":20000,"supportedMemoryPerVcoreMB":8192,"status":"Available"},{"name":"Standard_E32ds_v4","vCores":32,"supportedIOPS":20000,"supportedMemoryPerVcoreMB":8192,"status":"Available"},{"name":"Standard_E48ds_v4","vCores":48,"supportedIOPS":20000,"supportedMemoryPerVcoreMB":8192,"status":"Available"},{"name":"Standard_E64ds_v4","vCores":64,"supportedIOPS":20000,"supportedMemoryPerVcoreMB":8192,"status":"Available"}],"status":"Default"}],"status":"Default"}],"status":"Default"},{"zone":"1","supportedFlexibleServerEditions":[{"name":"Burstable","supportedStorageEditions":[{"name":"PremiumFileShare","minStorageSize":{"name":"5120","storageSizeMB":5120},"maxStorageSize":{"name":"16777216","storageSizeMB":16777216},"minBackupRetentionDays":7,"maxBackupRetentionDays":35,"supportedStorageMB":[],"status":"Default"}],"supportedServerVersions":[{"name":"5.7","supportedVcores":[{"name":"Standard_B1s","vCores":1,"supportedIOPS":320,"supportedMemoryPerVcoreMB":1024,"status":"Available"},{"name":"Standard_B1ms","vCores":1,"supportedIOPS":640,"supportedMemoryPerVcoreMB":2048,"status":"Available"},{"name":"Standard_B2s","vCores":2,"supportedIOPS":1280,"supportedMemoryPerVcoreMB":2048,"status":"Default"}],"status":"Default"}],"status":"Available"},{"name":"GeneralPurpose","supportedStorageEditions":[{"name":"PremiumFileShare","minStorageSize":{"name":"5120","storageSizeMB":5120},"maxStorageSize":{"name":"16777216","storageSizeMB":16777216},"minBackupRetentionDays":7,"maxBackupRetentionDays":35,"supportedStorageMB":[],"status":"Default"}],"supportedServerVersions":[{"name":"5.7","supportedVcores":[{"name":"Standard_D2ds_v4","vCores":2,"supportedIOPS":3200,"supportedMemoryPerVcoreMB":4096,"status":"Available"},{"name":"Standard_D4ds_v4","vCores":4,"supportedIOPS":6400,"supportedMemoryPerVcoreMB":4096,"status":"Available"},{"name":"Standard_D8ds_v4","vCores":8,"supportedIOPS":12800,"supportedMemoryPerVcoreMB":4096,"status":"Available"},{"name":"Standard_D16ds_v4","vCores":16,"supportedIOPS":20000,"supportedMemoryPerVcoreMB":4096,"status":"Available"},{"name":"Standard_D32ds_v4","vCores":32,"supportedIOPS":20000,"supportedMemoryPerVcoreMB":4096,"status":"Available"},{"name":"Standard_D48ds_v4","vCores":48,"supportedIOPS":20000,"supportedMemoryPerVcoreMB":4096,"status":"Available"},{"name":"Standard_D64ds_v4","vCores":64,"supportedIOPS":20000,"supportedMemoryPerVcoreMB":4096,"status":"Available"}],"status":"Default"}],"status":"Available"},{"name":"MemoryOptimized","supportedStorageEditions":[{"name":"PremiumFileShare","minStorageSize":{"name":"5120","storageSizeMB":5120},"maxStorageSize":{"name":"16777216","storageSizeMB":16777216},"minBackupRetentionDays":7,"maxBackupRetentionDays":35,"supportedStorageMB":[],"status":"Default"}],"supportedServerVersions":[{"name":"5.7","supportedVcores":[{"name":"Standard_E2ds_v4","vCores":2,"supportedIOPS":3200,"supportedMemoryPerVcoreMB":8192,"status":"Available"},{"name":"Standard_E4ds_v4","vCores":4,"supportedIOPS":6400,"supportedMemoryPerVcoreMB":8192,"status":"Available"},{"name":"Standard_E8ds_v4","vCores":8,"supportedIOPS":12800,"supportedMemoryPerVcoreMB":8192,"status":"Available"},{"name":"Standard_E16ds_v4","vCores":16,"supportedIOPS":20000,"supportedMemoryPerVcoreMB":8192,"status":"Available"},{"name":"Standard_E32ds_v4","vCores":32,"supportedIOPS":20000,"supportedMemoryPerVcoreMB":8192,"status":"Available"},{"name":"Standard_E48ds_v4","vCores":48,"supportedIOPS":20000,"supportedMemoryPerVcoreMB":8192,"status":"Available"},{"name":"Standard_E64ds_v4","vCores":64,"supportedIOPS":20000,"supportedMemoryPerVcoreMB":8192,"status":"Available"}],"status":"Default"}],"status":"Default"}],"status":"Available"},{"zone":"2","supportedFlexibleServerEditions":[{"name":"Burstable","supportedStorageEditions":[{"name":"PremiumFileShare","minStorageSize":{"name":"5120","storageSizeMB":5120},"maxStorageSize":{"name":"16777216","storageSizeMB":16777216},"minBackupRetentionDays":7,"maxBackupRetentionDays":35,"supportedStorageMB":[],"status":"Default"}],"supportedServerVersions":[{"name":"5.7","supportedVcores":[{"name":"Standard_B1s","vCores":1,"supportedIOPS":320,"supportedMemoryPerVcoreMB":1024,"status":"Available"},{"name":"Standard_B1ms","vCores":1,"supportedIOPS":640,"supportedMemoryPerVcoreMB":2048,"status":"Available"},{"name":"Standard_B2s","vCores":2,"supportedIOPS":1280,"supportedMemoryPerVcoreMB":2048,"status":"Default"}],"status":"Default"}],"status":"Available"},{"name":"GeneralPurpose","supportedStorageEditions":[{"name":"PremiumFileShare","minStorageSize":{"name":"5120","storageSizeMB":5120},"maxStorageSize":{"name":"16777216","storageSizeMB":16777216},"minBackupRetentionDays":7,"maxBackupRetentionDays":35,"supportedStorageMB":[],"status":"Default"}],"supportedServerVersions":[{"name":"5.7","supportedVcores":[{"name":"Standard_D2ds_v4","vCores":2,"supportedIOPS":3200,"supportedMemoryPerVcoreMB":4096,"status":"Available"},{"name":"Standard_D4ds_v4","vCores":4,"supportedIOPS":6400,"supportedMemoryPerVcoreMB":4096,"status":"Available"},{"name":"Standard_D8ds_v4","vCores":8,"supportedIOPS":12800,"supportedMemoryPerVcoreMB":4096,"status":"Available"},{"name":"Standard_D16ds_v4","vCores":16,"supportedIOPS":20000,"supportedMemoryPerVcoreMB":4096,"status":"Available"},{"name":"Standard_D32ds_v4","vCores":32,"supportedIOPS":20000,"supportedMemoryPerVcoreMB":4096,"status":"Available"},{"name":"Standard_D48ds_v4","vCores":48,"supportedIOPS":20000,"supportedMemoryPerVcoreMB":4096,"status":"Available"},{"name":"Standard_D64ds_v4","vCores":64,"supportedIOPS":20000,"supportedMemoryPerVcoreMB":4096,"status":"Available"}],"status":"Default"}],"status":"Available"},{"name":"MemoryOptimized","supportedStorageEditions":[{"name":"PremiumFileShare","minStorageSize":{"name":"5120","storageSizeMB":5120},"maxStorageSize":{"name":"16777216","storageSizeMB":16777216},"minBackupRetentionDays":7,"maxBackupRetentionDays":35,"supportedStorageMB":[],"status":"Default"}],"supportedServerVersions":[{"name":"5.7","supportedVcores":[{"name":"Standard_E2ds_v4","vCores":2,"supportedIOPS":3200,"supportedMemoryPerVcoreMB":8192,"status":"Available"},{"name":"Standard_E4ds_v4","vCores":4,"supportedIOPS":6400,"supportedMemoryPerVcoreMB":8192,"status":"Available"},{"name":"Standard_E8ds_v4","vCores":8,"supportedIOPS":12800,"supportedMemoryPerVcoreMB":8192,"status":"Available"},{"name":"Standard_E16ds_v4","vCores":16,"supportedIOPS":20000,"supportedMemoryPerVcoreMB":8192,"status":"Available"},{"name":"Standard_E32ds_v4","vCores":32,"supportedIOPS":20000,"supportedMemoryPerVcoreMB":8192,"status":"Available"},{"name":"Standard_E48ds_v4","vCores":48,"supportedIOPS":20000,"supportedMemoryPerVcoreMB":8192,"status":"Available"},{"name":"Standard_E64ds_v4","vCores":64,"supportedIOPS":20000,"supportedMemoryPerVcoreMB":8192,"status":"Available"}],"status":"Default"}],"status":"Default"}],"status":"Available"},{"zone":"3","supportedFlexibleServerEditions":[{"name":"Burstable","supportedStorageEditions":[{"name":"PremiumFileShare","minStorageSize":{"name":"5120","storageSizeMB":5120},"maxStorageSize":{"name":"16777216","storageSizeMB":16777216},"minBackupRetentionDays":7,"maxBackupRetentionDays":35,"supportedStorageMB":[],"status":"Default"}],"supportedServerVersions":[{"name":"5.7","supportedVcores":[{"name":"Standard_B1s","vCores":1,"supportedIOPS":320,"supportedMemoryPerVcoreMB":1024,"status":"Available"},{"name":"Standard_B1ms","vCores":1,"supportedIOPS":640,"supportedMemoryPerVcoreMB":2048,"status":"Available"},{"name":"Standard_B2s","vCores":2,"supportedIOPS":1280,"supportedMemoryPerVcoreMB":2048,"status":"Default"}],"status":"Default"}],"status":"Available"},{"name":"GeneralPurpose","supportedStorageEditions":[{"name":"PremiumFileShare","minStorageSize":{"name":"5120","storageSizeMB":5120},"maxStorageSize":{"name":"16777216","storageSizeMB":16777216},"minBackupRetentionDays":7,"maxBackupRetentionDays":35,"supportedStorageMB":[],"status":"Default"}],"supportedServerVersions":[{"name":"5.7","supportedVcores":[{"name":"Standard_D2ds_v4","vCores":2,"supportedIOPS":3200,"supportedMemoryPerVcoreMB":4096,"status":"Available"},{"name":"Standard_D4ds_v4","vCores":4,"supportedIOPS":6400,"supportedMemoryPerVcoreMB":4096,"status":"Available"},{"name":"Standard_D8ds_v4","vCores":8,"supportedIOPS":12800,"supportedMemoryPerVcoreMB":4096,"status":"Available"},{"name":"Standard_D16ds_v4","vCores":16,"supportedIOPS":20000,"supportedMemoryPerVcoreMB":4096,"status":"Available"},{"name":"Standard_D32ds_v4","vCores":32,"supportedIOPS":20000,"supportedMemoryPerVcoreMB":4096,"status":"Available"},{"name":"Standard_D48ds_v4","vCores":48,"supportedIOPS":20000,"supportedMemoryPerVcoreMB":4096,"status":"Available"},{"name":"Standard_D64ds_v4","vCores":64,"supportedIOPS":20000,"supportedMemoryPerVcoreMB":4096,"status":"Available"}],"status":"Default"}],"status":"Available"},{"name":"MemoryOptimized","supportedStorageEditions":[{"name":"PremiumFileShare","minStorageSize":{"name":"5120","storageSizeMB":5120},"maxStorageSize":{"name":"16777216","storageSizeMB":16777216},"minBackupRetentionDays":7,"maxBackupRetentionDays":35,"supportedStorageMB":[],"status":"Default"}],"supportedServerVersions":[{"name":"5.7","supportedVcores":[{"name":"Standard_E2ds_v4","vCores":2,"supportedIOPS":3200,"supportedMemoryPerVcoreMB":8192,"status":"Available"},{"name":"Standard_E4ds_v4","vCores":4,"supportedIOPS":6400,"supportedMemoryPerVcoreMB":8192,"status":"Available"},{"name":"Standard_E8ds_v4","vCores":8,"supportedIOPS":12800,"supportedMemoryPerVcoreMB":8192,"status":"Available"},{"name":"Standard_E16ds_v4","vCores":16,"supportedIOPS":20000,"supportedMemoryPerVcoreMB":8192,"status":"Available"},{"name":"Standard_E32ds_v4","vCores":32,"supportedIOPS":20000,"supportedMemoryPerVcoreMB":8192,"status":"Available"},{"name":"Standard_E48ds_v4","vCores":48,"supportedIOPS":20000,"supportedMemoryPerVcoreMB":8192,"status":"Available"},{"name":"Standard_E64ds_v4","vCores":64,"supportedIOPS":20000,"supportedMemoryPerVcoreMB":8192,"status":"Available"}],"status":"Default"}],"status":"Default"}],"status":"Available"}]}'
    headers:
      cache-control:
      - no-cache
      content-length:
      - '12864'
      content-type:
      - application/json; charset=utf-8
      date:
      - Tue, 10 Nov 2020 04:11:54 GMT
      expires:
      - '-1'
      pragma:
      - no-cache
      server:
      - Microsoft-HTTPAPI/2.0
      strict-transport-security:
      - max-age=31536000; includeSubDomains
      transfer-encoding:
      - chunked
      vary:
      - Accept-Encoding
      x-content-type-options:
      - nosniff
    status:
      code: 200
      message: OK
- request:
    body: '{"name": "testvnetserver2mysql", "type": "Microsoft.DBforMySQL/flexibleServers"}'
    headers:
      Accept:
      - application/json
      Accept-Encoding:
      - gzip, deflate
      CommandName:
      - mysql flexible-server create
      Connection:
      - keep-alive
      Content-Length:
      - '80'
      Content-Type:
      - application/json; charset=utf-8
      ParameterSetName:
      - -g -n --subnet
      User-Agent:
      - python/3.7.4 (Windows-10-10.0.19041-SP0) msrest/0.6.18 msrest_azure/0.6.3
        azure-mgmt-rdbms/2020-07-01-privatepreview Azure-SDK-For-Python AZURECLI/2.14.0
      accept-language:
      - en-US
    method: POST
    uri: https://management.azure.com/subscriptions/00000000-0000-0000-0000-000000000000/providers/Microsoft.DBForMySql/checkNameAvailability?api-version=2020-07-01-privatepreview
  response:
    body:
      string: '{"nameAvailable":true,"message":""}'
    headers:
      cache-control:
      - no-cache
      content-length:
      - '35'
      content-type:
      - application/json; charset=utf-8
      date:
      - Tue, 10 Nov 2020 04:11:56 GMT
      expires:
      - '-1'
      pragma:
      - no-cache
      server:
      - Microsoft-HTTPAPI/2.0
      strict-transport-security:
      - max-age=31536000; includeSubDomains
      transfer-encoding:
      - chunked
      vary:
      - Accept-Encoding
      x-content-type-options:
      - nosniff
      x-ms-ratelimit-remaining-subscription-writes:
      - '1199'
    status:
      code: 200
      message: OK
- request:
    body: null
    headers:
      Accept:
      - application/json
      Accept-Encoding:
      - gzip, deflate
      CommandName:
      - mysql flexible-server create
      Connection:
      - keep-alive
      ParameterSetName:
      - -g -n --subnet
      User-Agent:
      - python/3.7.4 (Windows-10-10.0.19041-SP0) msrest/0.6.18 msrest_azure/0.6.3
        azure-mgmt-resource/10.2.0 Azure-SDK-For-Python AZURECLI/2.14.0
      accept-language:
      - en-US
    method: HEAD
    uri: https://management.azure.com/subscriptions/00000000-0000-0000-0000-000000000000/resourcegroups/clitest.rg000001?api-version=2020-06-01
  response:
    body:
      string: ''
    headers:
      cache-control:
      - no-cache
      content-length:
      - '0'
      date:
      - Tue, 10 Nov 2020 04:11:57 GMT
      expires:
      - '-1'
      pragma:
      - no-cache
      strict-transport-security:
      - max-age=31536000; includeSubDomains
      x-content-type-options:
      - nosniff
    status:
      code: 204
      message: No Content
- request:
    body: null
    headers:
      Accept:
      - application/json
      Accept-Encoding:
      - gzip, deflate
      CommandName:
      - mysql flexible-server create
      Connection:
      - keep-alive
      ParameterSetName:
      - -g -n --subnet
      User-Agent:
      - python/3.7.4 (Windows-10-10.0.19041-SP0) msrest/0.6.18 msrest_azure/0.6.3
        azure-mgmt-resource/10.2.0 Azure-SDK-For-Python AZURECLI/2.14.0
      accept-language:
      - en-US
    method: GET
    uri: https://management.azure.com/subscriptions/00000000-0000-0000-0000-000000000000/resourcegroups/clitest.rg000001?api-version=2020-06-01
  response:
    body:
      string: '{"id":"/subscriptions/00000000-0000-0000-0000-000000000000/resourceGroups/clitest.rg000001","name":"clitest.rg000001","type":"Microsoft.Resources/resourceGroups","location":"westus2","tags":{"product":"azurecli","cause":"automation","date":"2020-11-10T03:56:28Z"},"properties":{"provisioningState":"Succeeded"}}'
    headers:
      cache-control:
      - no-cache
      content-length:
      - '429'
      content-type:
      - application/json; charset=utf-8
      date:
      - Tue, 10 Nov 2020 04:11:56 GMT
      expires:
      - '-1'
      pragma:
      - no-cache
      strict-transport-security:
      - max-age=31536000; includeSubDomains
      vary:
      - Accept-Encoding
      x-content-type-options:
      - nosniff
    status:
      code: 200
      message: OK
- request:
    body: null
    headers:
      Accept:
      - application/json
      Accept-Encoding:
      - gzip, deflate
      CommandName:
      - mysql flexible-server create
      Connection:
      - keep-alive
      ParameterSetName:
      - -g -n --subnet
      User-Agent:
      - python/3.7.4 (Windows-10-10.0.19041-SP0) msrest/0.6.18 msrest_azure/0.6.3
        azure-mgmt-network/12.0.0 Azure-SDK-For-Python AZURECLI/2.14.0
      accept-language:
      - en-US
    method: GET
    uri: https://management.azure.com/subscriptions/00000000-0000-0000-0000-000000000000/resourceGroups/clitest.rg000001/providers/Microsoft.Network/virtualNetworks/clitestvnet1/subnets/clitestsubnet1?api-version=2020-06-01
  response:
    body:
      string: '{"error":{"code":"ResourceNotFound","message":"The Resource ''Microsoft.Network/virtualNetworks/clitestvnet1''
        under resource group ''clitest.rg000001'' was not found. For more details
        please go to https://aka.ms/ARMResourceNotFoundFix"}}'
    headers:
      cache-control:
      - no-cache
      content-length:
      - '293'
      content-type:
      - application/json; charset=utf-8
      date:
      - Tue, 10 Nov 2020 04:11:56 GMT
      expires:
      - '-1'
      pragma:
      - no-cache
      strict-transport-security:
      - max-age=31536000; includeSubDomains
      x-content-type-options:
      - nosniff
      x-ms-failure-cause:
      - gateway
    status:
      code: 404
      message: Not Found
- request:
    body: null
    headers:
      Accept:
      - application/json
      Accept-Encoding:
      - gzip, deflate
      CommandName:
      - mysql flexible-server create
      Connection:
      - keep-alive
      ParameterSetName:
      - -g -n --subnet
      User-Agent:
      - python/3.7.4 (Windows-10-10.0.19041-SP0) msrest/0.6.18 msrest_azure/0.6.3
        azure-mgmt-network/12.0.0 Azure-SDK-For-Python AZURECLI/2.14.0
      accept-language:
      - en-US
    method: GET
    uri: https://management.azure.com/subscriptions/00000000-0000-0000-0000-000000000000/resourceGroups/clitest.rg000001/providers/Microsoft.Network/virtualNetworks/clitestvnet1?api-version=2020-06-01
  response:
    body:
      string: '{"error":{"code":"ResourceNotFound","message":"The Resource ''Microsoft.Network/virtualNetworks/clitestvnet1''
        under resource group ''clitest.rg000001'' was not found. For more details
        please go to https://aka.ms/ARMResourceNotFoundFix"}}'
    headers:
      cache-control:
      - no-cache
      content-length:
      - '293'
      content-type:
      - application/json; charset=utf-8
      date:
      - Tue, 10 Nov 2020 04:11:57 GMT
      expires:
      - '-1'
      pragma:
      - no-cache
      strict-transport-security:
      - max-age=31536000; includeSubDomains
      x-content-type-options:
      - nosniff
      x-ms-failure-cause:
      - gateway
    status:
      code: 404
      message: Not Found
- request:
    body: '{"location": "westus2", "properties": {"addressSpace": {"addressPrefixes":
      ["10.0.0.0/16"]}, "enableDdosProtection": false, "enableVmProtection": false}}'
    headers:
      Accept:
      - application/json
      Accept-Encoding:
      - gzip, deflate
      CommandName:
      - mysql flexible-server create
      Connection:
      - keep-alive
      Content-Length:
      - '153'
      Content-Type:
      - application/json; charset=utf-8
      ParameterSetName:
      - -g -n --subnet
      User-Agent:
      - python/3.7.4 (Windows-10-10.0.19041-SP0) msrest/0.6.18 msrest_azure/0.6.3
        azure-mgmt-network/12.0.0 Azure-SDK-For-Python AZURECLI/2.14.0
      accept-language:
      - en-US
    method: PUT
    uri: https://management.azure.com/subscriptions/00000000-0000-0000-0000-000000000000/resourceGroups/clitest.rg000001/providers/Microsoft.Network/virtualNetworks/clitestvnet1?api-version=2020-06-01
  response:
    body:
      string: "{\r\n  \"name\": \"clitestvnet1\",\r\n  \"id\": \"/subscriptions/00000000-0000-0000-0000-000000000000/resourceGroups/clitest.rg000001/providers/Microsoft.Network/virtualNetworks/clitestvnet1\",\r\n
        \ \"etag\": \"W/\\\"adc1c462-9540-4eb2-85aa-e4b432fac933\\\"\",\r\n  \"type\":
        \"Microsoft.Network/virtualNetworks\",\r\n  \"location\": \"westus2\",\r\n
        \ \"properties\": {\r\n    \"provisioningState\": \"Updating\",\r\n    \"resourceGuid\":
        \"accbcc77-498d-40d1-924b-6d1f18f43237\",\r\n    \"addressSpace\": {\r\n      \"addressPrefixes\":
        [\r\n        \"10.0.0.0/16\"\r\n      ]\r\n    },\r\n    \"subnets\": [],\r\n
        \   \"virtualNetworkPeerings\": [],\r\n    \"enableDdosProtection\": false,\r\n
        \   \"enableVmProtection\": false\r\n  }\r\n}"
    headers:
      azure-asyncnotification:
      - Enabled
      azure-asyncoperation:
      - https://management.azure.com/subscriptions/00000000-0000-0000-0000-000000000000/providers/Microsoft.Network/locations/westus2/operations/7946e975-f379-40e8-9ed9-80b39b6e2095?api-version=2020-06-01
      cache-control:
      - no-cache
      content-length:
      - '712'
      content-type:
      - application/json; charset=utf-8
      date:
      - Tue, 10 Nov 2020 04:11:58 GMT
      expires:
      - '-1'
      pragma:
      - no-cache
      server:
      - Microsoft-HTTPAPI/2.0
      - Microsoft-HTTPAPI/2.0
      strict-transport-security:
      - max-age=31536000; includeSubDomains
      x-content-type-options:
      - nosniff
      x-ms-arm-service-request-id:
      - 7e9a85bc-303d-4188-8b03-380f0ee72ecb
      x-ms-ratelimit-remaining-subscription-writes:
      - '1199'
    status:
      code: 201
      message: Created
- request:
    body: '{"properties": {"addressPrefix": "10.0.0.0/24", "delegations": [{"properties":
      {"serviceName": "Microsoft.DBforMySQL/flexibleServers"}, "name": "Microsoft.DBforMySQL/flexibleServers"}]},
      "name": "Subnetetserver2mysql"}'
    headers:
      Accept:
      - application/json
      Accept-Encoding:
      - gzip, deflate
      CommandName:
      - mysql flexible-server create
      Connection:
      - keep-alive
      Content-Length:
      - '218'
      Content-Type:
      - application/json; charset=utf-8
      ParameterSetName:
      - -g -n --subnet
      User-Agent:
      - python/3.7.4 (Windows-10-10.0.19041-SP0) msrest/0.6.18 msrest_azure/0.6.3
        azure-mgmt-network/12.0.0 Azure-SDK-For-Python AZURECLI/2.14.0
      accept-language:
      - en-US
    method: PUT
    uri: https://management.azure.com/subscriptions/00000000-0000-0000-0000-000000000000/resourceGroups/clitest.rg000001/providers/Microsoft.Network/virtualNetworks/clitestvnet1/subnets/Subnetetserver2mysql?api-version=2020-06-01
  response:
    body:
      string: "{\r\n  \"name\": \"Subnetetserver2mysql\",\r\n  \"id\": \"/subscriptions/00000000-0000-0000-0000-000000000000/resourceGroups/clitest.rg000001/providers/Microsoft.Network/virtualNetworks/clitestvnet1/subnets/Subnetetserver2mysql\",\r\n
        \ \"etag\": \"W/\\\"cc4a5708-9bed-48de-b6bd-5e48b6c908f9\\\"\",\r\n  \"properties\":
        {\r\n    \"provisioningState\": \"Updating\",\r\n    \"addressPrefix\": \"10.0.0.0/24\",\r\n
        \   \"delegations\": [\r\n      {\r\n        \"name\": \"Microsoft.DBforMySQL/flexibleServers\",\r\n
        \       \"id\": \"/subscriptions/00000000-0000-0000-0000-000000000000/resourceGroups/clitest.rg000001/providers/Microsoft.Network/virtualNetworks/clitestvnet1/subnets/Subnetetserver2mysql/delegations/Microsoft.DBforMySQL/flexibleServers\",\r\n
        \       \"etag\": \"W/\\\"cc4a5708-9bed-48de-b6bd-5e48b6c908f9\\\"\",\r\n
        \       \"properties\": {\r\n          \"provisioningState\": \"Succeeded\",\r\n
        \         \"serviceName\": \"Microsoft.DBforMySQL/flexibleServers\",\r\n          \"actions\":
        [\r\n            \"Microsoft.Network/virtualNetworks/subnets/join/action\"\r\n
        \         ]\r\n        },\r\n        \"type\": \"Microsoft.Network/virtualNetworks/subnets/delegations\"\r\n
        \     }\r\n    ],\r\n    \"privateEndpointNetworkPolicies\": \"Enabled\",\r\n
        \   \"privateLinkServiceNetworkPolicies\": \"Enabled\"\r\n  },\r\n  \"type\":
        \"Microsoft.Network/virtualNetworks/subnets\"\r\n}"
    headers:
      azure-asyncoperation:
      - https://management.azure.com/subscriptions/00000000-0000-0000-0000-000000000000/providers/Microsoft.Network/locations/westus2/operations/106b59c7-0476-4c35-a776-aa9de66f9926?api-version=2020-06-01
      cache-control:
      - no-cache
      content-length:
      - '1385'
      content-type:
      - application/json; charset=utf-8
      date:
      - Tue, 10 Nov 2020 04:11:59 GMT
      expires:
      - '-1'
      pragma:
      - no-cache
      server:
      - Microsoft-HTTPAPI/2.0
      - Microsoft-HTTPAPI/2.0
      strict-transport-security:
      - max-age=31536000; includeSubDomains
      x-content-type-options:
      - nosniff
      x-ms-arm-service-request-id:
      - 2f4508e5-90fa-458f-926f-718662ac1083
      x-ms-ratelimit-remaining-subscription-writes:
      - '1198'
    status:
      code: 201
      message: Created
- request:
    body: null
    headers:
      Accept:
      - application/json
      Accept-Encoding:
      - gzip, deflate
      CommandName:
      - mysql flexible-server create
      Connection:
      - keep-alive
      ParameterSetName:
      - -g -n --subnet
      User-Agent:
      - python/3.7.4 (Windows-10-10.0.19041-SP0) msrest/0.6.18 msrest_azure/0.6.3
        azure-mgmt-network/12.0.0 Azure-SDK-For-Python AZURECLI/2.14.0
    method: GET
    uri: https://management.azure.com/subscriptions/00000000-0000-0000-0000-000000000000/providers/Microsoft.Network/locations/westus2/operations/7946e975-f379-40e8-9ed9-80b39b6e2095?api-version=2020-06-01
  response:
    body:
      string: "{\r\n  \"status\": \"Canceled\",\r\n  \"error\": {\r\n    \"code\":
        \"Canceled\",\r\n    \"message\": \"Operation was canceled.\",\r\n    \"details\":
        [\r\n      {\r\n        \"code\": \"CanceledAndSupersededDueToAnotherOperation\",\r\n
        \       \"message\": \"Operation PutVirtualNetworkOperation (7946e975-f379-40e8-9ed9-80b39b6e2095)
        was canceled and superseded by operation PutSubnetOperation (106b59c7-0476-4c35-a776-aa9de66f9926).\"\r\n
        \     }\r\n    ]\r\n  }\r\n}"
    headers:
      cache-control:
      - no-cache
      canceled-by-azure-asyncoperation:
      - https://management.azure.com/subscriptions/9d3faf91-9fbe-450d-b5dd-37bea9595299/providers/Microsoft.Network/locations/westus2/operations/106b59c7-0476-4c35-a776-aa9de66f9926?api-version=2020-06-01
      content-length:
      - '420'
      content-type:
      - application/json; charset=utf-8
      date:
      - Tue, 10 Nov 2020 04:12:01 GMT
      expires:
      - '-1'
      pragma:
      - no-cache
      server:
      - Microsoft-HTTPAPI/2.0
      - Microsoft-HTTPAPI/2.0
      strict-transport-security:
      - max-age=31536000; includeSubDomains
      transfer-encoding:
      - chunked
      vary:
      - Accept-Encoding
      x-content-type-options:
      - nosniff
      x-ms-arm-service-request-id:
      - 6f7fe46a-48ba-4aa0-8689-363acc7205f6
    status:
      code: 200
      message: OK
- request:
    body: null
    headers:
      Accept:
      - application/json
      Accept-Encoding:
      - gzip, deflate
      CommandName:
      - mysql flexible-server create
      Connection:
      - keep-alive
      ParameterSetName:
      - -g -n --subnet
      User-Agent:
      - python/3.7.4 (Windows-10-10.0.19041-SP0) msrest/0.6.18 msrest_azure/0.6.3
        azure-mgmt-network/12.0.0 Azure-SDK-For-Python AZURECLI/2.14.0
    method: GET
    uri: https://management.azure.com/subscriptions/00000000-0000-0000-0000-000000000000/providers/Microsoft.Network/locations/westus2/operations/106b59c7-0476-4c35-a776-aa9de66f9926?api-version=2020-06-01
  response:
    body:
      string: "{\r\n  \"status\": \"Succeeded\"\r\n}"
    headers:
      cache-control:
      - no-cache
      content-length:
      - '29'
      content-type:
      - application/json; charset=utf-8
      date:
      - Tue, 10 Nov 2020 04:12:02 GMT
      expires:
      - '-1'
      pragma:
      - no-cache
      server:
      - Microsoft-HTTPAPI/2.0
      - Microsoft-HTTPAPI/2.0
      strict-transport-security:
      - max-age=31536000; includeSubDomains
      transfer-encoding:
      - chunked
      vary:
      - Accept-Encoding
      x-content-type-options:
      - nosniff
      x-ms-arm-service-request-id:
      - c3c48258-afe5-4818-89bf-4df05ec86d53
    status:
      code: 200
      message: OK
- request:
    body: null
    headers:
      Accept:
      - application/json
      Accept-Encoding:
      - gzip, deflate
      CommandName:
      - mysql flexible-server create
      Connection:
      - keep-alive
      ParameterSetName:
      - -g -n --subnet
      User-Agent:
      - python/3.7.4 (Windows-10-10.0.19041-SP0) msrest/0.6.18 msrest_azure/0.6.3
        azure-mgmt-network/12.0.0 Azure-SDK-For-Python AZURECLI/2.14.0
    method: GET
    uri: https://management.azure.com/subscriptions/00000000-0000-0000-0000-000000000000/resourceGroups/clitest.rg000001/providers/Microsoft.Network/virtualNetworks/clitestvnet1/subnets/Subnetetserver2mysql?api-version=2020-06-01
  response:
    body:
      string: "{\r\n  \"name\": \"Subnetetserver2mysql\",\r\n  \"id\": \"/subscriptions/00000000-0000-0000-0000-000000000000/resourceGroups/clitest.rg000001/providers/Microsoft.Network/virtualNetworks/clitestvnet1/subnets/Subnetetserver2mysql\",\r\n
        \ \"etag\": \"W/\\\"77ec8457-2aaa-46cd-9080-7890b97e281d\\\"\",\r\n  \"properties\":
        {\r\n    \"provisioningState\": \"Succeeded\",\r\n    \"addressPrefix\": \"10.0.0.0/24\",\r\n
        \   \"delegations\": [\r\n      {\r\n        \"name\": \"Microsoft.DBforMySQL/flexibleServers\",\r\n
        \       \"id\": \"/subscriptions/00000000-0000-0000-0000-000000000000/resourceGroups/clitest.rg000001/providers/Microsoft.Network/virtualNetworks/clitestvnet1/subnets/Subnetetserver2mysql/delegations/Microsoft.DBforMySQL/flexibleServers\",\r\n
        \       \"etag\": \"W/\\\"77ec8457-2aaa-46cd-9080-7890b97e281d\\\"\",\r\n
        \       \"properties\": {\r\n          \"provisioningState\": \"Succeeded\",\r\n
        \         \"serviceName\": \"Microsoft.DBforMySQL/flexibleServers\",\r\n          \"actions\":
        [\r\n            \"Microsoft.Network/virtualNetworks/subnets/join/action\"\r\n
        \         ]\r\n        },\r\n        \"type\": \"Microsoft.Network/virtualNetworks/subnets/delegations\"\r\n
        \     }\r\n    ],\r\n    \"privateEndpointNetworkPolicies\": \"Enabled\",\r\n
        \   \"privateLinkServiceNetworkPolicies\": \"Enabled\"\r\n  },\r\n  \"type\":
        \"Microsoft.Network/virtualNetworks/subnets\"\r\n}"
    headers:
      cache-control:
      - no-cache
      content-length:
      - '1386'
      content-type:
      - application/json; charset=utf-8
      date:
      - Tue, 10 Nov 2020 04:12:02 GMT
      etag:
      - W/"77ec8457-2aaa-46cd-9080-7890b97e281d"
      expires:
      - '-1'
      pragma:
      - no-cache
      server:
      - Microsoft-HTTPAPI/2.0
      - Microsoft-HTTPAPI/2.0
      strict-transport-security:
      - max-age=31536000; includeSubDomains
      transfer-encoding:
      - chunked
      vary:
      - Accept-Encoding
      x-content-type-options:
      - nosniff
      x-ms-arm-service-request-id:
      - ca0a40d7-e97d-41cb-af8a-332d728770c6
    status:
      code: 200
      message: OK
- request:
    body: '{"location": "westus2", "sku": {"name": "Standard_B1ms", "tier": "Burstable"},
      "properties": {"administratorLogin": "rowdyHyena6", "administratorLoginPassword":
      "sbR9alCjPA9Ydaa2Uolocw", "version": "5.7", "haEnabled": "Disabled", "storageProfile":
      {"backupRetentionDays": 7, "storageMB": 10240}, "delegatedSubnetArguments":
      {"subnetArmResourceId": "/subscriptions/00000000-0000-0000-0000-000000000000/resourceGroups/clitest.rg000001/providers/Microsoft.Network/virtualNetworks/clitestvnet1/subnets/Subnetetserver2mysql"},
      "createMode": "Default"}}'
    headers:
      Accept:
      - application/json
      Accept-Encoding:
      - gzip, deflate
      CommandName:
      - mysql flexible-server create
      Connection:
      - keep-alive
      Content-Length:
      - '606'
      Content-Type:
      - application/json; charset=utf-8
      ParameterSetName:
      - -g -n --subnet
      User-Agent:
      - python/3.7.4 (Windows-10-10.0.19041-SP0) msrest/0.6.18 msrest_azure/0.6.3
        azure-mgmt-rdbms/2020-07-01-privatepreview Azure-SDK-For-Python AZURECLI/2.14.0
      accept-language:
      - en-US
    method: PUT
    uri: https://management.azure.com/subscriptions/00000000-0000-0000-0000-000000000000/resourceGroups/clitest.rg000001/providers/Microsoft.DBForMySql/flexibleServers/testvnetserver2mysql?api-version=2020-07-01-privatepreview
  response:
    body:
      string: '{"operation":"UpsertServerManagementOperationV2","startTime":"2020-11-10T04:12:04.58Z"}'
    headers:
      azure-asyncoperation:
      - https://management.azure.com/subscriptions/00000000-0000-0000-0000-000000000000/providers/Microsoft.DBforMySQL/locations/westus2/azureAsyncOperation/9f8bfcea-361e-4be0-a762-c24cadba1118?api-version=2020-07-01-privatepreview
      cache-control:
      - no-cache
      content-length:
      - '87'
      content-type:
      - application/json; charset=utf-8
      date:
      - Tue, 10 Nov 2020 04:12:04 GMT
      expires:
      - '-1'
      location:
      - https://management.azure.com/subscriptions/00000000-0000-0000-0000-000000000000/providers/Microsoft.DBforMySQL/locations/westus2/operationResults/9f8bfcea-361e-4be0-a762-c24cadba1118?api-version=2020-07-01-privatepreview
      pragma:
      - no-cache
      server:
      - Microsoft-HTTPAPI/2.0
      strict-transport-security:
      - max-age=31536000; includeSubDomains
      x-content-type-options:
      - nosniff
      x-ms-ratelimit-remaining-subscription-writes:
      - '1199'
    status:
      code: 202
      message: Accepted
- request:
    body: null
    headers:
      Accept:
      - application/json
      Accept-Encoding:
      - gzip, deflate
      CommandName:
      - mysql flexible-server create
      Connection:
      - keep-alive
      ParameterSetName:
      - -g -n --subnet
      User-Agent:
      - python/3.7.4 (Windows-10-10.0.19041-SP0) msrest/0.6.18 msrest_azure/0.6.3
        azure-mgmt-rdbms/2020-07-01-privatepreview Azure-SDK-For-Python AZURECLI/2.14.0
    method: GET
    uri: https://management.azure.com/subscriptions/00000000-0000-0000-0000-000000000000/providers/Microsoft.DBforMySQL/locations/westus2/azureAsyncOperation/9f8bfcea-361e-4be0-a762-c24cadba1118?api-version=2020-07-01-privatepreview
  response:
    body:
      string: '{"name":"9f8bfcea-361e-4be0-a762-c24cadba1118","status":"InProgress","startTime":"2020-11-10T04:12:04.58Z"}'
    headers:
      cache-control:
      - no-cache
      content-length:
      - '107'
      content-type:
      - application/json; charset=utf-8
      date:
      - Tue, 10 Nov 2020 04:13:04 GMT
      expires:
      - '-1'
      pragma:
      - no-cache
      server:
      - Microsoft-HTTPAPI/2.0
      strict-transport-security:
      - max-age=31536000; includeSubDomains
      transfer-encoding:
      - chunked
      vary:
      - Accept-Encoding
      x-content-type-options:
      - nosniff
    status:
      code: 200
      message: OK
- request:
    body: null
    headers:
      Accept:
      - application/json
      Accept-Encoding:
      - gzip, deflate
      CommandName:
      - mysql flexible-server create
      Connection:
      - keep-alive
      ParameterSetName:
      - -g -n --subnet
      User-Agent:
      - python/3.7.4 (Windows-10-10.0.19041-SP0) msrest/0.6.18 msrest_azure/0.6.3
        azure-mgmt-rdbms/2020-07-01-privatepreview Azure-SDK-For-Python AZURECLI/2.14.0
    method: GET
    uri: https://management.azure.com/subscriptions/00000000-0000-0000-0000-000000000000/providers/Microsoft.DBforMySQL/locations/westus2/azureAsyncOperation/9f8bfcea-361e-4be0-a762-c24cadba1118?api-version=2020-07-01-privatepreview
  response:
    body:
      string: '{"name":"9f8bfcea-361e-4be0-a762-c24cadba1118","status":"InProgress","startTime":"2020-11-10T04:12:04.58Z"}'
    headers:
      cache-control:
      - no-cache
      content-length:
      - '107'
      content-type:
      - application/json; charset=utf-8
      date:
      - Tue, 10 Nov 2020 04:14:05 GMT
      expires:
      - '-1'
      pragma:
      - no-cache
      server:
      - Microsoft-HTTPAPI/2.0
      strict-transport-security:
      - max-age=31536000; includeSubDomains
      transfer-encoding:
      - chunked
      vary:
      - Accept-Encoding
      x-content-type-options:
      - nosniff
    status:
      code: 200
      message: OK
- request:
    body: null
    headers:
      Accept:
      - application/json
      Accept-Encoding:
      - gzip, deflate
      CommandName:
      - mysql flexible-server create
      Connection:
      - keep-alive
      ParameterSetName:
      - -g -n --subnet
      User-Agent:
      - python/3.7.4 (Windows-10-10.0.19041-SP0) msrest/0.6.18 msrest_azure/0.6.3
        azure-mgmt-rdbms/2020-07-01-privatepreview Azure-SDK-For-Python AZURECLI/2.14.0
    method: GET
    uri: https://management.azure.com/subscriptions/00000000-0000-0000-0000-000000000000/providers/Microsoft.DBforMySQL/locations/westus2/azureAsyncOperation/9f8bfcea-361e-4be0-a762-c24cadba1118?api-version=2020-07-01-privatepreview
  response:
    body:
      string: '{"name":"9f8bfcea-361e-4be0-a762-c24cadba1118","status":"InProgress","startTime":"2020-11-10T04:12:04.58Z"}'
    headers:
      cache-control:
      - no-cache
      content-length:
      - '107'
      content-type:
      - application/json; charset=utf-8
      date:
      - Tue, 10 Nov 2020 04:15:04 GMT
      expires:
      - '-1'
      pragma:
      - no-cache
      server:
      - Microsoft-HTTPAPI/2.0
      strict-transport-security:
      - max-age=31536000; includeSubDomains
      transfer-encoding:
      - chunked
      vary:
      - Accept-Encoding
      x-content-type-options:
      - nosniff
    status:
      code: 200
      message: OK
- request:
    body: null
    headers:
      Accept:
      - application/json
      Accept-Encoding:
      - gzip, deflate
      CommandName:
      - mysql flexible-server create
      Connection:
      - keep-alive
      ParameterSetName:
      - -g -n --subnet
      User-Agent:
      - python/3.7.4 (Windows-10-10.0.19041-SP0) msrest/0.6.18 msrest_azure/0.6.3
        azure-mgmt-rdbms/2020-07-01-privatepreview Azure-SDK-For-Python AZURECLI/2.14.0
    method: GET
    uri: https://management.azure.com/subscriptions/00000000-0000-0000-0000-000000000000/providers/Microsoft.DBforMySQL/locations/westus2/azureAsyncOperation/9f8bfcea-361e-4be0-a762-c24cadba1118?api-version=2020-07-01-privatepreview
  response:
    body:
      string: '{"name":"9f8bfcea-361e-4be0-a762-c24cadba1118","status":"InProgress","startTime":"2020-11-10T04:12:04.58Z"}'
    headers:
      cache-control:
      - no-cache
      content-length:
      - '107'
      content-type:
      - application/json; charset=utf-8
      date:
      - Tue, 10 Nov 2020 04:16:04 GMT
      expires:
      - '-1'
      pragma:
      - no-cache
      server:
      - Microsoft-HTTPAPI/2.0
      strict-transport-security:
      - max-age=31536000; includeSubDomains
      transfer-encoding:
      - chunked
      vary:
      - Accept-Encoding
      x-content-type-options:
      - nosniff
    status:
      code: 200
      message: OK
- request:
    body: null
    headers:
      Accept:
      - application/json
      Accept-Encoding:
      - gzip, deflate
      CommandName:
      - mysql flexible-server create
      Connection:
      - keep-alive
      ParameterSetName:
      - -g -n --subnet
      User-Agent:
      - python/3.7.4 (Windows-10-10.0.19041-SP0) msrest/0.6.18 msrest_azure/0.6.3
        azure-mgmt-rdbms/2020-07-01-privatepreview Azure-SDK-For-Python AZURECLI/2.14.0
    method: GET
    uri: https://management.azure.com/subscriptions/00000000-0000-0000-0000-000000000000/providers/Microsoft.DBforMySQL/locations/westus2/azureAsyncOperation/9f8bfcea-361e-4be0-a762-c24cadba1118?api-version=2020-07-01-privatepreview
  response:
    body:
      string: '{"name":"9f8bfcea-361e-4be0-a762-c24cadba1118","status":"InProgress","startTime":"2020-11-10T04:12:04.58Z"}'
    headers:
      cache-control:
      - no-cache
      content-length:
      - '107'
      content-type:
      - application/json; charset=utf-8
      date:
      - Tue, 10 Nov 2020 04:17:05 GMT
      expires:
      - '-1'
      pragma:
      - no-cache
      server:
      - Microsoft-HTTPAPI/2.0
      strict-transport-security:
      - max-age=31536000; includeSubDomains
      transfer-encoding:
      - chunked
      vary:
      - Accept-Encoding
      x-content-type-options:
      - nosniff
    status:
      code: 200
      message: OK
- request:
    body: null
    headers:
      Accept:
      - application/json
      Accept-Encoding:
      - gzip, deflate
      CommandName:
      - mysql flexible-server create
      Connection:
      - keep-alive
      ParameterSetName:
      - -g -n --subnet
      User-Agent:
      - python/3.7.4 (Windows-10-10.0.19041-SP0) msrest/0.6.18 msrest_azure/0.6.3
        azure-mgmt-rdbms/2020-07-01-privatepreview Azure-SDK-For-Python AZURECLI/2.14.0
    method: GET
    uri: https://management.azure.com/subscriptions/00000000-0000-0000-0000-000000000000/providers/Microsoft.DBforMySQL/locations/westus2/azureAsyncOperation/9f8bfcea-361e-4be0-a762-c24cadba1118?api-version=2020-07-01-privatepreview
  response:
    body:
      string: '{"name":"9f8bfcea-361e-4be0-a762-c24cadba1118","status":"InProgress","startTime":"2020-11-10T04:12:04.58Z"}'
    headers:
      cache-control:
      - no-cache
      content-length:
      - '107'
      content-type:
      - application/json; charset=utf-8
      date:
      - Tue, 10 Nov 2020 04:18:05 GMT
      expires:
      - '-1'
      pragma:
      - no-cache
      server:
      - Microsoft-HTTPAPI/2.0
      strict-transport-security:
      - max-age=31536000; includeSubDomains
      transfer-encoding:
      - chunked
      vary:
      - Accept-Encoding
      x-content-type-options:
      - nosniff
    status:
      code: 200
      message: OK
- request:
    body: null
    headers:
      Accept:
      - application/json
      Accept-Encoding:
      - gzip, deflate
      CommandName:
      - mysql flexible-server create
      Connection:
      - keep-alive
      ParameterSetName:
      - -g -n --subnet
      User-Agent:
      - python/3.7.4 (Windows-10-10.0.19041-SP0) msrest/0.6.18 msrest_azure/0.6.3
        azure-mgmt-rdbms/2020-07-01-privatepreview Azure-SDK-For-Python AZURECLI/2.14.0
    method: GET
    uri: https://management.azure.com/subscriptions/00000000-0000-0000-0000-000000000000/providers/Microsoft.DBforMySQL/locations/westus2/azureAsyncOperation/9f8bfcea-361e-4be0-a762-c24cadba1118?api-version=2020-07-01-privatepreview
  response:
    body:
      string: '{"name":"9f8bfcea-361e-4be0-a762-c24cadba1118","status":"InProgress","startTime":"2020-11-10T04:12:04.58Z"}'
    headers:
      cache-control:
      - no-cache
      content-length:
      - '107'
      content-type:
      - application/json; charset=utf-8
      date:
      - Tue, 10 Nov 2020 04:19:05 GMT
      expires:
      - '-1'
      pragma:
      - no-cache
      server:
      - Microsoft-HTTPAPI/2.0
      strict-transport-security:
      - max-age=31536000; includeSubDomains
      transfer-encoding:
      - chunked
      vary:
      - Accept-Encoding
      x-content-type-options:
      - nosniff
    status:
      code: 200
      message: OK
- request:
    body: null
    headers:
      Accept:
      - application/json
      Accept-Encoding:
      - gzip, deflate
      CommandName:
      - mysql flexible-server create
      Connection:
      - keep-alive
      ParameterSetName:
      - -g -n --subnet
      User-Agent:
      - python/3.7.4 (Windows-10-10.0.19041-SP0) msrest/0.6.18 msrest_azure/0.6.3
        azure-mgmt-rdbms/2020-07-01-privatepreview Azure-SDK-For-Python AZURECLI/2.14.0
    method: GET
    uri: https://management.azure.com/subscriptions/00000000-0000-0000-0000-000000000000/providers/Microsoft.DBforMySQL/locations/westus2/azureAsyncOperation/9f8bfcea-361e-4be0-a762-c24cadba1118?api-version=2020-07-01-privatepreview
  response:
    body:
      string: '{"name":"9f8bfcea-361e-4be0-a762-c24cadba1118","status":"InProgress","startTime":"2020-11-10T04:12:04.58Z"}'
    headers:
      cache-control:
      - no-cache
      content-length:
      - '107'
      content-type:
      - application/json; charset=utf-8
      date:
      - Tue, 10 Nov 2020 04:20:06 GMT
      expires:
      - '-1'
      pragma:
      - no-cache
      server:
      - Microsoft-HTTPAPI/2.0
      strict-transport-security:
      - max-age=31536000; includeSubDomains
      transfer-encoding:
      - chunked
      vary:
      - Accept-Encoding
      x-content-type-options:
      - nosniff
    status:
      code: 200
      message: OK
- request:
    body: null
    headers:
      Accept:
      - application/json
      Accept-Encoding:
      - gzip, deflate
      CommandName:
      - mysql flexible-server create
      Connection:
      - keep-alive
      ParameterSetName:
      - -g -n --subnet
      User-Agent:
      - python/3.7.4 (Windows-10-10.0.19041-SP0) msrest/0.6.18 msrest_azure/0.6.3
        azure-mgmt-rdbms/2020-07-01-privatepreview Azure-SDK-For-Python AZURECLI/2.14.0
    method: GET
    uri: https://management.azure.com/subscriptions/00000000-0000-0000-0000-000000000000/providers/Microsoft.DBforMySQL/locations/westus2/azureAsyncOperation/9f8bfcea-361e-4be0-a762-c24cadba1118?api-version=2020-07-01-privatepreview
  response:
    body:
      string: '{"name":"9f8bfcea-361e-4be0-a762-c24cadba1118","status":"InProgress","startTime":"2020-11-10T04:12:04.58Z"}'
    headers:
      cache-control:
      - no-cache
      content-length:
      - '107'
      content-type:
      - application/json; charset=utf-8
      date:
      - Tue, 10 Nov 2020 04:21:07 GMT
      expires:
      - '-1'
      pragma:
      - no-cache
      server:
      - Microsoft-HTTPAPI/2.0
      strict-transport-security:
      - max-age=31536000; includeSubDomains
      transfer-encoding:
      - chunked
      vary:
      - Accept-Encoding
      x-content-type-options:
      - nosniff
    status:
      code: 200
      message: OK
- request:
    body: null
    headers:
      Accept:
      - application/json
      Accept-Encoding:
      - gzip, deflate
      CommandName:
      - mysql flexible-server create
      Connection:
      - keep-alive
      ParameterSetName:
      - -g -n --subnet
      User-Agent:
      - python/3.7.4 (Windows-10-10.0.19041-SP0) msrest/0.6.18 msrest_azure/0.6.3
        azure-mgmt-rdbms/2020-07-01-privatepreview Azure-SDK-For-Python AZURECLI/2.14.0
    method: GET
    uri: https://management.azure.com/subscriptions/00000000-0000-0000-0000-000000000000/providers/Microsoft.DBforMySQL/locations/westus2/azureAsyncOperation/9f8bfcea-361e-4be0-a762-c24cadba1118?api-version=2020-07-01-privatepreview
  response:
    body:
      string: '{"name":"9f8bfcea-361e-4be0-a762-c24cadba1118","status":"InProgress","startTime":"2020-11-10T04:12:04.58Z"}'
    headers:
      cache-control:
      - no-cache
      content-length:
      - '107'
      content-type:
      - application/json; charset=utf-8
      date:
      - Tue, 10 Nov 2020 04:22:07 GMT
      expires:
      - '-1'
      pragma:
      - no-cache
      server:
      - Microsoft-HTTPAPI/2.0
      strict-transport-security:
      - max-age=31536000; includeSubDomains
      transfer-encoding:
      - chunked
      vary:
      - Accept-Encoding
      x-content-type-options:
      - nosniff
    status:
      code: 200
      message: OK
- request:
    body: null
    headers:
      Accept:
      - application/json
      Accept-Encoding:
      - gzip, deflate
      CommandName:
      - mysql flexible-server create
      Connection:
      - keep-alive
      ParameterSetName:
      - -g -n --subnet
      User-Agent:
      - python/3.7.4 (Windows-10-10.0.19041-SP0) msrest/0.6.18 msrest_azure/0.6.3
        azure-mgmt-rdbms/2020-07-01-privatepreview Azure-SDK-For-Python AZURECLI/2.14.0
    method: GET
    uri: https://management.azure.com/subscriptions/00000000-0000-0000-0000-000000000000/providers/Microsoft.DBforMySQL/locations/westus2/azureAsyncOperation/9f8bfcea-361e-4be0-a762-c24cadba1118?api-version=2020-07-01-privatepreview
  response:
    body:
      string: '{"name":"9f8bfcea-361e-4be0-a762-c24cadba1118","status":"InProgress","startTime":"2020-11-10T04:12:04.58Z"}'
    headers:
      cache-control:
      - no-cache
      content-length:
      - '107'
      content-type:
      - application/json; charset=utf-8
      date:
      - Tue, 10 Nov 2020 04:23:08 GMT
      expires:
      - '-1'
      pragma:
      - no-cache
      server:
      - Microsoft-HTTPAPI/2.0
      strict-transport-security:
      - max-age=31536000; includeSubDomains
      transfer-encoding:
      - chunked
      vary:
      - Accept-Encoding
      x-content-type-options:
      - nosniff
    status:
      code: 200
      message: OK
- request:
    body: null
    headers:
      Accept:
      - application/json
      Accept-Encoding:
      - gzip, deflate
      CommandName:
      - mysql flexible-server create
      Connection:
      - keep-alive
      ParameterSetName:
      - -g -n --subnet
      User-Agent:
      - python/3.7.4 (Windows-10-10.0.19041-SP0) msrest/0.6.18 msrest_azure/0.6.3
        azure-mgmt-rdbms/2020-07-01-privatepreview Azure-SDK-For-Python AZURECLI/2.14.0
    method: GET
    uri: https://management.azure.com/subscriptions/00000000-0000-0000-0000-000000000000/providers/Microsoft.DBforMySQL/locations/westus2/azureAsyncOperation/9f8bfcea-361e-4be0-a762-c24cadba1118?api-version=2020-07-01-privatepreview
  response:
    body:
      string: '{"name":"9f8bfcea-361e-4be0-a762-c24cadba1118","status":"InProgress","startTime":"2020-11-10T04:12:04.58Z"}'
    headers:
      cache-control:
      - no-cache
      content-length:
      - '107'
      content-type:
      - application/json; charset=utf-8
      date:
      - Tue, 10 Nov 2020 04:24:08 GMT
      expires:
      - '-1'
      pragma:
      - no-cache
      server:
      - Microsoft-HTTPAPI/2.0
      strict-transport-security:
      - max-age=31536000; includeSubDomains
      transfer-encoding:
      - chunked
      vary:
      - Accept-Encoding
      x-content-type-options:
      - nosniff
    status:
      code: 200
      message: OK
- request:
    body: null
    headers:
      Accept:
      - application/json
      Accept-Encoding:
      - gzip, deflate
      CommandName:
      - mysql flexible-server create
      Connection:
      - keep-alive
      ParameterSetName:
      - -g -n --subnet
      User-Agent:
      - python/3.7.4 (Windows-10-10.0.19041-SP0) msrest/0.6.18 msrest_azure/0.6.3
        azure-mgmt-rdbms/2020-07-01-privatepreview Azure-SDK-For-Python AZURECLI/2.14.0
    method: GET
    uri: https://management.azure.com/subscriptions/00000000-0000-0000-0000-000000000000/providers/Microsoft.DBforMySQL/locations/westus2/azureAsyncOperation/9f8bfcea-361e-4be0-a762-c24cadba1118?api-version=2020-07-01-privatepreview
  response:
    body:
      string: '{"name":"9f8bfcea-361e-4be0-a762-c24cadba1118","status":"InProgress","startTime":"2020-11-10T04:12:04.58Z"}'
    headers:
      cache-control:
      - no-cache
      content-length:
      - '107'
      content-type:
      - application/json; charset=utf-8
      date:
      - Tue, 10 Nov 2020 04:25:09 GMT
      expires:
      - '-1'
      pragma:
      - no-cache
      server:
      - Microsoft-HTTPAPI/2.0
      strict-transport-security:
      - max-age=31536000; includeSubDomains
      transfer-encoding:
      - chunked
      vary:
      - Accept-Encoding
      x-content-type-options:
      - nosniff
    status:
      code: 200
      message: OK
- request:
    body: null
    headers:
      Accept:
      - application/json
      Accept-Encoding:
      - gzip, deflate
      CommandName:
      - mysql flexible-server create
      Connection:
      - keep-alive
      ParameterSetName:
      - -g -n --subnet
      User-Agent:
      - python/3.7.4 (Windows-10-10.0.19041-SP0) msrest/0.6.18 msrest_azure/0.6.3
        azure-mgmt-rdbms/2020-07-01-privatepreview Azure-SDK-For-Python AZURECLI/2.14.0
    method: GET
    uri: https://management.azure.com/subscriptions/00000000-0000-0000-0000-000000000000/providers/Microsoft.DBforMySQL/locations/westus2/azureAsyncOperation/9f8bfcea-361e-4be0-a762-c24cadba1118?api-version=2020-07-01-privatepreview
  response:
    body:
      string: '{"name":"9f8bfcea-361e-4be0-a762-c24cadba1118","status":"Succeeded","startTime":"2020-11-10T04:12:04.58Z"}'
    headers:
      cache-control:
      - no-cache
      content-length:
      - '106'
      content-type:
      - application/json; charset=utf-8
      date:
      - Tue, 10 Nov 2020 04:26:09 GMT
      expires:
      - '-1'
      pragma:
      - no-cache
      server:
      - Microsoft-HTTPAPI/2.0
      strict-transport-security:
      - max-age=31536000; includeSubDomains
      transfer-encoding:
      - chunked
      vary:
      - Accept-Encoding
      x-content-type-options:
      - nosniff
    status:
      code: 200
      message: OK
- request:
    body: null
    headers:
      Accept:
      - application/json
      Accept-Encoding:
      - gzip, deflate
      CommandName:
      - mysql flexible-server create
      Connection:
      - keep-alive
      ParameterSetName:
      - -g -n --subnet
      User-Agent:
      - python/3.7.4 (Windows-10-10.0.19041-SP0) msrest/0.6.18 msrest_azure/0.6.3
        azure-mgmt-rdbms/2020-07-01-privatepreview Azure-SDK-For-Python AZURECLI/2.14.0
    method: GET
    uri: https://management.azure.com/subscriptions/00000000-0000-0000-0000-000000000000/resourceGroups/clitest.rg000001/providers/Microsoft.DBForMySql/flexibleServers/testvnetserver2mysql?api-version=2020-07-01-privatepreview
  response:
    body:
      string: '{"sku":{"name":"Standard_B1ms","tier":"Burstable","capacity":0},"properties":{"administratorLogin":"rowdyHyena6","storageProfile":{"storageMB":10240,"storageIops":0,"backupRetentionDays":7,"storageAutogrow":"Disabled","fileStorageSkuName":"Premium_LRS"},"version":"5.7","state":"Ready","haState":"NotEnabled","fullyQualifiedDomainName":"testvnetserver2mysql.mysql.database.azure.com","sourceServerId":"","publicNetworkAccess":"Disabled","sslEnforcement":"Disabled","haEnabled":"Disabled","earliestRestoreDate":"2020-11-10T04:26:09.8227213+00:00","maintenanceWindow":{"customWindow":"Disabled","dayOfWeek":0,"startHour":0,"startMinute":0},"replicationRole":"None","replicaCapacity":10,"delegatedSubnetArguments":{"subnetArmResourceId":"/subscriptions/00000000-0000-0000-0000-000000000000/resourceGroups/clitest.rg000001/providers/Microsoft.Network/virtualNetworks/clitestvnet1/subnets/Subnetetserver2mysql"},"byokEnforcement":"Disabled"},"location":"West
        US 2","id":"/subscriptions/00000000-0000-0000-0000-000000000000/resourceGroups/clitest.rg000001/providers/Microsoft.DBforMySQL/flexibleServers/testvnetserver2mysql","name":"testvnetserver2mysql","type":"Microsoft.DBforMySQL/flexibleServers"}'
    headers:
      cache-control:
      - no-cache
      content-length:
      - '1313'
      content-type:
      - application/json; charset=utf-8
      date:
      - Tue, 10 Nov 2020 04:26:09 GMT
      expires:
      - '-1'
      pragma:
      - no-cache
      server:
      - Microsoft-HTTPAPI/2.0
      strict-transport-security:
      - max-age=31536000; includeSubDomains
      transfer-encoding:
      - chunked
      vary:
      - Accept-Encoding
      x-content-type-options:
      - nosniff
    status:
      code: 200
      message: OK
- request:
    body: null
    headers:
      Accept:
      - application/json
      Accept-Encoding:
      - gzip, deflate
      CommandName:
      - mysql flexible-server create
      Connection:
      - keep-alive
      ParameterSetName:
      - -g -n --subnet
      User-Agent:
      - python/3.7.4 (Windows-10-10.0.19041-SP0) msrest/0.6.18 msrest_azure/0.6.3
        azure-mgmt-rdbms/2020-07-01-privatepreview Azure-SDK-For-Python AZURECLI/2.14.0
      accept-language:
      - en-US
    method: GET
    uri: https://management.azure.com/subscriptions/00000000-0000-0000-0000-000000000000/resourceGroups/clitest.rg000001/providers/Microsoft.DBForMySql/flexibleServers/testvnetserver2mysql/databases/flexibleserverdb?api-version=2020-07-01-privatepreview
  response:
    body:
      string: '{"error":{"code":"ResourceNotFound","message":"The requested resource
        of type ''Microsoft.DBforMySQL/flexibleServers/databases'' with name ''flexibleserverdb''
        was not found."}}'
    headers:
      cache-control:
      - no-cache
      content-length:
      - '173'
      content-type:
      - application/json; charset=utf-8
      date:
      - Tue, 10 Nov 2020 04:26:10 GMT
      expires:
      - '-1'
      pragma:
      - no-cache
      server:
      - Microsoft-HTTPAPI/2.0
      strict-transport-security:
      - max-age=31536000; includeSubDomains
      x-content-type-options:
      - nosniff
    status:
      code: 404
      message: Not Found
- request:
    body: '{"properties": {"charset": "utf8"}}'
    headers:
      Accept:
      - application/json
      Accept-Encoding:
      - gzip, deflate
      CommandName:
      - mysql flexible-server create
      Connection:
      - keep-alive
      Content-Length:
      - '35'
      Content-Type:
      - application/json; charset=utf-8
      ParameterSetName:
      - -g -n --subnet
      User-Agent:
      - python/3.7.4 (Windows-10-10.0.19041-SP0) msrest/0.6.18 msrest_azure/0.6.3
        azure-mgmt-rdbms/2020-07-01-privatepreview Azure-SDK-For-Python AZURECLI/2.14.0
      accept-language:
      - en-US
    method: PUT
    uri: https://management.azure.com/subscriptions/00000000-0000-0000-0000-000000000000/resourceGroups/clitest.rg000001/providers/Microsoft.DBForMySql/flexibleServers/testvnetserver2mysql/databases/flexibleserverdb?api-version=2020-07-01-privatepreview
  response:
    body:
      string: '{"operation":"UpsertServerDatabaseManagementOperation","startTime":"2020-11-10T04:26:11.48Z"}'
    headers:
      azure-asyncoperation:
      - https://management.azure.com/subscriptions/00000000-0000-0000-0000-000000000000/providers/Microsoft.DBforMySQL/locations/westus2/azureAsyncOperation/90c2dfed-43b1-46b1-a5eb-f6e45147cb7b?api-version=2020-07-01-privatepreview
      cache-control:
      - no-cache
      content-length:
      - '93'
      content-type:
      - application/json; charset=utf-8
      date:
      - Tue, 10 Nov 2020 04:26:10 GMT
      expires:
      - '-1'
      location:
      - https://management.azure.com/subscriptions/00000000-0000-0000-0000-000000000000/providers/Microsoft.DBforMySQL/locations/westus2/operationResults/90c2dfed-43b1-46b1-a5eb-f6e45147cb7b?api-version=2020-07-01-privatepreview
      pragma:
      - no-cache
      server:
      - Microsoft-HTTPAPI/2.0
      strict-transport-security:
      - max-age=31536000; includeSubDomains
      x-content-type-options:
      - nosniff
      x-ms-ratelimit-remaining-subscription-writes:
      - '1198'
    status:
      code: 202
      message: Accepted
- request:
    body: null
    headers:
      Accept:
      - application/json
      Accept-Encoding:
      - gzip, deflate
      CommandName:
      - mysql flexible-server create
      Connection:
      - keep-alive
      ParameterSetName:
      - -g -n --subnet
      User-Agent:
      - python/3.7.4 (Windows-10-10.0.19041-SP0) msrest/0.6.18 msrest_azure/0.6.3
        azure-mgmt-rdbms/2020-07-01-privatepreview Azure-SDK-For-Python AZURECLI/2.14.0
    method: GET
    uri: https://management.azure.com/subscriptions/00000000-0000-0000-0000-000000000000/providers/Microsoft.DBforMySQL/locations/westus2/azureAsyncOperation/90c2dfed-43b1-46b1-a5eb-f6e45147cb7b?api-version=2020-07-01-privatepreview
  response:
    body:
      string: '{"name":"90c2dfed-43b1-46b1-a5eb-f6e45147cb7b","status":"Succeeded","startTime":"2020-11-10T04:26:11.48Z"}'
    headers:
      cache-control:
      - no-cache
      content-length:
      - '106'
      content-type:
      - application/json; charset=utf-8
      date:
      - Tue, 10 Nov 2020 04:26:26 GMT
      expires:
      - '-1'
      pragma:
      - no-cache
      server:
      - Microsoft-HTTPAPI/2.0
      strict-transport-security:
      - max-age=31536000; includeSubDomains
      transfer-encoding:
      - chunked
      vary:
      - Accept-Encoding
      x-content-type-options:
      - nosniff
    status:
      code: 200
      message: OK
- request:
    body: null
    headers:
      Accept:
      - application/json
      Accept-Encoding:
      - gzip, deflate
      CommandName:
      - mysql flexible-server create
      Connection:
      - keep-alive
      ParameterSetName:
      - -g -n --subnet
      User-Agent:
      - python/3.7.4 (Windows-10-10.0.19041-SP0) msrest/0.6.18 msrest_azure/0.6.3
        azure-mgmt-rdbms/2020-07-01-privatepreview Azure-SDK-For-Python AZURECLI/2.14.0
    method: GET
    uri: https://management.azure.com/subscriptions/00000000-0000-0000-0000-000000000000/resourceGroups/clitest.rg000001/providers/Microsoft.DBForMySql/flexibleServers/testvnetserver2mysql/databases/flexibleserverdb?api-version=2020-07-01-privatepreview
  response:
    body:
      string: '{"properties":{"charset":"latin1","collation":"latin1_swedish_ci"},"id":"/subscriptions/00000000-0000-0000-0000-000000000000/resourceGroups/clitest.rg000001/providers/Microsoft.DBforMySQL/flexibleServers/testvnetserver2mysql/databases/flexibleserverdb","name":"flexibleserverdb","type":"Microsoft.DBforMySQL/flexibleServers/databases"}'
    headers:
      cache-control:
      - no-cache
      content-length:
      - '394'
      content-type:
      - application/json; charset=utf-8
      date:
      - Tue, 10 Nov 2020 04:26:26 GMT
      expires:
      - '-1'
      pragma:
      - no-cache
      server:
      - Microsoft-HTTPAPI/2.0
      strict-transport-security:
      - max-age=31536000; includeSubDomains
      transfer-encoding:
      - chunked
      vary:
      - Accept-Encoding
      x-content-type-options:
      - nosniff
    status:
      code: 200
      message: OK
- request:
    body: null
    headers:
      Accept:
      - application/json
      Accept-Encoding:
      - gzip, deflate
      CommandName:
      - mysql flexible-server show
      Connection:
      - keep-alive
      ParameterSetName:
      - -g -n
      User-Agent:
      - python/3.7.4 (Windows-10-10.0.19041-SP0) msrest/0.6.18 msrest_azure/0.6.3
        azure-mgmt-rdbms/2020-07-01-privatepreview Azure-SDK-For-Python AZURECLI/2.14.0
      accept-language:
      - en-US
    method: GET
    uri: https://management.azure.com/subscriptions/00000000-0000-0000-0000-000000000000/resourceGroups/clitest.rg000001/providers/Microsoft.DBForMySql/flexibleServers/testvnetserver2mysql?api-version=2020-07-01-privatepreview
  response:
    body:
      string: '{"sku":{"name":"Standard_B1ms","tier":"Burstable","capacity":0},"properties":{"administratorLogin":"rowdyHyena6","storageProfile":{"storageMB":10240,"storageIops":0,"backupRetentionDays":7,"storageAutogrow":"Disabled","fileStorageSkuName":"Premium_LRS"},"version":"5.7","state":"Ready","haState":"NotEnabled","fullyQualifiedDomainName":"testvnetserver2mysql.mysql.database.azure.com","sourceServerId":"","publicNetworkAccess":"Disabled","sslEnforcement":"Disabled","haEnabled":"Disabled","earliestRestoreDate":"2020-11-10T04:26:28.0749306+00:00","maintenanceWindow":{"customWindow":"Disabled","dayOfWeek":0,"startHour":0,"startMinute":0},"replicationRole":"None","replicaCapacity":10,"delegatedSubnetArguments":{"subnetArmResourceId":"/subscriptions/00000000-0000-0000-0000-000000000000/resourceGroups/clitest.rg000001/providers/Microsoft.Network/virtualNetworks/clitestvnet1/subnets/Subnetetserver2mysql"},"byokEnforcement":"Disabled"},"location":"West
        US 2","id":"/subscriptions/00000000-0000-0000-0000-000000000000/resourceGroups/clitest.rg000001/providers/Microsoft.DBforMySQL/flexibleServers/testvnetserver2mysql","name":"testvnetserver2mysql","type":"Microsoft.DBforMySQL/flexibleServers"}'
    headers:
      cache-control:
      - no-cache
      content-length:
      - '1313'
      content-type:
      - application/json; charset=utf-8
      date:
      - Tue, 10 Nov 2020 04:26:27 GMT
      expires:
      - '-1'
      pragma:
      - no-cache
      server:
      - Microsoft-HTTPAPI/2.0
      strict-transport-security:
      - max-age=31536000; includeSubDomains
      transfer-encoding:
      - chunked
      vary:
      - Accept-Encoding
      x-content-type-options:
      - nosniff
    status:
      code: 200
      message: OK
- request:
    body: null
    headers:
      Accept:
      - application/json
      Accept-Encoding:
      - gzip, deflate
      CommandName:
      - mysql flexible-server delete
      Connection:
      - keep-alive
      Content-Length:
      - '0'
      ParameterSetName:
      - -g -n --yes
      User-Agent:
      - python/3.7.4 (Windows-10-10.0.19041-SP0) msrest/0.6.18 msrest_azure/0.6.3
        azure-mgmt-rdbms/2020-07-01-privatepreview Azure-SDK-For-Python AZURECLI/2.14.0
      accept-language:
      - en-US
    method: DELETE
    uri: https://management.azure.com/subscriptions/00000000-0000-0000-0000-000000000000/resourceGroups/clitest.rg000001/providers/Microsoft.DBForMySql/flexibleServers/testvnetserver2mysql?api-version=2020-07-01-privatepreview
  response:
    body:
      string: '{"operation":"DropServerManagementOperation","startTime":"2020-11-10T04:26:28.543Z"}'
    headers:
      azure-asyncoperation:
      - https://management.azure.com/subscriptions/00000000-0000-0000-0000-000000000000/providers/Microsoft.DBforMySQL/locations/West%20US%202/azureAsyncOperation/9daeed53-c39d-4508-bd42-55d16f1d914a?api-version=2020-07-01-privatepreview
      cache-control:
      - no-cache
      content-length:
      - '84'
      content-type:
      - application/json; charset=utf-8
      date:
      - Tue, 10 Nov 2020 04:26:27 GMT
      expires:
      - '-1'
      location:
      - https://management.azure.com/subscriptions/00000000-0000-0000-0000-000000000000/providers/Microsoft.DBforMySQL/locations/West%20US%202/operationResults/9daeed53-c39d-4508-bd42-55d16f1d914a?api-version=2020-07-01-privatepreview
      pragma:
      - no-cache
      server:
      - Microsoft-HTTPAPI/2.0
      strict-transport-security:
      - max-age=31536000; includeSubDomains
      x-content-type-options:
      - nosniff
      x-ms-ratelimit-remaining-subscription-deletes:
      - '14999'
    status:
      code: 202
      message: Accepted
- request:
    body: null
    headers:
      Accept:
      - application/json
      Accept-Encoding:
      - gzip, deflate
      CommandName:
      - mysql flexible-server delete
      Connection:
      - keep-alive
      ParameterSetName:
      - -g -n --yes
      User-Agent:
      - python/3.7.4 (Windows-10-10.0.19041-SP0) msrest/0.6.18 msrest_azure/0.6.3
        azure-mgmt-rdbms/2020-07-01-privatepreview Azure-SDK-For-Python AZURECLI/2.14.0
    method: GET
    uri: https://management.azure.com/subscriptions/00000000-0000-0000-0000-000000000000/providers/Microsoft.DBforMySQL/locations/West%20US%202/azureAsyncOperation/9daeed53-c39d-4508-bd42-55d16f1d914a?api-version=2020-07-01-privatepreview
  response:
    body:
      string: '{"name":"9daeed53-c39d-4508-bd42-55d16f1d914a","status":"InProgress","startTime":"2020-11-10T04:26:28.543Z"}'
    headers:
      cache-control:
      - no-cache
      content-length:
      - '108'
      content-type:
      - application/json; charset=utf-8
      date:
      - Tue, 10 Nov 2020 04:26:43 GMT
      expires:
      - '-1'
      pragma:
      - no-cache
      server:
      - Microsoft-HTTPAPI/2.0
      strict-transport-security:
      - max-age=31536000; includeSubDomains
      transfer-encoding:
      - chunked
      vary:
      - Accept-Encoding
      x-content-type-options:
      - nosniff
    status:
      code: 200
      message: OK
- request:
    body: null
    headers:
      Accept:
      - application/json
      Accept-Encoding:
      - gzip, deflate
      CommandName:
      - mysql flexible-server delete
      Connection:
      - keep-alive
      ParameterSetName:
      - -g -n --yes
      User-Agent:
      - python/3.7.4 (Windows-10-10.0.19041-SP0) msrest/0.6.18 msrest_azure/0.6.3
        azure-mgmt-rdbms/2020-07-01-privatepreview Azure-SDK-For-Python AZURECLI/2.14.0
    method: GET
    uri: https://management.azure.com/subscriptions/00000000-0000-0000-0000-000000000000/providers/Microsoft.DBforMySQL/locations/West%20US%202/azureAsyncOperation/9daeed53-c39d-4508-bd42-55d16f1d914a?api-version=2020-07-01-privatepreview
  response:
    body:
      string: '{"name":"9daeed53-c39d-4508-bd42-55d16f1d914a","status":"InProgress","startTime":"2020-11-10T04:26:28.543Z"}'
    headers:
      cache-control:
      - no-cache
      content-length:
      - '108'
      content-type:
      - application/json; charset=utf-8
      date:
      - Tue, 10 Nov 2020 04:26:58 GMT
      expires:
      - '-1'
      pragma:
      - no-cache
      server:
      - Microsoft-HTTPAPI/2.0
      strict-transport-security:
      - max-age=31536000; includeSubDomains
      transfer-encoding:
      - chunked
      vary:
      - Accept-Encoding
      x-content-type-options:
      - nosniff
    status:
      code: 200
      message: OK
- request:
    body: null
    headers:
      Accept:
      - application/json
      Accept-Encoding:
      - gzip, deflate
      CommandName:
      - mysql flexible-server delete
      Connection:
      - keep-alive
      ParameterSetName:
      - -g -n --yes
      User-Agent:
      - python/3.7.4 (Windows-10-10.0.19041-SP0) msrest/0.6.18 msrest_azure/0.6.3
        azure-mgmt-rdbms/2020-07-01-privatepreview Azure-SDK-For-Python AZURECLI/2.14.0
    method: GET
    uri: https://management.azure.com/subscriptions/00000000-0000-0000-0000-000000000000/providers/Microsoft.DBforMySQL/locations/West%20US%202/azureAsyncOperation/9daeed53-c39d-4508-bd42-55d16f1d914a?api-version=2020-07-01-privatepreview
  response:
    body:
      string: '{"name":"9daeed53-c39d-4508-bd42-55d16f1d914a","status":"Succeeded","startTime":"2020-11-10T04:26:28.543Z"}'
    headers:
      cache-control:
      - no-cache
      content-length:
      - '107'
      content-type:
      - application/json; charset=utf-8
      date:
      - Tue, 10 Nov 2020 04:27:13 GMT
      expires:
      - '-1'
      pragma:
      - no-cache
      server:
      - Microsoft-HTTPAPI/2.0
      strict-transport-security:
      - max-age=31536000; includeSubDomains
      transfer-encoding:
      - chunked
      vary:
      - Accept-Encoding
      x-content-type-options:
      - nosniff
    status:
      code: 200
      message: OK
- request:
    body: null
    headers:
      Accept:
      - application/json
      Accept-Encoding:
      - gzip, deflate
      CommandName:
      - network vnet subnet update
      Connection:
      - keep-alive
      ParameterSetName:
      - -g --name --vnet-name --remove
      User-Agent:
      - python/3.7.4 (Windows-10-10.0.19041-SP0) msrest/0.6.18 msrest_azure/0.6.3
        azure-mgmt-network/12.0.0 Azure-SDK-For-Python AZURECLI/2.14.0
      accept-language:
      - en-US
    method: GET
    uri: https://management.azure.com/subscriptions/00000000-0000-0000-0000-000000000000/resourceGroups/clitest.rg000001/providers/Microsoft.Network/virtualNetworks/clitestvnet1/subnets/Subnetetserver2mysql?api-version=2020-06-01
  response:
    body:
      string: "{\r\n  \"name\": \"Subnetetserver2mysql\",\r\n  \"id\": \"/subscriptions/00000000-0000-0000-0000-000000000000/resourceGroups/clitest.rg000001/providers/Microsoft.Network/virtualNetworks/clitestvnet1/subnets/Subnetetserver2mysql\",\r\n
        \ \"etag\": \"W/\\\"70478713-6f6f-4f57-8d55-fdb9dadbe4ba\\\"\",\r\n  \"properties\":
        {\r\n    \"provisioningState\": \"Succeeded\",\r\n    \"addressPrefix\": \"10.0.0.0/24\",\r\n
        \   \"networkSecurityGroup\": {\r\n      \"id\": \"/subscriptions/00000000-0000-0000-0000-000000000000/resourceGroups/clitest.rg000001/providers/Microsoft.Network/networkSecurityGroups/clitestvnet1-Subnetetserver2mysql-NRMS\"\r\n
        \   },\r\n    \"delegations\": [\r\n      {\r\n        \"name\": \"Microsoft.DBforMySQL/flexibleServers\",\r\n
        \       \"id\": \"/subscriptions/00000000-0000-0000-0000-000000000000/resourceGroups/clitest.rg000001/providers/Microsoft.Network/virtualNetworks/clitestvnet1/subnets/Subnetetserver2mysql/delegations/Microsoft.DBforMySQL/flexibleServers\",\r\n
        \       \"etag\": \"W/\\\"70478713-6f6f-4f57-8d55-fdb9dadbe4ba\\\"\",\r\n
        \       \"properties\": {\r\n          \"provisioningState\": \"Succeeded\",\r\n
        \         \"serviceName\": \"Microsoft.DBforMySQL/flexibleServers\",\r\n          \"actions\":
        [\r\n            \"Microsoft.Network/virtualNetworks/subnets/join/action\"\r\n
        \         ]\r\n        },\r\n        \"type\": \"Microsoft.Network/virtualNetworks/subnets/delegations\"\r\n
        \     }\r\n    ],\r\n    \"privateEndpointNetworkPolicies\": \"Enabled\",\r\n
        \   \"privateLinkServiceNetworkPolicies\": \"Enabled\"\r\n  },\r\n  \"type\":
        \"Microsoft.Network/virtualNetworks/subnets\"\r\n}"
    headers:
      cache-control:
      - no-cache
      content-length:
      - '1672'
      content-type:
      - application/json; charset=utf-8
      date:
      - Tue, 10 Nov 2020 04:42:15 GMT
      etag:
      - W/"70478713-6f6f-4f57-8d55-fdb9dadbe4ba"
      expires:
      - '-1'
      pragma:
      - no-cache
      server:
      - Microsoft-HTTPAPI/2.0
      - Microsoft-HTTPAPI/2.0
      strict-transport-security:
      - max-age=31536000; includeSubDomains
      transfer-encoding:
      - chunked
      vary:
      - Accept-Encoding
      x-content-type-options:
      - nosniff
      x-ms-arm-service-request-id:
      - b9071a4d-5b94-4b5e-a561-983342b26582
    status:
      code: 200
      message: OK
- request:
    body: '{"id": "/subscriptions/00000000-0000-0000-0000-000000000000/resourceGroups/clitest.rg000001/providers/Microsoft.Network/virtualNetworks/clitestvnet1/subnets/Subnetetserver2mysql",
      "properties": {"addressPrefix": "10.0.0.0/24", "networkSecurityGroup": {"id":
      "/subscriptions/00000000-0000-0000-0000-000000000000/resourceGroups/clitest.rg000001/providers/Microsoft.Network/networkSecurityGroups/clitestvnet1-Subnetetserver2mysql-NRMS"},
      "delegations": [], "privateEndpointNetworkPolicies": "Enabled", "privateLinkServiceNetworkPolicies":
      "Enabled"}, "name": "Subnetetserver2mysql"}'
    headers:
      Accept:
      - application/json
      Accept-Encoding:
      - gzip, deflate
      CommandName:
      - network vnet subnet update
      Connection:
      - keep-alive
      Content-Length:
      - '697'
      Content-Type:
      - application/json; charset=utf-8
      ParameterSetName:
      - -g --name --vnet-name --remove
      User-Agent:
      - python/3.7.4 (Windows-10-10.0.19041-SP0) msrest/0.6.18 msrest_azure/0.6.3
        azure-mgmt-network/12.0.0 Azure-SDK-For-Python AZURECLI/2.14.0
      accept-language:
      - en-US
    method: PUT
    uri: https://management.azure.com/subscriptions/00000000-0000-0000-0000-000000000000/resourceGroups/clitest.rg000001/providers/Microsoft.Network/virtualNetworks/clitestvnet1/subnets/Subnetetserver2mysql?api-version=2020-06-01
  response:
    body:
      string: "{\r\n  \"name\": \"Subnetetserver2mysql\",\r\n  \"id\": \"/subscriptions/00000000-0000-0000-0000-000000000000/resourceGroups/clitest.rg000001/providers/Microsoft.Network/virtualNetworks/clitestvnet1/subnets/Subnetetserver2mysql\",\r\n
        \ \"etag\": \"W/\\\"eedbba17-ea5e-43c7-89f0-8981fbb97a5d\\\"\",\r\n  \"properties\":
        {\r\n    \"provisioningState\": \"Updating\",\r\n    \"addressPrefix\": \"10.0.0.0/24\",\r\n
        \   \"networkSecurityGroup\": {\r\n      \"id\": \"/subscriptions/00000000-0000-0000-0000-000000000000/resourceGroups/clitest.rg000001/providers/Microsoft.Network/networkSecurityGroups/clitestvnet1-Subnetetserver2mysql-NRMS\"\r\n
        \   },\r\n    \"delegations\": [],\r\n    \"privateEndpointNetworkPolicies\":
        \"Enabled\",\r\n    \"privateLinkServiceNetworkPolicies\": \"Enabled\"\r\n
        \ },\r\n  \"type\": \"Microsoft.Network/virtualNetworks/subnets\"\r\n}"
    headers:
      azure-asyncoperation:
      - https://management.azure.com/subscriptions/00000000-0000-0000-0000-000000000000/providers/Microsoft.Network/locations/westus2/operations/ec357ee9-ac64-47c7-b925-200685515bf2?api-version=2020-06-01
      cache-control:
      - no-cache
      content-length:
      - '904'
      content-type:
      - application/json; charset=utf-8
      date:
      - Tue, 10 Nov 2020 04:42:15 GMT
      expires:
      - '-1'
      pragma:
      - no-cache
      server:
      - Microsoft-HTTPAPI/2.0
      - Microsoft-HTTPAPI/2.0
      strict-transport-security:
      - max-age=31536000; includeSubDomains
      transfer-encoding:
      - chunked
      vary:
      - Accept-Encoding
      x-content-type-options:
      - nosniff
      x-ms-arm-service-request-id:
      - e0ab72a2-a754-4dcf-a4fb-6865f19adeed
      x-ms-ratelimit-remaining-subscription-writes:
      - '1199'
    status:
      code: 200
      message: OK
- request:
    body: null
    headers:
      Accept:
      - application/json
      Accept-Encoding:
      - gzip, deflate
      CommandName:
      - network vnet subnet update
      Connection:
      - keep-alive
      ParameterSetName:
      - -g --name --vnet-name --remove
      User-Agent:
      - python/3.7.4 (Windows-10-10.0.19041-SP0) msrest/0.6.18 msrest_azure/0.6.3
        azure-mgmt-network/12.0.0 Azure-SDK-For-Python AZURECLI/2.14.0
    method: GET
    uri: https://management.azure.com/subscriptions/00000000-0000-0000-0000-000000000000/providers/Microsoft.Network/locations/westus2/operations/ec357ee9-ac64-47c7-b925-200685515bf2?api-version=2020-06-01
  response:
    body:
      string: "{\r\n  \"status\": \"Succeeded\"\r\n}"
    headers:
      cache-control:
      - no-cache
      content-length:
      - '29'
      content-type:
      - application/json; charset=utf-8
      date:
      - Tue, 10 Nov 2020 04:42:19 GMT
      expires:
      - '-1'
      pragma:
      - no-cache
      server:
      - Microsoft-HTTPAPI/2.0
      - Microsoft-HTTPAPI/2.0
      strict-transport-security:
      - max-age=31536000; includeSubDomains
      transfer-encoding:
      - chunked
      vary:
      - Accept-Encoding
      x-content-type-options:
      - nosniff
      x-ms-arm-service-request-id:
      - 4fdc35bb-691e-4e16-89b4-d3458c0a291b
    status:
      code: 200
      message: OK
- request:
    body: null
    headers:
      Accept:
      - application/json
      Accept-Encoding:
      - gzip, deflate
      CommandName:
      - network vnet subnet update
      Connection:
      - keep-alive
      ParameterSetName:
      - -g --name --vnet-name --remove
      User-Agent:
      - python/3.7.4 (Windows-10-10.0.19041-SP0) msrest/0.6.18 msrest_azure/0.6.3
        azure-mgmt-network/12.0.0 Azure-SDK-For-Python AZURECLI/2.14.0
    method: GET
    uri: https://management.azure.com/subscriptions/00000000-0000-0000-0000-000000000000/resourceGroups/clitest.rg000001/providers/Microsoft.Network/virtualNetworks/clitestvnet1/subnets/Subnetetserver2mysql?api-version=2020-06-01
  response:
    body:
      string: "{\r\n  \"name\": \"Subnetetserver2mysql\",\r\n  \"id\": \"/subscriptions/00000000-0000-0000-0000-000000000000/resourceGroups/clitest.rg000001/providers/Microsoft.Network/virtualNetworks/clitestvnet1/subnets/Subnetetserver2mysql\",\r\n
        \ \"etag\": \"W/\\\"807e319f-bb9f-460b-9974-02ffb88b6f06\\\"\",\r\n  \"properties\":
        {\r\n    \"provisioningState\": \"Succeeded\",\r\n    \"addressPrefix\": \"10.0.0.0/24\",\r\n
        \   \"networkSecurityGroup\": {\r\n      \"id\": \"/subscriptions/00000000-0000-0000-0000-000000000000/resourceGroups/clitest.rg000001/providers/Microsoft.Network/networkSecurityGroups/clitestvnet1-Subnetetserver2mysql-NRMS\"\r\n
        \   },\r\n    \"delegations\": [],\r\n    \"privateEndpointNetworkPolicies\":
        \"Enabled\",\r\n    \"privateLinkServiceNetworkPolicies\": \"Enabled\"\r\n
        \ },\r\n  \"type\": \"Microsoft.Network/virtualNetworks/subnets\"\r\n}"
    headers:
      cache-control:
      - no-cache
      content-length:
      - '905'
      content-type:
      - application/json; charset=utf-8
      date:
      - Tue, 10 Nov 2020 04:42:19 GMT
      etag:
      - W/"807e319f-bb9f-460b-9974-02ffb88b6f06"
      expires:
      - '-1'
      pragma:
      - no-cache
      server:
      - Microsoft-HTTPAPI/2.0
      - Microsoft-HTTPAPI/2.0
      strict-transport-security:
      - max-age=31536000; includeSubDomains
      transfer-encoding:
      - chunked
      vary:
      - Accept-Encoding
      x-content-type-options:
      - nosniff
      x-ms-arm-service-request-id:
      - ac8a9dad-a4dd-4757-9b20-69d59031aa3d
    status:
      code: 200
      message: OK
- request:
    body: null
    headers:
      Accept:
      - application/json
      Accept-Encoding:
      - gzip, deflate
      CommandName:
      - network vnet delete
      Connection:
      - keep-alive
      Content-Length:
      - '0'
      ParameterSetName:
      - -g -n
      User-Agent:
      - python/3.7.4 (Windows-10-10.0.19041-SP0) msrest/0.6.18 msrest_azure/0.6.3
        azure-mgmt-network/12.0.0 Azure-SDK-For-Python AZURECLI/2.14.0
      accept-language:
      - en-US
    method: DELETE
    uri: https://management.azure.com/subscriptions/00000000-0000-0000-0000-000000000000/resourceGroups/clitest.rg000001/providers/Microsoft.Network/virtualNetworks/clitestvnet1?api-version=2020-06-01
  response:
    body:
      string: ''
    headers:
      azure-asyncnotification:
      - Enabled
      azure-asyncoperation:
      - https://management.azure.com/subscriptions/00000000-0000-0000-0000-000000000000/providers/Microsoft.Network/locations/westus2/operations/7a6e8bb7-e76a-421d-8d70-b75dc23e4387?api-version=2020-06-01
      cache-control:
      - no-cache
      content-length:
      - '0'
      date:
      - Tue, 10 Nov 2020 04:42:20 GMT
      expires:
      - '-1'
      location:
      - https://management.azure.com/subscriptions/00000000-0000-0000-0000-000000000000/providers/Microsoft.Network/locations/westus2/operationResults/7a6e8bb7-e76a-421d-8d70-b75dc23e4387?api-version=2020-06-01
      pragma:
      - no-cache
      server:
      - Microsoft-HTTPAPI/2.0
      - Microsoft-HTTPAPI/2.0
      strict-transport-security:
      - max-age=31536000; includeSubDomains
      x-content-type-options:
      - nosniff
      x-ms-arm-service-request-id:
      - 5567c9be-d4ca-4555-bc7b-3fe7f5eb0035
      x-ms-ratelimit-remaining-subscription-deletes:
      - '14999'
    status:
      code: 202
      message: Accepted
- request:
    body: null
    headers:
      Accept:
      - application/json
      Accept-Encoding:
      - gzip, deflate
      CommandName:
      - network vnet delete
      Connection:
      - keep-alive
      ParameterSetName:
      - -g -n
      User-Agent:
      - python/3.7.4 (Windows-10-10.0.19041-SP0) msrest/0.6.18 msrest_azure/0.6.3
        azure-mgmt-network/12.0.0 Azure-SDK-For-Python AZURECLI/2.14.0
    method: GET
    uri: https://management.azure.com/subscriptions/00000000-0000-0000-0000-000000000000/providers/Microsoft.Network/locations/westus2/operations/7a6e8bb7-e76a-421d-8d70-b75dc23e4387?api-version=2020-06-01
  response:
    body:
      string: "{\r\n  \"status\": \"Succeeded\"\r\n}"
    headers:
      cache-control:
      - no-cache
      content-length:
      - '29'
      content-type:
      - application/json; charset=utf-8
      date:
      - Tue, 10 Nov 2020 04:42:30 GMT
      expires:
      - '-1'
      pragma:
      - no-cache
      server:
      - Microsoft-HTTPAPI/2.0
      - Microsoft-HTTPAPI/2.0
      strict-transport-security:
      - max-age=31536000; includeSubDomains
      transfer-encoding:
      - chunked
      vary:
      - Accept-Encoding
      x-content-type-options:
      - nosniff
      x-ms-arm-service-request-id:
      - c75cbed0-ed13-4feb-b6cc-d8b0033101a1
    status:
      code: 200
      message: OK
version: 1
