interactions:
- request:
    body: null
    headers:
      Accept:
      - application/json
      Accept-Encoding:
      - gzip, deflate
      CommandName:
      - network vnet subnet show
      Connection:
      - keep-alive
      ParameterSetName:
      - -g -n --vnet-name
      User-Agent:
      - AZURECLI/2.19.0 azsdk-python-azure-mgmt-network/17.1.0 Python/3.7.3 (Windows-10-10.0.19041-SP0)
    method: GET
    uri: https://management.azure.com/subscriptions/00000000-0000-0000-0000-000000000000/resourceGroups/clitest.rg000001/providers/Microsoft.Network/virtualNetworks/clitest.vn000002/subnets/default?api-version=2020-08-01
  response:
    body:
      string: "{\r\n  \"name\": \"default\",\r\n  \"id\": \"/subscriptions/00000000-0000-0000-0000-000000000000/resourceGroups/clitest.rg000001/providers/Microsoft.Network/virtualNetworks/clitest.vn000002/subnets/default\",\r\n
        \ \"etag\": \"W/\\\"66d99214-1ead-4749-9764-b1c64ee17724\\\"\",\r\n  \"properties\":
        {\r\n    \"provisioningState\": \"Succeeded\",\r\n    \"addressPrefix\": \"10.0.0.0/24\",\r\n
        \   \"delegations\": [],\r\n    \"privateEndpointNetworkPolicies\": \"Enabled\",\r\n
        \   \"privateLinkServiceNetworkPolicies\": \"Enabled\"\r\n  },\r\n  \"type\":
        \"Microsoft.Network/virtualNetworks/subnets\"\r\n}"
    headers:
      cache-control:
      - no-cache
      content-length:
      - '605'
      content-type:
      - application/json; charset=utf-8
      date:
      - Wed, 10 Feb 2021 01:38:00 GMT
      etag:
      - W/"66d99214-1ead-4749-9764-b1c64ee17724"
      expires:
      - '-1'
      pragma:
      - no-cache
      server:
      - Microsoft-HTTPAPI/2.0
      - Microsoft-HTTPAPI/2.0
      strict-transport-security:
      - max-age=31536000; includeSubDomains
      transfer-encoding:
      - chunked
      vary:
      - Accept-Encoding
      x-content-type-options:
      - nosniff
      x-ms-arm-service-request-id:
      - a8e044d7-be9d-4dbb-b801-3fa0f9c4c493
    status:
      code: 200
      message: OK
- request:
    body: null
    headers:
      Accept:
      - application/json
      Accept-Encoding:
      - gzip, deflate
      CommandName:
      - mysql flexible-server create
      Connection:
      - keep-alive
      ParameterSetName:
      - -g -n --vnet -l --subnet
      User-Agent:
      - python/3.7.3 (Windows-10-10.0.19041-SP0) msrest/0.6.18 msrest_azure/0.6.3
        azure-mgmt-rdbms/2020-07-01-privatepreview Azure-SDK-For-Python AZURECLI/2.19.0
      accept-language:
      - en-US
    method: GET
    uri: https://management.azure.com/subscriptions/00000000-0000-0000-0000-000000000000/providers/Microsoft.DBForMySql/locations/eastus2euap/capabilities?api-version=2020-07-01-privatepreview
  response:
    body:
      string: '{"value":[{"zone":"none","supportedFlexibleServerEditions":[{"name":"Burstable","supportedStorageEditions":[{"name":"PremiumFileShare","minStorageSize":{"name":"5120","storageSizeMB":5120},"maxStorageSize":{"name":"16777216","storageSizeMB":16777216},"minBackupRetentionDays":7,"maxBackupRetentionDays":35,"supportedStorageMB":[],"status":"Default"}],"supportedServerVersions":[{"name":"5.7","supportedVcores":[{"name":"Standard_B1s","vCores":1,"supportedIOPS":320,"supportedMemoryPerVcoreMB":1024,"status":"Available"},{"name":"Standard_B1ms","vCores":1,"supportedIOPS":640,"supportedMemoryPerVcoreMB":2048,"status":"Available"},{"name":"Standard_B2s","vCores":2,"supportedIOPS":1280,"supportedMemoryPerVcoreMB":2048,"status":"Available"}],"status":"Available"},{"name":"8.0.21","supportedVcores":[{"name":"Standard_B1s","vCores":1,"supportedIOPS":320,"supportedMemoryPerVcoreMB":1024,"status":"Available"},{"name":"Standard_B1ms","vCores":1,"supportedIOPS":640,"supportedMemoryPerVcoreMB":2048,"status":"Available"},{"name":"Standard_B2s","vCores":2,"supportedIOPS":1280,"supportedMemoryPerVcoreMB":2048,"status":"Available"}],"status":"Available"}],"status":"Available"},{"name":"GeneralPurpose","supportedStorageEditions":[{"name":"PremiumFileShare","minStorageSize":{"name":"5120","storageSizeMB":5120},"maxStorageSize":{"name":"16777216","storageSizeMB":16777216},"minBackupRetentionDays":7,"maxBackupRetentionDays":35,"supportedStorageMB":[],"status":"Default"}],"supportedServerVersions":[{"name":"5.7","supportedVcores":[{"name":"Standard_D2s_v3","vCores":2,"supportedIOPS":3200,"supportedMemoryPerVcoreMB":4096,"status":"Default"},{"name":"Standard_D4s_v3","vCores":4,"supportedIOPS":6400,"supportedMemoryPerVcoreMB":4096,"status":"Available"},{"name":"Standard_D8s_v3","vCores":8,"supportedIOPS":12800,"supportedMemoryPerVcoreMB":4096,"status":"Available"},{"name":"Standard_D16s_v3","vCores":16,"supportedIOPS":20000,"supportedMemoryPerVcoreMB":4096,"status":"Available"},{"name":"Standard_D32s_v3","vCores":32,"supportedIOPS":20000,"supportedMemoryPerVcoreMB":4096,"status":"Available"},{"name":"Standard_D48s_v3","vCores":48,"supportedIOPS":20000,"supportedMemoryPerVcoreMB":4096,"status":"Available"},{"name":"Standard_D64s_v3","vCores":64,"supportedIOPS":20000,"supportedMemoryPerVcoreMB":4096,"status":"Available"}],"status":"Default"},{"name":"8.0.21","supportedVcores":[{"name":"Standard_D2s_v3","vCores":2,"supportedIOPS":3200,"supportedMemoryPerVcoreMB":4096,"status":"Available"},{"name":"Standard_D4s_v3","vCores":4,"supportedIOPS":6400,"supportedMemoryPerVcoreMB":4096,"status":"Available"},{"name":"Standard_D8s_v3","vCores":8,"supportedIOPS":12800,"supportedMemoryPerVcoreMB":4096,"status":"Available"},{"name":"Standard_D16s_v3","vCores":16,"supportedIOPS":20000,"supportedMemoryPerVcoreMB":4096,"status":"Available"},{"name":"Standard_D32s_v3","vCores":32,"supportedIOPS":20000,"supportedMemoryPerVcoreMB":4096,"status":"Available"},{"name":"Standard_D48s_v3","vCores":48,"supportedIOPS":20000,"supportedMemoryPerVcoreMB":4096,"status":"Available"},{"name":"Standard_D64s_v3","vCores":64,"supportedIOPS":20000,"supportedMemoryPerVcoreMB":4096,"status":"Available"}],"status":"Available"}],"status":"Default"},{"name":"MemoryOptimized","supportedStorageEditions":[{"name":"PremiumFileShare","minStorageSize":{"name":"5120","storageSizeMB":5120},"maxStorageSize":{"name":"16777216","storageSizeMB":16777216},"minBackupRetentionDays":7,"maxBackupRetentionDays":35,"supportedStorageMB":[],"status":"Default"}],"supportedServerVersions":[{"name":"5.7","supportedVcores":[{"name":"Standard_E2s_v3","vCores":2,"supportedIOPS":3200,"supportedMemoryPerVcoreMB":8192,"status":"Available"},{"name":"Standard_E4s_v3","vCores":4,"supportedIOPS":6400,"supportedMemoryPerVcoreMB":8192,"status":"Available"},{"name":"Standard_E8s_v3","vCores":8,"supportedIOPS":12800,"supportedMemoryPerVcoreMB":8192,"status":"Available"},{"name":"Standard_E16s_v3","vCores":16,"supportedIOPS":20000,"supportedMemoryPerVcoreMB":8192,"status":"Available"},{"name":"Standard_E32s_v3","vCores":32,"supportedIOPS":20000,"supportedMemoryPerVcoreMB":8192,"status":"Available"},{"name":"Standard_E48s_v3","vCores":48,"supportedIOPS":20000,"supportedMemoryPerVcoreMB":8192,"status":"Available"},{"name":"Standard_E64s_v3","vCores":64,"supportedIOPS":20000,"supportedMemoryPerVcoreMB":8192,"status":"Available"}],"status":"Available"},{"name":"8.0.21","supportedVcores":[{"name":"Standard_E2s_v3","vCores":2,"supportedIOPS":3200,"supportedMemoryPerVcoreMB":8192,"status":"Available"},{"name":"Standard_E4s_v3","vCores":4,"supportedIOPS":6400,"supportedMemoryPerVcoreMB":8192,"status":"Available"},{"name":"Standard_E8s_v3","vCores":8,"supportedIOPS":12800,"supportedMemoryPerVcoreMB":8192,"status":"Available"},{"name":"Standard_E16s_v3","vCores":16,"supportedIOPS":20000,"supportedMemoryPerVcoreMB":8192,"status":"Available"},{"name":"Standard_E32s_v3","vCores":32,"supportedIOPS":20000,"supportedMemoryPerVcoreMB":8192,"status":"Available"},{"name":"Standard_E48s_v3","vCores":48,"supportedIOPS":20000,"supportedMemoryPerVcoreMB":8192,"status":"Available"},{"name":"Standard_E64s_v3","vCores":64,"supportedIOPS":20000,"supportedMemoryPerVcoreMB":8192,"status":"Available"}],"status":"Available"}],"status":"Available"}],"status":"Default"},{"zone":"1","supportedFlexibleServerEditions":[{"name":"Burstable","supportedStorageEditions":[{"name":"PremiumFileShare","minStorageSize":{"name":"5120","storageSizeMB":5120},"maxStorageSize":{"name":"16777216","storageSizeMB":16777216},"minBackupRetentionDays":7,"maxBackupRetentionDays":35,"supportedStorageMB":[],"status":"Default"}],"supportedServerVersions":[{"name":"5.7","supportedVcores":[{"name":"Standard_B1s","vCores":1,"supportedIOPS":320,"supportedMemoryPerVcoreMB":1024,"status":"Available"},{"name":"Standard_B1ms","vCores":1,"supportedIOPS":640,"supportedMemoryPerVcoreMB":2048,"status":"Available"},{"name":"Standard_B2s","vCores":2,"supportedIOPS":1280,"supportedMemoryPerVcoreMB":2048,"status":"Available"}],"status":"Available"},{"name":"8.0.21","supportedVcores":[{"name":"Standard_B1s","vCores":1,"supportedIOPS":320,"supportedMemoryPerVcoreMB":1024,"status":"Available"},{"name":"Standard_B1ms","vCores":1,"supportedIOPS":640,"supportedMemoryPerVcoreMB":2048,"status":"Available"},{"name":"Standard_B2s","vCores":2,"supportedIOPS":1280,"supportedMemoryPerVcoreMB":2048,"status":"Available"}],"status":"Available"}],"status":"Available"},{"name":"GeneralPurpose","supportedStorageEditions":[{"name":"PremiumFileShare","minStorageSize":{"name":"5120","storageSizeMB":5120},"maxStorageSize":{"name":"16777216","storageSizeMB":16777216},"minBackupRetentionDays":7,"maxBackupRetentionDays":35,"supportedStorageMB":[],"status":"Default"}],"supportedServerVersions":[{"name":"5.7","supportedVcores":[{"name":"Standard_D2s_v3","vCores":2,"supportedIOPS":3200,"supportedMemoryPerVcoreMB":4096,"status":"Default"},{"name":"Standard_D4s_v3","vCores":4,"supportedIOPS":6400,"supportedMemoryPerVcoreMB":4096,"status":"Available"},{"name":"Standard_D8s_v3","vCores":8,"supportedIOPS":12800,"supportedMemoryPerVcoreMB":4096,"status":"Available"},{"name":"Standard_D16s_v3","vCores":16,"supportedIOPS":20000,"supportedMemoryPerVcoreMB":4096,"status":"Available"},{"name":"Standard_D32s_v3","vCores":32,"supportedIOPS":20000,"supportedMemoryPerVcoreMB":4096,"status":"Available"},{"name":"Standard_D48s_v3","vCores":48,"supportedIOPS":20000,"supportedMemoryPerVcoreMB":4096,"status":"Available"},{"name":"Standard_D64s_v3","vCores":64,"supportedIOPS":20000,"supportedMemoryPerVcoreMB":4096,"status":"Available"}],"status":"Default"},{"name":"8.0.21","supportedVcores":[{"name":"Standard_D2s_v3","vCores":2,"supportedIOPS":3200,"supportedMemoryPerVcoreMB":4096,"status":"Available"},{"name":"Standard_D4s_v3","vCores":4,"supportedIOPS":6400,"supportedMemoryPerVcoreMB":4096,"status":"Available"},{"name":"Standard_D8s_v3","vCores":8,"supportedIOPS":12800,"supportedMemoryPerVcoreMB":4096,"status":"Available"},{"name":"Standard_D16s_v3","vCores":16,"supportedIOPS":20000,"supportedMemoryPerVcoreMB":4096,"status":"Available"},{"name":"Standard_D32s_v3","vCores":32,"supportedIOPS":20000,"supportedMemoryPerVcoreMB":4096,"status":"Available"},{"name":"Standard_D48s_v3","vCores":48,"supportedIOPS":20000,"supportedMemoryPerVcoreMB":4096,"status":"Available"},{"name":"Standard_D64s_v3","vCores":64,"supportedIOPS":20000,"supportedMemoryPerVcoreMB":4096,"status":"Available"}],"status":"Available"}],"status":"Default"},{"name":"MemoryOptimized","supportedStorageEditions":[{"name":"PremiumFileShare","minStorageSize":{"name":"5120","storageSizeMB":5120},"maxStorageSize":{"name":"16777216","storageSizeMB":16777216},"minBackupRetentionDays":7,"maxBackupRetentionDays":35,"supportedStorageMB":[],"status":"Default"}],"supportedServerVersions":[{"name":"5.7","supportedVcores":[{"name":"Standard_E2s_v3","vCores":2,"supportedIOPS":3200,"supportedMemoryPerVcoreMB":8192,"status":"Available"},{"name":"Standard_E4s_v3","vCores":4,"supportedIOPS":6400,"supportedMemoryPerVcoreMB":8192,"status":"Available"},{"name":"Standard_E8s_v3","vCores":8,"supportedIOPS":12800,"supportedMemoryPerVcoreMB":8192,"status":"Available"},{"name":"Standard_E16s_v3","vCores":16,"supportedIOPS":20000,"supportedMemoryPerVcoreMB":8192,"status":"Available"},{"name":"Standard_E32s_v3","vCores":32,"supportedIOPS":20000,"supportedMemoryPerVcoreMB":8192,"status":"Available"},{"name":"Standard_E48s_v3","vCores":48,"supportedIOPS":20000,"supportedMemoryPerVcoreMB":8192,"status":"Available"},{"name":"Standard_E64s_v3","vCores":64,"supportedIOPS":20000,"supportedMemoryPerVcoreMB":8192,"status":"Available"}],"status":"Available"},{"name":"8.0.21","supportedVcores":[{"name":"Standard_E2s_v3","vCores":2,"supportedIOPS":3200,"supportedMemoryPerVcoreMB":8192,"status":"Available"},{"name":"Standard_E4s_v3","vCores":4,"supportedIOPS":6400,"supportedMemoryPerVcoreMB":8192,"status":"Available"},{"name":"Standard_E8s_v3","vCores":8,"supportedIOPS":12800,"supportedMemoryPerVcoreMB":8192,"status":"Available"},{"name":"Standard_E16s_v3","vCores":16,"supportedIOPS":20000,"supportedMemoryPerVcoreMB":8192,"status":"Available"},{"name":"Standard_E32s_v3","vCores":32,"supportedIOPS":20000,"supportedMemoryPerVcoreMB":8192,"status":"Available"},{"name":"Standard_E48s_v3","vCores":48,"supportedIOPS":20000,"supportedMemoryPerVcoreMB":8192,"status":"Available"},{"name":"Standard_E64s_v3","vCores":64,"supportedIOPS":20000,"supportedMemoryPerVcoreMB":8192,"status":"Available"}],"status":"Available"}],"status":"Available"}],"status":"Available"},{"zone":"2","supportedFlexibleServerEditions":[{"name":"Burstable","supportedStorageEditions":[{"name":"PremiumFileShare","minStorageSize":{"name":"5120","storageSizeMB":5120},"maxStorageSize":{"name":"16777216","storageSizeMB":16777216},"minBackupRetentionDays":7,"maxBackupRetentionDays":35,"supportedStorageMB":[],"status":"Default"}],"supportedServerVersions":[{"name":"5.7","supportedVcores":[{"name":"Standard_B1s","vCores":1,"supportedIOPS":320,"supportedMemoryPerVcoreMB":1024,"status":"Available"},{"name":"Standard_B1ms","vCores":1,"supportedIOPS":640,"supportedMemoryPerVcoreMB":2048,"status":"Available"},{"name":"Standard_B2s","vCores":2,"supportedIOPS":1280,"supportedMemoryPerVcoreMB":2048,"status":"Available"}],"status":"Available"},{"name":"8.0.21","supportedVcores":[{"name":"Standard_B1s","vCores":1,"supportedIOPS":320,"supportedMemoryPerVcoreMB":1024,"status":"Available"},{"name":"Standard_B1ms","vCores":1,"supportedIOPS":640,"supportedMemoryPerVcoreMB":2048,"status":"Available"},{"name":"Standard_B2s","vCores":2,"supportedIOPS":1280,"supportedMemoryPerVcoreMB":2048,"status":"Available"}],"status":"Available"}],"status":"Available"},{"name":"GeneralPurpose","supportedStorageEditions":[{"name":"PremiumFileShare","minStorageSize":{"name":"5120","storageSizeMB":5120},"maxStorageSize":{"name":"16777216","storageSizeMB":16777216},"minBackupRetentionDays":7,"maxBackupRetentionDays":35,"supportedStorageMB":[],"status":"Default"}],"supportedServerVersions":[{"name":"5.7","supportedVcores":[{"name":"Standard_D2s_v3","vCores":2,"supportedIOPS":3200,"supportedMemoryPerVcoreMB":4096,"status":"Default"},{"name":"Standard_D4s_v3","vCores":4,"supportedIOPS":6400,"supportedMemoryPerVcoreMB":4096,"status":"Available"},{"name":"Standard_D8s_v3","vCores":8,"supportedIOPS":12800,"supportedMemoryPerVcoreMB":4096,"status":"Available"},{"name":"Standard_D16s_v3","vCores":16,"supportedIOPS":20000,"supportedMemoryPerVcoreMB":4096,"status":"Available"},{"name":"Standard_D32s_v3","vCores":32,"supportedIOPS":20000,"supportedMemoryPerVcoreMB":4096,"status":"Available"},{"name":"Standard_D48s_v3","vCores":48,"supportedIOPS":20000,"supportedMemoryPerVcoreMB":4096,"status":"Available"},{"name":"Standard_D64s_v3","vCores":64,"supportedIOPS":20000,"supportedMemoryPerVcoreMB":4096,"status":"Available"}],"status":"Default"},{"name":"8.0.21","supportedVcores":[{"name":"Standard_D2s_v3","vCores":2,"supportedIOPS":3200,"supportedMemoryPerVcoreMB":4096,"status":"Available"},{"name":"Standard_D4s_v3","vCores":4,"supportedIOPS":6400,"supportedMemoryPerVcoreMB":4096,"status":"Available"},{"name":"Standard_D8s_v3","vCores":8,"supportedIOPS":12800,"supportedMemoryPerVcoreMB":4096,"status":"Available"},{"name":"Standard_D16s_v3","vCores":16,"supportedIOPS":20000,"supportedMemoryPerVcoreMB":4096,"status":"Available"},{"name":"Standard_D32s_v3","vCores":32,"supportedIOPS":20000,"supportedMemoryPerVcoreMB":4096,"status":"Available"},{"name":"Standard_D48s_v3","vCores":48,"supportedIOPS":20000,"supportedMemoryPerVcoreMB":4096,"status":"Available"},{"name":"Standard_D64s_v3","vCores":64,"supportedIOPS":20000,"supportedMemoryPerVcoreMB":4096,"status":"Available"}],"status":"Available"}],"status":"Default"},{"name":"MemoryOptimized","supportedStorageEditions":[{"name":"PremiumFileShare","minStorageSize":{"name":"5120","storageSizeMB":5120},"maxStorageSize":{"name":"16777216","storageSizeMB":16777216},"minBackupRetentionDays":7,"maxBackupRetentionDays":35,"supportedStorageMB":[],"status":"Default"}],"supportedServerVersions":[{"name":"5.7","supportedVcores":[{"name":"Standard_E2s_v3","vCores":2,"supportedIOPS":3200,"supportedMemoryPerVcoreMB":8192,"status":"Available"},{"name":"Standard_E4s_v3","vCores":4,"supportedIOPS":6400,"supportedMemoryPerVcoreMB":8192,"status":"Available"},{"name":"Standard_E8s_v3","vCores":8,"supportedIOPS":12800,"supportedMemoryPerVcoreMB":8192,"status":"Available"},{"name":"Standard_E16s_v3","vCores":16,"supportedIOPS":20000,"supportedMemoryPerVcoreMB":8192,"status":"Available"},{"name":"Standard_E32s_v3","vCores":32,"supportedIOPS":20000,"supportedMemoryPerVcoreMB":8192,"status":"Available"},{"name":"Standard_E48s_v3","vCores":48,"supportedIOPS":20000,"supportedMemoryPerVcoreMB":8192,"status":"Available"},{"name":"Standard_E64s_v3","vCores":64,"supportedIOPS":20000,"supportedMemoryPerVcoreMB":8192,"status":"Available"}],"status":"Available"},{"name":"8.0.21","supportedVcores":[{"name":"Standard_E2s_v3","vCores":2,"supportedIOPS":3200,"supportedMemoryPerVcoreMB":8192,"status":"Available"},{"name":"Standard_E4s_v3","vCores":4,"supportedIOPS":6400,"supportedMemoryPerVcoreMB":8192,"status":"Available"},{"name":"Standard_E8s_v3","vCores":8,"supportedIOPS":12800,"supportedMemoryPerVcoreMB":8192,"status":"Available"},{"name":"Standard_E16s_v3","vCores":16,"supportedIOPS":20000,"supportedMemoryPerVcoreMB":8192,"status":"Available"},{"name":"Standard_E32s_v3","vCores":32,"supportedIOPS":20000,"supportedMemoryPerVcoreMB":8192,"status":"Available"},{"name":"Standard_E48s_v3","vCores":48,"supportedIOPS":20000,"supportedMemoryPerVcoreMB":8192,"status":"Available"},{"name":"Standard_E64s_v3","vCores":64,"supportedIOPS":20000,"supportedMemoryPerVcoreMB":8192,"status":"Available"}],"status":"Available"}],"status":"Available"}],"status":"Available"},{"zone":"3","supportedFlexibleServerEditions":[{"name":"Burstable","supportedStorageEditions":[{"name":"PremiumFileShare","minStorageSize":{"name":"5120","storageSizeMB":5120},"maxStorageSize":{"name":"16777216","storageSizeMB":16777216},"minBackupRetentionDays":7,"maxBackupRetentionDays":35,"supportedStorageMB":[],"status":"Default"}],"supportedServerVersions":[{"name":"5.7","supportedVcores":[{"name":"Standard_B1s","vCores":1,"supportedIOPS":320,"supportedMemoryPerVcoreMB":1024,"status":"Available"},{"name":"Standard_B1ms","vCores":1,"supportedIOPS":640,"supportedMemoryPerVcoreMB":2048,"status":"Available"},{"name":"Standard_B2s","vCores":2,"supportedIOPS":1280,"supportedMemoryPerVcoreMB":2048,"status":"Available"}],"status":"Available"},{"name":"8.0.21","supportedVcores":[{"name":"Standard_B1s","vCores":1,"supportedIOPS":320,"supportedMemoryPerVcoreMB":1024,"status":"Available"},{"name":"Standard_B1ms","vCores":1,"supportedIOPS":640,"supportedMemoryPerVcoreMB":2048,"status":"Available"},{"name":"Standard_B2s","vCores":2,"supportedIOPS":1280,"supportedMemoryPerVcoreMB":2048,"status":"Available"}],"status":"Available"}],"status":"Available"},{"name":"GeneralPurpose","supportedStorageEditions":[{"name":"PremiumFileShare","minStorageSize":{"name":"5120","storageSizeMB":5120},"maxStorageSize":{"name":"16777216","storageSizeMB":16777216},"minBackupRetentionDays":7,"maxBackupRetentionDays":35,"supportedStorageMB":[],"status":"Default"}],"supportedServerVersions":[{"name":"5.7","supportedVcores":[{"name":"Standard_D2s_v3","vCores":2,"supportedIOPS":3200,"supportedMemoryPerVcoreMB":4096,"status":"Default"},{"name":"Standard_D4s_v3","vCores":4,"supportedIOPS":6400,"supportedMemoryPerVcoreMB":4096,"status":"Available"},{"name":"Standard_D8s_v3","vCores":8,"supportedIOPS":12800,"supportedMemoryPerVcoreMB":4096,"status":"Available"},{"name":"Standard_D16s_v3","vCores":16,"supportedIOPS":20000,"supportedMemoryPerVcoreMB":4096,"status":"Available"},{"name":"Standard_D32s_v3","vCores":32,"supportedIOPS":20000,"supportedMemoryPerVcoreMB":4096,"status":"Available"},{"name":"Standard_D48s_v3","vCores":48,"supportedIOPS":20000,"supportedMemoryPerVcoreMB":4096,"status":"Available"},{"name":"Standard_D64s_v3","vCores":64,"supportedIOPS":20000,"supportedMemoryPerVcoreMB":4096,"status":"Available"}],"status":"Default"},{"name":"8.0.21","supportedVcores":[{"name":"Standard_D2s_v3","vCores":2,"supportedIOPS":3200,"supportedMemoryPerVcoreMB":4096,"status":"Available"},{"name":"Standard_D4s_v3","vCores":4,"supportedIOPS":6400,"supportedMemoryPerVcoreMB":4096,"status":"Available"},{"name":"Standard_D8s_v3","vCores":8,"supportedIOPS":12800,"supportedMemoryPerVcoreMB":4096,"status":"Available"},{"name":"Standard_D16s_v3","vCores":16,"supportedIOPS":20000,"supportedMemoryPerVcoreMB":4096,"status":"Available"},{"name":"Standard_D32s_v3","vCores":32,"supportedIOPS":20000,"supportedMemoryPerVcoreMB":4096,"status":"Available"},{"name":"Standard_D48s_v3","vCores":48,"supportedIOPS":20000,"supportedMemoryPerVcoreMB":4096,"status":"Available"},{"name":"Standard_D64s_v3","vCores":64,"supportedIOPS":20000,"supportedMemoryPerVcoreMB":4096,"status":"Available"}],"status":"Available"}],"status":"Default"},{"name":"MemoryOptimized","supportedStorageEditions":[{"name":"PremiumFileShare","minStorageSize":{"name":"5120","storageSizeMB":5120},"maxStorageSize":{"name":"16777216","storageSizeMB":16777216},"minBackupRetentionDays":7,"maxBackupRetentionDays":35,"supportedStorageMB":[],"status":"Default"}],"supportedServerVersions":[{"name":"5.7","supportedVcores":[{"name":"Standard_E2s_v3","vCores":2,"supportedIOPS":3200,"supportedMemoryPerVcoreMB":8192,"status":"Available"},{"name":"Standard_E4s_v3","vCores":4,"supportedIOPS":6400,"supportedMemoryPerVcoreMB":8192,"status":"Available"},{"name":"Standard_E8s_v3","vCores":8,"supportedIOPS":12800,"supportedMemoryPerVcoreMB":8192,"status":"Available"},{"name":"Standard_E16s_v3","vCores":16,"supportedIOPS":20000,"supportedMemoryPerVcoreMB":8192,"status":"Available"},{"name":"Standard_E32s_v3","vCores":32,"supportedIOPS":20000,"supportedMemoryPerVcoreMB":8192,"status":"Available"},{"name":"Standard_E48s_v3","vCores":48,"supportedIOPS":20000,"supportedMemoryPerVcoreMB":8192,"status":"Available"},{"name":"Standard_E64s_v3","vCores":64,"supportedIOPS":20000,"supportedMemoryPerVcoreMB":8192,"status":"Available"}],"status":"Available"},{"name":"8.0.21","supportedVcores":[{"name":"Standard_E2s_v3","vCores":2,"supportedIOPS":3200,"supportedMemoryPerVcoreMB":8192,"status":"Available"},{"name":"Standard_E4s_v3","vCores":4,"supportedIOPS":6400,"supportedMemoryPerVcoreMB":8192,"status":"Available"},{"name":"Standard_E8s_v3","vCores":8,"supportedIOPS":12800,"supportedMemoryPerVcoreMB":8192,"status":"Available"},{"name":"Standard_E16s_v3","vCores":16,"supportedIOPS":20000,"supportedMemoryPerVcoreMB":8192,"status":"Available"},{"name":"Standard_E32s_v3","vCores":32,"supportedIOPS":20000,"supportedMemoryPerVcoreMB":8192,"status":"Available"},{"name":"Standard_E48s_v3","vCores":48,"supportedIOPS":20000,"supportedMemoryPerVcoreMB":8192,"status":"Available"},{"name":"Standard_E64s_v3","vCores":64,"supportedIOPS":20000,"supportedMemoryPerVcoreMB":8192,"status":"Available"}],"status":"Available"}],"status":"Available"}],"status":"Available"}]}'
    headers:
      cache-control:
      - no-cache
      content-length:
      - '21280'
      content-type:
      - application/json; charset=utf-8
      date:
      - Wed, 10 Feb 2021 01:38:01 GMT
      expires:
      - '-1'
      pragma:
      - no-cache
      server:
      - Microsoft-HTTPAPI/2.0
      strict-transport-security:
      - max-age=31536000; includeSubDomains
      transfer-encoding:
      - chunked
      vary:
      - Accept-Encoding
      x-content-type-options:
      - nosniff
    status:
      code: 200
      message: OK
- request:
    body: null
    headers:
      Accept:
      - application/json
      Accept-Encoding:
      - gzip, deflate
      CommandName:
      - mysql flexible-server create
      Connection:
      - keep-alive
      ParameterSetName:
      - -g -n --vnet -l --subnet
      User-Agent:
      - python/3.7.3 (Windows-10-10.0.19041-SP0) msrest/0.6.18 msrest_azure/0.6.3
        azure-mgmt-resource/12.0.0 Azure-SDK-For-Python AZURECLI/2.19.0
      accept-language:
      - en-US
    method: HEAD
    uri: https://management.azure.com/subscriptions/00000000-0000-0000-0000-000000000000/resourcegroups/clitest.rg000001?api-version=2020-10-01
  response:
    body:
      string: ''
    headers:
      cache-control:
      - no-cache
      content-length:
      - '0'
      date:
      - Wed, 10 Feb 2021 01:38:01 GMT
      expires:
      - '-1'
      pragma:
      - no-cache
      strict-transport-security:
      - max-age=31536000; includeSubDomains
      x-content-type-options:
      - nosniff
    status:
      code: 204
      message: No Content
- request:
    body: null
    headers:
      Accept:
      - application/json
      Accept-Encoding:
      - gzip, deflate
      CommandName:
      - mysql flexible-server create
      Connection:
      - keep-alive
      ParameterSetName:
      - -g -n --vnet -l --subnet
      User-Agent:
      - AZURECLI/2.19.0 azsdk-python-azure-mgmt-network/17.1.0 Python/3.7.3 (Windows-10-10.0.19041-SP0)
    method: GET
    uri: https://management.azure.com/subscriptions/00000000-0000-0000-0000-000000000000/resourceGroups/clitest.rg000001/providers/Microsoft.Network/virtualNetworks/clitest.vn000002/subnets/default?api-version=2020-08-01
  response:
    body:
      string: "{\r\n  \"name\": \"default\",\r\n  \"id\": \"/subscriptions/00000000-0000-0000-0000-000000000000/resourceGroups/clitest.rg000001/providers/Microsoft.Network/virtualNetworks/clitest.vn000002/subnets/default\",\r\n
        \ \"etag\": \"W/\\\"66d99214-1ead-4749-9764-b1c64ee17724\\\"\",\r\n  \"properties\":
        {\r\n    \"provisioningState\": \"Succeeded\",\r\n    \"addressPrefix\": \"10.0.0.0/24\",\r\n
        \   \"delegations\": [],\r\n    \"privateEndpointNetworkPolicies\": \"Enabled\",\r\n
        \   \"privateLinkServiceNetworkPolicies\": \"Enabled\"\r\n  },\r\n  \"type\":
        \"Microsoft.Network/virtualNetworks/subnets\"\r\n}"
    headers:
      cache-control:
      - no-cache
      content-length:
      - '605'
      content-type:
      - application/json; charset=utf-8
      date:
      - Wed, 10 Feb 2021 01:38:02 GMT
      etag:
      - W/"66d99214-1ead-4749-9764-b1c64ee17724"
      expires:
      - '-1'
      pragma:
      - no-cache
      server:
      - Microsoft-HTTPAPI/2.0
      - Microsoft-HTTPAPI/2.0
      strict-transport-security:
      - max-age=31536000; includeSubDomains
      transfer-encoding:
      - chunked
      vary:
      - Accept-Encoding
      x-content-type-options:
      - nosniff
      x-ms-arm-service-request-id:
      - 321a3887-7a99-4f2f-b296-d75058bea2da
    status:
      code: 200
      message: OK
- request:
    body: '{"id": "/subscriptions/00000000-0000-0000-0000-000000000000/resourceGroups/clitest.rg000001/providers/Microsoft.Network/virtualNetworks/clitest.vn000002/subnets/default",
      "name": "default", "properties": {"addressPrefix": "10.0.0.0/24", "serviceEndpoints":
      [{"service": "Microsoft.Storage"}], "delegations": [{"name": "Microsoft.DBforMySQL/flexibleServers",
      "properties": {"serviceName": "Microsoft.DBforMySQL/flexibleServers"}}], "privateEndpointNetworkPolicies":
      "Enabled", "privateLinkServiceNetworkPolicies": "Enabled"}}'
    headers:
      Accept:
      - application/json
      Accept-Encoding:
      - gzip, deflate
      CommandName:
      - mysql flexible-server create
      Connection:
      - keep-alive
      Content-Length:
      - '591'
      Content-Type:
      - application/json
      ParameterSetName:
      - -g -n --vnet -l --subnet
      User-Agent:
      - AZURECLI/2.19.0 azsdk-python-azure-mgmt-network/17.1.0 Python/3.7.3 (Windows-10-10.0.19041-SP0)
    method: PUT
    uri: https://management.azure.com/subscriptions/00000000-0000-0000-0000-000000000000/resourceGroups/clitest.rg000001/providers/Microsoft.Network/virtualNetworks/clitest.vn000002/subnets/default?api-version=2020-08-01
  response:
    body:
      string: "{\r\n  \"name\": \"default\",\r\n  \"id\": \"/subscriptions/00000000-0000-0000-0000-000000000000/resourceGroups/clitest.rg000001/providers/Microsoft.Network/virtualNetworks/clitest.vn000002/subnets/default\",\r\n
        \ \"etag\": \"W/\\\"40156679-8932-4a44-bf01-c48888a57ef5\\\"\",\r\n  \"properties\":
        {\r\n    \"provisioningState\": \"Updating\",\r\n    \"addressPrefix\": \"10.0.0.0/24\",\r\n
        \   \"serviceEndpoints\": [\r\n      {\r\n        \"provisioningState\": \"Updating\",\r\n
        \       \"service\": \"Microsoft.Storage\",\r\n        \"locations\": [\r\n
        \         \"eastus2euap\",\r\n          \"centraluseuap\"\r\n        ]\r\n
        \     }\r\n    ],\r\n    \"delegations\": [\r\n      {\r\n        \"name\":
        \"Microsoft.DBforMySQL/flexibleServers\",\r\n        \"id\": \"/subscriptions/00000000-0000-0000-0000-000000000000/resourceGroups/clitest.rg000001/providers/Microsoft.Network/virtualNetworks/clitest.vn000002/subnets/default/delegations/Microsoft.DBforMySQL/flexibleServers\",\r\n
        \       \"etag\": \"W/\\\"40156679-8932-4a44-bf01-c48888a57ef5\\\"\",\r\n
        \       \"properties\": {\r\n          \"provisioningState\": \"Succeeded\",\r\n
        \         \"serviceName\": \"Microsoft.DBforMySQL/flexibleServers\",\r\n          \"actions\":
        [\r\n            \"Microsoft.Network/virtualNetworks/subnets/join/action\"\r\n
        \         ]\r\n        },\r\n        \"type\": \"Microsoft.Network/virtualNetworks/subnets/delegations\"\r\n
        \     }\r\n    ],\r\n    \"privateEndpointNetworkPolicies\": \"Enabled\",\r\n
        \   \"privateLinkServiceNetworkPolicies\": \"Enabled\"\r\n  },\r\n  \"type\":
        \"Microsoft.Network/virtualNetworks/subnets\"\r\n}"
    headers:
      azure-asyncoperation:
      - https://management.azure.com/subscriptions/00000000-0000-0000-0000-000000000000/providers/Microsoft.Network/locations/eastus2euap/operations/64bf5d7a-9332-497c-98db-5bd735c86745?api-version=2020-08-01
      cache-control:
      - no-cache
      content-length:
      - '1594'
      content-type:
      - application/json; charset=utf-8
      date:
      - Wed, 10 Feb 2021 01:38:03 GMT
      expires:
      - '-1'
      pragma:
      - no-cache
      server:
      - Microsoft-HTTPAPI/2.0
      - Microsoft-HTTPAPI/2.0
      strict-transport-security:
      - max-age=31536000; includeSubDomains
      transfer-encoding:
      - chunked
      vary:
      - Accept-Encoding
      x-content-type-options:
      - nosniff
      x-ms-arm-service-request-id:
      - 076af9a7-806d-47f1-9a18-caeb6208ecaa
      x-ms-ratelimit-remaining-subscription-writes:
      - '1197'
    status:
      code: 200
      message: OK
- request:
    body: null
    headers:
      Accept:
      - '*/*'
      Accept-Encoding:
      - gzip, deflate
      CommandName:
      - mysql flexible-server create
      Connection:
      - keep-alive
      ParameterSetName:
      - -g -n --vnet -l --subnet
      User-Agent:
      - AZURECLI/2.19.0 azsdk-python-azure-mgmt-network/17.1.0 Python/3.7.3 (Windows-10-10.0.19041-SP0)
    method: GET
    uri: https://management.azure.com/subscriptions/00000000-0000-0000-0000-000000000000/providers/Microsoft.Network/locations/eastus2euap/operations/64bf5d7a-9332-497c-98db-5bd735c86745?api-version=2020-08-01
  response:
    body:
      string: "{\r\n  \"status\": \"Succeeded\"\r\n}"
    headers:
      cache-control:
      - no-cache
      content-length:
      - '29'
      content-type:
      - application/json; charset=utf-8
      date:
      - Wed, 10 Feb 2021 01:38:07 GMT
      expires:
      - '-1'
      pragma:
      - no-cache
      server:
      - Microsoft-HTTPAPI/2.0
      - Microsoft-HTTPAPI/2.0
      strict-transport-security:
      - max-age=31536000; includeSubDomains
      transfer-encoding:
      - chunked
      vary:
      - Accept-Encoding
      x-content-type-options:
      - nosniff
      x-ms-arm-service-request-id:
      - 6ab5bf00-6b3a-4e68-b722-fff08f73eaa9
    status:
      code: 200
      message: OK
- request:
    body: null
    headers:
      Accept:
      - '*/*'
      Accept-Encoding:
      - gzip, deflate
      CommandName:
      - mysql flexible-server create
      Connection:
      - keep-alive
      ParameterSetName:
      - -g -n --vnet -l --subnet
      User-Agent:
      - AZURECLI/2.19.0 azsdk-python-azure-mgmt-network/17.1.0 Python/3.7.3 (Windows-10-10.0.19041-SP0)
    method: GET
    uri: https://management.azure.com/subscriptions/00000000-0000-0000-0000-000000000000/resourceGroups/clitest.rg000001/providers/Microsoft.Network/virtualNetworks/clitest.vn000002/subnets/default?api-version=2020-08-01
  response:
    body:
      string: "{\r\n  \"name\": \"default\",\r\n  \"id\": \"/subscriptions/00000000-0000-0000-0000-000000000000/resourceGroups/clitest.rg000001/providers/Microsoft.Network/virtualNetworks/clitest.vn000002/subnets/default\",\r\n
        \ \"etag\": \"W/\\\"47e84777-c4b8-49ad-b0eb-c74dc34f2a1c\\\"\",\r\n  \"properties\":
        {\r\n    \"provisioningState\": \"Succeeded\",\r\n    \"addressPrefix\": \"10.0.0.0/24\",\r\n
        \   \"serviceEndpoints\": [\r\n      {\r\n        \"provisioningState\": \"Succeeded\",\r\n
        \       \"service\": \"Microsoft.Storage\",\r\n        \"locations\": [\r\n
        \         \"eastus2euap\",\r\n          \"centraluseuap\"\r\n        ]\r\n
        \     }\r\n    ],\r\n    \"delegations\": [\r\n      {\r\n        \"name\":
        \"Microsoft.DBforMySQL/flexibleServers\",\r\n        \"id\": \"/subscriptions/00000000-0000-0000-0000-000000000000/resourceGroups/clitest.rg000001/providers/Microsoft.Network/virtualNetworks/clitest.vn000002/subnets/default/delegations/Microsoft.DBforMySQL/flexibleServers\",\r\n
        \       \"etag\": \"W/\\\"47e84777-c4b8-49ad-b0eb-c74dc34f2a1c\\\"\",\r\n
        \       \"properties\": {\r\n          \"provisioningState\": \"Succeeded\",\r\n
        \         \"serviceName\": \"Microsoft.DBforMySQL/flexibleServers\",\r\n          \"actions\":
        [\r\n            \"Microsoft.Network/virtualNetworks/subnets/join/action\"\r\n
        \         ]\r\n        },\r\n        \"type\": \"Microsoft.Network/virtualNetworks/subnets/delegations\"\r\n
        \     }\r\n    ],\r\n    \"privateEndpointNetworkPolicies\": \"Enabled\",\r\n
        \   \"privateLinkServiceNetworkPolicies\": \"Enabled\"\r\n  },\r\n  \"type\":
        \"Microsoft.Network/virtualNetworks/subnets\"\r\n}"
    headers:
      cache-control:
      - no-cache
      content-length:
      - '1596'
      content-type:
      - application/json; charset=utf-8
      date:
      - Wed, 10 Feb 2021 01:38:07 GMT
      etag:
      - W/"47e84777-c4b8-49ad-b0eb-c74dc34f2a1c"
      expires:
      - '-1'
      pragma:
      - no-cache
      server:
      - Microsoft-HTTPAPI/2.0
      - Microsoft-HTTPAPI/2.0
      strict-transport-security:
      - max-age=31536000; includeSubDomains
      transfer-encoding:
      - chunked
      vary:
      - Accept-Encoding
      x-content-type-options:
      - nosniff
      x-ms-arm-service-request-id:
      - f1f3fdfc-dc0a-4785-85ae-8e26e0e1a42a
    status:
      code: 200
      message: OK
- request:
    body: '{"location": "eastus2euap", "sku": {"name": "Standard_B1ms", "tier": "Burstable"},
      "properties": {"administratorLogin": "grouchyLard6", "administratorLoginPassword":
      "TPCmjb3OOs9Z4xvf7F9uMQ", "version": "5.7", "haEnabled": "Disabled", "storageProfile":
      {"backupRetentionDays": 7, "storageMB": 10240, "storageIops": 100}, "delegatedSubnetArguments":
      {"subnetArmResourceId": "/subscriptions/00000000-0000-0000-0000-000000000000/resourceGroups/clitest.rg000001/providers/Microsoft.Network/virtualNetworks/clitest.vn000002/subnets/default"},
      "createMode": "Default"}}'
    headers:
      Accept:
      - application/json
      Accept-Encoding:
      - gzip, deflate
      CommandName:
      - mysql flexible-server create
      Connection:
      - keep-alive
      Content-Length:
      - '630'
      Content-Type:
      - application/json; charset=utf-8
      ParameterSetName:
      - -g -n --vnet -l --subnet
      User-Agent:
      - python/3.7.3 (Windows-10-10.0.19041-SP0) msrest/0.6.18 msrest_azure/0.6.3
        azure-mgmt-rdbms/2020-07-01-privatepreview Azure-SDK-For-Python AZURECLI/2.19.0
      accept-language:
      - en-US
    method: PUT
    uri: https://management.azure.com/subscriptions/00000000-0000-0000-0000-000000000000/resourceGroups/clitest.rg000001/providers/Microsoft.DBForMySql/flexibleServers/testvnetserver5mysql?api-version=2020-07-01-privatepreview
  response:
    body:
      string: '{"operation":"UpsertServerManagementOperationV2","startTime":"2021-02-10T01:38:12.49Z"}'
    headers:
      azure-asyncoperation:
      - https://management.azure.com/subscriptions/00000000-0000-0000-0000-000000000000/providers/Microsoft.DBforMySQL/locations/eastus2euap/azureAsyncOperation/7f7582ff-9215-453d-ba26-ce28aea9ab8a?api-version=2020-07-01-privatepreview
      cache-control:
      - no-cache
      content-length:
      - '87'
      content-type:
      - application/json; charset=utf-8
      date:
      - Wed, 10 Feb 2021 01:38:11 GMT
      expires:
      - '-1'
      location:
      - https://management.azure.com/subscriptions/00000000-0000-0000-0000-000000000000/providers/Microsoft.DBforMySQL/locations/eastus2euap/operationResults/7f7582ff-9215-453d-ba26-ce28aea9ab8a?api-version=2020-07-01-privatepreview
      pragma:
      - no-cache
      server:
      - Microsoft-HTTPAPI/2.0
      strict-transport-security:
      - max-age=31536000; includeSubDomains
      x-content-type-options:
      - nosniff
      x-ms-ratelimit-remaining-subscription-writes:
      - '1197'
    status:
      code: 202
      message: Accepted
- request:
    body: null
    headers:
      Accept:
      - application/json
      Accept-Encoding:
      - gzip, deflate
      CommandName:
      - mysql flexible-server create
      Connection:
      - keep-alive
      ParameterSetName:
      - -g -n --vnet -l --subnet
      User-Agent:
      - python/3.7.3 (Windows-10-10.0.19041-SP0) msrest/0.6.18 msrest_azure/0.6.3
        azure-mgmt-rdbms/2020-07-01-privatepreview Azure-SDK-For-Python AZURECLI/2.19.0
    method: GET
    uri: https://management.azure.com/subscriptions/00000000-0000-0000-0000-000000000000/providers/Microsoft.DBforMySQL/locations/eastus2euap/azureAsyncOperation/7f7582ff-9215-453d-ba26-ce28aea9ab8a?api-version=2020-07-01-privatepreview
  response:
    body:
      string: '{"name":"7f7582ff-9215-453d-ba26-ce28aea9ab8a","status":"InProgress","startTime":"2021-02-10T01:38:12.49Z"}'
    headers:
      cache-control:
      - no-cache
      content-length:
      - '107'
      content-type:
      - application/json; charset=utf-8
      date:
      - Wed, 10 Feb 2021 01:39:13 GMT
      expires:
      - '-1'
      pragma:
      - no-cache
      server:
      - Microsoft-HTTPAPI/2.0
      strict-transport-security:
      - max-age=31536000; includeSubDomains
      transfer-encoding:
      - chunked
      vary:
      - Accept-Encoding
      x-content-type-options:
      - nosniff
    status:
      code: 200
      message: OK
- request:
    body: null
    headers:
      Accept:
      - application/json
      Accept-Encoding:
      - gzip, deflate
      CommandName:
      - mysql flexible-server create
      Connection:
      - keep-alive
      ParameterSetName:
      - -g -n --vnet -l --subnet
      User-Agent:
      - python/3.7.3 (Windows-10-10.0.19041-SP0) msrest/0.6.18 msrest_azure/0.6.3
        azure-mgmt-rdbms/2020-07-01-privatepreview Azure-SDK-For-Python AZURECLI/2.19.0
    method: GET
    uri: https://management.azure.com/subscriptions/00000000-0000-0000-0000-000000000000/providers/Microsoft.DBforMySQL/locations/eastus2euap/azureAsyncOperation/7f7582ff-9215-453d-ba26-ce28aea9ab8a?api-version=2020-07-01-privatepreview
  response:
    body:
      string: '{"name":"7f7582ff-9215-453d-ba26-ce28aea9ab8a","status":"InProgress","startTime":"2021-02-10T01:38:12.49Z"}'
    headers:
      cache-control:
      - no-cache
      content-length:
      - '107'
      content-type:
      - application/json; charset=utf-8
      date:
      - Wed, 10 Feb 2021 01:40:14 GMT
      expires:
      - '-1'
      pragma:
      - no-cache
      server:
      - Microsoft-HTTPAPI/2.0
      strict-transport-security:
      - max-age=31536000; includeSubDomains
      transfer-encoding:
      - chunked
      vary:
      - Accept-Encoding
      x-content-type-options:
      - nosniff
    status:
      code: 200
      message: OK
- request:
    body: null
    headers:
      Accept:
      - application/json
      Accept-Encoding:
      - gzip, deflate
      CommandName:
      - mysql flexible-server create
      Connection:
      - keep-alive
      ParameterSetName:
      - -g -n --vnet -l --subnet
      User-Agent:
      - python/3.7.3 (Windows-10-10.0.19041-SP0) msrest/0.6.18 msrest_azure/0.6.3
        azure-mgmt-rdbms/2020-07-01-privatepreview Azure-SDK-For-Python AZURECLI/2.19.0
    method: GET
    uri: https://management.azure.com/subscriptions/00000000-0000-0000-0000-000000000000/providers/Microsoft.DBforMySQL/locations/eastus2euap/azureAsyncOperation/7f7582ff-9215-453d-ba26-ce28aea9ab8a?api-version=2020-07-01-privatepreview
  response:
    body:
      string: '{"name":"7f7582ff-9215-453d-ba26-ce28aea9ab8a","status":"InProgress","startTime":"2021-02-10T01:38:12.49Z"}'
    headers:
      cache-control:
      - no-cache
      content-length:
      - '107'
      content-type:
      - application/json; charset=utf-8
      date:
      - Wed, 10 Feb 2021 01:41:15 GMT
      expires:
      - '-1'
      pragma:
      - no-cache
      server:
      - Microsoft-HTTPAPI/2.0
      strict-transport-security:
      - max-age=31536000; includeSubDomains
      transfer-encoding:
      - chunked
      vary:
      - Accept-Encoding
      x-content-type-options:
      - nosniff
    status:
      code: 200
      message: OK
- request:
    body: null
    headers:
      Accept:
      - application/json
      Accept-Encoding:
      - gzip, deflate
      CommandName:
      - mysql flexible-server create
      Connection:
      - keep-alive
      ParameterSetName:
      - -g -n --vnet -l --subnet
      User-Agent:
      - python/3.7.3 (Windows-10-10.0.19041-SP0) msrest/0.6.18 msrest_azure/0.6.3
        azure-mgmt-rdbms/2020-07-01-privatepreview Azure-SDK-For-Python AZURECLI/2.19.0
    method: GET
    uri: https://management.azure.com/subscriptions/00000000-0000-0000-0000-000000000000/providers/Microsoft.DBforMySQL/locations/eastus2euap/azureAsyncOperation/7f7582ff-9215-453d-ba26-ce28aea9ab8a?api-version=2020-07-01-privatepreview
  response:
    body:
      string: '{"name":"7f7582ff-9215-453d-ba26-ce28aea9ab8a","status":"InProgress","startTime":"2021-02-10T01:38:12.49Z"}'
    headers:
      cache-control:
      - no-cache
      content-length:
      - '107'
      content-type:
      - application/json; charset=utf-8
      date:
      - Wed, 10 Feb 2021 01:42:16 GMT
      expires:
      - '-1'
      pragma:
      - no-cache
      server:
      - Microsoft-HTTPAPI/2.0
      strict-transport-security:
      - max-age=31536000; includeSubDomains
      transfer-encoding:
      - chunked
      vary:
      - Accept-Encoding
      x-content-type-options:
      - nosniff
    status:
      code: 200
      message: OK
- request:
    body: null
    headers:
      Accept:
      - application/json
      Accept-Encoding:
      - gzip, deflate
      CommandName:
      - mysql flexible-server create
      Connection:
      - keep-alive
      ParameterSetName:
      - -g -n --vnet -l --subnet
      User-Agent:
      - python/3.7.3 (Windows-10-10.0.19041-SP0) msrest/0.6.18 msrest_azure/0.6.3
        azure-mgmt-rdbms/2020-07-01-privatepreview Azure-SDK-For-Python AZURECLI/2.19.0
    method: GET
    uri: https://management.azure.com/subscriptions/00000000-0000-0000-0000-000000000000/providers/Microsoft.DBforMySQL/locations/eastus2euap/azureAsyncOperation/7f7582ff-9215-453d-ba26-ce28aea9ab8a?api-version=2020-07-01-privatepreview
  response:
    body:
      string: '{"name":"7f7582ff-9215-453d-ba26-ce28aea9ab8a","status":"InProgress","startTime":"2021-02-10T01:38:12.49Z"}'
    headers:
      cache-control:
      - no-cache
      content-length:
      - '107'
      content-type:
      - application/json; charset=utf-8
      date:
      - Wed, 10 Feb 2021 01:43:17 GMT
      expires:
      - '-1'
      pragma:
      - no-cache
      server:
      - Microsoft-HTTPAPI/2.0
      strict-transport-security:
      - max-age=31536000; includeSubDomains
      transfer-encoding:
      - chunked
      vary:
      - Accept-Encoding
      x-content-type-options:
      - nosniff
    status:
      code: 200
      message: OK
- request:
    body: null
    headers:
      Accept:
      - application/json
      Accept-Encoding:
      - gzip, deflate
      CommandName:
      - mysql flexible-server create
      Connection:
      - keep-alive
      ParameterSetName:
      - -g -n --vnet -l --subnet
      User-Agent:
      - python/3.7.3 (Windows-10-10.0.19041-SP0) msrest/0.6.18 msrest_azure/0.6.3
        azure-mgmt-rdbms/2020-07-01-privatepreview Azure-SDK-For-Python AZURECLI/2.19.0
    method: GET
    uri: https://management.azure.com/subscriptions/00000000-0000-0000-0000-000000000000/providers/Microsoft.DBforMySQL/locations/eastus2euap/azureAsyncOperation/7f7582ff-9215-453d-ba26-ce28aea9ab8a?api-version=2020-07-01-privatepreview
  response:
    body:
      string: '{"name":"7f7582ff-9215-453d-ba26-ce28aea9ab8a","status":"InProgress","startTime":"2021-02-10T01:38:12.49Z"}'
    headers:
      cache-control:
      - no-cache
      content-length:
      - '107'
      content-type:
      - application/json; charset=utf-8
      date:
      - Wed, 10 Feb 2021 01:44:18 GMT
      expires:
      - '-1'
      pragma:
      - no-cache
      server:
      - Microsoft-HTTPAPI/2.0
      strict-transport-security:
      - max-age=31536000; includeSubDomains
      transfer-encoding:
      - chunked
      vary:
      - Accept-Encoding
      x-content-type-options:
      - nosniff
    status:
      code: 200
      message: OK
- request:
    body: null
    headers:
      Accept:
      - application/json
      Accept-Encoding:
      - gzip, deflate
      CommandName:
      - mysql flexible-server create
      Connection:
      - keep-alive
      ParameterSetName:
      - -g -n --vnet -l --subnet
      User-Agent:
      - python/3.7.3 (Windows-10-10.0.19041-SP0) msrest/0.6.18 msrest_azure/0.6.3
        azure-mgmt-rdbms/2020-07-01-privatepreview Azure-SDK-For-Python AZURECLI/2.19.0
    method: GET
    uri: https://management.azure.com/subscriptions/00000000-0000-0000-0000-000000000000/providers/Microsoft.DBforMySQL/locations/eastus2euap/azureAsyncOperation/7f7582ff-9215-453d-ba26-ce28aea9ab8a?api-version=2020-07-01-privatepreview
  response:
    body:
      string: '{"name":"7f7582ff-9215-453d-ba26-ce28aea9ab8a","status":"InProgress","startTime":"2021-02-10T01:38:12.49Z"}'
    headers:
      cache-control:
      - no-cache
      content-length:
      - '107'
      content-type:
      - application/json; charset=utf-8
      date:
      - Wed, 10 Feb 2021 01:45:19 GMT
      expires:
      - '-1'
      pragma:
      - no-cache
      server:
      - Microsoft-HTTPAPI/2.0
      strict-transport-security:
      - max-age=31536000; includeSubDomains
      transfer-encoding:
      - chunked
      vary:
      - Accept-Encoding
      x-content-type-options:
      - nosniff
    status:
      code: 200
      message: OK
- request:
    body: null
    headers:
      Accept:
      - application/json
      Accept-Encoding:
      - gzip, deflate
      CommandName:
      - mysql flexible-server create
      Connection:
      - keep-alive
      ParameterSetName:
      - -g -n --vnet -l --subnet
      User-Agent:
      - python/3.7.3 (Windows-10-10.0.19041-SP0) msrest/0.6.18 msrest_azure/0.6.3
        azure-mgmt-rdbms/2020-07-01-privatepreview Azure-SDK-For-Python AZURECLI/2.19.0
    method: GET
    uri: https://management.azure.com/subscriptions/00000000-0000-0000-0000-000000000000/providers/Microsoft.DBforMySQL/locations/eastus2euap/azureAsyncOperation/7f7582ff-9215-453d-ba26-ce28aea9ab8a?api-version=2020-07-01-privatepreview
  response:
    body:
      string: '{"name":"7f7582ff-9215-453d-ba26-ce28aea9ab8a","status":"InProgress","startTime":"2021-02-10T01:38:12.49Z"}'
    headers:
      cache-control:
      - no-cache
      content-length:
      - '107'
      content-type:
      - application/json; charset=utf-8
      date:
      - Wed, 10 Feb 2021 01:46:20 GMT
      expires:
      - '-1'
      pragma:
      - no-cache
      server:
      - Microsoft-HTTPAPI/2.0
      strict-transport-security:
      - max-age=31536000; includeSubDomains
      transfer-encoding:
      - chunked
      vary:
      - Accept-Encoding
      x-content-type-options:
      - nosniff
    status:
      code: 200
      message: OK
- request:
    body: null
    headers:
      Accept:
      - application/json
      Accept-Encoding:
      - gzip, deflate
      CommandName:
      - mysql flexible-server create
      Connection:
      - keep-alive
      ParameterSetName:
      - -g -n --vnet -l --subnet
      User-Agent:
      - python/3.7.3 (Windows-10-10.0.19041-SP0) msrest/0.6.18 msrest_azure/0.6.3
        azure-mgmt-rdbms/2020-07-01-privatepreview Azure-SDK-For-Python AZURECLI/2.19.0
    method: GET
    uri: https://management.azure.com/subscriptions/00000000-0000-0000-0000-000000000000/providers/Microsoft.DBforMySQL/locations/eastus2euap/azureAsyncOperation/7f7582ff-9215-453d-ba26-ce28aea9ab8a?api-version=2020-07-01-privatepreview
  response:
    body:
      string: '{"name":"7f7582ff-9215-453d-ba26-ce28aea9ab8a","status":"InProgress","startTime":"2021-02-10T01:38:12.49Z"}'
    headers:
      cache-control:
      - no-cache
      content-length:
      - '107'
      content-type:
      - application/json; charset=utf-8
      date:
      - Wed, 10 Feb 2021 01:47:21 GMT
      expires:
      - '-1'
      pragma:
      - no-cache
      server:
      - Microsoft-HTTPAPI/2.0
      strict-transport-security:
      - max-age=31536000; includeSubDomains
      transfer-encoding:
      - chunked
      vary:
      - Accept-Encoding
      x-content-type-options:
      - nosniff
    status:
      code: 200
      message: OK
- request:
    body: null
    headers:
      Accept:
      - application/json
      Accept-Encoding:
      - gzip, deflate
      CommandName:
      - mysql flexible-server create
      Connection:
      - keep-alive
      ParameterSetName:
      - -g -n --vnet -l --subnet
      User-Agent:
      - python/3.7.3 (Windows-10-10.0.19041-SP0) msrest/0.6.18 msrest_azure/0.6.3
        azure-mgmt-rdbms/2020-07-01-privatepreview Azure-SDK-For-Python AZURECLI/2.19.0
    method: GET
    uri: https://management.azure.com/subscriptions/00000000-0000-0000-0000-000000000000/providers/Microsoft.DBforMySQL/locations/eastus2euap/azureAsyncOperation/7f7582ff-9215-453d-ba26-ce28aea9ab8a?api-version=2020-07-01-privatepreview
  response:
    body:
      string: '{"name":"7f7582ff-9215-453d-ba26-ce28aea9ab8a","status":"InProgress","startTime":"2021-02-10T01:38:12.49Z"}'
    headers:
      cache-control:
      - no-cache
      content-length:
      - '107'
      content-type:
      - application/json; charset=utf-8
      date:
      - Wed, 10 Feb 2021 01:48:22 GMT
      expires:
      - '-1'
      pragma:
      - no-cache
      server:
      - Microsoft-HTTPAPI/2.0
      strict-transport-security:
      - max-age=31536000; includeSubDomains
      transfer-encoding:
      - chunked
      vary:
      - Accept-Encoding
      x-content-type-options:
      - nosniff
    status:
      code: 200
      message: OK
- request:
    body: null
    headers:
      Accept:
      - application/json
      Accept-Encoding:
      - gzip, deflate
      CommandName:
      - mysql flexible-server create
      Connection:
      - keep-alive
      ParameterSetName:
      - -g -n --vnet -l --subnet
      User-Agent:
      - python/3.7.3 (Windows-10-10.0.19041-SP0) msrest/0.6.18 msrest_azure/0.6.3
        azure-mgmt-rdbms/2020-07-01-privatepreview Azure-SDK-For-Python AZURECLI/2.19.0
    method: GET
    uri: https://management.azure.com/subscriptions/00000000-0000-0000-0000-000000000000/providers/Microsoft.DBforMySQL/locations/eastus2euap/azureAsyncOperation/7f7582ff-9215-453d-ba26-ce28aea9ab8a?api-version=2020-07-01-privatepreview
  response:
    body:
      string: '{"name":"7f7582ff-9215-453d-ba26-ce28aea9ab8a","status":"InProgress","startTime":"2021-02-10T01:38:12.49Z"}'
    headers:
      cache-control:
      - no-cache
      content-length:
      - '107'
      content-type:
      - application/json; charset=utf-8
      date:
      - Wed, 10 Feb 2021 01:49:23 GMT
      expires:
      - '-1'
      pragma:
      - no-cache
      server:
      - Microsoft-HTTPAPI/2.0
      strict-transport-security:
      - max-age=31536000; includeSubDomains
      transfer-encoding:
      - chunked
      vary:
      - Accept-Encoding
      x-content-type-options:
      - nosniff
    status:
      code: 200
      message: OK
- request:
    body: null
    headers:
      Accept:
      - application/json
      Accept-Encoding:
      - gzip, deflate
      CommandName:
      - mysql flexible-server create
      Connection:
      - keep-alive
      ParameterSetName:
      - -g -n --vnet -l --subnet
      User-Agent:
      - python/3.7.3 (Windows-10-10.0.19041-SP0) msrest/0.6.18 msrest_azure/0.6.3
        azure-mgmt-rdbms/2020-07-01-privatepreview Azure-SDK-For-Python AZURECLI/2.19.0
    method: GET
    uri: https://management.azure.com/subscriptions/00000000-0000-0000-0000-000000000000/providers/Microsoft.DBforMySQL/locations/eastus2euap/azureAsyncOperation/7f7582ff-9215-453d-ba26-ce28aea9ab8a?api-version=2020-07-01-privatepreview
  response:
    body:
      string: '{"name":"7f7582ff-9215-453d-ba26-ce28aea9ab8a","status":"InProgress","startTime":"2021-02-10T01:38:12.49Z"}'
    headers:
      cache-control:
      - no-cache
      content-length:
      - '107'
      content-type:
      - application/json; charset=utf-8
      date:
      - Wed, 10 Feb 2021 01:50:24 GMT
      expires:
      - '-1'
      pragma:
      - no-cache
      server:
      - Microsoft-HTTPAPI/2.0
      strict-transport-security:
      - max-age=31536000; includeSubDomains
      transfer-encoding:
      - chunked
      vary:
      - Accept-Encoding
      x-content-type-options:
      - nosniff
    status:
      code: 200
      message: OK
- request:
    body: null
    headers:
      Accept:
      - application/json
      Accept-Encoding:
      - gzip, deflate
      CommandName:
      - mysql flexible-server create
      Connection:
      - keep-alive
      ParameterSetName:
      - -g -n --vnet -l --subnet
      User-Agent:
      - python/3.7.3 (Windows-10-10.0.19041-SP0) msrest/0.6.18 msrest_azure/0.6.3
        azure-mgmt-rdbms/2020-07-01-privatepreview Azure-SDK-For-Python AZURECLI/2.19.0
    method: GET
    uri: https://management.azure.com/subscriptions/00000000-0000-0000-0000-000000000000/providers/Microsoft.DBforMySQL/locations/eastus2euap/azureAsyncOperation/7f7582ff-9215-453d-ba26-ce28aea9ab8a?api-version=2020-07-01-privatepreview
  response:
    body:
      string: '{"name":"7f7582ff-9215-453d-ba26-ce28aea9ab8a","status":"Succeeded","startTime":"2021-02-10T01:38:12.49Z"}'
    headers:
      cache-control:
      - no-cache
      content-length:
      - '106'
      content-type:
      - application/json; charset=utf-8
      date:
      - Wed, 10 Feb 2021 01:51:24 GMT
      expires:
      - '-1'
      pragma:
      - no-cache
      server:
      - Microsoft-HTTPAPI/2.0
      strict-transport-security:
      - max-age=31536000; includeSubDomains
      transfer-encoding:
      - chunked
      vary:
      - Accept-Encoding
      x-content-type-options:
      - nosniff
    status:
      code: 200
      message: OK
- request:
    body: null
    headers:
      Accept:
      - application/json
      Accept-Encoding:
      - gzip, deflate
      CommandName:
      - mysql flexible-server create
      Connection:
      - keep-alive
      ParameterSetName:
      - -g -n --vnet -l --subnet
      User-Agent:
      - python/3.7.3 (Windows-10-10.0.19041-SP0) msrest/0.6.18 msrest_azure/0.6.3
        azure-mgmt-rdbms/2020-07-01-privatepreview Azure-SDK-For-Python AZURECLI/2.19.0
    method: GET
    uri: https://management.azure.com/subscriptions/00000000-0000-0000-0000-000000000000/resourceGroups/clitest.rg000001/providers/Microsoft.DBForMySql/flexibleServers/testvnetserver5mysql?api-version=2020-07-01-privatepreview
  response:
    body:
      string: '{"sku":{"name":"Standard_B1ms","tier":"Burstable","capacity":0},"properties":{"administratorLogin":"grouchyLard6","storageProfile":{"storageMB":10240,"storageIops":100,"backupRetentionDays":7,"storageAutogrow":"Disabled","fileStorageSkuName":"Premium_LRS"},"version":"5.7","state":"Ready","haState":"NotEnabled","fullyQualifiedDomainName":"testvnetserver5mysql.mysql.database.azure.com","sourceServerId":"","publicNetworkAccess":"Disabled","sslEnforcement":"Disabled","haEnabled":"Disabled","earliestRestoreDate":"2021-02-10T01:51:25.9425135+00:00","maintenanceWindow":{"customWindow":"Disabled","dayOfWeek":0,"startHour":0,"startMinute":0},"replicationRole":"None","replicaCapacity":10,"delegatedSubnetArguments":{"subnetArmResourceId":"/subscriptions/00000000-0000-0000-0000-000000000000/resourceGroups/clitest.rg000001/providers/Microsoft.Network/virtualNetworks/clitest.vn000002/subnets/default"},"byokEnforcement":"Disabled"},"location":"East
        US 2 EUAP","id":"/subscriptions/00000000-0000-0000-0000-000000000000/resourceGroups/clitest.rg000001/providers/Microsoft.DBforMySQL/flexibleServers/testvnetserver5mysql","name":"testvnetserver5mysql","type":"Microsoft.DBforMySQL/flexibleServers"}'
    headers:
      cache-control:
      - no-cache
      content-length:
      - '1320'
      content-type:
      - application/json; charset=utf-8
      date:
      - Wed, 10 Feb 2021 01:51:25 GMT
      expires:
      - '-1'
      pragma:
      - no-cache
      server:
      - Microsoft-HTTPAPI/2.0
      strict-transport-security:
      - max-age=31536000; includeSubDomains
      transfer-encoding:
      - chunked
      vary:
      - Accept-Encoding
      x-content-type-options:
      - nosniff
    status:
      code: 200
      message: OK
- request:
    body: null
    headers:
      Accept:
      - application/json
      Accept-Encoding:
      - gzip, deflate
      CommandName:
      - mysql flexible-server create
      Connection:
      - keep-alive
      ParameterSetName:
      - -g -n --vnet -l --subnet
      User-Agent:
      - python/3.7.3 (Windows-10-10.0.19041-SP0) msrest/0.6.18 msrest_azure/0.6.3
        azure-mgmt-rdbms/2020-07-01-privatepreview Azure-SDK-For-Python AZURECLI/2.19.0
      accept-language:
      - en-US
    method: GET
    uri: https://management.azure.com/subscriptions/00000000-0000-0000-0000-000000000000/resourceGroups/clitest.rg000001/providers/Microsoft.DBForMySql/flexibleServers/testvnetserver5mysql/databases/flexibleserverdb?api-version=2020-07-01-privatepreview
  response:
    body:
      string: '{"error":{"code":"ResourceNotFound","message":"The requested resource
        of type ''Microsoft.DBforMySQL/flexibleServers/databases'' with name ''flexibleserverdb''
        was not found."}}'
    headers:
      cache-control:
      - no-cache
      content-length:
      - '173'
      content-type:
      - application/json; charset=utf-8
      date:
      - Wed, 10 Feb 2021 01:51:26 GMT
      expires:
      - '-1'
      pragma:
      - no-cache
      server:
      - Microsoft-HTTPAPI/2.0
      strict-transport-security:
      - max-age=31536000; includeSubDomains
      x-content-type-options:
      - nosniff
    status:
      code: 404
      message: Not Found
- request:
    body: '{"properties": {"charset": "utf8"}}'
    headers:
      Accept:
      - application/json
      Accept-Encoding:
      - gzip, deflate
      CommandName:
      - mysql flexible-server create
      Connection:
      - keep-alive
      Content-Length:
      - '35'
      Content-Type:
      - application/json; charset=utf-8
      ParameterSetName:
      - -g -n --vnet -l --subnet
      User-Agent:
      - python/3.7.3 (Windows-10-10.0.19041-SP0) msrest/0.6.18 msrest_azure/0.6.3
        azure-mgmt-rdbms/2020-07-01-privatepreview Azure-SDK-For-Python AZURECLI/2.19.0
      accept-language:
      - en-US
    method: PUT
    uri: https://management.azure.com/subscriptions/00000000-0000-0000-0000-000000000000/resourceGroups/clitest.rg000001/providers/Microsoft.DBForMySql/flexibleServers/testvnetserver5mysql/databases/flexibleserverdb?api-version=2020-07-01-privatepreview
  response:
    body:
      string: '{"operation":"UpsertServerDatabaseManagementOperation","startTime":"2021-02-10T01:51:27.603Z"}'
    headers:
      azure-asyncoperation:
      - https://management.azure.com/subscriptions/00000000-0000-0000-0000-000000000000/providers/Microsoft.DBforMySQL/locations/eastus2euap/azureAsyncOperation/d01bd8dc-5a0c-4777-9503-cba3d9d26e42?api-version=2020-07-01-privatepreview
      cache-control:
      - no-cache
      content-length:
      - '94'
      content-type:
      - application/json; charset=utf-8
      date:
      - Wed, 10 Feb 2021 01:51:26 GMT
      expires:
      - '-1'
      location:
      - https://management.azure.com/subscriptions/00000000-0000-0000-0000-000000000000/providers/Microsoft.DBforMySQL/locations/eastus2euap/operationResults/d01bd8dc-5a0c-4777-9503-cba3d9d26e42?api-version=2020-07-01-privatepreview
      pragma:
      - no-cache
      server:
      - Microsoft-HTTPAPI/2.0
      strict-transport-security:
      - max-age=31536000; includeSubDomains
      x-content-type-options:
      - nosniff
      x-ms-ratelimit-remaining-subscription-writes:
      - '1196'
    status:
      code: 202
      message: Accepted
- request:
    body: null
    headers:
      Accept:
      - application/json
      Accept-Encoding:
      - gzip, deflate
      CommandName:
      - mysql flexible-server create
      Connection:
      - keep-alive
      ParameterSetName:
      - -g -n --vnet -l --subnet
      User-Agent:
      - python/3.7.3 (Windows-10-10.0.19041-SP0) msrest/0.6.18 msrest_azure/0.6.3
        azure-mgmt-rdbms/2020-07-01-privatepreview Azure-SDK-For-Python AZURECLI/2.19.0
    method: GET
    uri: https://management.azure.com/subscriptions/00000000-0000-0000-0000-000000000000/providers/Microsoft.DBforMySQL/locations/eastus2euap/azureAsyncOperation/d01bd8dc-5a0c-4777-9503-cba3d9d26e42?api-version=2020-07-01-privatepreview
  response:
    body:
      string: '{"name":"d01bd8dc-5a0c-4777-9503-cba3d9d26e42","status":"Succeeded","startTime":"2021-02-10T01:51:27.603Z"}'
    headers:
      cache-control:
      - no-cache
      content-length:
      - '107'
      content-type:
      - application/json; charset=utf-8
      date:
      - Wed, 10 Feb 2021 01:51:44 GMT
      expires:
      - '-1'
      pragma:
      - no-cache
      server:
      - Microsoft-HTTPAPI/2.0
      strict-transport-security:
      - max-age=31536000; includeSubDomains
      transfer-encoding:
      - chunked
      vary:
      - Accept-Encoding
      x-content-type-options:
      - nosniff
    status:
      code: 200
      message: OK
- request:
    body: null
    headers:
      Accept:
      - application/json
      Accept-Encoding:
      - gzip, deflate
      CommandName:
      - mysql flexible-server create
      Connection:
      - keep-alive
      ParameterSetName:
      - -g -n --vnet -l --subnet
      User-Agent:
      - python/3.7.3 (Windows-10-10.0.19041-SP0) msrest/0.6.18 msrest_azure/0.6.3
        azure-mgmt-rdbms/2020-07-01-privatepreview Azure-SDK-For-Python AZURECLI/2.19.0
    method: GET
    uri: https://management.azure.com/subscriptions/00000000-0000-0000-0000-000000000000/resourceGroups/clitest.rg000001/providers/Microsoft.DBForMySql/flexibleServers/testvnetserver5mysql/databases/flexibleserverdb?api-version=2020-07-01-privatepreview
  response:
    body:
      string: '{"properties":{"charset":"latin1","collation":"latin1_swedish_ci"},"id":"/subscriptions/00000000-0000-0000-0000-000000000000/resourceGroups/clitest.rg000001/providers/Microsoft.DBforMySQL/flexibleServers/testvnetserver5mysql/databases/flexibleserverdb","name":"flexibleserverdb","type":"Microsoft.DBforMySQL/flexibleServers/databases"}'
    headers:
      cache-control:
      - no-cache
      content-length:
      - '394'
      content-type:
      - application/json; charset=utf-8
      date:
      - Wed, 10 Feb 2021 01:51:44 GMT
      expires:
      - '-1'
      pragma:
      - no-cache
      server:
      - Microsoft-HTTPAPI/2.0
      strict-transport-security:
      - max-age=31536000; includeSubDomains
      transfer-encoding:
      - chunked
      vary:
      - Accept-Encoding
      x-content-type-options:
      - nosniff
    status:
      code: 200
      message: OK
- request:
    body: null
    headers:
      Accept:
      - application/json
      Accept-Encoding:
      - gzip, deflate
      CommandName:
      - mysql flexible-server create
      Connection:
      - keep-alive
      ParameterSetName:
      - -g -n -l --vnet
      User-Agent:
      - python/3.7.3 (Windows-10-10.0.19041-SP0) msrest/0.6.18 msrest_azure/0.6.3
        azure-mgmt-rdbms/2020-07-01-privatepreview Azure-SDK-For-Python AZURECLI/2.19.0
      accept-language:
      - en-US
    method: GET
    uri: https://management.azure.com/subscriptions/00000000-0000-0000-0000-000000000000/providers/Microsoft.DBForMySql/locations/eastus2euap/capabilities?api-version=2020-07-01-privatepreview
  response:
    body:
      string: '{"value":[{"zone":"none","supportedFlexibleServerEditions":[{"name":"Burstable","supportedStorageEditions":[{"name":"PremiumFileShare","minStorageSize":{"name":"5120","storageSizeMB":5120},"maxStorageSize":{"name":"16777216","storageSizeMB":16777216},"minBackupRetentionDays":7,"maxBackupRetentionDays":35,"supportedStorageMB":[],"status":"Default"}],"supportedServerVersions":[{"name":"5.7","supportedVcores":[{"name":"Standard_B1s","vCores":1,"supportedIOPS":320,"supportedMemoryPerVcoreMB":1024,"status":"Available"},{"name":"Standard_B1ms","vCores":1,"supportedIOPS":640,"supportedMemoryPerVcoreMB":2048,"status":"Available"},{"name":"Standard_B2s","vCores":2,"supportedIOPS":1280,"supportedMemoryPerVcoreMB":2048,"status":"Available"}],"status":"Available"},{"name":"8.0.21","supportedVcores":[{"name":"Standard_B1s","vCores":1,"supportedIOPS":320,"supportedMemoryPerVcoreMB":1024,"status":"Available"},{"name":"Standard_B1ms","vCores":1,"supportedIOPS":640,"supportedMemoryPerVcoreMB":2048,"status":"Available"},{"name":"Standard_B2s","vCores":2,"supportedIOPS":1280,"supportedMemoryPerVcoreMB":2048,"status":"Available"}],"status":"Available"}],"status":"Available"},{"name":"GeneralPurpose","supportedStorageEditions":[{"name":"PremiumFileShare","minStorageSize":{"name":"5120","storageSizeMB":5120},"maxStorageSize":{"name":"16777216","storageSizeMB":16777216},"minBackupRetentionDays":7,"maxBackupRetentionDays":35,"supportedStorageMB":[],"status":"Default"}],"supportedServerVersions":[{"name":"5.7","supportedVcores":[{"name":"Standard_D2s_v3","vCores":2,"supportedIOPS":3200,"supportedMemoryPerVcoreMB":4096,"status":"Default"},{"name":"Standard_D4s_v3","vCores":4,"supportedIOPS":6400,"supportedMemoryPerVcoreMB":4096,"status":"Available"},{"name":"Standard_D8s_v3","vCores":8,"supportedIOPS":12800,"supportedMemoryPerVcoreMB":4096,"status":"Available"},{"name":"Standard_D16s_v3","vCores":16,"supportedIOPS":20000,"supportedMemoryPerVcoreMB":4096,"status":"Available"},{"name":"Standard_D32s_v3","vCores":32,"supportedIOPS":20000,"supportedMemoryPerVcoreMB":4096,"status":"Available"},{"name":"Standard_D48s_v3","vCores":48,"supportedIOPS":20000,"supportedMemoryPerVcoreMB":4096,"status":"Available"},{"name":"Standard_D64s_v3","vCores":64,"supportedIOPS":20000,"supportedMemoryPerVcoreMB":4096,"status":"Available"}],"status":"Default"},{"name":"8.0.21","supportedVcores":[{"name":"Standard_D2s_v3","vCores":2,"supportedIOPS":3200,"supportedMemoryPerVcoreMB":4096,"status":"Available"},{"name":"Standard_D4s_v3","vCores":4,"supportedIOPS":6400,"supportedMemoryPerVcoreMB":4096,"status":"Available"},{"name":"Standard_D8s_v3","vCores":8,"supportedIOPS":12800,"supportedMemoryPerVcoreMB":4096,"status":"Available"},{"name":"Standard_D16s_v3","vCores":16,"supportedIOPS":20000,"supportedMemoryPerVcoreMB":4096,"status":"Available"},{"name":"Standard_D32s_v3","vCores":32,"supportedIOPS":20000,"supportedMemoryPerVcoreMB":4096,"status":"Available"},{"name":"Standard_D48s_v3","vCores":48,"supportedIOPS":20000,"supportedMemoryPerVcoreMB":4096,"status":"Available"},{"name":"Standard_D64s_v3","vCores":64,"supportedIOPS":20000,"supportedMemoryPerVcoreMB":4096,"status":"Available"}],"status":"Available"}],"status":"Default"},{"name":"MemoryOptimized","supportedStorageEditions":[{"name":"PremiumFileShare","minStorageSize":{"name":"5120","storageSizeMB":5120},"maxStorageSize":{"name":"16777216","storageSizeMB":16777216},"minBackupRetentionDays":7,"maxBackupRetentionDays":35,"supportedStorageMB":[],"status":"Default"}],"supportedServerVersions":[{"name":"5.7","supportedVcores":[{"name":"Standard_E2s_v3","vCores":2,"supportedIOPS":3200,"supportedMemoryPerVcoreMB":8192,"status":"Available"},{"name":"Standard_E4s_v3","vCores":4,"supportedIOPS":6400,"supportedMemoryPerVcoreMB":8192,"status":"Available"},{"name":"Standard_E8s_v3","vCores":8,"supportedIOPS":12800,"supportedMemoryPerVcoreMB":8192,"status":"Available"},{"name":"Standard_E16s_v3","vCores":16,"supportedIOPS":20000,"supportedMemoryPerVcoreMB":8192,"status":"Available"},{"name":"Standard_E32s_v3","vCores":32,"supportedIOPS":20000,"supportedMemoryPerVcoreMB":8192,"status":"Available"},{"name":"Standard_E48s_v3","vCores":48,"supportedIOPS":20000,"supportedMemoryPerVcoreMB":8192,"status":"Available"},{"name":"Standard_E64s_v3","vCores":64,"supportedIOPS":20000,"supportedMemoryPerVcoreMB":8192,"status":"Available"}],"status":"Available"},{"name":"8.0.21","supportedVcores":[{"name":"Standard_E2s_v3","vCores":2,"supportedIOPS":3200,"supportedMemoryPerVcoreMB":8192,"status":"Available"},{"name":"Standard_E4s_v3","vCores":4,"supportedIOPS":6400,"supportedMemoryPerVcoreMB":8192,"status":"Available"},{"name":"Standard_E8s_v3","vCores":8,"supportedIOPS":12800,"supportedMemoryPerVcoreMB":8192,"status":"Available"},{"name":"Standard_E16s_v3","vCores":16,"supportedIOPS":20000,"supportedMemoryPerVcoreMB":8192,"status":"Available"},{"name":"Standard_E32s_v3","vCores":32,"supportedIOPS":20000,"supportedMemoryPerVcoreMB":8192,"status":"Available"},{"name":"Standard_E48s_v3","vCores":48,"supportedIOPS":20000,"supportedMemoryPerVcoreMB":8192,"status":"Available"},{"name":"Standard_E64s_v3","vCores":64,"supportedIOPS":20000,"supportedMemoryPerVcoreMB":8192,"status":"Available"}],"status":"Available"}],"status":"Available"}],"status":"Default"},{"zone":"1","supportedFlexibleServerEditions":[{"name":"Burstable","supportedStorageEditions":[{"name":"PremiumFileShare","minStorageSize":{"name":"5120","storageSizeMB":5120},"maxStorageSize":{"name":"16777216","storageSizeMB":16777216},"minBackupRetentionDays":7,"maxBackupRetentionDays":35,"supportedStorageMB":[],"status":"Default"}],"supportedServerVersions":[{"name":"5.7","supportedVcores":[{"name":"Standard_B1s","vCores":1,"supportedIOPS":320,"supportedMemoryPerVcoreMB":1024,"status":"Available"},{"name":"Standard_B1ms","vCores":1,"supportedIOPS":640,"supportedMemoryPerVcoreMB":2048,"status":"Available"},{"name":"Standard_B2s","vCores":2,"supportedIOPS":1280,"supportedMemoryPerVcoreMB":2048,"status":"Available"}],"status":"Available"},{"name":"8.0.21","supportedVcores":[{"name":"Standard_B1s","vCores":1,"supportedIOPS":320,"supportedMemoryPerVcoreMB":1024,"status":"Available"},{"name":"Standard_B1ms","vCores":1,"supportedIOPS":640,"supportedMemoryPerVcoreMB":2048,"status":"Available"},{"name":"Standard_B2s","vCores":2,"supportedIOPS":1280,"supportedMemoryPerVcoreMB":2048,"status":"Available"}],"status":"Available"}],"status":"Available"},{"name":"GeneralPurpose","supportedStorageEditions":[{"name":"PremiumFileShare","minStorageSize":{"name":"5120","storageSizeMB":5120},"maxStorageSize":{"name":"16777216","storageSizeMB":16777216},"minBackupRetentionDays":7,"maxBackupRetentionDays":35,"supportedStorageMB":[],"status":"Default"}],"supportedServerVersions":[{"name":"5.7","supportedVcores":[{"name":"Standard_D2s_v3","vCores":2,"supportedIOPS":3200,"supportedMemoryPerVcoreMB":4096,"status":"Default"},{"name":"Standard_D4s_v3","vCores":4,"supportedIOPS":6400,"supportedMemoryPerVcoreMB":4096,"status":"Available"},{"name":"Standard_D8s_v3","vCores":8,"supportedIOPS":12800,"supportedMemoryPerVcoreMB":4096,"status":"Available"},{"name":"Standard_D16s_v3","vCores":16,"supportedIOPS":20000,"supportedMemoryPerVcoreMB":4096,"status":"Available"},{"name":"Standard_D32s_v3","vCores":32,"supportedIOPS":20000,"supportedMemoryPerVcoreMB":4096,"status":"Available"},{"name":"Standard_D48s_v3","vCores":48,"supportedIOPS":20000,"supportedMemoryPerVcoreMB":4096,"status":"Available"},{"name":"Standard_D64s_v3","vCores":64,"supportedIOPS":20000,"supportedMemoryPerVcoreMB":4096,"status":"Available"}],"status":"Default"},{"name":"8.0.21","supportedVcores":[{"name":"Standard_D2s_v3","vCores":2,"supportedIOPS":3200,"supportedMemoryPerVcoreMB":4096,"status":"Available"},{"name":"Standard_D4s_v3","vCores":4,"supportedIOPS":6400,"supportedMemoryPerVcoreMB":4096,"status":"Available"},{"name":"Standard_D8s_v3","vCores":8,"supportedIOPS":12800,"supportedMemoryPerVcoreMB":4096,"status":"Available"},{"name":"Standard_D16s_v3","vCores":16,"supportedIOPS":20000,"supportedMemoryPerVcoreMB":4096,"status":"Available"},{"name":"Standard_D32s_v3","vCores":32,"supportedIOPS":20000,"supportedMemoryPerVcoreMB":4096,"status":"Available"},{"name":"Standard_D48s_v3","vCores":48,"supportedIOPS":20000,"supportedMemoryPerVcoreMB":4096,"status":"Available"},{"name":"Standard_D64s_v3","vCores":64,"supportedIOPS":20000,"supportedMemoryPerVcoreMB":4096,"status":"Available"}],"status":"Available"}],"status":"Default"},{"name":"MemoryOptimized","supportedStorageEditions":[{"name":"PremiumFileShare","minStorageSize":{"name":"5120","storageSizeMB":5120},"maxStorageSize":{"name":"16777216","storageSizeMB":16777216},"minBackupRetentionDays":7,"maxBackupRetentionDays":35,"supportedStorageMB":[],"status":"Default"}],"supportedServerVersions":[{"name":"5.7","supportedVcores":[{"name":"Standard_E2s_v3","vCores":2,"supportedIOPS":3200,"supportedMemoryPerVcoreMB":8192,"status":"Available"},{"name":"Standard_E4s_v3","vCores":4,"supportedIOPS":6400,"supportedMemoryPerVcoreMB":8192,"status":"Available"},{"name":"Standard_E8s_v3","vCores":8,"supportedIOPS":12800,"supportedMemoryPerVcoreMB":8192,"status":"Available"},{"name":"Standard_E16s_v3","vCores":16,"supportedIOPS":20000,"supportedMemoryPerVcoreMB":8192,"status":"Available"},{"name":"Standard_E32s_v3","vCores":32,"supportedIOPS":20000,"supportedMemoryPerVcoreMB":8192,"status":"Available"},{"name":"Standard_E48s_v3","vCores":48,"supportedIOPS":20000,"supportedMemoryPerVcoreMB":8192,"status":"Available"},{"name":"Standard_E64s_v3","vCores":64,"supportedIOPS":20000,"supportedMemoryPerVcoreMB":8192,"status":"Available"}],"status":"Available"},{"name":"8.0.21","supportedVcores":[{"name":"Standard_E2s_v3","vCores":2,"supportedIOPS":3200,"supportedMemoryPerVcoreMB":8192,"status":"Available"},{"name":"Standard_E4s_v3","vCores":4,"supportedIOPS":6400,"supportedMemoryPerVcoreMB":8192,"status":"Available"},{"name":"Standard_E8s_v3","vCores":8,"supportedIOPS":12800,"supportedMemoryPerVcoreMB":8192,"status":"Available"},{"name":"Standard_E16s_v3","vCores":16,"supportedIOPS":20000,"supportedMemoryPerVcoreMB":8192,"status":"Available"},{"name":"Standard_E32s_v3","vCores":32,"supportedIOPS":20000,"supportedMemoryPerVcoreMB":8192,"status":"Available"},{"name":"Standard_E48s_v3","vCores":48,"supportedIOPS":20000,"supportedMemoryPerVcoreMB":8192,"status":"Available"},{"name":"Standard_E64s_v3","vCores":64,"supportedIOPS":20000,"supportedMemoryPerVcoreMB":8192,"status":"Available"}],"status":"Available"}],"status":"Available"}],"status":"Available"},{"zone":"2","supportedFlexibleServerEditions":[{"name":"Burstable","supportedStorageEditions":[{"name":"PremiumFileShare","minStorageSize":{"name":"5120","storageSizeMB":5120},"maxStorageSize":{"name":"16777216","storageSizeMB":16777216},"minBackupRetentionDays":7,"maxBackupRetentionDays":35,"supportedStorageMB":[],"status":"Default"}],"supportedServerVersions":[{"name":"5.7","supportedVcores":[{"name":"Standard_B1s","vCores":1,"supportedIOPS":320,"supportedMemoryPerVcoreMB":1024,"status":"Available"},{"name":"Standard_B1ms","vCores":1,"supportedIOPS":640,"supportedMemoryPerVcoreMB":2048,"status":"Available"},{"name":"Standard_B2s","vCores":2,"supportedIOPS":1280,"supportedMemoryPerVcoreMB":2048,"status":"Available"}],"status":"Available"},{"name":"8.0.21","supportedVcores":[{"name":"Standard_B1s","vCores":1,"supportedIOPS":320,"supportedMemoryPerVcoreMB":1024,"status":"Available"},{"name":"Standard_B1ms","vCores":1,"supportedIOPS":640,"supportedMemoryPerVcoreMB":2048,"status":"Available"},{"name":"Standard_B2s","vCores":2,"supportedIOPS":1280,"supportedMemoryPerVcoreMB":2048,"status":"Available"}],"status":"Available"}],"status":"Available"},{"name":"GeneralPurpose","supportedStorageEditions":[{"name":"PremiumFileShare","minStorageSize":{"name":"5120","storageSizeMB":5120},"maxStorageSize":{"name":"16777216","storageSizeMB":16777216},"minBackupRetentionDays":7,"maxBackupRetentionDays":35,"supportedStorageMB":[],"status":"Default"}],"supportedServerVersions":[{"name":"5.7","supportedVcores":[{"name":"Standard_D2s_v3","vCores":2,"supportedIOPS":3200,"supportedMemoryPerVcoreMB":4096,"status":"Default"},{"name":"Standard_D4s_v3","vCores":4,"supportedIOPS":6400,"supportedMemoryPerVcoreMB":4096,"status":"Available"},{"name":"Standard_D8s_v3","vCores":8,"supportedIOPS":12800,"supportedMemoryPerVcoreMB":4096,"status":"Available"},{"name":"Standard_D16s_v3","vCores":16,"supportedIOPS":20000,"supportedMemoryPerVcoreMB":4096,"status":"Available"},{"name":"Standard_D32s_v3","vCores":32,"supportedIOPS":20000,"supportedMemoryPerVcoreMB":4096,"status":"Available"},{"name":"Standard_D48s_v3","vCores":48,"supportedIOPS":20000,"supportedMemoryPerVcoreMB":4096,"status":"Available"},{"name":"Standard_D64s_v3","vCores":64,"supportedIOPS":20000,"supportedMemoryPerVcoreMB":4096,"status":"Available"}],"status":"Default"},{"name":"8.0.21","supportedVcores":[{"name":"Standard_D2s_v3","vCores":2,"supportedIOPS":3200,"supportedMemoryPerVcoreMB":4096,"status":"Available"},{"name":"Standard_D4s_v3","vCores":4,"supportedIOPS":6400,"supportedMemoryPerVcoreMB":4096,"status":"Available"},{"name":"Standard_D8s_v3","vCores":8,"supportedIOPS":12800,"supportedMemoryPerVcoreMB":4096,"status":"Available"},{"name":"Standard_D16s_v3","vCores":16,"supportedIOPS":20000,"supportedMemoryPerVcoreMB":4096,"status":"Available"},{"name":"Standard_D32s_v3","vCores":32,"supportedIOPS":20000,"supportedMemoryPerVcoreMB":4096,"status":"Available"},{"name":"Standard_D48s_v3","vCores":48,"supportedIOPS":20000,"supportedMemoryPerVcoreMB":4096,"status":"Available"},{"name":"Standard_D64s_v3","vCores":64,"supportedIOPS":20000,"supportedMemoryPerVcoreMB":4096,"status":"Available"}],"status":"Available"}],"status":"Default"},{"name":"MemoryOptimized","supportedStorageEditions":[{"name":"PremiumFileShare","minStorageSize":{"name":"5120","storageSizeMB":5120},"maxStorageSize":{"name":"16777216","storageSizeMB":16777216},"minBackupRetentionDays":7,"maxBackupRetentionDays":35,"supportedStorageMB":[],"status":"Default"}],"supportedServerVersions":[{"name":"5.7","supportedVcores":[{"name":"Standard_E2s_v3","vCores":2,"supportedIOPS":3200,"supportedMemoryPerVcoreMB":8192,"status":"Available"},{"name":"Standard_E4s_v3","vCores":4,"supportedIOPS":6400,"supportedMemoryPerVcoreMB":8192,"status":"Available"},{"name":"Standard_E8s_v3","vCores":8,"supportedIOPS":12800,"supportedMemoryPerVcoreMB":8192,"status":"Available"},{"name":"Standard_E16s_v3","vCores":16,"supportedIOPS":20000,"supportedMemoryPerVcoreMB":8192,"status":"Available"},{"name":"Standard_E32s_v3","vCores":32,"supportedIOPS":20000,"supportedMemoryPerVcoreMB":8192,"status":"Available"},{"name":"Standard_E48s_v3","vCores":48,"supportedIOPS":20000,"supportedMemoryPerVcoreMB":8192,"status":"Available"},{"name":"Standard_E64s_v3","vCores":64,"supportedIOPS":20000,"supportedMemoryPerVcoreMB":8192,"status":"Available"}],"status":"Available"},{"name":"8.0.21","supportedVcores":[{"name":"Standard_E2s_v3","vCores":2,"supportedIOPS":3200,"supportedMemoryPerVcoreMB":8192,"status":"Available"},{"name":"Standard_E4s_v3","vCores":4,"supportedIOPS":6400,"supportedMemoryPerVcoreMB":8192,"status":"Available"},{"name":"Standard_E8s_v3","vCores":8,"supportedIOPS":12800,"supportedMemoryPerVcoreMB":8192,"status":"Available"},{"name":"Standard_E16s_v3","vCores":16,"supportedIOPS":20000,"supportedMemoryPerVcoreMB":8192,"status":"Available"},{"name":"Standard_E32s_v3","vCores":32,"supportedIOPS":20000,"supportedMemoryPerVcoreMB":8192,"status":"Available"},{"name":"Standard_E48s_v3","vCores":48,"supportedIOPS":20000,"supportedMemoryPerVcoreMB":8192,"status":"Available"},{"name":"Standard_E64s_v3","vCores":64,"supportedIOPS":20000,"supportedMemoryPerVcoreMB":8192,"status":"Available"}],"status":"Available"}],"status":"Available"}],"status":"Available"},{"zone":"3","supportedFlexibleServerEditions":[{"name":"Burstable","supportedStorageEditions":[{"name":"PremiumFileShare","minStorageSize":{"name":"5120","storageSizeMB":5120},"maxStorageSize":{"name":"16777216","storageSizeMB":16777216},"minBackupRetentionDays":7,"maxBackupRetentionDays":35,"supportedStorageMB":[],"status":"Default"}],"supportedServerVersions":[{"name":"5.7","supportedVcores":[{"name":"Standard_B1s","vCores":1,"supportedIOPS":320,"supportedMemoryPerVcoreMB":1024,"status":"Available"},{"name":"Standard_B1ms","vCores":1,"supportedIOPS":640,"supportedMemoryPerVcoreMB":2048,"status":"Available"},{"name":"Standard_B2s","vCores":2,"supportedIOPS":1280,"supportedMemoryPerVcoreMB":2048,"status":"Available"}],"status":"Available"},{"name":"8.0.21","supportedVcores":[{"name":"Standard_B1s","vCores":1,"supportedIOPS":320,"supportedMemoryPerVcoreMB":1024,"status":"Available"},{"name":"Standard_B1ms","vCores":1,"supportedIOPS":640,"supportedMemoryPerVcoreMB":2048,"status":"Available"},{"name":"Standard_B2s","vCores":2,"supportedIOPS":1280,"supportedMemoryPerVcoreMB":2048,"status":"Available"}],"status":"Available"}],"status":"Available"},{"name":"GeneralPurpose","supportedStorageEditions":[{"name":"PremiumFileShare","minStorageSize":{"name":"5120","storageSizeMB":5120},"maxStorageSize":{"name":"16777216","storageSizeMB":16777216},"minBackupRetentionDays":7,"maxBackupRetentionDays":35,"supportedStorageMB":[],"status":"Default"}],"supportedServerVersions":[{"name":"5.7","supportedVcores":[{"name":"Standard_D2s_v3","vCores":2,"supportedIOPS":3200,"supportedMemoryPerVcoreMB":4096,"status":"Default"},{"name":"Standard_D4s_v3","vCores":4,"supportedIOPS":6400,"supportedMemoryPerVcoreMB":4096,"status":"Available"},{"name":"Standard_D8s_v3","vCores":8,"supportedIOPS":12800,"supportedMemoryPerVcoreMB":4096,"status":"Available"},{"name":"Standard_D16s_v3","vCores":16,"supportedIOPS":20000,"supportedMemoryPerVcoreMB":4096,"status":"Available"},{"name":"Standard_D32s_v3","vCores":32,"supportedIOPS":20000,"supportedMemoryPerVcoreMB":4096,"status":"Available"},{"name":"Standard_D48s_v3","vCores":48,"supportedIOPS":20000,"supportedMemoryPerVcoreMB":4096,"status":"Available"},{"name":"Standard_D64s_v3","vCores":64,"supportedIOPS":20000,"supportedMemoryPerVcoreMB":4096,"status":"Available"}],"status":"Default"},{"name":"8.0.21","supportedVcores":[{"name":"Standard_D2s_v3","vCores":2,"supportedIOPS":3200,"supportedMemoryPerVcoreMB":4096,"status":"Available"},{"name":"Standard_D4s_v3","vCores":4,"supportedIOPS":6400,"supportedMemoryPerVcoreMB":4096,"status":"Available"},{"name":"Standard_D8s_v3","vCores":8,"supportedIOPS":12800,"supportedMemoryPerVcoreMB":4096,"status":"Available"},{"name":"Standard_D16s_v3","vCores":16,"supportedIOPS":20000,"supportedMemoryPerVcoreMB":4096,"status":"Available"},{"name":"Standard_D32s_v3","vCores":32,"supportedIOPS":20000,"supportedMemoryPerVcoreMB":4096,"status":"Available"},{"name":"Standard_D48s_v3","vCores":48,"supportedIOPS":20000,"supportedMemoryPerVcoreMB":4096,"status":"Available"},{"name":"Standard_D64s_v3","vCores":64,"supportedIOPS":20000,"supportedMemoryPerVcoreMB":4096,"status":"Available"}],"status":"Available"}],"status":"Default"},{"name":"MemoryOptimized","supportedStorageEditions":[{"name":"PremiumFileShare","minStorageSize":{"name":"5120","storageSizeMB":5120},"maxStorageSize":{"name":"16777216","storageSizeMB":16777216},"minBackupRetentionDays":7,"maxBackupRetentionDays":35,"supportedStorageMB":[],"status":"Default"}],"supportedServerVersions":[{"name":"5.7","supportedVcores":[{"name":"Standard_E2s_v3","vCores":2,"supportedIOPS":3200,"supportedMemoryPerVcoreMB":8192,"status":"Available"},{"name":"Standard_E4s_v3","vCores":4,"supportedIOPS":6400,"supportedMemoryPerVcoreMB":8192,"status":"Available"},{"name":"Standard_E8s_v3","vCores":8,"supportedIOPS":12800,"supportedMemoryPerVcoreMB":8192,"status":"Available"},{"name":"Standard_E16s_v3","vCores":16,"supportedIOPS":20000,"supportedMemoryPerVcoreMB":8192,"status":"Available"},{"name":"Standard_E32s_v3","vCores":32,"supportedIOPS":20000,"supportedMemoryPerVcoreMB":8192,"status":"Available"},{"name":"Standard_E48s_v3","vCores":48,"supportedIOPS":20000,"supportedMemoryPerVcoreMB":8192,"status":"Available"},{"name":"Standard_E64s_v3","vCores":64,"supportedIOPS":20000,"supportedMemoryPerVcoreMB":8192,"status":"Available"}],"status":"Available"},{"name":"8.0.21","supportedVcores":[{"name":"Standard_E2s_v3","vCores":2,"supportedIOPS":3200,"supportedMemoryPerVcoreMB":8192,"status":"Available"},{"name":"Standard_E4s_v3","vCores":4,"supportedIOPS":6400,"supportedMemoryPerVcoreMB":8192,"status":"Available"},{"name":"Standard_E8s_v3","vCores":8,"supportedIOPS":12800,"supportedMemoryPerVcoreMB":8192,"status":"Available"},{"name":"Standard_E16s_v3","vCores":16,"supportedIOPS":20000,"supportedMemoryPerVcoreMB":8192,"status":"Available"},{"name":"Standard_E32s_v3","vCores":32,"supportedIOPS":20000,"supportedMemoryPerVcoreMB":8192,"status":"Available"},{"name":"Standard_E48s_v3","vCores":48,"supportedIOPS":20000,"supportedMemoryPerVcoreMB":8192,"status":"Available"},{"name":"Standard_E64s_v3","vCores":64,"supportedIOPS":20000,"supportedMemoryPerVcoreMB":8192,"status":"Available"}],"status":"Available"}],"status":"Available"}],"status":"Available"}]}'
    headers:
      cache-control:
      - no-cache
      content-length:
      - '21280'
      content-type:
      - application/json; charset=utf-8
      date:
      - Wed, 10 Feb 2021 01:51:46 GMT
      expires:
      - '-1'
      pragma:
      - no-cache
      server:
      - Microsoft-HTTPAPI/2.0
      strict-transport-security:
      - max-age=31536000; includeSubDomains
      transfer-encoding:
      - chunked
      vary:
      - Accept-Encoding
      x-content-type-options:
      - nosniff
    status:
      code: 200
      message: OK
- request:
    body: null
    headers:
      Accept:
      - application/json
      Accept-Encoding:
      - gzip, deflate
      CommandName:
      - mysql flexible-server create
      Connection:
      - keep-alive
      ParameterSetName:
      - -g -n -l --vnet
      User-Agent:
      - python/3.7.3 (Windows-10-10.0.19041-SP0) msrest/0.6.18 msrest_azure/0.6.3
        azure-mgmt-resource/12.0.0 Azure-SDK-For-Python AZURECLI/2.19.0
      accept-language:
      - en-US
    method: HEAD
    uri: https://management.azure.com/subscriptions/00000000-0000-0000-0000-000000000000/resourcegroups/clitest.rg000001?api-version=2020-10-01
  response:
    body:
      string: ''
    headers:
      cache-control:
      - no-cache
      content-length:
      - '0'
      date:
      - Wed, 10 Feb 2021 01:51:46 GMT
      expires:
      - '-1'
      pragma:
      - no-cache
      strict-transport-security:
      - max-age=31536000; includeSubDomains
      x-content-type-options:
      - nosniff
    status:
      code: 204
      message: No Content
- request:
    body: null
    headers:
      Accept:
      - application/json
      Accept-Encoding:
      - gzip, deflate
      CommandName:
      - mysql flexible-server create
      Connection:
      - keep-alive
      ParameterSetName:
      - -g -n -l --vnet
      User-Agent:
      - AZURECLI/2.19.0 azsdk-python-azure-mgmt-network/17.1.0 Python/3.7.3 (Windows-10-10.0.19041-SP0)
    method: GET
    uri: https://management.azure.com/subscriptions/00000000-0000-0000-0000-000000000000/resourceGroups/clitest.rg000001/providers/Microsoft.Network/virtualNetworks/clitestvnet6?api-version=2020-08-01
  response:
    body:
      string: '{"error":{"code":"ResourceNotFound","message":"The Resource ''Microsoft.Network/virtualNetworks/clitestvnet6''
        under resource group ''clitest.rg000001'' was not found. For more details
        please go to https://aka.ms/ARMResourceNotFoundFix"}}'
    headers:
      cache-control:
      - no-cache
      content-length:
      - '293'
      content-type:
      - application/json; charset=utf-8
      date:
      - Wed, 10 Feb 2021 01:51:47 GMT
      expires:
      - '-1'
      pragma:
      - no-cache
      strict-transport-security:
      - max-age=31536000; includeSubDomains
      x-content-type-options:
      - nosniff
      x-ms-failure-cause:
      - gateway
    status:
      code: 200
      message: OK
- request:
    body: '{"location": "eastus2euap", "properties": {"addressSpace": {"addressPrefixes":
      ["10.0.0.0/16"]}, "enableDdosProtection": false, "enableVmProtection": false}}'
    headers:
      Accept:
      - application/json
      Accept-Encoding:
      - gzip, deflate
      CommandName:
      - mysql flexible-server create
      Connection:
      - keep-alive
      Content-Length:
      - '157'
      Content-Type:
      - application/json
      ParameterSetName:
      - -g -n -l --vnet
      User-Agent:
      - AZURECLI/2.19.0 azsdk-python-azure-mgmt-network/17.1.0 Python/3.7.3 (Windows-10-10.0.19041-SP0)
    method: PUT
    uri: https://management.azure.com/subscriptions/00000000-0000-0000-0000-000000000000/resourceGroups/clitest.rg000001/providers/Microsoft.Network/virtualNetworks/clitestvnet6?api-version=2020-08-01
  response:
    body:
      string: "{\r\n  \"name\": \"clitestvnet6\",\r\n  \"id\": \"/subscriptions/00000000-0000-0000-0000-000000000000/resourceGroups/clitest.rg000001/providers/Microsoft.Network/virtualNetworks/clitestvnet6\",\r\n
        \ \"etag\": \"W/\\\"a86b1550-bf41-4d3d-88f5-440fa44c3868\\\"\",\r\n  \"type\":
        \"Microsoft.Network/virtualNetworks\",\r\n  \"location\": \"eastus2euap\",\r\n
        \ \"properties\": {\r\n    \"provisioningState\": \"Updating\",\r\n    \"resourceGuid\":
        \"0d746877-c819-46c0-a10c-a4d30ad91ceb\",\r\n    \"addressSpace\": {\r\n      \"addressPrefixes\":
        [\r\n        \"10.0.0.0/16\"\r\n      ]\r\n    },\r\n    \"subnets\": [],\r\n
        \   \"virtualNetworkPeerings\": [],\r\n    \"enableDdosProtection\": false\r\n
        \ }\r\n}"
    headers:
      azure-asyncnotification:
      - Enabled
      azure-asyncoperation:
      - https://management.azure.com/subscriptions/00000000-0000-0000-0000-000000000000/providers/Microsoft.Network/locations/eastus2euap/operations/31159e22-1e80-4940-bf85-d78345311409?api-version=2020-08-01
      cache-control:
      - no-cache
      content-length:
      - '682'
      content-type:
      - application/json; charset=utf-8
      date:
      - Wed, 10 Feb 2021 01:51:56 GMT
      expires:
      - '-1'
      pragma:
      - no-cache
      server:
      - Microsoft-HTTPAPI/2.0
      - Microsoft-HTTPAPI/2.0
      strict-transport-security:
      - max-age=31536000; includeSubDomains
      x-content-type-options:
      - nosniff
      x-ms-arm-service-request-id:
      - eeba4d51-3a2f-41c7-abe4-cc9deba0aadd
      x-ms-ratelimit-remaining-subscription-writes:
      - '1190'
    status:
      code: 201
      message: Created
- request:
    body: '{"name": "Subnetetserver6mysql", "properties": {"addressPrefix": "10.0.0.0/24",
      "serviceEndpoints": [{"service": "Microsoft.Storage"}], "delegations": [{"name":
      "Microsoft.DBforMySQL/flexibleServers", "properties": {"serviceName": "Microsoft.DBforMySQL/flexibleServers"}}]}}'
    headers:
      Accept:
      - application/json
      Accept-Encoding:
      - gzip, deflate
      CommandName:
      - mysql flexible-server create
      Connection:
      - keep-alive
      Content-Length:
      - '274'
      Content-Type:
      - application/json
      ParameterSetName:
      - -g -n -l --vnet
      User-Agent:
      - AZURECLI/2.19.0 azsdk-python-azure-mgmt-network/17.1.0 Python/3.7.3 (Windows-10-10.0.19041-SP0)
    method: PUT
    uri: https://management.azure.com/subscriptions/00000000-0000-0000-0000-000000000000/resourceGroups/clitest.rg000001/providers/Microsoft.Network/virtualNetworks/clitestvnet6/subnets/Subnetetserver6mysql?api-version=2020-08-01
  response:
    body:
      string: "{\r\n  \"name\": \"Subnetetserver6mysql\",\r\n  \"id\": \"/subscriptions/00000000-0000-0000-0000-000000000000/resourceGroups/clitest.rg000001/providers/Microsoft.Network/virtualNetworks/clitestvnet6/subnets/Subnetetserver6mysql\",\r\n
        \ \"etag\": \"W/\\\"4ffeea21-f355-463f-981f-d1aca34fc748\\\"\",\r\n  \"properties\":
        {\r\n    \"provisioningState\": \"Updating\",\r\n    \"addressPrefix\": \"10.0.0.0/24\",\r\n
        \   \"serviceEndpoints\": [\r\n      {\r\n        \"provisioningState\": \"Updating\",\r\n
        \       \"service\": \"Microsoft.Storage\",\r\n        \"locations\": [\r\n
        \         \"eastus2euap\",\r\n          \"centraluseuap\"\r\n        ]\r\n
        \     }\r\n    ],\r\n    \"delegations\": [\r\n      {\r\n        \"name\":
        \"Microsoft.DBforMySQL/flexibleServers\",\r\n        \"id\": \"/subscriptions/00000000-0000-0000-0000-000000000000/resourceGroups/clitest.rg000001/providers/Microsoft.Network/virtualNetworks/clitestvnet6/subnets/Subnetetserver6mysql/delegations/Microsoft.DBforMySQL/flexibleServers\",\r\n
        \       \"etag\": \"W/\\\"4ffeea21-f355-463f-981f-d1aca34fc748\\\"\",\r\n
        \       \"properties\": {\r\n          \"provisioningState\": \"Succeeded\",\r\n
        \         \"serviceName\": \"Microsoft.DBforMySQL/flexibleServers\",\r\n          \"actions\":
        [\r\n            \"Microsoft.Network/virtualNetworks/subnets/join/action\"\r\n
        \         ]\r\n        },\r\n        \"type\": \"Microsoft.Network/virtualNetworks/subnets/delegations\"\r\n
        \     }\r\n    ],\r\n    \"privateEndpointNetworkPolicies\": \"Enabled\",\r\n
        \   \"privateLinkServiceNetworkPolicies\": \"Enabled\"\r\n  },\r\n  \"type\":
        \"Microsoft.Network/virtualNetworks/subnets\"\r\n}"
    headers:
      azure-asyncoperation:
      - https://management.azure.com/subscriptions/00000000-0000-0000-0000-000000000000/providers/Microsoft.Network/locations/eastus2euap/operations/277a1b38-0eb8-4539-869a-705172b3f500?api-version=2020-08-01
      cache-control:
      - no-cache
      content-length:
      - '1609'
      content-type:
      - application/json; charset=utf-8
      date:
      - Wed, 10 Feb 2021 01:51:56 GMT
      expires:
      - '-1'
      pragma:
      - no-cache
      server:
      - Microsoft-HTTPAPI/2.0
      - Microsoft-HTTPAPI/2.0
      strict-transport-security:
      - max-age=31536000; includeSubDomains
      x-content-type-options:
      - nosniff
      x-ms-arm-service-request-id:
      - 8b3df56b-e793-408c-89bb-95224bbeed55
      x-ms-ratelimit-remaining-subscription-writes:
      - '1189'
    status:
      code: 201
      message: Created
- request:
    body: null
    headers:
      Accept:
      - '*/*'
      Accept-Encoding:
      - gzip, deflate
      CommandName:
      - mysql flexible-server create
      Connection:
      - keep-alive
      ParameterSetName:
      - -g -n -l --vnet
      User-Agent:
      - AZURECLI/2.19.0 azsdk-python-azure-mgmt-network/17.1.0 Python/3.7.3 (Windows-10-10.0.19041-SP0)
    method: GET
    uri: https://management.azure.com/subscriptions/00000000-0000-0000-0000-000000000000/providers/Microsoft.Network/locations/eastus2euap/operations/31159e22-1e80-4940-bf85-d78345311409?api-version=2020-08-01
  response:
    body:
      string: "{\r\n  \"status\": \"Succeeded\"\r\n}"
    headers:
      cache-control:
      - no-cache
      content-length:
      - '29'
      content-type:
      - application/json; charset=utf-8
      date:
      - Wed, 10 Feb 2021 01:51:59 GMT
      expires:
      - '-1'
      pragma:
      - no-cache
      server:
      - Microsoft-HTTPAPI/2.0
      - Microsoft-HTTPAPI/2.0
      strict-transport-security:
      - max-age=31536000; includeSubDomains
      transfer-encoding:
      - chunked
      vary:
      - Accept-Encoding
      x-content-type-options:
      - nosniff
      x-ms-arm-service-request-id:
      - 94c95358-1438-4457-ba8d-bb4f454618c0
    status:
      code: 200
      message: OK
- request:
    body: null
    headers:
      Accept:
      - '*/*'
      Accept-Encoding:
      - gzip, deflate
      CommandName:
      - mysql flexible-server create
      Connection:
      - keep-alive
      ParameterSetName:
      - -g -n -l --vnet
      User-Agent:
      - AZURECLI/2.19.0 azsdk-python-azure-mgmt-network/17.1.0 Python/3.7.3 (Windows-10-10.0.19041-SP0)
    method: GET
    uri: https://management.azure.com/subscriptions/00000000-0000-0000-0000-000000000000/resourceGroups/clitest.rg000001/providers/Microsoft.Network/virtualNetworks/clitestvnet6?api-version=2020-08-01
  response:
    body:
      string: "{\r\n  \"name\": \"clitestvnet6\",\r\n  \"id\": \"/subscriptions/00000000-0000-0000-0000-000000000000/resourceGroups/clitest.rg000001/providers/Microsoft.Network/virtualNetworks/clitestvnet6\",\r\n
        \ \"etag\": \"W/\\\"76d7dfb8-6e32-40f1-973d-1183ae5a8c65\\\"\",\r\n  \"type\":
        \"Microsoft.Network/virtualNetworks\",\r\n  \"location\": \"eastus2euap\",\r\n
        \ \"properties\": {\r\n    \"provisioningState\": \"Succeeded\",\r\n    \"resourceGuid\":
        \"0d746877-c819-46c0-a10c-a4d30ad91ceb\",\r\n    \"addressSpace\": {\r\n      \"addressPrefixes\":
        [\r\n        \"10.0.0.0/16\"\r\n      ]\r\n    },\r\n    \"subnets\": [\r\n
        \     {\r\n        \"name\": \"Subnetetserver6mysql\",\r\n        \"id\":
        \"/subscriptions/00000000-0000-0000-0000-000000000000/resourceGroups/clitest.rg000001/providers/Microsoft.Network/virtualNetworks/clitestvnet6/subnets/Subnetetserver6mysql\",\r\n
        \       \"etag\": \"W/\\\"76d7dfb8-6e32-40f1-973d-1183ae5a8c65\\\"\",\r\n
        \       \"properties\": {\r\n          \"provisioningState\": \"Succeeded\",\r\n
        \         \"addressPrefix\": \"10.0.0.0/24\",\r\n          \"serviceEndpoints\":
        [\r\n            {\r\n              \"provisioningState\": \"Succeeded\",\r\n
        \             \"service\": \"Microsoft.Storage\",\r\n              \"locations\":
        [\r\n                \"eastus2euap\",\r\n                \"centraluseuap\"\r\n
        \             ]\r\n            }\r\n          ],\r\n          \"delegations\":
        [\r\n            {\r\n              \"name\": \"Microsoft.DBforMySQL/flexibleServers\",\r\n
        \             \"id\": \"/subscriptions/00000000-0000-0000-0000-000000000000/resourceGroups/clitest.rg000001/providers/Microsoft.Network/virtualNetworks/clitestvnet6/subnets/Subnetetserver6mysql/delegations/Microsoft.DBforMySQL/flexibleServers\",\r\n
        \             \"etag\": \"W/\\\"76d7dfb8-6e32-40f1-973d-1183ae5a8c65\\\"\",\r\n
        \             \"properties\": {\r\n                \"provisioningState\":
        \"Succeeded\",\r\n                \"serviceName\": \"Microsoft.DBforMySQL/flexibleServers\",\r\n
        \               \"actions\": [\r\n                  \"Microsoft.Network/virtualNetworks/subnets/join/action\"\r\n
        \               ]\r\n              },\r\n              \"type\": \"Microsoft.Network/virtualNetworks/subnets/delegations\"\r\n
        \           }\r\n          ],\r\n          \"privateEndpointNetworkPolicies\":
        \"Enabled\",\r\n          \"privateLinkServiceNetworkPolicies\": \"Enabled\"\r\n
        \       },\r\n        \"type\": \"Microsoft.Network/virtualNetworks/subnets\"\r\n
        \     }\r\n    ],\r\n    \"virtualNetworkPeerings\": [],\r\n    \"enableDdosProtection\":
        false\r\n  }\r\n}"
    headers:
      cache-control:
      - no-cache
      content-length:
      - '2524'
      content-type:
      - application/json; charset=utf-8
      date:
      - Wed, 10 Feb 2021 01:52:00 GMT
      etag:
      - W/"76d7dfb8-6e32-40f1-973d-1183ae5a8c65"
      expires:
      - '-1'
      pragma:
      - no-cache
      server:
      - Microsoft-HTTPAPI/2.0
      - Microsoft-HTTPAPI/2.0
      strict-transport-security:
      - max-age=31536000; includeSubDomains
      transfer-encoding:
      - chunked
      vary:
      - Accept-Encoding
      x-content-type-options:
      - nosniff
      x-ms-arm-service-request-id:
      - 25fdb498-dca6-4a4f-9664-747532a3d6c7
    status:
      code: 200
      message: OK
- request:
    body: null
    headers:
      Accept:
      - '*/*'
      Accept-Encoding:
      - gzip, deflate
      CommandName:
      - mysql flexible-server create
      Connection:
      - keep-alive
      ParameterSetName:
      - -g -n -l --vnet
      User-Agent:
      - AZURECLI/2.19.0 azsdk-python-azure-mgmt-network/17.1.0 Python/3.7.3 (Windows-10-10.0.19041-SP0)
    method: GET
    uri: https://management.azure.com/subscriptions/00000000-0000-0000-0000-000000000000/providers/Microsoft.Network/locations/eastus2euap/operations/277a1b38-0eb8-4539-869a-705172b3f500?api-version=2020-08-01
  response:
    body:
      string: "{\r\n  \"status\": \"Succeeded\"\r\n}"
    headers:
      cache-control:
      - no-cache
      content-length:
      - '29'
      content-type:
      - application/json; charset=utf-8
      date:
      - Wed, 10 Feb 2021 01:51:59 GMT
      expires:
      - '-1'
      pragma:
      - no-cache
      server:
      - Microsoft-HTTPAPI/2.0
      - Microsoft-HTTPAPI/2.0
      strict-transport-security:
      - max-age=31536000; includeSubDomains
      transfer-encoding:
      - chunked
      vary:
      - Accept-Encoding
      x-content-type-options:
      - nosniff
      x-ms-arm-service-request-id:
      - 18889c56-4e62-4e4c-a5ab-278fad55045e
    status:
      code: 200
      message: OK
- request:
    body: null
    headers:
      Accept:
      - '*/*'
      Accept-Encoding:
      - gzip, deflate
      CommandName:
      - mysql flexible-server create
      Connection:
      - keep-alive
      ParameterSetName:
      - -g -n -l --vnet
      User-Agent:
      - AZURECLI/2.19.0 azsdk-python-azure-mgmt-network/17.1.0 Python/3.7.3 (Windows-10-10.0.19041-SP0)
    method: GET
    uri: https://management.azure.com/subscriptions/00000000-0000-0000-0000-000000000000/resourceGroups/clitest.rg000001/providers/Microsoft.Network/virtualNetworks/clitestvnet6/subnets/Subnetetserver6mysql?api-version=2020-08-01
  response:
    body:
      string: "{\r\n  \"name\": \"Subnetetserver6mysql\",\r\n  \"id\": \"/subscriptions/00000000-0000-0000-0000-000000000000/resourceGroups/clitest.rg000001/providers/Microsoft.Network/virtualNetworks/clitestvnet6/subnets/Subnetetserver6mysql\",\r\n
        \ \"etag\": \"W/\\\"76d7dfb8-6e32-40f1-973d-1183ae5a8c65\\\"\",\r\n  \"properties\":
        {\r\n    \"provisioningState\": \"Succeeded\",\r\n    \"addressPrefix\": \"10.0.0.0/24\",\r\n
        \   \"serviceEndpoints\": [\r\n      {\r\n        \"provisioningState\": \"Succeeded\",\r\n
        \       \"service\": \"Microsoft.Storage\",\r\n        \"locations\": [\r\n
        \         \"eastus2euap\",\r\n          \"centraluseuap\"\r\n        ]\r\n
        \     }\r\n    ],\r\n    \"delegations\": [\r\n      {\r\n        \"name\":
        \"Microsoft.DBforMySQL/flexibleServers\",\r\n        \"id\": \"/subscriptions/00000000-0000-0000-0000-000000000000/resourceGroups/clitest.rg000001/providers/Microsoft.Network/virtualNetworks/clitestvnet6/subnets/Subnetetserver6mysql/delegations/Microsoft.DBforMySQL/flexibleServers\",\r\n
        \       \"etag\": \"W/\\\"76d7dfb8-6e32-40f1-973d-1183ae5a8c65\\\"\",\r\n
        \       \"properties\": {\r\n          \"provisioningState\": \"Succeeded\",\r\n
        \         \"serviceName\": \"Microsoft.DBforMySQL/flexibleServers\",\r\n          \"actions\":
        [\r\n            \"Microsoft.Network/virtualNetworks/subnets/join/action\"\r\n
        \         ]\r\n        },\r\n        \"type\": \"Microsoft.Network/virtualNetworks/subnets/delegations\"\r\n
        \     }\r\n    ],\r\n    \"privateEndpointNetworkPolicies\": \"Enabled\",\r\n
        \   \"privateLinkServiceNetworkPolicies\": \"Enabled\"\r\n  },\r\n  \"type\":
        \"Microsoft.Network/virtualNetworks/subnets\"\r\n}"
    headers:
      cache-control:
      - no-cache
      content-length:
      - '1611'
      content-type:
      - application/json; charset=utf-8
      date:
      - Wed, 10 Feb 2021 01:52:00 GMT
      etag:
      - W/"76d7dfb8-6e32-40f1-973d-1183ae5a8c65"
      expires:
      - '-1'
      pragma:
      - no-cache
      server:
      - Microsoft-HTTPAPI/2.0
      - Microsoft-HTTPAPI/2.0
      strict-transport-security:
      - max-age=31536000; includeSubDomains
      transfer-encoding:
      - chunked
      vary:
      - Accept-Encoding
      x-content-type-options:
      - nosniff
      x-ms-arm-service-request-id:
      - 2f0840d1-8e85-4c48-b50c-98e2fb7a4392
    status:
      code: 200
      message: OK
- request:
    body: null
    headers:
      Accept:
      - application/json
      Accept-Encoding:
      - gzip, deflate
      CommandName:
      - mysql flexible-server create
      Connection:
      - keep-alive
      ParameterSetName:
      - -g -n -l --vnet
      User-Agent:
      - python/3.7.3 (Windows-10-10.0.19041-SP0) msrest/0.6.18 msrest_azure/0.6.3
        azure-mgmt-resource/12.0.0 Azure-SDK-For-Python AZURECLI/2.19.0
      accept-language:
      - en-US
    method: GET
    uri: https://management.azure.com/subscriptions/00000000-0000-0000-0000-000000000000/resourcegroups/clitest.rg000001?api-version=2020-10-01
  response:
    body:
      string: '{"id":"/subscriptions/00000000-0000-0000-0000-000000000000/resourceGroups/clitest.rg000001","name":"clitest.rg000001","type":"Microsoft.Resources/resourceGroups","location":"eastus2euap","tags":{"product":"azurecli","cause":"automation","date":"2021-02-10T01:37:40Z"},"properties":{"provisioningState":"Succeeded"}}'
    headers:
      cache-control:
      - no-cache
      content-length:
      - '433'
      content-type:
      - application/json; charset=utf-8
      date:
      - Wed, 10 Feb 2021 01:52:00 GMT
      expires:
      - '-1'
      pragma:
      - no-cache
      strict-transport-security:
      - max-age=31536000; includeSubDomains
      vary:
      - Accept-Encoding
      x-content-type-options:
      - nosniff
    status:
      code: 200
      message: OK
- request:
    body: '{"location": "eastus2euap", "sku": {"name": "Standard_B1ms", "tier": "Burstable"},
      "properties": {"administratorLogin": "rigidLapwing1", "administratorLoginPassword":
      "1thD8lLRvFehuLl23vHMuw", "version": "5.7", "haEnabled": "Disabled", "storageProfile":
      {"backupRetentionDays": 7, "storageMB": 10240, "storageIops": 100}, "delegatedSubnetArguments":
      {"subnetArmResourceId": "/subscriptions/00000000-0000-0000-0000-000000000000/resourceGroups/clitest.rg000001/providers/Microsoft.Network/virtualNetworks/clitestvnet6/subnets/Subnetetserver6mysql"},
      "createMode": "Default"}}'
    headers:
      Accept:
      - application/json
      Accept-Encoding:
      - gzip, deflate
      CommandName:
      - mysql flexible-server create
      Connection:
      - keep-alive
      Content-Length:
      - '632'
      Content-Type:
      - application/json; charset=utf-8
      ParameterSetName:
      - -g -n -l --vnet
      User-Agent:
      - python/3.7.3 (Windows-10-10.0.19041-SP0) msrest/0.6.18 msrest_azure/0.6.3
        azure-mgmt-rdbms/2020-07-01-privatepreview Azure-SDK-For-Python AZURECLI/2.19.0
      accept-language:
      - en-US
    method: PUT
    uri: https://management.azure.com/subscriptions/00000000-0000-0000-0000-000000000000/resourceGroups/clitest.rg000001/providers/Microsoft.DBForMySql/flexibleServers/testvnetserver6mysql?api-version=2020-07-01-privatepreview
  response:
    body:
      string: '{"operation":"UpsertServerManagementOperationV2","startTime":"2021-02-10T01:52:09.837Z"}'
    headers:
      azure-asyncoperation:
      - https://management.azure.com/subscriptions/00000000-0000-0000-0000-000000000000/providers/Microsoft.DBforMySQL/locations/eastus2euap/azureAsyncOperation/d09c9c40-8b13-4057-a4ea-7d71aabcf60a?api-version=2020-07-01-privatepreview
      cache-control:
      - no-cache
      content-length:
      - '88'
      content-type:
      - application/json; charset=utf-8
      date:
      - Wed, 10 Feb 2021 01:52:09 GMT
      expires:
      - '-1'
      location:
      - https://management.azure.com/subscriptions/00000000-0000-0000-0000-000000000000/providers/Microsoft.DBforMySQL/locations/eastus2euap/operationResults/d09c9c40-8b13-4057-a4ea-7d71aabcf60a?api-version=2020-07-01-privatepreview
      pragma:
      - no-cache
      server:
      - Microsoft-HTTPAPI/2.0
      strict-transport-security:
      - max-age=31536000; includeSubDomains
      x-content-type-options:
      - nosniff
      x-ms-ratelimit-remaining-subscription-writes:
      - '1198'
    status:
      code: 202
      message: Accepted
- request:
    body: null
    headers:
      Accept:
      - application/json
      Accept-Encoding:
      - gzip, deflate
      CommandName:
      - mysql flexible-server create
      Connection:
      - keep-alive
      ParameterSetName:
      - -g -n -l --vnet
      User-Agent:
      - python/3.7.3 (Windows-10-10.0.19041-SP0) msrest/0.6.18 msrest_azure/0.6.3
        azure-mgmt-rdbms/2020-07-01-privatepreview Azure-SDK-For-Python AZURECLI/2.19.0
    method: GET
    uri: https://management.azure.com/subscriptions/00000000-0000-0000-0000-000000000000/providers/Microsoft.DBforMySQL/locations/eastus2euap/azureAsyncOperation/d09c9c40-8b13-4057-a4ea-7d71aabcf60a?api-version=2020-07-01-privatepreview
  response:
    body:
      string: '{"name":"d09c9c40-8b13-4057-a4ea-7d71aabcf60a","status":"InProgress","startTime":"2021-02-10T01:52:09.837Z"}'
    headers:
      cache-control:
      - no-cache
      content-length:
      - '108'
      content-type:
      - application/json; charset=utf-8
      date:
      - Wed, 10 Feb 2021 01:53:10 GMT
      expires:
      - '-1'
      pragma:
      - no-cache
      server:
      - Microsoft-HTTPAPI/2.0
      strict-transport-security:
      - max-age=31536000; includeSubDomains
      transfer-encoding:
      - chunked
      vary:
      - Accept-Encoding
      x-content-type-options:
      - nosniff
    status:
      code: 200
      message: OK
- request:
    body: null
    headers:
      Accept:
      - application/json
      Accept-Encoding:
      - gzip, deflate
      CommandName:
      - mysql flexible-server create
      Connection:
      - keep-alive
      ParameterSetName:
      - -g -n -l --vnet
      User-Agent:
      - python/3.7.3 (Windows-10-10.0.19041-SP0) msrest/0.6.18 msrest_azure/0.6.3
        azure-mgmt-rdbms/2020-07-01-privatepreview Azure-SDK-For-Python AZURECLI/2.19.0
    method: GET
    uri: https://management.azure.com/subscriptions/00000000-0000-0000-0000-000000000000/providers/Microsoft.DBforMySQL/locations/eastus2euap/azureAsyncOperation/d09c9c40-8b13-4057-a4ea-7d71aabcf60a?api-version=2020-07-01-privatepreview
  response:
    body:
      string: '{"name":"d09c9c40-8b13-4057-a4ea-7d71aabcf60a","status":"InProgress","startTime":"2021-02-10T01:52:09.837Z"}'
    headers:
      cache-control:
      - no-cache
      content-length:
      - '108'
      content-type:
      - application/json; charset=utf-8
      date:
      - Wed, 10 Feb 2021 01:54:12 GMT
      expires:
      - '-1'
      pragma:
      - no-cache
      server:
      - Microsoft-HTTPAPI/2.0
      strict-transport-security:
      - max-age=31536000; includeSubDomains
      transfer-encoding:
      - chunked
      vary:
      - Accept-Encoding
      x-content-type-options:
      - nosniff
    status:
      code: 200
      message: OK
- request:
    body: null
    headers:
      Accept:
      - application/json
      Accept-Encoding:
      - gzip, deflate
      CommandName:
      - mysql flexible-server create
      Connection:
      - keep-alive
      ParameterSetName:
      - -g -n -l --vnet
      User-Agent:
      - python/3.7.3 (Windows-10-10.0.19041-SP0) msrest/0.6.18 msrest_azure/0.6.3
        azure-mgmt-rdbms/2020-07-01-privatepreview Azure-SDK-For-Python AZURECLI/2.19.0
    method: GET
    uri: https://management.azure.com/subscriptions/00000000-0000-0000-0000-000000000000/providers/Microsoft.DBforMySQL/locations/eastus2euap/azureAsyncOperation/d09c9c40-8b13-4057-a4ea-7d71aabcf60a?api-version=2020-07-01-privatepreview
  response:
    body:
      string: '{"name":"d09c9c40-8b13-4057-a4ea-7d71aabcf60a","status":"InProgress","startTime":"2021-02-10T01:52:09.837Z"}'
    headers:
      cache-control:
      - no-cache
      content-length:
      - '108'
      content-type:
      - application/json; charset=utf-8
      date:
      - Wed, 10 Feb 2021 01:55:12 GMT
      expires:
      - '-1'
      pragma:
      - no-cache
      server:
      - Microsoft-HTTPAPI/2.0
      strict-transport-security:
      - max-age=31536000; includeSubDomains
      transfer-encoding:
      - chunked
      vary:
      - Accept-Encoding
      x-content-type-options:
      - nosniff
    status:
      code: 200
      message: OK
- request:
    body: null
    headers:
      Accept:
      - application/json
      Accept-Encoding:
      - gzip, deflate
      CommandName:
      - mysql flexible-server create
      Connection:
      - keep-alive
      ParameterSetName:
      - -g -n -l --vnet
      User-Agent:
      - python/3.7.3 (Windows-10-10.0.19041-SP0) msrest/0.6.18 msrest_azure/0.6.3
        azure-mgmt-rdbms/2020-07-01-privatepreview Azure-SDK-For-Python AZURECLI/2.19.0
    method: GET
    uri: https://management.azure.com/subscriptions/00000000-0000-0000-0000-000000000000/providers/Microsoft.DBforMySQL/locations/eastus2euap/azureAsyncOperation/d09c9c40-8b13-4057-a4ea-7d71aabcf60a?api-version=2020-07-01-privatepreview
  response:
    body:
      string: '{"name":"d09c9c40-8b13-4057-a4ea-7d71aabcf60a","status":"InProgress","startTime":"2021-02-10T01:52:09.837Z"}'
    headers:
      cache-control:
      - no-cache
      content-length:
      - '108'
      content-type:
      - application/json; charset=utf-8
      date:
      - Wed, 10 Feb 2021 01:56:14 GMT
      expires:
      - '-1'
      pragma:
      - no-cache
      server:
      - Microsoft-HTTPAPI/2.0
      strict-transport-security:
      - max-age=31536000; includeSubDomains
      transfer-encoding:
      - chunked
      vary:
      - Accept-Encoding
      x-content-type-options:
      - nosniff
    status:
      code: 200
      message: OK
- request:
    body: null
    headers:
      Accept:
      - application/json
      Accept-Encoding:
      - gzip, deflate
      CommandName:
      - mysql flexible-server create
      Connection:
      - keep-alive
      ParameterSetName:
      - -g -n -l --vnet
      User-Agent:
      - python/3.7.3 (Windows-10-10.0.19041-SP0) msrest/0.6.18 msrest_azure/0.6.3
        azure-mgmt-rdbms/2020-07-01-privatepreview Azure-SDK-For-Python AZURECLI/2.19.0
    method: GET
    uri: https://management.azure.com/subscriptions/00000000-0000-0000-0000-000000000000/providers/Microsoft.DBforMySQL/locations/eastus2euap/azureAsyncOperation/d09c9c40-8b13-4057-a4ea-7d71aabcf60a?api-version=2020-07-01-privatepreview
  response:
    body:
      string: '{"name":"d09c9c40-8b13-4057-a4ea-7d71aabcf60a","status":"InProgress","startTime":"2021-02-10T01:52:09.837Z"}'
    headers:
      cache-control:
      - no-cache
      content-length:
      - '108'
      content-type:
      - application/json; charset=utf-8
      date:
      - Wed, 10 Feb 2021 01:57:14 GMT
      expires:
      - '-1'
      pragma:
      - no-cache
      server:
      - Microsoft-HTTPAPI/2.0
      strict-transport-security:
      - max-age=31536000; includeSubDomains
      transfer-encoding:
      - chunked
      vary:
      - Accept-Encoding
      x-content-type-options:
      - nosniff
    status:
      code: 200
      message: OK
- request:
    body: null
    headers:
      Accept:
      - application/json
      Accept-Encoding:
      - gzip, deflate
      CommandName:
      - mysql flexible-server create
      Connection:
      - keep-alive
      ParameterSetName:
      - -g -n -l --vnet
      User-Agent:
      - python/3.7.3 (Windows-10-10.0.19041-SP0) msrest/0.6.18 msrest_azure/0.6.3
        azure-mgmt-rdbms/2020-07-01-privatepreview Azure-SDK-For-Python AZURECLI/2.19.0
    method: GET
    uri: https://management.azure.com/subscriptions/00000000-0000-0000-0000-000000000000/providers/Microsoft.DBforMySQL/locations/eastus2euap/azureAsyncOperation/d09c9c40-8b13-4057-a4ea-7d71aabcf60a?api-version=2020-07-01-privatepreview
  response:
    body:
      string: '{"name":"d09c9c40-8b13-4057-a4ea-7d71aabcf60a","status":"InProgress","startTime":"2021-02-10T01:52:09.837Z"}'
    headers:
      cache-control:
      - no-cache
      content-length:
      - '108'
      content-type:
      - application/json; charset=utf-8
      date:
      - Wed, 10 Feb 2021 01:58:16 GMT
      expires:
      - '-1'
      pragma:
      - no-cache
      server:
      - Microsoft-HTTPAPI/2.0
      strict-transport-security:
      - max-age=31536000; includeSubDomains
      transfer-encoding:
      - chunked
      vary:
      - Accept-Encoding
      x-content-type-options:
      - nosniff
    status:
      code: 200
      message: OK
- request:
    body: null
    headers:
      Accept:
      - application/json
      Accept-Encoding:
      - gzip, deflate
      CommandName:
      - mysql flexible-server create
      Connection:
      - keep-alive
      ParameterSetName:
      - -g -n -l --vnet
      User-Agent:
      - python/3.7.3 (Windows-10-10.0.19041-SP0) msrest/0.6.18 msrest_azure/0.6.3
        azure-mgmt-rdbms/2020-07-01-privatepreview Azure-SDK-For-Python AZURECLI/2.19.0
    method: GET
    uri: https://management.azure.com/subscriptions/00000000-0000-0000-0000-000000000000/providers/Microsoft.DBforMySQL/locations/eastus2euap/azureAsyncOperation/d09c9c40-8b13-4057-a4ea-7d71aabcf60a?api-version=2020-07-01-privatepreview
  response:
    body:
      string: '{"name":"d09c9c40-8b13-4057-a4ea-7d71aabcf60a","status":"InProgress","startTime":"2021-02-10T01:52:09.837Z"}'
    headers:
      cache-control:
      - no-cache
      content-length:
      - '108'
      content-type:
      - application/json; charset=utf-8
      date:
      - Wed, 10 Feb 2021 01:59:16 GMT
      expires:
      - '-1'
      pragma:
      - no-cache
      server:
      - Microsoft-HTTPAPI/2.0
      strict-transport-security:
      - max-age=31536000; includeSubDomains
      transfer-encoding:
      - chunked
      vary:
      - Accept-Encoding
      x-content-type-options:
      - nosniff
    status:
      code: 200
      message: OK
- request:
    body: null
    headers:
      Accept:
      - application/json
      Accept-Encoding:
      - gzip, deflate
      CommandName:
      - mysql flexible-server create
      Connection:
      - keep-alive
      ParameterSetName:
      - -g -n -l --vnet
      User-Agent:
      - python/3.7.3 (Windows-10-10.0.19041-SP0) msrest/0.6.18 msrest_azure/0.6.3
        azure-mgmt-rdbms/2020-07-01-privatepreview Azure-SDK-For-Python AZURECLI/2.19.0
    method: GET
    uri: https://management.azure.com/subscriptions/00000000-0000-0000-0000-000000000000/providers/Microsoft.DBforMySQL/locations/eastus2euap/azureAsyncOperation/d09c9c40-8b13-4057-a4ea-7d71aabcf60a?api-version=2020-07-01-privatepreview
  response:
    body:
      string: '{"name":"d09c9c40-8b13-4057-a4ea-7d71aabcf60a","status":"InProgress","startTime":"2021-02-10T01:52:09.837Z"}'
    headers:
      cache-control:
      - no-cache
      content-length:
      - '108'
      content-type:
      - application/json; charset=utf-8
      date:
      - Wed, 10 Feb 2021 02:00:18 GMT
      expires:
      - '-1'
      pragma:
      - no-cache
      server:
      - Microsoft-HTTPAPI/2.0
      strict-transport-security:
      - max-age=31536000; includeSubDomains
      transfer-encoding:
      - chunked
      vary:
      - Accept-Encoding
      x-content-type-options:
      - nosniff
    status:
      code: 200
      message: OK
- request:
    body: null
    headers:
      Accept:
      - application/json
      Accept-Encoding:
      - gzip, deflate
      CommandName:
      - mysql flexible-server create
      Connection:
      - keep-alive
      ParameterSetName:
      - -g -n -l --vnet
      User-Agent:
      - python/3.7.3 (Windows-10-10.0.19041-SP0) msrest/0.6.18 msrest_azure/0.6.3
        azure-mgmt-rdbms/2020-07-01-privatepreview Azure-SDK-For-Python AZURECLI/2.19.0
    method: GET
    uri: https://management.azure.com/subscriptions/00000000-0000-0000-0000-000000000000/providers/Microsoft.DBforMySQL/locations/eastus2euap/azureAsyncOperation/d09c9c40-8b13-4057-a4ea-7d71aabcf60a?api-version=2020-07-01-privatepreview
  response:
    body:
      string: '{"name":"d09c9c40-8b13-4057-a4ea-7d71aabcf60a","status":"InProgress","startTime":"2021-02-10T01:52:09.837Z"}'
    headers:
      cache-control:
      - no-cache
      content-length:
      - '108'
      content-type:
      - application/json; charset=utf-8
      date:
      - Wed, 10 Feb 2021 02:01:18 GMT
      expires:
      - '-1'
      pragma:
      - no-cache
      server:
      - Microsoft-HTTPAPI/2.0
      strict-transport-security:
      - max-age=31536000; includeSubDomains
      transfer-encoding:
      - chunked
      vary:
      - Accept-Encoding
      x-content-type-options:
      - nosniff
    status:
      code: 200
      message: OK
- request:
    body: null
    headers:
      Accept:
      - application/json
      Accept-Encoding:
      - gzip, deflate
      CommandName:
      - mysql flexible-server create
      Connection:
      - keep-alive
      ParameterSetName:
      - -g -n -l --vnet
      User-Agent:
      - python/3.7.3 (Windows-10-10.0.19041-SP0) msrest/0.6.18 msrest_azure/0.6.3
        azure-mgmt-rdbms/2020-07-01-privatepreview Azure-SDK-For-Python AZURECLI/2.19.0
    method: GET
    uri: https://management.azure.com/subscriptions/00000000-0000-0000-0000-000000000000/providers/Microsoft.DBforMySQL/locations/eastus2euap/azureAsyncOperation/d09c9c40-8b13-4057-a4ea-7d71aabcf60a?api-version=2020-07-01-privatepreview
  response:
    body:
      string: '{"name":"d09c9c40-8b13-4057-a4ea-7d71aabcf60a","status":"InProgress","startTime":"2021-02-10T01:52:09.837Z"}'
    headers:
      cache-control:
      - no-cache
      content-length:
      - '108'
      content-type:
      - application/json; charset=utf-8
      date:
      - Wed, 10 Feb 2021 02:02:20 GMT
      expires:
      - '-1'
      pragma:
      - no-cache
      server:
      - Microsoft-HTTPAPI/2.0
      strict-transport-security:
      - max-age=31536000; includeSubDomains
      transfer-encoding:
      - chunked
      vary:
      - Accept-Encoding
      x-content-type-options:
      - nosniff
    status:
      code: 200
      message: OK
- request:
    body: null
    headers:
      Accept:
      - application/json
      Accept-Encoding:
      - gzip, deflate
      CommandName:
      - mysql flexible-server create
      Connection:
      - keep-alive
      ParameterSetName:
      - -g -n -l --vnet
      User-Agent:
      - python/3.7.3 (Windows-10-10.0.19041-SP0) msrest/0.6.18 msrest_azure/0.6.3
        azure-mgmt-rdbms/2020-07-01-privatepreview Azure-SDK-For-Python AZURECLI/2.19.0
    method: GET
    uri: https://management.azure.com/subscriptions/00000000-0000-0000-0000-000000000000/providers/Microsoft.DBforMySQL/locations/eastus2euap/azureAsyncOperation/d09c9c40-8b13-4057-a4ea-7d71aabcf60a?api-version=2020-07-01-privatepreview
  response:
    body:
      string: '{"name":"d09c9c40-8b13-4057-a4ea-7d71aabcf60a","status":"InProgress","startTime":"2021-02-10T01:52:09.837Z"}'
    headers:
      cache-control:
      - no-cache
      content-length:
      - '108'
      content-type:
      - application/json; charset=utf-8
      date:
      - Wed, 10 Feb 2021 02:03:20 GMT
      expires:
      - '-1'
      pragma:
      - no-cache
      server:
      - Microsoft-HTTPAPI/2.0
      strict-transport-security:
      - max-age=31536000; includeSubDomains
      transfer-encoding:
      - chunked
      vary:
      - Accept-Encoding
      x-content-type-options:
      - nosniff
    status:
      code: 200
      message: OK
- request:
    body: null
    headers:
      Accept:
      - application/json
      Accept-Encoding:
      - gzip, deflate
      CommandName:
      - mysql flexible-server create
      Connection:
      - keep-alive
      ParameterSetName:
      - -g -n -l --vnet
      User-Agent:
      - python/3.7.3 (Windows-10-10.0.19041-SP0) msrest/0.6.18 msrest_azure/0.6.3
        azure-mgmt-rdbms/2020-07-01-privatepreview Azure-SDK-For-Python AZURECLI/2.19.0
    method: GET
    uri: https://management.azure.com/subscriptions/00000000-0000-0000-0000-000000000000/providers/Microsoft.DBforMySQL/locations/eastus2euap/azureAsyncOperation/d09c9c40-8b13-4057-a4ea-7d71aabcf60a?api-version=2020-07-01-privatepreview
  response:
    body:
      string: '{"name":"d09c9c40-8b13-4057-a4ea-7d71aabcf60a","status":"InProgress","startTime":"2021-02-10T01:52:09.837Z"}'
    headers:
      cache-control:
      - no-cache
      content-length:
      - '108'
      content-type:
      - application/json; charset=utf-8
      date:
      - Wed, 10 Feb 2021 02:04:21 GMT
      expires:
      - '-1'
      pragma:
      - no-cache
      server:
      - Microsoft-HTTPAPI/2.0
      strict-transport-security:
      - max-age=31536000; includeSubDomains
      transfer-encoding:
      - chunked
      vary:
      - Accept-Encoding
      x-content-type-options:
      - nosniff
    status:
      code: 200
      message: OK
- request:
    body: null
    headers:
      Accept:
      - application/json
      Accept-Encoding:
      - gzip, deflate
      CommandName:
      - mysql flexible-server create
      Connection:
      - keep-alive
      ParameterSetName:
      - -g -n -l --vnet
      User-Agent:
      - python/3.7.3 (Windows-10-10.0.19041-SP0) msrest/0.6.18 msrest_azure/0.6.3
        azure-mgmt-rdbms/2020-07-01-privatepreview Azure-SDK-For-Python AZURECLI/2.19.0
    method: GET
    uri: https://management.azure.com/subscriptions/00000000-0000-0000-0000-000000000000/providers/Microsoft.DBforMySQL/locations/eastus2euap/azureAsyncOperation/d09c9c40-8b13-4057-a4ea-7d71aabcf60a?api-version=2020-07-01-privatepreview
  response:
    body:
      string: '{"name":"d09c9c40-8b13-4057-a4ea-7d71aabcf60a","status":"InProgress","startTime":"2021-02-10T01:52:09.837Z"}'
    headers:
      cache-control:
      - no-cache
      content-length:
      - '108'
      content-type:
      - application/json; charset=utf-8
      date:
      - Wed, 10 Feb 2021 02:05:23 GMT
      expires:
      - '-1'
      pragma:
      - no-cache
      server:
      - Microsoft-HTTPAPI/2.0
      strict-transport-security:
      - max-age=31536000; includeSubDomains
      transfer-encoding:
      - chunked
      vary:
      - Accept-Encoding
      x-content-type-options:
      - nosniff
    status:
      code: 200
      message: OK
- request:
    body: null
    headers:
      Accept:
      - application/json
      Accept-Encoding:
      - gzip, deflate
      CommandName:
      - mysql flexible-server create
      Connection:
      - keep-alive
      ParameterSetName:
      - -g -n -l --vnet
      User-Agent:
      - python/3.7.3 (Windows-10-10.0.19041-SP0) msrest/0.6.18 msrest_azure/0.6.3
        azure-mgmt-rdbms/2020-07-01-privatepreview Azure-SDK-For-Python AZURECLI/2.19.0
    method: GET
    uri: https://management.azure.com/subscriptions/00000000-0000-0000-0000-000000000000/providers/Microsoft.DBforMySQL/locations/eastus2euap/azureAsyncOperation/d09c9c40-8b13-4057-a4ea-7d71aabcf60a?api-version=2020-07-01-privatepreview
  response:
    body:
      string: '{"name":"d09c9c40-8b13-4057-a4ea-7d71aabcf60a","status":"InProgress","startTime":"2021-02-10T01:52:09.837Z"}'
    headers:
      cache-control:
      - no-cache
      content-length:
      - '108'
      content-type:
      - application/json; charset=utf-8
      date:
      - Wed, 10 Feb 2021 02:06:23 GMT
      expires:
      - '-1'
      pragma:
      - no-cache
      server:
      - Microsoft-HTTPAPI/2.0
      strict-transport-security:
      - max-age=31536000; includeSubDomains
      transfer-encoding:
      - chunked
      vary:
      - Accept-Encoding
      x-content-type-options:
      - nosniff
    status:
      code: 200
      message: OK
- request:
    body: null
    headers:
      Accept:
      - application/json
      Accept-Encoding:
      - gzip, deflate
      CommandName:
      - mysql flexible-server create
      Connection:
      - keep-alive
      ParameterSetName:
      - -g -n -l --vnet
      User-Agent:
      - python/3.7.3 (Windows-10-10.0.19041-SP0) msrest/0.6.18 msrest_azure/0.6.3
        azure-mgmt-rdbms/2020-07-01-privatepreview Azure-SDK-For-Python AZURECLI/2.19.0
    method: GET
    uri: https://management.azure.com/subscriptions/00000000-0000-0000-0000-000000000000/providers/Microsoft.DBforMySQL/locations/eastus2euap/azureAsyncOperation/d09c9c40-8b13-4057-a4ea-7d71aabcf60a?api-version=2020-07-01-privatepreview
  response:
    body:
      string: '{"name":"d09c9c40-8b13-4057-a4ea-7d71aabcf60a","status":"InProgress","startTime":"2021-02-10T01:52:09.837Z"}'
    headers:
      cache-control:
      - no-cache
      content-length:
      - '108'
      content-type:
      - application/json; charset=utf-8
      date:
      - Wed, 10 Feb 2021 02:07:25 GMT
      expires:
      - '-1'
      pragma:
      - no-cache
      server:
      - Microsoft-HTTPAPI/2.0
      strict-transport-security:
      - max-age=31536000; includeSubDomains
      transfer-encoding:
      - chunked
      vary:
      - Accept-Encoding
      x-content-type-options:
      - nosniff
    status:
      code: 200
      message: OK
- request:
    body: null
    headers:
      Accept:
      - application/json
      Accept-Encoding:
      - gzip, deflate
      CommandName:
      - mysql flexible-server create
      Connection:
      - keep-alive
      ParameterSetName:
      - -g -n -l --vnet
      User-Agent:
      - python/3.7.3 (Windows-10-10.0.19041-SP0) msrest/0.6.18 msrest_azure/0.6.3
        azure-mgmt-rdbms/2020-07-01-privatepreview Azure-SDK-For-Python AZURECLI/2.19.0
    method: GET
    uri: https://management.azure.com/subscriptions/00000000-0000-0000-0000-000000000000/providers/Microsoft.DBforMySQL/locations/eastus2euap/azureAsyncOperation/d09c9c40-8b13-4057-a4ea-7d71aabcf60a?api-version=2020-07-01-privatepreview
  response:
    body:
      string: '{"name":"d09c9c40-8b13-4057-a4ea-7d71aabcf60a","status":"InProgress","startTime":"2021-02-10T01:52:09.837Z"}'
    headers:
      cache-control:
      - no-cache
      content-length:
      - '108'
      content-type:
      - application/json; charset=utf-8
      date:
      - Wed, 10 Feb 2021 02:08:25 GMT
      expires:
      - '-1'
      pragma:
      - no-cache
      server:
      - Microsoft-HTTPAPI/2.0
      strict-transport-security:
      - max-age=31536000; includeSubDomains
      transfer-encoding:
      - chunked
      vary:
      - Accept-Encoding
      x-content-type-options:
      - nosniff
    status:
      code: 200
      message: OK
- request:
    body: null
    headers:
      Accept:
      - application/json
      Accept-Encoding:
      - gzip, deflate
      CommandName:
      - mysql flexible-server create
      Connection:
      - keep-alive
      ParameterSetName:
      - -g -n -l --vnet
      User-Agent:
      - python/3.7.3 (Windows-10-10.0.19041-SP0) msrest/0.6.18 msrest_azure/0.6.3
        azure-mgmt-rdbms/2020-07-01-privatepreview Azure-SDK-For-Python AZURECLI/2.19.0
    method: GET
    uri: https://management.azure.com/subscriptions/00000000-0000-0000-0000-000000000000/providers/Microsoft.DBforMySQL/locations/eastus2euap/azureAsyncOperation/d09c9c40-8b13-4057-a4ea-7d71aabcf60a?api-version=2020-07-01-privatepreview
  response:
    body:
      string: '{"name":"d09c9c40-8b13-4057-a4ea-7d71aabcf60a","status":"InProgress","startTime":"2021-02-10T01:52:09.837Z"}'
    headers:
      cache-control:
      - no-cache
      content-length:
      - '108'
      content-type:
      - application/json; charset=utf-8
      date:
      - Wed, 10 Feb 2021 02:09:27 GMT
      expires:
      - '-1'
      pragma:
      - no-cache
      server:
      - Microsoft-HTTPAPI/2.0
      strict-transport-security:
      - max-age=31536000; includeSubDomains
      transfer-encoding:
      - chunked
      vary:
      - Accept-Encoding
      x-content-type-options:
      - nosniff
    status:
      code: 200
      message: OK
- request:
    body: null
    headers:
      Accept:
      - application/json
      Accept-Encoding:
      - gzip, deflate
      CommandName:
      - mysql flexible-server create
      Connection:
      - keep-alive
      ParameterSetName:
      - -g -n -l --vnet
      User-Agent:
      - python/3.7.3 (Windows-10-10.0.19041-SP0) msrest/0.6.18 msrest_azure/0.6.3
        azure-mgmt-rdbms/2020-07-01-privatepreview Azure-SDK-For-Python AZURECLI/2.19.0
    method: GET
    uri: https://management.azure.com/subscriptions/00000000-0000-0000-0000-000000000000/providers/Microsoft.DBforMySQL/locations/eastus2euap/azureAsyncOperation/d09c9c40-8b13-4057-a4ea-7d71aabcf60a?api-version=2020-07-01-privatepreview
  response:
    body:
      string: '{"name":"d09c9c40-8b13-4057-a4ea-7d71aabcf60a","status":"InProgress","startTime":"2021-02-10T01:52:09.837Z"}'
    headers:
      cache-control:
      - no-cache
      content-length:
      - '108'
      content-type:
      - application/json; charset=utf-8
      date:
      - Wed, 10 Feb 2021 02:10:28 GMT
      expires:
      - '-1'
      pragma:
      - no-cache
      server:
      - Microsoft-HTTPAPI/2.0
      strict-transport-security:
      - max-age=31536000; includeSubDomains
      transfer-encoding:
      - chunked
      vary:
      - Accept-Encoding
      x-content-type-options:
      - nosniff
    status:
      code: 200
      message: OK
- request:
    body: null
    headers:
      Accept:
      - application/json
      Accept-Encoding:
      - gzip, deflate
      CommandName:
      - mysql flexible-server create
      Connection:
      - keep-alive
      ParameterSetName:
      - -g -n -l --vnet
      User-Agent:
      - python/3.7.3 (Windows-10-10.0.19041-SP0) msrest/0.6.18 msrest_azure/0.6.3
        azure-mgmt-rdbms/2020-07-01-privatepreview Azure-SDK-For-Python AZURECLI/2.19.0
    method: GET
    uri: https://management.azure.com/subscriptions/00000000-0000-0000-0000-000000000000/providers/Microsoft.DBforMySQL/locations/eastus2euap/azureAsyncOperation/d09c9c40-8b13-4057-a4ea-7d71aabcf60a?api-version=2020-07-01-privatepreview
  response:
    body:
      string: '{"name":"d09c9c40-8b13-4057-a4ea-7d71aabcf60a","status":"InProgress","startTime":"2021-02-10T01:52:09.837Z"}'
    headers:
      cache-control:
      - no-cache
      content-length:
      - '108'
      content-type:
      - application/json; charset=utf-8
      date:
      - Wed, 10 Feb 2021 02:11:28 GMT
      expires:
      - '-1'
      pragma:
      - no-cache
      server:
      - Microsoft-HTTPAPI/2.0
      strict-transport-security:
      - max-age=31536000; includeSubDomains
      transfer-encoding:
      - chunked
      vary:
      - Accept-Encoding
      x-content-type-options:
      - nosniff
    status:
      code: 200
      message: OK
- request:
    body: null
    headers:
      Accept:
      - application/json
      Accept-Encoding:
      - gzip, deflate
      CommandName:
      - mysql flexible-server create
      Connection:
      - keep-alive
      ParameterSetName:
      - -g -n -l --vnet
      User-Agent:
      - python/3.7.3 (Windows-10-10.0.19041-SP0) msrest/0.6.18 msrest_azure/0.6.3
        azure-mgmt-rdbms/2020-07-01-privatepreview Azure-SDK-For-Python AZURECLI/2.19.0
    method: GET
    uri: https://management.azure.com/subscriptions/00000000-0000-0000-0000-000000000000/providers/Microsoft.DBforMySQL/locations/eastus2euap/azureAsyncOperation/d09c9c40-8b13-4057-a4ea-7d71aabcf60a?api-version=2020-07-01-privatepreview
  response:
    body:
      string: '{"name":"d09c9c40-8b13-4057-a4ea-7d71aabcf60a","status":"InProgress","startTime":"2021-02-10T01:52:09.837Z"}'
    headers:
      cache-control:
      - no-cache
      content-length:
      - '108'
      content-type:
      - application/json; charset=utf-8
      date:
      - Wed, 10 Feb 2021 02:12:30 GMT
      expires:
      - '-1'
      pragma:
      - no-cache
      server:
      - Microsoft-HTTPAPI/2.0
      strict-transport-security:
      - max-age=31536000; includeSubDomains
      transfer-encoding:
      - chunked
      vary:
      - Accept-Encoding
      x-content-type-options:
      - nosniff
    status:
      code: 200
      message: OK
- request:
    body: null
    headers:
      Accept:
      - application/json
      Accept-Encoding:
      - gzip, deflate
      CommandName:
      - mysql flexible-server create
      Connection:
      - keep-alive
      ParameterSetName:
      - -g -n -l --vnet
      User-Agent:
      - python/3.7.3 (Windows-10-10.0.19041-SP0) msrest/0.6.18 msrest_azure/0.6.3
        azure-mgmt-rdbms/2020-07-01-privatepreview Azure-SDK-For-Python AZURECLI/2.19.0
    method: GET
    uri: https://management.azure.com/subscriptions/00000000-0000-0000-0000-000000000000/providers/Microsoft.DBforMySQL/locations/eastus2euap/azureAsyncOperation/d09c9c40-8b13-4057-a4ea-7d71aabcf60a?api-version=2020-07-01-privatepreview
  response:
    body:
      string: '{"name":"d09c9c40-8b13-4057-a4ea-7d71aabcf60a","status":"Succeeded","startTime":"2021-02-10T01:52:09.837Z"}'
    headers:
      cache-control:
      - no-cache
      content-length:
      - '107'
      content-type:
      - application/json; charset=utf-8
      date:
      - Wed, 10 Feb 2021 02:13:31 GMT
      expires:
      - '-1'
      pragma:
      - no-cache
      server:
      - Microsoft-HTTPAPI/2.0
      strict-transport-security:
      - max-age=31536000; includeSubDomains
      transfer-encoding:
      - chunked
      vary:
      - Accept-Encoding
      x-content-type-options:
      - nosniff
    status:
      code: 200
      message: OK
- request:
    body: null
    headers:
      Accept:
      - application/json
      Accept-Encoding:
      - gzip, deflate
      CommandName:
      - mysql flexible-server create
      Connection:
      - keep-alive
      ParameterSetName:
      - -g -n -l --vnet
      User-Agent:
      - python/3.7.3 (Windows-10-10.0.19041-SP0) msrest/0.6.18 msrest_azure/0.6.3
        azure-mgmt-rdbms/2020-07-01-privatepreview Azure-SDK-For-Python AZURECLI/2.19.0
    method: GET
    uri: https://management.azure.com/subscriptions/00000000-0000-0000-0000-000000000000/resourceGroups/clitest.rg000001/providers/Microsoft.DBForMySql/flexibleServers/testvnetserver6mysql?api-version=2020-07-01-privatepreview
  response:
    body:
      string: '{"sku":{"name":"Standard_B1ms","tier":"Burstable","capacity":0},"properties":{"administratorLogin":"rigidLapwing1","storageProfile":{"storageMB":10240,"storageIops":100,"backupRetentionDays":7,"storageAutogrow":"Disabled","fileStorageSkuName":"Premium_LRS"},"version":"5.7","state":"Ready","haState":"NotEnabled","fullyQualifiedDomainName":"testvnetserver6mysql.mysql.database.azure.com","sourceServerId":"","publicNetworkAccess":"Disabled","sslEnforcement":"Disabled","haEnabled":"Disabled","earliestRestoreDate":"2021-02-10T02:07:12.7054378+00:00","maintenanceWindow":{"customWindow":"Disabled","dayOfWeek":0,"startHour":0,"startMinute":0},"replicationRole":"None","replicaCapacity":10,"delegatedSubnetArguments":{"subnetArmResourceId":"/subscriptions/00000000-0000-0000-0000-000000000000/resourceGroups/clitest.rg000001/providers/Microsoft.Network/virtualNetworks/clitestvnet6/subnets/Subnetetserver6mysql"},"byokEnforcement":"Disabled"},"location":"East
        US 2 EUAP","id":"/subscriptions/00000000-0000-0000-0000-000000000000/resourceGroups/clitest.rg000001/providers/Microsoft.DBforMySQL/flexibleServers/testvnetserver6mysql","name":"testvnetserver6mysql","type":"Microsoft.DBforMySQL/flexibleServers"}'
    headers:
      cache-control:
      - no-cache
      content-length:
      - '1322'
      content-type:
      - application/json; charset=utf-8
      date:
      - Wed, 10 Feb 2021 02:13:31 GMT
      expires:
      - '-1'
      pragma:
      - no-cache
      server:
      - Microsoft-HTTPAPI/2.0
      strict-transport-security:
      - max-age=31536000; includeSubDomains
      transfer-encoding:
      - chunked
      vary:
      - Accept-Encoding
      x-content-type-options:
      - nosniff
    status:
      code: 200
      message: OK
- request:
    body: null
    headers:
      Accept:
      - application/json
      Accept-Encoding:
      - gzip, deflate
      CommandName:
      - mysql flexible-server create
      Connection:
      - keep-alive
      ParameterSetName:
      - -g -n -l --vnet
      User-Agent:
      - python/3.7.3 (Windows-10-10.0.19041-SP0) msrest/0.6.18 msrest_azure/0.6.3
        azure-mgmt-rdbms/2020-07-01-privatepreview Azure-SDK-For-Python AZURECLI/2.19.0
      accept-language:
      - en-US
    method: GET
    uri: https://management.azure.com/subscriptions/00000000-0000-0000-0000-000000000000/resourceGroups/clitest.rg000001/providers/Microsoft.DBForMySql/flexibleServers/testvnetserver6mysql/databases/flexibleserverdb?api-version=2020-07-01-privatepreview
  response:
    body:
      string: '{"error":{"code":"ResourceNotFound","message":"The requested resource
        of type ''Microsoft.DBforMySQL/flexibleServers/databases'' with name ''flexibleserverdb''
        was not found."}}'
    headers:
      cache-control:
      - no-cache
      content-length:
      - '173'
      content-type:
      - application/json; charset=utf-8
      date:
      - Wed, 10 Feb 2021 02:13:33 GMT
      expires:
      - '-1'
      pragma:
      - no-cache
      server:
      - Microsoft-HTTPAPI/2.0
      strict-transport-security:
      - max-age=31536000; includeSubDomains
      x-content-type-options:
      - nosniff
    status:
      code: 200
      message: OK
- request:
    body: '{"properties": {"charset": "utf8"}}'
    headers:
      Accept:
      - application/json
      Accept-Encoding:
      - gzip, deflate
      CommandName:
      - mysql flexible-server create
      Connection:
      - keep-alive
      Content-Length:
      - '35'
      Content-Type:
      - application/json; charset=utf-8
      ParameterSetName:
      - -g -n -l --vnet
      User-Agent:
      - python/3.7.3 (Windows-10-10.0.19041-SP0) msrest/0.6.18 msrest_azure/0.6.3
        azure-mgmt-rdbms/2020-07-01-privatepreview Azure-SDK-For-Python AZURECLI/2.19.0
      accept-language:
      - en-US
    method: PUT
    uri: https://management.azure.com/subscriptions/00000000-0000-0000-0000-000000000000/resourceGroups/clitest.rg000001/providers/Microsoft.DBForMySql/flexibleServers/testvnetserver6mysql/databases/flexibleserverdb?api-version=2020-07-01-privatepreview
  response:
    body:
      string: '{"operation":"UpsertServerDatabaseManagementOperation","startTime":"2021-02-10T02:13:34.31Z"}'
    headers:
      azure-asyncoperation:
      - https://management.azure.com/subscriptions/00000000-0000-0000-0000-000000000000/providers/Microsoft.DBforMySQL/locations/eastus2euap/azureAsyncOperation/913f2507-326a-4b5e-9526-c4cc4ae7bf3f?api-version=2020-07-01-privatepreview
      cache-control:
      - no-cache
      content-length:
      - '93'
      content-type:
      - application/json; charset=utf-8
      date:
      - Wed, 10 Feb 2021 02:13:33 GMT
      expires:
      - '-1'
      location:
      - https://management.azure.com/subscriptions/00000000-0000-0000-0000-000000000000/providers/Microsoft.DBforMySQL/locations/eastus2euap/operationResults/913f2507-326a-4b5e-9526-c4cc4ae7bf3f?api-version=2020-07-01-privatepreview
      pragma:
      - no-cache
      server:
      - Microsoft-HTTPAPI/2.0
      strict-transport-security:
      - max-age=31536000; includeSubDomains
      x-content-type-options:
      - nosniff
      x-ms-ratelimit-remaining-subscription-writes:
      - '1192'
    status:
      code: 202
      message: Accepted
- request:
    body: null
    headers:
      Accept:
      - application/json
      Accept-Encoding:
      - gzip, deflate
      CommandName:
      - mysql flexible-server create
      Connection:
      - keep-alive
      ParameterSetName:
      - -g -n -l --vnet
      User-Agent:
      - python/3.7.3 (Windows-10-10.0.19041-SP0) msrest/0.6.18 msrest_azure/0.6.3
        azure-mgmt-rdbms/2020-07-01-privatepreview Azure-SDK-For-Python AZURECLI/2.19.0
    method: GET
    uri: https://management.azure.com/subscriptions/00000000-0000-0000-0000-000000000000/providers/Microsoft.DBforMySQL/locations/eastus2euap/azureAsyncOperation/913f2507-326a-4b5e-9526-c4cc4ae7bf3f?api-version=2020-07-01-privatepreview
  response:
    body:
      string: '{"name":"913f2507-326a-4b5e-9526-c4cc4ae7bf3f","status":"Succeeded","startTime":"2021-02-10T02:13:34.31Z"}'
    headers:
      cache-control:
      - no-cache
      content-length:
      - '106'
      content-type:
      - application/json; charset=utf-8
      date:
      - Wed, 10 Feb 2021 02:13:50 GMT
      expires:
      - '-1'
      pragma:
      - no-cache
      server:
      - Microsoft-HTTPAPI/2.0
      strict-transport-security:
      - max-age=31536000; includeSubDomains
      transfer-encoding:
      - chunked
      vary:
      - Accept-Encoding
      x-content-type-options:
      - nosniff
    status:
      code: 200
      message: OK
- request:
    body: null
    headers:
      Accept:
      - application/json
      Accept-Encoding:
      - gzip, deflate
      CommandName:
      - mysql flexible-server create
      Connection:
      - keep-alive
      ParameterSetName:
      - -g -n -l --vnet
      User-Agent:
      - python/3.7.3 (Windows-10-10.0.19041-SP0) msrest/0.6.18 msrest_azure/0.6.3
        azure-mgmt-rdbms/2020-07-01-privatepreview Azure-SDK-For-Python AZURECLI/2.19.0
    method: GET
    uri: https://management.azure.com/subscriptions/00000000-0000-0000-0000-000000000000/resourceGroups/clitest.rg000001/providers/Microsoft.DBForMySql/flexibleServers/testvnetserver6mysql/databases/flexibleserverdb?api-version=2020-07-01-privatepreview
  response:
    body:
      string: '{"properties":{"charset":"latin1","collation":"latin1_swedish_ci"},"id":"/subscriptions/00000000-0000-0000-0000-000000000000/resourceGroups/clitest.rg000001/providers/Microsoft.DBforMySQL/flexibleServers/testvnetserver6mysql/databases/flexibleserverdb","name":"flexibleserverdb","type":"Microsoft.DBforMySQL/flexibleServers/databases"}'
    headers:
      cache-control:
      - no-cache
      content-length:
      - '394'
      content-type:
      - application/json; charset=utf-8
      date:
      - Wed, 10 Feb 2021 02:13:50 GMT
      expires:
      - '-1'
      pragma:
      - no-cache
      server:
      - Microsoft-HTTPAPI/2.0
      strict-transport-security:
      - max-age=31536000; includeSubDomains
      transfer-encoding:
      - chunked
      vary:
      - Accept-Encoding
      x-content-type-options:
      - nosniff
    status:
      code: 200
      message: OK
- request:
    body: null
    headers:
      Accept:
      - application/json
      Accept-Encoding:
      - gzip, deflate
      CommandName:
      - mysql flexible-server show
      Connection:
      - keep-alive
      ParameterSetName:
      - -g -n
      User-Agent:
      - python/3.7.3 (Windows-10-10.0.19041-SP0) msrest/0.6.18 msrest_azure/0.6.3
        azure-mgmt-rdbms/2020-07-01-privatepreview Azure-SDK-For-Python AZURECLI/2.19.0
      accept-language:
      - en-US
    method: GET
    uri: https://management.azure.com/subscriptions/00000000-0000-0000-0000-000000000000/resourceGroups/clitest.rg000001/providers/Microsoft.DBForMySql/flexibleServers/testvnetserver5mysql?api-version=2020-07-01-privatepreview
  response:
    body:
      string: '{"sku":{"name":"Standard_B1ms","tier":"Burstable","capacity":0},"properties":{"administratorLogin":"grouchyLard6","storageProfile":{"storageMB":10240,"storageIops":100,"backupRetentionDays":7,"storageAutogrow":"Disabled","fileStorageSkuName":"Premium_LRS"},"version":"5.7","state":"Ready","haState":"NotEnabled","fullyQualifiedDomainName":"testvnetserver5mysql.mysql.database.azure.com","sourceServerId":"","publicNetworkAccess":"Disabled","sslEnforcement":"Disabled","haEnabled":"Disabled","earliestRestoreDate":"2021-02-10T01:53:14.5951513+00:00","maintenanceWindow":{"customWindow":"Disabled","dayOfWeek":0,"startHour":0,"startMinute":0},"replicationRole":"None","replicaCapacity":10,"delegatedSubnetArguments":{"subnetArmResourceId":"/subscriptions/00000000-0000-0000-0000-000000000000/resourceGroups/clitest.rg000001/providers/Microsoft.Network/virtualNetworks/clitest.vn000002/subnets/default"},"byokEnforcement":"Disabled"},"location":"East
        US 2 EUAP","id":"/subscriptions/00000000-0000-0000-0000-000000000000/resourceGroups/clitest.rg000001/providers/Microsoft.DBforMySQL/flexibleServers/testvnetserver5mysql","name":"testvnetserver5mysql","type":"Microsoft.DBforMySQL/flexibleServers"}'
    headers:
      cache-control:
      - no-cache
      content-length:
      - '1320'
      content-type:
      - application/json; charset=utf-8
      date:
      - Wed, 10 Feb 2021 02:13:53 GMT
      expires:
      - '-1'
      pragma:
      - no-cache
      server:
      - Microsoft-HTTPAPI/2.0
      strict-transport-security:
      - max-age=31536000; includeSubDomains
      transfer-encoding:
      - chunked
      vary:
      - Accept-Encoding
      x-content-type-options:
      - nosniff
    status:
      code: 200
      message: OK
- request:
    body: null
    headers:
      Accept:
      - application/json
      Accept-Encoding:
      - gzip, deflate
      CommandName:
      - mysql flexible-server show
      Connection:
      - keep-alive
      ParameterSetName:
      - -g -n
      User-Agent:
      - python/3.7.3 (Windows-10-10.0.19041-SP0) msrest/0.6.18 msrest_azure/0.6.3
        azure-mgmt-rdbms/2020-07-01-privatepreview Azure-SDK-For-Python AZURECLI/2.19.0
      accept-language:
      - en-US
    method: GET
    uri: https://management.azure.com/subscriptions/00000000-0000-0000-0000-000000000000/resourceGroups/clitest.rg000001/providers/Microsoft.DBForMySql/flexibleServers/testvnetserver6mysql?api-version=2020-07-01-privatepreview
  response:
    body:
      string: '{"sku":{"name":"Standard_B1ms","tier":"Burstable","capacity":0},"properties":{"administratorLogin":"rigidLapwing1","storageProfile":{"storageMB":10240,"storageIops":100,"backupRetentionDays":7,"storageAutogrow":"Disabled","fileStorageSkuName":"Premium_LRS"},"version":"5.7","state":"Ready","haState":"NotEnabled","fullyQualifiedDomainName":"testvnetserver6mysql.mysql.database.azure.com","sourceServerId":"","publicNetworkAccess":"Disabled","sslEnforcement":"Disabled","haEnabled":"Disabled","earliestRestoreDate":"2021-02-10T02:07:12.7054378+00:00","maintenanceWindow":{"customWindow":"Disabled","dayOfWeek":0,"startHour":0,"startMinute":0},"replicationRole":"None","replicaCapacity":10,"delegatedSubnetArguments":{"subnetArmResourceId":"/subscriptions/00000000-0000-0000-0000-000000000000/resourceGroups/clitest.rg000001/providers/Microsoft.Network/virtualNetworks/clitestvnet6/subnets/Subnetetserver6mysql"},"byokEnforcement":"Disabled"},"location":"East
        US 2 EUAP","id":"/subscriptions/00000000-0000-0000-0000-000000000000/resourceGroups/clitest.rg000001/providers/Microsoft.DBforMySQL/flexibleServers/testvnetserver6mysql","name":"testvnetserver6mysql","type":"Microsoft.DBforMySQL/flexibleServers"}'
    headers:
      cache-control:
      - no-cache
      content-length:
      - '1322'
      content-type:
      - application/json; charset=utf-8
      date:
      - Wed, 10 Feb 2021 02:13:53 GMT
      expires:
      - '-1'
      pragma:
      - no-cache
      server:
      - Microsoft-HTTPAPI/2.0
      strict-transport-security:
      - max-age=31536000; includeSubDomains
      transfer-encoding:
      - chunked
      vary:
      - Accept-Encoding
      x-content-type-options:
      - nosniff
    status:
      code: 200
      message: OK
- request:
    body: null
    headers:
      Accept:
      - application/json
      Accept-Encoding:
      - gzip, deflate
      CommandName:
      - mysql flexible-server delete
      Connection:
      - keep-alive
      Content-Length:
      - '0'
      ParameterSetName:
      - -g -n --yes
      User-Agent:
      - python/3.7.3 (Windows-10-10.0.19041-SP0) msrest/0.6.18 msrest_azure/0.6.3
        azure-mgmt-rdbms/2020-07-01-privatepreview Azure-SDK-For-Python AZURECLI/2.19.0
      accept-language:
      - en-US
    method: DELETE
    uri: https://management.azure.com/subscriptions/00000000-0000-0000-0000-000000000000/resourceGroups/clitest.rg000001/providers/Microsoft.DBForMySql/flexibleServers/testvnetserver5mysql?api-version=2020-07-01-privatepreview
  response:
    body:
      string: '{"operation":"DropServerManagementOperation","startTime":"2021-02-10T02:13:56.863Z"}'
    headers:
      azure-asyncoperation:
      - https://management.azure.com/subscriptions/00000000-0000-0000-0000-000000000000/providers/Microsoft.DBforMySQL/locations/East%20US%202%20EUAP/azureAsyncOperation/746d3c44-2ee8-4098-b5f2-de702d243c78?api-version=2020-07-01-privatepreview
      cache-control:
      - no-cache
      content-length:
      - '84'
      content-type:
      - application/json; charset=utf-8
      date:
      - Wed, 10 Feb 2021 02:13:56 GMT
      expires:
      - '-1'
      location:
      - https://management.azure.com/subscriptions/00000000-0000-0000-0000-000000000000/providers/Microsoft.DBforMySQL/locations/East%20US%202%20EUAP/operationResults/746d3c44-2ee8-4098-b5f2-de702d243c78?api-version=2020-07-01-privatepreview
      pragma:
      - no-cache
      server:
      - Microsoft-HTTPAPI/2.0
      strict-transport-security:
      - max-age=31536000; includeSubDomains
      x-content-type-options:
      - nosniff
      x-ms-ratelimit-remaining-subscription-deletes:
      - '14998'
    status:
      code: 202
      message: Accepted
- request:
    body: null
    headers:
      Accept:
      - application/json
      Accept-Encoding:
      - gzip, deflate
      CommandName:
      - mysql flexible-server delete
      Connection:
      - keep-alive
      ParameterSetName:
      - -g -n --yes
      User-Agent:
      - python/3.7.3 (Windows-10-10.0.19041-SP0) msrest/0.6.18 msrest_azure/0.6.3
        azure-mgmt-rdbms/2020-07-01-privatepreview Azure-SDK-For-Python AZURECLI/2.19.0
    method: GET
    uri: https://management.azure.com/subscriptions/00000000-0000-0000-0000-000000000000/providers/Microsoft.DBforMySQL/locations/East%20US%202%20EUAP/azureAsyncOperation/746d3c44-2ee8-4098-b5f2-de702d243c78?api-version=2020-07-01-privatepreview
  response:
    body:
      string: '{"name":"746d3c44-2ee8-4098-b5f2-de702d243c78","status":"InProgress","startTime":"2021-02-10T02:13:56.863Z"}'
    headers:
      cache-control:
      - no-cache
      content-length:
      - '108'
      content-type:
      - application/json; charset=utf-8
      date:
      - Wed, 10 Feb 2021 02:14:12 GMT
      expires:
      - '-1'
      pragma:
      - no-cache
      server:
      - Microsoft-HTTPAPI/2.0
      strict-transport-security:
      - max-age=31536000; includeSubDomains
      transfer-encoding:
      - chunked
      vary:
      - Accept-Encoding
      x-content-type-options:
      - nosniff
    status:
      code: 200
      message: OK
- request:
    body: null
    headers:
      Accept:
      - application/json
      Accept-Encoding:
      - gzip, deflate
      CommandName:
      - mysql flexible-server delete
      Connection:
      - keep-alive
      ParameterSetName:
      - -g -n --yes
      User-Agent:
      - python/3.7.3 (Windows-10-10.0.19041-SP0) msrest/0.6.18 msrest_azure/0.6.3
        azure-mgmt-rdbms/2020-07-01-privatepreview Azure-SDK-For-Python AZURECLI/2.19.0
    method: GET
    uri: https://management.azure.com/subscriptions/00000000-0000-0000-0000-000000000000/providers/Microsoft.DBforMySQL/locations/East%20US%202%20EUAP/azureAsyncOperation/746d3c44-2ee8-4098-b5f2-de702d243c78?api-version=2020-07-01-privatepreview
  response:
    body:
      string: '{"name":"746d3c44-2ee8-4098-b5f2-de702d243c78","status":"InProgress","startTime":"2021-02-10T02:13:56.863Z"}'
    headers:
      cache-control:
      - no-cache
      content-length:
      - '108'
      content-type:
      - application/json; charset=utf-8
      date:
      - Wed, 10 Feb 2021 02:14:27 GMT
      expires:
      - '-1'
      pragma:
      - no-cache
      server:
      - Microsoft-HTTPAPI/2.0
      strict-transport-security:
      - max-age=31536000; includeSubDomains
      transfer-encoding:
      - chunked
      vary:
      - Accept-Encoding
      x-content-type-options:
      - nosniff
    status:
      code: 200
      message: OK
- request:
    body: null
    headers:
      Accept:
      - application/json
      Accept-Encoding:
      - gzip, deflate
      CommandName:
      - mysql flexible-server delete
      Connection:
      - keep-alive
      ParameterSetName:
      - -g -n --yes
      User-Agent:
      - python/3.7.3 (Windows-10-10.0.19041-SP0) msrest/0.6.18 msrest_azure/0.6.3
        azure-mgmt-rdbms/2020-07-01-privatepreview Azure-SDK-For-Python AZURECLI/2.19.0
    method: GET
    uri: https://management.azure.com/subscriptions/00000000-0000-0000-0000-000000000000/providers/Microsoft.DBforMySQL/locations/East%20US%202%20EUAP/azureAsyncOperation/746d3c44-2ee8-4098-b5f2-de702d243c78?api-version=2020-07-01-privatepreview
  response:
    body:
      string: '{"name":"746d3c44-2ee8-4098-b5f2-de702d243c78","status":"Succeeded","startTime":"2021-02-10T02:13:56.863Z"}'
    headers:
      cache-control:
      - no-cache
      content-length:
      - '107'
      content-type:
      - application/json; charset=utf-8
      date:
      - Wed, 10 Feb 2021 02:14:43 GMT
      expires:
      - '-1'
      pragma:
      - no-cache
      server:
      - Microsoft-HTTPAPI/2.0
      strict-transport-security:
      - max-age=31536000; includeSubDomains
      transfer-encoding:
      - chunked
      vary:
      - Accept-Encoding
      x-content-type-options:
      - nosniff
    status:
      code: 200
      message: OK
- request:
    body: null
    headers:
      Accept:
      - application/json
      Accept-Encoding:
      - gzip, deflate
      CommandName:
      - mysql flexible-server delete
      Connection:
      - keep-alive
      Content-Length:
      - '0'
      ParameterSetName:
      - -g -n --yes
      User-Agent:
      - python/3.7.3 (Windows-10-10.0.19041-SP0) msrest/0.6.18 msrest_azure/0.6.3
        azure-mgmt-rdbms/2020-07-01-privatepreview Azure-SDK-For-Python AZURECLI/2.19.0
      accept-language:
      - en-US
    method: DELETE
    uri: https://management.azure.com/subscriptions/00000000-0000-0000-0000-000000000000/resourceGroups/clitest.rg000001/providers/Microsoft.DBForMySql/flexibleServers/testvnetserver6mysql?api-version=2020-07-01-privatepreview
  response:
    body:
      string: '{"operation":"DropServerManagementOperation","startTime":"2021-02-10T02:14:45.737Z"}'
    headers:
      azure-asyncoperation:
      - https://management.azure.com/subscriptions/00000000-0000-0000-0000-000000000000/providers/Microsoft.DBforMySQL/locations/East%20US%202%20EUAP/azureAsyncOperation/57235c1c-9714-462c-919d-e81900b0c255?api-version=2020-07-01-privatepreview
      cache-control:
      - no-cache
      content-length:
      - '84'
      content-type:
      - application/json; charset=utf-8
      date:
      - Wed, 10 Feb 2021 02:14:45 GMT
      expires:
      - '-1'
      location:
      - https://management.azure.com/subscriptions/00000000-0000-0000-0000-000000000000/providers/Microsoft.DBforMySQL/locations/East%20US%202%20EUAP/operationResults/57235c1c-9714-462c-919d-e81900b0c255?api-version=2020-07-01-privatepreview
      pragma:
      - no-cache
      server:
      - Microsoft-HTTPAPI/2.0
      strict-transport-security:
      - max-age=31536000; includeSubDomains
      x-content-type-options:
      - nosniff
      x-ms-ratelimit-remaining-subscription-deletes:
      - '14996'
    status:
      code: 202
      message: Accepted
- request:
    body: null
    headers:
      Accept:
      - application/json
      Accept-Encoding:
      - gzip, deflate
      CommandName:
      - mysql flexible-server delete
      Connection:
      - keep-alive
      ParameterSetName:
      - -g -n --yes
      User-Agent:
      - python/3.7.3 (Windows-10-10.0.19041-SP0) msrest/0.6.18 msrest_azure/0.6.3
        azure-mgmt-rdbms/2020-07-01-privatepreview Azure-SDK-For-Python AZURECLI/2.19.0
    method: GET
    uri: https://management.azure.com/subscriptions/00000000-0000-0000-0000-000000000000/providers/Microsoft.DBforMySQL/locations/East%20US%202%20EUAP/azureAsyncOperation/57235c1c-9714-462c-919d-e81900b0c255?api-version=2020-07-01-privatepreview
  response:
    body:
      string: '{"name":"57235c1c-9714-462c-919d-e81900b0c255","status":"InProgress","startTime":"2021-02-10T02:14:45.737Z"}'
    headers:
      cache-control:
      - no-cache
      content-length:
      - '108'
      content-type:
      - application/json; charset=utf-8
      date:
      - Wed, 10 Feb 2021 02:15:00 GMT
      expires:
      - '-1'
      pragma:
      - no-cache
      server:
      - Microsoft-HTTPAPI/2.0
      strict-transport-security:
      - max-age=31536000; includeSubDomains
      transfer-encoding:
      - chunked
      vary:
      - Accept-Encoding
      x-content-type-options:
      - nosniff
    status:
      code: 200
      message: OK
- request:
    body: null
    headers:
      Accept:
      - application/json
      Accept-Encoding:
      - gzip, deflate
      CommandName:
      - mysql flexible-server delete
      Connection:
      - keep-alive
      ParameterSetName:
      - -g -n --yes
      User-Agent:
      - python/3.7.3 (Windows-10-10.0.19041-SP0) msrest/0.6.18 msrest_azure/0.6.3
        azure-mgmt-rdbms/2020-07-01-privatepreview Azure-SDK-For-Python AZURECLI/2.19.0
    method: GET
    uri: https://management.azure.com/subscriptions/00000000-0000-0000-0000-000000000000/providers/Microsoft.DBforMySQL/locations/East%20US%202%20EUAP/azureAsyncOperation/57235c1c-9714-462c-919d-e81900b0c255?api-version=2020-07-01-privatepreview
  response:
    body:
      string: '{"name":"57235c1c-9714-462c-919d-e81900b0c255","status":"InProgress","startTime":"2021-02-10T02:14:45.737Z"}'
    headers:
      cache-control:
      - no-cache
      content-length:
      - '108'
      content-type:
      - application/json; charset=utf-8
      date:
      - Wed, 10 Feb 2021 02:15:15 GMT
      expires:
      - '-1'
      pragma:
      - no-cache
      server:
      - Microsoft-HTTPAPI/2.0
      strict-transport-security:
      - max-age=31536000; includeSubDomains
      transfer-encoding:
      - chunked
      vary:
      - Accept-Encoding
      x-content-type-options:
      - nosniff
    status:
      code: 200
      message: OK
- request:
    body: null
    headers:
      Accept:
      - application/json
      Accept-Encoding:
      - gzip, deflate
      CommandName:
      - mysql flexible-server delete
      Connection:
      - keep-alive
      ParameterSetName:
      - -g -n --yes
      User-Agent:
      - python/3.7.3 (Windows-10-10.0.19041-SP0) msrest/0.6.18 msrest_azure/0.6.3
        azure-mgmt-rdbms/2020-07-01-privatepreview Azure-SDK-For-Python AZURECLI/2.19.0
    method: GET
    uri: https://management.azure.com/subscriptions/00000000-0000-0000-0000-000000000000/providers/Microsoft.DBforMySQL/locations/East%20US%202%20EUAP/azureAsyncOperation/57235c1c-9714-462c-919d-e81900b0c255?api-version=2020-07-01-privatepreview
  response:
    body:
      string: '{"name":"57235c1c-9714-462c-919d-e81900b0c255","status":"Succeeded","startTime":"2021-02-10T02:14:45.737Z"}'
    headers:
      cache-control:
      - no-cache
      content-length:
      - '107'
      content-type:
      - application/json; charset=utf-8
      date:
      - Wed, 10 Feb 2021 02:15:31 GMT
      expires:
      - '-1'
      pragma:
      - no-cache
      server:
      - Microsoft-HTTPAPI/2.0
      strict-transport-security:
      - max-age=31536000; includeSubDomains
      transfer-encoding:
      - chunked
      vary:
      - Accept-Encoding
      x-content-type-options:
      - nosniff
    status:
      code: 200
      message: OK
- request:
    body: null
    headers:
      Accept:
      - application/json
      Accept-Encoding:
      - gzip, deflate
      CommandName:
      - network vnet subnet update
      Connection:
      - keep-alive
      ParameterSetName:
      - -g --name --vnet-name --remove
      User-Agent:
      - AZURECLI/2.19.0 azsdk-python-azure-mgmt-network/17.1.0 Python/3.7.3 (Windows-10-10.0.19041-SP0)
    method: GET
    uri: https://management.azure.com/subscriptions/00000000-0000-0000-0000-000000000000/resourceGroups/clitest.rg000001/providers/Microsoft.Network/virtualNetworks/clitestvnet6/subnets/Subnetetserver6mysql?api-version=2020-08-01
  response:
    body:
      string: "{\r\n  \"name\": \"Subnetetserver6mysql\",\r\n  \"id\": \"/subscriptions/00000000-0000-0000-0000-000000000000/resourceGroups/clitest.rg000001/providers/Microsoft.Network/virtualNetworks/clitestvnet6/subnets/Subnetetserver6mysql\",\r\n
        \ \"etag\": \"W/\\\"6ecf9c55-9c02-440c-aacf-86cead2d8e0a\\\"\",\r\n  \"properties\":
        {\r\n    \"provisioningState\": \"Succeeded\",\r\n    \"addressPrefix\": \"10.0.0.0/24\",\r\n
        \   \"serviceEndpoints\": [\r\n      {\r\n        \"provisioningState\": \"Succeeded\",\r\n
        \       \"service\": \"Microsoft.Storage\",\r\n        \"locations\": [\r\n
        \         \"eastus2euap\",\r\n          \"centraluseuap\"\r\n        ]\r\n
        \     }\r\n    ],\r\n    \"delegations\": [\r\n      {\r\n        \"name\":
        \"Microsoft.DBforMySQL/flexibleServers\",\r\n        \"id\": \"/subscriptions/00000000-0000-0000-0000-000000000000/resourceGroups/clitest.rg000001/providers/Microsoft.Network/virtualNetworks/clitestvnet6/subnets/Subnetetserver6mysql/delegations/Microsoft.DBforMySQL/flexibleServers\",\r\n
        \       \"etag\": \"W/\\\"6ecf9c55-9c02-440c-aacf-86cead2d8e0a\\\"\",\r\n
        \       \"properties\": {\r\n          \"provisioningState\": \"Succeeded\",\r\n
        \         \"serviceName\": \"Microsoft.DBforMySQL/flexibleServers\",\r\n          \"actions\":
        [\r\n            \"Microsoft.Network/virtualNetworks/subnets/join/action\"\r\n
        \         ]\r\n        },\r\n        \"type\": \"Microsoft.Network/virtualNetworks/subnets/delegations\"\r\n
        \     }\r\n    ],\r\n    \"privateEndpointNetworkPolicies\": \"Enabled\",\r\n
        \   \"privateLinkServiceNetworkPolicies\": \"Enabled\"\r\n  },\r\n  \"type\":
        \"Microsoft.Network/virtualNetworks/subnets\"\r\n}"
    headers:
      cache-control:
      - no-cache
      content-length:
      - '1611'
      content-type:
      - application/json; charset=utf-8
      date:
      - Wed, 10 Feb 2021 02:30:31 GMT
      etag:
      - W/"6ecf9c55-9c02-440c-aacf-86cead2d8e0a"
      expires:
      - '-1'
      pragma:
      - no-cache
      server:
      - Microsoft-HTTPAPI/2.0
      - Microsoft-HTTPAPI/2.0
      strict-transport-security:
      - max-age=31536000; includeSubDomains
      transfer-encoding:
      - chunked
      vary:
      - Accept-Encoding
      x-content-type-options:
      - nosniff
      x-ms-arm-service-request-id:
      - 30081e1a-5ae7-466e-99a1-1bcb241c4b17
    status:
      code: 200
      message: OK
- request:
    body: '{"id": "/subscriptions/00000000-0000-0000-0000-000000000000/resourceGroups/clitest.rg000001/providers/Microsoft.Network/virtualNetworks/clitestvnet6/subnets/Subnetetserver6mysql",
      "name": "Subnetetserver6mysql", "properties": {"addressPrefix": "10.0.0.0/24",
      "serviceEndpoints": [{"service": "Microsoft.Storage", "locations": ["eastus2euap",
      "centraluseuap"]}], "delegations": [], "privateEndpointNetworkPolicies": "Enabled",
      "privateLinkServiceNetworkPolicies": "Enabled"}}'
    headers:
      Accept:
      - application/json
      Accept-Encoding:
      - gzip, deflate
      CommandName:
      - network vnet subnet update
      Connection:
      - keep-alive
      Content-Length:
      - '533'
      Content-Type:
      - application/json
      ParameterSetName:
      - -g --name --vnet-name --remove
      User-Agent:
      - AZURECLI/2.19.0 azsdk-python-azure-mgmt-network/17.1.0 Python/3.7.3 (Windows-10-10.0.19041-SP0)
    method: PUT
    uri: https://management.azure.com/subscriptions/00000000-0000-0000-0000-000000000000/resourceGroups/clitest.rg000001/providers/Microsoft.Network/virtualNetworks/clitestvnet6/subnets/Subnetetserver6mysql?api-version=2020-08-01
  response:
    body:
      string: "{\r\n  \"name\": \"Subnetetserver6mysql\",\r\n  \"id\": \"/subscriptions/00000000-0000-0000-0000-000000000000/resourceGroups/clitest.rg000001/providers/Microsoft.Network/virtualNetworks/clitestvnet6/subnets/Subnetetserver6mysql\",\r\n
        \ \"etag\": \"W/\\\"966196be-f3c6-46b4-8488-06de2f66a67b\\\"\",\r\n  \"properties\":
        {\r\n    \"provisioningState\": \"Updating\",\r\n    \"addressPrefix\": \"10.0.0.0/24\",\r\n
        \   \"serviceEndpoints\": [\r\n      {\r\n        \"provisioningState\": \"Succeeded\",\r\n
        \       \"service\": \"Microsoft.Storage\",\r\n        \"locations\": [\r\n
        \         \"eastus2euap\",\r\n          \"centraluseuap\"\r\n        ]\r\n
        \     }\r\n    ],\r\n    \"delegations\": [],\r\n    \"privateEndpointNetworkPolicies\":
        \"Enabled\",\r\n    \"privateLinkServiceNetworkPolicies\": \"Enabled\"\r\n
        \ },\r\n  \"type\": \"Microsoft.Network/virtualNetworks/subnets\"\r\n}"
    headers:
      azure-asyncoperation:
      - https://management.azure.com/subscriptions/00000000-0000-0000-0000-000000000000/providers/Microsoft.Network/locations/eastus2euap/operations/d3171b96-930b-43a3-876f-ed6872636aa3?api-version=2020-08-01
      cache-control:
      - no-cache
      content-length:
      - '843'
      content-type:
      - application/json; charset=utf-8
      date:
      - Wed, 10 Feb 2021 02:30:33 GMT
      expires:
      - '-1'
      pragma:
      - no-cache
      server:
      - Microsoft-HTTPAPI/2.0
      - Microsoft-HTTPAPI/2.0
      strict-transport-security:
      - max-age=31536000; includeSubDomains
      transfer-encoding:
      - chunked
      vary:
      - Accept-Encoding
      x-content-type-options:
      - nosniff
      x-ms-arm-service-request-id:
      - b976bbce-9d87-473d-8dc6-17b2e5ab7a5d
      x-ms-ratelimit-remaining-subscription-writes:
      - '1181'
    status:
      code: 200
      message: OK
- request:
    body: null
    headers:
      Accept:
      - '*/*'
      Accept-Encoding:
      - gzip, deflate
      CommandName:
      - network vnet subnet update
      Connection:
      - keep-alive
      ParameterSetName:
      - -g --name --vnet-name --remove
      User-Agent:
      - AZURECLI/2.19.0 azsdk-python-azure-mgmt-network/17.1.0 Python/3.7.3 (Windows-10-10.0.19041-SP0)
    method: GET
    uri: https://management.azure.com/subscriptions/00000000-0000-0000-0000-000000000000/providers/Microsoft.Network/locations/eastus2euap/operations/d3171b96-930b-43a3-876f-ed6872636aa3?api-version=2020-08-01
  response:
    body:
      string: "{\r\n  \"status\": \"Succeeded\"\r\n}"
    headers:
      cache-control:
      - no-cache
      content-length:
      - '29'
      content-type:
      - application/json; charset=utf-8
      date:
      - Wed, 10 Feb 2021 02:30:36 GMT
      expires:
      - '-1'
      pragma:
      - no-cache
      server:
      - Microsoft-HTTPAPI/2.0
      - Microsoft-HTTPAPI/2.0
      strict-transport-security:
      - max-age=31536000; includeSubDomains
      transfer-encoding:
      - chunked
      vary:
      - Accept-Encoding
      x-content-type-options:
      - nosniff
      x-ms-arm-service-request-id:
      - 3bf78282-aaa9-471e-9ec2-7567fcc3a0c5
    status:
      code: 200
      message: OK
- request:
    body: null
    headers:
      Accept:
      - '*/*'
      Accept-Encoding:
      - gzip, deflate
      CommandName:
      - network vnet subnet update
      Connection:
      - keep-alive
      ParameterSetName:
      - -g --name --vnet-name --remove
      User-Agent:
      - AZURECLI/2.19.0 azsdk-python-azure-mgmt-network/17.1.0 Python/3.7.3 (Windows-10-10.0.19041-SP0)
    method: GET
    uri: https://management.azure.com/subscriptions/00000000-0000-0000-0000-000000000000/resourceGroups/clitest.rg000001/providers/Microsoft.Network/virtualNetworks/clitestvnet6/subnets/Subnetetserver6mysql?api-version=2020-08-01
  response:
    body:
      string: "{\r\n  \"name\": \"Subnetetserver6mysql\",\r\n  \"id\": \"/subscriptions/00000000-0000-0000-0000-000000000000/resourceGroups/clitest.rg000001/providers/Microsoft.Network/virtualNetworks/clitestvnet6/subnets/Subnetetserver6mysql\",\r\n
        \ \"etag\": \"W/\\\"4ac04650-841a-4c19-a15b-1da4c6dcc2e7\\\"\",\r\n  \"properties\":
        {\r\n    \"provisioningState\": \"Succeeded\",\r\n    \"addressPrefix\": \"10.0.0.0/24\",\r\n
        \   \"serviceEndpoints\": [\r\n      {\r\n        \"provisioningState\": \"Succeeded\",\r\n
        \       \"service\": \"Microsoft.Storage\",\r\n        \"locations\": [\r\n
        \         \"eastus2euap\",\r\n          \"centraluseuap\"\r\n        ]\r\n
        \     }\r\n    ],\r\n    \"delegations\": [],\r\n    \"privateEndpointNetworkPolicies\":
        \"Enabled\",\r\n    \"privateLinkServiceNetworkPolicies\": \"Enabled\"\r\n
        \ },\r\n  \"type\": \"Microsoft.Network/virtualNetworks/subnets\"\r\n}"
    headers:
      cache-control:
      - no-cache
      content-length:
      - '844'
      content-type:
      - application/json; charset=utf-8
      date:
      - Wed, 10 Feb 2021 02:30:36 GMT
      etag:
      - W/"4ac04650-841a-4c19-a15b-1da4c6dcc2e7"
      expires:
      - '-1'
      pragma:
      - no-cache
      server:
      - Microsoft-HTTPAPI/2.0
      - Microsoft-HTTPAPI/2.0
      strict-transport-security:
      - max-age=31536000; includeSubDomains
      transfer-encoding:
      - chunked
      vary:
      - Accept-Encoding
      x-content-type-options:
      - nosniff
      x-ms-arm-service-request-id:
      - 4638ffbd-9bd1-4de8-8e36-8af9f081c59a
    status:
      code: 200
      message: OK
- request:
    body: null
    headers:
      Accept:
      - application/json
      Accept-Encoding:
      - gzip, deflate
      CommandName:
      - network vnet delete
      Connection:
      - keep-alive
      Content-Length:
      - '0'
      ParameterSetName:
      - -g -n
      User-Agent:
      - AZURECLI/2.19.0 azsdk-python-azure-mgmt-network/17.1.0 Python/3.7.3 (Windows-10-10.0.19041-SP0)
    method: DELETE
    uri: https://management.azure.com/subscriptions/00000000-0000-0000-0000-000000000000/resourceGroups/clitest.rg000001/providers/Microsoft.Network/virtualNetworks/clitestvnet6?api-version=2020-08-01
  response:
    body:
      string: ''
    headers:
      azure-asyncnotification:
      - Enabled
      azure-asyncoperation:
      - https://management.azure.com/subscriptions/00000000-0000-0000-0000-000000000000/providers/Microsoft.Network/locations/eastus2euap/operations/7a3df8a1-d2eb-4d0c-b59c-61a451bbaa42?api-version=2020-08-01
      cache-control:
      - no-cache
      content-length:
      - '0'
      date:
      - Wed, 10 Feb 2021 02:30:39 GMT
      expires:
      - '-1'
      location:
      - https://management.azure.com/subscriptions/00000000-0000-0000-0000-000000000000/providers/Microsoft.Network/locations/eastus2euap/operationResults/7a3df8a1-d2eb-4d0c-b59c-61a451bbaa42?api-version=2020-08-01
      pragma:
      - no-cache
      server:
      - Microsoft-HTTPAPI/2.0
      - Microsoft-HTTPAPI/2.0
      strict-transport-security:
      - max-age=31536000; includeSubDomains
      x-content-type-options:
      - nosniff
      x-ms-arm-service-request-id:
      - 53be43bd-c650-467a-b348-757c5c465c3c
      x-ms-ratelimit-remaining-subscription-deletes:
      - '14997'
    status:
      code: 202
      message: Accepted
- request:
    body: null
    headers:
      Accept:
      - '*/*'
      Accept-Encoding:
      - gzip, deflate
      CommandName:
      - network vnet delete
      Connection:
      - keep-alive
      ParameterSetName:
      - -g -n
      User-Agent:
      - AZURECLI/2.19.0 azsdk-python-azure-mgmt-network/17.1.0 Python/3.7.3 (Windows-10-10.0.19041-SP0)
    method: GET
    uri: https://management.azure.com/subscriptions/00000000-0000-0000-0000-000000000000/providers/Microsoft.Network/locations/eastus2euap/operations/7a3df8a1-d2eb-4d0c-b59c-61a451bbaa42?api-version=2020-08-01
  response:
    body:
      string: "{\r\n  \"status\": \"Succeeded\"\r\n}"
    headers:
      cache-control:
      - no-cache
      content-length:
      - '29'
      content-type:
      - application/json; charset=utf-8
      date:
      - Wed, 10 Feb 2021 02:30:49 GMT
      expires:
      - '-1'
      pragma:
      - no-cache
      server:
      - Microsoft-HTTPAPI/2.0
      - Microsoft-HTTPAPI/2.0
      strict-transport-security:
      - max-age=31536000; includeSubDomains
      transfer-encoding:
      - chunked
      vary:
      - Accept-Encoding
      x-content-type-options:
      - nosniff
      x-ms-arm-service-request-id:
      - 79b0d63c-5916-4fb6-9ca7-a8c6ed53eefe
    status:
      code: 200
      message: OK
version: 1
