interactions:
- request:
    body: null
    headers:
      Accept:
      - application/json
      Accept-Encoding:
      - gzip, deflate
      CommandName:
      - mysql server create
      Connection:
      - keep-alive
      ParameterSetName:
      - -g --name -l --admin-user --admin-password --sku-name --tags --public
      User-Agent:
      - python/3.7.4 (Windows-10-10.0.19041-SP0) msrest/0.6.18 msrest_azure/0.6.3
        azure-mgmt-resource/10.2.0 Azure-SDK-For-Python AZURECLI/2.14.1
      accept-language:
      - en-US
    method: HEAD
    uri: https://management.azure.com/subscriptions/00000000-0000-0000-0000-000000000000/resourcegroups/clitest.rg000001?api-version=2020-10-01
  response:
    body:
      string: ''
    headers:
      cache-control:
      - no-cache
      content-length:
      - '0'
      date:
      - Tue, 17 Nov 2020 03:29:14 GMT
      expires:
      - '-1'
      pragma:
      - no-cache
      strict-transport-security:
      - max-age=31536000; includeSubDomains
      x-content-type-options:
      - nosniff
    status:
      code: 204
      message: No Content
- request:
    body: '{"name": "azuredbclipublicall000002", "type": "Microsoft.DBforMySQL/servers"}'
    headers:
      Accept:
      - application/json
      Accept-Encoding:
      - gzip, deflate
      CommandName:
      - mysql server create
      Connection:
      - keep-alive
      Content-Length:
      - '115'
      Content-Type:
      - application/json; charset=utf-8
      ParameterSetName:
      - -g --name -l --admin-user --admin-password --sku-name --tags --public
      User-Agent:
      - python/3.7.4 (Windows-10-10.0.19041-SP0) msrest/0.6.18 msrest_azure/0.6.3
        azure-mgmt-rdbms/2017-12-01 Azure-SDK-For-Python AZURECLI/2.14.1
      accept-language:
      - en-US
    method: POST
    uri: https://management.azure.com/subscriptions/00000000-0000-0000-0000-000000000000/providers/Microsoft.DBForMySQL/checkNameAvailability?api-version=2017-12-01
  response:
    body:
      string: '{"nameAvailable":true,"message":""}'
    headers:
      cache-control:
      - no-cache
      content-length:
      - '35'
      content-type:
      - application/json; charset=utf-8
      date:
      - Tue, 17 Nov 2020 03:29:16 GMT
      expires:
      - '-1'
      pragma:
      - no-cache
      server:
      - Microsoft-HTTPAPI/2.0
      strict-transport-security:
      - max-age=31536000; includeSubDomains
      transfer-encoding:
      - chunked
      vary:
      - Accept-Encoding
      x-content-type-options:
      - nosniff
      x-ms-ratelimit-remaining-subscription-writes:
      - '1199'
    status:
      code: 200
      message: OK
- request:
    body: '{"sku": {"name": "GP_Gen5_2"}, "properties": {"publicNetworkAccess": "Enabled",
      "storageProfile": {"storageMB": 51200, "storageAutogrow": "Enabled"}, "createMode":
      "Default", "administratorLogin": "cloudsa", "administratorLoginPassword": "SecretPassword123"},
      "location": "westus2", "tags": {"key": "1"}}'
    headers:
      Accept:
      - application/json
      Accept-Encoding:
      - gzip, deflate
      CommandName:
      - mysql server create
      Connection:
      - keep-alive
      Content-Length:
      - '304'
      Content-Type:
      - application/json; charset=utf-8
      ParameterSetName:
      - -g --name -l --admin-user --admin-password --sku-name --tags --public
      User-Agent:
      - python/3.7.4 (Windows-10-10.0.19041-SP0) msrest/0.6.18 msrest_azure/0.6.3
        azure-mgmt-rdbms/2017-12-01 Azure-SDK-For-Python AZURECLI/2.14.1
      accept-language:
      - en-US
    method: PUT
    uri: https://management.azure.com/subscriptions/00000000-0000-0000-0000-000000000000/resourceGroups/clitest.rg000001/providers/Microsoft.DBForMySQL/servers/azuredbclipublicall000002?api-version=2017-12-01
  response:
    body:
      string: '{"operation":"UpsertElasticServer","startTime":"2020-11-17T03:29:17.523Z"}'
    headers:
      azure-asyncoperation:
      - https://management.azure.com/subscriptions/00000000-0000-0000-0000-000000000000/providers/Microsoft.DBforMySQL/locations/westus2/azureAsyncOperation/c667c29b-1831-4b38-a5bf-b5569fdf65aa?api-version=2017-12-01
      cache-control:
      - no-cache
      content-length:
      - '74'
      content-type:
      - application/json; charset=utf-8
      date:
      - Tue, 17 Nov 2020 03:29:18 GMT
      expires:
      - '-1'
      location:
      - https://management.azure.com/subscriptions/00000000-0000-0000-0000-000000000000/providers/Microsoft.DBforMySQL/locations/westus2/operationResults/c667c29b-1831-4b38-a5bf-b5569fdf65aa?api-version=2017-12-01
      pragma:
      - no-cache
      server:
      - Microsoft-HTTPAPI/2.0
      strict-transport-security:
      - max-age=31536000; includeSubDomains
      x-content-type-options:
      - nosniff
      x-ms-ratelimit-remaining-subscription-writes:
      - '1199'
    status:
      code: 202
      message: Accepted
- request:
    body: null
    headers:
      Accept:
      - application/json
      Accept-Encoding:
      - gzip, deflate
      CommandName:
      - mysql server create
      Connection:
      - keep-alive
      ParameterSetName:
      - -g --name -l --admin-user --admin-password --sku-name --tags --public
      User-Agent:
      - python/3.7.4 (Windows-10-10.0.19041-SP0) msrest/0.6.18 msrest_azure/0.6.3
        azure-mgmt-rdbms/2017-12-01 Azure-SDK-For-Python AZURECLI/2.14.1
    method: GET
    uri: https://management.azure.com/subscriptions/00000000-0000-0000-0000-000000000000/providers/Microsoft.DBforMySQL/locations/westus2/azureAsyncOperation/c667c29b-1831-4b38-a5bf-b5569fdf65aa?api-version=2017-12-01
  response:
    body:
      string: '{"name":"c667c29b-1831-4b38-a5bf-b5569fdf65aa","status":"InProgress","startTime":"2020-11-17T03:29:17.523Z"}'
    headers:
      cache-control:
      - no-cache
      content-length:
      - '108'
      content-type:
      - application/json; charset=utf-8
      date:
      - Tue, 17 Nov 2020 03:30:18 GMT
      expires:
      - '-1'
      pragma:
      - no-cache
      server:
      - Microsoft-HTTPAPI/2.0
      strict-transport-security:
      - max-age=31536000; includeSubDomains
      transfer-encoding:
      - chunked
      vary:
      - Accept-Encoding
      x-content-type-options:
      - nosniff
    status:
      code: 200
      message: OK
- request:
    body: null
    headers:
      Accept:
      - application/json
      Accept-Encoding:
      - gzip, deflate
      CommandName:
      - mysql server create
      Connection:
      - keep-alive
      ParameterSetName:
      - -g --name -l --admin-user --admin-password --sku-name --tags --public
      User-Agent:
      - python/3.7.4 (Windows-10-10.0.19041-SP0) msrest/0.6.18 msrest_azure/0.6.3
        azure-mgmt-rdbms/2017-12-01 Azure-SDK-For-Python AZURECLI/2.14.1
    method: GET
    uri: https://management.azure.com/subscriptions/00000000-0000-0000-0000-000000000000/providers/Microsoft.DBforMySQL/locations/westus2/azureAsyncOperation/c667c29b-1831-4b38-a5bf-b5569fdf65aa?api-version=2017-12-01
  response:
    body:
      string: '{"name":"c667c29b-1831-4b38-a5bf-b5569fdf65aa","status":"Succeeded","startTime":"2020-11-17T03:29:17.523Z"}'
    headers:
      cache-control:
      - no-cache
      content-length:
      - '107'
      content-type:
      - application/json; charset=utf-8
      date:
      - Tue, 17 Nov 2020 03:31:18 GMT
      expires:
      - '-1'
      pragma:
      - no-cache
      server:
      - Microsoft-HTTPAPI/2.0
      strict-transport-security:
      - max-age=31536000; includeSubDomains
      transfer-encoding:
      - chunked
      vary:
      - Accept-Encoding
      x-content-type-options:
      - nosniff
    status:
      code: 200
      message: OK
- request:
    body: null
    headers:
      Accept:
      - application/json
      Accept-Encoding:
      - gzip, deflate
      CommandName:
      - mysql server create
      Connection:
      - keep-alive
      ParameterSetName:
      - -g --name -l --admin-user --admin-password --sku-name --tags --public
      User-Agent:
      - python/3.7.4 (Windows-10-10.0.19041-SP0) msrest/0.6.18 msrest_azure/0.6.3
        azure-mgmt-rdbms/2017-12-01 Azure-SDK-For-Python AZURECLI/2.14.1
    method: GET
    uri: https://management.azure.com/subscriptions/00000000-0000-0000-0000-000000000000/resourceGroups/clitest.rg000001/providers/Microsoft.DBForMySQL/servers/azuredbclipublicall000002?api-version=2017-12-01
  response:
    body:
      string: '{"sku":{"name":"GP_Gen5_2","tier":"GeneralPurpose","family":"Gen5","capacity":2},"properties":{"administratorLogin":"cloudsa","storageProfile":{"storageMB":51200,"backupRetentionDays":7,"geoRedundantBackup":"Disabled","storageAutogrow":"Enabled"},"version":"5.7","sslEnforcement":"Enabled","minimalTlsVersion":"TLSEnforcementDisabled","userVisibleState":"Ready","fullyQualifiedDomainName":"azuredbclipublicall000002.mysql.database.azure.com","earliestRestoreDate":"2020-11-17T03:39:17.85+00:00","replicationRole":"None","masterServerId":"","replicaCapacity":5,"byokEnforcement":"Disabled","privateEndpointConnections":[],"infrastructureEncryption":"Disabled","publicNetworkAccess":"Enabled"},"location":"westus2","tags":{"key":"1"},"id":"/subscriptions/00000000-0000-0000-0000-000000000000/resourceGroups/clitest.rg000001/providers/Microsoft.DBforMySQL/servers/azuredbclipublicall000002","name":"azuredbclipublicall000002","type":"Microsoft.DBforMySQL/servers"}'
    headers:
      cache-control:
      - no-cache
      content-length:
      - '1134'
      content-type:
      - application/json; charset=utf-8
      date:
      - Tue, 17 Nov 2020 03:31:18 GMT
      expires:
      - '-1'
      pragma:
      - no-cache
      server:
      - Microsoft-HTTPAPI/2.0
      strict-transport-security:
      - max-age=31536000; includeSubDomains
      transfer-encoding:
      - chunked
      vary:
      - Accept-Encoding
      x-content-type-options:
      - nosniff
    status:
      code: 200
      message: OK
- request:
    body: '{"properties": {"startIpAddress": "0.0.0.0", "endIpAddress": "255.255.255.255"}}'
    headers:
      Accept:
      - application/json
      Accept-Encoding:
      - gzip, deflate
      CommandName:
      - mysql server create
      Connection:
      - keep-alive
      Content-Length:
      - '80'
      Content-Type:
      - application/json; charset=utf-8
      ParameterSetName:
      - -g --name -l --admin-user --admin-password --sku-name --tags --public
      User-Agent:
      - python/3.7.4 (Windows-10-10.0.19041-SP0) msrest/0.6.18 msrest_azure/0.6.3
        azure-mgmt-rdbms/2017-12-01 Azure-SDK-For-Python AZURECLI/2.14.1
      accept-language:
      - en-US
    method: PUT
    uri: https://management.azure.com/subscriptions/00000000-0000-0000-0000-000000000000/resourceGroups/clitest.rg000001/providers/Microsoft.DBForMySQL/servers/azuredbclipublicall000002/firewallRules/AllowAll_2020-11-16_19-31-20?api-version=2017-12-01
  response:
    body:
      string: '{"operation":"UpsertElasticServerFirewallRules","startTime":"2020-11-17T03:31:20.377Z"}'
    headers:
      azure-asyncoperation:
      - https://management.azure.com/subscriptions/00000000-0000-0000-0000-000000000000/providers/Microsoft.DBforMySQL/locations/westus2/azureAsyncOperation/e43d3023-9609-46a3-b9e3-01e20cea7303?api-version=2017-12-01
      cache-control:
      - no-cache
      content-length:
      - '87'
      content-type:
      - application/json; charset=utf-8
      date:
      - Tue, 17 Nov 2020 03:31:21 GMT
      expires:
      - '-1'
      location:
      - https://management.azure.com/subscriptions/00000000-0000-0000-0000-000000000000/providers/Microsoft.DBforMySQL/locations/westus2/operationResults/e43d3023-9609-46a3-b9e3-01e20cea7303?api-version=2017-12-01
      pragma:
      - no-cache
      server:
      - Microsoft-HTTPAPI/2.0
      strict-transport-security:
      - max-age=31536000; includeSubDomains
      x-content-type-options:
      - nosniff
      x-ms-ratelimit-remaining-subscription-writes:
      - '1199'
    status:
      code: 202
      message: Accepted
- request:
    body: null
    headers:
      Accept:
      - application/json
      Accept-Encoding:
      - gzip, deflate
      CommandName:
      - mysql server create
      Connection:
      - keep-alive
      ParameterSetName:
      - -g --name -l --admin-user --admin-password --sku-name --tags --public
      User-Agent:
      - python/3.7.4 (Windows-10-10.0.19041-SP0) msrest/0.6.18 msrest_azure/0.6.3
        azure-mgmt-rdbms/2017-12-01 Azure-SDK-For-Python AZURECLI/2.14.1
    method: GET
    uri: https://management.azure.com/subscriptions/00000000-0000-0000-0000-000000000000/providers/Microsoft.DBforMySQL/locations/westus2/azureAsyncOperation/e43d3023-9609-46a3-b9e3-01e20cea7303?api-version=2017-12-01
  response:
    body:
      string: '{"name":"e43d3023-9609-46a3-b9e3-01e20cea7303","status":"Succeeded","startTime":"2020-11-17T03:31:20.377Z"}'
    headers:
      cache-control:
      - no-cache
      content-length:
      - '107'
      content-type:
      - application/json; charset=utf-8
      date:
      - Tue, 17 Nov 2020 03:31:36 GMT
      expires:
      - '-1'
      pragma:
      - no-cache
      server:
      - Microsoft-HTTPAPI/2.0
      strict-transport-security:
      - max-age=31536000; includeSubDomains
      transfer-encoding:
      - chunked
      vary:
      - Accept-Encoding
      x-content-type-options:
      - nosniff
    status:
      code: 200
      message: OK
- request:
    body: null
    headers:
      Accept:
      - application/json
      Accept-Encoding:
      - gzip, deflate
      CommandName:
      - mysql server create
      Connection:
      - keep-alive
      ParameterSetName:
      - -g --name -l --admin-user --admin-password --sku-name --tags --public
      User-Agent:
      - python/3.7.4 (Windows-10-10.0.19041-SP0) msrest/0.6.18 msrest_azure/0.6.3
        azure-mgmt-rdbms/2017-12-01 Azure-SDK-For-Python AZURECLI/2.14.1
    method: GET
    uri: https://management.azure.com/subscriptions/00000000-0000-0000-0000-000000000000/resourceGroups/clitest.rg000001/providers/Microsoft.DBForMySQL/servers/azuredbclipublicall000002/firewallRules/AllowAll_2020-11-16_19-31-20?api-version=2017-12-01
  response:
    body:
      string: '{"properties":{"startIpAddress":"0.0.0.0","endIpAddress":"255.255.255.255"},"id":"/subscriptions/00000000-0000-0000-0000-000000000000/resourceGroups/clitest.rg000001/providers/Microsoft.DBforMySQL/servers/azuredbclipublicall000002/firewallRules/AllowAll_2020-11-16_19-31-20","name":"AllowAll_2020-11-16_19-31-20","type":"Microsoft.DBforMySQL/servers/firewallRules"}'
    headers:
      cache-control:
      - no-cache
      content-length:
      - '462'
      content-type:
      - application/json; charset=utf-8
      date:
      - Tue, 17 Nov 2020 03:31:36 GMT
      expires:
      - '-1'
      pragma:
      - no-cache
      server:
      - Microsoft-HTTPAPI/2.0
      strict-transport-security:
      - max-age=31536000; includeSubDomains
      transfer-encoding:
      - chunked
      vary:
      - Accept-Encoding
      x-content-type-options:
      - nosniff
    status:
      code: 200
      message: OK
- request:
    body: null
    headers:
      Accept:
      - application/json
      Accept-Encoding:
      - gzip, deflate
      CommandName:
      - mysql server create
      Connection:
      - keep-alive
      ParameterSetName:
      - -g --name -l --admin-user --admin-password --sku-name --tags --public
      User-Agent:
      - python/3.7.4 (Windows-10-10.0.19041-SP0) msrest/0.6.18 msrest_azure/0.6.3
        azure-mgmt-rdbms/2017-12-01 Azure-SDK-For-Python AZURECLI/2.14.1
      accept-language:
      - en-US
    method: GET
    uri: https://management.azure.com/subscriptions/00000000-0000-0000-0000-000000000000/resourceGroups/clitest.rg000001/providers/Microsoft.DBForMySQL/servers/azuredbclipublicall000002/databases/defaultdb?api-version=2017-12-01
  response:
    body:
      string: '{"error":{"code":"ResourceNotFound","message":"The requested resource
        of type ''Microsoft.DBforMySQL/servers/databases'' with name ''defaultdb''
        was not found."}}'
    headers:
      cache-control:
      - no-cache
      content-length:
      - '158'
      content-type:
      - application/json; charset=utf-8
      date:
      - Tue, 17 Nov 2020 03:31:37 GMT
      expires:
      - '-1'
      pragma:
      - no-cache
      server:
      - Microsoft-HTTPAPI/2.0
      strict-transport-security:
      - max-age=31536000; includeSubDomains
      x-content-type-options:
      - nosniff
    status:
      code: 404
      message: Not Found
- request:
    body: '{"properties": {"charset": "utf8"}}'
    headers:
      Accept:
      - application/json
      Accept-Encoding:
      - gzip, deflate
      CommandName:
      - mysql server create
      Connection:
      - keep-alive
      Content-Length:
      - '35'
      Content-Type:
      - application/json; charset=utf-8
      ParameterSetName:
      - -g --name -l --admin-user --admin-password --sku-name --tags --public
      User-Agent:
      - python/3.7.4 (Windows-10-10.0.19041-SP0) msrest/0.6.18 msrest_azure/0.6.3
        azure-mgmt-rdbms/2017-12-01 Azure-SDK-For-Python AZURECLI/2.14.1
      accept-language:
      - en-US
    method: PUT
    uri: https://management.azure.com/subscriptions/00000000-0000-0000-0000-000000000000/resourceGroups/clitest.rg000001/providers/Microsoft.DBForMySQL/servers/azuredbclipublicall000002/databases/defaultdb?api-version=2017-12-01
  response:
    body:
      string: '{"operation":"UpsertElasticServerDatabase","startTime":"2020-11-17T03:31:37.73Z"}'
    headers:
      azure-asyncoperation:
      - https://management.azure.com/subscriptions/00000000-0000-0000-0000-000000000000/providers/Microsoft.DBforMySQL/locations/westus2/azureAsyncOperation/e382ba03-4bed-4d4b-8447-75fc7065215b?api-version=2017-12-01
      cache-control:
      - no-cache
      content-length:
      - '81'
      content-type:
      - application/json; charset=utf-8
      date:
      - Tue, 17 Nov 2020 03:31:37 GMT
      expires:
      - '-1'
      location:
      - https://management.azure.com/subscriptions/00000000-0000-0000-0000-000000000000/providers/Microsoft.DBforMySQL/locations/westus2/operationResults/e382ba03-4bed-4d4b-8447-75fc7065215b?api-version=2017-12-01
      pragma:
      - no-cache
      server:
      - Microsoft-HTTPAPI/2.0
      strict-transport-security:
      - max-age=31536000; includeSubDomains
      x-content-type-options:
      - nosniff
      x-ms-ratelimit-remaining-subscription-writes:
      - '1199'
    status:
      code: 202
      message: Accepted
- request:
    body: null
    headers:
      Accept:
      - application/json
      Accept-Encoding:
      - gzip, deflate
      CommandName:
      - mysql server create
      Connection:
      - keep-alive
      ParameterSetName:
      - -g --name -l --admin-user --admin-password --sku-name --tags --public
      User-Agent:
      - python/3.7.4 (Windows-10-10.0.19041-SP0) msrest/0.6.18 msrest_azure/0.6.3
        azure-mgmt-rdbms/2017-12-01 Azure-SDK-For-Python AZURECLI/2.14.1
    method: GET
    uri: https://management.azure.com/subscriptions/00000000-0000-0000-0000-000000000000/providers/Microsoft.DBforMySQL/locations/westus2/azureAsyncOperation/e382ba03-4bed-4d4b-8447-75fc7065215b?api-version=2017-12-01
  response:
    body:
      string: '{"name":"e382ba03-4bed-4d4b-8447-75fc7065215b","status":"Succeeded","startTime":"2020-11-17T03:31:37.73Z"}'
    headers:
      cache-control:
      - no-cache
      content-length:
      - '106'
      content-type:
      - application/json; charset=utf-8
      date:
      - Tue, 17 Nov 2020 03:31:52 GMT
      expires:
      - '-1'
      pragma:
      - no-cache
      server:
      - Microsoft-HTTPAPI/2.0
      strict-transport-security:
      - max-age=31536000; includeSubDomains
      transfer-encoding:
      - chunked
      vary:
      - Accept-Encoding
      x-content-type-options:
      - nosniff
    status:
      code: 200
      message: OK
- request:
    body: null
    headers:
      Accept:
      - application/json
      Accept-Encoding:
      - gzip, deflate
      CommandName:
      - mysql server create
      Connection:
      - keep-alive
      ParameterSetName:
      - -g --name -l --admin-user --admin-password --sku-name --tags --public
      User-Agent:
      - python/3.7.4 (Windows-10-10.0.19041-SP0) msrest/0.6.18 msrest_azure/0.6.3
        azure-mgmt-rdbms/2017-12-01 Azure-SDK-For-Python AZURECLI/2.14.1
    method: GET
    uri: https://management.azure.com/subscriptions/00000000-0000-0000-0000-000000000000/resourceGroups/clitest.rg000001/providers/Microsoft.DBForMySQL/servers/azuredbclipublicall000002/databases/defaultdb?api-version=2017-12-01
  response:
    body:
      string: '{"properties":{"charset":"latin1","collation":"latin1_swedish_ci"},"id":"/subscriptions/00000000-0000-0000-0000-000000000000/resourceGroups/clitest.rg000001/providers/Microsoft.DBforMySQL/servers/azuredbclipublicall000002/databases/defaultdb","name":"defaultdb","type":"Microsoft.DBforMySQL/servers/databases"}'
    headers:
      cache-control:
      - no-cache
      content-length:
      - '407'
      content-type:
      - application/json; charset=utf-8
      date:
      - Tue, 17 Nov 2020 03:31:53 GMT
      expires:
      - '-1'
      pragma:
      - no-cache
      server:
      - Microsoft-HTTPAPI/2.0
      strict-transport-security:
      - max-age=31536000; includeSubDomains
      transfer-encoding:
      - chunked
      vary:
      - Accept-Encoding
      x-content-type-options:
      - nosniff
    status:
      code: 200
      message: OK
- request:
    body: null
    headers:
      Accept:
      - application/json
      Accept-Encoding:
      - gzip, deflate
      CommandName:
      - mysql server create
      Connection:
      - keep-alive
      ParameterSetName:
      - -g --name -l --admin-user --admin-password --sku-name --tags --public
      User-Agent:
      - python/3.7.4 (Windows-10-10.0.19041-SP0) msrest/0.6.18 msrest_azure/0.6.3
        azure-mgmt-resource/10.2.0 Azure-SDK-For-Python AZURECLI/2.14.1
      accept-language:
      - en-US
    method: HEAD
    uri: https://management.azure.com/subscriptions/00000000-0000-0000-0000-000000000000/resourcegroups/clitest.rg000001?api-version=2020-10-01
  response:
    body:
      string: ''
    headers:
      cache-control:
      - no-cache
      content-length:
      - '0'
      date:
      - Tue, 17 Nov 2020 03:31:53 GMT
      expires:
      - '-1'
      pragma:
      - no-cache
      strict-transport-security:
      - max-age=31536000; includeSubDomains
      x-content-type-options:
      - nosniff
    status:
      code: 204
      message: No Content
- request:
    body: '{"name": "azuredbclipublicazureservices000003", "type": "Microsoft.DBforMySQL/servers"}'
    headers:
      Accept:
      - application/json
      Accept-Encoding:
      - gzip, deflate
      CommandName:
      - mysql server create
      Connection:
      - keep-alive
      Content-Length:
      - '115'
      Content-Type:
      - application/json; charset=utf-8
      ParameterSetName:
      - -g --name -l --admin-user --admin-password --sku-name --tags --public
      User-Agent:
      - python/3.7.4 (Windows-10-10.0.19041-SP0) msrest/0.6.18 msrest_azure/0.6.3
        azure-mgmt-rdbms/2017-12-01 Azure-SDK-For-Python AZURECLI/2.14.1
      accept-language:
      - en-US
    method: POST
    uri: https://management.azure.com/subscriptions/00000000-0000-0000-0000-000000000000/providers/Microsoft.DBForMySQL/checkNameAvailability?api-version=2017-12-01
  response:
    body:
      string: '{"nameAvailable":true,"message":""}'
    headers:
      cache-control:
      - no-cache
      content-length:
      - '35'
      content-type:
      - application/json; charset=utf-8
      date:
      - Tue, 17 Nov 2020 03:31:55 GMT
      expires:
      - '-1'
      pragma:
      - no-cache
      server:
      - Microsoft-HTTPAPI/2.0
      strict-transport-security:
      - max-age=31536000; includeSubDomains
      transfer-encoding:
      - chunked
      vary:
      - Accept-Encoding
      x-content-type-options:
      - nosniff
      x-ms-ratelimit-remaining-subscription-writes:
      - '1199'
    status:
      code: 200
      message: OK
- request:
    body: '{"sku": {"name": "GP_Gen5_2"}, "properties": {"publicNetworkAccess": "Enabled",
      "storageProfile": {"storageMB": 51200, "storageAutogrow": "Enabled"}, "createMode":
      "Default", "administratorLogin": "cloudsa", "administratorLoginPassword": "SecretPassword123"},
      "location": "westus2", "tags": {"key": "1"}}'
    headers:
      Accept:
      - application/json
      Accept-Encoding:
      - gzip, deflate
      CommandName:
      - mysql server create
      Connection:
      - keep-alive
      Content-Length:
      - '304'
      Content-Type:
      - application/json; charset=utf-8
      ParameterSetName:
      - -g --name -l --admin-user --admin-password --sku-name --tags --public
      User-Agent:
      - python/3.7.4 (Windows-10-10.0.19041-SP0) msrest/0.6.18 msrest_azure/0.6.3
        azure-mgmt-rdbms/2017-12-01 Azure-SDK-For-Python AZURECLI/2.14.1
      accept-language:
      - en-US
    method: PUT
    uri: https://management.azure.com/subscriptions/00000000-0000-0000-0000-000000000000/resourceGroups/clitest.rg000001/providers/Microsoft.DBForMySQL/servers/azuredbclipublicazureservices000003?api-version=2017-12-01
  response:
    body:
      string: '{"operation":"UpsertElasticServer","startTime":"2020-11-17T03:31:56.71Z"}'
    headers:
      azure-asyncoperation:
      - https://management.azure.com/subscriptions/00000000-0000-0000-0000-000000000000/providers/Microsoft.DBforMySQL/locations/westus2/azureAsyncOperation/c40eca05-5888-4181-b72c-7cd1063a0b6e?api-version=2017-12-01
      cache-control:
      - no-cache
      content-length:
      - '73'
      content-type:
      - application/json; charset=utf-8
      date:
      - Tue, 17 Nov 2020 03:31:57 GMT
      expires:
      - '-1'
      location:
      - https://management.azure.com/subscriptions/00000000-0000-0000-0000-000000000000/providers/Microsoft.DBforMySQL/locations/westus2/operationResults/c40eca05-5888-4181-b72c-7cd1063a0b6e?api-version=2017-12-01
      pragma:
      - no-cache
      server:
      - Microsoft-HTTPAPI/2.0
      strict-transport-security:
      - max-age=31536000; includeSubDomains
      x-content-type-options:
      - nosniff
      x-ms-ratelimit-remaining-subscription-writes:
      - '1198'
    status:
      code: 202
      message: Accepted
- request:
    body: null
    headers:
      Accept:
      - application/json
      Accept-Encoding:
      - gzip, deflate
      CommandName:
      - mysql server create
      Connection:
      - keep-alive
      ParameterSetName:
      - -g --name -l --admin-user --admin-password --sku-name --tags --public
      User-Agent:
      - python/3.7.4 (Windows-10-10.0.19041-SP0) msrest/0.6.18 msrest_azure/0.6.3
        azure-mgmt-rdbms/2017-12-01 Azure-SDK-For-Python AZURECLI/2.14.1
    method: GET
    uri: https://management.azure.com/subscriptions/00000000-0000-0000-0000-000000000000/providers/Microsoft.DBforMySQL/locations/westus2/azureAsyncOperation/c40eca05-5888-4181-b72c-7cd1063a0b6e?api-version=2017-12-01
  response:
    body:
      string: '{"name":"c40eca05-5888-4181-b72c-7cd1063a0b6e","status":"InProgress","startTime":"2020-11-17T03:31:56.71Z"}'
    headers:
      cache-control:
      - no-cache
      content-length:
      - '107'
      content-type:
      - application/json; charset=utf-8
      date:
      - Tue, 17 Nov 2020 03:32:57 GMT
      expires:
      - '-1'
      pragma:
      - no-cache
      server:
      - Microsoft-HTTPAPI/2.0
      strict-transport-security:
      - max-age=31536000; includeSubDomains
      transfer-encoding:
      - chunked
      vary:
      - Accept-Encoding
      x-content-type-options:
      - nosniff
    status:
      code: 200
      message: OK
- request:
    body: null
    headers:
      Accept:
      - application/json
      Accept-Encoding:
      - gzip, deflate
      CommandName:
      - mysql server create
      Connection:
      - keep-alive
      ParameterSetName:
      - -g --name -l --admin-user --admin-password --sku-name --tags --public
      User-Agent:
      - python/3.7.4 (Windows-10-10.0.19041-SP0) msrest/0.6.18 msrest_azure/0.6.3
        azure-mgmt-rdbms/2017-12-01 Azure-SDK-For-Python AZURECLI/2.14.1
    method: GET
    uri: https://management.azure.com/subscriptions/00000000-0000-0000-0000-000000000000/providers/Microsoft.DBforMySQL/locations/westus2/azureAsyncOperation/c40eca05-5888-4181-b72c-7cd1063a0b6e?api-version=2017-12-01
  response:
    body:
      string: '{"name":"c40eca05-5888-4181-b72c-7cd1063a0b6e","status":"Succeeded","startTime":"2020-11-17T03:31:56.71Z"}'
    headers:
      cache-control:
      - no-cache
      content-length:
      - '106'
      content-type:
      - application/json; charset=utf-8
      date:
      - Tue, 17 Nov 2020 03:33:57 GMT
      expires:
      - '-1'
      pragma:
      - no-cache
      server:
      - Microsoft-HTTPAPI/2.0
      strict-transport-security:
      - max-age=31536000; includeSubDomains
      transfer-encoding:
      - chunked
      vary:
      - Accept-Encoding
      x-content-type-options:
      - nosniff
    status:
      code: 200
      message: OK
- request:
    body: null
    headers:
      Accept:
      - application/json
      Accept-Encoding:
      - gzip, deflate
      CommandName:
      - mysql server create
      Connection:
      - keep-alive
      ParameterSetName:
      - -g --name -l --admin-user --admin-password --sku-name --tags --public
      User-Agent:
      - python/3.7.4 (Windows-10-10.0.19041-SP0) msrest/0.6.18 msrest_azure/0.6.3
        azure-mgmt-rdbms/2017-12-01 Azure-SDK-For-Python AZURECLI/2.14.1
    method: GET
    uri: https://management.azure.com/subscriptions/00000000-0000-0000-0000-000000000000/resourceGroups/clitest.rg000001/providers/Microsoft.DBForMySQL/servers/azuredbclipublicazureservices000003?api-version=2017-12-01
  response:
    body:
      string: '{"sku":{"name":"GP_Gen5_2","tier":"GeneralPurpose","family":"Gen5","capacity":2},"properties":{"administratorLogin":"cloudsa","storageProfile":{"storageMB":51200,"backupRetentionDays":7,"geoRedundantBackup":"Disabled","storageAutogrow":"Enabled"},"version":"5.7","sslEnforcement":"Enabled","minimalTlsVersion":"TLSEnforcementDisabled","userVisibleState":"Ready","fullyQualifiedDomainName":"azuredbclipublicazureservices000003.mysql.database.azure.com","earliestRestoreDate":"2020-11-17T03:41:57.07+00:00","replicationRole":"None","masterServerId":"","replicaCapacity":5,"byokEnforcement":"Disabled","privateEndpointConnections":[],"infrastructureEncryption":"Disabled","publicNetworkAccess":"Enabled"},"location":"westus2","tags":{"key":"1"},"id":"/subscriptions/00000000-0000-0000-0000-000000000000/resourceGroups/clitest.rg000001/providers/Microsoft.DBforMySQL/servers/azuredbclipublicazureservices000003","name":"azuredbclipublicazureservices000003","type":"Microsoft.DBforMySQL/servers"}'
    headers:
      cache-control:
      - no-cache
      content-length:
      - '1134'
      content-type:
      - application/json; charset=utf-8
      date:
      - Tue, 17 Nov 2020 03:33:57 GMT
      expires:
      - '-1'
      pragma:
      - no-cache
      server:
      - Microsoft-HTTPAPI/2.0
      strict-transport-security:
      - max-age=31536000; includeSubDomains
      transfer-encoding:
      - chunked
      vary:
      - Accept-Encoding
      x-content-type-options:
      - nosniff
    status:
      code: 200
      message: OK
- request:
    body: '{"properties": {"startIpAddress": "0.0.0.0", "endIpAddress": "0.0.0.0"}}'
    headers:
      Accept:
      - application/json
      Accept-Encoding:
      - gzip, deflate
      CommandName:
      - mysql server create
      Connection:
      - keep-alive
      Content-Length:
      - '72'
      Content-Type:
      - application/json; charset=utf-8
      ParameterSetName:
      - -g --name -l --admin-user --admin-password --sku-name --tags --public
      User-Agent:
      - python/3.7.4 (Windows-10-10.0.19041-SP0) msrest/0.6.18 msrest_azure/0.6.3
        azure-mgmt-rdbms/2017-12-01 Azure-SDK-For-Python AZURECLI/2.14.1
      accept-language:
      - en-US
    method: PUT
    uri: https://management.azure.com/subscriptions/00000000-0000-0000-0000-000000000000/resourceGroups/clitest.rg000001/providers/Microsoft.DBForMySQL/servers/azuredbclipublicazureservices000003/firewallRules/AllowAllAzureServicesAndResourcesWithinAzureIps_2020-11-16_19-33-59?api-version=2017-12-01
  response:
    body:
      string: '{"operation":"UpsertElasticServerFirewallRules","startTime":"2020-11-17T03:33:59.703Z"}'
    headers:
      azure-asyncoperation:
      - https://management.azure.com/subscriptions/00000000-0000-0000-0000-000000000000/providers/Microsoft.DBforMySQL/locations/westus2/azureAsyncOperation/2cbe1e37-ce1f-4699-8529-2de942684b07?api-version=2017-12-01
      cache-control:
      - no-cache
      content-length:
      - '87'
      content-type:
      - application/json; charset=utf-8
      date:
      - Tue, 17 Nov 2020 03:34:00 GMT
      expires:
      - '-1'
      location:
      - https://management.azure.com/subscriptions/00000000-0000-0000-0000-000000000000/providers/Microsoft.DBforMySQL/locations/westus2/operationResults/2cbe1e37-ce1f-4699-8529-2de942684b07?api-version=2017-12-01
      pragma:
      - no-cache
      server:
      - Microsoft-HTTPAPI/2.0
      strict-transport-security:
      - max-age=31536000; includeSubDomains
      x-content-type-options:
      - nosniff
      x-ms-ratelimit-remaining-subscription-writes:
      - '1199'
    status:
      code: 202
      message: Accepted
- request:
    body: null
    headers:
      Accept:
      - application/json
      Accept-Encoding:
      - gzip, deflate
      CommandName:
      - mysql server create
      Connection:
      - keep-alive
      ParameterSetName:
      - -g --name -l --admin-user --admin-password --sku-name --tags --public
      User-Agent:
      - python/3.7.4 (Windows-10-10.0.19041-SP0) msrest/0.6.18 msrest_azure/0.6.3
        azure-mgmt-rdbms/2017-12-01 Azure-SDK-For-Python AZURECLI/2.14.1
    method: GET
    uri: https://management.azure.com/subscriptions/00000000-0000-0000-0000-000000000000/providers/Microsoft.DBforMySQL/locations/westus2/azureAsyncOperation/2cbe1e37-ce1f-4699-8529-2de942684b07?api-version=2017-12-01
  response:
    body:
      string: '{"name":"2cbe1e37-ce1f-4699-8529-2de942684b07","status":"Succeeded","startTime":"2020-11-17T03:33:59.703Z"}'
    headers:
      cache-control:
      - no-cache
      content-length:
      - '107'
      content-type:
      - application/json; charset=utf-8
      date:
      - Tue, 17 Nov 2020 03:34:15 GMT
      expires:
      - '-1'
      pragma:
      - no-cache
      server:
      - Microsoft-HTTPAPI/2.0
      strict-transport-security:
      - max-age=31536000; includeSubDomains
      transfer-encoding:
      - chunked
      vary:
      - Accept-Encoding
      x-content-type-options:
      - nosniff
    status:
      code: 200
      message: OK
- request:
    body: null
    headers:
      Accept:
      - application/json
      Accept-Encoding:
      - gzip, deflate
      CommandName:
      - mysql server create
      Connection:
      - keep-alive
      ParameterSetName:
      - -g --name -l --admin-user --admin-password --sku-name --tags --public
      User-Agent:
      - python/3.7.4 (Windows-10-10.0.19041-SP0) msrest/0.6.18 msrest_azure/0.6.3
        azure-mgmt-rdbms/2017-12-01 Azure-SDK-For-Python AZURECLI/2.14.1
    method: GET
    uri: https://management.azure.com/subscriptions/00000000-0000-0000-0000-000000000000/resourceGroups/clitest.rg000001/providers/Microsoft.DBForMySQL/servers/azuredbclipublicazureservices000003/firewallRules/AllowAllAzureServicesAndResourcesWithinAzureIps_2020-11-16_19-33-59?api-version=2017-12-01
  response:
    body:
      string: '{"properties":{"startIpAddress":"0.0.0.0","endIpAddress":"0.0.0.0"},"id":"/subscriptions/00000000-0000-0000-0000-000000000000/resourceGroups/clitest.rg000001/providers/Microsoft.DBforMySQL/servers/azuredbclipublicazureservices000003/firewallRules/AllowAllAzureServicesAndResourcesWithinAzureIps_2020-11-16_19-33-59","name":"AllowAllAzureServicesAndResourcesWithinAzureIps_2020-11-16_19-33-59","type":"Microsoft.DBforMySQL/servers/firewallRules"}'
    headers:
      cache-control:
      - no-cache
      content-length:
      - '532'
      content-type:
      - application/json; charset=utf-8
      date:
      - Tue, 17 Nov 2020 03:34:15 GMT
      expires:
      - '-1'
      pragma:
      - no-cache
      server:
      - Microsoft-HTTPAPI/2.0
      strict-transport-security:
      - max-age=31536000; includeSubDomains
      transfer-encoding:
      - chunked
      vary:
      - Accept-Encoding
      x-content-type-options:
      - nosniff
    status:
      code: 200
      message: OK
- request:
    body: null
    headers:
      Accept:
      - application/json
      Accept-Encoding:
      - gzip, deflate
      CommandName:
      - mysql server create
      Connection:
      - keep-alive
      ParameterSetName:
      - -g --name -l --admin-user --admin-password --sku-name --tags --public
      User-Agent:
      - python/3.7.4 (Windows-10-10.0.19041-SP0) msrest/0.6.18 msrest_azure/0.6.3
        azure-mgmt-rdbms/2017-12-01 Azure-SDK-For-Python AZURECLI/2.14.1
      accept-language:
      - en-US
    method: GET
    uri: https://management.azure.com/subscriptions/00000000-0000-0000-0000-000000000000/resourceGroups/clitest.rg000001/providers/Microsoft.DBForMySQL/servers/azuredbclipublicazureservices000003/databases/defaultdb?api-version=2017-12-01
  response:
    body:
      string: '{"error":{"code":"ResourceNotFound","message":"The requested resource
        of type ''Microsoft.DBforMySQL/servers/databases'' with name ''defaultdb''
        was not found."}}'
    headers:
      cache-control:
      - no-cache
      content-length:
      - '158'
      content-type:
      - application/json; charset=utf-8
      date:
      - Tue, 17 Nov 2020 03:34:16 GMT
      expires:
      - '-1'
      pragma:
      - no-cache
      server:
      - Microsoft-HTTPAPI/2.0
      strict-transport-security:
      - max-age=31536000; includeSubDomains
      x-content-type-options:
      - nosniff
    status:
      code: 404
      message: Not Found
- request:
    body: '{"properties": {"charset": "utf8"}}'
    headers:
      Accept:
      - application/json
      Accept-Encoding:
      - gzip, deflate
      CommandName:
      - mysql server create
      Connection:
      - keep-alive
      Content-Length:
      - '35'
      Content-Type:
      - application/json; charset=utf-8
      ParameterSetName:
      - -g --name -l --admin-user --admin-password --sku-name --tags --public
      User-Agent:
      - python/3.7.4 (Windows-10-10.0.19041-SP0) msrest/0.6.18 msrest_azure/0.6.3
        azure-mgmt-rdbms/2017-12-01 Azure-SDK-For-Python AZURECLI/2.14.1
      accept-language:
      - en-US
    method: PUT
    uri: https://management.azure.com/subscriptions/00000000-0000-0000-0000-000000000000/resourceGroups/clitest.rg000001/providers/Microsoft.DBForMySQL/servers/azuredbclipublicazureservices000003/databases/defaultdb?api-version=2017-12-01
  response:
    body:
      string: '{"operation":"UpsertElasticServerDatabase","startTime":"2020-11-17T03:34:17.04Z"}'
    headers:
      azure-asyncoperation:
      - https://management.azure.com/subscriptions/00000000-0000-0000-0000-000000000000/providers/Microsoft.DBforMySQL/locations/westus2/azureAsyncOperation/3707414e-50d2-4979-bff3-f037e159fde8?api-version=2017-12-01
      cache-control:
      - no-cache
      content-length:
      - '81'
      content-type:
      - application/json; charset=utf-8
      date:
      - Tue, 17 Nov 2020 03:34:16 GMT
      expires:
      - '-1'
      location:
      - https://management.azure.com/subscriptions/00000000-0000-0000-0000-000000000000/providers/Microsoft.DBforMySQL/locations/westus2/operationResults/3707414e-50d2-4979-bff3-f037e159fde8?api-version=2017-12-01
      pragma:
      - no-cache
      server:
      - Microsoft-HTTPAPI/2.0
      strict-transport-security:
      - max-age=31536000; includeSubDomains
      x-content-type-options:
      - nosniff
      x-ms-ratelimit-remaining-subscription-writes:
      - '1199'
    status:
      code: 202
      message: Accepted
- request:
    body: null
    headers:
      Accept:
      - application/json
      Accept-Encoding:
      - gzip, deflate
      CommandName:
      - mysql server create
      Connection:
      - keep-alive
      ParameterSetName:
      - -g --name -l --admin-user --admin-password --sku-name --tags --public
      User-Agent:
      - python/3.7.4 (Windows-10-10.0.19041-SP0) msrest/0.6.18 msrest_azure/0.6.3
        azure-mgmt-rdbms/2017-12-01 Azure-SDK-For-Python AZURECLI/2.14.1
    method: GET
    uri: https://management.azure.com/subscriptions/00000000-0000-0000-0000-000000000000/providers/Microsoft.DBforMySQL/locations/westus2/azureAsyncOperation/3707414e-50d2-4979-bff3-f037e159fde8?api-version=2017-12-01
  response:
    body:
      string: '{"name":"3707414e-50d2-4979-bff3-f037e159fde8","status":"Succeeded","startTime":"2020-11-17T03:34:17.04Z"}'
    headers:
      cache-control:
      - no-cache
      content-length:
      - '106'
      content-type:
      - application/json; charset=utf-8
      date:
      - Tue, 17 Nov 2020 03:34:32 GMT
      expires:
      - '-1'
      pragma:
      - no-cache
      server:
      - Microsoft-HTTPAPI/2.0
      strict-transport-security:
      - max-age=31536000; includeSubDomains
      transfer-encoding:
      - chunked
      vary:
      - Accept-Encoding
      x-content-type-options:
      - nosniff
    status:
      code: 200
      message: OK
- request:
    body: null
    headers:
      Accept:
      - application/json
      Accept-Encoding:
      - gzip, deflate
      CommandName:
      - mysql server create
      Connection:
      - keep-alive
      ParameterSetName:
      - -g --name -l --admin-user --admin-password --sku-name --tags --public
      User-Agent:
      - python/3.7.4 (Windows-10-10.0.19041-SP0) msrest/0.6.18 msrest_azure/0.6.3
        azure-mgmt-rdbms/2017-12-01 Azure-SDK-For-Python AZURECLI/2.14.1
    method: GET
    uri: https://management.azure.com/subscriptions/00000000-0000-0000-0000-000000000000/resourceGroups/clitest.rg000001/providers/Microsoft.DBForMySQL/servers/azuredbclipublicazureservices000003/databases/defaultdb?api-version=2017-12-01
  response:
    body:
      string: '{"properties":{"charset":"latin1","collation":"latin1_swedish_ci"},"id":"/subscriptions/00000000-0000-0000-0000-000000000000/resourceGroups/clitest.rg000001/providers/Microsoft.DBforMySQL/servers/azuredbclipublicazureservices000003/databases/defaultdb","name":"defaultdb","type":"Microsoft.DBforMySQL/servers/databases"}'
    headers:
      cache-control:
      - no-cache
      content-length:
      - '407'
      content-type:
      - application/json; charset=utf-8
      date:
      - Tue, 17 Nov 2020 03:34:32 GMT
      expires:
      - '-1'
      pragma:
      - no-cache
      server:
      - Microsoft-HTTPAPI/2.0
      strict-transport-security:
      - max-age=31536000; includeSubDomains
      transfer-encoding:
      - chunked
      vary:
      - Accept-Encoding
      x-content-type-options:
      - nosniff
    status:
      code: 200
      message: OK
- request:
    body: null
    headers:
      Accept:
      - application/json
      Accept-Encoding:
      - gzip, deflate
      CommandName:
      - mysql server delete
      Connection:
      - keep-alive
      Content-Length:
      - '0'
      ParameterSetName:
      - -g --name --yes
      User-Agent:
      - python/3.7.4 (Windows-10-10.0.19041-SP0) msrest/0.6.18 msrest_azure/0.6.3
        azure-mgmt-rdbms/2017-12-01 Azure-SDK-For-Python AZURECLI/2.14.1
      accept-language:
      - en-US
    method: DELETE
    uri: https://management.azure.com/subscriptions/00000000-0000-0000-0000-000000000000/resourceGroups/clitest.rg000001/providers/Microsoft.DBForMySQL/servers/azuredbclipublicall000002?api-version=2017-12-01
  response:
    body:
      string: '{"operation":"DropElasticServer","startTime":"2020-11-17T03:34:33.077Z"}'
    headers:
      azure-asyncoperation:
      - https://management.azure.com/subscriptions/00000000-0000-0000-0000-000000000000/providers/Microsoft.DBforMySQL/locations/westus2/azureAsyncOperation/65e3aacd-4963-4f0a-9ccf-70f1b64cd0b3?api-version=2017-12-01
      cache-control:
      - no-cache
      content-length:
      - '72'
      content-type:
      - application/json; charset=utf-8
      date:
      - Tue, 17 Nov 2020 03:34:33 GMT
      expires:
      - '-1'
      location:
      - https://management.azure.com/subscriptions/00000000-0000-0000-0000-000000000000/providers/Microsoft.DBforMySQL/locations/westus2/operationResults/65e3aacd-4963-4f0a-9ccf-70f1b64cd0b3?api-version=2017-12-01
      pragma:
      - no-cache
      server:
      - Microsoft-HTTPAPI/2.0
      strict-transport-security:
      - max-age=31536000; includeSubDomains
      x-content-type-options:
      - nosniff
      x-ms-ratelimit-remaining-subscription-deletes:
      - '14999'
    status:
      code: 202
      message: Accepted
- request:
    body: null
    headers:
      Accept:
      - application/json
      Accept-Encoding:
      - gzip, deflate
      CommandName:
      - mysql server delete
      Connection:
      - keep-alive
      ParameterSetName:
      - -g --name --yes
      User-Agent:
      - python/3.7.4 (Windows-10-10.0.19041-SP0) msrest/0.6.18 msrest_azure/0.6.3
        azure-mgmt-rdbms/2017-12-01 Azure-SDK-For-Python AZURECLI/2.14.1
    method: GET
    uri: https://management.azure.com/subscriptions/00000000-0000-0000-0000-000000000000/providers/Microsoft.DBforMySQL/locations/westus2/azureAsyncOperation/65e3aacd-4963-4f0a-9ccf-70f1b64cd0b3?api-version=2017-12-01
  response:
    body:
      string: '{"name":"65e3aacd-4963-4f0a-9ccf-70f1b64cd0b3","status":"Succeeded","startTime":"2020-11-17T03:34:33.077Z"}'
    headers:
      cache-control:
      - no-cache
      content-length:
      - '107'
      content-type:
      - application/json; charset=utf-8
      date:
      - Tue, 17 Nov 2020 03:34:48 GMT
      expires:
      - '-1'
      pragma:
      - no-cache
      server:
      - Microsoft-HTTPAPI/2.0
      strict-transport-security:
      - max-age=31536000; includeSubDomains
      transfer-encoding:
      - chunked
      vary:
      - Accept-Encoding
      x-content-type-options:
      - nosniff
    status:
      code: 200
      message: OK
- request:
    body: null
    headers:
      Accept:
      - application/json
      Accept-Encoding:
      - gzip, deflate
      CommandName:
      - mysql server delete
      Connection:
      - keep-alive
      Content-Length:
      - '0'
      ParameterSetName:
      - -g --name --yes
      User-Agent:
      - python/3.7.4 (Windows-10-10.0.19041-SP0) msrest/0.6.18 msrest_azure/0.6.3
        azure-mgmt-rdbms/2017-12-01 Azure-SDK-For-Python AZURECLI/2.14.1
      accept-language:
      - en-US
    method: DELETE
    uri: https://management.azure.com/subscriptions/00000000-0000-0000-0000-000000000000/resourceGroups/clitest.rg000001/providers/Microsoft.DBForMySQL/servers/azuredbclipublicazureservices000003?api-version=2017-12-01
  response:
    body:
      string: '{"operation":"DropElasticServer","startTime":"2020-11-17T03:34:49.61Z"}'
    headers:
      azure-asyncoperation:
      - https://management.azure.com/subscriptions/00000000-0000-0000-0000-000000000000/providers/Microsoft.DBforMySQL/locations/westus2/azureAsyncOperation/0dc7fdf3-601c-4ecf-8e6c-3e08206e8391?api-version=2017-12-01
      cache-control:
      - no-cache
      content-length:
      - '71'
      content-type:
      - application/json; charset=utf-8
      date:
      - Tue, 17 Nov 2020 03:34:49 GMT
      expires:
      - '-1'
      location:
      - https://management.azure.com/subscriptions/00000000-0000-0000-0000-000000000000/providers/Microsoft.DBforMySQL/locations/westus2/operationResults/0dc7fdf3-601c-4ecf-8e6c-3e08206e8391?api-version=2017-12-01
      pragma:
      - no-cache
      server:
      - Microsoft-HTTPAPI/2.0
      strict-transport-security:
      - max-age=31536000; includeSubDomains
      x-content-type-options:
      - nosniff
      x-ms-ratelimit-remaining-subscription-deletes:
      - '14998'
    status:
      code: 202
      message: Accepted
- request:
    body: null
    headers:
      Accept:
      - application/json
      Accept-Encoding:
      - gzip, deflate
      CommandName:
      - mysql server delete
      Connection:
      - keep-alive
      ParameterSetName:
      - -g --name --yes
      User-Agent:
      - python/3.7.4 (Windows-10-10.0.19041-SP0) msrest/0.6.18 msrest_azure/0.6.3
        azure-mgmt-rdbms/2017-12-01 Azure-SDK-For-Python AZURECLI/2.14.1
    method: GET
    uri: https://management.azure.com/subscriptions/00000000-0000-0000-0000-000000000000/providers/Microsoft.DBforMySQL/locations/westus2/azureAsyncOperation/0dc7fdf3-601c-4ecf-8e6c-3e08206e8391?api-version=2017-12-01
  response:
    body:
      string: '{"name":"0dc7fdf3-601c-4ecf-8e6c-3e08206e8391","status":"Succeeded","startTime":"2020-11-17T03:34:49.61Z"}'
    headers:
      cache-control:
      - no-cache
      content-length:
      - '106'
      content-type:
      - application/json; charset=utf-8
      date:
      - Tue, 17 Nov 2020 03:35:04 GMT
      expires:
      - '-1'
      pragma:
      - no-cache
      server:
      - Microsoft-HTTPAPI/2.0
      strict-transport-security:
      - max-age=31536000; includeSubDomains
      transfer-encoding:
      - chunked
      vary:
      - Accept-Encoding
      x-content-type-options:
      - nosniff
    status:
      code: 200
      message: OK
- request:
    body: null
    headers:
      Accept:
      - application/json
      Accept-Encoding:
      - gzip, deflate
      CommandName:
      - mysql server list
      Connection:
      - keep-alive
      ParameterSetName:
      - -g
      User-Agent:
      - python/3.7.4 (Windows-10-10.0.19041-SP0) msrest/0.6.18 msrest_azure/0.6.3
        azure-mgmt-rdbms/2017-12-01 Azure-SDK-For-Python AZURECLI/2.14.1
      accept-language:
      - en-US
    method: GET
    uri: https://management.azure.com/subscriptions/00000000-0000-0000-0000-000000000000/resourceGroups/clitest.rg000001/providers/Microsoft.DBForMySQL/servers?api-version=2017-12-01
  response:
    body:
      string: '{"value":[]}'
    headers:
      cache-control:
      - no-cache
      content-length:
      - '12'
      content-type:
      - application/json; charset=utf-8
      date:
      - Tue, 17 Nov 2020 03:35:05 GMT
      expires:
      - '-1'
      pragma:
      - no-cache
      server:
      - Microsoft-HTTPAPI/2.0
      strict-transport-security:
      - max-age=31536000; includeSubDomains
      transfer-encoding:
      - chunked
      vary:
      - Accept-Encoding
      x-content-type-options:
      - nosniff
    status:
      code: 200
      message: OK
version: 1
