interactions:
- request:
    body: null
    headers:
      Accept:
      - application/json
      Accept-Encoding:
      - gzip, deflate
      CommandName:
      - iotcentral app create
      Connection:
      - keep-alive
      ParameterSetName:
      - -n -g --subdomain --sku
      User-Agent:
      - python/2.7.14 (Windows-10-10.0.18362) msrest/0.6.10 msrest_azure/0.6.2 azure-mgmt-resource/6.0.0
        Azure-SDK-For-Python AZURECLI/2.0.80
      accept-language:
      - en-US
    method: GET
    uri: https://management.azure.com/subscriptions/00000000-0000-0000-0000-000000000000/resourcegroups/clitest.rg000001?api-version=2019-07-01
  response:
    body:
      string: !!python/unicode '{"id":"/subscriptions/00000000-0000-0000-0000-000000000000/resourceGroups/clitest.rg000001","name":"clitest.rg000001","type":"Microsoft.Resources/resourceGroups","location":"eastus","tags":{"date":"2020-01-13T22:33:01Z","product":"azurecli","cause":"automation"},"properties":{"provisioningState":"Succeeded"}}'
    headers:
      cache-control:
      - no-cache
      content-length:
      - '428'
      content-type:
      - application/json; charset=utf-8
      date:
      - Mon, 13 Jan 2020 22:33:03 GMT
      expires:
      - '-1'
      pragma:
      - no-cache
      strict-transport-security:
      - max-age=31536000; includeSubDomains
      vary:
      - Accept-Encoding
      x-content-type-options:
      - nosniff
    status:
      code: 200
      message: OK
- request:
    body: !!python/unicode '{"sku": {"name": "ST2"}, "properties": {"subdomain": "iotc-cli-test000002",
      "displayName": "iotc-cli-test000002"}, "location": "eastus"}'
    headers:
      Accept:
      - application/json
      Accept-Encoding:
      - gzip, deflate
      CommandName:
      - iotcentral app create
      Connection:
      - keep-alive
      Content-Length:
      - '146'
      Content-Type:
      - application/json; charset=utf-8
      ParameterSetName:
      - -n -g --subdomain --sku
      User-Agent:
      - python/2.7.14 (Windows-10-10.0.18362) msrest/0.6.10 msrest_azure/0.6.2 azure-mgmt-iotcentral/2.0.0
        Azure-SDK-For-Python AZURECLI/2.0.80
      accept-language:
      - en-US
    method: PUT
    uri: https://management.azure.com/subscriptions/00000000-0000-0000-0000-000000000000/resourceGroups/clitest.rg000001/providers/Microsoft.IoTCentral/IoTApps/iotc-cli-test000002?api-version=2018-09-01
  response:
    body:
      string: !!python/unicode '{"id":"/subscriptions/00000000-0000-0000-0000-000000000000/resourceGroups/clitest.rg000001/providers/Microsoft.IoTCentral/IoTApps/iotc-cli-test000002","name":"iotc-cli-test000002","type":"Microsoft.IoTCentral/IoTApps","location":"eastus","tags":{},"properties":{"applicationId":"a390185d-c9a9-49c7-b0f0-581de17fad12","state":"created","displayName":"iotc-cli-test000002","tenant":"7f448912-3312-4b33-838d-76eb99405624","capabilities":{},"subdomain":"iotc-cli-test000002","createdDate":"2020-01-13T22:33:07.337Z","template":"iotc-default@1.0.0"},"sku":{"name":"ST2"},"etag":"\"3b000af4-0000-0100-0000-5e1cf0230000\""}'
    headers:
      cache-control:
      - no-store, must-revalidate, no-cache, max-stale=0, private, post-check=0, pre-check=0
      content-length:
      - '695'
      content-type:
      - application/json; charset=utf-8
      date:
      - Mon, 13 Jan 2020 22:33:11 GMT
      etag:
      - '"3b000af4-0000-0100-0000-5e1cf0230000"'
      strict-transport-security:
      - max-age=31536000; includeSubDomains
      x-content-type-options:
      - nosniff
      x-download-options:
      - noopen
      x-envoy-upstream-service-time:
      - '4509'
      x-frame-options:
      - deny
      x-iot-cluster:
      - iotcprodwestus02
      x-iot-correlation:
      - 3f88jop8.0
      x-iot-version:
      - 010720.0004-master
      x-ms-ratelimit-remaining-subscription-writes:
      - '1199'
      x-msedge-ref:
      - 'Ref A: 47B45CBA148740CFB080AD486822A456 Ref B: BY3EDGE0418 Ref C: 2020-01-13T22:33:06Z'
      x-xss-protection:
      - 1; mode=block
    status:
      code: 201
      message: Created
- request:
    body: null
    headers:
      Accept:
      - application/json
      Accept-Encoding:
      - gzip, deflate
      CommandName:
      - iotcentral app create
      Connection:
      - keep-alive
      ParameterSetName:
      - -n -g --subdomain --sku
      User-Agent:
      - python/2.7.14 (Windows-10-10.0.18362) msrest/0.6.10 msrest_azure/0.6.2 azure-mgmt-iotcentral/2.0.0
        Azure-SDK-For-Python AZURECLI/2.0.80
    method: GET
    uri: https://management.azure.com/subscriptions/00000000-0000-0000-0000-000000000000/resourceGroups/clitest.rg000001/providers/Microsoft.IoTCentral/IoTApps/iotc-cli-test000002?api-version=2018-09-01
  response:
    body:
      string: !!python/unicode '{"id":"/subscriptions/00000000-0000-0000-0000-000000000000/resourceGroups/clitest.rg000001/providers/Microsoft.IoTCentral/IoTApps/iotc-cli-test000002","name":"iotc-cli-test000002","type":"Microsoft.IoTCentral/IoTApps","location":"eastus","tags":{},"properties":{"applicationId":"a390185d-c9a9-49c7-b0f0-581de17fad12","state":"created","displayName":"iotc-cli-test000002","tenant":"7f448912-3312-4b33-838d-76eb99405624","capabilities":{},"subdomain":"iotc-cli-test000002","createdDate":"2020-01-13T22:33:07.337Z","template":"iotc-default@1.0.0"},"sku":{"name":"ST2"},"etag":"\"3b000af4-0000-0100-0000-5e1cf0230000\""}'
    headers:
      cache-control:
      - no-store, must-revalidate, no-cache, max-stale=0, private, post-check=0, pre-check=0
      content-length:
      - '695'
      content-type:
      - application/json; charset=utf-8
      date:
      - Mon, 13 Jan 2020 22:33:41 GMT
      etag:
      - W/"3b000af4-0000-0100-0000-5e1cf0230000"
      strict-transport-security:
      - max-age=31536000; includeSubDomains
      transfer-encoding:
      - chunked
      vary:
      - Accept-Encoding,Accept-Encoding
      x-content-type-options:
      - nosniff
      x-download-options:
      - noopen
      x-envoy-upstream-service-time:
      - '349'
      x-frame-options:
      - deny
      x-iot-cluster:
      - iotcprodwestus02
      x-iot-correlation:
      - 1kaejy5z.0
      x-iot-version:
      - 010720.0004-master
      x-msedge-ref:
      - 'Ref A: 193A8E55F0AF45A3B5C82831CB650760 Ref B: BY3EDGE0512 Ref C: 2020-01-13T22:33:41Z'
      x-xss-protection:
      - 1; mode=block
    status:
      code: 200
      message: OK
- request:
    body: null
    headers:
      Accept:
      - application/json
      Accept-Encoding:
      - gzip, deflate
      CommandName:
      - iotcentral app create
      Connection:
      - keep-alive
      ParameterSetName:
      - -n -g --subdomain --template --display-name --sku
      User-Agent:
      - python/2.7.14 (Windows-10-10.0.18362) msrest/0.6.10 msrest_azure/0.6.2 azure-mgmt-resource/6.0.0
        Azure-SDK-For-Python AZURECLI/2.0.80
      accept-language:
      - en-US
    method: GET
    uri: https://management.azure.com/subscriptions/00000000-0000-0000-0000-000000000000/resourcegroups/clitest.rg000001?api-version=2019-07-01
  response:
    body:
      string: !!python/unicode '{"id":"/subscriptions/00000000-0000-0000-0000-000000000000/resourceGroups/clitest.rg000001","name":"clitest.rg000001","type":"Microsoft.Resources/resourceGroups","location":"eastus","tags":{"date":"2020-01-13T22:33:01Z","product":"azurecli","cause":"automation"},"properties":{"provisioningState":"Succeeded"}}'
    headers:
      cache-control:
      - no-cache
      content-length:
      - '428'
      content-type:
      - application/json; charset=utf-8
      date:
      - Mon, 13 Jan 2020 22:33:42 GMT
      expires:
      - '-1'
      pragma:
      - no-cache
      strict-transport-security:
      - max-age=31536000; includeSubDomains
      vary:
      - Accept-Encoding
      x-content-type-options:
      - nosniff
    status:
      code: 200
      message: OK
- request:
    body: !!python/unicode '{"sku": {"name": "ST1"}, "properties": {"subdomain": "iotc-cli-test000002-template",
      "displayName": "My Custom App Display Name", "template": "iotc-default@1.0.0"},
      "location": "eastus"}'
    headers:
      Accept:
      - application/json
      Accept-Encoding:
      - gzip, deflate
      CommandName:
      - iotcentral app create
      Connection:
      - keep-alive
      Content-Length:
      - '191'
      Content-Type:
      - application/json; charset=utf-8
      ParameterSetName:
      - -n -g --subdomain --template --display-name --sku
      User-Agent:
      - python/2.7.14 (Windows-10-10.0.18362) msrest/0.6.10 msrest_azure/0.6.2 azure-mgmt-iotcentral/2.0.0
        Azure-SDK-For-Python AZURECLI/2.0.80
      accept-language:
      - en-US
    method: PUT
    uri: https://management.azure.com/subscriptions/00000000-0000-0000-0000-000000000000/resourceGroups/clitest.rg000001/providers/Microsoft.IoTCentral/IoTApps/iotc-cli-test000002-template?api-version=2018-09-01
  response:
    body:
      string: !!python/unicode '{"id":"/subscriptions/00000000-0000-0000-0000-000000000000/resourceGroups/clitest.rg000001/providers/Microsoft.IoTCentral/IoTApps/iotc-cli-test000002-template","name":"iotc-cli-test000002-template","type":"Microsoft.IoTCentral/IoTApps","location":"eastus","tags":{},"properties":{"applicationId":"8e46e886-70a3-4525-aa03-c78178ab13e2","state":"created","displayName":"My
        Custom App Display Name","tenant":"7f448912-3312-4b33-838d-76eb99405624","capabilities":{},"subdomain":"iotc-cli-test000002-template","createdDate":"2020-01-13T22:33:45.943Z","template":"iotc-default@1.0.0"},"sku":{"name":"ST1"},"etag":"\"0000a381-0000-0100-0000-5e1cf04a0000\""}'
    headers:
      cache-control:
      - no-store, must-revalidate, no-cache, max-stale=0, private, post-check=0, pre-check=0
      content-length:
      - '724'
      content-type:
      - application/json; charset=utf-8
      date:
      - Mon, 13 Jan 2020 22:33:50 GMT
      etag:
      - '"0000a381-0000-0100-0000-5e1cf04a0000"'
      strict-transport-security:
      - max-age=31536000; includeSubDomains
      x-content-type-options:
      - nosniff
      x-download-options:
      - noopen
      x-envoy-upstream-service-time:
      - '4351'
      x-frame-options:
      - deny
      x-iot-cluster:
      - iotcprodwestus02
      x-iot-correlation:
      - b68893vi.0
      x-iot-version:
      - 010720.0004-master
      x-ms-ratelimit-remaining-subscription-writes:
      - '1199'
      x-msedge-ref:
      - 'Ref A: D9E3E5D96CE842339CBE99768C23100C Ref B: BY3EDGE0315 Ref C: 2020-01-13T22:33:45Z'
      x-xss-protection:
      - 1; mode=block
    status:
      code: 201
      message: Created
- request:
    body: null
    headers:
      Accept:
      - application/json
      Accept-Encoding:
      - gzip, deflate
      CommandName:
      - iotcentral app create
      Connection:
      - keep-alive
      ParameterSetName:
      - -n -g --subdomain --template --display-name --sku
      User-Agent:
      - python/2.7.14 (Windows-10-10.0.18362) msrest/0.6.10 msrest_azure/0.6.2 azure-mgmt-iotcentral/2.0.0
        Azure-SDK-For-Python AZURECLI/2.0.80
    method: GET
    uri: https://management.azure.com/subscriptions/00000000-0000-0000-0000-000000000000/resourceGroups/clitest.rg000001/providers/Microsoft.IoTCentral/IoTApps/iotc-cli-test000002-template?api-version=2018-09-01
  response:
    body:
      string: !!python/unicode '{"id":"/subscriptions/00000000-0000-0000-0000-000000000000/resourceGroups/clitest.rg000001/providers/Microsoft.IoTCentral/IoTApps/iotc-cli-test000002-template","name":"iotc-cli-test000002-template","type":"Microsoft.IoTCentral/IoTApps","location":"eastus","tags":{},"properties":{"applicationId":"8e46e886-70a3-4525-aa03-c78178ab13e2","state":"created","displayName":"My
        Custom App Display Name","tenant":"7f448912-3312-4b33-838d-76eb99405624","capabilities":{},"subdomain":"iotc-cli-test000002-template","createdDate":"2020-01-13T22:33:45.943Z","template":"iotc-default@1.0.0"},"sku":{"name":"ST1"},"etag":"\"0000a381-0000-0100-0000-5e1cf04a0000\""}'
    headers:
      cache-control:
      - no-store, must-revalidate, no-cache, max-stale=0, private, post-check=0, pre-check=0
      content-length:
      - '724'
      content-type:
      - application/json; charset=utf-8
      date:
      - Mon, 13 Jan 2020 22:34:20 GMT
      etag:
      - W/"0000a381-0000-0100-0000-5e1cf04a0000"
      strict-transport-security:
      - max-age=31536000; includeSubDomains
      transfer-encoding:
      - chunked
      vary:
      - Accept-Encoding,Accept-Encoding
      x-content-type-options:
      - nosniff
      x-download-options:
      - noopen
      x-envoy-upstream-service-time:
      - '347'
      x-frame-options:
      - deny
      x-iot-cluster:
      - iotcprodwestus02
      x-iot-correlation:
      - 47icsf0x.0
      x-iot-version:
      - 010720.0004-master
      x-msedge-ref:
      - 'Ref A: 14875CF7C11D477EB4702B844A64F7CA Ref B: BY3EDGE0114 Ref C: 2020-01-13T22:34:20Z'
      x-xss-protection:
      - 1; mode=block
    status:
      code: 200
      message: OK
- request:
    body: null
    headers:
      Accept:
      - application/json
      Accept-Encoding:
      - gzip, deflate
      CommandName:
      - iotcentral app update
      Connection:
      - keep-alive
      ParameterSetName:
      - -n -g --set
      User-Agent:
      - python/2.7.14 (Windows-10-10.0.18362) msrest/0.6.10 msrest_azure/0.6.2 azure-mgmt-iotcentral/2.0.0
        Azure-SDK-For-Python AZURECLI/2.0.80
      accept-language:
      - en-US
    method: GET
    uri: https://management.azure.com/subscriptions/00000000-0000-0000-0000-000000000000/resourceGroups/clitest.rg000001/providers/Microsoft.IoTCentral/IoTApps/iotc-cli-test000002-template?api-version=2018-09-01
  response:
    body:
      string: !!python/unicode '{"id":"/subscriptions/00000000-0000-0000-0000-000000000000/resourceGroups/clitest.rg000001/providers/Microsoft.IoTCentral/IoTApps/iotc-cli-test000002-template","name":"iotc-cli-test000002-template","type":"Microsoft.IoTCentral/IoTApps","location":"eastus","tags":{},"properties":{"applicationId":"8e46e886-70a3-4525-aa03-c78178ab13e2","state":"created","displayName":"My
        Custom App Display Name","tenant":"7f448912-3312-4b33-838d-76eb99405624","capabilities":{},"subdomain":"iotc-cli-test000002-template","createdDate":"2020-01-13T22:33:45.943Z","template":"iotc-default@1.0.0"},"sku":{"name":"ST1"},"etag":"\"0000a381-0000-0100-0000-5e1cf04a0000\""}'
    headers:
      cache-control:
      - no-store, must-revalidate, no-cache, max-stale=0, private, post-check=0, pre-check=0
      content-length:
      - '724'
      content-type:
      - application/json; charset=utf-8
      date:
      - Mon, 13 Jan 2020 22:34:22 GMT
      etag:
      - W/"0000a381-0000-0100-0000-5e1cf04a0000"
      strict-transport-security:
      - max-age=31536000; includeSubDomains
      transfer-encoding:
      - chunked
      vary:
      - Accept-Encoding,Accept-Encoding
      x-content-type-options:
      - nosniff
      x-download-options:
      - noopen
      x-envoy-upstream-service-time:
      - '421'
      x-frame-options:
      - deny
      x-iot-cluster:
      - iotcprodwestus02
      x-iot-correlation:
      - errfwoa.0
      x-iot-version:
      - 010720.0004-master
      x-msedge-ref:
      - 'Ref A: 061D4BE43A1E41F3A46FD87A2D6C281C Ref B: BY3EDGE0520 Ref C: 2020-01-13T22:34:21Z'
      x-xss-protection:
      - 1; mode=block
    status:
      code: 200
      message: OK
- request:
    body: !!python/unicode '{"sku": {"name": "ST2"}, "location": "eastus", "properties":
      {"subdomain": "iotc-cli-test000002update", "displayName": "iotc-cli-test000002update",
      "template": "iotc-default@1.0.0"}, "tags": {}}'
    headers:
      Accept:
      - application/json
      Accept-Encoding:
      - gzip, deflate
      CommandName:
      - iotcentral app update
      Connection:
      - keep-alive
      Content-Length:
      - '204'
      Content-Type:
      - application/json; charset=utf-8
      IF-MATCH:
      - !!python/unicode '"0000a381-0000-0100-0000-5e1cf04a0000"'
      ParameterSetName:
      - -n -g --set
      User-Agent:
      - python/2.7.14 (Windows-10-10.0.18362) msrest/0.6.10 msrest_azure/0.6.2 azure-mgmt-iotcentral/2.0.0
        Azure-SDK-For-Python AZURECLI/2.0.80
      accept-language:
      - en-US
    method: PATCH
    uri: https://management.azure.com/subscriptions/00000000-0000-0000-0000-000000000000/resourceGroups/clitest.rg000001/providers/Microsoft.IoTCentral/IoTApps/iotc-cli-test000002-template?api-version=2018-09-01
  response:
    body:
      string: !!python/unicode '{"id":"/subscriptions/00000000-0000-0000-0000-000000000000/resourceGroups/clitest.rg000001/providers/Microsoft.IoTCentral/IoTApps/iotc-cli-test000002-template","name":"iotc-cli-test000002-template","type":"Microsoft.IoTCentral/IoTApps","location":"eastus","tags":{},"properties":{"applicationId":"8e46e886-70a3-4525-aa03-c78178ab13e2","state":"created","displayName":"iotc-cli-test000002update","tenant":"7f448912-3312-4b33-838d-76eb99405624","capabilities":{},"subdomain":"iotc-cli-test000002update","createdDate":"2020-01-13T22:33:45.943Z","lastUpdated":"2020-01-13T22:34:24.288Z","template":"iotc-default@1.0.0"},"sku":{"name":"ST2"},"etag":"\"0000b081-0000-0100-0000-5e1cf0700000\""}'
    headers:
      cache-control:
      - no-store, must-revalidate, no-cache, max-stale=0, private, post-check=0, pre-check=0
      content-length:
      - '766'
      content-type:
      - application/json; charset=utf-8
      date:
      - Mon, 13 Jan 2020 22:34:25 GMT
      etag:
      - W/"0000b081-0000-0100-0000-5e1cf0700000"
      strict-transport-security:
      - max-age=31536000; includeSubDomains
      transfer-encoding:
      - chunked
      vary:
      - Accept-Encoding,Accept-Encoding
      x-content-type-options:
      - nosniff
      x-download-options:
      - noopen
      x-envoy-upstream-service-time:
      - '1618'
      x-frame-options:
      - deny
      x-iot-cluster:
      - iotcprodwestus02
      x-iot-correlation:
      - 3ypgxyk4.0
      x-iot-version:
      - 010720.0004-master
      x-ms-ratelimit-remaining-subscription-writes:
      - '1199'
      x-msedge-ref:
      - 'Ref A: 08D5455F95FF4D3E82CB8E46F615BF28 Ref B: BY3EDGE0221 Ref C: 2020-01-13T22:34:23Z'
      x-xss-protection:
      - 1; mode=block
    status:
      code: 200
      message: OK
- request:
    body: null
    headers:
      Accept:
      - application/json
      Accept-Encoding:
      - gzip, deflate
      CommandName:
      - iotcentral app show
      Connection:
      - keep-alive
      ParameterSetName:
      - -n -g
      User-Agent:
      - python/2.7.14 (Windows-10-10.0.18362) msrest/0.6.10 msrest_azure/0.6.2 azure-mgmt-iotcentral/2.0.0
        Azure-SDK-For-Python AZURECLI/2.0.80
      accept-language:
      - en-US
    method: GET
    uri: https://management.azure.com/subscriptions/00000000-0000-0000-0000-000000000000/resourceGroups/clitest.rg000001/providers/Microsoft.IoTCentral/IoTApps/iotc-cli-test000002?api-version=2018-09-01
  response:
    body:
      string: !!python/unicode '{"id":"/subscriptions/00000000-0000-0000-0000-000000000000/resourceGroups/clitest.rg000001/providers/Microsoft.IoTCentral/IoTApps/iotc-cli-test000002","name":"iotc-cli-test000002","type":"Microsoft.IoTCentral/IoTApps","location":"eastus","tags":{},"properties":{"applicationId":"a390185d-c9a9-49c7-b0f0-581de17fad12","state":"created","displayName":"iotc-cli-test000002","tenant":"7f448912-3312-4b33-838d-76eb99405624","capabilities":{},"subdomain":"iotc-cli-test000002","createdDate":"2020-01-13T22:33:07.337Z","template":"iotc-default@1.0.0"},"sku":{"name":"ST2"},"etag":"\"3b000af4-0000-0100-0000-5e1cf0230000\""}'
    headers:
      cache-control:
      - no-store, must-revalidate, no-cache, max-stale=0, private, post-check=0, pre-check=0
      content-length:
      - '695'
      content-type:
      - application/json; charset=utf-8
      date:
      - Mon, 13 Jan 2020 22:34:26 GMT
      etag:
      - W/"3b000af4-0000-0100-0000-5e1cf0230000"
      strict-transport-security:
      - max-age=31536000; includeSubDomains
      transfer-encoding:
      - chunked
      vary:
      - Accept-Encoding,Accept-Encoding
      x-content-type-options:
      - nosniff
      x-download-options:
      - noopen
      x-envoy-upstream-service-time:
      - '350'
      x-frame-options:
      - deny
      x-iot-cluster:
      - iotcprodwestus02
      x-iot-correlation:
      - zp14zxm.0
      x-iot-version:
      - 010720.0004-master
      x-msedge-ref:
      - 'Ref A: 6AF4A44D59A946DDA9073880ED624B83 Ref B: BY3EDGE0512 Ref C: 2020-01-13T22:34:26Z'
      x-xss-protection:
      - 1; mode=block
    status:
      code: 200
      message: OK
- request:
    body: null
    headers:
      Accept:
      - application/json
      Accept-Encoding:
      - gzip, deflate
      CommandName:
      - iotcentral app show
      Connection:
      - keep-alive
      ParameterSetName:
      - -n -g
      User-Agent:
      - python/2.7.14 (Windows-10-10.0.18362) msrest/0.6.10 msrest_azure/0.6.2 azure-mgmt-iotcentral/2.0.0
        Azure-SDK-For-Python AZURECLI/2.0.80
      accept-language:
      - en-US
    method: GET
    uri: https://management.azure.com/subscriptions/00000000-0000-0000-0000-000000000000/resourceGroups/clitest.rg000001/providers/Microsoft.IoTCentral/IoTApps/iotc-cli-test000002-template?api-version=2018-09-01
  response:
    body:
      string: !!python/unicode '{"id":"/subscriptions/00000000-0000-0000-0000-000000000000/resourceGroups/clitest.rg000001/providers/Microsoft.IoTCentral/IoTApps/iotc-cli-test000002-template","name":"iotc-cli-test000002-template","type":"Microsoft.IoTCentral/IoTApps","location":"eastus","tags":{},"properties":{"applicationId":"8e46e886-70a3-4525-aa03-c78178ab13e2","state":"created","displayName":"iotc-cli-test000002update","tenant":"7f448912-3312-4b33-838d-76eb99405624","capabilities":{},"subdomain":"iotc-cli-test000002update","createdDate":"2020-01-13T22:33:45.943Z","lastUpdated":"2020-01-13T22:34:24.288Z","template":"iotc-default@1.0.0"},"sku":{"name":"ST2"},"etag":"\"0000b081-0000-0100-0000-5e1cf0700000\""}'
    headers:
      cache-control:
      - no-store, must-revalidate, no-cache, max-stale=0, private, post-check=0, pre-check=0
      content-length:
      - '766'
      content-type:
      - application/json; charset=utf-8
      date:
      - Mon, 13 Jan 2020 22:34:27 GMT
      etag:
      - W/"0000b081-0000-0100-0000-5e1cf0700000"
      strict-transport-security:
      - max-age=31536000; includeSubDomains
      transfer-encoding:
      - chunked
      vary:
      - Accept-Encoding,Accept-Encoding
      x-content-type-options:
      - nosniff
      x-download-options:
      - noopen
      x-envoy-upstream-service-time:
      - '357'
      x-frame-options:
      - deny
      x-iot-cluster:
      - iotcprodwestus02
      x-iot-correlation:
      - 7ox0wgng.0
      x-iot-version:
      - 010720.0004-master
      x-msedge-ref:
      - 'Ref A: 2F3A925C39B84648A70E9E5D70A262B2 Ref B: BY3EDGE0205 Ref C: 2020-01-13T22:34:27Z'
      x-xss-protection:
      - 1; mode=block
    status:
      code: 200
      message: OK
- request:
    body: null
    headers:
      Accept:
      - application/json
      Accept-Encoding:
      - gzip, deflate
      CommandName:
      - iotcentral app delete
      Connection:
      - keep-alive
      Content-Length:
      - '0'
      ParameterSetName:
      - -n -g
      User-Agent:
      - python/2.7.14 (Windows-10-10.0.18362) msrest/0.6.10 msrest_azure/0.6.2 azure-mgmt-iotcentral/2.0.0
        Azure-SDK-For-Python AZURECLI/2.0.80
      accept-language:
      - en-US
    method: DELETE
    uri: https://management.azure.com/subscriptions/00000000-0000-0000-0000-000000000000/resourceGroups/clitest.rg000001/providers/Microsoft.IoTCentral/IoTApps/iotc-cli-test000002-template?api-version=2018-09-01
  response:
    body:
      string: !!python/unicode 
    headers:
      cache-control:
      - no-store, must-revalidate, no-cache, max-stale=0, private, post-check=0, pre-check=0
      content-length:
      - '0'
      date:
      - Mon, 13 Jan 2020 22:34:30 GMT
      strict-transport-security:
      - max-age=31536000; includeSubDomains
      x-content-type-options:
      - nosniff
      x-download-options:
      - noopen
      x-envoy-upstream-service-time:
      - '1227'
      x-frame-options:
      - deny
      x-iot-cluster:
      - iotcprodwestus02
      x-iot-correlation:
      - 8mmmjlr3.0
      x-iot-version:
      - 010720.0004-master
      x-ms-ratelimit-remaining-subscription-deletes:
      - '14999'
      x-msedge-ref:
      - 'Ref A: 4748F70007DD47F88D997D0E98F82C89 Ref B: BY3EDGE0315 Ref C: 2020-01-13T22:34:28Z'
      x-xss-protection:
      - 1; mode=block
    status:
      code: 200
      message: OK
- request:
    body: null
    headers:
      Accept:
      - application/json
      Accept-Encoding:
      - gzip, deflate
      CommandName:
      - iotcentral app list
      Connection:
      - keep-alive
      ParameterSetName:
      - -g
      User-Agent:
      - python/2.7.14 (Windows-10-10.0.18362) msrest/0.6.10 msrest_azure/0.6.2 azure-mgmt-iotcentral/2.0.0
        Azure-SDK-For-Python AZURECLI/2.0.80
      accept-language:
      - en-US
    method: GET
    uri: https://management.azure.com/subscriptions/00000000-0000-0000-0000-000000000000/resourceGroups/clitest.rg000001/providers/Microsoft.IoTCentral/IoTApps?api-version=2018-09-01
  response:
    body:
      string: !!python/unicode '{"value":[{"id":"/subscriptions/00000000-0000-0000-0000-000000000000/resourceGroups/clitest.rg000001/providers/Microsoft.IoTCentral/IoTApps/iotc-cli-test000002","name":"iotc-cli-test000002","type":"Microsoft.IoTCentral/IoTApps","location":"eastus","tags":{},"properties":{"applicationId":"a390185d-c9a9-49c7-b0f0-581de17fad12","state":"created","displayName":"iotc-cli-test000002","tenant":"7f448912-3312-4b33-838d-76eb99405624","capabilities":{},"subdomain":"iotc-cli-test000002","createdDate":"2020-01-13T22:33:07.337Z","template":"iotc-default@1.0.0"},"sku":{"name":"ST2"},"etag":"\"3b000af4-0000-0100-0000-5e1cf0230000\""}],"nextLink":null}'
    headers:
      cache-control:
      - no-store, must-revalidate, no-cache, max-stale=0, private, post-check=0, pre-check=0
      content-length:
      - '723'
      content-type:
      - application/json; charset=utf-8
      date:
      - Mon, 13 Jan 2020 22:34:31 GMT
      etag:
      - W/"2d3-OwXGe2xE99ChzVdhMZ56QdiMLj8"
      strict-transport-security:
      - max-age=31536000; includeSubDomains
      transfer-encoding:
      - chunked
      vary:
      - Accept-Encoding,Accept-Encoding
      x-content-type-options:
      - nosniff
      x-download-options:
      - noopen
      x-envoy-upstream-service-time:
      - '341'
      x-frame-options:
      - deny
      x-iot-cluster:
      - iotcprodwestus02
      x-iot-correlation:
      - 1l6rp9z0.0
      x-iot-version:
      - 010720.0004-master
      x-msedge-ref:
      - 'Ref A: 910168D77F42418594F485F58C63079D Ref B: BY3EDGE0418 Ref C: 2020-01-13T22:34:31Z'
      x-xss-protection:
      - 1; mode=block
    status:
      code: 200
      message: OK
- request:
    body: null
    headers:
      Accept:
      - application/json
      Accept-Encoding:
      - gzip, deflate
      CommandName:
      - iotcentral app delete
      Connection:
      - keep-alive
      Content-Length:
      - '0'
      ParameterSetName:
      - -n -g
      User-Agent:
      - python/2.7.14 (Windows-10-10.0.18362) msrest/0.6.10 msrest_azure/0.6.2 azure-mgmt-iotcentral/2.0.0
        Azure-SDK-For-Python AZURECLI/2.0.80
      accept-language:
      - en-US
    method: DELETE
    uri: https://management.azure.com/subscriptions/00000000-0000-0000-0000-000000000000/resourceGroups/clitest.rg000001/providers/Microsoft.IoTCentral/IoTApps/iotc-cli-test000002?api-version=2018-09-01
  response:
    body:
      string: !!python/unicode 
    headers:
      cache-control:
      - no-store, must-revalidate, no-cache, max-stale=0, private, post-check=0, pre-check=0
      content-length:
      - '0'
      date:
      - Mon, 13 Jan 2020 22:34:34 GMT
      strict-transport-security:
      - max-age=31536000; includeSubDomains
      x-content-type-options:
      - nosniff
      x-download-options:
      - noopen
      x-envoy-upstream-service-time:
      - '696'
      x-frame-options:
      - deny
      x-iot-cluster:
      - iotcprodwestus02
      x-iot-correlation:
      - 56zatp1e.0
      x-iot-version:
      - 010720.0004-master
      x-ms-ratelimit-remaining-subscription-deletes:
      - '14999'
      x-msedge-ref:
      - 'Ref A: 23D3E17173D0456884F864C654AC7F99 Ref B: BY3EDGE0515 Ref C: 2020-01-13T22:34:32Z'
      x-xss-protection:
      - 1; mode=block
    status:
      code: 200
      message: OK
version: 1
