interactions:
- request:
    body: '{"tags": {"use": "az-test"}, "location": "japaneast"}'
    headers:
      Accept: [application/json]
      Accept-Encoding: ['gzip, deflate']
      CommandName: [group create]
      Connection: [keep-alive]
      Content-Length: ['53']
      Content-Type: [application/json; charset=utf-8]
      User-Agent: [python/3.5.2 (Windows-10-10.0.15063-SP0) requests/2.9.1 msrest/0.4.11
          msrest_azure/0.4.11 resourcemanagementclient/1.1.0 Azure-SDK-For-Python
          AZURECLI/2.0.12+dev]
      accept-language: [en-US]
    method: PUT
    uri: https://management.azure.com/subscriptions/00000000-0000-0000-0000-000000000000/resourcegroups/clitest.rg000001?api-version=2017-05-10
  response:
    body: {string: '{"id":"/subscriptions/00000000-0000-0000-0000-000000000000/resourceGroups/clitest.rg000001","name":"clitest.rg000001","location":"japaneast","tags":{"use":"az-test"},"properties":{"provisioningState":"Succeeded"}}'}
    headers:
      cache-control: [no-cache]
      content-length: ['331']
      content-type: [application/json; charset=utf-8]
      date: ['Tue, 01 Aug 2017 21:34:57 GMT']
      expires: ['-1']
      pragma: [no-cache]
      strict-transport-security: [max-age=31536000; includeSubDomains]
      x-ms-ratelimit-remaining-subscription-writes: ['1199']
    status: {code: 201, message: Created}
- request:
    body: null
    headers:
      Accept: [application/json]
      Accept-Encoding: ['gzip, deflate']
      CommandName: [appservice plan create]
      Connection: [keep-alive]
      Content-Type: [application/json; charset=utf-8]
      User-Agent: [python/3.5.2 (Windows-10-10.0.15063-SP0) requests/2.9.1 msrest/0.4.11
          msrest_azure/0.4.11 resourcemanagementclient/1.1.0 Azure-SDK-For-Python
          AZURECLI/2.0.12+dev]
      accept-language: [en-US]
    method: GET
    uri: https://management.azure.com/subscriptions/00000000-0000-0000-0000-000000000000/resourcegroups/clitest.rg000001?api-version=2017-05-10
  response:
    body: {string: '{"id":"/subscriptions/00000000-0000-0000-0000-000000000000/resourceGroups/clitest.rg000001","name":"clitest.rg000001","location":"japaneast","tags":{"use":"az-test"},"properties":{"provisioningState":"Succeeded"}}'}
    headers:
      cache-control: [no-cache]
      content-length: ['331']
      content-type: [application/json; charset=utf-8]
      date: ['Tue, 01 Aug 2017 21:34:57 GMT']
      expires: ['-1']
      pragma: [no-cache]
      strict-transport-security: [max-age=31536000; includeSubDomains]
      vary: [Accept-Encoding]
    status: {code: 200, message: OK}
- request:
    body: '{"sku": {"capacity": 1, "tier": "BASIC", "name": "B1"}, "properties": {"perSiteScaling":
      false, "reserved": true, "name": "plan-quick-linux"}, "location": "japaneast"}'
    headers:
      Accept: [application/json]
      Accept-Encoding: ['gzip, deflate']
      CommandName: [appservice plan create]
      Connection: [keep-alive]
      Content-Length: ['167']
      Content-Type: [application/json; charset=utf-8]
      User-Agent: [python/3.5.2 (Windows-10-10.0.15063-SP0) requests/2.9.1 msrest/0.4.11
          msrest_azure/0.4.11 websitemanagementclient/0.32.0 Azure-SDK-For-Python
          AZURECLI/2.0.12+dev]
      accept-language: [en-US]
    method: PUT
    uri: https://management.azure.com/subscriptions/00000000-0000-0000-0000-000000000000/resourceGroups/clitest.rg000001/providers/Microsoft.Web/serverfarms/plan-quick-linux?api-version=2016-09-01
  response:
    body: {string: '{"id":"/subscriptions/00000000-0000-0000-0000-000000000000/resourceGroups/clitest.rg000001/providers/Microsoft.Web/serverfarms/plan-quick-linux","name":"plan-quick-linux","type":"Microsoft.Web/serverfarms","kind":"linux","location":"Japan
        East","properties":{"serverFarmId":0,"name":"plan-quick-linux","workerSize":"Default","workerSizeId":0,"workerTierName":null,"numberOfWorkers":1,"currentWorkerSize":"Default","currentWorkerSizeId":0,"currentNumberOfWorkers":1,"status":"Ready","webSpace":"clitest.rg000001-JapanEastwebspace","subscription":"8d57ddbd-c779-40ea-b660-1015f4bf027d","adminSiteName":null,"hostingEnvironment":null,"hostingEnvironmentProfile":null,"maximumNumberOfWorkers":3,"planName":"VirtualDedicatedPlan","adminRuntimeSiteName":null,"computeMode":"Shared","siteMode":null,"geoRegion":"Japan
        East","perSiteScaling":false,"numberOfSites":0,"hostingEnvironmentId":null,"tags":null,"kind":"linux","resourceGroup":"clitest.rg000001","reserved":true,"mdmId":"waws-prod-ty1-011_129","targetWorkerCount":0,"targetWorkerSizeId":0,"provisioningState":"Succeeded"},"sku":{"name":"B1","tier":"Basic","size":"B1","family":"B","capacity":1}}'}
    headers:
      cache-control: [no-cache]
      content-length: ['1324']
      content-type: [application/json]
      date: ['Tue, 01 Aug 2017 21:35:12 GMT']
      expires: ['-1']
      pragma: [no-cache]
      server: [Microsoft-IIS/8.0]
      strict-transport-security: [max-age=31536000; includeSubDomains]
      transfer-encoding: [chunked]
      vary: [Accept-Encoding]
      x-aspnet-version: [4.0.30319]
      x-ms-ratelimit-remaining-subscription-writes: ['1198']
      x-powered-by: [ASP.NET]
    status: {code: 200, message: OK}
- request:
    body: null
    headers:
      Accept: [application/json]
      Accept-Encoding: ['gzip, deflate']
      CommandName: [webapp create]
      Connection: [keep-alive]
      Content-Type: [application/json; charset=utf-8]
      User-Agent: [python/3.5.2 (Windows-10-10.0.15063-SP0) requests/2.9.1 msrest/0.4.11
          msrest_azure/0.4.11 websitemanagementclient/0.32.0 Azure-SDK-For-Python
          AZURECLI/2.0.12+dev]
      accept-language: [en-US]
    method: GET
    uri: https://management.azure.com/subscriptions/00000000-0000-0000-0000-000000000000/resourceGroups/clitest.rg000001/providers/Microsoft.Web/serverfarms/plan-quick-linux?api-version=2016-09-01
  response:
    body: {string: '{"id":"/subscriptions/00000000-0000-0000-0000-000000000000/resourceGroups/clitest.rg000001/providers/Microsoft.Web/serverfarms/plan-quick-linux","name":"plan-quick-linux","type":"Microsoft.Web/serverfarms","kind":"linux","location":"Japan
        East","properties":{"serverFarmId":0,"name":"plan-quick-linux","workerSize":"Default","workerSizeId":0,"workerTierName":null,"numberOfWorkers":1,"currentWorkerSize":"Default","currentWorkerSizeId":0,"currentNumberOfWorkers":1,"status":"Ready","webSpace":"clitest.rg000001-JapanEastwebspace","subscription":"8d57ddbd-c779-40ea-b660-1015f4bf027d","adminSiteName":null,"hostingEnvironment":null,"hostingEnvironmentProfile":null,"maximumNumberOfWorkers":3,"planName":"VirtualDedicatedPlan","adminRuntimeSiteName":null,"computeMode":"Shared","siteMode":null,"geoRegion":"Japan
        East","perSiteScaling":false,"numberOfSites":0,"hostingEnvironmentId":null,"tags":null,"kind":"linux","resourceGroup":"clitest.rg000001","reserved":true,"mdmId":"waws-prod-ty1-011_129","targetWorkerCount":0,"targetWorkerSizeId":0,"provisioningState":"Succeeded"},"sku":{"name":"B1","tier":"Basic","size":"B1","family":"B","capacity":1}}'}
    headers:
      cache-control: [no-cache]
      content-length: ['1324']
      content-type: [application/json]
      date: ['Tue, 01 Aug 2017 21:35:14 GMT']
      expires: ['-1']
      pragma: [no-cache]
      server: [Microsoft-IIS/8.0]
      strict-transport-security: [max-age=31536000; includeSubDomains]
      transfer-encoding: [chunked]
      vary: [Accept-Encoding]
      x-aspnet-version: [4.0.30319]
      x-powered-by: [ASP.NET]
    status: {code: 200, message: OK}
- request:
    body: '{"properties": {"microService": "WebSites", "siteConfig": {"netFrameworkVersion":
      "v4.6", "linuxFxVersion": "DOCKER|naziml/ruby-hello", "localMySqlEnabled": false,
      "appSettings": []}, "reserved": false, "serverFarmId": "plan-quick-linux", "scmSiteAlsoStopped":
      false}, "location": "Japan East"}'
    headers:
      Accept: [application/json]
      Accept-Encoding: ['gzip, deflate']
      CommandName: [webapp create]
      Connection: [keep-alive]
      Content-Length: ['294']
      Content-Type: [application/json; charset=utf-8]
      User-Agent: [python/3.5.2 (Windows-10-10.0.15063-SP0) requests/2.9.1 msrest/0.4.11
          msrest_azure/0.4.11 websitemanagementclient/0.32.0 Azure-SDK-For-Python
          AZURECLI/2.0.12+dev]
      accept-language: [en-US]
    method: PUT
    uri: https://management.azure.com/subscriptions/00000000-0000-0000-0000-000000000000/resourceGroups/clitest.rg000001/providers/Microsoft.Web/sites/webapp-quick-linux?api-version=2016-08-01
  response:
    body: {string: '{"id":"/subscriptions/00000000-0000-0000-0000-000000000000/resourceGroups/clitest.rg000001/providers/Microsoft.Web/sites/webapp-quick-linux","name":"webapp-quick-linux","type":"Microsoft.Web/sites","kind":"app","location":"Japan
        East","properties":{"name":"webapp-quick-linux","state":"Running","hostNames":["webapp-quick-linux.azurewebsites.net"],"webSpace":"clitest.rg000001-JapanEastwebspace","selfLink":"https://waws-prod-ty1-011.api.azurewebsites.windows.net:454/subscriptions/00000000-0000-0000-0000-000000000000/webspaces/clitest.rg000001-JapanEastwebspace/sites/webapp-quick-linux","repositorySiteName":"webapp-quick-linux","owner":null,"usageState":"Normal","enabled":true,"adminEnabled":true,"enabledHostNames":["webapp-quick-linux.azurewebsites.net","webapp-quick-linux.scm.azurewebsites.net"],"siteProperties":{"metadata":null,"properties":[],"appSettings":null},"availabilityState":"Normal","sslCertificates":null,"csrs":[],"cers":null,"siteMode":null,"hostNameSslStates":[{"name":"webapp-quick-linux.azurewebsites.net","sslState":"Disabled","ipBasedSslResult":null,"virtualIP":null,"thumbprint":null,"toUpdate":null,"toUpdateIpBasedSsl":null,"ipBasedSslState":"NotConfigured","hostType":"Standard"},{"name":"webapp-quick-linux.scm.azurewebsites.net","sslState":"Disabled","ipBasedSslResult":null,"virtualIP":null,"thumbprint":null,"toUpdate":null,"toUpdateIpBasedSsl":null,"ipBasedSslState":"NotConfigured","hostType":"Repository"}],"computeMode":null,"serverFarm":null,"serverFarmId":"/subscriptions/00000000-0000-0000-0000-000000000000/resourceGroups/clitest.rg000001/providers/Microsoft.Web/serverfarms/plan-quick-linux","reserved":true,"lastModifiedTimeUtc":"2017-08-01T21:35:20.2833333","storageRecoveryDefaultState":"Running","contentAvailabilityState":"Normal","runtimeAvailabilityState":"Normal","siteConfig":null,"deploymentId":"webapp-quick-linux","trafficManagerHostNames":null,"sku":"Basic","premiumAppDeployed":null,"scmSiteAlsoStopped":false,"targetSwapSlot":null,"hostingEnvironment":null,"hostingEnvironmentProfile":null,"clientAffinityEnabled":true,"clientCertEnabled":false,"hostNamesDisabled":false,"domainVerificationIdentifiers":null,"kind":"app","outboundIpAddresses":"13.73.26.73,13.73.30.113,52.243.32.123,52.243.37.163,13.73.27.207","possibleOutboundIpAddresses":"13.73.26.73,13.73.30.113,52.243.32.123,52.243.37.163,13.73.27.207","containerSize":0,"dailyMemoryTimeQuota":0,"suspendedTill":null,"siteDisabledReason":0,"functionExecutionUnitsCache":null,"maxNumberOfWorkers":null,"homeStamp":"waws-prod-ty1-011","cloningInfo":null,"hostingEnvironmentId":null,"tags":null,"resourceGroup":"clitest.rg000001","defaultHostName":"webapp-quick-linux.azurewebsites.net","slotSwapStatus":null}}'}
    headers:
      cache-control: [no-cache]
      content-length: ['3019']
      content-type: [application/json]
      date: ['Tue, 01 Aug 2017 21:35:30 GMT']
      etag: ['"1D30B0E1360C635"']
      expires: ['-1']
      pragma: [no-cache]
      server: [Microsoft-IIS/8.0]
      strict-transport-security: [max-age=31536000; includeSubDomains]
      transfer-encoding: [chunked]
      vary: [Accept-Encoding]
      x-aspnet-version: [4.0.30319]
      x-ms-ratelimit-remaining-subscription-writes: ['1199']
      x-powered-by: [ASP.NET]
    status: {code: 200, message: OK}
- request:
    body: '{}'
    headers:
      Accept: [application/json]
      Accept-Encoding: ['gzip, deflate']
      CommandName: [webapp create]
      Connection: [keep-alive]
      Content-Length: ['2']
      Content-Type: [application/json; charset=utf-8]
      User-Agent: [python/3.5.2 (Windows-10-10.0.15063-SP0) requests/2.9.1 msrest/0.4.11
          msrest_azure/0.4.11 websitemanagementclient/0.32.0 Azure-SDK-For-Python
          AZURECLI/2.0.12+dev]
      accept-language: [en-US]
    method: POST
    uri: https://management.azure.com/subscriptions/00000000-0000-0000-0000-000000000000/resourceGroups/clitest.rg000001/providers/Microsoft.Web/sites/webapp-quick-linux/publishxml?api-version=2016-08-01
  response:
    body: {string: '<publishData><publishProfile profileName="webapp-quick-linux -
        Web Deploy" publishMethod="MSDeploy" publishUrl="webapp-quick-linux.scm.azurewebsites.net:443"
        msdeploySite="webapp-quick-linux" userName="$webapp-quick-linux" userPWD="Jlft13CQotpmnMf9wmmHfi2qAYKFAJ6FReLSWQa0efo5CQlRQaqxquResiqh"
        destinationAppUrl="http://webapp-quick-linux.azurewebsites.net" SQLServerDBConnectionString=""
        mySQLDBConnectionString="" hostingProviderForumLink="" controlPanelLink="http://windows.azure.com"
        webSystem="WebSites"><databases /></publishProfile><publishProfile profileName="webapp-quick-linux
        - FTP" publishMethod="FTP" publishUrl="ftp://waws-prod-ty1-011.ftp.azurewebsites.windows.net/site/wwwroot"
        ftpPassiveMode="True" userName="webapp-quick-linux\$webapp-quick-linux" userPWD="Jlft13CQotpmnMf9wmmHfi2qAYKFAJ6FReLSWQa0efo5CQlRQaqxquResiqh"
        destinationAppUrl="http://webapp-quick-linux.azurewebsites.net" SQLServerDBConnectionString=""
        mySQLDBConnectionString="" hostingProviderForumLink="" controlPanelLink="http://windows.azure.com"
        webSystem="WebSites"><databases /></publishProfile></publishData>'}
    headers:
      cache-control: [no-cache]
      content-length: ['1096']
      content-type: [application/xml]
      date: ['Tue, 01 Aug 2017 21:35:32 GMT']
      expires: ['-1']
      pragma: [no-cache]
      server: [Microsoft-IIS/8.0]
      strict-transport-security: [max-age=31536000; includeSubDomains]
      x-aspnet-version: [4.0.30319]
      x-ms-ratelimit-remaining-subscription-resource-requests: ['11999']
      x-powered-by: [ASP.NET]
    status: {code: 200, message: OK}
- request:
    body: null
    headers:
      Accept: ['*/*']
      Accept-Encoding: ['gzip, deflate']
      Connection: [keep-alive]
      User-Agent: [python-requests/2.9.1]
    method: GET
    uri: http://webapp-quick-linux.azurewebsites.net/
  response:
    body: {string: Ruby on Rails in Web Apps on Linux}
    headers:
      content-length: ['34']
      content-type: [text/html]
      date: ['Tue, 01 Aug 2017 21:37:22 GMT']
      set-cookie: [ARRAffinity=b42003c253a6ee92c124bdfad0b2db83fb2ef9906588018364ce2390be8fbedb;Path=/;HttpOnly;Domain=webapp-quick-linux.azurewebsites.net]
    status: {code: 200, message: OK}
- request:
    body: null
    headers:
      Accept: [application/json]
      Accept-Encoding: ['gzip, deflate']
      CommandName: [group delete]
      Connection: [keep-alive]
      Content-Length: ['0']
      Content-Type: [application/json; charset=utf-8]
      User-Agent: [python/3.5.2 (Windows-10-10.0.15063-SP0) requests/2.9.1 msrest/0.4.11
          msrest_azure/0.4.11 resourcemanagementclient/1.1.0 Azure-SDK-For-Python
          AZURECLI/2.0.12+dev]
      accept-language: [en-US]
    method: DELETE
    uri: https://management.azure.com/subscriptions/00000000-0000-0000-0000-000000000000/resourcegroups/clitest.rg000001?api-version=2017-05-10
  response:
    body: {string: ''}
    headers:
      cache-control: [no-cache]
      content-length: ['0']
      date: ['Tue, 01 Aug 2017 21:37:23 GMT']
      expires: ['-1']
      location: ['https://management.azure.com/subscriptions/00000000-0000-0000-0000-000000000000/operationresults/eyJqb2JJZCI6IlJFU09VUkNFR1JPVVBERUxFVElPTkpPQi1DTElURVNUOjJFUkdCQkVOWDRTQUdXQ0pRNUdKM0JaS0hNNjVOVUo3SFY1QTJNRnwzRTJGNDFCMEE3RkQ4MDJFLUpBUEFORUFTVCIsImpvYkxvY2F0aW9uIjoiamFwYW5lYXN0In0?api-version=2017-05-10']
      pragma: [no-cache]
      strict-transport-security: [max-age=31536000; includeSubDomains]
      x-ms-ratelimit-remaining-subscription-writes: ['1198']
    status: {code: 202, message: Accepted}
version: 1
