interactions:
- request:
    body: null
    headers:
      Accept: [application/json]
      Accept-Encoding: ['gzip, deflate']
      Connection: [keep-alive]
      Content-Type: [application/json; charset=utf-8]
      User-Agent: [python/3.5.3 (Windows-10-10.0.15063-SP0) requests/2.18.4 msrest/0.4.15
          msrest_azure/0.4.11 resourcemanagementclient/1.2.1 Azure-SDK-For-Python
          AZURECLI/TEST/2.0.21]
      accept-language: [en-US]
      x-ms-client-request-id: [2a9bd9fe-b8f7-11e7-b10f-64510658e3b3]
    method: GET
    uri: https://management.azure.com/subscriptions/00000000-0000-0000-0000-000000000000/resourcegroups/azurecli-functionapp-e2e?api-version=2017-05-10
  response:
    body: {string: '{"id":"/subscriptions/00000000-0000-0000-0000-000000000000/resourceGroups/azurecli-functionapp-e2e","name":"azurecli-functionapp-e2e","location":"westus","tags":{"use":"az-test"},"properties":{"provisioningState":"Succeeded"}}'}
    headers:
      Cache-Control: [no-cache]
      Content-Type: [application/json; charset=utf-8]
      Date: ['Tue, 24 Oct 2017 20:08:56 GMT']
      Expires: ['-1']
      Pragma: [no-cache]
      Strict-Transport-Security: [max-age=31536000; includeSubDomains]
      Vary: [Accept-Encoding]
      content-length: ['238']
    status: {code: 200, message: OK}
- request:
    body: '{"location": "westus", "properties": {"name": "functionapp-e2e-plan", "perSiteScaling":
      false}, "sku": {"capacity": 1, "name": "B1", "tier": "BASIC"}}'
    headers:
      Accept: [application/json]
      Accept-Encoding: ['gzip, deflate']
      Connection: [keep-alive]
      Content-Length: ['150']
      Content-Type: [application/json; charset=utf-8]
      User-Agent: [python/3.5.3 (Windows-10-10.0.15063-SP0) requests/2.18.4 msrest/0.4.15
          msrest_azure/0.4.11 websitemanagementclient/0.33.0 Azure-SDK-For-Python
          AZURECLI/TEST/2.0.21]
      accept-language: [en-US]
      x-ms-client-request-id: [2aaf6246-b8f7-11e7-8fd4-64510658e3b3]
    method: PUT
    uri: https://management.azure.com/subscriptions/00000000-0000-0000-0000-000000000000/resourceGroups/azurecli-functionapp-e2e/providers/Microsoft.Web/serverfarms/functionapp-e2e-plan?api-version=2016-09-01
  response:
    body: {string: '{"id":"/subscriptions/00000000-0000-0000-0000-000000000000/resourceGroups/azurecli-functionapp-e2e/providers/Microsoft.Web/serverfarms/functionapp-e2e-plan","name":"functionapp-e2e-plan","type":"Microsoft.Web/serverfarms","kind":"app","location":"West
        US","properties":{"serverFarmId":0,"name":"functionapp-e2e-plan","workerSize":"Default","workerSizeId":0,"workerTierName":null,"numberOfWorkers":1,"currentWorkerSize":"Default","currentWorkerSizeId":0,"currentNumberOfWorkers":1,"status":"Ready","webSpace":"azurecli-functionapp-e2e-WestUSwebspace","subscription":"0b1f6471-1bf0-4dda-aec3-cb9272f09590","adminSiteName":null,"hostingEnvironment":null,"hostingEnvironmentProfile":null,"maximumNumberOfWorkers":3,"planName":"VirtualDedicatedPlan","adminRuntimeSiteName":null,"computeMode":"Shared","siteMode":null,"geoRegion":"West
        US","perSiteScaling":false,"numberOfSites":0,"hostingEnvironmentId":null,"isSpot":false,"spotExpirationTime":null,"tags":null,"kind":"app","resourceGroup":"azurecli-functionapp-e2e","reserved":false,"mdmId":"waws-prod-bay-073_8177","targetWorkerCount":0,"targetWorkerSizeId":0,"provisioningState":"Succeeded"},"sku":{"name":"B1","tier":"Basic","size":"B1","family":"B","capacity":1}}'}
    headers:
      Cache-Control: [no-cache]
      Content-Type: [application/json]
      Date: ['Tue, 24 Oct 2017 20:09:04 GMT']
      Expires: ['-1']
      Pragma: [no-cache]
      Server: [Microsoft-IIS/8.0]
      Strict-Transport-Security: [max-age=31536000; includeSubDomains]
      Transfer-Encoding: [chunked]
      Vary: [Accept-Encoding]
      X-AspNet-Version: [4.0.30319]
      X-Powered-By: [ASP.NET]
      content-length: ['1231']
      x-ms-ratelimit-remaining-subscription-writes: ['1198']
    status: {code: 200, message: OK}
- request:
    body: null
    headers:
      Accept: [application/json]
      Accept-Encoding: ['gzip, deflate']
      Connection: [keep-alive]
      Content-Type: [application/json; charset=utf-8]
      User-Agent: [python/3.5.3 (Windows-10-10.0.15063-SP0) requests/2.18.4 msrest/0.4.15
          msrest_azure/0.4.11 websitemanagementclient/0.33.0 Azure-SDK-For-Python
          AZURECLI/TEST/2.0.21]
      accept-language: [en-US]
      x-ms-client-request-id: [2fce6310-b8f7-11e7-9881-64510658e3b3]
    method: GET
    uri: https://management.azure.com/subscriptions/00000000-0000-0000-0000-000000000000/resourceGroups/azurecli-functionapp-e2e/providers/Microsoft.Web/serverfarms?api-version=2016-09-01
  response:
    body: {string: '{"value":[{"id":"/subscriptions/00000000-0000-0000-0000-000000000000/resourceGroups/azurecli-functionapp-e2e/providers/Microsoft.Web/serverfarms/functionapp-e2e-plan","name":"functionapp-e2e-plan","type":"Microsoft.Web/serverfarms","kind":"app","location":"West
        US","properties":{"serverFarmId":0,"name":"functionapp-e2e-plan","workerSize":"Default","workerSizeId":0,"workerTierName":null,"numberOfWorkers":1,"currentWorkerSize":"Default","currentWorkerSizeId":0,"currentNumberOfWorkers":1,"status":"Ready","webSpace":"azurecli-functionapp-e2e-WestUSwebspace","subscription":"0b1f6471-1bf0-4dda-aec3-cb9272f09590","adminSiteName":null,"hostingEnvironment":null,"hostingEnvironmentProfile":null,"maximumNumberOfWorkers":3,"planName":"VirtualDedicatedPlan","adminRuntimeSiteName":null,"computeMode":"Shared","siteMode":null,"geoRegion":"West
        US","perSiteScaling":false,"numberOfSites":0,"hostingEnvironmentId":null,"isSpot":false,"spotExpirationTime":null,"tags":null,"kind":"app","resourceGroup":"azurecli-functionapp-e2e","reserved":false,"mdmId":"waws-prod-bay-073_8177","targetWorkerCount":0,"targetWorkerSizeId":0,"provisioningState":"Succeeded"},"sku":{"name":"B1","tier":"Basic","size":"B1","family":"B","capacity":1}}],"nextLink":null,"id":null}'}
    headers:
      Cache-Control: [no-cache]
      Content-Type: [application/json]
      Date: ['Tue, 24 Oct 2017 20:09:06 GMT']
      Expires: ['-1']
      Pragma: [no-cache]
      Server: [Microsoft-IIS/8.0]
      Strict-Transport-Security: [max-age=31536000; includeSubDomains]
      Transfer-Encoding: [chunked]
      Vary: [Accept-Encoding]
      X-AspNet-Version: [4.0.30319]
      X-Powered-By: [ASP.NET]
      content-length: ['1269']
    status: {code: 200, message: OK}
- request:
    body: '{"location": "westus", "properties": {"supportsHttpsTrafficOnly": false},
      "sku": {"name": "Standard_LRS"}, "kind": "Storage"}'
    headers:
      Accept: [application/json]
      Accept-Encoding: ['gzip, deflate']
      Connection: [keep-alive]
      Content-Length: ['125']
      Content-Type: [application/json; charset=utf-8]
      User-Agent: [python/3.5.3 (Windows-10-10.0.15063-SP0) requests/2.18.4 msrest/0.4.15
          msrest_azure/0.4.11 storagemanagementclient/1.4.0 Azure-SDK-For-Python AZURECLI/TEST/2.0.21]
      accept-language: [en-US]
      x-ms-client-request-id: [304a94ac-b8f7-11e7-967d-64510658e3b3]
    method: PUT
    uri: https://management.azure.com/subscriptions/00000000-0000-0000-0000-000000000000/resourceGroups/azurecli-functionapp-e2e/providers/Microsoft.Storage/storageAccounts/functionappplanstorage?api-version=2017-06-01
  response:
    body: {string: ''}
    headers:
      Cache-Control: [no-cache]
      Content-Length: ['0']
      Date: ['Tue, 24 Oct 2017 20:09:06 GMT']
      Expires: ['-1']
      Location: ['https://management.azure.com/subscriptions/0b1f6471-1bf0-4dda-aec3-cb9272f09590/providers/Microsoft.Storage/locations/westus/asyncoperations/0f699153-279e-4d81-8a9d-7c6f219bc9a4?monitor=true&api-version=2017-06-01']
      Pragma: [no-cache]
      Retry-After: ['17']
      Server: [Microsoft-Azure-Storage-Resource-Provider/1.0, Microsoft-HTTPAPI/2.0]
      Strict-Transport-Security: [max-age=31536000; includeSubDomains]
      x-ms-ratelimit-remaining-subscription-writes: ['1198']
    status: {code: 202, message: Accepted}
- request:
    body: null
    headers:
      Accept: [application/json]
      Accept-Encoding: ['gzip, deflate']
      Connection: [keep-alive]
      Content-Type: [application/json; charset=utf-8]
      User-Agent: [python/3.5.3 (Windows-10-10.0.15063-SP0) requests/2.18.4 msrest/0.4.15
          msrest_azure/0.4.11 storagemanagementclient/1.4.0 Azure-SDK-For-Python AZURECLI/TEST/2.0.21]
      accept-language: [en-US]
      x-ms-client-request-id: [304a94ac-b8f7-11e7-967d-64510658e3b3]
    method: GET
    uri: https://management.azure.com/subscriptions/00000000-0000-0000-0000-000000000000/providers/Microsoft.Storage/locations/westus/asyncoperations/0f699153-279e-4d81-8a9d-7c6f219bc9a4?monitor=true&api-version=2017-06-01
  response:
    body: {string: ''}
    headers:
      Cache-Control: [no-cache]
      Content-Length: ['0']
      Date: ['Tue, 24 Oct 2017 20:09:24 GMT']
      Expires: ['-1']
      Location: ['https://management.azure.com/subscriptions/0b1f6471-1bf0-4dda-aec3-cb9272f09590/providers/Microsoft.Storage/locations/westus/asyncoperations/0f699153-279e-4d81-8a9d-7c6f219bc9a4?monitor=true&api-version=2017-06-01']
      Pragma: [no-cache]
      Retry-After: ['17']
      Server: [Microsoft-Azure-Storage-Resource-Provider/1.0, Microsoft-HTTPAPI/2.0]
      Strict-Transport-Security: [max-age=31536000; includeSubDomains]
    status: {code: 202, message: Accepted}
- request:
    body: null
    headers:
      Accept: [application/json]
      Accept-Encoding: ['gzip, deflate']
      Connection: [keep-alive]
      Content-Type: [application/json; charset=utf-8]
      User-Agent: [python/3.5.3 (Windows-10-10.0.15063-SP0) requests/2.18.4 msrest/0.4.15
          msrest_azure/0.4.11 storagemanagementclient/1.4.0 Azure-SDK-For-Python AZURECLI/TEST/2.0.21]
      accept-language: [en-US]
      x-ms-client-request-id: [304a94ac-b8f7-11e7-967d-64510658e3b3]
    method: GET
    uri: https://management.azure.com/subscriptions/00000000-0000-0000-0000-000000000000/providers/Microsoft.Storage/locations/westus/asyncoperations/0f699153-279e-4d81-8a9d-7c6f219bc9a4?monitor=true&api-version=2017-06-01
  response:
    body: {string: ''}
    headers:
      Cache-Control: [no-cache]
      Content-Length: ['0']
      Date: ['Tue, 24 Oct 2017 20:09:41 GMT']
      Expires: ['-1']
      Location: ['https://management.azure.com/subscriptions/0b1f6471-1bf0-4dda-aec3-cb9272f09590/providers/Microsoft.Storage/locations/westus/asyncoperations/0f699153-279e-4d81-8a9d-7c6f219bc9a4?monitor=true&api-version=2017-06-01']
      Pragma: [no-cache]
      Retry-After: ['17']
      Server: [Microsoft-Azure-Storage-Resource-Provider/1.0, Microsoft-HTTPAPI/2.0]
      Strict-Transport-Security: [max-age=31536000; includeSubDomains]
    status: {code: 202, message: Accepted}
- request:
    body: null
    headers:
      Accept: [application/json]
      Accept-Encoding: ['gzip, deflate']
      Connection: [keep-alive]
      Content-Type: [application/json; charset=utf-8]
      User-Agent: [python/3.5.3 (Windows-10-10.0.15063-SP0) requests/2.18.4 msrest/0.4.15
          msrest_azure/0.4.11 storagemanagementclient/1.4.0 Azure-SDK-For-Python AZURECLI/TEST/2.0.21]
      accept-language: [en-US]
      x-ms-client-request-id: [304a94ac-b8f7-11e7-967d-64510658e3b3]
    method: GET
    uri: https://management.azure.com/subscriptions/00000000-0000-0000-0000-000000000000/providers/Microsoft.Storage/locations/westus/asyncoperations/0f699153-279e-4d81-8a9d-7c6f219bc9a4?monitor=true&api-version=2017-06-01
  response:
    body: {string: ''}
    headers:
      Cache-Control: [no-cache]
      Content-Length: ['0']
      Date: ['Tue, 24 Oct 2017 20:09:59 GMT']
      Expires: ['-1']
      Location: ['https://management.azure.com/subscriptions/0b1f6471-1bf0-4dda-aec3-cb9272f09590/providers/Microsoft.Storage/locations/westus/asyncoperations/0f699153-279e-4d81-8a9d-7c6f219bc9a4?monitor=true&api-version=2017-06-01']
      Pragma: [no-cache]
      Retry-After: ['17']
      Server: [Microsoft-Azure-Storage-Resource-Provider/1.0, Microsoft-HTTPAPI/2.0]
      Strict-Transport-Security: [max-age=31536000; includeSubDomains]
    status: {code: 202, message: Accepted}
- request:
    body: null
    headers:
      Accept: [application/json]
      Accept-Encoding: ['gzip, deflate']
      Connection: [keep-alive]
      Content-Type: [application/json; charset=utf-8]
      User-Agent: [python/3.5.3 (Windows-10-10.0.15063-SP0) requests/2.18.4 msrest/0.4.15
          msrest_azure/0.4.11 storagemanagementclient/1.4.0 Azure-SDK-For-Python AZURECLI/TEST/2.0.21]
      accept-language: [en-US]
      x-ms-client-request-id: [304a94ac-b8f7-11e7-967d-64510658e3b3]
    method: GET
    uri: https://management.azure.com/subscriptions/00000000-0000-0000-0000-000000000000/providers/Microsoft.Storage/locations/westus/asyncoperations/0f699153-279e-4d81-8a9d-7c6f219bc9a4?monitor=true&api-version=2017-06-01
  response:
    body: {string: ''}
    headers:
      Cache-Control: [no-cache]
      Content-Length: ['0']
      Date: ['Tue, 24 Oct 2017 20:10:15 GMT']
      Expires: ['-1']
      Location: ['https://management.azure.com/subscriptions/0b1f6471-1bf0-4dda-aec3-cb9272f09590/providers/Microsoft.Storage/locations/westus/asyncoperations/0f699153-279e-4d81-8a9d-7c6f219bc9a4?monitor=true&api-version=2017-06-01']
      Pragma: [no-cache]
      Retry-After: ['17']
      Server: [Microsoft-Azure-Storage-Resource-Provider/1.0, Microsoft-HTTPAPI/2.0]
      Strict-Transport-Security: [max-age=31536000; includeSubDomains]
    status: {code: 202, message: Accepted}
- request:
    body: null
    headers:
      Accept: [application/json]
      Accept-Encoding: ['gzip, deflate']
      Connection: [keep-alive]
      Content-Type: [application/json; charset=utf-8]
      User-Agent: [python/3.5.3 (Windows-10-10.0.15063-SP0) requests/2.18.4 msrest/0.4.15
          msrest_azure/0.4.11 storagemanagementclient/1.4.0 Azure-SDK-For-Python AZURECLI/TEST/2.0.21]
      accept-language: [en-US]
      x-ms-client-request-id: [304a94ac-b8f7-11e7-967d-64510658e3b3]
    method: GET
    uri: https://management.azure.com/subscriptions/00000000-0000-0000-0000-000000000000/providers/Microsoft.Storage/locations/westus/asyncoperations/0f699153-279e-4d81-8a9d-7c6f219bc9a4?monitor=true&api-version=2017-06-01
  response:
    body: {string: '{"id":"/subscriptions/00000000-0000-0000-0000-000000000000/resourceGroups/azurecli-functionapp-e2e/providers/Microsoft.Storage/storageAccounts/functionappplanstorage","kind":"Storage","location":"westus","name":"functionappplanstorage","properties":{"creationTime":"2017-10-24T20:09:07.3448988Z","encryption":{"keySource":"Microsoft.Storage","services":{"blob":{"enabled":true,"lastEnabledTime":"2017-10-24T20:09:07.3478969Z"},"file":{"enabled":true,"lastEnabledTime":"2017-10-24T20:09:07.3478969Z"}}},"networkAcls":{"bypass":"AzureServices","defaultAction":"Allow","ipRules":[],"virtualNetworkRules":[]},"primaryEndpoints":{"blob":"https://functionappplanstorage.blob.core.windows.net/","file":"https://functionappplanstorage.file.core.windows.net/","queue":"https://functionappplanstorage.queue.core.windows.net/","table":"https://functionappplanstorage.table.core.windows.net/"},"primaryLocation":"westus","provisioningState":"Succeeded","statusOfPrimary":"available","supportsHttpsTrafficOnly":false},"sku":{"name":"Standard_LRS","tier":"Standard"},"tags":{},"type":"Microsoft.Storage/storageAccounts"}

        '}
    headers:
      Cache-Control: [no-cache]
      Content-Type: [application/json]
      Date: ['Tue, 24 Oct 2017 20:10:33 GMT']
      Expires: ['-1']
      Pragma: [no-cache]
      Server: [Microsoft-Azure-Storage-Resource-Provider/1.0, Microsoft-HTTPAPI/2.0]
      Strict-Transport-Security: [max-age=31536000; includeSubDomains]
      Transfer-Encoding: [chunked]
      Vary: [Accept-Encoding]
      content-length: ['1113']
    status: {code: 200, message: OK}
- request:
    body: null
    headers:
      Accept: [application/json]
      Accept-Encoding: ['gzip, deflate']
      Connection: [keep-alive]
      Content-Type: [application/json; charset=utf-8]
      User-Agent: [python/3.5.3 (Windows-10-10.0.15063-SP0) requests/2.18.4 msrest/0.4.15
          msrest_azure/0.4.11 websitemanagementclient/0.33.0 Azure-SDK-For-Python
          AZURECLI/TEST/2.0.21]
      accept-language: [en-US]
      x-ms-client-request-id: [64c8df8a-b8f7-11e7-965e-64510658e3b3]
    method: GET
    uri: https://management.azure.com/subscriptions/00000000-0000-0000-0000-000000000000/resourceGroups/azurecli-functionapp-e2e/providers/Microsoft.Web/serverfarms/functionapp-e2e-plan?api-version=2016-09-01
  response:
    body: {string: '{"id":"/subscriptions/00000000-0000-0000-0000-000000000000/resourceGroups/azurecli-functionapp-e2e/providers/Microsoft.Web/serverfarms/functionapp-e2e-plan","name":"functionapp-e2e-plan","type":"Microsoft.Web/serverfarms","kind":"app","location":"West
        US","properties":{"serverFarmId":0,"name":"functionapp-e2e-plan","workerSize":"Default","workerSizeId":0,"workerTierName":null,"numberOfWorkers":1,"currentWorkerSize":"Default","currentWorkerSizeId":0,"currentNumberOfWorkers":1,"status":"Ready","webSpace":"azurecli-functionapp-e2e-WestUSwebspace","subscription":"0b1f6471-1bf0-4dda-aec3-cb9272f09590","adminSiteName":null,"hostingEnvironment":null,"hostingEnvironmentProfile":null,"maximumNumberOfWorkers":3,"planName":"VirtualDedicatedPlan","adminRuntimeSiteName":null,"computeMode":"Shared","siteMode":null,"geoRegion":"West
        US","perSiteScaling":false,"numberOfSites":0,"hostingEnvironmentId":null,"isSpot":false,"spotExpirationTime":null,"tags":null,"kind":"app","resourceGroup":"azurecli-functionapp-e2e","reserved":false,"mdmId":"waws-prod-bay-073_8177","targetWorkerCount":0,"targetWorkerSizeId":0,"provisioningState":"Succeeded"},"sku":{"name":"B1","tier":"Basic","size":"B1","family":"B","capacity":1}}'}
    headers:
      Cache-Control: [no-cache]
      Content-Type: [application/json]
      Date: ['Tue, 24 Oct 2017 20:10:34 GMT']
      Expires: ['-1']
      Pragma: [no-cache]
      Server: [Microsoft-IIS/8.0]
      Strict-Transport-Security: [max-age=31536000; includeSubDomains]
      Transfer-Encoding: [chunked]
      Vary: [Accept-Encoding]
      X-AspNet-Version: [4.0.30319]
      X-Powered-By: [ASP.NET]
      content-length: ['1231']
    status: {code: 200, message: OK}
- request:
    body: null
    headers:
      Accept: [application/json]
      Accept-Encoding: ['gzip, deflate']
      Connection: [keep-alive]
      Content-Type: [application/json; charset=utf-8]
      User-Agent: [python/3.5.3 (Windows-10-10.0.15063-SP0) requests/2.18.4 msrest/0.4.15
          msrest_azure/0.4.11 storagemanagementclient/1.4.0 Azure-SDK-For-Python AZURECLI/TEST/2.0.21]
      accept-language: [en-US]
      x-ms-client-request-id: [653b435c-b8f7-11e7-af3b-64510658e3b3]
    method: GET
    uri: https://management.azure.com/subscriptions/00000000-0000-0000-0000-000000000000/resourceGroups/azurecli-functionapp-e2e/providers/Microsoft.Storage/storageAccounts/functionappplanstorage?api-version=2017-06-01
  response:
    body: {string: '{"id":"/subscriptions/00000000-0000-0000-0000-000000000000/resourceGroups/azurecli-functionapp-e2e/providers/Microsoft.Storage/storageAccounts/functionappplanstorage","kind":"Storage","location":"westus","name":"functionappplanstorage","properties":{"creationTime":"2017-10-24T20:09:07.3448988Z","encryption":{"keySource":"Microsoft.Storage","services":{"blob":{"enabled":true,"lastEnabledTime":"2017-10-24T20:09:07.3478969Z"},"file":{"enabled":true,"lastEnabledTime":"2017-10-24T20:09:07.3478969Z"}}},"networkAcls":{"bypass":"AzureServices","defaultAction":"Allow","ipRules":[],"virtualNetworkRules":[]},"primaryEndpoints":{"blob":"https://functionappplanstorage.blob.core.windows.net/","file":"https://functionappplanstorage.file.core.windows.net/","queue":"https://functionappplanstorage.queue.core.windows.net/","table":"https://functionappplanstorage.table.core.windows.net/"},"primaryLocation":"westus","provisioningState":"Succeeded","statusOfPrimary":"available","supportsHttpsTrafficOnly":false},"sku":{"name":"Standard_LRS","tier":"Standard"},"tags":{},"type":"Microsoft.Storage/storageAccounts"}

        '}
    headers:
      Cache-Control: [no-cache]
      Content-Type: [application/json]
      Date: ['Tue, 24 Oct 2017 20:10:34 GMT']
      Expires: ['-1']
      Pragma: [no-cache]
      Server: [Microsoft-Azure-Storage-Resource-Provider/1.0, Microsoft-HTTPAPI/2.0]
      Strict-Transport-Security: [max-age=31536000; includeSubDomains]
      Transfer-Encoding: [chunked]
      Vary: [Accept-Encoding]
      content-length: ['1113']
    status: {code: 200, message: OK}
- request:
    body: null
    headers:
      Accept: [application/json]
      Accept-Encoding: ['gzip, deflate']
      Connection: [keep-alive]
      Content-Length: ['0']
      Content-Type: [application/json; charset=utf-8]
      User-Agent: [python/3.5.3 (Windows-10-10.0.15063-SP0) requests/2.18.4 msrest/0.4.15
          msrest_azure/0.4.11 storagemanagementclient/1.4.0 Azure-SDK-For-Python AZURECLI/TEST/2.0.21]
      accept-language: [en-US]
      x-ms-client-request-id: [65640134-b8f7-11e7-9053-64510658e3b3]
    method: POST
    uri: https://management.azure.com/subscriptions/00000000-0000-0000-0000-000000000000/resourceGroups/azurecli-functionapp-e2e/providers/Microsoft.Storage/storageAccounts/functionappplanstorage/listKeys?api-version=2017-06-01
  response:
    body: {string: '{"keys":[{"keyName":"key1","permissions":"Full","value":"L5bqJxdsCEPYGRolt/HUnxuDP0tXRc1V46cru0TyCkrPyXaRGgijetw1ZoyAw50E4E9jL/q5B7OMEiVf54j1YQ=="},{"keyName":"key2","permissions":"Full","value":"NkxkZhsHx1e6OCbBV5hu0lfaXeu5S2RmzkhU+S5mBUaBGdhgW30lS+gqtpOKcZ+YVjEYUBB4/m53o5L+h+9j+A=="}]}

        '}
    headers:
      Cache-Control: [no-cache]
      Content-Type: [application/json]
      Date: ['Tue, 24 Oct 2017 20:10:34 GMT']
      Expires: ['-1']
      Pragma: [no-cache]
      Server: [Microsoft-Azure-Storage-Resource-Provider/1.0, Microsoft-HTTPAPI/2.0]
      Strict-Transport-Security: [max-age=31536000; includeSubDomains]
      Transfer-Encoding: [chunked]
      Vary: [Accept-Encoding]
      content-length: ['289']
      x-ms-ratelimit-remaining-subscription-writes: ['1197']
    status: {code: 200, message: OK}
- request:
    body: '{"location": "West US", "properties": {"reserved": false, "serverFarmId":
      "functionapp-e2e-plan", "scmSiteAlsoStopped": false, "siteConfig": {"netFrameworkVersion":
      "v4.6", "localMySqlEnabled": false, "alwaysOn": true, "appSettings": [{"name":
      "AzureWebJobsStorage", "value": "DefaultEndpointsProtocol=https;EndpointSuffix=core.windows.net;AccountName=functionappplanstorage;AccountKey=L5bqJxdsCEPYGRolt/HUnxuDP0tXRc1V46cru0TyCkrPyXaRGgijetw1ZoyAw50E4E9jL/q5B7OMEiVf54j1YQ=="},
      {"name": "AzureWebJobsDashboard", "value": "DefaultEndpointsProtocol=https;EndpointSuffix=core.windows.net;AccountName=functionappplanstorage;AccountKey=L5bqJxdsCEPYGRolt/HUnxuDP0tXRc1V46cru0TyCkrPyXaRGgijetw1ZoyAw50E4E9jL/q5B7OMEiVf54j1YQ=="},
      {"name": "WEBSITE_NODE_DEFAULT_VERSION", "value": "6.5.0"}, {"name": "FUNCTIONS_EXTENSION_VERSION",
      "value": "~1"}]}}, "kind": "functionapp"}'
    headers:
      Accept: [application/json]
      Accept-Encoding: ['gzip, deflate']
      Connection: [keep-alive]
      Content-Length: ['864']
      Content-Type: [application/json; charset=utf-8]
      User-Agent: [python/3.5.3 (Windows-10-10.0.15063-SP0) requests/2.18.4 msrest/0.4.15
          msrest_azure/0.4.11 websitemanagementclient/0.33.0 Azure-SDK-For-Python
          AZURECLI/TEST/2.0.21]
      accept-language: [en-US]
      x-ms-client-request-id: [6584b21c-b8f7-11e7-8e4c-64510658e3b3]
    method: PUT
    uri: https://management.azure.com/subscriptions/00000000-0000-0000-0000-000000000000/resourceGroups/azurecli-functionapp-e2e/providers/Microsoft.Web/sites/functionapp-e2e3?api-version=2016-08-01
  response:
    body: {string: '{"id":"/subscriptions/00000000-0000-0000-0000-000000000000/resourceGroups/azurecli-functionapp-e2e/providers/Microsoft.Web/sites/functionapp-e2e3","name":"functionapp-e2e3","type":"Microsoft.Web/sites","kind":"functionapp","location":"West
        US","properties":{"name":"functionapp-e2e3","state":"Running","hostNames":["functionapp-e2e3.azurewebsites.net"],"webSpace":"azurecli-functionapp-e2e-WestUSwebspace","selfLink":"https://waws-prod-bay-073.api.azurewebsites.windows.net/subscriptions/00000000-0000-0000-0000-000000000000/webspaces/azurecli-functionapp-e2e-WestUSwebspace/sites/functionapp-e2e3","repositorySiteName":"functionapp-e2e3","owner":null,"usageState":"Normal","enabled":true,"adminEnabled":true,"enabledHostNames":["functionapp-e2e3.azurewebsites.net","functionapp-e2e3.scm.azurewebsites.net"],"siteProperties":{"metadata":null,"properties":[],"appSettings":null},"availabilityState":"Normal","sslCertificates":null,"csrs":[],"cers":null,"siteMode":null,"hostNameSslStates":[{"name":"functionapp-e2e3.azurewebsites.net","sslState":"Disabled","ipBasedSslResult":null,"virtualIP":null,"thumbprint":null,"toUpdate":null,"toUpdateIpBasedSsl":null,"ipBasedSslState":"NotConfigured","hostType":"Standard"},{"name":"functionapp-e2e3.scm.azurewebsites.net","sslState":"Disabled","ipBasedSslResult":null,"virtualIP":null,"thumbprint":null,"toUpdate":null,"toUpdateIpBasedSsl":null,"ipBasedSslState":"NotConfigured","hostType":"Repository"}],"computeMode":null,"serverFarm":null,"serverFarmId":"/subscriptions/00000000-0000-0000-0000-000000000000/resourceGroups/azurecli-functionapp-e2e/providers/Microsoft.Web/serverfarms/functionapp-e2e-plan","reserved":false,"lastModifiedTimeUtc":"2017-10-24T20:10:37.0233333","storageRecoveryDefaultState":"Running","contentAvailabilityState":"Normal","runtimeAvailabilityState":"Normal","siteConfig":null,"deploymentId":"functionapp-e2e3","trafficManagerHostNames":null,"sku":"Basic","scmSiteAlsoStopped":false,"targetSwapSlot":null,"hostingEnvironment":null,"hostingEnvironmentProfile":null,"clientAffinityEnabled":true,"clientCertEnabled":false,"hostNamesDisabled":false,"domainVerificationIdentifiers":null,"kind":"functionapp","outboundIpAddresses":"40.112.216.201,40.112.220.31,40.112.222.87,40.112.221.176","possibleOutboundIpAddresses":"40.112.216.201,40.112.220.31,40.112.222.87,40.112.221.176","containerSize":1536,"dailyMemoryTimeQuota":0,"suspendedTill":null,"siteDisabledReason":0,"functionExecutionUnitsCache":null,"maxNumberOfWorkers":null,"homeStamp":"waws-prod-bay-073","cloningInfo":null,"snapshotInfo":null,"hostingEnvironmentId":null,"tags":null,"resourceGroup":"azurecli-functionapp-e2e","defaultHostName":"functionapp-e2e3.azurewebsites.net","slotSwapStatus":null}}'}
    headers:
      Cache-Control: [no-cache]
      Content-Type: [application/json]
      Date: ['Tue, 24 Oct 2017 20:10:41 GMT']
      ETag: ['"1D34D042846184B"']
      Expires: ['-1']
      Pragma: [no-cache]
      Server: [Microsoft-IIS/8.0]
      Strict-Transport-Security: [max-age=31536000; includeSubDomains]
      Transfer-Encoding: [chunked]
      Vary: [Accept-Encoding]
      X-AspNet-Version: [4.0.30319]
      X-Powered-By: [ASP.NET]
      content-length: ['2759']
      x-ms-ratelimit-remaining-subscription-writes: ['1197']
    status: {code: 200, message: OK}
- request:
    body: null
    headers:
      Accept: [application/json]
      Accept-Encoding: ['gzip, deflate']
      Connection: [keep-alive]
      Content-Length: ['0']
      Content-Type: [application/json; charset=utf-8]
      User-Agent: [python/3.5.3 (Windows-10-10.0.15063-SP0) requests/2.18.4 msrest/0.4.15
          msrest_azure/0.4.11 websitemanagementclient/0.33.0 Azure-SDK-For-Python
          AZURECLI/TEST/2.0.21]
      accept-language: [en-US]
      x-ms-client-request-id: [698ff8f8-b8f7-11e7-bf42-64510658e3b3]
    method: DELETE
    uri: https://management.azure.com/subscriptions/00000000-0000-0000-0000-000000000000/resourceGroups/azurecli-functionapp-e2e/providers/Microsoft.Web/sites/functionapp-e2e3?api-version=2016-08-01
  response:
    body: {string: ''}
    headers:
      Cache-Control: [no-cache]
      Content-Length: ['0']
      Date: ['Tue, 24 Oct 2017 20:10:47 GMT']
      ETag: ['"1D34D042846184B"']
      Expires: ['-1']
      Pragma: [no-cache]
      Server: [Microsoft-IIS/8.0]
      Strict-Transport-Security: [max-age=31536000; includeSubDomains]
      X-AspNet-Version: [4.0.30319]
      X-Powered-By: [ASP.NET]
      x-ms-ratelimit-remaining-subscription-writes: ['1196']
    status: {code: 200, message: OK}
version: 1
