interactions:
- request:
    body: null
    headers:
      Accept: [application/json]
      Accept-Encoding: ['gzip, deflate']
      Connection: [keep-alive]
      Content-Type: [application/json; charset=utf-8]
      User-Agent: [python/3.5.2 (Windows-10-10.0.15063-SP0) requests/2.9.1 msrest/0.4.11
          msrest_azure/0.4.11 resourcemanagementclient/1.1.0 Azure-SDK-For-Python
          AZURECLI/TEST/2.0.12+dev]
      accept-language: [en-US]
      x-ms-client-request-id: [a52de934-7635-11e7-a738-480fcf502758]
    method: GET
    uri: https://management.azure.com/subscriptions/00000000-0000-0000-0000-000000000000/resourcegroups/cli-webapp-slot?api-version=2017-05-10
  response:
    body: {string: '{"id":"/subscriptions/00000000-0000-0000-0000-000000000000/resourceGroups/cli-webapp-slot","name":"cli-webapp-slot","location":"westus","tags":{"use":"az-test"},"properties":{"provisioningState":"Succeeded"}}'}
    headers:
      Cache-Control: [no-cache]
      Content-Type: [application/json; charset=utf-8]
      Date: ['Mon, 31 Jul 2017 21:17:23 GMT']
      Expires: ['-1']
      Pragma: [no-cache]
      Strict-Transport-Security: [max-age=31536000; includeSubDomains]
      Vary: [Accept-Encoding]
      content-length: ['220']
    status: {code: 200, message: OK}
- request:
    body: '{"sku": {"name": "S1", "capacity": 1, "tier": "STANDARD"}, "location":
      "westus", "properties": {"name": "webapp-slot-test2-plan", "perSiteScaling":
      false}}'
    headers:
      Accept: [application/json]
      Accept-Encoding: ['gzip, deflate']
      Connection: [keep-alive]
      Content-Length: ['155']
      Content-Type: [application/json; charset=utf-8]
      User-Agent: [python/3.5.2 (Windows-10-10.0.15063-SP0) requests/2.9.1 msrest/0.4.11
          msrest_azure/0.4.11 websitemanagementclient/0.32.0 Azure-SDK-For-Python
          AZURECLI/TEST/2.0.12+dev]
      accept-language: [en-US]
      x-ms-client-request-id: [a544e9c6-7635-11e7-afb2-480fcf502758]
    method: PUT
    uri: https://management.azure.com/subscriptions/00000000-0000-0000-0000-000000000000/resourceGroups/cli-webapp-slot/providers/Microsoft.Web/serverfarms/webapp-slot-test2-plan?api-version=2016-09-01
  response:
    body: {string: '{"id":"/subscriptions/00000000-0000-0000-0000-000000000000/resourceGroups/cli-webapp-slot/providers/Microsoft.Web/serverfarms/webapp-slot-test2-plan","name":"webapp-slot-test2-plan","type":"Microsoft.Web/serverfarms","kind":"app","location":"West
        US","properties":{"serverFarmId":0,"name":"webapp-slot-test2-plan","workerSize":"Default","workerSizeId":0,"workerTierName":null,"numberOfWorkers":1,"currentWorkerSize":"Default","currentWorkerSizeId":0,"currentNumberOfWorkers":1,"status":"Ready","webSpace":"cli-webapp-slot-WestUSwebspace","subscription":"8d57ddbd-c779-40ea-b660-1015f4bf027d","adminSiteName":null,"hostingEnvironment":null,"hostingEnvironmentProfile":null,"maximumNumberOfWorkers":10,"planName":"VirtualDedicatedPlan","adminRuntimeSiteName":null,"computeMode":"Shared","siteMode":null,"geoRegion":"West
        US","perSiteScaling":false,"numberOfSites":0,"hostingEnvironmentId":null,"tags":null,"kind":"app","resourceGroup":"cli-webapp-slot","reserved":false,"mdmId":"waws-prod-bay-055_13139","targetWorkerCount":0,"targetWorkerSizeId":0,"provisioningState":"Succeeded"},"sku":{"name":"S1","tier":"Standard","size":"S1","family":"S","capacity":1}}'}
    headers:
      Cache-Control: [no-cache]
      Content-Type: [application/json]
      Date: ['Mon, 31 Jul 2017 21:17:41 GMT']
      Expires: ['-1']
      Pragma: [no-cache]
      Server: [Microsoft-IIS/8.0]
      Strict-Transport-Security: [max-age=31536000; includeSubDomains]
      Transfer-Encoding: [chunked]
      Vary: [Accept-Encoding]
      X-AspNet-Version: [4.0.30319]
      X-Powered-By: [ASP.NET]
      content-length: ['1174']
      x-ms-ratelimit-remaining-subscription-writes: ['1198']
    status: {code: 200, message: OK}
- request:
    body: null
    headers:
      Accept: [application/json]
      Accept-Encoding: ['gzip, deflate']
      Connection: [keep-alive]
      Content-Type: [application/json; charset=utf-8]
      User-Agent: [python/3.5.2 (Windows-10-10.0.15063-SP0) requests/2.9.1 msrest/0.4.11
          msrest_azure/0.4.11 websitemanagementclient/0.32.0 Azure-SDK-For-Python
          AZURECLI/TEST/2.0.12+dev]
      accept-language: [en-US]
      x-ms-client-request-id: [b0481ed4-7635-11e7-9a2d-480fcf502758]
    method: GET
    uri: https://management.azure.com/subscriptions/00000000-0000-0000-0000-000000000000/resourceGroups/cli-webapp-slot/providers/Microsoft.Web/serverfarms/webapp-slot-test2-plan?api-version=2016-09-01
  response:
    body: {string: '{"id":"/subscriptions/00000000-0000-0000-0000-000000000000/resourceGroups/cli-webapp-slot/providers/Microsoft.Web/serverfarms/webapp-slot-test2-plan","name":"webapp-slot-test2-plan","type":"Microsoft.Web/serverfarms","kind":"app","location":"West
        US","properties":{"serverFarmId":0,"name":"webapp-slot-test2-plan","workerSize":"Default","workerSizeId":0,"workerTierName":null,"numberOfWorkers":1,"currentWorkerSize":"Default","currentWorkerSizeId":0,"currentNumberOfWorkers":1,"status":"Ready","webSpace":"cli-webapp-slot-WestUSwebspace","subscription":"8d57ddbd-c779-40ea-b660-1015f4bf027d","adminSiteName":null,"hostingEnvironment":null,"hostingEnvironmentProfile":null,"maximumNumberOfWorkers":10,"planName":"VirtualDedicatedPlan","adminRuntimeSiteName":null,"computeMode":"Shared","siteMode":null,"geoRegion":"West
        US","perSiteScaling":false,"numberOfSites":0,"hostingEnvironmentId":null,"tags":null,"kind":"app","resourceGroup":"cli-webapp-slot","reserved":false,"mdmId":"waws-prod-bay-055_13139","targetWorkerCount":0,"targetWorkerSizeId":0,"provisioningState":"Succeeded"},"sku":{"name":"S1","tier":"Standard","size":"S1","family":"S","capacity":1}}'}
    headers:
      Cache-Control: [no-cache]
      Content-Type: [application/json]
      Date: ['Mon, 31 Jul 2017 21:17:41 GMT']
      Expires: ['-1']
      Pragma: [no-cache]
      Server: [Microsoft-IIS/8.0]
      Strict-Transport-Security: [max-age=31536000; includeSubDomains]
      Transfer-Encoding: [chunked]
      Vary: [Accept-Encoding]
      X-AspNet-Version: [4.0.30319]
      X-Powered-By: [ASP.NET]
      content-length: ['1174']
    status: {code: 200, message: OK}
- request:
    body: '{"location": "West US", "properties": {"reserved": false, "microService":
      "WebSites", "siteConfig": {"netFrameworkVersion": "v4.6", "localMySqlEnabled":
      false, "appSettings": []}, "serverFarmId": "webapp-slot-test2-plan", "scmSiteAlsoStopped":
      false}}'
    headers:
      Accept: [application/json]
      Accept-Encoding: ['gzip, deflate']
      Connection: [keep-alive]
      Content-Length: ['251']
      Content-Type: [application/json; charset=utf-8]
      User-Agent: [python/3.5.2 (Windows-10-10.0.15063-SP0) requests/2.9.1 msrest/0.4.11
          msrest_azure/0.4.11 websitemanagementclient/0.32.0 Azure-SDK-For-Python
          AZURECLI/TEST/2.0.12+dev]
      accept-language: [en-US]
      x-ms-client-request-id: [b0a48bba-7635-11e7-bb43-480fcf502758]
    method: PUT
    uri: https://management.azure.com/subscriptions/00000000-0000-0000-0000-000000000000/resourceGroups/cli-webapp-slot/providers/Microsoft.Web/sites/web-slot-test2?api-version=2016-08-01
  response:
    body: {string: '{"id":"/subscriptions/00000000-0000-0000-0000-000000000000/resourceGroups/cli-webapp-slot/providers/Microsoft.Web/sites/web-slot-test2","name":"web-slot-test2","type":"Microsoft.Web/sites","kind":"app","location":"West
        US","properties":{"name":"web-slot-test2","state":"Running","hostNames":["web-slot-test2.azurewebsites.net"],"webSpace":"cli-webapp-slot-WestUSwebspace","selfLink":"https://waws-prod-bay-055.api.azurewebsites.windows.net/subscriptions/00000000-0000-0000-0000-000000000000/webspaces/cli-webapp-slot-WestUSwebspace/sites/web-slot-test2","repositorySiteName":"web-slot-test2","owner":null,"usageState":"Normal","enabled":true,"adminEnabled":true,"enabledHostNames":["web-slot-test2.azurewebsites.net","web-slot-test2.scm.azurewebsites.net"],"siteProperties":{"metadata":null,"properties":[],"appSettings":null},"availabilityState":"Normal","sslCertificates":null,"csrs":[],"cers":null,"siteMode":null,"hostNameSslStates":[{"name":"web-slot-test2.azurewebsites.net","sslState":"Disabled","ipBasedSslResult":null,"virtualIP":null,"thumbprint":null,"toUpdate":null,"toUpdateIpBasedSsl":null,"ipBasedSslState":"NotConfigured","hostType":"Standard"},{"name":"web-slot-test2.scm.azurewebsites.net","sslState":"Disabled","ipBasedSslResult":null,"virtualIP":null,"thumbprint":null,"toUpdate":null,"toUpdateIpBasedSsl":null,"ipBasedSslState":"NotConfigured","hostType":"Repository"}],"computeMode":null,"serverFarm":null,"serverFarmId":"/subscriptions/00000000-0000-0000-0000-000000000000/resourceGroups/cli-webapp-slot/providers/Microsoft.Web/serverfarms/webapp-slot-test2-plan","reserved":false,"lastModifiedTimeUtc":"2017-07-31T21:17:44.423","storageRecoveryDefaultState":"Running","contentAvailabilityState":"Normal","runtimeAvailabilityState":"Normal","siteConfig":null,"deploymentId":"web-slot-test2","trafficManagerHostNames":null,"sku":"Standard","premiumAppDeployed":null,"scmSiteAlsoStopped":false,"targetSwapSlot":null,"hostingEnvironment":null,"hostingEnvironmentProfile":null,"clientAffinityEnabled":true,"clientCertEnabled":false,"hostNamesDisabled":false,"domainVerificationIdentifiers":null,"kind":"app","outboundIpAddresses":"104.42.185.131,104.42.184.178,104.42.185.60,104.42.188.171","possibleOutboundIpAddresses":null,"containerSize":0,"dailyMemoryTimeQuota":0,"suspendedTill":null,"siteDisabledReason":0,"functionExecutionUnitsCache":null,"maxNumberOfWorkers":null,"homeStamp":"waws-prod-bay-055","cloningInfo":null,"hostingEnvironmentId":null,"tags":null,"resourceGroup":"cli-webapp-slot","defaultHostName":"web-slot-test2.azurewebsites.net","slotSwapStatus":null}}'}
    headers:
      Cache-Control: [no-cache]
      Content-Type: [application/json]
      Date: ['Mon, 31 Jul 2017 21:17:54 GMT']
      ETag: ['"1D30A4273988110"']
      Expires: ['-1']
      Pragma: [no-cache]
      Server: [Microsoft-IIS/8.0]
      Strict-Transport-Security: [max-age=31536000; includeSubDomains]
      Transfer-Encoding: [chunked]
      Vary: [Accept-Encoding]
      X-AspNet-Version: [4.0.30319]
      X-Powered-By: [ASP.NET]
      content-length: ['2624']
      x-ms-ratelimit-remaining-subscription-writes: ['1195']
    status: {code: 200, message: OK}
- request:
    body: '{}'
    headers:
      Accept: [application/json]
      Accept-Encoding: ['gzip, deflate']
      Connection: [keep-alive]
      Content-Length: ['2']
      Content-Type: [application/json; charset=utf-8]
      User-Agent: [python/3.5.2 (Windows-10-10.0.15063-SP0) requests/2.9.1 msrest/0.4.11
          msrest_azure/0.4.11 websitemanagementclient/0.32.0 Azure-SDK-For-Python
          AZURECLI/TEST/2.0.12+dev]
      accept-language: [en-US]
      x-ms-client-request-id: [b7f2dc3a-7635-11e7-bef4-480fcf502758]
    method: POST
    uri: https://management.azure.com/subscriptions/00000000-0000-0000-0000-000000000000/resourceGroups/cli-webapp-slot/providers/Microsoft.Web/sites/web-slot-test2/publishxml?api-version=2016-08-01
  response:
    body: {string: '<publishData><publishProfile profileName="web-slot-test2 - Web
        Deploy" publishMethod="MSDeploy" publishUrl="web-slot-test2.scm.azurewebsites.net:443"
        msdeploySite="web-slot-test2" userName="$web-slot-test2" userPWD="BZT0j1Sb3pnnuHLhaRbspnZJPs8h3Li1XNCczJwZ4kBiJipGFlou2afr01i7"
        destinationAppUrl="http://web-slot-test2.azurewebsites.net" SQLServerDBConnectionString=""
        mySQLDBConnectionString="" hostingProviderForumLink="" controlPanelLink="http://windows.azure.com"
        webSystem="WebSites"><databases /></publishProfile><publishProfile profileName="web-slot-test2
        - FTP" publishMethod="FTP" publishUrl="ftp://waws-prod-bay-055.ftp.azurewebsites.windows.net/site/wwwroot"
        ftpPassiveMode="True" userName="web-slot-test2\$web-slot-test2" userPWD="BZT0j1Sb3pnnuHLhaRbspnZJPs8h3Li1XNCczJwZ4kBiJipGFlou2afr01i7"
        destinationAppUrl="http://web-slot-test2.azurewebsites.net" SQLServerDBConnectionString=""
        mySQLDBConnectionString="" hostingProviderForumLink="" controlPanelLink="http://windows.azure.com"
        webSystem="WebSites"><databases /></publishProfile></publishData>'}
    headers:
      Cache-Control: [no-cache]
      Content-Length: ['1060']
      Content-Type: [application/xml]
      Date: ['Mon, 31 Jul 2017 21:17:54 GMT']
      Expires: ['-1']
      Pragma: [no-cache]
      Server: [Microsoft-IIS/8.0]
      Strict-Transport-Security: [max-age=31536000; includeSubDomains]
      X-AspNet-Version: [4.0.30319]
      X-Powered-By: [ASP.NET]
      x-ms-ratelimit-remaining-subscription-resource-requests: ['11998']
    status: {code: 200, message: OK}
- request:
    body: null
    headers:
      Accept: [application/json]
      Accept-Encoding: ['gzip, deflate']
      Connection: [keep-alive]
      Content-Length: ['0']
      Content-Type: [application/json; charset=utf-8]
      User-Agent: [python/3.5.2 (Windows-10-10.0.15063-SP0) requests/2.9.1 msrest/0.4.11
          msrest_azure/0.4.11 websitemanagementclient/0.32.0 Azure-SDK-For-Python
          AZURECLI/TEST/2.0.12+dev]
      accept-language: [en-US]
      x-ms-client-request-id: [b8760848-7635-11e7-90b3-480fcf502758]
    method: POST
    uri: https://management.azure.com/subscriptions/00000000-0000-0000-0000-000000000000/resourceGroups/cli-webapp-slot/providers/Microsoft.Web/sites/web-slot-test2/config/appsettings/list?api-version=2016-08-01
  response:
    body: {string: '{"id":"/subscriptions/00000000-0000-0000-0000-000000000000/resourceGroups/cli-webapp-slot/providers/Microsoft.Web/sites/web-slot-test2/config/appsettings","name":"appsettings","type":"Microsoft.Web/sites/config","location":"West
        US","properties":{}}'}
    headers:
      Cache-Control: [no-cache]
      Content-Type: [application/json]
      Date: ['Mon, 31 Jul 2017 21:17:55 GMT']
      Expires: ['-1']
      Pragma: [no-cache]
      Server: [Microsoft-IIS/8.0]
      Strict-Transport-Security: [max-age=31536000; includeSubDomains]
      Transfer-Encoding: [chunked]
      Vary: [Accept-Encoding]
      X-AspNet-Version: [4.0.30319]
      X-Powered-By: [ASP.NET]
      content-length: ['255']
      x-ms-ratelimit-remaining-subscription-resource-requests: ['11999']
    status: {code: 200, message: OK}
- request:
    body: '{"name": "appsettings", "type": "Microsoft.Web/sites/config", "location":
      "West US", "properties": {"s1": "v1", "s2": "v2"}}'
    headers:
      Accept: [application/json]
      Accept-Encoding: ['gzip, deflate']
      Connection: [keep-alive]
      Content-Length: ['124']
      Content-Type: [application/json; charset=utf-8]
      User-Agent: [python/3.5.2 (Windows-10-10.0.15063-SP0) requests/2.9.1 msrest/0.4.11
          msrest_azure/0.4.11 websitemanagementclient/0.32.0 Azure-SDK-For-Python
          AZURECLI/TEST/2.0.12+dev]
      accept-language: [en-US]
      x-ms-client-request-id: [b8a6be76-7635-11e7-8443-480fcf502758]
    method: PUT
    uri: https://management.azure.com/subscriptions/00000000-0000-0000-0000-000000000000/resourceGroups/cli-webapp-slot/providers/Microsoft.Web/sites/web-slot-test2/config/appsettings?api-version=2016-08-01
  response:
    body: {string: '{"id":"/subscriptions/00000000-0000-0000-0000-000000000000/resourceGroups/cli-webapp-slot/providers/Microsoft.Web/sites/web-slot-test2/config/appsettings","name":"appsettings","type":"Microsoft.Web/sites/config","location":"West
        US","properties":{"s1":"v1","s2":"v2"}}'}
    headers:
      Cache-Control: [no-cache]
      Content-Type: [application/json]
      Date: ['Mon, 31 Jul 2017 21:17:56 GMT']
      ETag: ['"1D30A427A4D1E30"']
      Expires: ['-1']
      Pragma: [no-cache]
      Server: [Microsoft-IIS/8.0]
      Strict-Transport-Security: [max-age=31536000; includeSubDomains]
      Transfer-Encoding: [chunked]
      Vary: [Accept-Encoding]
      X-AspNet-Version: [4.0.30319]
      X-Powered-By: [ASP.NET]
      content-length: ['274']
      x-ms-ratelimit-remaining-subscription-writes: ['1196']
    status: {code: 200, message: OK}
- request:
    body: null
    headers:
      Accept: [application/json]
      Accept-Encoding: ['gzip, deflate']
      Connection: [keep-alive]
      Content-Type: [application/json; charset=utf-8]
      User-Agent: [python/3.5.2 (Windows-10-10.0.15063-SP0) requests/2.9.1 msrest/0.4.11
          msrest_azure/0.4.11 websitemanagementclient/0.32.0 Azure-SDK-For-Python
          AZURECLI/TEST/2.0.12+dev]
      accept-language: [en-US]
      x-ms-client-request-id: [b9114126-7635-11e7-a24b-480fcf502758]
    method: GET
    uri: https://management.azure.com/subscriptions/00000000-0000-0000-0000-000000000000/resourceGroups/cli-webapp-slot/providers/Microsoft.Web/sites/web-slot-test2/config/slotConfigNames?api-version=2016-08-01
  response:
    body: {string: '{"id":null,"name":"web-slot-test2","type":"Microsoft.Web/sites","location":"West
        US","properties":{"connectionStringNames":["c2"],"appSettingNames":["s2","s4"]}}'}
    headers:
      Cache-Control: [no-cache]
      Content-Type: [application/json]
      Date: ['Mon, 31 Jul 2017 21:17:56 GMT']
      Expires: ['-1']
      Pragma: [no-cache]
      Server: [Microsoft-IIS/8.0]
      Strict-Transport-Security: [max-age=31536000; includeSubDomains]
      Transfer-Encoding: [chunked]
      Vary: [Accept-Encoding]
      X-AspNet-Version: [4.0.30319]
      X-Powered-By: [ASP.NET]
      content-length: ['161']
    status: {code: 200, message: OK}
- request:
    body: '{"name": "web-slot-test2", "type": "Microsoft.Web/sites", "location": "West
      US", "properties": {"connectionStringNames": ["c2"], "appSettingNames": ["s2",
      "s4", "s2"]}}'
    headers:
      Accept: [application/json]
      Accept-Encoding: ['gzip, deflate']
      Connection: [keep-alive]
      Content-Length: ['168']
      Content-Type: [application/json; charset=utf-8]
      User-Agent: [python/3.5.2 (Windows-10-10.0.15063-SP0) requests/2.9.1 msrest/0.4.11
          msrest_azure/0.4.11 websitemanagementclient/0.32.0 Azure-SDK-For-Python
          AZURECLI/TEST/2.0.12+dev]
      accept-language: [en-US]
      x-ms-client-request-id: [b9418b9e-7635-11e7-a53d-480fcf502758]
    method: PUT
    uri: https://management.azure.com/subscriptions/00000000-0000-0000-0000-000000000000/resourceGroups/cli-webapp-slot/providers/Microsoft.Web/sites/web-slot-test2/config/slotConfigNames?api-version=2016-08-01
  response:
    body: {string: '{"id":null,"name":"web-slot-test2","type":"Microsoft.Web/sites","location":"West
        US","properties":{"connectionStringNames":["c2"],"appSettingNames":["s2","s4","s2"]}}'}
    headers:
      Cache-Control: [no-cache]
      Content-Type: [application/json]
      Date: ['Mon, 31 Jul 2017 21:17:57 GMT']
      Expires: ['-1']
      Pragma: [no-cache]
      Server: [Microsoft-IIS/8.0]
      Strict-Transport-Security: [max-age=31536000; includeSubDomains]
      Transfer-Encoding: [chunked]
      Vary: [Accept-Encoding]
      X-AspNet-Version: [4.0.30319]
      X-Powered-By: [ASP.NET]
      content-length: ['166']
      x-ms-ratelimit-remaining-subscription-writes: ['1193']
    status: {code: 200, message: OK}
- request:
    body: null
    headers:
      Accept: [application/json]
      Accept-Encoding: ['gzip, deflate']
      Connection: [keep-alive]
      Content-Type: [application/json; charset=utf-8]
      User-Agent: [python/3.5.2 (Windows-10-10.0.15063-SP0) requests/2.9.1 msrest/0.4.11
          msrest_azure/0.4.11 websitemanagementclient/0.32.0 Azure-SDK-For-Python
          AZURECLI/TEST/2.0.12+dev]
      accept-language: [en-US]
      x-ms-client-request-id: [b9da4b52-7635-11e7-9b20-480fcf502758]
    method: GET
    uri: https://management.azure.com/subscriptions/00000000-0000-0000-0000-000000000000/resourceGroups/cli-webapp-slot/providers/Microsoft.Web/sites/web-slot-test2?api-version=2016-08-01
  response:
    body: {string: '{"id":"/subscriptions/00000000-0000-0000-0000-000000000000/resourceGroups/cli-webapp-slot/providers/Microsoft.Web/sites/web-slot-test2","name":"web-slot-test2","type":"Microsoft.Web/sites","kind":"app","location":"West
        US","properties":{"name":"web-slot-test2","state":"Running","hostNames":["web-slot-test2.azurewebsites.net"],"webSpace":"cli-webapp-slot-WestUSwebspace","selfLink":"https://waws-prod-bay-055.api.azurewebsites.windows.net/subscriptions/00000000-0000-0000-0000-000000000000/webspaces/cli-webapp-slot-WestUSwebspace/sites/web-slot-test2","repositorySiteName":"web-slot-test2","owner":null,"usageState":"Normal","enabled":true,"adminEnabled":true,"enabledHostNames":["web-slot-test2.azurewebsites.net","web-slot-test2.scm.azurewebsites.net"],"siteProperties":{"metadata":null,"properties":[],"appSettings":null},"availabilityState":"Normal","sslCertificates":null,"csrs":[],"cers":null,"siteMode":null,"hostNameSslStates":[{"name":"web-slot-test2.azurewebsites.net","sslState":"Disabled","ipBasedSslResult":null,"virtualIP":null,"thumbprint":null,"toUpdate":null,"toUpdateIpBasedSsl":null,"ipBasedSslState":"NotConfigured","hostType":"Standard"},{"name":"web-slot-test2.scm.azurewebsites.net","sslState":"Disabled","ipBasedSslResult":null,"virtualIP":null,"thumbprint":null,"toUpdate":null,"toUpdateIpBasedSsl":null,"ipBasedSslState":"NotConfigured","hostType":"Repository"}],"computeMode":null,"serverFarm":null,"serverFarmId":"/subscriptions/00000000-0000-0000-0000-000000000000/resourceGroups/cli-webapp-slot/providers/Microsoft.Web/serverfarms/webapp-slot-test2-plan","reserved":false,"lastModifiedTimeUtc":"2017-07-31T21:17:55.987","storageRecoveryDefaultState":"Running","contentAvailabilityState":"Normal","runtimeAvailabilityState":"Normal","siteConfig":null,"deploymentId":"web-slot-test2","trafficManagerHostNames":null,"sku":"Standard","premiumAppDeployed":null,"scmSiteAlsoStopped":false,"targetSwapSlot":null,"hostingEnvironment":null,"hostingEnvironmentProfile":null,"clientAffinityEnabled":true,"clientCertEnabled":false,"hostNamesDisabled":false,"domainVerificationIdentifiers":null,"kind":"app","outboundIpAddresses":"104.42.185.131,104.42.184.178,104.42.185.60,104.42.188.171","possibleOutboundIpAddresses":null,"containerSize":0,"dailyMemoryTimeQuota":0,"suspendedTill":null,"siteDisabledReason":0,"functionExecutionUnitsCache":null,"maxNumberOfWorkers":null,"homeStamp":"waws-prod-bay-055","cloningInfo":null,"hostingEnvironmentId":null,"tags":null,"resourceGroup":"cli-webapp-slot","defaultHostName":"web-slot-test2.azurewebsites.net","slotSwapStatus":null}}'}
    headers:
      Cache-Control: [no-cache]
      Content-Type: [application/json]
      Date: ['Mon, 31 Jul 2017 21:17:58 GMT']
      ETag: ['"1D30A427A4D1E30"']
      Expires: ['-1']
      Pragma: [no-cache]
      Server: [Microsoft-IIS/8.0]
      Strict-Transport-Security: [max-age=31536000; includeSubDomains]
      Transfer-Encoding: [chunked]
      Vary: [Accept-Encoding]
      X-AspNet-Version: [4.0.30319]
      X-Powered-By: [ASP.NET]
      content-length: ['2624']
    status: {code: 200, message: OK}
- request:
    body: '{"location": "West US", "properties": {"reserved": false, "microService":
      "WebSites", "siteConfig": {"netFrameworkVersion": "v4.6", "localMySqlEnabled":
      false}, "serverFarmId": "/subscriptions/8d57ddbd-c779-40ea-b660-1015f4bf027d/resourceGroups/cli-webapp-slot/providers/Microsoft.Web/serverfarms/webapp-slot-test2-plan",
      "scmSiteAlsoStopped": false}}'
    headers:
      Accept: [application/json]
      Accept-Encoding: ['gzip, deflate']
      Connection: [keep-alive]
      Content-Length: ['357']
      Content-Type: [application/json; charset=utf-8]
      User-Agent: [python/3.5.2 (Windows-10-10.0.15063-SP0) requests/2.9.1 msrest/0.4.11
          msrest_azure/0.4.11 websitemanagementclient/0.32.0 Azure-SDK-For-Python
          AZURECLI/TEST/2.0.12+dev]
      accept-language: [en-US]
      x-ms-client-request-id: [ba559542-7635-11e7-b6d7-480fcf502758]
    method: PUT
    uri: https://management.azure.com/subscriptions/00000000-0000-0000-0000-000000000000/resourceGroups/cli-webapp-slot/providers/Microsoft.Web/sites/web-slot-test2/slots/staging?api-version=2016-08-01
  response:
    body: {string: '{"id":"/subscriptions/00000000-0000-0000-0000-000000000000/resourceGroups/cli-webapp-slot/providers/Microsoft.Web/sites/web-slot-test2/slots/staging","name":"web-slot-test2/staging","type":"Microsoft.Web/sites/slots","kind":"app","location":"West
        US","properties":{"name":"web-slot-test2(staging)","state":"Running","hostNames":["web-slot-test2-staging.azurewebsites.net"],"webSpace":"cli-webapp-slot-WestUSwebspace","selfLink":"https://waws-prod-bay-055.api.azurewebsites.windows.net/subscriptions/00000000-0000-0000-0000-000000000000/webspaces/cli-webapp-slot-WestUSwebspace/sites/web-slot-test2","repositorySiteName":"web-slot-test2","owner":null,"usageState":"Normal","enabled":true,"adminEnabled":true,"enabledHostNames":["web-slot-test2-staging.azurewebsites.net","web-slot-test2-staging.scm.azurewebsites.net"],"siteProperties":{"metadata":null,"properties":[],"appSettings":null},"availabilityState":"Normal","sslCertificates":null,"csrs":[],"cers":null,"siteMode":null,"hostNameSslStates":[{"name":"web-slot-test2-staging.azurewebsites.net","sslState":"Disabled","ipBasedSslResult":null,"virtualIP":null,"thumbprint":null,"toUpdate":null,"toUpdateIpBasedSsl":null,"ipBasedSslState":"NotConfigured","hostType":"Standard"},{"name":"web-slot-test2-staging.scm.azurewebsites.net","sslState":"Disabled","ipBasedSslResult":null,"virtualIP":null,"thumbprint":null,"toUpdate":null,"toUpdateIpBasedSsl":null,"ipBasedSslState":"NotConfigured","hostType":"Repository"}],"computeMode":null,"serverFarm":null,"serverFarmId":"/subscriptions/00000000-0000-0000-0000-000000000000/resourceGroups/cli-webapp-slot/providers/Microsoft.Web/serverfarms/webapp-slot-test2-plan","reserved":false,"lastModifiedTimeUtc":"2017-07-31T21:18:00.33","storageRecoveryDefaultState":"Running","contentAvailabilityState":"Normal","runtimeAvailabilityState":"Normal","siteConfig":null,"deploymentId":"web-slot-test2__e787","trafficManagerHostNames":null,"sku":"Standard","premiumAppDeployed":null,"scmSiteAlsoStopped":false,"targetSwapSlot":null,"hostingEnvironment":null,"hostingEnvironmentProfile":null,"clientAffinityEnabled":true,"clientCertEnabled":false,"hostNamesDisabled":false,"domainVerificationIdentifiers":null,"kind":"app","outboundIpAddresses":"104.42.185.131,104.42.184.178,104.42.185.60,104.42.188.171","possibleOutboundIpAddresses":null,"containerSize":0,"dailyMemoryTimeQuota":0,"suspendedTill":null,"siteDisabledReason":0,"functionExecutionUnitsCache":null,"maxNumberOfWorkers":null,"homeStamp":"waws-prod-bay-055","cloningInfo":null,"hostingEnvironmentId":null,"tags":null,"resourceGroup":"cli-webapp-slot","defaultHostName":"web-slot-test2-staging.azurewebsites.net","slotSwapStatus":null}}'}
    headers:
      Cache-Control: [no-cache]
      Content-Type: [application/json]
      Date: ['Mon, 31 Jul 2017 21:18:01 GMT']
      ETag: ['"1D30A427A4D1E30"']
      Expires: ['-1']
      Pragma: [no-cache]
      Server: [Microsoft-IIS/8.0]
      Strict-Transport-Security: [max-age=31536000; includeSubDomains]
      Transfer-Encoding: [chunked]
      Vary: [Accept-Encoding]
      X-AspNet-Version: [4.0.30319]
      X-Powered-By: [ASP.NET]
      content-length: ['2714']
      x-ms-ratelimit-remaining-subscription-writes: ['1193']
    status: {code: 200, message: OK}
- request:
    body: null
    headers:
      Accept: [application/json]
      Accept-Encoding: ['gzip, deflate']
      Connection: [keep-alive]
      Content-Type: [application/json; charset=utf-8]
      User-Agent: [python/3.5.2 (Windows-10-10.0.15063-SP0) requests/2.9.1 msrest/0.4.11
          msrest_azure/0.4.11 websitemanagementclient/0.32.0 Azure-SDK-For-Python
          AZURECLI/TEST/2.0.12+dev]
      accept-language: [en-US]
      x-ms-client-request-id: [bc2f21c2-7635-11e7-8eb3-480fcf502758]
    method: GET
    uri: https://management.azure.com/subscriptions/00000000-0000-0000-0000-000000000000/resourceGroups/cli-webapp-slot/providers/Microsoft.Web/sites/web-slot-test2?api-version=2016-08-01
  response:
    body: {string: '{"id":"/subscriptions/00000000-0000-0000-0000-000000000000/resourceGroups/cli-webapp-slot/providers/Microsoft.Web/sites/web-slot-test2","name":"web-slot-test2","type":"Microsoft.Web/sites","kind":"app","location":"West
        US","properties":{"name":"web-slot-test2","state":"Running","hostNames":["web-slot-test2.azurewebsites.net"],"webSpace":"cli-webapp-slot-WestUSwebspace","selfLink":"https://waws-prod-bay-055.api.azurewebsites.windows.net/subscriptions/00000000-0000-0000-0000-000000000000/webspaces/cli-webapp-slot-WestUSwebspace/sites/web-slot-test2","repositorySiteName":"web-slot-test2","owner":null,"usageState":"Normal","enabled":true,"adminEnabled":true,"enabledHostNames":["web-slot-test2.azurewebsites.net","web-slot-test2.scm.azurewebsites.net"],"siteProperties":{"metadata":null,"properties":[],"appSettings":null},"availabilityState":"Normal","sslCertificates":null,"csrs":[],"cers":null,"siteMode":null,"hostNameSslStates":[{"name":"web-slot-test2.azurewebsites.net","sslState":"Disabled","ipBasedSslResult":null,"virtualIP":null,"thumbprint":null,"toUpdate":null,"toUpdateIpBasedSsl":null,"ipBasedSslState":"NotConfigured","hostType":"Standard"},{"name":"web-slot-test2.scm.azurewebsites.net","sslState":"Disabled","ipBasedSslResult":null,"virtualIP":null,"thumbprint":null,"toUpdate":null,"toUpdateIpBasedSsl":null,"ipBasedSslState":"NotConfigured","hostType":"Repository"}],"computeMode":null,"serverFarm":null,"serverFarmId":"/subscriptions/00000000-0000-0000-0000-000000000000/resourceGroups/cli-webapp-slot/providers/Microsoft.Web/serverfarms/webapp-slot-test2-plan","reserved":false,"lastModifiedTimeUtc":"2017-07-31T21:17:55.987","storageRecoveryDefaultState":"Running","contentAvailabilityState":"Normal","runtimeAvailabilityState":"Normal","siteConfig":null,"deploymentId":"web-slot-test2","trafficManagerHostNames":null,"sku":"Standard","premiumAppDeployed":null,"scmSiteAlsoStopped":false,"targetSwapSlot":null,"hostingEnvironment":null,"hostingEnvironmentProfile":null,"clientAffinityEnabled":true,"clientCertEnabled":false,"hostNamesDisabled":false,"domainVerificationIdentifiers":null,"kind":"app","outboundIpAddresses":"104.42.185.131,104.42.184.178,104.42.185.60,104.42.188.171","possibleOutboundIpAddresses":null,"containerSize":0,"dailyMemoryTimeQuota":0,"suspendedTill":null,"siteDisabledReason":0,"functionExecutionUnitsCache":null,"maxNumberOfWorkers":null,"homeStamp":"waws-prod-bay-055","cloningInfo":null,"hostingEnvironmentId":null,"tags":null,"resourceGroup":"cli-webapp-slot","defaultHostName":"web-slot-test2.azurewebsites.net","slotSwapStatus":null}}'}
    headers:
      Cache-Control: [no-cache]
      Content-Type: [application/json]
      Date: ['Mon, 31 Jul 2017 21:18:02 GMT']
      ETag: ['"1D30A427A4D1E30"']
      Expires: ['-1']
      Pragma: [no-cache]
      Server: [Microsoft-IIS/8.0]
      Strict-Transport-Security: [max-age=31536000; includeSubDomains]
      Transfer-Encoding: [chunked]
      Vary: [Accept-Encoding]
      X-AspNet-Version: [4.0.30319]
      X-Powered-By: [ASP.NET]
      content-length: ['2624']
    status: {code: 200, message: OK}
- request:
    body: '{"location": "West US", "properties": {"isMercurial": false, "repoUrl":
      "https://github.com/yugangw-msft/azure-site-test", "isManualIntegration": true,
      "branch": "staging"}}'
    headers:
      Accept: [application/json]
      Accept-Encoding: ['gzip, deflate']
      Connection: [keep-alive]
      Content-Length: ['173']
      Content-Type: [application/json; charset=utf-8]
      User-Agent: [python/3.5.2 (Windows-10-10.0.15063-SP0) requests/2.9.1 msrest/0.4.11
          msrest_azure/0.4.11 websitemanagementclient/0.32.0 Azure-SDK-For-Python
          AZURECLI/TEST/2.0.12+dev]
      accept-language: [en-US]
      x-ms-client-request-id: [bca26a34-7635-11e7-8c38-480fcf502758]
    method: PUT
    uri: https://management.azure.com/subscriptions/00000000-0000-0000-0000-000000000000/resourceGroups/cli-webapp-slot/providers/Microsoft.Web/sites/web-slot-test2/slots/staging/sourcecontrols/web?api-version=2016-08-01
  response:
    body: {string: '{"id":"/subscriptions/00000000-0000-0000-0000-000000000000/resourceGroups/cli-webapp-slot/providers/Microsoft.Web/sites/web-slot-test2/slots/staging/sourcecontrols/web","name":"web-slot-test2","type":"Microsoft.Web/sites/sourcecontrols","location":"West
        US","properties":{"repoUrl":"https://github.com/yugangw-msft/azure-site-test","branch":"staging","isManualIntegration":true,"deploymentRollbackEnabled":false,"isMercurial":false,"provisioningState":"InProgress"}}'}
    headers:
      Cache-Control: [no-cache]
      Content-Length: ['472']
      Content-Type: [application/json]
      Date: ['Mon, 31 Jul 2017 21:18:11 GMT']
      ETag: ['"1D30A428355BD70"']
      Expires: ['-1']
      Pragma: [no-cache]
      Server: [Microsoft-IIS/8.0]
      Strict-Transport-Security: [max-age=31536000; includeSubDomains]
      X-AspNet-Version: [4.0.30319]
      X-Powered-By: [ASP.NET]
      x-ms-ratelimit-remaining-subscription-writes: ['1192']
    status: {code: 201, message: Created}
- request:
    body: null
    headers:
      Accept: [application/json]
      Accept-Encoding: ['gzip, deflate']
      Connection: [keep-alive]
      Content-Type: [application/json; charset=utf-8]
      User-Agent: [python/3.5.2 (Windows-10-10.0.15063-SP0) requests/2.9.1 msrest/0.4.11
          msrest_azure/0.4.11 websitemanagementclient/0.32.0 Azure-SDK-For-Python
          AZURECLI/TEST/2.0.12+dev]
      accept-language: [en-US]
      x-ms-client-request-id: [bca26a34-7635-11e7-8c38-480fcf502758]
    method: GET
    uri: https://management.azure.com/subscriptions/00000000-0000-0000-0000-000000000000/resourceGroups/cli-webapp-slot/providers/Microsoft.Web/sites/web-slot-test2/slots/staging/sourcecontrols/web?api-version=2016-08-01
  response:
    body: {string: '{"id":"/subscriptions/00000000-0000-0000-0000-000000000000/resourceGroups/cli-webapp-slot/providers/Microsoft.Web/sites/web-slot-test2/slots/staging/sourcecontrols/web","name":"web-slot-test2","type":"Microsoft.Web/sites/sourcecontrols","location":"West
        US","properties":{"repoUrl":"https://github.com/yugangw-msft/azure-site-test","branch":"staging","isManualIntegration":true,"deploymentRollbackEnabled":false,"isMercurial":false,"provisioningState":"InProgress","provisioningDetails":"2017-07-31T21:18:36.1153938
        https://web-slot-test2-staging.scm.azurewebsites.net/api/deployments/latest?deployer=GitHub&time=2017-07-31_21-18-21Z"}}'}
    headers:
      Cache-Control: [no-cache]
      Content-Length: ['642']
      Content-Type: [application/json]
      Date: ['Mon, 31 Jul 2017 21:18:41 GMT']
      ETag: ['"1D30A428355BD70"']
      Expires: ['-1']
      Pragma: [no-cache]
      Server: [Microsoft-IIS/8.0]
      Strict-Transport-Security: [max-age=31536000; includeSubDomains]
      X-AspNet-Version: [4.0.30319]
      X-Powered-By: [ASP.NET]
    status: {code: 201, message: Created}
- request:
    body: null
    headers:
      Accept: [application/json]
      Accept-Encoding: ['gzip, deflate']
      Connection: [keep-alive]
      Content-Type: [application/json; charset=utf-8]
      User-Agent: [python/3.5.2 (Windows-10-10.0.15063-SP0) requests/2.9.1 msrest/0.4.11
          msrest_azure/0.4.11 websitemanagementclient/0.32.0 Azure-SDK-For-Python
          AZURECLI/TEST/2.0.12+dev]
      accept-language: [en-US]
      x-ms-client-request-id: [bca26a34-7635-11e7-8c38-480fcf502758]
    method: GET
    uri: https://management.azure.com/subscriptions/00000000-0000-0000-0000-000000000000/resourceGroups/cli-webapp-slot/providers/Microsoft.Web/sites/web-slot-test2/slots/staging/sourcecontrols/web?api-version=2016-08-01
  response:
    body: {string: '{"id":"/subscriptions/00000000-0000-0000-0000-000000000000/resourceGroups/cli-webapp-slot/providers/Microsoft.Web/sites/web-slot-test2/slots/staging/sourcecontrols/web","name":"web-slot-test2","type":"Microsoft.Web/sites/sourcecontrols","location":"West
        US","properties":{"repoUrl":"https://github.com/yugangw-msft/azure-site-test","branch":"staging","isManualIntegration":true,"deploymentRollbackEnabled":false,"isMercurial":false,"provisioningState":"Succeeded"}}'}
    headers:
      Cache-Control: [no-cache]
      Content-Type: [application/json]
      Date: ['Mon, 31 Jul 2017 21:19:13 GMT']
      ETag: ['"1D30A428355BD70"']
      Expires: ['-1']
      Pragma: [no-cache]
      Server: [Microsoft-IIS/8.0]
      Strict-Transport-Security: [max-age=31536000; includeSubDomains]
      Transfer-Encoding: [chunked]
      Vary: [Accept-Encoding]
      X-AspNet-Version: [4.0.30319]
      X-Powered-By: [ASP.NET]
      content-length: ['471']
    status: {code: 200, message: OK}
- request:
    body: '{"targetSlot": "staging", "preserveVnet": true}'
    headers:
      Accept: [application/json]
      Accept-Encoding: ['gzip, deflate']
      Connection: [keep-alive]
      Content-Length: ['47']
      Content-Type: [application/json; charset=utf-8]
      User-Agent: [python/3.5.2 (Windows-10-10.0.15063-SP0) requests/2.9.1 msrest/0.4.11
          msrest_azure/0.4.11 websitemanagementclient/0.32.0 Azure-SDK-For-Python
          AZURECLI/TEST/2.0.12+dev]
      accept-language: [en-US]
      x-ms-client-request-id: [e700a05e-7635-11e7-afe8-480fcf502758]
    method: POST
    uri: https://management.azure.com/subscriptions/00000000-0000-0000-0000-000000000000/resourceGroups/cli-webapp-slot/providers/Microsoft.Web/sites/web-slot-test2/slotsswap?api-version=2016-08-01
  response:
    body: {string: ''}
    headers:
      Cache-Control: [no-cache]
      Content-Length: ['0']
      Date: ['Mon, 31 Jul 2017 21:19:14 GMT']
      ETag: ['"1D30A427A4D1E30"']
      Expires: ['-1']
      Location: ['https://management.azure.com/subscriptions/8d57ddbd-c779-40ea-b660-1015f4bf027d/resourceGroups/cli-webapp-slot/providers/Microsoft.Web/sites/web-slot-test2/operationresults/f4b6e425-1ac3-439d-a40c-812246deaa41?api-version=2016-08-01']
      Pragma: [no-cache]
      Retry-After: ['15']
      Server: [Microsoft-IIS/8.0]
      Strict-Transport-Security: [max-age=31536000; includeSubDomains]
      X-AspNet-Version: [4.0.30319]
      X-Powered-By: [ASP.NET]
      x-ms-ratelimit-remaining-subscription-writes: ['1193']
    status: {code: 202, message: Accepted}
- request:
    body: null
    headers:
      Accept: [application/json]
      Accept-Encoding: ['gzip, deflate']
      Connection: [keep-alive]
      Content-Type: [application/json; charset=utf-8]
      User-Agent: [python/3.5.2 (Windows-10-10.0.15063-SP0) requests/2.9.1 msrest/0.4.11
          msrest_azure/0.4.11 websitemanagementclient/0.32.0 Azure-SDK-For-Python
          AZURECLI/TEST/2.0.12+dev]
      accept-language: [en-US]
      x-ms-client-request-id: [e700a05e-7635-11e7-afe8-480fcf502758]
    method: GET
    uri: https://management.azure.com/subscriptions/00000000-0000-0000-0000-000000000000/resourceGroups/cli-webapp-slot/providers/Microsoft.Web/sites/web-slot-test2/operationresults/f4b6e425-1ac3-439d-a40c-812246deaa41?api-version=2016-08-01
  response:
    body: {string: ''}
    headers:
      Cache-Control: [no-cache]
      Content-Length: ['0']
      Date: ['Mon, 31 Jul 2017 21:19:29 GMT']
      Expires: ['-1']
      Location: ['https://management.azure.com/subscriptions/8d57ddbd-c779-40ea-b660-1015f4bf027d/resourceGroups/cli-webapp-slot/providers/Microsoft.Web/sites/web-slot-test2/operationresults/f4b6e425-1ac3-439d-a40c-812246deaa41?api-version=2016-08-01']
      Pragma: [no-cache]
      Retry-After: ['15']
      Server: [Microsoft-IIS/8.0]
      Strict-Transport-Security: [max-age=31536000; includeSubDomains]
      X-AspNet-Version: [4.0.30319]
      X-Powered-By: [ASP.NET]
    status: {code: 202, message: Accepted}
- request:
    body: null
    headers:
      Accept: [application/json]
      Accept-Encoding: ['gzip, deflate']
      Connection: [keep-alive]
      Content-Type: [application/json; charset=utf-8]
      User-Agent: [python/3.5.2 (Windows-10-10.0.15063-SP0) requests/2.9.1 msrest/0.4.11
          msrest_azure/0.4.11 websitemanagementclient/0.32.0 Azure-SDK-For-Python
          AZURECLI/TEST/2.0.12+dev]
      accept-language: [en-US]
      x-ms-client-request-id: [e700a05e-7635-11e7-afe8-480fcf502758]
    method: GET
    uri: https://management.azure.com/subscriptions/00000000-0000-0000-0000-000000000000/resourceGroups/cli-webapp-slot/providers/Microsoft.Web/sites/web-slot-test2/operationresults/f4b6e425-1ac3-439d-a40c-812246deaa41?api-version=2016-08-01
  response:
    body: {string: ''}
    headers:
      Cache-Control: [no-cache]
      Content-Length: ['0']
      Date: ['Mon, 31 Jul 2017 21:19:45 GMT']
      Expires: ['-1']
      Location: ['https://management.azure.com/subscriptions/8d57ddbd-c779-40ea-b660-1015f4bf027d/resourceGroups/cli-webapp-slot/providers/Microsoft.Web/sites/web-slot-test2/operationresults/f4b6e425-1ac3-439d-a40c-812246deaa41?api-version=2016-08-01']
      Pragma: [no-cache]
      Retry-After: ['15']
      Server: [Microsoft-IIS/8.0]
      Strict-Transport-Security: [max-age=31536000; includeSubDomains]
      X-AspNet-Version: [4.0.30319]
      X-Powered-By: [ASP.NET]
    status: {code: 202, message: Accepted}
- request:
    body: null
    headers:
      Accept: [application/json]
      Accept-Encoding: ['gzip, deflate']
      Connection: [keep-alive]
      Content-Type: [application/json; charset=utf-8]
      User-Agent: [python/3.5.2 (Windows-10-10.0.15063-SP0) requests/2.9.1 msrest/0.4.11
          msrest_azure/0.4.11 websitemanagementclient/0.32.0 Azure-SDK-For-Python
          AZURECLI/TEST/2.0.12+dev]
      accept-language: [en-US]
      x-ms-client-request-id: [e700a05e-7635-11e7-afe8-480fcf502758]
    method: GET
    uri: https://management.azure.com/subscriptions/00000000-0000-0000-0000-000000000000/resourceGroups/cli-webapp-slot/providers/Microsoft.Web/sites/web-slot-test2/operationresults/f4b6e425-1ac3-439d-a40c-812246deaa41?api-version=2016-08-01
  response:
    body: {string: '{"id":"/subscriptions/00000000-0000-0000-0000-000000000000/resourceGroups/cli-webapp-slot/providers/Microsoft.Web/sites/web-slot-test2","name":"web-slot-test2","type":"Microsoft.Web/sites","kind":"app","location":"West
        US","properties":{"name":"web-slot-test2","state":"Running","hostNames":["web-slot-test2.azurewebsites.net"],"webSpace":"cli-webapp-slot-WestUSwebspace","selfLink":"https://waws-prod-bay-055.api.azurewebsites.windows.net/subscriptions/00000000-0000-0000-0000-000000000000/webspaces/cli-webapp-slot-WestUSwebspace/sites/web-slot-test2","repositorySiteName":"web-slot-test2","owner":null,"usageState":"Normal","enabled":true,"adminEnabled":true,"enabledHostNames":["web-slot-test2.azurewebsites.net","web-slot-test2.scm.azurewebsites.net"],"siteProperties":{"metadata":null,"properties":[],"appSettings":null},"availabilityState":"Normal","sslCertificates":null,"csrs":[],"cers":null,"siteMode":null,"hostNameSslStates":[{"name":"web-slot-test2.azurewebsites.net","sslState":"Disabled","ipBasedSslResult":null,"virtualIP":null,"thumbprint":null,"toUpdate":null,"toUpdateIpBasedSsl":null,"ipBasedSslState":"NotConfigured","hostType":"Standard"},{"name":"web-slot-test2.scm.azurewebsites.net","sslState":"Disabled","ipBasedSslResult":null,"virtualIP":null,"thumbprint":null,"toUpdate":null,"toUpdateIpBasedSsl":null,"ipBasedSslState":"NotConfigured","hostType":"Repository"}],"computeMode":null,"serverFarm":null,"serverFarmId":"/subscriptions/00000000-0000-0000-0000-000000000000/resourceGroups/cli-webapp-slot/providers/Microsoft.Web/serverfarms/webapp-slot-test2-plan","reserved":false,"lastModifiedTimeUtc":"2017-07-31T21:19:13.763","storageRecoveryDefaultState":"Running","contentAvailabilityState":"Normal","runtimeAvailabilityState":"Normal","siteConfig":null,"deploymentId":"web-slot-test2__e787","trafficManagerHostNames":null,"sku":"Standard","premiumAppDeployed":null,"scmSiteAlsoStopped":false,"targetSwapSlot":null,"hostingEnvironment":null,"hostingEnvironmentProfile":null,"clientAffinityEnabled":true,"clientCertEnabled":false,"hostNamesDisabled":false,"domainVerificationIdentifiers":null,"kind":"app","outboundIpAddresses":"104.42.185.131,104.42.184.178,104.42.185.60,104.42.188.171","possibleOutboundIpAddresses":null,"containerSize":0,"dailyMemoryTimeQuota":0,"suspendedTill":null,"siteDisabledReason":0,"functionExecutionUnitsCache":null,"maxNumberOfWorkers":null,"homeStamp":"waws-prod-bay-055","cloningInfo":null,"hostingEnvironmentId":null,"tags":null,"resourceGroup":"cli-webapp-slot","defaultHostName":"web-slot-test2.azurewebsites.net","slotSwapStatus":{"timestampUtc":"2017-07-31T21:19:54.633Z","sourceSlotName":"staging","destinationSlotName":"Production"}}}'}
    headers:
      Cache-Control: [no-cache]
      Content-Type: [application/json]
      Date: ['Mon, 31 Jul 2017 21:20:00 GMT']
      ETag: ['"1D30A42A8A8CB30"']
      Expires: ['-1']
      Pragma: [no-cache]
      Server: [Microsoft-IIS/8.0]
      Strict-Transport-Security: [max-age=31536000; includeSubDomains]
      Transfer-Encoding: [chunked]
      Vary: [Accept-Encoding]
      X-AspNet-Version: [4.0.30319]
      X-Powered-By: [ASP.NET]
      content-length: ['2731']
    status: {code: 200, message: OK}
- request:
    body: null
    headers:
      Accept: [application/json]
      Accept-Encoding: ['gzip, deflate']
      Connection: [keep-alive]
      Content-Length: ['0']
      Content-Type: [application/json; charset=utf-8]
      User-Agent: [python/3.5.2 (Windows-10-10.0.15063-SP0) requests/2.9.1 msrest/0.4.11
          msrest_azure/0.4.11 websitemanagementclient/0.32.0 Azure-SDK-For-Python
          AZURECLI/TEST/2.0.12+dev]
      accept-language: [en-US]
      x-ms-client-request-id: [03a9e26e-7636-11e7-932e-480fcf502758]
    method: POST
    uri: https://management.azure.com/subscriptions/00000000-0000-0000-0000-000000000000/resourceGroups/cli-webapp-slot/providers/Microsoft.Web/sites/web-slot-test2/slots/staging/config/appsettings/list?api-version=2016-08-01
  response:
    body: {string: '{"id":"/subscriptions/00000000-0000-0000-0000-000000000000/resourceGroups/cli-webapp-slot/providers/Microsoft.Web/sites/web-slot-test2/slots/staging/config/appsettings","name":"appsettings","type":"Microsoft.Web/sites/config","location":"West
        US","properties":{"s1":"v1"}}'}
    headers:
      Cache-Control: [no-cache]
      Content-Type: [application/json]
      Date: ['Mon, 31 Jul 2017 21:20:02 GMT']
      Expires: ['-1']
      Pragma: [no-cache]
      Server: [Microsoft-IIS/8.0]
      Strict-Transport-Security: [max-age=31536000; includeSubDomains]
      Transfer-Encoding: [chunked]
      Vary: [Accept-Encoding]
      X-AspNet-Version: [4.0.30319]
      X-Powered-By: [ASP.NET]
      content-length: ['278']
      x-ms-ratelimit-remaining-subscription-resource-requests: ['11999']
    status: {code: 200, message: OK}
- request:
    body: null
    headers:
      Accept: [application/json]
      Accept-Encoding: ['gzip, deflate']
      Connection: [keep-alive]
      Content-Type: [application/json; charset=utf-8]
      User-Agent: [python/3.5.2 (Windows-10-10.0.15063-SP0) requests/2.9.1 msrest/0.4.11
          msrest_azure/0.4.11 websitemanagementclient/0.32.0 Azure-SDK-For-Python
          AZURECLI/TEST/2.0.12+dev]
      accept-language: [en-US]
      x-ms-client-request-id: [040a1e34-7636-11e7-9be9-480fcf502758]
    method: GET
    uri: https://management.azure.com/subscriptions/00000000-0000-0000-0000-000000000000/resourceGroups/cli-webapp-slot/providers/Microsoft.Web/sites/web-slot-test2/config/slotConfigNames?api-version=2016-08-01
  response:
    body: {string: '{"id":null,"name":"web-slot-test2","type":"Microsoft.Web/sites","location":"West
        US","properties":{"connectionStringNames":["c2"],"appSettingNames":["s2","s4","s2"]}}'}
    headers:
      Cache-Control: [no-cache]
      Content-Type: [application/json]
      Date: ['Mon, 31 Jul 2017 21:20:02 GMT']
      Expires: ['-1']
      Pragma: [no-cache]
      Server: [Microsoft-IIS/8.0]
      Strict-Transport-Security: [max-age=31536000; includeSubDomains]
      Transfer-Encoding: [chunked]
      Vary: [Accept-Encoding]
      X-AspNet-Version: [4.0.30319]
      X-Powered-By: [ASP.NET]
      content-length: ['166']
    status: {code: 200, message: OK}
- request:
    body: null
    headers:
      Accept: [application/json]
      Accept-Encoding: ['gzip, deflate']
      Connection: [keep-alive]
      Content-Type: [application/json; charset=utf-8]
      User-Agent: [python/3.5.2 (Windows-10-10.0.15063-SP0) requests/2.9.1 msrest/0.4.11
          msrest_azure/0.4.11 websitemanagementclient/0.32.0 Azure-SDK-For-Python
          AZURECLI/TEST/2.0.12+dev]
      accept-language: [en-US]
      x-ms-client-request-id: [046390b0-7636-11e7-8115-480fcf502758]
    method: GET
    uri: https://management.azure.com/subscriptions/00000000-0000-0000-0000-000000000000/resourceGroups/cli-webapp-slot/providers/Microsoft.Web/sites/web-slot-test2/config/web?api-version=2016-08-01
  response:
    body: {string: '{"id":"/subscriptions/00000000-0000-0000-0000-000000000000/resourceGroups/cli-webapp-slot/providers/Microsoft.Web/sites/web-slot-test2/config/web","name":"web-slot-test2","type":"Microsoft.Web/sites/config","location":"West
        US","properties":{"numberOfWorkers":1,"defaultDocuments":["Default.htm","Default.html","Default.asp","index.htm","index.html","iisstart.htm","default.aspx","index.php","hostingstart.html"],"netFrameworkVersion":"v4.0","phpVersion":"5.6","pythonVersion":"","nodeVersion":"","linuxFxVersion":"","requestTracingEnabled":false,"remoteDebuggingEnabled":false,"remoteDebuggingVersion":null,"httpLoggingEnabled":false,"logsDirectorySizeLimit":35,"detailedErrorLoggingEnabled":false,"publishingUsername":"$web-slot-test2","publishingPassword":null,"appSettings":null,"metadata":null,"connectionStrings":null,"machineKey":null,"handlerMappings":null,"documentRoot":null,"scmType":"None","use32BitWorkerProcess":true,"webSocketsEnabled":false,"alwaysOn":false,"javaVersion":null,"javaContainer":null,"javaContainerVersion":null,"appCommandLine":"","managedPipelineMode":"Integrated","virtualApplications":[{"virtualPath":"/","physicalPath":"site\\wwwroot","preloadEnabled":false,"virtualDirectories":null}],"winAuthAdminState":0,"winAuthTenantState":0,"customAppPoolIdentityAdminState":false,"customAppPoolIdentityTenantState":false,"runtimeADUser":null,"runtimeADUserPassword":null,"loadBalancing":"LeastRequests","routingRules":[],"experiments":{"rampUpRules":[]},"limits":null,"autoHealEnabled":false,"autoHealRules":{"triggers":null,"actions":null},"tracingOptions":null,"vnetName":"","siteAuthEnabled":false,"siteAuthSettings":{"enabled":null,"unauthenticatedClientAction":null,"tokenStoreEnabled":null,"allowedExternalRedirectUrls":null,"defaultProvider":null,"clientId":null,"clientSecret":null,"issuer":null,"allowedAudiences":null,"additionalLoginParams":null,"isAadAutoProvisioned":false,"googleClientId":null,"googleClientSecret":null,"googleOAuthScopes":null,"facebookAppId":null,"facebookAppSecret":null,"facebookOAuthScopes":null,"twitterConsumerKey":null,"twitterConsumerSecret":null,"microsoftAccountClientId":null,"microsoftAccountClientSecret":null,"microsoftAccountOAuthScopes":null},"cors":null,"push":null,"apiDefinition":null,"autoSwapSlotName":null,"localMySqlEnabled":false,"ipSecurityRestrictions":null}}'}
    headers:
      Cache-Control: [no-cache]
      Content-Type: [application/json]
      Date: ['Mon, 31 Jul 2017 21:20:04 GMT']
      Expires: ['-1']
      Pragma: [no-cache]
      Server: [Microsoft-IIS/8.0]
      Strict-Transport-Security: [max-age=31536000; includeSubDomains]
      Transfer-Encoding: [chunked]
      Vary: [Accept-Encoding]
      X-AspNet-Version: [4.0.30319]
      X-Powered-By: [ASP.NET]
      content-length: ['2349']
    status: {code: 200, message: OK}
- request:
    body: '{"name": "web-slot-test2", "type": "Microsoft.Web/sites/config", "location":
      "West US", "properties": {"webSocketsEnabled": false, "detailedErrorLoggingEnabled":
      false, "scmType": "None", "httpLoggingEnabled": false, "autoHealRules": {},
      "use32BitWorkerProcess": true, "pythonVersion": "", "virtualApplications": [{"virtualPath":
      "/", "preloadEnabled": false, "physicalPath": "site\\wwwroot"}], "vnetName":
      "", "loadBalancing": "LeastRequests", "defaultDocuments": ["Default.htm", "Default.html",
      "Default.asp", "index.htm", "index.html", "iisstart.htm", "default.aspx", "index.php",
      "hostingstart.html"], "experiments": {"rampUpRules": []}, "phpVersion": "5.6",
      "netFrameworkVersion": "v4.0", "linuxFxVersion": "", "nodeVersion": "", "publishingUsername":
      "$web-slot-test2", "localMySqlEnabled": false, "alwaysOn": false, "requestTracingEnabled":
      false, "logsDirectorySizeLimit": 35, "appCommandLine": "", "numberOfWorkers":
      1, "remoteDebuggingEnabled": false, "autoHealEnabled": false, "managedPipelineMode":
      "Integrated"}}'
    headers:
      Accept: [application/json]
      Accept-Encoding: ['gzip, deflate']
      Connection: [keep-alive]
      Content-Length: ['1025']
      Content-Type: [application/json; charset=utf-8]
      User-Agent: [python/3.5.2 (Windows-10-10.0.15063-SP0) requests/2.9.1 msrest/0.4.11
          msrest_azure/0.4.11 websitemanagementclient/0.32.0 Azure-SDK-For-Python
          AZURECLI/TEST/2.0.12+dev]
      accept-language: [en-US]
      x-ms-client-request-id: [05a775a6-7636-11e7-95ce-480fcf502758]
    method: PATCH
    uri: https://management.azure.com/subscriptions/00000000-0000-0000-0000-000000000000/resourceGroups/cli-webapp-slot/providers/Microsoft.Web/sites/web-slot-test2/config/web?api-version=2016-08-01
  response:
    body: {string: '{"id":"/subscriptions/00000000-0000-0000-0000-000000000000/resourceGroups/cli-webapp-slot/providers/Microsoft.Web/sites/web-slot-test2","name":"web-slot-test2","type":"Microsoft.Web/sites","location":"West
        US","properties":{"numberOfWorkers":1,"defaultDocuments":["Default.htm","Default.html","Default.asp","index.htm","index.html","iisstart.htm","default.aspx","index.php","hostingstart.html"],"netFrameworkVersion":"v4.0","phpVersion":"5.6","pythonVersion":"","nodeVersion":"","linuxFxVersion":"","requestTracingEnabled":false,"remoteDebuggingEnabled":false,"remoteDebuggingVersion":"VS2012","httpLoggingEnabled":false,"logsDirectorySizeLimit":35,"detailedErrorLoggingEnabled":false,"publishingUsername":"$web-slot-test2","publishingPassword":null,"appSettings":null,"metadata":null,"connectionStrings":null,"machineKey":null,"handlerMappings":null,"documentRoot":null,"scmType":"None","use32BitWorkerProcess":true,"webSocketsEnabled":false,"alwaysOn":false,"javaVersion":null,"javaContainer":null,"javaContainerVersion":null,"appCommandLine":"","managedPipelineMode":"Integrated","virtualApplications":[{"virtualPath":"/","physicalPath":"site\\wwwroot","preloadEnabled":false,"virtualDirectories":null}],"winAuthAdminState":0,"winAuthTenantState":0,"customAppPoolIdentityAdminState":false,"customAppPoolIdentityTenantState":false,"runtimeADUser":null,"runtimeADUserPassword":null,"loadBalancing":"LeastRequests","routingRules":[],"experiments":{"rampUpRules":[]},"limits":null,"autoHealEnabled":false,"autoHealRules":{"triggers":null,"actions":null},"tracingOptions":null,"vnetName":"","siteAuthEnabled":false,"siteAuthSettings":{"enabled":null,"unauthenticatedClientAction":null,"tokenStoreEnabled":null,"allowedExternalRedirectUrls":null,"defaultProvider":null,"clientId":null,"clientSecret":null,"issuer":null,"allowedAudiences":null,"additionalLoginParams":null,"isAadAutoProvisioned":false,"googleClientId":null,"googleClientSecret":null,"googleOAuthScopes":null,"facebookAppId":null,"facebookAppSecret":null,"facebookOAuthScopes":null,"twitterConsumerKey":null,"twitterConsumerSecret":null,"microsoftAccountClientId":null,"microsoftAccountClientSecret":null,"microsoftAccountOAuthScopes":null},"cors":null,"push":null,"apiDefinition":null,"autoSwapSlotName":null,"localMySqlEnabled":false,"ipSecurityRestrictions":null}}'}
    headers:
      Cache-Control: [no-cache]
      Content-Type: [application/json]
      Date: ['Mon, 31 Jul 2017 21:20:06 GMT']
      ETag: ['"1D30A42C7E5ECD0"']
      Expires: ['-1']
      Pragma: [no-cache]
      Server: [Microsoft-IIS/8.0]
      Strict-Transport-Security: [max-age=31536000; includeSubDomains]
      Transfer-Encoding: [chunked]
      Vary: [Accept-Encoding]
      X-AspNet-Version: [4.0.30319]
      X-Powered-By: [ASP.NET]
      content-length: ['2335']
      x-ms-ratelimit-remaining-subscription-writes: ['1195']
    status: {code: 200, message: OK}
- request:
    body: null
    headers:
      Accept: [application/json]
      Accept-Encoding: ['gzip, deflate']
      Connection: [keep-alive]
      Content-Type: [application/json; charset=utf-8]
      User-Agent: [python/3.5.2 (Windows-10-10.0.15063-SP0) requests/2.9.1 msrest/0.4.11
          msrest_azure/0.4.11 websitemanagementclient/0.32.0 Azure-SDK-For-Python
          AZURECLI/TEST/2.0.12+dev]
      accept-language: [en-US]
      x-ms-client-request-id: [06e09168-7636-11e7-98b5-480fcf502758]
    method: GET
    uri: https://management.azure.com/subscriptions/00000000-0000-0000-0000-000000000000/resourceGroups/cli-webapp-slot/providers/Microsoft.Web/sites/web-slot-test2?api-version=2016-08-01
  response:
    body: {string: '{"id":"/subscriptions/00000000-0000-0000-0000-000000000000/resourceGroups/cli-webapp-slot/providers/Microsoft.Web/sites/web-slot-test2","name":"web-slot-test2","type":"Microsoft.Web/sites","kind":"app","location":"West
        US","properties":{"name":"web-slot-test2","state":"Running","hostNames":["web-slot-test2.azurewebsites.net"],"webSpace":"cli-webapp-slot-WestUSwebspace","selfLink":"https://waws-prod-bay-055.api.azurewebsites.windows.net/subscriptions/00000000-0000-0000-0000-000000000000/webspaces/cli-webapp-slot-WestUSwebspace/sites/web-slot-test2","repositorySiteName":"web-slot-test2","owner":null,"usageState":"Normal","enabled":true,"adminEnabled":true,"enabledHostNames":["web-slot-test2.azurewebsites.net","web-slot-test2.scm.azurewebsites.net"],"siteProperties":{"metadata":null,"properties":[],"appSettings":null},"availabilityState":"Normal","sslCertificates":null,"csrs":[],"cers":null,"siteMode":null,"hostNameSslStates":[{"name":"web-slot-test2.azurewebsites.net","sslState":"Disabled","ipBasedSslResult":null,"virtualIP":null,"thumbprint":null,"toUpdate":null,"toUpdateIpBasedSsl":null,"ipBasedSslState":"NotConfigured","hostType":"Standard"},{"name":"web-slot-test2.scm.azurewebsites.net","sslState":"Disabled","ipBasedSslResult":null,"virtualIP":null,"thumbprint":null,"toUpdate":null,"toUpdateIpBasedSsl":null,"ipBasedSslState":"NotConfigured","hostType":"Repository"}],"computeMode":null,"serverFarm":null,"serverFarmId":"/subscriptions/00000000-0000-0000-0000-000000000000/resourceGroups/cli-webapp-slot/providers/Microsoft.Web/serverfarms/webapp-slot-test2-plan","reserved":false,"lastModifiedTimeUtc":"2017-07-31T21:20:06.173","storageRecoveryDefaultState":"Running","contentAvailabilityState":"Normal","runtimeAvailabilityState":"Normal","siteConfig":null,"deploymentId":"web-slot-test2__e787","trafficManagerHostNames":null,"sku":"Standard","premiumAppDeployed":null,"scmSiteAlsoStopped":false,"targetSwapSlot":null,"hostingEnvironment":null,"hostingEnvironmentProfile":null,"clientAffinityEnabled":true,"clientCertEnabled":false,"hostNamesDisabled":false,"domainVerificationIdentifiers":null,"kind":"app","outboundIpAddresses":"104.42.185.131,104.42.184.178,104.42.185.60,104.42.188.171","possibleOutboundIpAddresses":null,"containerSize":0,"dailyMemoryTimeQuota":0,"suspendedTill":null,"siteDisabledReason":0,"functionExecutionUnitsCache":null,"maxNumberOfWorkers":null,"homeStamp":"waws-prod-bay-055","cloningInfo":null,"hostingEnvironmentId":null,"tags":null,"resourceGroup":"cli-webapp-slot","defaultHostName":"web-slot-test2.azurewebsites.net","slotSwapStatus":{"timestampUtc":"2017-07-31T21:19:54.633Z","sourceSlotName":"staging","destinationSlotName":"Production"}}}'}
    headers:
      Cache-Control: [no-cache]
      Content-Type: [application/json]
      Date: ['Mon, 31 Jul 2017 21:20:07 GMT']
      ETag: ['"1D30A42C7E5ECD0"']
      Expires: ['-1']
      Pragma: [no-cache]
      Server: [Microsoft-IIS/8.0]
      Strict-Transport-Security: [max-age=31536000; includeSubDomains]
      Transfer-Encoding: [chunked]
      Vary: [Accept-Encoding]
      X-AspNet-Version: [4.0.30319]
      X-Powered-By: [ASP.NET]
      content-length: ['2731']
    status: {code: 200, message: OK}
- request:
    body: '{"location": "West US", "properties": {"reserved": false, "microService":
      "WebSites", "siteConfig": {"netFrameworkVersion": "v4.6", "localMySqlEnabled":
      false}, "serverFarmId": "/subscriptions/8d57ddbd-c779-40ea-b660-1015f4bf027d/resourceGroups/cli-webapp-slot/providers/Microsoft.Web/serverfarms/webapp-slot-test2-plan",
      "scmSiteAlsoStopped": false}}'
    headers:
      Accept: [application/json]
      Accept-Encoding: ['gzip, deflate']
      Connection: [keep-alive]
      Content-Length: ['357']
      Content-Type: [application/json; charset=utf-8]
      User-Agent: [python/3.5.2 (Windows-10-10.0.15063-SP0) requests/2.9.1 msrest/0.4.11
          msrest_azure/0.4.11 websitemanagementclient/0.32.0 Azure-SDK-For-Python
          AZURECLI/TEST/2.0.12+dev]
      accept-language: [en-US]
      x-ms-client-request-id: [0779b480-7636-11e7-89ca-480fcf502758]
    method: PUT
    uri: https://management.azure.com/subscriptions/00000000-0000-0000-0000-000000000000/resourceGroups/cli-webapp-slot/providers/Microsoft.Web/sites/web-slot-test2/slots/dev?api-version=2016-08-01
  response:
    body: {string: '{"id":"/subscriptions/00000000-0000-0000-0000-000000000000/resourceGroups/cli-webapp-slot/providers/Microsoft.Web/sites/web-slot-test2/slots/dev","name":"web-slot-test2/dev","type":"Microsoft.Web/sites/slots","kind":"app","location":"West
        US","properties":{"name":"web-slot-test2(dev)","state":"Running","hostNames":["web-slot-test2-dev.azurewebsites.net"],"webSpace":"cli-webapp-slot-WestUSwebspace","selfLink":"https://waws-prod-bay-055.api.azurewebsites.windows.net/subscriptions/00000000-0000-0000-0000-000000000000/webspaces/cli-webapp-slot-WestUSwebspace/sites/web-slot-test2","repositorySiteName":"web-slot-test2","owner":null,"usageState":"Normal","enabled":true,"adminEnabled":true,"enabledHostNames":["web-slot-test2-dev.azurewebsites.net","web-slot-test2-dev.scm.azurewebsites.net"],"siteProperties":{"metadata":null,"properties":[],"appSettings":null},"availabilityState":"Normal","sslCertificates":null,"csrs":[],"cers":null,"siteMode":null,"hostNameSslStates":[{"name":"web-slot-test2-dev.azurewebsites.net","sslState":"Disabled","ipBasedSslResult":null,"virtualIP":null,"thumbprint":null,"toUpdate":null,"toUpdateIpBasedSsl":null,"ipBasedSslState":"NotConfigured","hostType":"Standard"},{"name":"web-slot-test2-dev.scm.azurewebsites.net","sslState":"Disabled","ipBasedSslResult":null,"virtualIP":null,"thumbprint":null,"toUpdate":null,"toUpdateIpBasedSsl":null,"ipBasedSslState":"NotConfigured","hostType":"Repository"}],"computeMode":null,"serverFarm":null,"serverFarmId":"/subscriptions/00000000-0000-0000-0000-000000000000/resourceGroups/cli-webapp-slot/providers/Microsoft.Web/serverfarms/webapp-slot-test2-plan","reserved":false,"lastModifiedTimeUtc":"2017-07-31T21:20:10.33","storageRecoveryDefaultState":"Running","contentAvailabilityState":"Normal","runtimeAvailabilityState":"Normal","siteConfig":null,"deploymentId":"web-slot-test2__1775","trafficManagerHostNames":null,"sku":"Standard","premiumAppDeployed":null,"scmSiteAlsoStopped":false,"targetSwapSlot":null,"hostingEnvironment":null,"hostingEnvironmentProfile":null,"clientAffinityEnabled":true,"clientCertEnabled":false,"hostNamesDisabled":false,"domainVerificationIdentifiers":null,"kind":"app","outboundIpAddresses":"104.42.185.131,104.42.184.178,104.42.185.60,104.42.188.171","possibleOutboundIpAddresses":null,"containerSize":0,"dailyMemoryTimeQuota":0,"suspendedTill":null,"siteDisabledReason":0,"functionExecutionUnitsCache":null,"maxNumberOfWorkers":null,"homeStamp":"waws-prod-bay-055","cloningInfo":null,"hostingEnvironmentId":null,"tags":null,"resourceGroup":"cli-webapp-slot","defaultHostName":"web-slot-test2-dev.azurewebsites.net","slotSwapStatus":null}}'}
    headers:
      Cache-Control: [no-cache]
      Content-Type: [application/json]
      Date: ['Mon, 31 Jul 2017 21:20:18 GMT']
      ETag: ['"1D30A42C7E5ECD0"']
      Expires: ['-1']
      Pragma: [no-cache]
      Server: [Microsoft-IIS/8.0]
      Strict-Transport-Security: [max-age=31536000; includeSubDomains]
      Transfer-Encoding: [chunked]
      Vary: [Accept-Encoding]
      X-AspNet-Version: [4.0.30319]
      X-Powered-By: [ASP.NET]
      content-length: ['2678']
      x-ms-ratelimit-remaining-subscription-writes: ['1199']
    status: {code: 200, message: OK}
- request:
    body: null
    headers:
      Accept: [application/json]
      Accept-Encoding: ['gzip, deflate']
      Connection: [keep-alive]
      Content-Type: [application/json; charset=utf-8]
      User-Agent: [python/3.5.2 (Windows-10-10.0.15063-SP0) requests/2.9.1 msrest/0.4.11
          msrest_azure/0.4.11 websitemanagementclient/0.32.0 Azure-SDK-For-Python
          AZURECLI/TEST/2.0.12+dev]
      accept-language: [en-US]
      x-ms-client-request-id: [0e22eebe-7636-11e7-a4e0-480fcf502758]
    method: GET
    uri: https://management.azure.com/subscriptions/00000000-0000-0000-0000-000000000000/resourceGroups/cli-webapp-slot/providers/Microsoft.Web/sites/web-slot-test2/config/web?api-version=2016-08-01
  response:
    body: {string: '{"id":"/subscriptions/00000000-0000-0000-0000-000000000000/resourceGroups/cli-webapp-slot/providers/Microsoft.Web/sites/web-slot-test2/config/web","name":"web-slot-test2","type":"Microsoft.Web/sites/config","location":"West
        US","properties":{"numberOfWorkers":1,"defaultDocuments":["Default.htm","Default.html","Default.asp","index.htm","index.html","iisstart.htm","default.aspx","index.php","hostingstart.html"],"netFrameworkVersion":"v4.0","phpVersion":"5.6","pythonVersion":"","nodeVersion":"","linuxFxVersion":"","requestTracingEnabled":false,"remoteDebuggingEnabled":false,"remoteDebuggingVersion":"VS2012","httpLoggingEnabled":false,"logsDirectorySizeLimit":35,"detailedErrorLoggingEnabled":false,"publishingUsername":"$web-slot-test2","publishingPassword":null,"appSettings":null,"metadata":null,"connectionStrings":null,"machineKey":null,"handlerMappings":null,"documentRoot":null,"scmType":"None","use32BitWorkerProcess":true,"webSocketsEnabled":false,"alwaysOn":false,"javaVersion":null,"javaContainer":null,"javaContainerVersion":null,"appCommandLine":"","managedPipelineMode":"Integrated","virtualApplications":[{"virtualPath":"/","physicalPath":"site\\wwwroot","preloadEnabled":false,"virtualDirectories":null}],"winAuthAdminState":0,"winAuthTenantState":0,"customAppPoolIdentityAdminState":false,"customAppPoolIdentityTenantState":false,"runtimeADUser":null,"runtimeADUserPassword":null,"loadBalancing":"LeastRequests","routingRules":[],"experiments":{"rampUpRules":[]},"limits":null,"autoHealEnabled":false,"autoHealRules":{"triggers":null,"actions":null},"tracingOptions":null,"vnetName":"","siteAuthEnabled":false,"siteAuthSettings":{"enabled":null,"unauthenticatedClientAction":null,"tokenStoreEnabled":null,"allowedExternalRedirectUrls":null,"defaultProvider":null,"clientId":null,"clientSecret":null,"issuer":null,"allowedAudiences":null,"additionalLoginParams":null,"isAadAutoProvisioned":false,"googleClientId":null,"googleClientSecret":null,"googleOAuthScopes":null,"facebookAppId":null,"facebookAppSecret":null,"facebookOAuthScopes":null,"twitterConsumerKey":null,"twitterConsumerSecret":null,"microsoftAccountClientId":null,"microsoftAccountClientSecret":null,"microsoftAccountOAuthScopes":null},"cors":null,"push":null,"apiDefinition":null,"autoSwapSlotName":null,"localMySqlEnabled":false,"ipSecurityRestrictions":null}}'}
    headers:
      Cache-Control: [no-cache]
      Content-Type: [application/json]
      Date: ['Mon, 31 Jul 2017 21:20:19 GMT']
      Expires: ['-1']
      Pragma: [no-cache]
      Server: [Microsoft-IIS/8.0]
      Strict-Transport-Security: [max-age=31536000; includeSubDomains]
      Transfer-Encoding: [chunked]
      Vary: [Accept-Encoding]
      X-AspNet-Version: [4.0.30319]
      X-Powered-By: [ASP.NET]
      content-length: ['2353']
    status: {code: 200, message: OK}
- request:
    body: '{"name": "web-slot-test2", "type": "Microsoft.Web/sites/config", "location":
      "West US", "properties": {"webSocketsEnabled": false, "detailedErrorLoggingEnabled":
      false, "scmType": "None", "httpLoggingEnabled": false, "autoHealRules": {},
      "use32BitWorkerProcess": true, "remoteDebuggingVersion": "VS2012", "virtualApplications":
      [{"virtualPath": "/", "preloadEnabled": false, "physicalPath": "site\\wwwroot"}],
      "vnetName": "", "loadBalancing": "LeastRequests", "defaultDocuments": ["Default.htm",
      "Default.html", "Default.asp", "index.htm", "index.html", "iisstart.htm", "default.aspx",
      "index.php", "hostingstart.html"], "experiments": {"rampUpRules": []}, "phpVersion":
      "5.6", "netFrameworkVersion": "v4.0", "linuxFxVersion": "", "pythonVersion":
      "", "localMySqlEnabled": false, "alwaysOn": false, "requestTracingEnabled":
      false, "autoHealEnabled": false, "appCommandLine": "", "logsDirectorySizeLimit":
      35, "managedPipelineMode": "Integrated", "numberOfWorkers": 1, "publishingUsername":
      "$web-slot-test2", "remoteDebuggingEnabled": false, "nodeVersion": ""}}'
    headers:
      Accept: [application/json]
      Accept-Encoding: ['gzip, deflate']
      Connection: [keep-alive]
      Content-Length: ['1061']
      Content-Type: [application/json; charset=utf-8]
      User-Agent: [python/3.5.2 (Windows-10-10.0.15063-SP0) requests/2.9.1 msrest/0.4.11
          msrest_azure/0.4.11 websitemanagementclient/0.32.0 Azure-SDK-For-Python
          AZURECLI/TEST/2.0.12+dev]
      accept-language: [en-US]
      x-ms-client-request-id: [0e9b7926-7636-11e7-a6c9-480fcf502758]
    method: PATCH
    uri: https://management.azure.com/subscriptions/00000000-0000-0000-0000-000000000000/resourceGroups/cli-webapp-slot/providers/Microsoft.Web/sites/web-slot-test2/slots/dev/config/web?api-version=2016-08-01
  response:
    body: {string: '{"id":"/subscriptions/00000000-0000-0000-0000-000000000000/resourceGroups/cli-webapp-slot/providers/Microsoft.Web/sites/web-slot-test2/slots/dev","name":"web-slot-test2/dev","type":"Microsoft.Web/sites/slots","location":"West
        US","properties":{"numberOfWorkers":1,"defaultDocuments":["Default.htm","Default.html","Default.asp","index.htm","index.html","iisstart.htm","default.aspx","index.php","hostingstart.html"],"netFrameworkVersion":"v4.0","phpVersion":"5.6","pythonVersion":"","nodeVersion":"","linuxFxVersion":"","requestTracingEnabled":false,"remoteDebuggingEnabled":false,"remoteDebuggingVersion":"VS2012","httpLoggingEnabled":false,"logsDirectorySizeLimit":35,"detailedErrorLoggingEnabled":false,"publishingUsername":"$web-slot-test2__dev","publishingPassword":null,"appSettings":null,"metadata":null,"connectionStrings":null,"machineKey":null,"handlerMappings":null,"documentRoot":null,"scmType":"None","use32BitWorkerProcess":true,"webSocketsEnabled":false,"alwaysOn":false,"javaVersion":null,"javaContainer":null,"javaContainerVersion":null,"appCommandLine":"","managedPipelineMode":"Integrated","virtualApplications":[{"virtualPath":"/","physicalPath":"site\\wwwroot","preloadEnabled":false,"virtualDirectories":null}],"winAuthAdminState":0,"winAuthTenantState":0,"customAppPoolIdentityAdminState":false,"customAppPoolIdentityTenantState":false,"runtimeADUser":null,"runtimeADUserPassword":null,"loadBalancing":"LeastRequests","routingRules":[],"experiments":{"rampUpRules":[]},"limits":null,"autoHealEnabled":false,"autoHealRules":{"triggers":null,"actions":null},"tracingOptions":null,"vnetName":"","siteAuthEnabled":false,"siteAuthSettings":{"enabled":null,"unauthenticatedClientAction":null,"tokenStoreEnabled":null,"allowedExternalRedirectUrls":null,"defaultProvider":null,"clientId":null,"clientSecret":null,"issuer":null,"allowedAudiences":null,"additionalLoginParams":null,"isAadAutoProvisioned":false,"googleClientId":null,"googleClientSecret":null,"googleOAuthScopes":null,"facebookAppId":null,"facebookAppSecret":null,"facebookOAuthScopes":null,"twitterConsumerKey":null,"twitterConsumerSecret":null,"microsoftAccountClientId":null,"microsoftAccountClientSecret":null,"microsoftAccountOAuthScopes":null},"cors":null,"push":null,"apiDefinition":null,"autoSwapSlotName":null,"localMySqlEnabled":false,"ipSecurityRestrictions":null}}'}
    headers:
      Cache-Control: [no-cache]
      Content-Type: [application/json]
      Date: ['Mon, 31 Jul 2017 21:20:21 GMT']
      ETag: ['"1D30A42D1021410"']
      Expires: ['-1']
      Pragma: [no-cache]
      Server: [Microsoft-IIS/8.0]
      Strict-Transport-Security: [max-age=31536000; includeSubDomains]
      Transfer-Encoding: [chunked]
      Vary: [Accept-Encoding]
      X-AspNet-Version: [4.0.30319]
      X-Powered-By: [ASP.NET]
      content-length: ['2360']
      x-ms-ratelimit-remaining-subscription-writes: ['1193']
    status: {code: 200, message: OK}
- request:
    body: null
    headers:
      Accept: [application/json]
      Accept-Encoding: ['gzip, deflate']
      Connection: [keep-alive]
      Content-Type: [application/json; charset=utf-8]
      User-Agent: [python/3.5.2 (Windows-10-10.0.15063-SP0) requests/2.9.1 msrest/0.4.11
          msrest_azure/0.4.11 websitemanagementclient/0.32.0 Azure-SDK-For-Python
          AZURECLI/TEST/2.0.12+dev]
      accept-language: [en-US]
      x-ms-client-request-id: [0fbc731c-7636-11e7-b7ed-480fcf502758]
    method: GET
    uri: https://management.azure.com/subscriptions/00000000-0000-0000-0000-000000000000/resourceGroups/cli-webapp-slot/providers/Microsoft.Web/sites/web-slot-test2/config/slotConfigNames?api-version=2016-08-01
  response:
    body: {string: '{"id":null,"name":"web-slot-test2","type":"Microsoft.Web/sites","location":"West
        US","properties":{"connectionStringNames":["c2"],"appSettingNames":["s2","s4","s2"]}}'}
    headers:
      Cache-Control: [no-cache]
      Content-Type: [application/json]
      Date: ['Mon, 31 Jul 2017 21:20:22 GMT']
      Expires: ['-1']
      Pragma: [no-cache]
      Server: [Microsoft-IIS/8.0]
      Strict-Transport-Security: [max-age=31536000; includeSubDomains]
      Transfer-Encoding: [chunked]
      Vary: [Accept-Encoding]
      X-AspNet-Version: [4.0.30319]
      X-Powered-By: [ASP.NET]
      content-length: ['166']
    status: {code: 200, message: OK}
- request:
    body: null
    headers:
      Accept: [application/json]
      Accept-Encoding: ['gzip, deflate']
      Connection: [keep-alive]
      Content-Length: ['0']
      Content-Type: [application/json; charset=utf-8]
      User-Agent: [python/3.5.2 (Windows-10-10.0.15063-SP0) requests/2.9.1 msrest/0.4.11
          msrest_azure/0.4.11 websitemanagementclient/0.32.0 Azure-SDK-For-Python
          AZURECLI/TEST/2.0.12+dev]
      accept-language: [en-US]
      x-ms-client-request-id: [104f35c6-7636-11e7-a543-480fcf502758]
    method: POST
    uri: https://management.azure.com/subscriptions/00000000-0000-0000-0000-000000000000/resourceGroups/cli-webapp-slot/providers/Microsoft.Web/sites/web-slot-test2/config/appsettings/list?api-version=2016-08-01
  response:
    body: {string: '{"id":"/subscriptions/00000000-0000-0000-0000-000000000000/resourceGroups/cli-webapp-slot/providers/Microsoft.Web/sites/web-slot-test2/config/appsettings","name":"appsettings","type":"Microsoft.Web/sites/config","location":"West
        US","properties":{"WEBSITE_NODE_DEFAULT_VERSION":"6.9.1","s2":"v2"}}'}
    headers:
      Cache-Control: [no-cache]
      Content-Type: [application/json]
      Date: ['Mon, 31 Jul 2017 21:20:23 GMT']
      Expires: ['-1']
      Pragma: [no-cache]
      Server: [Microsoft-IIS/8.0]
      Strict-Transport-Security: [max-age=31536000; includeSubDomains]
      Transfer-Encoding: [chunked]
      Vary: [Accept-Encoding]
      X-AspNet-Version: [4.0.30319]
      X-Powered-By: [ASP.NET]
      content-length: ['303']
      x-ms-ratelimit-remaining-subscription-resource-requests: ['11999']
    status: {code: 200, message: OK}
- request:
    body: null
    headers:
      Accept: [application/json]
      Accept-Encoding: ['gzip, deflate']
      Connection: [keep-alive]
      Content-Length: ['0']
      Content-Type: [application/json; charset=utf-8]
      User-Agent: [python/3.5.2 (Windows-10-10.0.15063-SP0) requests/2.9.1 msrest/0.4.11
          msrest_azure/0.4.11 websitemanagementclient/0.32.0 Azure-SDK-For-Python
          AZURECLI/TEST/2.0.12+dev]
      accept-language: [en-US]
      x-ms-client-request-id: [10bc379a-7636-11e7-ad41-480fcf502758]
    method: POST
    uri: https://management.azure.com/subscriptions/00000000-0000-0000-0000-000000000000/resourceGroups/cli-webapp-slot/providers/Microsoft.Web/sites/web-slot-test2/config/connectionstrings/list?api-version=2016-08-01
  response:
    body: {string: '{"id":"/subscriptions/00000000-0000-0000-0000-000000000000/resourceGroups/cli-webapp-slot/providers/Microsoft.Web/sites/web-slot-test2/config/connectionstrings","name":"connectionstrings","type":"Microsoft.Web/sites/config","location":"West
        US","properties":{}}'}
    headers:
      Cache-Control: [no-cache]
      Content-Type: [application/json]
      Date: ['Mon, 31 Jul 2017 21:20:24 GMT']
      Expires: ['-1']
      Pragma: [no-cache]
      Server: [Microsoft-IIS/8.0]
      Strict-Transport-Security: [max-age=31536000; includeSubDomains]
      Transfer-Encoding: [chunked]
      Vary: [Accept-Encoding]
      X-AspNet-Version: [4.0.30319]
      X-Powered-By: [ASP.NET]
      content-length: ['267']
      x-ms-ratelimit-remaining-subscription-resource-requests: ['11998']
    status: {code: 200, message: OK}
- request:
    body: '{"name": "appsettings", "type": "Microsoft.Web/sites/config", "location":
      "West US", "properties": {"WEBSITE_NODE_DEFAULT_VERSION": "6.9.1"}}'
    headers:
      Accept: [application/json]
      Accept-Encoding: ['gzip, deflate']
      Connection: [keep-alive]
      Content-Length: ['141']
      Content-Type: [application/json; charset=utf-8]
      User-Agent: [python/3.5.2 (Windows-10-10.0.15063-SP0) requests/2.9.1 msrest/0.4.11
          msrest_azure/0.4.11 websitemanagementclient/0.32.0 Azure-SDK-For-Python
          AZURECLI/TEST/2.0.12+dev]
      accept-language: [en-US]
      x-ms-client-request-id: [11a1f182-7636-11e7-9a84-480fcf502758]
    method: PUT
    uri: https://management.azure.com/subscriptions/00000000-0000-0000-0000-000000000000/resourceGroups/cli-webapp-slot/providers/Microsoft.Web/sites/web-slot-test2/slots/dev/config/appsettings?api-version=2016-08-01
  response:
    body: {string: '{"id":"/subscriptions/00000000-0000-0000-0000-000000000000/resourceGroups/cli-webapp-slot/providers/Microsoft.Web/sites/web-slot-test2/slots/dev/config/appsettings","name":"appsettings","type":"Microsoft.Web/sites/config","location":"West
        US","properties":{"WEBSITE_NODE_DEFAULT_VERSION":"6.9.1"}}'}
    headers:
      Cache-Control: [no-cache]
      Content-Type: [application/json]
      Date: ['Mon, 31 Jul 2017 21:20:25 GMT']
      ETag: ['"1D30A42D3C61610"']
      Expires: ['-1']
      Pragma: [no-cache]
      Server: [Microsoft-IIS/8.0]
      Strict-Transport-Security: [max-age=31536000; includeSubDomains]
      Transfer-Encoding: [chunked]
      Vary: [Accept-Encoding]
      X-AspNet-Version: [4.0.30319]
      X-Powered-By: [ASP.NET]
      content-length: ['303']
      x-ms-ratelimit-remaining-subscription-writes: ['1191']
    status: {code: 200, message: OK}
- request:
    body: '{"name": "connectionstrings", "type": "Microsoft.Web/sites/config", "location":
      "West US", "properties": {}}'
    headers:
      Accept: [application/json]
      Accept-Encoding: ['gzip, deflate']
      Connection: [keep-alive]
      Content-Length: ['108']
      Content-Type: [application/json; charset=utf-8]
      User-Agent: [python/3.5.2 (Windows-10-10.0.15063-SP0) requests/2.9.1 msrest/0.4.11
          msrest_azure/0.4.11 websitemanagementclient/0.32.0 Azure-SDK-For-Python
          AZURECLI/TEST/2.0.12+dev]
      accept-language: [en-US]
      x-ms-client-request-id: [12801386-7636-11e7-96e6-480fcf502758]
    method: PUT
    uri: https://management.azure.com/subscriptions/00000000-0000-0000-0000-000000000000/resourceGroups/cli-webapp-slot/providers/Microsoft.Web/sites/web-slot-test2/slots/dev/config/connectionstrings?api-version=2016-08-01
  response:
    body: {string: '{"id":"/subscriptions/00000000-0000-0000-0000-000000000000/resourceGroups/cli-webapp-slot/providers/Microsoft.Web/sites/web-slot-test2/slots/dev/config/connectionstrings","name":"connectionstrings","type":"Microsoft.Web/sites/config","location":"West
        US","properties":{}}'}
    headers:
      Cache-Control: [no-cache]
      Content-Type: [application/json]
      Date: ['Mon, 31 Jul 2017 21:20:27 GMT']
      ETag: ['"1D30A42D48BD710"']
      Expires: ['-1']
      Pragma: [no-cache]
      Server: [Microsoft-IIS/8.0]
      Strict-Transport-Security: [max-age=31536000; includeSubDomains]
      Transfer-Encoding: [chunked]
      Vary: [Accept-Encoding]
      X-AspNet-Version: [4.0.30319]
      X-Powered-By: [ASP.NET]
      content-length: ['277']
      x-ms-ratelimit-remaining-subscription-writes: ['1197']
    status: {code: 200, message: OK}
- request:
    body: null
    headers:
      Accept: [application/json]
      Accept-Encoding: ['gzip, deflate']
      Connection: [keep-alive]
      Content-Type: [application/json; charset=utf-8]
      User-Agent: [python/3.5.2 (Windows-10-10.0.15063-SP0) requests/2.9.1 msrest/0.4.11
          msrest_azure/0.4.11 websitemanagementclient/0.32.0 Azure-SDK-For-Python
          AZURECLI/TEST/2.0.12+dev]
      accept-language: [en-US]
      x-ms-client-request-id: [135835c6-7636-11e7-a579-480fcf502758]
    method: GET
    uri: https://management.azure.com/subscriptions/00000000-0000-0000-0000-000000000000/resourceGroups/cli-webapp-slot/providers/Microsoft.Web/sites/web-slot-test2/slots/dev/config/web?api-version=2016-08-01
  response:
    body: {string: '{"id":"/subscriptions/00000000-0000-0000-0000-000000000000/resourceGroups/cli-webapp-slot/providers/Microsoft.Web/sites/web-slot-test2/slots/dev/config/web","name":"web-slot-test2","type":"Microsoft.Web/sites/config","location":"West
        US","properties":{"numberOfWorkers":1,"defaultDocuments":["Default.htm","Default.html","Default.asp","index.htm","index.html","iisstart.htm","default.aspx","index.php","hostingstart.html"],"netFrameworkVersion":"v4.0","phpVersion":"5.6","pythonVersion":"","nodeVersion":"","linuxFxVersion":"","requestTracingEnabled":false,"remoteDebuggingEnabled":false,"remoteDebuggingVersion":"VS2012","httpLoggingEnabled":false,"logsDirectorySizeLimit":35,"detailedErrorLoggingEnabled":false,"publishingUsername":"$web-slot-test2__dev","publishingPassword":null,"appSettings":null,"metadata":null,"connectionStrings":null,"machineKey":null,"handlerMappings":null,"documentRoot":null,"scmType":"None","use32BitWorkerProcess":true,"webSocketsEnabled":false,"alwaysOn":false,"javaVersion":null,"javaContainer":null,"javaContainerVersion":null,"appCommandLine":"","managedPipelineMode":"Integrated","virtualApplications":[{"virtualPath":"/","physicalPath":"site\\wwwroot","preloadEnabled":false,"virtualDirectories":null}],"winAuthAdminState":0,"winAuthTenantState":0,"customAppPoolIdentityAdminState":false,"customAppPoolIdentityTenantState":false,"runtimeADUser":null,"runtimeADUserPassword":null,"loadBalancing":"LeastRequests","routingRules":[],"experiments":{"rampUpRules":[]},"limits":null,"autoHealEnabled":false,"autoHealRules":{"triggers":null,"actions":null},"tracingOptions":null,"vnetName":"","siteAuthEnabled":false,"siteAuthSettings":{"enabled":null,"unauthenticatedClientAction":null,"tokenStoreEnabled":null,"allowedExternalRedirectUrls":null,"defaultProvider":null,"clientId":null,"clientSecret":null,"issuer":null,"allowedAudiences":null,"additionalLoginParams":null,"isAadAutoProvisioned":false,"googleClientId":null,"googleClientSecret":null,"googleOAuthScopes":null,"facebookAppId":null,"facebookAppSecret":null,"facebookOAuthScopes":null,"twitterConsumerKey":null,"twitterConsumerSecret":null,"microsoftAccountClientId":null,"microsoftAccountClientSecret":null,"microsoftAccountOAuthScopes":null},"cors":null,"push":null,"apiDefinition":null,"autoSwapSlotName":null,"localMySqlEnabled":false,"ipSecurityRestrictions":null}}'}
    headers:
      Cache-Control: [no-cache]
      Content-Type: [application/json]
      Date: ['Mon, 31 Jul 2017 21:20:28 GMT']
      Expires: ['-1']
      Pragma: [no-cache]
      Server: [Microsoft-IIS/8.0]
      Strict-Transport-Security: [max-age=31536000; includeSubDomains]
      Transfer-Encoding: [chunked]
      Vary: [Accept-Encoding]
      X-AspNet-Version: [4.0.30319]
      X-Powered-By: [ASP.NET]
      content-length: ['2368']
    status: {code: 200, message: OK}
- request:
    body: null
    headers:
      Accept: [application/json]
      Accept-Encoding: ['gzip, deflate']
      Connection: [keep-alive]
      Content-Length: ['0']
      Content-Type: [application/json; charset=utf-8]
      User-Agent: [python/3.5.2 (Windows-10-10.0.15063-SP0) requests/2.9.1 msrest/0.4.11
          msrest_azure/0.4.11 websitemanagementclient/0.32.0 Azure-SDK-For-Python
          AZURECLI/TEST/2.0.12+dev]
      accept-language: [en-US]
      x-ms-client-request-id: [13c901f8-7636-11e7-bd3f-480fcf502758]
    method: POST
    uri: https://management.azure.com/subscriptions/00000000-0000-0000-0000-000000000000/resourceGroups/cli-webapp-slot/providers/Microsoft.Web/sites/web-slot-test2/slots/dev/config/appsettings/list?api-version=2016-08-01
  response:
    body: {string: '{"id":"/subscriptions/00000000-0000-0000-0000-000000000000/resourceGroups/cli-webapp-slot/providers/Microsoft.Web/sites/web-slot-test2/slots/dev/config/appsettings","name":"appsettings","type":"Microsoft.Web/sites/config","location":"West
        US","properties":{"WEBSITE_NODE_DEFAULT_VERSION":"6.9.1"}}'}
    headers:
      Cache-Control: [no-cache]
      Content-Type: [application/json]
      Date: ['Mon, 31 Jul 2017 21:20:29 GMT']
      Expires: ['-1']
      Pragma: [no-cache]
      Server: [Microsoft-IIS/8.0]
      Strict-Transport-Security: [max-age=31536000; includeSubDomains]
      Transfer-Encoding: [chunked]
      Vary: [Accept-Encoding]
      X-AspNet-Version: [4.0.30319]
      X-Powered-By: [ASP.NET]
      content-length: ['303']
      x-ms-ratelimit-remaining-subscription-resource-requests: ['11998']
    status: {code: 200, message: OK}
- request:
    body: '{"name": "appsettings", "type": "Microsoft.Web/sites/config", "location":
      "West US", "properties": {"s3": "v3", "WEBSITE_NODE_DEFAULT_VERSION": "6.9.1",
      "s4": "v4"}}'
    headers:
      Accept: [application/json]
      Accept-Encoding: ['gzip, deflate']
      Connection: [keep-alive]
      Content-Length: ['165']
      Content-Type: [application/json; charset=utf-8]
      User-Agent: [python/3.5.2 (Windows-10-10.0.15063-SP0) requests/2.9.1 msrest/0.4.11
          msrest_azure/0.4.11 websitemanagementclient/0.32.0 Azure-SDK-For-Python
          AZURECLI/TEST/2.0.12+dev]
      accept-language: [en-US]
      x-ms-client-request-id: [1439ff1c-7636-11e7-8798-480fcf502758]
    method: PUT
    uri: https://management.azure.com/subscriptions/00000000-0000-0000-0000-000000000000/resourceGroups/cli-webapp-slot/providers/Microsoft.Web/sites/web-slot-test2/slots/dev/config/appsettings?api-version=2016-08-01
  response:
    body: {string: '{"id":"/subscriptions/00000000-0000-0000-0000-000000000000/resourceGroups/cli-webapp-slot/providers/Microsoft.Web/sites/web-slot-test2/slots/dev/config/appsettings","name":"appsettings","type":"Microsoft.Web/sites/config","location":"West
        US","properties":{"s3":"v3","WEBSITE_NODE_DEFAULT_VERSION":"6.9.1","s4":"v4"}}'}
    headers:
      Cache-Control: [no-cache]
      Content-Type: [application/json]
      Date: ['Mon, 31 Jul 2017 21:20:30 GMT']
      ETag: ['"1D30A42D65832A0"']
      Expires: ['-1']
      Pragma: [no-cache]
      Server: [Microsoft-IIS/8.0]
      Strict-Transport-Security: [max-age=31536000; includeSubDomains]
      Transfer-Encoding: [chunked]
      Vary: [Accept-Encoding]
      X-AspNet-Version: [4.0.30319]
      X-Powered-By: [ASP.NET]
      content-length: ['323']
      x-ms-ratelimit-remaining-subscription-writes: ['1190']
    status: {code: 200, message: OK}
- request:
    body: null
    headers:
      Accept: [application/json]
      Accept-Encoding: ['gzip, deflate']
      Connection: [keep-alive]
      Content-Type: [application/json; charset=utf-8]
      User-Agent: [python/3.5.2 (Windows-10-10.0.15063-SP0) requests/2.9.1 msrest/0.4.11
          msrest_azure/0.4.11 websitemanagementclient/0.32.0 Azure-SDK-For-Python
          AZURECLI/TEST/2.0.12+dev]
      accept-language: [en-US]
      x-ms-client-request-id: [15120508-7636-11e7-b77b-480fcf502758]
    method: GET
    uri: https://management.azure.com/subscriptions/00000000-0000-0000-0000-000000000000/resourceGroups/cli-webapp-slot/providers/Microsoft.Web/sites/web-slot-test2/config/slotConfigNames?api-version=2016-08-01
  response:
    body: {string: '{"id":null,"name":"web-slot-test2","type":"Microsoft.Web/sites","location":"West
        US","properties":{"connectionStringNames":["c2"],"appSettingNames":["s2","s4","s2"]}}'}
    headers:
      Cache-Control: [no-cache]
      Content-Type: [application/json]
      Date: ['Mon, 31 Jul 2017 21:20:31 GMT']
      Expires: ['-1']
      Pragma: [no-cache]
      Server: [Microsoft-IIS/8.0]
      Strict-Transport-Security: [max-age=31536000; includeSubDomains]
      Transfer-Encoding: [chunked]
      Vary: [Accept-Encoding]
      X-AspNet-Version: [4.0.30319]
      X-Powered-By: [ASP.NET]
      content-length: ['166']
    status: {code: 200, message: OK}
- request:
    body: '{"name": "web-slot-test2", "type": "Microsoft.Web/sites", "location": "West
      US", "properties": {"connectionStringNames": ["c2"], "appSettingNames": ["s2",
      "s4", "s2", "s4"]}}'
    headers:
      Accept: [application/json]
      Accept-Encoding: ['gzip, deflate']
      Connection: [keep-alive]
      Content-Length: ['174']
      Content-Type: [application/json; charset=utf-8]
      User-Agent: [python/3.5.2 (Windows-10-10.0.15063-SP0) requests/2.9.1 msrest/0.4.11
          msrest_azure/0.4.11 websitemanagementclient/0.32.0 Azure-SDK-For-Python
          AZURECLI/TEST/2.0.12+dev]
      accept-language: [en-US]
      x-ms-client-request-id: [159502b8-7636-11e7-bd27-480fcf502758]
    method: PUT
    uri: https://management.azure.com/subscriptions/00000000-0000-0000-0000-000000000000/resourceGroups/cli-webapp-slot/providers/Microsoft.Web/sites/web-slot-test2/config/slotConfigNames?api-version=2016-08-01
  response:
    body: {string: '{"id":null,"name":"web-slot-test2","type":"Microsoft.Web/sites","location":"West
        US","properties":{"connectionStringNames":["c2"],"appSettingNames":["s2","s4","s2","s4"]}}'}
    headers:
      Cache-Control: [no-cache]
      Content-Type: [application/json]
      Date: ['Mon, 31 Jul 2017 21:20:32 GMT']
      Expires: ['-1']
      Pragma: [no-cache]
      Server: [Microsoft-IIS/8.0]
      Strict-Transport-Security: [max-age=31536000; includeSubDomains]
      Transfer-Encoding: [chunked]
      Vary: [Accept-Encoding]
      X-AspNet-Version: [4.0.30319]
      X-Powered-By: [ASP.NET]
      content-length: ['171']
      x-ms-ratelimit-remaining-subscription-writes: ['1190']
    status: {code: 200, message: OK}
- request:
    body: null
    headers:
      Accept: [application/json]
      Accept-Encoding: ['gzip, deflate']
      Connection: [keep-alive]
      Content-Length: ['0']
      Content-Type: [application/json; charset=utf-8]
      User-Agent: [python/3.5.2 (Windows-10-10.0.15063-SP0) requests/2.9.1 msrest/0.4.11
          msrest_azure/0.4.11 websitemanagementclient/0.32.0 Azure-SDK-For-Python
          AZURECLI/TEST/2.0.12+dev]
      accept-language: [en-US]
      x-ms-client-request-id: [16387ecc-7636-11e7-98ec-480fcf502758]
    method: POST
    uri: https://management.azure.com/subscriptions/00000000-0000-0000-0000-000000000000/resourceGroups/cli-webapp-slot/providers/Microsoft.Web/sites/web-slot-test2/slots/dev/config/connectionstrings/list?api-version=2016-08-01
  response:
    body: {string: '{"id":"/subscriptions/00000000-0000-0000-0000-000000000000/resourceGroups/cli-webapp-slot/providers/Microsoft.Web/sites/web-slot-test2/slots/dev/config/connectionstrings","name":"connectionstrings","type":"Microsoft.Web/sites/config","location":"West
        US","properties":{}}'}
    headers:
      Cache-Control: [no-cache]
      Content-Type: [application/json]
      Date: ['Mon, 31 Jul 2017 21:20:32 GMT']
      Expires: ['-1']
      Pragma: [no-cache]
      Server: [Microsoft-IIS/8.0]
      Strict-Transport-Security: [max-age=31536000; includeSubDomains]
      Transfer-Encoding: [chunked]
      Vary: [Accept-Encoding]
      X-AspNet-Version: [4.0.30319]
      X-Powered-By: [ASP.NET]
      content-length: ['277']
      x-ms-ratelimit-remaining-subscription-resource-requests: ['11999']
    status: {code: 200, message: OK}
- request:
    body: '{"name": "connectionstrings", "type": "Microsoft.Web/sites/config", "location":
      "West US", "properties": {"c1": {"value": "connection1", "type": "MySql"}, "c2":
      {"value": "connection2", "type": "MySql"}}}'
    headers:
      Accept: [application/json]
      Accept-Encoding: ['gzip, deflate']
      Connection: [keep-alive]
      Content-Length: ['204']
      Content-Type: [application/json; charset=utf-8]
      User-Agent: [python/3.5.2 (Windows-10-10.0.15063-SP0) requests/2.9.1 msrest/0.4.11
          msrest_azure/0.4.11 websitemanagementclient/0.32.0 Azure-SDK-For-Python
          AZURECLI/TEST/2.0.12+dev]
      accept-language: [en-US]
      x-ms-client-request-id: [1667dae2-7636-11e7-aee5-480fcf502758]
    method: PUT
    uri: https://management.azure.com/subscriptions/00000000-0000-0000-0000-000000000000/resourceGroups/cli-webapp-slot/providers/Microsoft.Web/sites/web-slot-test2/slots/dev/config/connectionstrings?api-version=2016-08-01
  response:
    body: {string: '{"id":"/subscriptions/00000000-0000-0000-0000-000000000000/resourceGroups/cli-webapp-slot/providers/Microsoft.Web/sites/web-slot-test2/slots/dev/config/connectionstrings","name":"connectionstrings","type":"Microsoft.Web/sites/config","location":"West
        US","properties":{"c1":{"value":"connection1","type":"MySql"},"c2":{"value":"connection2","type":"MySql"}}}'}
    headers:
      Cache-Control: [no-cache]
      Content-Type: [application/json]
      Date: ['Mon, 31 Jul 2017 21:20:34 GMT']
      ETag: ['"1D30A42D84312B0"']
      Expires: ['-1']
      Pragma: [no-cache]
      Server: [Microsoft-IIS/8.0]
      Strict-Transport-Security: [max-age=31536000; includeSubDomains]
      Transfer-Encoding: [chunked]
      Vary: [Accept-Encoding]
      X-AspNet-Version: [4.0.30319]
      X-Powered-By: [ASP.NET]
      content-length: ['364']
      x-ms-ratelimit-remaining-subscription-writes: ['1194']
    status: {code: 200, message: OK}
- request:
    body: null
    headers:
      Accept: [application/json]
      Accept-Encoding: ['gzip, deflate']
      Connection: [keep-alive]
      Content-Type: [application/json; charset=utf-8]
      User-Agent: [python/3.5.2 (Windows-10-10.0.15063-SP0) requests/2.9.1 msrest/0.4.11
          msrest_azure/0.4.11 websitemanagementclient/0.32.0 Azure-SDK-For-Python
          AZURECLI/TEST/2.0.12+dev]
      accept-language: [en-US]
      x-ms-client-request-id: [170108ca-7636-11e7-962f-480fcf502758]
    method: GET
    uri: https://management.azure.com/subscriptions/00000000-0000-0000-0000-000000000000/resourceGroups/cli-webapp-slot/providers/Microsoft.Web/sites/web-slot-test2/config/slotConfigNames?api-version=2016-08-01
  response:
    body: {string: '{"id":null,"name":"web-slot-test2","type":"Microsoft.Web/sites","location":"West
        US","properties":{"connectionStringNames":["c2"],"appSettingNames":["s2","s4","s2","s4"]}}'}
    headers:
      Cache-Control: [no-cache]
      Content-Type: [application/json]
      Date: ['Mon, 31 Jul 2017 21:20:34 GMT']
      Expires: ['-1']
      Pragma: [no-cache]
      Server: [Microsoft-IIS/8.0]
      Strict-Transport-Security: [max-age=31536000; includeSubDomains]
      Transfer-Encoding: [chunked]
      Vary: [Accept-Encoding]
      X-AspNet-Version: [4.0.30319]
      X-Powered-By: [ASP.NET]
      content-length: ['171']
    status: {code: 200, message: OK}
- request:
    body: '{"name": "web-slot-test2", "type": "Microsoft.Web/sites", "location": "West
      US", "properties": {"connectionStringNames": ["c2", "c2"], "appSettingNames":
      ["s2", "s4", "s2", "s4"]}}'
    headers:
      Accept: [application/json]
      Accept-Encoding: ['gzip, deflate']
      Connection: [keep-alive]
      Content-Length: ['180']
      Content-Type: [application/json; charset=utf-8]
      User-Agent: [python/3.5.2 (Windows-10-10.0.15063-SP0) requests/2.9.1 msrest/0.4.11
          msrest_azure/0.4.11 websitemanagementclient/0.32.0 Azure-SDK-For-Python
          AZURECLI/TEST/2.0.12+dev]
      accept-language: [en-US]
      x-ms-client-request-id: [1771f47e-7636-11e7-8285-480fcf502758]
    method: PUT
    uri: https://management.azure.com/subscriptions/00000000-0000-0000-0000-000000000000/resourceGroups/cli-webapp-slot/providers/Microsoft.Web/sites/web-slot-test2/config/slotConfigNames?api-version=2016-08-01
  response:
    body: {string: '{"id":null,"name":"web-slot-test2","type":"Microsoft.Web/sites","location":"West
        US","properties":{"connectionStringNames":["c2","c2"],"appSettingNames":["s2","s4","s2","s4"]}}'}
    headers:
      Cache-Control: [no-cache]
      Content-Type: [application/json]
      Date: ['Mon, 31 Jul 2017 21:20:35 GMT']
      Expires: ['-1']
      Pragma: [no-cache]
      Server: [Microsoft-IIS/8.0]
      Strict-Transport-Security: [max-age=31536000; includeSubDomains]
      Transfer-Encoding: [chunked]
      Vary: [Accept-Encoding]
      X-AspNet-Version: [4.0.30319]
      X-Powered-By: [ASP.NET]
      content-length: ['176']
      x-ms-ratelimit-remaining-subscription-writes: ['1195']
    status: {code: 200, message: OK}
- request:
    body: '{"targetSlot": "dev", "preserveVnet": true}'
    headers:
      Accept: [application/json]
      Accept-Encoding: ['gzip, deflate']
      Connection: [keep-alive]
      Content-Length: ['43']
      Content-Type: [application/json; charset=utf-8]
      User-Agent: [python/3.5.2 (Windows-10-10.0.15063-SP0) requests/2.9.1 msrest/0.4.11
          msrest_azure/0.4.11 websitemanagementclient/0.32.0 Azure-SDK-For-Python
          AZURECLI/TEST/2.0.12+dev]
      accept-language: [en-US]
      x-ms-client-request-id: [17cc98f0-7636-11e7-a3f4-480fcf502758]
    method: POST
    uri: https://management.azure.com/subscriptions/00000000-0000-0000-0000-000000000000/resourceGroups/cli-webapp-slot/providers/Microsoft.Web/sites/web-slot-test2/slots/staging/slotsswap?api-version=2016-08-01
  response:
    body: {string: ''}
    headers:
      Cache-Control: [no-cache]
      Content-Length: ['0']
      Date: ['Mon, 31 Jul 2017 21:20:35 GMT']
      ETag: ['"1D30A42C7E5ECD0"']
      Expires: ['-1']
      Location: ['https://management.azure.com/subscriptions/8d57ddbd-c779-40ea-b660-1015f4bf027d/resourceGroups/cli-webapp-slot/providers/Microsoft.Web/sites/web-slot-test2/slots/staging/operationresults/db86b21d-0170-4bc5-8527-0f93a4c1fe50?api-version=2016-08-01']
      Pragma: [no-cache]
      Retry-After: ['15']
      Server: [Microsoft-IIS/8.0]
      Strict-Transport-Security: [max-age=31536000; includeSubDomains]
      X-AspNet-Version: [4.0.30319]
      X-Powered-By: [ASP.NET]
      x-ms-ratelimit-remaining-subscription-writes: ['1192']
    status: {code: 202, message: Accepted}
- request:
    body: null
    headers:
      Accept: [application/json]
      Accept-Encoding: ['gzip, deflate']
      Connection: [keep-alive]
      Content-Type: [application/json; charset=utf-8]
      User-Agent: [python/3.5.2 (Windows-10-10.0.15063-SP0) requests/2.9.1 msrest/0.4.11
          msrest_azure/0.4.11 websitemanagementclient/0.32.0 Azure-SDK-For-Python
          AZURECLI/TEST/2.0.12+dev]
      accept-language: [en-US]
      x-ms-client-request-id: [17cc98f0-7636-11e7-a3f4-480fcf502758]
    method: GET
    uri: https://management.azure.com/subscriptions/00000000-0000-0000-0000-000000000000/resourceGroups/cli-webapp-slot/providers/Microsoft.Web/sites/web-slot-test2/slots/staging/operationresults/db86b21d-0170-4bc5-8527-0f93a4c1fe50?api-version=2016-08-01
  response:
    body: {string: ''}
    headers:
      Cache-Control: [no-cache]
      Content-Length: ['0']
      Date: ['Mon, 31 Jul 2017 21:20:51 GMT']
      Expires: ['-1']
      Location: ['https://management.azure.com/subscriptions/8d57ddbd-c779-40ea-b660-1015f4bf027d/resourceGroups/cli-webapp-slot/providers/Microsoft.Web/sites/web-slot-test2/slots/staging/operationresults/db86b21d-0170-4bc5-8527-0f93a4c1fe50?api-version=2016-08-01']
      Pragma: [no-cache]
      Retry-After: ['15']
      Server: [Microsoft-IIS/8.0]
      Strict-Transport-Security: [max-age=31536000; includeSubDomains]
      X-AspNet-Version: [4.0.30319]
      X-Powered-By: [ASP.NET]
    status: {code: 202, message: Accepted}
- request:
    body: null
    headers:
      Accept: [application/json]
      Accept-Encoding: ['gzip, deflate']
      Connection: [keep-alive]
      Content-Type: [application/json; charset=utf-8]
      User-Agent: [python/3.5.2 (Windows-10-10.0.15063-SP0) requests/2.9.1 msrest/0.4.11
          msrest_azure/0.4.11 websitemanagementclient/0.32.0 Azure-SDK-For-Python
          AZURECLI/TEST/2.0.12+dev]
      accept-language: [en-US]
      x-ms-client-request-id: [17cc98f0-7636-11e7-a3f4-480fcf502758]
    method: GET
    uri: https://management.azure.com/subscriptions/00000000-0000-0000-0000-000000000000/resourceGroups/cli-webapp-slot/providers/Microsoft.Web/sites/web-slot-test2/slots/staging/operationresults/db86b21d-0170-4bc5-8527-0f93a4c1fe50?api-version=2016-08-01
  response:
    body: {string: ''}
    headers:
      Cache-Control: [no-cache]
      Content-Length: ['0']
      Date: ['Mon, 31 Jul 2017 21:21:07 GMT']
      Expires: ['-1']
      Location: ['https://management.azure.com/subscriptions/8d57ddbd-c779-40ea-b660-1015f4bf027d/resourceGroups/cli-webapp-slot/providers/Microsoft.Web/sites/web-slot-test2/slots/staging/operationresults/db86b21d-0170-4bc5-8527-0f93a4c1fe50?api-version=2016-08-01']
      Pragma: [no-cache]
      Retry-After: ['15']
      Server: [Microsoft-IIS/8.0]
      Strict-Transport-Security: [max-age=31536000; includeSubDomains]
      X-AspNet-Version: [4.0.30319]
      X-Powered-By: [ASP.NET]
    status: {code: 202, message: Accepted}
- request:
    body: null
    headers:
      Accept: [application/json]
      Accept-Encoding: ['gzip, deflate']
      Connection: [keep-alive]
      Content-Type: [application/json; charset=utf-8]
      User-Agent: [python/3.5.2 (Windows-10-10.0.15063-SP0) requests/2.9.1 msrest/0.4.11
          msrest_azure/0.4.11 websitemanagementclient/0.32.0 Azure-SDK-For-Python
          AZURECLI/TEST/2.0.12+dev]
      accept-language: [en-US]
      x-ms-client-request-id: [17cc98f0-7636-11e7-a3f4-480fcf502758]
    method: GET
    uri: https://management.azure.com/subscriptions/00000000-0000-0000-0000-000000000000/resourceGroups/cli-webapp-slot/providers/Microsoft.Web/sites/web-slot-test2/slots/staging/operationresults/db86b21d-0170-4bc5-8527-0f93a4c1fe50?api-version=2016-08-01
  response:
    body: {string: ''}
    headers:
      Cache-Control: [no-cache]
      Content-Length: ['0']
      Date: ['Mon, 31 Jul 2017 21:21:21 GMT']
      Expires: ['-1']
      Location: ['https://management.azure.com/subscriptions/8d57ddbd-c779-40ea-b660-1015f4bf027d/resourceGroups/cli-webapp-slot/providers/Microsoft.Web/sites/web-slot-test2/slots/staging/operationresults/db86b21d-0170-4bc5-8527-0f93a4c1fe50?api-version=2016-08-01']
      Pragma: [no-cache]
      Retry-After: ['15']
      Server: [Microsoft-IIS/8.0]
      Strict-Transport-Security: [max-age=31536000; includeSubDomains]
      X-AspNet-Version: [4.0.30319]
      X-Powered-By: [ASP.NET]
    status: {code: 202, message: Accepted}
- request:
    body: null
    headers:
      Accept: [application/json]
      Accept-Encoding: ['gzip, deflate']
      Connection: [keep-alive]
      Content-Type: [application/json; charset=utf-8]
      User-Agent: [python/3.5.2 (Windows-10-10.0.15063-SP0) requests/2.9.1 msrest/0.4.11
          msrest_azure/0.4.11 websitemanagementclient/0.32.0 Azure-SDK-For-Python
          AZURECLI/TEST/2.0.12+dev]
      accept-language: [en-US]
      x-ms-client-request-id: [17cc98f0-7636-11e7-a3f4-480fcf502758]
    method: GET
    uri: https://management.azure.com/subscriptions/00000000-0000-0000-0000-000000000000/resourceGroups/cli-webapp-slot/providers/Microsoft.Web/sites/web-slot-test2/slots/staging/operationresults/db86b21d-0170-4bc5-8527-0f93a4c1fe50?api-version=2016-08-01
  response:
    body: {string: '{"id":"/subscriptions/00000000-0000-0000-0000-000000000000/resourceGroups/cli-webapp-slot/providers/Microsoft.Web/sites/web-slot-test2/slots/staging","name":"web-slot-test2/staging","type":"Microsoft.Web/sites/slots","kind":"app","location":"West
        US","properties":{"name":"web-slot-test2(staging)","state":"Running","hostNames":["web-slot-test2-staging.azurewebsites.net"],"webSpace":"cli-webapp-slot-WestUSwebspace","selfLink":"https://waws-prod-bay-055.api.azurewebsites.windows.net/subscriptions/00000000-0000-0000-0000-000000000000/webspaces/cli-webapp-slot-WestUSwebspace/sites/web-slot-test2","repositorySiteName":"web-slot-test2","owner":null,"usageState":"Normal","enabled":true,"adminEnabled":true,"enabledHostNames":["web-slot-test2-staging.azurewebsites.net","web-slot-test2-staging.scm.azurewebsites.net"],"siteProperties":{"metadata":null,"properties":[],"appSettings":null},"availabilityState":"Normal","sslCertificates":null,"csrs":[],"cers":null,"siteMode":null,"hostNameSslStates":[{"name":"web-slot-test2-staging.azurewebsites.net","sslState":"Disabled","ipBasedSslResult":null,"virtualIP":null,"thumbprint":null,"toUpdate":null,"toUpdateIpBasedSsl":null,"ipBasedSslState":"NotConfigured","hostType":"Standard"},{"name":"web-slot-test2-staging.scm.azurewebsites.net","sslState":"Disabled","ipBasedSslResult":null,"virtualIP":null,"thumbprint":null,"toUpdate":null,"toUpdateIpBasedSsl":null,"ipBasedSslState":"NotConfigured","hostType":"Repository"}],"computeMode":null,"serverFarm":null,"serverFarmId":"/subscriptions/00000000-0000-0000-0000-000000000000/resourceGroups/cli-webapp-slot/providers/Microsoft.Web/serverfarms/webapp-slot-test2-plan","reserved":false,"lastModifiedTimeUtc":"2017-07-31T21:21:22.913","storageRecoveryDefaultState":"Running","contentAvailabilityState":"Normal","runtimeAvailabilityState":"Normal","siteConfig":null,"deploymentId":"web-slot-test2__1775","trafficManagerHostNames":null,"sku":"Standard","premiumAppDeployed":null,"scmSiteAlsoStopped":false,"targetSwapSlot":null,"hostingEnvironment":null,"hostingEnvironmentProfile":null,"clientAffinityEnabled":true,"clientCertEnabled":false,"hostNamesDisabled":false,"domainVerificationIdentifiers":null,"kind":"app","outboundIpAddresses":"104.42.185.131,104.42.184.178,104.42.185.60,104.42.188.171","possibleOutboundIpAddresses":null,"containerSize":0,"dailyMemoryTimeQuota":0,"suspendedTill":null,"siteDisabledReason":0,"functionExecutionUnitsCache":null,"maxNumberOfWorkers":null,"homeStamp":"waws-prod-bay-055","cloningInfo":null,"hostingEnvironmentId":null,"tags":null,"resourceGroup":"cli-webapp-slot","defaultHostName":"web-slot-test2-staging.azurewebsites.net","slotSwapStatus":{"timestampUtc":"2017-07-31T21:21:23.67Z","sourceSlotName":"staging","destinationSlotName":"dev"}}}'}
    headers:
      Cache-Control: [no-cache]
      Content-Type: [application/json]
      Date: ['Mon, 31 Jul 2017 21:21:37 GMT']
      ETag: ['"1D30A42F5A38510"']
      Expires: ['-1']
      Pragma: [no-cache]
      Server: [Microsoft-IIS/8.0]
      Strict-Transport-Security: [max-age=31536000; includeSubDomains]
      Transfer-Encoding: [chunked]
      Vary: [Accept-Encoding]
      X-AspNet-Version: [4.0.30319]
      X-Powered-By: [ASP.NET]
      content-length: ['2808']
    status: {code: 200, message: OK}
- request:
    body: null
    headers:
      Accept: [application/json]
      Accept-Encoding: ['gzip, deflate']
      Connection: [keep-alive]
      Content-Length: ['0']
      Content-Type: [application/json; charset=utf-8]
      User-Agent: [python/3.5.2 (Windows-10-10.0.15063-SP0) requests/2.9.1 msrest/0.4.11
          msrest_azure/0.4.11 websitemanagementclient/0.32.0 Azure-SDK-For-Python
          AZURECLI/TEST/2.0.12+dev]
      accept-language: [en-US]
      x-ms-client-request-id: [3d3e1322-7636-11e7-bf76-480fcf502758]
    method: POST
    uri: https://management.azure.com/subscriptions/00000000-0000-0000-0000-000000000000/resourceGroups/cli-webapp-slot/providers/Microsoft.Web/sites/web-slot-test2/slots/dev/config/appsettings/list?api-version=2016-08-01
  response:
    body: {string: '{"id":"/subscriptions/00000000-0000-0000-0000-000000000000/resourceGroups/cli-webapp-slot/providers/Microsoft.Web/sites/web-slot-test2/slots/dev/config/appsettings","name":"appsettings","type":"Microsoft.Web/sites/config","location":"West
        US","properties":{"s1":"v1","s4":"v4"}}'}
    headers:
      Cache-Control: [no-cache]
      Content-Type: [application/json]
      Date: ['Mon, 31 Jul 2017 21:21:39 GMT']
      Expires: ['-1']
      Pragma: [no-cache]
      Server: [Microsoft-IIS/8.0]
      Strict-Transport-Security: [max-age=31536000; includeSubDomains]
      Transfer-Encoding: [chunked]
      Vary: [Accept-Encoding]
      X-AspNet-Version: [4.0.30319]
      X-Powered-By: [ASP.NET]
      content-length: ['284']
      x-ms-ratelimit-remaining-subscription-resource-requests: ['11999']
    status: {code: 200, message: OK}
- request:
    body: null
    headers:
      Accept: [application/json]
      Accept-Encoding: ['gzip, deflate']
      Connection: [keep-alive]
      Content-Type: [application/json; charset=utf-8]
      User-Agent: [python/3.5.2 (Windows-10-10.0.15063-SP0) requests/2.9.1 msrest/0.4.11
          msrest_azure/0.4.11 websitemanagementclient/0.32.0 Azure-SDK-For-Python
          AZURECLI/TEST/2.0.12+dev]
      accept-language: [en-US]
      x-ms-client-request-id: [3d9803d2-7636-11e7-b81d-480fcf502758]
    method: GET
    uri: https://management.azure.com/subscriptions/00000000-0000-0000-0000-000000000000/resourceGroups/cli-webapp-slot/providers/Microsoft.Web/sites/web-slot-test2/config/slotConfigNames?api-version=2016-08-01
  response:
    body: {string: '{"id":null,"name":"web-slot-test2","type":"Microsoft.Web/sites","location":"West
        US","properties":{"connectionStringNames":["c2","c2"],"appSettingNames":["s2","s4","s2","s4"]}}'}
    headers:
      Cache-Control: [no-cache]
      Content-Type: [application/json]
      Date: ['Mon, 31 Jul 2017 21:21:38 GMT']
      Expires: ['-1']
      Pragma: [no-cache]
      Server: [Microsoft-IIS/8.0]
      Strict-Transport-Security: [max-age=31536000; includeSubDomains]
      Transfer-Encoding: [chunked]
      Vary: [Accept-Encoding]
      X-AspNet-Version: [4.0.30319]
      X-Powered-By: [ASP.NET]
      content-length: ['176']
    status: {code: 200, message: OK}
- request:
    body: null
    headers:
      Accept: [application/json]
      Accept-Encoding: ['gzip, deflate']
      Connection: [keep-alive]
      Content-Length: ['0']
      Content-Type: [application/json; charset=utf-8]
      User-Agent: [python/3.5.2 (Windows-10-10.0.15063-SP0) requests/2.9.1 msrest/0.4.11
          msrest_azure/0.4.11 websitemanagementclient/0.32.0 Azure-SDK-For-Python
          AZURECLI/TEST/2.0.12+dev]
      accept-language: [en-US]
      x-ms-client-request-id: [3dc38cee-7636-11e7-9b68-480fcf502758]
    method: POST
    uri: https://management.azure.com/subscriptions/00000000-0000-0000-0000-000000000000/resourceGroups/cli-webapp-slot/providers/Microsoft.Web/sites/web-slot-test2/slots/dev/config/connectionstrings/list?api-version=2016-08-01
  response:
    body: {string: '{"id":"/subscriptions/00000000-0000-0000-0000-000000000000/resourceGroups/cli-webapp-slot/providers/Microsoft.Web/sites/web-slot-test2/slots/dev/config/connectionstrings","name":"connectionstrings","type":"Microsoft.Web/sites/config","location":"West
        US","properties":{"c2":{"value":"connection2","type":"MySql"}}}'}
    headers:
      Cache-Control: [no-cache]
      Content-Type: [application/json]
      Date: ['Mon, 31 Jul 2017 21:21:39 GMT']
      Expires: ['-1']
      Pragma: [no-cache]
      Server: [Microsoft-IIS/8.0]
      Strict-Transport-Security: [max-age=31536000; includeSubDomains]
      Transfer-Encoding: [chunked]
      Vary: [Accept-Encoding]
      X-AspNet-Version: [4.0.30319]
      X-Powered-By: [ASP.NET]
      content-length: ['320']
      x-ms-ratelimit-remaining-subscription-resource-requests: ['11997']
    status: {code: 200, message: OK}
- request:
    body: null
    headers:
      Accept: [application/json]
      Accept-Encoding: ['gzip, deflate']
      Connection: [keep-alive]
      Content-Type: [application/json; charset=utf-8]
      User-Agent: [python/3.5.2 (Windows-10-10.0.15063-SP0) requests/2.9.1 msrest/0.4.11
          msrest_azure/0.4.11 websitemanagementclient/0.32.0 Azure-SDK-For-Python
          AZURECLI/TEST/2.0.12+dev]
      accept-language: [en-US]
      x-ms-client-request-id: [3e1dea6c-7636-11e7-a4bc-480fcf502758]
    method: GET
    uri: https://management.azure.com/subscriptions/00000000-0000-0000-0000-000000000000/resourceGroups/cli-webapp-slot/providers/Microsoft.Web/sites/web-slot-test2/config/slotConfigNames?api-version=2016-08-01
  response:
    body: {string: '{"id":null,"name":"web-slot-test2","type":"Microsoft.Web/sites","location":"West
        US","properties":{"connectionStringNames":["c2","c2"],"appSettingNames":["s2","s4","s2","s4"]}}'}
    headers:
      Cache-Control: [no-cache]
      Content-Type: [application/json]
      Date: ['Mon, 31 Jul 2017 21:21:40 GMT']
      Expires: ['-1']
      Pragma: [no-cache]
      Server: [Microsoft-IIS/8.0]
      Strict-Transport-Security: [max-age=31536000; includeSubDomains]
      Transfer-Encoding: [chunked]
      Vary: [Accept-Encoding]
      X-AspNet-Version: [4.0.30319]
      X-Powered-By: [ASP.NET]
      content-length: ['176']
    status: {code: 200, message: OK}
- request:
    body: null
    headers:
      Accept: [application/json]
      Accept-Encoding: ['gzip, deflate']
      Connection: [keep-alive]
      Content-Length: ['0']
      Content-Type: [application/json; charset=utf-8]
      User-Agent: [python/3.5.2 (Windows-10-10.0.15063-SP0) requests/2.9.1 msrest/0.4.11
          msrest_azure/0.4.11 websitemanagementclient/0.32.0 Azure-SDK-For-Python
          AZURECLI/TEST/2.0.12+dev]
      accept-language: [en-US]
      x-ms-client-request-id: [3e55fce6-7636-11e7-b0b6-480fcf502758]
    method: POST
    uri: https://management.azure.com/subscriptions/00000000-0000-0000-0000-000000000000/resourceGroups/cli-webapp-slot/providers/Microsoft.Web/sites/web-slot-test2/slots/staging/config/appsettings/list?api-version=2016-08-01
  response:
    body: {string: '{"id":"/subscriptions/00000000-0000-0000-0000-000000000000/resourceGroups/cli-webapp-slot/providers/Microsoft.Web/sites/web-slot-test2/slots/staging/config/appsettings","name":"appsettings","type":"Microsoft.Web/sites/config","location":"West
        US","properties":{"s3":"v3","WEBSITE_NODE_DEFAULT_VERSION":"6.9.1"}}'}
    headers:
      Cache-Control: [no-cache]
      Content-Type: [application/json]
      Date: ['Mon, 31 Jul 2017 21:21:40 GMT']
      Expires: ['-1']
      Pragma: [no-cache]
      Server: [Microsoft-IIS/8.0]
      Strict-Transport-Security: [max-age=31536000; includeSubDomains]
      Transfer-Encoding: [chunked]
      Vary: [Accept-Encoding]
      X-AspNet-Version: [4.0.30319]
      X-Powered-By: [ASP.NET]
      content-length: ['317']
      x-ms-ratelimit-remaining-subscription-resource-requests: ['11999']
    status: {code: 200, message: OK}
- request:
    body: null
    headers:
      Accept: [application/json]
      Accept-Encoding: ['gzip, deflate']
      Connection: [keep-alive]
      Content-Type: [application/json; charset=utf-8]
      User-Agent: [python/3.5.2 (Windows-10-10.0.15063-SP0) requests/2.9.1 msrest/0.4.11
          msrest_azure/0.4.11 websitemanagementclient/0.32.0 Azure-SDK-For-Python
          AZURECLI/TEST/2.0.12+dev]
      accept-language: [en-US]
      x-ms-client-request-id: [3eea8194-7636-11e7-a0bd-480fcf502758]
    method: GET
    uri: https://management.azure.com/subscriptions/00000000-0000-0000-0000-000000000000/resourceGroups/cli-webapp-slot/providers/Microsoft.Web/sites/web-slot-test2/config/slotConfigNames?api-version=2016-08-01
  response:
    body: {string: '{"id":null,"name":"web-slot-test2","type":"Microsoft.Web/sites","location":"West
        US","properties":{"connectionStringNames":["c2","c2"],"appSettingNames":["s2","s4","s2","s4"]}}'}
    headers:
      Cache-Control: [no-cache]
      Content-Type: [application/json]
      Date: ['Mon, 31 Jul 2017 21:21:41 GMT']
      Expires: ['-1']
      Pragma: [no-cache]
      Server: [Microsoft-IIS/8.0]
      Strict-Transport-Security: [max-age=31536000; includeSubDomains]
      Transfer-Encoding: [chunked]
      Vary: [Accept-Encoding]
      X-AspNet-Version: [4.0.30319]
      X-Powered-By: [ASP.NET]
      content-length: ['176']
    status: {code: 200, message: OK}
- request:
    body: null
    headers:
      Accept: [application/json]
      Accept-Encoding: ['gzip, deflate']
      Connection: [keep-alive]
      Content-Length: ['0']
      Content-Type: [application/json; charset=utf-8]
      User-Agent: [python/3.5.2 (Windows-10-10.0.15063-SP0) requests/2.9.1 msrest/0.4.11
          msrest_azure/0.4.11 websitemanagementclient/0.32.0 Azure-SDK-For-Python
          AZURECLI/TEST/2.0.12+dev]
      accept-language: [en-US]
      x-ms-client-request-id: [3f467a46-7636-11e7-8dab-480fcf502758]
    method: POST
    uri: https://management.azure.com/subscriptions/00000000-0000-0000-0000-000000000000/resourceGroups/cli-webapp-slot/providers/Microsoft.Web/sites/web-slot-test2/slots/staging/config/connectionstrings/list?api-version=2016-08-01
  response:
    body: {string: '{"id":"/subscriptions/00000000-0000-0000-0000-000000000000/resourceGroups/cli-webapp-slot/providers/Microsoft.Web/sites/web-slot-test2/slots/staging/config/connectionstrings","name":"connectionstrings","type":"Microsoft.Web/sites/config","location":"West
        US","properties":{"c1":{"value":"connection1","type":"MySql"}}}'}
    headers:
      Cache-Control: [no-cache]
      Content-Type: [application/json]
      Date: ['Mon, 31 Jul 2017 21:21:42 GMT']
      Expires: ['-1']
      Pragma: [no-cache]
      Server: [Microsoft-IIS/8.0]
      Strict-Transport-Security: [max-age=31536000; includeSubDomains]
      Transfer-Encoding: [chunked]
      Vary: [Accept-Encoding]
      X-AspNet-Version: [4.0.30319]
      X-Powered-By: [ASP.NET]
      content-length: ['324']
      x-ms-ratelimit-remaining-subscription-resource-requests: ['11998']
    status: {code: 200, message: OK}
- request:
    body: null
    headers:
      Accept: [application/json]
      Accept-Encoding: ['gzip, deflate']
      Connection: [keep-alive]
      Content-Type: [application/json; charset=utf-8]
      User-Agent: [python/3.5.2 (Windows-10-10.0.15063-SP0) requests/2.9.1 msrest/0.4.11
          msrest_azure/0.4.11 websitemanagementclient/0.32.0 Azure-SDK-For-Python
          AZURECLI/TEST/2.0.12+dev]
      accept-language: [en-US]
      x-ms-client-request-id: [3fa248f4-7636-11e7-8675-480fcf502758]
    method: GET
    uri: https://management.azure.com/subscriptions/00000000-0000-0000-0000-000000000000/resourceGroups/cli-webapp-slot/providers/Microsoft.Web/sites/web-slot-test2/config/slotConfigNames?api-version=2016-08-01
  response:
    body: {string: '{"id":null,"name":"web-slot-test2","type":"Microsoft.Web/sites","location":"West
        US","properties":{"connectionStringNames":["c2","c2"],"appSettingNames":["s2","s4","s2","s4"]}}'}
    headers:
      Cache-Control: [no-cache]
      Content-Type: [application/json]
      Date: ['Mon, 31 Jul 2017 21:21:42 GMT']
      Expires: ['-1']
      Pragma: [no-cache]
      Server: [Microsoft-IIS/8.0]
      Strict-Transport-Security: [max-age=31536000; includeSubDomains]
      Transfer-Encoding: [chunked]
      Vary: [Accept-Encoding]
      X-AspNet-Version: [4.0.30319]
      X-Powered-By: [ASP.NET]
      content-length: ['176']
    status: {code: 200, message: OK}
- request:
    body: null
    headers:
      Accept: [application/json]
      Accept-Encoding: ['gzip, deflate']
      Connection: [keep-alive]
      Content-Type: [application/json; charset=utf-8]
      User-Agent: [python/3.5.2 (Windows-10-10.0.15063-SP0) requests/2.9.1 msrest/0.4.11
          msrest_azure/0.4.11 websitemanagementclient/0.32.0 Azure-SDK-For-Python
          AZURECLI/TEST/2.0.12+dev]
      accept-language: [en-US]
      x-ms-client-request-id: [3fd513a4-7636-11e7-94e9-480fcf502758]
    method: GET
    uri: https://management.azure.com/subscriptions/00000000-0000-0000-0000-000000000000/resourceGroups/cli-webapp-slot/providers/Microsoft.Web/sites/web-slot-test2/slots?api-version=2016-08-01
  response:
    body: {string: '{"value":[{"id":"/subscriptions/00000000-0000-0000-0000-000000000000/resourceGroups/cli-webapp-slot/providers/Microsoft.Web/sites/web-slot-test2/slots/staging","name":"web-slot-test2/staging","type":"Microsoft.Web/sites/slots","kind":"app","location":"West
        US","properties":{"name":"web-slot-test2(staging)","state":"Running","hostNames":["web-slot-test2-staging.azurewebsites.net"],"webSpace":"cli-webapp-slot-WestUSwebspace","selfLink":"https://waws-prod-bay-055.api.azurewebsites.windows.net/subscriptions/00000000-0000-0000-0000-000000000000/webspaces/cli-webapp-slot-WestUSwebspace/sites/web-slot-test2","repositorySiteName":"web-slot-test2","owner":null,"usageState":"Normal","enabled":true,"adminEnabled":true,"enabledHostNames":["web-slot-test2-staging.azurewebsites.net","web-slot-test2-staging.scm.azurewebsites.net"],"siteProperties":{"metadata":null,"properties":[],"appSettings":null},"availabilityState":"Normal","sslCertificates":null,"csrs":[],"cers":null,"siteMode":null,"hostNameSslStates":[{"name":"web-slot-test2-staging.azurewebsites.net","sslState":"Disabled","ipBasedSslResult":null,"virtualIP":null,"thumbprint":null,"toUpdate":null,"toUpdateIpBasedSsl":null,"ipBasedSslState":"NotConfigured","hostType":"Standard"},{"name":"web-slot-test2-staging.scm.azurewebsites.net","sslState":"Disabled","ipBasedSslResult":null,"virtualIP":null,"thumbprint":null,"toUpdate":null,"toUpdateIpBasedSsl":null,"ipBasedSslState":"NotConfigured","hostType":"Repository"}],"computeMode":null,"serverFarm":null,"serverFarmId":"/subscriptions/00000000-0000-0000-0000-000000000000/resourceGroups/cli-webapp-slot/providers/Microsoft.Web/serverfarms/webapp-slot-test2-plan","reserved":false,"lastModifiedTimeUtc":"2017-07-31T21:21:22.913","storageRecoveryDefaultState":"Running","contentAvailabilityState":"Normal","runtimeAvailabilityState":"Normal","siteConfig":null,"deploymentId":"web-slot-test2__1775","trafficManagerHostNames":null,"sku":"Standard","premiumAppDeployed":null,"scmSiteAlsoStopped":false,"targetSwapSlot":null,"hostingEnvironment":null,"hostingEnvironmentProfile":null,"clientAffinityEnabled":true,"clientCertEnabled":false,"hostNamesDisabled":false,"domainVerificationIdentifiers":null,"kind":"app","outboundIpAddresses":"104.42.185.131,104.42.184.178,104.42.185.60,104.42.188.171","possibleOutboundIpAddresses":null,"containerSize":0,"dailyMemoryTimeQuota":0,"suspendedTill":null,"siteDisabledReason":0,"functionExecutionUnitsCache":null,"maxNumberOfWorkers":null,"homeStamp":"waws-prod-bay-055","cloningInfo":null,"hostingEnvironmentId":null,"tags":null,"resourceGroup":"cli-webapp-slot","defaultHostName":"web-slot-test2-staging.azurewebsites.net","slotSwapStatus":{"timestampUtc":"2017-07-31T21:21:23.67Z","sourceSlotName":"staging","destinationSlotName":"dev"}}},{"id":"/subscriptions/00000000-0000-0000-0000-000000000000/resourceGroups/cli-webapp-slot/providers/Microsoft.Web/sites/web-slot-test2/slots/dev","name":"web-slot-test2/dev","type":"Microsoft.Web/sites/slots","kind":"app","location":"West
        US","properties":{"name":"web-slot-test2(dev)","state":"Running","hostNames":["web-slot-test2-dev.azurewebsites.net"],"webSpace":"cli-webapp-slot-WestUSwebspace","selfLink":"https://waws-prod-bay-055.api.azurewebsites.windows.net/subscriptions/00000000-0000-0000-0000-000000000000/webspaces/cli-webapp-slot-WestUSwebspace/sites/web-slot-test2","repositorySiteName":"web-slot-test2","owner":null,"usageState":"Normal","enabled":true,"adminEnabled":true,"enabledHostNames":["web-slot-test2-dev.azurewebsites.net","web-slot-test2-dev.scm.azurewebsites.net"],"siteProperties":{"metadata":null,"properties":[],"appSettings":null},"availabilityState":"Normal","sslCertificates":null,"csrs":[],"cers":null,"siteMode":null,"hostNameSslStates":[{"name":"web-slot-test2-dev.azurewebsites.net","sslState":"Disabled","ipBasedSslResult":null,"virtualIP":null,"thumbprint":null,"toUpdate":null,"toUpdateIpBasedSsl":null,"ipBasedSslState":"NotConfigured","hostType":"Standard"},{"name":"web-slot-test2-dev.scm.azurewebsites.net","sslState":"Disabled","ipBasedSslResult":null,"virtualIP":null,"thumbprint":null,"toUpdate":null,"toUpdateIpBasedSsl":null,"ipBasedSslState":"NotConfigured","hostType":"Repository"}],"computeMode":null,"serverFarm":null,"serverFarmId":"/subscriptions/00000000-0000-0000-0000-000000000000/resourceGroups/cli-webapp-slot/providers/Microsoft.Web/serverfarms/webapp-slot-test2-plan","reserved":false,"lastModifiedTimeUtc":"2017-07-31T21:20:35.707","storageRecoveryDefaultState":"Running","contentAvailabilityState":"Normal","runtimeAvailabilityState":"Normal","siteConfig":null,"deploymentId":"web-slot-test2","trafficManagerHostNames":null,"sku":"Standard","premiumAppDeployed":null,"scmSiteAlsoStopped":false,"targetSwapSlot":null,"hostingEnvironment":null,"hostingEnvironmentProfile":null,"clientAffinityEnabled":true,"clientCertEnabled":false,"hostNamesDisabled":false,"domainVerificationIdentifiers":null,"kind":"app","outboundIpAddresses":"104.42.185.131,104.42.184.178,104.42.185.60,104.42.188.171","possibleOutboundIpAddresses":null,"containerSize":0,"dailyMemoryTimeQuota":0,"suspendedTill":null,"siteDisabledReason":0,"functionExecutionUnitsCache":null,"maxNumberOfWorkers":null,"homeStamp":"waws-prod-bay-055","cloningInfo":null,"hostingEnvironmentId":null,"tags":null,"resourceGroup":"cli-webapp-slot","defaultHostName":"web-slot-test2-dev.azurewebsites.net","slotSwapStatus":{"timestampUtc":"2017-07-31T21:21:23.67Z","sourceSlotName":"staging","destinationSlotName":"dev"}}}],"nextLink":null,"id":null}'}
    headers:
      Cache-Control: [no-cache]
      Content-Type: [application/json]
      Date: ['Mon, 31 Jul 2017 21:21:42 GMT']
      Expires: ['-1']
      Pragma: [no-cache]
      Server: [Microsoft-IIS/8.0]
      Strict-Transport-Security: [max-age=31536000; includeSubDomains]
      Transfer-Encoding: [chunked]
      Vary: [Accept-Encoding]
      X-AspNet-Version: [4.0.30319]
      X-Powered-By: [ASP.NET]
      content-length: ['5613']
    status: {code: 200, message: OK}
- request:
    body: null
    headers:
      Accept: [application/json]
      Accept-Encoding: ['gzip, deflate']
      Connection: [keep-alive]
      Content-Length: ['0']
      Content-Type: [application/json; charset=utf-8]
      User-Agent: [python/3.5.2 (Windows-10-10.0.15063-SP0) requests/2.9.1 msrest/0.4.11
          msrest_azure/0.4.11 websitemanagementclient/0.32.0 Azure-SDK-For-Python
          AZURECLI/TEST/2.0.12+dev]
      accept-language: [en-US]
      x-ms-client-request-id: [407b504a-7636-11e7-87da-480fcf502758]
    method: DELETE
    uri: https://management.azure.com/subscriptions/00000000-0000-0000-0000-000000000000/resourceGroups/cli-webapp-slot/providers/Microsoft.Web/sites/web-slot-test2/slots/staging?api-version=2016-08-01
  response:
    body: {string: ''}
    headers:
      Cache-Control: [no-cache]
      Content-Length: ['0']
      Date: ['Mon, 31 Jul 2017 21:21:45 GMT']
      ETag: ['"1D30A42F5A38510"']
      Expires: ['-1']
      Pragma: [no-cache]
      Server: [Microsoft-IIS/8.0]
      Strict-Transport-Security: [max-age=31536000; includeSubDomains]
      X-AspNet-Version: [4.0.30319]
      X-Powered-By: [ASP.NET]
      x-ms-ratelimit-remaining-subscription-writes: ['1196']
    status: {code: 200, message: OK}
version: 1
