interactions:
- request:
    body: '{"kind": "Storage", "sku": {"name": "Standard_LRS"}, "location": "westus",
      "properties": {"supportsHttpsTrafficOnly": false}}'
    headers:
      Accept: [application/json]
      Accept-Encoding: ['gzip, deflate']
      Connection: [keep-alive]
      Content-Length: ['125']
      Content-Type: [application/json; charset=utf-8]
      User-Agent: [python/3.5.2 (Windows-10-10.0.15063-SP0) requests/2.9.1 msrest/0.4.15
          msrest_azure/0.4.14 storagemanagementclient/1.2.0 Azure-SDK-For-Python AZURECLI/TEST/2.0.17+dev]
      accept-language: [en-US]
      x-ms-client-request-id: [e1e4e0c0-a87a-11e7-bd4d-480fcf502758]
    method: PUT
    uri: https://management.azure.com/subscriptions/00000000-0000-0000-0000-000000000000/resourceGroups/azurecli-functionapp-c-e2e/providers/Microsoft.Storage/storageAccounts/functionaconstorage1?api-version=2017-06-01
  response:
    body: {string: ''}
    headers:
      Cache-Control: [no-cache]
      Content-Length: ['0']
      Date: ['Tue, 03 Oct 2017 20:38:59 GMT']
      Expires: ['-1']
      Location: ['https://management.azure.com/subscriptions/8d57ddbd-c779-40ea-b660-1015f4bf027d/providers/Microsoft.Storage/locations/westus/asyncoperations/b002b066-34d9-401e-b791-5492b2fa7896?monitor=true&api-version=2017-06-01']
      Pragma: [no-cache]
      Retry-After: ['17']
      Server: [Microsoft-Azure-Storage-Resource-Provider/1.0, Microsoft-HTTPAPI/2.0]
      Strict-Transport-Security: [max-age=31536000; includeSubDomains]
      x-ms-ratelimit-remaining-subscription-writes: ['1197']
    status: {code: 202, message: Accepted}
- request:
    body: null
    headers:
      Accept: [application/json]
      Accept-Encoding: ['gzip, deflate']
      Connection: [keep-alive]
      Content-Type: [application/json; charset=utf-8]
      User-Agent: [python/3.5.2 (Windows-10-10.0.15063-SP0) requests/2.9.1 msrest/0.4.15
          msrest_azure/0.4.14 storagemanagementclient/1.2.0 Azure-SDK-For-Python AZURECLI/TEST/2.0.17+dev]
      accept-language: [en-US]
      x-ms-client-request-id: [e1e4e0c0-a87a-11e7-bd4d-480fcf502758]
    method: GET
    uri: https://management.azure.com/subscriptions/00000000-0000-0000-0000-000000000000/providers/Microsoft.Storage/locations/westus/asyncoperations/b002b066-34d9-401e-b791-5492b2fa7896?monitor=true&api-version=2017-06-01
  response:
    body: {string: '{"id":"/subscriptions/00000000-0000-0000-0000-000000000000/resourceGroups/azurecli-functionapp-c-e2e/providers/Microsoft.Storage/storageAccounts/functionaconstorage1","kind":"Storage","location":"westus","name":"functionaconstorage1","properties":{"creationTime":"2017-10-03T20:38:59.1981981Z","networkAcls":{"bypass":"AzureServices","defaultAction":"Allow","ipRules":[],"virtualNetworkRules":[]},"primaryEndpoints":{"blob":"https://functionaconstorage1.blob.core.windows.net/","file":"https://functionaconstorage1.file.core.windows.net/","queue":"https://functionaconstorage1.queue.core.windows.net/","table":"https://functionaconstorage1.table.core.windows.net/"},"primaryLocation":"westus","provisioningState":"Succeeded","statusOfPrimary":"available","supportsHttpsTrafficOnly":false},"sku":{"name":"Standard_LRS","tier":"Standard"},"tags":{},"type":"Microsoft.Storage/storageAccounts"}

        '}
    headers:
      Cache-Control: [no-cache]
      Content-Type: [application/json]
      Date: ['Tue, 03 Oct 2017 20:39:16 GMT']
      Expires: ['-1']
      Pragma: [no-cache]
      Server: [Microsoft-Azure-Storage-Resource-Provider/1.0, Microsoft-HTTPAPI/2.0]
      Strict-Transport-Security: [max-age=31536000; includeSubDomains]
      Transfer-Encoding: [chunked]
      Vary: [Accept-Encoding]
      content-length: ['897']
    status: {code: 200, message: OK}
- request:
    body: null
    headers:
      Accept: [application/json]
      Accept-Encoding: ['gzip, deflate']
      Connection: [keep-alive]
      Content-Type: [application/json; charset=utf-8]
      User-Agent: [python/3.5.2 (Windows-10-10.0.15063-SP0) requests/2.9.1 msrest/0.4.15
          msrest_azure/0.4.14 websitemanagementclient/0.32.0 Azure-SDK-For-Python
          AZURECLI/TEST/2.0.17+dev]
      accept-language: [en-US]
      x-ms-client-request-id: [ed3b3992-a87a-11e7-b176-480fcf502758]
    method: GET
    uri: https://management.azure.com/subscriptions/00000000-0000-0000-0000-000000000000/providers/Microsoft.Web/geoRegions?api-version=2016-03-01&sku=Dynamic
  response:
    body: {string: '{"value":[{"id":"/subscriptions/00000000-0000-0000-0000-000000000000/providers/Microsoft.Web/geoRegions/South
        Central US","name":"South Central US","type":"Microsoft.Web/geoRegions","properties":{"name":"South
        Central US","description":null,"sortOrder":0,"displayName":"South Central
        US"}},{"id":"/subscriptions/00000000-0000-0000-0000-000000000000/providers/Microsoft.Web/geoRegions/North
        Europe","name":"North Europe","type":"Microsoft.Web/geoRegions","properties":{"name":"North
        Europe","description":null,"sortOrder":1,"displayName":"North Europe"}},{"id":"/subscriptions/00000000-0000-0000-0000-000000000000/providers/Microsoft.Web/geoRegions/West
        Europe","name":"West Europe","type":"Microsoft.Web/geoRegions","properties":{"name":"West
        Europe","description":null,"sortOrder":2,"displayName":"West Europe"}},{"id":"/subscriptions/00000000-0000-0000-0000-000000000000/providers/Microsoft.Web/geoRegions/Southeast
        Asia","name":"Southeast Asia","type":"Microsoft.Web/geoRegions","properties":{"name":"Southeast
        Asia","description":null,"sortOrder":3,"displayName":"Southeast Asia"}},{"id":"/subscriptions/00000000-0000-0000-0000-000000000000/providers/Microsoft.Web/geoRegions/East
        Asia","name":"East Asia","type":"Microsoft.Web/geoRegions","properties":{"name":"East
        Asia","description":null,"sortOrder":4,"displayName":"East Asia"}},{"id":"/subscriptions/00000000-0000-0000-0000-000000000000/providers/Microsoft.Web/geoRegions/West
        US","name":"West US","type":"Microsoft.Web/geoRegions","properties":{"name":"West
        US","description":null,"sortOrder":5,"displayName":"West US"}},{"id":"/subscriptions/00000000-0000-0000-0000-000000000000/providers/Microsoft.Web/geoRegions/East
        US","name":"East US","type":"Microsoft.Web/geoRegions","properties":{"name":"East
        US","description":null,"sortOrder":6,"displayName":"East US"}},{"id":"/subscriptions/00000000-0000-0000-0000-000000000000/providers/Microsoft.Web/geoRegions/Japan
        West","name":"Japan West","type":"Microsoft.Web/geoRegions","properties":{"name":"Japan
        West","description":null,"sortOrder":7,"displayName":"Japan West"}},{"id":"/subscriptions/00000000-0000-0000-0000-000000000000/providers/Microsoft.Web/geoRegions/Japan
        East","name":"Japan East","type":"Microsoft.Web/geoRegions","properties":{"name":"Japan
        East","description":null,"sortOrder":8,"displayName":"Japan East"}},{"id":"/subscriptions/00000000-0000-0000-0000-000000000000/providers/Microsoft.Web/geoRegions/East
        US 2","name":"East US 2","type":"Microsoft.Web/geoRegions","properties":{"name":"East
        US 2","description":null,"sortOrder":9,"displayName":"East US 2"}},{"id":"/subscriptions/00000000-0000-0000-0000-000000000000/providers/Microsoft.Web/geoRegions/North
        Central US","name":"North Central US","type":"Microsoft.Web/geoRegions","properties":{"name":"North
        Central US","description":null,"sortOrder":10,"displayName":"North Central
        US"}},{"id":"/subscriptions/00000000-0000-0000-0000-000000000000/providers/Microsoft.Web/geoRegions/Central
        US","name":"Central US","type":"Microsoft.Web/geoRegions","properties":{"name":"Central
        US","description":null,"sortOrder":11,"displayName":"Central US"}},{"id":"/subscriptions/00000000-0000-0000-0000-000000000000/providers/Microsoft.Web/geoRegions/Brazil
        South","name":"Brazil South","type":"Microsoft.Web/geoRegions","properties":{"name":"Brazil
        South","description":null,"sortOrder":12,"displayName":"Brazil South"}},{"id":"/subscriptions/00000000-0000-0000-0000-000000000000/providers/Microsoft.Web/geoRegions/Australia
        East","name":"Australia East","type":"Microsoft.Web/geoRegions","properties":{"name":"Australia
        East","description":null,"sortOrder":13,"displayName":"Australia East"}},{"id":"/subscriptions/00000000-0000-0000-0000-000000000000/providers/Microsoft.Web/geoRegions/Australia
        Southeast","name":"Australia Southeast","type":"Microsoft.Web/geoRegions","properties":{"name":"Australia
        Southeast","description":null,"sortOrder":14,"displayName":"Australia Southeast"}},{"id":"/subscriptions/00000000-0000-0000-0000-000000000000/providers/Microsoft.Web/geoRegions/Central
        India","name":"Central India","type":"Microsoft.Web/geoRegions","properties":{"name":"Central
        India","description":null,"sortOrder":2147483647,"displayName":"Central India"}},{"id":"/subscriptions/00000000-0000-0000-0000-000000000000/providers/Microsoft.Web/geoRegions/West
        India","name":"West India","type":"Microsoft.Web/geoRegions","properties":{"name":"West
        India","description":null,"sortOrder":2147483647,"displayName":"West India"}},{"id":"/subscriptions/00000000-0000-0000-0000-000000000000/providers/Microsoft.Web/geoRegions/South
        India","name":"South India","type":"Microsoft.Web/geoRegions","properties":{"name":"South
        India","description":null,"sortOrder":2147483647,"displayName":"South India"}},{"id":"/subscriptions/00000000-0000-0000-0000-000000000000/providers/Microsoft.Web/geoRegions/Canada
        Central","name":"Canada Central","type":"Microsoft.Web/geoRegions","properties":{"name":"Canada
        Central","description":null,"sortOrder":2147483647,"displayName":"Canada Central"}},{"id":"/subscriptions/00000000-0000-0000-0000-000000000000/providers/Microsoft.Web/geoRegions/Canada
        East","name":"Canada East","type":"Microsoft.Web/geoRegions","properties":{"name":"Canada
        East","description":null,"sortOrder":2147483647,"displayName":"Canada East"}},{"id":"/subscriptions/00000000-0000-0000-0000-000000000000/providers/Microsoft.Web/geoRegions/West
        Central US","name":"West Central US","type":"Microsoft.Web/geoRegions","properties":{"name":"West
        Central US","description":null,"sortOrder":2147483647,"displayName":"West
        Central US"}},{"id":"/subscriptions/00000000-0000-0000-0000-000000000000/providers/Microsoft.Web/geoRegions/West
        US 2","name":"West US 2","type":"Microsoft.Web/geoRegions","properties":{"name":"West
        US 2","description":null,"sortOrder":2147483647,"displayName":"West US 2"}},{"id":"/subscriptions/00000000-0000-0000-0000-000000000000/providers/Microsoft.Web/geoRegions/UK
        West","name":"UK West","type":"Microsoft.Web/geoRegions","properties":{"name":"UK
        West","description":null,"sortOrder":2147483647,"displayName":"UK West"}},{"id":"/subscriptions/00000000-0000-0000-0000-000000000000/providers/Microsoft.Web/geoRegions/UK
        South","name":"UK South","type":"Microsoft.Web/geoRegions","properties":{"name":"UK
        South","description":null,"sortOrder":2147483647,"displayName":"UK South"}}],"nextLink":null,"id":null}'}
    headers:
      Cache-Control: [no-cache]
      Content-Type: [application/json]
      Date: ['Tue, 03 Oct 2017 20:39:17 GMT']
      Expires: ['-1']
      Pragma: [no-cache]
      Server: [Microsoft-IIS/8.0]
      Strict-Transport-Security: [max-age=31536000; includeSubDomains]
      Transfer-Encoding: [chunked]
      Vary: [Accept-Encoding]
      X-AspNet-Version: [4.0.30319]
      X-Powered-By: [ASP.NET]
      content-length: ['6403']
    status: {code: 200, message: OK}
- request:
    body: null
    headers:
      Accept: [application/json]
      Accept-Encoding: ['gzip, deflate']
      Connection: [keep-alive]
      Content-Type: [application/json; charset=utf-8]
      User-Agent: [python/3.5.2 (Windows-10-10.0.15063-SP0) requests/2.9.1 msrest/0.4.15
          msrest_azure/0.4.14 storagemanagementclient/1.2.0 Azure-SDK-For-Python AZURECLI/TEST/2.0.17+dev]
      accept-language: [en-US]
      x-ms-client-request-id: [ed51dcae-a87a-11e7-bdc2-480fcf502758]
    method: GET
    uri: https://management.azure.com/subscriptions/00000000-0000-0000-0000-000000000000/resourceGroups/azurecli-functionapp-c-e2e/providers/Microsoft.Storage/storageAccounts/functionaconstorage1?api-version=2017-06-01
  response:
    body: {string: '{"id":"/subscriptions/00000000-0000-0000-0000-000000000000/resourceGroups/azurecli-functionapp-c-e2e/providers/Microsoft.Storage/storageAccounts/functionaconstorage1","kind":"Storage","location":"westus","name":"functionaconstorage1","properties":{"creationTime":"2017-10-03T20:38:59.1981981Z","networkAcls":{"bypass":"AzureServices","defaultAction":"Allow","ipRules":[],"virtualNetworkRules":[]},"primaryEndpoints":{"blob":"https://functionaconstorage1.blob.core.windows.net/","file":"https://functionaconstorage1.file.core.windows.net/","queue":"https://functionaconstorage1.queue.core.windows.net/","table":"https://functionaconstorage1.table.core.windows.net/"},"primaryLocation":"westus","provisioningState":"Succeeded","statusOfPrimary":"available","supportsHttpsTrafficOnly":false},"sku":{"name":"Standard_LRS","tier":"Standard"},"tags":{},"type":"Microsoft.Storage/storageAccounts"}

        '}
    headers:
      Cache-Control: [no-cache]
      Content-Type: [application/json]
      Date: ['Tue, 03 Oct 2017 20:39:17 GMT']
      Expires: ['-1']
      Pragma: [no-cache]
      Server: [Microsoft-Azure-Storage-Resource-Provider/1.0, Microsoft-HTTPAPI/2.0]
      Strict-Transport-Security: [max-age=31536000; includeSubDomains]
      Transfer-Encoding: [chunked]
      Vary: [Accept-Encoding]
      content-length: ['897']
    status: {code: 200, message: OK}
- request:
    body: null
    headers:
      Accept: [application/json]
      Accept-Encoding: ['gzip, deflate']
      Connection: [keep-alive]
      Content-Length: ['0']
      Content-Type: [application/json; charset=utf-8]
      User-Agent: [python/3.5.2 (Windows-10-10.0.15063-SP0) requests/2.9.1 msrest/0.4.15
          msrest_azure/0.4.14 storagemanagementclient/1.2.0 Azure-SDK-For-Python AZURECLI/TEST/2.0.17+dev]
      accept-language: [en-US]
      x-ms-client-request-id: [ed6783cc-a87a-11e7-b226-480fcf502758]
    method: POST
    uri: https://management.azure.com/subscriptions/00000000-0000-0000-0000-000000000000/resourceGroups/azurecli-functionapp-c-e2e/providers/Microsoft.Storage/storageAccounts/functionaconstorage1/listKeys?api-version=2017-06-01
  response:
    body: {string: '{"keys":[{"keyName":"key1","permissions":"Full","value":"bms9TkldBC0JjJrE4ECaexFhqQ8RZPU+sgQ998OWFBZ4FxX59mXLhq+mhk9SVqmzOUvIvMnSWBO8pCtc7c2Q8A=="},{"keyName":"key2","permissions":"Full","value":"Q0HmNEoU66Pd/MDuP3WnadNZ34qU17stSOm2SlobzBEL8ioPObqkzHebZgYETzr0/1TddhlcyhnOSTxPQIwY+Q=="}]}

        '}
    headers:
      Cache-Control: [no-cache]
      Content-Type: [application/json]
      Date: ['Tue, 03 Oct 2017 20:39:17 GMT']
      Expires: ['-1']
      Pragma: [no-cache]
      Server: [Microsoft-Azure-Storage-Resource-Provider/1.0, Microsoft-HTTPAPI/2.0]
      Strict-Transport-Security: [max-age=31536000; includeSubDomains]
      Transfer-Encoding: [chunked]
      Vary: [Accept-Encoding]
      content-length: ['289']
      x-ms-ratelimit-remaining-subscription-writes: ['1198']
    status: {code: 200, message: OK}
- request:
    body: '{"kind": "functionapp", "location": "westus", "properties": {"reserved":
      false, "siteConfig": {"appSettings": [{"name": "AzureWebJobsStorage", "value":
      "DefaultEndpointsProtocol=https;EndpointSuffix=core.windows.net;AccountName=functionaconstorage1;AccountKey=bms9TkldBC0JjJrE4ECaexFhqQ8RZPU+sgQ998OWFBZ4FxX59mXLhq+mhk9SVqmzOUvIvMnSWBO8pCtc7c2Q8A=="},
      {"name": "AzureWebJobsDashboard", "value": "DefaultEndpointsProtocol=https;EndpointSuffix=core.windows.net;AccountName=functionaconstorage1;AccountKey=bms9TkldBC0JjJrE4ECaexFhqQ8RZPU+sgQ998OWFBZ4FxX59mXLhq+mhk9SVqmzOUvIvMnSWBO8pCtc7c2Q8A=="},
      {"name": "WEBSITE_NODE_DEFAULT_VERSION", "value": "6.5.0"}, {"name": "FUNCTIONS_EXTENSION_VERSION",
      "value": "~1"}, {"name": "WEBSITE_CONTENTAZUREFILECONNECTIONSTRING", "value":
      "DefaultEndpointsProtocol=https;EndpointSuffix=core.windows.net;AccountName=functionaconstorage1;AccountKey=bms9TkldBC0JjJrE4ECaexFhqQ8RZPU+sgQ998OWFBZ4FxX59mXLhq+mhk9SVqmzOUvIvMnSWBO8pCtc7c2Q8A=="},
      {"name": "WEBSITE_CONTENTSHARE", "value": "functionappconsumption1"}], "netFrameworkVersion":
      "v4.6", "localMySqlEnabled": false}, "microService": "WebSites", "scmSiteAlsoStopped":
      false}}'
    headers:
      Accept: [application/json]
      Accept-Encoding: ['gzip, deflate']
      Connection: [keep-alive]
      Content-Length: ['1161']
      Content-Type: [application/json; charset=utf-8]
      User-Agent: [python/3.5.2 (Windows-10-10.0.15063-SP0) requests/2.9.1 msrest/0.4.15
          msrest_azure/0.4.14 websitemanagementclient/0.32.0 Azure-SDK-For-Python
          AZURECLI/TEST/2.0.17+dev]
      accept-language: [en-US]
      x-ms-client-request-id: [ed84ffc6-a87a-11e7-b6e0-480fcf502758]
    method: PUT
    uri: https://management.azure.com/subscriptions/00000000-0000-0000-0000-000000000000/resourceGroups/azurecli-functionapp-c-e2e/providers/Microsoft.Web/sites/functionappconsumption1?api-version=2016-08-01
  response:
    body: {string: '{"id":"/subscriptions/00000000-0000-0000-0000-000000000000/resourceGroups/azurecli-functionapp-c-e2e/providers/Microsoft.Web/sites/functionappconsumption1","name":"functionappconsumption1","type":"Microsoft.Web/sites","kind":"functionapp","location":"westus","properties":{"name":"functionappconsumption1","state":"Running","hostNames":["functionappconsumption1.azurewebsites.net"],"webSpace":"azurecli-functionapp-c-e2e-WestUSwebspace","selfLink":"https://waws-prod-bay-059.api.azurewebsites.windows.net/subscriptions/00000000-0000-0000-0000-000000000000/webspaces/azurecli-functionapp-c-e2e-WestUSwebspace/sites/functionappconsumption1","repositorySiteName":"functionappconsumption1","owner":null,"usageState":"Normal","enabled":true,"adminEnabled":true,"enabledHostNames":["functionappconsumption1.azurewebsites.net","functionappconsumption1.scm.azurewebsites.net"],"siteProperties":{"metadata":null,"properties":[],"appSettings":null},"availabilityState":"Normal","sslCertificates":null,"csrs":[],"cers":null,"siteMode":null,"hostNameSslStates":[{"name":"functionappconsumption1.azurewebsites.net","sslState":"Disabled","ipBasedSslResult":null,"virtualIP":null,"thumbprint":null,"toUpdate":null,"toUpdateIpBasedSsl":null,"ipBasedSslState":"NotConfigured","hostType":"Standard"},{"name":"functionappconsumption1.scm.azurewebsites.net","sslState":"Disabled","ipBasedSslResult":null,"virtualIP":null,"thumbprint":null,"toUpdate":null,"toUpdateIpBasedSsl":null,"ipBasedSslState":"NotConfigured","hostType":"Repository"}],"computeMode":null,"serverFarm":null,"serverFarmId":"/subscriptions/00000000-0000-0000-0000-000000000000/resourceGroups/azurecli-functionapp-c-e2e/providers/Microsoft.Web/serverfarms/WestUSPlan","reserved":false,"lastModifiedTimeUtc":"2017-10-03T20:39:21.74","storageRecoveryDefaultState":"Running","contentAvailabilityState":"Normal","runtimeAvailabilityState":"Normal","siteConfig":null,"deploymentId":"functionappconsumption1","trafficManagerHostNames":null,"sku":"Dynamic","scmSiteAlsoStopped":false,"targetSwapSlot":null,"hostingEnvironment":null,"hostingEnvironmentProfile":null,"clientAffinityEnabled":true,"clientCertEnabled":false,"hostNamesDisabled":false,"domainVerificationIdentifiers":null,"kind":"functionapp","outboundIpAddresses":"23.99.7.165,23.99.4.206,23.99.7.131,23.99.3.236","possibleOutboundIpAddresses":"23.99.7.165,23.99.4.206,23.99.7.131,23.99.3.236","containerSize":1536,"dailyMemoryTimeQuota":0,"suspendedTill":null,"siteDisabledReason":0,"functionExecutionUnitsCache":null,"maxNumberOfWorkers":null,"homeStamp":"waws-prod-bay-059","cloningInfo":null,"snapshotInfo":null,"hostingEnvironmentId":null,"tags":null,"resourceGroup":"azurecli-functionapp-c-e2e","defaultHostName":"functionappconsumption1.azurewebsites.net","slotSwapStatus":null}}'}
    headers:
      Cache-Control: [no-cache]
      Content-Type: [application/json]
      Date: ['Tue, 03 Oct 2017 20:39:41 GMT']
      ETag: ['"1D33C87B19C2C10"']
      Expires: ['-1']
      Pragma: [no-cache]
      Server: [Microsoft-IIS/8.0]
      Strict-Transport-Security: [max-age=31536000; includeSubDomains]
      Transfer-Encoding: [chunked]
      Vary: [Accept-Encoding]
      X-AspNet-Version: [4.0.30319]
      X-Powered-By: [ASP.NET]
      content-length: ['2819']
      x-ms-ratelimit-remaining-subscription-writes: ['1197']
    status: {code: 200, message: OK}
- request:
    body: null
    headers:
      Accept: [application/json]
      Accept-Encoding: ['gzip, deflate']
      Connection: [keep-alive]
      Content-Length: ['0']
      Content-Type: [application/json; charset=utf-8]
      User-Agent: [python/3.5.2 (Windows-10-10.0.15063-SP0) requests/2.9.1 msrest/0.4.15
          msrest_azure/0.4.14 websitemanagementclient/0.32.0 Azure-SDK-For-Python
          AZURECLI/TEST/2.0.17+dev]
      accept-language: [en-US]
      x-ms-client-request-id: [fc05676c-a87a-11e7-8126-480fcf502758]
    method: DELETE
    uri: https://management.azure.com/subscriptions/00000000-0000-0000-0000-000000000000/resourceGroups/azurecli-functionapp-c-e2e/providers/Microsoft.Web/sites/functionappconsumption1?api-version=2016-08-01
  response:
    body: {string: ''}
    headers:
      Cache-Control: [no-cache]
      Content-Length: ['0']
      Date: ['Tue, 03 Oct 2017 20:39:44 GMT']
      ETag: ['"1D33C87B19C2C10"']
      Expires: ['-1']
      Pragma: [no-cache]
      Server: [Microsoft-IIS/8.0]
      Strict-Transport-Security: [max-age=31536000; includeSubDomains]
      X-AspNet-Version: [4.0.30319]
      X-Powered-By: [ASP.NET]
      x-ms-ratelimit-remaining-subscription-writes: ['1198']
    status: {code: 200, message: OK}
version: 1
