interactions:
- request:
    body: '{"location": "japanwest", "tags": {"use": "az-test"}}'
    headers:
      Accept: [application/json]
      Accept-Encoding: ['gzip, deflate']
      CommandName: [group create]
      Connection: [keep-alive]
      Content-Length: ['53']
      Content-Type: [application/json; charset=utf-8]
      User-Agent: [python/3.5.3 (Windows-10-10.0.15063-SP0) requests/2.18.4 msrest/0.4.15
          msrest_azure/0.4.11 resourcemanagementclient/1.2.1 Azure-SDK-For-Python
          AZURECLI/2.0.21]
      accept-language: [en-US]
    method: PUT
    uri: https://management.azure.com/subscriptions/00000000-0000-0000-0000-000000000000/resourcegroups/clitest.rg000001?api-version=2017-05-10
  response:
    body: {string: '{"id":"/subscriptions/00000000-0000-0000-0000-000000000000/resourceGroups/clitest.rg000001","name":"clitest.rg000001","location":"japanwest","tags":{"use":"az-test"},"properties":{"provisioningState":"Succeeded"}}'}
    headers:
      cache-control: [no-cache]
      content-length: ['331']
      content-type: [application/json; charset=utf-8]
      date: ['Tue, 24 Oct 2017 23:27:59 GMT']
      expires: ['-1']
      pragma: [no-cache]
      strict-transport-security: [max-age=31536000; includeSubDomains]
      x-ms-ratelimit-remaining-subscription-writes: ['1193']
    status: {code: 201, message: Created}
- request:
    body: 'b''{"name": "webappacrtest000003", "type": "Microsoft.ContainerRegistry/registries"}'''
    headers:
      Accept: [application/json]
      Accept-Encoding: ['gzip, deflate']
      CommandName: [acr create]
      Connection: [keep-alive]
      Content-Length: ['86']
      Content-Type: [application/json; charset=utf-8]
      User-Agent: [python/3.5.3 (Windows-10-10.0.15063-SP0) requests/2.18.4 msrest/0.4.15
          msrest_azure/0.4.11 containerregistrymanagementclient/1.0.1 Azure-SDK-For-Python
          AZURECLI/2.0.21]
      accept-language: [en-US]
    method: POST
    uri: https://management.azure.com/subscriptions/00000000-0000-0000-0000-000000000000/providers/Microsoft.ContainerRegistry/checkNameAvailability?api-version=2017-10-01
  response:
    body: {string: '{"nameAvailable":true}'}
    headers:
      cache-control: [no-cache]
      content-length: ['22']
      content-type: [application/json; charset=utf-8]
      date: ['Tue, 24 Oct 2017 23:28:04 GMT']
      expires: ['-1']
      pragma: [no-cache]
      server: [Microsoft-HTTPAPI/2.0]
      strict-transport-security: [max-age=31536000; includeSubDomains]
      transfer-encoding: [chunked]
      vary: [Accept-Encoding]
    status: {code: 200, message: OK}
- request:
    body: null
    headers:
      Accept: [application/json]
      Accept-Encoding: ['gzip, deflate']
      CommandName: [acr create]
      Connection: [keep-alive]
      Content-Type: [application/json; charset=utf-8]
      User-Agent: [python/3.5.3 (Windows-10-10.0.15063-SP0) requests/2.18.4 msrest/0.4.15
          msrest_azure/0.4.11 resourcemanagementclient/1.2.1 Azure-SDK-For-Python
          AZURECLI/2.0.21]
      accept-language: [en-US]
    method: GET
    uri: https://management.azure.com/subscriptions/00000000-0000-0000-0000-000000000000/resourcegroups/clitest.rg000001?api-version=2017-05-10
  response:
    body: {string: '{"id":"/subscriptions/00000000-0000-0000-0000-000000000000/resourceGroups/clitest.rg000001","name":"clitest.rg000001","location":"japanwest","tags":{"use":"az-test"},"properties":{"provisioningState":"Succeeded"}}'}
    headers:
      cache-control: [no-cache]
      content-length: ['331']
      content-type: [application/json; charset=utf-8]
      date: ['Tue, 24 Oct 2017 23:28:04 GMT']
      expires: ['-1']
      pragma: [no-cache]
      strict-transport-security: [max-age=31536000; includeSubDomains]
      vary: [Accept-Encoding]
    status: {code: 200, message: OK}
- request:
    body: 'b''{"properties": {"template": {"$schema": "https://schema.management.azure.com/schemas/2015-01-01/deploymentTemplate.json#",
      "parameters": {"registryLocation": {"metadata": {"description": "The location
      of the container registry. This cannot be changed after the resource is created."},
      "type": "string"}, "adminUserEnabled": {"metadata": {"description": "The value
      that indicates whether the admin user is enabled."}, "type": "bool", "defaultValue":
      false}, "registryApiVersion": {"metadata": {"description": "The API version
      of the container registry."}, "type": "string", "defaultValue": "2017-10-01"},
      "registrySku": {"metadata": {"description": "The SKU of the container registry."},
      "type": "string", "defaultValue": "Standard"}, "registryName": {"metadata":
      {"description": "The name of the container registry."}, "type": "string"}},
      "contentVersion": "1.0.0.0", "resources": [{"apiVersion": "[parameters(\''registryApiVersion\'')]",
      "name": "[parameters(\''registryName\'')]", "sku": {"name": "[parameters(\''registrySku\'')]"},
      "type": "Microsoft.ContainerRegistry/registries", "location": "[parameters(\''registryLocation\'')]",
      "properties": {"adminUserEnabled": "[parameters(\''adminUserEnabled\'')]"}}]},
      "parameters": {"adminUserEnabled": {"value": true}, "registryLocation": {"value":
      "japanwest"}, "registrySku": {"value": "Basic"}, "registryName": {"value": "webappacrtest000003"}},
      "mode": "Incremental"}}'''
    headers:
      Accept: [application/json]
      Accept-Encoding: ['gzip, deflate']
      CommandName: [acr create]
      Connection: [keep-alive]
      Content-Length: ['1406']
      Content-Type: [application/json; charset=utf-8]
      User-Agent: [python/3.5.3 (Windows-10-10.0.15063-SP0) requests/2.18.4 msrest/0.4.15
          msrest_azure/0.4.11 resourcemanagementclient/1.2.1 Azure-SDK-For-Python
          AZURECLI/2.0.21]
      accept-language: [en-US]
    method: PUT
    uri: https://management.azure.com/subscriptions/00000000-0000-0000-0000-000000000000/resourcegroups/clitest.rg000001/providers/Microsoft.Resources/deployments/mock-deployment?api-version=2017-05-10
  response:
    body: {string: '{"id":"/subscriptions/00000000-0000-0000-0000-000000000000/resourceGroups/clitest.rg000001/providers/Microsoft.Resources/deployments/Microsoft.ContainerRegistry_262","name":"Microsoft.ContainerRegistry_262","properties":{"templateHash":"10307076311243535625","parameters":{"registryLocation":{"type":"String","value":"japanwest"},"adminUserEnabled":{"type":"Bool","value":true},"registryApiVersion":{"type":"String","value":"2017-10-01"},"registrySku":{"type":"String","value":"Basic"},"registryName":{"type":"String","value":"webappacrtest000003"}},"mode":"Incremental","provisioningState":"Accepted","timestamp":"2017-10-24T23:28:08.694761Z","duration":"PT1.2826963S","correlationId":"206933f2-e2eb-4f82-b216-899f70de212c","providers":[{"namespace":"Microsoft.ContainerRegistry","resourceTypes":[{"resourceType":"registries","locations":["japanwest"]}]}],"dependencies":[]}}'}
    headers:
      azure-asyncoperation: ['https://management.azure.com/subscriptions/00000000-0000-0000-0000-000000000000/resourcegroups/clitest.rg000001/providers/Microsoft.Resources/deployments/Microsoft.ContainerRegistry_262/operationStatuses/08586927191980655506?api-version=2017-05-10']
      cache-control: [no-cache]
      content-length: ['940']
      content-type: [application/json; charset=utf-8]
      date: ['Tue, 24 Oct 2017 23:28:09 GMT']
      expires: ['-1']
      pragma: [no-cache]
      strict-transport-security: [max-age=31536000; includeSubDomains]
      x-ms-ratelimit-remaining-subscription-writes: ['1195']
    status: {code: 201, message: Created}
- request:
    body: null
    headers:
      Accept: [application/json]
      Accept-Encoding: ['gzip, deflate']
      CommandName: [acr create]
      Connection: [keep-alive]
      Content-Type: [application/json; charset=utf-8]
      User-Agent: [python/3.5.3 (Windows-10-10.0.15063-SP0) requests/2.18.4 msrest/0.4.15
          msrest_azure/0.4.11 resourcemanagementclient/1.2.1 Azure-SDK-For-Python
          AZURECLI/2.0.21]
      accept-language: [en-US]
    method: GET
    uri: https://management.azure.com/subscriptions/00000000-0000-0000-0000-000000000000/resourcegroups/clitest.rg000001/providers/Microsoft.Resources/deployments/mock-deployment/operationStatuses/08586927191980655506?api-version=2017-05-10
  response:
    body: {string: '{"status":"Succeeded"}'}
    headers:
      cache-control: [no-cache]
      content-length: ['22']
      content-type: [application/json; charset=utf-8]
      date: ['Tue, 24 Oct 2017 23:28:40 GMT']
      expires: ['-1']
      pragma: [no-cache]
      strict-transport-security: [max-age=31536000; includeSubDomains]
      vary: [Accept-Encoding]
    status: {code: 200, message: OK}
- request:
    body: null
    headers:
      Accept: [application/json]
      Accept-Encoding: ['gzip, deflate']
      CommandName: [acr create]
      Connection: [keep-alive]
      Content-Type: [application/json; charset=utf-8]
      User-Agent: [python/3.5.3 (Windows-10-10.0.15063-SP0) requests/2.18.4 msrest/0.4.15
          msrest_azure/0.4.11 resourcemanagementclient/1.2.1 Azure-SDK-For-Python
          AZURECLI/2.0.21]
      accept-language: [en-US]
    method: GET
    uri: https://management.azure.com/subscriptions/00000000-0000-0000-0000-000000000000/resourcegroups/clitest.rg000001/providers/Microsoft.Resources/deployments/mock-deployment?api-version=2017-05-10
  response:
    body: {string: '{"id":"/subscriptions/00000000-0000-0000-0000-000000000000/resourceGroups/clitest.rg000001/providers/Microsoft.Resources/deployments/Microsoft.ContainerRegistry_262","name":"Microsoft.ContainerRegistry_262","properties":{"templateHash":"10307076311243535625","parameters":{"registryLocation":{"type":"String","value":"japanwest"},"adminUserEnabled":{"type":"Bool","value":true},"registryApiVersion":{"type":"String","value":"2017-10-01"},"registrySku":{"type":"String","value":"Basic"},"registryName":{"type":"String","value":"webappacrtest000003"}},"mode":"Incremental","provisioningState":"Succeeded","timestamp":"2017-10-24T23:28:17.3274313Z","duration":"PT9.9153666S","correlationId":"206933f2-e2eb-4f82-b216-899f70de212c","providers":[{"namespace":"Microsoft.ContainerRegistry","resourceTypes":[{"resourceType":"registries","locations":["japanwest"]}]}],"dependencies":[],"outputResources":[{"id":"/subscriptions/00000000-0000-0000-0000-000000000000/resourceGroups/clitest.rg000001/providers/Microsoft.ContainerRegistry/registries/webappacrtest000003"}]}}'}
    headers:
      cache-control: [no-cache]
      content-length: ['1188']
      content-type: [application/json; charset=utf-8]
      date: ['Tue, 24 Oct 2017 23:28:41 GMT']
      expires: ['-1']
      pragma: [no-cache]
      strict-transport-security: [max-age=31536000; includeSubDomains]
      vary: [Accept-Encoding]
    status: {code: 200, message: OK}
- request:
    body: null
    headers:
      Accept: [application/json]
      Accept-Encoding: ['gzip, deflate']
      CommandName: [acr create]
      Connection: [keep-alive]
      Content-Type: [application/json; charset=utf-8]
      User-Agent: [python/3.5.3 (Windows-10-10.0.15063-SP0) requests/2.18.4 msrest/0.4.15
          msrest_azure/0.4.11 containerregistrymanagementclient/1.0.1 Azure-SDK-For-Python
          AZURECLI/2.0.21]
      accept-language: [en-US]
    method: GET
    uri: https://management.azure.com/subscriptions/00000000-0000-0000-0000-000000000000/resourceGroups/clitest.rg000001/providers/Microsoft.ContainerRegistry/registries/webappacrtest000003?api-version=2017-10-01
  response:
    body: {string: '{"sku":{"name":"Basic","tier":"Basic"},"type":"Microsoft.ContainerRegistry/registries","id":"/subscriptions/00000000-0000-0000-0000-000000000000/resourceGroups/clitest.rg000001/providers/Microsoft.ContainerRegistry/registries/webappacrtest000003","name":"webappacrtest000003","location":"japanwest","tags":{},"properties":{"loginServer":"webappacrtest000003.azurecr.io","creationDate":"2017-10-24T23:28:10.9928024Z","provisioningState":"Succeeded","adminUserEnabled":true}}'}
    headers:
      cache-control: [no-cache]
      content-length: ['547']
      content-type: [application/json; charset=utf-8]
      date: ['Tue, 24 Oct 2017 23:28:43 GMT']
      expires: ['-1']
      pragma: [no-cache]
      server: [Microsoft-HTTPAPI/2.0]
      strict-transport-security: [max-age=31536000; includeSubDomains]
      transfer-encoding: [chunked]
      vary: [Accept-Encoding]
    status: {code: 200, message: OK}
- request:
    body: null
    headers:
      Accept: [application/json]
      Accept-Encoding: ['gzip, deflate']
      CommandName: [appservice plan create]
      Connection: [keep-alive]
      Content-Type: [application/json; charset=utf-8]
      User-Agent: [python/3.5.3 (Windows-10-10.0.15063-SP0) requests/2.18.4 msrest/0.4.15
          msrest_azure/0.4.11 resourcemanagementclient/1.2.1 Azure-SDK-For-Python
          AZURECLI/2.0.21]
      accept-language: [en-US]
    method: GET
    uri: https://management.azure.com/subscriptions/00000000-0000-0000-0000-000000000000/resourcegroups/clitest.rg000001?api-version=2017-05-10
  response:
    body: {string: '{"id":"/subscriptions/00000000-0000-0000-0000-000000000000/resourceGroups/clitest.rg000001","name":"clitest.rg000001","location":"japanwest","tags":{"use":"az-test"},"properties":{"provisioningState":"Succeeded"}}'}
    headers:
      cache-control: [no-cache]
      content-length: ['331']
      content-type: [application/json; charset=utf-8]
      date: ['Tue, 24 Oct 2017 23:28:43 GMT']
      expires: ['-1']
      pragma: [no-cache]
      strict-transport-security: [max-age=31536000; includeSubDomains]
      vary: [Accept-Encoding]
    status: {code: 200, message: OK}
- request:
    body: 'b''{"sku": {"tier": "STANDARD", "name": "S1", "capacity": 1}, "properties":
      {"perSiteScaling": false, "reserved": true, "name": "acrtestplan000002"}, "location":
      "japanwest"}'''
    headers:
      Accept: [application/json]
      Accept-Encoding: ['gzip, deflate']
      CommandName: [appservice plan create]
      Connection: [keep-alive]
      Content-Length: ['178']
      Content-Type: [application/json; charset=utf-8]
      User-Agent: [python/3.5.3 (Windows-10-10.0.15063-SP0) requests/2.18.4 msrest/0.4.15
          msrest_azure/0.4.11 websitemanagementclient/0.33.0 Azure-SDK-For-Python
          AZURECLI/2.0.21]
      accept-language: [en-US]
    method: PUT
    uri: https://management.azure.com/subscriptions/00000000-0000-0000-0000-000000000000/resourceGroups/clitest.rg000001/providers/Microsoft.Web/serverfarms/acrtestplan000002?api-version=2016-09-01
  response:
    body: {string: '{"id":"/subscriptions/00000000-0000-0000-0000-000000000000/resourceGroups/clitest.rg000001/providers/Microsoft.Web/serverfarms/acrtestplan000002","name":"acrtestplan000002","type":"Microsoft.Web/serverfarms","kind":"linux","location":"Japan
        West","properties":{"serverFarmId":0,"name":"acrtestplan000002","workerSize":"Default","workerSizeId":0,"workerTierName":null,"numberOfWorkers":1,"currentWorkerSize":"Default","currentWorkerSizeId":0,"currentNumberOfWorkers":1,"status":"Ready","webSpace":"clitest.rg000001-JapanWestwebspace","subscription":"0b1f6471-1bf0-4dda-aec3-cb9272f09590","adminSiteName":null,"hostingEnvironment":null,"hostingEnvironmentProfile":null,"maximumNumberOfWorkers":10,"planName":"VirtualDedicatedPlan","adminRuntimeSiteName":null,"computeMode":"Shared","siteMode":null,"geoRegion":"Japan
        West","perSiteScaling":false,"numberOfSites":0,"hostingEnvironmentId":null,"isSpot":false,"spotExpirationTime":null,"tags":null,"kind":"linux","resourceGroup":"clitest.rg000001","reserved":true,"mdmId":"waws-prod-os1-009_193","targetWorkerCount":0,"targetWorkerSizeId":0,"provisioningState":"Succeeded"},"sku":{"name":"S1","tier":"Standard","size":"S1","family":"S","capacity":1}}'}
    headers:
      cache-control: [no-cache]
      content-length: ['1393']
      content-type: [application/json]
      date: ['Tue, 24 Oct 2017 23:28:54 GMT']
      expires: ['-1']
      pragma: [no-cache]
      server: [Microsoft-IIS/8.0]
      strict-transport-security: [max-age=31536000; includeSubDomains]
      transfer-encoding: [chunked]
      vary: [Accept-Encoding]
      x-aspnet-version: [4.0.30319]
      x-ms-ratelimit-remaining-subscription-writes: ['1199']
      x-powered-by: [ASP.NET]
    status: {code: 200, message: OK}
- request:
    body: null
    headers:
      Accept: [application/json]
      Accept-Encoding: ['gzip, deflate']
      CommandName: [webapp create]
      Connection: [keep-alive]
      Content-Type: [application/json; charset=utf-8]
      User-Agent: [python/3.5.3 (Windows-10-10.0.15063-SP0) requests/2.18.4 msrest/0.4.15
          msrest_azure/0.4.11 websitemanagementclient/0.33.0 Azure-SDK-For-Python
          AZURECLI/2.0.21]
      accept-language: [en-US]
    method: GET
    uri: https://management.azure.com/subscriptions/00000000-0000-0000-0000-000000000000/resourceGroups/clitest.rg000001/providers/Microsoft.Web/serverfarms/acrtestplan000002?api-version=2016-09-01
  response:
    body: {string: '{"id":"/subscriptions/00000000-0000-0000-0000-000000000000/resourceGroups/clitest.rg000001/providers/Microsoft.Web/serverfarms/acrtestplan000002","name":"acrtestplan000002","type":"Microsoft.Web/serverfarms","kind":"linux","location":"Japan
        West","properties":{"serverFarmId":0,"name":"acrtestplan000002","workerSize":"Default","workerSizeId":0,"workerTierName":null,"numberOfWorkers":1,"currentWorkerSize":"Default","currentWorkerSizeId":0,"currentNumberOfWorkers":1,"status":"Ready","webSpace":"clitest.rg000001-JapanWestwebspace","subscription":"0b1f6471-1bf0-4dda-aec3-cb9272f09590","adminSiteName":null,"hostingEnvironment":null,"hostingEnvironmentProfile":null,"maximumNumberOfWorkers":10,"planName":"VirtualDedicatedPlan","adminRuntimeSiteName":null,"computeMode":"Shared","siteMode":null,"geoRegion":"Japan
        West","perSiteScaling":false,"numberOfSites":0,"hostingEnvironmentId":null,"isSpot":false,"spotExpirationTime":null,"tags":null,"kind":"linux","resourceGroup":"clitest.rg000001","reserved":true,"mdmId":"waws-prod-os1-009_193","targetWorkerCount":0,"targetWorkerSizeId":0,"provisioningState":"Succeeded"},"sku":{"name":"S1","tier":"Standard","size":"S1","family":"S","capacity":1}}'}
    headers:
      cache-control: [no-cache]
      content-length: ['1393']
      content-type: [application/json]
      date: ['Tue, 24 Oct 2017 23:28:56 GMT']
      expires: ['-1']
      pragma: [no-cache]
      server: [Microsoft-IIS/8.0]
      strict-transport-security: [max-age=31536000; includeSubDomains]
      transfer-encoding: [chunked]
      vary: [Accept-Encoding]
      x-aspnet-version: [4.0.30319]
      x-powered-by: [ASP.NET]
    status: {code: 200, message: OK}
- request:
    body: 'b''b\''{"properties": {"siteConfig": {"localMySqlEnabled": false, "netFrameworkVersion":
      "v4.6", "linuxFxVersion": "node|6.4", "appSettings": []}, "scmSiteAlsoStopped":
      false, "reserved": false, "serverFarmId": "/subscriptions/00000000-0000-0000-0000-000000000000/resourceGroups/clitest.rg000001/providers/Microsoft.Web/serverfarms/acrtestplan000002"},
      "location": "Japan West"}\'''''
    headers:
      Accept: [application/json]
      Accept-Encoding: ['gzip, deflate']
      CommandName: [webapp create]
      Connection: [keep-alive]
      Content-Length: ['437']
      Content-Type: [application/json; charset=utf-8]
      User-Agent: [python/3.5.3 (Windows-10-10.0.15063-SP0) requests/2.18.4 msrest/0.4.15
          msrest_azure/0.4.11 websitemanagementclient/0.33.0 Azure-SDK-For-Python
          AZURECLI/2.0.21]
      accept-language: [en-US]
    method: PUT
    uri: https://management.azure.com/subscriptions/00000000-0000-0000-0000-000000000000/resourceGroups/clitest.rg000001/providers/Microsoft.Web/sites/webappacrtest000003?api-version=2016-08-01
  response:
    body: {string: '{"id":"/subscriptions/00000000-0000-0000-0000-000000000000/resourceGroups/clitest.rg000001/providers/Microsoft.Web/sites/webappacrtest000003","name":"webappacrtest000003","type":"Microsoft.Web/sites","kind":"app","location":"Japan
        West","properties":{"name":"webappacrtest000003","state":"Running","hostNames":["webappacrtest000003.azurewebsites.net"],"webSpace":"clitest.rg000001-JapanWestwebspace","selfLink":"https://waws-prod-os1-009.api.azurewebsites.windows.net:454/subscriptions/00000000-0000-0000-0000-000000000000/webspaces/clitest.rg000001-JapanWestwebspace/sites/webappacrtest000003","repositorySiteName":"webappacrtest000003","owner":null,"usageState":"Normal","enabled":true,"adminEnabled":true,"enabledHostNames":["webappacrtest000003.azurewebsites.net","webappacrtest000003.scm.azurewebsites.net"],"siteProperties":{"metadata":null,"properties":[],"appSettings":null},"availabilityState":"Normal","sslCertificates":null,"csrs":[],"cers":null,"siteMode":null,"hostNameSslStates":[{"name":"webappacrtest000003.azurewebsites.net","sslState":"Disabled","ipBasedSslResult":null,"virtualIP":null,"thumbprint":null,"toUpdate":null,"toUpdateIpBasedSsl":null,"ipBasedSslState":"NotConfigured","hostType":"Standard"},{"name":"webappacrtest000003.scm.azurewebsites.net","sslState":"Disabled","ipBasedSslResult":null,"virtualIP":null,"thumbprint":null,"toUpdate":null,"toUpdateIpBasedSsl":null,"ipBasedSslState":"NotConfigured","hostType":"Repository"}],"computeMode":null,"serverFarm":null,"serverFarmId":"/subscriptions/00000000-0000-0000-0000-000000000000/resourceGroups/clitest.rg000001/providers/Microsoft.Web/serverfarms/acrtestplan000002","reserved":true,"lastModifiedTimeUtc":"2017-10-24T23:29:00.5133333","storageRecoveryDefaultState":"Running","contentAvailabilityState":"Normal","runtimeAvailabilityState":"Normal","siteConfig":null,"deploymentId":"webappacrtest000003","trafficManagerHostNames":null,"sku":"Standard","scmSiteAlsoStopped":false,"targetSwapSlot":null,"hostingEnvironment":null,"hostingEnvironmentProfile":null,"clientAffinityEnabled":true,"clientCertEnabled":false,"hostNamesDisabled":false,"domainVerificationIdentifiers":null,"kind":"app","outboundIpAddresses":"104.215.58.230,104.215.53.202,104.215.62.87,104.215.51.91,104.215.63.211","possibleOutboundIpAddresses":"104.215.58.230,104.215.53.202,104.215.62.87,104.215.51.91,104.215.63.211,104.215.58.230","containerSize":0,"dailyMemoryTimeQuota":0,"suspendedTill":null,"siteDisabledReason":0,"functionExecutionUnitsCache":null,"maxNumberOfWorkers":null,"homeStamp":"waws-prod-os1-009","cloningInfo":null,"snapshotInfo":null,"hostingEnvironmentId":null,"tags":null,"resourceGroup":"clitest.rg000001","defaultHostName":"webappacrtest000003.azurewebsites.net","slotSwapStatus":null}}'}
    headers:
      cache-control: [no-cache]
      content-length: ['3125']
      content-type: [application/json]
      date: ['Tue, 24 Oct 2017 23:29:04 GMT']
      etag: ['"1D34D1FDF6B0215"']
      expires: ['-1']
      pragma: [no-cache]
      server: [Microsoft-IIS/8.0]
      strict-transport-security: [max-age=31536000; includeSubDomains]
      transfer-encoding: [chunked]
      vary: [Accept-Encoding]
      x-aspnet-version: [4.0.30319]
      x-ms-ratelimit-remaining-subscription-writes: ['1197']
      x-powered-by: [ASP.NET]
    status: {code: 200, message: OK}
- request:
    body: '{}'
    headers:
      Accept: [application/json]
      Accept-Encoding: ['gzip, deflate']
      CommandName: [webapp create]
      Connection: [keep-alive]
      Content-Length: ['2']
      Content-Type: [application/json; charset=utf-8]
      User-Agent: [python/3.5.3 (Windows-10-10.0.15063-SP0) requests/2.18.4 msrest/0.4.15
          msrest_azure/0.4.11 websitemanagementclient/0.33.0 Azure-SDK-For-Python
          AZURECLI/2.0.21]
      accept-language: [en-US]
    method: POST
    uri: https://management.azure.com/subscriptions/00000000-0000-0000-0000-000000000000/resourceGroups/clitest.rg000001/providers/Microsoft.Web/sites/webappacrtest000003/publishxml?api-version=2016-08-01
  response:
    body: {string: '<publishData><publishProfile profileName="webappacrtest000003
        - Web Deploy" publishMethod="MSDeploy" publishUrl="webappacrtest000003.scm.azurewebsites.net:443"
        msdeploySite="webappacrtest000003" userName="$webappacrtest000003" userPWD="5cJJqM8zHtjNLwHcqCNdQpK8HY9Pppp3jRwDYk9HP8M9SQA3XZsmuNThhBsg"
        destinationAppUrl="http://webappacrtest000003.azurewebsites.net" SQLServerDBConnectionString=""
        mySQLDBConnectionString="" hostingProviderForumLink="" controlPanelLink="http://windows.azure.com"
        webSystem="WebSites"><databases /></publishProfile><publishProfile profileName="webappacrtest000003
        - FTP" publishMethod="FTP" publishUrl="ftp://waws-prod-os1-009.ftp.azurewebsites.windows.net/site/wwwroot"
        ftpPassiveMode="True" userName="webappacrtest000003\$webappacrtest000003"
        userPWD="5cJJqM8zHtjNLwHcqCNdQpK8HY9Pppp3jRwDYk9HP8M9SQA3XZsmuNThhBsg" destinationAppUrl="http://webappacrtest000003.azurewebsites.net"
        SQLServerDBConnectionString="" mySQLDBConnectionString="" hostingProviderForumLink=""
        controlPanelLink="http://windows.azure.com" webSystem="WebSites"><databases
        /></publishProfile></publishData>'}
    headers:
      cache-control: [no-cache]
      content-length: ['1150']
      content-type: [application/xml]
      date: ['Tue, 24 Oct 2017 23:29:05 GMT']
      expires: ['-1']
      pragma: [no-cache]
      server: [Microsoft-IIS/8.0]
      strict-transport-security: [max-age=31536000; includeSubDomains]
      x-aspnet-version: [4.0.30319]
      x-ms-ratelimit-remaining-subscription-resource-requests: ['11998']
      x-powered-by: [ASP.NET]
    status: {code: 200, message: OK}
- request:
    body: null
    headers:
      Accept: [application/json]
      Accept-Encoding: ['gzip, deflate']
      CommandName: [acr credential show]
      Connection: [keep-alive]
      Content-Type: [application/json; charset=utf-8]
      User-Agent: [python/3.5.3 (Windows-10-10.0.15063-SP0) requests/2.18.4 msrest/0.4.15
          msrest_azure/0.4.11 resourcemanagementclient/1.2.1 Azure-SDK-For-Python
          AZURECLI/2.0.21]
      accept-language: [en-US]
    method: GET
    uri: https://management.azure.com/subscriptions/00000000-0000-0000-0000-000000000000/resources?api-version=2017-05-10&$filter=resourceType%20eq%20%27Microsoft.ContainerRegistry%2Fregistries%27
  response:
    body: {string: '{"value":[{"id":"/subscriptions/00000000-0000-0000-0000-000000000000/resourceGroups/clitest.rg000001/providers/Microsoft.ContainerRegistry/registries/webappacrtest000003","name":"webappacrtest000003","type":"Microsoft.ContainerRegistry/registries","sku":{"name":"Basic","tier":"Basic"},"location":"japanwest","tags":{}}]}'}
    headers:
      cache-control: [no-cache]
      content-length: ['390']
      content-type: [application/json; charset=utf-8]
      date: ['Tue, 24 Oct 2017 23:29:06 GMT']
      expires: ['-1']
      pragma: [no-cache]
      strict-transport-security: [max-age=31536000; includeSubDomains]
      vary: [Accept-Encoding]
    status: {code: 200, message: OK}
- request:
    body: null
    headers:
      Accept: [application/json]
      Accept-Encoding: ['gzip, deflate']
      CommandName: [acr credential show]
      Connection: [keep-alive]
      Content-Type: [application/json; charset=utf-8]
      User-Agent: [python/3.5.3 (Windows-10-10.0.15063-SP0) requests/2.18.4 msrest/0.4.15
          msrest_azure/0.4.11 containerregistrymanagementclient/1.0.1 Azure-SDK-For-Python
          AZURECLI/2.0.21]
      accept-language: [en-US]
    method: GET
    uri: https://management.azure.com/subscriptions/00000000-0000-0000-0000-000000000000/resourceGroups/clitest.rg000001/providers/Microsoft.ContainerRegistry/registries/webappacrtest000003?api-version=2017-10-01
  response:
    body: {string: '{"sku":{"name":"Basic","tier":"Basic"},"type":"Microsoft.ContainerRegistry/registries","id":"/subscriptions/00000000-0000-0000-0000-000000000000/resourceGroups/clitest.rg000001/providers/Microsoft.ContainerRegistry/registries/webappacrtest000003","name":"webappacrtest000003","location":"japanwest","tags":{},"properties":{"loginServer":"webappacrtest000003.azurecr.io","creationDate":"2017-10-24T23:28:10.9928024Z","provisioningState":"Succeeded","adminUserEnabled":true}}'}
    headers:
      cache-control: [no-cache]
      content-length: ['547']
      content-type: [application/json; charset=utf-8]
      date: ['Tue, 24 Oct 2017 23:29:07 GMT']
      expires: ['-1']
      pragma: [no-cache]
      server: [Microsoft-HTTPAPI/2.0]
      strict-transport-security: [max-age=31536000; includeSubDomains]
      transfer-encoding: [chunked]
      vary: [Accept-Encoding]
    status: {code: 200, message: OK}
- request:
    body: null
    headers:
      Accept: [application/json]
      Accept-Encoding: ['gzip, deflate']
      CommandName: [acr credential show]
      Connection: [keep-alive]
      Content-Length: ['0']
      Content-Type: [application/json; charset=utf-8]
      User-Agent: [python/3.5.3 (Windows-10-10.0.15063-SP0) requests/2.18.4 msrest/0.4.15
          msrest_azure/0.4.11 containerregistrymanagementclient/1.0.1 Azure-SDK-For-Python
          AZURECLI/2.0.21]
      accept-language: [en-US]
    method: POST
    uri: https://management.azure.com/subscriptions/00000000-0000-0000-0000-000000000000/resourceGroups/clitest.rg000001/providers/Microsoft.ContainerRegistry/registries/webappacrtest000003/listCredentials?api-version=2017-10-01
  response:
    body: {string: '{"username":"webappacrtest000003","passwords":[{"name":"password","value":"Qte3fdiZNZH5xHNKpJLb=/nafvgBNikO"},{"name":"password2","value":"fFXuP03DpZDJSDVSZ1Ksy+QF=W4=n9R2"}]}'}
    headers:
      cache-control: [no-cache]
      content-length: ['180']
      content-type: [application/json; charset=utf-8]
      date: ['Tue, 24 Oct 2017 23:29:08 GMT']
      expires: ['-1']
      pragma: [no-cache]
      server: [Microsoft-HTTPAPI/2.0]
      strict-transport-security: [max-age=31536000; includeSubDomains]
      transfer-encoding: [chunked]
      vary: [Accept-Encoding]
      x-ms-ratelimit-remaining-subscription-writes: ['1195']
    status: {code: 200, message: OK}
- request:
    body: null
    headers:
      Accept: [application/json]
      Accept-Encoding: ['gzip, deflate']
      CommandName: [webapp config container set]
      Connection: [keep-alive]
      Content-Type: [application/json; charset=utf-8]
      User-Agent: [python/3.5.3 (Windows-10-10.0.15063-SP0) requests/2.18.4 msrest/0.4.15
          msrest_azure/0.4.11 resourcemanagementclient/1.2.1 Azure-SDK-For-Python
          AZURECLI/2.0.21]
      accept-language: [en-US]
    method: GET
    uri: https://management.azure.com/subscriptions/00000000-0000-0000-0000-000000000000/resources?api-version=2017-05-10&$filter=resourceType%20eq%20%27Microsoft.ContainerRegistry%2Fregistries%27
  response:
    body: {string: '{"value":[{"id":"/subscriptions/00000000-0000-0000-0000-000000000000/resourceGroups/clitest.rg000001/providers/Microsoft.ContainerRegistry/registries/webappacrtest000003","name":"webappacrtest000003","type":"Microsoft.ContainerRegistry/registries","sku":{"name":"Basic","tier":"Basic"},"location":"japanwest","tags":{}}]}'}
    headers:
      cache-control: [no-cache]
      content-length: ['390']
      content-type: [application/json; charset=utf-8]
      date: ['Tue, 24 Oct 2017 23:29:08 GMT']
      expires: ['-1']
      pragma: [no-cache]
      strict-transport-security: [max-age=31536000; includeSubDomains]
      vary: [Accept-Encoding]
    status: {code: 200, message: OK}
- request:
    body: null
    headers:
      Accept: [application/json]
      Accept-Encoding: ['gzip, deflate']
      CommandName: [webapp config container set]
      Connection: [keep-alive]
      Content-Type: [application/json; charset=utf-8]
      User-Agent: [python/3.5.3 (Windows-10-10.0.15063-SP0) requests/2.18.4 msrest/0.4.15
          msrest_azure/0.4.11 containerregistrymanagementclient/1.0.1 Azure-SDK-For-Python
          AZURECLI/2.0.21]
      accept-language: [en-US]
    method: GET
    uri: https://management.azure.com/subscriptions/00000000-0000-0000-0000-000000000000/resourceGroups/clitest.rg000001/providers/Microsoft.ContainerRegistry/registries/webappacrtest000003?api-version=2017-10-01
  response:
    body: {string: '{"sku":{"name":"Basic","tier":"Basic"},"type":"Microsoft.ContainerRegistry/registries","id":"/subscriptions/00000000-0000-0000-0000-000000000000/resourceGroups/clitest.rg000001/providers/Microsoft.ContainerRegistry/registries/webappacrtest000003","name":"webappacrtest000003","location":"japanwest","tags":{},"properties":{"loginServer":"webappacrtest000003.azurecr.io","creationDate":"2017-10-24T23:28:10.9928024Z","provisioningState":"Succeeded","adminUserEnabled":true}}'}
    headers:
      cache-control: [no-cache]
      content-length: ['547']
      content-type: [application/json; charset=utf-8]
      date: ['Tue, 24 Oct 2017 23:29:09 GMT']
      expires: ['-1']
      pragma: [no-cache]
      server: [Microsoft-HTTPAPI/2.0]
      strict-transport-security: [max-age=31536000; includeSubDomains]
      transfer-encoding: [chunked]
      vary: [Accept-Encoding]
    status: {code: 200, message: OK}
- request:
    body: null
    headers:
      Accept: [application/json]
      Accept-Encoding: ['gzip, deflate']
      CommandName: [webapp config container set]
      Connection: [keep-alive]
      Content-Length: ['0']
      Content-Type: [application/json; charset=utf-8]
      User-Agent: [python/3.5.3 (Windows-10-10.0.15063-SP0) requests/2.18.4 msrest/0.4.15
          msrest_azure/0.4.11 containerregistrymanagementclient/1.0.1 Azure-SDK-For-Python
          AZURECLI/2.0.21]
      accept-language: [en-US]
    method: POST
    uri: https://management.azure.com/subscriptions/00000000-0000-0000-0000-000000000000/resourceGroups/clitest.rg000001/providers/Microsoft.ContainerRegistry/registries/webappacrtest000003/listCredentials?api-version=2017-10-01
  response:
    body: {string: '{"username":"webappacrtest000003","passwords":[{"name":"password","value":"Qte3fdiZNZH5xHNKpJLb=/nafvgBNikO"},{"name":"password2","value":"fFXuP03DpZDJSDVSZ1Ksy+QF=W4=n9R2"}]}'}
    headers:
      cache-control: [no-cache]
      content-length: ['180']
      content-type: [application/json; charset=utf-8]
      date: ['Tue, 24 Oct 2017 23:29:10 GMT']
      expires: ['-1']
      pragma: [no-cache]
      server: [Microsoft-HTTPAPI/2.0]
      strict-transport-security: [max-age=31536000; includeSubDomains]
      transfer-encoding: [chunked]
      vary: [Accept-Encoding]
      x-ms-ratelimit-remaining-subscription-writes: ['1197']
    status: {code: 200, message: OK}
- request:
    body: null
    headers:
      Accept: [application/json]
      Accept-Encoding: ['gzip, deflate']
      CommandName: [webapp config container set]
      Connection: [keep-alive]
      Content-Type: [application/json; charset=utf-8]
      User-Agent: [python/3.5.3 (Windows-10-10.0.15063-SP0) requests/2.18.4 msrest/0.4.15
          msrest_azure/0.4.11 websitemanagementclient/0.33.0 Azure-SDK-For-Python
          AZURECLI/2.0.21]
      accept-language: [en-US]
    method: GET
    uri: https://management.azure.com/subscriptions/00000000-0000-0000-0000-000000000000/resourceGroups/clitest.rg000001/providers/Microsoft.Web/sites/webappacrtest000003/config/web?api-version=2016-08-01
  response:
    body: {string: '{"id":"/subscriptions/00000000-0000-0000-0000-000000000000/resourceGroups/clitest.rg000001/providers/Microsoft.Web/sites/webappacrtest000003/config/web","name":"webappacrtest000003","type":"Microsoft.Web/sites/config","location":"Japan
        West","properties":{"numberOfWorkers":1,"defaultDocuments":["Default.htm","Default.html","Default.asp","index.htm","index.html","iisstart.htm","default.aspx","index.php","hostingstart.html"],"netFrameworkVersion":"v4.0","phpVersion":"","pythonVersion":"","nodeVersion":"","linuxFxVersion":"node|6.4","requestTracingEnabled":false,"remoteDebuggingEnabled":false,"remoteDebuggingVersion":null,"httpLoggingEnabled":false,"logsDirectorySizeLimit":35,"detailedErrorLoggingEnabled":false,"publishingUsername":"$webappacrtest000003","publishingPassword":null,"appSettings":null,"metadata":null,"connectionStrings":null,"machineKey":null,"handlerMappings":null,"documentRoot":null,"scmType":"None","use32BitWorkerProcess":true,"webSocketsEnabled":false,"alwaysOn":false,"javaVersion":null,"javaContainer":null,"javaContainerVersion":null,"appCommandLine":"","managedPipelineMode":"Integrated","virtualApplications":[{"virtualPath":"/","physicalPath":"site\\wwwroot","preloadEnabled":false,"virtualDirectories":null}],"winAuthAdminState":0,"winAuthTenantState":0,"customAppPoolIdentityAdminState":false,"customAppPoolIdentityTenantState":false,"runtimeADUser":null,"runtimeADUserPassword":null,"loadBalancing":"LeastRequests","routingRules":[],"experiments":{"rampUpRules":[]},"limits":null,"autoHealEnabled":false,"autoHealRules":{"triggers":null,"actions":null},"tracingOptions":null,"vnetName":"","siteAuthEnabled":false,"siteAuthSettings":{"enabled":null,"unauthenticatedClientAction":null,"tokenStoreEnabled":null,"allowedExternalRedirectUrls":null,"defaultProvider":null,"clientId":null,"clientSecret":null,"issuer":null,"allowedAudiences":null,"additionalLoginParams":null,"isAadAutoProvisioned":false,"googleClientId":null,"googleClientSecret":null,"googleOAuthScopes":null,"facebookAppId":null,"facebookAppSecret":null,"facebookOAuthScopes":null,"twitterConsumerKey":null,"twitterConsumerSecret":null,"microsoftAccountClientId":null,"microsoftAccountClientSecret":null,"microsoftAccountOAuthScopes":null},"cors":null,"push":null,"apiDefinition":null,"autoSwapSlotName":null,"localMySqlEnabled":false,"ipSecurityRestrictions":null}}'}
    headers:
      cache-control: [no-cache]
      content-length: ['2441']
      content-type: [application/json]
      date: ['Tue, 24 Oct 2017 23:29:12 GMT']
      expires: ['-1']
      pragma: [no-cache]
      server: [Microsoft-IIS/8.0]
      strict-transport-security: [max-age=31536000; includeSubDomains]
      transfer-encoding: [chunked]
      vary: [Accept-Encoding]
      x-aspnet-version: [4.0.30319]
      x-powered-by: [ASP.NET]
    status: {code: 200, message: OK}
- request:
    body: null
    headers:
      Accept: [application/json]
      Accept-Encoding: ['gzip, deflate']
      CommandName: [webapp config container set]
      Connection: [keep-alive]
      Content-Length: ['0']
      Content-Type: [application/json; charset=utf-8]
      User-Agent: [python/3.5.3 (Windows-10-10.0.15063-SP0) requests/2.18.4 msrest/0.4.15
          msrest_azure/0.4.11 websitemanagementclient/0.33.0 Azure-SDK-For-Python
          AZURECLI/2.0.21]
      accept-language: [en-US]
    method: POST
    uri: https://management.azure.com/subscriptions/00000000-0000-0000-0000-000000000000/resourceGroups/clitest.rg000001/providers/Microsoft.Web/sites/webappacrtest000003/config/appsettings/list?api-version=2016-08-01
  response:
    body: {string: '{"id":"/subscriptions/00000000-0000-0000-0000-000000000000/resourceGroups/clitest.rg000001/providers/Microsoft.Web/sites/webappacrtest000003/config/appsettings","name":"appsettings","type":"Microsoft.Web/sites/config","location":"Japan
        West","properties":{}}'}
    headers:
      cache-control: [no-cache]
      content-length: ['322']
      content-type: [application/json]
      date: ['Tue, 24 Oct 2017 23:29:14 GMT']
      expires: ['-1']
      pragma: [no-cache]
      server: [Microsoft-IIS/8.0]
      strict-transport-security: [max-age=31536000; includeSubDomains]
      transfer-encoding: [chunked]
      vary: [Accept-Encoding]
      x-aspnet-version: [4.0.30319]
      x-ms-ratelimit-remaining-subscription-resource-requests: ['11998']
      x-powered-by: [ASP.NET]
    status: {code: 200, message: OK}
- request:
    body: '{"properties": {"WEBSITES_ENABLE_APP_SERVICE_STORAGE": "false"}, "kind":
      "<class ''str''>"}'
    headers:
      Accept: [application/json]
      Accept-Encoding: ['gzip, deflate']
      CommandName: [webapp config container set]
      Connection: [keep-alive]
      Content-Length: ['89']
      Content-Type: [application/json; charset=utf-8]
      User-Agent: [python/3.5.3 (Windows-10-10.0.15063-SP0) requests/2.18.4 msrest/0.4.15
          msrest_azure/0.4.11 websitemanagementclient/0.33.0 Azure-SDK-For-Python
          AZURECLI/2.0.21]
      accept-language: [en-US]
    method: PUT
    uri: https://management.azure.com/subscriptions/00000000-0000-0000-0000-000000000000/resourceGroups/clitest.rg000001/providers/Microsoft.Web/sites/webappacrtest000003/config/appsettings?api-version=2016-08-01
  response:
    body: {string: '{"id":"/subscriptions/00000000-0000-0000-0000-000000000000/resourceGroups/clitest.rg000001/providers/Microsoft.Web/sites/webappacrtest000003/config/appsettings","name":"appsettings","type":"Microsoft.Web/sites/config","location":"Japan
        West","properties":{"WEBSITES_ENABLE_APP_SERVICE_STORAGE":"false"}}'}
    headers:
      cache-control: [no-cache]
      content-length: ['367']
      content-type: [application/json]
      date: ['Tue, 24 Oct 2017 23:29:15 GMT']
      etag: ['"1D34D1FE85536E0"']
      expires: ['-1']
      pragma: [no-cache]
      server: [Microsoft-IIS/8.0]
      strict-transport-security: [max-age=31536000; includeSubDomains]
      transfer-encoding: [chunked]
      vary: [Accept-Encoding]
      x-aspnet-version: [4.0.30319]
      x-ms-ratelimit-remaining-subscription-writes: ['1197']
      x-powered-by: [ASP.NET]
    status: {code: 200, message: OK}
- request:
    body: 'b''{"properties": {"experiments": {"rampUpRules": []}, "netFrameworkVersion":
      "v4.0", "publishingUsername": "$webappacrtest000003", "virtualApplications":
      [{"preloadEnabled": false, "physicalPath": "site\\\\wwwroot", "virtualPath":
      "/"}], "localMySqlEnabled": false, "alwaysOn": false, "pythonVersion": "", "defaultDocuments":
      ["Default.htm", "Default.html", "Default.asp", "index.htm", "index.html", "iisstart.htm",
      "default.aspx", "index.php", "hostingstart.html"], "httpLoggingEnabled": false,
      "linuxFxVersion": "DOCKER|webappacrtest000003.azurecr.io/image-name:latest",
      "appCommandLine": "", "scmType": "None", "autoHealEnabled": false, "nodeVersion":
      "", "requestTracingEnabled": false, "detailedErrorLoggingEnabled": false, "use32BitWorkerProcess":
      true, "loadBalancing": "LeastRequests", "logsDirectorySizeLimit": 35, "autoHealRules":
      {}, "vnetName": "", "phpVersion": "", "numberOfWorkers": 1, "managedPipelineMode":
      "Integrated", "remoteDebuggingEnabled": false, "webSocketsEnabled": false}}'''
    headers:
      Accept: [application/json]
      Accept-Encoding: ['gzip, deflate']
      CommandName: [webapp config container set]
      Connection: [keep-alive]
      Content-Length: ['1005']
      Content-Type: [application/json; charset=utf-8]
      User-Agent: [python/3.5.3 (Windows-10-10.0.15063-SP0) requests/2.18.4 msrest/0.4.15
          msrest_azure/0.4.11 websitemanagementclient/0.33.0 Azure-SDK-For-Python
          AZURECLI/2.0.21]
      accept-language: [en-US]
    method: PATCH
    uri: https://management.azure.com/subscriptions/00000000-0000-0000-0000-000000000000/resourceGroups/clitest.rg000001/providers/Microsoft.Web/sites/webappacrtest000003/config/web?api-version=2016-08-01
  response:
    body: {string: '{"id":"/subscriptions/00000000-0000-0000-0000-000000000000/resourceGroups/clitest.rg000001/providers/Microsoft.Web/sites/webappacrtest000003","name":"webappacrtest000003","type":"Microsoft.Web/sites","location":"Japan
        West","properties":{"numberOfWorkers":1,"defaultDocuments":["Default.htm","Default.html","Default.asp","index.htm","index.html","iisstart.htm","default.aspx","index.php","hostingstart.html"],"netFrameworkVersion":"v4.0","phpVersion":"","pythonVersion":"","nodeVersion":"","linuxFxVersion":"DOCKER|webappacrtest000003.azurecr.io/image-name:latest","requestTracingEnabled":false,"remoteDebuggingEnabled":false,"remoteDebuggingVersion":"VS2012","httpLoggingEnabled":false,"logsDirectorySizeLimit":35,"detailedErrorLoggingEnabled":false,"publishingUsername":"$webappacrtest000003","publishingPassword":null,"appSettings":null,"metadata":null,"connectionStrings":null,"machineKey":null,"handlerMappings":null,"documentRoot":null,"scmType":"None","use32BitWorkerProcess":true,"webSocketsEnabled":false,"alwaysOn":false,"javaVersion":null,"javaContainer":null,"javaContainerVersion":null,"appCommandLine":"","managedPipelineMode":"Integrated","virtualApplications":[{"virtualPath":"/","physicalPath":"site\\wwwroot","preloadEnabled":false,"virtualDirectories":null}],"winAuthAdminState":0,"winAuthTenantState":0,"customAppPoolIdentityAdminState":false,"customAppPoolIdentityTenantState":false,"runtimeADUser":null,"runtimeADUserPassword":null,"loadBalancing":"LeastRequests","routingRules":[],"experiments":{"rampUpRules":[]},"limits":null,"autoHealEnabled":false,"autoHealRules":{"triggers":null,"actions":null},"tracingOptions":null,"vnetName":"","siteAuthEnabled":false,"siteAuthSettings":{"enabled":null,"unauthenticatedClientAction":null,"tokenStoreEnabled":null,"allowedExternalRedirectUrls":null,"defaultProvider":null,"clientId":null,"clientSecret":null,"issuer":null,"allowedAudiences":null,"additionalLoginParams":null,"isAadAutoProvisioned":false,"googleClientId":null,"googleClientSecret":null,"googleOAuthScopes":null,"facebookAppId":null,"facebookAppSecret":null,"facebookOAuthScopes":null,"twitterConsumerKey":null,"twitterConsumerSecret":null,"microsoftAccountClientId":null,"microsoftAccountClientSecret":null,"microsoftAccountOAuthScopes":null},"cors":null,"push":null,"apiDefinition":null,"autoSwapSlotName":null,"localMySqlEnabled":false,"ipSecurityRestrictions":null}}'}
    headers:
      cache-control: [no-cache]
      content-length: ['2479']
      content-type: [application/json]
      date: ['Tue, 24 Oct 2017 23:29:18 GMT']
      etag: ['"1D34D1FE9EF2ACB"']
      expires: ['-1']
      pragma: [no-cache]
      server: [Microsoft-IIS/8.0]
      strict-transport-security: [max-age=31536000; includeSubDomains]
      transfer-encoding: [chunked]
      vary: [Accept-Encoding]
      x-aspnet-version: [4.0.30319]
      x-ms-ratelimit-remaining-subscription-writes: ['1196']
      x-powered-by: [ASP.NET]
    status: {code: 200, message: OK}
- request:
    body: null
    headers:
      Accept: [application/json]
      Accept-Encoding: ['gzip, deflate']
      CommandName: [webapp config container set]
      Connection: [keep-alive]
      Content-Length: ['0']
      Content-Type: [application/json; charset=utf-8]
      User-Agent: [python/3.5.3 (Windows-10-10.0.15063-SP0) requests/2.18.4 msrest/0.4.15
          msrest_azure/0.4.11 websitemanagementclient/0.33.0 Azure-SDK-For-Python
          AZURECLI/2.0.21]
      accept-language: [en-US]
    method: POST
    uri: https://management.azure.com/subscriptions/00000000-0000-0000-0000-000000000000/resourceGroups/clitest.rg000001/providers/Microsoft.Web/sites/webappacrtest000003/config/appsettings/list?api-version=2016-08-01
  response:
    body: {string: '{"id":"/subscriptions/00000000-0000-0000-0000-000000000000/resourceGroups/clitest.rg000001/providers/Microsoft.Web/sites/webappacrtest000003/config/appsettings","name":"appsettings","type":"Microsoft.Web/sites/config","location":"Japan
        West","properties":{"WEBSITES_ENABLE_APP_SERVICE_STORAGE":"false"}}'}
    headers:
      cache-control: [no-cache]
      content-length: ['367']
      content-type: [application/json]
      date: ['Tue, 24 Oct 2017 23:29:21 GMT']
      expires: ['-1']
      pragma: [no-cache]
      server: [Microsoft-IIS/8.0]
      strict-transport-security: [max-age=31536000; includeSubDomains]
      transfer-encoding: [chunked]
      vary: [Accept-Encoding]
      x-aspnet-version: [4.0.30319]
      x-ms-ratelimit-remaining-subscription-resource-requests: ['11997']
      x-powered-by: [ASP.NET]
    status: {code: 200, message: OK}
- request:
    body: 'b''{"properties": {"DOCKER_REGISTRY_SERVER_URL": "https://webappacrtest000003.azurecr.io",
      "WEBSITES_ENABLE_APP_SERVICE_STORAGE": "false", "DOCKER_REGISTRY_SERVER_PASSWORD":
      "Qte3fdiZNZH5xHNKpJLb=/nafvgBNikO", "DOCKER_REGISTRY_SERVER_USERNAME": "webappacrtest000003"},
      "kind": "<class \''str\''>"}'''
    headers:
      Accept: [application/json]
      Accept-Encoding: ['gzip, deflate']
      CommandName: [webapp config container set]
      Connection: [keep-alive]
      Content-Length: ['300']
      Content-Type: [application/json; charset=utf-8]
      User-Agent: [python/3.5.3 (Windows-10-10.0.15063-SP0) requests/2.18.4 msrest/0.4.15
          msrest_azure/0.4.11 websitemanagementclient/0.33.0 Azure-SDK-For-Python
          AZURECLI/2.0.21]
      accept-language: [en-US]
    method: PUT
    uri: https://management.azure.com/subscriptions/00000000-0000-0000-0000-000000000000/resourceGroups/clitest.rg000001/providers/Microsoft.Web/sites/webappacrtest000003/config/appsettings?api-version=2016-08-01
  response:
    body: {string: '{"id":"/subscriptions/00000000-0000-0000-0000-000000000000/resourceGroups/clitest.rg000001/providers/Microsoft.Web/sites/webappacrtest000003/config/appsettings","name":"appsettings","type":"Microsoft.Web/sites/config","location":"Japan
        West","properties":{"DOCKER_REGISTRY_SERVER_URL":"https://webappacrtest000003.azurecr.io","WEBSITES_ENABLE_APP_SERVICE_STORAGE":"false","DOCKER_REGISTRY_SERVER_PASSWORD":"Qte3fdiZNZH5xHNKpJLb=/nafvgBNikO","DOCKER_REGISTRY_SERVER_USERNAME":"webappacrtest000003"}}'}
    headers:
      cache-control: [no-cache]
      content-length: ['572']
      content-type: [application/json]
      date: ['Tue, 24 Oct 2017 23:29:23 GMT']
      etag: ['"1D34D1FECDBDD75"']
      expires: ['-1']
      pragma: [no-cache]
      server: [Microsoft-IIS/8.0]
      strict-transport-security: [max-age=31536000; includeSubDomains]
      transfer-encoding: [chunked]
      vary: [Accept-Encoding]
      x-aspnet-version: [4.0.30319]
      x-ms-ratelimit-remaining-subscription-writes: ['1196']
      x-powered-by: [ASP.NET]
    status: {code: 200, message: OK}
- request:
    body: null
    headers:
      Accept: [application/json]
      Accept-Encoding: ['gzip, deflate']
      CommandName: [webapp config container set]
      Connection: [keep-alive]
      Content-Length: ['0']
      Content-Type: [application/json; charset=utf-8]
      User-Agent: [python/3.5.3 (Windows-10-10.0.15063-SP0) requests/2.18.4 msrest/0.4.15
          msrest_azure/0.4.11 websitemanagementclient/0.33.0 Azure-SDK-For-Python
          AZURECLI/2.0.21]
      accept-language: [en-US]
    method: POST
    uri: https://management.azure.com/subscriptions/00000000-0000-0000-0000-000000000000/resourceGroups/clitest.rg000001/providers/Microsoft.Web/sites/webappacrtest000003/config/appsettings/list?api-version=2016-08-01
  response:
    body: {string: '{"id":"/subscriptions/00000000-0000-0000-0000-000000000000/resourceGroups/clitest.rg000001/providers/Microsoft.Web/sites/webappacrtest000003/config/appsettings","name":"appsettings","type":"Microsoft.Web/sites/config","location":"Japan
        West","properties":{"DOCKER_REGISTRY_SERVER_URL":"https://webappacrtest000003.azurecr.io","WEBSITES_ENABLE_APP_SERVICE_STORAGE":"false","DOCKER_REGISTRY_SERVER_PASSWORD":"Qte3fdiZNZH5xHNKpJLb=/nafvgBNikO","DOCKER_REGISTRY_SERVER_USERNAME":"webappacrtest000003"}}'}
    headers:
      cache-control: [no-cache]
      content-length: ['572']
      content-type: [application/json]
      date: ['Tue, 24 Oct 2017 23:29:24 GMT']
      expires: ['-1']
      pragma: [no-cache]
      server: [Microsoft-IIS/8.0]
      strict-transport-security: [max-age=31536000; includeSubDomains]
      transfer-encoding: [chunked]
      vary: [Accept-Encoding]
      x-aspnet-version: [4.0.30319]
      x-ms-ratelimit-remaining-subscription-resource-requests: ['11999']
      x-powered-by: [ASP.NET]
    status: {code: 200, message: OK}
- request:
    body: null
    headers:
      Accept: [application/json]
      Accept-Encoding: ['gzip, deflate']
      CommandName: [webapp config container set]
      Connection: [keep-alive]
      Content-Type: [application/json; charset=utf-8]
      User-Agent: [python/3.5.3 (Windows-10-10.0.15063-SP0) requests/2.18.4 msrest/0.4.15
          msrest_azure/0.4.11 websitemanagementclient/0.33.0 Azure-SDK-For-Python
          AZURECLI/2.0.21]
      accept-language: [en-US]
    method: GET
    uri: https://management.azure.com/subscriptions/00000000-0000-0000-0000-000000000000/resourceGroups/clitest.rg000001/providers/Microsoft.Web/sites/webappacrtest000003/config/slotConfigNames?api-version=2016-08-01
  response:
    body: {string: '{"id":null,"name":"webappacrtest000003","type":"Microsoft.Web/sites","location":"Japan
        West","properties":{"connectionStringNames":null,"appSettingNames":null}}'}
    headers:
      cache-control: [no-cache]
      content-length: ['165']
      content-type: [application/json]
      date: ['Tue, 24 Oct 2017 23:29:25 GMT']
      expires: ['-1']
      pragma: [no-cache]
      server: [Microsoft-IIS/8.0]
      strict-transport-security: [max-age=31536000; includeSubDomains]
      transfer-encoding: [chunked]
      vary: [Accept-Encoding]
      x-aspnet-version: [4.0.30319]
      x-powered-by: [ASP.NET]
    status: {code: 200, message: OK}
- request:
    body: null
    headers:
      Accept: [application/json]
      Accept-Encoding: ['gzip, deflate']
      CommandName: [webapp config container set]
      Connection: [keep-alive]
      Content-Type: [application/json; charset=utf-8]
      User-Agent: [python/3.5.3 (Windows-10-10.0.15063-SP0) requests/2.18.4 msrest/0.4.15
          msrest_azure/0.4.11 websitemanagementclient/0.33.0 Azure-SDK-For-Python
          AZURECLI/2.0.21]
      accept-language: [en-US]
    method: GET
    uri: https://management.azure.com/subscriptions/00000000-0000-0000-0000-000000000000/resourceGroups/clitest.rg000001/providers/Microsoft.Web/sites/webappacrtest000003/config/web?api-version=2016-08-01
  response:
    body: {string: '{"id":"/subscriptions/00000000-0000-0000-0000-000000000000/resourceGroups/clitest.rg000001/providers/Microsoft.Web/sites/webappacrtest000003/config/web","name":"webappacrtest000003","type":"Microsoft.Web/sites/config","location":"Japan
        West","properties":{"numberOfWorkers":1,"defaultDocuments":["Default.htm","Default.html","Default.asp","index.htm","index.html","iisstart.htm","default.aspx","index.php","hostingstart.html"],"netFrameworkVersion":"v4.0","phpVersion":"","pythonVersion":"","nodeVersion":"","linuxFxVersion":"DOCKER|webappacrtest000003.azurecr.io/image-name:latest","requestTracingEnabled":false,"remoteDebuggingEnabled":false,"remoteDebuggingVersion":"VS2012","httpLoggingEnabled":false,"logsDirectorySizeLimit":35,"detailedErrorLoggingEnabled":false,"publishingUsername":"$webappacrtest000003","publishingPassword":null,"appSettings":null,"metadata":null,"connectionStrings":null,"machineKey":null,"handlerMappings":null,"documentRoot":null,"scmType":"None","use32BitWorkerProcess":true,"webSocketsEnabled":false,"alwaysOn":false,"javaVersion":null,"javaContainer":null,"javaContainerVersion":null,"appCommandLine":"","managedPipelineMode":"Integrated","virtualApplications":[{"virtualPath":"/","physicalPath":"site\\wwwroot","preloadEnabled":false,"virtualDirectories":null}],"winAuthAdminState":0,"winAuthTenantState":0,"customAppPoolIdentityAdminState":false,"customAppPoolIdentityTenantState":false,"runtimeADUser":null,"runtimeADUserPassword":null,"loadBalancing":"LeastRequests","routingRules":[],"experiments":{"rampUpRules":[]},"limits":null,"autoHealEnabled":false,"autoHealRules":{"triggers":null,"actions":null},"tracingOptions":null,"vnetName":"","siteAuthEnabled":false,"siteAuthSettings":{"enabled":null,"unauthenticatedClientAction":null,"tokenStoreEnabled":null,"allowedExternalRedirectUrls":null,"defaultProvider":null,"clientId":null,"clientSecret":null,"issuer":null,"allowedAudiences":null,"additionalLoginParams":null,"isAadAutoProvisioned":false,"googleClientId":null,"googleClientSecret":null,"googleOAuthScopes":null,"facebookAppId":null,"facebookAppSecret":null,"facebookOAuthScopes":null,"twitterConsumerKey":null,"twitterConsumerSecret":null,"microsoftAccountClientId":null,"microsoftAccountClientSecret":null,"microsoftAccountOAuthScopes":null},"cors":null,"push":null,"apiDefinition":null,"autoSwapSlotName":null,"localMySqlEnabled":false,"ipSecurityRestrictions":null}}'}
    headers:
      cache-control: [no-cache]
      content-length: ['2497']
      content-type: [application/json]
      date: ['Tue, 24 Oct 2017 23:29:27 GMT']
      expires: ['-1']
      pragma: [no-cache]
      server: [Microsoft-IIS/8.0]
      strict-transport-security: [max-age=31536000; includeSubDomains]
      transfer-encoding: [chunked]
      vary: [Accept-Encoding]
      x-aspnet-version: [4.0.30319]
      x-powered-by: [ASP.NET]
    status: {code: 200, message: OK}
- request:
    body: null
    headers:
      Accept: [application/json]
      Accept-Encoding: ['gzip, deflate']
      CommandName: [group delete]
      Connection: [keep-alive]
      Content-Length: ['0']
      Content-Type: [application/json; charset=utf-8]
      User-Agent: [python/3.5.3 (Windows-10-10.0.15063-SP0) requests/2.18.4 msrest/0.4.15
          msrest_azure/0.4.11 resourcemanagementclient/1.2.1 Azure-SDK-For-Python
          AZURECLI/2.0.21]
      accept-language: [en-US]
    method: DELETE
    uri: https://management.azure.com/subscriptions/00000000-0000-0000-0000-000000000000/resourcegroups/clitest.rg000001?api-version=2017-05-10
  response:
    body: {string: ''}
    headers:
      cache-control: [no-cache]
      content-length: ['0']
      date: ['Tue, 24 Oct 2017 23:29:30 GMT']
      expires: ['-1']
      location: ['https://management.azure.com/subscriptions/00000000-0000-0000-0000-000000000000/operationresults/eyJqb2JJZCI6IlJFU09VUkNFR1JPVVBERUxFVElPTkpPQi1DTElURVNUOjJFUkdESEtCSVVTQUQ1TDVNTTRXN1pTUkVSUFNRUTVFUVVDN0hMR3wyMjkxMjY3QjYxMUNFREY4LUpBUEFOV0VTVCIsImpvYkxvY2F0aW9uIjoiamFwYW53ZXN0In0?api-version=2017-05-10']
      pragma: [no-cache]
      strict-transport-security: [max-age=31536000; includeSubDomains]
      x-ms-ratelimit-remaining-subscription-writes: ['1195']
    status: {code: 202, message: Accepted}
version: 1
