interactions:
- request:
    body: null
    headers:
      Accept: [application/json]
      Accept-Encoding: ['gzip, deflate']
      Connection: [keep-alive]
      Content-Type: [application/json; charset=utf-8]
      User-Agent: [python/3.5.2 (Windows-10-10.0.15063-SP0) requests/2.18.4 msrest/0.4.16
          msrest_azure/0.4.14 resourcemanagementclient/1.2.0rc3 Azure-SDK-For-Python
          AZURECLI/TEST/2.0.17+dev]
      accept-language: [en-US]
      x-ms-client-request-id: [0b9d09c0-aec5-11e7-9087-480fcf502758]
    method: GET
    uri: https://management.azure.com/subscriptions/00000000-0000-0000-0000-000000000000/resourcegroups/azurecli-webapp-e2e?api-version=2017-05-10
  response:
    body: {string: '{"id":"/subscriptions/00000000-0000-0000-0000-000000000000/resourceGroups/azurecli-webapp-e2e","name":"azurecli-webapp-e2e","location":"westus","tags":{"use":"az-test"},"properties":{"provisioningState":"Succeeded"}}'}
    headers:
      Cache-Control: [no-cache]
      Content-Type: [application/json; charset=utf-8]
      Date: ['Wed, 11 Oct 2017 20:44:58 GMT']
      Expires: ['-1']
      Pragma: [no-cache]
      Strict-Transport-Security: [max-age=31536000; includeSubDomains]
      Vary: [Accept-Encoding]
      content-length: ['228']
    status: {code: 200, message: OK}
- request:
    body: '{"location": "westus", "sku": {"name": "B1", "tier": "BASIC", "capacity":
      1}, "properties": {"perSiteScaling": false, "name": "webapp-e2e-plan"}}'
    headers:
      Accept: [application/json]
      Accept-Encoding: ['gzip, deflate']
      Connection: [keep-alive]
      Content-Length: ['145']
      Content-Type: [application/json; charset=utf-8]
      User-Agent: [python/3.5.2 (Windows-10-10.0.15063-SP0) requests/2.18.4 msrest/0.4.16
          msrest_azure/0.4.14 websitemanagementclient/0.33.0 Azure-SDK-For-Python
          AZURECLI/TEST/2.0.17+dev]
      accept-language: [en-US]
      x-ms-client-request-id: [0bcd8b00-aec5-11e7-9f7c-480fcf502758]
    method: PUT
    uri: https://management.azure.com/subscriptions/00000000-0000-0000-0000-000000000000/resourceGroups/azurecli-webapp-e2e/providers/Microsoft.Web/serverfarms/webapp-e2e-plan?api-version=2016-09-01
  response:
    body: {string: '{"id":"/subscriptions/00000000-0000-0000-0000-000000000000/resourceGroups/azurecli-webapp-e2e/providers/Microsoft.Web/serverfarms/webapp-e2e-plan","name":"webapp-e2e-plan","type":"Microsoft.Web/serverfarms","kind":"app","location":"West
        US","properties":{"serverFarmId":0,"name":"webapp-e2e-plan","workerSize":"Default","workerSizeId":0,"workerTierName":null,"numberOfWorkers":1,"currentWorkerSize":"Default","currentWorkerSizeId":0,"currentNumberOfWorkers":1,"status":"Ready","webSpace":"azurecli-webapp-e2e-WestUSwebspace","subscription":"8d57ddbd-c779-40ea-b660-1015f4bf027d","adminSiteName":null,"hostingEnvironment":null,"hostingEnvironmentProfile":null,"maximumNumberOfWorkers":3,"planName":"VirtualDedicatedPlan","adminRuntimeSiteName":null,"computeMode":"Shared","siteMode":null,"geoRegion":"West
        US","perSiteScaling":false,"numberOfSites":0,"hostingEnvironmentId":null,"isSpot":false,"spotExpirationTime":null,"tags":null,"kind":"app","resourceGroup":"azurecli-webapp-e2e","reserved":false,"mdmId":"waws-prod-bay-083_5790","targetWorkerCount":0,"targetWorkerSizeId":0,"provisioningState":"Succeeded"},"sku":{"name":"B1","tier":"Basic","size":"B1","family":"B","capacity":1}}'}
    headers:
      Cache-Control: [no-cache]
      Content-Type: [application/json]
      Date: ['Wed, 11 Oct 2017 20:45:07 GMT']
      Expires: ['-1']
      Pragma: [no-cache]
      Server: [Microsoft-IIS/8.0]
      Strict-Transport-Security: [max-age=31536000; includeSubDomains]
      Transfer-Encoding: [chunked]
      Vary: [Accept-Encoding]
      X-AspNet-Version: [4.0.30319]
      X-Powered-By: [ASP.NET]
      content-length: ['1201']
      x-ms-ratelimit-remaining-subscription-writes: ['1197']
    status: {code: 200, message: OK}
- request:
    body: null
    headers:
      Accept: [application/json]
      Accept-Encoding: ['gzip, deflate']
      Connection: [keep-alive]
      Content-Type: [application/json; charset=utf-8]
      User-Agent: [python/3.5.2 (Windows-10-10.0.15063-SP0) requests/2.18.4 msrest/0.4.16
          msrest_azure/0.4.14 websitemanagementclient/0.33.0 Azure-SDK-For-Python
          AZURECLI/TEST/2.0.17+dev]
      accept-language: [en-US]
      x-ms-client-request-id: [10e8ad1c-aec5-11e7-afe8-480fcf502758]
    method: GET
    uri: https://management.azure.com/subscriptions/00000000-0000-0000-0000-000000000000/resourceGroups/azurecli-webapp-e2e/providers/Microsoft.Web/serverfarms?api-version=2016-09-01
  response:
    body: {string: '{"value":[{"id":"/subscriptions/00000000-0000-0000-0000-000000000000/resourceGroups/azurecli-webapp-e2e/providers/Microsoft.Web/serverfarms/webapp-e2e-plan","name":"webapp-e2e-plan","type":"Microsoft.Web/serverfarms","kind":"app","location":"West
        US","properties":{"serverFarmId":0,"name":"webapp-e2e-plan","workerSize":"Default","workerSizeId":0,"workerTierName":null,"numberOfWorkers":1,"currentWorkerSize":"Default","currentWorkerSizeId":0,"currentNumberOfWorkers":1,"status":"Ready","webSpace":"azurecli-webapp-e2e-WestUSwebspace","subscription":"8d57ddbd-c779-40ea-b660-1015f4bf027d","adminSiteName":null,"hostingEnvironment":null,"hostingEnvironmentProfile":null,"maximumNumberOfWorkers":3,"planName":"VirtualDedicatedPlan","adminRuntimeSiteName":null,"computeMode":"Shared","siteMode":null,"geoRegion":"West
        US","perSiteScaling":false,"numberOfSites":0,"hostingEnvironmentId":null,"isSpot":false,"spotExpirationTime":null,"tags":null,"kind":"app","resourceGroup":"azurecli-webapp-e2e","reserved":false,"mdmId":"waws-prod-bay-083_5790","targetWorkerCount":0,"targetWorkerSizeId":0,"provisioningState":"Succeeded"},"sku":{"name":"B1","tier":"Basic","size":"B1","family":"B","capacity":1}}],"nextLink":null,"id":null}'}
    headers:
      Cache-Control: [no-cache]
      Content-Type: [application/json]
      Date: ['Wed, 11 Oct 2017 20:45:07 GMT']
      Expires: ['-1']
      Pragma: [no-cache]
      Server: [Microsoft-IIS/8.0]
      Strict-Transport-Security: [max-age=31536000; includeSubDomains]
      Transfer-Encoding: [chunked]
      Vary: [Accept-Encoding]
      X-AspNet-Version: [4.0.30319]
      X-Powered-By: [ASP.NET]
      content-length: ['1239']
    status: {code: 200, message: OK}
- request:
    body: null
    headers:
      Accept: [application/json]
      Accept-Encoding: ['gzip, deflate']
      Connection: [keep-alive]
      Content-Type: [application/json; charset=utf-8]
      User-Agent: [python/3.5.2 (Windows-10-10.0.15063-SP0) requests/2.18.4 msrest/0.4.16
          msrest_azure/0.4.14 websitemanagementclient/0.33.0 Azure-SDK-For-Python
          AZURECLI/TEST/2.0.17+dev]
      accept-language: [en-US]
      x-ms-client-request-id: [11204fd4-aec5-11e7-a5ce-480fcf502758]
    method: GET
    uri: https://management.azure.com/subscriptions/00000000-0000-0000-0000-000000000000/providers/Microsoft.Web/serverfarms?api-version=2016-09-01
  response:
    body: {string: '{"value":[{"id":"/subscriptions/00000000-0000-0000-0000-000000000000/resourceGroups/azurecli-webapp-e2e/providers/Microsoft.Web/serverfarms/webapp-e2e-plan","name":"webapp-e2e-plan","type":"Microsoft.Web/global","kind":"app","location":"West
        US","properties":{"serverFarmId":6695357,"name":"webapp-e2e-plan","workerSize":"Default","workerSizeId":0,"workerTierName":null,"numberOfWorkers":1,"currentWorkerSize":null,"currentWorkerSizeId":null,"currentNumberOfWorkers":null,"status":"Ready","webSpace":"azurecli-webapp-e2e-WestUSwebspace","subscription":null,"adminSiteName":null,"hostingEnvironment":null,"hostingEnvironmentProfile":null,"maximumNumberOfWorkers":3,"planName":"VirtualDedicatedPlan","adminRuntimeSiteName":null,"computeMode":"Shared","siteMode":null,"geoRegion":"West
        US","perSiteScaling":null,"numberOfSites":0,"hostingEnvironmentId":null,"isSpot":null,"spotExpirationTime":null,"tags":null,"kind":"app","resourceGroup":"azurecli-webapp-e2e","reserved":null,"mdmId":null,"targetWorkerCount":null,"targetWorkerSizeId":null,"provisioningState":null},"sku":{"name":"B1","tier":"Basic","size":"B1","family":"B","capacity":1}}],"nextLink":null,"id":null}'}
    headers:
      Cache-Control: [no-cache]
      Content-Type: [application/json]
      Date: ['Wed, 11 Oct 2017 20:45:07 GMT']
      Expires: ['-1']
      Pragma: [no-cache]
      Server: [Microsoft-IIS/8.0]
      Strict-Transport-Security: [max-age=31536000; includeSubDomains]
      Transfer-Encoding: [chunked]
      Vary: [Accept-Encoding]
      X-AspNet-Version: [4.0.30319]
      X-Powered-By: [ASP.NET]
      content-length: ['1183']
    status: {code: 200, message: OK}
- request:
    body: null
    headers:
      Accept: [application/json]
      Accept-Encoding: ['gzip, deflate']
      Connection: [keep-alive]
      Content-Type: [application/json; charset=utf-8]
      User-Agent: [python/3.5.2 (Windows-10-10.0.15063-SP0) requests/2.18.4 msrest/0.4.16
          msrest_azure/0.4.14 websitemanagementclient/0.33.0 Azure-SDK-For-Python
          AZURECLI/TEST/2.0.17+dev]
      accept-language: [en-US]
      x-ms-client-request-id: [119276d0-aec5-11e7-ba3b-480fcf502758]
    method: GET
    uri: https://management.azure.com/subscriptions/00000000-0000-0000-0000-000000000000/resourceGroups/azurecli-webapp-e2e/providers/Microsoft.Web/serverfarms/webapp-e2e-plan?api-version=2016-09-01
  response:
    body: {string: '{"id":"/subscriptions/00000000-0000-0000-0000-000000000000/resourceGroups/azurecli-webapp-e2e/providers/Microsoft.Web/serverfarms/webapp-e2e-plan","name":"webapp-e2e-plan","type":"Microsoft.Web/serverfarms","kind":"app","location":"West
        US","properties":{"serverFarmId":0,"name":"webapp-e2e-plan","workerSize":"Default","workerSizeId":0,"workerTierName":null,"numberOfWorkers":1,"currentWorkerSize":"Default","currentWorkerSizeId":0,"currentNumberOfWorkers":1,"status":"Ready","webSpace":"azurecli-webapp-e2e-WestUSwebspace","subscription":"8d57ddbd-c779-40ea-b660-1015f4bf027d","adminSiteName":null,"hostingEnvironment":null,"hostingEnvironmentProfile":null,"maximumNumberOfWorkers":3,"planName":"VirtualDedicatedPlan","adminRuntimeSiteName":null,"computeMode":"Shared","siteMode":null,"geoRegion":"West
        US","perSiteScaling":false,"numberOfSites":0,"hostingEnvironmentId":null,"isSpot":false,"spotExpirationTime":null,"tags":null,"kind":"app","resourceGroup":"azurecli-webapp-e2e","reserved":false,"mdmId":"waws-prod-bay-083_5790","targetWorkerCount":0,"targetWorkerSizeId":0,"provisioningState":"Succeeded"},"sku":{"name":"B1","tier":"Basic","size":"B1","family":"B","capacity":1}}'}
    headers:
      Cache-Control: [no-cache]
      Content-Type: [application/json]
      Date: ['Wed, 11 Oct 2017 20:45:09 GMT']
      Expires: ['-1']
      Pragma: [no-cache]
      Server: [Microsoft-IIS/8.0]
      Strict-Transport-Security: [max-age=31536000; includeSubDomains]
      Transfer-Encoding: [chunked]
      Vary: [Accept-Encoding]
      X-AspNet-Version: [4.0.30319]
      X-Powered-By: [ASP.NET]
      content-length: ['1201']
    status: {code: 200, message: OK}
- request:
    body: null
    headers:
      Accept: [application/json]
      Accept-Encoding: ['gzip, deflate']
      Connection: [keep-alive]
      Content-Type: [application/json; charset=utf-8]
      User-Agent: [python/3.5.2 (Windows-10-10.0.15063-SP0) requests/2.18.4 msrest/0.4.16
          msrest_azure/0.4.14 websitemanagementclient/0.33.0 Azure-SDK-For-Python
          AZURECLI/TEST/2.0.17+dev]
      accept-language: [en-US]
      x-ms-client-request-id: [127c8bd4-aec5-11e7-9436-480fcf502758]
    method: GET
    uri: https://management.azure.com/subscriptions/00000000-0000-0000-0000-000000000000/resourceGroups/azurecli-webapp-e2e/providers/Microsoft.Web/serverfarms/webapp-e2e-plan?api-version=2016-09-01
  response:
    body: {string: '{"id":"/subscriptions/00000000-0000-0000-0000-000000000000/resourceGroups/azurecli-webapp-e2e/providers/Microsoft.Web/serverfarms/webapp-e2e-plan","name":"webapp-e2e-plan","type":"Microsoft.Web/serverfarms","kind":"app","location":"West
        US","properties":{"serverFarmId":0,"name":"webapp-e2e-plan","workerSize":"Default","workerSizeId":0,"workerTierName":null,"numberOfWorkers":1,"currentWorkerSize":"Default","currentWorkerSizeId":0,"currentNumberOfWorkers":1,"status":"Ready","webSpace":"azurecli-webapp-e2e-WestUSwebspace","subscription":"8d57ddbd-c779-40ea-b660-1015f4bf027d","adminSiteName":null,"hostingEnvironment":null,"hostingEnvironmentProfile":null,"maximumNumberOfWorkers":3,"planName":"VirtualDedicatedPlan","adminRuntimeSiteName":null,"computeMode":"Shared","siteMode":null,"geoRegion":"West
        US","perSiteScaling":false,"numberOfSites":0,"hostingEnvironmentId":null,"isSpot":false,"spotExpirationTime":null,"tags":null,"kind":"app","resourceGroup":"azurecli-webapp-e2e","reserved":false,"mdmId":"waws-prod-bay-083_5790","targetWorkerCount":0,"targetWorkerSizeId":0,"provisioningState":"Succeeded"},"sku":{"name":"B1","tier":"Basic","size":"B1","family":"B","capacity":1}}'}
    headers:
      Cache-Control: [no-cache]
      Content-Type: [application/json]
      Date: ['Wed, 11 Oct 2017 20:45:10 GMT']
      Expires: ['-1']
      Pragma: [no-cache]
      Server: [Microsoft-IIS/8.0]
      Strict-Transport-Security: [max-age=31536000; includeSubDomains]
      Transfer-Encoding: [chunked]
      Vary: [Accept-Encoding]
      X-AspNet-Version: [4.0.30319]
      X-Powered-By: [ASP.NET]
      content-length: ['1201']
    status: {code: 200, message: OK}
- request:
    body: '{"location": "West US", "properties": {"scmSiteAlsoStopped": false, "microService":
      "WebSites", "serverFarmId": "/subscriptions/8d57ddbd-c779-40ea-b660-1015f4bf027d/resourceGroups/azurecli-webapp-e2e/providers/Microsoft.Web/serverfarms/webapp-e2e-plan",
      "reserved": false, "siteConfig": {"netFrameworkVersion": "v4.6", "appSettings":
      [{"value": "6.9.1", "name": "WEBSITE_NODE_DEFAULT_VERSION"}], "localMySqlEnabled":
      false}}}'
    headers:
      Accept: [application/json]
      Accept-Encoding: ['gzip, deflate']
      Connection: [keep-alive]
      Content-Length: ['431']
      Content-Type: [application/json; charset=utf-8]
      User-Agent: [python/3.5.2 (Windows-10-10.0.15063-SP0) requests/2.18.4 msrest/0.4.16
          msrest_azure/0.4.14 websitemanagementclient/0.33.0 Azure-SDK-For-Python
          AZURECLI/TEST/2.0.17+dev]
      accept-language: [en-US]
      x-ms-client-request-id: [12e90c62-aec5-11e7-8c70-480fcf502758]
    method: PUT
    uri: https://management.azure.com/subscriptions/00000000-0000-0000-0000-000000000000/resourceGroups/azurecli-webapp-e2e/providers/Microsoft.Web/sites/webapp-e2e?api-version=2016-08-01
  response:
    body: {string: '{"id":"/subscriptions/00000000-0000-0000-0000-000000000000/resourceGroups/azurecli-webapp-e2e/providers/Microsoft.Web/sites/webapp-e2e","name":"webapp-e2e","type":"Microsoft.Web/sites","kind":"app","location":"West
        US","properties":{"name":"webapp-e2e","state":"Running","hostNames":["webapp-e2e.azurewebsites.net"],"webSpace":"azurecli-webapp-e2e-WestUSwebspace","selfLink":"https://waws-prod-bay-083.api.azurewebsites.windows.net:454/subscriptions/00000000-0000-0000-0000-000000000000/webspaces/azurecli-webapp-e2e-WestUSwebspace/sites/webapp-e2e","repositorySiteName":"webapp-e2e","owner":null,"usageState":"Normal","enabled":true,"adminEnabled":true,"enabledHostNames":["webapp-e2e.azurewebsites.net","webapp-e2e.scm.azurewebsites.net"],"siteProperties":{"metadata":null,"properties":[],"appSettings":null},"availabilityState":"Normal","sslCertificates":null,"csrs":[],"cers":null,"siteMode":null,"hostNameSslStates":[{"name":"webapp-e2e.azurewebsites.net","sslState":"Disabled","ipBasedSslResult":null,"virtualIP":null,"thumbprint":null,"toUpdate":null,"toUpdateIpBasedSsl":null,"ipBasedSslState":"NotConfigured","hostType":"Standard"},{"name":"webapp-e2e.scm.azurewebsites.net","sslState":"Disabled","ipBasedSslResult":null,"virtualIP":null,"thumbprint":null,"toUpdate":null,"toUpdateIpBasedSsl":null,"ipBasedSslState":"NotConfigured","hostType":"Repository"}],"computeMode":null,"serverFarm":null,"serverFarmId":"/subscriptions/00000000-0000-0000-0000-000000000000/resourceGroups/azurecli-webapp-e2e/providers/Microsoft.Web/serverfarms/webapp-e2e-plan","reserved":false,"lastModifiedTimeUtc":"2017-10-11T20:45:12.65","storageRecoveryDefaultState":"Running","contentAvailabilityState":"Normal","runtimeAvailabilityState":"Normal","siteConfig":null,"deploymentId":"webapp-e2e","trafficManagerHostNames":null,"sku":"Basic","scmSiteAlsoStopped":false,"targetSwapSlot":null,"hostingEnvironment":null,"hostingEnvironmentProfile":null,"clientAffinityEnabled":true,"clientCertEnabled":false,"hostNamesDisabled":false,"domainVerificationIdentifiers":null,"kind":"app","outboundIpAddresses":"40.118.246.51,40.78.98.75,40.86.187.157,40.78.101.192,40.78.97.93","possibleOutboundIpAddresses":"40.118.246.51,40.78.98.75,40.86.187.157,40.78.101.192,40.78.97.93,40.85.159.5,13.91.108.158","containerSize":0,"dailyMemoryTimeQuota":0,"suspendedTill":null,"siteDisabledReason":0,"functionExecutionUnitsCache":null,"maxNumberOfWorkers":null,"homeStamp":"waws-prod-bay-083","cloningInfo":null,"snapshotInfo":null,"hostingEnvironmentId":null,"tags":null,"resourceGroup":"azurecli-webapp-e2e","defaultHostName":"webapp-e2e.azurewebsites.net","slotSwapStatus":null}}'}
    headers:
      Cache-Control: [no-cache]
      Content-Type: [application/json]
      Date: ['Wed, 11 Oct 2017 20:45:17 GMT']
      ETag: ['"1D342D1D5FAEF2B"']
      Expires: ['-1']
      Pragma: [no-cache]
      Server: [Microsoft-IIS/8.0]
      Strict-Transport-Security: [max-age=31536000; includeSubDomains]
      Transfer-Encoding: [chunked]
      Vary: [Accept-Encoding]
      X-AspNet-Version: [4.0.30319]
      X-Powered-By: [ASP.NET]
      content-length: ['2679']
      x-ms-ratelimit-remaining-subscription-writes: ['1199']
    status: {code: 200, message: OK}
- request:
    body: '{}'
    headers:
      Accept: [application/json]
      Accept-Encoding: ['gzip, deflate']
      Connection: [keep-alive]
      Content-Length: ['2']
      Content-Type: [application/json; charset=utf-8]
      User-Agent: [python/3.5.2 (Windows-10-10.0.15063-SP0) requests/2.18.4 msrest/0.4.16
          msrest_azure/0.4.14 websitemanagementclient/0.33.0 Azure-SDK-For-Python
          AZURECLI/TEST/2.0.17+dev]
      accept-language: [en-US]
      x-ms-client-request-id: [17b59f90-aec5-11e7-81b2-480fcf502758]
    method: POST
    uri: https://management.azure.com/subscriptions/00000000-0000-0000-0000-000000000000/resourceGroups/azurecli-webapp-e2e/providers/Microsoft.Web/sites/webapp-e2e/publishxml?api-version=2016-08-01
  response:
    body: {string: '<publishData><publishProfile profileName="webapp-e2e - Web Deploy"
        publishMethod="MSDeploy" publishUrl="webapp-e2e.scm.azurewebsites.net:443"
        msdeploySite="webapp-e2e" userName="$webapp-e2e" userPWD="cEa7ot0yawRzaEmB5gZjk1171hEgbTTR1cp8gyR3rvN7MljkrF7tikA76Svx"
        destinationAppUrl="http://webapp-e2e.azurewebsites.net" SQLServerDBConnectionString=""
        mySQLDBConnectionString="" hostingProviderForumLink="" controlPanelLink="http://windows.azure.com"
        webSystem="WebSites"><databases /></publishProfile><publishProfile profileName="webapp-e2e
        - FTP" publishMethod="FTP" publishUrl="ftp://waws-prod-bay-083.ftp.azurewebsites.windows.net/site/wwwroot"
        ftpPassiveMode="True" userName="webapp-e2e\$webapp-e2e" userPWD="cEa7ot0yawRzaEmB5gZjk1171hEgbTTR1cp8gyR3rvN7MljkrF7tikA76Svx"
        destinationAppUrl="http://webapp-e2e.azurewebsites.net" SQLServerDBConnectionString=""
        mySQLDBConnectionString="" hostingProviderForumLink="" controlPanelLink="http://windows.azure.com"
        webSystem="WebSites"><databases /></publishProfile></publishData>'}
    headers:
      Cache-Control: [no-cache]
      Content-Length: ['1024']
      Content-Type: [application/xml]
      Date: ['Wed, 11 Oct 2017 20:45:18 GMT']
      Expires: ['-1']
      Pragma: [no-cache]
      Server: [Microsoft-IIS/8.0]
      Strict-Transport-Security: [max-age=31536000; includeSubDomains]
      X-AspNet-Version: [4.0.30319]
      X-Powered-By: [ASP.NET]
      x-ms-ratelimit-remaining-subscription-resource-requests: ['11998']
    status: {code: 200, message: OK}
- request:
    body: null
    headers:
      Accept: [application/json]
      Accept-Encoding: ['gzip, deflate']
      Connection: [keep-alive]
      Content-Type: [application/json; charset=utf-8]
      User-Agent: [python/3.5.2 (Windows-10-10.0.15063-SP0) requests/2.18.4 msrest/0.4.16
          msrest_azure/0.4.14 websitemanagementclient/0.33.0 Azure-SDK-For-Python
          AZURECLI/TEST/2.0.17+dev]
      accept-language: [en-US]
      x-ms-client-request-id: [181287b6-aec5-11e7-aa59-480fcf502758]
    method: GET
    uri: https://management.azure.com/subscriptions/00000000-0000-0000-0000-000000000000/resourceGroups/azurecli-webapp-e2e/providers/Microsoft.Web/sites?api-version=2016-08-01
  response:
    body: {string: '{"value":[{"id":"/subscriptions/00000000-0000-0000-0000-000000000000/resourceGroups/azurecli-webapp-e2e/providers/Microsoft.Web/sites/webapp-e2e","name":"webapp-e2e","type":"Microsoft.Web/sites","kind":"app","location":"West
        US","properties":{"name":"webapp-e2e","state":"Running","hostNames":["webapp-e2e.azurewebsites.net"],"webSpace":"azurecli-webapp-e2e-WestUSwebspace","selfLink":"https://waws-prod-bay-083.api.azurewebsites.windows.net:454/subscriptions/00000000-0000-0000-0000-000000000000/webspaces/azurecli-webapp-e2e-WestUSwebspace/sites/webapp-e2e","repositorySiteName":"webapp-e2e","owner":null,"usageState":"Normal","enabled":true,"adminEnabled":true,"enabledHostNames":["webapp-e2e.azurewebsites.net","webapp-e2e.scm.azurewebsites.net"],"siteProperties":{"metadata":null,"properties":[],"appSettings":null},"availabilityState":"Normal","sslCertificates":null,"csrs":[],"cers":null,"siteMode":null,"hostNameSslStates":[{"name":"webapp-e2e.azurewebsites.net","sslState":"Disabled","ipBasedSslResult":null,"virtualIP":null,"thumbprint":null,"toUpdate":null,"toUpdateIpBasedSsl":null,"ipBasedSslState":"NotConfigured","hostType":"Standard"},{"name":"webapp-e2e.scm.azurewebsites.net","sslState":"Disabled","ipBasedSslResult":null,"virtualIP":null,"thumbprint":null,"toUpdate":null,"toUpdateIpBasedSsl":null,"ipBasedSslState":"NotConfigured","hostType":"Repository"}],"computeMode":null,"serverFarm":null,"serverFarmId":"/subscriptions/00000000-0000-0000-0000-000000000000/resourceGroups/azurecli-webapp-e2e/providers/Microsoft.Web/serverfarms/webapp-e2e-plan","reserved":false,"lastModifiedTimeUtc":"2017-10-11T20:45:12.9466667","storageRecoveryDefaultState":"Running","contentAvailabilityState":"Normal","runtimeAvailabilityState":"Normal","siteConfig":null,"deploymentId":"webapp-e2e","trafficManagerHostNames":null,"sku":"Basic","scmSiteAlsoStopped":false,"targetSwapSlot":null,"hostingEnvironment":null,"hostingEnvironmentProfile":null,"clientAffinityEnabled":true,"clientCertEnabled":false,"hostNamesDisabled":false,"domainVerificationIdentifiers":null,"kind":"app","outboundIpAddresses":"40.118.246.51,40.78.98.75,40.86.187.157,40.78.101.192,40.78.97.93","possibleOutboundIpAddresses":"40.118.246.51,40.78.98.75,40.86.187.157,40.78.101.192,40.78.97.93,40.85.159.5,13.91.108.158","containerSize":0,"dailyMemoryTimeQuota":0,"suspendedTill":null,"siteDisabledReason":0,"functionExecutionUnitsCache":null,"maxNumberOfWorkers":null,"homeStamp":"waws-prod-bay-083","cloningInfo":null,"snapshotInfo":null,"hostingEnvironmentId":null,"tags":null,"resourceGroup":"azurecli-webapp-e2e","defaultHostName":"webapp-e2e.azurewebsites.net","slotSwapStatus":null}}],"nextLink":null,"id":null}'}
    headers:
      Cache-Control: [no-cache]
      Content-Type: [application/json]
      Date: ['Wed, 11 Oct 2017 20:45:18 GMT']
      Expires: ['-1']
      Pragma: [no-cache]
      Server: [Microsoft-IIS/8.0]
      Strict-Transport-Security: [max-age=31536000; includeSubDomains]
      Transfer-Encoding: [chunked]
      Vary: [Accept-Encoding]
      X-AspNet-Version: [4.0.30319]
      X-Powered-By: [ASP.NET]
      content-length: ['2722']
    status: {code: 200, message: OK}
- request:
    body: null
    headers:
      Accept: [application/json]
      Accept-Encoding: ['gzip, deflate']
      Connection: [keep-alive]
      Content-Type: [application/json; charset=utf-8]
      User-Agent: [python/3.5.2 (Windows-10-10.0.15063-SP0) requests/2.18.4 msrest/0.4.16
          msrest_azure/0.4.14 websitemanagementclient/0.33.0 Azure-SDK-For-Python
          AZURECLI/TEST/2.0.17+dev]
      accept-language: [en-US]
      x-ms-client-request-id: [184fd1e4-aec5-11e7-9112-480fcf502758]
    method: GET
    uri: https://management.azure.com/subscriptions/00000000-0000-0000-0000-000000000000/resourceGroups/azurecli-webapp-e2e/providers/Microsoft.Web/sites/webapp-e2e?api-version=2016-08-01
  response:
    body: {string: '{"id":"/subscriptions/00000000-0000-0000-0000-000000000000/resourceGroups/azurecli-webapp-e2e/providers/Microsoft.Web/sites/webapp-e2e","name":"webapp-e2e","type":"Microsoft.Web/sites","kind":"app","location":"West
        US","properties":{"name":"webapp-e2e","state":"Running","hostNames":["webapp-e2e.azurewebsites.net"],"webSpace":"azurecli-webapp-e2e-WestUSwebspace","selfLink":"https://waws-prod-bay-083.api.azurewebsites.windows.net:454/subscriptions/00000000-0000-0000-0000-000000000000/webspaces/azurecli-webapp-e2e-WestUSwebspace/sites/webapp-e2e","repositorySiteName":"webapp-e2e","owner":null,"usageState":"Normal","enabled":true,"adminEnabled":true,"enabledHostNames":["webapp-e2e.azurewebsites.net","webapp-e2e.scm.azurewebsites.net"],"siteProperties":{"metadata":null,"properties":[],"appSettings":null},"availabilityState":"Normal","sslCertificates":null,"csrs":[],"cers":null,"siteMode":null,"hostNameSslStates":[{"name":"webapp-e2e.azurewebsites.net","sslState":"Disabled","ipBasedSslResult":null,"virtualIP":null,"thumbprint":null,"toUpdate":null,"toUpdateIpBasedSsl":null,"ipBasedSslState":"NotConfigured","hostType":"Standard"},{"name":"webapp-e2e.scm.azurewebsites.net","sslState":"Disabled","ipBasedSslResult":null,"virtualIP":null,"thumbprint":null,"toUpdate":null,"toUpdateIpBasedSsl":null,"ipBasedSslState":"NotConfigured","hostType":"Repository"}],"computeMode":null,"serverFarm":null,"serverFarmId":"/subscriptions/00000000-0000-0000-0000-000000000000/resourceGroups/azurecli-webapp-e2e/providers/Microsoft.Web/serverfarms/webapp-e2e-plan","reserved":false,"lastModifiedTimeUtc":"2017-10-11T20:45:12.9466667","storageRecoveryDefaultState":"Running","contentAvailabilityState":"Normal","runtimeAvailabilityState":"Normal","siteConfig":null,"deploymentId":"webapp-e2e","trafficManagerHostNames":null,"sku":"Basic","scmSiteAlsoStopped":false,"targetSwapSlot":null,"hostingEnvironment":null,"hostingEnvironmentProfile":null,"clientAffinityEnabled":true,"clientCertEnabled":false,"hostNamesDisabled":false,"domainVerificationIdentifiers":null,"kind":"app","outboundIpAddresses":"40.118.246.51,40.78.98.75,40.86.187.157,40.78.101.192,40.78.97.93","possibleOutboundIpAddresses":"40.118.246.51,40.78.98.75,40.86.187.157,40.78.101.192,40.78.97.93,40.85.159.5,13.91.108.158","containerSize":0,"dailyMemoryTimeQuota":0,"suspendedTill":null,"siteDisabledReason":0,"functionExecutionUnitsCache":null,"maxNumberOfWorkers":null,"homeStamp":"waws-prod-bay-083","cloningInfo":null,"snapshotInfo":null,"hostingEnvironmentId":null,"tags":null,"resourceGroup":"azurecli-webapp-e2e","defaultHostName":"webapp-e2e.azurewebsites.net","slotSwapStatus":null}}'}
    headers:
      Cache-Control: [no-cache]
      Content-Type: [application/json]
      Date: ['Wed, 11 Oct 2017 20:45:20 GMT']
      ETag: ['"1D342D1D5FAEF2B"']
      Expires: ['-1']
      Pragma: [no-cache]
      Server: [Microsoft-IIS/8.0]
      Strict-Transport-Security: [max-age=31536000; includeSubDomains]
      Transfer-Encoding: [chunked]
      Vary: [Accept-Encoding]
      X-AspNet-Version: [4.0.30319]
      X-Powered-By: [ASP.NET]
      content-length: ['2684']
    status: {code: 200, message: OK}
- request:
    body: '{}'
    headers:
      Accept: [application/json]
      Accept-Encoding: ['gzip, deflate']
      Connection: [keep-alive]
      Content-Length: ['2']
      Content-Type: [application/json; charset=utf-8]
      User-Agent: [python/3.5.2 (Windows-10-10.0.15063-SP0) requests/2.18.4 msrest/0.4.16
          msrest_azure/0.4.14 websitemanagementclient/0.33.0 Azure-SDK-For-Python
          AZURECLI/TEST/2.0.17+dev]
      accept-language: [en-US]
      x-ms-client-request-id: [18c86eba-aec5-11e7-9444-480fcf502758]
    method: POST
    uri: https://management.azure.com/subscriptions/00000000-0000-0000-0000-000000000000/resourceGroups/azurecli-webapp-e2e/providers/Microsoft.Web/sites/webapp-e2e/publishxml?api-version=2016-08-01
  response:
    body: {string: '<publishData><publishProfile profileName="webapp-e2e - Web Deploy"
        publishMethod="MSDeploy" publishUrl="webapp-e2e.scm.azurewebsites.net:443"
        msdeploySite="webapp-e2e" userName="$webapp-e2e" userPWD="cEa7ot0yawRzaEmB5gZjk1171hEgbTTR1cp8gyR3rvN7MljkrF7tikA76Svx"
        destinationAppUrl="http://webapp-e2e.azurewebsites.net" SQLServerDBConnectionString=""
        mySQLDBConnectionString="" hostingProviderForumLink="" controlPanelLink="http://windows.azure.com"
        webSystem="WebSites"><databases /></publishProfile><publishProfile profileName="webapp-e2e
        - FTP" publishMethod="FTP" publishUrl="ftp://waws-prod-bay-083.ftp.azurewebsites.windows.net/site/wwwroot"
        ftpPassiveMode="True" userName="webapp-e2e\$webapp-e2e" userPWD="cEa7ot0yawRzaEmB5gZjk1171hEgbTTR1cp8gyR3rvN7MljkrF7tikA76Svx"
        destinationAppUrl="http://webapp-e2e.azurewebsites.net" SQLServerDBConnectionString=""
        mySQLDBConnectionString="" hostingProviderForumLink="" controlPanelLink="http://windows.azure.com"
        webSystem="WebSites"><databases /></publishProfile></publishData>'}
    headers:
      Cache-Control: [no-cache]
      Content-Length: ['1024']
      Content-Type: [application/xml]
      Date: ['Wed, 11 Oct 2017 20:45:21 GMT']
      Expires: ['-1']
      Pragma: [no-cache]
      Server: [Microsoft-IIS/8.0]
      Strict-Transport-Security: [max-age=31536000; includeSubDomains]
      X-AspNet-Version: [4.0.30319]
      X-Powered-By: [ASP.NET]
      x-ms-ratelimit-remaining-subscription-resource-requests: ['11999']
    status: {code: 200, message: OK}
- request:
    body: null
    headers:
      Accept: [application/json]
      Accept-Encoding: ['gzip, deflate']
      Connection: [keep-alive]
      Content-Type: [application/json; charset=utf-8]
      User-Agent: [python/3.5.2 (Windows-10-10.0.15063-SP0) requests/2.18.4 msrest/0.4.16
          msrest_azure/0.4.14 websitemanagementclient/0.33.0 Azure-SDK-For-Python
          AZURECLI/TEST/2.0.17+dev]
      accept-language: [en-US]
      x-ms-client-request-id: [19837ec0-aec5-11e7-91fb-480fcf502758]
    method: GET
    uri: https://management.azure.com/subscriptions/00000000-0000-0000-0000-000000000000/resourceGroups/azurecli-webapp-e2e/providers/Microsoft.Web/sites/webapp-e2e?api-version=2016-08-01
  response:
    body: {string: '{"id":"/subscriptions/00000000-0000-0000-0000-000000000000/resourceGroups/azurecli-webapp-e2e/providers/Microsoft.Web/sites/webapp-e2e","name":"webapp-e2e","type":"Microsoft.Web/sites","kind":"app","location":"West
        US","properties":{"name":"webapp-e2e","state":"Running","hostNames":["webapp-e2e.azurewebsites.net"],"webSpace":"azurecli-webapp-e2e-WestUSwebspace","selfLink":"https://waws-prod-bay-083.api.azurewebsites.windows.net:454/subscriptions/00000000-0000-0000-0000-000000000000/webspaces/azurecli-webapp-e2e-WestUSwebspace/sites/webapp-e2e","repositorySiteName":"webapp-e2e","owner":null,"usageState":"Normal","enabled":true,"adminEnabled":true,"enabledHostNames":["webapp-e2e.azurewebsites.net","webapp-e2e.scm.azurewebsites.net"],"siteProperties":{"metadata":null,"properties":[],"appSettings":null},"availabilityState":"Normal","sslCertificates":null,"csrs":[],"cers":null,"siteMode":null,"hostNameSslStates":[{"name":"webapp-e2e.azurewebsites.net","sslState":"Disabled","ipBasedSslResult":null,"virtualIP":null,"thumbprint":null,"toUpdate":null,"toUpdateIpBasedSsl":null,"ipBasedSslState":"NotConfigured","hostType":"Standard"},{"name":"webapp-e2e.scm.azurewebsites.net","sslState":"Disabled","ipBasedSslResult":null,"virtualIP":null,"thumbprint":null,"toUpdate":null,"toUpdateIpBasedSsl":null,"ipBasedSslState":"NotConfigured","hostType":"Repository"}],"computeMode":null,"serverFarm":null,"serverFarmId":"/subscriptions/00000000-0000-0000-0000-000000000000/resourceGroups/azurecli-webapp-e2e/providers/Microsoft.Web/serverfarms/webapp-e2e-plan","reserved":false,"lastModifiedTimeUtc":"2017-10-11T20:45:12.9466667","storageRecoveryDefaultState":"Running","contentAvailabilityState":"Normal","runtimeAvailabilityState":"Normal","siteConfig":null,"deploymentId":"webapp-e2e","trafficManagerHostNames":null,"sku":"Basic","scmSiteAlsoStopped":false,"targetSwapSlot":null,"hostingEnvironment":null,"hostingEnvironmentProfile":null,"clientAffinityEnabled":true,"clientCertEnabled":false,"hostNamesDisabled":false,"domainVerificationIdentifiers":null,"kind":"app","outboundIpAddresses":"40.118.246.51,40.78.98.75,40.86.187.157,40.78.101.192,40.78.97.93","possibleOutboundIpAddresses":"40.118.246.51,40.78.98.75,40.86.187.157,40.78.101.192,40.78.97.93,40.85.159.5,13.91.108.158","containerSize":0,"dailyMemoryTimeQuota":0,"suspendedTill":null,"siteDisabledReason":0,"functionExecutionUnitsCache":null,"maxNumberOfWorkers":null,"homeStamp":"waws-prod-bay-083","cloningInfo":null,"snapshotInfo":null,"hostingEnvironmentId":null,"tags":null,"resourceGroup":"azurecli-webapp-e2e","defaultHostName":"webapp-e2e.azurewebsites.net","slotSwapStatus":null}}'}
    headers:
      Cache-Control: [no-cache]
      Content-Type: [application/json]
      Date: ['Wed, 11 Oct 2017 20:45:21 GMT']
      ETag: ['"1D342D1D5FAEF2B"']
      Expires: ['-1']
      Pragma: [no-cache]
      Server: [Microsoft-IIS/8.0]
      Strict-Transport-Security: [max-age=31536000; includeSubDomains]
      Transfer-Encoding: [chunked]
      Vary: [Accept-Encoding]
      X-AspNet-Version: [4.0.30319]
      X-Powered-By: [ASP.NET]
      content-length: ['2684']
    status: {code: 200, message: OK}
- request:
    body: '{"kind": "West US", "properties": {"netFrameworkVersion": "v4.6", "scmType":
      "LocalGit", "localMySqlEnabled": false}}'
    headers:
      Accept: [application/json]
      Accept-Encoding: ['gzip, deflate']
      Connection: [keep-alive]
      Content-Length: ['117']
      Content-Type: [application/json; charset=utf-8]
      User-Agent: [python/3.5.2 (Windows-10-10.0.15063-SP0) requests/2.18.4 msrest/0.4.16
          msrest_azure/0.4.14 websitemanagementclient/0.33.0 Azure-SDK-For-Python
          AZURECLI/TEST/2.0.17+dev]
      accept-language: [en-US]
      x-ms-client-request-id: [1a022494-aec5-11e7-a182-480fcf502758]
    method: PUT
    uri: https://management.azure.com/subscriptions/00000000-0000-0000-0000-000000000000/resourceGroups/azurecli-webapp-e2e/providers/Microsoft.Web/sites/webapp-e2e/config/web?api-version=2016-08-01
  response:
    body: {string: '{"id":"/subscriptions/00000000-0000-0000-0000-000000000000/resourceGroups/azurecli-webapp-e2e/providers/Microsoft.Web/sites/webapp-e2e","name":"webapp-e2e","type":"Microsoft.Web/sites","location":"West
        US","properties":{"numberOfWorkers":1,"defaultDocuments":["Default.htm","Default.html","Default.asp","index.htm","index.html","iisstart.htm","default.aspx","index.php","hostingstart.html"],"netFrameworkVersion":"v4.0","phpVersion":"5.6","pythonVersion":"","nodeVersion":"","linuxFxVersion":"","requestTracingEnabled":false,"remoteDebuggingEnabled":false,"remoteDebuggingVersion":null,"httpLoggingEnabled":false,"logsDirectorySizeLimit":35,"detailedErrorLoggingEnabled":false,"publishingUsername":"$webapp-e2e","publishingPassword":null,"appSettings":null,"metadata":null,"connectionStrings":null,"machineKey":null,"handlerMappings":null,"documentRoot":null,"scmType":"LocalGit","use32BitWorkerProcess":true,"webSocketsEnabled":false,"alwaysOn":false,"javaVersion":null,"javaContainer":null,"javaContainerVersion":null,"appCommandLine":"","managedPipelineMode":"Integrated","virtualApplications":[{"virtualPath":"/","physicalPath":"site\\wwwroot","preloadEnabled":false,"virtualDirectories":null}],"winAuthAdminState":0,"winAuthTenantState":0,"customAppPoolIdentityAdminState":false,"customAppPoolIdentityTenantState":false,"runtimeADUser":null,"runtimeADUserPassword":null,"loadBalancing":"LeastRequests","routingRules":[],"experiments":{"rampUpRules":[]},"limits":null,"autoHealEnabled":false,"autoHealRules":{"triggers":null,"actions":null},"tracingOptions":null,"vnetName":"","siteAuthEnabled":false,"siteAuthSettings":{"enabled":null,"unauthenticatedClientAction":null,"tokenStoreEnabled":null,"allowedExternalRedirectUrls":null,"defaultProvider":null,"clientId":null,"clientSecret":null,"issuer":null,"allowedAudiences":null,"additionalLoginParams":null,"isAadAutoProvisioned":false,"googleClientId":null,"googleClientSecret":null,"googleOAuthScopes":null,"facebookAppId":null,"facebookAppSecret":null,"facebookOAuthScopes":null,"twitterConsumerKey":null,"twitterConsumerSecret":null,"microsoftAccountClientId":null,"microsoftAccountClientSecret":null,"microsoftAccountOAuthScopes":null},"cors":null,"push":null,"apiDefinition":null,"autoSwapSlotName":null,"localMySqlEnabled":false,"ipSecurityRestrictions":null}}'}
    headers:
      Cache-Control: [no-cache]
      Content-Type: [application/json]
      Date: ['Wed, 11 Oct 2017 20:45:23 GMT']
      ETag: ['"1D342D1DBE21020"']
      Expires: ['-1']
      Pragma: [no-cache]
      Server: [Microsoft-IIS/8.0]
      Strict-Transport-Security: [max-age=31536000; includeSubDomains]
      Transfer-Encoding: [chunked]
      Vary: [Accept-Encoding]
      X-AspNet-Version: [4.0.30319]
      X-Powered-By: [ASP.NET]
      content-length: ['2327']
      x-ms-ratelimit-remaining-subscription-writes: ['1196']
    status: {code: 200, message: OK}
- request:
    body: null
    headers:
      Accept: [application/json]
      Accept-Encoding: ['gzip, deflate']
      Connection: [keep-alive]
      Content-Type: [application/json; charset=utf-8]
      User-Agent: [python/3.5.2 (Windows-10-10.0.15063-SP0) requests/2.18.4 msrest/0.4.16
          msrest_azure/0.4.14 websitemanagementclient/0.33.0 Azure-SDK-For-Python
          AZURECLI/TEST/2.0.17+dev]
      accept-language: [en-US]
      x-ms-client-request-id: [1acd362c-aec5-11e7-b32f-480fcf502758]
    method: GET
    uri: https://management.azure.com/providers/Microsoft.Web/publishingUsers/web?api-version=2016-03-01
  response:
    body: {string: '{"id":null,"name":"web","type":"Microsoft.Web/publishingUsers/web","properties":{"name":null,"publishingUserName":"weirdluki21","publishingPassword":null,"publishingPasswordHash":null,"publishingPasswordHashSalt":null,"metadata":null,"isDeleted":false,"scmUri":null}}'}
    headers:
      Cache-Control: [no-cache]
      Content-Type: [application/json]
      Date: ['Wed, 11 Oct 2017 20:45:23 GMT']
      Expires: ['-1']
      Pragma: [no-cache]
      Server: [Microsoft-IIS/8.0]
      Strict-Transport-Security: [max-age=31536000; includeSubDomains]
      Transfer-Encoding: [chunked]
      Vary: [Accept-Encoding]
      X-AspNet-Version: [4.0.30319]
      X-Powered-By: [ASP.NET]
      content-length: ['267']
    status: {code: 200, message: OK}
- request:
    body: null
    headers:
      Accept: [application/json]
      Accept-Encoding: ['gzip, deflate']
      Connection: [keep-alive]
      Content-Type: [application/json; charset=utf-8]
      User-Agent: [python/3.5.2 (Windows-10-10.0.15063-SP0) requests/2.18.4 msrest/0.4.16
          msrest_azure/0.4.14 websitemanagementclient/0.33.0 Azure-SDK-For-Python
          AZURECLI/TEST/2.0.17+dev]
      accept-language: [en-US]
      x-ms-client-request-id: [1af7588a-aec5-11e7-bf9a-480fcf502758]
    method: GET
    uri: https://management.azure.com/subscriptions/00000000-0000-0000-0000-000000000000/resourceGroups/azurecli-webapp-e2e/providers/Microsoft.Web/sites/webapp-e2e/sourcecontrols/web?api-version=2016-08-01
  response:
    body: {string: '{"id":"/subscriptions/00000000-0000-0000-0000-000000000000/resourceGroups/azurecli-webapp-e2e/providers/Microsoft.Web/sites/webapp-e2e/sourcecontrols/web","name":"webapp-e2e","type":"Microsoft.Web/sites/sourcecontrols","location":"West
        US","properties":{"repoUrl":"https://webapp-e2e.scm.azurewebsites.net","branch":null,"isManualIntegration":false,"deploymentRollbackEnabled":false,"isMercurial":false,"provisioningState":"Succeeded"}}'}
    headers:
      Cache-Control: [no-cache]
      Content-Type: [application/json]
      Date: ['Wed, 11 Oct 2017 20:45:24 GMT']
      ETag: ['"1D342D1DBE21020"']
      Expires: ['-1']
      Pragma: [no-cache]
      Server: [Microsoft-IIS/8.0]
      Strict-Transport-Security: [max-age=31536000; includeSubDomains]
      Transfer-Encoding: [chunked]
      Vary: [Accept-Encoding]
      X-AspNet-Version: [4.0.30319]
      X-Powered-By: [ASP.NET]
      content-length: ['442']
    status: {code: 200, message: OK}
- request:
    body: null
    headers:
      Accept: [application/json]
      Accept-Encoding: ['gzip, deflate']
      Connection: [keep-alive]
      Content-Type: [application/json; charset=utf-8]
      User-Agent: [python/3.5.2 (Windows-10-10.0.15063-SP0) requests/2.18.4 msrest/0.4.16
          msrest_azure/0.4.14 websitemanagementclient/0.33.0 Azure-SDK-For-Python
          AZURECLI/TEST/2.0.17+dev]
      accept-language: [en-US]
      x-ms-client-request-id: [1b8abbd0-aec5-11e7-941d-480fcf502758]
    method: GET
    uri: https://management.azure.com/subscriptions/00000000-0000-0000-0000-000000000000/resourceGroups/azurecli-webapp-e2e/providers/Microsoft.Web/sites/webapp-e2e/sourcecontrols/web?api-version=2016-08-01
  response:
    body: {string: '{"id":"/subscriptions/00000000-0000-0000-0000-000000000000/resourceGroups/azurecli-webapp-e2e/providers/Microsoft.Web/sites/webapp-e2e/sourcecontrols/web","name":"webapp-e2e","type":"Microsoft.Web/sites/sourcecontrols","location":"West
        US","properties":{"repoUrl":"https://webapp-e2e.scm.azurewebsites.net","branch":null,"isManualIntegration":false,"deploymentRollbackEnabled":false,"isMercurial":false,"provisioningState":"Succeeded"}}'}
    headers:
      Cache-Control: [no-cache]
      Content-Type: [application/json]
      Date: ['Wed, 11 Oct 2017 20:45:25 GMT']
      ETag: ['"1D342D1DBE21020"']
      Expires: ['-1']
      Pragma: [no-cache]
      Server: [Microsoft-IIS/8.0]
      Strict-Transport-Security: [max-age=31536000; includeSubDomains]
      Transfer-Encoding: [chunked]
      Vary: [Accept-Encoding]
      X-AspNet-Version: [4.0.30319]
      X-Powered-By: [ASP.NET]
      content-length: ['442']
    status: {code: 200, message: OK}
- request:
    body: null
    headers:
      Accept: [application/json]
      Accept-Encoding: ['gzip, deflate']
      Connection: [keep-alive]
      Content-Type: [application/json; charset=utf-8]
      User-Agent: [python/3.5.2 (Windows-10-10.0.15063-SP0) requests/2.18.4 msrest/0.4.16
          msrest_azure/0.4.14 websitemanagementclient/0.33.0 Azure-SDK-For-Python
          AZURECLI/TEST/2.0.17+dev]
      accept-language: [en-US]
      x-ms-client-request-id: [1c056fd0-aec5-11e7-a390-480fcf502758]
    method: GET
    uri: https://management.azure.com/subscriptions/00000000-0000-0000-0000-000000000000/resourceGroups/azurecli-webapp-e2e/providers/Microsoft.Web/sites/webapp-e2e?api-version=2016-08-01
  response:
    body: {string: '{"id":"/subscriptions/00000000-0000-0000-0000-000000000000/resourceGroups/azurecli-webapp-e2e/providers/Microsoft.Web/sites/webapp-e2e","name":"webapp-e2e","type":"Microsoft.Web/sites","kind":"app","location":"West
        US","properties":{"name":"webapp-e2e","state":"Running","hostNames":["webapp-e2e.azurewebsites.net"],"webSpace":"azurecli-webapp-e2e-WestUSwebspace","selfLink":"https://waws-prod-bay-083.api.azurewebsites.windows.net:454/subscriptions/00000000-0000-0000-0000-000000000000/webspaces/azurecli-webapp-e2e-WestUSwebspace/sites/webapp-e2e","repositorySiteName":"webapp-e2e","owner":null,"usageState":"Normal","enabled":true,"adminEnabled":true,"enabledHostNames":["webapp-e2e.azurewebsites.net","webapp-e2e.scm.azurewebsites.net"],"siteProperties":{"metadata":null,"properties":[],"appSettings":null},"availabilityState":"Normal","sslCertificates":null,"csrs":[],"cers":null,"siteMode":null,"hostNameSslStates":[{"name":"webapp-e2e.azurewebsites.net","sslState":"Disabled","ipBasedSslResult":null,"virtualIP":null,"thumbprint":null,"toUpdate":null,"toUpdateIpBasedSsl":null,"ipBasedSslState":"NotConfigured","hostType":"Standard"},{"name":"webapp-e2e.scm.azurewebsites.net","sslState":"Disabled","ipBasedSslResult":null,"virtualIP":null,"thumbprint":null,"toUpdate":null,"toUpdateIpBasedSsl":null,"ipBasedSslState":"NotConfigured","hostType":"Repository"}],"computeMode":null,"serverFarm":null,"serverFarmId":"/subscriptions/00000000-0000-0000-0000-000000000000/resourceGroups/azurecli-webapp-e2e/providers/Microsoft.Web/serverfarms/webapp-e2e-plan","reserved":false,"lastModifiedTimeUtc":"2017-10-11T20:45:22.85","storageRecoveryDefaultState":"Running","contentAvailabilityState":"Normal","runtimeAvailabilityState":"Normal","siteConfig":null,"deploymentId":"webapp-e2e","trafficManagerHostNames":null,"sku":"Basic","scmSiteAlsoStopped":false,"targetSwapSlot":null,"hostingEnvironment":null,"hostingEnvironmentProfile":null,"clientAffinityEnabled":true,"clientCertEnabled":false,"hostNamesDisabled":false,"domainVerificationIdentifiers":null,"kind":"app","outboundIpAddresses":"40.118.246.51,40.78.98.75,40.86.187.157,40.78.101.192,40.78.97.93","possibleOutboundIpAddresses":"40.118.246.51,40.78.98.75,40.86.187.157,40.78.101.192,40.78.97.93,40.85.159.5,13.91.108.158","containerSize":0,"dailyMemoryTimeQuota":0,"suspendedTill":null,"siteDisabledReason":0,"functionExecutionUnitsCache":null,"maxNumberOfWorkers":null,"homeStamp":"waws-prod-bay-083","cloningInfo":null,"snapshotInfo":null,"hostingEnvironmentId":null,"tags":null,"resourceGroup":"azurecli-webapp-e2e","defaultHostName":"webapp-e2e.azurewebsites.net","slotSwapStatus":null}}'}
    headers:
      Cache-Control: [no-cache]
      Content-Type: [application/json]
      Date: ['Wed, 11 Oct 2017 20:45:26 GMT']
      ETag: ['"1D342D1DBE21020"']
      Expires: ['-1']
      Pragma: [no-cache]
      Server: [Microsoft-IIS/8.0]
      Strict-Transport-Security: [max-age=31536000; includeSubDomains]
      Transfer-Encoding: [chunked]
      Vary: [Accept-Encoding]
      X-AspNet-Version: [4.0.30319]
      X-Powered-By: [ASP.NET]
      content-length: ['2679']
    status: {code: 200, message: OK}
- request:
    body: '{"kind": "West US", "properties": {"httpLogs": {"fileSystem": {"retentionInDays":
      3, "enabled": true, "retentionInMb": 100}}, "applicationLogs": {"fileSystem":
      {"level": "Verbose"}}, "failedRequestsTracing": {"enabled": true}, "detailedErrorMessages":
      {"enabled": true}}}'
    headers:
      Accept: [application/json]
      Accept-Encoding: ['gzip, deflate']
      Connection: [keep-alive]
      Content-Length: ['271']
      Content-Type: [application/json; charset=utf-8]
      User-Agent: [python/3.5.2 (Windows-10-10.0.15063-SP0) requests/2.18.4 msrest/0.4.16
          msrest_azure/0.4.14 websitemanagementclient/0.33.0 Azure-SDK-For-Python
          AZURECLI/TEST/2.0.17+dev]
      accept-language: [en-US]
      x-ms-client-request-id: [1c698af4-aec5-11e7-8fc3-480fcf502758]
    method: PUT
    uri: https://management.azure.com/subscriptions/00000000-0000-0000-0000-000000000000/resourceGroups/azurecli-webapp-e2e/providers/Microsoft.Web/sites/webapp-e2e/config/logs?api-version=2016-08-01
  response:
    body: {string: '{"id":"/subscriptions/00000000-0000-0000-0000-000000000000/resourceGroups/azurecli-webapp-e2e/providers/Microsoft.Web/sites/webapp-e2e/config/logs","name":"logs","type":"Microsoft.Web/sites/config","location":"West
        US","properties":{"applicationLogs":{"fileSystem":{"level":"Verbose"},"azureTableStorage":{"level":"Off","sasUrl":null},"azureBlobStorage":{"level":"Off","sasUrl":null,"retentionInDays":null}},"httpLogs":{"fileSystem":{"retentionInMb":100,"retentionInDays":3,"enabled":true},"azureBlobStorage":{"sasUrl":null,"retentionInDays":3,"enabled":false}},"failedRequestsTracing":{"enabled":true},"detailedErrorMessages":{"enabled":true}}}'}
    headers:
      Cache-Control: [no-cache]
      Content-Type: [application/json]
      Date: ['Wed, 11 Oct 2017 20:45:28 GMT']
      ETag: ['"1D342D1DED356AB"']
      Expires: ['-1']
      Pragma: [no-cache]
      Server: [Microsoft-IIS/8.0]
      Strict-Transport-Security: [max-age=31536000; includeSubDomains]
      Transfer-Encoding: [chunked]
      Vary: [Accept-Encoding]
      X-AspNet-Version: [4.0.30319]
      X-Powered-By: [ASP.NET]
      content-length: ['651']
      x-ms-ratelimit-remaining-subscription-writes: ['1198']
    status: {code: 200, message: OK}
- request:
    body: null
    headers:
      Accept: [application/json]
      Accept-Encoding: ['gzip, deflate']
      Connection: [keep-alive]
      Content-Type: [application/json; charset=utf-8]
      User-Agent: [python/3.5.2 (Windows-10-10.0.15063-SP0) requests/2.18.4 msrest/0.4.16
          msrest_azure/0.4.14 websitemanagementclient/0.33.0 Azure-SDK-For-Python
          AZURECLI/TEST/2.0.17+dev]
      accept-language: [en-US]
      x-ms-client-request-id: [1de0aaec-aec5-11e7-95c7-480fcf502758]
    method: GET
    uri: https://management.azure.com/subscriptions/00000000-0000-0000-0000-000000000000/resourceGroups/azurecli-webapp-e2e/providers/Microsoft.Web/sites/webapp-e2e/config/logs?api-version=2016-08-01
  response:
    body: {string: '{"id":"/subscriptions/00000000-0000-0000-0000-000000000000/resourceGroups/azurecli-webapp-e2e/providers/Microsoft.Web/sites/webapp-e2e/config/logs","name":"logs","type":"Microsoft.Web/sites/config","location":"West
        US","properties":{"applicationLogs":{"fileSystem":{"level":"Verbose"},"azureTableStorage":{"level":"Off","sasUrl":null},"azureBlobStorage":{"level":"Off","sasUrl":null,"retentionInDays":null}},"httpLogs":{"fileSystem":{"retentionInMb":100,"retentionInDays":3,"enabled":true},"azureBlobStorage":{"sasUrl":null,"retentionInDays":3,"enabled":false}},"failedRequestsTracing":{"enabled":true},"detailedErrorMessages":{"enabled":true}}}'}
    headers:
      Cache-Control: [no-cache]
      Content-Type: [application/json]
      Date: ['Wed, 11 Oct 2017 20:45:29 GMT']
      Expires: ['-1']
      Pragma: [no-cache]
      Server: [Microsoft-IIS/8.0]
      Strict-Transport-Security: [max-age=31536000; includeSubDomains]
      Transfer-Encoding: [chunked]
      Vary: [Accept-Encoding]
      X-AspNet-Version: [4.0.30319]
      X-Powered-By: [ASP.NET]
      content-length: ['651']
    status: {code: 200, message: OK}
- request:
    body: null
    headers:
      Accept: [application/json]
      Accept-Encoding: ['gzip, deflate']
      Connection: [keep-alive]
      Content-Type: [application/json; charset=utf-8]
      User-Agent: [python/3.5.2 (Windows-10-10.0.15063-SP0) requests/2.18.4 msrest/0.4.16
          msrest_azure/0.4.14 websitemanagementclient/0.33.0 Azure-SDK-For-Python
          AZURECLI/TEST/2.0.17+dev]
      accept-language: [en-US]
      x-ms-client-request-id: [1e287cb4-aec5-11e7-b86e-480fcf502758]
    method: GET
    uri: https://management.azure.com/subscriptions/00000000-0000-0000-0000-000000000000/resourceGroups/azurecli-webapp-e2e/providers/Microsoft.Web/sites/webapp-e2e/config/web?api-version=2016-08-01
  response:
    body: {string: '{"id":"/subscriptions/00000000-0000-0000-0000-000000000000/resourceGroups/azurecli-webapp-e2e/providers/Microsoft.Web/sites/webapp-e2e/config/web","name":"webapp-e2e","type":"Microsoft.Web/sites/config","location":"West
        US","properties":{"numberOfWorkers":1,"defaultDocuments":["Default.htm","Default.html","Default.asp","index.htm","index.html","iisstart.htm","default.aspx","index.php","hostingstart.html"],"netFrameworkVersion":"v4.0","phpVersion":"5.6","pythonVersion":"","nodeVersion":"","linuxFxVersion":"","requestTracingEnabled":true,"requestTracingExpirationTime":"9999-12-31T23:59:00Z","remoteDebuggingEnabled":false,"remoteDebuggingVersion":null,"httpLoggingEnabled":true,"logsDirectorySizeLimit":100,"detailedErrorLoggingEnabled":true,"publishingUsername":"$webapp-e2e","publishingPassword":null,"appSettings":null,"metadata":null,"connectionStrings":null,"machineKey":null,"handlerMappings":null,"documentRoot":null,"scmType":"LocalGit","use32BitWorkerProcess":true,"webSocketsEnabled":false,"alwaysOn":false,"javaVersion":null,"javaContainer":null,"javaContainerVersion":null,"appCommandLine":"","managedPipelineMode":"Integrated","virtualApplications":[{"virtualPath":"/","physicalPath":"site\\wwwroot","preloadEnabled":false,"virtualDirectories":null}],"winAuthAdminState":0,"winAuthTenantState":0,"customAppPoolIdentityAdminState":false,"customAppPoolIdentityTenantState":false,"runtimeADUser":null,"runtimeADUserPassword":null,"loadBalancing":"LeastRequests","routingRules":[],"experiments":{"rampUpRules":[]},"limits":null,"autoHealEnabled":false,"autoHealRules":{"triggers":null,"actions":null},"tracingOptions":null,"vnetName":"","siteAuthEnabled":false,"siteAuthSettings":{"enabled":null,"unauthenticatedClientAction":null,"tokenStoreEnabled":null,"allowedExternalRedirectUrls":null,"defaultProvider":null,"clientId":null,"clientSecret":null,"issuer":null,"allowedAudiences":null,"additionalLoginParams":null,"isAadAutoProvisioned":false,"googleClientId":null,"googleClientSecret":null,"googleOAuthScopes":null,"facebookAppId":null,"facebookAppSecret":null,"facebookOAuthScopes":null,"twitterConsumerKey":null,"twitterConsumerSecret":null,"microsoftAccountClientId":null,"microsoftAccountClientSecret":null,"microsoftAccountOAuthScopes":null},"cors":null,"push":null,"apiDefinition":null,"autoSwapSlotName":null,"localMySqlEnabled":false,"ipSecurityRestrictions":null}}'}
    headers:
      Cache-Control: [no-cache]
      Content-Type: [application/json]
      Date: ['Wed, 11 Oct 2017 20:45:29 GMT']
      Expires: ['-1']
      Pragma: [no-cache]
      Server: [Microsoft-IIS/8.0]
      Strict-Transport-Security: [max-age=31536000; includeSubDomains]
      Transfer-Encoding: [chunked]
      Vary: [Accept-Encoding]
      X-AspNet-Version: [4.0.30319]
      X-Powered-By: [ASP.NET]
      content-length: ['2397']
    status: {code: 200, message: OK}
- request:
    body: '{}'
    headers:
      Accept: [application/json]
      Accept-Encoding: ['gzip, deflate']
      Connection: [keep-alive]
      Content-Length: ['2']
      Content-Type: [application/json; charset=utf-8]
      User-Agent: [python/3.5.2 (Windows-10-10.0.15063-SP0) requests/2.18.4 msrest/0.4.16
          msrest_azure/0.4.14 websitemanagementclient/0.33.0 Azure-SDK-For-Python
          AZURECLI/TEST/2.0.17+dev]
      accept-language: [en-US]
      x-ms-client-request-id: [1e5d8fa2-aec5-11e7-84e5-480fcf502758]
    method: POST
    uri: https://management.azure.com/subscriptions/00000000-0000-0000-0000-000000000000/resourceGroups/azurecli-webapp-e2e/providers/Microsoft.Web/sites/webapp-e2e/publishxml?api-version=2016-08-01
  response:
    body: {string: '<publishData><publishProfile profileName="webapp-e2e - Web Deploy"
        publishMethod="MSDeploy" publishUrl="webapp-e2e.scm.azurewebsites.net:443"
        msdeploySite="webapp-e2e" userName="$webapp-e2e" userPWD="cEa7ot0yawRzaEmB5gZjk1171hEgbTTR1cp8gyR3rvN7MljkrF7tikA76Svx"
        destinationAppUrl="http://webapp-e2e.azurewebsites.net" SQLServerDBConnectionString=""
        mySQLDBConnectionString="" hostingProviderForumLink="" controlPanelLink="http://windows.azure.com"
        webSystem="WebSites"><databases /></publishProfile><publishProfile profileName="webapp-e2e
        - FTP" publishMethod="FTP" publishUrl="ftp://waws-prod-bay-083.ftp.azurewebsites.windows.net/site/wwwroot"
        ftpPassiveMode="True" userName="webapp-e2e\$webapp-e2e" userPWD="cEa7ot0yawRzaEmB5gZjk1171hEgbTTR1cp8gyR3rvN7MljkrF7tikA76Svx"
        destinationAppUrl="http://webapp-e2e.azurewebsites.net" SQLServerDBConnectionString=""
        mySQLDBConnectionString="" hostingProviderForumLink="" controlPanelLink="http://windows.azure.com"
        webSystem="WebSites"><databases /></publishProfile></publishData>'}
    headers:
      Cache-Control: [no-cache]
      Content-Length: ['1024']
      Content-Type: [application/xml]
      Date: ['Wed, 11 Oct 2017 20:45:30 GMT']
      Expires: ['-1']
      Pragma: [no-cache]
      Server: [Microsoft-IIS/8.0]
      Strict-Transport-Security: [max-age=31536000; includeSubDomains]
      X-AspNet-Version: [4.0.30319]
      X-Powered-By: [ASP.NET]
      x-ms-ratelimit-remaining-subscription-resource-requests: ['11999']
    status: {code: 200, message: OK}
- request:
    body: null
    headers:
      Accept: [application/json]
      Accept-Encoding: ['gzip, deflate']
      Connection: [keep-alive]
      Content-Length: ['0']
      Content-Type: [application/json; charset=utf-8]
      User-Agent: [python/3.5.2 (Windows-10-10.0.15063-SP0) requests/2.18.4 msrest/0.4.16
          msrest_azure/0.4.14 websitemanagementclient/0.33.0 Azure-SDK-For-Python
          AZURECLI/TEST/2.0.17+dev]
      accept-language: [en-US]
      x-ms-client-request-id: [1e9e48c2-aec5-11e7-a4fe-480fcf502758]
    method: POST
    uri: https://management.azure.com/subscriptions/00000000-0000-0000-0000-000000000000/resourceGroups/azurecli-webapp-e2e/providers/Microsoft.Web/sites/webapp-e2e/stop?api-version=2016-08-01
  response:
    body: {string: ''}
    headers:
      Cache-Control: [no-cache]
      Content-Length: ['0']
      Date: ['Wed, 11 Oct 2017 20:45:30 GMT']
      Expires: ['-1']
      Pragma: [no-cache]
      Server: [Microsoft-IIS/8.0]
      Strict-Transport-Security: [max-age=31536000; includeSubDomains]
      X-AspNet-Version: [4.0.30319]
      X-Powered-By: [ASP.NET]
      x-ms-ratelimit-remaining-subscription-writes: ['1197']
    status: {code: 200, message: OK}
- request:
    body: null
    headers:
      Accept: [application/json]
      Accept-Encoding: ['gzip, deflate']
      Connection: [keep-alive]
      Content-Type: [application/json; charset=utf-8]
      User-Agent: [python/3.5.2 (Windows-10-10.0.15063-SP0) requests/2.18.4 msrest/0.4.16
          msrest_azure/0.4.14 websitemanagementclient/0.33.0 Azure-SDK-For-Python
          AZURECLI/TEST/2.0.17+dev]
      accept-language: [en-US]
      x-ms-client-request-id: [1f119680-aec5-11e7-bb1d-480fcf502758]
    method: GET
    uri: https://management.azure.com/subscriptions/00000000-0000-0000-0000-000000000000/resourceGroups/azurecli-webapp-e2e/providers/Microsoft.Web/sites/webapp-e2e?api-version=2016-08-01
  response:
    body: {string: '{"id":"/subscriptions/00000000-0000-0000-0000-000000000000/resourceGroups/azurecli-webapp-e2e/providers/Microsoft.Web/sites/webapp-e2e","name":"webapp-e2e","type":"Microsoft.Web/sites","kind":"app","location":"West
        US","properties":{"name":"webapp-e2e","state":"Stopped","hostNames":["webapp-e2e.azurewebsites.net"],"webSpace":"azurecli-webapp-e2e-WestUSwebspace","selfLink":"https://waws-prod-bay-083.api.azurewebsites.windows.net:454/subscriptions/00000000-0000-0000-0000-000000000000/webspaces/azurecli-webapp-e2e-WestUSwebspace/sites/webapp-e2e","repositorySiteName":"webapp-e2e","owner":null,"usageState":"Normal","enabled":true,"adminEnabled":true,"enabledHostNames":["webapp-e2e.azurewebsites.net","webapp-e2e.scm.azurewebsites.net"],"siteProperties":{"metadata":null,"properties":[],"appSettings":null},"availabilityState":"Normal","sslCertificates":null,"csrs":[],"cers":null,"siteMode":null,"hostNameSslStates":[{"name":"webapp-e2e.azurewebsites.net","sslState":"Disabled","ipBasedSslResult":null,"virtualIP":null,"thumbprint":null,"toUpdate":null,"toUpdateIpBasedSsl":null,"ipBasedSslState":"NotConfigured","hostType":"Standard"},{"name":"webapp-e2e.scm.azurewebsites.net","sslState":"Disabled","ipBasedSslResult":null,"virtualIP":null,"thumbprint":null,"toUpdate":null,"toUpdateIpBasedSsl":null,"ipBasedSslState":"NotConfigured","hostType":"Repository"}],"computeMode":null,"serverFarm":null,"serverFarmId":"/subscriptions/00000000-0000-0000-0000-000000000000/resourceGroups/azurecli-webapp-e2e/providers/Microsoft.Web/serverfarms/webapp-e2e-plan","reserved":false,"lastModifiedTimeUtc":"2017-10-11T20:45:30.13","storageRecoveryDefaultState":"Running","contentAvailabilityState":"Normal","runtimeAvailabilityState":"Normal","siteConfig":null,"deploymentId":"webapp-e2e","trafficManagerHostNames":null,"sku":"Basic","scmSiteAlsoStopped":false,"targetSwapSlot":null,"hostingEnvironment":null,"hostingEnvironmentProfile":null,"clientAffinityEnabled":true,"clientCertEnabled":false,"hostNamesDisabled":false,"domainVerificationIdentifiers":null,"kind":"app","outboundIpAddresses":"40.118.246.51,40.78.98.75,40.86.187.157,40.78.101.192,40.78.97.93","possibleOutboundIpAddresses":"40.118.246.51,40.78.98.75,40.86.187.157,40.78.101.192,40.78.97.93,40.85.159.5,13.91.108.158","containerSize":0,"dailyMemoryTimeQuota":0,"suspendedTill":null,"siteDisabledReason":0,"functionExecutionUnitsCache":null,"maxNumberOfWorkers":null,"homeStamp":"waws-prod-bay-083","cloningInfo":null,"snapshotInfo":null,"hostingEnvironmentId":null,"tags":null,"resourceGroup":"azurecli-webapp-e2e","defaultHostName":"webapp-e2e.azurewebsites.net","slotSwapStatus":null}}'}
    headers:
      Cache-Control: [no-cache]
      Content-Type: [application/json]
      Date: ['Wed, 11 Oct 2017 20:45:31 GMT']
      ETag: ['"1D342D1E038E720"']
      Expires: ['-1']
      Pragma: [no-cache]
      Server: [Microsoft-IIS/8.0]
      Strict-Transport-Security: [max-age=31536000; includeSubDomains]
      Transfer-Encoding: [chunked]
      Vary: [Accept-Encoding]
      X-AspNet-Version: [4.0.30319]
      X-Powered-By: [ASP.NET]
      content-length: ['2679']
    status: {code: 200, message: OK}
- request:
    body: '{}'
    headers:
      Accept: [application/json]
      Accept-Encoding: ['gzip, deflate']
      Connection: [keep-alive]
      Content-Length: ['2']
      Content-Type: [application/json; charset=utf-8]
      User-Agent: [python/3.5.2 (Windows-10-10.0.15063-SP0) requests/2.18.4 msrest/0.4.16
          msrest_azure/0.4.14 websitemanagementclient/0.33.0 Azure-SDK-For-Python
          AZURECLI/TEST/2.0.17+dev]
      accept-language: [en-US]
      x-ms-client-request-id: [1fc0fcd4-aec5-11e7-92e2-480fcf502758]
    method: POST
    uri: https://management.azure.com/subscriptions/00000000-0000-0000-0000-000000000000/resourceGroups/azurecli-webapp-e2e/providers/Microsoft.Web/sites/webapp-e2e/publishxml?api-version=2016-08-01
  response:
    body: {string: '<publishData><publishProfile profileName="webapp-e2e - Web Deploy"
        publishMethod="MSDeploy" publishUrl="webapp-e2e.scm.azurewebsites.net:443"
        msdeploySite="webapp-e2e" userName="$webapp-e2e" userPWD="cEa7ot0yawRzaEmB5gZjk1171hEgbTTR1cp8gyR3rvN7MljkrF7tikA76Svx"
        destinationAppUrl="http://webapp-e2e.azurewebsites.net" SQLServerDBConnectionString=""
        mySQLDBConnectionString="" hostingProviderForumLink="" controlPanelLink="http://windows.azure.com"
        webSystem="WebSites"><databases /></publishProfile><publishProfile profileName="webapp-e2e
        - FTP" publishMethod="FTP" publishUrl="ftp://waws-prod-bay-083.ftp.azurewebsites.windows.net/site/wwwroot"
        ftpPassiveMode="True" userName="webapp-e2e\$webapp-e2e" userPWD="cEa7ot0yawRzaEmB5gZjk1171hEgbTTR1cp8gyR3rvN7MljkrF7tikA76Svx"
        destinationAppUrl="http://webapp-e2e.azurewebsites.net" SQLServerDBConnectionString=""
        mySQLDBConnectionString="" hostingProviderForumLink="" controlPanelLink="http://windows.azure.com"
        webSystem="WebSites"><databases /></publishProfile></publishData>'}
    headers:
      Cache-Control: [no-cache]
      Content-Length: ['1024']
      Content-Type: [application/xml]
      Date: ['Wed, 11 Oct 2017 20:45:32 GMT']
      Expires: ['-1']
      Pragma: [no-cache]
      Server: [Microsoft-IIS/8.0]
      Strict-Transport-Security: [max-age=31536000; includeSubDomains]
      X-AspNet-Version: [4.0.30319]
      X-Powered-By: [ASP.NET]
      x-ms-ratelimit-remaining-subscription-resource-requests: ['11999']
    status: {code: 200, message: OK}
- request:
    body: null
    headers:
      Accept: [application/json]
      Accept-Encoding: ['gzip, deflate']
      Connection: [keep-alive]
      Content-Length: ['0']
      Content-Type: [application/json; charset=utf-8]
      User-Agent: [python/3.5.2 (Windows-10-10.0.15063-SP0) requests/2.18.4 msrest/0.4.16
          msrest_azure/0.4.14 websitemanagementclient/0.33.0 Azure-SDK-For-Python
          AZURECLI/TEST/2.0.17+dev]
      accept-language: [en-US]
      x-ms-client-request-id: [2006929e-aec5-11e7-883b-480fcf502758]
    method: POST
    uri: https://management.azure.com/subscriptions/00000000-0000-0000-0000-000000000000/resourceGroups/azurecli-webapp-e2e/providers/Microsoft.Web/sites/webapp-e2e/start?api-version=2016-08-01
  response:
    body: {string: ''}
    headers:
      Cache-Control: [no-cache]
      Content-Length: ['0']
      Date: ['Wed, 11 Oct 2017 20:45:33 GMT']
      Expires: ['-1']
      Pragma: [no-cache]
      Server: [Microsoft-IIS/8.0]
      Strict-Transport-Security: [max-age=31536000; includeSubDomains]
      X-AspNet-Version: [4.0.30319]
      X-Powered-By: [ASP.NET]
      x-ms-ratelimit-remaining-subscription-writes: ['1197']
    status: {code: 200, message: OK}
- request:
    body: null
    headers:
      Accept: [application/json]
      Accept-Encoding: ['gzip, deflate']
      Connection: [keep-alive]
      Content-Type: [application/json; charset=utf-8]
      User-Agent: [python/3.5.2 (Windows-10-10.0.15063-SP0) requests/2.18.4 msrest/0.4.16
          msrest_azure/0.4.14 websitemanagementclient/0.33.0 Azure-SDK-For-Python
          AZURECLI/TEST/2.0.17+dev]
      accept-language: [en-US]
      x-ms-client-request-id: [2089cfe4-aec5-11e7-8eb7-480fcf502758]
    method: GET
    uri: https://management.azure.com/subscriptions/00000000-0000-0000-0000-000000000000/resourceGroups/azurecli-webapp-e2e/providers/Microsoft.Web/sites/webapp-e2e?api-version=2016-08-01
  response:
    body: {string: '{"id":"/subscriptions/00000000-0000-0000-0000-000000000000/resourceGroups/azurecli-webapp-e2e/providers/Microsoft.Web/sites/webapp-e2e","name":"webapp-e2e","type":"Microsoft.Web/sites","kind":"app","location":"West
        US","properties":{"name":"webapp-e2e","state":"Running","hostNames":["webapp-e2e.azurewebsites.net"],"webSpace":"azurecli-webapp-e2e-WestUSwebspace","selfLink":"https://waws-prod-bay-083.api.azurewebsites.windows.net:454/subscriptions/00000000-0000-0000-0000-000000000000/webspaces/azurecli-webapp-e2e-WestUSwebspace/sites/webapp-e2e","repositorySiteName":"webapp-e2e","owner":null,"usageState":"Normal","enabled":true,"adminEnabled":true,"enabledHostNames":["webapp-e2e.azurewebsites.net","webapp-e2e.scm.azurewebsites.net"],"siteProperties":{"metadata":null,"properties":[],"appSettings":null},"availabilityState":"Normal","sslCertificates":null,"csrs":[],"cers":null,"siteMode":null,"hostNameSslStates":[{"name":"webapp-e2e.azurewebsites.net","sslState":"Disabled","ipBasedSslResult":null,"virtualIP":null,"thumbprint":null,"toUpdate":null,"toUpdateIpBasedSsl":null,"ipBasedSslState":"NotConfigured","hostType":"Standard"},{"name":"webapp-e2e.scm.azurewebsites.net","sslState":"Disabled","ipBasedSslResult":null,"virtualIP":null,"thumbprint":null,"toUpdate":null,"toUpdateIpBasedSsl":null,"ipBasedSslState":"NotConfigured","hostType":"Repository"}],"computeMode":null,"serverFarm":null,"serverFarmId":"/subscriptions/00000000-0000-0000-0000-000000000000/resourceGroups/azurecli-webapp-e2e/providers/Microsoft.Web/serverfarms/webapp-e2e-plan","reserved":false,"lastModifiedTimeUtc":"2017-10-11T20:45:32.5833333","storageRecoveryDefaultState":"Running","contentAvailabilityState":"Normal","runtimeAvailabilityState":"Normal","siteConfig":null,"deploymentId":"webapp-e2e","trafficManagerHostNames":null,"sku":"Basic","scmSiteAlsoStopped":false,"targetSwapSlot":null,"hostingEnvironment":null,"hostingEnvironmentProfile":null,"clientAffinityEnabled":true,"clientCertEnabled":false,"hostNamesDisabled":false,"domainVerificationIdentifiers":null,"kind":"app","outboundIpAddresses":"40.118.246.51,40.78.98.75,40.86.187.157,40.78.101.192,40.78.97.93","possibleOutboundIpAddresses":"40.118.246.51,40.78.98.75,40.86.187.157,40.78.101.192,40.78.97.93,40.85.159.5,13.91.108.158","containerSize":0,"dailyMemoryTimeQuota":0,"suspendedTill":null,"siteDisabledReason":0,"functionExecutionUnitsCache":null,"maxNumberOfWorkers":null,"homeStamp":"waws-prod-bay-083","cloningInfo":null,"snapshotInfo":null,"hostingEnvironmentId":null,"tags":null,"resourceGroup":"azurecli-webapp-e2e","defaultHostName":"webapp-e2e.azurewebsites.net","slotSwapStatus":null}}'}
    headers:
      Cache-Control: [no-cache]
      Content-Type: [application/json]
      Date: ['Wed, 11 Oct 2017 20:45:33 GMT']
      ETag: ['"1D342D1E1AF4075"']
      Expires: ['-1']
      Pragma: [no-cache]
      Server: [Microsoft-IIS/8.0]
      Strict-Transport-Security: [max-age=31536000; includeSubDomains]
      Transfer-Encoding: [chunked]
      Vary: [Accept-Encoding]
      X-AspNet-Version: [4.0.30319]
      X-Powered-By: [ASP.NET]
      content-length: ['2684']
    status: {code: 200, message: OK}
- request:
    body: '{}'
    headers:
      Accept: [application/json]
      Accept-Encoding: ['gzip, deflate']
      Connection: [keep-alive]
      Content-Length: ['2']
      Content-Type: [application/json; charset=utf-8]
      User-Agent: [python/3.5.2 (Windows-10-10.0.15063-SP0) requests/2.18.4 msrest/0.4.16
          msrest_azure/0.4.14 websitemanagementclient/0.33.0 Azure-SDK-For-Python
          AZURECLI/TEST/2.0.17+dev]
      accept-language: [en-US]
      x-ms-client-request-id: [20b87046-aec5-11e7-8777-480fcf502758]
    method: POST
    uri: https://management.azure.com/subscriptions/00000000-0000-0000-0000-000000000000/resourceGroups/azurecli-webapp-e2e/providers/Microsoft.Web/sites/webapp-e2e/publishxml?api-version=2016-08-01
  response:
    body: {string: '<publishData><publishProfile profileName="webapp-e2e - Web Deploy"
        publishMethod="MSDeploy" publishUrl="webapp-e2e.scm.azurewebsites.net:443"
        msdeploySite="webapp-e2e" userName="$webapp-e2e" userPWD="cEa7ot0yawRzaEmB5gZjk1171hEgbTTR1cp8gyR3rvN7MljkrF7tikA76Svx"
        destinationAppUrl="http://webapp-e2e.azurewebsites.net" SQLServerDBConnectionString=""
        mySQLDBConnectionString="" hostingProviderForumLink="" controlPanelLink="http://windows.azure.com"
        webSystem="WebSites"><databases /></publishProfile><publishProfile profileName="webapp-e2e
        - FTP" publishMethod="FTP" publishUrl="ftp://waws-prod-bay-083.ftp.azurewebsites.windows.net/site/wwwroot"
        ftpPassiveMode="True" userName="webapp-e2e\$webapp-e2e" userPWD="cEa7ot0yawRzaEmB5gZjk1171hEgbTTR1cp8gyR3rvN7MljkrF7tikA76Svx"
        destinationAppUrl="http://webapp-e2e.azurewebsites.net" SQLServerDBConnectionString=""
        mySQLDBConnectionString="" hostingProviderForumLink="" controlPanelLink="http://windows.azure.com"
        webSystem="WebSites"><databases /></publishProfile></publishData>'}
    headers:
      Cache-Control: [no-cache]
      Content-Length: ['1024']
      Content-Type: [application/xml]
      Date: ['Wed, 11 Oct 2017 20:45:40 GMT']
      Expires: ['-1']
      Pragma: [no-cache]
      Server: [Microsoft-IIS/8.0]
      Strict-Transport-Security: [max-age=31536000; includeSubDomains]
      X-AspNet-Version: [4.0.30319]
      X-Powered-By: [ASP.NET]
      x-ms-ratelimit-remaining-subscription-resource-requests: ['11999']
    status: {code: 200, message: OK}
version: 1
