interactions:
- request:
    body: '{"location": "japanwest", "tags": {"use": "az-test"}}'
    headers:
      Accept: [application/json]
      Accept-Encoding: ['gzip, deflate']
      CommandName: [group create]
      Connection: [keep-alive]
      Content-Length: ['53']
      Content-Type: [application/json; charset=utf-8]
      User-Agent: [python/3.5.3 (Windows-10-10.0.15063-SP0) requests/2.18.4 msrest/0.4.15
          msrest_azure/0.4.11 resourcemanagementclient/1.2.1 Azure-SDK-For-Python
          AZURECLI/2.0.21]
      accept-language: [en-US]
    method: PUT
    uri: https://management.azure.com/subscriptions/00000000-0000-0000-0000-000000000000/resourcegroups/clitest.rg000001?api-version=2017-05-10
  response:
    body: {string: '{"id":"/subscriptions/00000000-0000-0000-0000-000000000000/resourceGroups/clitest.rg000001","name":"clitest.rg000001","location":"japanwest","tags":{"use":"az-test"},"properties":{"provisioningState":"Succeeded"}}'}
    headers:
      cache-control: [no-cache]
      content-length: ['331']
      content-type: [application/json; charset=utf-8]
      date: ['Tue, 24 Oct 2017 23:26:33 GMT']
      expires: ['-1']
      pragma: [no-cache]
      strict-transport-security: [max-age=31536000; includeSubDomains]
      x-ms-ratelimit-remaining-subscription-writes: ['1197']
    status: {code: 201, message: Created}
- request:
    body: null
    headers:
      Accept: [application/json]
      Accept-Encoding: ['gzip, deflate']
      CommandName: [appservice plan create]
      Connection: [keep-alive]
      Content-Type: [application/json; charset=utf-8]
      User-Agent: [python/3.5.3 (Windows-10-10.0.15063-SP0) requests/2.18.4 msrest/0.4.15
          msrest_azure/0.4.11 resourcemanagementclient/1.2.1 Azure-SDK-For-Python
          AZURECLI/2.0.21]
      accept-language: [en-US]
    method: GET
    uri: https://management.azure.com/subscriptions/00000000-0000-0000-0000-000000000000/resourcegroups/clitest.rg000001?api-version=2017-05-10
  response:
    body: {string: '{"id":"/subscriptions/00000000-0000-0000-0000-000000000000/resourceGroups/clitest.rg000001","name":"clitest.rg000001","location":"japanwest","tags":{"use":"az-test"},"properties":{"provisioningState":"Succeeded"}}'}
    headers:
      cache-control: [no-cache]
      content-length: ['331']
      content-type: [application/json; charset=utf-8]
      date: ['Tue, 24 Oct 2017 23:26:33 GMT']
      expires: ['-1']
      pragma: [no-cache]
      strict-transport-security: [max-age=31536000; includeSubDomains]
      vary: [Accept-Encoding]
    status: {code: 200, message: OK}
- request:
    body: 'b''{"sku": {"tier": "STANDARD", "name": "S1", "capacity": 1}, "properties":
      {"perSiteScaling": false, "reserved": true, "name": "webapp-linux-plan000002"},
      "location": "japanwest"}'''
    headers:
      Accept: [application/json]
      Accept-Encoding: ['gzip, deflate']
      CommandName: [appservice plan create]
      Connection: [keep-alive]
      Content-Length: ['178']
      Content-Type: [application/json; charset=utf-8]
      User-Agent: [python/3.5.3 (Windows-10-10.0.15063-SP0) requests/2.18.4 msrest/0.4.15
          msrest_azure/0.4.11 websitemanagementclient/0.33.0 Azure-SDK-For-Python
          AZURECLI/2.0.21]
      accept-language: [en-US]
    method: PUT
    uri: https://management.azure.com/subscriptions/00000000-0000-0000-0000-000000000000/resourceGroups/clitest.rg000001/providers/Microsoft.Web/serverfarms/webapp-linux-plan000002?api-version=2016-09-01
  response:
    body: {string: '{"id":"/subscriptions/00000000-0000-0000-0000-000000000000/resourceGroups/clitest.rg000001/providers/Microsoft.Web/serverfarms/webapp-linux-plan000002","name":"webapp-linux-plan000002","type":"Microsoft.Web/serverfarms","kind":"linux","location":"Japan
        West","properties":{"serverFarmId":0,"name":"webapp-linux-plan000002","workerSize":"Default","workerSizeId":0,"workerTierName":null,"numberOfWorkers":1,"currentWorkerSize":"Default","currentWorkerSizeId":0,"currentNumberOfWorkers":1,"status":"Ready","webSpace":"clitest.rg000001-JapanWestwebspace","subscription":"0b1f6471-1bf0-4dda-aec3-cb9272f09590","adminSiteName":null,"hostingEnvironment":null,"hostingEnvironmentProfile":null,"maximumNumberOfWorkers":10,"planName":"VirtualDedicatedPlan","adminRuntimeSiteName":null,"computeMode":"Shared","siteMode":null,"geoRegion":"Japan
        West","perSiteScaling":false,"numberOfSites":0,"hostingEnvironmentId":null,"isSpot":false,"spotExpirationTime":null,"tags":null,"kind":"linux","resourceGroup":"clitest.rg000001","reserved":true,"mdmId":"waws-prod-os1-009_192","targetWorkerCount":0,"targetWorkerSizeId":0,"provisioningState":"Succeeded"},"sku":{"name":"S1","tier":"Standard","size":"S1","family":"S","capacity":1}}'}
    headers:
      cache-control: [no-cache]
      content-length: ['1393']
      content-type: [application/json]
      date: ['Tue, 24 Oct 2017 23:26:50 GMT']
      expires: ['-1']
      pragma: [no-cache]
      server: [Microsoft-IIS/8.0]
      strict-transport-security: [max-age=31536000; includeSubDomains]
      transfer-encoding: [chunked]
      vary: [Accept-Encoding]
      x-aspnet-version: [4.0.30319]
      x-ms-ratelimit-remaining-subscription-writes: ['1195']
      x-powered-by: [ASP.NET]
    status: {code: 200, message: OK}
- request:
    body: null
    headers:
      Accept: [application/json]
      Accept-Encoding: ['gzip, deflate']
      CommandName: [webapp create]
      Connection: [keep-alive]
      Content-Type: [application/json; charset=utf-8]
      User-Agent: [python/3.5.3 (Windows-10-10.0.15063-SP0) requests/2.18.4 msrest/0.4.15
          msrest_azure/0.4.11 websitemanagementclient/0.33.0 Azure-SDK-For-Python
          AZURECLI/2.0.21]
      accept-language: [en-US]
    method: GET
    uri: https://management.azure.com/subscriptions/00000000-0000-0000-0000-000000000000/resourceGroups/clitest.rg000001/providers/Microsoft.Web/serverfarms/webapp-linux-plan000002?api-version=2016-09-01
  response:
    body: {string: '{"id":"/subscriptions/00000000-0000-0000-0000-000000000000/resourceGroups/clitest.rg000001/providers/Microsoft.Web/serverfarms/webapp-linux-plan000002","name":"webapp-linux-plan000002","type":"Microsoft.Web/serverfarms","kind":"linux","location":"Japan
        West","properties":{"serverFarmId":0,"name":"webapp-linux-plan000002","workerSize":"Default","workerSizeId":0,"workerTierName":null,"numberOfWorkers":1,"currentWorkerSize":"Default","currentWorkerSizeId":0,"currentNumberOfWorkers":1,"status":"Ready","webSpace":"clitest.rg000001-JapanWestwebspace","subscription":"0b1f6471-1bf0-4dda-aec3-cb9272f09590","adminSiteName":null,"hostingEnvironment":null,"hostingEnvironmentProfile":null,"maximumNumberOfWorkers":10,"planName":"VirtualDedicatedPlan","adminRuntimeSiteName":null,"computeMode":"Shared","siteMode":null,"geoRegion":"Japan
        West","perSiteScaling":false,"numberOfSites":0,"hostingEnvironmentId":null,"isSpot":false,"spotExpirationTime":null,"tags":null,"kind":"linux","resourceGroup":"clitest.rg000001","reserved":true,"mdmId":"waws-prod-os1-009_192","targetWorkerCount":0,"targetWorkerSizeId":0,"provisioningState":"Succeeded"},"sku":{"name":"S1","tier":"Standard","size":"S1","family":"S","capacity":1}}'}
    headers:
      cache-control: [no-cache]
      content-length: ['1393']
      content-type: [application/json]
      date: ['Tue, 24 Oct 2017 23:26:52 GMT']
      expires: ['-1']
      pragma: [no-cache]
      server: [Microsoft-IIS/8.0]
      strict-transport-security: [max-age=31536000; includeSubDomains]
      transfer-encoding: [chunked]
      vary: [Accept-Encoding]
      x-aspnet-version: [4.0.30319]
      x-powered-by: [ASP.NET]
    status: {code: 200, message: OK}
- request:
    body: 'b''b\''{"properties": {"siteConfig": {"localMySqlEnabled": false, "netFrameworkVersion":
      "v4.6", "linuxFxVersion": "node|6.4", "appSettings": []}, "scmSiteAlsoStopped":
      false, "reserved": false, "serverFarmId": "/subscriptions/00000000-0000-0000-0000-000000000000/resourceGroups/clitest.rg000001/providers/Microsoft.Web/serverfarms/webapp-linux-plan000002"},
      "location": "Japan West"}\'''''
    headers:
      Accept: [application/json]
      Accept-Encoding: ['gzip, deflate']
      CommandName: [webapp create]
      Connection: [keep-alive]
      Content-Length: ['437']
      Content-Type: [application/json; charset=utf-8]
      User-Agent: [python/3.5.3 (Windows-10-10.0.15063-SP0) requests/2.18.4 msrest/0.4.15
          msrest_azure/0.4.11 websitemanagementclient/0.33.0 Azure-SDK-For-Python
          AZURECLI/2.0.21]
      accept-language: [en-US]
    method: PUT
    uri: https://management.azure.com/subscriptions/00000000-0000-0000-0000-000000000000/resourceGroups/clitest.rg000001/providers/Microsoft.Web/sites/webapp-linux000003?api-version=2016-08-01
  response:
    body: {string: '{"id":"/subscriptions/00000000-0000-0000-0000-000000000000/resourceGroups/clitest.rg000001/providers/Microsoft.Web/sites/webapp-linux000003","name":"webapp-linux000003","type":"Microsoft.Web/sites","kind":"app","location":"Japan
        West","properties":{"name":"webapp-linux000003","state":"Running","hostNames":["webapp-linux000003.azurewebsites.net"],"webSpace":"clitest.rg000001-JapanWestwebspace","selfLink":"https://waws-prod-os1-009.api.azurewebsites.windows.net:454/subscriptions/00000000-0000-0000-0000-000000000000/webspaces/clitest.rg000001-JapanWestwebspace/sites/webapp-linux000003","repositorySiteName":"webapp-linux000003","owner":null,"usageState":"Normal","enabled":true,"adminEnabled":true,"enabledHostNames":["webapp-linux000003.azurewebsites.net","webapp-linux000003.scm.azurewebsites.net"],"siteProperties":{"metadata":null,"properties":[],"appSettings":null},"availabilityState":"Normal","sslCertificates":null,"csrs":[],"cers":null,"siteMode":null,"hostNameSslStates":[{"name":"webapp-linux000003.azurewebsites.net","sslState":"Disabled","ipBasedSslResult":null,"virtualIP":null,"thumbprint":null,"toUpdate":null,"toUpdateIpBasedSsl":null,"ipBasedSslState":"NotConfigured","hostType":"Standard"},{"name":"webapp-linux000003.scm.azurewebsites.net","sslState":"Disabled","ipBasedSslResult":null,"virtualIP":null,"thumbprint":null,"toUpdate":null,"toUpdateIpBasedSsl":null,"ipBasedSslState":"NotConfigured","hostType":"Repository"}],"computeMode":null,"serverFarm":null,"serverFarmId":"/subscriptions/00000000-0000-0000-0000-000000000000/resourceGroups/clitest.rg000001/providers/Microsoft.Web/serverfarms/webapp-linux-plan000002","reserved":true,"lastModifiedTimeUtc":"2017-10-24T23:26:57.3533333","storageRecoveryDefaultState":"Running","contentAvailabilityState":"Normal","runtimeAvailabilityState":"Normal","siteConfig":null,"deploymentId":"webapp-linux000003","trafficManagerHostNames":null,"sku":"Standard","scmSiteAlsoStopped":false,"targetSwapSlot":null,"hostingEnvironment":null,"hostingEnvironmentProfile":null,"clientAffinityEnabled":true,"clientCertEnabled":false,"hostNamesDisabled":false,"domainVerificationIdentifiers":null,"kind":"app","outboundIpAddresses":"104.215.58.230,104.215.53.202,104.215.62.87,104.215.51.91,104.215.63.211","possibleOutboundIpAddresses":"104.215.58.230,104.215.53.202,104.215.62.87,104.215.51.91,104.215.63.211,104.215.58.230","containerSize":0,"dailyMemoryTimeQuota":0,"suspendedTill":null,"siteDisabledReason":0,"functionExecutionUnitsCache":null,"maxNumberOfWorkers":null,"homeStamp":"waws-prod-os1-009","cloningInfo":null,"snapshotInfo":null,"hostingEnvironmentId":null,"tags":null,"resourceGroup":"clitest.rg000001","defaultHostName":"webapp-linux000003.azurewebsites.net","slotSwapStatus":null}}'}
    headers:
      cache-control: [no-cache]
      content-length: ['3125']
      content-type: [application/json]
      date: ['Tue, 24 Oct 2017 23:27:01 GMT']
      etag: ['"1D34D1F95E5CCEB"']
      expires: ['-1']
      pragma: [no-cache]
      server: [Microsoft-IIS/8.0]
      strict-transport-security: [max-age=31536000; includeSubDomains]
      transfer-encoding: [chunked]
      vary: [Accept-Encoding]
      x-aspnet-version: [4.0.30319]
      x-ms-ratelimit-remaining-subscription-writes: ['1197']
      x-powered-by: [ASP.NET]
    status: {code: 200, message: OK}
- request:
    body: '{}'
    headers:
      Accept: [application/json]
      Accept-Encoding: ['gzip, deflate']
      CommandName: [webapp create]
      Connection: [keep-alive]
      Content-Length: ['2']
      Content-Type: [application/json; charset=utf-8]
      User-Agent: [python/3.5.3 (Windows-10-10.0.15063-SP0) requests/2.18.4 msrest/0.4.15
          msrest_azure/0.4.11 websitemanagementclient/0.33.0 Azure-SDK-For-Python
          AZURECLI/2.0.21]
      accept-language: [en-US]
    method: POST
    uri: https://management.azure.com/subscriptions/00000000-0000-0000-0000-000000000000/resourceGroups/clitest.rg000001/providers/Microsoft.Web/sites/webapp-linux000003/publishxml?api-version=2016-08-01
  response:
    body: {string: '<publishData><publishProfile profileName="webapp-linux000003 -
        Web Deploy" publishMethod="MSDeploy" publishUrl="webapp-linux000003.scm.azurewebsites.net:443"
        msdeploySite="webapp-linux000003" userName="$webapp-linux000003" userPWD="W6bWluuBBjhAeZHrMKBADotWNA8irYhzGYknqfr2aikl7vCi6EAXN90kYyHH"
        destinationAppUrl="http://webapp-linux000003.azurewebsites.net" SQLServerDBConnectionString=""
        mySQLDBConnectionString="" hostingProviderForumLink="" controlPanelLink="http://windows.azure.com"
        webSystem="WebSites"><databases /></publishProfile><publishProfile profileName="webapp-linux000003
        - FTP" publishMethod="FTP" publishUrl="ftp://waws-prod-os1-009.ftp.azurewebsites.windows.net/site/wwwroot"
        ftpPassiveMode="True" userName="webapp-linux000003\$webapp-linux000003" userPWD="W6bWluuBBjhAeZHrMKBADotWNA8irYhzGYknqfr2aikl7vCi6EAXN90kYyHH"
        destinationAppUrl="http://webapp-linux000003.azurewebsites.net" SQLServerDBConnectionString=""
        mySQLDBConnectionString="" hostingProviderForumLink="" controlPanelLink="http://windows.azure.com"
        webSystem="WebSites"><databases /></publishProfile></publishData>'}
    headers:
      cache-control: [no-cache]
      content-length: ['1150']
      content-type: [application/xml]
      date: ['Tue, 24 Oct 2017 23:27:03 GMT']
      expires: ['-1']
      pragma: [no-cache]
      server: [Microsoft-IIS/8.0]
      strict-transport-security: [max-age=31536000; includeSubDomains]
      x-aspnet-version: [4.0.30319]
      x-ms-ratelimit-remaining-subscription-resource-requests: ['11999']
      x-powered-by: [ASP.NET]
    status: {code: 200, message: OK}
- request:
    body: null
    headers:
      Accept: [application/json]
      Accept-Encoding: ['gzip, deflate']
      CommandName: [webapp list]
      Connection: [keep-alive]
      Content-Type: [application/json; charset=utf-8]
      User-Agent: [python/3.5.3 (Windows-10-10.0.15063-SP0) requests/2.18.4 msrest/0.4.15
          msrest_azure/0.4.11 websitemanagementclient/0.33.0 Azure-SDK-For-Python
          AZURECLI/2.0.21]
      accept-language: [en-US]
    method: GET
    uri: https://management.azure.com/subscriptions/00000000-0000-0000-0000-000000000000/resourceGroups/clitest.rg000001/providers/Microsoft.Web/sites?api-version=2016-08-01
  response:
    body: {string: '{"value":[{"id":"/subscriptions/00000000-0000-0000-0000-000000000000/resourceGroups/clitest.rg000001/providers/Microsoft.Web/sites/webapp-linux000003","name":"webapp-linux000003","type":"Microsoft.Web/sites","kind":"app","location":"Japan
        West","properties":{"name":"webapp-linux000003","state":"Running","hostNames":["webapp-linux000003.azurewebsites.net"],"webSpace":"clitest.rg000001-JapanWestwebspace","selfLink":"https://waws-prod-os1-009.api.azurewebsites.windows.net:454/subscriptions/00000000-0000-0000-0000-000000000000/webspaces/clitest.rg000001-JapanWestwebspace/sites/webapp-linux000003","repositorySiteName":"webapp-linux000003","owner":null,"usageState":"Normal","enabled":true,"adminEnabled":true,"enabledHostNames":["webapp-linux000003.azurewebsites.net","webapp-linux000003.scm.azurewebsites.net"],"siteProperties":{"metadata":null,"properties":[],"appSettings":null},"availabilityState":"Normal","sslCertificates":null,"csrs":[],"cers":null,"siteMode":null,"hostNameSslStates":[{"name":"webapp-linux000003.azurewebsites.net","sslState":"Disabled","ipBasedSslResult":null,"virtualIP":null,"thumbprint":null,"toUpdate":null,"toUpdateIpBasedSsl":null,"ipBasedSslState":"NotConfigured","hostType":"Standard"},{"name":"webapp-linux000003.scm.azurewebsites.net","sslState":"Disabled","ipBasedSslResult":null,"virtualIP":null,"thumbprint":null,"toUpdate":null,"toUpdateIpBasedSsl":null,"ipBasedSslState":"NotConfigured","hostType":"Repository"}],"computeMode":null,"serverFarm":null,"serverFarmId":"/subscriptions/00000000-0000-0000-0000-000000000000/resourceGroups/clitest.rg000001/providers/Microsoft.Web/serverfarms/webapp-linux-plan000002","reserved":true,"lastModifiedTimeUtc":"2017-10-24T23:26:57.8066667","storageRecoveryDefaultState":"Running","contentAvailabilityState":"Normal","runtimeAvailabilityState":"Normal","siteConfig":null,"deploymentId":"webapp-linux000003","trafficManagerHostNames":null,"sku":"Standard","scmSiteAlsoStopped":false,"targetSwapSlot":null,"hostingEnvironment":null,"hostingEnvironmentProfile":null,"clientAffinityEnabled":true,"clientCertEnabled":false,"hostNamesDisabled":false,"domainVerificationIdentifiers":null,"kind":"app","outboundIpAddresses":"104.215.58.230,104.215.53.202,104.215.62.87,104.215.51.91,104.215.63.211","possibleOutboundIpAddresses":"104.215.58.230,104.215.53.202,104.215.62.87,104.215.51.91,104.215.63.211,104.215.58.230","containerSize":0,"dailyMemoryTimeQuota":0,"suspendedTill":null,"siteDisabledReason":0,"functionExecutionUnitsCache":null,"maxNumberOfWorkers":null,"homeStamp":"waws-prod-os1-009","cloningInfo":null,"snapshotInfo":null,"hostingEnvironmentId":null,"tags":null,"resourceGroup":"clitest.rg000001","defaultHostName":"webapp-linux000003.azurewebsites.net","slotSwapStatus":null}}],"nextLink":null,"id":null}'}
    headers:
      cache-control: [no-cache]
      content-length: ['3163']
      content-type: [application/json]
      date: ['Tue, 24 Oct 2017 23:27:05 GMT']
      expires: ['-1']
      pragma: [no-cache]
      server: [Microsoft-IIS/8.0]
      strict-transport-security: [max-age=31536000; includeSubDomains]
      transfer-encoding: [chunked]
      vary: [Accept-Encoding]
      x-aspnet-version: [4.0.30319]
      x-powered-by: [ASP.NET]
    status: {code: 200, message: OK}
- request:
    body: null
    headers:
      Accept: [application/json]
      Accept-Encoding: ['gzip, deflate']
      CommandName: [webapp config set]
      Connection: [keep-alive]
      Content-Type: [application/json; charset=utf-8]
      User-Agent: [python/3.5.3 (Windows-10-10.0.15063-SP0) requests/2.18.4 msrest/0.4.15
          msrest_azure/0.4.11 websitemanagementclient/0.33.0 Azure-SDK-For-Python
          AZURECLI/2.0.21]
      accept-language: [en-US]
    method: GET
    uri: https://management.azure.com/subscriptions/00000000-0000-0000-0000-000000000000/resourceGroups/clitest.rg000001/providers/Microsoft.Web/sites/webapp-linux000003/config/web?api-version=2016-08-01
  response:
    body: {string: '{"id":"/subscriptions/00000000-0000-0000-0000-000000000000/resourceGroups/clitest.rg000001/providers/Microsoft.Web/sites/webapp-linux000003/config/web","name":"webapp-linux000003","type":"Microsoft.Web/sites/config","location":"Japan
        West","properties":{"numberOfWorkers":1,"defaultDocuments":["Default.htm","Default.html","Default.asp","index.htm","index.html","iisstart.htm","default.aspx","index.php","hostingstart.html"],"netFrameworkVersion":"v4.0","phpVersion":"","pythonVersion":"","nodeVersion":"","linuxFxVersion":"node|6.4","requestTracingEnabled":false,"remoteDebuggingEnabled":false,"remoteDebuggingVersion":null,"httpLoggingEnabled":false,"logsDirectorySizeLimit":35,"detailedErrorLoggingEnabled":false,"publishingUsername":"$webapp-linux000003","publishingPassword":null,"appSettings":null,"metadata":null,"connectionStrings":null,"machineKey":null,"handlerMappings":null,"documentRoot":null,"scmType":"None","use32BitWorkerProcess":true,"webSocketsEnabled":false,"alwaysOn":false,"javaVersion":null,"javaContainer":null,"javaContainerVersion":null,"appCommandLine":"","managedPipelineMode":"Integrated","virtualApplications":[{"virtualPath":"/","physicalPath":"site\\wwwroot","preloadEnabled":false,"virtualDirectories":null}],"winAuthAdminState":0,"winAuthTenantState":0,"customAppPoolIdentityAdminState":false,"customAppPoolIdentityTenantState":false,"runtimeADUser":null,"runtimeADUserPassword":null,"loadBalancing":"LeastRequests","routingRules":[],"experiments":{"rampUpRules":[]},"limits":null,"autoHealEnabled":false,"autoHealRules":{"triggers":null,"actions":null},"tracingOptions":null,"vnetName":"","siteAuthEnabled":false,"siteAuthSettings":{"enabled":null,"unauthenticatedClientAction":null,"tokenStoreEnabled":null,"allowedExternalRedirectUrls":null,"defaultProvider":null,"clientId":null,"clientSecret":null,"issuer":null,"allowedAudiences":null,"additionalLoginParams":null,"isAadAutoProvisioned":false,"googleClientId":null,"googleClientSecret":null,"googleOAuthScopes":null,"facebookAppId":null,"facebookAppSecret":null,"facebookOAuthScopes":null,"twitterConsumerKey":null,"twitterConsumerSecret":null,"microsoftAccountClientId":null,"microsoftAccountClientSecret":null,"microsoftAccountOAuthScopes":null},"cors":null,"push":null,"apiDefinition":null,"autoSwapSlotName":null,"localMySqlEnabled":false,"ipSecurityRestrictions":null}}'}
    headers:
      cache-control: [no-cache]
      content-length: ['2441']
      content-type: [application/json]
      date: ['Tue, 24 Oct 2017 23:27:06 GMT']
      expires: ['-1']
      pragma: [no-cache]
      server: [Microsoft-IIS/8.0]
      strict-transport-security: [max-age=31536000; includeSubDomains]
      transfer-encoding: [chunked]
      vary: [Accept-Encoding]
      x-aspnet-version: [4.0.30319]
      x-powered-by: [ASP.NET]
    status: {code: 200, message: OK}
- request:
    body: 'b''{"properties": {"experiments": {"rampUpRules": []}, "netFrameworkVersion":
      "v4.0", "publishingUsername": "$webapp-linux000003", "virtualApplications":
      [{"preloadEnabled": false, "physicalPath": "site\\\\wwwroot", "virtualPath":
      "/"}], "localMySqlEnabled": false, "alwaysOn": false, "pythonVersion": "", "defaultDocuments":
      ["Default.htm", "Default.html", "Default.asp", "index.htm", "index.html", "iisstart.htm",
      "default.aspx", "index.php", "hostingstart.html"], "httpLoggingEnabled": false,
      "linuxFxVersion": "node|6.4", "appCommandLine": "process.json", "scmType": "None",
      "autoHealEnabled": false, "nodeVersion": "", "requestTracingEnabled": false,
      "detailedErrorLoggingEnabled": false, "use32BitWorkerProcess": true, "loadBalancing":
      "LeastRequests", "logsDirectorySizeLimit": 35, "autoHealRules": {}, "vnetName":
      "", "phpVersion": "", "numberOfWorkers": 1, "managedPipelineMode": "Integrated",
      "remoteDebuggingEnabled": false, "webSocketsEnabled": false}}'''
    headers:
      Accept: [application/json]
      Accept-Encoding: ['gzip, deflate']
      CommandName: [webapp config set]
      Connection: [keep-alive]
      Content-Length: ['965']
      Content-Type: [application/json; charset=utf-8]
      User-Agent: [python/3.5.3 (Windows-10-10.0.15063-SP0) requests/2.18.4 msrest/0.4.15
          msrest_azure/0.4.11 websitemanagementclient/0.33.0 Azure-SDK-For-Python
          AZURECLI/2.0.21]
      accept-language: [en-US]
    method: PATCH
    uri: https://management.azure.com/subscriptions/00000000-0000-0000-0000-000000000000/resourceGroups/clitest.rg000001/providers/Microsoft.Web/sites/webapp-linux000003/config/web?api-version=2016-08-01
  response:
    body: {string: '{"id":"/subscriptions/00000000-0000-0000-0000-000000000000/resourceGroups/clitest.rg000001/providers/Microsoft.Web/sites/webapp-linux000003","name":"webapp-linux000003","type":"Microsoft.Web/sites","location":"Japan
        West","properties":{"numberOfWorkers":1,"defaultDocuments":["Default.htm","Default.html","Default.asp","index.htm","index.html","iisstart.htm","default.aspx","index.php","hostingstart.html"],"netFrameworkVersion":"v4.0","phpVersion":"","pythonVersion":"","nodeVersion":"","linuxFxVersion":"node|6.4","requestTracingEnabled":false,"remoteDebuggingEnabled":false,"remoteDebuggingVersion":"VS2012","httpLoggingEnabled":false,"logsDirectorySizeLimit":35,"detailedErrorLoggingEnabled":false,"publishingUsername":"$webapp-linux000003","publishingPassword":null,"appSettings":null,"metadata":null,"connectionStrings":null,"machineKey":null,"handlerMappings":null,"documentRoot":null,"scmType":"None","use32BitWorkerProcess":true,"webSocketsEnabled":false,"alwaysOn":false,"javaVersion":null,"javaContainer":null,"javaContainerVersion":null,"appCommandLine":"process.json","managedPipelineMode":"Integrated","virtualApplications":[{"virtualPath":"/","physicalPath":"site\\wwwroot","preloadEnabled":false,"virtualDirectories":null}],"winAuthAdminState":0,"winAuthTenantState":0,"customAppPoolIdentityAdminState":false,"customAppPoolIdentityTenantState":false,"runtimeADUser":null,"runtimeADUserPassword":null,"loadBalancing":"LeastRequests","routingRules":[],"experiments":{"rampUpRules":[]},"limits":null,"autoHealEnabled":false,"autoHealRules":{"triggers":null,"actions":null},"tracingOptions":null,"vnetName":"","siteAuthEnabled":false,"siteAuthSettings":{"enabled":null,"unauthenticatedClientAction":null,"tokenStoreEnabled":null,"allowedExternalRedirectUrls":null,"defaultProvider":null,"clientId":null,"clientSecret":null,"issuer":null,"allowedAudiences":null,"additionalLoginParams":null,"isAadAutoProvisioned":false,"googleClientId":null,"googleClientSecret":null,"googleOAuthScopes":null,"facebookAppId":null,"facebookAppSecret":null,"facebookOAuthScopes":null,"twitterConsumerKey":null,"twitterConsumerSecret":null,"microsoftAccountClientId":null,"microsoftAccountClientSecret":null,"microsoftAccountOAuthScopes":null},"cors":null,"push":null,"apiDefinition":null,"autoSwapSlotName":null,"localMySqlEnabled":false,"ipSecurityRestrictions":null}}'}
    headers:
      cache-control: [no-cache]
      content-length: ['2439']
      content-type: [application/json]
      date: ['Tue, 24 Oct 2017 23:27:12 GMT']
      etag: ['"1D34D1F9E431E00"']
      expires: ['-1']
      pragma: [no-cache]
      server: [Microsoft-IIS/8.0]
      strict-transport-security: [max-age=31536000; includeSubDomains]
      transfer-encoding: [chunked]
      vary: [Accept-Encoding]
      x-aspnet-version: [4.0.30319]
      x-ms-ratelimit-remaining-subscription-writes: ['1196']
      x-powered-by: [ASP.NET]
    status: {code: 200, message: OK}
- request:
    body: null
    headers:
      Accept: [application/json]
      Accept-Encoding: ['gzip, deflate']
      CommandName: [webapp deployment container config]
      Connection: [keep-alive]
      Content-Length: ['0']
      Content-Type: [application/json; charset=utf-8]
      User-Agent: [python/3.5.3 (Windows-10-10.0.15063-SP0) requests/2.18.4 msrest/0.4.15
          msrest_azure/0.4.11 websitemanagementclient/0.33.0 Azure-SDK-For-Python
          AZURECLI/2.0.21]
      accept-language: [en-US]
    method: POST
    uri: https://management.azure.com/subscriptions/00000000-0000-0000-0000-000000000000/resourceGroups/clitest.rg000001/providers/Microsoft.Web/sites/webapp-linux000003/config/appsettings/list?api-version=2016-08-01
  response:
    body: {string: '{"id":"/subscriptions/00000000-0000-0000-0000-000000000000/resourceGroups/clitest.rg000001/providers/Microsoft.Web/sites/webapp-linux000003/config/appsettings","name":"appsettings","type":"Microsoft.Web/sites/config","location":"Japan
        West","properties":{}}'}
    headers:
      cache-control: [no-cache]
      content-length: ['322']
      content-type: [application/json]
      date: ['Tue, 24 Oct 2017 23:27:13 GMT']
      expires: ['-1']
      pragma: [no-cache]
      server: [Microsoft-IIS/8.0]
      strict-transport-security: [max-age=31536000; includeSubDomains]
      transfer-encoding: [chunked]
      vary: [Accept-Encoding]
      x-aspnet-version: [4.0.30319]
      x-ms-ratelimit-remaining-subscription-resource-requests: ['11999']
      x-powered-by: [ASP.NET]
    status: {code: 200, message: OK}
- request:
    body: '{"properties": {"DOCKER_ENABLE_CI": "true"}, "kind": "<class ''str''>"}'
    headers:
      Accept: [application/json]
      Accept-Encoding: ['gzip, deflate']
      CommandName: [webapp deployment container config]
      Connection: [keep-alive]
      Content-Length: ['69']
      Content-Type: [application/json; charset=utf-8]
      User-Agent: [python/3.5.3 (Windows-10-10.0.15063-SP0) requests/2.18.4 msrest/0.4.15
          msrest_azure/0.4.11 websitemanagementclient/0.33.0 Azure-SDK-For-Python
          AZURECLI/2.0.21]
      accept-language: [en-US]
    method: PUT
    uri: https://management.azure.com/subscriptions/00000000-0000-0000-0000-000000000000/resourceGroups/clitest.rg000001/providers/Microsoft.Web/sites/webapp-linux000003/config/appsettings?api-version=2016-08-01
  response:
    body: {string: '{"id":"/subscriptions/00000000-0000-0000-0000-000000000000/resourceGroups/clitest.rg000001/providers/Microsoft.Web/sites/webapp-linux000003/config/appsettings","name":"appsettings","type":"Microsoft.Web/sites/config","location":"Japan
        West","properties":{"DOCKER_ENABLE_CI":"true"}}'}
    headers:
      cache-control: [no-cache]
      content-length: ['347']
      content-type: [application/json]
      date: ['Tue, 24 Oct 2017 23:27:16 GMT']
      etag: ['"1D34D1FA0F8E22B"']
      expires: ['-1']
      pragma: [no-cache]
      server: [Microsoft-IIS/8.0]
      strict-transport-security: [max-age=31536000; includeSubDomains]
      transfer-encoding: [chunked]
      vary: [Accept-Encoding]
      x-aspnet-version: [4.0.30319]
      x-ms-ratelimit-remaining-subscription-writes: ['1190']
      x-powered-by: [ASP.NET]
    status: {code: 200, message: OK}
- request:
    body: null
    headers:
      Accept: [application/json]
      Accept-Encoding: ['gzip, deflate']
      CommandName: [webapp deployment container config]
      Connection: [keep-alive]
      Content-Length: ['0']
      Content-Type: [application/json; charset=utf-8]
      User-Agent: [python/3.5.3 (Windows-10-10.0.15063-SP0) requests/2.18.4 msrest/0.4.15
          msrest_azure/0.4.11 websitemanagementclient/0.33.0 Azure-SDK-For-Python
          AZURECLI/2.0.21]
      accept-language: [en-US]
    method: POST
    uri: https://management.azure.com/subscriptions/00000000-0000-0000-0000-000000000000/resourceGroups/clitest.rg000001/providers/Microsoft.Web/sites/webapp-linux000003/config/appsettings/list?api-version=2016-08-01
  response:
    body: {string: '{"id":"/subscriptions/00000000-0000-0000-0000-000000000000/resourceGroups/clitest.rg000001/providers/Microsoft.Web/sites/webapp-linux000003/config/appsettings","name":"appsettings","type":"Microsoft.Web/sites/config","location":"Japan
        West","properties":{"DOCKER_ENABLE_CI":"true"}}'}
    headers:
      cache-control: [no-cache]
      content-length: ['347']
      content-type: [application/json]
      date: ['Tue, 24 Oct 2017 23:27:17 GMT']
      expires: ['-1']
      pragma: [no-cache]
      server: [Microsoft-IIS/8.0]
      strict-transport-security: [max-age=31536000; includeSubDomains]
      transfer-encoding: [chunked]
      vary: [Accept-Encoding]
      x-aspnet-version: [4.0.30319]
      x-ms-ratelimit-remaining-subscription-resource-requests: ['11998']
      x-powered-by: [ASP.NET]
    status: {code: 200, message: OK}
- request:
    body: null
    headers:
      Accept: [application/json]
      Accept-Encoding: ['gzip, deflate']
      CommandName: [webapp deployment container config]
      Connection: [keep-alive]
      Content-Type: [application/json; charset=utf-8]
      User-Agent: [python/3.5.3 (Windows-10-10.0.15063-SP0) requests/2.18.4 msrest/0.4.15
          msrest_azure/0.4.11 websitemanagementclient/0.33.0 Azure-SDK-For-Python
          AZURECLI/2.0.21]
      accept-language: [en-US]
    method: GET
    uri: https://management.azure.com/subscriptions/00000000-0000-0000-0000-000000000000/resourceGroups/clitest.rg000001/providers/Microsoft.Web/sites/webapp-linux000003/config/slotConfigNames?api-version=2016-08-01
  response:
    body: {string: '{"id":null,"name":"webapp-linux000003","type":"Microsoft.Web/sites","location":"Japan
        West","properties":{"connectionStringNames":null,"appSettingNames":null}}'}
    headers:
      cache-control: [no-cache]
      content-length: ['165']
      content-type: [application/json]
      date: ['Tue, 24 Oct 2017 23:27:18 GMT']
      expires: ['-1']
      pragma: [no-cache]
      server: [Microsoft-IIS/8.0]
      strict-transport-security: [max-age=31536000; includeSubDomains]
      transfer-encoding: [chunked]
      vary: [Accept-Encoding]
      x-aspnet-version: [4.0.30319]
      x-powered-by: [ASP.NET]
    status: {code: 200, message: OK}
- request:
    body: '{}'
    headers:
      Accept: [application/json]
      Accept-Encoding: ['gzip, deflate']
      CommandName: [webapp deployment container config]
      Connection: [keep-alive]
      Content-Length: ['2']
      Content-Type: [application/json; charset=utf-8]
      User-Agent: [python/3.5.3 (Windows-10-10.0.15063-SP0) requests/2.18.4 msrest/0.4.15
          msrest_azure/0.4.11 websitemanagementclient/0.33.0 Azure-SDK-For-Python
          AZURECLI/2.0.21]
      accept-language: [en-US]
    method: POST
    uri: https://management.azure.com/subscriptions/00000000-0000-0000-0000-000000000000/resourceGroups/clitest.rg000001/providers/Microsoft.Web/sites/webapp-linux000003/publishxml?api-version=2016-08-01
  response:
    body: {string: '<publishData><publishProfile profileName="webapp-linux000003 -
        Web Deploy" publishMethod="MSDeploy" publishUrl="webapp-linux000003.scm.azurewebsites.net:443"
        msdeploySite="webapp-linux000003" userName="$webapp-linux000003" userPWD="W6bWluuBBjhAeZHrMKBADotWNA8irYhzGYknqfr2aikl7vCi6EAXN90kYyHH"
        destinationAppUrl="http://webapp-linux000003.azurewebsites.net" SQLServerDBConnectionString=""
        mySQLDBConnectionString="" hostingProviderForumLink="" controlPanelLink="http://windows.azure.com"
        webSystem="WebSites"><databases /></publishProfile><publishProfile profileName="webapp-linux000003
        - FTP" publishMethod="FTP" publishUrl="ftp://waws-prod-os1-009.ftp.azurewebsites.windows.net/site/wwwroot"
        ftpPassiveMode="True" userName="webapp-linux000003\$webapp-linux000003" userPWD="W6bWluuBBjhAeZHrMKBADotWNA8irYhzGYknqfr2aikl7vCi6EAXN90kYyHH"
        destinationAppUrl="http://webapp-linux000003.azurewebsites.net" SQLServerDBConnectionString=""
        mySQLDBConnectionString="" hostingProviderForumLink="" controlPanelLink="http://windows.azure.com"
        webSystem="WebSites"><databases /></publishProfile></publishData>'}
    headers:
      cache-control: [no-cache]
      content-length: ['1150']
      content-type: [application/xml]
      date: ['Tue, 24 Oct 2017 23:27:20 GMT']
      expires: ['-1']
      pragma: [no-cache]
      server: [Microsoft-IIS/8.0]
      strict-transport-security: [max-age=31536000; includeSubDomains]
      x-aspnet-version: [4.0.30319]
      x-ms-ratelimit-remaining-subscription-resource-requests: ['11999']
      x-powered-by: [ASP.NET]
    status: {code: 200, message: OK}
- request:
    body: null
    headers:
      Accept: [application/json]
      Accept-Encoding: ['gzip, deflate']
      CommandName: [webapp config container set]
      Connection: [keep-alive]
      Content-Type: [application/json; charset=utf-8]
      User-Agent: [python/3.5.3 (Windows-10-10.0.15063-SP0) requests/2.18.4 msrest/0.4.15
          msrest_azure/0.4.11 websitemanagementclient/0.33.0 Azure-SDK-For-Python
          AZURECLI/2.0.21]
      accept-language: [en-US]
    method: GET
    uri: https://management.azure.com/subscriptions/00000000-0000-0000-0000-000000000000/resourceGroups/clitest.rg000001/providers/Microsoft.Web/sites/webapp-linux000003/config/web?api-version=2016-08-01
  response:
    body: {string: '{"id":"/subscriptions/00000000-0000-0000-0000-000000000000/resourceGroups/clitest.rg000001/providers/Microsoft.Web/sites/webapp-linux000003/config/web","name":"webapp-linux000003","type":"Microsoft.Web/sites/config","location":"Japan
        West","properties":{"numberOfWorkers":1,"defaultDocuments":["Default.htm","Default.html","Default.asp","index.htm","index.html","iisstart.htm","default.aspx","index.php","hostingstart.html"],"netFrameworkVersion":"v4.0","phpVersion":"","pythonVersion":"","nodeVersion":"","linuxFxVersion":"node|6.4","requestTracingEnabled":false,"remoteDebuggingEnabled":false,"remoteDebuggingVersion":"VS2012","httpLoggingEnabled":false,"logsDirectorySizeLimit":35,"detailedErrorLoggingEnabled":false,"publishingUsername":"$webapp-linux000003","publishingPassword":null,"appSettings":null,"metadata":null,"connectionStrings":null,"machineKey":null,"handlerMappings":null,"documentRoot":null,"scmType":"None","use32BitWorkerProcess":true,"webSocketsEnabled":false,"alwaysOn":false,"javaVersion":null,"javaContainer":null,"javaContainerVersion":null,"appCommandLine":"process.json","managedPipelineMode":"Integrated","virtualApplications":[{"virtualPath":"/","physicalPath":"site\\wwwroot","preloadEnabled":false,"virtualDirectories":null}],"winAuthAdminState":0,"winAuthTenantState":0,"customAppPoolIdentityAdminState":false,"customAppPoolIdentityTenantState":false,"runtimeADUser":null,"runtimeADUserPassword":null,"loadBalancing":"LeastRequests","routingRules":[],"experiments":{"rampUpRules":[]},"limits":null,"autoHealEnabled":false,"autoHealRules":{"triggers":null,"actions":null},"tracingOptions":null,"vnetName":"","siteAuthEnabled":false,"siteAuthSettings":{"enabled":null,"unauthenticatedClientAction":null,"tokenStoreEnabled":null,"allowedExternalRedirectUrls":null,"defaultProvider":null,"clientId":null,"clientSecret":null,"issuer":null,"allowedAudiences":null,"additionalLoginParams":null,"isAadAutoProvisioned":false,"googleClientId":null,"googleClientSecret":null,"googleOAuthScopes":null,"facebookAppId":null,"facebookAppSecret":null,"facebookOAuthScopes":null,"twitterConsumerKey":null,"twitterConsumerSecret":null,"microsoftAccountClientId":null,"microsoftAccountClientSecret":null,"microsoftAccountOAuthScopes":null},"cors":null,"push":null,"apiDefinition":null,"autoSwapSlotName":null,"localMySqlEnabled":false,"ipSecurityRestrictions":null}}'}
    headers:
      cache-control: [no-cache]
      content-length: ['2457']
      content-type: [application/json]
      date: ['Tue, 24 Oct 2017 23:27:20 GMT']
      expires: ['-1']
      pragma: [no-cache]
      server: [Microsoft-IIS/8.0]
      strict-transport-security: [max-age=31536000; includeSubDomains]
      transfer-encoding: [chunked]
      vary: [Accept-Encoding]
      x-aspnet-version: [4.0.30319]
      x-powered-by: [ASP.NET]
    status: {code: 200, message: OK}
- request:
    body: null
    headers:
      Accept: [application/json]
      Accept-Encoding: ['gzip, deflate']
      CommandName: [webapp config container set]
      Connection: [keep-alive]
      Content-Length: ['0']
      Content-Type: [application/json; charset=utf-8]
      User-Agent: [python/3.5.3 (Windows-10-10.0.15063-SP0) requests/2.18.4 msrest/0.4.15
          msrest_azure/0.4.11 websitemanagementclient/0.33.0 Azure-SDK-For-Python
          AZURECLI/2.0.21]
      accept-language: [en-US]
    method: POST
    uri: https://management.azure.com/subscriptions/00000000-0000-0000-0000-000000000000/resourceGroups/clitest.rg000001/providers/Microsoft.Web/sites/webapp-linux000003/config/appsettings/list?api-version=2016-08-01
  response:
    body: {string: '{"id":"/subscriptions/00000000-0000-0000-0000-000000000000/resourceGroups/clitest.rg000001/providers/Microsoft.Web/sites/webapp-linux000003/config/appsettings","name":"appsettings","type":"Microsoft.Web/sites/config","location":"Japan
        West","properties":{"DOCKER_ENABLE_CI":"true"}}'}
    headers:
      cache-control: [no-cache]
      content-length: ['347']
      content-type: [application/json]
      date: ['Tue, 24 Oct 2017 23:27:21 GMT']
      expires: ['-1']
      pragma: [no-cache]
      server: [Microsoft-IIS/8.0]
      strict-transport-security: [max-age=31536000; includeSubDomains]
      transfer-encoding: [chunked]
      vary: [Accept-Encoding]
      x-aspnet-version: [4.0.30319]
      x-ms-ratelimit-remaining-subscription-resource-requests: ['11999']
      x-powered-by: [ASP.NET]
    status: {code: 200, message: OK}
- request:
    body: '{"properties": {"DOCKER_ENABLE_CI": "true", "WEBSITES_ENABLE_APP_SERVICE_STORAGE":
      "false"}, "kind": "<class ''str''>"}'
    headers:
      Accept: [application/json]
      Accept-Encoding: ['gzip, deflate']
      CommandName: [webapp config container set]
      Connection: [keep-alive]
      Content-Length: ['117']
      Content-Type: [application/json; charset=utf-8]
      User-Agent: [python/3.5.3 (Windows-10-10.0.15063-SP0) requests/2.18.4 msrest/0.4.15
          msrest_azure/0.4.11 websitemanagementclient/0.33.0 Azure-SDK-For-Python
          AZURECLI/2.0.21]
      accept-language: [en-US]
    method: PUT
    uri: https://management.azure.com/subscriptions/00000000-0000-0000-0000-000000000000/resourceGroups/clitest.rg000001/providers/Microsoft.Web/sites/webapp-linux000003/config/appsettings?api-version=2016-08-01
  response:
    body: {string: '{"id":"/subscriptions/00000000-0000-0000-0000-000000000000/resourceGroups/clitest.rg000001/providers/Microsoft.Web/sites/webapp-linux000003/config/appsettings","name":"appsettings","type":"Microsoft.Web/sites/config","location":"Japan
        West","properties":{"DOCKER_ENABLE_CI":"true","WEBSITES_ENABLE_APP_SERVICE_STORAGE":"false"}}'}
    headers:
      cache-control: [no-cache]
      content-length: ['393']
      content-type: [application/json]
      date: ['Tue, 24 Oct 2017 23:27:23 GMT']
      etag: ['"1D34D1FA529938B"']
      expires: ['-1']
      pragma: [no-cache]
      server: [Microsoft-IIS/8.0]
      strict-transport-security: [max-age=31536000; includeSubDomains]
      transfer-encoding: [chunked]
      vary: [Accept-Encoding]
      x-aspnet-version: [4.0.30319]
      x-ms-ratelimit-remaining-subscription-writes: ['1196']
      x-powered-by: [ASP.NET]
    status: {code: 200, message: OK}
- request:
    body: 'b''{"properties": {"experiments": {"rampUpRules": []}, "netFrameworkVersion":
      "v4.0", "publishingUsername": "$webapp-linux000003", "virtualApplications":
      [{"preloadEnabled": false, "physicalPath": "site\\\\wwwroot", "virtualPath":
      "/"}], "localMySqlEnabled": false, "alwaysOn": false, "pythonVersion": "", "remoteDebuggingVersion":
      "VS2012", "defaultDocuments": ["Default.htm", "Default.html", "Default.asp",
      "index.htm", "index.html", "iisstart.htm", "default.aspx", "index.php", "hostingstart.html"],
      "httpLoggingEnabled": false, "linuxFxVersion": "DOCKER|foo-image", "appCommandLine":
      "process.json", "scmType": "None", "autoHealEnabled": false, "nodeVersion":
      "", "requestTracingEnabled": false, "detailedErrorLoggingEnabled": false, "use32BitWorkerProcess":
      true, "loadBalancing": "LeastRequests", "logsDirectorySizeLimit": 35, "autoHealRules":
      {}, "vnetName": "", "phpVersion": "", "numberOfWorkers": 1, "managedPipelineMode":
      "Integrated", "remoteDebuggingEnabled": false, "webSocketsEnabled": false}}'''
    headers:
      Accept: [application/json]
      Accept-Encoding: ['gzip, deflate']
      CommandName: [webapp config container set]
      Connection: [keep-alive]
      Content-Length: ['1009']
      Content-Type: [application/json; charset=utf-8]
      User-Agent: [python/3.5.3 (Windows-10-10.0.15063-SP0) requests/2.18.4 msrest/0.4.15
          msrest_azure/0.4.11 websitemanagementclient/0.33.0 Azure-SDK-For-Python
          AZURECLI/2.0.21]
      accept-language: [en-US]
    method: PATCH
    uri: https://management.azure.com/subscriptions/00000000-0000-0000-0000-000000000000/resourceGroups/clitest.rg000001/providers/Microsoft.Web/sites/webapp-linux000003/config/web?api-version=2016-08-01
  response:
    body: {string: '{"id":"/subscriptions/00000000-0000-0000-0000-000000000000/resourceGroups/clitest.rg000001/providers/Microsoft.Web/sites/webapp-linux000003","name":"webapp-linux000003","type":"Microsoft.Web/sites","location":"Japan
        West","properties":{"numberOfWorkers":1,"defaultDocuments":["Default.htm","Default.html","Default.asp","index.htm","index.html","iisstart.htm","default.aspx","index.php","hostingstart.html"],"netFrameworkVersion":"v4.0","phpVersion":"","pythonVersion":"","nodeVersion":"","linuxFxVersion":"DOCKER|foo-image","requestTracingEnabled":false,"remoteDebuggingEnabled":false,"remoteDebuggingVersion":"VS2012","httpLoggingEnabled":false,"logsDirectorySizeLimit":35,"detailedErrorLoggingEnabled":false,"publishingUsername":"$webapp-linux000003","publishingPassword":null,"appSettings":null,"metadata":null,"connectionStrings":null,"machineKey":null,"handlerMappings":null,"documentRoot":null,"scmType":"None","use32BitWorkerProcess":true,"webSocketsEnabled":false,"alwaysOn":false,"javaVersion":null,"javaContainer":null,"javaContainerVersion":null,"appCommandLine":"process.json","managedPipelineMode":"Integrated","virtualApplications":[{"virtualPath":"/","physicalPath":"site\\wwwroot","preloadEnabled":false,"virtualDirectories":null}],"winAuthAdminState":0,"winAuthTenantState":0,"customAppPoolIdentityAdminState":false,"customAppPoolIdentityTenantState":false,"runtimeADUser":null,"runtimeADUserPassword":null,"loadBalancing":"LeastRequests","routingRules":[],"experiments":{"rampUpRules":[]},"limits":null,"autoHealEnabled":false,"autoHealRules":{"triggers":null,"actions":null},"tracingOptions":null,"vnetName":"","siteAuthEnabled":false,"siteAuthSettings":{"enabled":null,"unauthenticatedClientAction":null,"tokenStoreEnabled":null,"allowedExternalRedirectUrls":null,"defaultProvider":null,"clientId":null,"clientSecret":null,"issuer":null,"allowedAudiences":null,"additionalLoginParams":null,"isAadAutoProvisioned":false,"googleClientId":null,"googleClientSecret":null,"googleOAuthScopes":null,"facebookAppId":null,"facebookAppSecret":null,"facebookOAuthScopes":null,"twitterConsumerKey":null,"twitterConsumerSecret":null,"microsoftAccountClientId":null,"microsoftAccountClientSecret":null,"microsoftAccountOAuthScopes":null},"cors":null,"push":null,"apiDefinition":null,"autoSwapSlotName":null,"localMySqlEnabled":false,"ipSecurityRestrictions":null}}'}
    headers:
      cache-control: [no-cache]
      content-length: ['2447']
      content-type: [application/json]
      date: ['Tue, 24 Oct 2017 23:27:26 GMT']
      etag: ['"1D34D1FA75A1520"']
      expires: ['-1']
      pragma: [no-cache]
      server: [Microsoft-IIS/8.0]
      strict-transport-security: [max-age=31536000; includeSubDomains]
      transfer-encoding: [chunked]
      vary: [Accept-Encoding]
      x-aspnet-version: [4.0.30319]
      x-ms-ratelimit-remaining-subscription-writes: ['1198']
      x-powered-by: [ASP.NET]
    status: {code: 200, message: OK}
- request:
    body: null
    headers:
      Accept: [application/json]
      Accept-Encoding: ['gzip, deflate']
      CommandName: [webapp config container set]
      Connection: [keep-alive]
      Content-Length: ['0']
      Content-Type: [application/json; charset=utf-8]
      User-Agent: [python/3.5.3 (Windows-10-10.0.15063-SP0) requests/2.18.4 msrest/0.4.15
          msrest_azure/0.4.11 websitemanagementclient/0.33.0 Azure-SDK-For-Python
          AZURECLI/2.0.21]
      accept-language: [en-US]
    method: POST
    uri: https://management.azure.com/subscriptions/00000000-0000-0000-0000-000000000000/resourceGroups/clitest.rg000001/providers/Microsoft.Web/sites/webapp-linux000003/config/appsettings/list?api-version=2016-08-01
  response:
    body: {string: '{"id":"/subscriptions/00000000-0000-0000-0000-000000000000/resourceGroups/clitest.rg000001/providers/Microsoft.Web/sites/webapp-linux000003/config/appsettings","name":"appsettings","type":"Microsoft.Web/sites/config","location":"Japan
        West","properties":{"DOCKER_ENABLE_CI":"true","WEBSITES_ENABLE_APP_SERVICE_STORAGE":"false"}}'}
    headers:
      cache-control: [no-cache]
      content-length: ['393']
      content-type: [application/json]
      date: ['Tue, 24 Oct 2017 23:27:29 GMT']
      expires: ['-1']
      pragma: [no-cache]
      server: [Microsoft-IIS/8.0]
      strict-transport-security: [max-age=31536000; includeSubDomains]
      transfer-encoding: [chunked]
      vary: [Accept-Encoding]
      x-aspnet-version: [4.0.30319]
      x-ms-ratelimit-remaining-subscription-resource-requests: ['11999']
      x-powered-by: [ASP.NET]
    status: {code: 200, message: OK}
- request:
    body: '{"properties": {"DOCKER_ENABLE_CI": "true", "DOCKER_REGISTRY_SERVER_URL":
      "foo-url", "WEBSITES_ENABLE_APP_SERVICE_STORAGE": "false", "DOCKER_REGISTRY_SERVER_PASSWORD":
      "foo-password", "DOCKER_REGISTRY_SERVER_USERNAME": "foo-user"}, "kind": "<class
      ''str''>"}'
    headers:
      Accept: [application/json]
      Accept-Encoding: ['gzip, deflate']
      CommandName: [webapp config container set]
      Connection: [keep-alive]
      Content-Length: ['256']
      Content-Type: [application/json; charset=utf-8]
      User-Agent: [python/3.5.3 (Windows-10-10.0.15063-SP0) requests/2.18.4 msrest/0.4.15
          msrest_azure/0.4.11 websitemanagementclient/0.33.0 Azure-SDK-For-Python
          AZURECLI/2.0.21]
      accept-language: [en-US]
    method: PUT
    uri: https://management.azure.com/subscriptions/00000000-0000-0000-0000-000000000000/resourceGroups/clitest.rg000001/providers/Microsoft.Web/sites/webapp-linux000003/config/appsettings?api-version=2016-08-01
  response:
    body: {string: '{"id":"/subscriptions/00000000-0000-0000-0000-000000000000/resourceGroups/clitest.rg000001/providers/Microsoft.Web/sites/webapp-linux000003/config/appsettings","name":"appsettings","type":"Microsoft.Web/sites/config","location":"Japan
        West","properties":{"DOCKER_ENABLE_CI":"true","DOCKER_REGISTRY_SERVER_URL":"foo-url","WEBSITES_ENABLE_APP_SERVICE_STORAGE":"false","DOCKER_REGISTRY_SERVER_PASSWORD":"foo-password","DOCKER_REGISTRY_SERVER_USERNAME":"foo-user"}}'}
    headers:
      cache-control: [no-cache]
      content-length: ['526']
      content-type: [application/json]
      date: ['Tue, 24 Oct 2017 23:27:31 GMT']
      etag: ['"1D34D1FAA5EAF95"']
      expires: ['-1']
      pragma: [no-cache]
      server: [Microsoft-IIS/8.0]
      strict-transport-security: [max-age=31536000; includeSubDomains]
      transfer-encoding: [chunked]
      vary: [Accept-Encoding]
      x-aspnet-version: [4.0.30319]
      x-ms-ratelimit-remaining-subscription-writes: ['1194']
      x-powered-by: [ASP.NET]
    status: {code: 200, message: OK}
- request:
    body: null
    headers:
      Accept: [application/json]
      Accept-Encoding: ['gzip, deflate']
      CommandName: [webapp config container set]
      Connection: [keep-alive]
      Content-Length: ['0']
      Content-Type: [application/json; charset=utf-8]
      User-Agent: [python/3.5.3 (Windows-10-10.0.15063-SP0) requests/2.18.4 msrest/0.4.15
          msrest_azure/0.4.11 websitemanagementclient/0.33.0 Azure-SDK-For-Python
          AZURECLI/2.0.21]
      accept-language: [en-US]
    method: POST
    uri: https://management.azure.com/subscriptions/00000000-0000-0000-0000-000000000000/resourceGroups/clitest.rg000001/providers/Microsoft.Web/sites/webapp-linux000003/config/appsettings/list?api-version=2016-08-01
  response:
    body: {string: '{"id":"/subscriptions/00000000-0000-0000-0000-000000000000/resourceGroups/clitest.rg000001/providers/Microsoft.Web/sites/webapp-linux000003/config/appsettings","name":"appsettings","type":"Microsoft.Web/sites/config","location":"Japan
        West","properties":{"DOCKER_ENABLE_CI":"true","DOCKER_REGISTRY_SERVER_URL":"foo-url","WEBSITES_ENABLE_APP_SERVICE_STORAGE":"false","DOCKER_REGISTRY_SERVER_PASSWORD":"foo-password","DOCKER_REGISTRY_SERVER_USERNAME":"foo-user"}}'}
    headers:
      cache-control: [no-cache]
      content-length: ['526']
      content-type: [application/json]
      date: ['Tue, 24 Oct 2017 23:27:32 GMT']
      expires: ['-1']
      pragma: [no-cache]
      server: [Microsoft-IIS/8.0]
      strict-transport-security: [max-age=31536000; includeSubDomains]
      transfer-encoding: [chunked]
      vary: [Accept-Encoding]
      x-aspnet-version: [4.0.30319]
      x-ms-ratelimit-remaining-subscription-resource-requests: ['11999']
      x-powered-by: [ASP.NET]
    status: {code: 200, message: OK}
- request:
    body: null
    headers:
      Accept: [application/json]
      Accept-Encoding: ['gzip, deflate']
      CommandName: [webapp config container set]
      Connection: [keep-alive]
      Content-Type: [application/json; charset=utf-8]
      User-Agent: [python/3.5.3 (Windows-10-10.0.15063-SP0) requests/2.18.4 msrest/0.4.15
          msrest_azure/0.4.11 websitemanagementclient/0.33.0 Azure-SDK-For-Python
          AZURECLI/2.0.21]
      accept-language: [en-US]
    method: GET
    uri: https://management.azure.com/subscriptions/00000000-0000-0000-0000-000000000000/resourceGroups/clitest.rg000001/providers/Microsoft.Web/sites/webapp-linux000003/config/slotConfigNames?api-version=2016-08-01
  response:
    body: {string: '{"id":null,"name":"webapp-linux000003","type":"Microsoft.Web/sites","location":"Japan
        West","properties":{"connectionStringNames":null,"appSettingNames":null}}'}
    headers:
      cache-control: [no-cache]
      content-length: ['165']
      content-type: [application/json]
      date: ['Tue, 24 Oct 2017 23:27:33 GMT']
      expires: ['-1']
      pragma: [no-cache]
      server: [Microsoft-IIS/8.0]
      strict-transport-security: [max-age=31536000; includeSubDomains]
      transfer-encoding: [chunked]
      vary: [Accept-Encoding]
      x-aspnet-version: [4.0.30319]
      x-powered-by: [ASP.NET]
    status: {code: 200, message: OK}
- request:
    body: null
    headers:
      Accept: [application/json]
      Accept-Encoding: ['gzip, deflate']
      CommandName: [webapp config container set]
      Connection: [keep-alive]
      Content-Type: [application/json; charset=utf-8]
      User-Agent: [python/3.5.3 (Windows-10-10.0.15063-SP0) requests/2.18.4 msrest/0.4.15
          msrest_azure/0.4.11 websitemanagementclient/0.33.0 Azure-SDK-For-Python
          AZURECLI/2.0.21]
      accept-language: [en-US]
    method: GET
    uri: https://management.azure.com/subscriptions/00000000-0000-0000-0000-000000000000/resourceGroups/clitest.rg000001/providers/Microsoft.Web/sites/webapp-linux000003/config/web?api-version=2016-08-01
  response:
    body: {string: '{"id":"/subscriptions/00000000-0000-0000-0000-000000000000/resourceGroups/clitest.rg000001/providers/Microsoft.Web/sites/webapp-linux000003/config/web","name":"webapp-linux000003","type":"Microsoft.Web/sites/config","location":"Japan
        West","properties":{"numberOfWorkers":1,"defaultDocuments":["Default.htm","Default.html","Default.asp","index.htm","index.html","iisstart.htm","default.aspx","index.php","hostingstart.html"],"netFrameworkVersion":"v4.0","phpVersion":"","pythonVersion":"","nodeVersion":"","linuxFxVersion":"DOCKER|foo-image","requestTracingEnabled":false,"remoteDebuggingEnabled":false,"remoteDebuggingVersion":"VS2012","httpLoggingEnabled":false,"logsDirectorySizeLimit":35,"detailedErrorLoggingEnabled":false,"publishingUsername":"$webapp-linux000003","publishingPassword":null,"appSettings":null,"metadata":null,"connectionStrings":null,"machineKey":null,"handlerMappings":null,"documentRoot":null,"scmType":"None","use32BitWorkerProcess":true,"webSocketsEnabled":false,"alwaysOn":false,"javaVersion":null,"javaContainer":null,"javaContainerVersion":null,"appCommandLine":"process.json","managedPipelineMode":"Integrated","virtualApplications":[{"virtualPath":"/","physicalPath":"site\\wwwroot","preloadEnabled":false,"virtualDirectories":null}],"winAuthAdminState":0,"winAuthTenantState":0,"customAppPoolIdentityAdminState":false,"customAppPoolIdentityTenantState":false,"runtimeADUser":null,"runtimeADUserPassword":null,"loadBalancing":"LeastRequests","routingRules":[],"experiments":{"rampUpRules":[]},"limits":null,"autoHealEnabled":false,"autoHealRules":{"triggers":null,"actions":null},"tracingOptions":null,"vnetName":"","siteAuthEnabled":false,"siteAuthSettings":{"enabled":null,"unauthenticatedClientAction":null,"tokenStoreEnabled":null,"allowedExternalRedirectUrls":null,"defaultProvider":null,"clientId":null,"clientSecret":null,"issuer":null,"allowedAudiences":null,"additionalLoginParams":null,"isAadAutoProvisioned":false,"googleClientId":null,"googleClientSecret":null,"googleOAuthScopes":null,"facebookAppId":null,"facebookAppSecret":null,"facebookOAuthScopes":null,"twitterConsumerKey":null,"twitterConsumerSecret":null,"microsoftAccountClientId":null,"microsoftAccountClientSecret":null,"microsoftAccountOAuthScopes":null},"cors":null,"push":null,"apiDefinition":null,"autoSwapSlotName":null,"localMySqlEnabled":false,"ipSecurityRestrictions":null}}'}
    headers:
      cache-control: [no-cache]
      content-length: ['2465']
      content-type: [application/json]
      date: ['Tue, 24 Oct 2017 23:27:35 GMT']
      expires: ['-1']
      pragma: [no-cache]
      server: [Microsoft-IIS/8.0]
      strict-transport-security: [max-age=31536000; includeSubDomains]
      transfer-encoding: [chunked]
      vary: [Accept-Encoding]
      x-aspnet-version: [4.0.30319]
      x-powered-by: [ASP.NET]
    status: {code: 200, message: OK}
- request:
    body: null
    headers:
      Accept: [application/json]
      Accept-Encoding: ['gzip, deflate']
      CommandName: [webapp config container show]
      Connection: [keep-alive]
      Content-Length: ['0']
      Content-Type: [application/json; charset=utf-8]
      User-Agent: [python/3.5.3 (Windows-10-10.0.15063-SP0) requests/2.18.4 msrest/0.4.15
          msrest_azure/0.4.11 websitemanagementclient/0.33.0 Azure-SDK-For-Python
          AZURECLI/2.0.21]
      accept-language: [en-US]
    method: POST
    uri: https://management.azure.com/subscriptions/00000000-0000-0000-0000-000000000000/resourceGroups/clitest.rg000001/providers/Microsoft.Web/sites/webapp-linux000003/config/appsettings/list?api-version=2016-08-01
  response:
    body: {string: '{"id":"/subscriptions/00000000-0000-0000-0000-000000000000/resourceGroups/clitest.rg000001/providers/Microsoft.Web/sites/webapp-linux000003/config/appsettings","name":"appsettings","type":"Microsoft.Web/sites/config","location":"Japan
        West","properties":{"DOCKER_ENABLE_CI":"true","DOCKER_REGISTRY_SERVER_URL":"foo-url","WEBSITES_ENABLE_APP_SERVICE_STORAGE":"false","DOCKER_REGISTRY_SERVER_PASSWORD":"foo-password","DOCKER_REGISTRY_SERVER_USERNAME":"foo-user"}}'}
    headers:
      cache-control: [no-cache]
      content-length: ['526']
      content-type: [application/json]
      date: ['Tue, 24 Oct 2017 23:27:36 GMT']
      expires: ['-1']
      pragma: [no-cache]
      server: [Microsoft-IIS/8.0]
      strict-transport-security: [max-age=31536000; includeSubDomains]
      transfer-encoding: [chunked]
      vary: [Accept-Encoding]
      x-aspnet-version: [4.0.30319]
      x-ms-ratelimit-remaining-subscription-resource-requests: ['11999']
      x-powered-by: [ASP.NET]
    status: {code: 200, message: OK}
- request:
    body: null
    headers:
      Accept: [application/json]
      Accept-Encoding: ['gzip, deflate']
      CommandName: [webapp config container show]
      Connection: [keep-alive]
      Content-Type: [application/json; charset=utf-8]
      User-Agent: [python/3.5.3 (Windows-10-10.0.15063-SP0) requests/2.18.4 msrest/0.4.15
          msrest_azure/0.4.11 websitemanagementclient/0.33.0 Azure-SDK-For-Python
          AZURECLI/2.0.21]
      accept-language: [en-US]
    method: GET
    uri: https://management.azure.com/subscriptions/00000000-0000-0000-0000-000000000000/resourceGroups/clitest.rg000001/providers/Microsoft.Web/sites/webapp-linux000003/config/slotConfigNames?api-version=2016-08-01
  response:
    body: {string: '{"id":null,"name":"webapp-linux000003","type":"Microsoft.Web/sites","location":"Japan
        West","properties":{"connectionStringNames":null,"appSettingNames":null}}'}
    headers:
      cache-control: [no-cache]
      content-length: ['165']
      content-type: [application/json]
      date: ['Tue, 24 Oct 2017 23:27:37 GMT']
      expires: ['-1']
      pragma: [no-cache]
      server: [Microsoft-IIS/8.0]
      strict-transport-security: [max-age=31536000; includeSubDomains]
      transfer-encoding: [chunked]
      vary: [Accept-Encoding]
      x-aspnet-version: [4.0.30319]
      x-powered-by: [ASP.NET]
    status: {code: 200, message: OK}
- request:
    body: null
    headers:
      Accept: [application/json]
      Accept-Encoding: ['gzip, deflate']
      CommandName: [webapp config container show]
      Connection: [keep-alive]
      Content-Type: [application/json; charset=utf-8]
      User-Agent: [python/3.5.3 (Windows-10-10.0.15063-SP0) requests/2.18.4 msrest/0.4.15
          msrest_azure/0.4.11 websitemanagementclient/0.33.0 Azure-SDK-For-Python
          AZURECLI/2.0.21]
      accept-language: [en-US]
    method: GET
    uri: https://management.azure.com/subscriptions/00000000-0000-0000-0000-000000000000/resourceGroups/clitest.rg000001/providers/Microsoft.Web/sites/webapp-linux000003/config/web?api-version=2016-08-01
  response:
    body: {string: '{"id":"/subscriptions/00000000-0000-0000-0000-000000000000/resourceGroups/clitest.rg000001/providers/Microsoft.Web/sites/webapp-linux000003/config/web","name":"webapp-linux000003","type":"Microsoft.Web/sites/config","location":"Japan
        West","properties":{"numberOfWorkers":1,"defaultDocuments":["Default.htm","Default.html","Default.asp","index.htm","index.html","iisstart.htm","default.aspx","index.php","hostingstart.html"],"netFrameworkVersion":"v4.0","phpVersion":"","pythonVersion":"","nodeVersion":"","linuxFxVersion":"DOCKER|foo-image","requestTracingEnabled":false,"remoteDebuggingEnabled":false,"remoteDebuggingVersion":"VS2012","httpLoggingEnabled":false,"logsDirectorySizeLimit":35,"detailedErrorLoggingEnabled":false,"publishingUsername":"$webapp-linux000003","publishingPassword":null,"appSettings":null,"metadata":null,"connectionStrings":null,"machineKey":null,"handlerMappings":null,"documentRoot":null,"scmType":"None","use32BitWorkerProcess":true,"webSocketsEnabled":false,"alwaysOn":false,"javaVersion":null,"javaContainer":null,"javaContainerVersion":null,"appCommandLine":"process.json","managedPipelineMode":"Integrated","virtualApplications":[{"virtualPath":"/","physicalPath":"site\\wwwroot","preloadEnabled":false,"virtualDirectories":null}],"winAuthAdminState":0,"winAuthTenantState":0,"customAppPoolIdentityAdminState":false,"customAppPoolIdentityTenantState":false,"runtimeADUser":null,"runtimeADUserPassword":null,"loadBalancing":"LeastRequests","routingRules":[],"experiments":{"rampUpRules":[]},"limits":null,"autoHealEnabled":false,"autoHealRules":{"triggers":null,"actions":null},"tracingOptions":null,"vnetName":"","siteAuthEnabled":false,"siteAuthSettings":{"enabled":null,"unauthenticatedClientAction":null,"tokenStoreEnabled":null,"allowedExternalRedirectUrls":null,"defaultProvider":null,"clientId":null,"clientSecret":null,"issuer":null,"allowedAudiences":null,"additionalLoginParams":null,"isAadAutoProvisioned":false,"googleClientId":null,"googleClientSecret":null,"googleOAuthScopes":null,"facebookAppId":null,"facebookAppSecret":null,"facebookOAuthScopes":null,"twitterConsumerKey":null,"twitterConsumerSecret":null,"microsoftAccountClientId":null,"microsoftAccountClientSecret":null,"microsoftAccountOAuthScopes":null},"cors":null,"push":null,"apiDefinition":null,"autoSwapSlotName":null,"localMySqlEnabled":false,"ipSecurityRestrictions":null}}'}
    headers:
      cache-control: [no-cache]
      content-length: ['2465']
      content-type: [application/json]
      date: ['Tue, 24 Oct 2017 23:27:38 GMT']
      expires: ['-1']
      pragma: [no-cache]
      server: [Microsoft-IIS/8.0]
      strict-transport-security: [max-age=31536000; includeSubDomains]
      transfer-encoding: [chunked]
      vary: [Accept-Encoding]
      x-aspnet-version: [4.0.30319]
      x-powered-by: [ASP.NET]
    status: {code: 200, message: OK}
- request:
    body: null
    headers:
      Accept: [application/json]
      Accept-Encoding: ['gzip, deflate']
      CommandName: [webapp config container delete]
      Connection: [keep-alive]
      Content-Type: [application/json; charset=utf-8]
      User-Agent: [python/3.5.3 (Windows-10-10.0.15063-SP0) requests/2.18.4 msrest/0.4.15
          msrest_azure/0.4.11 websitemanagementclient/0.33.0 Azure-SDK-For-Python
          AZURECLI/2.0.21]
      accept-language: [en-US]
    method: GET
    uri: https://management.azure.com/subscriptions/00000000-0000-0000-0000-000000000000/resourceGroups/clitest.rg000001/providers/Microsoft.Web/sites/webapp-linux000003/config/web?api-version=2016-08-01
  response:
    body: {string: '{"id":"/subscriptions/00000000-0000-0000-0000-000000000000/resourceGroups/clitest.rg000001/providers/Microsoft.Web/sites/webapp-linux000003/config/web","name":"webapp-linux000003","type":"Microsoft.Web/sites/config","location":"Japan
        West","properties":{"numberOfWorkers":1,"defaultDocuments":["Default.htm","Default.html","Default.asp","index.htm","index.html","iisstart.htm","default.aspx","index.php","hostingstart.html"],"netFrameworkVersion":"v4.0","phpVersion":"","pythonVersion":"","nodeVersion":"","linuxFxVersion":"DOCKER|foo-image","requestTracingEnabled":false,"remoteDebuggingEnabled":false,"remoteDebuggingVersion":"VS2012","httpLoggingEnabled":false,"logsDirectorySizeLimit":35,"detailedErrorLoggingEnabled":false,"publishingUsername":"$webapp-linux000003","publishingPassword":null,"appSettings":null,"metadata":null,"connectionStrings":null,"machineKey":null,"handlerMappings":null,"documentRoot":null,"scmType":"None","use32BitWorkerProcess":true,"webSocketsEnabled":false,"alwaysOn":false,"javaVersion":null,"javaContainer":null,"javaContainerVersion":null,"appCommandLine":"process.json","managedPipelineMode":"Integrated","virtualApplications":[{"virtualPath":"/","physicalPath":"site\\wwwroot","preloadEnabled":false,"virtualDirectories":null}],"winAuthAdminState":0,"winAuthTenantState":0,"customAppPoolIdentityAdminState":false,"customAppPoolIdentityTenantState":false,"runtimeADUser":null,"runtimeADUserPassword":null,"loadBalancing":"LeastRequests","routingRules":[],"experiments":{"rampUpRules":[]},"limits":null,"autoHealEnabled":false,"autoHealRules":{"triggers":null,"actions":null},"tracingOptions":null,"vnetName":"","siteAuthEnabled":false,"siteAuthSettings":{"enabled":null,"unauthenticatedClientAction":null,"tokenStoreEnabled":null,"allowedExternalRedirectUrls":null,"defaultProvider":null,"clientId":null,"clientSecret":null,"issuer":null,"allowedAudiences":null,"additionalLoginParams":null,"isAadAutoProvisioned":false,"googleClientId":null,"googleClientSecret":null,"googleOAuthScopes":null,"facebookAppId":null,"facebookAppSecret":null,"facebookOAuthScopes":null,"twitterConsumerKey":null,"twitterConsumerSecret":null,"microsoftAccountClientId":null,"microsoftAccountClientSecret":null,"microsoftAccountOAuthScopes":null},"cors":null,"push":null,"apiDefinition":null,"autoSwapSlotName":null,"localMySqlEnabled":false,"ipSecurityRestrictions":null}}'}
    headers:
      cache-control: [no-cache]
      content-length: ['2465']
      content-type: [application/json]
      date: ['Tue, 24 Oct 2017 23:27:38 GMT']
      expires: ['-1']
      pragma: [no-cache]
      server: [Microsoft-IIS/8.0]
      strict-transport-security: [max-age=31536000; includeSubDomains]
      transfer-encoding: [chunked]
      vary: [Accept-Encoding]
      x-aspnet-version: [4.0.30319]
      x-powered-by: [ASP.NET]
    status: {code: 200, message: OK}
- request:
    body: null
    headers:
      Accept: [application/json]
      Accept-Encoding: ['gzip, deflate']
      CommandName: [webapp config container delete]
      Connection: [keep-alive]
      Content-Length: ['0']
      Content-Type: [application/json; charset=utf-8]
      User-Agent: [python/3.5.3 (Windows-10-10.0.15063-SP0) requests/2.18.4 msrest/0.4.15
          msrest_azure/0.4.11 websitemanagementclient/0.33.0 Azure-SDK-For-Python
          AZURECLI/2.0.21]
      accept-language: [en-US]
    method: POST
    uri: https://management.azure.com/subscriptions/00000000-0000-0000-0000-000000000000/resourceGroups/clitest.rg000001/providers/Microsoft.Web/sites/webapp-linux000003/config/appsettings/list?api-version=2016-08-01
  response:
    body: {string: '{"id":"/subscriptions/00000000-0000-0000-0000-000000000000/resourceGroups/clitest.rg000001/providers/Microsoft.Web/sites/webapp-linux000003/config/appsettings","name":"appsettings","type":"Microsoft.Web/sites/config","location":"Japan
        West","properties":{"DOCKER_ENABLE_CI":"true","DOCKER_REGISTRY_SERVER_URL":"foo-url","WEBSITES_ENABLE_APP_SERVICE_STORAGE":"false","DOCKER_REGISTRY_SERVER_PASSWORD":"foo-password","DOCKER_REGISTRY_SERVER_USERNAME":"foo-user"}}'}
    headers:
      cache-control: [no-cache]
      content-length: ['526']
      content-type: [application/json]
      date: ['Tue, 24 Oct 2017 23:27:38 GMT']
      expires: ['-1']
      pragma: [no-cache]
      server: [Microsoft-IIS/8.0]
      strict-transport-security: [max-age=31536000; includeSubDomains]
      transfer-encoding: [chunked]
      vary: [Accept-Encoding]
      x-aspnet-version: [4.0.30319]
      x-ms-ratelimit-remaining-subscription-resource-requests: ['11998']
      x-powered-by: [ASP.NET]
    status: {code: 200, message: OK}
- request:
    body: null
    headers:
      Accept: [application/json]
      Accept-Encoding: ['gzip, deflate']
      CommandName: [webapp config container delete]
      Connection: [keep-alive]
      Content-Type: [application/json; charset=utf-8]
      User-Agent: [python/3.5.3 (Windows-10-10.0.15063-SP0) requests/2.18.4 msrest/0.4.15
          msrest_azure/0.4.11 websitemanagementclient/0.33.0 Azure-SDK-For-Python
          AZURECLI/2.0.21]
      accept-language: [en-US]
    method: GET
    uri: https://management.azure.com/subscriptions/00000000-0000-0000-0000-000000000000/resourceGroups/clitest.rg000001/providers/Microsoft.Web/sites/webapp-linux000003/config/slotConfigNames?api-version=2016-08-01
  response:
    body: {string: '{"id":null,"name":"webapp-linux000003","type":"Microsoft.Web/sites","location":"Japan
        West","properties":{"connectionStringNames":null,"appSettingNames":null}}'}
    headers:
      cache-control: [no-cache]
      content-length: ['165']
      content-type: [application/json]
      date: ['Tue, 24 Oct 2017 23:27:40 GMT']
      expires: ['-1']
      pragma: [no-cache]
      server: [Microsoft-IIS/8.0]
      strict-transport-security: [max-age=31536000; includeSubDomains]
      transfer-encoding: [chunked]
      vary: [Accept-Encoding]
      x-aspnet-version: [4.0.30319]
      x-powered-by: [ASP.NET]
    status: {code: 200, message: OK}
- request:
    body: '{"properties": {"DOCKER_ENABLE_CI": "true", "DOCKER_REGISTRY_SERVER_URL":
      "foo-url", "DOCKER_REGISTRY_SERVER_PASSWORD": "foo-password", "DOCKER_REGISTRY_SERVER_USERNAME":
      "foo-user"}, "kind": "<class ''str''>"}'
    headers:
      Accept: [application/json]
      Accept-Encoding: ['gzip, deflate']
      CommandName: [webapp config container delete]
      Connection: [keep-alive]
      Content-Length: ['208']
      Content-Type: [application/json; charset=utf-8]
      User-Agent: [python/3.5.3 (Windows-10-10.0.15063-SP0) requests/2.18.4 msrest/0.4.15
          msrest_azure/0.4.11 websitemanagementclient/0.33.0 Azure-SDK-For-Python
          AZURECLI/2.0.21]
      accept-language: [en-US]
    method: PUT
    uri: https://management.azure.com/subscriptions/00000000-0000-0000-0000-000000000000/resourceGroups/clitest.rg000001/providers/Microsoft.Web/sites/webapp-linux000003/config/appsettings?api-version=2016-08-01
  response:
    body: {string: '{"id":"/subscriptions/00000000-0000-0000-0000-000000000000/resourceGroups/clitest.rg000001/providers/Microsoft.Web/sites/webapp-linux000003/config/appsettings","name":"appsettings","type":"Microsoft.Web/sites/config","location":"Japan
        West","properties":{"DOCKER_ENABLE_CI":"true","DOCKER_REGISTRY_SERVER_URL":"foo-url","DOCKER_REGISTRY_SERVER_PASSWORD":"foo-password","DOCKER_REGISTRY_SERVER_USERNAME":"foo-user"}}'}
    headers:
      cache-control: [no-cache]
      content-length: ['480']
      content-type: [application/json]
      date: ['Tue, 24 Oct 2017 23:27:42 GMT']
      etag: ['"1D34D1FB0190E35"']
      expires: ['-1']
      pragma: [no-cache]
      server: [Microsoft-IIS/8.0]
      strict-transport-security: [max-age=31536000; includeSubDomains]
      transfer-encoding: [chunked]
      vary: [Accept-Encoding]
      x-aspnet-version: [4.0.30319]
      x-ms-ratelimit-remaining-subscription-writes: ['1196']
      x-powered-by: [ASP.NET]
    status: {code: 200, message: OK}
- request:
    body: 'b''{"properties": {"experiments": {"rampUpRules": []}, "netFrameworkVersion":
      "v4.0", "publishingUsername": "$webapp-linux000003", "virtualApplications":
      [{"preloadEnabled": false, "physicalPath": "site\\\\wwwroot", "virtualPath":
      "/"}], "localMySqlEnabled": false, "alwaysOn": false, "pythonVersion": "", "remoteDebuggingVersion":
      "VS2012", "defaultDocuments": ["Default.htm", "Default.html", "Default.asp",
      "index.htm", "index.html", "iisstart.htm", "default.aspx", "index.php", "hostingstart.html"],
      "httpLoggingEnabled": false, "linuxFxVersion": " ", "appCommandLine": "process.json",
      "scmType": "None", "autoHealEnabled": false, "nodeVersion": "", "requestTracingEnabled":
      false, "detailedErrorLoggingEnabled": false, "use32BitWorkerProcess": true,
      "loadBalancing": "LeastRequests", "logsDirectorySizeLimit": 35, "autoHealRules":
      {}, "vnetName": "", "phpVersion": "", "numberOfWorkers": 1, "managedPipelineMode":
      "Integrated", "remoteDebuggingEnabled": false, "webSocketsEnabled": false}}'''
    headers:
      Accept: [application/json]
      Accept-Encoding: ['gzip, deflate']
      CommandName: [webapp config container delete]
      Connection: [keep-alive]
      Content-Length: ['994']
      Content-Type: [application/json; charset=utf-8]
      User-Agent: [python/3.5.3 (Windows-10-10.0.15063-SP0) requests/2.18.4 msrest/0.4.15
          msrest_azure/0.4.11 websitemanagementclient/0.33.0 Azure-SDK-For-Python
          AZURECLI/2.0.21]
      accept-language: [en-US]
    method: PATCH
    uri: https://management.azure.com/subscriptions/00000000-0000-0000-0000-000000000000/resourceGroups/clitest.rg000001/providers/Microsoft.Web/sites/webapp-linux000003/config/web?api-version=2016-08-01
  response:
    body: {string: '{"id":"/subscriptions/00000000-0000-0000-0000-000000000000/resourceGroups/clitest.rg000001/providers/Microsoft.Web/sites/webapp-linux000003","name":"webapp-linux000003","type":"Microsoft.Web/sites","location":"Japan
        West","properties":{"numberOfWorkers":1,"defaultDocuments":["Default.htm","Default.html","Default.asp","index.htm","index.html","iisstart.htm","default.aspx","index.php","hostingstart.html"],"netFrameworkVersion":"v4.0","phpVersion":"","pythonVersion":"","nodeVersion":"","linuxFxVersion":"
        ","requestTracingEnabled":false,"remoteDebuggingEnabled":false,"remoteDebuggingVersion":"VS2012","httpLoggingEnabled":false,"logsDirectorySizeLimit":35,"detailedErrorLoggingEnabled":false,"publishingUsername":"$webapp-linux000003","publishingPassword":null,"appSettings":null,"metadata":null,"connectionStrings":null,"machineKey":null,"handlerMappings":null,"documentRoot":null,"scmType":"None","use32BitWorkerProcess":true,"webSocketsEnabled":false,"alwaysOn":false,"javaVersion":null,"javaContainer":null,"javaContainerVersion":null,"appCommandLine":"process.json","managedPipelineMode":"Integrated","virtualApplications":[{"virtualPath":"/","physicalPath":"site\\wwwroot","preloadEnabled":false,"virtualDirectories":null}],"winAuthAdminState":0,"winAuthTenantState":0,"customAppPoolIdentityAdminState":false,"customAppPoolIdentityTenantState":false,"runtimeADUser":null,"runtimeADUserPassword":null,"loadBalancing":"LeastRequests","routingRules":[],"experiments":{"rampUpRules":[]},"limits":null,"autoHealEnabled":false,"autoHealRules":{"triggers":null,"actions":null},"tracingOptions":null,"vnetName":"","siteAuthEnabled":false,"siteAuthSettings":{"enabled":null,"unauthenticatedClientAction":null,"tokenStoreEnabled":null,"allowedExternalRedirectUrls":null,"defaultProvider":null,"clientId":null,"clientSecret":null,"issuer":null,"allowedAudiences":null,"additionalLoginParams":null,"isAadAutoProvisioned":false,"googleClientId":null,"googleClientSecret":null,"googleOAuthScopes":null,"facebookAppId":null,"facebookAppSecret":null,"facebookOAuthScopes":null,"twitterConsumerKey":null,"twitterConsumerSecret":null,"microsoftAccountClientId":null,"microsoftAccountClientSecret":null,"microsoftAccountOAuthScopes":null},"cors":null,"push":null,"apiDefinition":null,"autoSwapSlotName":null,"localMySqlEnabled":false,"ipSecurityRestrictions":null}}'}
    headers:
      cache-control: [no-cache]
      content-length: ['2432']
      content-type: [application/json]
      date: ['Tue, 24 Oct 2017 23:27:44 GMT']
      etag: ['"1D34D1FB17C13A0"']
      expires: ['-1']
      pragma: [no-cache]
      server: [Microsoft-IIS/8.0]
      strict-transport-security: [max-age=31536000; includeSubDomains]
      transfer-encoding: [chunked]
      vary: [Accept-Encoding]
      x-aspnet-version: [4.0.30319]
      x-ms-ratelimit-remaining-subscription-writes: ['1196']
      x-powered-by: [ASP.NET]
    status: {code: 200, message: OK}
- request:
    body: null
    headers:
      Accept: [application/json]
      Accept-Encoding: ['gzip, deflate']
      CommandName: [webapp config container delete]
      Connection: [keep-alive]
      Content-Length: ['0']
      Content-Type: [application/json; charset=utf-8]
      User-Agent: [python/3.5.3 (Windows-10-10.0.15063-SP0) requests/2.18.4 msrest/0.4.15
          msrest_azure/0.4.11 websitemanagementclient/0.33.0 Azure-SDK-For-Python
          AZURECLI/2.0.21]
      accept-language: [en-US]
    method: POST
    uri: https://management.azure.com/subscriptions/00000000-0000-0000-0000-000000000000/resourceGroups/clitest.rg000001/providers/Microsoft.Web/sites/webapp-linux000003/config/appsettings/list?api-version=2016-08-01
  response:
    body: {string: '{"id":"/subscriptions/00000000-0000-0000-0000-000000000000/resourceGroups/clitest.rg000001/providers/Microsoft.Web/sites/webapp-linux000003/config/appsettings","name":"appsettings","type":"Microsoft.Web/sites/config","location":"Japan
        West","properties":{"DOCKER_ENABLE_CI":"true","DOCKER_REGISTRY_SERVER_URL":"foo-url","DOCKER_REGISTRY_SERVER_PASSWORD":"foo-password","DOCKER_REGISTRY_SERVER_USERNAME":"foo-user"}}'}
    headers:
      cache-control: [no-cache]
      content-length: ['480']
      content-type: [application/json]
      date: ['Tue, 24 Oct 2017 23:27:49 GMT']
      expires: ['-1']
      pragma: [no-cache]
      server: [Microsoft-IIS/8.0]
      strict-transport-security: [max-age=31536000; includeSubDomains]
      transfer-encoding: [chunked]
      vary: [Accept-Encoding]
      x-aspnet-version: [4.0.30319]
      x-ms-ratelimit-remaining-subscription-resource-requests: ['11998']
      x-powered-by: [ASP.NET]
    status: {code: 200, message: OK}
- request:
    body: null
    headers:
      Accept: [application/json]
      Accept-Encoding: ['gzip, deflate']
      CommandName: [webapp config container delete]
      Connection: [keep-alive]
      Content-Type: [application/json; charset=utf-8]
      User-Agent: [python/3.5.3 (Windows-10-10.0.15063-SP0) requests/2.18.4 msrest/0.4.15
          msrest_azure/0.4.11 websitemanagementclient/0.33.0 Azure-SDK-For-Python
          AZURECLI/2.0.21]
      accept-language: [en-US]
    method: GET
    uri: https://management.azure.com/subscriptions/00000000-0000-0000-0000-000000000000/resourceGroups/clitest.rg000001/providers/Microsoft.Web/sites/webapp-linux000003/config/slotConfigNames?api-version=2016-08-01
  response:
    body: {string: '{"id":null,"name":"webapp-linux000003","type":"Microsoft.Web/sites","location":"Japan
        West","properties":{"connectionStringNames":null,"appSettingNames":null}}'}
    headers:
      cache-control: [no-cache]
      content-length: ['165']
      content-type: [application/json]
      date: ['Tue, 24 Oct 2017 23:27:49 GMT']
      expires: ['-1']
      pragma: [no-cache]
      server: [Microsoft-IIS/8.0]
      strict-transport-security: [max-age=31536000; includeSubDomains]
      transfer-encoding: [chunked]
      vary: [Accept-Encoding]
      x-aspnet-version: [4.0.30319]
      x-powered-by: [ASP.NET]
    status: {code: 200, message: OK}
- request:
    body: '{"properties": {"DOCKER_ENABLE_CI": "true"}, "kind": "<class ''str''>"}'
    headers:
      Accept: [application/json]
      Accept-Encoding: ['gzip, deflate']
      CommandName: [webapp config container delete]
      Connection: [keep-alive]
      Content-Length: ['69']
      Content-Type: [application/json; charset=utf-8]
      User-Agent: [python/3.5.3 (Windows-10-10.0.15063-SP0) requests/2.18.4 msrest/0.4.15
          msrest_azure/0.4.11 websitemanagementclient/0.33.0 Azure-SDK-For-Python
          AZURECLI/2.0.21]
      accept-language: [en-US]
    method: PUT
    uri: https://management.azure.com/subscriptions/00000000-0000-0000-0000-000000000000/resourceGroups/clitest.rg000001/providers/Microsoft.Web/sites/webapp-linux000003/config/appsettings?api-version=2016-08-01
  response:
    body: {string: '{"id":"/subscriptions/00000000-0000-0000-0000-000000000000/resourceGroups/clitest.rg000001/providers/Microsoft.Web/sites/webapp-linux000003/config/appsettings","name":"appsettings","type":"Microsoft.Web/sites/config","location":"Japan
        West","properties":{"DOCKER_ENABLE_CI":"true"}}'}
    headers:
      cache-control: [no-cache]
      content-length: ['347']
      content-type: [application/json]
      date: ['Tue, 24 Oct 2017 23:27:50 GMT']
      etag: ['"1D34D1FB56304CB"']
      expires: ['-1']
      pragma: [no-cache]
      server: [Microsoft-IIS/8.0]
      strict-transport-security: [max-age=31536000; includeSubDomains]
      transfer-encoding: [chunked]
      vary: [Accept-Encoding]
      x-aspnet-version: [4.0.30319]
      x-ms-ratelimit-remaining-subscription-writes: ['1195']
      x-powered-by: [ASP.NET]
    status: {code: 200, message: OK}
- request:
    body: null
    headers:
      Accept: [application/json]
      Accept-Encoding: ['gzip, deflate']
      CommandName: [webapp config container show]
      Connection: [keep-alive]
      Content-Length: ['0']
      Content-Type: [application/json; charset=utf-8]
      User-Agent: [python/3.5.3 (Windows-10-10.0.15063-SP0) requests/2.18.4 msrest/0.4.15
          msrest_azure/0.4.11 websitemanagementclient/0.33.0 Azure-SDK-For-Python
          AZURECLI/2.0.21]
      accept-language: [en-US]
    method: POST
    uri: https://management.azure.com/subscriptions/00000000-0000-0000-0000-000000000000/resourceGroups/clitest.rg000001/providers/Microsoft.Web/sites/webapp-linux000003/config/appsettings/list?api-version=2016-08-01
  response:
    body: {string: '{"id":"/subscriptions/00000000-0000-0000-0000-000000000000/resourceGroups/clitest.rg000001/providers/Microsoft.Web/sites/webapp-linux000003/config/appsettings","name":"appsettings","type":"Microsoft.Web/sites/config","location":"Japan
        West","properties":{"DOCKER_ENABLE_CI":"true"}}'}
    headers:
      cache-control: [no-cache]
      content-length: ['347']
      content-type: [application/json]
      date: ['Tue, 24 Oct 2017 23:27:51 GMT']
      expires: ['-1']
      pragma: [no-cache]
      server: [Microsoft-IIS/8.0]
      strict-transport-security: [max-age=31536000; includeSubDomains]
      transfer-encoding: [chunked]
      vary: [Accept-Encoding]
      x-aspnet-version: [4.0.30319]
      x-ms-ratelimit-remaining-subscription-resource-requests: ['11999']
      x-powered-by: [ASP.NET]
    status: {code: 200, message: OK}
- request:
    body: null
    headers:
      Accept: [application/json]
      Accept-Encoding: ['gzip, deflate']
      CommandName: [webapp config container show]
      Connection: [keep-alive]
      Content-Type: [application/json; charset=utf-8]
      User-Agent: [python/3.5.3 (Windows-10-10.0.15063-SP0) requests/2.18.4 msrest/0.4.15
          msrest_azure/0.4.11 websitemanagementclient/0.33.0 Azure-SDK-For-Python
          AZURECLI/2.0.21]
      accept-language: [en-US]
    method: GET
    uri: https://management.azure.com/subscriptions/00000000-0000-0000-0000-000000000000/resourceGroups/clitest.rg000001/providers/Microsoft.Web/sites/webapp-linux000003/config/slotConfigNames?api-version=2016-08-01
  response:
    body: {string: '{"id":null,"name":"webapp-linux000003","type":"Microsoft.Web/sites","location":"Japan
        West","properties":{"connectionStringNames":null,"appSettingNames":null}}'}
    headers:
      cache-control: [no-cache]
      content-length: ['165']
      content-type: [application/json]
      date: ['Tue, 24 Oct 2017 23:27:53 GMT']
      expires: ['-1']
      pragma: [no-cache]
      server: [Microsoft-IIS/8.0]
      strict-transport-security: [max-age=31536000; includeSubDomains]
      transfer-encoding: [chunked]
      vary: [Accept-Encoding]
      x-aspnet-version: [4.0.30319]
      x-powered-by: [ASP.NET]
    status: {code: 200, message: OK}
- request:
    body: null
    headers:
      Accept: [application/json]
      Accept-Encoding: ['gzip, deflate']
      CommandName: [webapp config container show]
      Connection: [keep-alive]
      Content-Type: [application/json; charset=utf-8]
      User-Agent: [python/3.5.3 (Windows-10-10.0.15063-SP0) requests/2.18.4 msrest/0.4.15
          msrest_azure/0.4.11 websitemanagementclient/0.33.0 Azure-SDK-For-Python
          AZURECLI/2.0.21]
      accept-language: [en-US]
    method: GET
    uri: https://management.azure.com/subscriptions/00000000-0000-0000-0000-000000000000/resourceGroups/clitest.rg000001/providers/Microsoft.Web/sites/webapp-linux000003/config/web?api-version=2016-08-01
  response:
    body: {string: '{"id":"/subscriptions/00000000-0000-0000-0000-000000000000/resourceGroups/clitest.rg000001/providers/Microsoft.Web/sites/webapp-linux000003/config/web","name":"webapp-linux000003","type":"Microsoft.Web/sites/config","location":"Japan
        West","properties":{"numberOfWorkers":1,"defaultDocuments":["Default.htm","Default.html","Default.asp","index.htm","index.html","iisstart.htm","default.aspx","index.php","hostingstart.html"],"netFrameworkVersion":"v4.0","phpVersion":"","pythonVersion":"","nodeVersion":"","linuxFxVersion":"
        ","requestTracingEnabled":false,"remoteDebuggingEnabled":false,"remoteDebuggingVersion":"VS2012","httpLoggingEnabled":false,"logsDirectorySizeLimit":35,"detailedErrorLoggingEnabled":false,"publishingUsername":"$webapp-linux000003","publishingPassword":null,"appSettings":null,"metadata":null,"connectionStrings":null,"machineKey":null,"handlerMappings":null,"documentRoot":null,"scmType":"None","use32BitWorkerProcess":true,"webSocketsEnabled":false,"alwaysOn":false,"javaVersion":null,"javaContainer":null,"javaContainerVersion":null,"appCommandLine":"process.json","managedPipelineMode":"Integrated","virtualApplications":[{"virtualPath":"/","physicalPath":"site\\wwwroot","preloadEnabled":false,"virtualDirectories":null}],"winAuthAdminState":0,"winAuthTenantState":0,"customAppPoolIdentityAdminState":false,"customAppPoolIdentityTenantState":false,"runtimeADUser":null,"runtimeADUserPassword":null,"loadBalancing":"LeastRequests","routingRules":[],"experiments":{"rampUpRules":[]},"limits":null,"autoHealEnabled":false,"autoHealRules":{"triggers":null,"actions":null},"tracingOptions":null,"vnetName":"","siteAuthEnabled":false,"siteAuthSettings":{"enabled":null,"unauthenticatedClientAction":null,"tokenStoreEnabled":null,"allowedExternalRedirectUrls":null,"defaultProvider":null,"clientId":null,"clientSecret":null,"issuer":null,"allowedAudiences":null,"additionalLoginParams":null,"isAadAutoProvisioned":false,"googleClientId":null,"googleClientSecret":null,"googleOAuthScopes":null,"facebookAppId":null,"facebookAppSecret":null,"facebookOAuthScopes":null,"twitterConsumerKey":null,"twitterConsumerSecret":null,"microsoftAccountClientId":null,"microsoftAccountClientSecret":null,"microsoftAccountOAuthScopes":null},"cors":null,"push":null,"apiDefinition":null,"autoSwapSlotName":null,"localMySqlEnabled":false,"ipSecurityRestrictions":null}}'}
    headers:
      cache-control: [no-cache]
      content-length: ['2450']
      content-type: [application/json]
      date: ['Tue, 24 Oct 2017 23:27:54 GMT']
      expires: ['-1']
      pragma: [no-cache]
      server: [Microsoft-IIS/8.0]
      strict-transport-security: [max-age=31536000; includeSubDomains]
      transfer-encoding: [chunked]
      vary: [Accept-Encoding]
      x-aspnet-version: [4.0.30319]
      x-powered-by: [ASP.NET]
    status: {code: 200, message: OK}
- request:
    body: null
    headers:
      Accept: [application/json]
      Accept-Encoding: ['gzip, deflate']
      CommandName: [group delete]
      Connection: [keep-alive]
      Content-Length: ['0']
      Content-Type: [application/json; charset=utf-8]
      User-Agent: [python/3.5.3 (Windows-10-10.0.15063-SP0) requests/2.18.4 msrest/0.4.15
          msrest_azure/0.4.11 resourcemanagementclient/1.2.1 Azure-SDK-For-Python
          AZURECLI/2.0.21]
      accept-language: [en-US]
    method: DELETE
    uri: https://management.azure.com/subscriptions/00000000-0000-0000-0000-000000000000/resourcegroups/clitest.rg000001?api-version=2017-05-10
  response:
    body: {string: ''}
    headers:
      cache-control: [no-cache]
      content-length: ['0']
      date: ['Tue, 24 Oct 2017 23:27:57 GMT']
      expires: ['-1']
      location: ['https://management.azure.com/subscriptions/00000000-0000-0000-0000-000000000000/operationresults/eyJqb2JJZCI6IlJFU09VUkNFR1JPVVBERUxFVElPTkpPQi1DTElURVNUOjJFUkdZS1JYMldQUjRCUUdONkJVUERUM1lIWkQ2SDVHM0ZBWlRYRnwwM0M4QUU4QzAxRkY1REVCLUpBUEFOV0VTVCIsImpvYkxvY2F0aW9uIjoiamFwYW53ZXN0In0?api-version=2017-05-10']
      pragma: [no-cache]
      strict-transport-security: [max-age=31536000; includeSubDomains]
      x-ms-ratelimit-remaining-subscription-writes: ['1196']
    status: {code: 202, message: Accepted}
version: 1
