interactions:
- request:
    body: '{"location": "southcentralus", "tags": {"product": "azurecli", "cause":
      "automation", "date": "2019-05-30T21:14:28Z"}}'
    headers:
      Accept:
      - application/json
      Accept-Encoding:
      - gzip, deflate
      CommandName:
      - group create
      Connection:
      - keep-alive
      Content-Length:
      - '118'
      Content-Type:
      - application/json; charset=utf-8
      ParameterSetName:
      - --location --name --tag
      User-Agent:
      - python/3.7.3 (Windows-10-10.0.18362-SP0) msrest/0.6.6 msrest_azure/0.6.0 resourcemanagementclient/2.1.0
        Azure-SDK-For-Python AZURECLI/2.0.65
      accept-language:
      - en-US
    method: PUT
    uri: https://management.azure.com/subscriptions/00000000-0000-0000-0000-000000000000/resourcegroups/clitest.rg000001?api-version=2018-05-01
  response:
    body:
      string: '{"id":"/subscriptions/00000000-0000-0000-0000-000000000000/resourceGroups/clitest.rg000001","name":"clitest.rg000001","location":"southcentralus","tags":{"product":"azurecli","cause":"automation","date":"2019-05-30T21:14:28Z"},"properties":{"provisioningState":"Succeeded"}}'
    headers:
      cache-control:
      - no-cache
      content-length:
      - '392'
      content-type:
      - application/json; charset=utf-8
      date:
      - Thu, 30 May 2019 21:14:30 GMT
      expires:
      - '-1'
      pragma:
      - no-cache
      strict-transport-security:
      - max-age=31536000; includeSubDomains
      x-content-type-options:
      - nosniff
      x-ms-ratelimit-remaining-subscription-writes:
      - '1199'
    status:
      code: 201
      message: Created
- request:
    body: '{"sku": {"name": "Standard_LRS"}, "kind": "Storage", "location": "southcentralus"}'
    headers:
      Accept:
      - application/json
      Accept-Encoding:
      - gzip, deflate
      CommandName:
      - storage account create
      Connection:
      - keep-alive
      Content-Length:
      - '82'
      Content-Type:
      - application/json; charset=utf-8
      ParameterSetName:
      - -n -g -l --sku
      User-Agent:
      - python/3.7.3 (Windows-10-10.0.18362-SP0) msrest/0.6.6 msrest_azure/0.6.0 azure-mgmt-storage/3.3.0
        Azure-SDK-For-Python AZURECLI/2.0.65
      accept-language:
      - en-US
    method: PUT
    uri: https://management.azure.com/subscriptions/00000000-0000-0000-0000-000000000000/resourceGroups/clitest.rg000001/providers/Microsoft.Storage/storageAccounts/clitest000002?api-version=2018-11-01
  response:
    body:
      string: ''
    headers:
      cache-control:
      - no-cache
      content-length:
      - '0'
      content-type:
      - text/plain; charset=utf-8
      date:
      - Thu, 30 May 2019 21:14:31 GMT
      expires:
      - '-1'
      location:
      - https://management.azure.com/subscriptions/00000000-0000-0000-0000-000000000000/providers/Microsoft.Storage/locations/southcentralus/asyncoperations/3e69fd01-fa3c-4581-a436-66d1b516ffee?monitor=true&api-version=2018-11-01
      pragma:
      - no-cache
      server:
      - Microsoft-Azure-Storage-Resource-Provider/1.0,Microsoft-HTTPAPI/2.0 Microsoft-HTTPAPI/2.0
      strict-transport-security:
      - max-age=31536000; includeSubDomains
      x-content-type-options:
      - nosniff
      x-ms-ratelimit-remaining-subscription-writes:
      - '1198'
    status:
      code: 202
      message: Accepted
- request:
    body: null
    headers:
      Accept:
      - application/json
      Accept-Encoding:
      - gzip, deflate
      CommandName:
      - storage account create
      Connection:
      - keep-alive
      ParameterSetName:
      - -n -g -l --sku
      User-Agent:
      - python/3.7.3 (Windows-10-10.0.18362-SP0) msrest/0.6.6 msrest_azure/0.6.0 azure-mgmt-storage/3.3.0
        Azure-SDK-For-Python AZURECLI/2.0.65
    method: GET
    uri: https://management.azure.com/subscriptions/00000000-0000-0000-0000-000000000000/providers/Microsoft.Storage/locations/southcentralus/asyncoperations/3e69fd01-fa3c-4581-a436-66d1b516ffee?monitor=true&api-version=2018-11-01
  response:
    body:
      string: '{"sku":{"name":"Standard_LRS","tier":"Standard"},"kind":"Storage","id":"/subscriptions/00000000-0000-0000-0000-000000000000/resourceGroups/clitest.rg000001/providers/Microsoft.Storage/storageAccounts/clitest000002","name":"clitest000002","type":"Microsoft.Storage/storageAccounts","location":"southcentralus","tags":{},"properties":{"networkAcls":{"bypass":"AzureServices","virtualNetworkRules":[],"ipRules":[],"defaultAction":"Allow"},"supportsHttpsTrafficOnly":false,"encryption":{"services":{"file":{"enabled":true,"lastEnabledTime":"2019-05-30T21:14:31.7173582Z"},"blob":{"enabled":true,"lastEnabledTime":"2019-05-30T21:14:31.7173582Z"}},"keySource":"Microsoft.Storage"},"provisioningState":"Succeeded","creationTime":"2019-05-30T21:14:31.6392281Z","primaryEndpoints":{"blob":"https://clitest000002.blob.core.windows.net/","queue":"https://clitest000002.queue.core.windows.net/","table":"https://clitest000002.table.core.windows.net/","file":"https://clitest000002.file.core.windows.net/"},"primaryLocation":"southcentralus","statusOfPrimary":"available"}}'
    headers:
      cache-control:
      - no-cache
      content-length:
      - '1185'
      content-type:
      - application/json
      date:
      - Thu, 30 May 2019 21:14:49 GMT
      expires:
      - '-1'
      pragma:
      - no-cache
      server:
      - Microsoft-Azure-Storage-Resource-Provider/1.0,Microsoft-HTTPAPI/2.0 Microsoft-HTTPAPI/2.0
      strict-transport-security:
      - max-age=31536000; includeSubDomains
      transfer-encoding:
      - chunked
      vary:
      - Accept-Encoding
      x-content-type-options:
      - nosniff
    status:
      code: 200
      message: OK
- request:
    body: null
    headers:
      Accept:
      - application/json
      Accept-Encoding:
      - gzip, deflate
      CommandName:
      - storage account keys list
      Connection:
      - keep-alive
      Content-Length:
      - '0'
      ParameterSetName:
      - -n -g --query -o
      User-Agent:
      - python/3.7.3 (Windows-10-10.0.18362-SP0) msrest/0.6.6 msrest_azure/0.6.0 azure-mgmt-storage/3.3.0
        Azure-SDK-For-Python AZURECLI/2.0.65
      accept-language:
      - en-US
    method: POST
    uri: https://management.azure.com/subscriptions/00000000-0000-0000-0000-000000000000/resourceGroups/clitest.rg000001/providers/Microsoft.Storage/storageAccounts/clitest000002/listKeys?api-version=2018-11-01
  response:
    body:
      string: '{"keys":[{"keyName":"key1","value":"veryFakedStorageAccountKey==","permissions":"FULL"},{"keyName":"key2","value":"veryFakedStorageAccountKey==","permissions":"FULL"}]}'
    headers:
      cache-control:
      - no-cache
      content-length:
      - '288'
      content-type:
      - application/json
      date:
      - Thu, 30 May 2019 21:14:50 GMT
      expires:
      - '-1'
      pragma:
      - no-cache
      server:
      - Microsoft-Azure-Storage-Resource-Provider/1.0,Microsoft-HTTPAPI/2.0 Microsoft-HTTPAPI/2.0
      strict-transport-security:
      - max-age=31536000; includeSubDomains
      transfer-encoding:
      - chunked
      vary:
      - Accept-Encoding
      x-content-type-options:
      - nosniff
      x-ms-ratelimit-remaining-subscription-writes:
      - '1199'
    status:
      code: 200
      message: OK
- request:
    body: null
    headers:
      Accept:
      - application/json
      Accept-Encoding:
      - gzip, deflate
      CommandName:
      - network nsg create
      Connection:
      - keep-alive
      ParameterSetName:
      - -n -g
      User-Agent:
      - python/3.7.3 (Windows-10-10.0.18362-SP0) msrest/0.6.6 msrest_azure/0.6.0 resourcemanagementclient/2.1.0
        Azure-SDK-For-Python AZURECLI/2.0.65
      accept-language:
      - en-US
    method: GET
    uri: https://management.azure.com/subscriptions/00000000-0000-0000-0000-000000000000/resourcegroups/clitest.rg000001?api-version=2018-05-01
  response:
    body:
      string: '{"id":"/subscriptions/00000000-0000-0000-0000-000000000000/resourceGroups/clitest.rg000001","name":"clitest.rg000001","location":"southcentralus","tags":{"product":"azurecli","cause":"automation","date":"2019-05-30T21:14:28Z"},"properties":{"provisioningState":"Succeeded"}}'
    headers:
      cache-control:
      - no-cache
      content-length:
      - '392'
      content-type:
      - application/json; charset=utf-8
      date:
      - Thu, 30 May 2019 21:14:50 GMT
      expires:
      - '-1'
      pragma:
      - no-cache
      strict-transport-security:
      - max-age=31536000; includeSubDomains
      vary:
      - Accept-Encoding
      x-content-type-options:
      - nosniff
    status:
      code: 200
      message: OK
- request:
    body: '{"location": "southcentralus"}'
    headers:
      Accept:
      - application/json
      Accept-Encoding:
      - gzip, deflate
      CommandName:
      - network nsg create
      Connection:
      - keep-alive
      Content-Length:
      - '30'
      Content-Type:
      - application/json; charset=utf-8
      ParameterSetName:
      - -n -g
      User-Agent:
      - python/3.7.3 (Windows-10-10.0.18362-SP0) msrest/0.6.6 msrest_azure/0.6.0 networkmanagementclient/3.0.0
        Azure-SDK-For-Python AZURECLI/2.0.65
      accept-language:
      - en-US
    method: PUT
    uri: https://management.azure.com/subscriptions/00000000-0000-0000-0000-000000000000/resourceGroups/clitest.rg000001/providers/Microsoft.Network/networkSecurityGroups/nsg000003?api-version=2019-04-01
  response:
    body:
      string: "{\r\n  \"name\": \"nsg000003\",\r\n  \"id\": \"/subscriptions/00000000-0000-0000-0000-000000000000/resourceGroups/clitest.rg000001/providers/Microsoft.Network/networkSecurityGroups/nsg000003\",\r\n
        \ \"etag\": \"W/\\\"4164ce6d-bc6f-4cb0-81bc-f0e2b065a526\\\"\",\r\n  \"type\":
        \"Microsoft.Network/networkSecurityGroups\",\r\n  \"location\": \"southcentralus\",\r\n
        \ \"properties\": {\r\n    \"provisioningState\": \"Updating\",\r\n    \"resourceGuid\":
        \"90a85f7b-2d67-440e-9d4c-4d36847023e8\",\r\n    \"securityRules\": [],\r\n
        \   \"defaultSecurityRules\": [\r\n      {\r\n        \"name\": \"AllowVnetInBound\",\r\n
        \       \"id\": \"/subscriptions/00000000-0000-0000-0000-000000000000/resourceGroups/clitest.rg000001/providers/Microsoft.Network/networkSecurityGroups/nsg000003/defaultSecurityRules/AllowVnetInBound\",\r\n
        \       \"etag\": \"W/\\\"4164ce6d-bc6f-4cb0-81bc-f0e2b065a526\\\"\",\r\n
        \       \"type\": \"Microsoft.Network/networkSecurityGroups/defaultSecurityRules\",\r\n
        \       \"properties\": {\r\n          \"provisioningState\": \"Updating\",\r\n
        \         \"description\": \"Allow inbound traffic from all VMs in VNET\",\r\n
        \         \"protocol\": \"*\",\r\n          \"sourcePortRange\": \"*\",\r\n
        \         \"destinationPortRange\": \"*\",\r\n          \"sourceAddressPrefix\":
        \"VirtualNetwork\",\r\n          \"destinationAddressPrefix\": \"VirtualNetwork\",\r\n
        \         \"access\": \"Allow\",\r\n          \"priority\": 65000,\r\n          \"direction\":
        \"Inbound\",\r\n          \"sourcePortRanges\": [],\r\n          \"destinationPortRanges\":
        [],\r\n          \"sourceAddressPrefixes\": [],\r\n          \"destinationAddressPrefixes\":
        []\r\n        }\r\n      },\r\n      {\r\n        \"name\": \"AllowAzureLoadBalancerInBound\",\r\n
        \       \"id\": \"/subscriptions/00000000-0000-0000-0000-000000000000/resourceGroups/clitest.rg000001/providers/Microsoft.Network/networkSecurityGroups/nsg000003/defaultSecurityRules/AllowAzureLoadBalancerInBound\",\r\n
        \       \"etag\": \"W/\\\"4164ce6d-bc6f-4cb0-81bc-f0e2b065a526\\\"\",\r\n
        \       \"type\": \"Microsoft.Network/networkSecurityGroups/defaultSecurityRules\",\r\n
        \       \"properties\": {\r\n          \"provisioningState\": \"Updating\",\r\n
        \         \"description\": \"Allow inbound traffic from azure load balancer\",\r\n
        \         \"protocol\": \"*\",\r\n          \"sourcePortRange\": \"*\",\r\n
        \         \"destinationPortRange\": \"*\",\r\n          \"sourceAddressPrefix\":
        \"AzureLoadBalancer\",\r\n          \"destinationAddressPrefix\": \"*\",\r\n
        \         \"access\": \"Allow\",\r\n          \"priority\": 65001,\r\n          \"direction\":
        \"Inbound\",\r\n          \"sourcePortRanges\": [],\r\n          \"destinationPortRanges\":
        [],\r\n          \"sourceAddressPrefixes\": [],\r\n          \"destinationAddressPrefixes\":
        []\r\n        }\r\n      },\r\n      {\r\n        \"name\": \"DenyAllInBound\",\r\n
        \       \"id\": \"/subscriptions/00000000-0000-0000-0000-000000000000/resourceGroups/clitest.rg000001/providers/Microsoft.Network/networkSecurityGroups/nsg000003/defaultSecurityRules/DenyAllInBound\",\r\n
        \       \"etag\": \"W/\\\"4164ce6d-bc6f-4cb0-81bc-f0e2b065a526\\\"\",\r\n
        \       \"type\": \"Microsoft.Network/networkSecurityGroups/defaultSecurityRules\",\r\n
        \       \"properties\": {\r\n          \"provisioningState\": \"Updating\",\r\n
        \         \"description\": \"Deny all inbound traffic\",\r\n          \"protocol\":
        \"*\",\r\n          \"sourcePortRange\": \"*\",\r\n          \"destinationPortRange\":
        \"*\",\r\n          \"sourceAddressPrefix\": \"*\",\r\n          \"destinationAddressPrefix\":
        \"*\",\r\n          \"access\": \"Deny\",\r\n          \"priority\": 65500,\r\n
        \         \"direction\": \"Inbound\",\r\n          \"sourcePortRanges\": [],\r\n
        \         \"destinationPortRanges\": [],\r\n          \"sourceAddressPrefixes\":
        [],\r\n          \"destinationAddressPrefixes\": []\r\n        }\r\n      },\r\n
        \     {\r\n        \"name\": \"AllowVnetOutBound\",\r\n        \"id\": \"/subscriptions/00000000-0000-0000-0000-000000000000/resourceGroups/clitest.rg000001/providers/Microsoft.Network/networkSecurityGroups/nsg000003/defaultSecurityRules/AllowVnetOutBound\",\r\n
        \       \"etag\": \"W/\\\"4164ce6d-bc6f-4cb0-81bc-f0e2b065a526\\\"\",\r\n
        \       \"type\": \"Microsoft.Network/networkSecurityGroups/defaultSecurityRules\",\r\n
        \       \"properties\": {\r\n          \"provisioningState\": \"Updating\",\r\n
        \         \"description\": \"Allow outbound traffic from all VMs to all VMs
        in VNET\",\r\n          \"protocol\": \"*\",\r\n          \"sourcePortRange\":
        \"*\",\r\n          \"destinationPortRange\": \"*\",\r\n          \"sourceAddressPrefix\":
        \"VirtualNetwork\",\r\n          \"destinationAddressPrefix\": \"VirtualNetwork\",\r\n
        \         \"access\": \"Allow\",\r\n          \"priority\": 65000,\r\n          \"direction\":
        \"Outbound\",\r\n          \"sourcePortRanges\": [],\r\n          \"destinationPortRanges\":
        [],\r\n          \"sourceAddressPrefixes\": [],\r\n          \"destinationAddressPrefixes\":
        []\r\n        }\r\n      },\r\n      {\r\n        \"name\": \"AllowInternetOutBound\",\r\n
        \       \"id\": \"/subscriptions/00000000-0000-0000-0000-000000000000/resourceGroups/clitest.rg000001/providers/Microsoft.Network/networkSecurityGroups/nsg000003/defaultSecurityRules/AllowInternetOutBound\",\r\n
        \       \"etag\": \"W/\\\"4164ce6d-bc6f-4cb0-81bc-f0e2b065a526\\\"\",\r\n
        \       \"type\": \"Microsoft.Network/networkSecurityGroups/defaultSecurityRules\",\r\n
        \       \"properties\": {\r\n          \"provisioningState\": \"Updating\",\r\n
        \         \"description\": \"Allow outbound traffic from all VMs to Internet\",\r\n
        \         \"protocol\": \"*\",\r\n          \"sourcePortRange\": \"*\",\r\n
        \         \"destinationPortRange\": \"*\",\r\n          \"sourceAddressPrefix\":
        \"*\",\r\n          \"destinationAddressPrefix\": \"Internet\",\r\n          \"access\":
        \"Allow\",\r\n          \"priority\": 65001,\r\n          \"direction\": \"Outbound\",\r\n
        \         \"sourcePortRanges\": [],\r\n          \"destinationPortRanges\":
        [],\r\n          \"sourceAddressPrefixes\": [],\r\n          \"destinationAddressPrefixes\":
        []\r\n        }\r\n      },\r\n      {\r\n        \"name\": \"DenyAllOutBound\",\r\n
        \       \"id\": \"/subscriptions/00000000-0000-0000-0000-000000000000/resourceGroups/clitest.rg000001/providers/Microsoft.Network/networkSecurityGroups/nsg000003/defaultSecurityRules/DenyAllOutBound\",\r\n
        \       \"etag\": \"W/\\\"4164ce6d-bc6f-4cb0-81bc-f0e2b065a526\\\"\",\r\n
        \       \"type\": \"Microsoft.Network/networkSecurityGroups/defaultSecurityRules\",\r\n
        \       \"properties\": {\r\n          \"provisioningState\": \"Updating\",\r\n
        \         \"description\": \"Deny all outbound traffic\",\r\n          \"protocol\":
        \"*\",\r\n          \"sourcePortRange\": \"*\",\r\n          \"destinationPortRange\":
        \"*\",\r\n          \"sourceAddressPrefix\": \"*\",\r\n          \"destinationAddressPrefix\":
        \"*\",\r\n          \"access\": \"Deny\",\r\n          \"priority\": 65500,\r\n
        \         \"direction\": \"Outbound\",\r\n          \"sourcePortRanges\":
        [],\r\n          \"destinationPortRanges\": [],\r\n          \"sourceAddressPrefixes\":
        [],\r\n          \"destinationAddressPrefixes\": []\r\n        }\r\n      }\r\n
        \   ]\r\n  }\r\n}"
    headers:
      azure-asyncoperation:
      - https://management.azure.com/subscriptions/00000000-0000-0000-0000-000000000000/providers/Microsoft.Network/locations/southcentralus/operations/0ecd0912-106e-42d5-a5ac-1681c412ff86?api-version=2019-04-01
      cache-control:
      - no-cache
      content-length:
      - '7029'
      content-type:
      - application/json; charset=utf-8
      date:
      - Thu, 30 May 2019 21:14:52 GMT
      expires:
      - '-1'
      pragma:
      - no-cache
      server:
      - Microsoft-HTTPAPI/2.0
      - Microsoft-HTTPAPI/2.0
      strict-transport-security:
      - max-age=31536000; includeSubDomains
      x-content-type-options:
      - nosniff
      x-ms-ratelimit-remaining-subscription-writes:
      - '1199'
    status:
      code: 201
      message: Created
- request:
    body: null
    headers:
      Accept:
      - application/json
      Accept-Encoding:
      - gzip, deflate
      CommandName:
      - network nsg create
      Connection:
      - keep-alive
      ParameterSetName:
      - -n -g
      User-Agent:
      - python/3.7.3 (Windows-10-10.0.18362-SP0) msrest/0.6.6 msrest_azure/0.6.0 networkmanagementclient/3.0.0
        Azure-SDK-For-Python AZURECLI/2.0.65
    method: GET
    uri: https://management.azure.com/subscriptions/00000000-0000-0000-0000-000000000000/providers/Microsoft.Network/locations/southcentralus/operations/0ecd0912-106e-42d5-a5ac-1681c412ff86?api-version=2019-04-01
  response:
    body:
      string: "{\r\n  \"status\": \"Succeeded\"\r\n}"
    headers:
      cache-control:
      - no-cache
      content-length:
      - '29'
      content-type:
      - application/json; charset=utf-8
      date:
      - Thu, 30 May 2019 21:14:56 GMT
      expires:
      - '-1'
      pragma:
      - no-cache
      server:
      - Microsoft-HTTPAPI/2.0
      - Microsoft-HTTPAPI/2.0
      strict-transport-security:
      - max-age=31536000; includeSubDomains
      transfer-encoding:
      - chunked
      vary:
      - Accept-Encoding
      x-content-type-options:
      - nosniff
    status:
      code: 200
      message: OK
- request:
    body: null
    headers:
      Accept:
      - application/json
      Accept-Encoding:
      - gzip, deflate
      CommandName:
      - network nsg create
      Connection:
      - keep-alive
      ParameterSetName:
      - -n -g
      User-Agent:
      - python/3.7.3 (Windows-10-10.0.18362-SP0) msrest/0.6.6 msrest_azure/0.6.0 networkmanagementclient/3.0.0
        Azure-SDK-For-Python AZURECLI/2.0.65
    method: GET
    uri: https://management.azure.com/subscriptions/00000000-0000-0000-0000-000000000000/resourceGroups/clitest.rg000001/providers/Microsoft.Network/networkSecurityGroups/nsg000003?api-version=2019-04-01
  response:
    body:
      string: "{\r\n  \"name\": \"nsg000003\",\r\n  \"id\": \"/subscriptions/00000000-0000-0000-0000-000000000000/resourceGroups/clitest.rg000001/providers/Microsoft.Network/networkSecurityGroups/nsg000003\",\r\n
        \ \"etag\": \"W/\\\"1d3cfc39-d903-4aac-9830-246d90a48792\\\"\",\r\n  \"type\":
        \"Microsoft.Network/networkSecurityGroups\",\r\n  \"location\": \"southcentralus\",\r\n
        \ \"properties\": {\r\n    \"provisioningState\": \"Succeeded\",\r\n    \"resourceGuid\":
        \"90a85f7b-2d67-440e-9d4c-4d36847023e8\",\r\n    \"securityRules\": [],\r\n
        \   \"defaultSecurityRules\": [\r\n      {\r\n        \"name\": \"AllowVnetInBound\",\r\n
        \       \"id\": \"/subscriptions/00000000-0000-0000-0000-000000000000/resourceGroups/clitest.rg000001/providers/Microsoft.Network/networkSecurityGroups/nsg000003/defaultSecurityRules/AllowVnetInBound\",\r\n
        \       \"etag\": \"W/\\\"1d3cfc39-d903-4aac-9830-246d90a48792\\\"\",\r\n
        \       \"type\": \"Microsoft.Network/networkSecurityGroups/defaultSecurityRules\",\r\n
        \       \"properties\": {\r\n          \"provisioningState\": \"Succeeded\",\r\n
        \         \"description\": \"Allow inbound traffic from all VMs in VNET\",\r\n
        \         \"protocol\": \"*\",\r\n          \"sourcePortRange\": \"*\",\r\n
        \         \"destinationPortRange\": \"*\",\r\n          \"sourceAddressPrefix\":
        \"VirtualNetwork\",\r\n          \"destinationAddressPrefix\": \"VirtualNetwork\",\r\n
        \         \"access\": \"Allow\",\r\n          \"priority\": 65000,\r\n          \"direction\":
        \"Inbound\",\r\n          \"sourcePortRanges\": [],\r\n          \"destinationPortRanges\":
        [],\r\n          \"sourceAddressPrefixes\": [],\r\n          \"destinationAddressPrefixes\":
        []\r\n        }\r\n      },\r\n      {\r\n        \"name\": \"AllowAzureLoadBalancerInBound\",\r\n
        \       \"id\": \"/subscriptions/00000000-0000-0000-0000-000000000000/resourceGroups/clitest.rg000001/providers/Microsoft.Network/networkSecurityGroups/nsg000003/defaultSecurityRules/AllowAzureLoadBalancerInBound\",\r\n
        \       \"etag\": \"W/\\\"1d3cfc39-d903-4aac-9830-246d90a48792\\\"\",\r\n
        \       \"type\": \"Microsoft.Network/networkSecurityGroups/defaultSecurityRules\",\r\n
        \       \"properties\": {\r\n          \"provisioningState\": \"Succeeded\",\r\n
        \         \"description\": \"Allow inbound traffic from azure load balancer\",\r\n
        \         \"protocol\": \"*\",\r\n          \"sourcePortRange\": \"*\",\r\n
        \         \"destinationPortRange\": \"*\",\r\n          \"sourceAddressPrefix\":
        \"AzureLoadBalancer\",\r\n          \"destinationAddressPrefix\": \"*\",\r\n
        \         \"access\": \"Allow\",\r\n          \"priority\": 65001,\r\n          \"direction\":
        \"Inbound\",\r\n          \"sourcePortRanges\": [],\r\n          \"destinationPortRanges\":
        [],\r\n          \"sourceAddressPrefixes\": [],\r\n          \"destinationAddressPrefixes\":
        []\r\n        }\r\n      },\r\n      {\r\n        \"name\": \"DenyAllInBound\",\r\n
        \       \"id\": \"/subscriptions/00000000-0000-0000-0000-000000000000/resourceGroups/clitest.rg000001/providers/Microsoft.Network/networkSecurityGroups/nsg000003/defaultSecurityRules/DenyAllInBound\",\r\n
        \       \"etag\": \"W/\\\"1d3cfc39-d903-4aac-9830-246d90a48792\\\"\",\r\n
        \       \"type\": \"Microsoft.Network/networkSecurityGroups/defaultSecurityRules\",\r\n
        \       \"properties\": {\r\n          \"provisioningState\": \"Succeeded\",\r\n
        \         \"description\": \"Deny all inbound traffic\",\r\n          \"protocol\":
        \"*\",\r\n          \"sourcePortRange\": \"*\",\r\n          \"destinationPortRange\":
        \"*\",\r\n          \"sourceAddressPrefix\": \"*\",\r\n          \"destinationAddressPrefix\":
        \"*\",\r\n          \"access\": \"Deny\",\r\n          \"priority\": 65500,\r\n
        \         \"direction\": \"Inbound\",\r\n          \"sourcePortRanges\": [],\r\n
        \         \"destinationPortRanges\": [],\r\n          \"sourceAddressPrefixes\":
        [],\r\n          \"destinationAddressPrefixes\": []\r\n        }\r\n      },\r\n
        \     {\r\n        \"name\": \"AllowVnetOutBound\",\r\n        \"id\": \"/subscriptions/00000000-0000-0000-0000-000000000000/resourceGroups/clitest.rg000001/providers/Microsoft.Network/networkSecurityGroups/nsg000003/defaultSecurityRules/AllowVnetOutBound\",\r\n
        \       \"etag\": \"W/\\\"1d3cfc39-d903-4aac-9830-246d90a48792\\\"\",\r\n
        \       \"type\": \"Microsoft.Network/networkSecurityGroups/defaultSecurityRules\",\r\n
        \       \"properties\": {\r\n          \"provisioningState\": \"Succeeded\",\r\n
        \         \"description\": \"Allow outbound traffic from all VMs to all VMs
        in VNET\",\r\n          \"protocol\": \"*\",\r\n          \"sourcePortRange\":
        \"*\",\r\n          \"destinationPortRange\": \"*\",\r\n          \"sourceAddressPrefix\":
        \"VirtualNetwork\",\r\n          \"destinationAddressPrefix\": \"VirtualNetwork\",\r\n
        \         \"access\": \"Allow\",\r\n          \"priority\": 65000,\r\n          \"direction\":
        \"Outbound\",\r\n          \"sourcePortRanges\": [],\r\n          \"destinationPortRanges\":
        [],\r\n          \"sourceAddressPrefixes\": [],\r\n          \"destinationAddressPrefixes\":
        []\r\n        }\r\n      },\r\n      {\r\n        \"name\": \"AllowInternetOutBound\",\r\n
        \       \"id\": \"/subscriptions/00000000-0000-0000-0000-000000000000/resourceGroups/clitest.rg000001/providers/Microsoft.Network/networkSecurityGroups/nsg000003/defaultSecurityRules/AllowInternetOutBound\",\r\n
        \       \"etag\": \"W/\\\"1d3cfc39-d903-4aac-9830-246d90a48792\\\"\",\r\n
        \       \"type\": \"Microsoft.Network/networkSecurityGroups/defaultSecurityRules\",\r\n
        \       \"properties\": {\r\n          \"provisioningState\": \"Succeeded\",\r\n
        \         \"description\": \"Allow outbound traffic from all VMs to Internet\",\r\n
        \         \"protocol\": \"*\",\r\n          \"sourcePortRange\": \"*\",\r\n
        \         \"destinationPortRange\": \"*\",\r\n          \"sourceAddressPrefix\":
        \"*\",\r\n          \"destinationAddressPrefix\": \"Internet\",\r\n          \"access\":
        \"Allow\",\r\n          \"priority\": 65001,\r\n          \"direction\": \"Outbound\",\r\n
        \         \"sourcePortRanges\": [],\r\n          \"destinationPortRanges\":
        [],\r\n          \"sourceAddressPrefixes\": [],\r\n          \"destinationAddressPrefixes\":
        []\r\n        }\r\n      },\r\n      {\r\n        \"name\": \"DenyAllOutBound\",\r\n
        \       \"id\": \"/subscriptions/00000000-0000-0000-0000-000000000000/resourceGroups/clitest.rg000001/providers/Microsoft.Network/networkSecurityGroups/nsg000003/defaultSecurityRules/DenyAllOutBound\",\r\n
        \       \"etag\": \"W/\\\"1d3cfc39-d903-4aac-9830-246d90a48792\\\"\",\r\n
        \       \"type\": \"Microsoft.Network/networkSecurityGroups/defaultSecurityRules\",\r\n
        \       \"properties\": {\r\n          \"provisioningState\": \"Succeeded\",\r\n
        \         \"description\": \"Deny all outbound traffic\",\r\n          \"protocol\":
        \"*\",\r\n          \"sourcePortRange\": \"*\",\r\n          \"destinationPortRange\":
        \"*\",\r\n          \"sourceAddressPrefix\": \"*\",\r\n          \"destinationAddressPrefix\":
        \"*\",\r\n          \"access\": \"Deny\",\r\n          \"priority\": 65500,\r\n
        \         \"direction\": \"Outbound\",\r\n          \"sourcePortRanges\":
        [],\r\n          \"destinationPortRanges\": [],\r\n          \"sourceAddressPrefixes\":
        [],\r\n          \"destinationAddressPrefixes\": []\r\n        }\r\n      }\r\n
        \   ]\r\n  }\r\n}"
    headers:
      cache-control:
      - no-cache
      content-length:
      - '7036'
      content-type:
      - application/json; charset=utf-8
      date:
      - Thu, 30 May 2019 21:14:57 GMT
      etag:
      - W/"1d3cfc39-d903-4aac-9830-246d90a48792"
      expires:
      - '-1'
      pragma:
      - no-cache
      server:
      - Microsoft-HTTPAPI/2.0
      - Microsoft-HTTPAPI/2.0
      strict-transport-security:
      - max-age=31536000; includeSubDomains
      transfer-encoding:
      - chunked
      vary:
      - Accept-Encoding
      x-content-type-options:
      - nosniff
    status:
      code: 200
      message: OK
- request:
    body: 'b''b\''{"properties": {"storageAccountId": "/subscriptions/00000000-0000-0000-0000-000000000000/resourceGroups/clitest.rg000001/providers/microsoft.Storage/storageAccounts/clitest000002",
      "logs": [{"category": "NetworkSecurityGroupEvent", "enabled": true, "retentionPolicy":
      {"enabled": false, "days": 0}}, {"category": "NetworkSecurityGroupRuleCounter",
      "enabled": true, "retentionPolicy": {"enabled": false, "days": 0}}]}}\'''''
    headers:
      Accept:
      - application/json
      Accept-Encoding:
      - gzip, deflate
      CommandName:
      - monitor diagnostic-settings create
      Connection:
      - keep-alive
      Content-Length:
      - '487'
      Content-Type:
      - application/json; charset=utf-8
      ParameterSetName:
      - -n --resource --resource-type --resource-group --storage-account --log -o
      User-Agent:
      - python/3.7.3 (Windows-10-10.0.18362-SP0) msrest/0.6.6 msrest_azure/0.6.0 azure-mgmt-monitor/0.5.2
        Azure-SDK-For-Python AZURECLI/2.0.65
      accept-language:
      - en-US
    method: PUT
    uri: https://management.azure.com/subscriptions/00000000-0000-0000-0000-000000000000/resourceGroups/clitest.rg000001/providers/Microsoft.Network/networkSecurityGroups/nsg000003/providers/microsoft.insights/diagnosticSettings/test01?api-version=2017-05-01-preview
  response:
    body:
      string: '{"id":"/subscriptions/00000000-0000-0000-0000-000000000000/resourcegroups/clitest.rg000001/providers/microsoft.network/networksecuritygroups/nsg000003/providers/microsoft.insights/diagnosticSettings/test01","type":null,"name":"test01","location":null,"kind":null,"tags":null,"properties":{"storageAccountId":"/subscriptions/00000000-0000-0000-0000-000000000000/resourceGroups/clitest.rg000001/providers/microsoft.Storage/storageAccounts/clitest000002","serviceBusRuleId":null,"workspaceId":null,"eventHubAuthorizationRuleId":null,"eventHubName":null,"metrics":[],"logs":[{"category":"NetworkSecurityGroupEvent","enabled":true,"retentionPolicy":{"enabled":false,"days":0}},{"category":"NetworkSecurityGroupRuleCounter","enabled":true,"retentionPolicy":{"enabled":false,"days":0}}],"logAnalyticsDestinationType":null},"identity":null}'
    headers:
      cache-control:
      - no-cache
      content-length:
      - '968'
      content-type:
      - application/json; charset=utf-8
      date:
      - Thu, 30 May 2019 21:15:04 GMT
      expires:
      - '-1'
      pragma:
      - no-cache
      server:
      - Microsoft-IIS/10.0
      strict-transport-security:
      - max-age=31536000; includeSubDomains
      transfer-encoding:
      - chunked
      vary:
      - Accept-Encoding
      x-content-type-options:
      - nosniff
      x-ms-ratelimit-remaining-subscription-resource-requests:
      - '149'
    status:
      code: 200
      message: OK
- request:
    body: null
    headers:
      Accept:
      - application/json
      Accept-Encoding:
      - gzip, deflate
      CommandName:
      - monitor diagnostic-settings list
      Connection:
      - keep-alive
      Content-Type:
      - application/json; charset=utf-8
      ParameterSetName:
      - --resource --resource-type --resource-group -o
      User-Agent:
      - python/3.7.3 (Windows-10-10.0.18362-SP0) msrest/0.6.6 msrest_azure/0.6.0 azure-mgmt-monitor/0.5.2
        Azure-SDK-For-Python AZURECLI/2.0.65
      accept-language:
      - en-US
    method: GET
    uri: https://management.azure.com/subscriptions/00000000-0000-0000-0000-000000000000/resourceGroups/clitest.rg000001/providers/Microsoft.Network/networkSecurityGroups/nsg000003/providers/microsoft.insights/diagnosticSettings?api-version=2017-05-01-preview
  response:
    body:
      string: '{"code":"RequestTimeout","message":"Exception of type ''Microsoft.WindowsAzure.Management.Monitoring.MonitoringServiceException''
        was thrown."}'
    headers:
      cache-control:
      - no-cache
      connection:
      - close
      content-length:
      - '141'
      content-type:
      - application/json; charset=utf-8
      date:
      - Thu, 30 May 2019 21:15:35 GMT
      expires:
      - '-1'
      pragma:
      - no-cache
      server:
      - Microsoft-IIS/10.0
      strict-transport-security:
      - max-age=31536000; includeSubDomains
      x-content-type-options:
      - nosniff
      x-ms-failure-cause:
      - service
    status:
      code: 408
      message: Request Timeout
- request:
    body: null
    headers:
      Accept:
      - application/json
      Accept-Encoding:
      - gzip, deflate
      CommandName:
      - monitor diagnostic-settings list
      Connection:
      - keep-alive
      Content-Type:
      - application/json; charset=utf-8
      ParameterSetName:
      - --resource --resource-type --resource-group -o
      User-Agent:
      - python/3.7.3 (Windows-10-10.0.18362-SP0) msrest/0.6.6 msrest_azure/0.6.0 azure-mgmt-monitor/0.5.2
        Azure-SDK-For-Python AZURECLI/2.0.65
      accept-language:
      - en-US
    method: GET
    uri: https://management.azure.com/subscriptions/00000000-0000-0000-0000-000000000000/resourceGroups/clitest.rg000001/providers/Microsoft.Network/networkSecurityGroups/nsg000003/providers/microsoft.insights/diagnosticSettings?api-version=2017-05-01-preview
  response:
    body:
      string: '{"value":[{"id":"/subscriptions/00000000-0000-0000-0000-000000000000/resourcegroups/clitest.rg000001/providers/microsoft.network/networksecuritygroups/nsg000003/providers/microsoft.insights/diagnosticSettings/test01","type":null,"name":"test01","location":null,"kind":null,"tags":null,"properties":{"storageAccountId":"/subscriptions/00000000-0000-0000-0000-000000000000/resourceGroups/clitest.rg000001/providers/microsoft.Storage/storageAccounts/clitest000002","serviceBusRuleId":null,"workspaceId":null,"eventHubAuthorizationRuleId":null,"eventHubName":null,"metrics":[],"logs":[{"category":"NetworkSecurityGroupEvent","enabled":true,"retentionPolicy":{"enabled":false,"days":0}},{"category":"NetworkSecurityGroupRuleCounter","enabled":true,"retentionPolicy":{"enabled":false,"days":0}}],"logAnalyticsDestinationType":null},"identity":null}]}'
    headers:
      cache-control:
      - no-cache
      content-length:
      - '980'
      content-type:
      - application/json; charset=utf-8
      date:
      - Thu, 30 May 2019 21:15:37 GMT
      expires:
      - '-1'
      pragma:
      - no-cache
      server:
      - Microsoft-IIS/10.0
      strict-transport-security:
      - max-age=31536000; includeSubDomains
      transfer-encoding:
      - chunked
      vary:
      - Accept-Encoding
      x-content-type-options:
      - nosniff
    status:
      code: 200
      message: OK
- request:
    body: null
    headers:
      Accept:
      - application/json
      Accept-Encoding:
      - gzip, deflate
      CommandName:
      - monitor diagnostic-settings show
      Connection:
      - keep-alive
      Content-Type:
      - application/json; charset=utf-8
      ParameterSetName:
      - -n --resource --resource-type --resource-group -o
      User-Agent:
      - python/3.7.3 (Windows-10-10.0.18362-SP0) msrest/0.6.6 msrest_azure/0.6.0 azure-mgmt-monitor/0.5.2
        Azure-SDK-For-Python AZURECLI/2.0.65
      accept-language:
      - en-US
    method: GET
    uri: https://management.azure.com/subscriptions/00000000-0000-0000-0000-000000000000/resourceGroups/clitest.rg000001/providers/Microsoft.Network/networkSecurityGroups/nsg000003/providers/microsoft.insights/diagnosticSettings/test01?api-version=2017-05-01-preview
  response:
    body:
      string: '{"id":"/subscriptions/00000000-0000-0000-0000-000000000000/resourcegroups/clitest.rg000001/providers/microsoft.network/networksecuritygroups/nsg000003/providers/microsoft.insights/diagnosticSettings/test01","type":null,"name":"test01","location":null,"kind":null,"tags":null,"properties":{"storageAccountId":"/subscriptions/00000000-0000-0000-0000-000000000000/resourceGroups/clitest.rg000001/providers/microsoft.Storage/storageAccounts/clitest000002","serviceBusRuleId":null,"workspaceId":null,"eventHubAuthorizationRuleId":null,"eventHubName":null,"metrics":[],"logs":[{"category":"NetworkSecurityGroupEvent","enabled":true,"retentionPolicy":{"enabled":false,"days":0}},{"category":"NetworkSecurityGroupRuleCounter","enabled":true,"retentionPolicy":{"enabled":false,"days":0}}],"logAnalyticsDestinationType":null},"identity":null}'
    headers:
      cache-control:
      - no-cache
      content-length:
      - '968'
      content-type:
      - application/json; charset=utf-8
      date:
      - Thu, 30 May 2019 21:15:39 GMT
      expires:
      - '-1'
      pragma:
      - no-cache
      server:
      - Microsoft-IIS/10.0
      strict-transport-security:
      - max-age=31536000; includeSubDomains
      transfer-encoding:
      - chunked
      vary:
      - Accept-Encoding
      x-content-type-options:
      - nosniff
    status:
      code: 200
      message: OK
- request:
    body: null
    headers:
      Accept:
      - application/json
      Accept-Encoding:
      - gzip, deflate
      CommandName:
      - monitor diagnostic-settings delete
      Connection:
      - keep-alive
      Content-Length:
      - '0'
      Content-Type:
      - application/json; charset=utf-8
      ParameterSetName:
      - -n --resource --resource-type --resource-group -o
      User-Agent:
      - python/3.7.3 (Windows-10-10.0.18362-SP0) msrest/0.6.6 msrest_azure/0.6.0 azure-mgmt-monitor/0.5.2
        Azure-SDK-For-Python AZURECLI/2.0.65
      accept-language:
      - en-US
    method: DELETE
    uri: https://management.azure.com/subscriptions/00000000-0000-0000-0000-000000000000/resourceGroups/clitest.rg000001/providers/Microsoft.Network/networkSecurityGroups/nsg000003/providers/microsoft.insights/diagnosticSettings/test01?api-version=2017-05-01-preview
  response:
    body:
      string: ''
    headers:
      cache-control:
      - no-cache
      content-length:
      - '0'
      date:
      - Thu, 30 May 2019 21:15:41 GMT
      expires:
      - '-1'
      pragma:
      - no-cache
      server:
      - Microsoft-IIS/10.0
      strict-transport-security:
      - max-age=31536000; includeSubDomains
      x-content-type-options:
      - nosniff
      x-ms-ratelimit-remaining-subscription-deletes:
      - '14999'
    status:
      code: 200
      message: OK
- request:
    body: null
    headers:
      Accept:
      - application/json
      Accept-Encoding:
      - gzip, deflate
      CommandName:
      - monitor diagnostic-settings list
      Connection:
      - keep-alive
      Content-Type:
      - application/json; charset=utf-8
      ParameterSetName:
      - --resource --resource-type --resource-group -o
      User-Agent:
      - python/3.7.3 (Windows-10-10.0.18362-SP0) msrest/0.6.6 msrest_azure/0.6.0 azure-mgmt-monitor/0.5.2
        Azure-SDK-For-Python AZURECLI/2.0.65
      accept-language:
      - en-US
    method: GET
    uri: https://management.azure.com/subscriptions/00000000-0000-0000-0000-000000000000/resourceGroups/clitest.rg000001/providers/Microsoft.Network/networkSecurityGroups/nsg000003/providers/microsoft.insights/diagnosticSettings?api-version=2017-05-01-preview
  response:
    body:
      string: '{"value":[]}'
    headers:
      cache-control:
      - no-cache
      content-length:
      - '12'
      content-type:
      - application/json; charset=utf-8
      date:
      - Thu, 30 May 2019 21:15:42 GMT
      expires:
      - '-1'
      pragma:
      - no-cache
      server:
      - Microsoft-IIS/10.0
      strict-transport-security:
      - max-age=31536000; includeSubDomains
      transfer-encoding:
      - chunked
      vary:
      - Accept-Encoding
      x-content-type-options:
      - nosniff
    status:
      code: 200
      message: OK
- request:
    body: null
    headers:
      Accept:
      - application/json
      Accept-Encoding:
      - gzip, deflate
      CommandName:
      - group delete
      Connection:
      - keep-alive
      Content-Length:
      - '0'
      ParameterSetName:
      - --name --yes --no-wait
      User-Agent:
      - python/3.7.3 (Windows-10-10.0.18362-SP0) msrest/0.6.6 msrest_azure/0.6.0 resourcemanagementclient/2.1.0
        Azure-SDK-For-Python AZURECLI/2.0.65
      accept-language:
      - en-US
    method: DELETE
    uri: https://management.azure.com/subscriptions/00000000-0000-0000-0000-000000000000/resourcegroups/clitest.rg000001?api-version=2018-05-01
  response:
    body:
      string: ''
    headers:
      cache-control:
      - no-cache
      content-length:
      - '0'
      date:
      - Thu, 30 May 2019 21:15:44 GMT
      expires:
      - '-1'
      location:
      - https://management.azure.com/subscriptions/00000000-0000-0000-0000-000000000000/operationresults/eyJqb2JJZCI6IlJFU09VUkNFR1JPVVBERUxFVElPTkpPQi1DTElURVNUOjJFUkczQzNXVVhEWklPUkxZQVNQRUZSSTVLVE42QkRKVFQ3WVZFNHw3MTZBQ0EwRjBDNjlBNjI4LVNPVVRIQ0VOVFJBTFVTIiwiam9iTG9jYXRpb24iOiJzb3V0aGNlbnRyYWx1cyJ9?api-version=2018-05-01
      pragma:
      - no-cache
      strict-transport-security:
      - max-age=31536000; includeSubDomains
      x-content-type-options:
      - nosniff
      x-ms-ratelimit-remaining-subscription-deletes:
      - '14999'
    status:
      code: 202
      message: Accepted
version: 1
