interactions:
- request:
    body: '{"location": "japaneast", "tags": {"product": "azurecli", "cause": "automation",
      "date": "2018-05-14T21:12:03Z"}}'
    headers:
      Accept: [application/json]
      Accept-Encoding: ['gzip, deflate']
      CommandName: [group create]
      Connection: [keep-alive]
      Content-Length: ['113']
      Content-Type: [application/json; charset=utf-8]
      User-Agent: [python/3.6.5 (Windows-10-10.0.16299-SP0) requests/2.18.4 msrest/0.4.28
          msrest_azure/0.4.28 resourcemanagementclient/1.2.1 Azure-SDK-For-Python
          AZURECLI/2.0.33]
      accept-language: [en-US]
    method: PUT
    uri: https://management.azure.com/subscriptions/00000000-0000-0000-0000-000000000000/resourcegroups/clitest.rg000001?api-version=2018-05-01
  response:
    body: {string: '{"id":"/subscriptions/00000000-0000-0000-0000-000000000000/resourceGroups/clitest.rg000001","name":"clitest.rg000001","location":"japaneast","tags":{"product":"azurecli","cause":"automation","date":"2018-05-14T21:12:03Z"},"properties":{"provisioningState":"Succeeded"}}'}
    headers:
      cache-control: [no-cache]
      content-length: ['387']
      content-type: [application/json; charset=utf-8]
      date: ['Mon, 14 May 2018 21:12:06 GMT']
      expires: ['-1']
      pragma: [no-cache]
      strict-transport-security: [max-age=31536000; includeSubDomains]
      x-content-type-options: [nosniff]
      x-ms-ratelimit-remaining-subscription-writes: ['1199']
    status: {code: 201, message: Created}
- request:
    body: null
    headers:
      Accept: [application/json]
      Accept-Encoding: ['gzip, deflate']
      CommandName: [appservice plan create]
      Connection: [keep-alive]
      Content-Type: [application/json; charset=utf-8]
      User-Agent: [python/3.6.5 (Windows-10-10.0.16299-SP0) requests/2.18.4 msrest/0.4.28
          msrest_azure/0.4.28 resourcemanagementclient/1.2.1 Azure-SDK-For-Python
          AZURECLI/2.0.33]
      accept-language: [en-US]
    method: GET
    uri: https://management.azure.com/subscriptions/00000000-0000-0000-0000-000000000000/resourcegroups/clitest.rg000001?api-version=2018-05-01
  response:
    body: {string: '{"id":"/subscriptions/00000000-0000-0000-0000-000000000000/resourceGroups/clitest.rg000001","name":"clitest.rg000001","location":"japaneast","tags":{"product":"azurecli","cause":"automation","date":"2018-05-14T21:12:03Z"},"properties":{"provisioningState":"Succeeded"}}'}
    headers:
      cache-control: [no-cache]
      content-length: ['387']
      content-type: [application/json; charset=utf-8]
      date: ['Mon, 14 May 2018 21:12:05 GMT']
      expires: ['-1']
      pragma: [no-cache]
      strict-transport-security: [max-age=31536000; includeSubDomains]
      vary: [Accept-Encoding]
      x-content-type-options: [nosniff]
    status: {code: 200, message: OK}
- request:
    body: 'b''{"location": "japaneast", "properties": {"name": "plan-quick-linux000003",
      "perSiteScaling": false, "reserved": true}, "sku": {"name": "B1", "tier": "BASIC",
      "capacity": 1}}'''
    headers:
      Accept: [application/json]
      Accept-Encoding: ['gzip, deflate']
      CommandName: [appservice plan create]
      Connection: [keep-alive]
      Content-Length: ['175']
      Content-Type: [application/json; charset=utf-8]
      User-Agent: [python/3.6.5 (Windows-10-10.0.16299-SP0) requests/2.18.4 msrest/0.4.28
          msrest_azure/0.4.28 azure-mgmt-web/0.35.0 Azure-SDK-For-Python AZURECLI/2.0.33]
      accept-language: [en-US]
    method: PUT
    uri: https://management.azure.com/subscriptions/00000000-0000-0000-0000-000000000000/resourceGroups/clitest.rg000001/providers/Microsoft.Web/serverfarms/plan-quick-linux000003?api-version=2016-09-01
  response:
    body: {string: '{"id":"/subscriptions/00000000-0000-0000-0000-000000000000/resourceGroups/clitest.rg000001/providers/Microsoft.Web/serverfarms/plan-quick-linux000003","name":"plan-quick-linux000003","type":"Microsoft.Web/serverfarms","kind":"linux","location":"Japan
        East","properties":{"serverFarmId":2135,"name":"plan-quick-linux000003","workerSize":"Default","workerSizeId":0,"workerTierName":null,"numberOfWorkers":1,"currentWorkerSize":"Default","currentWorkerSizeId":0,"currentNumberOfWorkers":1,"status":"Ready","webSpace":"clitest.rg000001-JapanEastwebspace","subscription":"1402be24-4f35-4ab7-a212-2cd496ebdf14","adminSiteName":null,"hostingEnvironment":null,"hostingEnvironmentProfile":null,"maximumNumberOfWorkers":3,"planName":"VirtualDedicatedPlan","adminRuntimeSiteName":null,"computeMode":"Dedicated","siteMode":null,"geoRegion":"Japan
        East","perSiteScaling":false,"numberOfSites":0,"hostingEnvironmentId":null,"isSpot":false,"spotExpirationTime":null,"tags":null,"kind":"linux","resourceGroup":"clitest.rg000001","reserved":true,"isXenon":false,"mdmId":"waws-prod-ty1-011_2135","targetWorkerCount":0,"targetWorkerSizeId":0,"provisioningState":"Succeeded","webSiteId":null},"sku":{"name":"B1","tier":"Basic","size":"B1","family":"B","capacity":1}}'}
    headers:
      cache-control: [no-cache]
      content-length: ['1429']
      content-type: [application/json]
      date: ['Mon, 14 May 2018 21:12:23 GMT']
      expires: ['-1']
      pragma: [no-cache]
      server: [Microsoft-IIS/10.0]
      strict-transport-security: [max-age=31536000; includeSubDomains]
      transfer-encoding: [chunked]
      vary: [Accept-Encoding]
      x-aspnet-version: [4.0.30319]
      x-content-type-options: [nosniff]
      x-ms-ratelimit-remaining-subscription-writes: ['1199']
      x-powered-by: [ASP.NET]
    status: {code: 200, message: OK}
- request:
    body: null
    headers:
      Accept: [application/json]
      Accept-Encoding: ['gzip, deflate']
      CommandName: [webapp create]
      Connection: [keep-alive]
      Content-Type: [application/json; charset=utf-8]
      User-Agent: [python/3.6.5 (Windows-10-10.0.16299-SP0) requests/2.18.4 msrest/0.4.28
          msrest_azure/0.4.28 azure-mgmt-web/0.35.0 Azure-SDK-For-Python AZURECLI/2.0.33]
      accept-language: [en-US]
    method: GET
    uri: https://management.azure.com/subscriptions/00000000-0000-0000-0000-000000000000/resourceGroups/clitest.rg000001/providers/Microsoft.Web/serverfarms/plan-quick-linux000003?api-version=2016-09-01
  response:
    body: {string: '{"id":"/subscriptions/00000000-0000-0000-0000-000000000000/resourceGroups/clitest.rg000001/providers/Microsoft.Web/serverfarms/plan-quick-linux000003","name":"plan-quick-linux000003","type":"Microsoft.Web/serverfarms","kind":"linux","location":"Japan
        East","properties":{"serverFarmId":2135,"name":"plan-quick-linux000003","workerSize":"Default","workerSizeId":0,"workerTierName":null,"numberOfWorkers":1,"currentWorkerSize":"Default","currentWorkerSizeId":0,"currentNumberOfWorkers":1,"status":"Ready","webSpace":"clitest.rg000001-JapanEastwebspace","subscription":"1402be24-4f35-4ab7-a212-2cd496ebdf14","adminSiteName":null,"hostingEnvironment":null,"hostingEnvironmentProfile":null,"maximumNumberOfWorkers":3,"planName":"VirtualDedicatedPlan","adminRuntimeSiteName":null,"computeMode":"Dedicated","siteMode":null,"geoRegion":"Japan
        East","perSiteScaling":false,"numberOfSites":0,"hostingEnvironmentId":null,"isSpot":false,"spotExpirationTime":null,"tags":null,"kind":"linux","resourceGroup":"clitest.rg000001","reserved":true,"isXenon":false,"mdmId":"waws-prod-ty1-011_2135","targetWorkerCount":0,"targetWorkerSizeId":0,"provisioningState":"Succeeded","webSiteId":null},"sku":{"name":"B1","tier":"Basic","size":"B1","family":"B","capacity":1}}'}
    headers:
      cache-control: [no-cache]
      content-length: ['1429']
      content-type: [application/json]
      date: ['Mon, 14 May 2018 21:12:25 GMT']
      expires: ['-1']
      pragma: [no-cache]
      server: [Microsoft-IIS/10.0]
      strict-transport-security: [max-age=31536000; includeSubDomains]
      transfer-encoding: [chunked]
      vary: [Accept-Encoding]
      x-aspnet-version: [4.0.30319]
      x-content-type-options: [nosniff]
      x-powered-by: [ASP.NET]
    status: {code: 200, message: OK}
- request:
    body: 'b''b\''{"location": "Japan East", "properties": {"serverFarmId": "/subscriptions/00000000-0000-0000-0000-000000000000/resourceGroups/clitest.rg000001/providers/Microsoft.Web/serverfarms/plan-quick-linux000003",
      "reserved": false, "siteConfig": {"netFrameworkVersion": "v4.6", "linuxFxVersion":
      "DOCKER|patle/ruby-hello", "appSettings": [{"name": "WEBSITES_ENABLE_APP_SERVICE_STORAGE",
      "value": "false"}], "localMySqlEnabled": false, "http20Enabled": true}, "scmSiteAlsoStopped":
      false}}\'''''
    headers:
      Accept: [application/json]
      Accept-Encoding: ['gzip, deflate']
      CommandName: [webapp create]
      Connection: [keep-alive]
      Content-Length: ['540']
      Content-Type: [application/json; charset=utf-8]
      User-Agent: [python/3.6.5 (Windows-10-10.0.16299-SP0) requests/2.18.4 msrest/0.4.28
          msrest_azure/0.4.28 azure-mgmt-web/0.35.0 Azure-SDK-For-Python AZURECLI/2.0.33]
      accept-language: [en-US]
    method: PUT
    uri: https://management.azure.com/subscriptions/00000000-0000-0000-0000-000000000000/resourceGroups/clitest.rg000001/providers/Microsoft.Web/sites/webapp-quick-linux000002?api-version=2016-08-01
  response:
    body: {string: '{"id":"/subscriptions/00000000-0000-0000-0000-000000000000/resourceGroups/clitest.rg000001/providers/Microsoft.Web/sites/webapp-quick-linux000002","name":"webapp-quick-linux000002","type":"Microsoft.Web/sites","kind":"app,linux,container","location":"Japan
        East","properties":{"name":"webapp-quick-linux000002","state":"Running","hostNames":["webapp-quick-linux000002.azurewebsites.net"],"webSpace":"clitest.rg000001-JapanEastwebspace","selfLink":"https://waws-prod-ty1-011.api.azurewebsites.windows.net:454/subscriptions/00000000-0000-0000-0000-000000000000/webspaces/clitest.rg000001-JapanEastwebspace/sites/webapp-quick-linux000002","repositorySiteName":"webapp-quick-linux000002","owner":null,"usageState":"Normal","enabled":true,"adminEnabled":true,"enabledHostNames":["webapp-quick-linux000002.azurewebsites.net","webapp-quick-linux000002.scm.azurewebsites.net"],"siteProperties":{"metadata":null,"properties":[{"name":"LinuxFxVersion","value":"DOCKER|patle/ruby-hello"},{"name":"WindowsFxVersion","value":null}],"appSettings":null},"availabilityState":"Normal","sslCertificates":null,"csrs":[],"cers":null,"siteMode":null,"hostNameSslStates":[{"name":"webapp-quick-linux000002.azurewebsites.net","sslState":"Disabled","ipBasedSslResult":null,"virtualIP":null,"thumbprint":null,"toUpdate":null,"toUpdateIpBasedSsl":null,"ipBasedSslState":"NotConfigured","hostType":"Standard"},{"name":"webapp-quick-linux000002.scm.azurewebsites.net","sslState":"Disabled","ipBasedSslResult":null,"virtualIP":null,"thumbprint":null,"toUpdate":null,"toUpdateIpBasedSsl":null,"ipBasedSslState":"NotConfigured","hostType":"Repository"}],"computeMode":null,"serverFarm":null,"serverFarmId":"/subscriptions/00000000-0000-0000-0000-000000000000/resourceGroups/clitest.rg000001/providers/Microsoft.Web/serverfarms/plan-quick-linux000003","reserved":true,"isXenon":false,"lastModifiedTimeUtc":"2018-05-14T21:12:30.5566667","storageRecoveryDefaultState":"Running","contentAvailabilityState":"Normal","runtimeAvailabilityState":"Normal","siteConfig":null,"deploymentId":"webapp-quick-linux000002","trafficManagerHostNames":null,"sku":"Basic","scmSiteAlsoStopped":false,"targetSwapSlot":null,"hostingEnvironment":null,"hostingEnvironmentProfile":null,"clientAffinityEnabled":true,"clientCertEnabled":false,"hostNamesDisabled":false,"domainVerificationIdentifiers":null,"kind":"app,linux,container","outboundIpAddresses":"13.73.26.73,13.73.30.113,52.243.32.123,52.243.37.163,13.73.27.207","possibleOutboundIpAddresses":"13.73.26.73,13.73.30.113,52.243.32.123,52.243.37.163,13.73.27.207","containerSize":0,"dailyMemoryTimeQuota":0,"suspendedTill":null,"siteDisabledReason":0,"functionExecutionUnitsCache":null,"maxNumberOfWorkers":null,"homeStamp":"waws-prod-ty1-011","cloningInfo":null,"hostingEnvironmentId":null,"tags":null,"resourceGroup":"clitest.rg000001","defaultHostName":"webapp-quick-linux000002.azurewebsites.net","slotSwapStatus":null,"httpsOnly":false}}'}
    headers:
      cache-control: [no-cache]
      content-length: ['3239']
      content-type: [application/json]
      date: ['Mon, 14 May 2018 21:12:33 GMT']
      etag: ['"1D3EBC845170740"']
      expires: ['-1']
      pragma: [no-cache]
      server: [Microsoft-IIS/10.0]
      strict-transport-security: [max-age=31536000; includeSubDomains]
      transfer-encoding: [chunked]
      vary: [Accept-Encoding]
      x-aspnet-version: [4.0.30319]
      x-content-type-options: [nosniff]
      x-ms-ratelimit-remaining-subscription-writes: ['1199']
      x-powered-by: [ASP.NET]
    status: {code: 200, message: OK}
- request:
    body: '{}'
    headers:
      Accept: [application/json]
      Accept-Encoding: ['gzip, deflate']
      CommandName: [webapp create]
      Connection: [keep-alive]
      Content-Length: ['2']
      Content-Type: [application/json; charset=utf-8]
      User-Agent: [python/3.6.5 (Windows-10-10.0.16299-SP0) requests/2.18.4 msrest/0.4.28
          msrest_azure/0.4.28 azure-mgmt-web/0.35.0 Azure-SDK-For-Python AZURECLI/2.0.33]
      accept-language: [en-US]
    method: POST
    uri: https://management.azure.com/subscriptions/00000000-0000-0000-0000-000000000000/resourceGroups/clitest.rg000001/providers/Microsoft.Web/sites/webapp-quick-linux000002/publishxml?api-version=2016-08-01
  response:
    body: {string: '<publishData><publishProfile profileName="webapp-quick-linux000002
        - Web Deploy" publishMethod="MSDeploy" publishUrl="webapp-quick-linux000002.scm.azurewebsites.net:443"
        msdeploySite="webapp-quick-linux000002" userName="$webapp-quick-linux000002"
        userPWD="6netLgwpB9oorg36zNNsdCGxiwD75CdHrHCf5c16Yf0qYfGZCQqx4uWnTsP1" destinationAppUrl="http://webapp-quick-linux000002.azurewebsites.net"
        SQLServerDBConnectionString="" mySQLDBConnectionString="" hostingProviderForumLink=""
        controlPanelLink="http://windows.azure.com" webSystem="WebSites"><databases
        /></publishProfile><publishProfile profileName="webapp-quick-linux000002 -
        FTP" publishMethod="FTP" publishUrl="ftp://waws-prod-ty1-011.ftp.azurewebsites.windows.net/site/wwwroot"
        ftpPassiveMode="True" userName="webapp-quick-linux000002\$webapp-quick-linux000002"
        userPWD="6netLgwpB9oorg36zNNsdCGxiwD75CdHrHCf5c16Yf0qYfGZCQqx4uWnTsP1" destinationAppUrl="http://webapp-quick-linux000002.azurewebsites.net"
        SQLServerDBConnectionString="" mySQLDBConnectionString="" hostingProviderForumLink=""
        controlPanelLink="http://windows.azure.com" webSystem="WebSites"><databases
        /></publishProfile></publishData>'}
    headers:
      cache-control: [no-cache]
      content-length: ['1150']
      content-type: [application/xml]
      date: ['Mon, 14 May 2018 21:12:35 GMT']
      expires: ['-1']
      pragma: [no-cache]
      server: [Microsoft-IIS/10.0]
      strict-transport-security: [max-age=31536000; includeSubDomains]
      x-aspnet-version: [4.0.30319]
      x-content-type-options: [nosniff]
      x-ms-ratelimit-remaining-subscription-resource-requests: ['11999']
      x-powered-by: [ASP.NET]
    status: {code: 200, message: OK}
- request:
    body: null
    headers:
      Accept: ['*/*']
      Accept-Encoding: ['gzip, deflate']
      Connection: [keep-alive]
      User-Agent: [python-requests/2.18.4]
    method: GET
    uri: http://webapp-quick-linux000002.azurewebsites.net/
  response:
    body: {string: Ruby on Rails in Web Apps on Linux}
    headers:
      content-length: ['34']
      content-type: [text/html]
      date: ['Mon, 14 May 2018 21:16:17 GMT']
      set-cookie: [ARRAffinity=55ca23a0fbf5aaa0bb74f36caa9d43567747442b37c3d80ab1c7dfb6ff8e6e19;Path=/;HttpOnly;Domain=webapp-quick-linux7x4jd2.azurewebsites.net]
    status: {code: 200, message: OK}
- request:
    body: null
    headers:
      Accept: [application/json]
      Accept-Encoding: ['gzip, deflate']
      CommandName: [webapp config appsettings list]
      Connection: [keep-alive]
      Content-Length: ['0']
      Content-Type: [application/json; charset=utf-8]
      User-Agent: [python/3.6.5 (Windows-10-10.0.16299-SP0) requests/2.18.4 msrest/0.4.28
          msrest_azure/0.4.28 azure-mgmt-web/0.35.0 Azure-SDK-For-Python AZURECLI/2.0.33]
      accept-language: [en-US]
    method: POST
    uri: https://management.azure.com/subscriptions/00000000-0000-0000-0000-000000000000/resourceGroups/clitest.rg000001/providers/Microsoft.Web/sites/webapp-quick-linux000002/config/appsettings/list?api-version=2016-08-01
  response:
    body: {string: '{"id":"/subscriptions/00000000-0000-0000-0000-000000000000/resourceGroups/clitest.rg000001/providers/Microsoft.Web/sites/webapp-quick-linux000002/config/appsettings","name":"appsettings","type":"Microsoft.Web/sites/config","location":"Japan
        East","properties":{"WEBSITES_ENABLE_APP_SERVICE_STORAGE":"false"}}'}
    headers:
      cache-control: [no-cache]
      content-length: ['367']
      content-type: [application/json]
      date: ['Mon, 14 May 2018 21:16:21 GMT']
      expires: ['-1']
      pragma: [no-cache]
      server: [Microsoft-IIS/10.0]
      strict-transport-security: [max-age=31536000; includeSubDomains]
      transfer-encoding: [chunked]
      vary: [Accept-Encoding]
      x-aspnet-version: [4.0.30319]
      x-content-type-options: [nosniff]
      x-ms-ratelimit-remaining-subscription-resource-requests: ['11999']
      x-powered-by: [ASP.NET]
    status: {code: 200, message: OK}
- request:
    body: null
    headers:
      Accept: [application/json]
      Accept-Encoding: ['gzip, deflate']
      CommandName: [webapp config appsettings list]
      Connection: [keep-alive]
      Content-Type: [application/json; charset=utf-8]
      User-Agent: [python/3.6.5 (Windows-10-10.0.16299-SP0) requests/2.18.4 msrest/0.4.28
          msrest_azure/0.4.28 azure-mgmt-web/0.35.0 Azure-SDK-For-Python AZURECLI/2.0.33]
      accept-language: [en-US]
    method: GET
    uri: https://management.azure.com/subscriptions/00000000-0000-0000-0000-000000000000/resourceGroups/clitest.rg000001/providers/Microsoft.Web/sites/webapp-quick-linux000002/config/slotConfigNames?api-version=2016-08-01
  response:
    body: {string: '{"id":null,"name":"webapp-quick-linux000002","type":"Microsoft.Web/sites","location":"Japan
        East","properties":{"connectionStringNames":null,"appSettingNames":null}}'}
    headers:
      cache-control: [no-cache]
      content-length: ['165']
      content-type: [application/json]
      date: ['Mon, 14 May 2018 21:16:22 GMT']
      expires: ['-1']
      pragma: [no-cache]
      server: [Microsoft-IIS/10.0]
      strict-transport-security: [max-age=31536000; includeSubDomains]
      transfer-encoding: [chunked]
      vary: [Accept-Encoding]
      x-aspnet-version: [4.0.30319]
      x-content-type-options: [nosniff]
      x-powered-by: [ASP.NET]
    status: {code: 200, message: OK}
- request:
    body: null
    headers:
      Accept: [application/json]
      Accept-Encoding: ['gzip, deflate']
      CommandName: [group delete]
      Connection: [keep-alive]
      Content-Length: ['0']
      Content-Type: [application/json; charset=utf-8]
      User-Agent: [python/3.6.5 (Windows-10-10.0.16299-SP0) requests/2.18.4 msrest/0.4.28
          msrest_azure/0.4.28 resourcemanagementclient/1.2.1 Azure-SDK-For-Python
          AZURECLI/2.0.33]
      accept-language: [en-US]
    method: DELETE
    uri: https://management.azure.com/subscriptions/00000000-0000-0000-0000-000000000000/resourcegroups/clitest.rg000001?api-version=2018-05-01
  response:
    body: {string: ''}
    headers:
      cache-control: [no-cache]
      content-length: ['0']
      date: ['Mon, 14 May 2018 21:16:24 GMT']
      expires: ['-1']
      location: ['https://management.azure.com/subscriptions/00000000-0000-0000-0000-000000000000/operationresults/eyJqb2JJZCI6IlJFU09VUkNFR1JPVVBERUxFVElPTkpPQi1DTElURVNUOjJFUkdQU0xZWkkyUjc0NUFTRkw3NExaVjNIQ0RMWFhGTkhTRUFTSHw3OTNERTc4QkNGMDdBOUVFLUpBUEFORUFTVCIsImpvYkxvY2F0aW9uIjoiamFwYW5lYXN0In0?api-version=2018-05-01']
      pragma: [no-cache]
      strict-transport-security: [max-age=31536000; includeSubDomains]
      x-content-type-options: [nosniff]
      x-ms-ratelimit-remaining-subscription-deletes: ['14999']
    status: {code: 202, message: Accepted}
version: 1
