interactions:
- request:
    body: '{"location": "westus", "tags": {"product": "azurecli", "cause": "automation",
      "date": "2018-11-12T01:45:08Z"}}'
    headers:
      Accept: [application/json]
      Accept-Encoding: ['gzip, deflate']
      CommandName: [group create]
      Connection: [keep-alive]
      Content-Length: ['110']
      Content-Type: [application/json; charset=utf-8]
      ParameterSetName: [--location --name --tag]
      User-Agent: [python/3.7.0 (Windows-10-10.0.17134-SP0) msrest/0.6.1 msrest_azure/0.4.34
          resourcemanagementclient/2.0.0 Azure-SDK-For-Python AZURECLI/2.0.51]
      accept-language: [en-US]
    method: PUT
    uri: https://management.azure.com/subscriptions/00000000-0000-0000-0000-000000000000/resourcegroups/clitest.rg000001?api-version=2018-05-01
  response:
    body: {string: '{"id":"/subscriptions/00000000-0000-0000-0000-000000000000/resourceGroups/clitest.rg000001","name":"clitest.rg000001","location":"westus","tags":{"product":"azurecli","cause":"automation","date":"2018-11-12T01:45:08Z"},"properties":{"provisioningState":"Succeeded"}}'}
    headers:
      cache-control: [no-cache]
      content-length: ['384']
      content-type: [application/json; charset=utf-8]
      date: ['Mon, 12 Nov 2018 01:45:12 GMT']
      expires: ['-1']
      pragma: [no-cache]
      strict-transport-security: [max-age=31536000; includeSubDomains]
      x-content-type-options: [nosniff]
      x-ms-ratelimit-remaining-subscription-writes: ['1199']
    status: {code: 201, message: Created}
- request:
    body: null
    headers:
      Accept: [application/json]
      Accept-Encoding: ['gzip, deflate']
      CommandName: [appservice plan create]
      Connection: [keep-alive]
      Content-Type: [application/json; charset=utf-8]
      ParameterSetName: [-g -n --sku]
      User-Agent: [python/3.7.0 (Windows-10-10.0.17134-SP0) msrest/0.6.1 msrest_azure/0.4.34
          resourcemanagementclient/2.0.0 Azure-SDK-For-Python AZURECLI/2.0.51]
      accept-language: [en-US]
    method: GET
    uri: https://management.azure.com/subscriptions/00000000-0000-0000-0000-000000000000/resourcegroups/clitest.rg000001?api-version=2018-05-01
  response:
    body: {string: '{"id":"/subscriptions/00000000-0000-0000-0000-000000000000/resourceGroups/clitest.rg000001","name":"clitest.rg000001","location":"westus","tags":{"product":"azurecli","cause":"automation","date":"2018-11-12T01:45:08Z"},"properties":{"provisioningState":"Succeeded"}}'}
    headers:
      cache-control: [no-cache]
      content-length: ['384']
      content-type: [application/json; charset=utf-8]
      date: ['Mon, 12 Nov 2018 01:45:13 GMT']
      expires: ['-1']
      pragma: [no-cache]
      strict-transport-security: [max-age=31536000; includeSubDomains]
      vary: [Accept-Encoding]
      x-content-type-options: [nosniff]
    status: {code: 200, message: OK}
- request:
    body: '{"location": "westus", "properties": {"perSiteScaling": false, "hyperV":
      false}, "sku": {"name": "S1", "tier": "STANDARD", "capacity": 1}}'
    headers:
      Accept: [application/json]
      Accept-Encoding: ['gzip, deflate']
      CommandName: [appservice plan create]
      Connection: [keep-alive]
      Content-Length: ['138']
      Content-Type: [application/json; charset=utf-8]
      ParameterSetName: [-g -n --sku]
      User-Agent: [python/3.7.0 (Windows-10-10.0.17134-SP0) msrest/0.6.1 msrest_azure/0.4.34
          azure-mgmt-web/0.40.0 Azure-SDK-For-Python AZURECLI/2.0.51]
      accept-language: [en-US]
    method: PUT
    uri: https://management.azure.com/subscriptions/00000000-0000-0000-0000-000000000000/resourceGroups/clitest.rg000001/providers/Microsoft.Web/serverfarms/slot-test-plan000002?api-version=2018-02-01
  response:
    body: {string: '{"id":"/subscriptions/00000000-0000-0000-0000-000000000000/resourceGroups/clitest.rg000001/providers/Microsoft.Web/serverfarms/slot-test-plan000002","name":"slot-test-plan000002","type":"Microsoft.Web/serverfarms","kind":"app","location":"West
        US","properties":{"serverFarmId":20230,"name":"slot-test-plan000002","workerSize":"Default","workerSizeId":0,"workerTierName":null,"numberOfWorkers":1,"currentWorkerSize":"Default","currentWorkerSizeId":0,"currentNumberOfWorkers":1,"status":"Ready","webSpace":"clitest.rg000001-WestUSwebspace","subscription":"0d3ae56c-deaf-4982-b514-33d016d4a683","adminSiteName":null,"hostingEnvironment":null,"hostingEnvironmentProfile":null,"maximumNumberOfWorkers":10,"planName":"VirtualDedicatedPlan","adminRuntimeSiteName":null,"computeMode":"Dedicated","siteMode":null,"geoRegion":"West
        US","perSiteScaling":false,"numberOfSites":0,"hostingEnvironmentId":null,"isSpot":false,"spotExpirationTime":null,"freeOfferExpirationTime":null,"tags":null,"kind":"app","resourceGroup":"clitest.rg000001","reserved":false,"isXenon":false,"mdmId":"waws-prod-bay-075_20230","targetWorkerCount":0,"targetWorkerSizeId":0,"provisioningState":"Succeeded","webSiteId":null},"sku":{"name":"S1","tier":"Standard","size":"S1","family":"S","capacity":1}}'}
    headers:
      cache-control: [no-cache]
      content-length: ['1454']
      content-type: [application/json]
      date: ['Mon, 12 Nov 2018 01:45:37 GMT']
      expires: ['-1']
      pragma: [no-cache]
      server: [Microsoft-IIS/10.0]
      strict-transport-security: [max-age=31536000; includeSubDomains]
      transfer-encoding: [chunked]
      vary: [Accept-Encoding]
      x-aspnet-version: [4.0.30319]
      x-content-type-options: [nosniff]
      x-ms-ratelimit-remaining-subscription-writes: ['1199']
      x-powered-by: [ASP.NET]
    status: {code: 200, message: OK}
- request:
    body: null
    headers:
      Accept: [application/json]
      Accept-Encoding: ['gzip, deflate']
      CommandName: [webapp create]
      Connection: [keep-alive]
      ParameterSetName: [-g -n --plan]
      User-Agent: [python/3.7.0 (Windows-10-10.0.17134-SP0) msrest/0.6.1 msrest_azure/0.4.34
          azure-mgmt-web/0.40.0 Azure-SDK-For-Python AZURECLI/2.0.51]
      accept-language: [en-US]
    method: GET
    uri: https://management.azure.com/subscriptions/00000000-0000-0000-0000-000000000000/resourceGroups/clitest.rg000001/providers/Microsoft.Web/serverfarms/slot-test-plan000002?api-version=2018-02-01
  response:
    body: {string: '{"id":"/subscriptions/00000000-0000-0000-0000-000000000000/resourceGroups/clitest.rg000001/providers/Microsoft.Web/serverfarms/slot-test-plan000002","name":"slot-test-plan000002","type":"Microsoft.Web/serverfarms","kind":"app","location":"West
        US","properties":{"serverFarmId":20230,"name":"slot-test-plan000002","workerSize":"Default","workerSizeId":0,"workerTierName":null,"numberOfWorkers":1,"currentWorkerSize":"Default","currentWorkerSizeId":0,"currentNumberOfWorkers":1,"status":"Ready","webSpace":"clitest.rg000001-WestUSwebspace","subscription":"0d3ae56c-deaf-4982-b514-33d016d4a683","adminSiteName":null,"hostingEnvironment":null,"hostingEnvironmentProfile":null,"maximumNumberOfWorkers":10,"planName":"VirtualDedicatedPlan","adminRuntimeSiteName":null,"computeMode":"Dedicated","siteMode":null,"geoRegion":"West
        US","perSiteScaling":false,"numberOfSites":0,"hostingEnvironmentId":null,"isSpot":false,"spotExpirationTime":null,"freeOfferExpirationTime":null,"tags":null,"kind":"app","resourceGroup":"clitest.rg000001","reserved":false,"isXenon":false,"mdmId":"waws-prod-bay-075_20230","targetWorkerCount":0,"targetWorkerSizeId":0,"provisioningState":"Succeeded","webSiteId":null},"sku":{"name":"S1","tier":"Standard","size":"S1","family":"S","capacity":1}}'}
    headers:
      cache-control: [no-cache]
      content-length: ['1454']
      content-type: [application/json]
      date: ['Mon, 12 Nov 2018 01:45:38 GMT']
      expires: ['-1']
      pragma: [no-cache]
      server: [Microsoft-IIS/10.0]
      strict-transport-security: [max-age=31536000; includeSubDomains]
      transfer-encoding: [chunked]
      vary: [Accept-Encoding]
      x-aspnet-version: [4.0.30319]
      x-content-type-options: [nosniff]
      x-powered-by: [ASP.NET]
    status: {code: 200, message: OK}
- request:
    body: 'b''b\''{"location": "West US", "properties": {"serverFarmId": "/subscriptions/00000000-0000-0000-0000-000000000000/resourceGroups/clitest.rg000001/providers/Microsoft.Web/serverfarms/slot-test-plan000002",
      "reserved": false, "isXenon": false, "hyperV": false, "siteConfig": {"netFrameworkVersion":
      "v4.6", "appSettings": [{"name": "WEBSITE_NODE_DEFAULT_VERSION", "value": "8.11.1"}],
      "localMySqlEnabled": false, "http20Enabled": true}, "scmSiteAlsoStopped": false}}\'''''
    headers:
      Accept: [application/json]
      Accept-Encoding: ['gzip, deflate']
      CommandName: [webapp create]
      Connection: [keep-alive]
      Content-Length: ['521']
      Content-Type: [application/json; charset=utf-8]
      ParameterSetName: [-g -n --plan]
      User-Agent: [python/3.7.0 (Windows-10-10.0.17134-SP0) msrest/0.6.1 msrest_azure/0.4.34
          azure-mgmt-web/0.40.0 Azure-SDK-For-Python AZURECLI/2.0.51]
      accept-language: [en-US]
    method: PUT
    uri: https://management.azure.com/subscriptions/00000000-0000-0000-0000-000000000000/resourceGroups/clitest.rg000001/providers/Microsoft.Web/sites/slot-test-web000003?api-version=2018-02-01
  response:
    body: {string: '{"id":"/subscriptions/00000000-0000-0000-0000-000000000000/resourceGroups/clitest.rg000001/providers/Microsoft.Web/sites/slot-test-web000003","name":"slot-test-web000003","type":"Microsoft.Web/sites","kind":"app","location":"West
        US","properties":{"name":"slot-test-web000003","state":"Running","hostNames":["slot-test-web000003.azurewebsites.net"],"webSpace":"clitest.rg000001-WestUSwebspace","selfLink":"https://waws-prod-bay-075.api.azurewebsites.windows.net:454/subscriptions/00000000-0000-0000-0000-000000000000/webspaces/clitest.rg000001-WestUSwebspace/sites/slot-test-web000003","repositorySiteName":"slot-test-web000003","owner":null,"usageState":"Normal","enabled":true,"adminEnabled":true,"enabledHostNames":["slot-test-web000003.azurewebsites.net","slot-test-web000003.scm.azurewebsites.net"],"siteProperties":{"metadata":null,"properties":[{"name":"LinuxFxVersion","value":""},{"name":"WindowsFxVersion","value":null}],"appSettings":null},"availabilityState":"Normal","sslCertificates":null,"csrs":[],"cers":null,"siteMode":null,"hostNameSslStates":[{"name":"slot-test-web000003.azurewebsites.net","sslState":"Disabled","ipBasedSslResult":null,"virtualIP":null,"thumbprint":null,"toUpdate":null,"toUpdateIpBasedSsl":null,"ipBasedSslState":"NotConfigured","hostType":"Standard"},{"name":"slot-test-web000003.scm.azurewebsites.net","sslState":"Disabled","ipBasedSslResult":null,"virtualIP":null,"thumbprint":null,"toUpdate":null,"toUpdateIpBasedSsl":null,"ipBasedSslState":"NotConfigured","hostType":"Repository"}],"computeMode":null,"serverFarm":null,"serverFarmId":"/subscriptions/00000000-0000-0000-0000-000000000000/resourceGroups/clitest.rg000001/providers/Microsoft.Web/serverfarms/slot-test-plan000002","reserved":false,"isXenon":false,"lastModifiedTimeUtc":"2018-11-12T01:45:41.9333333","storageRecoveryDefaultState":"Running","contentAvailabilityState":"Normal","runtimeAvailabilityState":"Normal","siteConfig":null,"deploymentId":"slot-test-web000003","trafficManagerHostNames":null,"sku":"Standard","scmSiteAlsoStopped":false,"targetSwapSlot":null,"hostingEnvironment":null,"hostingEnvironmentProfile":null,"clientAffinityEnabled":true,"clientCertEnabled":false,"hostNamesDisabled":false,"domainVerificationIdentifiers":null,"kind":"app","outboundIpAddresses":"104.40.3.53,104.40.18.224,104.40.21.79,104.40.21.56,104.40.23.196","possibleOutboundIpAddresses":"104.40.3.53,104.40.18.224,104.40.21.79,104.40.21.56,104.40.23.196,52.160.35.119,13.93.183.34","containerSize":0,"dailyMemoryTimeQuota":0,"suspendedTill":null,"siteDisabledReason":0,"functionExecutionUnitsCache":null,"maxNumberOfWorkers":null,"homeStamp":"waws-prod-bay-075","cloningInfo":null,"hostingEnvironmentId":null,"tags":null,"resourceGroup":"clitest.rg000001","defaultHostName":"slot-test-web000003.azurewebsites.net","slotSwapStatus":null,"httpsOnly":false}}'}
    headers:
      cache-control: [no-cache]
      content-length: ['3206']
      content-type: [application/json]
      date: ['Mon, 12 Nov 2018 01:45:59 GMT']
      etag: ['"1D47A296C303495"']
      expires: ['-1']
      pragma: [no-cache]
      server: [Microsoft-IIS/10.0]
      strict-transport-security: [max-age=31536000; includeSubDomains]
      transfer-encoding: [chunked]
      vary: [Accept-Encoding]
      x-aspnet-version: [4.0.30319]
      x-content-type-options: [nosniff]
      x-ms-ratelimit-remaining-subscription-resource-requests: ['499']
      x-powered-by: [ASP.NET]
    status: {code: 200, message: OK}
- request:
    body: '{}'
    headers:
      Accept: [application/xml]
      Accept-Encoding: ['gzip, deflate']
      CommandName: [webapp create]
      Connection: [keep-alive]
      Content-Length: ['2']
      Content-Type: [application/json; charset=utf-8]
      ParameterSetName: [-g -n --plan]
      User-Agent: [python/3.7.0 (Windows-10-10.0.17134-SP0) msrest/0.6.1 msrest_azure/0.4.34
          azure-mgmt-web/0.40.0 Azure-SDK-For-Python AZURECLI/2.0.51]
      accept-language: [en-US]
    method: POST
    uri: https://management.azure.com/subscriptions/00000000-0000-0000-0000-000000000000/resourceGroups/clitest.rg000001/providers/Microsoft.Web/sites/slot-test-web000003/publishxml?api-version=2018-02-01
  response:
    body: {string: '<publishData><publishProfile profileName="slot-test-web000003
        - Web Deploy" publishMethod="MSDeploy" publishUrl="slot-test-web000003.scm.azurewebsites.net:443"
        msdeploySite="slot-test-web000003" userName="$slot-test-web000003" userPWD="JogwFcSshB1Tf6km36GqZLag3AcQxW9oWngSBQpyQY0mHlqu5G5KjtW6bzau"
        destinationAppUrl="http://slot-test-web000003.azurewebsites.net" SQLServerDBConnectionString=""
        mySQLDBConnectionString="" hostingProviderForumLink="" controlPanelLink="http://windows.azure.com"
        webSystem="WebSites"><databases /></publishProfile><publishProfile profileName="slot-test-web000003
        - FTP" publishMethod="FTP" publishUrl="ftp://waws-prod-bay-075.ftp.azurewebsites.windows.net/site/wwwroot"
        ftpPassiveMode="True" userName="slot-test-web000003\$slot-test-web000003"
        userPWD="JogwFcSshB1Tf6km36GqZLag3AcQxW9oWngSBQpyQY0mHlqu5G5KjtW6bzau" destinationAppUrl="http://slot-test-web000003.azurewebsites.net"
        SQLServerDBConnectionString="" mySQLDBConnectionString="" hostingProviderForumLink=""
        controlPanelLink="http://windows.azure.com" webSystem="WebSites"><databases
        /></publishProfile></publishData>'}
    headers:
      cache-control: [no-cache]
      content-length: ['1150']
      content-type: [application/xml]
      date: ['Mon, 12 Nov 2018 01:46:00 GMT']
      expires: ['-1']
      pragma: [no-cache]
      server: [Microsoft-IIS/10.0]
      strict-transport-security: [max-age=31536000; includeSubDomains]
      x-aspnet-version: [4.0.30319]
      x-content-type-options: [nosniff]
      x-ms-ratelimit-remaining-subscription-resource-requests: ['11999']
      x-powered-by: [ASP.NET]
    status: {code: 200, message: OK}
- request:
    body: null
    headers:
      Accept: [application/json]
      Accept-Encoding: ['gzip, deflate']
      CommandName: [webapp config appsettings set]
      Connection: [keep-alive]
      Content-Length: ['0']
      ParameterSetName: [-g -n --settings --slot-settings]
      User-Agent: [python/3.7.0 (Windows-10-10.0.17134-SP0) msrest/0.6.1 msrest_azure/0.4.34
          azure-mgmt-web/0.40.0 Azure-SDK-For-Python AZURECLI/2.0.51]
      accept-language: [en-US]
    method: POST
    uri: https://management.azure.com/subscriptions/00000000-0000-0000-0000-000000000000/resourceGroups/clitest.rg000001/providers/Microsoft.Web/sites/slot-test-web000003/config/appsettings/list?api-version=2018-02-01
  response:
    body: {string: '{"id":"/subscriptions/00000000-0000-0000-0000-000000000000/resourceGroups/clitest.rg000001/providers/Microsoft.Web/sites/slot-test-web000003/config/appsettings","name":"appsettings","type":"Microsoft.Web/sites/config","location":"West
        US","properties":{"WEBSITE_NODE_DEFAULT_VERSION":"8.11.1"}}'}
    headers:
      cache-control: [no-cache]
      content-length: ['358']
      content-type: [application/json]
      date: ['Mon, 12 Nov 2018 01:46:01 GMT']
      expires: ['-1']
      pragma: [no-cache]
      server: [Microsoft-IIS/10.0]
      strict-transport-security: [max-age=31536000; includeSubDomains]
      transfer-encoding: [chunked]
      vary: [Accept-Encoding]
      x-aspnet-version: [4.0.30319]
      x-content-type-options: [nosniff]
      x-ms-ratelimit-remaining-subscription-resource-requests: ['11999']
      x-powered-by: [ASP.NET]
    status: {code: 200, message: OK}
- request:
    body: '{"kind": "<class ''str''>", "properties": {"WEBSITE_NODE_DEFAULT_VERSION":
      "8.11.1", "s1": "v1", "s2": "v2"}}'
    headers:
      Accept: [application/json]
      Accept-Encoding: ['gzip, deflate']
      CommandName: [webapp config appsettings set]
      Connection: [keep-alive]
      Content-Length: ['107']
      Content-Type: [application/json; charset=utf-8]
      ParameterSetName: [-g -n --settings --slot-settings]
      User-Agent: [python/3.7.0 (Windows-10-10.0.17134-SP0) msrest/0.6.1 msrest_azure/0.4.34
          azure-mgmt-web/0.40.0 Azure-SDK-For-Python AZURECLI/2.0.51]
      accept-language: [en-US]
    method: PUT
    uri: https://management.azure.com/subscriptions/00000000-0000-0000-0000-000000000000/resourceGroups/clitest.rg000001/providers/Microsoft.Web/sites/slot-test-web000003/config/appsettings?api-version=2018-02-01
  response:
    body: {string: '{"id":"/subscriptions/00000000-0000-0000-0000-000000000000/resourceGroups/clitest.rg000001/providers/Microsoft.Web/sites/slot-test-web000003/config/appsettings","name":"appsettings","type":"Microsoft.Web/sites/config","location":"West
        US","properties":{"WEBSITE_NODE_DEFAULT_VERSION":"8.11.1","s1":"v1","s2":"v2"}}'}
    headers:
      cache-control: [no-cache]
      content-length: ['378']
      content-type: [application/json]
      date: ['Mon, 12 Nov 2018 01:46:02 GMT']
      etag: ['"1D47A2977D6CA40"']
      expires: ['-1']
      pragma: [no-cache]
      server: [Microsoft-IIS/10.0]
      strict-transport-security: [max-age=31536000; includeSubDomains]
      transfer-encoding: [chunked]
      vary: [Accept-Encoding]
      x-aspnet-version: [4.0.30319]
      x-content-type-options: [nosniff]
      x-ms-ratelimit-remaining-subscription-writes: ['1199']
      x-powered-by: [ASP.NET]
    status: {code: 200, message: OK}
- request:
    body: null
    headers:
      Accept: [application/json]
      Accept-Encoding: ['gzip, deflate']
      CommandName: [webapp config appsettings set]
      Connection: [keep-alive]
      ParameterSetName: [-g -n --settings --slot-settings]
      User-Agent: [python/3.7.0 (Windows-10-10.0.17134-SP0) msrest/0.6.1 msrest_azure/0.4.34
          azure-mgmt-web/0.40.0 Azure-SDK-For-Python AZURECLI/2.0.51]
      accept-language: [en-US]
    method: GET
    uri: https://management.azure.com/subscriptions/00000000-0000-0000-0000-000000000000/resourceGroups/clitest.rg000001/providers/Microsoft.Web/sites/slot-test-web000003/config/slotConfigNames?api-version=2018-02-01
  response:
    body: {string: '{"id":null,"name":"slot-test-web000003","type":"Microsoft.Web/sites","location":"West
        US","properties":{"connectionStringNames":null,"appSettingNames":null,"azureStorageConfigNames":null}}'}
    headers:
      cache-control: [no-cache]
      content-length: ['193']
      content-type: [application/json]
      date: ['Mon, 12 Nov 2018 01:46:02 GMT']
      expires: ['-1']
      pragma: [no-cache]
      server: [Microsoft-IIS/10.0]
      strict-transport-security: [max-age=31536000; includeSubDomains]
      transfer-encoding: [chunked]
      vary: [Accept-Encoding]
      x-aspnet-version: [4.0.30319]
      x-content-type-options: [nosniff]
      x-powered-by: [ASP.NET]
    status: {code: 200, message: OK}
- request:
    body: '{"properties": {"appSettingNames": ["s2"]}}'
    headers:
      Accept: [application/json]
      Accept-Encoding: ['gzip, deflate']
      CommandName: [webapp config appsettings set]
      Connection: [keep-alive]
      Content-Length: ['43']
      Content-Type: [application/json; charset=utf-8]
      ParameterSetName: [-g -n --settings --slot-settings]
      User-Agent: [python/3.7.0 (Windows-10-10.0.17134-SP0) msrest/0.6.1 msrest_azure/0.4.34
          azure-mgmt-web/0.40.0 Azure-SDK-For-Python AZURECLI/2.0.51]
      accept-language: [en-US]
    method: PUT
    uri: https://management.azure.com/subscriptions/00000000-0000-0000-0000-000000000000/resourceGroups/clitest.rg000001/providers/Microsoft.Web/sites/slot-test-web000003/config/slotConfigNames?api-version=2018-02-01
  response:
    body: {string: '{"id":null,"name":"slot-test-web000003","type":"Microsoft.Web/sites","location":"West
        US","properties":{"connectionStringNames":[],"appSettingNames":["s2"],"azureStorageConfigNames":[]}}'}
    headers:
      cache-control: [no-cache]
      content-length: ['191']
      content-type: [application/json]
      date: ['Mon, 12 Nov 2018 01:46:04 GMT']
      expires: ['-1']
      pragma: [no-cache]
      server: [Microsoft-IIS/10.0]
      strict-transport-security: [max-age=31536000; includeSubDomains]
      transfer-encoding: [chunked]
      vary: [Accept-Encoding]
      x-aspnet-version: [4.0.30319]
      x-content-type-options: [nosniff]
      x-ms-ratelimit-remaining-subscription-writes: ['1199']
      x-powered-by: [ASP.NET]
    status: {code: 200, message: OK}
- request:
    body: null
    headers:
      Accept: [application/json]
      Accept-Encoding: ['gzip, deflate']
      CommandName: [webapp deployment slot create]
      Connection: [keep-alive]
      ParameterSetName: [-g -n --slot]
      User-Agent: [python/3.7.0 (Windows-10-10.0.17134-SP0) msrest/0.6.1 msrest_azure/0.4.34
          azure-mgmt-web/0.40.0 Azure-SDK-For-Python AZURECLI/2.0.51]
      accept-language: [en-US]
    method: GET
    uri: https://management.azure.com/subscriptions/00000000-0000-0000-0000-000000000000/resourceGroups/clitest.rg000001/providers/Microsoft.Web/sites/slot-test-web000003?api-version=2018-02-01
  response:
    body: {string: '{"id":"/subscriptions/00000000-0000-0000-0000-000000000000/resourceGroups/clitest.rg000001/providers/Microsoft.Web/sites/slot-test-web000003","name":"slot-test-web000003","type":"Microsoft.Web/sites","kind":"app","location":"West
        US","properties":{"name":"slot-test-web000003","state":"Running","hostNames":["slot-test-web000003.azurewebsites.net"],"webSpace":"clitest.rg000001-WestUSwebspace","selfLink":"https://waws-prod-bay-075.api.azurewebsites.windows.net:454/subscriptions/00000000-0000-0000-0000-000000000000/webspaces/clitest.rg000001-WestUSwebspace/sites/slot-test-web000003","repositorySiteName":"slot-test-web000003","owner":null,"usageState":"Normal","enabled":true,"adminEnabled":true,"enabledHostNames":["slot-test-web000003.azurewebsites.net","slot-test-web000003.scm.azurewebsites.net"],"siteProperties":{"metadata":null,"properties":[{"name":"LinuxFxVersion","value":""},{"name":"WindowsFxVersion","value":null}],"appSettings":null},"availabilityState":"Normal","sslCertificates":null,"csrs":[],"cers":null,"siteMode":null,"hostNameSslStates":[{"name":"slot-test-web000003.azurewebsites.net","sslState":"Disabled","ipBasedSslResult":null,"virtualIP":null,"thumbprint":null,"toUpdate":null,"toUpdateIpBasedSsl":null,"ipBasedSslState":"NotConfigured","hostType":"Standard"},{"name":"slot-test-web000003.scm.azurewebsites.net","sslState":"Disabled","ipBasedSslResult":null,"virtualIP":null,"thumbprint":null,"toUpdate":null,"toUpdateIpBasedSsl":null,"ipBasedSslState":"NotConfigured","hostType":"Repository"}],"computeMode":null,"serverFarm":null,"serverFarmId":"/subscriptions/00000000-0000-0000-0000-000000000000/resourceGroups/clitest.rg000001/providers/Microsoft.Web/serverfarms/slot-test-plan000002","reserved":false,"isXenon":false,"lastModifiedTimeUtc":"2018-11-12T01:46:02.34","storageRecoveryDefaultState":"Running","contentAvailabilityState":"Normal","runtimeAvailabilityState":"Normal","siteConfig":null,"deploymentId":"slot-test-web000003","trafficManagerHostNames":null,"sku":"Standard","scmSiteAlsoStopped":false,"targetSwapSlot":null,"hostingEnvironment":null,"hostingEnvironmentProfile":null,"clientAffinityEnabled":true,"clientCertEnabled":false,"hostNamesDisabled":false,"domainVerificationIdentifiers":null,"kind":"app","outboundIpAddresses":"104.40.3.53,104.40.18.224,104.40.21.79,104.40.21.56,104.40.23.196","possibleOutboundIpAddresses":"104.40.3.53,104.40.18.224,104.40.21.79,104.40.21.56,104.40.23.196,52.160.35.119,13.93.183.34","containerSize":0,"dailyMemoryTimeQuota":0,"suspendedTill":null,"siteDisabledReason":0,"functionExecutionUnitsCache":null,"maxNumberOfWorkers":null,"homeStamp":"waws-prod-bay-075","cloningInfo":null,"hostingEnvironmentId":null,"tags":null,"resourceGroup":"clitest.rg000001","defaultHostName":"slot-test-web000003.azurewebsites.net","slotSwapStatus":null,"httpsOnly":false}}'}
    headers:
      cache-control: [no-cache]
      content-length: ['3201']
      content-type: [application/json]
      date: ['Mon, 12 Nov 2018 01:46:04 GMT']
      etag: ['"1D47A2977D6CA40"']
      expires: ['-1']
      pragma: [no-cache]
      server: [Microsoft-IIS/10.0]
      strict-transport-security: [max-age=31536000; includeSubDomains]
      transfer-encoding: [chunked]
      vary: [Accept-Encoding]
      x-aspnet-version: [4.0.30319]
      x-content-type-options: [nosniff]
      x-powered-by: [ASP.NET]
    status: {code: 200, message: OK}
- request:
    body: 'b''b\''{"location": "West US", "properties": {"serverFarmId": "/subscriptions/00000000-0000-0000-0000-000000000000/resourceGroups/clitest.rg000001/providers/Microsoft.Web/serverfarms/slot-test-plan000002",
      "reserved": false, "isXenon": false, "hyperV": false, "siteConfig": {"netFrameworkVersion":
      "v4.6", "localMySqlEnabled": false, "http20Enabled": true}, "scmSiteAlsoStopped":
      false}}\'''''
    headers:
      Accept: [application/json]
      Accept-Encoding: ['gzip, deflate']
      CommandName: [webapp deployment slot create]
      Connection: [keep-alive]
      Content-Length: ['443']
      Content-Type: [application/json; charset=utf-8]
      ParameterSetName: [-g -n --slot]
      User-Agent: [python/3.7.0 (Windows-10-10.0.17134-SP0) msrest/0.6.1 msrest_azure/0.4.34
          azure-mgmt-web/0.40.0 Azure-SDK-For-Python AZURECLI/2.0.51]
      accept-language: [en-US]
    method: PUT
    uri: https://management.azure.com/subscriptions/00000000-0000-0000-0000-000000000000/resourceGroups/clitest.rg000001/providers/Microsoft.Web/sites/slot-test-web000003/slots/staging?api-version=2018-02-01
  response:
    body: {string: '{"id":"/subscriptions/00000000-0000-0000-0000-000000000000/resourceGroups/clitest.rg000001/providers/Microsoft.Web/sites/slot-test-web000003/slots/staging","name":"slot-test-web000003/staging","type":"Microsoft.Web/sites/slots","kind":"app","location":"West
        US","properties":{"name":"slot-test-web000003(staging)","state":"Running","hostNames":["slot-test-web000003-staging.azurewebsites.net"],"webSpace":"clitest.rg000001-WestUSwebspace","selfLink":"https://waws-prod-bay-075.api.azurewebsites.windows.net:454/subscriptions/00000000-0000-0000-0000-000000000000/webspaces/clitest.rg000001-WestUSwebspace/sites/slot-test-web000003","repositorySiteName":"slot-test-web000003","owner":null,"usageState":"Normal","enabled":true,"adminEnabled":true,"enabledHostNames":["slot-test-web000003-staging.azurewebsites.net","slot-test-web000003-staging.scm.azurewebsites.net"],"siteProperties":{"metadata":null,"properties":[{"name":"LinuxFxVersion","value":""},{"name":"WindowsFxVersion","value":null}],"appSettings":null},"availabilityState":"Normal","sslCertificates":null,"csrs":[],"cers":null,"siteMode":null,"hostNameSslStates":[{"name":"slot-test-web000003-staging.azurewebsites.net","sslState":"Disabled","ipBasedSslResult":null,"virtualIP":null,"thumbprint":null,"toUpdate":null,"toUpdateIpBasedSsl":null,"ipBasedSslState":"NotConfigured","hostType":"Standard"},{"name":"slot-test-web000003-staging.scm.azurewebsites.net","sslState":"Disabled","ipBasedSslResult":null,"virtualIP":null,"thumbprint":null,"toUpdate":null,"toUpdateIpBasedSsl":null,"ipBasedSslState":"NotConfigured","hostType":"Repository"}],"computeMode":null,"serverFarm":null,"serverFarmId":"/subscriptions/00000000-0000-0000-0000-000000000000/resourceGroups/clitest.rg000001/providers/Microsoft.Web/serverfarms/slot-test-plan000002","reserved":false,"isXenon":false,"lastModifiedTimeUtc":"2018-11-12T01:46:07.8733333","storageRecoveryDefaultState":"Running","contentAvailabilityState":"Normal","runtimeAvailabilityState":"Normal","siteConfig":null,"deploymentId":"slot-test-web000003__6ccf","trafficManagerHostNames":null,"sku":"Standard","scmSiteAlsoStopped":false,"targetSwapSlot":null,"hostingEnvironment":null,"hostingEnvironmentProfile":null,"clientAffinityEnabled":true,"clientCertEnabled":false,"hostNamesDisabled":false,"domainVerificationIdentifiers":null,"kind":"app","outboundIpAddresses":"104.40.3.53,104.40.18.224,104.40.21.79,104.40.21.56,104.40.23.196","possibleOutboundIpAddresses":"104.40.3.53,104.40.18.224,104.40.21.79,104.40.21.56,104.40.23.196,52.160.35.119,13.93.183.34","containerSize":0,"dailyMemoryTimeQuota":0,"suspendedTill":null,"siteDisabledReason":0,"functionExecutionUnitsCache":null,"maxNumberOfWorkers":null,"homeStamp":"waws-prod-bay-075","cloningInfo":null,"hostingEnvironmentId":null,"tags":null,"resourceGroup":"clitest.rg000001","defaultHostName":"slot-test-web000003-staging.azurewebsites.net","slotSwapStatus":null,"httpsOnly":false}}'}
    headers:
      cache-control: [no-cache]
      content-length: ['3297']
      content-type: [application/json]
      date: ['Mon, 12 Nov 2018 01:46:24 GMT']
      etag: ['"1D47A2977D6CA40"']
      expires: ['-1']
      pragma: [no-cache]
      server: [Microsoft-IIS/10.0]
      strict-transport-security: [max-age=31536000; includeSubDomains]
      transfer-encoding: [chunked]
      vary: [Accept-Encoding]
      x-aspnet-version: [4.0.30319]
      x-content-type-options: [nosniff]
      x-ms-ratelimit-remaining-subscription-resource-requests: ['499']
      x-powered-by: [ASP.NET]
    status: {code: 200, message: OK}
- request:
    body: null
    headers:
      Accept: [application/json]
      Accept-Encoding: ['gzip, deflate']
      CommandName: [webapp deployment source config]
      Connection: [keep-alive]
      ParameterSetName: [-g -n --repo-url --branch -s --manual-integration]
      User-Agent: [python/3.7.0 (Windows-10-10.0.17134-SP0) msrest/0.6.1 msrest_azure/0.4.34
          azure-mgmt-web/0.40.0 Azure-SDK-For-Python AZURECLI/2.0.51]
      accept-language: [en-US]
    method: GET
    uri: https://management.azure.com/subscriptions/00000000-0000-0000-0000-000000000000/resourceGroups/clitest.rg000001/providers/Microsoft.Web/sites/slot-test-web000003?api-version=2018-02-01
  response:
    body: {string: '{"id":"/subscriptions/00000000-0000-0000-0000-000000000000/resourceGroups/clitest.rg000001/providers/Microsoft.Web/sites/slot-test-web000003","name":"slot-test-web000003","type":"Microsoft.Web/sites","kind":"app","location":"West
        US","properties":{"name":"slot-test-web000003","state":"Running","hostNames":["slot-test-web000003.azurewebsites.net"],"webSpace":"clitest.rg000001-WestUSwebspace","selfLink":"https://waws-prod-bay-075.api.azurewebsites.windows.net:454/subscriptions/00000000-0000-0000-0000-000000000000/webspaces/clitest.rg000001-WestUSwebspace/sites/slot-test-web000003","repositorySiteName":"slot-test-web000003","owner":null,"usageState":"Normal","enabled":true,"adminEnabled":true,"enabledHostNames":["slot-test-web000003.azurewebsites.net","slot-test-web000003.scm.azurewebsites.net"],"siteProperties":{"metadata":null,"properties":[{"name":"LinuxFxVersion","value":""},{"name":"WindowsFxVersion","value":null}],"appSettings":null},"availabilityState":"Normal","sslCertificates":null,"csrs":[],"cers":null,"siteMode":null,"hostNameSslStates":[{"name":"slot-test-web000003.azurewebsites.net","sslState":"Disabled","ipBasedSslResult":null,"virtualIP":null,"thumbprint":null,"toUpdate":null,"toUpdateIpBasedSsl":null,"ipBasedSslState":"NotConfigured","hostType":"Standard"},{"name":"slot-test-web000003.scm.azurewebsites.net","sslState":"Disabled","ipBasedSslResult":null,"virtualIP":null,"thumbprint":null,"toUpdate":null,"toUpdateIpBasedSsl":null,"ipBasedSslState":"NotConfigured","hostType":"Repository"}],"computeMode":null,"serverFarm":null,"serverFarmId":"/subscriptions/00000000-0000-0000-0000-000000000000/resourceGroups/clitest.rg000001/providers/Microsoft.Web/serverfarms/slot-test-plan000002","reserved":false,"isXenon":false,"lastModifiedTimeUtc":"2018-11-12T01:46:02.34","storageRecoveryDefaultState":"Running","contentAvailabilityState":"Normal","runtimeAvailabilityState":"Normal","siteConfig":null,"deploymentId":"slot-test-web000003","trafficManagerHostNames":null,"sku":"Standard","scmSiteAlsoStopped":false,"targetSwapSlot":null,"hostingEnvironment":null,"hostingEnvironmentProfile":null,"clientAffinityEnabled":true,"clientCertEnabled":false,"hostNamesDisabled":false,"domainVerificationIdentifiers":null,"kind":"app","outboundIpAddresses":"104.40.3.53,104.40.18.224,104.40.21.79,104.40.21.56,104.40.23.196","possibleOutboundIpAddresses":"104.40.3.53,104.40.18.224,104.40.21.79,104.40.21.56,104.40.23.196,52.160.35.119,13.93.183.34","containerSize":0,"dailyMemoryTimeQuota":0,"suspendedTill":null,"siteDisabledReason":0,"functionExecutionUnitsCache":null,"maxNumberOfWorkers":null,"homeStamp":"waws-prod-bay-075","cloningInfo":null,"hostingEnvironmentId":null,"tags":null,"resourceGroup":"clitest.rg000001","defaultHostName":"slot-test-web000003.azurewebsites.net","slotSwapStatus":null,"httpsOnly":false}}'}
    headers:
      cache-control: [no-cache]
      content-length: ['3201']
      content-type: [application/json]
      date: ['Mon, 12 Nov 2018 01:46:24 GMT']
      etag: ['"1D47A2977D6CA40"']
      expires: ['-1']
      pragma: [no-cache]
      server: [Microsoft-IIS/10.0]
      strict-transport-security: [max-age=31536000; includeSubDomains]
      transfer-encoding: [chunked]
      vary: [Accept-Encoding]
      x-aspnet-version: [4.0.30319]
      x-content-type-options: [nosniff]
      x-powered-by: [ASP.NET]
    status: {code: 200, message: OK}
- request:
    body: '{"properties": {"repoUrl": "https://github.com/yugangw-msft/azure-site-test",
      "branch": "staging", "isManualIntegration": true, "isMercurial": false}}'
    headers:
      Accept: [application/json]
      Accept-Encoding: ['gzip, deflate']
      CommandName: [webapp deployment source config]
      Connection: [keep-alive]
      Content-Length: ['150']
      Content-Type: [application/json; charset=utf-8]
      ParameterSetName: [-g -n --repo-url --branch -s --manual-integration]
      User-Agent: [python/3.7.0 (Windows-10-10.0.17134-SP0) msrest/0.6.1 msrest_azure/0.4.34
          azure-mgmt-web/0.40.0 Azure-SDK-For-Python AZURECLI/2.0.51]
      accept-language: [en-US]
    method: PUT
    uri: https://management.azure.com/subscriptions/00000000-0000-0000-0000-000000000000/resourceGroups/clitest.rg000001/providers/Microsoft.Web/sites/slot-test-web000003/slots/staging/sourcecontrols/web?api-version=2018-02-01
  response:
    body: {string: '{"id":"/subscriptions/00000000-0000-0000-0000-000000000000/resourceGroups/clitest.rg000001/providers/Microsoft.Web/sites/slot-test-web000003/slots/staging/sourcecontrols/web","name":"slot-test-web000003","type":"Microsoft.Web/sites/sourcecontrols","location":"West
        US","properties":{"repoUrl":"https://github.com/yugangw-msft/azure-site-test","branch":"staging","isManualIntegration":true,"deploymentRollbackEnabled":false,"isMercurial":false,"provisioningState":"InProgress"}}'}
    headers:
      cache-control: [no-cache]
      content-length: ['546']
      content-type: [application/json]
      date: ['Mon, 12 Nov 2018 01:46:33 GMT']
      etag: ['"1D47A298AEC254B"']
      expires: ['-1']
      pragma: [no-cache]
      server: [Microsoft-IIS/10.0]
      strict-transport-security: [max-age=31536000; includeSubDomains]
      x-aspnet-version: [4.0.30319]
      x-content-type-options: [nosniff]
      x-ms-ratelimit-remaining-subscription-writes: ['1199']
      x-powered-by: [ASP.NET]
    status: {code: 201, message: Created}
- request:
    body: null
    headers:
      Accept: [application/json]
      Accept-Encoding: ['gzip, deflate']
      CommandName: [webapp deployment source config]
      Connection: [keep-alive]
      ParameterSetName: [-g -n --repo-url --branch -s --manual-integration]
      User-Agent: [python/3.7.0 (Windows-10-10.0.17134-SP0) msrest/0.6.1 msrest_azure/0.4.34
          azure-mgmt-web/0.40.0 Azure-SDK-For-Python AZURECLI/2.0.51]
    method: GET
    uri: https://management.azure.com/subscriptions/00000000-0000-0000-0000-000000000000/resourceGroups/clitest.rg000001/providers/Microsoft.Web/sites/slot-test-web000003/slots/staging/sourcecontrols/web?api-version=2018-02-01
  response:
    body: {string: '{"id":"/subscriptions/00000000-0000-0000-0000-000000000000/resourceGroups/clitest.rg000001/providers/Microsoft.Web/sites/slot-test-web000003/slots/staging/sourcecontrols/web","name":"slot-test-web000003","type":"Microsoft.Web/sites/sourcecontrols","location":"West
        US","properties":{"repoUrl":"https://github.com/yugangw-msft/azure-site-test","branch":"staging","isManualIntegration":true,"deploymentRollbackEnabled":false,"isMercurial":false,"provisioningState":"InProgress","provisioningDetails":"2018-11-12T01:47:05.6338673
        https://slot-test-web000003-staging.scm.azurewebsites.net/api/deployments/latest?deployer=GitHub&time=2018-11-12_01-46-44Z"}}'}
    headers:
      cache-control: [no-cache]
      content-length: ['726']
      content-type: [application/json]
      date: ['Mon, 12 Nov 2018 01:47:04 GMT']
      etag: ['"1D47A298AEC254B"']
      expires: ['-1']
      pragma: [no-cache]
      server: [Microsoft-IIS/10.0]
      strict-transport-security: [max-age=31536000; includeSubDomains]
      transfer-encoding: [chunked]
      vary: [Accept-Encoding]
      x-aspnet-version: [4.0.30319]
      x-content-type-options: [nosniff]
      x-powered-by: [ASP.NET]
    status: {code: 200, message: OK}
- request:
    body: null
    headers:
      Accept: [application/json]
      Accept-Encoding: ['gzip, deflate']
      CommandName: [webapp deployment source config]
      Connection: [keep-alive]
      ParameterSetName: [-g -n --repo-url --branch -s --manual-integration]
      User-Agent: [python/3.7.0 (Windows-10-10.0.17134-SP0) msrest/0.6.1 msrest_azure/0.4.34
          azure-mgmt-web/0.40.0 Azure-SDK-For-Python AZURECLI/2.0.51]
    method: GET
    uri: https://management.azure.com/subscriptions/00000000-0000-0000-0000-000000000000/resourceGroups/clitest.rg000001/providers/Microsoft.Web/sites/slot-test-web000003/slots/staging/sourcecontrols/web?api-version=2018-02-01
  response:
    body: {string: '{"id":"/subscriptions/00000000-0000-0000-0000-000000000000/resourceGroups/clitest.rg000001/providers/Microsoft.Web/sites/slot-test-web000003/slots/staging/sourcecontrols/web","name":"slot-test-web000003","type":"Microsoft.Web/sites/sourcecontrols","location":"West
        US","properties":{"repoUrl":"https://github.com/yugangw-msft/azure-site-test","branch":"staging","isManualIntegration":true,"deploymentRollbackEnabled":false,"isMercurial":false,"provisioningState":"Succeeded"}}'}
    headers:
      cache-control: [no-cache]
      content-length: ['545']
      content-type: [application/json]
      date: ['Mon, 12 Nov 2018 01:47:35 GMT']
      etag: ['"1D47A298AEC254B"']
      expires: ['-1']
      pragma: [no-cache]
      server: [Microsoft-IIS/10.0]
      strict-transport-security: [max-age=31536000; includeSubDomains]
      transfer-encoding: [chunked]
      vary: [Accept-Encoding]
      x-aspnet-version: [4.0.30319]
      x-content-type-options: [nosniff]
      x-powered-by: [ASP.NET]
    status: {code: 200, message: OK}
- request:
    body: '{"targetSlot": "production", "preserveVnet": true}'
    headers:
      Accept: [application/json]
      Accept-Encoding: ['gzip, deflate']
      CommandName: [webapp deployment slot swap]
      Connection: [keep-alive]
      Content-Length: ['50']
      Content-Type: [application/json; charset=utf-8]
      ParameterSetName: [-g -n -s]
      User-Agent: [python/3.7.0 (Windows-10-10.0.17134-SP0) msrest/0.6.1 msrest_azure/0.4.34
          azure-mgmt-web/0.40.0 Azure-SDK-For-Python AZURECLI/2.0.51]
      accept-language: [en-US]
    method: POST
    uri: https://management.azure.com/subscriptions/00000000-0000-0000-0000-000000000000/resourceGroups/clitest.rg000001/providers/Microsoft.Web/sites/slot-test-web000003/slots/staging/slotsswap?api-version=2018-02-01
  response:
    body: {string: ''}
    headers:
      cache-control: [no-cache]
      content-length: ['0']
      date: ['Mon, 12 Nov 2018 01:47:37 GMT']
      etag: ['"1D47A2977D6CA40"']
      expires: ['-1']
      location: ['https://management.azure.com/subscriptions/00000000-0000-0000-0000-000000000000/resourceGroups/clitest.rg000001/providers/Microsoft.Web/sites/slot-test-web000003/slots/staging/operationresults/424ec7c8-4337-4645-be09-6d5ece5b4223?api-version=2018-02-01']
      pragma: [no-cache]
      server: [Microsoft-IIS/10.0]
      strict-transport-security: [max-age=31536000; includeSubDomains]
      x-aspnet-version: [4.0.30319]
      x-content-type-options: [nosniff]
      x-ms-ratelimit-remaining-subscription-writes: ['1199']
      x-powered-by: [ASP.NET]
    status: {code: 202, message: Accepted}
- request:
    body: null
    headers:
      Accept: [application/json]
      Accept-Encoding: ['gzip, deflate']
      CommandName: [webapp deployment slot swap]
      Connection: [keep-alive]
      ParameterSetName: [-g -n -s]
      User-Agent: [python/3.7.0 (Windows-10-10.0.17134-SP0) msrest/0.6.1 msrest_azure/0.4.34
          azure-mgmt-web/0.40.0 Azure-SDK-For-Python AZURECLI/2.0.51]
    method: GET
    uri: https://management.azure.com/subscriptions/00000000-0000-0000-0000-000000000000/resourceGroups/clitest.rg000001/providers/Microsoft.Web/sites/slot-test-web000003/slots/staging/operationresults/424ec7c8-4337-4645-be09-6d5ece5b4223?api-version=2018-02-01
  response:
    body: {string: ''}
    headers:
      cache-control: [no-cache]
      content-length: ['0']
      date: ['Mon, 12 Nov 2018 01:47:53 GMT']
      expires: ['-1']
      location: ['https://management.azure.com/subscriptions/00000000-0000-0000-0000-000000000000/resourceGroups/clitest.rg000001/providers/Microsoft.Web/sites/slot-test-web000003/slots/staging/operationresults/424ec7c8-4337-4645-be09-6d5ece5b4223?api-version=2018-02-01']
      pragma: [no-cache]
      server: [Microsoft-IIS/10.0]
      strict-transport-security: [max-age=31536000; includeSubDomains]
      x-aspnet-version: [4.0.30319]
      x-content-type-options: [nosniff]
      x-powered-by: [ASP.NET]
    status: {code: 202, message: Accepted}
- request:
    body: null
    headers:
      Accept: [application/json]
      Accept-Encoding: ['gzip, deflate']
      CommandName: [webapp deployment slot swap]
      Connection: [keep-alive]
      ParameterSetName: [-g -n -s]
      User-Agent: [python/3.7.0 (Windows-10-10.0.17134-SP0) msrest/0.6.1 msrest_azure/0.4.34
          azure-mgmt-web/0.40.0 Azure-SDK-For-Python AZURECLI/2.0.51]
    method: GET
    uri: https://management.azure.com/subscriptions/00000000-0000-0000-0000-000000000000/resourceGroups/clitest.rg000001/providers/Microsoft.Web/sites/slot-test-web000003/slots/staging/operationresults/424ec7c8-4337-4645-be09-6d5ece5b4223?api-version=2018-02-01
  response:
    body: {string: ''}
    headers:
      cache-control: [no-cache]
      content-length: ['0']
      date: ['Mon, 12 Nov 2018 01:48:09 GMT']
      expires: ['-1']
      location: ['https://management.azure.com/subscriptions/00000000-0000-0000-0000-000000000000/resourceGroups/clitest.rg000001/providers/Microsoft.Web/sites/slot-test-web000003/slots/staging/operationresults/424ec7c8-4337-4645-be09-6d5ece5b4223?api-version=2018-02-01']
      pragma: [no-cache]
      server: [Microsoft-IIS/10.0]
      strict-transport-security: [max-age=31536000; includeSubDomains]
      x-aspnet-version: [4.0.30319]
      x-content-type-options: [nosniff]
      x-powered-by: [ASP.NET]
    status: {code: 202, message: Accepted}
- request:
    body: null
    headers:
      Accept: [application/json]
      Accept-Encoding: ['gzip, deflate']
      CommandName: [webapp deployment slot swap]
      Connection: [keep-alive]
      ParameterSetName: [-g -n -s]
      User-Agent: [python/3.7.0 (Windows-10-10.0.17134-SP0) msrest/0.6.1 msrest_azure/0.4.34
          azure-mgmt-web/0.40.0 Azure-SDK-For-Python AZURECLI/2.0.51]
    method: GET
    uri: https://management.azure.com/subscriptions/00000000-0000-0000-0000-000000000000/resourceGroups/clitest.rg000001/providers/Microsoft.Web/sites/slot-test-web000003/slots/staging/operationresults/424ec7c8-4337-4645-be09-6d5ece5b4223?api-version=2018-02-01
  response:
    body: {string: ''}
    headers:
      cache-control: [no-cache]
      content-length: ['0']
      date: ['Mon, 12 Nov 2018 01:48:25 GMT']
      expires: ['-1']
      location: ['https://management.azure.com/subscriptions/00000000-0000-0000-0000-000000000000/resourceGroups/clitest.rg000001/providers/Microsoft.Web/sites/slot-test-web000003/slots/staging/operationresults/424ec7c8-4337-4645-be09-6d5ece5b4223?api-version=2018-02-01']
      pragma: [no-cache]
      server: [Microsoft-IIS/10.0]
      strict-transport-security: [max-age=31536000; includeSubDomains]
      x-aspnet-version: [4.0.30319]
      x-content-type-options: [nosniff]
      x-powered-by: [ASP.NET]
    status: {code: 202, message: Accepted}
- request:
    body: null
    headers:
      Accept: [application/json]
      Accept-Encoding: ['gzip, deflate']
      CommandName: [webapp deployment slot swap]
      Connection: [keep-alive]
      ParameterSetName: [-g -n -s]
      User-Agent: [python/3.7.0 (Windows-10-10.0.17134-SP0) msrest/0.6.1 msrest_azure/0.4.34
          azure-mgmt-web/0.40.0 Azure-SDK-For-Python AZURECLI/2.0.51]
    method: GET
    uri: https://management.azure.com/subscriptions/00000000-0000-0000-0000-000000000000/resourceGroups/clitest.rg000001/providers/Microsoft.Web/sites/slot-test-web000003/slots/staging/operationresults/424ec7c8-4337-4645-be09-6d5ece5b4223?api-version=2018-02-01
  response:
    body: {string: '{"id":"/subscriptions/00000000-0000-0000-0000-000000000000/resourceGroups/clitest.rg000001/providers/Microsoft.Web/sites/slot-test-web000003/slots/staging","name":"slot-test-web000003/staging","type":"Microsoft.Web/sites/slots","kind":"app","location":"West
        US","properties":{"name":"slot-test-web000003(staging)","state":"Running","hostNames":["slot-test-web000003-staging.azurewebsites.net"],"webSpace":"clitest.rg000001-WestUSwebspace","selfLink":"https://waws-prod-bay-075.api.azurewebsites.windows.net:454/subscriptions/00000000-0000-0000-0000-000000000000/webspaces/clitest.rg000001-WestUSwebspace/sites/slot-test-web000003","repositorySiteName":"slot-test-web000003","owner":null,"usageState":"Normal","enabled":true,"adminEnabled":true,"enabledHostNames":["slot-test-web000003-staging.azurewebsites.net","slot-test-web000003-staging.scm.azurewebsites.net"],"siteProperties":{"metadata":null,"properties":[{"name":"LinuxFxVersion","value":""},{"name":"WindowsFxVersion","value":null}],"appSettings":null},"availabilityState":"Normal","sslCertificates":null,"csrs":[],"cers":null,"siteMode":null,"hostNameSslStates":[{"name":"slot-test-web000003-staging.azurewebsites.net","sslState":"Disabled","ipBasedSslResult":null,"virtualIP":null,"thumbprint":null,"toUpdate":null,"toUpdateIpBasedSsl":null,"ipBasedSslState":"NotConfigured","hostType":"Standard"},{"name":"slot-test-web000003-staging.scm.azurewebsites.net","sslState":"Disabled","ipBasedSslResult":null,"virtualIP":null,"thumbprint":null,"toUpdate":null,"toUpdateIpBasedSsl":null,"ipBasedSslState":"NotConfigured","hostType":"Repository"}],"computeMode":null,"serverFarm":null,"serverFarmId":"/subscriptions/00000000-0000-0000-0000-000000000000/resourceGroups/clitest.rg000001/providers/Microsoft.Web/serverfarms/slot-test-plan000002","reserved":false,"isXenon":false,"lastModifiedTimeUtc":"2018-11-12T01:48:27.3933333","storageRecoveryDefaultState":"Running","contentAvailabilityState":"Normal","runtimeAvailabilityState":"Normal","siteConfig":null,"deploymentId":"slot-test-web000003","trafficManagerHostNames":null,"sku":"Standard","scmSiteAlsoStopped":false,"targetSwapSlot":null,"hostingEnvironment":null,"hostingEnvironmentProfile":null,"clientAffinityEnabled":true,"clientCertEnabled":false,"hostNamesDisabled":false,"domainVerificationIdentifiers":null,"kind":"app","outboundIpAddresses":"104.40.3.53,104.40.18.224,104.40.21.79,104.40.21.56,104.40.23.196","possibleOutboundIpAddresses":"104.40.3.53,104.40.18.224,104.40.21.79,104.40.21.56,104.40.23.196,52.160.35.119,13.93.183.34","containerSize":0,"dailyMemoryTimeQuota":0,"suspendedTill":null,"siteDisabledReason":0,"functionExecutionUnitsCache":null,"maxNumberOfWorkers":null,"homeStamp":"waws-prod-bay-075","cloningInfo":null,"hostingEnvironmentId":null,"tags":null,"resourceGroup":"clitest.rg000001","defaultHostName":"slot-test-web000003-staging.azurewebsites.net","slotSwapStatus":{"timestampUtc":"2018-11-12T01:48:27.436Z","sourceSlotName":"staging","destinationSlotName":"Production"},"httpsOnly":false}}'}
    headers:
      cache-control: [no-cache]
      content-length: ['3392']
      content-type: [application/json]
      date: ['Mon, 12 Nov 2018 01:48:42 GMT']
      etag: ['"1D47A29CE4C2C15"']
      expires: ['-1']
      pragma: [no-cache]
      server: [Microsoft-IIS/10.0]
      strict-transport-security: [max-age=31536000; includeSubDomains]
      transfer-encoding: [chunked]
      vary: [Accept-Encoding]
      x-aspnet-version: [4.0.30319]
      x-content-type-options: [nosniff]
      x-powered-by: [ASP.NET]
    status: {code: 200, message: OK}
- request:
    body: null
    headers:
      Accept: [application/json]
      Accept-Encoding: ['gzip, deflate']
      CommandName: [webapp config appsettings list]
      Connection: [keep-alive]
      Content-Length: ['0']
      ParameterSetName: [-g -n -s]
      User-Agent: [python/3.7.0 (Windows-10-10.0.17134-SP0) msrest/0.6.1 msrest_azure/0.4.34
          azure-mgmt-web/0.40.0 Azure-SDK-For-Python AZURECLI/2.0.51]
      accept-language: [en-US]
    method: POST
    uri: https://management.azure.com/subscriptions/00000000-0000-0000-0000-000000000000/resourceGroups/clitest.rg000001/providers/Microsoft.Web/sites/slot-test-web000003/slots/staging/config/appsettings/list?api-version=2018-02-01
  response:
    body: {string: '{"id":"/subscriptions/00000000-0000-0000-0000-000000000000/resourceGroups/clitest.rg000001/providers/Microsoft.Web/sites/slot-test-web000003/slots/staging/config/appsettings","name":"appsettings","type":"Microsoft.Web/sites/config","location":"West
        US","properties":{"WEBSITE_NODE_DEFAULT_VERSION":"8.11.1","s1":"v1"}}'}
    headers:
      cache-control: [no-cache]
      content-length: ['382']
      content-type: [application/json]
      date: ['Mon, 12 Nov 2018 01:48:43 GMT']
      expires: ['-1']
      pragma: [no-cache]
      server: [Microsoft-IIS/10.0]
      strict-transport-security: [max-age=31536000; includeSubDomains]
      transfer-encoding: [chunked]
      vary: [Accept-Encoding]
      x-aspnet-version: [4.0.30319]
      x-content-type-options: [nosniff]
      x-ms-ratelimit-remaining-subscription-resource-requests: ['11999']
      x-powered-by: [ASP.NET]
    status: {code: 200, message: OK}
- request:
    body: null
    headers:
      Accept: [application/json]
      Accept-Encoding: ['gzip, deflate']
      CommandName: [webapp config appsettings list]
      Connection: [keep-alive]
      ParameterSetName: [-g -n -s]
      User-Agent: [python/3.7.0 (Windows-10-10.0.17134-SP0) msrest/0.6.1 msrest_azure/0.4.34
          azure-mgmt-web/0.40.0 Azure-SDK-For-Python AZURECLI/2.0.51]
      accept-language: [en-US]
    method: GET
    uri: https://management.azure.com/subscriptions/00000000-0000-0000-0000-000000000000/resourceGroups/clitest.rg000001/providers/Microsoft.Web/sites/slot-test-web000003/config/slotConfigNames?api-version=2018-02-01
  response:
    body: {string: '{"id":null,"name":"slot-test-web000003","type":"Microsoft.Web/sites","location":"West
        US","properties":{"connectionStringNames":[],"appSettingNames":["s2"],"azureStorageConfigNames":[]}}'}
    headers:
      cache-control: [no-cache]
      content-length: ['191']
      content-type: [application/json]
      date: ['Mon, 12 Nov 2018 01:48:44 GMT']
      expires: ['-1']
      pragma: [no-cache]
      server: [Microsoft-IIS/10.0]
      strict-transport-security: [max-age=31536000; includeSubDomains]
      transfer-encoding: [chunked]
      vary: [Accept-Encoding]
      x-aspnet-version: [4.0.30319]
      x-content-type-options: [nosniff]
      x-powered-by: [ASP.NET]
    status: {code: 200, message: OK}
- request:
    body: null
    headers:
      Accept: [application/json]
      Accept-Encoding: ['gzip, deflate']
      CommandName: [webapp config set]
      Connection: [keep-alive]
      ParameterSetName: [-g -n --php-version]
      User-Agent: [python/3.7.0 (Windows-10-10.0.17134-SP0) msrest/0.6.1 msrest_azure/0.4.34
          azure-mgmt-web/0.40.0 Azure-SDK-For-Python AZURECLI/2.0.51]
      accept-language: [en-US]
    method: GET
    uri: https://management.azure.com/subscriptions/00000000-0000-0000-0000-000000000000/resourceGroups/clitest.rg000001/providers/Microsoft.Web/sites/slot-test-web000003/config/web?api-version=2018-02-01
  response:
    body: {string: '{"id":"/subscriptions/00000000-0000-0000-0000-000000000000/resourceGroups/clitest.rg000001/providers/Microsoft.Web/sites/slot-test-web000003/config/web","name":"slot-test-web000003","type":"Microsoft.Web/sites/config","location":"West
        US","properties":{"numberOfWorkers":1,"defaultDocuments":["Default.htm","Default.html","Default.asp","index.htm","index.html","iisstart.htm","default.aspx","index.php","hostingstart.html"],"netFrameworkVersion":"v4.0","phpVersion":"5.6","pythonVersion":"","nodeVersion":"","linuxFxVersion":"","windowsFxVersion":null,"requestTracingEnabled":false,"remoteDebuggingEnabled":false,"remoteDebuggingVersion":null,"httpLoggingEnabled":false,"logsDirectorySizeLimit":35,"detailedErrorLoggingEnabled":false,"publishingUsername":"$slot-test-web000003","publishingPassword":null,"appSettings":null,"azureStorageAccounts":{},"metadata":null,"connectionStrings":null,"machineKey":null,"handlerMappings":null,"documentRoot":null,"scmType":"None","use32BitWorkerProcess":true,"webSocketsEnabled":false,"alwaysOn":false,"javaVersion":null,"javaContainer":null,"javaContainerVersion":null,"appCommandLine":"","managedPipelineMode":"Integrated","virtualApplications":[{"virtualPath":"/","physicalPath":"site\\wwwroot","preloadEnabled":false,"virtualDirectories":null}],"winAuthAdminState":0,"winAuthTenantState":0,"customAppPoolIdentityAdminState":false,"customAppPoolIdentityTenantState":false,"runtimeADUser":null,"runtimeADUserPassword":null,"loadBalancing":"LeastRequests","routingRules":[],"experiments":{"rampUpRules":[]},"limits":null,"autoHealEnabled":false,"autoHealRules":null,"tracingOptions":null,"vnetName":"","siteAuthEnabled":false,"siteAuthSettings":{"enabled":null,"unauthenticatedClientAction":null,"tokenStoreEnabled":null,"allowedExternalRedirectUrls":null,"defaultProvider":null,"clientId":null,"clientSecret":null,"issuer":null,"allowedAudiences":null,"additionalLoginParams":null,"isAadAutoProvisioned":false,"googleClientId":null,"googleClientSecret":null,"googleOAuthScopes":null,"facebookAppId":null,"facebookAppSecret":null,"facebookOAuthScopes":null,"twitterConsumerKey":null,"twitterConsumerSecret":null,"microsoftAccountClientId":null,"microsoftAccountClientSecret":null,"microsoftAccountOAuthScopes":null},"cors":null,"push":null,"apiDefinition":null,"autoSwapSlotName":null,"localMySqlEnabled":false,"managedServiceIdentityId":null,"xManagedServiceIdentityId":null,"ipSecurityRestrictions":null,"http20Enabled":true,"minTlsVersion":"1.2","ftpsState":"AllAllowed","reservedInstanceCount":0}}'}
    headers:
      cache-control: [no-cache]
      content-length: ['2614']
      content-type: [application/json]
      date: ['Mon, 12 Nov 2018 01:48:44 GMT']
      expires: ['-1']
      pragma: [no-cache]
      server: [Microsoft-IIS/10.0]
      strict-transport-security: [max-age=31536000; includeSubDomains]
      transfer-encoding: [chunked]
      vary: [Accept-Encoding]
      x-aspnet-version: [4.0.30319]
      x-content-type-options: [nosniff]
      x-powered-by: [ASP.NET]
    status: {code: 200, message: OK}
- request:
    body: 'b''{"properties": {"numberOfWorkers": 1, "defaultDocuments": ["Default.htm",
      "Default.html", "Default.asp", "index.htm", "index.html", "iisstart.htm", "default.aspx",
      "index.php", "hostingstart.html"], "netFrameworkVersion": "v4.0", "phpVersion":
      "5.6", "pythonVersion": "", "nodeVersion": "", "linuxFxVersion": "", "requestTracingEnabled":
      false, "remoteDebuggingEnabled": false, "httpLoggingEnabled": false, "logsDirectorySizeLimit":
      35, "detailedErrorLoggingEnabled": false, "publishingUsername": "$slot-test-web000003",
      "azureStorageAccounts": {}, "scmType": "None", "use32BitWorkerProcess": true,
      "webSocketsEnabled": false, "alwaysOn": false, "appCommandLine": "", "managedPipelineMode":
      "Integrated", "virtualApplications": [{"virtualPath": "/", "physicalPath": "site\\\\wwwroot",
      "preloadEnabled": false}], "loadBalancing": "LeastRequests", "experiments":
      {"rampUpRules": []}, "autoHealEnabled": false, "vnetName": "", "localMySqlEnabled":
      false, "http20Enabled": true, "minTlsVersion": "1.2", "ftpsState": "AllAllowed",
      "reservedInstanceCount": 0}}'''
    headers:
      Accept: [application/json]
      Accept-Encoding: ['gzip, deflate']
      CommandName: [webapp config set]
      Connection: [keep-alive]
      Content-Length: ['1057']
      Content-Type: [application/json; charset=utf-8]
      ParameterSetName: [-g -n --php-version]
      User-Agent: [python/3.7.0 (Windows-10-10.0.17134-SP0) msrest/0.6.1 msrest_azure/0.4.34
          azure-mgmt-web/0.40.0 Azure-SDK-For-Python AZURECLI/2.0.51]
      accept-language: [en-US]
    method: PATCH
    uri: https://management.azure.com/subscriptions/00000000-0000-0000-0000-000000000000/resourceGroups/clitest.rg000001/providers/Microsoft.Web/sites/slot-test-web000003/config/web?api-version=2018-02-01
  response:
    body: {string: '{"id":"/subscriptions/00000000-0000-0000-0000-000000000000/resourceGroups/clitest.rg000001/providers/Microsoft.Web/sites/slot-test-web000003","name":"slot-test-web000003","type":"Microsoft.Web/sites","location":"West
        US","properties":{"numberOfWorkers":1,"defaultDocuments":["Default.htm","Default.html","Default.asp","index.htm","index.html","iisstart.htm","default.aspx","index.php","hostingstart.html"],"netFrameworkVersion":"v4.0","phpVersion":"5.6","pythonVersion":"","nodeVersion":"","linuxFxVersion":"","windowsFxVersion":null,"requestTracingEnabled":false,"remoteDebuggingEnabled":false,"remoteDebuggingVersion":"VS2017","httpLoggingEnabled":false,"logsDirectorySizeLimit":35,"detailedErrorLoggingEnabled":false,"publishingUsername":"$slot-test-web000003","publishingPassword":null,"appSettings":null,"azureStorageAccounts":{},"metadata":null,"connectionStrings":null,"machineKey":null,"handlerMappings":null,"documentRoot":null,"scmType":"None","use32BitWorkerProcess":true,"webSocketsEnabled":false,"alwaysOn":false,"javaVersion":null,"javaContainer":null,"javaContainerVersion":null,"appCommandLine":"","managedPipelineMode":"Integrated","virtualApplications":[{"virtualPath":"/","physicalPath":"site\\wwwroot","preloadEnabled":false,"virtualDirectories":null}],"winAuthAdminState":0,"winAuthTenantState":0,"customAppPoolIdentityAdminState":false,"customAppPoolIdentityTenantState":false,"runtimeADUser":null,"runtimeADUserPassword":null,"loadBalancing":"LeastRequests","routingRules":[],"experiments":{"rampUpRules":[]},"limits":null,"autoHealEnabled":false,"autoHealRules":null,"tracingOptions":null,"vnetName":"","siteAuthEnabled":false,"siteAuthSettings":{"enabled":null,"unauthenticatedClientAction":null,"tokenStoreEnabled":null,"allowedExternalRedirectUrls":null,"defaultProvider":null,"clientId":null,"clientSecret":null,"issuer":null,"allowedAudiences":null,"additionalLoginParams":null,"isAadAutoProvisioned":false,"googleClientId":null,"googleClientSecret":null,"googleOAuthScopes":null,"facebookAppId":null,"facebookAppSecret":null,"facebookOAuthScopes":null,"twitterConsumerKey":null,"twitterConsumerSecret":null,"microsoftAccountClientId":null,"microsoftAccountClientSecret":null,"microsoftAccountOAuthScopes":null},"cors":null,"push":null,"apiDefinition":null,"autoSwapSlotName":null,"localMySqlEnabled":false,"managedServiceIdentityId":null,"xManagedServiceIdentityId":null,"ipSecurityRestrictions":null,"http20Enabled":true,"minTlsVersion":"1.2","ftpsState":"AllAllowed","reservedInstanceCount":0}}'}
    headers:
      cache-control: [no-cache]
      content-length: ['2600']
      content-type: [application/json]
      date: ['Mon, 12 Nov 2018 01:48:50 GMT']
      etag: ['"1D47A29DA8B5840"']
      expires: ['-1']
      pragma: [no-cache]
      server: [Microsoft-IIS/10.0]
      strict-transport-security: [max-age=31536000; includeSubDomains]
      transfer-encoding: [chunked]
      vary: [Accept-Encoding]
      x-aspnet-version: [4.0.30319]
      x-content-type-options: [nosniff]
      x-ms-ratelimit-remaining-subscription-writes: ['1199']
      x-powered-by: [ASP.NET]
    status: {code: 200, message: OK}
- request:
    body: null
    headers:
      Accept: [application/json]
      Accept-Encoding: ['gzip, deflate']
      CommandName: [webapp deployment slot create]
      Connection: [keep-alive]
      ParameterSetName: [-g -n --slot --configuration-source]
      User-Agent: [python/3.7.0 (Windows-10-10.0.17134-SP0) msrest/0.6.1 msrest_azure/0.4.34
          azure-mgmt-web/0.40.0 Azure-SDK-For-Python AZURECLI/2.0.51]
      accept-language: [en-US]
    method: GET
    uri: https://management.azure.com/subscriptions/00000000-0000-0000-0000-000000000000/resourceGroups/clitest.rg000001/providers/Microsoft.Web/sites/slot-test-web000003?api-version=2018-02-01
  response:
    body: {string: '{"id":"/subscriptions/00000000-0000-0000-0000-000000000000/resourceGroups/clitest.rg000001/providers/Microsoft.Web/sites/slot-test-web000003","name":"slot-test-web000003","type":"Microsoft.Web/sites","kind":"app","location":"West
        US","properties":{"name":"slot-test-web000003","state":"Running","hostNames":["slot-test-web000003.azurewebsites.net"],"webSpace":"clitest.rg000001-WestUSwebspace","selfLink":"https://waws-prod-bay-075.api.azurewebsites.windows.net:454/subscriptions/00000000-0000-0000-0000-000000000000/webspaces/clitest.rg000001-WestUSwebspace/sites/slot-test-web000003","repositorySiteName":"slot-test-web000003","owner":null,"usageState":"Normal","enabled":true,"adminEnabled":true,"enabledHostNames":["slot-test-web000003.azurewebsites.net","slot-test-web000003.scm.azurewebsites.net"],"siteProperties":{"metadata":null,"properties":[{"name":"LinuxFxVersion","value":""},{"name":"WindowsFxVersion","value":null}],"appSettings":null},"availabilityState":"Normal","sslCertificates":null,"csrs":[],"cers":null,"siteMode":null,"hostNameSslStates":[{"name":"slot-test-web000003.azurewebsites.net","sslState":"Disabled","ipBasedSslResult":null,"virtualIP":null,"thumbprint":null,"toUpdate":null,"toUpdateIpBasedSsl":null,"ipBasedSslState":"NotConfigured","hostType":"Standard"},{"name":"slot-test-web000003.scm.azurewebsites.net","sslState":"Disabled","ipBasedSslResult":null,"virtualIP":null,"thumbprint":null,"toUpdate":null,"toUpdateIpBasedSsl":null,"ipBasedSslState":"NotConfigured","hostType":"Repository"}],"computeMode":null,"serverFarm":null,"serverFarmId":"/subscriptions/00000000-0000-0000-0000-000000000000/resourceGroups/clitest.rg000001/providers/Microsoft.Web/serverfarms/slot-test-plan000002","reserved":false,"isXenon":false,"lastModifiedTimeUtc":"2018-11-12T01:48:47.94","storageRecoveryDefaultState":"Running","contentAvailabilityState":"Normal","runtimeAvailabilityState":"Normal","siteConfig":null,"deploymentId":"slot-test-web000003__6ccf","trafficManagerHostNames":null,"sku":"Standard","scmSiteAlsoStopped":false,"targetSwapSlot":null,"hostingEnvironment":null,"hostingEnvironmentProfile":null,"clientAffinityEnabled":true,"clientCertEnabled":false,"hostNamesDisabled":false,"domainVerificationIdentifiers":null,"kind":"app","outboundIpAddresses":"104.40.3.53,104.40.18.224,104.40.21.79,104.40.21.56,104.40.23.196","possibleOutboundIpAddresses":"104.40.3.53,104.40.18.224,104.40.21.79,104.40.21.56,104.40.23.196,52.160.35.119,13.93.183.34","containerSize":0,"dailyMemoryTimeQuota":0,"suspendedTill":null,"siteDisabledReason":0,"functionExecutionUnitsCache":null,"maxNumberOfWorkers":null,"homeStamp":"waws-prod-bay-075","cloningInfo":null,"hostingEnvironmentId":null,"tags":null,"resourceGroup":"clitest.rg000001","defaultHostName":"slot-test-web000003.azurewebsites.net","slotSwapStatus":{"timestampUtc":"2018-11-12T01:48:27.436Z","sourceSlotName":"staging","destinationSlotName":"Production"},"httpsOnly":false}}'}
    headers:
      cache-control: [no-cache]
      content-length: ['3308']
      content-type: [application/json]
      date: ['Mon, 12 Nov 2018 01:48:51 GMT']
      etag: ['"1D47A29DA8B5840"']
      expires: ['-1']
      pragma: [no-cache]
      server: [Microsoft-IIS/10.0]
      strict-transport-security: [max-age=31536000; includeSubDomains]
      transfer-encoding: [chunked]
      vary: [Accept-Encoding]
      x-aspnet-version: [4.0.30319]
      x-content-type-options: [nosniff]
      x-powered-by: [ASP.NET]
    status: {code: 200, message: OK}
- request:
    body: 'b''b\''{"location": "West US", "properties": {"serverFarmId": "/subscriptions/00000000-0000-0000-0000-000000000000/resourceGroups/clitest.rg000001/providers/Microsoft.Web/serverfarms/slot-test-plan000002",
      "reserved": false, "isXenon": false, "hyperV": false, "siteConfig": {"netFrameworkVersion":
      "v4.6", "localMySqlEnabled": false, "http20Enabled": true}, "scmSiteAlsoStopped":
      false}}\'''''
    headers:
      Accept: [application/json]
      Accept-Encoding: ['gzip, deflate']
      CommandName: [webapp deployment slot create]
      Connection: [keep-alive]
      Content-Length: ['443']
      Content-Type: [application/json; charset=utf-8]
      ParameterSetName: [-g -n --slot --configuration-source]
      User-Agent: [python/3.7.0 (Windows-10-10.0.17134-SP0) msrest/0.6.1 msrest_azure/0.4.34
          azure-mgmt-web/0.40.0 Azure-SDK-For-Python AZURECLI/2.0.51]
      accept-language: [en-US]
    method: PUT
    uri: https://management.azure.com/subscriptions/00000000-0000-0000-0000-000000000000/resourceGroups/clitest.rg000001/providers/Microsoft.Web/sites/slot-test-web000003/slots/dev?api-version=2018-02-01
  response:
    body: {string: '{"id":"/subscriptions/00000000-0000-0000-0000-000000000000/resourceGroups/clitest.rg000001/providers/Microsoft.Web/sites/slot-test-web000003/slots/dev","name":"slot-test-web000003/dev","type":"Microsoft.Web/sites/slots","kind":"app","location":"West
        US","properties":{"name":"slot-test-web000003(dev)","state":"Running","hostNames":["slot-test-web000003-dev.azurewebsites.net"],"webSpace":"clitest.rg000001-WestUSwebspace","selfLink":"https://waws-prod-bay-075.api.azurewebsites.windows.net:454/subscriptions/00000000-0000-0000-0000-000000000000/webspaces/clitest.rg000001-WestUSwebspace/sites/slot-test-web000003","repositorySiteName":"slot-test-web000003","owner":null,"usageState":"Normal","enabled":true,"adminEnabled":true,"enabledHostNames":["slot-test-web000003-dev.azurewebsites.net","slot-test-web000003-dev.scm.azurewebsites.net"],"siteProperties":{"metadata":null,"properties":[{"name":"LinuxFxVersion","value":""},{"name":"WindowsFxVersion","value":null}],"appSettings":null},"availabilityState":"Normal","sslCertificates":null,"csrs":[],"cers":null,"siteMode":null,"hostNameSslStates":[{"name":"slot-test-web000003-dev.azurewebsites.net","sslState":"Disabled","ipBasedSslResult":null,"virtualIP":null,"thumbprint":null,"toUpdate":null,"toUpdateIpBasedSsl":null,"ipBasedSslState":"NotConfigured","hostType":"Standard"},{"name":"slot-test-web000003-dev.scm.azurewebsites.net","sslState":"Disabled","ipBasedSslResult":null,"virtualIP":null,"thumbprint":null,"toUpdate":null,"toUpdateIpBasedSsl":null,"ipBasedSslState":"NotConfigured","hostType":"Repository"}],"computeMode":null,"serverFarm":null,"serverFarmId":"/subscriptions/00000000-0000-0000-0000-000000000000/resourceGroups/clitest.rg000001/providers/Microsoft.Web/serverfarms/slot-test-plan000002","reserved":false,"isXenon":false,"lastModifiedTimeUtc":"2018-11-12T01:48:57.9433333","storageRecoveryDefaultState":"Running","contentAvailabilityState":"Normal","runtimeAvailabilityState":"Normal","siteConfig":null,"deploymentId":"slot-test-web000003__3434","trafficManagerHostNames":null,"sku":"Standard","scmSiteAlsoStopped":false,"targetSwapSlot":null,"hostingEnvironment":null,"hostingEnvironmentProfile":null,"clientAffinityEnabled":true,"clientCertEnabled":false,"hostNamesDisabled":false,"domainVerificationIdentifiers":null,"kind":"app","outboundIpAddresses":"104.40.3.53,104.40.18.224,104.40.21.79,104.40.21.56,104.40.23.196","possibleOutboundIpAddresses":"104.40.3.53,104.40.18.224,104.40.21.79,104.40.21.56,104.40.23.196,52.160.35.119,13.93.183.34","containerSize":0,"dailyMemoryTimeQuota":0,"suspendedTill":null,"siteDisabledReason":0,"functionExecutionUnitsCache":null,"maxNumberOfWorkers":null,"homeStamp":"waws-prod-bay-075","cloningInfo":null,"hostingEnvironmentId":null,"tags":null,"resourceGroup":"clitest.rg000001","defaultHostName":"slot-test-web000003-dev.azurewebsites.net","slotSwapStatus":null,"httpsOnly":false}}'}
    headers:
      cache-control: [no-cache]
      content-length: ['3261']
      content-type: [application/json]
      date: ['Mon, 12 Nov 2018 01:49:13 GMT']
      etag: ['"1D47A29DA8B5840"']
      expires: ['-1']
      pragma: [no-cache]
      server: [Microsoft-IIS/10.0]
      strict-transport-security: [max-age=31536000; includeSubDomains]
      transfer-encoding: [chunked]
      vary: [Accept-Encoding]
      x-aspnet-version: [4.0.30319]
      x-content-type-options: [nosniff]
      x-ms-ratelimit-remaining-subscription-resource-requests: ['499']
      x-powered-by: [ASP.NET]
    status: {code: 200, message: OK}
- request:
    body: null
    headers:
      Accept: [application/json]
      Accept-Encoding: ['gzip, deflate']
      CommandName: [webapp deployment slot create]
      Connection: [keep-alive]
      ParameterSetName: [-g -n --slot --configuration-source]
      User-Agent: [python/3.7.0 (Windows-10-10.0.17134-SP0) msrest/0.6.1 msrest_azure/0.4.34
          azure-mgmt-web/0.40.0 Azure-SDK-For-Python AZURECLI/2.0.51]
      accept-language: [en-US]
    method: GET
    uri: https://management.azure.com/subscriptions/00000000-0000-0000-0000-000000000000/resourceGroups/clitest.rg000001/providers/Microsoft.Web/sites/slot-test-web000003/config/web?api-version=2018-02-01
  response:
    body: {string: '{"id":"/subscriptions/00000000-0000-0000-0000-000000000000/resourceGroups/clitest.rg000001/providers/Microsoft.Web/sites/slot-test-web000003/config/web","name":"slot-test-web000003","type":"Microsoft.Web/sites/config","location":"West
        US","properties":{"numberOfWorkers":1,"defaultDocuments":["Default.htm","Default.html","Default.asp","index.htm","index.html","iisstart.htm","default.aspx","index.php","hostingstart.html"],"netFrameworkVersion":"v4.0","phpVersion":"5.6","pythonVersion":"","nodeVersion":"","linuxFxVersion":"","windowsFxVersion":null,"requestTracingEnabled":false,"remoteDebuggingEnabled":false,"remoteDebuggingVersion":"VS2017","httpLoggingEnabled":false,"logsDirectorySizeLimit":35,"detailedErrorLoggingEnabled":false,"publishingUsername":"$slot-test-web000003","publishingPassword":null,"appSettings":null,"azureStorageAccounts":{},"metadata":null,"connectionStrings":null,"machineKey":null,"handlerMappings":null,"documentRoot":null,"scmType":"None","use32BitWorkerProcess":true,"webSocketsEnabled":false,"alwaysOn":false,"javaVersion":null,"javaContainer":null,"javaContainerVersion":null,"appCommandLine":"","managedPipelineMode":"Integrated","virtualApplications":[{"virtualPath":"/","physicalPath":"site\\wwwroot","preloadEnabled":false,"virtualDirectories":null}],"winAuthAdminState":0,"winAuthTenantState":0,"customAppPoolIdentityAdminState":false,"customAppPoolIdentityTenantState":false,"runtimeADUser":null,"runtimeADUserPassword":null,"loadBalancing":"LeastRequests","routingRules":[],"experiments":{"rampUpRules":[]},"limits":null,"autoHealEnabled":false,"autoHealRules":null,"tracingOptions":null,"vnetName":"","siteAuthEnabled":false,"siteAuthSettings":{"enabled":null,"unauthenticatedClientAction":null,"tokenStoreEnabled":null,"allowedExternalRedirectUrls":null,"defaultProvider":null,"clientId":null,"clientSecret":null,"issuer":null,"allowedAudiences":null,"additionalLoginParams":null,"isAadAutoProvisioned":false,"googleClientId":null,"googleClientSecret":null,"googleOAuthScopes":null,"facebookAppId":null,"facebookAppSecret":null,"facebookOAuthScopes":null,"twitterConsumerKey":null,"twitterConsumerSecret":null,"microsoftAccountClientId":null,"microsoftAccountClientSecret":null,"microsoftAccountOAuthScopes":null},"cors":null,"push":null,"apiDefinition":null,"autoSwapSlotName":null,"localMySqlEnabled":false,"managedServiceIdentityId":null,"xManagedServiceIdentityId":null,"ipSecurityRestrictions":null,"http20Enabled":true,"minTlsVersion":"1.2","ftpsState":"AllAllowed","reservedInstanceCount":0}}'}
    headers:
      cache-control: [no-cache]
      content-length: ['2618']
      content-type: [application/json]
      date: ['Mon, 12 Nov 2018 01:49:14 GMT']
      expires: ['-1']
      pragma: [no-cache]
      server: [Microsoft-IIS/10.0]
      strict-transport-security: [max-age=31536000; includeSubDomains]
      transfer-encoding: [chunked]
      vary: [Accept-Encoding]
      x-aspnet-version: [4.0.30319]
      x-content-type-options: [nosniff]
      x-powered-by: [ASP.NET]
    status: {code: 200, message: OK}
- request:
    body: 'b''{"properties": {"numberOfWorkers": 1, "defaultDocuments": ["Default.htm",
      "Default.html", "Default.asp", "index.htm", "index.html", "iisstart.htm", "default.aspx",
      "index.php", "hostingstart.html"], "netFrameworkVersion": "v4.0", "phpVersion":
      "5.6", "pythonVersion": "", "nodeVersion": "", "linuxFxVersion": "", "requestTracingEnabled":
      false, "remoteDebuggingEnabled": false, "remoteDebuggingVersion": "VS2017",
      "httpLoggingEnabled": false, "logsDirectorySizeLimit": 35, "detailedErrorLoggingEnabled":
      false, "publishingUsername": "$slot-test-web000003", "azureStorageAccounts":
      {}, "scmType": "None", "use32BitWorkerProcess": true, "webSocketsEnabled": false,
      "alwaysOn": false, "appCommandLine": "", "managedPipelineMode": "Integrated",
      "virtualApplications": [{"virtualPath": "/", "physicalPath": "site\\\\wwwroot",
      "preloadEnabled": false}], "loadBalancing": "LeastRequests", "experiments":
      {"rampUpRules": []}, "autoHealEnabled": false, "vnetName": "", "localMySqlEnabled":
      false, "http20Enabled": true, "minTlsVersion": "1.2", "ftpsState": "AllAllowed",
      "reservedInstanceCount": 0}}'''
    headers:
      Accept: [application/json]
      Accept-Encoding: ['gzip, deflate']
      CommandName: [webapp deployment slot create]
      Connection: [keep-alive]
      Content-Length: ['1093']
      Content-Type: [application/json; charset=utf-8]
      ParameterSetName: [-g -n --slot --configuration-source]
      User-Agent: [python/3.7.0 (Windows-10-10.0.17134-SP0) msrest/0.6.1 msrest_azure/0.4.34
          azure-mgmt-web/0.40.0 Azure-SDK-For-Python AZURECLI/2.0.51]
      accept-language: [en-US]
    method: PATCH
    uri: https://management.azure.com/subscriptions/00000000-0000-0000-0000-000000000000/resourceGroups/clitest.rg000001/providers/Microsoft.Web/sites/slot-test-web000003/slots/dev/config/web?api-version=2018-02-01
  response:
    body: {string: '{"id":"/subscriptions/00000000-0000-0000-0000-000000000000/resourceGroups/clitest.rg000001/providers/Microsoft.Web/sites/slot-test-web000003/slots/dev","name":"slot-test-web000003/dev","type":"Microsoft.Web/sites/slots","location":"West
        US","properties":{"numberOfWorkers":1,"defaultDocuments":["Default.htm","Default.html","Default.asp","index.htm","index.html","iisstart.htm","default.aspx","index.php","hostingstart.html"],"netFrameworkVersion":"v4.0","phpVersion":"5.6","pythonVersion":"","nodeVersion":"","linuxFxVersion":"","windowsFxVersion":null,"requestTracingEnabled":false,"remoteDebuggingEnabled":false,"remoteDebuggingVersion":"VS2017","httpLoggingEnabled":false,"logsDirectorySizeLimit":35,"detailedErrorLoggingEnabled":false,"publishingUsername":"$slot-test-web000003__dev","publishingPassword":null,"appSettings":null,"azureStorageAccounts":{},"metadata":null,"connectionStrings":null,"machineKey":null,"handlerMappings":null,"documentRoot":null,"scmType":"None","use32BitWorkerProcess":true,"webSocketsEnabled":false,"alwaysOn":false,"javaVersion":null,"javaContainer":null,"javaContainerVersion":null,"appCommandLine":"","managedPipelineMode":"Integrated","virtualApplications":[{"virtualPath":"/","physicalPath":"site\\wwwroot","preloadEnabled":false,"virtualDirectories":null}],"winAuthAdminState":0,"winAuthTenantState":0,"customAppPoolIdentityAdminState":false,"customAppPoolIdentityTenantState":false,"runtimeADUser":null,"runtimeADUserPassword":null,"loadBalancing":"LeastRequests","routingRules":[],"experiments":{"rampUpRules":[]},"limits":null,"autoHealEnabled":false,"autoHealRules":null,"tracingOptions":null,"vnetName":"","siteAuthEnabled":false,"siteAuthSettings":{"enabled":null,"unauthenticatedClientAction":null,"tokenStoreEnabled":null,"allowedExternalRedirectUrls":null,"defaultProvider":null,"clientId":null,"clientSecret":null,"issuer":null,"allowedAudiences":null,"additionalLoginParams":null,"isAadAutoProvisioned":false,"googleClientId":null,"googleClientSecret":null,"googleOAuthScopes":null,"facebookAppId":null,"facebookAppSecret":null,"facebookOAuthScopes":null,"twitterConsumerKey":null,"twitterConsumerSecret":null,"microsoftAccountClientId":null,"microsoftAccountClientSecret":null,"microsoftAccountOAuthScopes":null},"cors":null,"push":null,"apiDefinition":null,"autoSwapSlotName":null,"localMySqlEnabled":false,"managedServiceIdentityId":null,"xManagedServiceIdentityId":null,"ipSecurityRestrictions":null,"http20Enabled":true,"minTlsVersion":"1.2","ftpsState":"AllAllowed","reservedInstanceCount":0}}'}
    headers:
      cache-control: [no-cache]
      content-length: ['2625']
      content-type: [application/json]
      date: ['Mon, 12 Nov 2018 01:49:16 GMT']
      etag: ['"1D47A29EBD25BEB"']
      expires: ['-1']
      pragma: [no-cache]
      server: [Microsoft-IIS/10.0]
      strict-transport-security: [max-age=31536000; includeSubDomains]
      transfer-encoding: [chunked]
      vary: [Accept-Encoding]
      x-aspnet-version: [4.0.30319]
      x-content-type-options: [nosniff]
      x-ms-ratelimit-remaining-subscription-writes: ['1199']
      x-powered-by: [ASP.NET]
    status: {code: 200, message: OK}
- request:
    body: null
    headers:
      Accept: [application/json]
      Accept-Encoding: ['gzip, deflate']
      CommandName: [webapp deployment slot create]
      Connection: [keep-alive]
      ParameterSetName: [-g -n --slot --configuration-source]
      User-Agent: [python/3.7.0 (Windows-10-10.0.17134-SP0) msrest/0.6.1 msrest_azure/0.4.34
          azure-mgmt-web/0.40.0 Azure-SDK-For-Python AZURECLI/2.0.51]
      accept-language: [en-US]
    method: GET
    uri: https://management.azure.com/subscriptions/00000000-0000-0000-0000-000000000000/resourceGroups/clitest.rg000001/providers/Microsoft.Web/sites/slot-test-web000003/config/slotConfigNames?api-version=2018-02-01
  response:
    body: {string: '{"id":null,"name":"slot-test-web000003","type":"Microsoft.Web/sites","location":"West
        US","properties":{"connectionStringNames":[],"appSettingNames":["s2"],"azureStorageConfigNames":[]}}'}
    headers:
      cache-control: [no-cache]
      content-length: ['191']
      content-type: [application/json]
      date: ['Mon, 12 Nov 2018 01:49:17 GMT']
      expires: ['-1']
      pragma: [no-cache]
      server: [Microsoft-IIS/10.0]
      strict-transport-security: [max-age=31536000; includeSubDomains]
      transfer-encoding: [chunked]
      vary: [Accept-Encoding]
      x-aspnet-version: [4.0.30319]
      x-content-type-options: [nosniff]
      x-powered-by: [ASP.NET]
    status: {code: 200, message: OK}
- request:
    body: null
    headers:
      Accept: [application/json]
      Accept-Encoding: ['gzip, deflate']
      CommandName: [webapp deployment slot create]
      Connection: [keep-alive]
      Content-Length: ['0']
      ParameterSetName: [-g -n --slot --configuration-source]
      User-Agent: [python/3.7.0 (Windows-10-10.0.17134-SP0) msrest/0.6.1 msrest_azure/0.4.34
          azure-mgmt-web/0.40.0 Azure-SDK-For-Python AZURECLI/2.0.51]
      accept-language: [en-US]
    method: POST
    uri: https://management.azure.com/subscriptions/00000000-0000-0000-0000-000000000000/resourceGroups/clitest.rg000001/providers/Microsoft.Web/sites/slot-test-web000003/config/appsettings/list?api-version=2018-02-01
  response:
    body: {string: '{"id":"/subscriptions/00000000-0000-0000-0000-000000000000/resourceGroups/clitest.rg000001/providers/Microsoft.Web/sites/slot-test-web000003/config/appsettings","name":"appsettings","type":"Microsoft.Web/sites/config","location":"West
        US","properties":{"WEBSITE_NODE_DEFAULT_VERSION":"6.9.1","s2":"v2"}}'}
    headers:
      cache-control: [no-cache]
      content-length: ['367']
      content-type: [application/json]
      date: ['Mon, 12 Nov 2018 01:49:19 GMT']
      expires: ['-1']
      pragma: [no-cache]
      server: [Microsoft-IIS/10.0]
      strict-transport-security: [max-age=31536000; includeSubDomains]
      transfer-encoding: [chunked]
      vary: [Accept-Encoding]
      x-aspnet-version: [4.0.30319]
      x-content-type-options: [nosniff]
      x-ms-ratelimit-remaining-subscription-resource-requests: ['11998']
      x-powered-by: [ASP.NET]
    status: {code: 200, message: OK}
- request:
    body: null
    headers:
      Accept: [application/json]
      Accept-Encoding: ['gzip, deflate']
      CommandName: [webapp deployment slot create]
      Connection: [keep-alive]
      Content-Length: ['0']
      ParameterSetName: [-g -n --slot --configuration-source]
      User-Agent: [python/3.7.0 (Windows-10-10.0.17134-SP0) msrest/0.6.1 msrest_azure/0.4.34
          azure-mgmt-web/0.40.0 Azure-SDK-For-Python AZURECLI/2.0.51]
      accept-language: [en-US]
    method: POST
    uri: https://management.azure.com/subscriptions/00000000-0000-0000-0000-000000000000/resourceGroups/clitest.rg000001/providers/Microsoft.Web/sites/slot-test-web000003/config/connectionstrings/list?api-version=2018-02-01
  response:
    body: {string: '{"id":"/subscriptions/00000000-0000-0000-0000-000000000000/resourceGroups/clitest.rg000001/providers/Microsoft.Web/sites/slot-test-web000003/config/connectionstrings","name":"connectionstrings","type":"Microsoft.Web/sites/config","location":"West
        US","properties":{}}'}
    headers:
      cache-control: [no-cache]
      content-length: ['331']
      content-type: [application/json]
      date: ['Mon, 12 Nov 2018 01:49:20 GMT']
      expires: ['-1']
      pragma: [no-cache]
      server: [Microsoft-IIS/10.0]
      strict-transport-security: [max-age=31536000; includeSubDomains]
      transfer-encoding: [chunked]
      vary: [Accept-Encoding]
      x-aspnet-version: [4.0.30319]
      x-content-type-options: [nosniff]
      x-ms-ratelimit-remaining-subscription-resource-requests: ['11999']
      x-powered-by: [ASP.NET]
    status: {code: 200, message: OK}
- request:
    body: '{"kind": "<class ''str''>", "properties": {"WEBSITE_NODE_DEFAULT_VERSION":
      "6.9.1"}}'
    headers:
      Accept: [application/json]
      Accept-Encoding: ['gzip, deflate']
      CommandName: [webapp deployment slot create]
      Connection: [keep-alive]
      Content-Length: ['82']
      Content-Type: [application/json; charset=utf-8]
      ParameterSetName: [-g -n --slot --configuration-source]
      User-Agent: [python/3.7.0 (Windows-10-10.0.17134-SP0) msrest/0.6.1 msrest_azure/0.4.34
          azure-mgmt-web/0.40.0 Azure-SDK-For-Python AZURECLI/2.0.51]
      accept-language: [en-US]
    method: PUT
    uri: https://management.azure.com/subscriptions/00000000-0000-0000-0000-000000000000/resourceGroups/clitest.rg000001/providers/Microsoft.Web/sites/slot-test-web000003/slots/dev/config/appsettings?api-version=2018-02-01
  response:
    body: {string: '{"id":"/subscriptions/00000000-0000-0000-0000-000000000000/resourceGroups/clitest.rg000001/providers/Microsoft.Web/sites/slot-test-web000003/slots/dev/config/appsettings","name":"appsettings","type":"Microsoft.Web/sites/config","location":"West
        US","properties":{"WEBSITE_NODE_DEFAULT_VERSION":"6.9.1"}}'}
    headers:
      cache-control: [no-cache]
      content-length: ['367']
      content-type: [application/json]
      date: ['Mon, 12 Nov 2018 01:49:21 GMT']
      etag: ['"1D47A29EEC199A0"']
      expires: ['-1']
      pragma: [no-cache]
      server: [Microsoft-IIS/10.0]
      strict-transport-security: [max-age=31536000; includeSubDomains]
      transfer-encoding: [chunked]
      vary: [Accept-Encoding]
      x-aspnet-version: [4.0.30319]
      x-content-type-options: [nosniff]
      x-ms-ratelimit-remaining-subscription-writes: ['1199']
      x-powered-by: [ASP.NET]
    status: {code: 200, message: OK}
- request:
    body: '{"kind": "<class ''str''>", "properties": {}}'
    headers:
      Accept: [application/json]
      Accept-Encoding: ['gzip, deflate']
      CommandName: [webapp deployment slot create]
      Connection: [keep-alive]
      Content-Length: ['43']
      Content-Type: [application/json; charset=utf-8]
      ParameterSetName: [-g -n --slot --configuration-source]
      User-Agent: [python/3.7.0 (Windows-10-10.0.17134-SP0) msrest/0.6.1 msrest_azure/0.4.34
          azure-mgmt-web/0.40.0 Azure-SDK-For-Python AZURECLI/2.0.51]
      accept-language: [en-US]
    method: PUT
    uri: https://management.azure.com/subscriptions/00000000-0000-0000-0000-000000000000/resourceGroups/clitest.rg000001/providers/Microsoft.Web/sites/slot-test-web000003/slots/dev/config/connectionstrings?api-version=2018-02-01
  response:
    body: {string: '{"id":"/subscriptions/00000000-0000-0000-0000-000000000000/resourceGroups/clitest.rg000001/providers/Microsoft.Web/sites/slot-test-web000003/slots/dev/config/connectionstrings","name":"connectionstrings","type":"Microsoft.Web/sites/config","location":"West
        US","properties":{}}'}
    headers:
      cache-control: [no-cache]
      content-length: ['341']
      content-type: [application/json]
      date: ['Mon, 12 Nov 2018 01:49:23 GMT']
      etag: ['"1D47A29EF9CD16B"']
      expires: ['-1']
      pragma: [no-cache]
      server: [Microsoft-IIS/10.0]
      strict-transport-security: [max-age=31536000; includeSubDomains]
      transfer-encoding: [chunked]
      vary: [Accept-Encoding]
      x-aspnet-version: [4.0.30319]
      x-content-type-options: [nosniff]
      x-ms-ratelimit-remaining-subscription-writes: ['1199']
      x-powered-by: [ASP.NET]
    status: {code: 200, message: OK}
- request:
    body: null
    headers:
      Accept: [application/json]
      Accept-Encoding: ['gzip, deflate']
      CommandName: [webapp config show]
      Connection: [keep-alive]
      ParameterSetName: [-g -n --slot]
      User-Agent: [python/3.7.0 (Windows-10-10.0.17134-SP0) msrest/0.6.1 msrest_azure/0.4.34
          azure-mgmt-web/0.40.0 Azure-SDK-For-Python AZURECLI/2.0.51]
      accept-language: [en-US]
    method: GET
    uri: https://management.azure.com/subscriptions/00000000-0000-0000-0000-000000000000/resourceGroups/clitest.rg000001/providers/Microsoft.Web/sites/slot-test-web000003/slots/dev/config/web?api-version=2018-02-01
  response:
    body: {string: '{"id":"/subscriptions/00000000-0000-0000-0000-000000000000/resourceGroups/clitest.rg000001/providers/Microsoft.Web/sites/slot-test-web000003/slots/dev/config/web","name":"slot-test-web000003","type":"Microsoft.Web/sites/config","location":"West
        US","properties":{"numberOfWorkers":1,"defaultDocuments":["Default.htm","Default.html","Default.asp","index.htm","index.html","iisstart.htm","default.aspx","index.php","hostingstart.html"],"netFrameworkVersion":"v4.0","phpVersion":"5.6","pythonVersion":"","nodeVersion":"","linuxFxVersion":"","windowsFxVersion":null,"requestTracingEnabled":false,"remoteDebuggingEnabled":false,"remoteDebuggingVersion":"VS2017","httpLoggingEnabled":false,"logsDirectorySizeLimit":35,"detailedErrorLoggingEnabled":false,"publishingUsername":"$slot-test-web000003__dev","publishingPassword":null,"appSettings":null,"azureStorageAccounts":{},"metadata":null,"connectionStrings":null,"machineKey":null,"handlerMappings":null,"documentRoot":null,"scmType":"None","use32BitWorkerProcess":true,"webSocketsEnabled":false,"alwaysOn":false,"javaVersion":null,"javaContainer":null,"javaContainerVersion":null,"appCommandLine":"","managedPipelineMode":"Integrated","virtualApplications":[{"virtualPath":"/","physicalPath":"site\\wwwroot","preloadEnabled":false,"virtualDirectories":null}],"winAuthAdminState":0,"winAuthTenantState":0,"customAppPoolIdentityAdminState":false,"customAppPoolIdentityTenantState":false,"runtimeADUser":null,"runtimeADUserPassword":null,"loadBalancing":"LeastRequests","routingRules":[],"experiments":{"rampUpRules":[]},"limits":null,"autoHealEnabled":false,"autoHealRules":null,"tracingOptions":null,"vnetName":"","siteAuthEnabled":false,"siteAuthSettings":{"enabled":null,"unauthenticatedClientAction":null,"tokenStoreEnabled":null,"allowedExternalRedirectUrls":null,"defaultProvider":null,"clientId":null,"clientSecret":null,"issuer":null,"allowedAudiences":null,"additionalLoginParams":null,"isAadAutoProvisioned":false,"googleClientId":null,"googleClientSecret":null,"googleOAuthScopes":null,"facebookAppId":null,"facebookAppSecret":null,"facebookOAuthScopes":null,"twitterConsumerKey":null,"twitterConsumerSecret":null,"microsoftAccountClientId":null,"microsoftAccountClientSecret":null,"microsoftAccountOAuthScopes":null},"cors":null,"push":null,"apiDefinition":null,"autoSwapSlotName":null,"localMySqlEnabled":false,"managedServiceIdentityId":null,"xManagedServiceIdentityId":null,"ipSecurityRestrictions":null,"http20Enabled":true,"minTlsVersion":"1.2","ftpsState":"AllAllowed","reservedInstanceCount":0}}'}
    headers:
      cache-control: [no-cache]
      content-length: ['2633']
      content-type: [application/json]
      date: ['Mon, 12 Nov 2018 01:49:23 GMT']
      expires: ['-1']
      pragma: [no-cache]
      server: [Microsoft-IIS/10.0]
      strict-transport-security: [max-age=31536000; includeSubDomains]
      transfer-encoding: [chunked]
      vary: [Accept-Encoding]
      x-aspnet-version: [4.0.30319]
      x-content-type-options: [nosniff]
      x-powered-by: [ASP.NET]
    status: {code: 200, message: OK}
- request:
    body: null
    headers:
      Accept: [application/json]
      Accept-Encoding: ['gzip, deflate']
      CommandName: [webapp config appsettings set]
      Connection: [keep-alive]
      Content-Length: ['0']
      ParameterSetName: [-g -n --slot --settings --slot-settings]
      User-Agent: [python/3.7.0 (Windows-10-10.0.17134-SP0) msrest/0.6.1 msrest_azure/0.4.34
          azure-mgmt-web/0.40.0 Azure-SDK-For-Python AZURECLI/2.0.51]
      accept-language: [en-US]
    method: POST
    uri: https://management.azure.com/subscriptions/00000000-0000-0000-0000-000000000000/resourceGroups/clitest.rg000001/providers/Microsoft.Web/sites/slot-test-web000003/slots/dev/config/appsettings/list?api-version=2018-02-01
  response:
    body: {string: '{"id":"/subscriptions/00000000-0000-0000-0000-000000000000/resourceGroups/clitest.rg000001/providers/Microsoft.Web/sites/slot-test-web000003/slots/dev/config/appsettings","name":"appsettings","type":"Microsoft.Web/sites/config","location":"West
        US","properties":{"WEBSITE_NODE_DEFAULT_VERSION":"6.9.1"}}'}
    headers:
      cache-control: [no-cache]
      content-length: ['367']
      content-type: [application/json]
      date: ['Mon, 12 Nov 2018 01:49:24 GMT']
      expires: ['-1']
      pragma: [no-cache]
      server: [Microsoft-IIS/10.0]
      strict-transport-security: [max-age=31536000; includeSubDomains]
      transfer-encoding: [chunked]
      vary: [Accept-Encoding]
      x-aspnet-version: [4.0.30319]
      x-content-type-options: [nosniff]
      x-ms-ratelimit-remaining-subscription-resource-requests: ['11999']
      x-powered-by: [ASP.NET]
    status: {code: 200, message: OK}
- request:
    body: '{"kind": "<class ''str''>", "properties": {"WEBSITE_NODE_DEFAULT_VERSION":
      "6.9.1", "s3": "v3", "s4": "v4"}}'
    headers:
      Accept: [application/json]
      Accept-Encoding: ['gzip, deflate']
      CommandName: [webapp config appsettings set]
      Connection: [keep-alive]
      Content-Length: ['106']
      Content-Type: [application/json; charset=utf-8]
      ParameterSetName: [-g -n --slot --settings --slot-settings]
      User-Agent: [python/3.7.0 (Windows-10-10.0.17134-SP0) msrest/0.6.1 msrest_azure/0.4.34
          azure-mgmt-web/0.40.0 Azure-SDK-For-Python AZURECLI/2.0.51]
      accept-language: [en-US]
    method: PUT
    uri: https://management.azure.com/subscriptions/00000000-0000-0000-0000-000000000000/resourceGroups/clitest.rg000001/providers/Microsoft.Web/sites/slot-test-web000003/slots/dev/config/appsettings?api-version=2018-02-01
  response:
    body: {string: '{"id":"/subscriptions/00000000-0000-0000-0000-000000000000/resourceGroups/clitest.rg000001/providers/Microsoft.Web/sites/slot-test-web000003/slots/dev/config/appsettings","name":"appsettings","type":"Microsoft.Web/sites/config","location":"West
        US","properties":{"WEBSITE_NODE_DEFAULT_VERSION":"6.9.1","s3":"v3","s4":"v4"}}'}
    headers:
      cache-control: [no-cache]
      content-length: ['387']
      content-type: [application/json]
      date: ['Mon, 12 Nov 2018 01:49:26 GMT']
      etag: ['"1D47A29F14A1940"']
      expires: ['-1']
      pragma: [no-cache]
      server: [Microsoft-IIS/10.0]
      strict-transport-security: [max-age=31536000; includeSubDomains]
      transfer-encoding: [chunked]
      vary: [Accept-Encoding]
      x-aspnet-version: [4.0.30319]
      x-content-type-options: [nosniff]
      x-ms-ratelimit-remaining-subscription-writes: ['1199']
      x-powered-by: [ASP.NET]
    status: {code: 200, message: OK}
- request:
    body: null
    headers:
      Accept: [application/json]
      Accept-Encoding: ['gzip, deflate']
      CommandName: [webapp config appsettings set]
      Connection: [keep-alive]
      ParameterSetName: [-g -n --slot --settings --slot-settings]
      User-Agent: [python/3.7.0 (Windows-10-10.0.17134-SP0) msrest/0.6.1 msrest_azure/0.4.34
          azure-mgmt-web/0.40.0 Azure-SDK-For-Python AZURECLI/2.0.51]
      accept-language: [en-US]
    method: GET
    uri: https://management.azure.com/subscriptions/00000000-0000-0000-0000-000000000000/resourceGroups/clitest.rg000001/providers/Microsoft.Web/sites/slot-test-web000003/config/slotConfigNames?api-version=2018-02-01
  response:
    body: {string: '{"id":null,"name":"slot-test-web000003","type":"Microsoft.Web/sites","location":"West
        US","properties":{"connectionStringNames":[],"appSettingNames":["s2"],"azureStorageConfigNames":[]}}'}
    headers:
      cache-control: [no-cache]
      content-length: ['191']
      content-type: [application/json]
      date: ['Mon, 12 Nov 2018 01:49:26 GMT']
      expires: ['-1']
      pragma: [no-cache]
      server: [Microsoft-IIS/10.0]
      strict-transport-security: [max-age=31536000; includeSubDomains]
      transfer-encoding: [chunked]
      vary: [Accept-Encoding]
      x-aspnet-version: [4.0.30319]
      x-content-type-options: [nosniff]
      x-powered-by: [ASP.NET]
    status: {code: 200, message: OK}
- request:
    body: '{"properties": {"connectionStringNames": [], "appSettingNames": ["s2",
      "s4"], "azureStorageConfigNames": []}}'
    headers:
      Accept: [application/json]
      Accept-Encoding: ['gzip, deflate']
      CommandName: [webapp config appsettings set]
      Connection: [keep-alive]
      Content-Length: ['109']
      Content-Type: [application/json; charset=utf-8]
      ParameterSetName: [-g -n --slot --settings --slot-settings]
      User-Agent: [python/3.7.0 (Windows-10-10.0.17134-SP0) msrest/0.6.1 msrest_azure/0.4.34
          azure-mgmt-web/0.40.0 Azure-SDK-For-Python AZURECLI/2.0.51]
      accept-language: [en-US]
    method: PUT
    uri: https://management.azure.com/subscriptions/00000000-0000-0000-0000-000000000000/resourceGroups/clitest.rg000001/providers/Microsoft.Web/sites/slot-test-web000003/config/slotConfigNames?api-version=2018-02-01
  response:
    body: {string: '{"id":null,"name":"slot-test-web000003","type":"Microsoft.Web/sites","location":"West
        US","properties":{"connectionStringNames":[],"appSettingNames":["s2","s4"],"azureStorageConfigNames":[]}}'}
    headers:
      cache-control: [no-cache]
      content-length: ['196']
      content-type: [application/json]
      date: ['Mon, 12 Nov 2018 01:49:28 GMT']
      expires: ['-1']
      pragma: [no-cache]
      server: [Microsoft-IIS/10.0]
      strict-transport-security: [max-age=31536000; includeSubDomains]
      transfer-encoding: [chunked]
      vary: [Accept-Encoding]
      x-aspnet-version: [4.0.30319]
      x-content-type-options: [nosniff]
      x-ms-ratelimit-remaining-subscription-writes: ['1199']
      x-powered-by: [ASP.NET]
    status: {code: 200, message: OK}
- request:
    body: null
    headers:
      Accept: [application/json]
      Accept-Encoding: ['gzip, deflate']
      CommandName: [webapp config connection-string set]
      Connection: [keep-alive]
      Content-Length: ['0']
      ParameterSetName: [-g -n -t --slot --settings --slot-settings]
      User-Agent: [python/3.7.0 (Windows-10-10.0.17134-SP0) msrest/0.6.1 msrest_azure/0.4.34
          azure-mgmt-web/0.40.0 Azure-SDK-For-Python AZURECLI/2.0.51]
      accept-language: [en-US]
    method: POST
    uri: https://management.azure.com/subscriptions/00000000-0000-0000-0000-000000000000/resourceGroups/clitest.rg000001/providers/Microsoft.Web/sites/slot-test-web000003/slots/dev/config/connectionstrings/list?api-version=2018-02-01
  response:
    body: {string: '{"id":"/subscriptions/00000000-0000-0000-0000-000000000000/resourceGroups/clitest.rg000001/providers/Microsoft.Web/sites/slot-test-web000003/slots/dev/config/connectionstrings","name":"connectionstrings","type":"Microsoft.Web/sites/config","location":"West
        US","properties":{}}'}
    headers:
      cache-control: [no-cache]
      content-length: ['341']
      content-type: [application/json]
      date: ['Mon, 12 Nov 2018 01:49:28 GMT']
      expires: ['-1']
      pragma: [no-cache]
      server: [Microsoft-IIS/10.0]
      strict-transport-security: [max-age=31536000; includeSubDomains]
      transfer-encoding: [chunked]
      vary: [Accept-Encoding]
      x-aspnet-version: [4.0.30319]
      x-content-type-options: [nosniff]
      x-ms-ratelimit-remaining-subscription-resource-requests: ['11998']
      x-powered-by: [ASP.NET]
    status: {code: 200, message: OK}
- request:
    body: '{"kind": "<class ''str''>", "properties": {"c1": {"value": "connection1",
      "type": "MySql"}, "c2": {"value": "connection2", "type": "MySql"}}}'
    headers:
      Accept: [application/json]
      Accept-Encoding: ['gzip, deflate']
      CommandName: [webapp config connection-string set]
      Connection: [keep-alive]
      Content-Length: ['139']
      Content-Type: [application/json; charset=utf-8]
      ParameterSetName: [-g -n -t --slot --settings --slot-settings]
      User-Agent: [python/3.7.0 (Windows-10-10.0.17134-SP0) msrest/0.6.1 msrest_azure/0.4.34
          azure-mgmt-web/0.40.0 Azure-SDK-For-Python AZURECLI/2.0.51]
      accept-language: [en-US]
    method: PUT
    uri: https://management.azure.com/subscriptions/00000000-0000-0000-0000-000000000000/resourceGroups/clitest.rg000001/providers/Microsoft.Web/sites/slot-test-web000003/slots/dev/config/connectionstrings?api-version=2018-02-01
  response:
    body: {string: '{"id":"/subscriptions/00000000-0000-0000-0000-000000000000/resourceGroups/clitest.rg000001/providers/Microsoft.Web/sites/slot-test-web000003/slots/dev/config/connectionstrings","name":"connectionstrings","type":"Microsoft.Web/sites/config","location":"West
        US","properties":{"c1":{"value":"connection1","type":"MySql"},"c2":{"value":"connection2","type":"MySql"}}}'}
    headers:
      cache-control: [no-cache]
      content-length: ['428']
      content-type: [application/json]
      date: ['Mon, 12 Nov 2018 01:49:29 GMT']
      etag: ['"1D47A29F3B8260B"']
      expires: ['-1']
      pragma: [no-cache]
      server: [Microsoft-IIS/10.0]
      strict-transport-security: [max-age=31536000; includeSubDomains]
      transfer-encoding: [chunked]
      vary: [Accept-Encoding]
      x-aspnet-version: [4.0.30319]
      x-content-type-options: [nosniff]
      x-ms-ratelimit-remaining-subscription-writes: ['1199']
      x-powered-by: [ASP.NET]
    status: {code: 200, message: OK}
- request:
    body: null
    headers:
      Accept: [application/json]
      Accept-Encoding: ['gzip, deflate']
      CommandName: [webapp config connection-string set]
      Connection: [keep-alive]
      ParameterSetName: [-g -n -t --slot --settings --slot-settings]
      User-Agent: [python/3.7.0 (Windows-10-10.0.17134-SP0) msrest/0.6.1 msrest_azure/0.4.34
          azure-mgmt-web/0.40.0 Azure-SDK-For-Python AZURECLI/2.0.51]
      accept-language: [en-US]
    method: GET
    uri: https://management.azure.com/subscriptions/00000000-0000-0000-0000-000000000000/resourceGroups/clitest.rg000001/providers/Microsoft.Web/sites/slot-test-web000003/config/slotConfigNames?api-version=2018-02-01
  response:
    body: {string: '{"id":null,"name":"slot-test-web000003","type":"Microsoft.Web/sites","location":"West
        US","properties":{"connectionStringNames":[],"appSettingNames":["s2","s4"],"azureStorageConfigNames":[]}}'}
    headers:
      cache-control: [no-cache]
      content-length: ['196']
      content-type: [application/json]
      date: ['Mon, 12 Nov 2018 01:49:41 GMT']
      expires: ['-1']
      pragma: [no-cache]
      server: [Microsoft-IIS/10.0]
      strict-transport-security: [max-age=31536000; includeSubDomains]
      transfer-encoding: [chunked]
      vary: [Accept-Encoding]
      x-aspnet-version: [4.0.30319]
      x-content-type-options: [nosniff]
      x-powered-by: [ASP.NET]
    status: {code: 200, message: OK}
- request:
    body: '{"properties": {"connectionStringNames": ["c2"], "appSettingNames": ["s2",
      "s4"], "azureStorageConfigNames": []}}'
    headers:
      Accept: [application/json]
      Accept-Encoding: ['gzip, deflate']
      CommandName: [webapp config connection-string set]
      Connection: [keep-alive]
      Content-Length: ['113']
      Content-Type: [application/json; charset=utf-8]
      ParameterSetName: [-g -n -t --slot --settings --slot-settings]
      User-Agent: [python/3.7.0 (Windows-10-10.0.17134-SP0) msrest/0.6.1 msrest_azure/0.4.34
          azure-mgmt-web/0.40.0 Azure-SDK-For-Python AZURECLI/2.0.51]
      accept-language: [en-US]
    method: PUT
    uri: https://management.azure.com/subscriptions/00000000-0000-0000-0000-000000000000/resourceGroups/clitest.rg000001/providers/Microsoft.Web/sites/slot-test-web000003/config/slotConfigNames?api-version=2018-02-01
  response:
    body: {string: '{"id":null,"name":"slot-test-web000003","type":"Microsoft.Web/sites","location":"West
        US","properties":{"connectionStringNames":["c2"],"appSettingNames":["s2","s4"],"azureStorageConfigNames":[]}}'}
    headers:
      cache-control: [no-cache]
      content-length: ['200']
      content-type: [application/json]
      date: ['Mon, 12 Nov 2018 01:49:42 GMT']
      expires: ['-1']
      pragma: [no-cache]
      server: [Microsoft-IIS/10.0]
      strict-transport-security: [max-age=31536000; includeSubDomains]
      transfer-encoding: [chunked]
      vary: [Accept-Encoding]
      x-aspnet-version: [4.0.30319]
      x-content-type-options: [nosniff]
      x-ms-ratelimit-remaining-subscription-writes: ['1198']
      x-powered-by: [ASP.NET]
    status: {code: 200, message: OK}
- request:
    body: '{"targetSlot": "dev", "preserveVnet": true}'
    headers:
      Accept: [application/json]
      Accept-Encoding: ['gzip, deflate']
      CommandName: [webapp deployment slot swap]
      Connection: [keep-alive]
      Content-Length: ['43']
      Content-Type: [application/json; charset=utf-8]
      ParameterSetName: [-g -n --slot --target-slot]
      User-Agent: [python/3.7.0 (Windows-10-10.0.17134-SP0) msrest/0.6.1 msrest_azure/0.4.34
          azure-mgmt-web/0.40.0 Azure-SDK-For-Python AZURECLI/2.0.51]
      accept-language: [en-US]
    method: POST
    uri: https://management.azure.com/subscriptions/00000000-0000-0000-0000-000000000000/resourceGroups/clitest.rg000001/providers/Microsoft.Web/sites/slot-test-web000003/slots/staging/slotsswap?api-version=2018-02-01
  response:
    body: {string: ''}
    headers:
      cache-control: [no-cache]
      content-length: ['0']
      date: ['Mon, 12 Nov 2018 01:49:44 GMT']
      etag: ['"1D47A29DA8B5840"']
      expires: ['-1']
      location: ['https://management.azure.com/subscriptions/00000000-0000-0000-0000-000000000000/resourceGroups/clitest.rg000001/providers/Microsoft.Web/sites/slot-test-web000003/slots/staging/operationresults/1975c07c-a09f-4fb7-814f-0633824ef221?api-version=2018-02-01']
      pragma: [no-cache]
      server: [Microsoft-IIS/10.0]
      strict-transport-security: [max-age=31536000; includeSubDomains]
      x-aspnet-version: [4.0.30319]
      x-content-type-options: [nosniff]
      x-ms-ratelimit-remaining-subscription-writes: ['1199']
      x-powered-by: [ASP.NET]
    status: {code: 202, message: Accepted}
- request:
    body: null
    headers:
      Accept: [application/json]
      Accept-Encoding: ['gzip, deflate']
      CommandName: [webapp deployment slot swap]
      Connection: [keep-alive]
      ParameterSetName: [-g -n --slot --target-slot]
      User-Agent: [python/3.7.0 (Windows-10-10.0.17134-SP0) msrest/0.6.1 msrest_azure/0.4.34
          azure-mgmt-web/0.40.0 Azure-SDK-For-Python AZURECLI/2.0.51]
    method: GET
    uri: https://management.azure.com/subscriptions/00000000-0000-0000-0000-000000000000/resourceGroups/clitest.rg000001/providers/Microsoft.Web/sites/slot-test-web000003/slots/staging/operationresults/1975c07c-a09f-4fb7-814f-0633824ef221?api-version=2018-02-01
  response:
    body: {string: ''}
    headers:
      cache-control: [no-cache]
      content-length: ['0']
      date: ['Mon, 12 Nov 2018 01:49:59 GMT']
      expires: ['-1']
      location: ['https://management.azure.com/subscriptions/00000000-0000-0000-0000-000000000000/resourceGroups/clitest.rg000001/providers/Microsoft.Web/sites/slot-test-web000003/slots/staging/operationresults/1975c07c-a09f-4fb7-814f-0633824ef221?api-version=2018-02-01']
      pragma: [no-cache]
      server: [Microsoft-IIS/10.0]
      strict-transport-security: [max-age=31536000; includeSubDomains]
      x-aspnet-version: [4.0.30319]
      x-content-type-options: [nosniff]
      x-powered-by: [ASP.NET]
    status: {code: 202, message: Accepted}
- request:
    body: null
    headers:
      Accept: [application/json]
      Accept-Encoding: ['gzip, deflate']
      CommandName: [webapp deployment slot swap]
      Connection: [keep-alive]
      ParameterSetName: [-g -n --slot --target-slot]
      User-Agent: [python/3.7.0 (Windows-10-10.0.17134-SP0) msrest/0.6.1 msrest_azure/0.4.34
          azure-mgmt-web/0.40.0 Azure-SDK-For-Python AZURECLI/2.0.51]
    method: GET
    uri: https://management.azure.com/subscriptions/00000000-0000-0000-0000-000000000000/resourceGroups/clitest.rg000001/providers/Microsoft.Web/sites/slot-test-web000003/slots/staging/operationresults/1975c07c-a09f-4fb7-814f-0633824ef221?api-version=2018-02-01
  response:
    body: {string: ''}
    headers:
      cache-control: [no-cache]
      content-length: ['0']
      date: ['Mon, 12 Nov 2018 01:50:15 GMT']
      expires: ['-1']
      location: ['https://management.azure.com/subscriptions/00000000-0000-0000-0000-000000000000/resourceGroups/clitest.rg000001/providers/Microsoft.Web/sites/slot-test-web000003/slots/staging/operationresults/1975c07c-a09f-4fb7-814f-0633824ef221?api-version=2018-02-01']
      pragma: [no-cache]
      server: [Microsoft-IIS/10.0]
      strict-transport-security: [max-age=31536000; includeSubDomains]
      x-aspnet-version: [4.0.30319]
      x-content-type-options: [nosniff]
      x-powered-by: [ASP.NET]
    status: {code: 202, message: Accepted}
- request:
    body: null
    headers:
      Accept: [application/json]
      Accept-Encoding: ['gzip, deflate']
      CommandName: [webapp deployment slot swap]
      Connection: [keep-alive]
      ParameterSetName: [-g -n --slot --target-slot]
      User-Agent: [python/3.7.0 (Windows-10-10.0.17134-SP0) msrest/0.6.1 msrest_azure/0.4.34
          azure-mgmt-web/0.40.0 Azure-SDK-For-Python AZURECLI/2.0.51]
    method: GET
    uri: https://management.azure.com/subscriptions/00000000-0000-0000-0000-000000000000/resourceGroups/clitest.rg000001/providers/Microsoft.Web/sites/slot-test-web000003/slots/staging/operationresults/1975c07c-a09f-4fb7-814f-0633824ef221?api-version=2018-02-01
  response:
    body: {string: ''}
    headers:
      cache-control: [no-cache]
      content-length: ['0']
      date: ['Mon, 12 Nov 2018 01:50:30 GMT']
      expires: ['-1']
      location: ['https://management.azure.com/subscriptions/00000000-0000-0000-0000-000000000000/resourceGroups/clitest.rg000001/providers/Microsoft.Web/sites/slot-test-web000003/slots/staging/operationresults/1975c07c-a09f-4fb7-814f-0633824ef221?api-version=2018-02-01']
      pragma: [no-cache]
      server: [Microsoft-IIS/10.0]
      strict-transport-security: [max-age=31536000; includeSubDomains]
      x-aspnet-version: [4.0.30319]
      x-content-type-options: [nosniff]
      x-powered-by: [ASP.NET]
    status: {code: 202, message: Accepted}
- request:
    body: null
    headers:
      Accept: [application/json]
      Accept-Encoding: ['gzip, deflate']
      CommandName: [webapp deployment slot swap]
      Connection: [keep-alive]
      ParameterSetName: [-g -n --slot --target-slot]
      User-Agent: [python/3.7.0 (Windows-10-10.0.17134-SP0) msrest/0.6.1 msrest_azure/0.4.34
          azure-mgmt-web/0.40.0 Azure-SDK-For-Python AZURECLI/2.0.51]
    method: GET
    uri: https://management.azure.com/subscriptions/00000000-0000-0000-0000-000000000000/resourceGroups/clitest.rg000001/providers/Microsoft.Web/sites/slot-test-web000003/slots/staging/operationresults/1975c07c-a09f-4fb7-814f-0633824ef221?api-version=2018-02-01
  response:
    body: {string: '{"id":"/subscriptions/00000000-0000-0000-0000-000000000000/resourceGroups/clitest.rg000001/providers/Microsoft.Web/sites/slot-test-web000003/slots/staging","name":"slot-test-web000003/staging","type":"Microsoft.Web/sites/slots","kind":"app","location":"West
        US","properties":{"name":"slot-test-web000003(staging)","state":"Running","hostNames":["slot-test-web000003-staging.azurewebsites.net"],"webSpace":"clitest.rg000001-WestUSwebspace","selfLink":"https://waws-prod-bay-075.api.azurewebsites.windows.net:454/subscriptions/00000000-0000-0000-0000-000000000000/webspaces/clitest.rg000001-WestUSwebspace/sites/slot-test-web000003","repositorySiteName":"slot-test-web000003","owner":null,"usageState":"Normal","enabled":true,"adminEnabled":true,"enabledHostNames":["slot-test-web000003-staging.azurewebsites.net","slot-test-web000003-staging.scm.azurewebsites.net"],"siteProperties":{"metadata":null,"properties":[{"name":"LinuxFxVersion","value":""},{"name":"WindowsFxVersion","value":null}],"appSettings":null},"availabilityState":"Normal","sslCertificates":null,"csrs":[],"cers":null,"siteMode":null,"hostNameSslStates":[{"name":"slot-test-web000003-staging.azurewebsites.net","sslState":"Disabled","ipBasedSslResult":null,"virtualIP":null,"thumbprint":null,"toUpdate":null,"toUpdateIpBasedSsl":null,"ipBasedSslState":"NotConfigured","hostType":"Standard"},{"name":"slot-test-web000003-staging.scm.azurewebsites.net","sslState":"Disabled","ipBasedSslResult":null,"virtualIP":null,"thumbprint":null,"toUpdate":null,"toUpdateIpBasedSsl":null,"ipBasedSslState":"NotConfigured","hostType":"Repository"}],"computeMode":null,"serverFarm":null,"serverFarmId":"/subscriptions/00000000-0000-0000-0000-000000000000/resourceGroups/clitest.rg000001/providers/Microsoft.Web/serverfarms/slot-test-plan000002","reserved":false,"isXenon":false,"lastModifiedTimeUtc":"2018-11-12T01:50:32.6033333","storageRecoveryDefaultState":"Running","contentAvailabilityState":"Normal","runtimeAvailabilityState":"Normal","siteConfig":null,"deploymentId":"slot-test-web000003__3434","trafficManagerHostNames":null,"sku":"Standard","scmSiteAlsoStopped":false,"targetSwapSlot":null,"hostingEnvironment":null,"hostingEnvironmentProfile":null,"clientAffinityEnabled":true,"clientCertEnabled":false,"hostNamesDisabled":false,"domainVerificationIdentifiers":null,"kind":"app","outboundIpAddresses":"104.40.3.53,104.40.18.224,104.40.21.79,104.40.21.56,104.40.23.196","possibleOutboundIpAddresses":"104.40.3.53,104.40.18.224,104.40.21.79,104.40.21.56,104.40.23.196,52.160.35.119,13.93.183.34","containerSize":0,"dailyMemoryTimeQuota":0,"suspendedTill":null,"siteDisabledReason":0,"functionExecutionUnitsCache":null,"maxNumberOfWorkers":null,"homeStamp":"waws-prod-bay-075","cloningInfo":null,"hostingEnvironmentId":null,"tags":null,"resourceGroup":"clitest.rg000001","defaultHostName":"slot-test-web000003-staging.azurewebsites.net","slotSwapStatus":{"timestampUtc":"2018-11-12T01:50:32.67Z","sourceSlotName":"staging","destinationSlotName":"dev"},"httpsOnly":false}}'}
    headers:
      cache-control: [no-cache]
      content-length: ['3390']
      content-type: [application/json]
      date: ['Mon, 12 Nov 2018 01:50:46 GMT']
      etag: ['"1D47A2A18EDB3B5"']
      expires: ['-1']
      pragma: [no-cache]
      server: [Microsoft-IIS/10.0]
      strict-transport-security: [max-age=31536000; includeSubDomains]
      transfer-encoding: [chunked]
      vary: [Accept-Encoding]
      x-aspnet-version: [4.0.30319]
      x-content-type-options: [nosniff]
      x-powered-by: [ASP.NET]
    status: {code: 200, message: OK}
- request:
    body: null
    headers:
      Accept: [application/json]
      Accept-Encoding: ['gzip, deflate']
      CommandName: [webapp config appsettings list]
      Connection: [keep-alive]
      Content-Length: ['0']
      ParameterSetName: [-g -n --slot]
      User-Agent: [python/3.7.0 (Windows-10-10.0.17134-SP0) msrest/0.6.1 msrest_azure/0.4.34
          azure-mgmt-web/0.40.0 Azure-SDK-For-Python AZURECLI/2.0.51]
      accept-language: [en-US]
    method: POST
    uri: https://management.azure.com/subscriptions/00000000-0000-0000-0000-000000000000/resourceGroups/clitest.rg000001/providers/Microsoft.Web/sites/slot-test-web000003/slots/dev/config/appsettings/list?api-version=2018-02-01
  response:
    body: {string: '{"id":"/subscriptions/00000000-0000-0000-0000-000000000000/resourceGroups/clitest.rg000001/providers/Microsoft.Web/sites/slot-test-web000003/slots/dev/config/appsettings","name":"appsettings","type":"Microsoft.Web/sites/config","location":"West
        US","properties":{"WEBSITE_NODE_DEFAULT_VERSION":"8.11.1","s1":"v1","s4":"v4"}}'}
    headers:
      cache-control: [no-cache]
      content-length: ['388']
      content-type: [application/json]
      date: ['Mon, 12 Nov 2018 01:50:47 GMT']
      expires: ['-1']
      pragma: [no-cache]
      server: [Microsoft-IIS/10.0]
      strict-transport-security: [max-age=31536000; includeSubDomains]
      transfer-encoding: [chunked]
      vary: [Accept-Encoding]
      x-aspnet-version: [4.0.30319]
      x-content-type-options: [nosniff]
      x-ms-ratelimit-remaining-subscription-resource-requests: ['11999']
      x-powered-by: [ASP.NET]
    status: {code: 200, message: OK}
- request:
    body: null
    headers:
      Accept: [application/json]
      Accept-Encoding: ['gzip, deflate']
      CommandName: [webapp config appsettings list]
      Connection: [keep-alive]
      ParameterSetName: [-g -n --slot]
      User-Agent: [python/3.7.0 (Windows-10-10.0.17134-SP0) msrest/0.6.1 msrest_azure/0.4.34
          azure-mgmt-web/0.40.0 Azure-SDK-For-Python AZURECLI/2.0.51]
      accept-language: [en-US]
    method: GET
    uri: https://management.azure.com/subscriptions/00000000-0000-0000-0000-000000000000/resourceGroups/clitest.rg000001/providers/Microsoft.Web/sites/slot-test-web000003/config/slotConfigNames?api-version=2018-02-01
  response:
    body: {string: '{"id":null,"name":"slot-test-web000003","type":"Microsoft.Web/sites","location":"West
        US","properties":{"connectionStringNames":["c2"],"appSettingNames":["s2","s4"],"azureStorageConfigNames":[]}}'}
    headers:
      cache-control: [no-cache]
      content-length: ['200']
      content-type: [application/json]
      date: ['Mon, 12 Nov 2018 01:50:48 GMT']
      expires: ['-1']
      pragma: [no-cache]
      server: [Microsoft-IIS/10.0]
      strict-transport-security: [max-age=31536000; includeSubDomains]
      transfer-encoding: [chunked]
      vary: [Accept-Encoding]
      x-aspnet-version: [4.0.30319]
      x-content-type-options: [nosniff]
      x-powered-by: [ASP.NET]
    status: {code: 200, message: OK}
- request:
    body: null
    headers:
      Accept: [application/json]
      Accept-Encoding: ['gzip, deflate']
      CommandName: [webapp config connection-string list]
      Connection: [keep-alive]
      Content-Length: ['0']
      ParameterSetName: [-g -n --slot]
      User-Agent: [python/3.7.0 (Windows-10-10.0.17134-SP0) msrest/0.6.1 msrest_azure/0.4.34
          azure-mgmt-web/0.40.0 Azure-SDK-For-Python AZURECLI/2.0.51]
      accept-language: [en-US]
    method: POST
    uri: https://management.azure.com/subscriptions/00000000-0000-0000-0000-000000000000/resourceGroups/clitest.rg000001/providers/Microsoft.Web/sites/slot-test-web000003/slots/dev/config/connectionstrings/list?api-version=2018-02-01
  response:
    body: {string: '{"id":"/subscriptions/00000000-0000-0000-0000-000000000000/resourceGroups/clitest.rg000001/providers/Microsoft.Web/sites/slot-test-web000003/slots/dev/config/connectionstrings","name":"connectionstrings","type":"Microsoft.Web/sites/config","location":"West
        US","properties":{"c2":{"value":"connection2","type":"MySql"}}}'}
    headers:
      cache-control: [no-cache]
      content-length: ['384']
      content-type: [application/json]
      date: ['Mon, 12 Nov 2018 01:50:48 GMT']
      expires: ['-1']
      pragma: [no-cache]
      server: [Microsoft-IIS/10.0]
      strict-transport-security: [max-age=31536000; includeSubDomains]
      transfer-encoding: [chunked]
      vary: [Accept-Encoding]
      x-aspnet-version: [4.0.30319]
      x-content-type-options: [nosniff]
      x-ms-ratelimit-remaining-subscription-resource-requests: ['11999']
      x-powered-by: [ASP.NET]
    status: {code: 200, message: OK}
- request:
    body: null
    headers:
      Accept: [application/json]
      Accept-Encoding: ['gzip, deflate']
      CommandName: [webapp config connection-string list]
      Connection: [keep-alive]
      ParameterSetName: [-g -n --slot]
      User-Agent: [python/3.7.0 (Windows-10-10.0.17134-SP0) msrest/0.6.1 msrest_azure/0.4.34
          azure-mgmt-web/0.40.0 Azure-SDK-For-Python AZURECLI/2.0.51]
      accept-language: [en-US]
    method: GET
    uri: https://management.azure.com/subscriptions/00000000-0000-0000-0000-000000000000/resourceGroups/clitest.rg000001/providers/Microsoft.Web/sites/slot-test-web000003/config/slotConfigNames?api-version=2018-02-01
  response:
    body: {string: '{"id":null,"name":"slot-test-web000003","type":"Microsoft.Web/sites","location":"West
        US","properties":{"connectionStringNames":["c2"],"appSettingNames":["s2","s4"],"azureStorageConfigNames":[]}}'}
    headers:
      cache-control: [no-cache]
      content-length: ['200']
      content-type: [application/json]
      date: ['Mon, 12 Nov 2018 01:50:49 GMT']
      expires: ['-1']
      pragma: [no-cache]
      server: [Microsoft-IIS/10.0]
      strict-transport-security: [max-age=31536000; includeSubDomains]
      transfer-encoding: [chunked]
      vary: [Accept-Encoding]
      x-aspnet-version: [4.0.30319]
      x-content-type-options: [nosniff]
      x-powered-by: [ASP.NET]
    status: {code: 200, message: OK}
- request:
    body: null
    headers:
      Accept: [application/json]
      Accept-Encoding: ['gzip, deflate']
      CommandName: [webapp config appsettings list]
      Connection: [keep-alive]
      Content-Length: ['0']
      ParameterSetName: [-g -n --slot]
      User-Agent: [python/3.7.0 (Windows-10-10.0.17134-SP0) msrest/0.6.1 msrest_azure/0.4.34
          azure-mgmt-web/0.40.0 Azure-SDK-For-Python AZURECLI/2.0.51]
      accept-language: [en-US]
    method: POST
    uri: https://management.azure.com/subscriptions/00000000-0000-0000-0000-000000000000/resourceGroups/clitest.rg000001/providers/Microsoft.Web/sites/slot-test-web000003/slots/staging/config/appsettings/list?api-version=2018-02-01
  response:
    body: {string: '{"id":"/subscriptions/00000000-0000-0000-0000-000000000000/resourceGroups/clitest.rg000001/providers/Microsoft.Web/sites/slot-test-web000003/slots/staging/config/appsettings","name":"appsettings","type":"Microsoft.Web/sites/config","location":"West
        US","properties":{"WEBSITE_NODE_DEFAULT_VERSION":"6.9.1","s3":"v3"}}'}
    headers:
      cache-control: [no-cache]
      content-length: ['381']
      content-type: [application/json]
      date: ['Mon, 12 Nov 2018 01:50:50 GMT']
      expires: ['-1']
      pragma: [no-cache]
      server: [Microsoft-IIS/10.0]
      strict-transport-security: [max-age=31536000; includeSubDomains]
      transfer-encoding: [chunked]
      vary: [Accept-Encoding]
      x-aspnet-version: [4.0.30319]
      x-content-type-options: [nosniff]
      x-ms-ratelimit-remaining-subscription-resource-requests: ['11999']
      x-powered-by: [ASP.NET]
    status: {code: 200, message: OK}
- request:
    body: null
    headers:
      Accept: [application/json]
      Accept-Encoding: ['gzip, deflate']
      CommandName: [webapp config appsettings list]
      Connection: [keep-alive]
      ParameterSetName: [-g -n --slot]
      User-Agent: [python/3.7.0 (Windows-10-10.0.17134-SP0) msrest/0.6.1 msrest_azure/0.4.34
          azure-mgmt-web/0.40.0 Azure-SDK-For-Python AZURECLI/2.0.51]
      accept-language: [en-US]
    method: GET
    uri: https://management.azure.com/subscriptions/00000000-0000-0000-0000-000000000000/resourceGroups/clitest.rg000001/providers/Microsoft.Web/sites/slot-test-web000003/config/slotConfigNames?api-version=2018-02-01
  response:
    body: {string: '{"id":null,"name":"slot-test-web000003","type":"Microsoft.Web/sites","location":"West
        US","properties":{"connectionStringNames":["c2"],"appSettingNames":["s2","s4"],"azureStorageConfigNames":[]}}'}
    headers:
      cache-control: [no-cache]
      content-length: ['200']
      content-type: [application/json]
      date: ['Mon, 12 Nov 2018 01:50:50 GMT']
      expires: ['-1']
      pragma: [no-cache]
      server: [Microsoft-IIS/10.0]
      strict-transport-security: [max-age=31536000; includeSubDomains]
      transfer-encoding: [chunked]
      vary: [Accept-Encoding]
      x-aspnet-version: [4.0.30319]
      x-content-type-options: [nosniff]
      x-powered-by: [ASP.NET]
    status: {code: 200, message: OK}
- request:
    body: null
    headers:
      Accept: [application/json]
      Accept-Encoding: ['gzip, deflate']
      CommandName: [webapp config connection-string list]
      Connection: [keep-alive]
      Content-Length: ['0']
      ParameterSetName: [-g -n --slot]
      User-Agent: [python/3.7.0 (Windows-10-10.0.17134-SP0) msrest/0.6.1 msrest_azure/0.4.34
          azure-mgmt-web/0.40.0 Azure-SDK-For-Python AZURECLI/2.0.51]
      accept-language: [en-US]
    method: POST
    uri: https://management.azure.com/subscriptions/00000000-0000-0000-0000-000000000000/resourceGroups/clitest.rg000001/providers/Microsoft.Web/sites/slot-test-web000003/slots/staging/config/connectionstrings/list?api-version=2018-02-01
  response:
    body: {string: '{"id":"/subscriptions/00000000-0000-0000-0000-000000000000/resourceGroups/clitest.rg000001/providers/Microsoft.Web/sites/slot-test-web000003/slots/staging/config/connectionstrings","name":"connectionstrings","type":"Microsoft.Web/sites/config","location":"West
        US","properties":{"c1":{"value":"connection1","type":"MySql"}}}'}
    headers:
      cache-control: [no-cache]
      content-length: ['388']
      content-type: [application/json]
      date: ['Mon, 12 Nov 2018 01:50:50 GMT']
      expires: ['-1']
      pragma: [no-cache]
      server: [Microsoft-IIS/10.0]
      strict-transport-security: [max-age=31536000; includeSubDomains]
      transfer-encoding: [chunked]
      vary: [Accept-Encoding]
      x-aspnet-version: [4.0.30319]
      x-content-type-options: [nosniff]
      x-ms-ratelimit-remaining-subscription-resource-requests: ['11999']
      x-powered-by: [ASP.NET]
    status: {code: 200, message: OK}
- request:
    body: null
    headers:
      Accept: [application/json]
      Accept-Encoding: ['gzip, deflate']
      CommandName: [webapp config connection-string list]
      Connection: [keep-alive]
      ParameterSetName: [-g -n --slot]
      User-Agent: [python/3.7.0 (Windows-10-10.0.17134-SP0) msrest/0.6.1 msrest_azure/0.4.34
          azure-mgmt-web/0.40.0 Azure-SDK-For-Python AZURECLI/2.0.51]
      accept-language: [en-US]
    method: GET
    uri: https://management.azure.com/subscriptions/00000000-0000-0000-0000-000000000000/resourceGroups/clitest.rg000001/providers/Microsoft.Web/sites/slot-test-web000003/config/slotConfigNames?api-version=2018-02-01
  response:
    body: {string: '{"id":null,"name":"slot-test-web000003","type":"Microsoft.Web/sites","location":"West
        US","properties":{"connectionStringNames":["c2"],"appSettingNames":["s2","s4"],"azureStorageConfigNames":[]}}'}
    headers:
      cache-control: [no-cache]
      content-length: ['200']
      content-type: [application/json]
      date: ['Mon, 12 Nov 2018 01:50:51 GMT']
      expires: ['-1']
      pragma: [no-cache]
      server: [Microsoft-IIS/10.0]
      strict-transport-security: [max-age=31536000; includeSubDomains]
      transfer-encoding: [chunked]
      vary: [Accept-Encoding]
      x-aspnet-version: [4.0.30319]
      x-content-type-options: [nosniff]
      x-powered-by: [ASP.NET]
    status: {code: 200, message: OK}
- request:
    body: null
    headers:
      Accept: [application/json]
      Accept-Encoding: ['gzip, deflate']
      CommandName: [webapp deployment slot list]
      Connection: [keep-alive]
      ParameterSetName: [-g -n]
      User-Agent: [python/3.7.0 (Windows-10-10.0.17134-SP0) msrest/0.6.1 msrest_azure/0.4.34
          azure-mgmt-web/0.40.0 Azure-SDK-For-Python AZURECLI/2.0.51]
      accept-language: [en-US]
    method: GET
    uri: https://management.azure.com/subscriptions/00000000-0000-0000-0000-000000000000/resourceGroups/clitest.rg000001/providers/Microsoft.Web/sites/slot-test-web000003/slots?api-version=2018-02-01
  response:
    body: {string: '{"value":[{"id":"/subscriptions/00000000-0000-0000-0000-000000000000/resourceGroups/clitest.rg000001/providers/Microsoft.Web/sites/slot-test-web000003/slots/staging","name":"slot-test-web000003/staging","type":"Microsoft.Web/sites/slots","kind":"app","location":"West
        US","properties":{"name":"slot-test-web000003(staging)","state":"Running","hostNames":["slot-test-web000003-staging.azurewebsites.net"],"webSpace":"clitest.rg000001-WestUSwebspace","selfLink":"https://waws-prod-bay-075.api.azurewebsites.windows.net:454/subscriptions/00000000-0000-0000-0000-000000000000/webspaces/clitest.rg000001-WestUSwebspace/sites/slot-test-web000003","repositorySiteName":"slot-test-web000003","owner":null,"usageState":"Normal","enabled":true,"adminEnabled":true,"enabledHostNames":["slot-test-web000003-staging.azurewebsites.net","slot-test-web000003-staging.scm.azurewebsites.net"],"siteProperties":{"metadata":null,"properties":[{"name":"LinuxFxVersion","value":""},{"name":"WindowsFxVersion","value":null}],"appSettings":null},"availabilityState":"Normal","sslCertificates":null,"csrs":[],"cers":null,"siteMode":"Limited","hostNameSslStates":[{"name":"slot-test-web000003-staging.azurewebsites.net","sslState":"Disabled","ipBasedSslResult":null,"virtualIP":null,"thumbprint":null,"toUpdate":null,"toUpdateIpBasedSsl":null,"ipBasedSslState":"NotConfigured","hostType":"Standard"},{"name":"slot-test-web000003-staging.scm.azurewebsites.net","sslState":"Disabled","ipBasedSslResult":null,"virtualIP":null,"thumbprint":null,"toUpdate":null,"toUpdateIpBasedSsl":null,"ipBasedSslState":"NotConfigured","hostType":"Repository"}],"computeMode":"Dedicated","serverFarm":null,"serverFarmId":"/subscriptions/00000000-0000-0000-0000-000000000000/resourceGroups/clitest.rg000001/providers/Microsoft.Web/serverfarms/slot-test-plan000002","reserved":false,"isXenon":false,"lastModifiedTimeUtc":"2018-11-12T01:50:32.6033333","storageRecoveryDefaultState":"Running","contentAvailabilityState":"Normal","runtimeAvailabilityState":"Normal","siteConfig":null,"deploymentId":"slot-test-web000003__3434","trafficManagerHostNames":null,"sku":"Standard","scmSiteAlsoStopped":false,"targetSwapSlot":null,"hostingEnvironment":null,"hostingEnvironmentProfile":null,"clientAffinityEnabled":true,"clientCertEnabled":false,"hostNamesDisabled":false,"domainVerificationIdentifiers":null,"kind":"app","outboundIpAddresses":"104.40.3.53,104.40.18.224,104.40.21.79,104.40.21.56,104.40.23.196","possibleOutboundIpAddresses":"104.40.3.53,104.40.18.224,104.40.21.79,104.40.21.56,104.40.23.196,52.160.35.119,13.93.183.34","containerSize":0,"dailyMemoryTimeQuota":0,"suspendedTill":null,"siteDisabledReason":0,"functionExecutionUnitsCache":null,"maxNumberOfWorkers":null,"homeStamp":"waws-prod-bay-075","cloningInfo":null,"hostingEnvironmentId":null,"tags":null,"resourceGroup":"clitest.rg000001","defaultHostName":"slot-test-web000003-staging.azurewebsites.net","slotSwapStatus":{"timestampUtc":"2018-11-12T01:50:32.67Z","sourceSlotName":"staging","destinationSlotName":"dev"},"httpsOnly":false}},{"id":"/subscriptions/00000000-0000-0000-0000-000000000000/resourceGroups/clitest.rg000001/providers/Microsoft.Web/sites/slot-test-web000003/slots/dev","name":"slot-test-web000003/dev","type":"Microsoft.Web/sites/slots","kind":"app","location":"West
        US","properties":{"name":"slot-test-web000003(dev)","state":"Running","hostNames":["slot-test-web000003-dev.azurewebsites.net"],"webSpace":"clitest.rg000001-WestUSwebspace","selfLink":"https://waws-prod-bay-075.api.azurewebsites.windows.net:454/subscriptions/00000000-0000-0000-0000-000000000000/webspaces/clitest.rg000001-WestUSwebspace/sites/slot-test-web000003","repositorySiteName":"slot-test-web000003","owner":null,"usageState":"Normal","enabled":true,"adminEnabled":true,"enabledHostNames":["slot-test-web000003-dev.azurewebsites.net","slot-test-web000003-dev.scm.azurewebsites.net"],"siteProperties":{"metadata":null,"properties":[{"name":"LinuxFxVersion","value":""},{"name":"WindowsFxVersion","value":null}],"appSettings":null},"availabilityState":"Normal","sslCertificates":null,"csrs":[],"cers":null,"siteMode":"Limited","hostNameSslStates":[{"name":"slot-test-web000003-dev.azurewebsites.net","sslState":"Disabled","ipBasedSslResult":null,"virtualIP":null,"thumbprint":null,"toUpdate":null,"toUpdateIpBasedSsl":null,"ipBasedSslState":"NotConfigured","hostType":"Standard"},{"name":"slot-test-web000003-dev.scm.azurewebsites.net","sslState":"Disabled","ipBasedSslResult":null,"virtualIP":null,"thumbprint":null,"toUpdate":null,"toUpdateIpBasedSsl":null,"ipBasedSslState":"NotConfigured","hostType":"Repository"}],"computeMode":"Dedicated","serverFarm":null,"serverFarmId":"/subscriptions/00000000-0000-0000-0000-000000000000/resourceGroups/clitest.rg000001/providers/Microsoft.Web/serverfarms/slot-test-plan000002","reserved":false,"isXenon":false,"lastModifiedTimeUtc":"2018-11-12T01:49:44.5533333","storageRecoveryDefaultState":"Running","contentAvailabilityState":"Normal","runtimeAvailabilityState":"Normal","siteConfig":null,"deploymentId":"slot-test-web000003","trafficManagerHostNames":null,"sku":"Standard","scmSiteAlsoStopped":false,"targetSwapSlot":null,"hostingEnvironment":null,"hostingEnvironmentProfile":null,"clientAffinityEnabled":true,"clientCertEnabled":false,"hostNamesDisabled":false,"domainVerificationIdentifiers":null,"kind":"app","outboundIpAddresses":"104.40.3.53,104.40.18.224,104.40.21.79,104.40.21.56,104.40.23.196","possibleOutboundIpAddresses":"104.40.3.53,104.40.18.224,104.40.21.79,104.40.21.56,104.40.23.196,52.160.35.119,13.93.183.34","containerSize":0,"dailyMemoryTimeQuota":0,"suspendedTill":null,"siteDisabledReason":0,"functionExecutionUnitsCache":null,"maxNumberOfWorkers":null,"homeStamp":"waws-prod-bay-075","cloningInfo":null,"hostingEnvironmentId":null,"tags":null,"resourceGroup":"clitest.rg000001","defaultHostName":"slot-test-web000003-dev.azurewebsites.net","slotSwapStatus":{"timestampUtc":"2018-11-12T01:50:32.67Z","sourceSlotName":"staging","destinationSlotName":"dev"},"httpsOnly":false}}],"nextLink":null,"id":null}'}
    headers:
      cache-control: [no-cache]
      content-length: ['6801']
      content-type: [application/json]
      date: ['Mon, 12 Nov 2018 01:50:52 GMT']
      etag: ['"1D47A29FC49DA95"']
      expires: ['-1']
      pragma: [no-cache]
      server: [Microsoft-IIS/10.0]
      strict-transport-security: [max-age=31536000; includeSubDomains]
      transfer-encoding: [chunked]
      vary: [Accept-Encoding]
      x-aspnet-version: [4.0.30319]
      x-content-type-options: [nosniff]
      x-powered-by: [ASP.NET]
    status: {code: 200, message: OK}
- request:
    body: null
    headers:
      Accept: [application/json]
      Accept-Encoding: ['gzip, deflate']
      CommandName: [webapp deployment slot delete]
      Connection: [keep-alive]
      Content-Length: ['0']
      ParameterSetName: [-g -n --slot]
      User-Agent: [python/3.7.0 (Windows-10-10.0.17134-SP0) msrest/0.6.1 msrest_azure/0.4.34
          azure-mgmt-web/0.40.0 Azure-SDK-For-Python AZURECLI/2.0.51]
      accept-language: [en-US]
    method: DELETE
    uri: https://management.azure.com/subscriptions/00000000-0000-0000-0000-000000000000/resourceGroups/clitest.rg000001/providers/Microsoft.Web/sites/slot-test-web000003/slots/staging?api-version=2018-02-01
  response:
    body: {string: ''}
    headers:
      cache-control: [no-cache]
      content-length: ['0']
      date: ['Mon, 12 Nov 2018 01:50:55 GMT']
      etag: ['"1D47A2A18EDB3B5"']
      expires: ['-1']
      pragma: [no-cache]
      server: [Microsoft-IIS/10.0]
      strict-transport-security: [max-age=31536000; includeSubDomains]
      x-aspnet-version: [4.0.30319]
      x-content-type-options: [nosniff]
      x-ms-ratelimit-remaining-subscription-deletes: ['14999']
      x-powered-by: [ASP.NET]
    status: {code: 200, message: OK}
- request:
    body: null
    headers:
      Accept: [application/json]
      Accept-Encoding: ['gzip, deflate']
      CommandName: [webapp delete]
      Connection: [keep-alive]
      Content-Length: ['0']
      ParameterSetName: [-g -n --slot --keep-dns-registration --keep-empty-plan --keep-metrics]
      User-Agent: [python/3.7.0 (Windows-10-10.0.17134-SP0) msrest/0.6.1 msrest_azure/0.4.34
          azure-mgmt-web/0.40.0 Azure-SDK-For-Python AZURECLI/2.0.51]
      accept-language: [en-US]
    method: DELETE
    uri: https://management.azure.com/subscriptions/00000000-0000-0000-0000-000000000000/resourceGroups/clitest.rg000001/providers/Microsoft.Web/sites/slot-test-web000003/slots/dev?deleteMetrics=false&deleteEmptyServerFarm=false&api-version=2018-02-01
  response:
    body: {string: ''}
    headers:
      cache-control: [no-cache]
      content-length: ['0']
      date: ['Mon, 12 Nov 2018 01:50:57 GMT']
      etag: ['"1D47A29FC49DA95"']
      expires: ['-1']
      pragma: [no-cache]
      server: [Microsoft-IIS/10.0]
      strict-transport-security: [max-age=31536000; includeSubDomains]
      x-aspnet-version: [4.0.30319]
      x-content-type-options: [nosniff]
      x-ms-ratelimit-remaining-subscription-deletes: ['14999']
      x-powered-by: [ASP.NET]
    status: {code: 200, message: OK}
- request:
    body: null
    headers:
      Accept: [application/json]
      Accept-Encoding: ['gzip, deflate']
      CommandName: [group delete]
      Connection: [keep-alive]
      Content-Length: ['0']
      Content-Type: [application/json; charset=utf-8]
      ParameterSetName: [--name --yes --no-wait]
      User-Agent: [python/3.7.0 (Windows-10-10.0.17134-SP0) msrest/0.6.1 msrest_azure/0.4.34
          resourcemanagementclient/2.0.0 Azure-SDK-For-Python AZURECLI/2.0.51]
      accept-language: [en-US]
    method: DELETE
    uri: https://management.azure.com/subscriptions/00000000-0000-0000-0000-000000000000/resourcegroups/clitest.rg000001?api-version=2018-05-01
  response:
    body: {string: ''}
    headers:
      cache-control: [no-cache]
      content-length: ['0']
      date: ['Mon, 12 Nov 2018 01:50:57 GMT']
      expires: ['-1']
      location: ['https://management.azure.com/subscriptions/00000000-0000-0000-0000-000000000000/operationresults/eyJqb2JJZCI6IlJFU09VUkNFR1JPVVBERUxFVElPTkpPQi1DTElURVNUOjJFUkdXTE1RWENEUk5JRVBIUUEyVVpOUkNNUEU0M1ZGRUdFT1VVTXxFNTU5MkFEMTQzODY5NjI2LVdFU1RVUyIsImpvYkxvY2F0aW9uIjoid2VzdHVzIn0?api-version=2018-05-01']
      pragma: [no-cache]
      strict-transport-security: [max-age=31536000; includeSubDomains]
      x-content-type-options: [nosniff]
      x-ms-ratelimit-remaining-subscription-deletes: ['14999']
    status: {code: 202, message: Accepted}
version: 1
