interactions:
- request:
    body: '{"location": "westus", "tags": {"product": "azurecli", "cause": "automation",
      "date": "2018-06-28T00:33:17Z"}}'
    headers:
      Accept: [application/json]
      Accept-Encoding: ['gzip, deflate']
      CommandName: [group create]
      Connection: [keep-alive]
      Content-Length: ['110']
      Content-Type: [application/json; charset=utf-8]
      User-Agent: [python/3.6.5 (Windows-10-10.0.17134-SP0) requests/2.18.4 msrest/0.4.28
          msrest_azure/0.4.27 resourcemanagementclient/2.0.0rc2 Azure-SDK-For-Python
          AZURECLI/2.0.40]
      accept-language: [en-US]
    method: PUT
    uri: https://management.azure.com/subscriptions/00000000-0000-0000-0000-000000000000/resourcegroups/clitest.rg000001?api-version=2018-05-01
  response:
    body: {string: '{"id":"/subscriptions/00000000-0000-0000-0000-000000000000/resourceGroups/clitest.rg000001","name":"clitest.rg000001","location":"westus","tags":{"product":"azurecli","cause":"automation","date":"2018-06-28T00:33:17Z"},"properties":{"provisioningState":"Succeeded"}}'}
    headers:
      cache-control: [no-cache]
      content-length: ['384']
      content-type: [application/json; charset=utf-8]
      date: ['Thu, 28 Jun 2018 00:33:23 GMT']
      expires: ['-1']
      pragma: [no-cache]
      strict-transport-security: [max-age=31536000; includeSubDomains]
      x-content-type-options: [nosniff]
      x-ms-ratelimit-remaining-subscription-writes: ['1198']
    status: {code: 201, message: Created}
- request:
    body: null
    headers:
      Accept: [application/json]
      Accept-Encoding: ['gzip, deflate']
      CommandName: [appservice plan create]
      Connection: [keep-alive]
      Content-Type: [application/json; charset=utf-8]
      User-Agent: [python/3.6.5 (Windows-10-10.0.17134-SP0) requests/2.18.4 msrest/0.4.28
          msrest_azure/0.4.27 resourcemanagementclient/2.0.0rc2 Azure-SDK-For-Python
          AZURECLI/2.0.40]
      accept-language: [en-US]
    method: GET
    uri: https://management.azure.com/subscriptions/00000000-0000-0000-0000-000000000000/resourcegroups/clitest.rg000001?api-version=2018-05-01
  response:
    body: {string: '{"id":"/subscriptions/00000000-0000-0000-0000-000000000000/resourceGroups/clitest.rg000001","name":"clitest.rg000001","location":"westus","tags":{"product":"azurecli","cause":"automation","date":"2018-06-28T00:33:17Z"},"properties":{"provisioningState":"Succeeded"}}'}
    headers:
      cache-control: [no-cache]
      content-length: ['384']
      content-type: [application/json; charset=utf-8]
      date: ['Thu, 28 Jun 2018 00:33:23 GMT']
      expires: ['-1']
      pragma: [no-cache]
      strict-transport-security: [max-age=31536000; includeSubDomains]
      vary: [Accept-Encoding]
      x-content-type-options: [nosniff]
    status: {code: 200, message: OK}
- request:
    body: 'b''{"location": "westus", "properties": {"name": "web-msi-plan000002",
      "perSiteScaling": false}, "sku": {"name": "B1", "tier": "BASIC", "capacity":
      1}}'''
    headers:
      Accept: [application/json]
      Accept-Encoding: ['gzip, deflate']
      CommandName: [appservice plan create]
      Connection: [keep-alive]
      Content-Length: ['150']
      Content-Type: [application/json; charset=utf-8]
      User-Agent: [python/3.6.5 (Windows-10-10.0.17134-SP0) requests/2.18.4 msrest/0.4.28
          msrest_azure/0.4.27 azure-mgmt-web/0.35.0 Azure-SDK-For-Python AZURECLI/2.0.40]
      accept-language: [en-US]
    method: PUT
    uri: https://management.azure.com/subscriptions/00000000-0000-0000-0000-000000000000/resourceGroups/clitest.rg000001/providers/Microsoft.Web/serverfarms/web-msi-plan000002?api-version=2016-09-01
  response:
    body: {string: '{"id":"/subscriptions/00000000-0000-0000-0000-000000000000/resourceGroups/clitest.rg000001/providers/Microsoft.Web/serverfarms/web-msi-plan000002","name":"web-msi-plan000002","type":"Microsoft.Web/serverfarms","kind":"app","location":"West
        US","properties":{"serverFarmId":4727,"name":"web-msi-plan000002","workerSize":"Default","workerSizeId":0,"workerTierName":null,"numberOfWorkers":1,"currentWorkerSize":"Default","currentWorkerSizeId":0,"currentNumberOfWorkers":1,"status":"Ready","webSpace":"clitest.rg000001-WestUSwebspace","subscription":"0d3ae56c-deaf-4982-b514-33d016d4a683","adminSiteName":null,"hostingEnvironment":null,"hostingEnvironmentProfile":null,"maximumNumberOfWorkers":3,"planName":"VirtualDedicatedPlan","adminRuntimeSiteName":null,"computeMode":"Dedicated","siteMode":null,"geoRegion":"West
        US","perSiteScaling":false,"numberOfSites":0,"hostingEnvironmentId":null,"isSpot":false,"spotExpirationTime":null,"freeOfferExpirationTime":null,"tags":null,"kind":"app","resourceGroup":"clitest.rg000001","reserved":false,"isXenon":false,"mdmId":"waws-prod-bay-101_4727","targetWorkerCount":0,"targetWorkerSizeId":0,"provisioningState":"Succeeded","webSiteId":null},"sku":{"name":"B1","tier":"Basic","size":"B1","family":"B","capacity":1}}'}
    headers:
      cache-control: [no-cache]
      content-length: ['1436']
      content-type: [application/json]
      date: ['Thu, 28 Jun 2018 00:33:33 GMT']
      expires: ['-1']
      pragma: [no-cache]
      server: [Microsoft-IIS/10.0]
      strict-transport-security: [max-age=31536000; includeSubDomains]
      transfer-encoding: [chunked]
      vary: [Accept-Encoding]
      x-aspnet-version: [4.0.30319]
      x-content-type-options: [nosniff]
      x-ms-ratelimit-remaining-subscription-writes: ['1198']
      x-powered-by: [ASP.NET]
    status: {code: 200, message: OK}
- request:
    body: null
    headers:
      Accept: [application/json]
      Accept-Encoding: ['gzip, deflate']
      CommandName: [webapp create]
      Connection: [keep-alive]
      Content-Type: [application/json; charset=utf-8]
      User-Agent: [python/3.6.5 (Windows-10-10.0.17134-SP0) requests/2.18.4 msrest/0.4.28
          msrest_azure/0.4.27 azure-mgmt-web/0.35.0 Azure-SDK-For-Python AZURECLI/2.0.40]
      accept-language: [en-US]
    method: GET
    uri: https://management.azure.com/subscriptions/00000000-0000-0000-0000-000000000000/resourceGroups/clitest.rg000001/providers/Microsoft.Web/serverfarms/web-msi-plan000002?api-version=2016-09-01
  response:
    body: {string: '{"id":"/subscriptions/00000000-0000-0000-0000-000000000000/resourceGroups/clitest.rg000001/providers/Microsoft.Web/serverfarms/web-msi-plan000002","name":"web-msi-plan000002","type":"Microsoft.Web/serverfarms","kind":"app","location":"West
        US","properties":{"serverFarmId":4727,"name":"web-msi-plan000002","workerSize":"Default","workerSizeId":0,"workerTierName":null,"numberOfWorkers":1,"currentWorkerSize":"Default","currentWorkerSizeId":0,"currentNumberOfWorkers":1,"status":"Ready","webSpace":"clitest.rg000001-WestUSwebspace","subscription":"0d3ae56c-deaf-4982-b514-33d016d4a683","adminSiteName":null,"hostingEnvironment":null,"hostingEnvironmentProfile":null,"maximumNumberOfWorkers":3,"planName":"VirtualDedicatedPlan","adminRuntimeSiteName":null,"computeMode":"Dedicated","siteMode":null,"geoRegion":"West
        US","perSiteScaling":false,"numberOfSites":0,"hostingEnvironmentId":null,"isSpot":false,"spotExpirationTime":null,"freeOfferExpirationTime":null,"tags":null,"kind":"app","resourceGroup":"clitest.rg000001","reserved":false,"isXenon":false,"mdmId":"waws-prod-bay-101_4727","targetWorkerCount":0,"targetWorkerSizeId":0,"provisioningState":"Succeeded","webSiteId":null},"sku":{"name":"B1","tier":"Basic","size":"B1","family":"B","capacity":1}}'}
    headers:
      cache-control: [no-cache]
      content-length: ['1436']
      content-type: [application/json]
      date: ['Thu, 28 Jun 2018 00:33:33 GMT']
      expires: ['-1']
      pragma: [no-cache]
      server: [Microsoft-IIS/10.0]
      strict-transport-security: [max-age=31536000; includeSubDomains]
      transfer-encoding: [chunked]
      vary: [Accept-Encoding]
      x-aspnet-version: [4.0.30319]
      x-content-type-options: [nosniff]
      x-powered-by: [ASP.NET]
    status: {code: 200, message: OK}
- request:
    body: 'b''b\''{"location": "West US", "properties": {"serverFarmId": "/subscriptions/00000000-0000-0000-0000-000000000000/resourceGroups/clitest.rg000001/providers/Microsoft.Web/serverfarms/web-msi-plan000002",
      "reserved": false, "siteConfig": {"netFrameworkVersion": "v4.6", "appSettings":
      [{"name": "WEBSITE_NODE_DEFAULT_VERSION", "value": "6.9.1"}], "localMySqlEnabled":
      false, "http20Enabled": true}, "scmSiteAlsoStopped": false}}\'''''
    headers:
      Accept: [application/json]
      Accept-Encoding: ['gzip, deflate']
      CommandName: [webapp create]
      Connection: [keep-alive]
      Content-Length: ['481']
      Content-Type: [application/json; charset=utf-8]
      User-Agent: [python/3.6.5 (Windows-10-10.0.17134-SP0) requests/2.18.4 msrest/0.4.28
          msrest_azure/0.4.27 azure-mgmt-web/0.35.0 Azure-SDK-For-Python AZURECLI/2.0.40]
      accept-language: [en-US]
    method: PUT
    uri: https://management.azure.com/subscriptions/00000000-0000-0000-0000-000000000000/resourceGroups/clitest.rg000001/providers/Microsoft.Web/sites/web-msi000003?api-version=2016-08-01
  response:
    body: {string: '{"id":"/subscriptions/00000000-0000-0000-0000-000000000000/resourceGroups/clitest.rg000001/providers/Microsoft.Web/sites/web-msi000003","name":"web-msi000003","type":"Microsoft.Web/sites","kind":"app","location":"West
        US","properties":{"name":"web-msi000003","state":"Running","hostNames":["web-msi000003.azurewebsites.net"],"webSpace":"clitest.rg000001-WestUSwebspace","selfLink":"https://waws-prod-bay-101.api.azurewebsites.windows.net:454/subscriptions/00000000-0000-0000-0000-000000000000/webspaces/clitest.rg000001-WestUSwebspace/sites/web-msi000003","repositorySiteName":"web-msi000003","owner":null,"usageState":"Normal","enabled":true,"adminEnabled":true,"enabledHostNames":["web-msi000003.azurewebsites.net","web-msi000003.scm.azurewebsites.net"],"siteProperties":{"metadata":null,"properties":[{"name":"LinuxFxVersion","value":""},{"name":"WindowsFxVersion","value":null}],"appSettings":null},"availabilityState":"Normal","sslCertificates":null,"csrs":[],"cers":null,"siteMode":null,"hostNameSslStates":[{"name":"web-msi000003.azurewebsites.net","sslState":"Disabled","ipBasedSslResult":null,"virtualIP":null,"thumbprint":null,"toUpdate":null,"toUpdateIpBasedSsl":null,"ipBasedSslState":"NotConfigured","hostType":"Standard"},{"name":"web-msi000003.scm.azurewebsites.net","sslState":"Disabled","ipBasedSslResult":null,"virtualIP":null,"thumbprint":null,"toUpdate":null,"toUpdateIpBasedSsl":null,"ipBasedSslState":"NotConfigured","hostType":"Repository"}],"computeMode":null,"serverFarm":null,"serverFarmId":"/subscriptions/00000000-0000-0000-0000-000000000000/resourceGroups/clitest.rg000001/providers/Microsoft.Web/serverfarms/web-msi-plan000002","reserved":false,"isXenon":false,"lastModifiedTimeUtc":"2018-06-28T00:33:36.7","storageRecoveryDefaultState":"Running","contentAvailabilityState":"Normal","runtimeAvailabilityState":"Normal","siteConfig":null,"deploymentId":"web-msi000003","trafficManagerHostNames":null,"sku":"Basic","scmSiteAlsoStopped":false,"targetSwapSlot":null,"hostingEnvironment":null,"hostingEnvironmentProfile":null,"clientAffinityEnabled":true,"clientCertEnabled":false,"hostNamesDisabled":false,"domainVerificationIdentifiers":null,"kind":"app","outboundIpAddresses":"52.160.40.218,13.91.101.189,13.91.99.235,13.91.96.245,13.91.100.227","possibleOutboundIpAddresses":"52.160.40.218,13.91.101.189,13.91.99.235,13.91.96.245,13.91.100.227,13.91.97.179,13.91.103.21,13.91.99.109,52.224.50.250","containerSize":0,"dailyMemoryTimeQuota":0,"suspendedTill":null,"siteDisabledReason":0,"functionExecutionUnitsCache":null,"maxNumberOfWorkers":null,"homeStamp":"waws-prod-bay-101","cloningInfo":null,"hostingEnvironmentId":null,"tags":null,"resourceGroup":"clitest.rg000001","defaultHostName":"web-msi000003.azurewebsites.net","slotSwapStatus":null,"httpsOnly":false}}'}
    headers:
      cache-control: [no-cache]
      content-length: ['3175']
      content-type: [application/json]
      date: ['Thu, 28 Jun 2018 00:33:40 GMT']
      etag: ['"1D40E77A752B720"']
      expires: ['-1']
      pragma: [no-cache]
      server: [Microsoft-IIS/10.0]
      strict-transport-security: [max-age=31536000; includeSubDomains]
      transfer-encoding: [chunked]
      vary: [Accept-Encoding]
      x-aspnet-version: [4.0.30319]
      x-content-type-options: [nosniff]
      x-ms-ratelimit-remaining-subscription-resource-requests: ['499']
      x-powered-by: [ASP.NET]
    status: {code: 200, message: OK}
- request:
    body: '{}'
    headers:
      Accept: [application/json]
      Accept-Encoding: ['gzip, deflate']
      CommandName: [webapp create]
      Connection: [keep-alive]
      Content-Length: ['2']
      Content-Type: [application/json; charset=utf-8]
      User-Agent: [python/3.6.5 (Windows-10-10.0.17134-SP0) requests/2.18.4 msrest/0.4.28
          msrest_azure/0.4.27 azure-mgmt-web/0.35.0 Azure-SDK-For-Python AZURECLI/2.0.40]
      accept-language: [en-US]
    method: POST
    uri: https://management.azure.com/subscriptions/00000000-0000-0000-0000-000000000000/resourceGroups/clitest.rg000001/providers/Microsoft.Web/sites/web-msi000003/publishxml?api-version=2016-08-01
  response:
    body: {string: '<publishData><publishProfile profileName="web-msi000003 - Web
        Deploy" publishMethod="MSDeploy" publishUrl="web-msi000003.scm.azurewebsites.net:443"
        msdeploySite="web-msi000003" userName="$web-msi000003" userPWD="FW5vqdb0KD9ESicvkqRr9ewrnh74l0uckeSRk2zxfr0s7eWDhgNMpR6nHxgc"
        destinationAppUrl="http://web-msi000003.azurewebsites.net" SQLServerDBConnectionString=""
        mySQLDBConnectionString="" hostingProviderForumLink="" controlPanelLink="http://windows.azure.com"
        webSystem="WebSites"><databases /></publishProfile><publishProfile profileName="web-msi000003
        - FTP" publishMethod="FTP" publishUrl="ftp://waws-prod-bay-101.ftp.azurewebsites.windows.net/site/wwwroot"
        ftpPassiveMode="True" userName="web-msi000003\$web-msi000003" userPWD="FW5vqdb0KD9ESicvkqRr9ewrnh74l0uckeSRk2zxfr0s7eWDhgNMpR6nHxgc"
        destinationAppUrl="http://web-msi000003.azurewebsites.net" SQLServerDBConnectionString=""
        mySQLDBConnectionString="" hostingProviderForumLink="" controlPanelLink="http://windows.azure.com"
        webSystem="WebSites"><databases /></publishProfile></publishData>'}
    headers:
      cache-control: [no-cache]
      content-length: ['1114']
      content-type: [application/xml]
      date: ['Thu, 28 Jun 2018 00:33:41 GMT']
      expires: ['-1']
      pragma: [no-cache]
      server: [Microsoft-IIS/10.0]
      strict-transport-security: [max-age=31536000; includeSubDomains]
      x-aspnet-version: [4.0.30319]
      x-content-type-options: [nosniff]
      x-ms-ratelimit-remaining-subscription-resource-requests: ['11999']
      x-powered-by: [ASP.NET]
    status: {code: 200, message: OK}
- request:
    body: null
    headers:
      Accept: [application/json]
      Accept-Encoding: ['gzip, deflate']
      CommandName: [webapp identity assign]
      Connection: [keep-alive]
      Content-Type: [application/json; charset=utf-8]
      User-Agent: [python/3.6.5 (Windows-10-10.0.17134-SP0) requests/2.18.4 msrest/0.4.28
          msrest_azure/0.4.27 azure-mgmt-web/0.35.0 Azure-SDK-For-Python AZURECLI/2.0.40]
      accept-language: [en-US]
    method: GET
    uri: https://management.azure.com/subscriptions/00000000-0000-0000-0000-000000000000/resourceGroups/clitest.rg000001/providers/Microsoft.Web/sites/web-msi000003?api-version=2016-08-01
  response:
    body: {string: '{"id":"/subscriptions/00000000-0000-0000-0000-000000000000/resourceGroups/clitest.rg000001/providers/Microsoft.Web/sites/web-msi000003","name":"web-msi000003","type":"Microsoft.Web/sites","kind":"app","location":"West
        US","properties":{"name":"web-msi000003","state":"Running","hostNames":["web-msi000003.azurewebsites.net"],"webSpace":"clitest.rg000001-WestUSwebspace","selfLink":"https://waws-prod-bay-101.api.azurewebsites.windows.net:454/subscriptions/00000000-0000-0000-0000-000000000000/webspaces/clitest.rg000001-WestUSwebspace/sites/web-msi000003","repositorySiteName":"web-msi000003","owner":null,"usageState":"Normal","enabled":true,"adminEnabled":true,"enabledHostNames":["web-msi000003.azurewebsites.net","web-msi000003.scm.azurewebsites.net"],"siteProperties":{"metadata":null,"properties":[{"name":"LinuxFxVersion","value":""},{"name":"WindowsFxVersion","value":null}],"appSettings":null},"availabilityState":"Normal","sslCertificates":null,"csrs":[],"cers":null,"siteMode":null,"hostNameSslStates":[{"name":"web-msi000003.azurewebsites.net","sslState":"Disabled","ipBasedSslResult":null,"virtualIP":null,"thumbprint":null,"toUpdate":null,"toUpdateIpBasedSsl":null,"ipBasedSslState":"NotConfigured","hostType":"Standard"},{"name":"web-msi000003.scm.azurewebsites.net","sslState":"Disabled","ipBasedSslResult":null,"virtualIP":null,"thumbprint":null,"toUpdate":null,"toUpdateIpBasedSsl":null,"ipBasedSslState":"NotConfigured","hostType":"Repository"}],"computeMode":null,"serverFarm":null,"serverFarmId":"/subscriptions/00000000-0000-0000-0000-000000000000/resourceGroups/clitest.rg000001/providers/Microsoft.Web/serverfarms/web-msi-plan000002","reserved":false,"isXenon":false,"lastModifiedTimeUtc":"2018-06-28T00:33:37.17","storageRecoveryDefaultState":"Running","contentAvailabilityState":"Normal","runtimeAvailabilityState":"Normal","siteConfig":null,"deploymentId":"web-msi000003","trafficManagerHostNames":null,"sku":"Basic","scmSiteAlsoStopped":false,"targetSwapSlot":null,"hostingEnvironment":null,"hostingEnvironmentProfile":null,"clientAffinityEnabled":true,"clientCertEnabled":false,"hostNamesDisabled":false,"domainVerificationIdentifiers":null,"kind":"app","outboundIpAddresses":"52.160.40.218,13.91.101.189,13.91.99.235,13.91.96.245,13.91.100.227","possibleOutboundIpAddresses":"52.160.40.218,13.91.101.189,13.91.99.235,13.91.96.245,13.91.100.227,13.91.97.179,13.91.103.21,13.91.99.109,52.224.50.250","containerSize":0,"dailyMemoryTimeQuota":0,"suspendedTill":null,"siteDisabledReason":0,"functionExecutionUnitsCache":null,"maxNumberOfWorkers":null,"homeStamp":"waws-prod-bay-101","cloningInfo":null,"hostingEnvironmentId":null,"tags":null,"resourceGroup":"clitest.rg000001","defaultHostName":"web-msi000003.azurewebsites.net","slotSwapStatus":null,"httpsOnly":false}}'}
    headers:
      cache-control: [no-cache]
      content-length: ['3176']
      content-type: [application/json]
      date: ['Thu, 28 Jun 2018 00:33:41 GMT']
      etag: ['"1D40E77A752B720"']
      expires: ['-1']
      pragma: [no-cache]
      server: [Microsoft-IIS/10.0]
      strict-transport-security: [max-age=31536000; includeSubDomains]
      transfer-encoding: [chunked]
      vary: [Accept-Encoding]
      x-aspnet-version: [4.0.30319]
      x-content-type-options: [nosniff]
      x-powered-by: [ASP.NET]
    status: {code: 200, message: OK}
- request:
    body: 'b''b\''b\\\''{"kind": "app", "location": "West US", "properties": {"enabled":
      true, "hostNameSslStates": [{"name": "web-msi000003.azurewebsites.net", "sslState":
      "Disabled", "hostType": "Standard"}, {"name": "web-msi000003.scm.azurewebsites.net",
      "sslState": "Disabled", "hostType": "Repository"}], "serverFarmId": "/subscriptions/00000000-0000-0000-0000-000000000000/resourceGroups/clitest.rg000001/providers/Microsoft.Web/serverfarms/web-msi-plan000002",
      "reserved": false, "scmSiteAlsoStopped": false, "clientAffinityEnabled": true,
      "clientCertEnabled": false, "hostNamesDisabled": false, "containerSize": 0,
      "dailyMemoryTimeQuota": 0, "httpsOnly": false}, "identity": {"type": "SystemAssigned"}}\\\''\'''''
    headers:
      Accept: [application/json]
      Accept-Encoding: ['gzip, deflate']
      CommandName: [webapp identity assign]
      Connection: [keep-alive]
      Content-Length: ['761']
      Content-Type: [application/json; charset=utf-8]
      User-Agent: [python/3.6.5 (Windows-10-10.0.17134-SP0) requests/2.18.4 msrest/0.4.28
          msrest_azure/0.4.27 azure-mgmt-web/0.35.0 Azure-SDK-For-Python AZURECLI/2.0.40]
      accept-language: [en-US]
    method: PUT
    uri: https://management.azure.com/subscriptions/00000000-0000-0000-0000-000000000000/resourceGroups/clitest.rg000001/providers/Microsoft.Web/sites/web-msi000003?api-version=2016-08-01
  response:
    body: {string: '{"id":"/subscriptions/00000000-0000-0000-0000-000000000000/resourceGroups/clitest.rg000001/providers/Microsoft.Web/sites/web-msi000003","name":"web-msi000003","type":"Microsoft.Web/sites","kind":"app","location":"West
        US","properties":{"name":"web-msi000003","state":"Running","hostNames":["web-msi000003.azurewebsites.net"],"webSpace":"clitest.rg000001-WestUSwebspace","selfLink":"https://waws-prod-bay-101.api.azurewebsites.windows.net:454/subscriptions/00000000-0000-0000-0000-000000000000/webspaces/clitest.rg000001-WestUSwebspace/sites/web-msi000003","repositorySiteName":"web-msi000003","owner":null,"usageState":"Normal","enabled":true,"adminEnabled":true,"enabledHostNames":["web-msi000003.azurewebsites.net","web-msi000003.scm.azurewebsites.net"],"siteProperties":{"metadata":null,"properties":[{"name":"LinuxFxVersion","value":""},{"name":"WindowsFxVersion","value":null}],"appSettings":null},"availabilityState":"Normal","sslCertificates":null,"csrs":[],"cers":null,"siteMode":null,"hostNameSslStates":[{"name":"web-msi000003.azurewebsites.net","sslState":"Disabled","ipBasedSslResult":null,"virtualIP":null,"thumbprint":null,"toUpdate":null,"toUpdateIpBasedSsl":null,"ipBasedSslState":"NotConfigured","hostType":"Standard"},{"name":"web-msi000003.scm.azurewebsites.net","sslState":"Disabled","ipBasedSslResult":null,"virtualIP":null,"thumbprint":null,"toUpdate":null,"toUpdateIpBasedSsl":null,"ipBasedSslState":"NotConfigured","hostType":"Repository"}],"computeMode":null,"serverFarm":null,"serverFarmId":"/subscriptions/00000000-0000-0000-0000-000000000000/resourceGroups/clitest.rg000001/providers/Microsoft.Web/serverfarms/web-msi-plan000002","reserved":false,"isXenon":false,"lastModifiedTimeUtc":"2018-06-28T00:33:46.5933333","storageRecoveryDefaultState":"Running","contentAvailabilityState":"Normal","runtimeAvailabilityState":"Normal","siteConfig":null,"deploymentId":"web-msi000003","trafficManagerHostNames":null,"sku":"Basic","scmSiteAlsoStopped":false,"targetSwapSlot":null,"hostingEnvironment":null,"hostingEnvironmentProfile":null,"clientAffinityEnabled":true,"clientCertEnabled":false,"hostNamesDisabled":false,"domainVerificationIdentifiers":null,"kind":"app","outboundIpAddresses":"52.160.40.218,13.91.101.189,13.91.99.235,13.91.96.245,13.91.100.227","possibleOutboundIpAddresses":"52.160.40.218,13.91.101.189,13.91.99.235,13.91.96.245,13.91.100.227,13.91.97.179,13.91.103.21,13.91.99.109,52.224.50.250","containerSize":0,"dailyMemoryTimeQuota":0,"suspendedTill":null,"siteDisabledReason":0,"functionExecutionUnitsCache":null,"maxNumberOfWorkers":null,"homeStamp":"waws-prod-bay-101","cloningInfo":null,"hostingEnvironmentId":null,"tags":null,"resourceGroup":"clitest.rg000001","defaultHostName":"web-msi000003.azurewebsites.net","slotSwapStatus":null,"httpsOnly":false},"identity":{"type":"SystemAssigned","tenantId":"72f988bf-86f1-41af-91ab-2d7cd011db47","principalId":"0f035dbc-4eb7-4a6b-8449-6e2627732b1b"}}'}
    headers:
      cache-control: [no-cache]
      content-length: ['3321']
      content-type: [application/json]
      date: ['Thu, 28 Jun 2018 00:33:47 GMT']
      etag: ['"1D40E77ACF09A15"']
      expires: ['-1']
      pragma: [no-cache]
      server: [Microsoft-IIS/10.0]
      strict-transport-security: [max-age=31536000; includeSubDomains]
      transfer-encoding: [chunked]
      vary: [Accept-Encoding]
      x-aspnet-version: [4.0.30319]
      x-content-type-options: [nosniff]
      x-ms-ratelimit-remaining-subscription-resource-requests: ['499']
      x-powered-by: [ASP.NET]
    status: {code: 200, message: OK}
- request:
    body: null
    headers:
      Accept: [application/json]
      Accept-Encoding: ['gzip, deflate']
      CommandName: [webapp identity assign]
      Connection: [keep-alive]
      Content-Type: [application/json; charset=utf-8]
      User-Agent: [python/3.6.5 (Windows-10-10.0.17134-SP0) requests/2.18.4 msrest/0.4.28
          msrest_azure/0.4.27 azure-mgmt-authorization/0.40.0 Azure-SDK-For-Python
          AZURECLI/2.0.40]
      accept-language: [en-US]
    method: GET
    uri: https://management.azure.com/subscriptions/00000000-0000-0000-0000-000000000000/resourcegroups/clitest.rg000001/providers/Microsoft.Authorization/roleDefinitions?$filter=roleName%20eq%20%27Reader%27&api-version=2018-01-01-preview
  response:
    body: {string: '{"value":[{"properties":{"roleName":"Reader","type":"BuiltInRole","description":"Lets
        you view everything, but not make any changes.","assignableScopes":["/"],"permissions":[{"actions":["*/read"],"notActions":[],"dataActions":[],"notDataActions":[]}],"createdOn":"0001-01-01T08:00:00.0000000Z","updatedOn":"2018-01-30T18:08:25.4031403Z","createdBy":null,"updatedBy":null},"id":"/subscriptions/00000000-0000-0000-0000-000000000000/providers/Microsoft.Authorization/roleDefinitions/acdd72a7-3385-48ef-bd42-f606fba81ae7","type":"Microsoft.Authorization/roleDefinitions","name":"acdd72a7-3385-48ef-bd42-f606fba81ae7"}]}'}
    headers:
      cache-control: [no-cache]
      content-length: ['615']
      content-type: [application/json; charset=utf-8]
      date: ['Thu, 28 Jun 2018 00:33:47 GMT']
      expires: ['-1']
      pragma: [no-cache]
      server: [Microsoft-IIS/10.0]
      set-cookie: [x-ms-gateway-slice=productionb; path=/; secure; HttpOnly]
      strict-transport-security: [max-age=31536000; includeSubDomains]
      transfer-encoding: [chunked]
      vary: [Accept-Encoding]
      x-content-type-options: [nosniff]
      x-ms-request-charge: ['1']
      x-powered-by: [ASP.NET]
    status: {code: 200, message: OK}
- request:
    body: '{"properties": {"roleDefinitionId": "/subscriptions/00000000-0000-0000-0000-000000000000/providers/Microsoft.Authorization/roleDefinitions/acdd72a7-3385-48ef-bd42-f606fba81ae7",
      "principalId": "0f035dbc-4eb7-4a6b-8449-6e2627732b1b"}}'
    headers:
      Accept: [application/json]
      Accept-Encoding: ['gzip, deflate']
      CommandName: [webapp identity assign]
      Connection: [keep-alive]
      Content-Length: ['233']
      Content-Type: [application/json; charset=utf-8]
      User-Agent: [python/3.6.5 (Windows-10-10.0.17134-SP0) requests/2.18.4 msrest/0.4.28
          msrest_azure/0.4.27 azure-mgmt-authorization/0.40.0 Azure-SDK-For-Python
          AZURECLI/2.0.40]
      accept-language: [en-US]
    method: PUT
    uri: https://management.azure.com/subscriptions/00000000-0000-0000-0000-000000000000/resourcegroups/clitest.rg000001/providers/Microsoft.Authorization/roleAssignments/88daaf5a-ea86-4a68-9d45-477538d46668?api-version=2018-01-01-preview
  response:
    body: {string: '{"error":{"code":"PrincipalNotFound","message":"Principal 0f035dbc4eb74a6b84496e2627732b1b
        does not exist in the directory 72f988bf-86f1-41af-91ab-2d7cd011db47."}}'}
    headers:
      cache-control: [no-cache]
      content-length: ['163']
      content-type: [application/json; charset=utf-8]
      date: ['Thu, 28 Jun 2018 00:33:50 GMT']
      expires: ['-1']
      pragma: [no-cache]
      server: [Microsoft-IIS/10.0]
      set-cookie: [x-ms-gateway-slice=productionb; path=/; secure; HttpOnly]
      strict-transport-security: [max-age=31536000; includeSubDomains]
      x-content-type-options: [nosniff]
      x-ms-ratelimit-remaining-subscription-writes: ['1199']
      x-powered-by: [ASP.NET]
    status: {code: 400, message: Bad Request}
- request:
    body: '{"properties": {"roleDefinitionId": "/subscriptions/00000000-0000-0000-0000-000000000000/providers/Microsoft.Authorization/roleDefinitions/acdd72a7-3385-48ef-bd42-f606fba81ae7",
      "principalId": "0f035dbc-4eb7-4a6b-8449-6e2627732b1b"}}'
    headers:
      Accept: [application/json]
      Accept-Encoding: ['gzip, deflate']
      CommandName: [webapp identity assign]
      Connection: [keep-alive]
      Content-Length: ['233']
      Content-Type: [application/json; charset=utf-8]
      User-Agent: [python/3.6.5 (Windows-10-10.0.17134-SP0) requests/2.18.4 msrest/0.4.28
          msrest_azure/0.4.27 azure-mgmt-authorization/0.40.0 Azure-SDK-For-Python
          AZURECLI/2.0.40]
      accept-language: [en-US]
    method: PUT
    uri: https://management.azure.com/subscriptions/00000000-0000-0000-0000-000000000000/resourcegroups/clitest.rg000001/providers/Microsoft.Authorization/roleAssignments/88daaf5a-ea86-4a68-9d45-477538d46668?api-version=2018-01-01-preview
  response:
    body: {string: '{"error":{"code":"PrincipalNotFound","message":"Principal 0f035dbc4eb74a6b84496e2627732b1b
        does not exist in the directory 72f988bf-86f1-41af-91ab-2d7cd011db47."}}'}
    headers:
      cache-control: [no-cache]
      content-length: ['163']
      content-type: [application/json; charset=utf-8]
      date: ['Thu, 28 Jun 2018 00:33:57 GMT']
      expires: ['-1']
      pragma: [no-cache]
      server: [Microsoft-IIS/10.0]
      set-cookie: [x-ms-gateway-slice=productionb; path=/; secure; HttpOnly]
      strict-transport-security: [max-age=31536000; includeSubDomains]
      x-content-type-options: [nosniff]
      x-ms-ratelimit-remaining-subscription-writes: ['1199']
      x-powered-by: [ASP.NET]
    status: {code: 400, message: Bad Request}
- request:
    body: '{"properties": {"roleDefinitionId": "/subscriptions/00000000-0000-0000-0000-000000000000/providers/Microsoft.Authorization/roleDefinitions/acdd72a7-3385-48ef-bd42-f606fba81ae7",
      "principalId": "0f035dbc-4eb7-4a6b-8449-6e2627732b1b"}}'
    headers:
      Accept: [application/json]
      Accept-Encoding: ['gzip, deflate']
      CommandName: [webapp identity assign]
      Connection: [keep-alive]
      Content-Length: ['233']
      Content-Type: [application/json; charset=utf-8]
      User-Agent: [python/3.6.5 (Windows-10-10.0.17134-SP0) requests/2.18.4 msrest/0.4.28
          msrest_azure/0.4.27 azure-mgmt-authorization/0.40.0 Azure-SDK-For-Python
          AZURECLI/2.0.40]
      accept-language: [en-US]
    method: PUT
    uri: https://management.azure.com/subscriptions/00000000-0000-0000-0000-000000000000/resourcegroups/clitest.rg000001/providers/Microsoft.Authorization/roleAssignments/88daaf5a-ea86-4a68-9d45-477538d46668?api-version=2018-01-01-preview
  response:
    body: {string: '{"properties":{"roleDefinitionId":"/subscriptions/00000000-0000-0000-0000-000000000000/providers/Microsoft.Authorization/roleDefinitions/acdd72a7-3385-48ef-bd42-f606fba81ae7","principalId":"0f035dbc-4eb7-4a6b-8449-6e2627732b1b","principalType":"ServicePrincipal","scope":"/subscriptions/00000000-0000-0000-0000-000000000000/resourcegroups/clitest.rg000001","createdOn":"2018-06-28T00:34:04.1896918Z","updatedOn":"2018-06-28T00:34:04.1896918Z","createdBy":null,"updatedBy":"b72f39fa-d7a8-46e4-b9c3-efdec6cd55f3"},"id":"/subscriptions/00000000-0000-0000-0000-000000000000/resourcegroups/clitest.rg000001/providers/Microsoft.Authorization/roleAssignments/88daaf5a-ea86-4a68-9d45-477538d46668","type":"Microsoft.Authorization/roleAssignments","name":"88daaf5a-ea86-4a68-9d45-477538d46668"}'}
    headers:
      cache-control: [no-cache]
      content-length: ['903']
      content-type: [application/json; charset=utf-8]
      date: ['Thu, 28 Jun 2018 00:34:05 GMT']
      expires: ['-1']
      pragma: [no-cache]
      server: [Microsoft-IIS/10.0]
      set-cookie: [x-ms-gateway-slice=productionb; path=/; secure; HttpOnly]
      strict-transport-security: [max-age=31536000; includeSubDomains]
      x-content-type-options: [nosniff]
      x-ms-ratelimit-remaining-subscription-writes: ['1199']
      x-ms-request-charge: ['3']
      x-powered-by: [ASP.NET]
    status: {code: 201, message: Created}
- request:
    body: null
    headers:
      Accept: [application/json]
      Accept-Encoding: ['gzip, deflate']
      CommandName: [webapp identity show]
      Connection: [keep-alive]
      Content-Type: [application/json; charset=utf-8]
      User-Agent: [python/3.6.5 (Windows-10-10.0.17134-SP0) requests/2.18.4 msrest/0.4.28
          msrest_azure/0.4.27 azure-mgmt-web/0.35.0 Azure-SDK-For-Python AZURECLI/2.0.40]
      accept-language: [en-US]
    method: GET
    uri: https://management.azure.com/subscriptions/00000000-0000-0000-0000-000000000000/resourceGroups/clitest.rg000001/providers/Microsoft.Web/sites/web-msi000003?api-version=2016-08-01
  response:
    body: {string: '{"id":"/subscriptions/00000000-0000-0000-0000-000000000000/resourceGroups/clitest.rg000001/providers/Microsoft.Web/sites/web-msi000003","name":"web-msi000003","type":"Microsoft.Web/sites","kind":"app","location":"West
        US","properties":{"name":"web-msi000003","state":"Running","hostNames":["web-msi000003.azurewebsites.net"],"webSpace":"clitest.rg000001-WestUSwebspace","selfLink":"https://waws-prod-bay-101.api.azurewebsites.windows.net:454/subscriptions/00000000-0000-0000-0000-000000000000/webspaces/clitest.rg000001-WestUSwebspace/sites/web-msi000003","repositorySiteName":"web-msi000003","owner":null,"usageState":"Normal","enabled":true,"adminEnabled":true,"enabledHostNames":["web-msi000003.azurewebsites.net","web-msi000003.scm.azurewebsites.net"],"siteProperties":{"metadata":null,"properties":[{"name":"LinuxFxVersion","value":""},{"name":"WindowsFxVersion","value":null}],"appSettings":null},"availabilityState":"Normal","sslCertificates":null,"csrs":[],"cers":null,"siteMode":null,"hostNameSslStates":[{"name":"web-msi000003.azurewebsites.net","sslState":"Disabled","ipBasedSslResult":null,"virtualIP":null,"thumbprint":null,"toUpdate":null,"toUpdateIpBasedSsl":null,"ipBasedSslState":"NotConfigured","hostType":"Standard"},{"name":"web-msi000003.scm.azurewebsites.net","sslState":"Disabled","ipBasedSslResult":null,"virtualIP":null,"thumbprint":null,"toUpdate":null,"toUpdateIpBasedSsl":null,"ipBasedSslState":"NotConfigured","hostType":"Repository"}],"computeMode":null,"serverFarm":null,"serverFarmId":"/subscriptions/00000000-0000-0000-0000-000000000000/resourceGroups/clitest.rg000001/providers/Microsoft.Web/serverfarms/web-msi-plan000002","reserved":false,"isXenon":false,"lastModifiedTimeUtc":"2018-06-28T00:33:46.5933333","storageRecoveryDefaultState":"Running","contentAvailabilityState":"Normal","runtimeAvailabilityState":"Normal","siteConfig":null,"deploymentId":"web-msi000003","trafficManagerHostNames":null,"sku":"Basic","scmSiteAlsoStopped":false,"targetSwapSlot":null,"hostingEnvironment":null,"hostingEnvironmentProfile":null,"clientAffinityEnabled":true,"clientCertEnabled":false,"hostNamesDisabled":false,"domainVerificationIdentifiers":null,"kind":"app","outboundIpAddresses":"52.160.40.218,13.91.101.189,13.91.99.235,13.91.96.245,13.91.100.227","possibleOutboundIpAddresses":"52.160.40.218,13.91.101.189,13.91.99.235,13.91.96.245,13.91.100.227,13.91.97.179,13.91.103.21,13.91.99.109,52.224.50.250","containerSize":0,"dailyMemoryTimeQuota":0,"suspendedTill":null,"siteDisabledReason":0,"functionExecutionUnitsCache":null,"maxNumberOfWorkers":null,"homeStamp":"waws-prod-bay-101","cloningInfo":null,"hostingEnvironmentId":null,"tags":null,"resourceGroup":"clitest.rg000001","defaultHostName":"web-msi000003.azurewebsites.net","slotSwapStatus":null,"httpsOnly":false},"identity":{"type":"SystemAssigned","tenantId":"72f988bf-86f1-41af-91ab-2d7cd011db47","principalId":"0f035dbc-4eb7-4a6b-8449-6e2627732b1b"}}'}
    headers:
      cache-control: [no-cache]
      content-length: ['3321']
      content-type: [application/json]
      date: ['Thu, 28 Jun 2018 00:34:06 GMT']
      etag: ['"1D40E77ACF09A15"']
      expires: ['-1']
      pragma: [no-cache]
      server: [Microsoft-IIS/10.0]
      strict-transport-security: [max-age=31536000; includeSubDomains]
      transfer-encoding: [chunked]
      vary: [Accept-Encoding]
      x-aspnet-version: [4.0.30319]
      x-content-type-options: [nosniff]
      x-powered-by: [ASP.NET]
    status: {code: 200, message: OK}
- request:
    body: null
    headers:
      Accept: [application/json]
      Accept-Encoding: ['gzip, deflate']
      CommandName: [role assignment list]
      Connection: [keep-alive]
      Content-Type: [application/json; charset=utf-8]
      User-Agent: [python/3.6.5 (Windows-10-10.0.17134-SP0) requests/2.18.4 msrest/0.4.28
          msrest_azure/0.4.27 azure-graphrbac/0.40.0 Azure-SDK-For-Python AZURECLI/2.0.40]
      accept-language: [en-US]
    method: GET
    uri: https://graph.windows.net/00000000-0000-0000-0000-000000000000/servicePrincipals?$filter=servicePrincipalNames%2Fany%28c%3Ac%20eq%20%270f035dbc-4eb7-4a6b-8449-6e2627732b1b%27%29&api-version=1.6
  response:
    body: {string: '{"odata.metadata":"https://graph.windows.net/00000000-0000-0000-0000-000000000000/$metadata#directoryObjects/Microsoft.DirectoryServices.ServicePrincipal","value":[]}'}
    headers:
      access-control-allow-origin: ['*']
      cache-control: [no-cache]
      content-length: ['166']
      content-type: [application/json; odata=minimalmetadata; streaming=true; charset=utf-8]
      dataserviceversion: [3.0;]
      date: ['Thu, 28 Jun 2018 00:34:07 GMT']
      duration: ['1021210']
      expires: ['-1']
      ocp-aad-diagnostics-server-name: [USO0vXsiH/WugU0+xVoguNv4Wxgbvvn8Zb8qUwfOkVw=]
      ocp-aad-session-key: [-fDd8KSOK2qNAWkTHu8472enoTlJpOjkJ4B-krD8PsbAlefJTUkJ4QdV92s9IHOqXUxbboXPfpxVwCzKpq8fW8gdC_ZBdRT5CwTnOCq7VUgnc98F7RiX1SsklPtKUk5s.FlmATrPML48M4q5PcK2YVUSmSAwtbL5ejL1DnTpB0AY]
      pragma: [no-cache]
      request-id: [993013ff-43c9-428f-8528-1986d62721e2]
      server: [Microsoft-IIS/10.0]
      strict-transport-security: [max-age=31536000; includeSubDomains]
      x-aspnet-version: [4.0.30319]
      x-content-type-options: [nosniff]
      x-ms-dirapi-data-contract-version: ['1.6']
      x-powered-by: [ASP.NET, ASP.NET]
    status: {code: 200, message: OK}
- request:
    body: '{"objectIds": ["0f035dbc-4eb7-4a6b-8449-6e2627732b1b"], "includeDirectoryObjectReferences":
      true}'
    headers:
      Accept: [application/json]
      Accept-Encoding: ['gzip, deflate']
      CommandName: [role assignment list]
      Connection: [keep-alive]
      Content-Length: ['97']
      Content-Type: [application/json; charset=utf-8]
      User-Agent: [python/3.6.5 (Windows-10-10.0.17134-SP0) requests/2.18.4 msrest/0.4.28
          msrest_azure/0.4.27 azure-graphrbac/0.40.0 Azure-SDK-For-Python AZURECLI/2.0.40]
      accept-language: [en-US]
    method: POST
    uri: https://graph.windows.net/00000000-0000-0000-0000-000000000000/getObjectsByObjectIds?api-version=1.6
  response:
    body: {string: '{"odata.metadata":"https://graph.windows.net/00000000-0000-0000-0000-000000000000/$metadata#directoryObjects","value":[{"odata.type":"Microsoft.DirectoryServices.ServicePrincipal","objectType":"ServicePrincipal","objectId":"0f035dbc-4eb7-4a6b-8449-6e2627732b1b","deletionTimestamp":null,"accountEnabled":true,"addIns":[],"alternativeNames":["isExplicit=False","/subscriptions/00000000-0000-0000-0000-000000000000/resourcegroups/clitest.rg000001/providers/Microsoft.Web/sites/web-msi000003"],"appDisplayName":null,"appId":"a45e32d6-7ef0-41b4-bced-1be5b1d1f189","appOwnerTenantId":null,"appRoleAssignmentRequired":false,"appRoles":[],"displayName":"web-msi000003","errorUrl":null,"homepage":null,"keyCredentials":[{"customKeyIdentifier":null,"endDate":"2018-09-26T00:28:00Z","keyId":"c2692af2-71bf-4c4e-8780-369c80557a16","startDate":"2018-06-28T00:28:00Z","type":"AsymmetricX509Cert","usage":"Verify","value":null}],"logoutUrl":null,"oauth2Permissions":[],"passwordCredentials":[],"preferredTokenSigningKeyThumbprint":null,"publisherName":null,"replyUrls":[],"samlMetadataUrl":null,"servicePrincipalNames":["a45e32d6-7ef0-41b4-bced-1be5b1d1f189","https://identity.azure.net/gDDp6EHaCAGi1XJIQ7bfajST7QCJD4nO2vctMalolvM="],"servicePrincipalType":"ServiceAccount","signInAudience":null,"tags":[],"tokenEncryptionKeyId":null}]}'}
    headers:
      access-control-allow-origin: ['*']
      cache-control: [no-cache]
      content-length: ['1395']
      content-type: [application/json; odata=minimalmetadata; streaming=true; charset=utf-8]
      dataserviceversion: [3.0;]
      date: ['Thu, 28 Jun 2018 00:34:07 GMT']
      duration: ['536438']
      expires: ['-1']
      ocp-aad-diagnostics-server-name: [6K8lWHvVsgBdTBM4xsdGPioJWlS7JXIeN4jkSphTepo=]
      ocp-aad-session-key: [F5IPQvjvWJfWowyOL6XHX_upqWilK_ZBzl_dGC4lo1JoGf_Mr7_ULU9OH5XhO5WBdARNu0pzrB4UVEXRNwc8iTyN1OEDvloQbI7Etahqs0qNhZEhgBWwh3sX2nhbPq2D.bWiFEOUkqIdxHzd87B-feoEerLu6YEDSHvKWK-u424Q]
      pragma: [no-cache]
      request-id: [715b9b9c-dffb-41b2-a207-bbc9f30d87e1]
      server: [Microsoft-IIS/10.0]
      strict-transport-security: [max-age=31536000; includeSubDomains]
      x-aspnet-version: [4.0.30319]
      x-content-type-options: [nosniff]
      x-ms-dirapi-data-contract-version: ['1.6']
      x-powered-by: [ASP.NET, ASP.NET]
    status: {code: 200, message: OK}
- request:
    body: null
    headers:
      Accept: [application/json]
      Accept-Encoding: ['gzip, deflate']
      CommandName: [role assignment list]
      Connection: [keep-alive]
      Content-Type: [application/json; charset=utf-8]
      User-Agent: [python/3.6.5 (Windows-10-10.0.17134-SP0) requests/2.18.4 msrest/0.4.28
          msrest_azure/0.4.27 azure-mgmt-authorization/0.40.0 Azure-SDK-For-Python
          AZURECLI/2.0.40]
      accept-language: [en-US]
    method: GET
    uri: https://management.azure.com/subscriptions/00000000-0000-0000-0000-000000000000/providers/Microsoft.Authorization/roleAssignments?$filter=principalId%20eq%20%270f035dbc-4eb7-4a6b-8449-6e2627732b1b%27&api-version=2018-01-01-preview
  response:
    body: {string: '{"value":[{"properties":{"roleDefinitionId":"/subscriptions/00000000-0000-0000-0000-000000000000/providers/Microsoft.Authorization/roleDefinitions/acdd72a7-3385-48ef-bd42-f606fba81ae7","principalId":"0f035dbc-4eb7-4a6b-8449-6e2627732b1b","principalType":"ServicePrincipal","scope":"/subscriptions/00000000-0000-0000-0000-000000000000/resourcegroups/clitest.rg000001","createdOn":"2018-06-28T00:34:05.8135173Z","updatedOn":"2018-06-28T00:34:05.8135173Z","createdBy":"b72f39fa-d7a8-46e4-b9c3-efdec6cd55f3","updatedBy":"b72f39fa-d7a8-46e4-b9c3-efdec6cd55f3"},"id":"/subscriptions/00000000-0000-0000-0000-000000000000/resourcegroups/clitest.rg000001/providers/Microsoft.Authorization/roleAssignments/88daaf5a-ea86-4a68-9d45-477538d46668","type":"Microsoft.Authorization/roleAssignments","name":"88daaf5a-ea86-4a68-9d45-477538d46668"}]}'}
    headers:
      cache-control: [no-cache]
      content-length: ['949']
      content-type: [application/json; charset=utf-8]
      date: ['Thu, 28 Jun 2018 00:34:07 GMT']
      expires: ['-1']
      pragma: [no-cache]
      server: [Microsoft-IIS/10.0]
      set-cookie: [x-ms-gateway-slice=productionb; path=/; secure; HttpOnly]
      strict-transport-security: [max-age=31536000; includeSubDomains]
      transfer-encoding: [chunked]
      vary: [Accept-Encoding]
      x-content-type-options: [nosniff]
      x-ms-request-charge: ['1']
      x-powered-by: [ASP.NET]
    status: {code: 200, message: OK}
- request:
    body: null
    headers:
      Accept: [application/json]
      Accept-Encoding: ['gzip, deflate']
      CommandName: [role assignment list]
      Connection: [keep-alive]
      Content-Type: [application/json; charset=utf-8]
      User-Agent: [python/3.6.5 (Windows-10-10.0.17134-SP0) requests/2.18.4 msrest/0.4.28
          msrest_azure/0.4.27 azure-mgmt-authorization/0.40.0 Azure-SDK-For-Python
          AZURECLI/2.0.40]
      accept-language: [en-US]
    method: GET
    uri: https://management.azure.com/subscriptions/00000000-0000-0000-0000-000000000000/resourceGroups/clitest.rg000001/providers/Microsoft.Authorization/roleDefinitions?api-version=2018-01-01-preview
  response:
    body: {string: "{\"value\":[{\"properties\":{\"roleName\":\"Azure Service Deploy\
        \ Release Management Contributor\",\"type\":\"CustomRole\",\"description\"\
        :\"Contributor role for services deploying through Azure Service Deploy.\"\
        ,\"assignableScopes\":[\"/\"],\"permissions\":[{\"actions\":[\"*\"],\"notActions\"\
        :[\"Microsoft.Authorization/*/Delete\",\"Microsoft.Authorization/*/Write\"\
        ],\"dataActions\":[],\"notDataActions\":[]}],\"createdOn\":\"2016-02-04T02:26:31.5413362Z\"\
        ,\"updatedOn\":\"2018-01-08T20:20:16.3660174Z\",\"createdBy\":null,\"updatedBy\"\
        :null},\"id\":\"/subscriptions/00000000-0000-0000-0000-000000000000/providers/Microsoft.Authorization/roleDefinitions/21d96096-b162-414a-8302-d8354f9d91b2\"\
        ,\"type\":\"Microsoft.Authorization/roleDefinitions\",\"name\":\"21d96096-b162-414a-8302-d8354f9d91b2\"\
        },{\"properties\":{\"roleName\":\"CAL-Custom-Role-67b91599-1e50-49eb-8780-881e4f7ca44e\"\
        ,\"type\":\"CustomRole\",\"description\":\"Lets SAP Cloud Appliance Library\
        \ application manage Network and Compute services, manage Resource Groups\
        \ and Management locks.\",\"assignableScopes\":[\"/\"],\"permissions\":[{\"\
        actions\":[\"Microsoft.Authorization/locks/*\",\"Microsoft.Authorization/roleAssignments/*\"\
        ,\"Microsoft.Authorization/roleDefinitions/*\",\"Microsoft.Compute/*\",\"\
        Microsoft.Features/*\",\"Microsoft.Network/*\",\"Microsoft.Resources/*\",\"\
        Microsoft.Storage/*\"],\"notActions\":[],\"dataActions\":[],\"notDataActions\"\
        :[]}],\"createdOn\":\"2018-05-14T19:30:51.0664585Z\",\"updatedOn\":\"2018-05-14T19:30:51.0664585Z\"\
        ,\"createdBy\":\"dda50086-5e3d-4a4b-b8bc-f54771104d89\",\"updatedBy\":\"dda50086-5e3d-4a4b-b8bc-f54771104d89\"\
        },\"id\":\"/subscriptions/00000000-0000-0000-0000-000000000000/providers/Microsoft.Authorization/roleDefinitions/7b266cd7-0bba-4ae2-8423-90ede5e1e898\"\
        ,\"type\":\"Microsoft.Authorization/roleDefinitions\",\"name\":\"7b266cd7-0bba-4ae2-8423-90ede5e1e898\"\
        },{\"properties\":{\"roleName\":\"Dsms Role (deprecated)\",\"type\":\"CustomRole\"\
        ,\"description\":\"Custom role used by Dsms to perform operations. Can list\
        \ and regnerate storage account keys.\",\"assignableScopes\":[\"/\"],\"permissions\"\
        :[{\"actions\":[\"Microsoft.ClassicStorage/storageAccounts/listKeys/action\"\
        ,\"Microsoft.ClassicStorage/storageAccounts/regenerateKey/action\",\"Microsoft.Storage/storageAccounts/listkeys/action\"\
        ,\"Microsoft.Storage/storageAccounts/regeneratekey/action\"],\"notActions\"\
        :[],\"dataActions\":[],\"notDataActions\":[]}],\"createdOn\":\"2017-05-17T18:02:11.1225951Z\"\
        ,\"updatedOn\":\"2018-01-13T00:21:52.7211696Z\",\"createdBy\":\"ca5f3715-e7dd-427b-b2db-45b6a4a2df87\"\
        ,\"updatedBy\":\"ca5f3715-e7dd-427b-b2db-45b6a4a2df87\"},\"id\":\"/subscriptions/00000000-0000-0000-0000-000000000000/providers/Microsoft.Authorization/roleDefinitions/b91f4c0b-46e3-47bb-a242-eecfe23b3b5b\"\
        ,\"type\":\"Microsoft.Authorization/roleDefinitions\",\"name\":\"b91f4c0b-46e3-47bb-a242-eecfe23b3b5b\"\
        },{\"properties\":{\"roleName\":\"GenevaWarmPathResourceContributor\",\"type\"\
        :\"CustomRole\",\"description\":\"Can manage service bus and storage accounts.\"\
        ,\"assignableScopes\":[\"/\"],\"permissions\":[{\"actions\":[\"Microsoft.EventHub/namespaces/*\"\
        ,\"Microsoft.Resources/subscriptions/resourceGroups/*\",\"Microsoft.ServiceBus/namespaces/*\"\
        ,\"Microsoft.Storage/storageAccounts/*\"],\"notActions\":[],\"dataActions\"\
        :[],\"notDataActions\":[]}],\"createdOn\":\"2017-03-14T22:30:10.1999436Z\"\
        ,\"updatedOn\":\"2017-03-14T22:30:10.1999436Z\",\"createdBy\":null,\"updatedBy\"\
        :null},\"id\":\"/subscriptions/00000000-0000-0000-0000-000000000000/providers/Microsoft.Authorization/roleDefinitions/9f15f5f5-77bd-413a-aa88-4b9c68b1e7bc\"\
        ,\"type\":\"Microsoft.Authorization/roleDefinitions\",\"name\":\"9f15f5f5-77bd-413a-aa88-4b9c68b1e7bc\"\
        },{\"properties\":{\"roleName\":\"masterreader\",\"type\":\"CustomRole\",\"\
        description\":\"Lets you view everything, but not make any changes.\",\"assignableScopes\"\
        :[\"/\"],\"permissions\":[{\"actions\":[\"*/read\"],\"notActions\":[],\"dataActions\"\
        :[],\"notDataActions\":[]}],\"createdOn\":\"2017-11-14T23:38:05.3353858Z\"\
        ,\"updatedOn\":\"2017-11-14T23:38:05.3353858Z\",\"createdBy\":null,\"updatedBy\"\
        :null},\"id\":\"/subscriptions/00000000-0000-0000-0000-000000000000/providers/Microsoft.Authorization/roleDefinitions/a48d7796-14b4-4889-afef-fbb65a93e5a2\"\
        ,\"type\":\"Microsoft.Authorization/roleDefinitions\",\"name\":\"a48d7796-14b4-4889-afef-fbb65a93e5a2\"\
        },{\"properties\":{\"roleName\":\"Matt TEST\",\"type\":\"CustomRole\",\"description\"\
        :\"Can add/remove hostname bindings from App Service\",\"assignableScopes\"\
        :[\"/subscriptions/00000000-0000-0000-0000-000000000000\",\"/subscriptions/00000000-0000-0000-0000-000000000000\"\
        ,\"/subscriptions/00000000-0000-0000-0000-000000000000\"],\"permissions\"\
        :[{\"actions\":[\"Microsoft.Web/sites/read\",\"Microsoft.Web/sites/hostnamebindings/read\"\
        ,\"Microsoft.Web/sites/hostnamebindings/write\",\"Microsoft.Web/sites/hostnamebindings/delete\"\
        ,\"Microsoft.Authorization/*/read\",\"Microsoft.Resources/subscriptions/resourceGroups/read\"\
        ,\"Microsoft.Support/*\"],\"notActions\":[],\"dataActions\":[],\"notDataActions\"\
        :[]}],\"createdOn\":\"2017-10-24T01:18:20.4681515Z\",\"updatedOn\":\"2018-01-12T17:10:31.0826928Z\"\
        ,\"createdBy\":\"4e62a0e5-789c-4a28-bd94-6894204eb351\",\"updatedBy\":\"4e62a0e5-789c-4a28-bd94-6894204eb351\"\
        },\"id\":\"/subscriptions/00000000-0000-0000-0000-000000000000/providers/Microsoft.Authorization/roleDefinitions/96bf174f-2705-4540-b53c-e2c4cd452507\"\
        ,\"type\":\"Microsoft.Authorization/roleDefinitions\",\"name\":\"96bf174f-2705-4540-b53c-e2c4cd452507\"\
        },{\"properties\":{\"roleName\":\"Office DevOps\",\"type\":\"CustomRole\"\
        ,\"description\":\"Custom access for developers to operations but not secrets.\"\
        ,\"assignableScopes\":[\"/\"],\"permissions\":[{\"actions\":[\"Microsoft.Compute/virtualMachineScaleSets/restart/action\"\
        ,\"Microsoft.Compute/virtualMachineScaleSets/virtualMachines/restart/action\"\
        ,\"Microsoft.Sql/servers/databases/replicationLinks/delete\",\"Microsoft.Sql/servers/databases/replicationLinks/failover/action\"\
        ,\"Microsoft.Sql/servers/databases/replicationLinks/forceFailoverAllowDataLoss/action\"\
        ,\"Microsoft.Sql/servers/databases/replicationLinks/operationResults/read\"\
        ,\"Microsoft.Sql/servers/databases/replicationLinks/read\",\"Microsoft.Sql/servers/databases/replicationLinks/unlink/action\"\
        ],\"notActions\":[],\"dataActions\":[],\"notDataActions\":[]}],\"createdOn\"\
        :\"2016-10-07T08:11:46.1639398Z\",\"updatedOn\":\"2017-03-16T18:43:08.3234306Z\"\
        ,\"createdBy\":\"25aea6be-b605-4347-a92d-33e178e412ec\",\"updatedBy\":\"25aea6be-b605-4347-a92d-33e178e412ec\"\
        },\"id\":\"/subscriptions/00000000-0000-0000-0000-000000000000/providers/Microsoft.Authorization/roleDefinitions/7fd64851-3279-459b-b614-e2b2ba760f5b\"\
        ,\"type\":\"Microsoft.Authorization/roleDefinitions\",\"name\":\"7fd64851-3279-459b-b614-e2b2ba760f5b\"\
        },{\"properties\":{\"roleName\":\"AcrImageSigner\",\"type\":\"BuiltInRole\"\
        ,\"description\":\"acr image signer\",\"assignableScopes\":[\"/\"],\"permissions\"\
        :[{\"actions\":[\"Microsoft.ContainerRegistry/registries/*/read\",\"Microsoft.ContainerRegistry/registries/*/write\"\
        ],\"notActions\":[],\"dataActions\":[],\"notDataActions\":[]}],\"createdOn\"\
        :\"2018-03-15T23:23:08.4038322Z\",\"updatedOn\":\"2018-03-17T01:25:51.8758677Z\"\
        ,\"createdBy\":null,\"updatedBy\":null},\"id\":\"/subscriptions/00000000-0000-0000-0000-000000000000/providers/Microsoft.Authorization/roleDefinitions/6cef56e8-d556-48e5-a04f-b8e64114680f\"\
        ,\"type\":\"Microsoft.Authorization/roleDefinitions\",\"name\":\"6cef56e8-d556-48e5-a04f-b8e64114680f\"\
        },{\"properties\":{\"roleName\":\"AcrQuarantineReader\",\"type\":\"BuiltInRole\"\
        ,\"description\":\"acr quarantine data reader\",\"assignableScopes\":[\"/\"\
        ],\"permissions\":[{\"actions\":[\"Microsoft.ContainerRegistry/registries/*/read\"\
        ],\"notActions\":[],\"dataActions\":[],\"notDataActions\":[]}],\"createdOn\"\
        :\"2018-03-16T00:27:39.9596835Z\",\"updatedOn\":\"2018-03-17T01:26:48.6387319Z\"\
        ,\"createdBy\":null,\"updatedBy\":null},\"id\":\"/subscriptions/00000000-0000-0000-0000-000000000000/providers/Microsoft.Authorization/roleDefinitions/cdda3590-29a3-44f6-95f2-9f980659eb04\"\
        ,\"type\":\"Microsoft.Authorization/roleDefinitions\",\"name\":\"cdda3590-29a3-44f6-95f2-9f980659eb04\"\
        },{\"properties\":{\"roleName\":\"AcrQuarantineWriter\",\"type\":\"BuiltInRole\"\
        ,\"description\":\"acr quarantine data writer\",\"assignableScopes\":[\"/\"\
        ],\"permissions\":[{\"actions\":[\"Microsoft.ContainerRegistry/registries/*/write\"\
        ,\"Microsoft.ContainerRegistry/registries/*/read\"],\"notActions\":[],\"dataActions\"\
        :[],\"notDataActions\":[]}],\"createdOn\":\"2018-03-16T00:26:37.5871820Z\"\
        ,\"updatedOn\":\"2018-03-17T01:27:36.3941651Z\",\"createdBy\":null,\"updatedBy\"\
        :null},\"id\":\"/subscriptions/00000000-0000-0000-0000-000000000000/providers/Microsoft.Authorization/roleDefinitions/c8d4ff99-41c3-41a8-9f60-21dfdad59608\"\
        ,\"type\":\"Microsoft.Authorization/roleDefinitions\",\"name\":\"c8d4ff99-41c3-41a8-9f60-21dfdad59608\"\
        },{\"properties\":{\"roleName\":\"API Management Service Contributor\",\"\
        type\":\"BuiltInRole\",\"description\":\"Lets you manage API Management services,\
        \ but not access to them.\",\"assignableScopes\":[\"/\"],\"permissions\":[{\"\
        actions\":[\"Microsoft.ApiManagement/service/*\",\"Microsoft.Authorization/*/read\"\
        ,\"Microsoft.Insights/alertRules/*\",\"Microsoft.ResourceHealth/availabilityStatuses/read\"\
        ,\"Microsoft.Resources/deployments/*\",\"Microsoft.Resources/subscriptions/resourceGroups/read\"\
        ,\"Microsoft.Support/*\"],\"notActions\":[],\"dataActions\":[],\"notDataActions\"\
        :[]}],\"createdOn\":\"0001-01-01T08:00:00.0000000Z\",\"updatedOn\":\"2017-01-23T23:12:00.5823195Z\"\
        ,\"createdBy\":null,\"updatedBy\":null},\"id\":\"/subscriptions/00000000-0000-0000-0000-000000000000/providers/Microsoft.Authorization/roleDefinitions/312a565d-c81f-4fd8-895a-4e21e48d571c\"\
        ,\"type\":\"Microsoft.Authorization/roleDefinitions\",\"name\":\"312a565d-c81f-4fd8-895a-4e21e48d571c\"\
        },{\"properties\":{\"roleName\":\"API Management Service Operator Role\",\"\
        type\":\"BuiltInRole\",\"description\":\"Can manage service but not the APIs\"\
        ,\"assignableScopes\":[\"/\"],\"permissions\":[{\"actions\":[\"Microsoft.ApiManagement/service/*/read\"\
        ,\"Microsoft.ApiManagement/service/backup/action\",\"Microsoft.ApiManagement/service/delete\"\
        ,\"Microsoft.ApiManagement/service/managedeployments/action\",\"Microsoft.ApiManagement/service/read\"\
        ,\"Microsoft.ApiManagement/service/restore/action\",\"Microsoft.ApiManagement/service/updatecertificate/action\"\
        ,\"Microsoft.ApiManagement/service/updatehostname/action\",\"Microsoft.ApiManagement/service/write\"\
        ,\"Microsoft.Authorization/*/read\",\"Microsoft.Insights/alertRules/*\",\"\
        Microsoft.ResourceHealth/availabilityStatuses/read\",\"Microsoft.Resources/deployments/*\"\
        ,\"Microsoft.Resources/subscriptions/resourceGroups/read\",\"Microsoft.Support/*\"\
        ],\"notActions\":[\"Microsoft.ApiManagement/service/users/keys/read\"],\"\
        dataActions\":[],\"notDataActions\":[]}],\"createdOn\":\"2016-11-09T00:03:42.1194019Z\"\
        ,\"updatedOn\":\"2016-11-18T23:56:25.4682649Z\",\"createdBy\":null,\"updatedBy\"\
        :null},\"id\":\"/subscriptions/00000000-0000-0000-0000-000000000000/providers/Microsoft.Authorization/roleDefinitions/e022efe7-f5ba-4159-bbe4-b44f577e9b61\"\
        ,\"type\":\"Microsoft.Authorization/roleDefinitions\",\"name\":\"e022efe7-f5ba-4159-bbe4-b44f577e9b61\"\
        },{\"properties\":{\"roleName\":\"API Management Service Reader Role\",\"\
        type\":\"BuiltInRole\",\"description\":\"Read-only access to service and APIs\"\
        ,\"assignableScopes\":[\"/\"],\"permissions\":[{\"actions\":[\"Microsoft.ApiManagement/service/*/read\"\
        ,\"Microsoft.ApiManagement/service/read\",\"Microsoft.Authorization/*/read\"\
        ,\"Microsoft.Insights/alertRules/*\",\"Microsoft.ResourceHealth/availabilityStatuses/read\"\
        ,\"Microsoft.Resources/deployments/*\",\"Microsoft.Resources/subscriptions/resourceGroups/read\"\
        ,\"Microsoft.Support/*\"],\"notActions\":[\"Microsoft.ApiManagement/service/users/keys/read\"\
        ],\"dataActions\":[],\"notDataActions\":[]}],\"createdOn\":\"2016-11-09T00:26:45.1540473Z\"\
        ,\"updatedOn\":\"2017-01-23T23:10:34.8876776Z\",\"createdBy\":null,\"updatedBy\"\
        :null},\"id\":\"/subscriptions/00000000-0000-0000-0000-000000000000/providers/Microsoft.Authorization/roleDefinitions/71522526-b88f-4d52-b57f-d31fc3546d0d\"\
        ,\"type\":\"Microsoft.Authorization/roleDefinitions\",\"name\":\"71522526-b88f-4d52-b57f-d31fc3546d0d\"\
        },{\"properties\":{\"roleName\":\"Application Insights Component Contributor\"\
        ,\"type\":\"BuiltInRole\",\"description\":\"Can manage Application Insights\
        \ components\",\"assignableScopes\":[\"/\"],\"permissions\":[{\"actions\"\
        :[\"Microsoft.Authorization/*/read\",\"Microsoft.Insights/alertRules/*\",\"\
        Microsoft.Insights/components/*\",\"Microsoft.Insights/webtests/*\",\"Microsoft.ResourceHealth/availabilityStatuses/read\"\
        ,\"Microsoft.Resources/deployments/*\",\"Microsoft.Resources/subscriptions/resourceGroups/read\"\
        ,\"Microsoft.Support/*\"],\"notActions\":[],\"dataActions\":[],\"notDataActions\"\
        :[]}],\"createdOn\":\"0001-01-01T08:00:00.0000000Z\",\"updatedOn\":\"2016-11-29T20:30:34.2313394Z\"\
        ,\"createdBy\":null,\"updatedBy\":null},\"id\":\"/subscriptions/00000000-0000-0000-0000-000000000000/providers/Microsoft.Authorization/roleDefinitions/ae349356-3a1b-4a5e-921d-050484c6347e\"\
        ,\"type\":\"Microsoft.Authorization/roleDefinitions\",\"name\":\"ae349356-3a1b-4a5e-921d-050484c6347e\"\
        },{\"properties\":{\"roleName\":\"Application Insights Snapshot Debugger\"\
        ,\"type\":\"BuiltInRole\",\"description\":\"Gives user permission to use Application\
        \ Insights Snapshot Debugger features\",\"assignableScopes\":[\"/\"],\"permissions\"\
        :[{\"actions\":[\"Microsoft.Authorization/*/read\",\"Microsoft.Insights/alertRules/*\"\
        ,\"Microsoft.Insights/components/*/read\",\"Microsoft.Resources/deployments/*\"\
        ,\"Microsoft.Resources/subscriptions/resourceGroups/read\",\"Microsoft.Support/*\"\
        ],\"notActions\":[],\"dataActions\":[],\"notDataActions\":[]}],\"createdOn\"\
        :\"2017-04-19T21:25:12.3728747Z\",\"updatedOn\":\"2017-04-19T23:34:59.9511581Z\"\
        ,\"createdBy\":null,\"updatedBy\":null},\"id\":\"/subscriptions/00000000-0000-0000-0000-000000000000/providers/Microsoft.Authorization/roleDefinitions/08954f03-6346-4c2e-81c0-ec3a5cfae23b\"\
        ,\"type\":\"Microsoft.Authorization/roleDefinitions\",\"name\":\"08954f03-6346-4c2e-81c0-ec3a5cfae23b\"\
        },{\"properties\":{\"roleName\":\"Automation Job Operator\",\"type\":\"BuiltInRole\"\
        ,\"description\":\"Create and Manage Jobs using Automation Runbooks.\",\"\
        assignableScopes\":[\"/\"],\"permissions\":[{\"actions\":[\"Microsoft.Authorization/*/read\"\
        ,\"Microsoft.Automation/automationAccounts/jobs/read\",\"Microsoft.Automation/automationAccounts/jobs/resume/action\"\
        ,\"Microsoft.Automation/automationAccounts/jobs/stop/action\",\"Microsoft.Automation/automationAccounts/hybridRunbookWorkerGroups/read\"\
        ,\"Microsoft.Automation/automationAccounts/jobs/streams/read\",\"Microsoft.Automation/automationAccounts/jobs/suspend/action\"\
        ,\"Microsoft.Automation/automationAccounts/jobs/write\",\"Microsoft.Insights/alertRules/*\"\
        ,\"Microsoft.Resources/deployments/*\",\"Microsoft.Resources/subscriptions/resourceGroups/read\"\
        ,\"Microsoft.Support/*\"],\"notActions\":[],\"dataActions\":[],\"notDataActions\"\
        :[]}],\"createdOn\":\"2017-04-19T20:52:41.0020018Z\",\"updatedOn\":\"2018-03-06T02:20:41.6886187Z\"\
        ,\"createdBy\":null,\"updatedBy\":null},\"id\":\"/subscriptions/00000000-0000-0000-0000-000000000000/providers/Microsoft.Authorization/roleDefinitions/4fe576fe-1146-4730-92eb-48519fa6bf9f\"\
        ,\"type\":\"Microsoft.Authorization/roleDefinitions\",\"name\":\"4fe576fe-1146-4730-92eb-48519fa6bf9f\"\
        },{\"properties\":{\"roleName\":\"Automation Operator\",\"type\":\"BuiltInRole\"\
        ,\"description\":\"Automation Operators are able to start, stop, suspend,\
        \ and resume jobs\",\"assignableScopes\":[\"/\"],\"permissions\":[{\"actions\"\
        :[\"Microsoft.Authorization/*/read\",\"Microsoft.Automation/automationAccounts/hybridRunbookWorkerGroups/read\"\
        ,\"Microsoft.Automation/automationAccounts/jobs/read\",\"Microsoft.Automation/automationAccounts/jobs/resume/action\"\
        ,\"Microsoft.Automation/automationAccounts/jobs/stop/action\",\"Microsoft.Automation/automationAccounts/jobs/streams/read\"\
        ,\"Microsoft.Automation/automationAccounts/jobs/suspend/action\",\"Microsoft.Automation/automationAccounts/jobs/write\"\
        ,\"Microsoft.Automation/automationAccounts/jobSchedules/read\",\"Microsoft.Automation/automationAccounts/jobSchedules/write\"\
        ,\"Microsoft.Automation/automationAccounts/linkedWorkspace/read\",\"Microsoft.Automation/automationAccounts/read\"\
        ,\"Microsoft.Automation/automationAccounts/runbooks/read\",\"Microsoft.Automation/automationAccounts/schedules/read\"\
        ,\"Microsoft.Automation/automationAccounts/schedules/write\",\"Microsoft.Insights/alertRules/*\"\
        ,\"Microsoft.ResourceHealth/availabilityStatuses/read\",\"Microsoft.Resources/deployments/*\"\
        ,\"Microsoft.Automation/automationAccounts/jobs/output/read\",\"Microsoft.Resources/subscriptions/resourceGroups/read\"\
        ,\"Microsoft.Support/*\"],\"notActions\":[],\"dataActions\":[],\"notDataActions\"\
        :[]}],\"createdOn\":\"2015-08-18T01:05:03.3916130Z\",\"updatedOn\":\"2018-05-10T20:12:39.6978200Z\"\
        ,\"createdBy\":null,\"updatedBy\":null},\"id\":\"/subscriptions/00000000-0000-0000-0000-000000000000/providers/Microsoft.Authorization/roleDefinitions/d3881f73-407a-4167-8283-e981cbba0404\"\
        ,\"type\":\"Microsoft.Authorization/roleDefinitions\",\"name\":\"d3881f73-407a-4167-8283-e981cbba0404\"\
        },{\"properties\":{\"roleName\":\"Automation Runbook Operator\",\"type\":\"\
        BuiltInRole\",\"description\":\"Read Runbook properties - to be able to create\
        \ Jobs of the runbook.\",\"assignableScopes\":[\"/\"],\"permissions\":[{\"\
        actions\":[\"Microsoft.Authorization/*/read\",\"Microsoft.Automation/automationAccounts/runbooks/read\"\
        ,\"Microsoft.Insights/alertRules/*\",\"Microsoft.Resources/deployments/*\"\
        ,\"Microsoft.Resources/subscriptions/resourceGroups/read\",\"Microsoft.Support/*\"\
        ],\"notActions\":[],\"dataActions\":[],\"notDataActions\":[]}],\"createdOn\"\
        :\"2017-04-19T20:47:49.5640674Z\",\"updatedOn\":\"2017-04-25T01:00:45.6444999Z\"\
        ,\"createdBy\":null,\"updatedBy\":null},\"id\":\"/subscriptions/00000000-0000-0000-0000-000000000000/providers/Microsoft.Authorization/roleDefinitions/5fb5aef8-1081-4b8e-bb16-9d5d0385bab5\"\
        ,\"type\":\"Microsoft.Authorization/roleDefinitions\",\"name\":\"5fb5aef8-1081-4b8e-bb16-9d5d0385bab5\"\
        },{\"properties\":{\"roleName\":\"Azure Stack Registration Owner\",\"type\"\
        :\"BuiltInRole\",\"description\":\"Lets you manage Azure Stack registrations.\"\
        ,\"assignableScopes\":[\"/\"],\"permissions\":[{\"actions\":[\"Microsoft.AzureStack/registrations/products/listDetails/action\"\
        ,\"Microsoft.AzureStack/registrations/products/read\",\"Microsoft.AzureStack/registrations/read\"\
        ],\"notActions\":[],\"dataActions\":[],\"notDataActions\":[]}],\"createdOn\"\
        :\"2017-11-13T23:42:06.2161827Z\",\"updatedOn\":\"2017-11-13T23:54:02.4007080Z\"\
        ,\"createdBy\":null,\"updatedBy\":null},\"id\":\"/subscriptions/00000000-0000-0000-0000-000000000000/providers/Microsoft.Authorization/roleDefinitions/6f12a6df-dd06-4f3e-bcb1-ce8be600526a\"\
        ,\"type\":\"Microsoft.Authorization/roleDefinitions\",\"name\":\"6f12a6df-dd06-4f3e-bcb1-ce8be600526a\"\
        },{\"properties\":{\"roleName\":\"Backup Contributor\",\"type\":\"BuiltInRole\"\
        ,\"description\":\"Lets you manage backup service,but can't create vaults\
        \ and give access to others\",\"assignableScopes\":[\"/\"],\"permissions\"\
        :[{\"actions\":[\"Microsoft.Authorization/*/read\",\"Microsoft.Network/virtualNetworks/read\"\
        ,\"Microsoft.RecoveryServices/Vaults/backupFabrics/operationResults/*\",\"\
        Microsoft.RecoveryServices/Vaults/backupFabrics/protectionContainers/*\",\"\
        Microsoft.RecoveryServices/Vaults/backupJobs/*\",\"Microsoft.RecoveryServices/Vaults/backupJobsExport/action\"\
        ,\"Microsoft.RecoveryServices/Vaults/backupManagementMetaData/*\",\"Microsoft.RecoveryServices/Vaults/backupOperationResults/*\"\
        ,\"Microsoft.RecoveryServices/Vaults/backupPolicies/*\",\"Microsoft.RecoveryServices/Vaults/backupProtectableItems/*\"\
        ,\"Microsoft.RecoveryServices/Vaults/backupProtectedItems/*\",\"Microsoft.RecoveryServices/Vaults/backupProtectionContainers/*\"\
        ,\"Microsoft.RecoveryServices/Vaults/certificates/*\",\"Microsoft.RecoveryServices/Vaults/extendedInformation/*\"\
        ,\"Microsoft.RecoveryServices/Vaults/read\",\"Microsoft.RecoveryServices/Vaults/refreshContainers/*\"\
        ,\"Microsoft.RecoveryServices/Vaults/registeredIdentities/*\",\"Microsoft.RecoveryServices/Vaults/usages/*\"\
        ,\"Microsoft.RecoveryServices/Vaults/backupUsageSummaries/read\",\"Microsoft.Resources/deployments/*\"\
        ,\"Microsoft.Resources/subscriptions/resourceGroups/read\",\"Microsoft.Storage/storageAccounts/read\"\
        ,\"Microsoft.RecoveryServices/locations/allocatedStamp/read\",\"Microsoft.RecoveryServices/Vaults/monitoringConfigurations/*\"\
        ,\"Microsoft.RecoveryServices/Vaults/monitoringAlerts/read\",\"Microsoft.RecoveryServices/Vaults/storageConfig/*\"\
        ,\"Microsoft.RecoveryServices/Vaults/backupconfig/vaultconfig/*\",\"Microsoft.RecoveryServices/Vaults/backupJobsExport/operationResults/read\"\
        ,\"Microsoft.RecoveryServices/Vaults/backupSecurityPIN/*\",\"Microsoft.Support/*\"\
        ],\"notActions\":[],\"dataActions\":[],\"notDataActions\":[]}],\"createdOn\"\
        :\"2017-01-03T13:12:15.7321344Z\",\"updatedOn\":\"2017-07-07T06:22:36.4530284Z\"\
        ,\"createdBy\":null,\"updatedBy\":null},\"id\":\"/subscriptions/00000000-0000-0000-0000-000000000000/providers/Microsoft.Authorization/roleDefinitions/5e467623-bb1f-42f4-a55d-6e525e11384b\"\
        ,\"type\":\"Microsoft.Authorization/roleDefinitions\",\"name\":\"5e467623-bb1f-42f4-a55d-6e525e11384b\"\
        },{\"properties\":{\"roleName\":\"Backup Operator\",\"type\":\"BuiltInRole\"\
        ,\"description\":\"Lets you manage backup services, except removal of backup,\
        \ vault creation and giving access to others\",\"assignableScopes\":[\"/\"\
        ],\"permissions\":[{\"actions\":[\"Microsoft.Authorization/*/read\",\"Microsoft.Network/virtualNetworks/read\"\
        ,\"Microsoft.RecoveryServices/locations/allocatedStamp/read\",\"Microsoft.RecoveryServices/Vaults/backupconfig/vaultconfig/*\"\
        ,\"Microsoft.RecoveryServices/Vaults/backupFabrics/operationResults/read\"\
        ,\"Microsoft.RecoveryServices/Vaults/backupFabrics/protectionContainers/operationResults/read\"\
        ,\"Microsoft.RecoveryServices/Vaults/backupFabrics/protectionContainers/protectedItems/backup/action\"\
        ,\"Microsoft.RecoveryServices/Vaults/backupFabrics/protectionContainers/protectedItems/operationResults/read\"\
        ,\"Microsoft.RecoveryServices/Vaults/backupFabrics/protectionContainers/protectedItems/operationsStatus/read\"\
        ,\"Microsoft.RecoveryServices/Vaults/backupFabrics/protectionContainers/protectedItems/read\"\
        ,\"Microsoft.RecoveryServices/Vaults/backupFabrics/protectionContainers/protectedItems/recoveryPoints/provisionInstantItemRecovery/action\"\
        ,\"Microsoft.RecoveryServices/Vaults/backupFabrics/protectionContainers/protectedItems/recoveryPoints/read\"\
        ,\"Microsoft.RecoveryServices/Vaults/backupFabrics/protectionContainers/protectedItems/recoveryPoints/restore/action\"\
        ,\"Microsoft.RecoveryServices/Vaults/backupFabrics/protectionContainers/protectedItems/recoveryPoints/revokeInstantItemRecovery/action\"\
        ,\"Microsoft.RecoveryServices/Vaults/backupFabrics/protectionContainers/protectedItems/write\"\
        ,\"Microsoft.RecoveryServices/Vaults/backupFabrics/protectionContainers/read\"\
        ,\"Microsoft.RecoveryServices/Vaults/backupJobs/*\",\"Microsoft.RecoveryServices/Vaults/backupJobs/cancel/action\"\
        ,\"Microsoft.RecoveryServices/Vaults/backupJobs/operationResults/read\",\"\
        Microsoft.RecoveryServices/Vaults/backupJobs/read\",\"Microsoft.RecoveryServices/Vaults/backupJobsExport/action\"\
        ,\"Microsoft.RecoveryServices/Vaults/backupJobsExport/operationResults/read\"\
        ,\"Microsoft.RecoveryServices/Vaults/backupManagementMetaData/read\",\"Microsoft.RecoveryServices/Vaults/backupOperationResults/*\"\
        ,\"Microsoft.RecoveryServices/Vaults/backupPolicies/operationResults/read\"\
        ,\"Microsoft.RecoveryServices/Vaults/backupPolicies/operationStatus/read\"\
        ,\"Microsoft.RecoveryServices/Vaults/backupPolicies/read\",\"Microsoft.RecoveryServices/Vaults/backupProtectableItems/*\"\
        ,\"Microsoft.RecoveryServices/Vaults/backupProtectableItems/read\",\"Microsoft.RecoveryServices/Vaults/backupProtectedItems/read\"\
        ,\"Microsoft.RecoveryServices/Vaults/backupProtectionContainers/read\",\"\
        Microsoft.RecoveryServices/Vaults/backupUsageSummaries/read\",\"Microsoft.RecoveryServices/Vaults/certificates/write\"\
        ,\"Microsoft.RecoveryServices/Vaults/extendedInformation/read\",\"Microsoft.RecoveryServices/Vaults/extendedInformation/write\"\
        ,\"Microsoft.RecoveryServices/Vaults/monitoringAlerts/read\",\"Microsoft.RecoveryServices/Vaults/monitoringConfigurations/*\"\
        ,\"Microsoft.RecoveryServices/Vaults/read\",\"Microsoft.RecoveryServices/Vaults/backupFabrics/refreshContainers/action\"\
        ,\"Microsoft.RecoveryServices/Vaults/registeredIdentities/operationResults/read\"\
        ,\"Microsoft.RecoveryServices/Vaults/registeredIdentities/read\",\"Microsoft.RecoveryServices/Vaults/registeredIdentities/write\"\
        ,\"Microsoft.RecoveryServices/Vaults/storageConfig/*\",\"Microsoft.RecoveryServices/Vaults/usages/read\"\
        ,\"Microsoft.Resources/deployments/*\",\"Microsoft.Resources/subscriptions/resourceGroups/read\"\
        ,\"Microsoft.Storage/storageAccounts/read\",\"Microsoft.Support/*\"],\"notActions\"\
        :[],\"dataActions\":[],\"notDataActions\":[]}],\"createdOn\":\"2017-01-03T13:21:11.8947640Z\"\
        ,\"updatedOn\":\"2018-06-16T05:25:05.7455061Z\",\"createdBy\":null,\"updatedBy\"\
        :null},\"id\":\"/subscriptions/00000000-0000-0000-0000-000000000000/providers/Microsoft.Authorization/roleDefinitions/00c29273-979b-4161-815c-10b084fb9324\"\
        ,\"type\":\"Microsoft.Authorization/roleDefinitions\",\"name\":\"00c29273-979b-4161-815c-10b084fb9324\"\
        },{\"properties\":{\"roleName\":\"Backup Reader\",\"type\":\"BuiltInRole\"\
        ,\"description\":\"Can view backup services, but can't make changes\",\"assignableScopes\"\
        :[\"/\"],\"permissions\":[{\"actions\":[\"Microsoft.Authorization/*/read\"\
        ,\"Microsoft.RecoveryServices/Vaults/backupFabrics/operationResults/read\"\
        ,\"Microsoft.RecoveryServices/Vaults/backupFabrics/protectionContainers/operationResults/read\"\
        ,\"Microsoft.RecoveryServices/Vaults/backupFabrics/protectionContainers/protectedItems/operationResults/read\"\
        ,\"Microsoft.RecoveryServices/Vaults/backupFabrics/protectionContainers/protectedItems/operationsStatus/read\"\
        ,\"Microsoft.RecoveryServices/Vaults/backupFabrics/protectionContainers/protectedItems/read\"\
        ,\"Microsoft.RecoveryServices/Vaults/backupFabrics/protectionContainers/read\"\
        ,\"Microsoft.RecoveryServices/Vaults/backupJobs/operationResults/read\",\"\
        Microsoft.RecoveryServices/Vaults/backupJobs/read\",\"Microsoft.RecoveryServices/Vaults/backupJobsExport/action\"\
        ,\"Microsoft.RecoveryServices/Vaults/backupManagementMetaData/read\",\"Microsoft.RecoveryServices/Vaults/backupOperationResults/read\"\
        ,\"Microsoft.RecoveryServices/Vaults/backupPolicies/operationResults/read\"\
        ,\"Microsoft.RecoveryServices/Vaults/backupPolicies/read\",\"Microsoft.RecoveryServices/Vaults/backupProtectedItems/read\"\
        ,\"Microsoft.RecoveryServices/Vaults/backupProtectionContainers/read\",\"\
        Microsoft.RecoveryServices/Vaults/backupUsageSummaries/read\",\"Microsoft.RecoveryServices/Vaults/extendedInformation/read\"\
        ,\"Microsoft.RecoveryServices/Vaults/read\",\"Microsoft.RecoveryServices/Vaults/refreshContainers/read\"\
        ,\"Microsoft.RecoveryServices/Vaults/registeredIdentities/operationResults/read\"\
        ,\"Microsoft.RecoveryServices/Vaults/registeredIdentities/read\",\"Microsoft.RecoveryServices/locations/allocatedStamp/read\"\
        ,\"Microsoft.RecoveryServices/Vaults/monitoringConfigurations/notificationConfiguration/read\"\
        ,\"Microsoft.RecoveryServices/Vaults/monitoringAlerts/read\",\"Microsoft.RecoveryServices/Vaults/storageConfig/read\"\
        ,\"Microsoft.RecoveryServices/Vaults/backupconfig/vaultconfig/read\",\"Microsoft.RecoveryServices/Vaults/backupFabrics/protectionContainers/protectedItems/recoveryPoints/read\"\
        ,\"Microsoft.RecoveryServices/Vaults/backupJobsExport/operationResults/read\"\
        ,\"Microsoft.RecoveryServices/Vaults/usages/read\"],\"notActions\":[],\"dataActions\"\
        :[],\"notDataActions\":[]}],\"createdOn\":\"2017-01-03T13:18:41.3893065Z\"\
        ,\"updatedOn\":\"2017-09-13T10:33:25.5814653Z\",\"createdBy\":null,\"updatedBy\"\
        :null},\"id\":\"/subscriptions/00000000-0000-0000-0000-000000000000/providers/Microsoft.Authorization/roleDefinitions/a795c7a0-d4a2-40c1-ae25-d81f01202912\"\
        ,\"type\":\"Microsoft.Authorization/roleDefinitions\",\"name\":\"a795c7a0-d4a2-40c1-ae25-d81f01202912\"\
        },{\"properties\":{\"roleName\":\"Billing Reader\",\"type\":\"BuiltInRole\"\
        ,\"description\":\"Lets you read billing data\",\"assignableScopes\":[\"/\"\
        ],\"permissions\":[{\"actions\":[\"Microsoft.Authorization/*/read\",\"Microsoft.Billing/*/read\"\
        ,\"Microsoft.Consumption/*/read\",\"Microsoft.Commerce/*/read\",\"Microsoft.Management/managementGroups/read\"\
        ,\"Microsoft.Support/*\"],\"notActions\":[],\"dataActions\":[],\"notDataActions\"\
        :[]}],\"createdOn\":\"2017-04-25T02:13:38.9054151Z\",\"updatedOn\":\"2017-09-19T17:36:32.7624564Z\"\
        ,\"createdBy\":null,\"updatedBy\":null},\"id\":\"/subscriptions/00000000-0000-0000-0000-000000000000/providers/Microsoft.Authorization/roleDefinitions/fa23ad8b-c56e-40d8-ac0c-ce449e1d2c64\"\
        ,\"type\":\"Microsoft.Authorization/roleDefinitions\",\"name\":\"fa23ad8b-c56e-40d8-ac0c-ce449e1d2c64\"\
        },{\"properties\":{\"roleName\":\"BizTalk Contributor\",\"type\":\"BuiltInRole\"\
        ,\"description\":\"Lets you manage BizTalk services, but not access to them.\"\
        ,\"assignableScopes\":[\"/\"],\"permissions\":[{\"actions\":[\"Microsoft.Authorization/*/read\"\
        ,\"Microsoft.BizTalkServices/BizTalk/*\",\"Microsoft.Insights/alertRules/*\"\
        ,\"Microsoft.ResourceHealth/availabilityStatuses/read\",\"Microsoft.Resources/deployments/*\"\
        ,\"Microsoft.Resources/subscriptions/resourceGroups/read\",\"Microsoft.Support/*\"\
        ],\"notActions\":[],\"dataActions\":[],\"notDataActions\":[]}],\"createdOn\"\
        :\"0001-01-01T08:00:00.0000000Z\",\"updatedOn\":\"2016-05-31T23:13:55.8430061Z\"\
        ,\"createdBy\":null,\"updatedBy\":null},\"id\":\"/subscriptions/00000000-0000-0000-0000-000000000000/providers/Microsoft.Authorization/roleDefinitions/5e3c6656-6cfa-4708-81fe-0de47ac73342\"\
        ,\"type\":\"Microsoft.Authorization/roleDefinitions\",\"name\":\"5e3c6656-6cfa-4708-81fe-0de47ac73342\"\
        },{\"properties\":{\"roleName\":\"CDN Endpoint Contributor\",\"type\":\"BuiltInRole\"\
        ,\"description\":\"Can manage CDN endpoints, but can\u2019t grant access to\
        \ other users.\",\"assignableScopes\":[\"/\"],\"permissions\":[{\"actions\"\
        :[\"Microsoft.Authorization/*/read\",\"Microsoft.Cdn/edgenodes/read\",\"Microsoft.Cdn/operationresults/*\"\
        ,\"Microsoft.Cdn/profiles/endpoints/*\",\"Microsoft.Insights/alertRules/*\"\
        ,\"Microsoft.Resources/deployments/*\",\"Microsoft.Resources/subscriptions/resourceGroups/read\"\
        ,\"Microsoft.Support/*\"],\"notActions\":[],\"dataActions\":[],\"notDataActions\"\
        :[]}],\"createdOn\":\"2016-01-23T02:48:46.4996252Z\",\"updatedOn\":\"2016-05-31T23:13:52.6231539Z\"\
        ,\"createdBy\":null,\"updatedBy\":null},\"id\":\"/subscriptions/00000000-0000-0000-0000-000000000000/providers/Microsoft.Authorization/roleDefinitions/426e0c7f-0c7e-4658-b36f-ff54d6c29b45\"\
        ,\"type\":\"Microsoft.Authorization/roleDefinitions\",\"name\":\"426e0c7f-0c7e-4658-b36f-ff54d6c29b45\"\
        },{\"properties\":{\"roleName\":\"CDN Endpoint Reader\",\"type\":\"BuiltInRole\"\
        ,\"description\":\"Can view CDN endpoints, but can\u2019t make changes.\"\
        ,\"assignableScopes\":[\"/\"],\"permissions\":[{\"actions\":[\"Microsoft.Authorization/*/read\"\
        ,\"Microsoft.Cdn/edgenodes/read\",\"Microsoft.Cdn/operationresults/*\",\"\
        Microsoft.Cdn/profiles/endpoints/*/read\",\"Microsoft.Insights/alertRules/*\"\
        ,\"Microsoft.Resources/deployments/*\",\"Microsoft.Resources/subscriptions/resourceGroups/read\"\
        ,\"Microsoft.Support/*\"],\"notActions\":[],\"dataActions\":[],\"notDataActions\"\
        :[]}],\"createdOn\":\"2016-01-23T02:48:46.4996252Z\",\"updatedOn\":\"2016-05-31T23:13:53.1585846Z\"\
        ,\"createdBy\":null,\"updatedBy\":null},\"id\":\"/subscriptions/00000000-0000-0000-0000-000000000000/providers/Microsoft.Authorization/roleDefinitions/871e35f6-b5c1-49cc-a043-bde969a0f2cd\"\
        ,\"type\":\"Microsoft.Authorization/roleDefinitions\",\"name\":\"871e35f6-b5c1-49cc-a043-bde969a0f2cd\"\
        },{\"properties\":{\"roleName\":\"CDN Profile Contributor\",\"type\":\"BuiltInRole\"\
        ,\"description\":\"Can manage CDN profiles and their endpoints, but can\u2019\
        t grant access to other users.\",\"assignableScopes\":[\"/\"],\"permissions\"\
        :[{\"actions\":[\"Microsoft.Authorization/*/read\",\"Microsoft.Cdn/edgenodes/read\"\
        ,\"Microsoft.Cdn/operationresults/*\",\"Microsoft.Cdn/profiles/*\",\"Microsoft.Insights/alertRules/*\"\
        ,\"Microsoft.Resources/deployments/*\",\"Microsoft.Resources/subscriptions/resourceGroups/read\"\
        ,\"Microsoft.Support/*\"],\"notActions\":[],\"dataActions\":[],\"notDataActions\"\
        :[]}],\"createdOn\":\"2016-01-23T02:48:46.4996252Z\",\"updatedOn\":\"2016-05-31T23:13:53.7051278Z\"\
        ,\"createdBy\":null,\"updatedBy\":null},\"id\":\"/subscriptions/00000000-0000-0000-0000-000000000000/providers/Microsoft.Authorization/roleDefinitions/ec156ff8-a8d1-4d15-830c-5b80698ca432\"\
        ,\"type\":\"Microsoft.Authorization/roleDefinitions\",\"name\":\"ec156ff8-a8d1-4d15-830c-5b80698ca432\"\
        },{\"properties\":{\"roleName\":\"CDN Profile Reader\",\"type\":\"BuiltInRole\"\
        ,\"description\":\"Can view CDN profiles and their endpoints, but can\u2019\
        t make changes.\",\"assignableScopes\":[\"/\"],\"permissions\":[{\"actions\"\
        :[\"Microsoft.Authorization/*/read\",\"Microsoft.Cdn/edgenodes/read\",\"Microsoft.Cdn/operationresults/*\"\
        ,\"Microsoft.Cdn/profiles/*/read\",\"Microsoft.Insights/alertRules/*\",\"\
        Microsoft.Resources/deployments/*\",\"Microsoft.Resources/subscriptions/resourceGroups/read\"\
        ,\"Microsoft.Support/*\"],\"notActions\":[],\"dataActions\":[],\"notDataActions\"\
        :[]}],\"createdOn\":\"2016-01-23T02:48:46.4996252Z\",\"updatedOn\":\"2016-05-31T23:13:54.2283001Z\"\
        ,\"createdBy\":null,\"updatedBy\":null},\"id\":\"/subscriptions/00000000-0000-0000-0000-000000000000/providers/Microsoft.Authorization/roleDefinitions/8f96442b-4075-438f-813d-ad51ab4019af\"\
        ,\"type\":\"Microsoft.Authorization/roleDefinitions\",\"name\":\"8f96442b-4075-438f-813d-ad51ab4019af\"\
        },{\"properties\":{\"roleName\":\"Classic Network Contributor\",\"type\":\"\
        BuiltInRole\",\"description\":\"Lets you manage classic networks, but not\
        \ access to them.\",\"assignableScopes\":[\"/\"],\"permissions\":[{\"actions\"\
        :[\"Microsoft.Authorization/*/read\",\"Microsoft.ClassicNetwork/*\",\"Microsoft.Insights/alertRules/*\"\
        ,\"Microsoft.ResourceHealth/availabilityStatuses/read\",\"Microsoft.Resources/deployments/*\"\
        ,\"Microsoft.Resources/subscriptions/resourceGroups/read\",\"Microsoft.Support/*\"\
        ],\"notActions\":[],\"dataActions\":[],\"notDataActions\":[]}],\"createdOn\"\
        :\"0001-01-01T08:00:00.0000000Z\",\"updatedOn\":\"2016-05-31T23:13:56.3934954Z\"\
        ,\"createdBy\":null,\"updatedBy\":null},\"id\":\"/subscriptions/00000000-0000-0000-0000-000000000000/providers/Microsoft.Authorization/roleDefinitions/b34d265f-36f7-4a0d-a4d4-e158ca92e90f\"\
        ,\"type\":\"Microsoft.Authorization/roleDefinitions\",\"name\":\"b34d265f-36f7-4a0d-a4d4-e158ca92e90f\"\
        },{\"properties\":{\"roleName\":\"Classic Storage Account Contributor\",\"\
        type\":\"BuiltInRole\",\"description\":\"Lets you manage classic storage accounts,\
        \ but not access to them.\",\"assignableScopes\":[\"/\"],\"permissions\":[{\"\
        actions\":[\"Microsoft.Authorization/*/read\",\"Microsoft.ClassicStorage/storageAccounts/*\"\
        ,\"Microsoft.Insights/alertRules/*\",\"Microsoft.ResourceHealth/availabilityStatuses/read\"\
        ,\"Microsoft.Resources/deployments/*\",\"Microsoft.Resources/subscriptions/resourceGroups/read\"\
        ,\"Microsoft.Support/*\"],\"notActions\":[],\"dataActions\":[],\"notDataActions\"\
        :[]}],\"createdOn\":\"0001-01-01T08:00:00.0000000Z\",\"updatedOn\":\"2016-05-31T23:13:56.9379206Z\"\
        ,\"createdBy\":null,\"updatedBy\":null},\"id\":\"/subscriptions/00000000-0000-0000-0000-000000000000/providers/Microsoft.Authorization/roleDefinitions/86e8f5dc-a6e9-4c67-9d15-de283e8eac25\"\
        ,\"type\":\"Microsoft.Authorization/roleDefinitions\",\"name\":\"86e8f5dc-a6e9-4c67-9d15-de283e8eac25\"\
        },{\"properties\":{\"roleName\":\"Classic Storage Account Key Operator Service\
        \ Role\",\"type\":\"BuiltInRole\",\"description\":\"Classic Storage Account\
        \ Key Operators are allowed to list and regenerate keys on Classic Storage\
        \ Accounts\",\"assignableScopes\":[\"/\"],\"permissions\":[{\"actions\":[\"\
        Microsoft.ClassicStorage/storageAccounts/listkeys/action\",\"Microsoft.ClassicStorage/storageAccounts/regeneratekey/action\"\
        ],\"notActions\":[],\"dataActions\":[],\"notDataActions\":[]}],\"createdOn\"\
        :\"2017-04-13T18:22:52.1461100Z\",\"updatedOn\":\"2017-04-13T20:54:03.0505986Z\"\
        ,\"createdBy\":null,\"updatedBy\":null},\"id\":\"/subscriptions/00000000-0000-0000-0000-000000000000/providers/Microsoft.Authorization/roleDefinitions/985d6b00-f706-48f5-a6fe-d0ca12fb668d\"\
        ,\"type\":\"Microsoft.Authorization/roleDefinitions\",\"name\":\"985d6b00-f706-48f5-a6fe-d0ca12fb668d\"\
        },{\"properties\":{\"roleName\":\"Classic Virtual Machine Contributor\",\"\
        type\":\"BuiltInRole\",\"description\":\"Lets you manage classic virtual machines,\
        \ but not access to them, and not the virtual network or storage account they\u2019\
        re connected to.\",\"assignableScopes\":[\"/\"],\"permissions\":[{\"actions\"\
        :[\"Microsoft.Authorization/*/read\",\"Microsoft.ClassicCompute/domainNames/*\"\
        ,\"Microsoft.ClassicCompute/virtualMachines/*\",\"Microsoft.ClassicNetwork/networkSecurityGroups/join/action\"\
        ,\"Microsoft.ClassicNetwork/reservedIps/link/action\",\"Microsoft.ClassicNetwork/reservedIps/read\"\
        ,\"Microsoft.ClassicNetwork/virtualNetworks/join/action\",\"Microsoft.ClassicNetwork/virtualNetworks/read\"\
        ,\"Microsoft.ClassicStorage/storageAccounts/disks/read\",\"Microsoft.ClassicStorage/storageAccounts/images/read\"\
        ,\"Microsoft.ClassicStorage/storageAccounts/listKeys/action\",\"Microsoft.ClassicStorage/storageAccounts/read\"\
        ,\"Microsoft.Insights/alertRules/*\",\"Microsoft.ResourceHealth/availabilityStatuses/read\"\
        ,\"Microsoft.Resources/deployments/*\",\"Microsoft.Resources/subscriptions/resourceGroups/read\"\
        ,\"Microsoft.Support/*\"],\"notActions\":[],\"dataActions\":[],\"notDataActions\"\
        :[]}],\"createdOn\":\"0001-01-01T08:00:00.0000000Z\",\"updatedOn\":\"2016-05-31T23:13:57.4788684Z\"\
        ,\"createdBy\":null,\"updatedBy\":null},\"id\":\"/subscriptions/00000000-0000-0000-0000-000000000000/providers/Microsoft.Authorization/roleDefinitions/d73bb868-a0df-4d4d-bd69-98a00b01fccb\"\
        ,\"type\":\"Microsoft.Authorization/roleDefinitions\",\"name\":\"d73bb868-a0df-4d4d-bd69-98a00b01fccb\"\
        },{\"properties\":{\"roleName\":\"ClearDB MySQL DB Contributor\",\"type\"\
        :\"BuiltInRole\",\"description\":\"Lets you manage ClearDB MySQL databases,\
        \ but not access to them.\",\"assignableScopes\":[\"/\"],\"permissions\":[{\"\
        actions\":[\"Microsoft.Authorization/*/read\",\"Microsoft.Insights/alertRules/*\"\
        ,\"Microsoft.ResourceHealth/availabilityStatuses/read\",\"Microsoft.Resources/deployments/*\"\
        ,\"Microsoft.Resources/subscriptions/resourceGroups/read\",\"Microsoft.Support/*\"\
        ,\"successbricks.cleardb/databases/*\"],\"notActions\":[],\"dataActions\"\
        :[],\"notDataActions\":[]}],\"createdOn\":\"0001-01-01T08:00:00.0000000Z\"\
        ,\"updatedOn\":\"2016-05-31T23:13:58.1393839Z\",\"createdBy\":null,\"updatedBy\"\
        :null},\"id\":\"/subscriptions/00000000-0000-0000-0000-000000000000/providers/Microsoft.Authorization/roleDefinitions/9106cda0-8a86-4e81-b686-29a22c54effe\"\
        ,\"type\":\"Microsoft.Authorization/roleDefinitions\",\"name\":\"9106cda0-8a86-4e81-b686-29a22c54effe\"\
        },{\"properties\":{\"roleName\":\"Contributor\",\"type\":\"BuiltInRole\",\"\
        description\":\"Lets you manage everything except access to resources.\",\"\
        assignableScopes\":[\"/\"],\"permissions\":[{\"actions\":[\"*\"],\"notActions\"\
        :[\"Microsoft.Authorization/*/Delete\",\"Microsoft.Authorization/*/Write\"\
        ,\"Microsoft.Authorization/elevateAccess/Action\",\"Microsoft.Blueprint/blueprintAssignments/write\"\
        ,\"Microsoft.Blueprint/blueprintAssignments/delete\"],\"dataActions\":[],\"\
        notDataActions\":[]}],\"createdOn\":\"0001-01-01T08:00:00.0000000Z\",\"updatedOn\"\
        :\"2018-05-30T19:22:32.4538167Z\",\"createdBy\":null,\"updatedBy\":null},\"\
        id\":\"/subscriptions/00000000-0000-0000-0000-000000000000/providers/Microsoft.Authorization/roleDefinitions/b24988ac-6180-42a0-ab88-20f7382dd24c\"\
        ,\"type\":\"Microsoft.Authorization/roleDefinitions\",\"name\":\"b24988ac-6180-42a0-ab88-20f7382dd24c\"\
        },{\"properties\":{\"roleName\":\"Cosmos DB Account Reader Role\",\"type\"\
        :\"BuiltInRole\",\"description\":\"Can read Azure Cosmos DB Accounts data\"\
        ,\"assignableScopes\":[\"/\"],\"permissions\":[{\"actions\":[\"Microsoft.Authorization/*/read\"\
        ,\"Microsoft.DocumentDB/*/read\",\"Microsoft.DocumentDB/databaseAccounts/readonlykeys/action\"\
        ,\"Microsoft.Insights/MetricDefinitions/read\",\"Microsoft.Insights/Metrics/read\"\
        ,\"Microsoft.Resources/subscriptions/resourceGroups/read\",\"Microsoft.Support/*\"\
        ],\"notActions\":[],\"dataActions\":[],\"notDataActions\":[]}],\"createdOn\"\
        :\"2017-10-30T17:53:54.6005577Z\",\"updatedOn\":\"2018-02-21T01:36:59.6186231Z\"\
        ,\"createdBy\":null,\"updatedBy\":null},\"id\":\"/subscriptions/00000000-0000-0000-0000-000000000000/providers/Microsoft.Authorization/roleDefinitions/fbdf93bf-df7d-467e-a4d2-9458aa1360c8\"\
        ,\"type\":\"Microsoft.Authorization/roleDefinitions\",\"name\":\"fbdf93bf-df7d-467e-a4d2-9458aa1360c8\"\
        },{\"properties\":{\"roleName\":\"Data Factory Contributor\",\"type\":\"BuiltInRole\"\
        ,\"description\":\"Lets you manage data factories, but not access to them.\"\
        ,\"assignableScopes\":[\"/\"],\"permissions\":[{\"actions\":[\"Microsoft.Authorization/*/read\"\
        ,\"Microsoft.DataFactory/dataFactories/*\",\"Microsoft.DataFactory/factories/*\"\
        ,\"Microsoft.Insights/alertRules/*\",\"Microsoft.ResourceHealth/availabilityStatuses/read\"\
        ,\"Microsoft.Resources/deployments/*\",\"Microsoft.Resources/subscriptions/resourceGroups/read\"\
        ,\"Microsoft.Support/*\"],\"notActions\":[],\"dataActions\":[],\"notDataActions\"\
        :[]}],\"createdOn\":\"0001-01-01T08:00:00.0000000Z\",\"updatedOn\":\"2018-04-06T22:49:28.1118955Z\"\
        ,\"createdBy\":null,\"updatedBy\":null},\"id\":\"/subscriptions/00000000-0000-0000-0000-000000000000/providers/Microsoft.Authorization/roleDefinitions/673868aa-7521-48a0-acc6-0f60742d39f5\"\
        ,\"type\":\"Microsoft.Authorization/roleDefinitions\",\"name\":\"673868aa-7521-48a0-acc6-0f60742d39f5\"\
        },{\"properties\":{\"roleName\":\"Data Lake Analytics Developer\",\"type\"\
        :\"BuiltInRole\",\"description\":\"Lets you submit, monitor, and manage your\
        \ own jobs but not create or delete Data Lake Analytics accounts.\",\"assignableScopes\"\
        :[\"/\"],\"permissions\":[{\"actions\":[\"Microsoft.Authorization/*/read\"\
        ,\"Microsoft.BigAnalytics/accounts/*\",\"Microsoft.DataLakeAnalytics/accounts/*\"\
        ,\"Microsoft.Insights/alertRules/*\",\"Microsoft.ResourceHealth/availabilityStatuses/read\"\
        ,\"Microsoft.Resources/deployments/*\",\"Microsoft.Resources/subscriptions/resourceGroups/read\"\
        ,\"Microsoft.Support/*\"],\"notActions\":[\"Microsoft.BigAnalytics/accounts/Delete\"\
        ,\"Microsoft.BigAnalytics/accounts/TakeOwnership/action\",\"Microsoft.BigAnalytics/accounts/Write\"\
        ,\"Microsoft.DataLakeAnalytics/accounts/Delete\",\"Microsoft.DataLakeAnalytics/accounts/TakeOwnership/action\"\
        ,\"Microsoft.DataLakeAnalytics/accounts/Write\",\"Microsoft.DataLakeAnalytics/accounts/dataLakeStoreAccounts/Write\"\
        ,\"Microsoft.DataLakeAnalytics/accounts/dataLakeStoreAccounts/Delete\",\"\
        Microsoft.DataLakeAnalytics/accounts/storageAccounts/Write\",\"Microsoft.DataLakeAnalytics/accounts/storageAccounts/Delete\"\
        ,\"Microsoft.DataLakeAnalytics/accounts/firewallRules/Write\",\"Microsoft.DataLakeAnalytics/accounts/firewallRules/Delete\"\
        ,\"Microsoft.DataLakeAnalytics/accounts/computePolicies/Write\",\"Microsoft.DataLakeAnalytics/accounts/computePolicies/Delete\"\
        ],\"dataActions\":[],\"notDataActions\":[]}],\"createdOn\":\"2015-10-20T00:33:29.3115234Z\"\
        ,\"updatedOn\":\"2017-08-18T00:00:17.0411642Z\",\"createdBy\":null,\"updatedBy\"\
        :null},\"id\":\"/subscriptions/00000000-0000-0000-0000-000000000000/providers/Microsoft.Authorization/roleDefinitions/47b7735b-770e-4598-a7da-8b91488b4c88\"\
        ,\"type\":\"Microsoft.Authorization/roleDefinitions\",\"name\":\"47b7735b-770e-4598-a7da-8b91488b4c88\"\
        },{\"properties\":{\"roleName\":\"Data Purger\",\"type\":\"BuiltInRole\",\"\
        description\":\"Can purge analytics data\",\"assignableScopes\":[\"/\"],\"\
        permissions\":[{\"actions\":[\"Microsoft.Insights/components/*/read\",\"Microsoft.Insights/components/purge/action\"\
        ,\"Microsoft.OperationalInsights/workspaces/*/read\",\"Microsoft.OperationalInsights/workspaces/purge/action\"\
        ],\"notActions\":[],\"dataActions\":[],\"notDataActions\":[]}],\"createdOn\"\
        :\"2018-04-30T22:39:49.6167700Z\",\"updatedOn\":\"2018-04-30T22:44:15.1171162Z\"\
        ,\"createdBy\":null,\"updatedBy\":null},\"id\":\"/subscriptions/00000000-0000-0000-0000-000000000000/providers/Microsoft.Authorization/roleDefinitions/150f5e0c-0603-4f03-8c7f-cf70034c4e90\"\
        ,\"type\":\"Microsoft.Authorization/roleDefinitions\",\"name\":\"150f5e0c-0603-4f03-8c7f-cf70034c4e90\"\
        },{\"properties\":{\"roleName\":\"DevTest Labs User\",\"type\":\"BuiltInRole\"\
        ,\"description\":\"Lets you connect, start, restart, and shutdown virtual\
        \ machines in your Azure DevTest Labs.\",\"assignableScopes\":[\"/\"],\"permissions\"\
        :[{\"actions\":[\"Microsoft.Authorization/*/read\",\"Microsoft.Compute/availabilitySets/read\"\
        ,\"Microsoft.Compute/virtualMachines/*/read\",\"Microsoft.Compute/virtualMachines/deallocate/action\"\
        ,\"Microsoft.Compute/virtualMachines/read\",\"Microsoft.Compute/virtualMachines/restart/action\"\
        ,\"Microsoft.Compute/virtualMachines/start/action\",\"Microsoft.DevTestLab/*/read\"\
        ,\"Microsoft.DevTestLab/labs/createEnvironment/action\",\"Microsoft.DevTestLab/labs/claimAnyVm/action\"\
        ,\"Microsoft.DevTestLab/labs/formulas/delete\",\"Microsoft.DevTestLab/labs/formulas/read\"\
        ,\"Microsoft.DevTestLab/labs/formulas/write\",\"Microsoft.DevTestLab/labs/policySets/evaluatePolicies/action\"\
        ,\"Microsoft.DevTestLab/labs/virtualMachines/claim/action\",\"Microsoft.Network/loadBalancers/backendAddressPools/join/action\"\
        ,\"Microsoft.Network/loadBalancers/inboundNatRules/join/action\",\"Microsoft.Network/networkInterfaces/*/read\"\
        ,\"Microsoft.Network/networkInterfaces/join/action\",\"Microsoft.Network/networkInterfaces/read\"\
        ,\"Microsoft.Network/networkInterfaces/write\",\"Microsoft.Network/publicIPAddresses/*/read\"\
        ,\"Microsoft.Network/publicIPAddresses/join/action\",\"Microsoft.Network/publicIPAddresses/read\"\
        ,\"Microsoft.Network/virtualNetworks/subnets/join/action\",\"Microsoft.Resources/deployments/operations/read\"\
        ,\"Microsoft.Resources/deployments/read\",\"Microsoft.Resources/subscriptions/resourceGroups/read\"\
        ,\"Microsoft.Storage/storageAccounts/listKeys/action\"],\"notActions\":[\"\
        Microsoft.Compute/virtualMachines/vmSizes/read\"],\"dataActions\":[],\"notDataActions\"\
        :[]}],\"createdOn\":\"2015-06-08T21:52:45.0657582Z\",\"updatedOn\":\"2017-02-02T02:38:38.2961026Z\"\
        ,\"createdBy\":null,\"updatedBy\":null},\"id\":\"/subscriptions/00000000-0000-0000-0000-000000000000/providers/Microsoft.Authorization/roleDefinitions/76283e04-6283-4c54-8f91-bcf1374a3c64\"\
        ,\"type\":\"Microsoft.Authorization/roleDefinitions\",\"name\":\"76283e04-6283-4c54-8f91-bcf1374a3c64\"\
        },{\"properties\":{\"roleName\":\"DNS Zone Contributor\",\"type\":\"BuiltInRole\"\
        ,\"description\":\"Lets you manage DNS zones and record sets in Azure DNS,\
        \ but does not let you control who has access to them.\",\"assignableScopes\"\
        :[\"/\"],\"permissions\":[{\"actions\":[\"Microsoft.Authorization/*/read\"\
        ,\"Microsoft.Insights/alertRules/*\",\"Microsoft.Network/dnsZones/*\",\"Microsoft.ResourceHealth/availabilityStatuses/read\"\
        ,\"Microsoft.Resources/deployments/*\",\"Microsoft.Resources/subscriptions/resourceGroups/read\"\
        ,\"Microsoft.Support/*\"],\"notActions\":[],\"dataActions\":[],\"notDataActions\"\
        :[]}],\"createdOn\":\"2015-10-15T23:33:25.9730842Z\",\"updatedOn\":\"2016-05-31T23:13:40.3710365Z\"\
        ,\"createdBy\":null,\"updatedBy\":null},\"id\":\"/subscriptions/00000000-0000-0000-0000-000000000000/providers/Microsoft.Authorization/roleDefinitions/befefa01-2a29-4197-83a8-272ff33ce314\"\
        ,\"type\":\"Microsoft.Authorization/roleDefinitions\",\"name\":\"befefa01-2a29-4197-83a8-272ff33ce314\"\
        },{\"properties\":{\"roleName\":\"DocumentDB Account Contributor\",\"type\"\
        :\"BuiltInRole\",\"description\":\"Lets you manage DocumentDB accounts, but\
        \ not access to them.\",\"assignableScopes\":[\"/\"],\"permissions\":[{\"\
        actions\":[\"Microsoft.Authorization/*/read\",\"Microsoft.DocumentDb/databaseAccounts/*\"\
        ,\"Microsoft.Insights/alertRules/*\",\"Microsoft.ResourceHealth/availabilityStatuses/read\"\
        ,\"Microsoft.Resources/deployments/*\",\"Microsoft.Resources/subscriptions/resourceGroups/read\"\
        ,\"Microsoft.Support/*\"],\"notActions\":[],\"dataActions\":[],\"notDataActions\"\
        :[]}],\"createdOn\":\"0001-01-01T08:00:00.0000000Z\",\"updatedOn\":\"2016-05-31T23:14:07.2132374Z\"\
        ,\"createdBy\":null,\"updatedBy\":null},\"id\":\"/subscriptions/00000000-0000-0000-0000-000000000000/providers/Microsoft.Authorization/roleDefinitions/5bd9cd88-fe45-4216-938b-f97437e15450\"\
        ,\"type\":\"Microsoft.Authorization/roleDefinitions\",\"name\":\"5bd9cd88-fe45-4216-938b-f97437e15450\"\
        },{\"properties\":{\"roleName\":\"Intelligent Systems Account Contributor\"\
        ,\"type\":\"BuiltInRole\",\"description\":\"Lets you manage Intelligent Systems\
        \ accounts, but not access to them.\",\"assignableScopes\":[\"/\"],\"permissions\"\
        :[{\"actions\":[\"Microsoft.Authorization/*/read\",\"Microsoft.Insights/alertRules/*\"\
        ,\"Microsoft.IntelligentSystems/accounts/*\",\"Microsoft.ResourceHealth/availabilityStatuses/read\"\
        ,\"Microsoft.Resources/deployments/*\",\"Microsoft.Resources/subscriptions/resourceGroups/read\"\
        ,\"Microsoft.Support/*\"],\"notActions\":[],\"dataActions\":[],\"notDataActions\"\
        :[]}],\"createdOn\":\"0001-01-01T08:00:00.0000000Z\",\"updatedOn\":\"2016-05-31T23:13:59.7946586Z\"\
        ,\"createdBy\":null,\"updatedBy\":null},\"id\":\"/subscriptions/00000000-0000-0000-0000-000000000000/providers/Microsoft.Authorization/roleDefinitions/03a6d094-3444-4b3d-88af-7477090a9e5e\"\
        ,\"type\":\"Microsoft.Authorization/roleDefinitions\",\"name\":\"03a6d094-3444-4b3d-88af-7477090a9e5e\"\
        },{\"properties\":{\"roleName\":\"Key Vault Contributor\",\"type\":\"BuiltInRole\"\
        ,\"description\":\"Lets you manage key vaults, but not access to them.\",\"\
        assignableScopes\":[\"/\"],\"permissions\":[{\"actions\":[\"Microsoft.Authorization/*/read\"\
        ,\"Microsoft.Insights/alertRules/*\",\"Microsoft.KeyVault/*\",\"Microsoft.Resources/deployments/*\"\
        ,\"Microsoft.Resources/subscriptions/resourceGroups/read\",\"Microsoft.Support/*\"\
        ],\"notActions\":[\"Microsoft.KeyVault/locations/deletedVaults/purge/action\"\
        ,\"Microsoft.KeyVault/hsmPools/*\"],\"dataActions\":[],\"notDataActions\"\
        :[]}],\"createdOn\":\"0001-01-01T08:00:00.0000000Z\",\"updatedOn\":\"2017-12-14T02:01:18.4641200Z\"\
        ,\"createdBy\":null,\"updatedBy\":null},\"id\":\"/subscriptions/00000000-0000-0000-0000-000000000000/providers/Microsoft.Authorization/roleDefinitions/f25e0fa2-a7c8-4377-a976-54943a77a395\"\
        ,\"type\":\"Microsoft.Authorization/roleDefinitions\",\"name\":\"f25e0fa2-a7c8-4377-a976-54943a77a395\"\
        },{\"properties\":{\"roleName\":\"Lab Creator\",\"type\":\"BuiltInRole\",\"\
        description\":\"Lets you create, manage, delete your managed labs under your\
        \ Azure Lab Accounts.\",\"assignableScopes\":[\"/\"],\"permissions\":[{\"\
        actions\":[\"Microsoft.Authorization/*/read\",\"Microsoft.LabServices/labAccounts/*/read\"\
        ,\"Microsoft.LabServices/labAccounts/createLab/action\",\"Microsoft.Resources/subscriptions/resourceGroups/read\"\
        ,\"Microsoft.Support/*\"],\"notActions\":[],\"dataActions\":[],\"notDataActions\"\
        :[]}],\"createdOn\":\"2018-01-18T23:38:58.1036141Z\",\"updatedOn\":\"2018-03-08T19:53:30.3032044Z\"\
        ,\"createdBy\":null,\"updatedBy\":null},\"id\":\"/subscriptions/00000000-0000-0000-0000-000000000000/providers/Microsoft.Authorization/roleDefinitions/b97fb8bc-a8b2-4522-a38b-dd33c7e65ead\"\
        ,\"type\":\"Microsoft.Authorization/roleDefinitions\",\"name\":\"b97fb8bc-a8b2-4522-a38b-dd33c7e65ead\"\
        },{\"properties\":{\"roleName\":\"Log Analytics Contributor\",\"type\":\"\
        BuiltInRole\",\"description\":\"Log Analytics Contributor can read all monitoring\
        \ data and edit monitoring settings. Editing monitoring settings includes\
        \ adding the VM extension to VMs; reading storage account keys to be able\
        \ to configure collection of logs from Azure Storage; creating and configuring\
        \ Automation accounts; adding solutions; and configuring Azure diagnostics\
        \ on all Azure resources.\",\"assignableScopes\":[\"/\"],\"permissions\":[{\"\
        actions\":[\"*/read\",\"Microsoft.Automation/automationAccounts/*\",\"Microsoft.ClassicCompute/virtualMachines/extensions/*\"\
        ,\"Microsoft.ClassicStorage/storageAccounts/listKeys/action\",\"Microsoft.Compute/virtualMachines/extensions/*\"\
        ,\"Microsoft.Insights/alertRules/*\",\"Microsoft.Insights/diagnosticSettings/*\"\
        ,\"Microsoft.OperationalInsights/*\",\"Microsoft.OperationsManagement/*\"\
        ,\"Microsoft.Resources/deployments/*\",\"Microsoft.Resources/subscriptions/resourcegroups/deployments/*\"\
        ,\"Microsoft.Storage/storageAccounts/listKeys/action\",\"Microsoft.Support/*\"\
        ],\"notActions\":[],\"dataActions\":[],\"notDataActions\":[]}],\"createdOn\"\
        :\"2017-04-25T21:51:45.3174711Z\",\"updatedOn\":\"2018-01-30T18:08:26.6376126Z\"\
        ,\"createdBy\":null,\"updatedBy\":null},\"id\":\"/subscriptions/00000000-0000-0000-0000-000000000000/providers/Microsoft.Authorization/roleDefinitions/92aaf0da-9dab-42b6-94a3-d43ce8d16293\"\
        ,\"type\":\"Microsoft.Authorization/roleDefinitions\",\"name\":\"92aaf0da-9dab-42b6-94a3-d43ce8d16293\"\
        },{\"properties\":{\"roleName\":\"Log Analytics Reader\",\"type\":\"BuiltInRole\"\
        ,\"description\":\"Log Analytics Reader can view and search all monitoring\
        \ data as well as and view monitoring settings, including viewing the configuration\
        \ of Azure diagnostics on all Azure resources.\",\"assignableScopes\":[\"\
        /\"],\"permissions\":[{\"actions\":[\"*/read\",\"Microsoft.OperationalInsights/workspaces/analytics/query/action\"\
        ,\"Microsoft.OperationalInsights/workspaces/search/action\",\"Microsoft.Support/*\"\
        ],\"notActions\":[\"Microsoft.OperationalInsights/workspaces/sharedKeys/read\"\
        ],\"dataActions\":[],\"notDataActions\":[]}],\"createdOn\":\"2017-05-02T00:20:28.1449012Z\"\
        ,\"updatedOn\":\"2018-01-30T18:08:26.0438523Z\",\"createdBy\":null,\"updatedBy\"\
        :null},\"id\":\"/subscriptions/00000000-0000-0000-0000-000000000000/providers/Microsoft.Authorization/roleDefinitions/73c42c96-874c-492b-b04d-ab87d138a893\"\
        ,\"type\":\"Microsoft.Authorization/roleDefinitions\",\"name\":\"73c42c96-874c-492b-b04d-ab87d138a893\"\
        },{\"properties\":{\"roleName\":\"Logic App Contributor\",\"type\":\"BuiltInRole\"\
        ,\"description\":\"Lets you manage logic app, but not access to them.\",\"\
        assignableScopes\":[\"/\"],\"permissions\":[{\"actions\":[\"Microsoft.Authorization/*/read\"\
        ,\"Microsoft.ClassicStorage/storageAccounts/listKeys/action\",\"Microsoft.ClassicStorage/storageAccounts/read\"\
        ,\"Microsoft.Insights/alertRules/*\",\"Microsoft.Insights/diagnosticSettings/*\"\
        ,\"Microsoft.Insights/logdefinitions/*\",\"Microsoft.Insights/metricDefinitions/*\"\
        ,\"Microsoft.Logic/*\",\"Microsoft.Resources/deployments/*\",\"Microsoft.Resources/subscriptions/operationresults/read\"\
        ,\"Microsoft.Resources/subscriptions/resourceGroups/read\",\"Microsoft.Storage/storageAccounts/listkeys/action\"\
        ,\"Microsoft.Storage/storageAccounts/read\",\"Microsoft.Support/*\",\"Microsoft.Web/connectionGateways/*\"\
        ,\"Microsoft.Web/connections/*\",\"Microsoft.Web/customApis/*\",\"Microsoft.Web/serverFarms/join/action\"\
        ,\"Microsoft.Web/serverFarms/read\",\"Microsoft.Web/sites/functions/listSecrets/action\"\
        ],\"notActions\":[],\"dataActions\":[],\"notDataActions\":[]}],\"createdOn\"\
        :\"2016-04-28T21:33:30.4656007Z\",\"updatedOn\":\"2018-01-10T23:11:44.8580600Z\"\
        ,\"createdBy\":null,\"updatedBy\":null},\"id\":\"/subscriptions/00000000-0000-0000-0000-000000000000/providers/Microsoft.Authorization/roleDefinitions/87a39d53-fc1b-424a-814c-f7e04687dc9e\"\
        ,\"type\":\"Microsoft.Authorization/roleDefinitions\",\"name\":\"87a39d53-fc1b-424a-814c-f7e04687dc9e\"\
        },{\"properties\":{\"roleName\":\"Logic App Operator\",\"type\":\"BuiltInRole\"\
        ,\"description\":\"Lets you read, enable and disable logic app.\",\"assignableScopes\"\
        :[\"/\"],\"permissions\":[{\"actions\":[\"Microsoft.Authorization/*/read\"\
        ,\"Microsoft.Insights/alertRules/*/read\",\"Microsoft.Insights/diagnosticSettings/*/read\"\
        ,\"Microsoft.Insights/metricDefinitions/*/read\",\"Microsoft.Logic/*/read\"\
        ,\"Microsoft.Logic/workflows/disable/action\",\"Microsoft.Logic/workflows/enable/action\"\
        ,\"Microsoft.Logic/workflows/validate/action\",\"Microsoft.Resources/deployments/operations/read\"\
        ,\"Microsoft.Resources/subscriptions/operationresults/read\",\"Microsoft.Resources/subscriptions/resourceGroups/read\"\
        ,\"Microsoft.Support/*\",\"Microsoft.Web/connectionGateways/*/read\",\"Microsoft.Web/connections/*/read\"\
        ,\"Microsoft.Web/customApis/*/read\",\"Microsoft.Web/serverFarms/read\"],\"\
        notActions\":[],\"dataActions\":[],\"notDataActions\":[]}],\"createdOn\":\"\
        2016-04-28T21:33:30.4656007Z\",\"updatedOn\":\"2018-01-10T23:14:26.9539724Z\"\
        ,\"createdBy\":null,\"updatedBy\":null},\"id\":\"/subscriptions/00000000-0000-0000-0000-000000000000/providers/Microsoft.Authorization/roleDefinitions/515c2055-d9d4-4321-b1b9-bd0c9a0f79fe\"\
        ,\"type\":\"Microsoft.Authorization/roleDefinitions\",\"name\":\"515c2055-d9d4-4321-b1b9-bd0c9a0f79fe\"\
        },{\"properties\":{\"roleName\":\"Managed Identity Contributor\",\"type\"\
        :\"BuiltInRole\",\"description\":\"Create, Read, Update, and Delete User Assigned\
        \ Identity\",\"assignableScopes\":[\"/\"],\"permissions\":[{\"actions\":[\"\
        Microsoft.ManagedIdentity/userAssignedIdentities/*/read\",\"Microsoft.ManagedIdentity/userAssignedIdentities/*/write\"\
        ,\"Microsoft.ManagedIdentity/userAssignedIdentities/*/delete\",\"Microsoft.Authorization/*/read\"\
        ,\"Microsoft.Insights/alertRules/*\",\"Microsoft.Resources/subscriptions/resourceGroups/read\"\
        ,\"Microsoft.Resources/deployments/*\",\"Microsoft.Support/*\"],\"notActions\"\
        :[],\"dataActions\":[],\"notDataActions\":[]}],\"createdOn\":\"2017-12-14T19:53:42.8804692Z\"\
        ,\"updatedOn\":\"2017-12-14T22:17:02.2740594Z\",\"createdBy\":null,\"updatedBy\"\
        :null},\"id\":\"/subscriptions/00000000-0000-0000-0000-000000000000/providers/Microsoft.Authorization/roleDefinitions/e40ec5ca-96e0-45a2-b4ff-59039f2c2b59\"\
        ,\"type\":\"Microsoft.Authorization/roleDefinitions\",\"name\":\"e40ec5ca-96e0-45a2-b4ff-59039f2c2b59\"\
        },{\"properties\":{\"roleName\":\"Managed Identity Operator\",\"type\":\"\
        BuiltInRole\",\"description\":\"Read and Assign User Assigned Identity\",\"\
        assignableScopes\":[\"/\"],\"permissions\":[{\"actions\":[\"Microsoft.ManagedIdentity/userAssignedIdentities/*/read\"\
        ,\"Microsoft.ManagedIdentity/userAssignedIdentities/*/assign/action\",\"Microsoft.Authorization/*/read\"\
        ,\"Microsoft.Insights/alertRules/*\",\"Microsoft.Resources/subscriptions/resourceGroups/read\"\
        ,\"Microsoft.Resources/deployments/*\",\"Microsoft.Support/*\"],\"notActions\"\
        :[],\"dataActions\":[],\"notDataActions\":[]}],\"createdOn\":\"2017-12-14T19:52:04.3924594Z\"\
        ,\"updatedOn\":\"2017-12-14T22:16:00.1483256Z\",\"createdBy\":null,\"updatedBy\"\
        :null},\"id\":\"/subscriptions/00000000-0000-0000-0000-000000000000/providers/Microsoft.Authorization/roleDefinitions/f1a07417-d97a-45cb-824c-7a7467783830\"\
        ,\"type\":\"Microsoft.Authorization/roleDefinitions\",\"name\":\"f1a07417-d97a-45cb-824c-7a7467783830\"\
        },{\"properties\":{\"roleName\":\"Monitoring Contributor\",\"type\":\"BuiltInRole\"\
        ,\"description\":\"Can read all monitoring data and update monitoring settings.\"\
        ,\"assignableScopes\":[\"/\"],\"permissions\":[{\"actions\":[\"*/read\",\"\
        Microsoft.AlertsManagement/alerts/*\",\"Microsoft.AlertsManagement/alertsSummary/*\"\
        ,\"Microsoft.Insights/AlertRules/*\",\"Microsoft.Insights/components/*\",\"\
        Microsoft.Insights/DiagnosticSettings/*\",\"Microsoft.Insights/eventtypes/*\"\
        ,\"Microsoft.Insights/LogDefinitions/*\",\"Microsoft.Insights/MetricDefinitions/*\"\
        ,\"Microsoft.Insights/Metrics/*\",\"Microsoft.Insights/Register/Action\",\"\
        Microsoft.Insights/webtests/*\",\"Microsoft.Insights/actiongroups/*\",\"Microsoft.Insights/metricalerts/*\"\
        ,\"Microsoft.Insights/scheduledqueryrules/*\",\"Microsoft.OperationalInsights/workspaces/intelligencepacks/*\"\
        ,\"Microsoft.OperationalInsights/workspaces/savedSearches/*\",\"Microsoft.OperationalInsights/workspaces/search/action\"\
        ,\"Microsoft.OperationalInsights/workspaces/sharedKeys/action\",\"Microsoft.OperationalInsights/workspaces/storageinsightconfigs/*\"\
        ,\"Microsoft.Support/*\",\"Microsoft.WorkloadMonitor/workloads/*\"],\"notActions\"\
        :[],\"dataActions\":[],\"notDataActions\":[]}],\"createdOn\":\"2016-09-21T19:21:08.4345976Z\"\
        ,\"updatedOn\":\"2018-04-02T19:04:30.9448972Z\",\"createdBy\":null,\"updatedBy\"\
        :null},\"id\":\"/subscriptions/00000000-0000-0000-0000-000000000000/providers/Microsoft.Authorization/roleDefinitions/749f88d5-cbae-40b8-bcfc-e573ddc772fa\"\
        ,\"type\":\"Microsoft.Authorization/roleDefinitions\",\"name\":\"749f88d5-cbae-40b8-bcfc-e573ddc772fa\"\
        },{\"properties\":{\"roleName\":\"Monitoring Reader\",\"type\":\"BuiltInRole\"\
        ,\"description\":\"Can read all monitoring data.\",\"assignableScopes\":[\"\
        /\"],\"permissions\":[{\"actions\":[\"*/read\",\"Microsoft.OperationalInsights/workspaces/search/action\"\
        ,\"Microsoft.Support/*\"],\"notActions\":[],\"dataActions\":[],\"notDataActions\"\
        :[]}],\"createdOn\":\"2016-09-21T19:19:52.4939376Z\",\"updatedOn\":\"2018-01-30T18:08:27.2626250Z\"\
        ,\"createdBy\":null,\"updatedBy\":null},\"id\":\"/subscriptions/00000000-0000-0000-0000-000000000000/providers/Microsoft.Authorization/roleDefinitions/43d0d8ad-25c7-4714-9337-8ba259a9fe05\"\
        ,\"type\":\"Microsoft.Authorization/roleDefinitions\",\"name\":\"43d0d8ad-25c7-4714-9337-8ba259a9fe05\"\
        },{\"properties\":{\"roleName\":\"Network Contributor\",\"type\":\"BuiltInRole\"\
        ,\"description\":\"Lets you manage networks, but not access to them.\",\"\
        assignableScopes\":[\"/\"],\"permissions\":[{\"actions\":[\"Microsoft.Authorization/*/read\"\
        ,\"Microsoft.Insights/alertRules/*\",\"Microsoft.Network/*\",\"Microsoft.ResourceHealth/availabilityStatuses/read\"\
        ,\"Microsoft.Resources/deployments/*\",\"Microsoft.Resources/subscriptions/resourceGroups/read\"\
        ,\"Microsoft.Support/*\"],\"notActions\":[],\"dataActions\":[],\"notDataActions\"\
        :[]}],\"createdOn\":\"2015-06-02T00:18:27.3542698Z\",\"updatedOn\":\"2016-05-31T23:14:00.3326359Z\"\
        ,\"createdBy\":null,\"updatedBy\":null},\"id\":\"/subscriptions/00000000-0000-0000-0000-000000000000/providers/Microsoft.Authorization/roleDefinitions/4d97b98b-1d4f-4787-a291-c67834d212e7\"\
        ,\"type\":\"Microsoft.Authorization/roleDefinitions\",\"name\":\"4d97b98b-1d4f-4787-a291-c67834d212e7\"\
        },{\"properties\":{\"roleName\":\"New Relic APM Account Contributor\",\"type\"\
        :\"BuiltInRole\",\"description\":\"Lets you manage New Relic Application Performance\
        \ Management accounts and applications, but not access to them.\",\"assignableScopes\"\
        :[\"/\"],\"permissions\":[{\"actions\":[\"Microsoft.Authorization/*/read\"\
        ,\"Microsoft.Insights/alertRules/*\",\"Microsoft.ResourceHealth/availabilityStatuses/read\"\
        ,\"Microsoft.Resources/deployments/*\",\"Microsoft.Resources/subscriptions/resourceGroups/read\"\
        ,\"Microsoft.Support/*\",\"NewRelic.APM/accounts/*\"],\"notActions\":[],\"\
        dataActions\":[],\"notDataActions\":[]}],\"createdOn\":\"0001-01-01T08:00:00.0000000Z\"\
        ,\"updatedOn\":\"2016-05-31T23:14:07.7538043Z\",\"createdBy\":null,\"updatedBy\"\
        :null},\"id\":\"/subscriptions/00000000-0000-0000-0000-000000000000/providers/Microsoft.Authorization/roleDefinitions/5d28c62d-5b37-4476-8438-e587778df237\"\
        ,\"type\":\"Microsoft.Authorization/roleDefinitions\",\"name\":\"5d28c62d-5b37-4476-8438-e587778df237\"\
        },{\"properties\":{\"roleName\":\"Owner\",\"type\":\"BuiltInRole\",\"description\"\
        :\"Lets you manage everything, including access to resources.\",\"assignableScopes\"\
        :[\"/\"],\"permissions\":[{\"actions\":[\"*\"],\"notActions\":[],\"dataActions\"\
        :[],\"notDataActions\":[]}],\"createdOn\":\"0001-01-01T08:00:00.0000000Z\"\
        ,\"updatedOn\":\"2016-05-31T23:14:00.9179619Z\",\"createdBy\":null,\"updatedBy\"\
        :null},\"id\":\"/subscriptions/00000000-0000-0000-0000-000000000000/providers/Microsoft.Authorization/roleDefinitions/8e3af657-a8ff-443c-a75c-2fe8c4bcb635\"\
        ,\"type\":\"Microsoft.Authorization/roleDefinitions\",\"name\":\"8e3af657-a8ff-443c-a75c-2fe8c4bcb635\"\
        },{\"properties\":{\"roleName\":\"Reader\",\"type\":\"BuiltInRole\",\"description\"\
        :\"Lets you view everything, but not make any changes.\",\"assignableScopes\"\
        :[\"/\"],\"permissions\":[{\"actions\":[\"*/read\"],\"notActions\":[],\"dataActions\"\
        :[],\"notDataActions\":[]}],\"createdOn\":\"0001-01-01T08:00:00.0000000Z\"\
        ,\"updatedOn\":\"2018-01-30T18:08:25.4031403Z\",\"createdBy\":null,\"updatedBy\"\
        :null},\"id\":\"/subscriptions/00000000-0000-0000-0000-000000000000/providers/Microsoft.Authorization/roleDefinitions/acdd72a7-3385-48ef-bd42-f606fba81ae7\"\
        ,\"type\":\"Microsoft.Authorization/roleDefinitions\",\"name\":\"acdd72a7-3385-48ef-bd42-f606fba81ae7\"\
        },{\"properties\":{\"roleName\":\"Reader and Data Access\",\"type\":\"BuiltInRole\"\
        ,\"description\":\"Lets you view everything but will not let you delete or\
        \ create a storage account or contained resource. It will also allow read/write\
        \ access to all data contained in a storage account via access to storage\
        \ account keys.\",\"assignableScopes\":[\"/\"],\"permissions\":[{\"actions\"\
        :[\"Microsoft.Storage/storageAccounts/listKeys/action\",\"Microsoft.Storage/storageAccounts/read\"\
        ],\"notActions\":[],\"dataActions\":[],\"notDataActions\":[]}],\"createdOn\"\
        :\"2018-03-27T23:20:46.1498906Z\",\"updatedOn\":\"2018-03-28T17:50:03.9656854Z\"\
        ,\"createdBy\":null,\"updatedBy\":null},\"id\":\"/subscriptions/00000000-0000-0000-0000-000000000000/providers/Microsoft.Authorization/roleDefinitions/c12c1c16-33a1-487b-954d-41c89c60f349\"\
        ,\"type\":\"Microsoft.Authorization/roleDefinitions\",\"name\":\"c12c1c16-33a1-487b-954d-41c89c60f349\"\
        },{\"properties\":{\"roleName\":\"Redis Cache Contributor\",\"type\":\"BuiltInRole\"\
        ,\"description\":\"Lets you manage Redis caches, but not access to them.\"\
        ,\"assignableScopes\":[\"/\"],\"permissions\":[{\"actions\":[\"Microsoft.Authorization/*/read\"\
        ,\"Microsoft.Cache/redis/*\",\"Microsoft.Insights/alertRules/*\",\"Microsoft.ResourceHealth/availabilityStatuses/read\"\
        ,\"Microsoft.Resources/deployments/*\",\"Microsoft.Resources/subscriptions/resourceGroups/read\"\
        ,\"Microsoft.Support/*\"],\"notActions\":[],\"dataActions\":[],\"notDataActions\"\
        :[]}],\"createdOn\":\"0001-01-01T08:00:00.0000000Z\",\"updatedOn\":\"2016-05-31T23:14:01.9877071Z\"\
        ,\"createdBy\":null,\"updatedBy\":null},\"id\":\"/subscriptions/00000000-0000-0000-0000-000000000000/providers/Microsoft.Authorization/roleDefinitions/e0f68234-74aa-48ed-b826-c38b57376e17\"\
        ,\"type\":\"Microsoft.Authorization/roleDefinitions\",\"name\":\"e0f68234-74aa-48ed-b826-c38b57376e17\"\
        },{\"properties\":{\"roleName\":\"Resource Policy Contributor (Preview)\"\
        ,\"type\":\"BuiltInRole\",\"description\":\"(Preview) Backfilled users from\
        \ EA, with rights to create/modify resource policy, create support ticket\
        \ and read resources/hierarchy.\",\"assignableScopes\":[\"/\"],\"permissions\"\
        :[{\"actions\":[\"*/read\",\"Microsoft.Authorization/policyassignments/*\"\
        ,\"Microsoft.Authorization/policydefinitions/*\",\"Microsoft.Authorization/policysetdefinitions/*\"\
        ,\"Microsoft.PolicyInsights/*\",\"Microsoft.Support/*\"],\"notActions\":[],\"\
        dataActions\":[],\"notDataActions\":[]}],\"createdOn\":\"2017-08-25T19:08:01.3861639Z\"\
        ,\"updatedOn\":\"2018-01-30T18:08:27.8272264Z\",\"createdBy\":null,\"updatedBy\"\
        :null},\"id\":\"/subscriptions/00000000-0000-0000-0000-000000000000/providers/Microsoft.Authorization/roleDefinitions/36243c78-bf99-498c-9df9-86d9f8d28608\"\
        ,\"type\":\"Microsoft.Authorization/roleDefinitions\",\"name\":\"36243c78-bf99-498c-9df9-86d9f8d28608\"\
        },{\"properties\":{\"roleName\":\"Scheduler Job Collections Contributor\"\
        ,\"type\":\"BuiltInRole\",\"description\":\"Lets you manage Scheduler job\
        \ collections, but not access to them.\",\"assignableScopes\":[\"/\"],\"permissions\"\
        :[{\"actions\":[\"Microsoft.Authorization/*/read\",\"Microsoft.Insights/alertRules/*\"\
        ,\"Microsoft.ResourceHealth/availabilityStatuses/read\",\"Microsoft.Resources/deployments/*\"\
        ,\"Microsoft.Resources/subscriptions/resourceGroups/read\",\"Microsoft.Scheduler/jobcollections/*\"\
        ,\"Microsoft.Support/*\"],\"notActions\":[],\"dataActions\":[],\"notDataActions\"\
        :[]}],\"createdOn\":\"0001-01-01T08:00:00.0000000Z\",\"updatedOn\":\"2016-05-31T23:14:02.5343995Z\"\
        ,\"createdBy\":null,\"updatedBy\":null},\"id\":\"/subscriptions/00000000-0000-0000-0000-000000000000/providers/Microsoft.Authorization/roleDefinitions/188a0f2f-5c9e-469b-ae67-2aa5ce574b94\"\
        ,\"type\":\"Microsoft.Authorization/roleDefinitions\",\"name\":\"188a0f2f-5c9e-469b-ae67-2aa5ce574b94\"\
        },{\"properties\":{\"roleName\":\"Search Service Contributor\",\"type\":\"\
        BuiltInRole\",\"description\":\"Lets you manage Search services, but not access\
        \ to them.\",\"assignableScopes\":[\"/\"],\"permissions\":[{\"actions\":[\"\
        Microsoft.Authorization/*/read\",\"Microsoft.Insights/alertRules/*\",\"Microsoft.ResourceHealth/availabilityStatuses/read\"\
        ,\"Microsoft.Resources/deployments/*\",\"Microsoft.Resources/subscriptions/resourceGroups/read\"\
        ,\"Microsoft.Search/searchServices/*\",\"Microsoft.Support/*\"],\"notActions\"\
        :[],\"dataActions\":[],\"notDataActions\":[]}],\"createdOn\":\"0001-01-01T08:00:00.0000000Z\"\
        ,\"updatedOn\":\"2016-05-31T23:14:03.0463472Z\",\"createdBy\":null,\"updatedBy\"\
        :null},\"id\":\"/subscriptions/00000000-0000-0000-0000-000000000000/providers/Microsoft.Authorization/roleDefinitions/7ca78c08-252a-4471-8644-bb5ff32d4ba0\"\
        ,\"type\":\"Microsoft.Authorization/roleDefinitions\",\"name\":\"7ca78c08-252a-4471-8644-bb5ff32d4ba0\"\
        },{\"properties\":{\"roleName\":\"Security Admin\",\"type\":\"BuiltInRole\"\
        ,\"description\":\"Security Admin Role\",\"assignableScopes\":[\"/\"],\"permissions\"\
        :[{\"actions\":[\"Microsoft.Authorization/*/read\",\"Microsoft.Authorization/policyAssignments/*\"\
        ,\"Microsoft.Authorization/policyDefinitions/*\",\"Microsoft.Authorization/policySetDefinitions/*\"\
        ,\"Microsoft.Insights/alertRules/*\",\"Microsoft.operationalInsights/workspaces/*/read\"\
        ,\"Microsoft.Resources/deployments/*\",\"Microsoft.Resources/subscriptions/resourceGroups/read\"\
        ,\"Microsoft.Security/*/read\",\"Microsoft.Security/locations/alerts/dismiss/action\"\
        ,\"Microsoft.Security/locations/alerts/activate/action\",\"Microsoft.Security/locations/tasks/dismiss/action\"\
        ,\"Microsoft.Security/locations/tasks/activate/action\",\"Microsoft.Security/policies/write\"\
        ,\"Microsoft.Support/*\"],\"notActions\":[],\"dataActions\":[],\"notDataActions\"\
        :[]}],\"createdOn\":\"2017-05-03T07:51:23.0917487Z\",\"updatedOn\":\"2018-03-08T18:19:50.7393029Z\"\
        ,\"createdBy\":null,\"updatedBy\":null},\"id\":\"/subscriptions/00000000-0000-0000-0000-000000000000/providers/Microsoft.Authorization/roleDefinitions/fb1c8493-542b-48eb-b624-b4c8fea62acd\"\
        ,\"type\":\"Microsoft.Authorization/roleDefinitions\",\"name\":\"fb1c8493-542b-48eb-b624-b4c8fea62acd\"\
        },{\"properties\":{\"roleName\":\"Security Manager\",\"type\":\"BuiltInRole\"\
        ,\"description\":\"Lets you manage security components, security policies\
        \ and virtual machines\",\"assignableScopes\":[\"/\"],\"permissions\":[{\"\
        actions\":[\"Microsoft.Authorization/*/read\",\"Microsoft.ClassicCompute/*/read\"\
        ,\"Microsoft.ClassicCompute/virtualMachines/*/write\",\"Microsoft.ClassicNetwork/*/read\"\
        ,\"Microsoft.Insights/alertRules/*\",\"Microsoft.ResourceHealth/availabilityStatuses/read\"\
        ,\"Microsoft.Resources/deployments/*\",\"Microsoft.Resources/subscriptions/resourceGroups/read\"\
        ,\"Microsoft.Security/*\",\"Microsoft.Support/*\"],\"notActions\":[],\"dataActions\"\
        :[],\"notDataActions\":[]}],\"createdOn\":\"2015-06-22T17:45:15.8986455Z\"\
        ,\"updatedOn\":\"2018-03-08T18:18:48.6183620Z\",\"createdBy\":null,\"updatedBy\"\
        :null},\"id\":\"/subscriptions/00000000-0000-0000-0000-000000000000/providers/Microsoft.Authorization/roleDefinitions/e3d13bf0-dd5a-482e-ba6b-9b8433878d10\"\
        ,\"type\":\"Microsoft.Authorization/roleDefinitions\",\"name\":\"e3d13bf0-dd5a-482e-ba6b-9b8433878d10\"\
        },{\"properties\":{\"roleName\":\"Security Reader\",\"type\":\"BuiltInRole\"\
        ,\"description\":\"Security Reader Role\",\"assignableScopes\":[\"/\"],\"\
        permissions\":[{\"actions\":[\"Microsoft.Insights/alertRules/*\",\"Microsoft.Resources/deployments/*\"\
        ,\"Microsoft.operationalInsights/workspaces/*/read\",\"Microsoft.Authorization/*/read\"\
        ,\"Microsoft.Support/*\",\"Microsoft.Resources/subscriptions/resourceGroups/read\"\
        ,\"Microsoft.Security/*/read\"],\"notActions\":[],\"dataActions\":[],\"notDataActions\"\
        :[]}],\"createdOn\":\"2017-05-03T07:48:49.0516559Z\",\"updatedOn\":\"2017-05-03T18:42:54.9787380Z\"\
        ,\"createdBy\":null,\"updatedBy\":null},\"id\":\"/subscriptions/00000000-0000-0000-0000-000000000000/providers/Microsoft.Authorization/roleDefinitions/39bc4728-0917-49c7-9d2c-d95423bc2eb4\"\
        ,\"type\":\"Microsoft.Authorization/roleDefinitions\",\"name\":\"39bc4728-0917-49c7-9d2c-d95423bc2eb4\"\
        },{\"properties\":{\"roleName\":\"Site Recovery Contributor\",\"type\":\"\
        BuiltInRole\",\"description\":\"Lets you manage Site Recovery service except\
        \ vault creation and role assignment\",\"assignableScopes\":[\"/\"],\"permissions\"\
        :[{\"actions\":[\"Microsoft.Authorization/*/read\",\"Microsoft.Insights/alertRules/*\"\
        ,\"Microsoft.Network/virtualNetworks/read\",\"Microsoft.RecoveryServices/locations/allocatedStamp/read\"\
        ,\"Microsoft.RecoveryServices/locations/allocateStamp/action\",\"Microsoft.RecoveryServices/Vaults/certificates/write\"\
        ,\"Microsoft.RecoveryServices/Vaults/extendedInformation/*\",\"Microsoft.RecoveryServices/Vaults/read\"\
        ,\"Microsoft.RecoveryServices/Vaults/refreshContainers/read\",\"Microsoft.RecoveryServices/Vaults/registeredIdentities/*\"\
        ,\"Microsoft.RecoveryServices/vaults/replicationAlertSettings/*\",\"Microsoft.RecoveryServices/vaults/replicationEvents/read\"\
        ,\"Microsoft.RecoveryServices/vaults/replicationFabrics/*\",\"Microsoft.RecoveryServices/vaults/replicationJobs/*\"\
        ,\"Microsoft.RecoveryServices/vaults/replicationPolicies/*\",\"Microsoft.RecoveryServices/vaults/replicationRecoveryPlans/*\"\
        ,\"Microsoft.RecoveryServices/Vaults/storageConfig/*\",\"Microsoft.RecoveryServices/Vaults/tokenInfo/read\"\
        ,\"Microsoft.RecoveryServices/Vaults/usages/read\",\"Microsoft.RecoveryServices/Vaults/vaultTokens/read\"\
        ,\"Microsoft.RecoveryServices/Vaults/monitoringAlerts/*\",\"Microsoft.RecoveryServices/Vaults/monitoringConfigurations/notificationConfiguration/read\"\
        ,\"Microsoft.ResourceHealth/availabilityStatuses/read\",\"Microsoft.Resources/deployments/*\"\
        ,\"Microsoft.Resources/subscriptions/resourceGroups/read\",\"Microsoft.Storage/storageAccounts/read\"\
        ,\"Microsoft.Support/*\"],\"notActions\":[],\"dataActions\":[],\"notDataActions\"\
        :[]}],\"createdOn\":\"2017-05-19T13:46:17.4592776Z\",\"updatedOn\":\"2017-06-29T05:31:19.7240473Z\"\
        ,\"createdBy\":null,\"updatedBy\":null},\"id\":\"/subscriptions/00000000-0000-0000-0000-000000000000/providers/Microsoft.Authorization/roleDefinitions/6670b86e-a3f7-4917-ac9b-5d6ab1be4567\"\
        ,\"type\":\"Microsoft.Authorization/roleDefinitions\",\"name\":\"6670b86e-a3f7-4917-ac9b-5d6ab1be4567\"\
        },{\"properties\":{\"roleName\":\"Site Recovery Operator\",\"type\":\"BuiltInRole\"\
        ,\"description\":\"Lets you failover and failback but not perform other Site\
        \ Recovery management operations\",\"assignableScopes\":[\"/\"],\"permissions\"\
        :[{\"actions\":[\"Microsoft.Authorization/*/read\",\"Microsoft.Insights/alertRules/*\"\
        ,\"Microsoft.Network/virtualNetworks/read\",\"Microsoft.RecoveryServices/locations/allocatedStamp/read\"\
        ,\"Microsoft.RecoveryServices/locations/allocateStamp/action\",\"Microsoft.RecoveryServices/Vaults/extendedInformation/read\"\
        ,\"Microsoft.RecoveryServices/Vaults/read\",\"Microsoft.RecoveryServices/Vaults/refreshContainers/read\"\
        ,\"Microsoft.RecoveryServices/Vaults/registeredIdentities/operationResults/read\"\
        ,\"Microsoft.RecoveryServices/Vaults/registeredIdentities/read\",\"Microsoft.RecoveryServices/vaults/replicationAlertSettings/read\"\
        ,\"Microsoft.RecoveryServices/vaults/replicationEvents/read\",\"Microsoft.RecoveryServices/vaults/replicationFabrics/checkConsistency/action\"\
        ,\"Microsoft.RecoveryServices/vaults/replicationFabrics/read\",\"Microsoft.RecoveryServices/vaults/replicationFabrics/reassociateGateway/action\"\
        ,\"Microsoft.RecoveryServices/vaults/replicationFabrics/renewcertificate/action\"\
        ,\"Microsoft.RecoveryServices/vaults/replicationFabrics/replicationNetworks/read\"\
        ,\"Microsoft.RecoveryServices/vaults/replicationFabrics/replicationNetworks/replicationNetworkMappings/read\"\
        ,\"Microsoft.RecoveryServices/vaults/replicationFabrics/replicationProtectionContainers/read\"\
        ,\"Microsoft.RecoveryServices/vaults/replicationFabrics/replicationProtectionContainers/replicationProtectableItems/read\"\
        ,\"Microsoft.RecoveryServices/vaults/replicationFabrics/replicationProtectionContainers/replicationProtectedItems/applyRecoveryPoint/action\"\
        ,\"Microsoft.RecoveryServices/vaults/replicationFabrics/replicationProtectionContainers/replicationProtectedItems/failoverCommit/action\"\
        ,\"Microsoft.RecoveryServices/vaults/replicationFabrics/replicationProtectionContainers/replicationProtectedItems/plannedFailover/action\"\
        ,\"Microsoft.RecoveryServices/vaults/replicationFabrics/replicationProtectionContainers/replicationProtectedItems/read\"\
        ,\"Microsoft.RecoveryServices/vaults/replicationFabrics/replicationProtectionContainers/replicationProtectedItems/recoveryPoints/read\"\
        ,\"Microsoft.RecoveryServices/vaults/replicationFabrics/replicationProtectionContainers/replicationProtectedItems/repairReplication/action\"\
        ,\"Microsoft.RecoveryServices/vaults/replicationFabrics/replicationProtectionContainers/replicationProtectedItems/reProtect/action\"\
        ,\"Microsoft.RecoveryServices/vaults/replicationFabrics/replicationProtectionContainers/replicationProtectedItems/testFailover/action\"\
        ,\"Microsoft.RecoveryServices/vaults/replicationFabrics/replicationProtectionContainers/replicationProtectedItems/testFailoverCleanup/action\"\
        ,\"Microsoft.RecoveryServices/vaults/replicationFabrics/replicationProtectionContainers/replicationProtectedItems/unplannedFailover/action\"\
        ,\"Microsoft.RecoveryServices/vaults/replicationFabrics/replicationProtectionContainers/replicationProtectedItems/updateMobilityService/action\"\
        ,\"Microsoft.RecoveryServices/vaults/replicationFabrics/replicationProtectionContainers/replicationProtectionContainerMappings/read\"\
        ,\"Microsoft.RecoveryServices/vaults/replicationFabrics/replicationRecoveryServicesProviders/read\"\
        ,\"Microsoft.RecoveryServices/vaults/replicationFabrics/replicationRecoveryServicesProviders/refreshProvider/action\"\
        ,\"Microsoft.RecoveryServices/vaults/replicationFabrics/replicationStorageClassifications/read\"\
        ,\"Microsoft.RecoveryServices/vaults/replicationFabrics/replicationStorageClassifications/replicationStorageClassificationMappings/read\"\
        ,\"Microsoft.RecoveryServices/vaults/replicationFabrics/replicationvCenters/read\"\
        ,\"Microsoft.RecoveryServices/vaults/replicationJobs/*\",\"Microsoft.RecoveryServices/vaults/replicationPolicies/read\"\
        ,\"Microsoft.RecoveryServices/vaults/replicationRecoveryPlans/failoverCommit/action\"\
        ,\"Microsoft.RecoveryServices/vaults/replicationRecoveryPlans/plannedFailover/action\"\
        ,\"Microsoft.RecoveryServices/vaults/replicationRecoveryPlans/read\",\"Microsoft.RecoveryServices/vaults/replicationRecoveryPlans/reProtect/action\"\
        ,\"Microsoft.RecoveryServices/vaults/replicationRecoveryPlans/testFailover/action\"\
        ,\"Microsoft.RecoveryServices/vaults/replicationRecoveryPlans/testFailoverCleanup/action\"\
        ,\"Microsoft.RecoveryServices/vaults/replicationRecoveryPlans/unplannedFailover/action\"\
        ,\"Microsoft.RecoveryServices/Vaults/monitoringAlerts/*\",\"Microsoft.RecoveryServices/Vaults/monitoringConfigurations/notificationConfiguration/read\"\
        ,\"Microsoft.RecoveryServices/Vaults/storageConfig/read\",\"Microsoft.RecoveryServices/Vaults/tokenInfo/read\"\
        ,\"Microsoft.RecoveryServices/Vaults/usages/read\",\"Microsoft.RecoveryServices/Vaults/vaultTokens/read\"\
        ,\"Microsoft.ResourceHealth/availabilityStatuses/read\",\"Microsoft.Resources/deployments/*\"\
        ,\"Microsoft.Resources/subscriptions/resourceGroups/read\",\"Microsoft.Storage/storageAccounts/read\"\
        ,\"Microsoft.Support/*\"],\"notActions\":[],\"dataActions\":[],\"notDataActions\"\
        :[]}],\"createdOn\":\"2017-05-19T13:47:50.1341148Z\",\"updatedOn\":\"2017-06-29T05:42:27.1715639Z\"\
        ,\"createdBy\":null,\"updatedBy\":null},\"id\":\"/subscriptions/00000000-0000-0000-0000-000000000000/providers/Microsoft.Authorization/roleDefinitions/494ae006-db33-4328-bf46-533a6560a3ca\"\
        ,\"type\":\"Microsoft.Authorization/roleDefinitions\",\"name\":\"494ae006-db33-4328-bf46-533a6560a3ca\"\
        },{\"properties\":{\"roleName\":\"Site Recovery Reader\",\"type\":\"BuiltInRole\"\
        ,\"description\":\"Lets you view Site Recovery status but not perform other\
        \ management operations\",\"assignableScopes\":[\"/\"],\"permissions\":[{\"\
        actions\":[\"Microsoft.Authorization/*/read\",\"Microsoft.RecoveryServices/locations/allocatedStamp/read\"\
        ,\"Microsoft.RecoveryServices/Vaults/extendedInformation/read\",\"Microsoft.RecoveryServices/Vaults/monitoringAlerts/read\"\
        ,\"Microsoft.RecoveryServices/Vaults/monitoringConfigurations/notificationConfiguration/read\"\
        ,\"Microsoft.RecoveryServices/Vaults/read\",\"Microsoft.RecoveryServices/Vaults/refreshContainers/read\"\
        ,\"Microsoft.RecoveryServices/Vaults/registeredIdentities/operationResults/read\"\
        ,\"Microsoft.RecoveryServices/Vaults/registeredIdentities/read\",\"Microsoft.RecoveryServices/vaults/replicationAlertSettings/read\"\
        ,\"Microsoft.RecoveryServices/vaults/replicationEvents/read\",\"Microsoft.RecoveryServices/vaults/replicationFabrics/read\"\
        ,\"Microsoft.RecoveryServices/vaults/replicationFabrics/replicationNetworks/read\"\
        ,\"Microsoft.RecoveryServices/vaults/replicationFabrics/replicationNetworks/replicationNetworkMappings/read\"\
        ,\"Microsoft.RecoveryServices/vaults/replicationFabrics/replicationProtectionContainers/read\"\
        ,\"Microsoft.RecoveryServices/vaults/replicationFabrics/replicationProtectionContainers/replicationProtectableItems/read\"\
        ,\"Microsoft.RecoveryServices/vaults/replicationFabrics/replicationProtectionContainers/replicationProtectedItems/read\"\
        ,\"Microsoft.RecoveryServices/vaults/replicationFabrics/replicationProtectionContainers/replicationProtectedItems/recoveryPoints/read\"\
        ,\"Microsoft.RecoveryServices/vaults/replicationFabrics/replicationProtectionContainers/replicationProtectionContainerMappings/read\"\
        ,\"Microsoft.RecoveryServices/vaults/replicationFabrics/replicationRecoveryServicesProviders/read\"\
        ,\"Microsoft.RecoveryServices/vaults/replicationFabrics/replicationStorageClassifications/read\"\
        ,\"Microsoft.RecoveryServices/vaults/replicationFabrics/replicationStorageClassifications/replicationStorageClassificationMappings/read\"\
        ,\"Microsoft.RecoveryServices/vaults/replicationFabrics/replicationvCenters/read\"\
        ,\"Microsoft.RecoveryServices/vaults/replicationJobs/read\",\"Microsoft.RecoveryServices/vaults/replicationPolicies/read\"\
        ,\"Microsoft.RecoveryServices/vaults/replicationRecoveryPlans/read\",\"Microsoft.RecoveryServices/Vaults/storageConfig/read\"\
        ,\"Microsoft.RecoveryServices/Vaults/tokenInfo/read\",\"Microsoft.RecoveryServices/Vaults/usages/read\"\
        ,\"Microsoft.RecoveryServices/Vaults/vaultTokens/read\",\"Microsoft.Support/*\"\
        ],\"notActions\":[],\"dataActions\":[],\"notDataActions\":[]}],\"createdOn\"\
        :\"2017-05-19T13:35:40.0093634Z\",\"updatedOn\":\"2017-05-26T19:54:51.3933250Z\"\
        ,\"createdBy\":null,\"updatedBy\":null},\"id\":\"/subscriptions/00000000-0000-0000-0000-000000000000/providers/Microsoft.Authorization/roleDefinitions/dbaa88c4-0c30-4179-9fb3-46319faa6149\"\
        ,\"type\":\"Microsoft.Authorization/roleDefinitions\",\"name\":\"dbaa88c4-0c30-4179-9fb3-46319faa6149\"\
        },{\"properties\":{\"roleName\":\"SQL DB Contributor\",\"type\":\"BuiltInRole\"\
        ,\"description\":\"Lets you manage SQL databases, but not access to them.\
        \ Also, you can't manage their security-related policies or their parent SQL\
        \ servers.\",\"assignableScopes\":[\"/\"],\"permissions\":[{\"actions\":[\"\
        Microsoft.Authorization/*/read\",\"Microsoft.Insights/alertRules/*\",\"Microsoft.ResourceHealth/availabilityStatuses/read\"\
        ,\"Microsoft.Resources/deployments/*\",\"Microsoft.Resources/subscriptions/resourceGroups/read\"\
        ,\"Microsoft.Sql/locations/*/read\",\"Microsoft.Sql/servers/databases/*\"\
        ,\"Microsoft.Sql/servers/read\",\"Microsoft.Support/*\"],\"notActions\":[\"\
        Microsoft.Sql/servers/databases/auditingPolicies/*\",\"Microsoft.Sql/servers/databases/auditingSettings/*\"\
        ,\"Microsoft.Sql/servers/databases/auditRecords/read\",\"Microsoft.Sql/servers/databases/connectionPolicies/*\"\
        ,\"Microsoft.Sql/servers/databases/dataMaskingPolicies/*\",\"Microsoft.Sql/servers/databases/extendedAuditingSettings/*\"\
        ,\"Microsoft.Sql/servers/databases/schemas/tables/columns/sensitivityLabels/*\"\
        ,\"Microsoft.Sql/servers/databases/securityAlertPolicies/*\",\"Microsoft.Sql/servers/databases/securityMetrics/*\"\
        ,\"Microsoft.Sql/servers/databases/sensitivityLabels/*\",\"Microsoft.Sql/servers/databases/vulnerabilityAssessments/*\"\
        ,\"Microsoft.Sql/servers/databases/vulnerabilityAssessmentScans/*\",\"Microsoft.Sql/servers/databases/vulnerabilityAssessmentSettings/*\"\
        ],\"dataActions\":[],\"notDataActions\":[]}],\"createdOn\":\"0001-01-01T08:00:00.0000000Z\"\
        ,\"updatedOn\":\"2018-02-15T19:48:41.1575716Z\",\"createdBy\":null,\"updatedBy\"\
        :null},\"id\":\"/subscriptions/00000000-0000-0000-0000-000000000000/providers/Microsoft.Authorization/roleDefinitions/9b7fa17d-e63e-47b0-bb0a-15c516ac86ec\"\
        ,\"type\":\"Microsoft.Authorization/roleDefinitions\",\"name\":\"9b7fa17d-e63e-47b0-bb0a-15c516ac86ec\"\
        },{\"properties\":{\"roleName\":\"SQL Security Manager\",\"type\":\"BuiltInRole\"\
        ,\"description\":\"Lets you manage the security-related policies of SQL servers\
        \ and databases, but not access to them.\",\"assignableScopes\":[\"/\"],\"\
        permissions\":[{\"actions\":[\"Microsoft.Authorization/*/read\",\"Microsoft.Insights/alertRules/*\"\
        ,\"Microsoft.Network/virtualNetworks/subnets/joinViaServiceEndpoint/action\"\
        ,\"Microsoft.ResourceHealth/availabilityStatuses/read\",\"Microsoft.Resources/deployments/*\"\
        ,\"Microsoft.Resources/subscriptions/resourceGroups/read\",\"Microsoft.Sql/servers/auditingPolicies/*\"\
        ,\"Microsoft.Sql/servers/auditingSettings/*\",\"Microsoft.Sql/servers/databases/auditingPolicies/*\"\
        ,\"Microsoft.Sql/servers/databases/auditingSettings/*\",\"Microsoft.Sql/servers/databases/auditRecords/read\"\
        ,\"Microsoft.Sql/servers/databases/connectionPolicies/*\",\"Microsoft.Sql/servers/databases/dataMaskingPolicies/*\"\
        ,\"Microsoft.Sql/servers/databases/read\",\"Microsoft.Sql/servers/databases/schemas/read\"\
        ,\"Microsoft.Sql/servers/databases/schemas/tables/columns/read\",\"Microsoft.Sql/servers/databases/schemas/tables/columns/sensitivityLabels/*\"\
        ,\"Microsoft.Sql/servers/databases/schemas/tables/read\",\"Microsoft.Sql/servers/databases/securityAlertPolicies/*\"\
        ,\"Microsoft.Sql/servers/databases/securityMetrics/*\",\"Microsoft.Sql/servers/databases/sensitivityLabels/*\"\
        ,\"Microsoft.Sql/servers/databases/vulnerabilityAssessments/*\",\"Microsoft.Sql/servers/databases/vulnerabilityAssessmentScans/*\"\
        ,\"Microsoft.Sql/servers/databases/vulnerabilityAssessmentSettings/*\",\"\
        Microsoft.Sql/servers/firewallRules/*\",\"Microsoft.Sql/servers/read\",\"\
        Microsoft.Sql/servers/securityAlertPolicies/*\",\"Microsoft.Support/*\"],\"\
        notActions\":[],\"dataActions\":[],\"notDataActions\":[]}],\"createdOn\":\"\
        0001-01-01T08:00:00.0000000Z\",\"updatedOn\":\"2018-02-15T19:48:40.2200727Z\"\
        ,\"createdBy\":null,\"updatedBy\":\"yaiyun\"},\"id\":\"/subscriptions/00000000-0000-0000-0000-000000000000/providers/Microsoft.Authorization/roleDefinitions/056cd41c-7e88-42e1-933e-88ba6a50c9c3\"\
        ,\"type\":\"Microsoft.Authorization/roleDefinitions\",\"name\":\"056cd41c-7e88-42e1-933e-88ba6a50c9c3\"\
        },{\"properties\":{\"roleName\":\"SQL Server Contributor\",\"type\":\"BuiltInRole\"\
        ,\"description\":\"Lets you manage SQL servers and databases, but not access\
        \ to them, and not their security -related policies.\",\"assignableScopes\"\
        :[\"/\"],\"permissions\":[{\"actions\":[\"Microsoft.Authorization/*/read\"\
        ,\"Microsoft.Insights/alertRules/*\",\"Microsoft.ResourceHealth/availabilityStatuses/read\"\
        ,\"Microsoft.Resources/deployments/*\",\"Microsoft.Resources/subscriptions/resourceGroups/read\"\
        ,\"Microsoft.Sql/locations/*/read\",\"Microsoft.Sql/servers/*\",\"Microsoft.Support/*\"\
        ],\"notActions\":[\"Microsoft.Sql/servers/auditingPolicies/*\",\"Microsoft.Sql/servers/auditingSettings/*\"\
        ,\"Microsoft.Sql/servers/databases/auditingPolicies/*\",\"Microsoft.Sql/servers/databases/auditingSettings/*\"\
        ,\"Microsoft.Sql/servers/databases/auditRecords/read\",\"Microsoft.Sql/servers/databases/connectionPolicies/*\"\
        ,\"Microsoft.Sql/servers/databases/dataMaskingPolicies/*\",\"Microsoft.Sql/servers/databases/extendedAuditingSettings/*\"\
        ,\"Microsoft.Sql/servers/databases/schemas/tables/columns/sensitivityLabels/*\"\
        ,\"Microsoft.Sql/servers/databases/securityAlertPolicies/*\",\"Microsoft.Sql/servers/databases/securityMetrics/*\"\
        ,\"Microsoft.Sql/servers/databases/sensitivityLabels/*\",\"Microsoft.Sql/servers/databases/vulnerabilityAssessments/*\"\
        ,\"Microsoft.Sql/servers/databases/vulnerabilityAssessmentScans/*\",\"Microsoft.Sql/servers/databases/vulnerabilityAssessmentSettings/*\"\
        ,\"Microsoft.Sql/servers/extendedAuditingSettings/*\",\"Microsoft.Sql/servers/securityAlertPolicies/*\"\
        ],\"dataActions\":[],\"notDataActions\":[]}],\"createdOn\":\"0001-01-01T08:00:00.0000000Z\"\
        ,\"updatedOn\":\"2018-02-15T19:48:41.8450730Z\",\"createdBy\":null,\"updatedBy\"\
        :null},\"id\":\"/subscriptions/00000000-0000-0000-0000-000000000000/providers/Microsoft.Authorization/roleDefinitions/6d8ee4ec-f05a-4a1d-8b00-a9b17e38b437\"\
        ,\"type\":\"Microsoft.Authorization/roleDefinitions\",\"name\":\"6d8ee4ec-f05a-4a1d-8b00-a9b17e38b437\"\
        },{\"properties\":{\"roleName\":\"Storage Account Contributor\",\"type\":\"\
        BuiltInRole\",\"description\":\"Lets you manage storage accounts, but not\
        \ access to them.\",\"assignableScopes\":[\"/\"],\"permissions\":[{\"actions\"\
        :[\"Microsoft.Authorization/*/read\",\"Microsoft.Insights/alertRules/*\",\"\
        Microsoft.Insights/diagnosticSettings/*\",\"Microsoft.Network/virtualNetworks/subnets/joinViaServiceEndpoint/action\"\
        ,\"Microsoft.ResourceHealth/availabilityStatuses/read\",\"Microsoft.Resources/deployments/*\"\
        ,\"Microsoft.Resources/subscriptions/resourceGroups/read\",\"Microsoft.Storage/storageAccounts/*\"\
        ,\"Microsoft.Support/*\"],\"notActions\":[],\"dataActions\":[],\"notDataActions\"\
        :[]}],\"createdOn\":\"2015-06-02T00:18:27.3542698Z\",\"updatedOn\":\"2017-08-21T07:43:20.3060994Z\"\
        ,\"createdBy\":null,\"updatedBy\":null},\"id\":\"/subscriptions/00000000-0000-0000-0000-000000000000/providers/Microsoft.Authorization/roleDefinitions/17d1049b-9a84-46fb-8f53-869881c3d3ab\"\
        ,\"type\":\"Microsoft.Authorization/roleDefinitions\",\"name\":\"17d1049b-9a84-46fb-8f53-869881c3d3ab\"\
        },{\"properties\":{\"roleName\":\"Storage Account Key Operator Service Role\"\
        ,\"type\":\"BuiltInRole\",\"description\":\"Storage Account Key Operators\
        \ are allowed to list and regenerate keys on Storage Accounts\",\"assignableScopes\"\
        :[\"/\"],\"permissions\":[{\"actions\":[\"Microsoft.Storage/storageAccounts/listkeys/action\"\
        ,\"Microsoft.Storage/storageAccounts/regeneratekey/action\"],\"notActions\"\
        :[],\"dataActions\":[],\"notDataActions\":[]}],\"createdOn\":\"2017-04-13T18:26:11.5770570Z\"\
        ,\"updatedOn\":\"2017-04-13T20:57:14.5990198Z\",\"createdBy\":null,\"updatedBy\"\
        :null},\"id\":\"/subscriptions/00000000-0000-0000-0000-000000000000/providers/Microsoft.Authorization/roleDefinitions/81a9662b-bebf-436f-a333-f67b29880f12\"\
        ,\"type\":\"Microsoft.Authorization/roleDefinitions\",\"name\":\"81a9662b-bebf-436f-a333-f67b29880f12\"\
        },{\"properties\":{\"roleName\":\"Storage Blob Data Contributor (Preview)\"\
        ,\"type\":\"BuiltInRole\",\"description\":\"Allows for read, write and delete\
        \ access to Azure Storage blob containers and data\",\"assignableScopes\"\
        :[\"/\"],\"permissions\":[{\"actions\":[\"Microsoft.Storage/storageAccounts/blobServices/containers/delete\"\
        ,\"Microsoft.Storage/storageAccounts/blobServices/containers/read\",\"Microsoft.Storage/storageAccounts/blobServices/containers/write\"\
        ],\"notActions\":[],\"dataActions\":[\"Microsoft.Storage/storageAccounts/blobServices/containers/blobs/delete\"\
        ,\"Microsoft.Storage/storageAccounts/blobServices/containers/blobs/read\"\
        ,\"Microsoft.Storage/storageAccounts/blobServices/containers/blobs/write\"\
        ],\"notDataActions\":[]}],\"createdOn\":\"2017-12-21T00:01:24.7972312Z\",\"\
        updatedOn\":\"2018-04-02T17:11:00.4629296Z\",\"createdBy\":null,\"updatedBy\"\
        :null},\"id\":\"/subscriptions/00000000-0000-0000-0000-000000000000/providers/Microsoft.Authorization/roleDefinitions/ba92f5b4-2d11-453d-a403-e96b0029c9fe\"\
        ,\"type\":\"Microsoft.Authorization/roleDefinitions\",\"name\":\"ba92f5b4-2d11-453d-a403-e96b0029c9fe\"\
        },{\"properties\":{\"roleName\":\"Storage Blob Data Reader (Preview)\",\"\
        type\":\"BuiltInRole\",\"description\":\"Allows for read access to Azure Storage\
        \ blob containers and data\",\"assignableScopes\":[\"/\"],\"permissions\"\
        :[{\"actions\":[\"Microsoft.Storage/storageAccounts/blobServices/containers/read\"\
        ],\"notActions\":[],\"dataActions\":[\"Microsoft.Storage/storageAccounts/blobServices/containers/blobs/read\"\
        ],\"notDataActions\":[]}],\"createdOn\":\"2017-12-21T00:01:24.7972312Z\",\"\
        updatedOn\":\"2018-04-02T17:15:19.5080840Z\",\"createdBy\":null,\"updatedBy\"\
        :null},\"id\":\"/subscriptions/00000000-0000-0000-0000-000000000000/providers/Microsoft.Authorization/roleDefinitions/2a2b9908-6ea1-4ae2-8e65-a410df84e7d1\"\
        ,\"type\":\"Microsoft.Authorization/roleDefinitions\",\"name\":\"2a2b9908-6ea1-4ae2-8e65-a410df84e7d1\"\
        },{\"properties\":{\"roleName\":\"Storage Queue Data Contributor (Preview)\"\
        ,\"type\":\"BuiltInRole\",\"description\":\"Allows for read, write, and delete\
        \ access to Azure Storage queues and queue messages\",\"assignableScopes\"\
        :[\"/\"],\"permissions\":[{\"actions\":[\"Microsoft.Storage/storageAccounts/queueServices/queues/delete\"\
        ,\"Microsoft.Storage/storageAccounts/queueServices/queues/read\",\"Microsoft.Storage/storageAccounts/queueServices/queues/write\"\
        ],\"notActions\":[],\"dataActions\":[\"Microsoft.Storage/storageAccounts/queueServices/queues/messages/delete\"\
        ,\"Microsoft.Storage/storageAccounts/queueServices/queues/messages/read\"\
        ,\"Microsoft.Storage/storageAccounts/queueServices/queues/messages/write\"\
        ],\"notDataActions\":[]}],\"createdOn\":\"2017-12-21T00:01:24.7972312Z\",\"\
        updatedOn\":\"2018-04-02T17:16:40.1371662Z\",\"createdBy\":null,\"updatedBy\"\
        :null},\"id\":\"/subscriptions/00000000-0000-0000-0000-000000000000/providers/Microsoft.Authorization/roleDefinitions/974c5e8b-45b9-4653-ba55-5f855dd0fb88\"\
        ,\"type\":\"Microsoft.Authorization/roleDefinitions\",\"name\":\"974c5e8b-45b9-4653-ba55-5f855dd0fb88\"\
        },{\"properties\":{\"roleName\":\"Storage Queue Data Reader (Preview)\",\"\
        type\":\"BuiltInRole\",\"description\":\"Allows for read access to Azure Storage\
        \ queues and queue messages\",\"assignableScopes\":[\"/\"],\"permissions\"\
        :[{\"actions\":[\"Microsoft.Storage/storageAccounts/queueServices/queues/read\"\
        ],\"notActions\":[],\"dataActions\":[\"Microsoft.Storage/storageAccounts/queueServices/queues/messages/read\"\
        ],\"notDataActions\":[]}],\"createdOn\":\"2017-12-21T00:01:24.7972312Z\",\"\
        updatedOn\":\"2018-04-02T17:19:30.5001463Z\",\"createdBy\":null,\"updatedBy\"\
        :null},\"id\":\"/subscriptions/00000000-0000-0000-0000-000000000000/providers/Microsoft.Authorization/roleDefinitions/19e7f393-937e-4f77-808e-94535e297925\"\
        ,\"type\":\"Microsoft.Authorization/roleDefinitions\",\"name\":\"19e7f393-937e-4f77-808e-94535e297925\"\
        },{\"properties\":{\"roleName\":\"Support Request Contributor\",\"type\":\"\
        BuiltInRole\",\"description\":\"Lets you create and manage Support requests\"\
        ,\"assignableScopes\":[\"/\"],\"permissions\":[{\"actions\":[\"Microsoft.Authorization/*/read\"\
        ,\"Microsoft.Resources/subscriptions/resourceGroups/read\",\"Microsoft.Support/*\"\
        ],\"notActions\":[],\"dataActions\":[],\"notDataActions\":[]}],\"createdOn\"\
        :\"2017-06-22T22:25:37.8053068Z\",\"updatedOn\":\"2017-06-23T01:06:24.2399631Z\"\
        ,\"createdBy\":null,\"updatedBy\":null},\"id\":\"/subscriptions/00000000-0000-0000-0000-000000000000/providers/Microsoft.Authorization/roleDefinitions/cfd33db0-3dd1-45e3-aa9d-cdbdf3b6f24e\"\
        ,\"type\":\"Microsoft.Authorization/roleDefinitions\",\"name\":\"cfd33db0-3dd1-45e3-aa9d-cdbdf3b6f24e\"\
        },{\"properties\":{\"roleName\":\"Traffic Manager Contributor\",\"type\":\"\
        BuiltInRole\",\"description\":\"Lets you manage Traffic Manager profiles,\
        \ but does not let you control who has access to them.\",\"assignableScopes\"\
        :[\"/\"],\"permissions\":[{\"actions\":[\"Microsoft.Authorization/*/read\"\
        ,\"Microsoft.Insights/alertRules/*\",\"Microsoft.Network/trafficManagerProfiles/*\"\
        ,\"Microsoft.ResourceHealth/availabilityStatuses/read\",\"Microsoft.Resources/deployments/*\"\
        ,\"Microsoft.Resources/subscriptions/resourceGroups/read\",\"Microsoft.Support/*\"\
        ],\"notActions\":[],\"dataActions\":[],\"notDataActions\":[]}],\"createdOn\"\
        :\"2015-10-15T23:33:25.9730842Z\",\"updatedOn\":\"2016-05-31T23:13:44.1458854Z\"\
        ,\"createdBy\":null,\"updatedBy\":null},\"id\":\"/subscriptions/00000000-0000-0000-0000-000000000000/providers/Microsoft.Authorization/roleDefinitions/a4b10055-b0c7-44c2-b00f-c7b5b3550cf7\"\
        ,\"type\":\"Microsoft.Authorization/roleDefinitions\",\"name\":\"a4b10055-b0c7-44c2-b00f-c7b5b3550cf7\"\
        },{\"properties\":{\"roleName\":\"User Access Administrator\",\"type\":\"\
        BuiltInRole\",\"description\":\"Lets you manage user access to Azure resources.\"\
        ,\"assignableScopes\":[\"/\"],\"permissions\":[{\"actions\":[\"*/read\",\"\
        Microsoft.Authorization/*\",\"Microsoft.Support/*\"],\"notActions\":[],\"\
        dataActions\":[],\"notDataActions\":[]}],\"createdOn\":\"0001-01-01T08:00:00.0000000Z\"\
        ,\"updatedOn\":\"2018-01-30T18:08:24.4656640Z\",\"createdBy\":null,\"updatedBy\"\
        :null},\"id\":\"/subscriptions/00000000-0000-0000-0000-000000000000/providers/Microsoft.Authorization/roleDefinitions/18d7d88d-d35e-4fb5-a5c3-7773c20a72d9\"\
        ,\"type\":\"Microsoft.Authorization/roleDefinitions\",\"name\":\"18d7d88d-d35e-4fb5-a5c3-7773c20a72d9\"\
        },{\"properties\":{\"roleName\":\"Virtual Machine Administrator Login\",\"\
        type\":\"BuiltInRole\",\"description\":\"View Virtual Machines in the portal\
        \ and login as administrator\",\"assignableScopes\":[\"/\"],\"permissions\"\
        :[{\"actions\":[\"Microsoft.Network/publicIPAddresses/read\",\"Microsoft.Network/virtualNetworks/read\"\
        ,\"Microsoft.Network/loadBalancers/read\",\"Microsoft.Network/networkInterfaces/read\"\
        ,\"Microsoft.Compute/virtualMachines/*/read\"],\"notActions\":[],\"dataActions\"\
        :[\"Microsoft.Compute/virtualMachines/login/action\",\"Microsoft.Compute/virtualMachines/loginAsAdmin/action\"\
        ],\"notDataActions\":[]}],\"createdOn\":\"2018-02-09T18:36:13.3315744Z\",\"\
        updatedOn\":\"2018-05-09T22:17:57.0514548Z\",\"createdBy\":null,\"updatedBy\"\
        :null},\"id\":\"/subscriptions/00000000-0000-0000-0000-000000000000/providers/Microsoft.Authorization/roleDefinitions/1c0163c0-47e6-4577-8991-ea5c82e286e4\"\
        ,\"type\":\"Microsoft.Authorization/roleDefinitions\",\"name\":\"1c0163c0-47e6-4577-8991-ea5c82e286e4\"\
        },{\"properties\":{\"roleName\":\"Virtual Machine Contributor\",\"type\":\"\
        BuiltInRole\",\"description\":\"Lets you manage virtual machines, but not\
        \ access to them, and not the virtual network or storage account they\u2019\
        re connected to.\",\"assignableScopes\":[\"/\"],\"permissions\":[{\"actions\"\
        :[\"Microsoft.Authorization/*/read\",\"Microsoft.Compute/availabilitySets/*\"\
        ,\"Microsoft.Compute/locations/*\",\"Microsoft.Compute/virtualMachines/*\"\
        ,\"Microsoft.Compute/virtualMachineScaleSets/*\",\"Microsoft.DevTestLab/schedules/*\"\
        ,\"Microsoft.Insights/alertRules/*\",\"Microsoft.Network/applicationGateways/backendAddressPools/join/action\"\
        ,\"Microsoft.Network/loadBalancers/backendAddressPools/join/action\",\"Microsoft.Network/loadBalancers/inboundNatPools/join/action\"\
        ,\"Microsoft.Network/loadBalancers/inboundNatRules/join/action\",\"Microsoft.Network/loadBalancers/probes/join/action\"\
        ,\"Microsoft.Network/loadBalancers/read\",\"Microsoft.Network/locations/*\"\
        ,\"Microsoft.Network/networkInterfaces/*\",\"Microsoft.Network/networkSecurityGroups/join/action\"\
        ,\"Microsoft.Network/networkSecurityGroups/read\",\"Microsoft.Network/publicIPAddresses/join/action\"\
        ,\"Microsoft.Network/publicIPAddresses/read\",\"Microsoft.Network/virtualNetworks/read\"\
        ,\"Microsoft.Network/virtualNetworks/subnets/join/action\",\"Microsoft.RecoveryServices/locations/*\"\
        ,\"Microsoft.RecoveryServices/Vaults/backupFabrics/protectionContainers/protectedItems/*/read\"\
        ,\"Microsoft.RecoveryServices/Vaults/backupFabrics/protectionContainers/protectedItems/read\"\
        ,\"Microsoft.RecoveryServices/Vaults/backupFabrics/protectionContainers/protectedItems/write\"\
        ,\"Microsoft.RecoveryServices/Vaults/backupFabrics/backupProtectionIntent/write\"\
        ,\"Microsoft.RecoveryServices/Vaults/backupPolicies/read\",\"Microsoft.RecoveryServices/Vaults/backupPolicies/write\"\
        ,\"Microsoft.RecoveryServices/Vaults/read\",\"Microsoft.RecoveryServices/Vaults/usages/read\"\
        ,\"Microsoft.RecoveryServices/Vaults/write\",\"Microsoft.ResourceHealth/availabilityStatuses/read\"\
        ,\"Microsoft.Resources/deployments/*\",\"Microsoft.Resources/subscriptions/resourceGroups/read\"\
        ,\"Microsoft.Storage/storageAccounts/listKeys/action\",\"Microsoft.Storage/storageAccounts/read\"\
        ,\"Microsoft.Support/*\"],\"notActions\":[],\"dataActions\":[],\"notDataActions\"\
        :[]}],\"createdOn\":\"2015-06-02T00:18:27.3542698Z\",\"updatedOn\":\"2017-11-14T03:00:30.1736393Z\"\
        ,\"createdBy\":null,\"updatedBy\":null},\"id\":\"/subscriptions/00000000-0000-0000-0000-000000000000/providers/Microsoft.Authorization/roleDefinitions/9980e02c-c2be-4d73-94e8-173b1dc7cf3c\"\
        ,\"type\":\"Microsoft.Authorization/roleDefinitions\",\"name\":\"9980e02c-c2be-4d73-94e8-173b1dc7cf3c\"\
        },{\"properties\":{\"roleName\":\"Virtual Machine User Login\",\"type\":\"\
        BuiltInRole\",\"description\":\"View Virtual Machines in the portal and login\
        \ as a regular user.\",\"assignableScopes\":[\"/\"],\"permissions\":[{\"actions\"\
        :[\"Microsoft.Network/publicIPAddresses/read\",\"Microsoft.Network/virtualNetworks/read\"\
        ,\"Microsoft.Network/loadBalancers/read\",\"Microsoft.Network/networkInterfaces/read\"\
        ,\"Microsoft.Compute/virtualMachines/*/read\"],\"notActions\":[],\"dataActions\"\
        :[\"Microsoft.Compute/virtualMachines/login/action\"],\"notDataActions\":[]}],\"\
        createdOn\":\"2018-02-09T18:36:13.3315744Z\",\"updatedOn\":\"2018-05-09T22:18:52.2780979Z\"\
        ,\"createdBy\":null,\"updatedBy\":null},\"id\":\"/subscriptions/00000000-0000-0000-0000-000000000000/providers/Microsoft.Authorization/roleDefinitions/fb879df8-f326-4884-b1cf-06f3ad86be52\"\
        ,\"type\":\"Microsoft.Authorization/roleDefinitions\",\"name\":\"fb879df8-f326-4884-b1cf-06f3ad86be52\"\
        },{\"properties\":{\"roleName\":\"Web Plan Contributor\",\"type\":\"BuiltInRole\"\
        ,\"description\":\"Lets you manage the web plans for websites, but not access\
        \ to them.\",\"assignableScopes\":[\"/\"],\"permissions\":[{\"actions\":[\"\
        Microsoft.Authorization/*/read\",\"Microsoft.Insights/alertRules/*\",\"Microsoft.ResourceHealth/availabilityStatuses/read\"\
        ,\"Microsoft.Resources/deployments/*\",\"Microsoft.Resources/subscriptions/resourceGroups/read\"\
        ,\"Microsoft.Support/*\",\"Microsoft.Web/serverFarms/*\"],\"notActions\":[],\"\
        dataActions\":[],\"notDataActions\":[]}],\"createdOn\":\"0001-01-01T08:00:00.0000000Z\"\
        ,\"updatedOn\":\"2016-05-31T23:14:05.9401651Z\",\"createdBy\":null,\"updatedBy\"\
        :null},\"id\":\"/subscriptions/00000000-0000-0000-0000-000000000000/providers/Microsoft.Authorization/roleDefinitions/2cc479cb-7b4d-49a8-b449-8c00fd0f0a4b\"\
        ,\"type\":\"Microsoft.Authorization/roleDefinitions\",\"name\":\"2cc479cb-7b4d-49a8-b449-8c00fd0f0a4b\"\
        },{\"properties\":{\"roleName\":\"Website Contributor\",\"type\":\"BuiltInRole\"\
        ,\"description\":\"Lets you manage websites (not web plans), but not access\
        \ to them.\",\"assignableScopes\":[\"/\"],\"permissions\":[{\"actions\":[\"\
        Microsoft.Authorization/*/read\",\"Microsoft.Insights/alertRules/*\",\"Microsoft.Insights/components/*\"\
        ,\"Microsoft.ResourceHealth/availabilityStatuses/read\",\"Microsoft.Resources/deployments/*\"\
        ,\"Microsoft.Resources/subscriptions/resourceGroups/read\",\"Microsoft.Support/*\"\
        ,\"Microsoft.Web/certificates/*\",\"Microsoft.Web/listSitesAssignedToHostName/read\"\
        ,\"Microsoft.Web/serverFarms/join/action\",\"Microsoft.Web/serverFarms/read\"\
        ,\"Microsoft.Web/sites/*\"],\"notActions\":[],\"dataActions\":[],\"notDataActions\"\
        :[]}],\"createdOn\":\"0001-01-01T08:00:00.0000000Z\",\"updatedOn\":\"2016-05-31T23:14:06.5272742Z\"\
        ,\"createdBy\":null,\"updatedBy\":null},\"id\":\"/subscriptions/00000000-0000-0000-0000-000000000000/providers/Microsoft.Authorization/roleDefinitions/de139f84-1756-47ae-9be6-808fbbe84772\"\
        ,\"type\":\"Microsoft.Authorization/roleDefinitions\",\"name\":\"de139f84-1756-47ae-9be6-808fbbe84772\"\
        }]}"}
    headers:
      cache-control: [no-cache]
      content-length: ['98931']
      content-type: [application/json; charset=utf-8]
      date: ['Thu, 28 Jun 2018 00:34:08 GMT']
      expires: ['-1']
      pragma: [no-cache]
      server: [Microsoft-IIS/10.0]
      set-cookie: [x-ms-gateway-slice=productionb; path=/; secure; HttpOnly]
      strict-transport-security: [max-age=31536000; includeSubDomains]
      transfer-encoding: [chunked]
      vary: [Accept-Encoding]
      x-content-type-options: [nosniff]
      x-ms-request-charge: ['1']
      x-powered-by: [ASP.NET]
    status: {code: 200, message: OK}
- request:
    body: '{"objectIds": ["0f035dbc-4eb7-4a6b-8449-6e2627732b1b"], "includeDirectoryObjectReferences":
      true}'
    headers:
      Accept: [application/json]
      Accept-Encoding: ['gzip, deflate']
      CommandName: [role assignment list]
      Connection: [keep-alive]
      Content-Length: ['97']
      Content-Type: [application/json; charset=utf-8]
      User-Agent: [python/3.6.5 (Windows-10-10.0.17134-SP0) requests/2.18.4 msrest/0.4.28
          msrest_azure/0.4.27 azure-graphrbac/0.40.0 Azure-SDK-For-Python AZURECLI/2.0.40]
      accept-language: [en-US]
    method: POST
    uri: https://graph.windows.net/00000000-0000-0000-0000-000000000000/getObjectsByObjectIds?api-version=1.6
  response:
    body: {string: '{"odata.metadata":"https://graph.windows.net/00000000-0000-0000-0000-000000000000/$metadata#directoryObjects","value":[{"odata.type":"Microsoft.DirectoryServices.ServicePrincipal","objectType":"ServicePrincipal","objectId":"0f035dbc-4eb7-4a6b-8449-6e2627732b1b","deletionTimestamp":null,"accountEnabled":true,"addIns":[],"alternativeNames":["isExplicit=False","/subscriptions/00000000-0000-0000-0000-000000000000/resourcegroups/clitest.rg000001/providers/Microsoft.Web/sites/web-msi000003"],"appDisplayName":null,"appId":"a45e32d6-7ef0-41b4-bced-1be5b1d1f189","appOwnerTenantId":null,"appRoleAssignmentRequired":false,"appRoles":[],"displayName":"web-msi000003","errorUrl":null,"homepage":null,"keyCredentials":[{"customKeyIdentifier":null,"endDate":"2018-09-26T00:28:00Z","keyId":"c2692af2-71bf-4c4e-8780-369c80557a16","startDate":"2018-06-28T00:28:00Z","type":"AsymmetricX509Cert","usage":"Verify","value":null}],"logoutUrl":null,"oauth2Permissions":[],"passwordCredentials":[],"preferredTokenSigningKeyThumbprint":null,"publisherName":null,"replyUrls":[],"samlMetadataUrl":null,"servicePrincipalNames":["a45e32d6-7ef0-41b4-bced-1be5b1d1f189","https://identity.azure.net/gDDp6EHaCAGi1XJIQ7bfajST7QCJD4nO2vctMalolvM="],"servicePrincipalType":"ServiceAccount","signInAudience":null,"tags":[],"tokenEncryptionKeyId":null}]}'}
    headers:
      access-control-allow-origin: ['*']
      cache-control: [no-cache]
      content-length: ['1395']
      content-type: [application/json; odata=minimalmetadata; streaming=true; charset=utf-8]
      dataserviceversion: [3.0;]
      date: ['Thu, 28 Jun 2018 00:34:08 GMT']
      duration: ['1047466']
      expires: ['-1']
      ocp-aad-diagnostics-server-name: [R24SEsKL6l8WwGja0LsRtb5gfSEzPaANsccbqgL6qjQ=]
      ocp-aad-session-key: [H4Lca-ypZ7dZy4OavhaUQweU7GbRYQRszBLTVK1Zo53mmewb8M9ICNJJU80KR0tKaI9BGjF6144aFkQhQ0Mveb8Ya4eWWyQY0kKLqIaH-RplGUFGtJ-Y5kv6kyQOIDbo.eb49SKhxYSVAgE69I6LdKfLMOQhj1DF6J4bk2cDUwFk]
      pragma: [no-cache]
      request-id: [3567f865-6367-4529-ad9f-9ef5e731648c]
      server: [Microsoft-IIS/10.0]
      strict-transport-security: [max-age=31536000; includeSubDomains]
      x-aspnet-version: [4.0.30319]
      x-content-type-options: [nosniff]
      x-ms-dirapi-data-contract-version: ['1.6']
      x-powered-by: [ASP.NET, ASP.NET]
    status: {code: 200, message: OK}
- request:
    body: null
    headers:
      Accept: [application/json]
      Accept-Encoding: ['gzip, deflate']
      CommandName: [group delete]
      Connection: [keep-alive]
      Content-Length: ['0']
      Content-Type: [application/json; charset=utf-8]
      User-Agent: [python/3.6.5 (Windows-10-10.0.17134-SP0) requests/2.18.4 msrest/0.4.28
          msrest_azure/0.4.27 resourcemanagementclient/2.0.0rc2 Azure-SDK-For-Python
          AZURECLI/2.0.40]
      accept-language: [en-US]
    method: DELETE
    uri: https://management.azure.com/subscriptions/00000000-0000-0000-0000-000000000000/resourcegroups/clitest.rg000001?api-version=2018-05-01
  response:
    body: {string: ''}
    headers:
      cache-control: [no-cache]
      content-length: ['0']
      date: ['Thu, 28 Jun 2018 00:34:09 GMT']
      expires: ['-1']
      location: ['https://management.azure.com/subscriptions/00000000-0000-0000-0000-000000000000/operationresults/eyJqb2JJZCI6IlJFU09VUkNFR1JPVVBERUxFVElPTkpPQi1DTElURVNUOjJFUkdLSlhNTFI3UkI1M0ZQUlVEVktHRElGT1pZNkZIUTdHQTNGNnwzNTMwRTgwQTBGNkVBOUZFLVdFU1RVUyIsImpvYkxvY2F0aW9uIjoid2VzdHVzIn0?api-version=2018-05-01']
      pragma: [no-cache]
      strict-transport-security: [max-age=31536000; includeSubDomains]
      x-content-type-options: [nosniff]
      x-ms-ratelimit-remaining-subscription-deletes: ['14999']
    status: {code: 202, message: Accepted}
version: 1
