interactions:
- request:
    body: '{"location": "westus", "tags": {"use": "az-test"}}'
    headers:
      Accept: [application/json]
      Accept-Encoding: ['gzip, deflate']
      CommandName: [group create]
      Connection: [keep-alive]
      Content-Length: ['50']
      Content-Type: [application/json; charset=utf-8]
      User-Agent: [python/3.5.2 (Windows-10-10.0.16299-SP0) requests/2.18.4 msrest/0.4.18
          msrest_azure/0.4.21 resourcemanagementclient/1.2.1 Azure-SDK-For-Python
          AZURECLI/2.0.28]
      accept-language: [en-US]
    method: PUT
    uri: https://management.azure.com/subscriptions/00000000-0000-0000-0000-000000000000/resourcegroups/clitest.rg000001?api-version=2017-05-10
  response:
    body: {string: '{"id":"/subscriptions/00000000-0000-0000-0000-000000000000/resourceGroups/clitest.rg000001","name":"clitest.rg000001","location":"westus","tags":{"use":"az-test"},"properties":{"provisioningState":"Succeeded"}}'}
    headers:
      cache-control: [no-cache]
      content-length: ['328']
      content-type: [application/json; charset=utf-8]
      date: ['Sun, 18 Feb 2018 02:52:20 GMT']
      expires: ['-1']
      pragma: [no-cache]
      strict-transport-security: [max-age=31536000; includeSubDomains]
      x-ms-ratelimit-remaining-subscription-writes: ['1199']
    status: {code: 201, message: Created}
- request:
    body: null
    headers:
      Accept: [application/json]
      Accept-Encoding: ['gzip, deflate']
      CommandName: [appservice plan create]
      Connection: [keep-alive]
      Content-Type: [application/json; charset=utf-8]
      User-Agent: [python/3.5.2 (Windows-10-10.0.16299-SP0) requests/2.18.4 msrest/0.4.18
          msrest_azure/0.4.21 resourcemanagementclient/1.2.1 Azure-SDK-For-Python
          AZURECLI/2.0.28]
      accept-language: [en-US]
    method: GET
    uri: https://management.azure.com/subscriptions/00000000-0000-0000-0000-000000000000/resourcegroups/clitest.rg000001?api-version=2017-05-10
  response:
    body: {string: '{"id":"/subscriptions/00000000-0000-0000-0000-000000000000/resourceGroups/clitest.rg000001","name":"clitest.rg000001","location":"westus","tags":{"use":"az-test"},"properties":{"provisioningState":"Succeeded"}}'}
    headers:
      cache-control: [no-cache]
      content-length: ['328']
      content-type: [application/json; charset=utf-8]
      date: ['Sun, 18 Feb 2018 02:52:14 GMT']
      expires: ['-1']
      pragma: [no-cache]
      strict-transport-security: [max-age=31536000; includeSubDomains]
      vary: [Accept-Encoding]
    status: {code: 200, message: OK}
- request:
    body: 'b''{"properties": {"name": "slot-test-plan000002", "perSiteScaling": false},
      "location": "westus", "sku": {"name": "S1", "tier": "STANDARD", "capacity":
      1}}'''
    headers:
      Accept: [application/json]
      Accept-Encoding: ['gzip, deflate']
      CommandName: [appservice plan create]
      Connection: [keep-alive]
      Content-Length: ['157']
      Content-Type: [application/json; charset=utf-8]
      User-Agent: [python/3.5.2 (Windows-10-10.0.16299-SP0) requests/2.18.4 msrest/0.4.18
          msrest_azure/0.4.21 azure-mgmt-web/0.1.0 Azure-SDK-For-Python AZURECLI/2.0.28]
      accept-language: [en-US]
    method: PUT
    uri: https://management.azure.com/subscriptions/00000000-0000-0000-0000-000000000000/resourceGroups/clitest.rg000001/providers/Microsoft.Web/serverfarms/slot-test-plan000002?api-version=2016-09-01
  response:
    body: {string: '{"id":"/subscriptions/00000000-0000-0000-0000-000000000000/resourceGroups/clitest.rg000001/providers/Microsoft.Web/serverfarms/slot-test-plan000002","name":"slot-test-plan000002","type":"Microsoft.Web/serverfarms","kind":"app","location":"West
        US","properties":{"serverFarmId":0,"name":"slot-test-plan000002","workerSize":"Default","workerSizeId":0,"workerTierName":null,"numberOfWorkers":1,"currentWorkerSize":"Default","currentWorkerSizeId":0,"currentNumberOfWorkers":1,"status":"Ready","webSpace":"clitest.rg000001-WestUSwebspace","subscription":"301849e3-dc98-4935-bae9-35b5d22ab2d0","adminSiteName":null,"hostingEnvironment":null,"hostingEnvironmentProfile":null,"maximumNumberOfWorkers":10,"planName":"VirtualDedicatedPlan","adminRuntimeSiteName":null,"computeMode":"Shared","siteMode":null,"geoRegion":"West
        US","perSiteScaling":false,"numberOfSites":0,"hostingEnvironmentId":null,"isSpot":false,"spotExpirationTime":null,"tags":null,"kind":"app","resourceGroup":"clitest.rg000001","reserved":false,"mdmId":"waws-prod-bay-017_24999","targetWorkerCount":0,"targetWorkerSizeId":0,"provisioningState":"Succeeded"},"sku":{"name":"S1","tier":"Standard","size":"S1","family":"S","capacity":1}}'}
    headers:
      cache-control: [no-cache]
      content-length: ['1383']
      content-type: [application/json]
      date: ['Sun, 18 Feb 2018 02:52:24 GMT']
      expires: ['-1']
      pragma: [no-cache]
      server: [Microsoft-IIS/10.0]
      strict-transport-security: [max-age=31536000; includeSubDomains]
      transfer-encoding: [chunked]
      vary: [Accept-Encoding]
      x-aspnet-version: [4.0.30319]
      x-ms-ratelimit-remaining-subscription-writes: ['1199']
      x-powered-by: [ASP.NET]
    status: {code: 200, message: OK}
- request:
    body: null
    headers:
      Accept: [application/json]
      Accept-Encoding: ['gzip, deflate']
      CommandName: [webapp create]
      Connection: [keep-alive]
      Content-Type: [application/json; charset=utf-8]
      User-Agent: [python/3.5.2 (Windows-10-10.0.16299-SP0) requests/2.18.4 msrest/0.4.18
          msrest_azure/0.4.21 azure-mgmt-web/0.1.0 Azure-SDK-For-Python AZURECLI/2.0.28]
      accept-language: [en-US]
    method: GET
    uri: https://management.azure.com/subscriptions/00000000-0000-0000-0000-000000000000/resourceGroups/clitest.rg000001/providers/Microsoft.Web/serverfarms/slot-test-plan000002?api-version=2016-09-01
  response:
    body: {string: '{"id":"/subscriptions/00000000-0000-0000-0000-000000000000/resourceGroups/clitest.rg000001/providers/Microsoft.Web/serverfarms/slot-test-plan000002","name":"slot-test-plan000002","type":"Microsoft.Web/serverfarms","kind":"app","location":"West
        US","properties":{"serverFarmId":0,"name":"slot-test-plan000002","workerSize":"Default","workerSizeId":0,"workerTierName":null,"numberOfWorkers":1,"currentWorkerSize":"Default","currentWorkerSizeId":0,"currentNumberOfWorkers":1,"status":"Ready","webSpace":"clitest.rg000001-WestUSwebspace","subscription":"301849e3-dc98-4935-bae9-35b5d22ab2d0","adminSiteName":null,"hostingEnvironment":null,"hostingEnvironmentProfile":null,"maximumNumberOfWorkers":10,"planName":"VirtualDedicatedPlan","adminRuntimeSiteName":null,"computeMode":"Shared","siteMode":null,"geoRegion":"West
        US","perSiteScaling":false,"numberOfSites":0,"hostingEnvironmentId":null,"isSpot":false,"spotExpirationTime":null,"tags":null,"kind":"app","resourceGroup":"clitest.rg000001","reserved":false,"mdmId":"waws-prod-bay-017_24999","targetWorkerCount":0,"targetWorkerSizeId":0,"provisioningState":"Succeeded"},"sku":{"name":"S1","tier":"Standard","size":"S1","family":"S","capacity":1}}'}
    headers:
      cache-control: [no-cache]
      content-length: ['1383']
      content-type: [application/json]
      date: ['Sun, 18 Feb 2018 02:52:25 GMT']
      expires: ['-1']
      pragma: [no-cache]
      server: [Microsoft-IIS/10.0]
      strict-transport-security: [max-age=31536000; includeSubDomains]
      transfer-encoding: [chunked]
      vary: [Accept-Encoding]
      x-aspnet-version: [4.0.30319]
      x-powered-by: [ASP.NET]
    status: {code: 200, message: OK}
- request:
    body: 'b''b\''{"properties": {"scmSiteAlsoStopped": false, "reserved": false,
      "siteConfig": {"localMySqlEnabled": false, "appSettings": [{"name": "WEBSITE_NODE_DEFAULT_VERSION",
      "value": "6.9.1"}], "http20Enabled": true, "netFrameworkVersion": "v4.6"}, "serverFarmId":
      "/subscriptions/00000000-0000-0000-0000-000000000000/resourceGroups/clitest.rg000001/providers/Microsoft.Web/serverfarms/slot-test-plan000002"},
      "location": "West US"}\'''''
    headers:
      Accept: [application/json]
      Accept-Encoding: ['gzip, deflate']
      CommandName: [webapp create]
      Connection: [keep-alive]
      Content-Length: ['485']
      Content-Type: [application/json; charset=utf-8]
      User-Agent: [python/3.5.2 (Windows-10-10.0.16299-SP0) requests/2.18.4 msrest/0.4.18
          msrest_azure/0.4.21 azure-mgmt-web/0.1.0 Azure-SDK-For-Python AZURECLI/2.0.28]
      accept-language: [en-US]
    method: PUT
    uri: https://management.azure.com/subscriptions/00000000-0000-0000-0000-000000000000/resourceGroups/clitest.rg000001/providers/Microsoft.Web/sites/slot-test-web000003?api-version=2016-08-01
  response:
    body: {string: '{"id":"/subscriptions/00000000-0000-0000-0000-000000000000/resourceGroups/clitest.rg000001/providers/Microsoft.Web/sites/slot-test-web000003","name":"slot-test-web000003","type":"Microsoft.Web/sites","kind":"app","location":"West
        US","properties":{"name":"slot-test-web000003","state":"Running","hostNames":["slot-test-web000003.azurewebsites.net"],"webSpace":"clitest.rg000001-WestUSwebspace","selfLink":"https://waws-prod-bay-017.api.azurewebsites.windows.net:454/subscriptions/00000000-0000-0000-0000-000000000000/webspaces/clitest.rg000001-WestUSwebspace/sites/slot-test-web000003","repositorySiteName":"slot-test-web000003","owner":null,"usageState":"Normal","enabled":true,"adminEnabled":true,"enabledHostNames":["slot-test-web000003.azurewebsites.net","slot-test-web000003.scm.azurewebsites.net"],"siteProperties":{"metadata":null,"properties":[{"name":"LinuxFxVersion","value":""}],"appSettings":null},"availabilityState":"Normal","sslCertificates":null,"csrs":[],"cers":null,"siteMode":null,"hostNameSslStates":[{"name":"slot-test-web000003.azurewebsites.net","sslState":"Disabled","ipBasedSslResult":null,"virtualIP":null,"thumbprint":null,"toUpdate":null,"toUpdateIpBasedSsl":null,"ipBasedSslState":"NotConfigured","hostType":"Standard"},{"name":"slot-test-web000003.scm.azurewebsites.net","sslState":"Disabled","ipBasedSslResult":null,"virtualIP":null,"thumbprint":null,"toUpdate":null,"toUpdateIpBasedSsl":null,"ipBasedSslState":"NotConfigured","hostType":"Repository"}],"computeMode":null,"serverFarm":null,"serverFarmId":"/subscriptions/00000000-0000-0000-0000-000000000000/resourceGroups/clitest.rg000001/providers/Microsoft.Web/serverfarms/slot-test-plan000002","reserved":false,"lastModifiedTimeUtc":"2018-02-18T02:52:27.057","storageRecoveryDefaultState":"Running","contentAvailabilityState":"Normal","runtimeAvailabilityState":"Normal","siteConfig":null,"deploymentId":"slot-test-web000003","trafficManagerHostNames":null,"sku":"Standard","scmSiteAlsoStopped":false,"targetSwapSlot":null,"hostingEnvironment":null,"hostingEnvironmentProfile":null,"clientAffinityEnabled":true,"clientCertEnabled":false,"hostNamesDisabled":false,"domainVerificationIdentifiers":null,"kind":"app","outboundIpAddresses":"23.101.206.54,23.101.194.183,23.101.206.60,23.101.205.197","possibleOutboundIpAddresses":"23.101.206.54,23.101.194.183,23.101.206.60,23.101.205.197","containerSize":0,"dailyMemoryTimeQuota":0,"suspendedTill":null,"siteDisabledReason":0,"functionExecutionUnitsCache":null,"maxNumberOfWorkers":null,"homeStamp":"waws-prod-bay-017","cloningInfo":null,"snapshotInfo":null,"hostingEnvironmentId":null,"tags":null,"resourceGroup":"clitest.rg000001","defaultHostName":"slot-test-web000003.azurewebsites.net","slotSwapStatus":null,"httpsOnly":false}}'}
    headers:
      cache-control: [no-cache]
      content-length: ['3122']
      content-type: [application/json]
      date: ['Sun, 18 Feb 2018 02:52:29 GMT']
      etag: ['"1D3A86382CEDCA0"']
      expires: ['-1']
      pragma: [no-cache]
      server: [Microsoft-IIS/10.0]
      strict-transport-security: [max-age=31536000; includeSubDomains]
      transfer-encoding: [chunked]
      vary: [Accept-Encoding]
      x-aspnet-version: [4.0.30319]
      x-ms-ratelimit-remaining-subscription-writes: ['1198']
      x-powered-by: [ASP.NET]
    status: {code: 200, message: OK}
- request:
    body: '{}'
    headers:
      Accept: [application/json]
      Accept-Encoding: ['gzip, deflate']
      CommandName: [webapp create]
      Connection: [keep-alive]
      Content-Length: ['2']
      Content-Type: [application/json; charset=utf-8]
      User-Agent: [python/3.5.2 (Windows-10-10.0.16299-SP0) requests/2.18.4 msrest/0.4.18
          msrest_azure/0.4.21 azure-mgmt-web/0.1.0 Azure-SDK-For-Python AZURECLI/2.0.28]
      accept-language: [en-US]
    method: POST
    uri: https://management.azure.com/subscriptions/00000000-0000-0000-0000-000000000000/resourceGroups/clitest.rg000001/providers/Microsoft.Web/sites/slot-test-web000003/publishxml?api-version=2016-08-01
  response:
    body: {string: '<publishData><publishProfile profileName="slot-test-web000003
        - Web Deploy" publishMethod="MSDeploy" publishUrl="slot-test-web000003.scm.azurewebsites.net:443"
        msdeploySite="slot-test-web000003" userName="$slot-test-web000003" userPWD="7PSXLQ7iCJEFdG0smcsW5kzc99A9dnfcDzTSDwe8xx31WZuLeFgCe09GMj3M"
        destinationAppUrl="http://slot-test-web000003.azurewebsites.net" SQLServerDBConnectionString=""
        mySQLDBConnectionString="" hostingProviderForumLink="" controlPanelLink="http://windows.azure.com"
        webSystem="WebSites"><databases /></publishProfile><publishProfile profileName="slot-test-web000003
        - FTP" publishMethod="FTP" publishUrl="ftp://waws-prod-bay-017.ftp.azurewebsites.windows.net/site/wwwroot"
        ftpPassiveMode="True" userName="slot-test-web000003\$slot-test-web000003"
        userPWD="7PSXLQ7iCJEFdG0smcsW5kzc99A9dnfcDzTSDwe8xx31WZuLeFgCe09GMj3M" destinationAppUrl="http://slot-test-web000003.azurewebsites.net"
        SQLServerDBConnectionString="" mySQLDBConnectionString="" hostingProviderForumLink=""
        controlPanelLink="http://windows.azure.com" webSystem="WebSites"><databases
        /></publishProfile></publishData>'}
    headers:
      cache-control: [no-cache]
      content-length: ['1150']
      content-type: [application/xml]
      date: ['Sun, 18 Feb 2018 02:52:31 GMT']
      expires: ['-1']
      pragma: [no-cache]
      server: [Microsoft-IIS/10.0]
      strict-transport-security: [max-age=31536000; includeSubDomains]
      x-aspnet-version: [4.0.30319]
      x-ms-ratelimit-remaining-subscription-resource-requests: ['11999']
      x-powered-by: [ASP.NET]
    status: {code: 200, message: OK}
- request:
    body: null
    headers:
      Accept: [application/json]
      Accept-Encoding: ['gzip, deflate']
      CommandName: [webapp config appsettings set]
      Connection: [keep-alive]
      Content-Length: ['0']
      Content-Type: [application/json; charset=utf-8]
      User-Agent: [python/3.5.2 (Windows-10-10.0.16299-SP0) requests/2.18.4 msrest/0.4.18
          msrest_azure/0.4.21 azure-mgmt-web/0.1.0 Azure-SDK-For-Python AZURECLI/2.0.28]
      accept-language: [en-US]
    method: POST
    uri: https://management.azure.com/subscriptions/00000000-0000-0000-0000-000000000000/resourceGroups/clitest.rg000001/providers/Microsoft.Web/sites/slot-test-web000003/config/appsettings/list?api-version=2016-08-01
  response:
    body: {string: '{"id":"/subscriptions/00000000-0000-0000-0000-000000000000/resourceGroups/clitest.rg000001/providers/Microsoft.Web/sites/slot-test-web000003/config/appsettings","name":"appsettings","type":"Microsoft.Web/sites/config","location":"West
        US","properties":{"WEBSITE_NODE_DEFAULT_VERSION":"6.9.1"}}'}
    headers:
      cache-control: [no-cache]
      content-length: ['357']
      content-type: [application/json]
      date: ['Sun, 18 Feb 2018 02:52:31 GMT']
      expires: ['-1']
      pragma: [no-cache]
      server: [Microsoft-IIS/10.0]
      strict-transport-security: [max-age=31536000; includeSubDomains]
      transfer-encoding: [chunked]
      vary: [Accept-Encoding]
      x-aspnet-version: [4.0.30319]
      x-ms-ratelimit-remaining-subscription-resource-requests: ['11999']
      x-powered-by: [ASP.NET]
    status: {code: 200, message: OK}
- request:
    body: '{"properties": {"s2": "v2", "s1": "v1", "WEBSITE_NODE_DEFAULT_VERSION":
      "6.9.1"}, "kind": "<class ''str''>"}'
    headers:
      Accept: [application/json]
      Accept-Encoding: ['gzip, deflate']
      CommandName: [webapp config appsettings set]
      Connection: [keep-alive]
      Content-Length: ['106']
      Content-Type: [application/json; charset=utf-8]
      User-Agent: [python/3.5.2 (Windows-10-10.0.16299-SP0) requests/2.18.4 msrest/0.4.18
          msrest_azure/0.4.21 azure-mgmt-web/0.1.0 Azure-SDK-For-Python AZURECLI/2.0.28]
      accept-language: [en-US]
    method: PUT
    uri: https://management.azure.com/subscriptions/00000000-0000-0000-0000-000000000000/resourceGroups/clitest.rg000001/providers/Microsoft.Web/sites/slot-test-web000003/config/appsettings?api-version=2016-08-01
  response:
    body: {string: '{"id":"/subscriptions/00000000-0000-0000-0000-000000000000/resourceGroups/clitest.rg000001/providers/Microsoft.Web/sites/slot-test-web000003/config/appsettings","name":"appsettings","type":"Microsoft.Web/sites/config","location":"West
        US","properties":{"s2":"v2","s1":"v1","WEBSITE_NODE_DEFAULT_VERSION":"6.9.1"}}'}
    headers:
      cache-control: [no-cache]
      content-length: ['377']
      content-type: [application/json]
      date: ['Sun, 18 Feb 2018 02:52:32 GMT']
      etag: ['"1D3A863859F13A0"']
      expires: ['-1']
      pragma: [no-cache]
      server: [Microsoft-IIS/10.0]
      strict-transport-security: [max-age=31536000; includeSubDomains]
      transfer-encoding: [chunked]
      vary: [Accept-Encoding]
      x-aspnet-version: [4.0.30319]
      x-ms-ratelimit-remaining-subscription-writes: ['1199']
      x-powered-by: [ASP.NET]
    status: {code: 200, message: OK}
- request:
    body: null
    headers:
      Accept: [application/json]
      Accept-Encoding: ['gzip, deflate']
      CommandName: [webapp config appsettings set]
      Connection: [keep-alive]
      Content-Type: [application/json; charset=utf-8]
      User-Agent: [python/3.5.2 (Windows-10-10.0.16299-SP0) requests/2.18.4 msrest/0.4.18
          msrest_azure/0.4.21 azure-mgmt-web/0.1.0 Azure-SDK-For-Python AZURECLI/2.0.28]
      accept-language: [en-US]
    method: GET
    uri: https://management.azure.com/subscriptions/00000000-0000-0000-0000-000000000000/resourceGroups/clitest.rg000001/providers/Microsoft.Web/sites/slot-test-web000003/config/slotConfigNames?api-version=2016-08-01
  response:
    body: {string: '{"id":null,"name":"slot-test-web000003","type":"Microsoft.Web/sites","location":"West
        US","properties":{"connectionStringNames":null,"appSettingNames":null}}'}
    headers:
      cache-control: [no-cache]
      content-length: ['162']
      content-type: [application/json]
      date: ['Sun, 18 Feb 2018 02:52:38 GMT']
      expires: ['-1']
      pragma: [no-cache]
      server: [Microsoft-IIS/10.0]
      strict-transport-security: [max-age=31536000; includeSubDomains]
      transfer-encoding: [chunked]
      vary: [Accept-Encoding]
      x-aspnet-version: [4.0.30319]
      x-powered-by: [ASP.NET]
    status: {code: 200, message: OK}
- request:
    body: '{"properties": {"appSettingNames": ["s2"]}}'
    headers:
      Accept: [application/json]
      Accept-Encoding: ['gzip, deflate']
      CommandName: [webapp config appsettings set]
      Connection: [keep-alive]
      Content-Length: ['43']
      Content-Type: [application/json; charset=utf-8]
      User-Agent: [python/3.5.2 (Windows-10-10.0.16299-SP0) requests/2.18.4 msrest/0.4.18
          msrest_azure/0.4.21 azure-mgmt-web/0.1.0 Azure-SDK-For-Python AZURECLI/2.0.28]
      accept-language: [en-US]
    method: PUT
    uri: https://management.azure.com/subscriptions/00000000-0000-0000-0000-000000000000/resourceGroups/clitest.rg000001/providers/Microsoft.Web/sites/slot-test-web000003/config/slotConfigNames?api-version=2016-08-01
  response:
    body: {string: '{"id":null,"name":"slot-test-web000003","type":"Microsoft.Web/sites","location":"West
        US","properties":{"connectionStringNames":[],"appSettingNames":["s2"]}}'}
    headers:
      cache-control: [no-cache]
      content-length: ['162']
      content-type: [application/json]
      date: ['Sun, 18 Feb 2018 02:52:34 GMT']
      expires: ['-1']
      pragma: [no-cache]
      server: [Microsoft-IIS/10.0]
      strict-transport-security: [max-age=31536000; includeSubDomains]
      transfer-encoding: [chunked]
      vary: [Accept-Encoding]
      x-aspnet-version: [4.0.30319]
      x-ms-ratelimit-remaining-subscription-writes: ['1198']
      x-powered-by: [ASP.NET]
    status: {code: 200, message: OK}
- request:
    body: null
    headers:
      Accept: [application/json]
      Accept-Encoding: ['gzip, deflate']
      CommandName: [webapp deployment slot create]
      Connection: [keep-alive]
      Content-Type: [application/json; charset=utf-8]
      User-Agent: [python/3.5.2 (Windows-10-10.0.16299-SP0) requests/2.18.4 msrest/0.4.18
          msrest_azure/0.4.21 azure-mgmt-web/0.1.0 Azure-SDK-For-Python AZURECLI/2.0.28]
      accept-language: [en-US]
    method: GET
    uri: https://management.azure.com/subscriptions/00000000-0000-0000-0000-000000000000/resourceGroups/clitest.rg000001/providers/Microsoft.Web/sites/slot-test-web000003?api-version=2016-08-01
  response:
    body: {string: '{"id":"/subscriptions/00000000-0000-0000-0000-000000000000/resourceGroups/clitest.rg000001/providers/Microsoft.Web/sites/slot-test-web000003","name":"slot-test-web000003","type":"Microsoft.Web/sites","kind":"app","location":"West
        US","properties":{"name":"slot-test-web000003","state":"Running","hostNames":["slot-test-web000003.azurewebsites.net"],"webSpace":"clitest.rg000001-WestUSwebspace","selfLink":"https://waws-prod-bay-017.api.azurewebsites.windows.net:454/subscriptions/00000000-0000-0000-0000-000000000000/webspaces/clitest.rg000001-WestUSwebspace/sites/slot-test-web000003","repositorySiteName":"slot-test-web000003","owner":null,"usageState":"Normal","enabled":true,"adminEnabled":true,"enabledHostNames":["slot-test-web000003.azurewebsites.net","slot-test-web000003.scm.azurewebsites.net"],"siteProperties":{"metadata":null,"properties":[{"name":"LinuxFxVersion","value":""}],"appSettings":null},"availabilityState":"Normal","sslCertificates":null,"csrs":[],"cers":null,"siteMode":null,"hostNameSslStates":[{"name":"slot-test-web000003.azurewebsites.net","sslState":"Disabled","ipBasedSslResult":null,"virtualIP":null,"thumbprint":null,"toUpdate":null,"toUpdateIpBasedSsl":null,"ipBasedSslState":"NotConfigured","hostType":"Standard"},{"name":"slot-test-web000003.scm.azurewebsites.net","sslState":"Disabled","ipBasedSslResult":null,"virtualIP":null,"thumbprint":null,"toUpdate":null,"toUpdateIpBasedSsl":null,"ipBasedSslState":"NotConfigured","hostType":"Repository"}],"computeMode":null,"serverFarm":null,"serverFarmId":"/subscriptions/00000000-0000-0000-0000-000000000000/resourceGroups/clitest.rg000001/providers/Microsoft.Web/serverfarms/slot-test-plan000002","reserved":false,"lastModifiedTimeUtc":"2018-02-18T02:52:32.09","storageRecoveryDefaultState":"Running","contentAvailabilityState":"Normal","runtimeAvailabilityState":"Normal","siteConfig":null,"deploymentId":"slot-test-web000003","trafficManagerHostNames":null,"sku":"Standard","scmSiteAlsoStopped":false,"targetSwapSlot":null,"hostingEnvironment":null,"hostingEnvironmentProfile":null,"clientAffinityEnabled":true,"clientCertEnabled":false,"hostNamesDisabled":false,"domainVerificationIdentifiers":null,"kind":"app","outboundIpAddresses":"23.101.206.54,23.101.194.183,23.101.206.60,23.101.205.197","possibleOutboundIpAddresses":"23.101.206.54,23.101.194.183,23.101.206.60,23.101.205.197","containerSize":0,"dailyMemoryTimeQuota":0,"suspendedTill":null,"siteDisabledReason":0,"functionExecutionUnitsCache":null,"maxNumberOfWorkers":null,"homeStamp":"waws-prod-bay-017","cloningInfo":null,"snapshotInfo":null,"hostingEnvironmentId":null,"tags":null,"resourceGroup":"clitest.rg000001","defaultHostName":"slot-test-web000003.azurewebsites.net","slotSwapStatus":null,"httpsOnly":false}}'}
    headers:
      cache-control: [no-cache]
      content-length: ['3121']
      content-type: [application/json]
      date: ['Sun, 18 Feb 2018 02:52:35 GMT']
      etag: ['"1D3A863859F13A0"']
      expires: ['-1']
      pragma: [no-cache]
      server: [Microsoft-IIS/10.0]
      strict-transport-security: [max-age=31536000; includeSubDomains]
      transfer-encoding: [chunked]
      vary: [Accept-Encoding]
      x-aspnet-version: [4.0.30319]
      x-powered-by: [ASP.NET]
    status: {code: 200, message: OK}
- request:
    body: 'b''b\''{"properties": {"scmSiteAlsoStopped": false, "reserved": false,
      "siteConfig": {"localMySqlEnabled": false, "http20Enabled": true, "netFrameworkVersion":
      "v4.6"}, "serverFarmId": "/subscriptions/00000000-0000-0000-0000-000000000000/resourceGroups/clitest.rg000001/providers/Microsoft.Web/serverfarms/slot-test-plan000002"},
      "location": "West US"}\'''''
    headers:
      Accept: [application/json]
      Accept-Encoding: ['gzip, deflate']
      CommandName: [webapp deployment slot create]
      Connection: [keep-alive]
      Content-Length: ['408']
      Content-Type: [application/json; charset=utf-8]
      User-Agent: [python/3.5.2 (Windows-10-10.0.16299-SP0) requests/2.18.4 msrest/0.4.18
          msrest_azure/0.4.21 azure-mgmt-web/0.1.0 Azure-SDK-For-Python AZURECLI/2.0.28]
      accept-language: [en-US]
    method: PUT
    uri: https://management.azure.com/subscriptions/00000000-0000-0000-0000-000000000000/resourceGroups/clitest.rg000001/providers/Microsoft.Web/sites/slot-test-web000003/slots/staging?api-version=2016-08-01
  response:
    body: {string: '{"id":"/subscriptions/00000000-0000-0000-0000-000000000000/resourceGroups/clitest.rg000001/providers/Microsoft.Web/sites/slot-test-web000003/slots/staging","name":"slot-test-web000003/staging","type":"Microsoft.Web/sites/slots","kind":"app","location":"West
        US","properties":{"name":"slot-test-web000003(staging)","state":"Running","hostNames":["slot-test-web000003-staging.azurewebsites.net"],"webSpace":"clitest.rg000001-WestUSwebspace","selfLink":"https://waws-prod-bay-017.api.azurewebsites.windows.net:454/subscriptions/00000000-0000-0000-0000-000000000000/webspaces/clitest.rg000001-WestUSwebspace/sites/slot-test-web000003","repositorySiteName":"slot-test-web000003","owner":null,"usageState":"Normal","enabled":true,"adminEnabled":true,"enabledHostNames":["slot-test-web000003-staging.azurewebsites.net","slot-test-web000003-staging.scm.azurewebsites.net"],"siteProperties":{"metadata":null,"properties":[{"name":"LinuxFxVersion","value":""}],"appSettings":null},"availabilityState":"Normal","sslCertificates":null,"csrs":[],"cers":null,"siteMode":null,"hostNameSslStates":[{"name":"slot-test-web000003-staging.azurewebsites.net","sslState":"Disabled","ipBasedSslResult":null,"virtualIP":null,"thumbprint":null,"toUpdate":null,"toUpdateIpBasedSsl":null,"ipBasedSslState":"NotConfigured","hostType":"Standard"},{"name":"slot-test-web000003-staging.scm.azurewebsites.net","sslState":"Disabled","ipBasedSslResult":null,"virtualIP":null,"thumbprint":null,"toUpdate":null,"toUpdateIpBasedSsl":null,"ipBasedSslState":"NotConfigured","hostType":"Repository"}],"computeMode":null,"serverFarm":null,"serverFarmId":"/subscriptions/00000000-0000-0000-0000-000000000000/resourceGroups/clitest.rg000001/providers/Microsoft.Web/serverfarms/slot-test-plan000002","reserved":false,"lastModifiedTimeUtc":"2018-02-18T02:52:36.9","storageRecoveryDefaultState":"Running","contentAvailabilityState":"Normal","runtimeAvailabilityState":"Normal","siteConfig":null,"deploymentId":"slot-test-web000003__d42a","trafficManagerHostNames":null,"sku":"Standard","scmSiteAlsoStopped":false,"targetSwapSlot":null,"hostingEnvironment":null,"hostingEnvironmentProfile":null,"clientAffinityEnabled":true,"clientCertEnabled":false,"hostNamesDisabled":false,"domainVerificationIdentifiers":null,"kind":"app","outboundIpAddresses":"23.101.206.54,23.101.194.183,23.101.206.60,23.101.205.197","possibleOutboundIpAddresses":"23.101.206.54,23.101.194.183,23.101.206.60,23.101.205.197","containerSize":0,"dailyMemoryTimeQuota":0,"suspendedTill":null,"siteDisabledReason":0,"functionExecutionUnitsCache":null,"maxNumberOfWorkers":null,"homeStamp":"waws-prod-bay-017","cloningInfo":null,"snapshotInfo":null,"hostingEnvironmentId":null,"tags":null,"resourceGroup":"clitest.rg000001","defaultHostName":"slot-test-web000003-staging.azurewebsites.net","slotSwapStatus":null,"httpsOnly":false}}'}
    headers:
      cache-control: [no-cache]
      content-length: ['3211']
      content-type: [application/json]
      date: ['Sun, 18 Feb 2018 02:52:43 GMT']
      etag: ['"1D3A863859F13A0"']
      expires: ['-1']
      pragma: [no-cache]
      server: [Microsoft-IIS/10.0]
      strict-transport-security: [max-age=31536000; includeSubDomains]
      transfer-encoding: [chunked]
      vary: [Accept-Encoding]
      x-aspnet-version: [4.0.30319]
      x-ms-ratelimit-remaining-subscription-writes: ['1199']
      x-powered-by: [ASP.NET]
    status: {code: 200, message: OK}
- request:
    body: null
    headers:
      Accept: [application/json]
      Accept-Encoding: ['gzip, deflate']
      CommandName: [webapp deployment source config]
      Connection: [keep-alive]
      Content-Type: [application/json; charset=utf-8]
      User-Agent: [python/3.5.2 (Windows-10-10.0.16299-SP0) requests/2.18.4 msrest/0.4.18
          msrest_azure/0.4.21 azure-mgmt-web/0.1.0 Azure-SDK-For-Python AZURECLI/2.0.28]
      accept-language: [en-US]
    method: GET
    uri: https://management.azure.com/subscriptions/00000000-0000-0000-0000-000000000000/resourceGroups/clitest.rg000001/providers/Microsoft.Web/sites/slot-test-web000003?api-version=2016-08-01
  response:
    body: {string: '{"id":"/subscriptions/00000000-0000-0000-0000-000000000000/resourceGroups/clitest.rg000001/providers/Microsoft.Web/sites/slot-test-web000003","name":"slot-test-web000003","type":"Microsoft.Web/sites","kind":"app","location":"West
        US","properties":{"name":"slot-test-web000003","state":"Running","hostNames":["slot-test-web000003.azurewebsites.net"],"webSpace":"clitest.rg000001-WestUSwebspace","selfLink":"https://waws-prod-bay-017.api.azurewebsites.windows.net:454/subscriptions/00000000-0000-0000-0000-000000000000/webspaces/clitest.rg000001-WestUSwebspace/sites/slot-test-web000003","repositorySiteName":"slot-test-web000003","owner":null,"usageState":"Normal","enabled":true,"adminEnabled":true,"enabledHostNames":["slot-test-web000003.azurewebsites.net","slot-test-web000003.scm.azurewebsites.net"],"siteProperties":{"metadata":null,"properties":[{"name":"LinuxFxVersion","value":""}],"appSettings":null},"availabilityState":"Normal","sslCertificates":null,"csrs":[],"cers":null,"siteMode":null,"hostNameSslStates":[{"name":"slot-test-web000003.azurewebsites.net","sslState":"Disabled","ipBasedSslResult":null,"virtualIP":null,"thumbprint":null,"toUpdate":null,"toUpdateIpBasedSsl":null,"ipBasedSslState":"NotConfigured","hostType":"Standard"},{"name":"slot-test-web000003.scm.azurewebsites.net","sslState":"Disabled","ipBasedSslResult":null,"virtualIP":null,"thumbprint":null,"toUpdate":null,"toUpdateIpBasedSsl":null,"ipBasedSslState":"NotConfigured","hostType":"Repository"}],"computeMode":null,"serverFarm":null,"serverFarmId":"/subscriptions/00000000-0000-0000-0000-000000000000/resourceGroups/clitest.rg000001/providers/Microsoft.Web/serverfarms/slot-test-plan000002","reserved":false,"lastModifiedTimeUtc":"2018-02-18T02:52:32.09","storageRecoveryDefaultState":"Running","contentAvailabilityState":"Normal","runtimeAvailabilityState":"Normal","siteConfig":null,"deploymentId":"slot-test-web000003","trafficManagerHostNames":null,"sku":"Standard","scmSiteAlsoStopped":false,"targetSwapSlot":null,"hostingEnvironment":null,"hostingEnvironmentProfile":null,"clientAffinityEnabled":true,"clientCertEnabled":false,"hostNamesDisabled":false,"domainVerificationIdentifiers":null,"kind":"app","outboundIpAddresses":"23.101.206.54,23.101.194.183,23.101.206.60,23.101.205.197","possibleOutboundIpAddresses":"23.101.206.54,23.101.194.183,23.101.206.60,23.101.205.197","containerSize":0,"dailyMemoryTimeQuota":0,"suspendedTill":null,"siteDisabledReason":0,"functionExecutionUnitsCache":null,"maxNumberOfWorkers":null,"homeStamp":"waws-prod-bay-017","cloningInfo":null,"snapshotInfo":null,"hostingEnvironmentId":null,"tags":null,"resourceGroup":"clitest.rg000001","defaultHostName":"slot-test-web000003.azurewebsites.net","slotSwapStatus":null,"httpsOnly":false}}'}
    headers:
      cache-control: [no-cache]
      content-length: ['3121']
      content-type: [application/json]
      date: ['Sun, 18 Feb 2018 02:52:44 GMT']
      etag: ['"1D3A863859F13A0"']
      expires: ['-1']
      pragma: [no-cache]
      server: [Microsoft-IIS/10.0]
      strict-transport-security: [max-age=31536000; includeSubDomains]
      transfer-encoding: [chunked]
      vary: [Accept-Encoding]
      x-aspnet-version: [4.0.30319]
      x-powered-by: [ASP.NET]
    status: {code: 200, message: OK}
- request:
    body: '{"properties": {"isMercurial": false, "repoUrl": "https://github.com/yugangw-msft/azure-site-test",
      "isManualIntegration": true, "branch": "staging"}, "kind": "West US"}'
    headers:
      Accept: [application/json]
      Accept-Encoding: ['gzip, deflate']
      CommandName: [webapp deployment source config]
      Connection: [keep-alive]
      Content-Length: ['169']
      Content-Type: [application/json; charset=utf-8]
      User-Agent: [python/3.5.2 (Windows-10-10.0.16299-SP0) requests/2.18.4 msrest/0.4.18
          msrest_azure/0.4.21 azure-mgmt-web/0.1.0 Azure-SDK-For-Python AZURECLI/2.0.28]
      accept-language: [en-US]
    method: PUT
    uri: https://management.azure.com/subscriptions/00000000-0000-0000-0000-000000000000/resourceGroups/clitest.rg000001/providers/Microsoft.Web/sites/slot-test-web000003/slots/staging/sourcecontrols/web?api-version=2016-08-01
  response:
    body: {string: '{"Code":"BadRequest","Message":"Repository ''UpdateSiteSourceControl''
        operation failed with System.Net.WebException: The service is unavailable.
        ---> System.Net.WebException: The remote server returned an error: (503) Server
        Unavailable.\r\n   at System.Net.HttpWebRequest.EndGetResponse(IAsyncResult
        asyncResult)\r\n   at System.Threading.Tasks.TaskFactory`1.FromAsyncCoreLogic(IAsyncResult
        iar, Func`2 endFunction, Action`1 endAction, Task`1 promise, Boolean requiresSynchronization)\r\n---
        End of stack trace from previous location where exception was thrown ---\r\n   at
        System.Runtime.ExceptionServices.ExceptionDispatchInfo.Throw()\r\n   at System.Runtime.CompilerServices.TaskAwaiter.HandleNonSuccessAndDebuggerNotification(Task
        task)\r\n   at Microsoft.Web.Hosting.Administration.SiteRepositoryProvider.TrackerContext.<GetResponseAsync>d__7b.MoveNext()\r\n   ---
        End of inner exception stack trace ---\r\n   at Microsoft.Web.Hosting.Administration.SiteRepositoryProvider.TrackerContext.<GetResponseAsync>d__7b.MoveNext()\r\n---
        End of stack trace from previous location where exception was thrown ---\r\n   at
        System.Runtime.ExceptionServices.ExceptionDispatchInfo.Throw()\r\n   at System.Runtime.CompilerServices.TaskAwaiter.HandleNonSuccessAndDebuggerNotification(Task
        task)\r\n   at Microsoft.Web.Hosting.Administration.SiteRepositoryProvider.<SetSettingsAsync>d__45.MoveNext()\r\n---
        End of stack trace from previous location where exception was thrown ---\r\n   at
        System.Runtime.ExceptionServices.ExceptionDispatchInfo.Throw()\r\n   at System.Runtime.CompilerServices.TaskAwaiter.HandleNonSuccessAndDebuggerNotification(Task
        task)\r\n   at Microsoft.Web.Hosting.Administration.ExternalSiteRepositoryProvider.<UpdateSiteSourceControl>d__6.MoveNext()\r\n---
        End of stack trace from previous location where exception was thrown ---\r\n   at
        System.Runtime.ExceptionServices.ExceptionDispatchInfo.Throw()\r\n   at System.Runtime.CompilerServices.TaskAwaiter.HandleNonSuccessAndDebuggerNotification(Task
        task)\r\n   at Microsoft.Web.Hosting.Administration.WebCloudController.<>c__DisplayClass3a6.<<UpdateSiteSourceControl>b__3a1>d__3ab.MoveNext()\r\n---
        End of stack trace from previous location where exception was thrown ---\r\n   at
        System.Runtime.ExceptionServices.ExceptionDispatchInfo.Throw()\r\n   at System.Runtime.CompilerServices.TaskAwaiter.HandleNonSuccessAndDebuggerNotification(Task
        task)\r\n   at Microsoft.Web.Hosting.AsyncHelper.RunSync[TResult](Func`1 func)\r\n   at
        Microsoft.Web.Hosting.Administration.WebCloudController.UpdateSiteSourceControl(String
        subscriptionName, String webspaceName, String name, SiteSourceControl siteSourceControl).","Target":null,"Details":[{"Message":"Repository
        ''UpdateSiteSourceControl'' operation failed with System.Net.WebException:
        The service is unavailable. ---> System.Net.WebException: The remote server
        returned an error: (503) Server Unavailable.\r\n   at System.Net.HttpWebRequest.EndGetResponse(IAsyncResult
        asyncResult)\r\n   at System.Threading.Tasks.TaskFactory`1.FromAsyncCoreLogic(IAsyncResult
        iar, Func`2 endFunction, Action`1 endAction, Task`1 promise, Boolean requiresSynchronization)\r\n---
        End of stack trace from previous location where exception was thrown ---\r\n   at
        System.Runtime.ExceptionServices.ExceptionDispatchInfo.Throw()\r\n   at System.Runtime.CompilerServices.TaskAwaiter.HandleNonSuccessAndDebuggerNotification(Task
        task)\r\n   at Microsoft.Web.Hosting.Administration.SiteRepositoryProvider.TrackerContext.<GetResponseAsync>d__7b.MoveNext()\r\n   ---
        End of inner exception stack trace ---\r\n   at Microsoft.Web.Hosting.Administration.SiteRepositoryProvider.TrackerContext.<GetResponseAsync>d__7b.MoveNext()\r\n---
        End of stack trace from previous location where exception was thrown ---\r\n   at
        System.Runtime.ExceptionServices.ExceptionDispatchInfo.Throw()\r\n   at System.Runtime.CompilerServices.TaskAwaiter.HandleNonSuccessAndDebuggerNotification(Task
        task)\r\n   at Microsoft.Web.Hosting.Administration.SiteRepositoryProvider.<SetSettingsAsync>d__45.MoveNext()\r\n---
        End of stack trace from previous location where exception was thrown ---\r\n   at
        System.Runtime.ExceptionServices.ExceptionDispatchInfo.Throw()\r\n   at System.Runtime.CompilerServices.TaskAwaiter.HandleNonSuccessAndDebuggerNotification(Task
        task)\r\n   at Microsoft.Web.Hosting.Administration.ExternalSiteRepositoryProvider.<UpdateSiteSourceControl>d__6.MoveNext()\r\n---
        End of stack trace from previous location where exception was thrown ---\r\n   at
        System.Runtime.ExceptionServices.ExceptionDispatchInfo.Throw()\r\n   at System.Runtime.CompilerServices.TaskAwaiter.HandleNonSuccessAndDebuggerNotification(Task
        task)\r\n   at Microsoft.Web.Hosting.Administration.WebCloudController.<>c__DisplayClass3a6.<<UpdateSiteSourceControl>b__3a1>d__3ab.MoveNext()\r\n---
        End of stack trace from previous location where exception was thrown ---\r\n   at
        System.Runtime.ExceptionServices.ExceptionDispatchInfo.Throw()\r\n   at System.Runtime.CompilerServices.TaskAwaiter.HandleNonSuccessAndDebuggerNotification(Task
        task)\r\n   at Microsoft.Web.Hosting.AsyncHelper.RunSync[TResult](Func`1 func)\r\n   at
        Microsoft.Web.Hosting.Administration.WebCloudController.UpdateSiteSourceControl(String
        subscriptionName, String webspaceName, String name, SiteSourceControl siteSourceControl)."},{"Code":"BadRequest"},{"ErrorEntity":{"ExtendedCode":"05007","MessageTemplate":"Repository
        ''{0}'' operation failed with {1}.","Parameters":["UpdateSiteSourceControl","System.Net.WebException:
        The service is unavailable. ---> System.Net.WebException: The remote server
        returned an error: (503) Server Unavailable.\r\n   at System.Net.HttpWebRequest.EndGetResponse(IAsyncResult
        asyncResult)\r\n   at System.Threading.Tasks.TaskFactory`1.FromAsyncCoreLogic(IAsyncResult
        iar, Func`2 endFunction, Action`1 endAction, Task`1 promise, Boolean requiresSynchronization)\r\n---
        End of stack trace from previous location where exception was thrown ---\r\n   at
        System.Runtime.ExceptionServices.ExceptionDispatchInfo.Throw()\r\n   at System.Runtime.CompilerServices.TaskAwaiter.HandleNonSuccessAndDebuggerNotification(Task
        task)\r\n   at Microsoft.Web.Hosting.Administration.SiteRepositoryProvider.TrackerContext.<GetResponseAsync>d__7b.MoveNext()\r\n   ---
        End of inner exception stack trace ---\r\n   at Microsoft.Web.Hosting.Administration.SiteRepositoryProvider.TrackerContext.<GetResponseAsync>d__7b.MoveNext()\r\n---
        End of stack trace from previous location where exception was thrown ---\r\n   at
        System.Runtime.ExceptionServices.ExceptionDispatchInfo.Throw()\r\n   at System.Runtime.CompilerServices.TaskAwaiter.HandleNonSuccessAndDebuggerNotification(Task
        task)\r\n   at Microsoft.Web.Hosting.Administration.SiteRepositoryProvider.<SetSettingsAsync>d__45.MoveNext()\r\n---
        End of stack trace from previous location where exception was thrown ---\r\n   at
        System.Runtime.ExceptionServices.ExceptionDispatchInfo.Throw()\r\n   at System.Runtime.CompilerServices.TaskAwaiter.HandleNonSuccessAndDebuggerNotification(Task
        task)\r\n   at Microsoft.Web.Hosting.Administration.ExternalSiteRepositoryProvider.<UpdateSiteSourceControl>d__6.MoveNext()\r\n---
        End of stack trace from previous location where exception was thrown ---\r\n   at
        System.Runtime.ExceptionServices.ExceptionDispatchInfo.Throw()\r\n   at System.Runtime.CompilerServices.TaskAwaiter.HandleNonSuccessAndDebuggerNotification(Task
        task)\r\n   at Microsoft.Web.Hosting.Administration.WebCloudController.<>c__DisplayClass3a6.<<UpdateSiteSourceControl>b__3a1>d__3ab.MoveNext()\r\n---
        End of stack trace from previous location where exception was thrown ---\r\n   at
        System.Runtime.ExceptionServices.ExceptionDispatchInfo.Throw()\r\n   at System.Runtime.CompilerServices.TaskAwaiter.HandleNonSuccessAndDebuggerNotification(Task
        task)\r\n   at Microsoft.Web.Hosting.AsyncHelper.RunSync[TResult](Func`1 func)\r\n   at
        Microsoft.Web.Hosting.Administration.WebCloudController.UpdateSiteSourceControl(String
        subscriptionName, String webspaceName, String name, SiteSourceControl siteSourceControl)"],"Code":"BadRequest","Message":"Repository
        ''UpdateSiteSourceControl'' operation failed with System.Net.WebException:
        The service is unavailable. ---> System.Net.WebException: The remote server
        returned an error: (503) Server Unavailable.\r\n   at System.Net.HttpWebRequest.EndGetResponse(IAsyncResult
        asyncResult)\r\n   at System.Threading.Tasks.TaskFactory`1.FromAsyncCoreLogic(IAsyncResult
        iar, Func`2 endFunction, Action`1 endAction, Task`1 promise, Boolean requiresSynchronization)\r\n---
        End of stack trace from previous location where exception was thrown ---\r\n   at
        System.Runtime.ExceptionServices.ExceptionDispatchInfo.Throw()\r\n   at System.Runtime.CompilerServices.TaskAwaiter.HandleNonSuccessAndDebuggerNotification(Task
        task)\r\n   at Microsoft.Web.Hosting.Administration.SiteRepositoryProvider.TrackerContext.<GetResponseAsync>d__7b.MoveNext()\r\n   ---
        End of inner exception stack trace ---\r\n   at Microsoft.Web.Hosting.Administration.SiteRepositoryProvider.TrackerContext.<GetResponseAsync>d__7b.MoveNext()\r\n---
        End of stack trace from previous location where exception was thrown ---\r\n   at
        System.Runtime.ExceptionServices.ExceptionDispatchInfo.Throw()\r\n   at System.Runtime.CompilerServices.TaskAwaiter.HandleNonSuccessAndDebuggerNotification(Task
        task)\r\n   at Microsoft.Web.Hosting.Administration.SiteRepositoryProvider.<SetSettingsAsync>d__45.MoveNext()\r\n---
        End of stack trace from previous location where exception was thrown ---\r\n   at
        System.Runtime.ExceptionServices.ExceptionDispatchInfo.Throw()\r\n   at System.Runtime.CompilerServices.TaskAwaiter.HandleNonSuccessAndDebuggerNotification(Task
        task)\r\n   at Microsoft.Web.Hosting.Administration.ExternalSiteRepositoryProvider.<UpdateSiteSourceControl>d__6.MoveNext()\r\n---
        End of stack trace from previous location where exception was thrown ---\r\n   at
        System.Runtime.ExceptionServices.ExceptionDispatchInfo.Throw()\r\n   at System.Runtime.CompilerServices.TaskAwaiter.HandleNonSuccessAndDebuggerNotification(Task
        task)\r\n   at Microsoft.Web.Hosting.Administration.WebCloudController.<>c__DisplayClass3a6.<<UpdateSiteSourceControl>b__3a1>d__3ab.MoveNext()\r\n---
        End of stack trace from previous location where exception was thrown ---\r\n   at
        System.Runtime.ExceptionServices.ExceptionDispatchInfo.Throw()\r\n   at System.Runtime.CompilerServices.TaskAwaiter.HandleNonSuccessAndDebuggerNotification(Task
        task)\r\n   at Microsoft.Web.Hosting.AsyncHelper.RunSync[TResult](Func`1 func)\r\n   at
        Microsoft.Web.Hosting.Administration.WebCloudController.UpdateSiteSourceControl(String
        subscriptionName, String webspaceName, String name, SiteSourceControl siteSourceControl)."}}],"Innererror":null}'}
    headers:
      cache-control: [no-cache]
      content-length: ['10785']
      content-type: [application/json; charset=utf-8]
      date: ['Sun, 18 Feb 2018 02:52:51 GMT']
      etag: ['"1D3A86388AACD00"']
      expires: ['-1']
      pragma: [no-cache]
      server: [Microsoft-IIS/10.0]
      strict-transport-security: [max-age=31536000; includeSubDomains]
      x-aspnet-version: [4.0.30319]
      x-ms-ratelimit-remaining-subscription-writes: ['1198']
      x-powered-by: [ASP.NET]
    status: {code: 400, message: Bad Request}
- request:
    body: '{"properties": {"isMercurial": false, "repoUrl": "https://github.com/yugangw-msft/azure-site-test",
      "isManualIntegration": true, "branch": "staging"}, "kind": "West US"}'
    headers:
      Accept: [application/json]
      Accept-Encoding: ['gzip, deflate']
      CommandName: [webapp deployment source config]
      Connection: [keep-alive]
      Content-Length: ['169']
      Content-Type: [application/json; charset=utf-8]
      User-Agent: [python/3.5.2 (Windows-10-10.0.16299-SP0) requests/2.18.4 msrest/0.4.18
          msrest_azure/0.4.21 azure-mgmt-web/0.1.0 Azure-SDK-For-Python AZURECLI/2.0.28]
      accept-language: [en-US]
    method: PUT
    uri: https://management.azure.com/subscriptions/00000000-0000-0000-0000-000000000000/resourceGroups/clitest.rg000001/providers/Microsoft.Web/sites/slot-test-web000003/slots/staging/sourcecontrols/web?api-version=2016-08-01
  response:
    body: {string: '{"Code":"BadRequest","Message":"Repository ''UpdateSiteSourceControl''
        operation failed with System.Net.WebException: The service is unavailable.
        ---> System.Net.WebException: The remote server returned an error: (503) Server
        Unavailable.\r\n   at System.Net.HttpWebRequest.EndGetResponse(IAsyncResult
        asyncResult)\r\n   at System.Threading.Tasks.TaskFactory`1.FromAsyncCoreLogic(IAsyncResult
        iar, Func`2 endFunction, Action`1 endAction, Task`1 promise, Boolean requiresSynchronization)\r\n---
        End of stack trace from previous location where exception was thrown ---\r\n   at
        System.Runtime.ExceptionServices.ExceptionDispatchInfo.Throw()\r\n   at System.Runtime.CompilerServices.TaskAwaiter.HandleNonSuccessAndDebuggerNotification(Task
        task)\r\n   at Microsoft.Web.Hosting.Administration.SiteRepositoryProvider.TrackerContext.<GetResponseAsync>d__7b.MoveNext()\r\n   ---
        End of inner exception stack trace ---\r\n   at Microsoft.Web.Hosting.Administration.SiteRepositoryProvider.TrackerContext.<GetResponseAsync>d__7b.MoveNext()\r\n---
        End of stack trace from previous location where exception was thrown ---\r\n   at
        System.Runtime.ExceptionServices.ExceptionDispatchInfo.Throw()\r\n   at System.Runtime.CompilerServices.TaskAwaiter.HandleNonSuccessAndDebuggerNotification(Task
        task)\r\n   at Microsoft.Web.Hosting.Administration.SiteRepositoryProvider.<SetSettingsAsync>d__45.MoveNext()\r\n---
        End of stack trace from previous location where exception was thrown ---\r\n   at
        System.Runtime.ExceptionServices.ExceptionDispatchInfo.Throw()\r\n   at System.Runtime.CompilerServices.TaskAwaiter.HandleNonSuccessAndDebuggerNotification(Task
        task)\r\n   at Microsoft.Web.Hosting.Administration.ExternalSiteRepositoryProvider.<UpdateSiteSourceControl>d__6.MoveNext()\r\n---
        End of stack trace from previous location where exception was thrown ---\r\n   at
        System.Runtime.ExceptionServices.ExceptionDispatchInfo.Throw()\r\n   at System.Runtime.CompilerServices.TaskAwaiter.HandleNonSuccessAndDebuggerNotification(Task
        task)\r\n   at Microsoft.Web.Hosting.Administration.WebCloudController.<>c__DisplayClass3a6.<<UpdateSiteSourceControl>b__3a1>d__3ab.MoveNext()\r\n---
        End of stack trace from previous location where exception was thrown ---\r\n   at
        System.Runtime.ExceptionServices.ExceptionDispatchInfo.Throw()\r\n   at System.Runtime.CompilerServices.TaskAwaiter.HandleNonSuccessAndDebuggerNotification(Task
        task)\r\n   at Microsoft.Web.Hosting.AsyncHelper.RunSync[TResult](Func`1 func)\r\n   at
        Microsoft.Web.Hosting.Administration.WebCloudController.UpdateSiteSourceControl(String
        subscriptionName, String webspaceName, String name, SiteSourceControl siteSourceControl).","Target":null,"Details":[{"Message":"Repository
        ''UpdateSiteSourceControl'' operation failed with System.Net.WebException:
        The service is unavailable. ---> System.Net.WebException: The remote server
        returned an error: (503) Server Unavailable.\r\n   at System.Net.HttpWebRequest.EndGetResponse(IAsyncResult
        asyncResult)\r\n   at System.Threading.Tasks.TaskFactory`1.FromAsyncCoreLogic(IAsyncResult
        iar, Func`2 endFunction, Action`1 endAction, Task`1 promise, Boolean requiresSynchronization)\r\n---
        End of stack trace from previous location where exception was thrown ---\r\n   at
        System.Runtime.ExceptionServices.ExceptionDispatchInfo.Throw()\r\n   at System.Runtime.CompilerServices.TaskAwaiter.HandleNonSuccessAndDebuggerNotification(Task
        task)\r\n   at Microsoft.Web.Hosting.Administration.SiteRepositoryProvider.TrackerContext.<GetResponseAsync>d__7b.MoveNext()\r\n   ---
        End of inner exception stack trace ---\r\n   at Microsoft.Web.Hosting.Administration.SiteRepositoryProvider.TrackerContext.<GetResponseAsync>d__7b.MoveNext()\r\n---
        End of stack trace from previous location where exception was thrown ---\r\n   at
        System.Runtime.ExceptionServices.ExceptionDispatchInfo.Throw()\r\n   at System.Runtime.CompilerServices.TaskAwaiter.HandleNonSuccessAndDebuggerNotification(Task
        task)\r\n   at Microsoft.Web.Hosting.Administration.SiteRepositoryProvider.<SetSettingsAsync>d__45.MoveNext()\r\n---
        End of stack trace from previous location where exception was thrown ---\r\n   at
        System.Runtime.ExceptionServices.ExceptionDispatchInfo.Throw()\r\n   at System.Runtime.CompilerServices.TaskAwaiter.HandleNonSuccessAndDebuggerNotification(Task
        task)\r\n   at Microsoft.Web.Hosting.Administration.ExternalSiteRepositoryProvider.<UpdateSiteSourceControl>d__6.MoveNext()\r\n---
        End of stack trace from previous location where exception was thrown ---\r\n   at
        System.Runtime.ExceptionServices.ExceptionDispatchInfo.Throw()\r\n   at System.Runtime.CompilerServices.TaskAwaiter.HandleNonSuccessAndDebuggerNotification(Task
        task)\r\n   at Microsoft.Web.Hosting.Administration.WebCloudController.<>c__DisplayClass3a6.<<UpdateSiteSourceControl>b__3a1>d__3ab.MoveNext()\r\n---
        End of stack trace from previous location where exception was thrown ---\r\n   at
        System.Runtime.ExceptionServices.ExceptionDispatchInfo.Throw()\r\n   at System.Runtime.CompilerServices.TaskAwaiter.HandleNonSuccessAndDebuggerNotification(Task
        task)\r\n   at Microsoft.Web.Hosting.AsyncHelper.RunSync[TResult](Func`1 func)\r\n   at
        Microsoft.Web.Hosting.Administration.WebCloudController.UpdateSiteSourceControl(String
        subscriptionName, String webspaceName, String name, SiteSourceControl siteSourceControl)."},{"Code":"BadRequest"},{"ErrorEntity":{"ExtendedCode":"05007","MessageTemplate":"Repository
        ''{0}'' operation failed with {1}.","Parameters":["UpdateSiteSourceControl","System.Net.WebException:
        The service is unavailable. ---> System.Net.WebException: The remote server
        returned an error: (503) Server Unavailable.\r\n   at System.Net.HttpWebRequest.EndGetResponse(IAsyncResult
        asyncResult)\r\n   at System.Threading.Tasks.TaskFactory`1.FromAsyncCoreLogic(IAsyncResult
        iar, Func`2 endFunction, Action`1 endAction, Task`1 promise, Boolean requiresSynchronization)\r\n---
        End of stack trace from previous location where exception was thrown ---\r\n   at
        System.Runtime.ExceptionServices.ExceptionDispatchInfo.Throw()\r\n   at System.Runtime.CompilerServices.TaskAwaiter.HandleNonSuccessAndDebuggerNotification(Task
        task)\r\n   at Microsoft.Web.Hosting.Administration.SiteRepositoryProvider.TrackerContext.<GetResponseAsync>d__7b.MoveNext()\r\n   ---
        End of inner exception stack trace ---\r\n   at Microsoft.Web.Hosting.Administration.SiteRepositoryProvider.TrackerContext.<GetResponseAsync>d__7b.MoveNext()\r\n---
        End of stack trace from previous location where exception was thrown ---\r\n   at
        System.Runtime.ExceptionServices.ExceptionDispatchInfo.Throw()\r\n   at System.Runtime.CompilerServices.TaskAwaiter.HandleNonSuccessAndDebuggerNotification(Task
        task)\r\n   at Microsoft.Web.Hosting.Administration.SiteRepositoryProvider.<SetSettingsAsync>d__45.MoveNext()\r\n---
        End of stack trace from previous location where exception was thrown ---\r\n   at
        System.Runtime.ExceptionServices.ExceptionDispatchInfo.Throw()\r\n   at System.Runtime.CompilerServices.TaskAwaiter.HandleNonSuccessAndDebuggerNotification(Task
        task)\r\n   at Microsoft.Web.Hosting.Administration.ExternalSiteRepositoryProvider.<UpdateSiteSourceControl>d__6.MoveNext()\r\n---
        End of stack trace from previous location where exception was thrown ---\r\n   at
        System.Runtime.ExceptionServices.ExceptionDispatchInfo.Throw()\r\n   at System.Runtime.CompilerServices.TaskAwaiter.HandleNonSuccessAndDebuggerNotification(Task
        task)\r\n   at Microsoft.Web.Hosting.Administration.WebCloudController.<>c__DisplayClass3a6.<<UpdateSiteSourceControl>b__3a1>d__3ab.MoveNext()\r\n---
        End of stack trace from previous location where exception was thrown ---\r\n   at
        System.Runtime.ExceptionServices.ExceptionDispatchInfo.Throw()\r\n   at System.Runtime.CompilerServices.TaskAwaiter.HandleNonSuccessAndDebuggerNotification(Task
        task)\r\n   at Microsoft.Web.Hosting.AsyncHelper.RunSync[TResult](Func`1 func)\r\n   at
        Microsoft.Web.Hosting.Administration.WebCloudController.UpdateSiteSourceControl(String
        subscriptionName, String webspaceName, String name, SiteSourceControl siteSourceControl)"],"Code":"BadRequest","Message":"Repository
        ''UpdateSiteSourceControl'' operation failed with System.Net.WebException:
        The service is unavailable. ---> System.Net.WebException: The remote server
        returned an error: (503) Server Unavailable.\r\n   at System.Net.HttpWebRequest.EndGetResponse(IAsyncResult
        asyncResult)\r\n   at System.Threading.Tasks.TaskFactory`1.FromAsyncCoreLogic(IAsyncResult
        iar, Func`2 endFunction, Action`1 endAction, Task`1 promise, Boolean requiresSynchronization)\r\n---
        End of stack trace from previous location where exception was thrown ---\r\n   at
        System.Runtime.ExceptionServices.ExceptionDispatchInfo.Throw()\r\n   at System.Runtime.CompilerServices.TaskAwaiter.HandleNonSuccessAndDebuggerNotification(Task
        task)\r\n   at Microsoft.Web.Hosting.Administration.SiteRepositoryProvider.TrackerContext.<GetResponseAsync>d__7b.MoveNext()\r\n   ---
        End of inner exception stack trace ---\r\n   at Microsoft.Web.Hosting.Administration.SiteRepositoryProvider.TrackerContext.<GetResponseAsync>d__7b.MoveNext()\r\n---
        End of stack trace from previous location where exception was thrown ---\r\n   at
        System.Runtime.ExceptionServices.ExceptionDispatchInfo.Throw()\r\n   at System.Runtime.CompilerServices.TaskAwaiter.HandleNonSuccessAndDebuggerNotification(Task
        task)\r\n   at Microsoft.Web.Hosting.Administration.SiteRepositoryProvider.<SetSettingsAsync>d__45.MoveNext()\r\n---
        End of stack trace from previous location where exception was thrown ---\r\n   at
        System.Runtime.ExceptionServices.ExceptionDispatchInfo.Throw()\r\n   at System.Runtime.CompilerServices.TaskAwaiter.HandleNonSuccessAndDebuggerNotification(Task
        task)\r\n   at Microsoft.Web.Hosting.Administration.ExternalSiteRepositoryProvider.<UpdateSiteSourceControl>d__6.MoveNext()\r\n---
        End of stack trace from previous location where exception was thrown ---\r\n   at
        System.Runtime.ExceptionServices.ExceptionDispatchInfo.Throw()\r\n   at System.Runtime.CompilerServices.TaskAwaiter.HandleNonSuccessAndDebuggerNotification(Task
        task)\r\n   at Microsoft.Web.Hosting.Administration.WebCloudController.<>c__DisplayClass3a6.<<UpdateSiteSourceControl>b__3a1>d__3ab.MoveNext()\r\n---
        End of stack trace from previous location where exception was thrown ---\r\n   at
        System.Runtime.ExceptionServices.ExceptionDispatchInfo.Throw()\r\n   at System.Runtime.CompilerServices.TaskAwaiter.HandleNonSuccessAndDebuggerNotification(Task
        task)\r\n   at Microsoft.Web.Hosting.AsyncHelper.RunSync[TResult](Func`1 func)\r\n   at
        Microsoft.Web.Hosting.Administration.WebCloudController.UpdateSiteSourceControl(String
        subscriptionName, String webspaceName, String name, SiteSourceControl siteSourceControl)."}}],"Innererror":null}'}
    headers:
      cache-control: [no-cache]
      content-length: ['10785']
      content-type: [application/json; charset=utf-8]
      date: ['Sun, 18 Feb 2018 02:52:54 GMT']
      etag: ['"1D3A86388AACD00"']
      expires: ['-1']
      pragma: [no-cache]
      server: [Microsoft-IIS/10.0]
      strict-transport-security: [max-age=31536000; includeSubDomains]
      x-aspnet-version: [4.0.30319]
      x-ms-ratelimit-remaining-subscription-writes: ['1197']
      x-powered-by: [ASP.NET]
    status: {code: 400, message: Bad Request}
- request:
    body: '{"properties": {"isMercurial": false, "repoUrl": "https://github.com/yugangw-msft/azure-site-test",
      "isManualIntegration": true, "branch": "staging"}, "kind": "West US"}'
    headers:
      Accept: [application/json]
      Accept-Encoding: ['gzip, deflate']
      CommandName: [webapp deployment source config]
      Connection: [keep-alive]
      Content-Length: ['169']
      Content-Type: [application/json; charset=utf-8]
      User-Agent: [python/3.5.2 (Windows-10-10.0.16299-SP0) requests/2.18.4 msrest/0.4.18
          msrest_azure/0.4.21 azure-mgmt-web/0.1.0 Azure-SDK-For-Python AZURECLI/2.0.28]
      accept-language: [en-US]
    method: PUT
    uri: https://management.azure.com/subscriptions/00000000-0000-0000-0000-000000000000/resourceGroups/clitest.rg000001/providers/Microsoft.Web/sites/slot-test-web000003/slots/staging/sourcecontrols/web?api-version=2016-08-01
  response:
    body: {string: '{"id":"/subscriptions/00000000-0000-0000-0000-000000000000/resourceGroups/clitest.rg000001/providers/Microsoft.Web/sites/slot-test-web000003/slots/staging/sourcecontrols/web","name":"slot-test-web000003","type":"Microsoft.Web/sites/sourcecontrols","location":"West
        US","properties":{"repoUrl":"https://github.com/yugangw-msft/azure-site-test","branch":"staging","isManualIntegration":true,"deploymentRollbackEnabled":false,"isMercurial":false,"provisioningState":"InProgress"}}'}
    headers:
      cache-control: [no-cache]
      content-length: ['546']
      content-type: [application/json]
      date: ['Sun, 18 Feb 2018 02:53:08 GMT']
      etag: ['"1D3A8639A27BAC0"']
      expires: ['-1']
      pragma: [no-cache]
      server: [Microsoft-IIS/10.0]
      strict-transport-security: [max-age=31536000; includeSubDomains]
      x-aspnet-version: [4.0.30319]
      x-ms-ratelimit-remaining-subscription-writes: ['1197']
      x-powered-by: [ASP.NET]
    status: {code: 201, message: Created}
- request:
    body: null
    headers:
      Accept: [application/json]
      Accept-Encoding: ['gzip, deflate']
      CommandName: [webapp deployment source config]
      Connection: [keep-alive]
      User-Agent: [python/3.5.2 (Windows-10-10.0.16299-SP0) requests/2.18.4 msrest/0.4.18
          msrest_azure/0.4.21 azure-mgmt-web/0.1.0 Azure-SDK-For-Python AZURECLI/2.0.28]
    method: GET
    uri: https://management.azure.com/subscriptions/00000000-0000-0000-0000-000000000000/resourceGroups/clitest.rg000001/providers/Microsoft.Web/sites/slot-test-web000003/slots/staging/sourcecontrols/web?api-version=2016-08-01
  response:
    body: {string: '{"id":"/subscriptions/00000000-0000-0000-0000-000000000000/resourceGroups/clitest.rg000001/providers/Microsoft.Web/sites/slot-test-web000003/slots/staging/sourcecontrols/web","name":"slot-test-web000003","type":"Microsoft.Web/sites/sourcecontrols","location":"West
        US","properties":{"repoUrl":"https://github.com/yugangw-msft/azure-site-test","branch":"staging","isManualIntegration":true,"deploymentRollbackEnabled":false,"isMercurial":false,"provisioningState":"InProgress","provisioningDetails":"2018-02-18T02:53:38.6053864
        https://slot-test-web000003-staging.scm.azurewebsites.net/api/deployments/latest?deployer=GitHub&time=2018-02-18_02-53-16Z"}}'}
    headers:
      cache-control: [no-cache]
      content-length: ['726']
      content-type: [application/json]
      date: ['Sun, 18 Feb 2018 02:53:38 GMT']
      etag: ['"1D3A8639A27BAC0"']
      expires: ['-1']
      pragma: [no-cache]
      server: [Microsoft-IIS/10.0]
      strict-transport-security: [max-age=31536000; includeSubDomains]
      x-aspnet-version: [4.0.30319]
      x-powered-by: [ASP.NET]
    status: {code: 201, message: Created}
- request:
    body: null
    headers:
      Accept: [application/json]
      Accept-Encoding: ['gzip, deflate']
      CommandName: [webapp deployment source config]
      Connection: [keep-alive]
      User-Agent: [python/3.5.2 (Windows-10-10.0.16299-SP0) requests/2.18.4 msrest/0.4.18
          msrest_azure/0.4.21 azure-mgmt-web/0.1.0 Azure-SDK-For-Python AZURECLI/2.0.28]
    method: GET
    uri: https://management.azure.com/subscriptions/00000000-0000-0000-0000-000000000000/resourceGroups/clitest.rg000001/providers/Microsoft.Web/sites/slot-test-web000003/slots/staging/sourcecontrols/web?api-version=2016-08-01
  response:
    body: {string: '{"id":"/subscriptions/00000000-0000-0000-0000-000000000000/resourceGroups/clitest.rg000001/providers/Microsoft.Web/sites/slot-test-web000003/slots/staging/sourcecontrols/web","name":"slot-test-web000003","type":"Microsoft.Web/sites/sourcecontrols","location":"West
        US","properties":{"repoUrl":"https://github.com/yugangw-msft/azure-site-test","branch":"staging","isManualIntegration":true,"deploymentRollbackEnabled":false,"isMercurial":false,"provisioningState":"Succeeded"}}'}
    headers:
      cache-control: [no-cache]
      content-length: ['545']
      content-type: [application/json]
      date: ['Sun, 18 Feb 2018 02:54:09 GMT']
      etag: ['"1D3A8639A27BAC0"']
      expires: ['-1']
      pragma: [no-cache]
      server: [Microsoft-IIS/10.0]
      strict-transport-security: [max-age=31536000; includeSubDomains]
      transfer-encoding: [chunked]
      vary: [Accept-Encoding]
      x-aspnet-version: [4.0.30319]
      x-powered-by: [ASP.NET]
    status: {code: 200, message: OK}
- request:
    body: '{"preserveVnet": true, "targetSlot": "staging"}'
    headers:
      Accept: [application/json]
      Accept-Encoding: ['gzip, deflate']
      CommandName: [webapp deployment slot swap]
      Connection: [keep-alive]
      Content-Length: ['47']
      Content-Type: [application/json; charset=utf-8]
      User-Agent: [python/3.5.2 (Windows-10-10.0.16299-SP0) requests/2.18.4 msrest/0.4.18
          msrest_azure/0.4.21 azure-mgmt-web/0.1.0 Azure-SDK-For-Python AZURECLI/2.0.28]
      accept-language: [en-US]
    method: POST
    uri: https://management.azure.com/subscriptions/00000000-0000-0000-0000-000000000000/resourceGroups/clitest.rg000001/providers/Microsoft.Web/sites/slot-test-web000003/slotsswap?api-version=2016-08-01
  response:
    body: {string: ''}
    headers:
      cache-control: [no-cache]
      content-length: ['0']
      date: ['Sun, 18 Feb 2018 02:54:11 GMT']
      etag: ['"1D3A863859F13A0"']
      expires: ['-1']
      location: ['https://management.azure.com/subscriptions/00000000-0000-0000-0000-000000000000/resourceGroups/clitest.rg000001/providers/Microsoft.Web/sites/slot-test-web000003/operationresults/a6b95f55-37f4-4736-b99c-5048574181a6?api-version=2016-08-01']
      pragma: [no-cache]
      server: [Microsoft-IIS/10.0]
      strict-transport-security: [max-age=31536000; includeSubDomains]
      x-aspnet-version: [4.0.30319]
      x-ms-ratelimit-remaining-subscription-writes: ['1198']
      x-powered-by: [ASP.NET]
    status: {code: 202, message: Accepted}
- request:
    body: null
    headers:
      Accept: [application/json]
      Accept-Encoding: ['gzip, deflate']
      CommandName: [webapp deployment slot swap]
      Connection: [keep-alive]
      User-Agent: [python/3.5.2 (Windows-10-10.0.16299-SP0) requests/2.18.4 msrest/0.4.18
          msrest_azure/0.4.21 azure-mgmt-web/0.1.0 Azure-SDK-For-Python AZURECLI/2.0.28]
    method: GET
    uri: https://management.azure.com/subscriptions/00000000-0000-0000-0000-000000000000/resourceGroups/clitest.rg000001/providers/Microsoft.Web/sites/slot-test-web000003/operationresults/a6b95f55-37f4-4736-b99c-5048574181a6?api-version=2016-08-01
  response:
    body: {string: ''}
    headers:
      cache-control: [no-cache]
      content-length: ['0']
      date: ['Sun, 18 Feb 2018 02:54:27 GMT']
      expires: ['-1']
      location: ['https://management.azure.com/subscriptions/00000000-0000-0000-0000-000000000000/resourceGroups/clitest.rg000001/providers/Microsoft.Web/sites/slot-test-web000003/operationresults/a6b95f55-37f4-4736-b99c-5048574181a6?api-version=2016-08-01']
      pragma: [no-cache]
      server: [Microsoft-IIS/10.0]
      strict-transport-security: [max-age=31536000; includeSubDomains]
      x-aspnet-version: [4.0.30319]
      x-powered-by: [ASP.NET]
    status: {code: 202, message: Accepted}
- request:
    body: null
    headers:
      Accept: [application/json]
      Accept-Encoding: ['gzip, deflate']
      CommandName: [webapp deployment slot swap]
      Connection: [keep-alive]
      User-Agent: [python/3.5.2 (Windows-10-10.0.16299-SP0) requests/2.18.4 msrest/0.4.18
          msrest_azure/0.4.21 azure-mgmt-web/0.1.0 Azure-SDK-For-Python AZURECLI/2.0.28]
    method: GET
    uri: https://management.azure.com/subscriptions/00000000-0000-0000-0000-000000000000/resourceGroups/clitest.rg000001/providers/Microsoft.Web/sites/slot-test-web000003/operationresults/a6b95f55-37f4-4736-b99c-5048574181a6?api-version=2016-08-01
  response:
    body: {string: ''}
    headers:
      cache-control: [no-cache]
      content-length: ['0']
      date: ['Sun, 18 Feb 2018 02:54:42 GMT']
      expires: ['-1']
      location: ['https://management.azure.com/subscriptions/00000000-0000-0000-0000-000000000000/resourceGroups/clitest.rg000001/providers/Microsoft.Web/sites/slot-test-web000003/operationresults/a6b95f55-37f4-4736-b99c-5048574181a6?api-version=2016-08-01']
      pragma: [no-cache]
      server: [Microsoft-IIS/10.0]
      strict-transport-security: [max-age=31536000; includeSubDomains]
      x-aspnet-version: [4.0.30319]
      x-powered-by: [ASP.NET]
    status: {code: 202, message: Accepted}
- request:
    body: null
    headers:
      Accept: [application/json]
      Accept-Encoding: ['gzip, deflate']
      CommandName: [webapp deployment slot swap]
      Connection: [keep-alive]
      User-Agent: [python/3.5.2 (Windows-10-10.0.16299-SP0) requests/2.18.4 msrest/0.4.18
          msrest_azure/0.4.21 azure-mgmt-web/0.1.0 Azure-SDK-For-Python AZURECLI/2.0.28]
    method: GET
    uri: https://management.azure.com/subscriptions/00000000-0000-0000-0000-000000000000/resourceGroups/clitest.rg000001/providers/Microsoft.Web/sites/slot-test-web000003/operationresults/a6b95f55-37f4-4736-b99c-5048574181a6?api-version=2016-08-01
  response:
    body: {string: ''}
    headers:
      cache-control: [no-cache]
      content-length: ['0']
      date: ['Sun, 18 Feb 2018 02:54:57 GMT']
      expires: ['-1']
      location: ['https://management.azure.com/subscriptions/00000000-0000-0000-0000-000000000000/resourceGroups/clitest.rg000001/providers/Microsoft.Web/sites/slot-test-web000003/operationresults/a6b95f55-37f4-4736-b99c-5048574181a6?api-version=2016-08-01']
      pragma: [no-cache]
      server: [Microsoft-IIS/10.0]
      strict-transport-security: [max-age=31536000; includeSubDomains]
      x-aspnet-version: [4.0.30319]
      x-powered-by: [ASP.NET]
    status: {code: 202, message: Accepted}
- request:
    body: null
    headers:
      Accept: [application/json]
      Accept-Encoding: ['gzip, deflate']
      CommandName: [webapp deployment slot swap]
      Connection: [keep-alive]
      User-Agent: [python/3.5.2 (Windows-10-10.0.16299-SP0) requests/2.18.4 msrest/0.4.18
          msrest_azure/0.4.21 azure-mgmt-web/0.1.0 Azure-SDK-For-Python AZURECLI/2.0.28]
    method: GET
    uri: https://management.azure.com/subscriptions/00000000-0000-0000-0000-000000000000/resourceGroups/clitest.rg000001/providers/Microsoft.Web/sites/slot-test-web000003/operationresults/a6b95f55-37f4-4736-b99c-5048574181a6?api-version=2016-08-01
  response:
    body: {string: '{"id":"/subscriptions/00000000-0000-0000-0000-000000000000/resourceGroups/clitest.rg000001/providers/Microsoft.Web/sites/slot-test-web000003","name":"slot-test-web000003","type":"Microsoft.Web/sites","kind":"app","location":"West
        US","properties":{"name":"slot-test-web000003","state":"Running","hostNames":["slot-test-web000003.azurewebsites.net"],"webSpace":"clitest.rg000001-WestUSwebspace","selfLink":"https://waws-prod-bay-017.api.azurewebsites.windows.net:454/subscriptions/00000000-0000-0000-0000-000000000000/webspaces/clitest.rg000001-WestUSwebspace/sites/slot-test-web000003","repositorySiteName":"slot-test-web000003","owner":null,"usageState":"Normal","enabled":true,"adminEnabled":true,"enabledHostNames":["slot-test-web000003.azurewebsites.net","slot-test-web000003.scm.azurewebsites.net"],"siteProperties":{"metadata":null,"properties":[{"name":"LinuxFxVersion","value":""}],"appSettings":null},"availabilityState":"Normal","sslCertificates":null,"csrs":[],"cers":null,"siteMode":null,"hostNameSslStates":[{"name":"slot-test-web000003.azurewebsites.net","sslState":"Disabled","ipBasedSslResult":null,"virtualIP":null,"thumbprint":null,"toUpdate":null,"toUpdateIpBasedSsl":null,"ipBasedSslState":"NotConfigured","hostType":"Standard"},{"name":"slot-test-web000003.scm.azurewebsites.net","sslState":"Disabled","ipBasedSslResult":null,"virtualIP":null,"thumbprint":null,"toUpdate":null,"toUpdateIpBasedSsl":null,"ipBasedSslState":"NotConfigured","hostType":"Repository"}],"computeMode":null,"serverFarm":null,"serverFarmId":"/subscriptions/00000000-0000-0000-0000-000000000000/resourceGroups/clitest.rg000001/providers/Microsoft.Web/serverfarms/slot-test-plan000002","reserved":false,"lastModifiedTimeUtc":"2018-02-18T02:54:09.433","storageRecoveryDefaultState":"Running","contentAvailabilityState":"Normal","runtimeAvailabilityState":"Normal","siteConfig":null,"deploymentId":"slot-test-web000003__d42a","trafficManagerHostNames":null,"sku":"Standard","scmSiteAlsoStopped":false,"targetSwapSlot":null,"hostingEnvironment":null,"hostingEnvironmentProfile":null,"clientAffinityEnabled":true,"clientCertEnabled":false,"hostNamesDisabled":false,"domainVerificationIdentifiers":null,"kind":"app","outboundIpAddresses":"23.101.206.54,23.101.194.183,23.101.206.60,23.101.205.197","possibleOutboundIpAddresses":"23.101.206.54,23.101.194.183,23.101.206.60,23.101.205.197","containerSize":0,"dailyMemoryTimeQuota":0,"suspendedTill":null,"siteDisabledReason":0,"functionExecutionUnitsCache":null,"maxNumberOfWorkers":null,"homeStamp":"waws-prod-bay-017","cloningInfo":null,"snapshotInfo":null,"hostingEnvironmentId":null,"tags":null,"resourceGroup":"clitest.rg000001","defaultHostName":"slot-test-web000003.azurewebsites.net","slotSwapStatus":{"timestampUtc":"2018-02-18T02:54:59.509Z","sourceSlotName":"staging","destinationSlotName":"Production"},"httpsOnly":false}}'}
    headers:
      cache-control: [no-cache]
      content-length: ['3229']
      content-type: [application/json]
      date: ['Sun, 18 Feb 2018 02:55:19 GMT']
      etag: ['"1D3A863BFA47090"']
      expires: ['-1']
      pragma: [no-cache]
      server: [Microsoft-IIS/10.0]
      strict-transport-security: [max-age=31536000; includeSubDomains]
      transfer-encoding: [chunked]
      vary: [Accept-Encoding]
      x-aspnet-version: [4.0.30319]
      x-powered-by: [ASP.NET]
    status: {code: 200, message: OK}
- request:
    body: null
    headers:
      Accept: [application/json]
      Accept-Encoding: ['gzip, deflate']
      CommandName: [webapp config appsettings list]
      Connection: [keep-alive]
      Content-Length: ['0']
      Content-Type: [application/json; charset=utf-8]
      User-Agent: [python/3.5.2 (Windows-10-10.0.16299-SP0) requests/2.18.4 msrest/0.4.18
          msrest_azure/0.4.21 azure-mgmt-web/0.1.0 Azure-SDK-For-Python AZURECLI/2.0.28]
      accept-language: [en-US]
    method: POST
    uri: https://management.azure.com/subscriptions/00000000-0000-0000-0000-000000000000/resourceGroups/clitest.rg000001/providers/Microsoft.Web/sites/slot-test-web000003/slots/staging/config/appsettings/list?api-version=2016-08-01
  response:
    body: {string: '{"id":"/subscriptions/00000000-0000-0000-0000-000000000000/resourceGroups/clitest.rg000001/providers/Microsoft.Web/sites/slot-test-web000003/slots/staging/config/appsettings","name":"appsettings","type":"Microsoft.Web/sites/config","location":"West
        US","properties":{"s1":"v1","WEBSITE_NODE_DEFAULT_VERSION":"6.9.1"}}'}
    headers:
      cache-control: [no-cache]
      content-length: ['381']
      content-type: [application/json]
      date: ['Sun, 18 Feb 2018 02:55:15 GMT']
      expires: ['-1']
      pragma: [no-cache]
      server: [Microsoft-IIS/10.0]
      strict-transport-security: [max-age=31536000; includeSubDomains]
      transfer-encoding: [chunked]
      vary: [Accept-Encoding]
      x-aspnet-version: [4.0.30319]
      x-ms-ratelimit-remaining-subscription-resource-requests: ['11999']
      x-powered-by: [ASP.NET]
    status: {code: 200, message: OK}
- request:
    body: null
    headers:
      Accept: [application/json]
      Accept-Encoding: ['gzip, deflate']
      CommandName: [webapp config appsettings list]
      Connection: [keep-alive]
      Content-Type: [application/json; charset=utf-8]
      User-Agent: [python/3.5.2 (Windows-10-10.0.16299-SP0) requests/2.18.4 msrest/0.4.18
          msrest_azure/0.4.21 azure-mgmt-web/0.1.0 Azure-SDK-For-Python AZURECLI/2.0.28]
      accept-language: [en-US]
    method: GET
    uri: https://management.azure.com/subscriptions/00000000-0000-0000-0000-000000000000/resourceGroups/clitest.rg000001/providers/Microsoft.Web/sites/slot-test-web000003/config/slotConfigNames?api-version=2016-08-01
  response:
    body: {string: '{"id":null,"name":"slot-test-web000003","type":"Microsoft.Web/sites","location":"West
        US","properties":{"connectionStringNames":[],"appSettingNames":["s2"]}}'}
    headers:
      cache-control: [no-cache]
      content-length: ['162']
      content-type: [application/json]
      date: ['Sun, 18 Feb 2018 02:55:15 GMT']
      expires: ['-1']
      pragma: [no-cache]
      server: [Microsoft-IIS/10.0]
      strict-transport-security: [max-age=31536000; includeSubDomains]
      transfer-encoding: [chunked]
      vary: [Accept-Encoding]
      x-aspnet-version: [4.0.30319]
      x-powered-by: [ASP.NET]
    status: {code: 200, message: OK}
- request:
    body: null
    headers:
      Accept: [application/json]
      Accept-Encoding: ['gzip, deflate']
      CommandName: [webapp config set]
      Connection: [keep-alive]
      Content-Type: [application/json; charset=utf-8]
      User-Agent: [python/3.5.2 (Windows-10-10.0.16299-SP0) requests/2.18.4 msrest/0.4.18
          msrest_azure/0.4.21 azure-mgmt-web/0.1.0 Azure-SDK-For-Python AZURECLI/2.0.28]
      accept-language: [en-US]
    method: GET
    uri: https://management.azure.com/subscriptions/00000000-0000-0000-0000-000000000000/resourceGroups/clitest.rg000001/providers/Microsoft.Web/sites/slot-test-web000003/config/web?api-version=2016-08-01
  response:
    body: {string: '{"id":"/subscriptions/00000000-0000-0000-0000-000000000000/resourceGroups/clitest.rg000001/providers/Microsoft.Web/sites/slot-test-web000003/config/web","name":"slot-test-web000003","type":"Microsoft.Web/sites/config","location":"West
        US","properties":{"numberOfWorkers":1,"defaultDocuments":["Default.htm","Default.html","Default.asp","index.htm","index.html","iisstart.htm","default.aspx","index.php","hostingstart.html"],"netFrameworkVersion":"v4.0","phpVersion":"5.6","pythonVersion":"","nodeVersion":"","linuxFxVersion":"","requestTracingEnabled":false,"remoteDebuggingEnabled":false,"remoteDebuggingVersion":null,"httpLoggingEnabled":false,"logsDirectorySizeLimit":35,"detailedErrorLoggingEnabled":false,"publishingUsername":"$slot-test-web000003","publishingPassword":null,"appSettings":null,"metadata":null,"connectionStrings":null,"machineKey":null,"handlerMappings":null,"documentRoot":null,"scmType":"None","use32BitWorkerProcess":true,"webSocketsEnabled":false,"alwaysOn":false,"javaVersion":null,"javaContainer":null,"javaContainerVersion":null,"appCommandLine":"","managedPipelineMode":"Integrated","virtualApplications":[{"virtualPath":"/","physicalPath":"site\\wwwroot","preloadEnabled":false,"virtualDirectories":null}],"winAuthAdminState":0,"winAuthTenantState":0,"customAppPoolIdentityAdminState":false,"customAppPoolIdentityTenantState":false,"runtimeADUser":null,"runtimeADUserPassword":null,"loadBalancing":"LeastRequests","routingRules":[],"experiments":{"rampUpRules":[]},"limits":null,"autoHealEnabled":false,"autoHealRules":null,"tracingOptions":null,"vnetName":"","siteAuthEnabled":false,"siteAuthSettings":{"enabled":null,"unauthenticatedClientAction":null,"tokenStoreEnabled":null,"allowedExternalRedirectUrls":null,"defaultProvider":null,"clientId":null,"clientSecret":null,"issuer":null,"allowedAudiences":null,"additionalLoginParams":null,"isAadAutoProvisioned":false,"googleClientId":null,"googleClientSecret":null,"googleOAuthScopes":null,"facebookAppId":null,"facebookAppSecret":null,"facebookOAuthScopes":null,"twitterConsumerKey":null,"twitterConsumerSecret":null,"microsoftAccountClientId":null,"microsoftAccountClientSecret":null,"microsoftAccountOAuthScopes":null},"cors":null,"push":null,"apiDefinition":null,"autoSwapSlotName":null,"localMySqlEnabled":false,"managedServiceIdentityId":null,"ipSecurityRestrictions":null}}'}
    headers:
      cache-control: [no-cache]
      content-length: ['2437']
      content-type: [application/json]
      date: ['Sun, 18 Feb 2018 02:55:16 GMT']
      expires: ['-1']
      pragma: [no-cache]
      server: [Microsoft-IIS/10.0]
      strict-transport-security: [max-age=31536000; includeSubDomains]
      transfer-encoding: [chunked]
      vary: [Accept-Encoding]
      x-aspnet-version: [4.0.30319]
      x-powered-by: [ASP.NET]
    status: {code: 200, message: OK}
- request:
    body: 'b''{"properties": {"httpLoggingEnabled": false, "appCommandLine": "", "experiments":
      {"rampUpRules": []}, "numberOfWorkers": 1, "managedPipelineMode": "Integrated",
      "use32BitWorkerProcess": true, "webSocketsEnabled": false, "netFrameworkVersion":
      "v4.0", "linuxFxVersion": "", "nodeVersion": "", "scmType": "None", "detailedErrorLoggingEnabled":
      false, "pythonVersion": "", "localMySqlEnabled": false, "logsDirectorySizeLimit":
      35, "autoHealEnabled": false, "vnetName": "", "alwaysOn": false, "phpVersion":
      "5.6", "defaultDocuments": ["Default.htm", "Default.html", "Default.asp", "index.htm",
      "index.html", "iisstart.htm", "default.aspx", "index.php", "hostingstart.html"],
      "virtualApplications": [{"virtualPath": "/", "physicalPath": "site\\\\wwwroot",
      "preloadEnabled": false}], "requestTracingEnabled": false, "loadBalancing":
      "LeastRequests", "publishingUsername": "$slot-test-web000003", "remoteDebuggingEnabled":
      false}}'''
    headers:
      Accept: [application/json]
      Accept-Encoding: ['gzip, deflate']
      CommandName: [webapp config set]
      Connection: [keep-alive]
      Content-Length: ['927']
      Content-Type: [application/json; charset=utf-8]
      User-Agent: [python/3.5.2 (Windows-10-10.0.16299-SP0) requests/2.18.4 msrest/0.4.18
          msrest_azure/0.4.21 azure-mgmt-web/0.1.0 Azure-SDK-For-Python AZURECLI/2.0.28]
      accept-language: [en-US]
    method: PATCH
    uri: https://management.azure.com/subscriptions/00000000-0000-0000-0000-000000000000/resourceGroups/clitest.rg000001/providers/Microsoft.Web/sites/slot-test-web000003/config/web?api-version=2016-08-01
  response:
    body: {string: '{"id":"/subscriptions/00000000-0000-0000-0000-000000000000/resourceGroups/clitest.rg000001/providers/Microsoft.Web/sites/slot-test-web000003","name":"slot-test-web000003","type":"Microsoft.Web/sites","location":"West
        US","properties":{"numberOfWorkers":1,"defaultDocuments":["Default.htm","Default.html","Default.asp","index.htm","index.html","iisstart.htm","default.aspx","index.php","hostingstart.html"],"netFrameworkVersion":"v4.0","phpVersion":"5.6","pythonVersion":"","nodeVersion":"","linuxFxVersion":"","requestTracingEnabled":false,"remoteDebuggingEnabled":false,"remoteDebuggingVersion":"VS2012","httpLoggingEnabled":false,"logsDirectorySizeLimit":35,"detailedErrorLoggingEnabled":false,"publishingUsername":"$slot-test-web000003","publishingPassword":null,"appSettings":null,"metadata":null,"connectionStrings":null,"machineKey":null,"handlerMappings":null,"documentRoot":null,"scmType":"None","use32BitWorkerProcess":true,"webSocketsEnabled":false,"alwaysOn":false,"javaVersion":null,"javaContainer":null,"javaContainerVersion":null,"appCommandLine":"","managedPipelineMode":"Integrated","virtualApplications":[{"virtualPath":"/","physicalPath":"site\\wwwroot","preloadEnabled":false,"virtualDirectories":null}],"winAuthAdminState":0,"winAuthTenantState":0,"customAppPoolIdentityAdminState":false,"customAppPoolIdentityTenantState":false,"runtimeADUser":null,"runtimeADUserPassword":null,"loadBalancing":"LeastRequests","routingRules":[],"experiments":{"rampUpRules":[]},"limits":null,"autoHealEnabled":false,"autoHealRules":null,"tracingOptions":null,"vnetName":"","siteAuthEnabled":false,"siteAuthSettings":{"enabled":null,"unauthenticatedClientAction":null,"tokenStoreEnabled":null,"allowedExternalRedirectUrls":null,"defaultProvider":null,"clientId":null,"clientSecret":null,"issuer":null,"allowedAudiences":null,"additionalLoginParams":null,"isAadAutoProvisioned":false,"googleClientId":null,"googleClientSecret":null,"googleOAuthScopes":null,"facebookAppId":null,"facebookAppSecret":null,"facebookOAuthScopes":null,"twitterConsumerKey":null,"twitterConsumerSecret":null,"microsoftAccountClientId":null,"microsoftAccountClientSecret":null,"microsoftAccountOAuthScopes":null},"cors":null,"push":null,"apiDefinition":null,"autoSwapSlotName":null,"localMySqlEnabled":false,"managedServiceIdentityId":null,"ipSecurityRestrictions":null}}'}
    headers:
      cache-control: [no-cache]
      content-length: ['2423']
      content-type: [application/json]
      date: ['Sun, 18 Feb 2018 02:55:16 GMT']
      etag: ['"1D3A863E7D68260"']
      expires: ['-1']
      pragma: [no-cache]
      server: [Microsoft-IIS/10.0]
      strict-transport-security: [max-age=31536000; includeSubDomains]
      transfer-encoding: [chunked]
      vary: [Accept-Encoding]
      x-aspnet-version: [4.0.30319]
      x-ms-ratelimit-remaining-subscription-writes: ['1198']
      x-powered-by: [ASP.NET]
    status: {code: 200, message: OK}
- request:
    body: null
    headers:
      Accept: [application/json]
      Accept-Encoding: ['gzip, deflate']
      CommandName: [webapp deployment slot create]
      Connection: [keep-alive]
      Content-Type: [application/json; charset=utf-8]
      User-Agent: [python/3.5.2 (Windows-10-10.0.16299-SP0) requests/2.18.4 msrest/0.4.18
          msrest_azure/0.4.21 azure-mgmt-web/0.1.0 Azure-SDK-For-Python AZURECLI/2.0.28]
      accept-language: [en-US]
    method: GET
    uri: https://management.azure.com/subscriptions/00000000-0000-0000-0000-000000000000/resourceGroups/clitest.rg000001/providers/Microsoft.Web/sites/slot-test-web000003?api-version=2016-08-01
  response:
    body: {string: '{"id":"/subscriptions/00000000-0000-0000-0000-000000000000/resourceGroups/clitest.rg000001/providers/Microsoft.Web/sites/slot-test-web000003","name":"slot-test-web000003","type":"Microsoft.Web/sites","kind":"app","location":"West
        US","properties":{"name":"slot-test-web000003","state":"Running","hostNames":["slot-test-web000003.azurewebsites.net"],"webSpace":"clitest.rg000001-WestUSwebspace","selfLink":"https://waws-prod-bay-017.api.azurewebsites.windows.net:454/subscriptions/00000000-0000-0000-0000-000000000000/webspaces/clitest.rg000001-WestUSwebspace/sites/slot-test-web000003","repositorySiteName":"slot-test-web000003","owner":null,"usageState":"Normal","enabled":true,"adminEnabled":true,"enabledHostNames":["slot-test-web000003.azurewebsites.net","slot-test-web000003.scm.azurewebsites.net"],"siteProperties":{"metadata":null,"properties":[{"name":"LinuxFxVersion","value":""}],"appSettings":null},"availabilityState":"Normal","sslCertificates":null,"csrs":[],"cers":null,"siteMode":null,"hostNameSslStates":[{"name":"slot-test-web000003.azurewebsites.net","sslState":"Disabled","ipBasedSslResult":null,"virtualIP":null,"thumbprint":null,"toUpdate":null,"toUpdateIpBasedSsl":null,"ipBasedSslState":"NotConfigured","hostType":"Standard"},{"name":"slot-test-web000003.scm.azurewebsites.net","sslState":"Disabled","ipBasedSslResult":null,"virtualIP":null,"thumbprint":null,"toUpdate":null,"toUpdateIpBasedSsl":null,"ipBasedSslState":"NotConfigured","hostType":"Repository"}],"computeMode":null,"serverFarm":null,"serverFarmId":"/subscriptions/00000000-0000-0000-0000-000000000000/resourceGroups/clitest.rg000001/providers/Microsoft.Web/serverfarms/slot-test-plan000002","reserved":false,"lastModifiedTimeUtc":"2018-02-18T02:55:16.87","storageRecoveryDefaultState":"Running","contentAvailabilityState":"Normal","runtimeAvailabilityState":"Normal","siteConfig":null,"deploymentId":"slot-test-web000003__d42a","trafficManagerHostNames":null,"sku":"Standard","scmSiteAlsoStopped":false,"targetSwapSlot":null,"hostingEnvironment":null,"hostingEnvironmentProfile":null,"clientAffinityEnabled":true,"clientCertEnabled":false,"hostNamesDisabled":false,"domainVerificationIdentifiers":null,"kind":"app","outboundIpAddresses":"23.101.206.54,23.101.194.183,23.101.206.60,23.101.205.197","possibleOutboundIpAddresses":"23.101.206.54,23.101.194.183,23.101.206.60,23.101.205.197","containerSize":0,"dailyMemoryTimeQuota":0,"suspendedTill":null,"siteDisabledReason":0,"functionExecutionUnitsCache":null,"maxNumberOfWorkers":null,"homeStamp":"waws-prod-bay-017","cloningInfo":null,"snapshotInfo":null,"hostingEnvironmentId":null,"tags":null,"resourceGroup":"clitest.rg000001","defaultHostName":"slot-test-web000003.azurewebsites.net","slotSwapStatus":{"timestampUtc":"2018-02-18T02:54:59.509Z","sourceSlotName":"staging","destinationSlotName":"Production"},"httpsOnly":false}}'}
    headers:
      cache-control: [no-cache]
      content-length: ['3228']
      content-type: [application/json]
      date: ['Sun, 18 Feb 2018 02:55:18 GMT']
      etag: ['"1D3A863E7D68260"']
      expires: ['-1']
      pragma: [no-cache]
      server: [Microsoft-IIS/10.0]
      strict-transport-security: [max-age=31536000; includeSubDomains]
      transfer-encoding: [chunked]
      vary: [Accept-Encoding]
      x-aspnet-version: [4.0.30319]
      x-powered-by: [ASP.NET]
    status: {code: 200, message: OK}
- request:
    body: 'b''b\''{"properties": {"scmSiteAlsoStopped": false, "reserved": false,
      "siteConfig": {"localMySqlEnabled": false, "http20Enabled": true, "netFrameworkVersion":
      "v4.6"}, "serverFarmId": "/subscriptions/00000000-0000-0000-0000-000000000000/resourceGroups/clitest.rg000001/providers/Microsoft.Web/serverfarms/slot-test-plan000002"},
      "location": "West US"}\'''''
    headers:
      Accept: [application/json]
      Accept-Encoding: ['gzip, deflate']
      CommandName: [webapp deployment slot create]
      Connection: [keep-alive]
      Content-Length: ['408']
      Content-Type: [application/json; charset=utf-8]
      User-Agent: [python/3.5.2 (Windows-10-10.0.16299-SP0) requests/2.18.4 msrest/0.4.18
          msrest_azure/0.4.21 azure-mgmt-web/0.1.0 Azure-SDK-For-Python AZURECLI/2.0.28]
      accept-language: [en-US]
    method: PUT
    uri: https://management.azure.com/subscriptions/00000000-0000-0000-0000-000000000000/resourceGroups/clitest.rg000001/providers/Microsoft.Web/sites/slot-test-web000003/slots/dev?api-version=2016-08-01
  response:
    body: {string: '{"id":"/subscriptions/00000000-0000-0000-0000-000000000000/resourceGroups/clitest.rg000001/providers/Microsoft.Web/sites/slot-test-web000003/slots/dev","name":"slot-test-web000003/dev","type":"Microsoft.Web/sites/slots","kind":"app","location":"West
        US","properties":{"name":"slot-test-web000003(dev)","state":"Running","hostNames":["slot-test-web000003-dev.azurewebsites.net"],"webSpace":"clitest.rg000001-WestUSwebspace","selfLink":"https://waws-prod-bay-017.api.azurewebsites.windows.net:454/subscriptions/00000000-0000-0000-0000-000000000000/webspaces/clitest.rg000001-WestUSwebspace/sites/slot-test-web000003","repositorySiteName":"slot-test-web000003","owner":null,"usageState":"Normal","enabled":true,"adminEnabled":true,"enabledHostNames":["slot-test-web000003-dev.azurewebsites.net","slot-test-web000003-dev.scm.azurewebsites.net"],"siteProperties":{"metadata":null,"properties":[{"name":"LinuxFxVersion","value":""}],"appSettings":null},"availabilityState":"Normal","sslCertificates":null,"csrs":[],"cers":null,"siteMode":null,"hostNameSslStates":[{"name":"slot-test-web000003-dev.azurewebsites.net","sslState":"Disabled","ipBasedSslResult":null,"virtualIP":null,"thumbprint":null,"toUpdate":null,"toUpdateIpBasedSsl":null,"ipBasedSslState":"NotConfigured","hostType":"Standard"},{"name":"slot-test-web000003-dev.scm.azurewebsites.net","sslState":"Disabled","ipBasedSslResult":null,"virtualIP":null,"thumbprint":null,"toUpdate":null,"toUpdateIpBasedSsl":null,"ipBasedSslState":"NotConfigured","hostType":"Repository"}],"computeMode":null,"serverFarm":null,"serverFarmId":"/subscriptions/00000000-0000-0000-0000-000000000000/resourceGroups/clitest.rg000001/providers/Microsoft.Web/serverfarms/slot-test-plan000002","reserved":false,"lastModifiedTimeUtc":"2018-02-18T02:55:20.683","storageRecoveryDefaultState":"Running","contentAvailabilityState":"Normal","runtimeAvailabilityState":"Normal","siteConfig":null,"deploymentId":"slot-test-web000003__00a6","trafficManagerHostNames":null,"sku":"Standard","scmSiteAlsoStopped":false,"targetSwapSlot":null,"hostingEnvironment":null,"hostingEnvironmentProfile":null,"clientAffinityEnabled":true,"clientCertEnabled":false,"hostNamesDisabled":false,"domainVerificationIdentifiers":null,"kind":"app","outboundIpAddresses":"23.101.206.54,23.101.194.183,23.101.206.60,23.101.205.197","possibleOutboundIpAddresses":"23.101.206.54,23.101.194.183,23.101.206.60,23.101.205.197","containerSize":0,"dailyMemoryTimeQuota":0,"suspendedTill":null,"siteDisabledReason":0,"functionExecutionUnitsCache":null,"maxNumberOfWorkers":null,"homeStamp":"waws-prod-bay-017","cloningInfo":null,"snapshotInfo":null,"hostingEnvironmentId":null,"tags":null,"resourceGroup":"clitest.rg000001","defaultHostName":"slot-test-web000003-dev.azurewebsites.net","slotSwapStatus":null,"httpsOnly":false}}'}
    headers:
      cache-control: [no-cache]
      content-length: ['3177']
      content-type: [application/json]
      date: ['Sun, 18 Feb 2018 02:55:31 GMT']
      etag: ['"1D3A863E7D68260"']
      expires: ['-1']
      pragma: [no-cache]
      server: [Microsoft-IIS/10.0]
      strict-transport-security: [max-age=31536000; includeSubDomains]
      transfer-encoding: [chunked]
      vary: [Accept-Encoding]
      x-aspnet-version: [4.0.30319]
      x-ms-ratelimit-remaining-subscription-writes: ['1198']
      x-powered-by: [ASP.NET]
    status: {code: 200, message: OK}
- request:
    body: null
    headers:
      Accept: [application/json]
      Accept-Encoding: ['gzip, deflate']
      CommandName: [webapp deployment slot create]
      Connection: [keep-alive]
      Content-Type: [application/json; charset=utf-8]
      User-Agent: [python/3.5.2 (Windows-10-10.0.16299-SP0) requests/2.18.4 msrest/0.4.18
          msrest_azure/0.4.21 azure-mgmt-web/0.1.0 Azure-SDK-For-Python AZURECLI/2.0.28]
      accept-language: [en-US]
    method: GET
    uri: https://management.azure.com/subscriptions/00000000-0000-0000-0000-000000000000/resourceGroups/clitest.rg000001/providers/Microsoft.Web/sites/slot-test-web000003/config/web?api-version=2016-08-01
  response:
    body: {string: '{"id":"/subscriptions/00000000-0000-0000-0000-000000000000/resourceGroups/clitest.rg000001/providers/Microsoft.Web/sites/slot-test-web000003/config/web","name":"slot-test-web000003","type":"Microsoft.Web/sites/config","location":"West
        US","properties":{"numberOfWorkers":1,"defaultDocuments":["Default.htm","Default.html","Default.asp","index.htm","index.html","iisstart.htm","default.aspx","index.php","hostingstart.html"],"netFrameworkVersion":"v4.0","phpVersion":"5.6","pythonVersion":"","nodeVersion":"","linuxFxVersion":"","requestTracingEnabled":false,"remoteDebuggingEnabled":false,"remoteDebuggingVersion":"VS2012","httpLoggingEnabled":false,"logsDirectorySizeLimit":35,"detailedErrorLoggingEnabled":false,"publishingUsername":"$slot-test-web000003","publishingPassword":null,"appSettings":null,"metadata":null,"connectionStrings":null,"machineKey":null,"handlerMappings":null,"documentRoot":null,"scmType":"None","use32BitWorkerProcess":true,"webSocketsEnabled":false,"alwaysOn":false,"javaVersion":null,"javaContainer":null,"javaContainerVersion":null,"appCommandLine":"","managedPipelineMode":"Integrated","virtualApplications":[{"virtualPath":"/","physicalPath":"site\\wwwroot","preloadEnabled":false,"virtualDirectories":null}],"winAuthAdminState":0,"winAuthTenantState":0,"customAppPoolIdentityAdminState":false,"customAppPoolIdentityTenantState":false,"runtimeADUser":null,"runtimeADUserPassword":null,"loadBalancing":"LeastRequests","routingRules":[],"experiments":{"rampUpRules":[]},"limits":null,"autoHealEnabled":false,"autoHealRules":null,"tracingOptions":null,"vnetName":"","siteAuthEnabled":false,"siteAuthSettings":{"enabled":null,"unauthenticatedClientAction":null,"tokenStoreEnabled":null,"allowedExternalRedirectUrls":null,"defaultProvider":null,"clientId":null,"clientSecret":null,"issuer":null,"allowedAudiences":null,"additionalLoginParams":null,"isAadAutoProvisioned":false,"googleClientId":null,"googleClientSecret":null,"googleOAuthScopes":null,"facebookAppId":null,"facebookAppSecret":null,"facebookOAuthScopes":null,"twitterConsumerKey":null,"twitterConsumerSecret":null,"microsoftAccountClientId":null,"microsoftAccountClientSecret":null,"microsoftAccountOAuthScopes":null},"cors":null,"push":null,"apiDefinition":null,"autoSwapSlotName":null,"localMySqlEnabled":false,"managedServiceIdentityId":null,"ipSecurityRestrictions":null}}'}
    headers:
      cache-control: [no-cache]
      content-length: ['2441']
      content-type: [application/json]
      date: ['Sun, 18 Feb 2018 02:55:33 GMT']
      expires: ['-1']
      pragma: [no-cache]
      server: [Microsoft-IIS/10.0]
      strict-transport-security: [max-age=31536000; includeSubDomains]
      transfer-encoding: [chunked]
      vary: [Accept-Encoding]
      x-aspnet-version: [4.0.30319]
      x-powered-by: [ASP.NET]
    status: {code: 200, message: OK}
- request:
    body: 'b''{"properties": {"httpLoggingEnabled": false, "appCommandLine": "", "experiments":
      {"rampUpRules": []}, "numberOfWorkers": 1, "managedPipelineMode": "Integrated",
      "use32BitWorkerProcess": true, "webSocketsEnabled": false, "netFrameworkVersion":
      "v4.0", "linuxFxVersion": "", "nodeVersion": "", "remoteDebuggingVersion": "VS2012",
      "detailedErrorLoggingEnabled": false, "pythonVersion": "", "localMySqlEnabled":
      false, "logsDirectorySizeLimit": 35, "autoHealEnabled": false, "scmType": "None",
      "vnetName": "", "alwaysOn": false, "phpVersion": "5.6", "defaultDocuments":
      ["Default.htm", "Default.html", "Default.asp", "index.htm", "index.html", "iisstart.htm",
      "default.aspx", "index.php", "hostingstart.html"], "virtualApplications": [{"virtualPath":
      "/", "physicalPath": "site\\\\wwwroot", "preloadEnabled": false}], "requestTracingEnabled":
      false, "loadBalancing": "LeastRequests", "publishingUsername": "$slot-test-web000003",
      "remoteDebuggingEnabled": false}}'''
    headers:
      Accept: [application/json]
      Accept-Encoding: ['gzip, deflate']
      CommandName: [webapp deployment slot create]
      Connection: [keep-alive]
      Content-Length: ['963']
      Content-Type: [application/json; charset=utf-8]
      User-Agent: [python/3.5.2 (Windows-10-10.0.16299-SP0) requests/2.18.4 msrest/0.4.18
          msrest_azure/0.4.21 azure-mgmt-web/0.1.0 Azure-SDK-For-Python AZURECLI/2.0.28]
      accept-language: [en-US]
    method: PATCH
    uri: https://management.azure.com/subscriptions/00000000-0000-0000-0000-000000000000/resourceGroups/clitest.rg000001/providers/Microsoft.Web/sites/slot-test-web000003/slots/dev/config/web?api-version=2016-08-01
  response:
    body: {string: '{"id":"/subscriptions/00000000-0000-0000-0000-000000000000/resourceGroups/clitest.rg000001/providers/Microsoft.Web/sites/slot-test-web000003/slots/dev","name":"slot-test-web000003/dev","type":"Microsoft.Web/sites/slots","location":"West
        US","properties":{"numberOfWorkers":1,"defaultDocuments":["Default.htm","Default.html","Default.asp","index.htm","index.html","iisstart.htm","default.aspx","index.php","hostingstart.html"],"netFrameworkVersion":"v4.0","phpVersion":"5.6","pythonVersion":"","nodeVersion":"","linuxFxVersion":"","requestTracingEnabled":false,"remoteDebuggingEnabled":false,"remoteDebuggingVersion":"VS2012","httpLoggingEnabled":false,"logsDirectorySizeLimit":35,"detailedErrorLoggingEnabled":false,"publishingUsername":"$slot-test-web000003__dev","publishingPassword":null,"appSettings":null,"metadata":null,"connectionStrings":null,"machineKey":null,"handlerMappings":null,"documentRoot":null,"scmType":"None","use32BitWorkerProcess":true,"webSocketsEnabled":false,"alwaysOn":false,"javaVersion":null,"javaContainer":null,"javaContainerVersion":null,"appCommandLine":"","managedPipelineMode":"Integrated","virtualApplications":[{"virtualPath":"/","physicalPath":"site\\wwwroot","preloadEnabled":false,"virtualDirectories":null}],"winAuthAdminState":0,"winAuthTenantState":0,"customAppPoolIdentityAdminState":false,"customAppPoolIdentityTenantState":false,"runtimeADUser":null,"runtimeADUserPassword":null,"loadBalancing":"LeastRequests","routingRules":[],"experiments":{"rampUpRules":[]},"limits":null,"autoHealEnabled":false,"autoHealRules":null,"tracingOptions":null,"vnetName":"","siteAuthEnabled":false,"siteAuthSettings":{"enabled":null,"unauthenticatedClientAction":null,"tokenStoreEnabled":null,"allowedExternalRedirectUrls":null,"defaultProvider":null,"clientId":null,"clientSecret":null,"issuer":null,"allowedAudiences":null,"additionalLoginParams":null,"isAadAutoProvisioned":false,"googleClientId":null,"googleClientSecret":null,"googleOAuthScopes":null,"facebookAppId":null,"facebookAppSecret":null,"facebookOAuthScopes":null,"twitterConsumerKey":null,"twitterConsumerSecret":null,"microsoftAccountClientId":null,"microsoftAccountClientSecret":null,"microsoftAccountOAuthScopes":null},"cors":null,"push":null,"apiDefinition":null,"autoSwapSlotName":null,"localMySqlEnabled":false,"managedServiceIdentityId":null,"ipSecurityRestrictions":null}}'}
    headers:
      cache-control: [no-cache]
      content-length: ['2448']
      content-type: [application/json]
      date: ['Sun, 18 Feb 2018 02:55:35 GMT']
      etag: ['"1D3A863F1EA5010"']
      expires: ['-1']
      pragma: [no-cache]
      server: [Microsoft-IIS/10.0]
      strict-transport-security: [max-age=31536000; includeSubDomains]
      transfer-encoding: [chunked]
      vary: [Accept-Encoding]
      x-aspnet-version: [4.0.30319]
      x-ms-ratelimit-remaining-subscription-writes: ['1197']
      x-powered-by: [ASP.NET]
    status: {code: 200, message: OK}
- request:
    body: null
    headers:
      Accept: [application/json]
      Accept-Encoding: ['gzip, deflate']
      CommandName: [webapp deployment slot create]
      Connection: [keep-alive]
      Content-Type: [application/json; charset=utf-8]
      User-Agent: [python/3.5.2 (Windows-10-10.0.16299-SP0) requests/2.18.4 msrest/0.4.18
          msrest_azure/0.4.21 azure-mgmt-web/0.1.0 Azure-SDK-For-Python AZURECLI/2.0.28]
      accept-language: [en-US]
    method: GET
    uri: https://management.azure.com/subscriptions/00000000-0000-0000-0000-000000000000/resourceGroups/clitest.rg000001/providers/Microsoft.Web/sites/slot-test-web000003/config/slotConfigNames?api-version=2016-08-01
  response:
    body: {string: '{"id":null,"name":"slot-test-web000003","type":"Microsoft.Web/sites","location":"West
        US","properties":{"connectionStringNames":[],"appSettingNames":["s2"]}}'}
    headers:
      cache-control: [no-cache]
      content-length: ['162']
      content-type: [application/json]
      date: ['Sun, 18 Feb 2018 02:55:41 GMT']
      expires: ['-1']
      pragma: [no-cache]
      server: [Microsoft-IIS/10.0]
      strict-transport-security: [max-age=31536000; includeSubDomains]
      transfer-encoding: [chunked]
      vary: [Accept-Encoding]
      x-aspnet-version: [4.0.30319]
      x-powered-by: [ASP.NET]
    status: {code: 200, message: OK}
- request:
    body: null
    headers:
      Accept: [application/json]
      Accept-Encoding: ['gzip, deflate']
      CommandName: [webapp deployment slot create]
      Connection: [keep-alive]
      Content-Length: ['0']
      Content-Type: [application/json; charset=utf-8]
      User-Agent: [python/3.5.2 (Windows-10-10.0.16299-SP0) requests/2.18.4 msrest/0.4.18
          msrest_azure/0.4.21 azure-mgmt-web/0.1.0 Azure-SDK-For-Python AZURECLI/2.0.28]
      accept-language: [en-US]
    method: POST
    uri: https://management.azure.com/subscriptions/00000000-0000-0000-0000-000000000000/resourceGroups/clitest.rg000001/providers/Microsoft.Web/sites/slot-test-web000003/config/appsettings/list?api-version=2016-08-01
  response:
    body: {string: '{"id":"/subscriptions/00000000-0000-0000-0000-000000000000/resourceGroups/clitest.rg000001/providers/Microsoft.Web/sites/slot-test-web000003/config/appsettings","name":"appsettings","type":"Microsoft.Web/sites/config","location":"West
        US","properties":{"WEBSITE_NODE_DEFAULT_VERSION":"6.9.1","s2":"v2"}}'}
    headers:
      cache-control: [no-cache]
      content-length: ['367']
      content-type: [application/json]
      date: ['Sun, 18 Feb 2018 02:55:35 GMT']
      expires: ['-1']
      pragma: [no-cache]
      server: [Microsoft-IIS/10.0]
      strict-transport-security: [max-age=31536000; includeSubDomains]
      transfer-encoding: [chunked]
      vary: [Accept-Encoding]
      x-aspnet-version: [4.0.30319]
      x-ms-ratelimit-remaining-subscription-resource-requests: ['11999']
      x-powered-by: [ASP.NET]
    status: {code: 200, message: OK}
- request:
    body: null
    headers:
      Accept: [application/json]
      Accept-Encoding: ['gzip, deflate']
      CommandName: [webapp deployment slot create]
      Connection: [keep-alive]
      Content-Length: ['0']
      Content-Type: [application/json; charset=utf-8]
      User-Agent: [python/3.5.2 (Windows-10-10.0.16299-SP0) requests/2.18.4 msrest/0.4.18
          msrest_azure/0.4.21 azure-mgmt-web/0.1.0 Azure-SDK-For-Python AZURECLI/2.0.28]
      accept-language: [en-US]
    method: POST
    uri: https://management.azure.com/subscriptions/00000000-0000-0000-0000-000000000000/resourceGroups/clitest.rg000001/providers/Microsoft.Web/sites/slot-test-web000003/config/connectionstrings/list?api-version=2016-08-01
  response:
    body: {string: '{"id":"/subscriptions/00000000-0000-0000-0000-000000000000/resourceGroups/clitest.rg000001/providers/Microsoft.Web/sites/slot-test-web000003/config/connectionstrings","name":"connectionstrings","type":"Microsoft.Web/sites/config","location":"West
        US","properties":{}}'}
    headers:
      cache-control: [no-cache]
      content-length: ['331']
      content-type: [application/json]
      date: ['Sun, 18 Feb 2018 02:55:35 GMT']
      expires: ['-1']
      pragma: [no-cache]
      server: [Microsoft-IIS/10.0]
      strict-transport-security: [max-age=31536000; includeSubDomains]
      transfer-encoding: [chunked]
      vary: [Accept-Encoding]
      x-aspnet-version: [4.0.30319]
      x-ms-ratelimit-remaining-subscription-resource-requests: ['11999']
      x-powered-by: [ASP.NET]
    status: {code: 200, message: OK}
- request:
    body: '{"properties": {"WEBSITE_NODE_DEFAULT_VERSION": "6.9.1"}, "kind": "<class
      ''str''>"}'
    headers:
      Accept: [application/json]
      Accept-Encoding: ['gzip, deflate']
      CommandName: [webapp deployment slot create]
      Connection: [keep-alive]
      Content-Length: ['82']
      Content-Type: [application/json; charset=utf-8]
      User-Agent: [python/3.5.2 (Windows-10-10.0.16299-SP0) requests/2.18.4 msrest/0.4.18
          msrest_azure/0.4.21 azure-mgmt-web/0.1.0 Azure-SDK-For-Python AZURECLI/2.0.28]
      accept-language: [en-US]
    method: PUT
    uri: https://management.azure.com/subscriptions/00000000-0000-0000-0000-000000000000/resourceGroups/clitest.rg000001/providers/Microsoft.Web/sites/slot-test-web000003/slots/dev/config/appsettings?api-version=2016-08-01
  response:
    body: {string: '{"id":"/subscriptions/00000000-0000-0000-0000-000000000000/resourceGroups/clitest.rg000001/providers/Microsoft.Web/sites/slot-test-web000003/slots/dev/config/appsettings","name":"appsettings","type":"Microsoft.Web/sites/config","location":"West
        US","properties":{"WEBSITE_NODE_DEFAULT_VERSION":"6.9.1"}}'}
    headers:
      cache-control: [no-cache]
      content-length: ['367']
      content-type: [application/json]
      date: ['Sun, 18 Feb 2018 02:55:38 GMT']
      etag: ['"1D3A863F39C1EC0"']
      expires: ['-1']
      pragma: [no-cache]
      server: [Microsoft-IIS/10.0]
      strict-transport-security: [max-age=31536000; includeSubDomains]
      transfer-encoding: [chunked]
      vary: [Accept-Encoding]
      x-aspnet-version: [4.0.30319]
      x-ms-ratelimit-remaining-subscription-writes: ['1198']
      x-powered-by: [ASP.NET]
    status: {code: 200, message: OK}
- request:
    body: '{"properties": {}, "kind": "<class ''str''>"}'
    headers:
      Accept: [application/json]
      Accept-Encoding: ['gzip, deflate']
      CommandName: [webapp deployment slot create]
      Connection: [keep-alive]
      Content-Length: ['43']
      Content-Type: [application/json; charset=utf-8]
      User-Agent: [python/3.5.2 (Windows-10-10.0.16299-SP0) requests/2.18.4 msrest/0.4.18
          msrest_azure/0.4.21 azure-mgmt-web/0.1.0 Azure-SDK-For-Python AZURECLI/2.0.28]
      accept-language: [en-US]
    method: PUT
    uri: https://management.azure.com/subscriptions/00000000-0000-0000-0000-000000000000/resourceGroups/clitest.rg000001/providers/Microsoft.Web/sites/slot-test-web000003/slots/dev/config/connectionstrings?api-version=2016-08-01
  response:
    body: {string: '{"id":"/subscriptions/00000000-0000-0000-0000-000000000000/resourceGroups/clitest.rg000001/providers/Microsoft.Web/sites/slot-test-web000003/slots/dev/config/connectionstrings","name":"connectionstrings","type":"Microsoft.Web/sites/config","location":"West
        US","properties":{}}'}
    headers:
      cache-control: [no-cache]
      content-length: ['341']
      content-type: [application/json]
      date: ['Sun, 18 Feb 2018 02:55:46 GMT']
      etag: ['"1D3A863F4965D40"']
      expires: ['-1']
      pragma: [no-cache]
      server: [Microsoft-IIS/10.0]
      strict-transport-security: [max-age=31536000; includeSubDomains]
      transfer-encoding: [chunked]
      vary: [Accept-Encoding]
      x-aspnet-version: [4.0.30319]
      x-ms-ratelimit-remaining-subscription-writes: ['1199']
      x-powered-by: [ASP.NET]
    status: {code: 200, message: OK}
- request:
    body: null
    headers:
      Accept: [application/json]
      Accept-Encoding: ['gzip, deflate']
      CommandName: [webapp config show]
      Connection: [keep-alive]
      Content-Type: [application/json; charset=utf-8]
      User-Agent: [python/3.5.2 (Windows-10-10.0.16299-SP0) requests/2.18.4 msrest/0.4.18
          msrest_azure/0.4.21 azure-mgmt-web/0.1.0 Azure-SDK-For-Python AZURECLI/2.0.28]
      accept-language: [en-US]
    method: GET
    uri: https://management.azure.com/subscriptions/00000000-0000-0000-0000-000000000000/resourceGroups/clitest.rg000001/providers/Microsoft.Web/sites/slot-test-web000003/slots/dev/config/web?api-version=2016-08-01
  response:
    body: {string: '{"id":"/subscriptions/00000000-0000-0000-0000-000000000000/resourceGroups/clitest.rg000001/providers/Microsoft.Web/sites/slot-test-web000003/slots/dev/config/web","name":"slot-test-web000003","type":"Microsoft.Web/sites/config","location":"West
        US","properties":{"numberOfWorkers":1,"defaultDocuments":["Default.htm","Default.html","Default.asp","index.htm","index.html","iisstart.htm","default.aspx","index.php","hostingstart.html"],"netFrameworkVersion":"v4.0","phpVersion":"5.6","pythonVersion":"","nodeVersion":"","linuxFxVersion":"","requestTracingEnabled":false,"remoteDebuggingEnabled":false,"remoteDebuggingVersion":"VS2012","httpLoggingEnabled":false,"logsDirectorySizeLimit":35,"detailedErrorLoggingEnabled":false,"publishingUsername":"$slot-test-web000003__dev","publishingPassword":null,"appSettings":null,"metadata":null,"connectionStrings":null,"machineKey":null,"handlerMappings":null,"documentRoot":null,"scmType":"None","use32BitWorkerProcess":true,"webSocketsEnabled":false,"alwaysOn":false,"javaVersion":null,"javaContainer":null,"javaContainerVersion":null,"appCommandLine":"","managedPipelineMode":"Integrated","virtualApplications":[{"virtualPath":"/","physicalPath":"site\\wwwroot","preloadEnabled":false,"virtualDirectories":null}],"winAuthAdminState":0,"winAuthTenantState":0,"customAppPoolIdentityAdminState":false,"customAppPoolIdentityTenantState":false,"runtimeADUser":null,"runtimeADUserPassword":null,"loadBalancing":"LeastRequests","routingRules":[],"experiments":{"rampUpRules":[]},"limits":null,"autoHealEnabled":false,"autoHealRules":null,"tracingOptions":null,"vnetName":"","siteAuthEnabled":false,"siteAuthSettings":{"enabled":null,"unauthenticatedClientAction":null,"tokenStoreEnabled":null,"allowedExternalRedirectUrls":null,"defaultProvider":null,"clientId":null,"clientSecret":null,"issuer":null,"allowedAudiences":null,"additionalLoginParams":null,"isAadAutoProvisioned":false,"googleClientId":null,"googleClientSecret":null,"googleOAuthScopes":null,"facebookAppId":null,"facebookAppSecret":null,"facebookOAuthScopes":null,"twitterConsumerKey":null,"twitterConsumerSecret":null,"microsoftAccountClientId":null,"microsoftAccountClientSecret":null,"microsoftAccountOAuthScopes":null},"cors":null,"push":null,"apiDefinition":null,"autoSwapSlotName":null,"localMySqlEnabled":false,"managedServiceIdentityId":null,"ipSecurityRestrictions":null}}'}
    headers:
      cache-control: [no-cache]
      content-length: ['2456']
      content-type: [application/json]
      date: ['Sun, 18 Feb 2018 02:55:39 GMT']
      expires: ['-1']
      pragma: [no-cache]
      server: [Microsoft-IIS/10.0]
      strict-transport-security: [max-age=31536000; includeSubDomains]
      transfer-encoding: [chunked]
      vary: [Accept-Encoding]
      x-aspnet-version: [4.0.30319]
      x-powered-by: [ASP.NET]
    status: {code: 200, message: OK}
- request:
    body: null
    headers:
      Accept: [application/json]
      Accept-Encoding: ['gzip, deflate']
      CommandName: [webapp config appsettings set]
      Connection: [keep-alive]
      Content-Length: ['0']
      Content-Type: [application/json; charset=utf-8]
      User-Agent: [python/3.5.2 (Windows-10-10.0.16299-SP0) requests/2.18.4 msrest/0.4.18
          msrest_azure/0.4.21 azure-mgmt-web/0.1.0 Azure-SDK-For-Python AZURECLI/2.0.28]
      accept-language: [en-US]
    method: POST
    uri: https://management.azure.com/subscriptions/00000000-0000-0000-0000-000000000000/resourceGroups/clitest.rg000001/providers/Microsoft.Web/sites/slot-test-web000003/slots/dev/config/appsettings/list?api-version=2016-08-01
  response:
    body: {string: '{"id":"/subscriptions/00000000-0000-0000-0000-000000000000/resourceGroups/clitest.rg000001/providers/Microsoft.Web/sites/slot-test-web000003/slots/dev/config/appsettings","name":"appsettings","type":"Microsoft.Web/sites/config","location":"West
        US","properties":{"WEBSITE_NODE_DEFAULT_VERSION":"6.9.1"}}'}
    headers:
      cache-control: [no-cache]
      content-length: ['367']
      content-type: [application/json]
      date: ['Sun, 18 Feb 2018 02:55:41 GMT']
      expires: ['-1']
      pragma: [no-cache]
      server: [Microsoft-IIS/10.0]
      strict-transport-security: [max-age=31536000; includeSubDomains]
      transfer-encoding: [chunked]
      vary: [Accept-Encoding]
      x-aspnet-version: [4.0.30319]
      x-ms-ratelimit-remaining-subscription-resource-requests: ['11999']
      x-powered-by: [ASP.NET]
    status: {code: 200, message: OK}
- request:
    body: '{"properties": {"s3": "v3", "WEBSITE_NODE_DEFAULT_VERSION": "6.9.1", "s4":
      "v4"}, "kind": "<class ''str''>"}'
    headers:
      Accept: [application/json]
      Accept-Encoding: ['gzip, deflate']
      CommandName: [webapp config appsettings set]
      Connection: [keep-alive]
      Content-Length: ['106']
      Content-Type: [application/json; charset=utf-8]
      User-Agent: [python/3.5.2 (Windows-10-10.0.16299-SP0) requests/2.18.4 msrest/0.4.18
          msrest_azure/0.4.21 azure-mgmt-web/0.1.0 Azure-SDK-For-Python AZURECLI/2.0.28]
      accept-language: [en-US]
    method: PUT
    uri: https://management.azure.com/subscriptions/00000000-0000-0000-0000-000000000000/resourceGroups/clitest.rg000001/providers/Microsoft.Web/sites/slot-test-web000003/slots/dev/config/appsettings?api-version=2016-08-01
  response:
    body: {string: '{"id":"/subscriptions/00000000-0000-0000-0000-000000000000/resourceGroups/clitest.rg000001/providers/Microsoft.Web/sites/slot-test-web000003/slots/dev/config/appsettings","name":"appsettings","type":"Microsoft.Web/sites/config","location":"West
        US","properties":{"s3":"v3","WEBSITE_NODE_DEFAULT_VERSION":"6.9.1","s4":"v4"}}'}
    headers:
      cache-control: [no-cache]
      content-length: ['387']
      content-type: [application/json]
      date: ['Sun, 18 Feb 2018 02:55:43 GMT']
      etag: ['"1D3A863F669BDB0"']
      expires: ['-1']
      pragma: [no-cache]
      server: [Microsoft-IIS/10.0]
      strict-transport-security: [max-age=31536000; includeSubDomains]
      transfer-encoding: [chunked]
      vary: [Accept-Encoding]
      x-aspnet-version: [4.0.30319]
      x-ms-ratelimit-remaining-subscription-writes: ['1198']
      x-powered-by: [ASP.NET]
    status: {code: 200, message: OK}
- request:
    body: null
    headers:
      Accept: [application/json]
      Accept-Encoding: ['gzip, deflate']
      CommandName: [webapp config appsettings set]
      Connection: [keep-alive]
      Content-Type: [application/json; charset=utf-8]
      User-Agent: [python/3.5.2 (Windows-10-10.0.16299-SP0) requests/2.18.4 msrest/0.4.18
          msrest_azure/0.4.21 azure-mgmt-web/0.1.0 Azure-SDK-For-Python AZURECLI/2.0.28]
      accept-language: [en-US]
    method: GET
    uri: https://management.azure.com/subscriptions/00000000-0000-0000-0000-000000000000/resourceGroups/clitest.rg000001/providers/Microsoft.Web/sites/slot-test-web000003/config/slotConfigNames?api-version=2016-08-01
  response:
    body: {string: '{"id":null,"name":"slot-test-web000003","type":"Microsoft.Web/sites","location":"West
        US","properties":{"connectionStringNames":[],"appSettingNames":["s2"]}}'}
    headers:
      cache-control: [no-cache]
      content-length: ['162']
      content-type: [application/json]
      date: ['Sun, 18 Feb 2018 02:55:41 GMT']
      expires: ['-1']
      pragma: [no-cache]
      server: [Microsoft-IIS/10.0]
      strict-transport-security: [max-age=31536000; includeSubDomains]
      transfer-encoding: [chunked]
      vary: [Accept-Encoding]
      x-aspnet-version: [4.0.30319]
      x-powered-by: [ASP.NET]
    status: {code: 200, message: OK}
- request:
    body: '{"properties": {"connectionStringNames": [], "appSettingNames": ["s2",
      "s4"]}}'
    headers:
      Accept: [application/json]
      Accept-Encoding: ['gzip, deflate']
      CommandName: [webapp config appsettings set]
      Connection: [keep-alive]
      Content-Length: ['78']
      Content-Type: [application/json; charset=utf-8]
      User-Agent: [python/3.5.2 (Windows-10-10.0.16299-SP0) requests/2.18.4 msrest/0.4.18
          msrest_azure/0.4.21 azure-mgmt-web/0.1.0 Azure-SDK-For-Python AZURECLI/2.0.28]
      accept-language: [en-US]
    method: PUT
    uri: https://management.azure.com/subscriptions/00000000-0000-0000-0000-000000000000/resourceGroups/clitest.rg000001/providers/Microsoft.Web/sites/slot-test-web000003/config/slotConfigNames?api-version=2016-08-01
  response:
    body: {string: '{"id":null,"name":"slot-test-web000003","type":"Microsoft.Web/sites","location":"West
        US","properties":{"connectionStringNames":[],"appSettingNames":["s2","s4"]}}'}
    headers:
      cache-control: [no-cache]
      content-length: ['167']
      content-type: [application/json]
      date: ['Sun, 18 Feb 2018 02:55:44 GMT']
      expires: ['-1']
      pragma: [no-cache]
      server: [Microsoft-IIS/10.0]
      strict-transport-security: [max-age=31536000; includeSubDomains]
      transfer-encoding: [chunked]
      vary: [Accept-Encoding]
      x-aspnet-version: [4.0.30319]
      x-ms-ratelimit-remaining-subscription-writes: ['1199']
      x-powered-by: [ASP.NET]
    status: {code: 200, message: OK}
- request:
    body: null
    headers:
      Accept: [application/json]
      Accept-Encoding: ['gzip, deflate']
      CommandName: [webapp config connection-string set]
      Connection: [keep-alive]
      Content-Length: ['0']
      Content-Type: [application/json; charset=utf-8]
      User-Agent: [python/3.5.2 (Windows-10-10.0.16299-SP0) requests/2.18.4 msrest/0.4.18
          msrest_azure/0.4.21 azure-mgmt-web/0.1.0 Azure-SDK-For-Python AZURECLI/2.0.28]
      accept-language: [en-US]
    method: POST
    uri: https://management.azure.com/subscriptions/00000000-0000-0000-0000-000000000000/resourceGroups/clitest.rg000001/providers/Microsoft.Web/sites/slot-test-web000003/slots/dev/config/connectionstrings/list?api-version=2016-08-01
  response:
    body: {string: '{"id":"/subscriptions/00000000-0000-0000-0000-000000000000/resourceGroups/clitest.rg000001/providers/Microsoft.Web/sites/slot-test-web000003/slots/dev/config/connectionstrings","name":"connectionstrings","type":"Microsoft.Web/sites/config","location":"West
        US","properties":{}}'}
    headers:
      cache-control: [no-cache]
      content-length: ['341']
      content-type: [application/json]
      date: ['Sun, 18 Feb 2018 02:55:45 GMT']
      expires: ['-1']
      pragma: [no-cache]
      server: [Microsoft-IIS/10.0]
      strict-transport-security: [max-age=31536000; includeSubDomains]
      transfer-encoding: [chunked]
      vary: [Accept-Encoding]
      x-aspnet-version: [4.0.30319]
      x-ms-ratelimit-remaining-subscription-resource-requests: ['11999']
      x-powered-by: [ASP.NET]
    status: {code: 200, message: OK}
- request:
    body: '{"properties": {"c1": {"type": "MySql", "value": "connection1"}, "c2":
      {"type": "MySql", "value": "connection2"}}, "kind": "<class ''str''>"}'
    headers:
      Accept: [application/json]
      Accept-Encoding: ['gzip, deflate']
      CommandName: [webapp config connection-string set]
      Connection: [keep-alive]
      Content-Length: ['139']
      Content-Type: [application/json; charset=utf-8]
      User-Agent: [python/3.5.2 (Windows-10-10.0.16299-SP0) requests/2.18.4 msrest/0.4.18
          msrest_azure/0.4.21 azure-mgmt-web/0.1.0 Azure-SDK-For-Python AZURECLI/2.0.28]
      accept-language: [en-US]
    method: PUT
    uri: https://management.azure.com/subscriptions/00000000-0000-0000-0000-000000000000/resourceGroups/clitest.rg000001/providers/Microsoft.Web/sites/slot-test-web000003/slots/dev/config/connectionstrings?api-version=2016-08-01
  response:
    body: {string: '{"id":"/subscriptions/00000000-0000-0000-0000-000000000000/resourceGroups/clitest.rg000001/providers/Microsoft.Web/sites/slot-test-web000003/slots/dev/config/connectionstrings","name":"connectionstrings","type":"Microsoft.Web/sites/config","location":"West
        US","properties":{"c1":{"value":"connection1","type":"MySql"},"c2":{"value":"connection2","type":"MySql"}}}'}
    headers:
      cache-control: [no-cache]
      content-length: ['428']
      content-type: [application/json]
      date: ['Sun, 18 Feb 2018 02:55:43 GMT']
      etag: ['"1D3A863F8171F90"']
      expires: ['-1']
      pragma: [no-cache]
      server: [Microsoft-IIS/10.0]
      strict-transport-security: [max-age=31536000; includeSubDomains]
      transfer-encoding: [chunked]
      vary: [Accept-Encoding]
      x-aspnet-version: [4.0.30319]
      x-ms-ratelimit-remaining-subscription-writes: ['1198']
      x-powered-by: [ASP.NET]
    status: {code: 200, message: OK}
- request:
    body: null
    headers:
      Accept: [application/json]
      Accept-Encoding: ['gzip, deflate']
      CommandName: [webapp config connection-string set]
      Connection: [keep-alive]
      Content-Type: [application/json; charset=utf-8]
      User-Agent: [python/3.5.2 (Windows-10-10.0.16299-SP0) requests/2.18.4 msrest/0.4.18
          msrest_azure/0.4.21 azure-mgmt-web/0.1.0 Azure-SDK-For-Python AZURECLI/2.0.28]
      accept-language: [en-US]
    method: GET
    uri: https://management.azure.com/subscriptions/00000000-0000-0000-0000-000000000000/resourceGroups/clitest.rg000001/providers/Microsoft.Web/sites/slot-test-web000003/config/slotConfigNames?api-version=2016-08-01
  response:
    body: {string: '{"id":null,"name":"slot-test-web000003","type":"Microsoft.Web/sites","location":"West
        US","properties":{"connectionStringNames":[],"appSettingNames":["s2","s4"]}}'}
    headers:
      cache-control: [no-cache]
      content-length: ['167']
      content-type: [application/json]
      date: ['Sun, 18 Feb 2018 02:55:51 GMT']
      expires: ['-1']
      pragma: [no-cache]
      server: [Microsoft-IIS/10.0]
      strict-transport-security: [max-age=31536000; includeSubDomains]
      transfer-encoding: [chunked]
      vary: [Accept-Encoding]
      x-aspnet-version: [4.0.30319]
      x-powered-by: [ASP.NET]
    status: {code: 200, message: OK}
- request:
    body: '{"properties": {"connectionStringNames": ["c2"], "appSettingNames": ["s2",
      "s4"]}}'
    headers:
      Accept: [application/json]
      Accept-Encoding: ['gzip, deflate']
      CommandName: [webapp config connection-string set]
      Connection: [keep-alive]
      Content-Length: ['82']
      Content-Type: [application/json; charset=utf-8]
      User-Agent: [python/3.5.2 (Windows-10-10.0.16299-SP0) requests/2.18.4 msrest/0.4.18
          msrest_azure/0.4.21 azure-mgmt-web/0.1.0 Azure-SDK-For-Python AZURECLI/2.0.28]
      accept-language: [en-US]
    method: PUT
    uri: https://management.azure.com/subscriptions/00000000-0000-0000-0000-000000000000/resourceGroups/clitest.rg000001/providers/Microsoft.Web/sites/slot-test-web000003/config/slotConfigNames?api-version=2016-08-01
  response:
    body: {string: '{"id":null,"name":"slot-test-web000003","type":"Microsoft.Web/sites","location":"West
        US","properties":{"connectionStringNames":["c2"],"appSettingNames":["s2","s4"]}}'}
    headers:
      cache-control: [no-cache]
      content-length: ['171']
      content-type: [application/json]
      date: ['Sun, 18 Feb 2018 02:55:46 GMT']
      expires: ['-1']
      pragma: [no-cache]
      server: [Microsoft-IIS/10.0]
      strict-transport-security: [max-age=31536000; includeSubDomains]
      transfer-encoding: [chunked]
      vary: [Accept-Encoding]
      x-aspnet-version: [4.0.30319]
      x-ms-ratelimit-remaining-subscription-writes: ['1197']
      x-powered-by: [ASP.NET]
    status: {code: 200, message: OK}
- request:
    body: '{"preserveVnet": true, "targetSlot": "dev"}'
    headers:
      Accept: [application/json]
      Accept-Encoding: ['gzip, deflate']
      CommandName: [webapp deployment slot swap]
      Connection: [keep-alive]
      Content-Length: ['43']
      Content-Type: [application/json; charset=utf-8]
      User-Agent: [python/3.5.2 (Windows-10-10.0.16299-SP0) requests/2.18.4 msrest/0.4.18
          msrest_azure/0.4.21 azure-mgmt-web/0.1.0 Azure-SDK-For-Python AZURECLI/2.0.28]
      accept-language: [en-US]
    method: POST
    uri: https://management.azure.com/subscriptions/00000000-0000-0000-0000-000000000000/resourceGroups/clitest.rg000001/providers/Microsoft.Web/sites/slot-test-web000003/slots/staging/slotsswap?api-version=2016-08-01
  response:
    body: {string: ''}
    headers:
      cache-control: [no-cache]
      content-length: ['0']
      date: ['Sun, 18 Feb 2018 02:55:48 GMT']
      etag: ['"1D3A863E7D68260"']
      expires: ['-1']
      location: ['https://management.azure.com/subscriptions/00000000-0000-0000-0000-000000000000/resourceGroups/clitest.rg000001/providers/Microsoft.Web/sites/slot-test-web000003/slots/staging/operationresults/66776fe8-5d12-4129-84d9-ce321b969f18?api-version=2016-08-01']
      pragma: [no-cache]
      server: [Microsoft-IIS/10.0]
      strict-transport-security: [max-age=31536000; includeSubDomains]
      x-aspnet-version: [4.0.30319]
      x-ms-ratelimit-remaining-subscription-writes: ['1199']
      x-powered-by: [ASP.NET]
    status: {code: 202, message: Accepted}
- request:
    body: null
    headers:
      Accept: [application/json]
      Accept-Encoding: ['gzip, deflate']
      CommandName: [webapp deployment slot swap]
      Connection: [keep-alive]
      User-Agent: [python/3.5.2 (Windows-10-10.0.16299-SP0) requests/2.18.4 msrest/0.4.18
          msrest_azure/0.4.21 azure-mgmt-web/0.1.0 Azure-SDK-For-Python AZURECLI/2.0.28]
    method: GET
    uri: https://management.azure.com/subscriptions/00000000-0000-0000-0000-000000000000/resourceGroups/clitest.rg000001/providers/Microsoft.Web/sites/slot-test-web000003/slots/staging/operationresults/66776fe8-5d12-4129-84d9-ce321b969f18?api-version=2016-08-01
  response:
    body: {string: ''}
    headers:
      cache-control: [no-cache]
      content-length: ['0']
      date: ['Sun, 18 Feb 2018 02:56:03 GMT']
      expires: ['-1']
      location: ['https://management.azure.com/subscriptions/00000000-0000-0000-0000-000000000000/resourceGroups/clitest.rg000001/providers/Microsoft.Web/sites/slot-test-web000003/slots/staging/operationresults/66776fe8-5d12-4129-84d9-ce321b969f18?api-version=2016-08-01']
      pragma: [no-cache]
      server: [Microsoft-IIS/10.0]
      strict-transport-security: [max-age=31536000; includeSubDomains]
      x-aspnet-version: [4.0.30319]
      x-powered-by: [ASP.NET]
    status: {code: 202, message: Accepted}
- request:
    body: null
    headers:
      Accept: [application/json]
      Accept-Encoding: ['gzip, deflate']
      CommandName: [webapp deployment slot swap]
      Connection: [keep-alive]
      User-Agent: [python/3.5.2 (Windows-10-10.0.16299-SP0) requests/2.18.4 msrest/0.4.18
          msrest_azure/0.4.21 azure-mgmt-web/0.1.0 Azure-SDK-For-Python AZURECLI/2.0.28]
    method: GET
    uri: https://management.azure.com/subscriptions/00000000-0000-0000-0000-000000000000/resourceGroups/clitest.rg000001/providers/Microsoft.Web/sites/slot-test-web000003/slots/staging/operationresults/66776fe8-5d12-4129-84d9-ce321b969f18?api-version=2016-08-01
  response:
    body: {string: ''}
    headers:
      cache-control: [no-cache]
      content-length: ['0']
      date: ['Sun, 18 Feb 2018 02:56:18 GMT']
      expires: ['-1']
      location: ['https://management.azure.com/subscriptions/00000000-0000-0000-0000-000000000000/resourceGroups/clitest.rg000001/providers/Microsoft.Web/sites/slot-test-web000003/slots/staging/operationresults/66776fe8-5d12-4129-84d9-ce321b969f18?api-version=2016-08-01']
      pragma: [no-cache]
      server: [Microsoft-IIS/10.0]
      strict-transport-security: [max-age=31536000; includeSubDomains]
      x-aspnet-version: [4.0.30319]
      x-powered-by: [ASP.NET]
    status: {code: 202, message: Accepted}
- request:
    body: null
    headers:
      Accept: [application/json]
      Accept-Encoding: ['gzip, deflate']
      CommandName: [webapp deployment slot swap]
      Connection: [keep-alive]
      User-Agent: [python/3.5.2 (Windows-10-10.0.16299-SP0) requests/2.18.4 msrest/0.4.18
          msrest_azure/0.4.21 azure-mgmt-web/0.1.0 Azure-SDK-For-Python AZURECLI/2.0.28]
    method: GET
    uri: https://management.azure.com/subscriptions/00000000-0000-0000-0000-000000000000/resourceGroups/clitest.rg000001/providers/Microsoft.Web/sites/slot-test-web000003/slots/staging/operationresults/66776fe8-5d12-4129-84d9-ce321b969f18?api-version=2016-08-01
  response:
    body: {string: ''}
    headers:
      cache-control: [no-cache]
      content-length: ['0']
      date: ['Sun, 18 Feb 2018 02:56:34 GMT']
      expires: ['-1']
      location: ['https://management.azure.com/subscriptions/00000000-0000-0000-0000-000000000000/resourceGroups/clitest.rg000001/providers/Microsoft.Web/sites/slot-test-web000003/slots/staging/operationresults/66776fe8-5d12-4129-84d9-ce321b969f18?api-version=2016-08-01']
      pragma: [no-cache]
      server: [Microsoft-IIS/10.0]
      strict-transport-security: [max-age=31536000; includeSubDomains]
      x-aspnet-version: [4.0.30319]
      x-powered-by: [ASP.NET]
    status: {code: 202, message: Accepted}
- request:
    body: null
    headers:
      Accept: [application/json]
      Accept-Encoding: ['gzip, deflate']
      CommandName: [webapp deployment slot swap]
      Connection: [keep-alive]
      User-Agent: [python/3.5.2 (Windows-10-10.0.16299-SP0) requests/2.18.4 msrest/0.4.18
          msrest_azure/0.4.21 azure-mgmt-web/0.1.0 Azure-SDK-For-Python AZURECLI/2.0.28]
    method: GET
    uri: https://management.azure.com/subscriptions/00000000-0000-0000-0000-000000000000/resourceGroups/clitest.rg000001/providers/Microsoft.Web/sites/slot-test-web000003/slots/staging/operationresults/66776fe8-5d12-4129-84d9-ce321b969f18?api-version=2016-08-01
  response:
    body: {string: '{"id":"/subscriptions/00000000-0000-0000-0000-000000000000/resourceGroups/clitest.rg000001/providers/Microsoft.Web/sites/slot-test-web000003/slots/staging","name":"slot-test-web000003/staging","type":"Microsoft.Web/sites/slots","kind":"app","location":"West
        US","properties":{"name":"slot-test-web000003(staging)","state":"Running","hostNames":["slot-test-web000003-staging.azurewebsites.net"],"webSpace":"clitest.rg000001-WestUSwebspace","selfLink":"https://waws-prod-bay-017.api.azurewebsites.windows.net:454/subscriptions/00000000-0000-0000-0000-000000000000/webspaces/clitest.rg000001-WestUSwebspace/sites/slot-test-web000003","repositorySiteName":"slot-test-web000003","owner":null,"usageState":"Normal","enabled":true,"adminEnabled":true,"enabledHostNames":["slot-test-web000003-staging.azurewebsites.net","slot-test-web000003-staging.scm.azurewebsites.net"],"siteProperties":{"metadata":null,"properties":[{"name":"LinuxFxVersion","value":""}],"appSettings":null},"availabilityState":"Normal","sslCertificates":null,"csrs":[],"cers":null,"siteMode":null,"hostNameSslStates":[{"name":"slot-test-web000003-staging.azurewebsites.net","sslState":"Disabled","ipBasedSslResult":null,"virtualIP":null,"thumbprint":null,"toUpdate":null,"toUpdateIpBasedSsl":null,"ipBasedSslState":"NotConfigured","hostType":"Standard"},{"name":"slot-test-web000003-staging.scm.azurewebsites.net","sslState":"Disabled","ipBasedSslResult":null,"virtualIP":null,"thumbprint":null,"toUpdate":null,"toUpdateIpBasedSsl":null,"ipBasedSslState":"NotConfigured","hostType":"Repository"}],"computeMode":null,"serverFarm":null,"serverFarmId":"/subscriptions/00000000-0000-0000-0000-000000000000/resourceGroups/clitest.rg000001/providers/Microsoft.Web/serverfarms/slot-test-plan000002","reserved":false,"lastModifiedTimeUtc":"2018-02-18T02:56:39.79","storageRecoveryDefaultState":"Running","contentAvailabilityState":"Normal","runtimeAvailabilityState":"Normal","siteConfig":null,"deploymentId":"slot-test-web000003__00a6","trafficManagerHostNames":null,"sku":"Standard","scmSiteAlsoStopped":false,"targetSwapSlot":null,"hostingEnvironment":null,"hostingEnvironmentProfile":null,"clientAffinityEnabled":true,"clientCertEnabled":false,"hostNamesDisabled":false,"domainVerificationIdentifiers":null,"kind":"app","outboundIpAddresses":"23.101.206.54,23.101.194.183,23.101.206.60,23.101.205.197","possibleOutboundIpAddresses":"23.101.206.54,23.101.194.183,23.101.206.60,23.101.205.197","containerSize":0,"dailyMemoryTimeQuota":0,"suspendedTill":null,"siteDisabledReason":0,"functionExecutionUnitsCache":null,"maxNumberOfWorkers":null,"homeStamp":"waws-prod-bay-017","cloningInfo":null,"snapshotInfo":null,"hostingEnvironmentId":null,"tags":null,"resourceGroup":"clitest.rg000001","defaultHostName":"slot-test-web000003-staging.azurewebsites.net","slotSwapStatus":{"timestampUtc":"2018-02-18T02:56:41.511Z","sourceSlotName":"staging","destinationSlotName":"dev"},"httpsOnly":false}}'}
    headers:
      cache-control: [no-cache]
      content-length: ['3306']
      content-type: [application/json]
      date: ['Sun, 18 Feb 2018 02:56:49 GMT']
      etag: ['"1D3A864194318E0"']
      expires: ['-1']
      pragma: [no-cache]
      server: [Microsoft-IIS/10.0]
      strict-transport-security: [max-age=31536000; includeSubDomains]
      transfer-encoding: [chunked]
      vary: [Accept-Encoding]
      x-aspnet-version: [4.0.30319]
      x-powered-by: [ASP.NET]
    status: {code: 200, message: OK}
- request:
    body: null
    headers:
      Accept: [application/json]
      Accept-Encoding: ['gzip, deflate']
      CommandName: [webapp config appsettings list]
      Connection: [keep-alive]
      Content-Length: ['0']
      Content-Type: [application/json; charset=utf-8]
      User-Agent: [python/3.5.2 (Windows-10-10.0.16299-SP0) requests/2.18.4 msrest/0.4.18
          msrest_azure/0.4.21 azure-mgmt-web/0.1.0 Azure-SDK-For-Python AZURECLI/2.0.28]
      accept-language: [en-US]
    method: POST
    uri: https://management.azure.com/subscriptions/00000000-0000-0000-0000-000000000000/resourceGroups/clitest.rg000001/providers/Microsoft.Web/sites/slot-test-web000003/slots/dev/config/appsettings/list?api-version=2016-08-01
  response:
    body: {string: '{"id":"/subscriptions/00000000-0000-0000-0000-000000000000/resourceGroups/clitest.rg000001/providers/Microsoft.Web/sites/slot-test-web000003/slots/dev/config/appsettings","name":"appsettings","type":"Microsoft.Web/sites/config","location":"West
        US","properties":{"s1":"v1","WEBSITE_NODE_DEFAULT_VERSION":"6.9.1","s4":"v4"}}'}
    headers:
      cache-control: [no-cache]
      content-length: ['387']
      content-type: [application/json]
      date: ['Sun, 18 Feb 2018 02:56:51 GMT']
      expires: ['-1']
      pragma: [no-cache]
      server: [Microsoft-IIS/10.0]
      strict-transport-security: [max-age=31536000; includeSubDomains]
      transfer-encoding: [chunked]
      vary: [Accept-Encoding]
      x-aspnet-version: [4.0.30319]
      x-ms-ratelimit-remaining-subscription-resource-requests: ['11999']
      x-powered-by: [ASP.NET]
    status: {code: 200, message: OK}
- request:
    body: null
    headers:
      Accept: [application/json]
      Accept-Encoding: ['gzip, deflate']
      CommandName: [webapp config appsettings list]
      Connection: [keep-alive]
      Content-Type: [application/json; charset=utf-8]
      User-Agent: [python/3.5.2 (Windows-10-10.0.16299-SP0) requests/2.18.4 msrest/0.4.18
          msrest_azure/0.4.21 azure-mgmt-web/0.1.0 Azure-SDK-For-Python AZURECLI/2.0.28]
      accept-language: [en-US]
    method: GET
    uri: https://management.azure.com/subscriptions/00000000-0000-0000-0000-000000000000/resourceGroups/clitest.rg000001/providers/Microsoft.Web/sites/slot-test-web000003/config/slotConfigNames?api-version=2016-08-01
  response:
    body: {string: '{"id":null,"name":"slot-test-web000003","type":"Microsoft.Web/sites","location":"West
        US","properties":{"connectionStringNames":["c2"],"appSettingNames":["s2","s4"]}}'}
    headers:
      cache-control: [no-cache]
      content-length: ['171']
      content-type: [application/json]
      date: ['Sun, 18 Feb 2018 02:56:52 GMT']
      expires: ['-1']
      pragma: [no-cache]
      server: [Microsoft-IIS/10.0]
      strict-transport-security: [max-age=31536000; includeSubDomains]
      transfer-encoding: [chunked]
      vary: [Accept-Encoding]
      x-aspnet-version: [4.0.30319]
      x-powered-by: [ASP.NET]
    status: {code: 200, message: OK}
- request:
    body: null
    headers:
      Accept: [application/json]
      Accept-Encoding: ['gzip, deflate']
      CommandName: [webapp config connection-string list]
      Connection: [keep-alive]
      Content-Length: ['0']
      Content-Type: [application/json; charset=utf-8]
      User-Agent: [python/3.5.2 (Windows-10-10.0.16299-SP0) requests/2.18.4 msrest/0.4.18
          msrest_azure/0.4.21 azure-mgmt-web/0.1.0 Azure-SDK-For-Python AZURECLI/2.0.28]
      accept-language: [en-US]
    method: POST
    uri: https://management.azure.com/subscriptions/00000000-0000-0000-0000-000000000000/resourceGroups/clitest.rg000001/providers/Microsoft.Web/sites/slot-test-web000003/slots/dev/config/connectionstrings/list?api-version=2016-08-01
  response:
    body: {string: '{"id":"/subscriptions/00000000-0000-0000-0000-000000000000/resourceGroups/clitest.rg000001/providers/Microsoft.Web/sites/slot-test-web000003/slots/dev/config/connectionstrings","name":"connectionstrings","type":"Microsoft.Web/sites/config","location":"West
        US","properties":{"c2":{"value":"connection2","type":"MySql"}}}'}
    headers:
      cache-control: [no-cache]
      content-length: ['384']
      content-type: [application/json]
      date: ['Sun, 18 Feb 2018 02:56:58 GMT']
      expires: ['-1']
      pragma: [no-cache]
      server: [Microsoft-IIS/10.0]
      strict-transport-security: [max-age=31536000; includeSubDomains]
      transfer-encoding: [chunked]
      vary: [Accept-Encoding]
      x-aspnet-version: [4.0.30319]
      x-ms-ratelimit-remaining-subscription-resource-requests: ['11999']
      x-powered-by: [ASP.NET]
    status: {code: 200, message: OK}
- request:
    body: null
    headers:
      Accept: [application/json]
      Accept-Encoding: ['gzip, deflate']
      CommandName: [webapp config connection-string list]
      Connection: [keep-alive]
      Content-Type: [application/json; charset=utf-8]
      User-Agent: [python/3.5.2 (Windows-10-10.0.16299-SP0) requests/2.18.4 msrest/0.4.18
          msrest_azure/0.4.21 azure-mgmt-web/0.1.0 Azure-SDK-For-Python AZURECLI/2.0.28]
      accept-language: [en-US]
    method: GET
    uri: https://management.azure.com/subscriptions/00000000-0000-0000-0000-000000000000/resourceGroups/clitest.rg000001/providers/Microsoft.Web/sites/slot-test-web000003/config/slotConfigNames?api-version=2016-08-01
  response:
    body: {string: '{"id":null,"name":"slot-test-web000003","type":"Microsoft.Web/sites","location":"West
        US","properties":{"connectionStringNames":["c2"],"appSettingNames":["s2","s4"]}}'}
    headers:
      cache-control: [no-cache]
      content-length: ['171']
      content-type: [application/json]
      date: ['Sun, 18 Feb 2018 02:56:53 GMT']
      expires: ['-1']
      pragma: [no-cache]
      server: [Microsoft-IIS/10.0]
      strict-transport-security: [max-age=31536000; includeSubDomains]
      transfer-encoding: [chunked]
      vary: [Accept-Encoding]
      x-aspnet-version: [4.0.30319]
      x-powered-by: [ASP.NET]
    status: {code: 200, message: OK}
- request:
    body: null
    headers:
      Accept: [application/json]
      Accept-Encoding: ['gzip, deflate']
      CommandName: [webapp config appsettings list]
      Connection: [keep-alive]
      Content-Length: ['0']
      Content-Type: [application/json; charset=utf-8]
      User-Agent: [python/3.5.2 (Windows-10-10.0.16299-SP0) requests/2.18.4 msrest/0.4.18
          msrest_azure/0.4.21 azure-mgmt-web/0.1.0 Azure-SDK-For-Python AZURECLI/2.0.28]
      accept-language: [en-US]
    method: POST
    uri: https://management.azure.com/subscriptions/00000000-0000-0000-0000-000000000000/resourceGroups/clitest.rg000001/providers/Microsoft.Web/sites/slot-test-web000003/slots/staging/config/appsettings/list?api-version=2016-08-01
  response:
    body: {string: '{"id":"/subscriptions/00000000-0000-0000-0000-000000000000/resourceGroups/clitest.rg000001/providers/Microsoft.Web/sites/slot-test-web000003/slots/staging/config/appsettings","name":"appsettings","type":"Microsoft.Web/sites/config","location":"West
        US","properties":{"s3":"v3","WEBSITE_NODE_DEFAULT_VERSION":"6.9.1"}}'}
    headers:
      cache-control: [no-cache]
      content-length: ['381']
      content-type: [application/json]
      date: ['Sun, 18 Feb 2018 02:56:54 GMT']
      expires: ['-1']
      pragma: [no-cache]
      server: [Microsoft-IIS/10.0]
      strict-transport-security: [max-age=31536000; includeSubDomains]
      transfer-encoding: [chunked]
      vary: [Accept-Encoding]
      x-aspnet-version: [4.0.30319]
      x-ms-ratelimit-remaining-subscription-resource-requests: ['11999']
      x-powered-by: [ASP.NET]
    status: {code: 200, message: OK}
- request:
    body: null
    headers:
      Accept: [application/json]
      Accept-Encoding: ['gzip, deflate']
      CommandName: [webapp config appsettings list]
      Connection: [keep-alive]
      Content-Type: [application/json; charset=utf-8]
      User-Agent: [python/3.5.2 (Windows-10-10.0.16299-SP0) requests/2.18.4 msrest/0.4.18
          msrest_azure/0.4.21 azure-mgmt-web/0.1.0 Azure-SDK-For-Python AZURECLI/2.0.28]
      accept-language: [en-US]
    method: GET
    uri: https://management.azure.com/subscriptions/00000000-0000-0000-0000-000000000000/resourceGroups/clitest.rg000001/providers/Microsoft.Web/sites/slot-test-web000003/config/slotConfigNames?api-version=2016-08-01
  response:
    body: {string: '{"id":null,"name":"slot-test-web000003","type":"Microsoft.Web/sites","location":"West
        US","properties":{"connectionStringNames":["c2"],"appSettingNames":["s2","s4"]}}'}
    headers:
      cache-control: [no-cache]
      content-length: ['171']
      content-type: [application/json]
      date: ['Sun, 18 Feb 2018 02:56:54 GMT']
      expires: ['-1']
      pragma: [no-cache]
      server: [Microsoft-IIS/10.0]
      strict-transport-security: [max-age=31536000; includeSubDomains]
      transfer-encoding: [chunked]
      vary: [Accept-Encoding]
      x-aspnet-version: [4.0.30319]
      x-powered-by: [ASP.NET]
    status: {code: 200, message: OK}
- request:
    body: null
    headers:
      Accept: [application/json]
      Accept-Encoding: ['gzip, deflate']
      CommandName: [webapp config connection-string list]
      Connection: [keep-alive]
      Content-Length: ['0']
      Content-Type: [application/json; charset=utf-8]
      User-Agent: [python/3.5.2 (Windows-10-10.0.16299-SP0) requests/2.18.4 msrest/0.4.18
          msrest_azure/0.4.21 azure-mgmt-web/0.1.0 Azure-SDK-For-Python AZURECLI/2.0.28]
      accept-language: [en-US]
    method: POST
    uri: https://management.azure.com/subscriptions/00000000-0000-0000-0000-000000000000/resourceGroups/clitest.rg000001/providers/Microsoft.Web/sites/slot-test-web000003/slots/staging/config/connectionstrings/list?api-version=2016-08-01
  response:
    body: {string: '{"id":"/subscriptions/00000000-0000-0000-0000-000000000000/resourceGroups/clitest.rg000001/providers/Microsoft.Web/sites/slot-test-web000003/slots/staging/config/connectionstrings","name":"connectionstrings","type":"Microsoft.Web/sites/config","location":"West
        US","properties":{"c1":{"value":"connection1","type":"MySql"}}}'}
    headers:
      cache-control: [no-cache]
      content-length: ['388']
      content-type: [application/json]
      date: ['Sun, 18 Feb 2018 02:56:53 GMT']
      expires: ['-1']
      pragma: [no-cache]
      server: [Microsoft-IIS/10.0]
      strict-transport-security: [max-age=31536000; includeSubDomains]
      transfer-encoding: [chunked]
      vary: [Accept-Encoding]
      x-aspnet-version: [4.0.30319]
      x-ms-ratelimit-remaining-subscription-resource-requests: ['11999']
      x-powered-by: [ASP.NET]
    status: {code: 200, message: OK}
- request:
    body: null
    headers:
      Accept: [application/json]
      Accept-Encoding: ['gzip, deflate']
      CommandName: [webapp config connection-string list]
      Connection: [keep-alive]
      Content-Type: [application/json; charset=utf-8]
      User-Agent: [python/3.5.2 (Windows-10-10.0.16299-SP0) requests/2.18.4 msrest/0.4.18
          msrest_azure/0.4.21 azure-mgmt-web/0.1.0 Azure-SDK-For-Python AZURECLI/2.0.28]
      accept-language: [en-US]
    method: GET
    uri: https://management.azure.com/subscriptions/00000000-0000-0000-0000-000000000000/resourceGroups/clitest.rg000001/providers/Microsoft.Web/sites/slot-test-web000003/config/slotConfigNames?api-version=2016-08-01
  response:
    body: {string: '{"id":null,"name":"slot-test-web000003","type":"Microsoft.Web/sites","location":"West
        US","properties":{"connectionStringNames":["c2"],"appSettingNames":["s2","s4"]}}'}
    headers:
      cache-control: [no-cache]
      content-length: ['171']
      content-type: [application/json]
      date: ['Sun, 18 Feb 2018 02:56:54 GMT']
      expires: ['-1']
      pragma: [no-cache]
      server: [Microsoft-IIS/10.0]
      strict-transport-security: [max-age=31536000; includeSubDomains]
      transfer-encoding: [chunked]
      vary: [Accept-Encoding]
      x-aspnet-version: [4.0.30319]
      x-powered-by: [ASP.NET]
    status: {code: 200, message: OK}
- request:
    body: null
    headers:
      Accept: [application/json]
      Accept-Encoding: ['gzip, deflate']
      CommandName: [webapp deployment slot list]
      Connection: [keep-alive]
      Content-Type: [application/json; charset=utf-8]
      User-Agent: [python/3.5.2 (Windows-10-10.0.16299-SP0) requests/2.18.4 msrest/0.4.18
          msrest_azure/0.4.21 azure-mgmt-web/0.1.0 Azure-SDK-For-Python AZURECLI/2.0.28]
      accept-language: [en-US]
    method: GET
    uri: https://management.azure.com/subscriptions/00000000-0000-0000-0000-000000000000/resourceGroups/clitest.rg000001/providers/Microsoft.Web/sites/slot-test-web000003/slots?api-version=2016-08-01
  response:
    body: {string: '{"value":[{"id":"/subscriptions/00000000-0000-0000-0000-000000000000/resourceGroups/clitest.rg000001/providers/Microsoft.Web/sites/slot-test-web000003/slots/dev","name":"slot-test-web000003/dev","type":"Microsoft.Web/sites/slots","kind":"app","location":"West
        US","properties":{"name":"slot-test-web000003(dev)","state":"Running","hostNames":["slot-test-web000003-dev.azurewebsites.net"],"webSpace":"clitest.rg000001-WestUSwebspace","selfLink":"https://waws-prod-bay-017.api.azurewebsites.windows.net:454/subscriptions/00000000-0000-0000-0000-000000000000/webspaces/clitest.rg000001-WestUSwebspace/sites/slot-test-web000003","repositorySiteName":"slot-test-web000003","owner":null,"usageState":"Normal","enabled":true,"adminEnabled":true,"enabledHostNames":["slot-test-web000003-dev.azurewebsites.net","slot-test-web000003-dev.scm.azurewebsites.net"],"siteProperties":{"metadata":null,"properties":[{"name":"LinuxFxVersion","value":""}],"appSettings":null},"availabilityState":"Normal","sslCertificates":null,"csrs":[],"cers":null,"siteMode":null,"hostNameSslStates":[{"name":"slot-test-web000003-dev.azurewebsites.net","sslState":"Disabled","ipBasedSslResult":null,"virtualIP":null,"thumbprint":null,"toUpdate":null,"toUpdateIpBasedSsl":null,"ipBasedSslState":"NotConfigured","hostType":"Standard"},{"name":"slot-test-web000003-dev.scm.azurewebsites.net","sslState":"Disabled","ipBasedSslResult":null,"virtualIP":null,"thumbprint":null,"toUpdate":null,"toUpdateIpBasedSsl":null,"ipBasedSslState":"NotConfigured","hostType":"Repository"}],"computeMode":null,"serverFarm":null,"serverFarmId":"/subscriptions/00000000-0000-0000-0000-000000000000/resourceGroups/clitest.rg000001/providers/Microsoft.Web/serverfarms/slot-test-plan000002","reserved":false,"lastModifiedTimeUtc":"2018-02-18T02:55:46.853","storageRecoveryDefaultState":"Running","contentAvailabilityState":"Normal","runtimeAvailabilityState":"Normal","siteConfig":null,"deploymentId":"slot-test-web000003","trafficManagerHostNames":null,"sku":"Standard","scmSiteAlsoStopped":false,"targetSwapSlot":null,"hostingEnvironment":null,"hostingEnvironmentProfile":null,"clientAffinityEnabled":true,"clientCertEnabled":false,"hostNamesDisabled":false,"domainVerificationIdentifiers":null,"kind":"app","outboundIpAddresses":"23.101.206.54,23.101.194.183,23.101.206.60,23.101.205.197","possibleOutboundIpAddresses":"23.101.206.54,23.101.194.183,23.101.206.60,23.101.205.197","containerSize":0,"dailyMemoryTimeQuota":0,"suspendedTill":null,"siteDisabledReason":0,"functionExecutionUnitsCache":null,"maxNumberOfWorkers":null,"homeStamp":"waws-prod-bay-017","cloningInfo":null,"snapshotInfo":null,"hostingEnvironmentId":null,"tags":null,"resourceGroup":"clitest.rg000001","defaultHostName":"slot-test-web000003-dev.azurewebsites.net","slotSwapStatus":{"timestampUtc":"2018-02-18T02:56:41.511Z","sourceSlotName":"staging","destinationSlotName":"dev"},"httpsOnly":false}},{"id":"/subscriptions/00000000-0000-0000-0000-000000000000/resourceGroups/clitest.rg000001/providers/Microsoft.Web/sites/slot-test-web000003/slots/staging","name":"slot-test-web000003/staging","type":"Microsoft.Web/sites/slots","kind":"app","location":"West
        US","properties":{"name":"slot-test-web000003(staging)","state":"Running","hostNames":["slot-test-web000003-staging.azurewebsites.net"],"webSpace":"clitest.rg000001-WestUSwebspace","selfLink":"https://waws-prod-bay-017.api.azurewebsites.windows.net:454/subscriptions/00000000-0000-0000-0000-000000000000/webspaces/clitest.rg000001-WestUSwebspace/sites/slot-test-web000003","repositorySiteName":"slot-test-web000003","owner":null,"usageState":"Normal","enabled":true,"adminEnabled":true,"enabledHostNames":["slot-test-web000003-staging.azurewebsites.net","slot-test-web000003-staging.scm.azurewebsites.net"],"siteProperties":{"metadata":null,"properties":[{"name":"LinuxFxVersion","value":""}],"appSettings":null},"availabilityState":"Normal","sslCertificates":null,"csrs":[],"cers":null,"siteMode":null,"hostNameSslStates":[{"name":"slot-test-web000003-staging.azurewebsites.net","sslState":"Disabled","ipBasedSslResult":null,"virtualIP":null,"thumbprint":null,"toUpdate":null,"toUpdateIpBasedSsl":null,"ipBasedSslState":"NotConfigured","hostType":"Standard"},{"name":"slot-test-web000003-staging.scm.azurewebsites.net","sslState":"Disabled","ipBasedSslResult":null,"virtualIP":null,"thumbprint":null,"toUpdate":null,"toUpdateIpBasedSsl":null,"ipBasedSslState":"NotConfigured","hostType":"Repository"}],"computeMode":null,"serverFarm":null,"serverFarmId":"/subscriptions/00000000-0000-0000-0000-000000000000/resourceGroups/clitest.rg000001/providers/Microsoft.Web/serverfarms/slot-test-plan000002","reserved":false,"lastModifiedTimeUtc":"2018-02-18T02:56:39.79","storageRecoveryDefaultState":"Running","contentAvailabilityState":"Normal","runtimeAvailabilityState":"Normal","siteConfig":null,"deploymentId":"slot-test-web000003__00a6","trafficManagerHostNames":null,"sku":"Standard","scmSiteAlsoStopped":false,"targetSwapSlot":null,"hostingEnvironment":null,"hostingEnvironmentProfile":null,"clientAffinityEnabled":true,"clientCertEnabled":false,"hostNamesDisabled":false,"domainVerificationIdentifiers":null,"kind":"app","outboundIpAddresses":"23.101.206.54,23.101.194.183,23.101.206.60,23.101.205.197","possibleOutboundIpAddresses":"23.101.206.54,23.101.194.183,23.101.206.60,23.101.205.197","containerSize":0,"dailyMemoryTimeQuota":0,"suspendedTill":null,"siteDisabledReason":0,"functionExecutionUnitsCache":null,"maxNumberOfWorkers":null,"homeStamp":"waws-prod-bay-017","cloningInfo":null,"snapshotInfo":null,"hostingEnvironmentId":null,"tags":null,"resourceGroup":"clitest.rg000001","defaultHostName":"slot-test-web000003-staging.azurewebsites.net","slotSwapStatus":{"timestampUtc":"2018-02-18T02:56:41.511Z","sourceSlotName":"staging","destinationSlotName":"dev"},"httpsOnly":false}}],"nextLink":null,"id":null}'}
    headers:
      cache-control: [no-cache]
      content-length: ['6610']
      content-type: [application/json]
      date: ['Sun, 18 Feb 2018 02:56:54 GMT']
      expires: ['-1']
      pragma: [no-cache]
      server: [Microsoft-IIS/10.0]
      strict-transport-security: [max-age=31536000; includeSubDomains]
      transfer-encoding: [chunked]
      vary: [Accept-Encoding]
      x-aspnet-version: [4.0.30319]
      x-powered-by: [ASP.NET]
    status: {code: 200, message: OK}
- request:
    body: null
    headers:
      Accept: [application/json]
      Accept-Encoding: ['gzip, deflate']
      CommandName: [webapp deployment slot delete]
      Connection: [keep-alive]
      Content-Length: ['0']
      Content-Type: [application/json; charset=utf-8]
      User-Agent: [python/3.5.2 (Windows-10-10.0.16299-SP0) requests/2.18.4 msrest/0.4.18
          msrest_azure/0.4.21 azure-mgmt-web/0.1.0 Azure-SDK-For-Python AZURECLI/2.0.28]
      accept-language: [en-US]
    method: DELETE
    uri: https://management.azure.com/subscriptions/00000000-0000-0000-0000-000000000000/resourceGroups/clitest.rg000001/providers/Microsoft.Web/sites/slot-test-web000003/slots/staging?api-version=2016-08-01
  response:
    body: {string: ''}
    headers:
      cache-control: [no-cache]
      content-length: ['0']
      date: ['Sun, 18 Feb 2018 02:56:57 GMT']
      etag: ['"1D3A864194318E0"']
      expires: ['-1']
      pragma: [no-cache]
      server: [Microsoft-IIS/10.0]
      strict-transport-security: [max-age=31536000; includeSubDomains]
      x-aspnet-version: [4.0.30319]
      x-ms-ratelimit-remaining-subscription-writes: ['1199']
      x-powered-by: [ASP.NET]
    status: {code: 200, message: OK}
- request:
    body: null
    headers:
      Accept: [application/json]
      Accept-Encoding: ['gzip, deflate']
      CommandName: [group delete]
      Connection: [keep-alive]
      Content-Length: ['0']
      Content-Type: [application/json; charset=utf-8]
      User-Agent: [python/3.5.2 (Windows-10-10.0.16299-SP0) requests/2.18.4 msrest/0.4.18
          msrest_azure/0.4.21 resourcemanagementclient/1.2.1 Azure-SDK-For-Python
          AZURECLI/2.0.28]
      accept-language: [en-US]
    method: DELETE
    uri: https://management.azure.com/subscriptions/00000000-0000-0000-0000-000000000000/resourcegroups/clitest.rg000001?api-version=2017-05-10
  response:
    body: {string: ''}
    headers:
      cache-control: [no-cache]
      content-length: ['0']
      date: ['Sun, 18 Feb 2018 02:56:57 GMT']
      expires: ['-1']
      location: ['https://management.azure.com/subscriptions/00000000-0000-0000-0000-000000000000/operationresults/eyJqb2JJZCI6IlJFU09VUkNFR1JPVVBERUxFVElPTkpPQi1DTElURVNUOjJFUkdYNElLSTJGQUpQR0JJUFNEUzJZS0FYWFZENkwzRExYVE1RWXw2MjJDMUZERDNFRjUzQ0E3LVdFU1RVUyIsImpvYkxvY2F0aW9uIjoid2VzdHVzIn0?api-version=2017-05-10']
      pragma: [no-cache]
      strict-transport-security: [max-age=31536000; includeSubDomains]
      x-ms-ratelimit-remaining-subscription-writes: ['1199']
    status: {code: 202, message: Accepted}
version: 1
