interactions:
- request:
    body: '{"tags": {"use": "az-test"}, "location": "westus"}'
    headers:
      Accept: [application/json]
      Accept-Encoding: ['gzip, deflate']
      CommandName: [group create]
      Connection: [keep-alive]
      Content-Length: ['50']
      Content-Type: [application/json; charset=utf-8]
      User-Agent: [python/3.5.3 (Windows-10-10.0.16299-SP0) requests/2.18.4 msrest/0.4.25
          msrest_azure/0.4.20 resourcemanagementclient/1.2.1 Azure-SDK-For-Python
          AZURECLI/2.0.29]
      accept-language: [en-US]
    method: PUT
    uri: https://management.azure.com/subscriptions/00000000-0000-0000-0000-000000000000/resourcegroups/clitest.rg000001?api-version=2018-05-01
  response:
    body: {string: '{"id":"/subscriptions/00000000-0000-0000-0000-000000000000/resourceGroups/clitest.rg000001","name":"clitest.rg000001","location":"westus","tags":{"use":"az-test"},"properties":{"provisioningState":"Succeeded"}}'}
    headers:
      cache-control: [no-cache]
      content-length: ['328']
      content-type: [application/json; charset=utf-8]
      date: ['Wed, 28 Feb 2018 17:16:40 GMT']
      expires: ['-1']
      pragma: [no-cache]
      strict-transport-security: [max-age=31536000; includeSubDomains]
      x-content-type-options: [nosniff]
      x-ms-ratelimit-remaining-subscription-writes: ['1199']
    status: {code: 201, message: Created}
- request:
    body: null
    headers:
      Accept: [application/json]
      Accept-Encoding: ['gzip, deflate']
      CommandName: [appservice plan create]
      Connection: [keep-alive]
      Content-Type: [application/json; charset=utf-8]
      User-Agent: [python/3.5.3 (Windows-10-10.0.16299-SP0) requests/2.18.4 msrest/0.4.25
          msrest_azure/0.4.20 resourcemanagementclient/1.2.1 Azure-SDK-For-Python
          AZURECLI/2.0.29]
      accept-language: [en-US]
    method: GET
    uri: https://management.azure.com/subscriptions/00000000-0000-0000-0000-000000000000/resourcegroups/clitest.rg000001?api-version=2018-05-01
  response:
    body: {string: '{"id":"/subscriptions/00000000-0000-0000-0000-000000000000/resourceGroups/clitest.rg000001","name":"clitest.rg000001","location":"westus","tags":{"use":"az-test"},"properties":{"provisioningState":"Succeeded"}}'}
    headers:
      cache-control: [no-cache]
      content-length: ['328']
      content-type: [application/json; charset=utf-8]
      date: ['Wed, 28 Feb 2018 17:16:41 GMT']
      expires: ['-1']
      pragma: [no-cache]
      strict-transport-security: [max-age=31536000; includeSubDomains]
      vary: [Accept-Encoding]
      x-content-type-options: [nosniff]
    status: {code: 200, message: OK}
- request:
    body: 'b''{"properties": {"name": "win-log000003", "perSiteScaling": false}, "location":
      "westus", "sku": {"capacity": 1, "name": "B1", "tier": "BASIC"}}'''
    headers:
      Accept: [application/json]
      Accept-Encoding: ['gzip, deflate']
      CommandName: [appservice plan create]
      Connection: [keep-alive]
      Content-Length: ['154']
      Content-Type: [application/json; charset=utf-8]
      User-Agent: [python/3.5.3 (Windows-10-10.0.16299-SP0) requests/2.18.4 msrest/0.4.25
          msrest_azure/0.4.20 azure-mgmt-web/0.35.0 Azure-SDK-For-Python AZURECLI/2.0.29]
      accept-language: [en-US]
    method: PUT
    uri: https://management.azure.com/subscriptions/00000000-0000-0000-0000-000000000000/resourceGroups/clitest.rg000001/providers/Microsoft.Web/serverfarms/win-log000003?api-version=2016-09-01
  response:
    body: {string: '{"id":"/subscriptions/00000000-0000-0000-0000-000000000000/resourceGroups/clitest.rg000001/providers/Microsoft.Web/serverfarms/win-log000003","name":"win-log000003","type":"Microsoft.Web/serverfarms","kind":"app","location":"West
        US","properties":{"serverFarmId":0,"name":"win-log000003","workerSize":"Default","workerSizeId":0,"workerTierName":null,"numberOfWorkers":1,"currentWorkerSize":"Default","currentWorkerSizeId":0,"currentNumberOfWorkers":1,"status":"Ready","webSpace":"clitest.rg000001-WestUSwebspace","subscription":"0b1f6471-1bf0-4dda-aec3-cb9272f09590","adminSiteName":null,"hostingEnvironment":null,"hostingEnvironmentProfile":null,"maximumNumberOfWorkers":3,"planName":"VirtualDedicatedPlan","adminRuntimeSiteName":null,"computeMode":"Shared","siteMode":null,"geoRegion":"West
        US","perSiteScaling":false,"numberOfSites":0,"hostingEnvironmentId":null,"isSpot":false,"spotExpirationTime":null,"tags":null,"kind":"app","resourceGroup":"clitest.rg000001","reserved":false,"mdmId":"waws-prod-bay-091_7721","targetWorkerCount":0,"targetWorkerSizeId":0,"provisioningState":"Succeeded"},"sku":{"name":"B1","tier":"Basic","size":"B1","family":"B","capacity":1}}'}
    headers:
      cache-control: [no-cache]
      content-length: ['1378']
      content-type: [application/json]
      date: ['Wed, 28 Feb 2018 17:16:53 GMT']
      expires: ['-1']
      pragma: [no-cache]
      server: [Microsoft-IIS/10.0]
      strict-transport-security: [max-age=31536000; includeSubDomains]
      transfer-encoding: [chunked]
      vary: [Accept-Encoding]
      x-aspnet-version: [4.0.30319]
      x-content-type-options: [nosniff]
      x-ms-ratelimit-remaining-subscription-writes: ['1199']
      x-powered-by: [ASP.NET]
    status: {code: 200, message: OK}
- request:
    body: null
    headers:
      Accept: [application/json]
      Accept-Encoding: ['gzip, deflate']
      CommandName: [webapp create]
      Connection: [keep-alive]
      Content-Type: [application/json; charset=utf-8]
      User-Agent: [python/3.5.3 (Windows-10-10.0.16299-SP0) requests/2.18.4 msrest/0.4.25
          msrest_azure/0.4.20 azure-mgmt-web/0.35.0 Azure-SDK-For-Python AZURECLI/2.0.29]
      accept-language: [en-US]
    method: GET
    uri: https://management.azure.com/subscriptions/00000000-0000-0000-0000-000000000000/resourceGroups/clitest.rg000001/providers/Microsoft.Web/serverfarms/win-log000003?api-version=2016-09-01
  response:
    body: {string: '{"id":"/subscriptions/00000000-0000-0000-0000-000000000000/resourceGroups/clitest.rg000001/providers/Microsoft.Web/serverfarms/win-log000003","name":"win-log000003","type":"Microsoft.Web/serverfarms","kind":"app","location":"West
        US","properties":{"serverFarmId":0,"name":"win-log000003","workerSize":"Default","workerSizeId":0,"workerTierName":null,"numberOfWorkers":1,"currentWorkerSize":"Default","currentWorkerSizeId":0,"currentNumberOfWorkers":1,"status":"Ready","webSpace":"clitest.rg000001-WestUSwebspace","subscription":"0b1f6471-1bf0-4dda-aec3-cb9272f09590","adminSiteName":null,"hostingEnvironment":null,"hostingEnvironmentProfile":null,"maximumNumberOfWorkers":3,"planName":"VirtualDedicatedPlan","adminRuntimeSiteName":null,"computeMode":"Shared","siteMode":null,"geoRegion":"West
        US","perSiteScaling":false,"numberOfSites":0,"hostingEnvironmentId":null,"isSpot":false,"spotExpirationTime":null,"tags":null,"kind":"app","resourceGroup":"clitest.rg000001","reserved":false,"mdmId":"waws-prod-bay-091_7721","targetWorkerCount":0,"targetWorkerSizeId":0,"provisioningState":"Succeeded"},"sku":{"name":"B1","tier":"Basic","size":"B1","family":"B","capacity":1}}'}
    headers:
      cache-control: [no-cache]
      content-length: ['1378']
      content-type: [application/json]
      date: ['Wed, 28 Feb 2018 17:16:53 GMT']
      expires: ['-1']
      pragma: [no-cache]
      server: [Microsoft-IIS/10.0]
      strict-transport-security: [max-age=31536000; includeSubDomains]
      transfer-encoding: [chunked]
      vary: [Accept-Encoding]
      x-aspnet-version: [4.0.30319]
      x-content-type-options: [nosniff]
      x-powered-by: [ASP.NET]
    status: {code: 200, message: OK}
- request:
    body: null
    headers:
      Accept: [application/json]
      Accept-Encoding: ['gzip, deflate']
      CommandName: [webapp create]
      Connection: [keep-alive]
      Content-Type: [application/json; charset=utf-8]
      User-Agent: [python/3.5.3 (Windows-10-10.0.16299-SP0) requests/2.18.4 msrest/0.4.25
          msrest_azure/0.4.20 azure-mgmt-web/0.35.0 Azure-SDK-For-Python AZURECLI/2.0.29]
      accept-language: [en-US]
    method: GET
    uri: https://management.azure.com/providers/Microsoft.Web/availableStacks?api-version=2016-03-01&osTypeSelected=Windows
  response:
    body: {string: '{"value":[{"id":null,"name":"aspnet","type":"Microsoft.Web/availableStacks?osTypeSelected=Windows","properties":{"name":"aspnet","display":"Net
        Framework Version","dependency":null,"majorVersions":[{"displayVersion":"v4.7","runtimeVersion":"v4.0","isDefault":true,"minorVersions":[]},{"displayVersion":"v3.5","runtimeVersion":"v2.0","isDefault":false,"minorVersions":[]}],"frameworks":[]}},{"id":null,"name":"node","type":"Microsoft.Web/availableStacks?osTypeSelected=Windows","properties":{"name":"node","display":"node.js
        Version","dependency":null,"majorVersions":[{"displayVersion":"0.6","runtimeVersion":"0.6","isDefault":false,"minorVersions":[{"displayVersion":"0.6.20","runtimeVersion":"0.6.20","isDefault":true}]},{"displayVersion":"0.8","runtimeVersion":"0.8","isDefault":false,"minorVersions":[{"displayVersion":"0.8.2","runtimeVersion":"0.8.2","isDefault":false},{"displayVersion":"0.8.19","runtimeVersion":"0.8.19","isDefault":false},{"displayVersion":"0.8.26","runtimeVersion":"0.8.26","isDefault":false},{"displayVersion":"0.8.27","runtimeVersion":"0.8.27","isDefault":false},{"displayVersion":"0.8.28","runtimeVersion":"0.8.28","isDefault":true}]},{"displayVersion":"0.10","runtimeVersion":"0.10","isDefault":false,"minorVersions":[{"displayVersion":"0.10.5","runtimeVersion":"0.10.5","isDefault":false},{"displayVersion":"0.10.18","runtimeVersion":"0.10.18","isDefault":false},{"displayVersion":"0.10.21","runtimeVersion":"0.10.21","isDefault":false},{"displayVersion":"0.10.24","runtimeVersion":"0.10.24","isDefault":false},{"displayVersion":"0.10.28","runtimeVersion":"0.10.28","isDefault":false},{"displayVersion":"0.10.29","runtimeVersion":"0.10.29","isDefault":false},{"displayVersion":"0.10.31","runtimeVersion":"0.10.31","isDefault":false},{"displayVersion":"0.10.32","runtimeVersion":"0.10.32","isDefault":false},{"displayVersion":"0.10.40","runtimeVersion":"0.10.40","isDefault":false},{"displayVersion":"0.10.5","runtimeVersion":"0.10.5","isDefault":true}]},{"displayVersion":"0.12","runtimeVersion":"0.12","isDefault":false,"minorVersions":[{"displayVersion":"0.12.0","runtimeVersion":"0.12.0","isDefault":false},{"displayVersion":"0.12.2","runtimeVersion":"0.12.2","isDefault":false},{"displayVersion":"0.12.3","runtimeVersion":"0.12.3","isDefault":false},{"displayVersion":"0.12.6","runtimeVersion":"0.12.6","isDefault":true}]},{"displayVersion":"4.0","runtimeVersion":"4.0","isDefault":false,"minorVersions":[{"displayVersion":"4.0.0","runtimeVersion":"4.0.0","isDefault":true}]},{"displayVersion":"4.1","runtimeVersion":"4.1","isDefault":false,"minorVersions":[{"displayVersion":"4.1.0","runtimeVersion":"4.1.0","isDefault":false},{"displayVersion":"4.1.2","runtimeVersion":"4.1.2","isDefault":true}]},{"displayVersion":"4.2","runtimeVersion":"4.2","isDefault":false,"minorVersions":[{"displayVersion":"4.2.1","runtimeVersion":"4.2.1","isDefault":false},{"displayVersion":"4.2.2","runtimeVersion":"4.2.2","isDefault":false},{"displayVersion":"4.2.3","runtimeVersion":"4.2.3","isDefault":false},{"displayVersion":"4.2.4","runtimeVersion":"4.2.4","isDefault":true}]},{"displayVersion":"4.2","runtimeVersion":"4.2","isDefault":false,"minorVersions":[{"displayVersion":"4.2.4","runtimeVersion":"4.2.4","isDefault":true}]},{"displayVersion":"4.3","runtimeVersion":"4.3","isDefault":false,"minorVersions":[{"displayVersion":"4.3.0","runtimeVersion":"4.3.0","isDefault":false},{"displayVersion":"4.3.2","runtimeVersion":"4.3.2","isDefault":true}]},{"displayVersion":"4.4","runtimeVersion":"4.4","isDefault":false,"minorVersions":[{"displayVersion":"4.4.0","runtimeVersion":"4.4.0","isDefault":false},{"displayVersion":"4.4.1","runtimeVersion":"4.4.1","isDefault":false},{"displayVersion":"4.4.6","runtimeVersion":"4.4.6","isDefault":false},{"displayVersion":"4.4.7","runtimeVersion":"4.4.7","isDefault":true}]},{"displayVersion":"4.5","runtimeVersion":"4.5","isDefault":false,"minorVersions":[{"displayVersion":"4.5.0","runtimeVersion":"4.5.0","isDefault":true}]},{"displayVersion":"4.6","runtimeVersion":"4.6","isDefault":false,"minorVersions":[{"displayVersion":"4.6.0","runtimeVersion":"4.6.0","isDefault":false},{"displayVersion":"4.6.1","runtimeVersion":"4.6.1","isDefault":true}]},{"displayVersion":"5.0","runtimeVersion":"5.0","isDefault":false,"minorVersions":[{"displayVersion":"5.0.0","runtimeVersion":"5.0.0","isDefault":true}]},{"displayVersion":"5.1","runtimeVersion":"5.1","isDefault":false,"minorVersions":[{"displayVersion":"5.1.1","runtimeVersion":"5.1.1","isDefault":true}]},{"displayVersion":"5.3","runtimeVersion":"5.3","isDefault":false,"minorVersions":[{"displayVersion":"5.3.0","runtimeVersion":"5.3.0","isDefault":true}]},{"displayVersion":"5.4","runtimeVersion":"5.4","isDefault":false,"minorVersions":[{"displayVersion":"5.4.0","runtimeVersion":"5.4.0","isDefault":true}]},{"displayVersion":"5.5","runtimeVersion":"5.5","isDefault":false,"minorVersions":[{"displayVersion":"5.5.0","runtimeVersion":"5.5.0","isDefault":true}]},{"displayVersion":"5.6","runtimeVersion":"5.6","isDefault":false,"minorVersions":[{"displayVersion":"5.6.0","runtimeVersion":"5.6.0","isDefault":true}]},{"displayVersion":"5.7","runtimeVersion":"5.7","isDefault":false,"minorVersions":[{"displayVersion":"5.7.0","runtimeVersion":"5.7.0","isDefault":false},{"displayVersion":"5.7.1","runtimeVersion":"5.7.1","isDefault":true}]},{"displayVersion":"5.8","runtimeVersion":"5.8","isDefault":false,"minorVersions":[{"displayVersion":"5.8.0","runtimeVersion":"5.8.0","isDefault":true}]},{"displayVersion":"5.9","runtimeVersion":"5.9","isDefault":false,"minorVersions":[{"displayVersion":"5.9.1","runtimeVersion":"5.9.1","isDefault":true}]},{"displayVersion":"6.0","runtimeVersion":"6.0","isDefault":false,"minorVersions":[{"displayVersion":"6.0.0","runtimeVersion":"6.0.0","isDefault":true}]},{"displayVersion":"6.1","runtimeVersion":"6.1","isDefault":false,"minorVersions":[{"displayVersion":"6.1.0","runtimeVersion":"6.1.0","isDefault":true}]},{"displayVersion":"6.10","runtimeVersion":"6.10","isDefault":false,"minorVersions":[{"displayVersion":"6.10.0","runtimeVersion":"6.10.0","isDefault":true}]},{"displayVersion":"6.2","runtimeVersion":"6.2","isDefault":false,"minorVersions":[{"displayVersion":"6.2.2","runtimeVersion":"6.2.2","isDefault":true}]},{"displayVersion":"6.3","runtimeVersion":"6.3","isDefault":false,"minorVersions":[{"displayVersion":"6.3.0","runtimeVersion":"6.3.0","isDefault":true}]},{"displayVersion":"6.5","runtimeVersion":"6.5","isDefault":false,"minorVersions":[{"displayVersion":"6.5.0","runtimeVersion":"6.5.0","isDefault":true}]},{"displayVersion":"6.6","runtimeVersion":"6.6","isDefault":false,"minorVersions":[{"displayVersion":"6.6.0","runtimeVersion":"6.6.0","isDefault":true}]},{"displayVersion":"6.7","runtimeVersion":"6.7","isDefault":false,"minorVersions":[{"displayVersion":"6.7.0","runtimeVersion":"6.7.0","isDefault":true}]},{"displayVersion":"6.9","runtimeVersion":"6.9","isDefault":false,"minorVersions":[{"displayVersion":"6.9.0","runtimeVersion":"6.9.0","isDefault":false},{"displayVersion":"6.9.1","runtimeVersion":"6.9.1","isDefault":false},{"displayVersion":"6.9.2","runtimeVersion":"6.9.2","isDefault":false},{"displayVersion":"6.9.4","runtimeVersion":"6.9.4","isDefault":false},{"displayVersion":"6.9.5","runtimeVersion":"6.9.5","isDefault":true}]},{"displayVersion":"7.0","runtimeVersion":"7.0","isDefault":false,"minorVersions":[{"displayVersion":"7.0.0","runtimeVersion":"7.0.0","isDefault":true}]},{"displayVersion":"7.1","runtimeVersion":"7.1","isDefault":false,"minorVersions":[{"displayVersion":"7.1.0","runtimeVersion":"7.1.0","isDefault":true}]},{"displayVersion":"7.2","runtimeVersion":"7.2","isDefault":false,"minorVersions":[{"displayVersion":"7.2.0","runtimeVersion":"7.2.0","isDefault":true}]},{"displayVersion":"7.3","runtimeVersion":"7.3","isDefault":false,"minorVersions":[{"displayVersion":"7.3.0","runtimeVersion":"7.3.0","isDefault":true}]},{"displayVersion":"7.4","runtimeVersion":"7.4","isDefault":false,"minorVersions":[{"displayVersion":"7.4.0","runtimeVersion":"7.4.0","isDefault":true}]},{"displayVersion":"7.5","runtimeVersion":"7.5","isDefault":false,"minorVersions":[{"displayVersion":"7.5.0","runtimeVersion":"7.5.0","isDefault":true}]},{"displayVersion":"7.6","runtimeVersion":"7.6","isDefault":false,"minorVersions":[{"displayVersion":"7.6.0","runtimeVersion":"7.6.0","isDefault":true}]},{"displayVersion":"7.7","runtimeVersion":"7.7","isDefault":false,"minorVersions":[{"displayVersion":"7.7.4","runtimeVersion":"7.7.4","isDefault":true}]},{"displayVersion":"7.10","runtimeVersion":"7.10","isDefault":false,"minorVersions":[{"displayVersion":"7.10.1","runtimeVersion":"7.10.1","isDefault":true}]},{"displayVersion":"8.0","runtimeVersion":"8.0","isDefault":false,"minorVersions":[{"displayVersion":"8.0.0","runtimeVersion":"8.0.0","isDefault":true}]},{"displayVersion":"8.1","runtimeVersion":"8.1","isDefault":true,"minorVersions":[{"displayVersion":"8.1.4","runtimeVersion":"8.1.4","isDefault":true}]}],"frameworks":[]}},{"id":null,"name":"php","type":"Microsoft.Web/availableStacks?osTypeSelected=Windows","properties":{"name":"php","display":"PHP
        Version","dependency":null,"majorVersions":[{"displayVersion":"5.5 (deprecated)","runtimeVersion":"5.5","isDefault":false,"minorVersions":[]},{"displayVersion":"5.6","runtimeVersion":"5.6","isDefault":true,"minorVersions":[]},{"displayVersion":"7.0","runtimeVersion":"7.0","isDefault":false,"minorVersions":[]},{"displayVersion":"7.1","runtimeVersion":"7.1","isDefault":false,"minorVersions":[]}],"frameworks":[]}},{"id":null,"name":"python","type":"Microsoft.Web/availableStacks?osTypeSelected=Windows","properties":{"name":"python","display":"Python
        Version","dependency":null,"majorVersions":[{"displayVersion":"2.7","runtimeVersion":"2.7","isDefault":false,"minorVersions":[{"displayVersion":"2.7","runtimeVersion":"2.7.3","isDefault":true}]},{"displayVersion":"3.4","runtimeVersion":"3.4","isDefault":false,"minorVersions":[{"displayVersion":"3.4","runtimeVersion":"3.4.0","isDefault":true}]}],"frameworks":[]}},{"id":null,"name":"java","type":"Microsoft.Web/availableStacks?osTypeSelected=Windows","properties":{"name":"java","display":"Java
        Version","dependency":null,"majorVersions":[{"displayVersion":"1.7","runtimeVersion":"1.7","isDefault":false,"minorVersions":[{"displayVersion":"1.7.0_51","runtimeVersion":"1.7.0_51","isDefault":false},{"displayVersion":"1.7.0_71","runtimeVersion":"1.7.0_71","isDefault":true}]},{"displayVersion":"1.8","runtimeVersion":"1.8","isDefault":true,"minorVersions":[{"displayVersion":"1.8.0_25","runtimeVersion":"1.8.0_25","isDefault":false},{"displayVersion":"1.8.0_60","runtimeVersion":"1.8.0_60","isDefault":false},{"displayVersion":"1.8.0_73","runtimeVersion":"1.8.0_73","isDefault":false},{"displayVersion":"1.8.0_111","runtimeVersion":"1.8.0_111","isDefault":false},{"displayVersion":"Zulu-1.8.0_92","runtimeVersion":"1.8.0_92","isDefault":false},{"displayVersion":"Zulu-1.8.0_102","runtimeVersion":"1.8.0_102","isDefault":false},{"displayVersion":"Zulu-1.8.0_144","runtimeVersion":"1.8.0_144","isDefault":true}]}],"frameworks":[]}},{"id":null,"name":"javaContainers","type":"Microsoft.Web/availableStacks?osTypeSelected=Windows","properties":{"name":"javaContainers","display":"Java
        Containers","dependency":"java","majorVersions":[],"frameworks":[{"name":"tomcat","display":"Tomcat","dependency":null,"majorVersions":[{"displayVersion":"7.0","runtimeVersion":"7.0","isDefault":false,"minorVersions":[{"displayVersion":"7.0.50","runtimeVersion":"7.0.50","isDefault":false},{"displayVersion":"7.0.62","runtimeVersion":"7.0.62","isDefault":false},{"displayVersion":"7.0.81","runtimeVersion":"7.0.81","isDefault":true}]},{"displayVersion":"8.0","runtimeVersion":"8.0","isDefault":false,"minorVersions":[{"displayVersion":"8.0.23","runtimeVersion":"8.0.23","isDefault":false},{"displayVersion":"8.0.46","runtimeVersion":"8.0.46","isDefault":true}]},{"displayVersion":"8.5","runtimeVersion":"8.5","isDefault":false,"minorVersions":[{"displayVersion":"8.5.6","runtimeVersion":"8.5.6","isDefault":false},{"displayVersion":"8.5.20","runtimeVersion":"8.5.20","isDefault":true}]},{"displayVersion":"9.0","runtimeVersion":"9.0","isDefault":true,"minorVersions":[{"displayVersion":"9.0.0","runtimeVersion":"9.0.0","isDefault":true}]}],"frameworks":null},{"name":"jetty","display":"Jetty","dependency":null,"majorVersions":[{"displayVersion":"9.1","runtimeVersion":"9.1","isDefault":false,"minorVersions":[{"displayVersion":"9.1.0.v20131115","runtimeVersion":"9.1.0.20131115","isDefault":true}]},{"displayVersion":"9.3","runtimeVersion":"9.3","isDefault":true,"minorVersions":[{"displayVersion":"9.3.13.v20161014","runtimeVersion":"9.3.13.20161014","isDefault":true}]}],"frameworks":null}]}}],"nextLink":null,"id":null}'}
    headers:
      cache-control: [no-cache]
      content-length: ['12808']
      content-type: [application/json]
      date: ['Wed, 28 Feb 2018 17:16:54 GMT']
      expires: ['-1']
      pragma: [no-cache]
      server: [Microsoft-IIS/10.0]
      strict-transport-security: [max-age=31536000; includeSubDomains]
      transfer-encoding: [chunked]
      vary: [Accept-Encoding]
      x-aspnet-version: [4.0.30319]
      x-content-type-options: [nosniff]
      x-powered-by: [ASP.NET]
    status: {code: 200, message: OK}
- request:
    body: 'b''b\''{"properties": {"siteConfig": {"netFrameworkVersion": "v4.6", "appSettings":
      [{"name": "WEBSITE_NODE_DEFAULT_VERSION", "value": "6.1.0"}], "localMySqlEnabled":
      false, "http20Enabled": true}, "scmSiteAlsoStopped": false, "reserved": false,
      "serverFarmId": "/subscriptions/00000000-0000-0000-0000-000000000000/resourceGroups/clitest.rg000001/providers/Microsoft.Web/serverfarms/win-log000003"},
      "location": "West US"}\'''''
    headers:
      Accept: [application/json]
      Accept-Encoding: ['gzip, deflate']
      CommandName: [webapp create]
      Connection: [keep-alive]
      Content-Length: ['485']
      Content-Type: [application/json; charset=utf-8]
      User-Agent: [python/3.5.3 (Windows-10-10.0.16299-SP0) requests/2.18.4 msrest/0.4.25
          msrest_azure/0.4.20 azure-mgmt-web/0.35.0 Azure-SDK-For-Python AZURECLI/2.0.29]
      accept-language: [en-US]
    method: PUT
    uri: https://management.azure.com/subscriptions/00000000-0000-0000-0000-000000000000/resourceGroups/clitest.rg000001/providers/Microsoft.Web/sites/webapp-win-log000002?api-version=2016-08-01
  response:
    body: {string: '{"id":"/subscriptions/00000000-0000-0000-0000-000000000000/resourceGroups/clitest.rg000001/providers/Microsoft.Web/sites/webapp-win-log000002","name":"webapp-win-log000002","type":"Microsoft.Web/sites","kind":"app","location":"West
        US","properties":{"name":"webapp-win-log000002","state":"Running","hostNames":["webapp-win-log000002.azurewebsites.net"],"webSpace":"clitest.rg000001-WestUSwebspace","selfLink":"https://waws-prod-bay-091.api.azurewebsites.windows.net:454/subscriptions/00000000-0000-0000-0000-000000000000/webspaces/clitest.rg000001-WestUSwebspace/sites/webapp-win-log000002","repositorySiteName":"webapp-win-log000002","owner":null,"usageState":"Normal","enabled":true,"adminEnabled":true,"enabledHostNames":["webapp-win-log000002.azurewebsites.net","webapp-win-log000002.scm.azurewebsites.net"],"siteProperties":{"metadata":null,"properties":[{"name":"LinuxFxVersion","value":""}],"appSettings":null},"availabilityState":"Normal","sslCertificates":null,"csrs":[],"cers":null,"siteMode":null,"hostNameSslStates":[{"name":"webapp-win-log000002.azurewebsites.net","sslState":"Disabled","ipBasedSslResult":null,"virtualIP":null,"thumbprint":null,"toUpdate":null,"toUpdateIpBasedSsl":null,"ipBasedSslState":"NotConfigured","hostType":"Standard"},{"name":"webapp-win-log000002.scm.azurewebsites.net","sslState":"Disabled","ipBasedSslResult":null,"virtualIP":null,"thumbprint":null,"toUpdate":null,"toUpdateIpBasedSsl":null,"ipBasedSslState":"NotConfigured","hostType":"Repository"}],"computeMode":null,"serverFarm":null,"serverFarmId":"/subscriptions/00000000-0000-0000-0000-000000000000/resourceGroups/clitest.rg000001/providers/Microsoft.Web/serverfarms/win-log000003","reserved":false,"lastModifiedTimeUtc":"2018-02-28T17:16:57.6166667","storageRecoveryDefaultState":"Running","contentAvailabilityState":"Normal","runtimeAvailabilityState":"Normal","siteConfig":null,"deploymentId":"webapp-win-log000002","trafficManagerHostNames":null,"sku":"Basic","scmSiteAlsoStopped":false,"targetSwapSlot":null,"hostingEnvironment":null,"hostingEnvironmentProfile":null,"clientAffinityEnabled":true,"clientCertEnabled":false,"hostNamesDisabled":false,"domainVerificationIdentifiers":null,"kind":"app","outboundIpAddresses":"104.42.128.171,104.42.131.62,104.42.134.143,104.42.130.245,104.42.133.164","possibleOutboundIpAddresses":"104.42.128.171,104.42.131.62,104.42.134.143,104.42.130.245,104.42.133.164,104.42.129.68,104.42.130.49","containerSize":0,"dailyMemoryTimeQuota":0,"suspendedTill":null,"siteDisabledReason":0,"functionExecutionUnitsCache":null,"maxNumberOfWorkers":null,"homeStamp":"waws-prod-bay-091","cloningInfo":null,"snapshotInfo":null,"hostingEnvironmentId":null,"tags":null,"resourceGroup":"clitest.rg000001","defaultHostName":"webapp-win-log000002.azurewebsites.net","slotSwapStatus":null,"httpsOnly":false}}'}
    headers:
      cache-control: [no-cache]
      content-length: ['3183']
      content-type: [application/json]
      date: ['Wed, 28 Feb 2018 17:17:00 GMT']
      etag: ['"1D3B0B7F0447B80"']
      expires: ['-1']
      pragma: [no-cache]
      server: [Microsoft-IIS/10.0]
      strict-transport-security: [max-age=31536000; includeSubDomains]
      transfer-encoding: [chunked]
      vary: [Accept-Encoding]
      x-aspnet-version: [4.0.30319]
      x-content-type-options: [nosniff]
      x-ms-ratelimit-remaining-subscription-writes: ['1199']
      x-powered-by: [ASP.NET]
    status: {code: 200, message: OK}
- request:
    body: null
    headers:
      Accept: [application/json]
      Accept-Encoding: ['gzip, deflate']
      CommandName: [webapp create]
      Connection: [keep-alive]
      Content-Type: [application/json; charset=utf-8]
      User-Agent: [python/3.5.3 (Windows-10-10.0.16299-SP0) requests/2.18.4 msrest/0.4.25
          msrest_azure/0.4.20 azure-mgmt-web/0.35.0 Azure-SDK-For-Python AZURECLI/2.0.29]
      accept-language: [en-US]
    method: GET
    uri: https://management.azure.com/subscriptions/00000000-0000-0000-0000-000000000000/resourceGroups/clitest.rg000001/providers/Microsoft.Web/sites/webapp-win-log000002?api-version=2016-08-01
  response:
    body: {string: '{"id":"/subscriptions/00000000-0000-0000-0000-000000000000/resourceGroups/clitest.rg000001/providers/Microsoft.Web/sites/webapp-win-log000002","name":"webapp-win-log000002","type":"Microsoft.Web/sites","kind":"app","location":"West
        US","properties":{"name":"webapp-win-log000002","state":"Running","hostNames":["webapp-win-log000002.azurewebsites.net"],"webSpace":"clitest.rg000001-WestUSwebspace","selfLink":"https://waws-prod-bay-091.api.azurewebsites.windows.net:454/subscriptions/00000000-0000-0000-0000-000000000000/webspaces/clitest.rg000001-WestUSwebspace/sites/webapp-win-log000002","repositorySiteName":"webapp-win-log000002","owner":null,"usageState":"Normal","enabled":true,"adminEnabled":true,"enabledHostNames":["webapp-win-log000002.azurewebsites.net","webapp-win-log000002.scm.azurewebsites.net"],"siteProperties":{"metadata":null,"properties":[{"name":"LinuxFxVersion","value":""}],"appSettings":null},"availabilityState":"Normal","sslCertificates":null,"csrs":[],"cers":null,"siteMode":null,"hostNameSslStates":[{"name":"webapp-win-log000002.azurewebsites.net","sslState":"Disabled","ipBasedSslResult":null,"virtualIP":null,"thumbprint":null,"toUpdate":null,"toUpdateIpBasedSsl":null,"ipBasedSslState":"NotConfigured","hostType":"Standard"},{"name":"webapp-win-log000002.scm.azurewebsites.net","sslState":"Disabled","ipBasedSslResult":null,"virtualIP":null,"thumbprint":null,"toUpdate":null,"toUpdateIpBasedSsl":null,"ipBasedSslState":"NotConfigured","hostType":"Repository"}],"computeMode":null,"serverFarm":null,"serverFarmId":"/subscriptions/00000000-0000-0000-0000-000000000000/resourceGroups/clitest.rg000001/providers/Microsoft.Web/serverfarms/win-log000003","reserved":false,"lastModifiedTimeUtc":"2018-02-28T17:16:58.04","storageRecoveryDefaultState":"Running","contentAvailabilityState":"Normal","runtimeAvailabilityState":"Normal","siteConfig":null,"deploymentId":"webapp-win-log000002","trafficManagerHostNames":null,"sku":"Basic","scmSiteAlsoStopped":false,"targetSwapSlot":null,"hostingEnvironment":null,"hostingEnvironmentProfile":null,"clientAffinityEnabled":true,"clientCertEnabled":false,"hostNamesDisabled":false,"domainVerificationIdentifiers":null,"kind":"app","outboundIpAddresses":"104.42.128.171,104.42.131.62,104.42.134.143,104.42.130.245,104.42.133.164","possibleOutboundIpAddresses":"104.42.128.171,104.42.131.62,104.42.134.143,104.42.130.245,104.42.133.164,104.42.129.68,104.42.130.49","containerSize":0,"dailyMemoryTimeQuota":0,"suspendedTill":null,"siteDisabledReason":0,"functionExecutionUnitsCache":null,"maxNumberOfWorkers":null,"homeStamp":"waws-prod-bay-091","cloningInfo":null,"snapshotInfo":null,"hostingEnvironmentId":null,"tags":null,"resourceGroup":"clitest.rg000001","defaultHostName":"webapp-win-log000002.azurewebsites.net","slotSwapStatus":null,"httpsOnly":false}}'}
    headers:
      cache-control: [no-cache]
      content-length: ['3178']
      content-type: [application/json]
      date: ['Wed, 28 Feb 2018 17:17:00 GMT']
      etag: ['"1D3B0B7F0447B80"']
      expires: ['-1']
      pragma: [no-cache]
      server: [Microsoft-IIS/10.0]
      strict-transport-security: [max-age=31536000; includeSubDomains]
      transfer-encoding: [chunked]
      vary: [Accept-Encoding]
      x-aspnet-version: [4.0.30319]
      x-content-type-options: [nosniff]
      x-powered-by: [ASP.NET]
    status: {code: 200, message: OK}
- request:
    body: '{"properties": {"isManualIntegration": true, "branch": "master", "isMercurial":
      false, "repoUrl": "https://github.com/yugangw-msft/azure-site-test.git"}, "kind":
      "West US"}'
    headers:
      Accept: [application/json]
      Accept-Encoding: ['gzip, deflate']
      CommandName: [webapp create]
      Connection: [keep-alive]
      Content-Length: ['172']
      Content-Type: [application/json; charset=utf-8]
      User-Agent: [python/3.5.3 (Windows-10-10.0.16299-SP0) requests/2.18.4 msrest/0.4.25
          msrest_azure/0.4.20 azure-mgmt-web/0.35.0 Azure-SDK-For-Python AZURECLI/2.0.29]
      accept-language: [en-US]
    method: PUT
    uri: https://management.azure.com/subscriptions/00000000-0000-0000-0000-000000000000/resourceGroups/clitest.rg000001/providers/Microsoft.Web/sites/webapp-win-log000002/sourcecontrols/web?api-version=2016-08-01
  response:
    body: {string: '{"id":"/subscriptions/00000000-0000-0000-0000-000000000000/resourceGroups/clitest.rg000001/providers/Microsoft.Web/sites/webapp-win-log000002/sourcecontrols/web","name":"webapp-win-log000002","type":"Microsoft.Web/sites/sourcecontrols","location":"West
        US","properties":{"repoUrl":"https://github.com/yugangw-msft/azure-site-test.git","branch":"master","isManualIntegration":true,"deploymentRollbackEnabled":false,"isMercurial":false,"provisioningState":"InProgress"}}'}
    headers:
      cache-control: [no-cache]
      content-length: ['535']
      content-type: [application/json]
      date: ['Wed, 28 Feb 2018 17:17:11 GMT']
      etag: ['"1D3B0B7F8527415"']
      expires: ['-1']
      pragma: [no-cache]
      server: [Microsoft-IIS/10.0]
      strict-transport-security: [max-age=31536000; includeSubDomains]
      x-aspnet-version: [4.0.30319]
      x-content-type-options: [nosniff]
      x-ms-ratelimit-remaining-subscription-writes: ['1199']
      x-powered-by: [ASP.NET]
    status: {code: 201, message: Created}
- request:
    body: null
    headers:
      Accept: [application/json]
      Accept-Encoding: ['gzip, deflate']
      CommandName: [webapp create]
      Connection: [keep-alive]
      User-Agent: [python/3.5.3 (Windows-10-10.0.16299-SP0) requests/2.18.4 msrest/0.4.25
          msrest_azure/0.4.20 azure-mgmt-web/0.35.0 Azure-SDK-For-Python AZURECLI/2.0.29]
    method: GET
    uri: https://management.azure.com/subscriptions/00000000-0000-0000-0000-000000000000/resourceGroups/clitest.rg000001/providers/Microsoft.Web/sites/webapp-win-log000002/sourcecontrols/web?api-version=2016-08-01
  response:
    body: {string: '{"id":"/subscriptions/00000000-0000-0000-0000-000000000000/resourceGroups/clitest.rg000001/providers/Microsoft.Web/sites/webapp-win-log000002/sourcecontrols/web","name":"webapp-win-log000002","type":"Microsoft.Web/sites/sourcecontrols","location":"West
        US","properties":{"repoUrl":"https://github.com/yugangw-msft/azure-site-test.git","branch":"master","isManualIntegration":true,"deploymentRollbackEnabled":false,"isMercurial":false,"provisioningState":"InProgress","provisioningDetails":"2018-02-28T17:17:40.4256685
        https://webapp-win-log000002.scm.azurewebsites.net/api/deployments/latest?deployer=GitHub&time=2018-02-28_17-17-28Z"}}'}
    headers:
      cache-control: [no-cache]
      content-length: ['707']
      content-type: [application/json]
      date: ['Wed, 28 Feb 2018 17:17:43 GMT']
      etag: ['"1D3B0B7F8527415"']
      expires: ['-1']
      pragma: [no-cache]
      server: [Microsoft-IIS/10.0]
      strict-transport-security: [max-age=31536000; includeSubDomains]
      x-aspnet-version: [4.0.30319]
      x-content-type-options: [nosniff]
      x-powered-by: [ASP.NET]
    status: {code: 201, message: Created}
- request:
    body: null
    headers:
      Accept: [application/json]
      Accept-Encoding: ['gzip, deflate']
      CommandName: [webapp create]
      Connection: [keep-alive]
      User-Agent: [python/3.5.3 (Windows-10-10.0.16299-SP0) requests/2.18.4 msrest/0.4.25
          msrest_azure/0.4.20 azure-mgmt-web/0.35.0 Azure-SDK-For-Python AZURECLI/2.0.29]
    method: GET
    uri: https://management.azure.com/subscriptions/00000000-0000-0000-0000-000000000000/resourceGroups/clitest.rg000001/providers/Microsoft.Web/sites/webapp-win-log000002/sourcecontrols/web?api-version=2016-08-01
  response:
    body: {string: '{"id":"/subscriptions/00000000-0000-0000-0000-000000000000/resourceGroups/clitest.rg000001/providers/Microsoft.Web/sites/webapp-win-log000002/sourcecontrols/web","name":"webapp-win-log000002","type":"Microsoft.Web/sites/sourcecontrols","location":"West
        US","properties":{"repoUrl":"https://github.com/yugangw-msft/azure-site-test.git","branch":"master","isManualIntegration":true,"deploymentRollbackEnabled":false,"isMercurial":false,"provisioningState":"Succeeded"}}'}
    headers:
      cache-control: [no-cache]
      content-length: ['534']
      content-type: [application/json]
      date: ['Wed, 28 Feb 2018 17:18:13 GMT']
      etag: ['"1D3B0B7F8527415"']
      expires: ['-1']
      pragma: [no-cache]
      server: [Microsoft-IIS/10.0]
      strict-transport-security: [max-age=31536000; includeSubDomains]
      transfer-encoding: [chunked]
      vary: [Accept-Encoding]
      x-aspnet-version: [4.0.30319]
      x-content-type-options: [nosniff]
      x-powered-by: [ASP.NET]
    status: {code: 200, message: OK}
- request:
    body: '{}'
    headers:
      Accept: [application/json]
      Accept-Encoding: ['gzip, deflate']
      CommandName: [webapp create]
      Connection: [keep-alive]
      Content-Length: ['2']
      Content-Type: [application/json; charset=utf-8]
      User-Agent: [python/3.5.3 (Windows-10-10.0.16299-SP0) requests/2.18.4 msrest/0.4.25
          msrest_azure/0.4.20 azure-mgmt-web/0.35.0 Azure-SDK-For-Python AZURECLI/2.0.29]
      accept-language: [en-US]
    method: POST
    uri: https://management.azure.com/subscriptions/00000000-0000-0000-0000-000000000000/resourceGroups/clitest.rg000001/providers/Microsoft.Web/sites/webapp-win-log000002/publishxml?api-version=2016-08-01
  response:
    body: {string: '<publishData><publishProfile profileName="webapp-win-log000002
        - Web Deploy" publishMethod="MSDeploy" publishUrl="webapp-win-log000002.scm.azurewebsites.net:443"
        msdeploySite="webapp-win-log000002" userName="$webapp-win-log000002" userPWD="hvvot69a4qwgg1nwj9RY6N1kvMBeDtNsmLebwBtrfRuZoz3TmMhpwno9Rt7F"
        destinationAppUrl="http://webapp-win-log000002.azurewebsites.net" SQLServerDBConnectionString=""
        mySQLDBConnectionString="" hostingProviderForumLink="" controlPanelLink="http://windows.azure.com"
        webSystem="WebSites"><databases /></publishProfile><publishProfile profileName="webapp-win-log000002
        - FTP" publishMethod="FTP" publishUrl="ftp://waws-prod-bay-091.ftp.azurewebsites.windows.net/site/wwwroot"
        ftpPassiveMode="True" userName="webapp-win-log000002\$webapp-win-log000002"
        userPWD="hvvot69a4qwgg1nwj9RY6N1kvMBeDtNsmLebwBtrfRuZoz3TmMhpwno9Rt7F" destinationAppUrl="http://webapp-win-log000002.azurewebsites.net"
        SQLServerDBConnectionString="" mySQLDBConnectionString="" hostingProviderForumLink=""
        controlPanelLink="http://windows.azure.com" webSystem="WebSites"><databases
        /></publishProfile></publishData>'}
    headers:
      cache-control: [no-cache]
      content-length: ['1150']
      content-type: [application/xml]
      date: ['Wed, 28 Feb 2018 17:18:15 GMT']
      expires: ['-1']
      pragma: [no-cache]
      server: [Microsoft-IIS/10.0]
      strict-transport-security: [max-age=31536000; includeSubDomains]
      x-aspnet-version: [4.0.30319]
      x-content-type-options: [nosniff]
      x-ms-ratelimit-remaining-subscription-resource-requests: ['11999']
      x-powered-by: [ASP.NET]
    status: {code: 200, message: OK}
- request:
    body: null
    headers:
      Accept: [application/json]
      Accept-Encoding: ['gzip, deflate']
      CommandName: [webapp log download]
      Connection: [keep-alive]
      Content-Type: [application/json; charset=utf-8]
      User-Agent: [python/3.5.3 (Windows-10-10.0.16299-SP0) requests/2.18.4 msrest/0.4.25
          msrest_azure/0.4.20 azure-mgmt-web/0.35.0 Azure-SDK-For-Python AZURECLI/2.0.29]
      accept-language: [en-US]
    method: GET
    uri: https://management.azure.com/subscriptions/00000000-0000-0000-0000-000000000000/resourceGroups/clitest.rg000001/providers/Microsoft.Web/sites/webapp-win-log000002?api-version=2016-08-01
  response:
    body: {string: '{"id":"/subscriptions/00000000-0000-0000-0000-000000000000/resourceGroups/clitest.rg000001/providers/Microsoft.Web/sites/webapp-win-log000002","name":"webapp-win-log000002","type":"Microsoft.Web/sites","kind":"app","location":"West
        US","properties":{"name":"webapp-win-log000002","state":"Running","hostNames":["webapp-win-log000002.azurewebsites.net"],"webSpace":"clitest.rg000001-WestUSwebspace","selfLink":"https://waws-prod-bay-091.api.azurewebsites.windows.net:454/subscriptions/00000000-0000-0000-0000-000000000000/webspaces/clitest.rg000001-WestUSwebspace/sites/webapp-win-log000002","repositorySiteName":"webapp-win-log000002","owner":null,"usageState":"Normal","enabled":true,"adminEnabled":true,"enabledHostNames":["webapp-win-log000002.azurewebsites.net","webapp-win-log000002.scm.azurewebsites.net"],"siteProperties":{"metadata":null,"properties":[{"name":"LinuxFxVersion","value":""}],"appSettings":null},"availabilityState":"Normal","sslCertificates":null,"csrs":[],"cers":null,"siteMode":null,"hostNameSslStates":[{"name":"webapp-win-log000002.azurewebsites.net","sslState":"Disabled","ipBasedSslResult":null,"virtualIP":null,"thumbprint":null,"toUpdate":null,"toUpdateIpBasedSsl":null,"ipBasedSslState":"NotConfigured","hostType":"Standard"},{"name":"webapp-win-log000002.scm.azurewebsites.net","sslState":"Disabled","ipBasedSslResult":null,"virtualIP":null,"thumbprint":null,"toUpdate":null,"toUpdateIpBasedSsl":null,"ipBasedSslState":"NotConfigured","hostType":"Repository"}],"computeMode":null,"serverFarm":null,"serverFarmId":"/subscriptions/00000000-0000-0000-0000-000000000000/resourceGroups/clitest.rg000001/providers/Microsoft.Web/serverfarms/win-log000003","reserved":false,"lastModifiedTimeUtc":"2018-02-28T17:17:11.5533333","storageRecoveryDefaultState":"Running","contentAvailabilityState":"Normal","runtimeAvailabilityState":"Normal","siteConfig":null,"deploymentId":"webapp-win-log000002","trafficManagerHostNames":null,"sku":"Basic","scmSiteAlsoStopped":false,"targetSwapSlot":null,"hostingEnvironment":null,"hostingEnvironmentProfile":null,"clientAffinityEnabled":true,"clientCertEnabled":false,"hostNamesDisabled":false,"domainVerificationIdentifiers":null,"kind":"app","outboundIpAddresses":"104.42.128.171,104.42.131.62,104.42.134.143,104.42.130.245,104.42.133.164","possibleOutboundIpAddresses":"104.42.128.171,104.42.131.62,104.42.134.143,104.42.130.245,104.42.133.164,104.42.129.68,104.42.130.49","containerSize":0,"dailyMemoryTimeQuota":0,"suspendedTill":null,"siteDisabledReason":0,"functionExecutionUnitsCache":null,"maxNumberOfWorkers":null,"homeStamp":"waws-prod-bay-091","cloningInfo":null,"snapshotInfo":null,"hostingEnvironmentId":null,"tags":null,"resourceGroup":"clitest.rg000001","defaultHostName":"webapp-win-log000002.azurewebsites.net","slotSwapStatus":null,"httpsOnly":false}}'}
    headers:
      cache-control: [no-cache]
      content-length: ['3183']
      content-type: [application/json]
      date: ['Wed, 28 Feb 2018 17:18:46 GMT']
      etag: ['"1D3B0B7F8527415"']
      expires: ['-1']
      pragma: [no-cache]
      server: [Microsoft-IIS/10.0]
      strict-transport-security: [max-age=31536000; includeSubDomains]
      transfer-encoding: [chunked]
      vary: [Accept-Encoding]
      x-aspnet-version: [4.0.30319]
      x-content-type-options: [nosniff]
      x-powered-by: [ASP.NET]
    status: {code: 200, message: OK}
- request:
    body: '{}'
    headers:
      Accept: [application/json]
      Accept-Encoding: ['gzip, deflate']
      CommandName: [webapp log download]
      Connection: [keep-alive]
      Content-Length: ['2']
      Content-Type: [application/json; charset=utf-8]
      User-Agent: [python/3.5.3 (Windows-10-10.0.16299-SP0) requests/2.18.4 msrest/0.4.25
          msrest_azure/0.4.20 azure-mgmt-web/0.35.0 Azure-SDK-For-Python AZURECLI/2.0.29]
      accept-language: [en-US]
    method: POST
    uri: https://management.azure.com/subscriptions/00000000-0000-0000-0000-000000000000/resourceGroups/clitest.rg000001/providers/Microsoft.Web/sites/webapp-win-log000002/publishxml?api-version=2016-08-01
  response:
    body: {string: '<publishData><publishProfile profileName="webapp-win-log000002
        - Web Deploy" publishMethod="MSDeploy" publishUrl="webapp-win-log000002.scm.azurewebsites.net:443"
        msdeploySite="webapp-win-log000002" userName="$webapp-win-log000002" userPWD="hvvot69a4qwgg1nwj9RY6N1kvMBeDtNsmLebwBtrfRuZoz3TmMhpwno9Rt7F"
        destinationAppUrl="http://webapp-win-log000002.azurewebsites.net" SQLServerDBConnectionString=""
        mySQLDBConnectionString="" hostingProviderForumLink="" controlPanelLink="http://windows.azure.com"
        webSystem="WebSites"><databases /></publishProfile><publishProfile profileName="webapp-win-log000002
        - FTP" publishMethod="FTP" publishUrl="ftp://waws-prod-bay-091.ftp.azurewebsites.windows.net/site/wwwroot"
        ftpPassiveMode="True" userName="webapp-win-log000002\$webapp-win-log000002"
        userPWD="hvvot69a4qwgg1nwj9RY6N1kvMBeDtNsmLebwBtrfRuZoz3TmMhpwno9Rt7F" destinationAppUrl="http://webapp-win-log000002.azurewebsites.net"
        SQLServerDBConnectionString="" mySQLDBConnectionString="" hostingProviderForumLink=""
        controlPanelLink="http://windows.azure.com" webSystem="WebSites"><databases
        /></publishProfile></publishData>'}
    headers:
      cache-control: [no-cache]
      content-length: ['1150']
      content-type: [application/xml]
      date: ['Wed, 28 Feb 2018 17:18:46 GMT']
      expires: ['-1']
      pragma: [no-cache]
      server: [Microsoft-IIS/10.0]
      strict-transport-security: [max-age=31536000; includeSubDomains]
      x-aspnet-version: [4.0.30319]
      x-content-type-options: [nosniff]
      x-ms-ratelimit-remaining-subscription-resource-requests: ['11998']
      x-powered-by: [ASP.NET]
    status: {code: 200, message: OK}
- request:
    body: null
    headers:
      Accept: [application/json]
      Accept-Encoding: ['gzip, deflate']
      CommandName: [webapp log download]
      Connection: [keep-alive]
      Content-Length: ['0']
      Content-Type: [application/json; charset=utf-8]
      User-Agent: [python/3.5.3 (Windows-10-10.0.16299-SP0) requests/2.18.4 msrest/0.4.25
          msrest_azure/0.4.20 azure-mgmt-web/0.35.0 Azure-SDK-For-Python AZURECLI/2.0.29]
      accept-language: [en-US]
    method: POST
    uri: https://management.azure.com/subscriptions/00000000-0000-0000-0000-000000000000/resourceGroups/clitest.rg000001/providers/Microsoft.Web/sites/webapp-win-log000002/config/publishingcredentials/list?api-version=2016-08-01
  response:
    body: {string: '{"id":"/subscriptions/00000000-0000-0000-0000-000000000000/resourceGroups/clitest.rg000001/providers/Microsoft.Web/sites/webapp-win-log000002/publishingcredentials/$webapp-win-log000002","name":"webapp-win-log000002","type":"Microsoft.Web/sites/publishingcredentials","location":"West
        US","properties":{"name":null,"publishingUserName":"$webapp-win-log000002","publishingPassword":"hvvot69a4qwgg1nwj9RY6N1kvMBeDtNsmLebwBtrfRuZoz3TmMhpwno9Rt7F","publishingPasswordHash":null,"publishingPasswordHashSalt":null,"metadata":null,"isDeleted":false,"scmUri":"https://$webapp-win-log000002:hvvot69a4qwgg1nwj9RY6N1kvMBeDtNsmLebwBtrfRuZoz3TmMhpwno9Rt7F@webapp-win-log000002.scm.azurewebsites.net"}}'}
    headers:
      cache-control: [no-cache]
      content-length: ['771']
      content-type: [application/json]
      date: ['Wed, 28 Feb 2018 17:18:47 GMT']
      expires: ['-1']
      pragma: [no-cache]
      server: [Microsoft-IIS/10.0]
      strict-transport-security: [max-age=31536000; includeSubDomains]
      transfer-encoding: [chunked]
      vary: [Accept-Encoding]
      x-aspnet-version: [4.0.30319]
      x-content-type-options: [nosniff]
      x-ms-ratelimit-remaining-subscription-resource-requests: ['11999']
      x-powered-by: [ASP.NET]
    status: {code: 200, message: OK}
- request:
    body: null
    headers: {}
    method: GET
    uri: https://webapp-win-log000002.scm.azurewebsites.net/dump
  response:
    body:
      string: !!binary |
        UEsDBBQACAAIADyKXEwAAAAAAAAAAAAAAAASAAAAZGVwbG95bWVudHMvYWN0aXZlDcGBDQAgCAOw
        l5CMyM7RZfx/grZSYz7mIQKyi2V3K5a1mciZG/sBUEsHCFX9O3cnAAAAKAAAAFBLAwQUAAgACAA7
        ilxMAAAAAAAAAAAAAAAAPAAAAGRlcGxveW1lbnRzL2NjODRmZmZmOTJhOTQwNGNlZTU5NWVlODhj
        MDFlYzc5MjQyZmZiMDcvbG9nLmxvZ61Y3Y7jthW+boG+g7AXnQlgsiJFUdT2ZoLsNgXaLILdBAEG
        AxSURNlqbFGV5J24V3mIvcyrBHmXvEBeoR9lW6LHY+26yK6BGQ59vvOdH55zSB4yRUJOuPqGJS/x
        iThlTEVhKO8X3zaF7qt6GXTbbGOL7dp0dBGyMGFJmJFSMUOE0Zxoow0poiJPdZ5GRSYX4Z/+yJ9B
        5ixkImH3i69b0+jWQRemWdvdxtR9UNo2yO1mU/VBVQQ3ea5EiX8pv6GLMk+KFMRImkUlEWmkScaT
        jERxKNPIZCzJ2CWtUZrIRMGeL01t2r1Fntoub6ump4tYmjgsI0UkFzkRLIyIynhOYqnKkHOVSpU4
        FX94zjIhRMwS57POWdWvDMxZr+2jWzmjdF0EvQ2WewrGt3tP4GVwo/+7bU3QVb2/vd8NyC4gpLak
        sD3xyJM2ePHq5cPKbsyDE3yAYy1+se3uRUDsk81JsHvorV13+A5AC4MfTvpr3a+eiHh4CMMF+yOa
        skgJEc77eIiwU0f/3QXfmSx4B52fjmmKc68FZYWsHDDOwwJaSZzIFGF5u63rJ+l2iAqldMHSkuVM
        JoRxg5xGrIkSWUjysCyRWwXPyyG7ngm9p+OLfZhfPvHgmdMf9n+h+aZ4ccn6mCqFYyaj+8XfkTpr
        x/3ouQnwYkAkFTKOwgiW/2NbbN/t6py+ef1NULZ2g0S7kDE3yNCnu4+Pj621/c0lotCkeBpF8f3i
        lVmboVy4mABnZTu37Hrd9nTVb9afAvKFbXbO2AMGXVZ9taxta/4P4Ubn3+ulyzZbz4mnMhYJDHii
        u2ltbrruY+JxxCJ4+0y8M+1700L6ouqEhomQiSu1/7T2+8Fs1EDdNJD6yygfbOvCtPu64GJxMeoe
        3r4MDa4n2yY4FJER8lI0E8rCOGWpGA8yDt2jyWhu67JazmhmUslQqfvFm8P5hu1dZesu0O91tdbZ
        2gS2Hgpjs9Y9av0m0C3SJKSS8vDPw2n8K1aKcn/BUn/F5ckqOVmpacVCGp+s2OkmZye7XJwuPS1A
        4k9kPUbYjU6hIo89doVnGeP0dOV/ldPI48DpSEHQcBITlJ0uRghB0biPCG5xsjNiu53RWEEjHy3y
        ZaB2QoNaf+FxE3SMgaCxLyNPFx6AmhhAYvpaDOPGr8U+t5h6dGJfT4zsGYnGFCfgSNQtPDTl76TT
        DsSnHem7F2k5OUT6dKTPQPoMpM9A0tSHPlGa+tDp5BAnM2Yu6JySQ7YdzcOe561hNUZ8WPkoJ4Yg
        DUcU+GuiCH/5Cy9bE9/6xA9G4rsi8V2R+K5wizHtXJHxFWE1BgphmrYUCI1SyBp/x8s15WtSKCBj
        DriFB+2FQ8HPoxfcQszUNkwWaSox3LxDh8t7lMRjKz4UuWDIfRp825nAbzpDF3NjX76yFns6KCpM
        FK2bdg+ic2rRVZRMfLXN5igX4LjjwLDLlZwfxccxvqq6gfhusw50H5xMAYc+/+B95wK0QJZwlcQc
        TaIGoe8+f/vm1Orddqnr5SNB4yBoZncQoGHwxmJ82zci9IXFgj03SjtwEcaCYfC5EnyaVOF2sy7g
        2d9bxdvXn7/66nWAW5H+/cHXVW5qJMks+RjVT0QiitBpzQ9Ni/nkDtUZtWrIyX8drmkPh70LIXQo
        ccpjlt4vfv3w068ffsQnQHB0Y4ib1IaQRVdJ67bVO1Kit/emhjz+XyW/Mf3KFt0gya+S7EyPUa23
        /a4xthwAwhkAFUaMY+SaDN/21bojG9MuzWD4HPE0dHcKXxqjESzuiVM/iIsZ5efig1pc6fYnw7bO
        AyiIV2GYOsfUtW33cZvxngR7xnBwJ+NzN3kaXP+Wte5x/xzUy8vqJWdxLHGHnyAaXBtJb0lrlsi7
        O7CnyQxApGIWn2Rei3JhCF4EMKBCPzrPVeLHCBRVN1x+UV5AIqZzjoiTlAkM7ZMVptdLKEfHmFEu
        lbsd+mIlzuDqo+rO5fZ+h2B0pcLBTftYY2Kb4aoS9K2TQA3zP8GtoK9ymMrmVZ/Lv9ftzsldqxYK
        t51xmX2txk6XhmRb1zTvhvlwxl70aJWgb0whxU25+Cjfc7H/dHduxJvLg3Ohsqr1euXu6kMO4xAH
        t9u6qQ5FIfzsKua2JgCsupUp7jCvOTC8TJRV2/WDQew6uMJk2yWAMF4Gt5sOv6Ejz0AkDK8HHD1m
        8iVK7A87oouiHaSj4BZ3uEfdFmDoTvw4fVaN+xJusCCK6fo6LZ2pBziMsBPR48yLItm31mUgLlbH
        P26qjatZ3hVl1fcNMW27r6VojddRcHWcVHv2TIKFKSo9VPd2OK3jdOk0D393/sSpUNfp0Xlumn5/
        KERwW5ul7SuNlztogfm+fZ+sRUiJjwvbh99++Rkf19czW+ym4spwwQ5us12P84i8moblVj8S91UY
        490Ez5x55FWh6r4na7zggS+8n85ZLzlnAm3nb4ecxosyrO+6crte7/Yj8NnzHYYUhRk2ESi3x+c7
        lPfefwQ8vOHddp+5Z7w4F7osEkVEXOCRmIuQZCWXxPCSszwVIarws4/EUJVGIhwegV5ND9ITSbqQ
        YamjqFB4do41EWEmiGZ4ii6l0pnMRCni1GH/D1BLBwj2iKiYmAcAAFEXAABQSwMEFAAIAAgAMopc
        TAAAAAAAAAAAAAAAAD0AAABkZXBsb3ltZW50cy9jYzg0ZmZmZjkyYTk0MDRjZWU1OTVlZTg4YzAx
        ZWM3OTI0MmZmYjA3L21hbmlmZXN000vPLMlMz8svSuXlKkhMzk5MT9XLKs7PA/KK8pNTi4uhvOLU
        orLUIiCHl0sPqIWXCwBQSwcITTyJtTIAAAA5AAAAUEsDBBQACAAIADuKXEwAAAAAAAAAAAAAAAA/
        AAAAZGVwbG95bWVudHMvY2M4NGZmZmY5MmE5NDA0Y2VlNTk1ZWU4OGMwMWVjNzkyNDJmZmIwNy9z
        dGF0dXMueG1sjZJNboMwEIX3lXoHxJ4/BwJUjtNN2u7LqpvKMQO1hDGyTZqcrYseqVeo6wREpVQq
        8sJv3vvGY5mvj0+8PYrOO4DSXPYbPwlj34OeyZr37cYfTRMU/pbc3uAahk6eBPTGKs/DvCaMFWlj
        vxLRMo1TBpCVGUBRsDgBlpcoRU2zj3Mc2bCD6GjepCKnsaV9+x4I3RgcXYoucD4FFHnk5mnc42gu
        LPidoLybmtwLzpTUsjEhk2Lqdo44RoDWtAVC69rT476Wlu7tbhikMvZi0RRw6UHJVlmC4GjeOkMb
        akZNnkfGrI2ji154FRyNxc6GE87sqDYXatfXFRdAUJwUQYwCVFRJfmdXloXlOkPlOn3B0RXANVLA
        gB/gjxarJCxWWZ6mpW3xKzqNqMz1w1coRCjL8yS3pJ3+knMY/GviKeUQ+wpDBwZIpUbA0SydyfWr
        ATGQB9ppa05y8hTQWvbdaeHPpZ+nWvyE31BLBwjInFi2ZgEAALwCAABQSwMEFAAAAAAALIpcTAAA
        AAAAAAAAAAAAABMAAABkZXBsb3ltZW50cy9wZW5kaW5nUEsDBBQACAAIACWKXEwAAAAAAAAAAAAA
        AAAYAAAAZGVwbG95bWVudHMvc2V0dGluZ3MueG1se797v419RW6OQllqUXFmfp6tkqGegZJCal5y
        fkpmXrqtUmlJmq6Fkr0dL5dNcWpJCVCsGMhWULBJSS3Iya/MTc0rAfOBIokpKQrZqZW2SklFiXnJ
        GUoKZYk5pam2SrmJxSWpRUoK+hCN+ig6bfThxgIAUEsHCAwFZiRyAAAAjAAAAFBLAwQUAAgACAAw
        ilxMAAAAAAAAAAAAAAAAHAAAAGRlcGxveW1lbnRzL3Rvb2xzL2RlcGxveS5jbWTFVt9v2kgQfkfi
        fxiQLLWn4CS96ws5TkWwXLny67CTphKS5dhL2MbsuvY6hHu4v/1m1jaYQNLeU3kA49mZ/Xb2+2bm
        g1hC03J6Y8+dd3vMG7EbNrKaMGF/Q/O3JnzgwUqBWi7rtXqt3YbWyY8xfbruX0Ofx5HarrnU4ASJ
        iLUx3fAkFUq24dK+sC/fvxrJGGcJT/i3TKRC8/R4eQEGw4rlFqQKuf01BSFT7UcRD+u1zQr9jQHe
        /SGzCOirXhsOwGLz+XSeH9Oc8gLe1GsA5pxjkaZC3u8i8iceZNq/i/gZxBH3U15uUi45A0ygHyXc
        D7eljYew9h84pBliEBoCX8IdB1wTrNC2TNQagixJKElcPopESUqYTTDulVbAk0Ql9drb4pgO11m8
        TwK9TbmOVOBH6E/oQh75W/x+in1JiaYlDnOhO3eHg27PdTrWv2F8Ydn2wk+0WPqBxqyafEymLvTZ
        YDhhffydjaZfxmzies70et5jeWoo0pGpjFjAxMy+EMntzv/EACbJzyLlpo61g2ktNptNohSyxhz+
        WdQJu3W9cXcyHDDH9WZd9+M+7LHtIO7al2LJUwxMWX4WdzZnN8PptXMqNgCBPr3ihR0AEPwp/KQQ
        z/ky6Xm9cT+HjpIa5rSFhyzMIN3KYEfHwkKM/ERGpzDixUcg43VJOONKntC6R4WmIkI6Feds7Pne
        KPhe5RitQgwjIlO0ha9ZqiHJpKQ9m4SI9mzCRmVRiDxPFT4mD+RFaTk4UMfy4zj0tW8tENuidLaD
        NQoS02G23dcHugnc+VqLSOgtDDIZaKTuCbVTyTGrHR7xQE9Q7kVBKThc8jeHw0as53qTaZ95N2zu
        DKeTg3S7Kw5LFUVqQ2f0UaKhkhyUxOMrCZ+FDNUmhe4/pN7P/M6UoKpO6fDmBqzX9rOwrB6JBgvr
        wdtcAEdv2XhmNX/8/pDN7HbouM9iU5SF51F1LNJl63XczHmX3995jKrFPLFb1vn9ENkL3oTK6Oc7
        vDIaACgO8Rq8eP0autnY+8sxUn8J4KH//8JXoKsWrjId1SyV7zqUSvIx2s4zOEGAKOZOs1GuauAd
        N+h1gbuBN/kW2MipVNPSC3VC8UhKpXuxidnCKKbNpoNcK+2f/DF6rQr4YB4wGKtW01E/+jKMqi01
        3A0I2O9MxEvbVLe8uCGXz4dI5OHEm41oINlrqJxKLgsKGw22mWnRvLcO0eugHuH61iO8v4AWjTj7
        OEVvI7M+NOzk2JJoOO4o5BKj5XQ3IKuApn0v9JW9ur+y90e9yh+pFP6grs39Y37f2ZBXvXyYecwH
        qXotP/zJgohev9q7rkJtIvaDB/+eBqkXSoVp0daiWIezlJJFkuMsXVFmK+krs0TMPboDw3wURGPX
        m1qtOFFhZop7Ibjv1o5YxXnPIIL87E/RubhESIawBeUgUGscK0JIVKYFthC98jVsBPbmfGjO8N+K
        y3Kcq1B1P8CZJ6AS4nWsX4p7tcx/q14zw/m+gSPDzFx+0cx3GPjY6UPgT0L3sDR1qrPtWQmvs4tG
        6+D87mAENkcq5k08oRkq6zWDv1sgh5WfggrMxBpCmCUk5w2/A+qMsCc56jmnA+2DMyujKXbEHzkO
        3nvDAKffstfns3kO4dinhHu5W1D1rdfe5Box9/IM+kBIkdKsnWZBwNN0meFwg/j+A1BLBwgtB6TK
        6AQAAO4MAABQSwMEFAAIAAgAMIpcTAAAAAAAAAAAAAAAACQAAABkZXBsb3ltZW50cy90b29scy9k
        ZXBsb3ltZW50Q2FjaGVLZXkzN9QzNDAyNNczNjK11DPg5dKtVNDVzcvXTckv0U1JLcjJr8xNzStR
        0C1SUHKxisnIz02NKc4sSY0pSi3IBzLyiyqVFHTz0SQRGotjSvLzc4qBaoCGpqQCKZDugMSSDDQt
        SObxcgEAUEsHCJCQz/5nAAAAlgAAAFBLAwQUAAAAAABYilxMAAAAAAAAAAAAAAAAGQAAAExvZ0Zp
        bGVzL2t1ZHUvZGVwbG95bWVudC9QSwMEFAAIAAgAJYpcTAAAAAAAAAAAAAAAAFMAAABMb2dGaWxl
        cy9rdWR1L3RyYWNlLzIwMTgtMDItMjhUMTctMTctMTBfMzNmMWE3XzAwMV9TdGFydHVwX1BPU1Rf
        YXBpLXNldHRpbmdzXzBzLnhtbH2OQUvEMBCF74L/YZzzxiap2rK0C8t6KdbdxRTxVsI2aqBNYzM9
        +O9NhQXxsDCXN9/jvVcEMh7IUm9KVKQnmj28mK/ZBELoNMW35CJnXDKZNyJbL8dvpbxHsC6Qdqdo
        SdN3oTOEeepLTLS3STBE1n0EhMHQ59iVeDyoBoG+ffRP5wZvI0kzma/k6gFBnYbm17AfnYly99yq
        p+rYKlW3r9u6etw21WFfIkfYXF8BFH/n73qjXZz/NvRQj0v1hf13AiHZFDeMQTdPmuzo1sCHAIzF
        5CJZgv/jVJz5D1BLBwhfW7ys2wAAADcBAABQSwMEFAAIAAgAJYpcTAAAAAAAAAAAAAAAAE8AAABM
        b2dGaWxlcy9rdWR1L3RyYWNlLzIwMTgtMDItMjhUMTctMTctMTBfMzNmMWE3XzAwMl9QT1NUX2Fw
        aS1zZXR0aW5nc18yMDRfMXMueG1snZPbbtNAEIbvkXiHZa87PqZxUsWVTJrSiByq2CHh0rEnyYKz
        a3bXbenTM3aJhECVAMlXM7/n8M+3I2OxZlbYCmM+lYU6CXlgK/zWoLGclbmleOD5A/ACCAaZH121
        n+cEUcCZkMbmsiBJGO79POKs0VXM3bwWrkFrqZbh7IT2qMqY3y/TjDP7vSa9PneoBWXCKBhcBBd9
        zsZKSiysUDLmHxFrSCrxgF3corQwQ3mwRxrpRdvFsq5iXteVKPL2V/eLUZKzpKG+Wjx3sZi/z43j
        OJxNnmrqEHPf86BQkoZsqMGdMhR7xB3VgUchoVKHXOivNEuZa8cUJyd/bjSSwgiLxpFI/qwNakgO
        NFnMkzYNG9ylbR5oE6tVVaF2I8/xnMHlcOCEHmdPcDLwc39otx9Gu2Fv34ugH0UR9IrdJex23gCw
        54f9ch8Nhl7B2RY2ySaFtUS6UoklrFezP6zeQrJawWz5AaY3f184nWYTuJncz5af55NF1v37mhOc
        bZKUxLfJepbBHZ10kcwn/+7cFm6Vfsx1u8m9VlbF/GhtTbhsYZ7CeDm7SbNkldGdOLt++4ax0a+o
        Lht7UC2qGk2tpKELvsaq7wQtLWfuznIi1zZmTFa2gPc4ewlk+ES3XKiWxJYuzlLUD6hjPheFVkbt
        LUynqUtP4P9vOc6LI54JiXmtxQM9tHb1xNQLtPAJteneQI/ICb3QH3LmXo/eAbCy0R3QVyzwToYB
        kDkjt/Xm97zvB5dnxQ9QSwcIukAvvTMCAADoAwAAUEsDBBQACAAIACaKXEwAAAAAAAAAAAAAAABW
        AAAATG9nRmlsZXMva3VkdS90cmFjZS8yMDE4LTAyLTI4VDE3LTE3LTExXzMzZjFhN18wMDNfR0VU
        X2FwaS1zZXR0aW5ncy1TY21UeXBlXzIwMF8wcy54bWydk19P2zAUxd8n7Tt4fubmb2kS1iBlUKCi
        UNSkK3tMk9vWW2oH2wHGp99NWbVpEtI2yU/3XF/b5/w8MhZbZoVtMOUTWamdkBs2x4cOjeWsLi3V
        A8+PwQsgiAs/OumX7yTDAWdCGlvKilrCcO2XEWedblLulq1wDVpLs4ybV7vie4uc7dBuVZ3yy3HB
        maVSyvXhoFaQEEZBfBQcDTk7U1JiZYWSKb9GbCFrxCONyDoaocVL+Sp9Ko3jOJxdKWNT/oSrsm3h
        SUho1KYU+htNqEvtmGrnlC+dRuowwqJxJNLjFgY1ZBuUtDfrZVjiKu91oPOtVk2D2o08x3Pi4yR2
        Qo+zZ9gZ+Hlr6O+cRKtksB5EMIyiCAbV6hhWKy8GHPjhsF5HceJVnN3DMlvmsJBIFtdYw2I+fdOn
        e8jmc5jOLmFy/vcH5JNiDOfju+nsy834ttjvfcsRzpZZTs0X2WJawNUsL26zm/G/O3gPF0o/lbp/
        0Z1WVqV8a21rODt9/46x0e9wzTq7UT1cGk2rpKE036IrcLwg/IXIoZ1Ys505I/96JCmM10KBzxTg
        7JqzHPUj6pTfiEoro9YWJpPc9SnA/w7urKy2eMAh5a0Wj/Ql+kAz096ihc+ozR7TAWESeqGf7Om1
        RBX02KecmGxEtSfW/WqU/Miqbanpe6SdXUPMmXs6+gDA6k7vm06Yf7wzDIA8HLm9hX/qiXfQfwBQ
        SwcIB2JVUhkCAAC/AwAAUEsDBBQACAAIACeKXEwAAAAAAAAAAAAAAABWAAAATG9nRmlsZXMva3Vk
        dS90cmFjZS8yMDE4LTAyLTI4VDE3LTE3LTE1XzMzZjFhN18wMDRfR0VUX2FwaS1zZXR0aW5ncy1T
        Y21UeXBlXzIwMF8wcy54bWydk11P2zAUhu8n7T94vubks5CUNUgZlFFRKGrSlV26yWnrLbUz2wHG
        r99JWaVpEtqH5KvzHh/b7/t4ZB22zEnXYMYnqtI7qTZsjt86tI6zWjiqR0GYQhBBlJZhctqvYy9I
        BpxJZZ1QFbXE8ToUCWedaTLui1b6Fp2jWdYvql35vUXOdui2us74x3HJmaNSxs3hoFaSECdRehQd
        nXB2rpXCykmtMn6N2ELeyAcakXc0wshn8SJ9ENbzPM6utHUZf8SVaFt4lAoavRHSfKUJtTCerXae
        eO4MUoeVDq2nkB63sGgg36CivXkvwxJXRa8Dne+Mbho0fhJ4gZceD1MvDjh7gp2Fn7eG/s7DZDUc
        rAcJnCRJAoNqdQyrVZACDsL4pF4n6TCoOLuHZb4sYKGQLK6xhsV8+qpP95DP5zCdfYTJxd8fUEzK
        MVyM76azzzfj23K/9zVHOFvmBTVf5otpCVezorzNb8b/7uA9XGrzKEz/ojujnc741rnWcnb29g1j
        o1/hmnVuo3u4DNpWK0tp/oGuAyKHdmLNdfac/OuRpDBeCiU+UYCza84KNA9oMn4jK6OtXjuYTAo/
        pAD/O7hzUW3xgEPGWyMf6Ev0gea2vUUHn9DYPaYDwiQO4nC4p9cRVdBjn3FispHVnlj/i9XqPau2
        wtD3yDq3hpQz/2z0DoDVndk3nbIw2lkGQB6O/N7C3/UoPeg/AFBLBwiwnq1cFQIAAL8DAABQSwME
        FAAIAAgAKYpcTAAAAAAAAAAAAAAAAEIAAABMb2dGaWxlcy9rdWR1L3RyYWNlLzIwMTgtMDItMjhU
        MTctMTctMTlfMzNmMWE3XzAwNV9TaHV0ZG93bl8wcy54bWxVikEOwiAQRfcm3mFkXSoMpkBTewYT
        vQARjCQtrWWI15cuTd7m//eGTGEFijSFK7ttyzPkDPd3Ib98EwPvqP4opOECOZqH1P2ObVVnGMSU
        yaVnTZR6SacZrNHXodE02NSgrBTnqoXod2wrtbJGKQaTy7SFTwmZ/pJLi1ZZ7DoG53E4cQ6+bI7i
        knqQOGfgfDweflBLBwgfNy4dkgAAALcAAABQSwMEFAAIAAgAK4pcTAAAAAAAAAAAAAAAAFoAAABM
        b2dGaWxlcy9rdWR1L3RyYWNlLzIwMTgtMDItMjhUMTctMTctMjJfMzNmMWE3XzAwMV9TdGFydHVw
        X0dFVF9hcGktc2V0dGluZ3MtU2NtVHlwZV8wcy54bWx9j0FLw0AQhe+C/2Gcc7fJbqRNSrZQainB
        WMUNxVtYmrUuJJuYnYD+e1ewIB6EOb038+Z9uSczAFlqjURFeqRpgGfzPhlPCI2mIIuYpywWTKQV
        X67CCDFPM4FgnSftTmElSV65XiJMYysx0oONvCGy7uwjdeqqz8EgdIbe+kbiflchUJAkjpdHgw2G
        EMliJmYLhJ8bibsPMqPT7d6GNmr7UKv74qlWqqyPm7K421TF40FijLC+vgLIf8NsW6NdgHnpWij7
        s/+PJoszhGid3zAGzTRqsr1bAb/tPDAWovPoO/mvn/CL/wVQSwcIdq0u2ucAAABGAQAAUEsDBBQA
        CAAIACuKXEwAAAAAAAAAAAAAAABWAAAATG9nRmlsZXMva3VkdS90cmFjZS8yMDE4LTAyLTI4VDE3
        LTE3LTIyXzMzZjFhN18wMDJfR0VUX2FwaS1zZXR0aW5ncy1TY21UeXBlXzIwMF8xcy54bWydk29v
        2jAQxt9P2nfw/LqXv0BCRyplLW1RKVQkjO6lSQ7wFuLMdtqun34XuqrTJKRtkl/dPb7zPffzyFhs
        mJW2woRP6kLtZb1lC/zeorGclcJSPPD8GLwAgjj3o1M6QeAMez5nsjZW1AVJwnDji4izVlcJd0Uj
        XYPWUi3jZsU+/9EgZ3u0O1Um/Gqcc2YplHD92qiRlAiCcHASnAw4O1d1jYWVqk74DWIDaSUfqETa
        Ugktn8VL6pMwjuNwdq2MTfgjrkXTwKOsoVJbIfU3qlAK7Zhi74jnViMpjLRonBppuKVBDekWa7qb
        dmlY4Trr8kD9rVZVhdqNPMdz4v4wdkKPsyfYG/j1aujePIzWw96mF8EgiiLoFes+rNdeDNjzw0G5
        ieKhV3B2D6t0lcGyRrK4xBKWi+lRn+4hXSxgOr+CycXfN8gm+RguxnfT+Zfb8Sw/3D3mCGerNCPx
        Zbqc5nA9z/JZejv+dwfv4VLpR6G7ie60sirhO2sbw9nZ+3eMjX6Ha97arerg0mgaVRva5jG6QicI
        4zdEXuXEmm3NOfnXIUnLeAnk+EQLnN9wlqF+QJ3wW1loZdTGwmSSuT4t8L8Xdy6KHb7ikPBGywf6
        Et1CU9PM0MJn1OaAaY8wCb3QHx7otUQVdNgnnJisZHEg1v1qVP2RFTuh6Xskrd0AzemejT4AsLLV
        B9Ep8/t7wwDIw5HbWfhnvv8m+AlQSwcIxCkG+hkCAADAAwAAUEsDBBQACAAIAC6KXEwAAAAAAAAA
        AAAAAABJAAAATG9nRmlsZXMva3VkdS90cmFjZS8yMDE4LTAyLTI4VDE3LTE3LTIzXzMzZjFhN18w
        MDNfUE9TVF9kZXBsb3lfMjAyXzZzLnhtbJVU227bOBB9X2D/geXDPnV0s2zJ2aiFNnEat84FlrJO
        +7KgpYlNVCZVksqlX9+RHaNBEQNbgE/DuZ45Z46tw5Y56RrM+FRVeiPVis3xW4fWcVYLR/YoCFMI
        IojSMkyO6EUDLx0POZPKOqEqchkM7kKRcNaZJuN+jW2jn97balM+tZhNHh0aJZoP0v0lNu3f0ub2
        SVWZMx1ytkG31nXGr6+KkjPXB3Czb6CV9BNFg9Hb6O2IsxOtFFZOapXxT4gt5I28pxxkd6gczFCt
        3Drj45CzvKO8Rn4XO/d/hPU8j7PJY0sZMh4GAVQUJlXfxLm2ZHvApWhbeJAKGr0S0nylWrUwHk3i
        ie+dQfKw0qH1FBI8NxYN5CuqnPG8/4YFLov+H/qOjG4aNH4SeIGXDsepNwg4e4SNhef5oJ9unCzH
        8V2cwChJEoir5RCWyyAFjMPBqL5L0nFQcXYLi3xRwI1CWlKNNdzMZ7+L9C3k8znMrj7A9PT/1y2m
        5QROJ9ezq88Xk8tyG3sIKM4WeUHOZ/nNrIRz2uhlfjH5fWBv4aKAbeH5pCjn05NycgofF2XG8enj
        do23cKbNgzA9FNdGO53xtXOt5ezdn38wdvyS12foqvW5UDVt4zCnh14yJNpsw39JUDhhHNuxekPb
        JuIzt0a2FNXXldGdqg+nHXlxRMLw3x2/AWB1Z7Z8PGJhGkYbywB2/fp9w7/6RMMgeOHzcqarzq10
        r1WDttXKEocPiTX14oQG2ytr707SdZ09ITL1Co842xlKfOzZXFXYOqS5CjT3aDJ+ISujrb5zMJ0W
        fkic5mymq2d1bbE/8v1DxHhdQb5o5fOx6GG1fkP3xrr3O6SpKl2M8265PRpObjD7eYn+CxOgF6Vf
        SP2iWuNecRlvjbynPL1mctteooN/0djtzYhJiYNgEI5fWUgcJHusj1/dxnAUxXuPH1BLBwjo6nXl
        xAIAADgFAABQSwMEFAAIAAgAPIpcTAAAAAAAAAAAAAAAAFEAAABMb2dGaWxlcy9rdWR1L3RyYWNl
        LzIwMTgtMDItMjhUMTctMTctMjZfMzNmMWE3XzAwNF9CYWNrZ3JvdW5kX1BPU1RfZGVwbG95XzMw
        cy54bWzVVl2L6zYQfS/0P6h+KPc+2GvL3+nmQu/u3l4obQPZ0hdDUeRJYmJLriQvm3/fUbKbD8c2
        5b41BBLEaM7MmTMzutcGWmIqU8Pc+cz4bqNkJ8pnxTg4pGQGj6kfZK5PXZo9B+kMvzTxojB3SCW0
        YYKjSRiuA5Y6pFP13Lkroa3l3iENmK0s587ij+WzQz59/x0h95d4DwqYqcSGGGhaqZjak+PVBoSZ
        Qo/92CF3n+5/cF1SdgqdSDEjQRImjSaue4u0ALWWqrFYazB8S1ZMQ/mf0DKPJpjrwWcv/sdDnjbY
        35hgG1De8eRDVc44z6I1fnLK8siPOECcxwBZxv0AeJrTiK7XKz/9OJpnGHhpSk/IPewHWdfAD+zx
        LRMb0GCwIDbLAx2TbrNsiD4/P7NH8HNVqz9bFIPlT3erRpZdDXoKIg+iAQgaRhMQj2DA1siinHVA
        Vl1Vl6DG0ahHo+CCp17kn4/3SaXJ77KEZWXg7WjKZeijnG8lRnvx31k994WYxz2rK9HLdm8zXC6/
        kh3sJ1ikXpgkA0H4E94PmaH7ydSs1zc939T5FxBgG+q6Bpqrqh1vyRBDzZGvC6e9Ijy9Au8OXuEV
        qyxYTVolOejJ/KMUnZp9ixPmZN0ys507OHgU+vF4UzqEqU1nu1DPnR//6aT56XFWLJTcKNaQLxUq
        lXx4zZKPhS39E8ILjfNCF792ZVekgRf4NEi9kMZ5sapEIVAkf79JvPDsyQ4NjwxYvCMEcfc4aYR0
        S2ncC7W6ipxi2MoGCo2ghYJW4h+p9u+35ZDZ2Y8ujJS1frdGoBIQzzpbIAFDl/sYA8oJoji4Fs9N
        /ZfsBQcjZ3yLPy+gLFVEronZwmVTHukgOG4Il03DRPl/IGRkn4Whl9OhkdjrNNT0YL8HcXhD69Xw
        /Bb1R15it9y3qf+svBtJFceTs5IHdEKDIL5YpVYkvX5e7qqWrDuBGwj1YVS1wfVHrAxquak4a1ui
        94KTFXDWaTib4hQW0hAQbFVD6Y3OqTj2shSn+s0I7tVkuCI0TNL0UukjZhFNryp3VbWHGthhGXX4
        QsIXClnbWTIeceL5Mb4UpiO+QvgLVl+l3On358OiW9WV3j694DD72fI3IwupzePpnTEJng6t3MuG
        HyEhzZLsnasRkzwNTpv7X1BLBwgO71JAYgMAADMKAABQSwMEFAAIAAgAL4pcTAAAAAAAAAAAAAAA
        AFgAAABMb2dGaWxlcy9rdWR1L3RyYWNlLzIwMTgtMDItMjhUMTctMTctMjlfMzNmMWE3XzAwNV9H
        RVRfYXBpLWRlcGxveW1lbnRzLWxhdGVzdF8yMDJfMHMueG1srVTLbtswELwX6D+wPPSU1dOxpCRK
        oSaOY9SOAz/qtJdCltY2W0lUSSqvry9lx7FR2EFaBNCJXO0Md2fmRCosiWIqw5B2ioTnrJiTAf6u
        UCpK0ljpc8eyfbAccPyR7R3pzwmMwA0oYYVUcZHoEted2bFHSSWykJpxycwUy4w/5FgoaWa6jVSf
        VkcowjZTl9X0Y5yXx4rlGG4Aftge6M/xv1OSo1rwNKTt1ogS9VBqGLEmVjJ94Thu88A50LBnvCgw
        UYwXIf2CWEKUsVukJKp0C8Ee49XV51gahkHJJZcqpHc4jcsS7lgBGZ/HTPzSHdJYGDLJjfixEqgr
        JNPUjQL1MMYSBURz/aKQRvU1THA6rO9B4yvBswyF6VmGZfiHgW+4FiX3kEt4Yg0158CbBo1Zw4Om
        53nQSKaHMJ1aPmDDdpvpzPMDK6HkBibRZAjjAvVKUkxhPOi+2VxvIBoMoNtvQ+f89YSGnVELzlvX
        3f63XutqtPx33wQpmURDXXwRjbsjuOwPR1dRr/XvE7+BCy7uYlFP4FpwxUO6UKqUlJy+f0fIybZ4
        z5/1NkRxyxI02qgGKKvsZR17Wj7Lbq/p110KeQP1okP8Tee9vXtxEc9RbLjqt+0xnauFZdmUmKcn
        HwBIWomlqo9IcJhLAvD0iL1QRGFegm8l3nSGM8IkucYi1XZ/ETFo7kC0tgFPzHoNf5OyrWBTtKfE
        dbdKtnfZr9Sc10EkUJa8kNrJ+4diO5riOh7W5TqXVCXPtHfq+HIoWR2M8L42b5JgqTClpJaKziPa
        Y4ngks8UdDpD09aT/m/rnsXJAteBENJSsFstmtrSkSyvUMFXFHIZVA0dFK7l2jpIuzx5iqilvo9M
        c5+1dofTGyVuHWM63mC0DFsdjhlb8TJ/Sl4ck2QRC4kqrNQM/B26sJ93vnvjzqbgD1BLBwjOG8WB
        uQIAAHkGAABQSwMEFAAIAAgANIpcTAAAAAAAAAAAAAAAAFgAAABMb2dGaWxlcy9rdWR1L3RyYWNl
        LzIwMTgtMDItMjhUMTctMTctNDBfMzNmMWE3XzAwNl9HRVRfYXBpLWRlcGxveW1lbnRzLWxhdGVz
        dF8yMDJfMHMueG1srVVdc6M2FH3vTP+Dqoc+RXwIbCAbtsMm3sRTO/HYTpP2pSOLa4cWEJVEsru/
        vhd7s/amMdN2luEJXY7O/TrnzFhoiC1sCSkd11JVRb0hc/irBWMpyYXF79zzY+ZxxuOlH53iG3oO
        9wNKitpYUUsMCYK1LyJKWl2m1BVN4ebQlOpjBbU1bokwxv60+wQ6vSzsVbv6UVTNG1tUkO4v+N2P
        GL48/o2SCuyDylN6OVpSYj82eI1+JtYUeMB5MDzhJz6n5FzVNUhbqDqlPwM0LCuLR6AkaxFDF5/E
        7uidMI7jUHKljE3pE6xE07Cnomal2ohC/4kIudCOkZUjPrUaMMIUyN2pAatxa0CzbIMppTTrjtkd
        rBbdOcP7rVZlCdqNPMdz4kESO4FHyQdWGfaZNutIJ9EqCddhxIZRFLFQrgZstfJiBqEfDPN1FCee
        pOSe3WV3C3ZbA/Ykh5zdziffrLD3LJvP2eTmko0v/j2hxXg5Yhej2eTm1+noern991gFKbnLFhj8
        PrudLNnVzWJ5nU1H/73i9+y90k9CdxWYaWVVSh+sbQwlb7//jpCzw+k9L0HUbUPuq5JM1AZjeqaX
        x5S4b89+YIzkrd5OxynxKkMY+yfyxZdRXoB+LCQ4l2DnYNqyf0VCXJEt2gumr+JNtjuyP+qlP0i+
        IB/FnopabEDvufZX5CvIF6CzVm+A7Na322iCM1/1wgU8PGBI8PmqV3Oo1CMQRGlY7MnohMygzlF6
        TogGCbi6ORGWcJfHbicOZNDJDh+S2bSvLkGMt/a1tSOCVNxubl52f3jQ/uNRPh/sp2QbdjiD+/YR
        KeNwjU/CRRJ6oQQYJAOAOJaeDzJKeMjX65UXkcKQd21Rdtn35RZ6KHP9ub2elx+Ge8ZHQiJ+EHKY
        0E1rN6qzBA2mUbVBST2+VaE/2Av1czg6hG3NOYpYZySYw+7DEj50KiolNBZySrrNQmeg00JqZdTa
        svF44fqopf9bQ8+FfIBnZU5po4tH3LFOWzPTXINlv4A2W8cIUbEDL/BxqyZKfvaKrdCcuu4xjXvd
        Jb6R93V+govGllvbQ5cqix0v9w+j6jdEPghtwKatXbNeKXu94diI54b/DVBLBwghFkOkPQMAAAII
        AABQSwMEFAAIAAgANYpcTAAAAAAAAAAAAAAAAFUAAABMb2dGaWxlcy9rdWR1L3RyYWNlLzIwMTgt
        MDItMjhUMTctMTctNDNfMzNmMWE3XzAwN19HRVRfYXBpLXNldHRpbmdzLWJyYW5jaF8yMDBfMHMu
        eG1snZNdT9swFIbvJ+0/eL7m5LMfKWuQMihQUShq0pVdusmh9ZbawXaA8et3UlZtmoS0TfKVz3uO
        7fd9PLYOG+akqzHlU1XqnVQbtsCHFq3jrBKO9qMgTCCIIEqKcHhMqxd7STLgTCrrhCpJEsf3oRhy
        1po65b5opG/ROZpl/bUhyZazHbqtrlJ+MSk4c98b6jKHcxpJhSiKB0fRURhxdqqVwtJJrVJ+hdhA
        VstH5CxraYaRL+K19ElYz/M4u9TWpfwJ16Jp4EkqqPVGSPONJlTCeLbceeKlNUgKKx1aTyE9bmnR
        QLZBRb1ZV4YVrvOuDnS+M7qu0fjDwAu8pD9KvDjg7Bl2Fn5eG7pLY7QWoYgHEI7KAHr9agBiHcVQ
        hVU/iqNhWa17nN3BKlvlsFRIFldYwXIxe8unO8gWC5jNL2B69vfz82kxgbPJ7Wz+5XpyU+x73zKE
        s1WWk/g8W84KuJznxU12Pfl3A+/gXJsnYboH3RrtdMq3zjWWs5P37xgb/87WvHUb3bFl0DZaWQrz
        bbhGQf8XIgc5oeZae0r2dURSFq8bBT5TfvMrznI0j2hSfi1Lo62+dzCd5n5I+f13bqei3OKBhpQ3
        Rj7Sj+jyzGxzgw4+o7F7SntESRzE4WgPryOooNgzTkjWstwD63+1Wn1k5VYY+h1p6+4h4cw/GX8A
        YFVr9qJjFuwsAyALx37n4J/lODzUfwBQSwcIN5EMyRUCAAC9AwAAUEsDBBQACAAIADmKXEwAAAAA
        AAAAAAAAAABYAAAATG9nRmlsZXMva3VkdS90cmFjZS8yMDE4LTAyLTI4VDE3LTE3LTUwXzMzZjFh
        N18wMDhfR0VUX2FwaS1kZXBsb3ltZW50cy1sYXRlc3RfMjAyXzBzLnhtbK2U23LTMBCG75nhHYQu
        uEI+x4dSw5g2tBnSlklSWrhhFHmTCmzLSHILPD3rlJBCm3IYPL7Srle/d//9do2FllhpK8jpqBGq
        ls2STOBTB8ZSUnKL54Hnp8wLWJDO/GQH34HnDEKfEtkYyxuBKWG48HlCSaernLq8lW4JbaW+1NBY
        41ZYxtjn10eg8wNpD7v5Y163T62sId9c8N5PGL5B+o6SGuyFKnN6MJxRYr+0eI1eC2slBoIgjJ8E
        T/yAkj3VNCCsVE1OXwG0rKjkJVBSdFhDy6/8OvSCG8dxKDlUxub0Cua8bdmVbFilllzqj1ih5Nox
        onb4104DZhiJ2p0GsBunBjQrlvhLOS36MDuD+bSPM7zfalVVoN3EczwnHWSpE3qUfGa1Yd9ls150
        lsyzaBElLE6ShEViPmDzuZcyiPwwLhdJmnmCknN2VpxN2WkDOJMSSnY6Gf+3xp6zYjJh45MDNtr/
        c0HT0WzI9oevxydvj4bHs9W32zpIyVkxxeSXxel4xg5PprPj4mj49x0/Zy+VvuK678BrrazK6YW1
        raHk2cMHhOzedO9eBbzpWnJeV2SslpjzG/e6z3YfMUbKTq/csUN8vzaEsdul9394eQr6UgpwDsBO
        wHTV/TsSowFW1X6Reme98WpJNqF79d+ovLX2EW/4EvRG6/0tSUJKbrUkDjctIfj81PGNViJEGi3w
        yQKeRV4kAAbZACBNheeDSLIgChaLuZcQaciLTlYlYua+H4xDhMktNYF3U82u24//1hC9ZJP0Jyk3
        PXTS2aXqCajBtKoxSJDtJopj1Ljm0jodgWg7s4c723MTyXR9MIPPPTSEgNZCSUnvIwQhPZJCK6MW
        lo1GU9dHdPwzMva4uIA1iHLaanmJjupRUpj2GCx7A9qsABkhoEIv9DOKiyK+o3G1Vzuuu22l74bi
        f0J9j0/EKputKI9QruS1LveDUc1TIi64NmDzzi5Yeocx/Hg98y0THwTrhG9QSwcI1ULL4eYCAADy
        BgAAUEsDBBQACAAIAEeKXEwAAAAAAAAAAAAAAABVAAAATG9nRmlsZXMva3VkdS90cmFjZS8yMDE4
        LTAyLTI4VDE3LTE4LTE0XzMzZjFhN18wMTBfR0VUX2FwaS1zZXR0aW5ncy1icmFuY2hfMjAwXzBz
        LnhtbJ2T3XLaMBCF7zvTd1B1nbUtQ2KT4sy4hCRMSMhgU+ilMAu4NZIryUmap++alGlnMunfrfbs
        kXT22751WDNXugoTPlKF3pVqw6b4tUHrOFtJR+dhIGIIQgjjXESnIj4VXe84OuGsVNZJVZCk01kL
        GXHWmCrhvqxL36Jz5GX9pSHJlrMduq1eJfxymHPmvtXUZQ731CUVwrBzchQekctAK4WFK7VK+DVi
        DWlV3iNnaUMWpnySz6UP0nqex9mVti7hD7iUdQ0PpYJKb2RpvpDDShrPFjtPPjUGSWFLh9ZTSH+b
        WTSQblBRb9qWYY7LrK0D3e+Mrio0fhR4gRcf92KvE3D2CDsLP14N7ZtjEQpRFDFEaxFBt9eVIAsM
        IZbLnljisYijmLMFzNN5BjOFlPAKVzCbjl+LaQHpdArjySWMzv/ePxvlQzgf3o0nn26Gt/m+97VA
        OJunGYkv0tk4h6tJlt+mN8N/D3ABF9o8SNN+6M5opxO+da62nJ29fcNY/1e0BhVK1dRssavYWG9I
        8we0/LP+OwC2asx+2KdMnOwsA3hpPWncRrfUGrS1VpY4+Y13L/wJ30FOELvGDmgyLes05ueDHB8J
        jck1ZxmaezQJvykLo61eOxiNMl8QGv+NxEAWWzyAlvDalPe0ay0qqa1v0cFHNHa/AF0CsBN0RG+/
        F454hXy/PUR7VRb7ePzPVqv3rNhKQ3uXNG4NhN2LDINDhH2/Hc7rEX8HUEsHCJNq43onAgAAFwQA
        AFBLAwQUAAgACABYilxMAAAAAAAAAAAAAAAARwAAAExvZ0ZpbGVzL2t1ZHUvdHJhY2UvMjAxOC0w
        Mi0yOFQxNy0xOC00OF8zM2YxYTdfMDExX0dFVF9kdW1wX3BlbmRpbmcueG1snVFdb9MwFH1H4j8Y
        P+9mTVK1adVMClu2VWTr1KRq4c21bzqLxDa2Q7X9etyhTUgIkHi999xzz8fCeTTES99hTpeK616q
        A1njtwGdp0QwH+bJKM5glECSNfF0HmfzcRal6YwSqZxnigdImrYxm1Iy2C6n52LoDSU9+kctcnpT
        NpT4JxNg9pXYyLBIknRylpzFMSWXWinkXmqV00+IBopOfkdKCs7ReCiDMhGU5VQKVEHuU1gNgd7K
        Z/bz6iNzURRRcqudz+kR98wYOEoFnT4wab8GcsFs5HgfsefBYkA46dFFCoPRHWyLbQ0bhadPKGCz
        rt6M7KBYr6Fa3cDyKqejrEWGbQt8Mp7BOBtPYb9nAtKUC9bins/S0YmwXjYlXJUP1erzXXnfvNz+
        SRYl26IO4OtiUzVwu6qb++Ku/B8b19oemT05eLDa65w+em8cJRfv3xGy+LXtyw6ZGgzZ9R2p9CFg
        /tH2+cXiAwARg32JfE7iSe8IwO/UX6SpvUXWh1p96CtaqTD664NpyOwHUEsHCFaTL4uMAQAAjQIA
        AFBLAwQUAAgACAAlilxMAAAAAAAAAAAAAAAASwAAAExvZ0ZpbGVzL2t1ZHUvdHJhY2UvUkQwMDE1
        NURFOTNDOUUtNWEwZTYxZTgtOGJhZC00YTY1LWExOTktY2M2NzBlOThmOWY1LnR4dDMyMLTQNTDS
        NbIIMTS3AiEDBYXgksSiktIChaDUwtLU4hIdhdKiHCsF/cSCTP3i1JKSzLz0Yh2F3NSSjPwUK4UA
        /+AQHYWSyoJUK4UimIaCTKCMsbmRhY6RjpmOQnBybghYgV9+XiqQ6+wbH+ztGRAfHOwTH+bo4+ni
        GOLp72elYMDLBQBQSwcIXTh/HoUAAACRAAAAUEsBAhQAFAAIAAgAPIpcTFX9O3cnAAAAKAAAABIA
        AAAAAAAAAAAAAAAAAAAAAGRlcGxveW1lbnRzL2FjdGl2ZVBLAQIUABQACAAIADuKXEz2iKiYmAcA
        AFEXAAA8AAAAAAAAAAAAAAAAAGcAAABkZXBsb3ltZW50cy9jYzg0ZmZmZjkyYTk0MDRjZWU1OTVl
        ZTg4YzAxZWM3OTI0MmZmYjA3L2xvZy5sb2dQSwECFAAUAAgACAAyilxMTTyJtTIAAAA5AAAAPQAA
        AAAAAAAAAAAAAABpCAAAZGVwbG95bWVudHMvY2M4NGZmZmY5MmE5NDA0Y2VlNTk1ZWU4OGMwMWVj
        NzkyNDJmZmIwNy9tYW5pZmVzdFBLAQIUABQACAAIADuKXEzInFi2ZgEAALwCAAA/AAAAAAAAAAAA
        AAAAAAYJAABkZXBsb3ltZW50cy9jYzg0ZmZmZjkyYTk0MDRjZWU1OTVlZTg4YzAxZWM3OTI0MmZm
        YjA3L3N0YXR1cy54bWxQSwECFAAUAAAAAAAsilxMAAAAAAAAAAAAAAAAEwAAAAAAAAAAAAAAAADZ
        CgAAZGVwbG95bWVudHMvcGVuZGluZ1BLAQIUABQACAAIACWKXEwMBWYkcgAAAIwAAAAYAAAAAAAA
        AAAAAAAAAAoLAABkZXBsb3ltZW50cy9zZXR0aW5ncy54bWxQSwECFAAUAAgACAAwilxMLQekyugE
        AADuDAAAHAAAAAAAAAAAAAAAAADCCwAAZGVwbG95bWVudHMvdG9vbHMvZGVwbG95LmNtZFBLAQIU
        ABQACAAIADCKXEyQkM/+ZwAAAJYAAAAkAAAAAAAAAAAAAAAAAPQQAABkZXBsb3ltZW50cy90b29s
        cy9kZXBsb3ltZW50Q2FjaGVLZXlQSwECFAAUAAAAAABYilxMAAAAAAAAAAAAAAAAGQAAAAAAAAAA
        AAAAAACtEQAATG9nRmlsZXMva3VkdS9kZXBsb3ltZW50L1BLAQIUABQACAAIACWKXExfW7ys2wAA
        ADcBAABTAAAAAAAAAAAAAAAAAOQRAABMb2dGaWxlcy9rdWR1L3RyYWNlLzIwMTgtMDItMjhUMTct
        MTctMTBfMzNmMWE3XzAwMV9TdGFydHVwX1BPU1RfYXBpLXNldHRpbmdzXzBzLnhtbFBLAQIUABQA
        CAAIACWKXEy6QC+9MwIAAOgDAABPAAAAAAAAAAAAAAAAAEATAABMb2dGaWxlcy9rdWR1L3RyYWNl
        LzIwMTgtMDItMjhUMTctMTctMTBfMzNmMWE3XzAwMl9QT1NUX2FwaS1zZXR0aW5nc18yMDRfMXMu
        eG1sUEsBAhQAFAAIAAgAJopcTAdiVVIZAgAAvwMAAFYAAAAAAAAAAAAAAAAA8BUAAExvZ0ZpbGVz
        L2t1ZHUvdHJhY2UvMjAxOC0wMi0yOFQxNy0xNy0xMV8zM2YxYTdfMDAzX0dFVF9hcGktc2V0dGlu
        Z3MtU2NtVHlwZV8yMDBfMHMueG1sUEsBAhQAFAAIAAgAJ4pcTLCerVwVAgAAvwMAAFYAAAAAAAAA
        AAAAAAAAjRgAAExvZ0ZpbGVzL2t1ZHUvdHJhY2UvMjAxOC0wMi0yOFQxNy0xNy0xNV8zM2YxYTdf
        MDA0X0dFVF9hcGktc2V0dGluZ3MtU2NtVHlwZV8yMDBfMHMueG1sUEsBAhQAFAAIAAgAKYpcTB83
        Lh2SAAAAtwAAAEIAAAAAAAAAAAAAAAAAJhsAAExvZ0ZpbGVzL2t1ZHUvdHJhY2UvMjAxOC0wMi0y
        OFQxNy0xNy0xOV8zM2YxYTdfMDA1X1NodXRkb3duXzBzLnhtbFBLAQIUABQACAAIACuKXEx2rS7a
        5wAAAEYBAABaAAAAAAAAAAAAAAAAACgcAABMb2dGaWxlcy9rdWR1L3RyYWNlLzIwMTgtMDItMjhU
        MTctMTctMjJfMzNmMWE3XzAwMV9TdGFydHVwX0dFVF9hcGktc2V0dGluZ3MtU2NtVHlwZV8wcy54
        bWxQSwECFAAUAAgACAArilxMxCkG+hkCAADAAwAAVgAAAAAAAAAAAAAAAACXHQAATG9nRmlsZXMv
        a3VkdS90cmFjZS8yMDE4LTAyLTI4VDE3LTE3LTIyXzMzZjFhN18wMDJfR0VUX2FwaS1zZXR0aW5n
        cy1TY21UeXBlXzIwMF8xcy54bWxQSwECFAAUAAgACAAuilxM6Op15cQCAAA4BQAASQAAAAAAAAAA
        AAAAAAA0IAAATG9nRmlsZXMva3VkdS90cmFjZS8yMDE4LTAyLTI4VDE3LTE3LTIzXzMzZjFhN18w
        MDNfUE9TVF9kZXBsb3lfMjAyXzZzLnhtbFBLAQIUABQACAAIADyKXEwO71JAYgMAADMKAABRAAAA
        AAAAAAAAAAAAAG8jAABMb2dGaWxlcy9rdWR1L3RyYWNlLzIwMTgtMDItMjhUMTctMTctMjZfMzNm
        MWE3XzAwNF9CYWNrZ3JvdW5kX1BPU1RfZGVwbG95XzMwcy54bWxQSwECFAAUAAgACAAvilxMzhvF
        gbkCAAB5BgAAWAAAAAAAAAAAAAAAAABQJwAATG9nRmlsZXMva3VkdS90cmFjZS8yMDE4LTAyLTI4
        VDE3LTE3LTI5XzMzZjFhN18wMDVfR0VUX2FwaS1kZXBsb3ltZW50cy1sYXRlc3RfMjAyXzBzLnht
        bFBLAQIUABQACAAIADSKXEwhFkOkPQMAAAIIAABYAAAAAAAAAAAAAAAAAI8qAABMb2dGaWxlcy9r
        dWR1L3RyYWNlLzIwMTgtMDItMjhUMTctMTctNDBfMzNmMWE3XzAwNl9HRVRfYXBpLWRlcGxveW1l
        bnRzLWxhdGVzdF8yMDJfMHMueG1sUEsBAhQAFAAIAAgANYpcTDeRDMkVAgAAvQMAAFUAAAAAAAAA
        AAAAAAAAUi4AAExvZ0ZpbGVzL2t1ZHUvdHJhY2UvMjAxOC0wMi0yOFQxNy0xNy00M18zM2YxYTdf
        MDA3X0dFVF9hcGktc2V0dGluZ3MtYnJhbmNoXzIwMF8wcy54bWxQSwECFAAUAAgACAA5ilxM1ULL
        4eYCAADyBgAAWAAAAAAAAAAAAAAAAADqMAAATG9nRmlsZXMva3VkdS90cmFjZS8yMDE4LTAyLTI4
        VDE3LTE3LTUwXzMzZjFhN18wMDhfR0VUX2FwaS1kZXBsb3ltZW50cy1sYXRlc3RfMjAyXzBzLnht
        bFBLAQIUABQACAAIAEeKXEyTauN6JwIAABcEAABVAAAAAAAAAAAAAAAAAFY0AABMb2dGaWxlcy9r
        dWR1L3RyYWNlLzIwMTgtMDItMjhUMTctMTgtMTRfMzNmMWE3XzAxMF9HRVRfYXBpLXNldHRpbmdz
        LWJyYW5jaF8yMDBfMHMueG1sUEsBAhQAFAAIAAgAWIpcTFaTL4uMAQAAjQIAAEcAAAAAAAAAAAAA
        AAAAADcAAExvZ0ZpbGVzL2t1ZHUvdHJhY2UvMjAxOC0wMi0yOFQxNy0xOC00OF8zM2YxYTdfMDEx
        X0dFVF9kdW1wX3BlbmRpbmcueG1sUEsBAhQAFAAIAAgAJYpcTF04fx6FAAAAkQAAAEsAAAAAAAAA
        AAAAAAAAATkAAExvZ0ZpbGVzL2t1ZHUvdHJhY2UvUkQwMDE1NURFOTNDOUUtNWEwZTYxZTgtOGJh
        ZC00YTY1LWExOTktY2M2NzBlOThmOWY1LnR4dFBLBQYAAAAAGQAZAOoKAAD/OQAAAAA=
    headers:
      cache-control: [no-cache]
      content-disposition: [attachment; filename=dump-02-28-17-18-48.zip]
      content-type: [application/zip]
      date: ['Wed, 28 Feb 2018 17:18:47 GMT']
      expires: ['-1']
      pragma: [no-cache]
      server: [Microsoft-IIS/10.0]
      set-cookie: [ARRAffinity=33f1a758f61e99bd2e8e05c23423e58f3778bcfa2139444201c7d86e863a1711;Path=/;HttpOnly;Domain=webapp-win-logairkctidar.scm.azurewebsites.net]
      transfer-encoding: [chunked]
      x-aspnet-version: [4.0.30319]
      x-powered-by: [ASP.NET]
    status: {code: 200, message: OK}
- request:
    body: null
    headers:
      Accept: [application/json]
      Accept-Encoding: ['gzip, deflate']
      CommandName: [group delete]
      Connection: [keep-alive]
      Content-Length: ['0']
      Content-Type: [application/json; charset=utf-8]
      User-Agent: [python/3.5.3 (Windows-10-10.0.16299-SP0) requests/2.18.4 msrest/0.4.25
          msrest_azure/0.4.20 resourcemanagementclient/1.2.1 Azure-SDK-For-Python
          AZURECLI/2.0.29]
      accept-language: [en-US]
    method: DELETE
    uri: https://management.azure.com/subscriptions/00000000-0000-0000-0000-000000000000/resourcegroups/clitest.rg000001?api-version=2018-05-01
  response:
    body: {string: ''}
    headers:
      cache-control: [no-cache]
      content-length: ['0']
      date: ['Wed, 28 Feb 2018 17:18:48 GMT']
      expires: ['-1']
      location: ['https://management.azure.com/subscriptions/00000000-0000-0000-0000-000000000000/operationresults/eyJqb2JJZCI6IlJFU09VUkNFR1JPVVBERUxFVElPTkpPQi1DTElURVNUOjJFUkdGWE1ZT0dITUg3U0NIT0FPUDc2SFAzQUVTTTNZTFVDQTREWHxBMDJFMDQ3NTAxNTFBMTZFLVdFU1RVUyIsImpvYkxvY2F0aW9uIjoid2VzdHVzIn0?api-version=2018-05-01']
      pragma: [no-cache]
      strict-transport-security: [max-age=31536000; includeSubDomains]
      x-content-type-options: [nosniff]
      x-ms-ratelimit-remaining-subscription-writes: ['1199']
    status: {code: 202, message: Accepted}
version: 1
