interactions:
- request:
    body: null
    headers:
      Accept:
      - application/json
      Accept-Encoding:
      - gzip, deflate
      CommandName:
      - monitor log-analytics workspace create
      Connection:
      - keep-alive
      ParameterSetName:
      - -g -n
      User-Agent:
      - AZURECLI/2.32.0 azsdk-python-azure-mgmt-resource/20.0.0 Python/3.8.9 (Windows-10-10.0.22000-SP0)
    method: GET
    uri: https://management.azure.com/subscriptions/00000000-0000-0000-0000-000000000000/resourcegroups/cli_test_monitor_workspace_table000001?api-version=2021-04-01
  response:
    body:
      string: '{"id":"/subscriptions/00000000-0000-0000-0000-000000000000/resourceGroups/cli_test_monitor_workspace_table000001","name":"cli_test_monitor_workspace_table000001","type":"Microsoft.Resources/resourceGroups","location":"westeurope","tags":{"product":"azurecli","cause":"automation","date":"2022-01-26T04:59:50Z"},"properties":{"provisioningState":"Succeeded"}}'
    headers:
      cache-control:
      - no-cache
      content-length:
      - '358'
      content-type:
      - application/json; charset=utf-8
      date:
      - Wed, 26 Jan 2022 04:59:52 GMT
      expires:
      - '-1'
      pragma:
      - no-cache
      strict-transport-security:
      - max-age=31536000; includeSubDomains
      vary:
      - Accept-Encoding
      x-content-type-options:
      - nosniff
    status:
      code: 200
      message: OK
- request:
    body: '{"location": "westeurope", "properties": {"sku": {"name": "PerGB2018"},
      "retentionInDays": 30, "workspaceCapping": {}}}'
    headers:
      Accept:
      - application/json
      Accept-Encoding:
      - gzip, deflate
      CommandName:
      - monitor log-analytics workspace create
      Connection:
      - keep-alive
      Content-Length:
      - '119'
      Content-Type:
      - application/json
      ParameterSetName:
      - -g -n
      User-Agent:
      - AZURECLI/2.32.0 azsdk-python-mgmt-loganalytics/13.0.0b1 Python/3.8.9 (Windows-10-10.0.22000-SP0)
    method: PUT
    uri: https://management.azure.com/subscriptions/00000000-0000-0000-0000-000000000000/resourcegroups/cli_test_monitor_workspace_table000001/providers/Microsoft.OperationalInsights/workspaces/ws-000002?api-version=2021-12-01-preview
  response:
    body:
      string: "{\r\n  \"properties\": {\r\n    \"source\": \"Azure\",\r\n    \"customerId\":
        \"bd68c696-50a1-4761-8427-c165f5ffde5e\",\r\n    \"provisioningState\": \"Creating\",\r\n
        \   \"sku\": {\r\n      \"name\": \"pergb2018\",\r\n      \"lastSkuUpdate\":
        \"Wed, 26 Jan 2022 04:59:59 GMT\"\r\n    },\r\n    \"retentionInDays\": 30,\r\n
        \   \"features\": {\r\n      \"legacy\": 0,\r\n      \"searchVersion\": 1,\r\n
        \     \"enableLogAccessUsingOnlyResourcePermissions\": true\r\n    },\r\n
        \   \"workspaceCapping\": {\r\n      \"dailyQuotaGb\": -1.0,\r\n      \"quotaNextResetTime\":
        \"Wed, 26 Jan 2022 08:00:00 GMT\",\r\n      \"dataIngestionStatus\": \"RespectQuota\"\r\n
        \   },\r\n    \"publicNetworkAccessForIngestion\": \"Enabled\",\r\n    \"publicNetworkAccessForQuery\":
        \"Enabled\",\r\n    \"createdDate\": \"Wed, 26 Jan 2022 04:59:59 GMT\",\r\n
        \   \"modifiedDate\": \"Wed, 26 Jan 2022 04:59:59 GMT\"\r\n  },\r\n  \"id\":
        \"/subscriptions/00000000-0000-0000-0000-000000000000/resourcegroups/cli_test_monitor_workspace_table000001/providers/microsoft.operationalinsights/workspaces/ws-000002\",\r\n
        \ \"name\": \"ws-000002\",\r\n  \"type\": \"Microsoft.OperationalInsights/workspaces\",\r\n
        \ \"location\": \"westeurope\"\r\n}"
    headers:
      cache-control:
      - no-cache
      content-length:
      - '1078'
      content-type:
      - application/json
      date:
      - Wed, 26 Jan 2022 05:00:00 GMT
      pragma:
      - no-cache
      server:
      - Microsoft-IIS/10.0
      - Microsoft-IIS/10.0
      strict-transport-security:
      - max-age=31536000; includeSubDomains
      x-content-type-options:
      - nosniff
      x-ms-ratelimit-remaining-subscription-writes:
      - '1199'
      x-powered-by:
      - ASP.NET
      - ASP.NET
    status:
      code: 201
      message: Created
- request:
    body: null
    headers:
      Accept:
      - '*/*'
      Accept-Encoding:
      - gzip, deflate
      CommandName:
      - monitor log-analytics workspace create
      Connection:
      - keep-alive
      ParameterSetName:
      - -g -n
      User-Agent:
      - AZURECLI/2.32.0 azsdk-python-mgmt-loganalytics/13.0.0b1 Python/3.8.9 (Windows-10-10.0.22000-SP0)
    method: GET
    uri: https://management.azure.com/subscriptions/00000000-0000-0000-0000-000000000000/resourcegroups/cli_test_monitor_workspace_table000001/providers/Microsoft.OperationalInsights/workspaces/ws-000002?api-version=2021-12-01-preview
  response:
    body:
      string: "{\r\n  \"properties\": {\r\n    \"source\": \"Azure\",\r\n    \"customerId\":
        \"bd68c696-50a1-4761-8427-c165f5ffde5e\",\r\n    \"provisioningState\": \"Succeeded\",\r\n
        \   \"sku\": {\r\n      \"name\": \"pergb2018\",\r\n      \"lastSkuUpdate\":
        \"Wed, 26 Jan 2022 04:59:59 GMT\"\r\n    },\r\n    \"retentionInDays\": 30,\r\n
        \   \"features\": {\r\n      \"legacy\": 0,\r\n      \"searchVersion\": 1,\r\n
        \     \"enableLogAccessUsingOnlyResourcePermissions\": true\r\n    },\r\n
        \   \"workspaceCapping\": {\r\n      \"dailyQuotaGb\": -1.0,\r\n      \"quotaNextResetTime\":
        \"Wed, 26 Jan 2022 08:00:00 GMT\",\r\n      \"dataIngestionStatus\": \"RespectQuota\"\r\n
        \   },\r\n    \"publicNetworkAccessForIngestion\": \"Enabled\",\r\n    \"publicNetworkAccessForQuery\":
        \"Enabled\",\r\n    \"createdDate\": \"Wed, 26 Jan 2022 04:59:59 GMT\",\r\n
        \   \"modifiedDate\": \"Wed, 26 Jan 2022 05:00:03 GMT\"\r\n  },\r\n  \"id\":
        \"/subscriptions/00000000-0000-0000-0000-000000000000/resourcegroups/cli_test_monitor_workspace_table000001/providers/microsoft.operationalinsights/workspaces/ws-000002\",\r\n
        \ \"name\": \"ws-000002\",\r\n  \"type\": \"Microsoft.OperationalInsights/workspaces\",\r\n
        \ \"location\": \"westeurope\"\r\n}"
    headers:
      cache-control:
      - no-cache
      content-length:
      - '1079'
      content-type:
      - application/json
      date:
      - Wed, 26 Jan 2022 05:00:31 GMT
      pragma:
      - no-cache
      server:
      - Microsoft-IIS/10.0
      - Microsoft-IIS/10.0
      strict-transport-security:
      - max-age=31536000; includeSubDomains
      transfer-encoding:
      - chunked
      vary:
      - Accept-Encoding
      x-content-type-options:
      - nosniff
      x-powered-by:
      - ASP.NET
      - ASP.NET
    status:
      code: 200
      message: OK
- request:
    body: '{"properties": {"retentionInDays": 45, "totalRetentionInDays": 70, "plan":
      "Analytics", "schema": {"name": "TB000003_CL", "columns": [{"name": "col1",
      "type": "guid"}, {"name": "TimeGenerated", "type": "datetime"}]}}}'
    headers:
      Accept:
      - application/json
      Accept-Encoding:
      - gzip, deflate
      CommandName:
      - monitor log-analytics workspace table create
      Connection:
      - keep-alive
      Content-Length:
      - '217'
      Content-Type:
      - application/json
      ParameterSetName:
      - -g -n --workspace-name --retention-time --total-retention-time --plan --columns
      User-Agent:
      - AZURECLI/2.32.0 azsdk-python-mgmt-loganalytics/13.0.0b1 Python/3.8.9 (Windows-10-10.0.22000-SP0)
    method: PUT
    uri: https://management.azure.com/subscriptions/00000000-0000-0000-0000-000000000000/resourcegroups/cli_test_monitor_workspace_table000001/providers/Microsoft.OperationalInsights/workspaces/ws-000002/tables/TB000003_CL?api-version=2021-12-01-preview
  response:
    body:
      string: ''
    headers:
      azure-asyncoperation:
      - https://management.azure.com/subscriptions/00000000-0000-0000-0000-000000000000/providers/Microsoft.OperationalInsights/locations/westeurope/operationStatuses/f3c97143-2520-4fc7-ad12-655da6c625b0?api-version=2015-11-01-preview
      cache-control:
      - no-cache
      cachecontrol:
      - no-cache
      content-length:
      - '0'
      date:
      - Wed, 26 Jan 2022 05:00:35 GMT
      expires:
      - '-1'
      location:
      - https://management.azure.com/subscriptions/00000000-0000-0000-0000-000000000000/resourcegroups/cli_test_monitor_workspace_table000001/providers/Microsoft.OperationalInsights/workspaces/ws-000002/tables/TB000003_CL/operationresults/f3c97143-2520-4fc7-ad12-655da6c625b0?api-version=2021-12-01-preview
      pragma:
      - no-cache
      server:
      - Microsoft-IIS/10.0
      - Microsoft-IIS/10.0
      strict-transport-security:
      - max-age=31536000; includeSubDomains
      x-ams-apiversion:
      - WebAPI1.0
      x-content-type-options:
      - nosniff
      x-ms-ratelimit-remaining-subscription-writes:
      - '1199'
      x-powered-by:
      - ASP.NET
      - ASP.NET
    status:
      code: 202
      message: Accepted
- request:
    body: null
    headers:
      Accept:
      - '*/*'
      Accept-Encoding:
      - gzip, deflate
      CommandName:
      - monitor log-analytics workspace table create
      Connection:
      - keep-alive
      ParameterSetName:
      - -g -n --workspace-name --retention-time --total-retention-time --plan --columns
      User-Agent:
      - AZURECLI/2.32.0 azsdk-python-mgmt-loganalytics/13.0.0b1 Python/3.8.9 (Windows-10-10.0.22000-SP0)
    method: GET
    uri: https://management.azure.com/subscriptions/00000000-0000-0000-0000-000000000000/providers/Microsoft.OperationalInsights/locations/westeurope/operationStatuses/f3c97143-2520-4fc7-ad12-655da6c625b0?api-version=2015-11-01-preview
  response:
    body:
      string: "{\r\n  \"status\": \"InProgress\",\r\n  \"name\": \"f3c97143-2520-4fc7-ad12-655da6c625b0\",\r\n
        \ \"id\": \"/subscriptions/00000000-0000-0000-0000-000000000000/providers/Microsoft.OperationalInsights/locations/westeurope/operationStatuses/f3c97143-2520-4fc7-ad12-655da6c625b0\",\r\n
        \ \"startTime\": \"Wed, 26 Jan 2022 05:00:35 GMT\"\r\n}"
    headers:
      cache-control:
      - no-cache
      cachecontrol:
      - no-cache
      content-length:
      - '310'
      content-type:
      - application/json; charset=utf-8
      date:
      - Wed, 26 Jan 2022 05:01:05 GMT
      expires:
      - '-1'
      pragma:
      - no-cache
      server:
      - Microsoft-IIS/10.0
      - Microsoft-IIS/10.0
      strict-transport-security:
      - max-age=31536000; includeSubDomains
      transfer-encoding:
      - chunked
      vary:
      - Accept-Encoding
      x-ams-apiversion:
      - WebAPI1.0
      x-content-type-options:
      - nosniff
      x-powered-by:
      - ASP.NET
      - ASP.NET
    status:
      code: 200
      message: OK
- request:
    body: null
    headers:
      Accept:
      - '*/*'
      Accept-Encoding:
      - gzip, deflate
      CommandName:
      - monitor log-analytics workspace table create
      Connection:
      - keep-alive
      ParameterSetName:
      - -g -n --workspace-name --retention-time --total-retention-time --plan --columns
      User-Agent:
      - AZURECLI/2.32.0 azsdk-python-mgmt-loganalytics/13.0.0b1 Python/3.8.9 (Windows-10-10.0.22000-SP0)
    method: GET
    uri: https://management.azure.com/subscriptions/00000000-0000-0000-0000-000000000000/providers/Microsoft.OperationalInsights/locations/westeurope/operationStatuses/f3c97143-2520-4fc7-ad12-655da6c625b0?api-version=2015-11-01-preview
  response:
    body:
      string: "{\r\n  \"status\": \"InProgress\",\r\n  \"name\": \"f3c97143-2520-4fc7-ad12-655da6c625b0\",\r\n
        \ \"id\": \"/subscriptions/00000000-0000-0000-0000-000000000000/providers/Microsoft.OperationalInsights/locations/westeurope/operationStatuses/f3c97143-2520-4fc7-ad12-655da6c625b0\",\r\n
        \ \"startTime\": \"Wed, 26 Jan 2022 05:00:35 GMT\"\r\n}"
    headers:
      cache-control:
      - no-cache
      cachecontrol:
      - no-cache
      content-length:
      - '310'
      content-type:
      - application/json; charset=utf-8
      date:
      - Wed, 26 Jan 2022 05:01:35 GMT
      expires:
      - '-1'
      pragma:
      - no-cache
      server:
      - Microsoft-IIS/10.0
      - Microsoft-IIS/10.0
      strict-transport-security:
      - max-age=31536000; includeSubDomains
      transfer-encoding:
      - chunked
      vary:
      - Accept-Encoding
      x-ams-apiversion:
      - WebAPI1.0
      x-content-type-options:
      - nosniff
      x-powered-by:
      - ASP.NET
      - ASP.NET
    status:
      code: 200
      message: OK
- request:
    body: null
    headers:
      Accept:
      - '*/*'
      Accept-Encoding:
      - gzip, deflate
      CommandName:
      - monitor log-analytics workspace table create
      Connection:
      - keep-alive
      ParameterSetName:
      - -g -n --workspace-name --retention-time --total-retention-time --plan --columns
      User-Agent:
      - AZURECLI/2.32.0 azsdk-python-mgmt-loganalytics/13.0.0b1 Python/3.8.9 (Windows-10-10.0.22000-SP0)
    method: GET
    uri: https://management.azure.com/subscriptions/00000000-0000-0000-0000-000000000000/providers/Microsoft.OperationalInsights/locations/westeurope/operationStatuses/f3c97143-2520-4fc7-ad12-655da6c625b0?api-version=2015-11-01-preview
  response:
    body:
      string: "{\r\n  \"status\": \"Succeeded\",\r\n  \"name\": \"f3c97143-2520-4fc7-ad12-655da6c625b0\",\r\n
        \ \"id\": \"/subscriptions/00000000-0000-0000-0000-000000000000/providers/Microsoft.OperationalInsights/locations/westeurope/operationStatuses/f3c97143-2520-4fc7-ad12-655da6c625b0\",\r\n
        \ \"startTime\": \"Wed, 26 Jan 2022 05:00:35 GMT\",\r\n  \"endTime\": \"Wed,
        26 Jan 2022 05:01:48 GMT\"\r\n}"
    headers:
      cache-control:
      - no-cache
      cachecontrol:
      - no-cache
      content-length:
      - '356'
      content-type:
      - application/json; charset=utf-8
      date:
      - Wed, 26 Jan 2022 05:02:06 GMT
      expires:
      - '-1'
      pragma:
      - no-cache
      server:
      - Microsoft-IIS/10.0
      - Microsoft-IIS/10.0
      strict-transport-security:
      - max-age=31536000; includeSubDomains
      transfer-encoding:
      - chunked
      vary:
      - Accept-Encoding
      x-ams-apiversion:
      - WebAPI1.0
      x-content-type-options:
      - nosniff
      x-powered-by:
      - ASP.NET
      - ASP.NET
    status:
      code: 200
      message: OK
- request:
    body: null
    headers:
      Accept:
      - '*/*'
      Accept-Encoding:
      - gzip, deflate
      CommandName:
      - monitor log-analytics workspace table create
      Connection:
      - keep-alive
      ParameterSetName:
      - -g -n --workspace-name --retention-time --total-retention-time --plan --columns
      User-Agent:
      - AZURECLI/2.32.0 azsdk-python-mgmt-loganalytics/13.0.0b1 Python/3.8.9 (Windows-10-10.0.22000-SP0)
    method: GET
    uri: https://management.azure.com/subscriptions/00000000-0000-0000-0000-000000000000/resourcegroups/cli_test_monitor_workspace_table000001/providers/Microsoft.OperationalInsights/workspaces/ws-000002/tables/TB000003_CL?api-version=2021-12-01-preview
  response:
    body:
      string: "{\r\n  \"properties\": {\r\n    \"totalRetentionInDays\": 70,\r\n    \"archiveRetentionInDays\":
        25,\r\n    \"plan\": \"Analytics\",\r\n    \"lastPlanModifiedDate\": \"Wed,
        26 Jan 2022 05:00:35 GMT\",\r\n    \"schema\": {\r\n      \"tableSubType\":
        \"DataCollectionRuleBased\",\r\n      \"name\": \"TB000003_CL\",\r\n      \"tableType\":
        \"CustomLog\",\r\n      \"columns\": [\r\n        {\r\n          \"name\":
        \"col1\",\r\n          \"type\": \"guid\",\r\n          \"isDefaultDisplay\":
        false,\r\n          \"isHidden\": false\r\n        },\r\n        {\r\n          \"name\":
        \"TimeGenerated\",\r\n          \"type\": \"datetime\",\r\n          \"isDefaultDisplay\":
        false,\r\n          \"isHidden\": false\r\n        }\r\n      ],\r\n      \"standardColumns\":
        [\r\n        {\r\n          \"name\": \"TenantId\",\r\n          \"type\":
        \"guid\",\r\n          \"isDefaultDisplay\": false,\r\n          \"isHidden\":
        false\r\n        }\r\n      ],\r\n      \"solutions\": [\r\n        \"LogManagement\"\r\n
        \     ]\r\n    },\r\n    \"provisioningState\": \"Succeeded\",\r\n    \"retentionInDays\":
        45\r\n  },\r\n  \"id\": \"/subscriptions/00000000-0000-0000-0000-000000000000/resourcegroups/cli_test_monitor_workspace_table000001/providers/Microsoft.OperationalInsights/workspaces/ws-000002/tables/TB000003_CL\",\r\n
        \ \"name\": \"TB000003_CL\"\r\n}"
    headers:
      cache-control:
      - no-cache
      cachecontrol:
      - no-cache
      content-length:
      - '1183'
      content-type:
      - application/json; charset=utf-8
      date:
      - Wed, 26 Jan 2022 05:02:06 GMT
      expires:
      - '-1'
      pragma:
      - no-cache
      server:
      - Microsoft-IIS/10.0
      - Microsoft-IIS/10.0
      strict-transport-security:
      - max-age=31536000; includeSubDomains
      transfer-encoding:
      - chunked
      vary:
      - Accept-Encoding
      x-ams-apiversion:
      - WebAPI1.0
      x-content-type-options:
      - nosniff
      x-powered-by:
      - ASP.NET
      - ASP.NET
    status:
      code: 200
      message: OK
- request:
    body: '{"properties": {"retentionInDays": 50, "totalRetentionInDays": 80, "schema":
      {"name": "TB000003_CL", "columns": [{"name": "col2", "type": "guid"}]}}}'
    headers:
      Accept:
      - application/json
      Accept-Encoding:
      - gzip, deflate
      CommandName:
      - monitor log-analytics workspace table update
      Connection:
      - keep-alive
      Content-Length:
      - '149'
      Content-Type:
      - application/json
      ParameterSetName:
      - -g -n --workspace-name --retention-time --total-retention-time --columns
      User-Agent:
      - AZURECLI/2.32.0 azsdk-python-mgmt-loganalytics/13.0.0b1 Python/3.8.9 (Windows-10-10.0.22000-SP0)
    method: PATCH
    uri: https://management.azure.com/subscriptions/00000000-0000-0000-0000-000000000000/resourcegroups/cli_test_monitor_workspace_table000001/providers/Microsoft.OperationalInsights/workspaces/ws-000002/tables/TB000003_CL?api-version=2021-12-01-preview
  response:
    body:
      string: ''
    headers:
      azure-asyncoperation:
      - https://management.azure.com/subscriptions/00000000-0000-0000-0000-000000000000/providers/Microsoft.OperationalInsights/locations/westeurope/operationStatuses/46fb0951-8592-44a8-afe5-980b167cf399?api-version=2015-11-01-preview
      cache-control:
      - no-cache
      cachecontrol:
      - no-cache
      content-length:
      - '0'
      date:
      - Wed, 26 Jan 2022 05:02:11 GMT
      expires:
      - '-1'
      location:
      - https://management.azure.com/subscriptions/00000000-0000-0000-0000-000000000000/resourcegroups/cli_test_monitor_workspace_table000001/providers/Microsoft.OperationalInsights/workspaces/ws-000002/tables/TB000003_CL/operationresults/46fb0951-8592-44a8-afe5-980b167cf399?api-version=2021-12-01-preview
      pragma:
      - no-cache
      server:
      - Microsoft-IIS/10.0
      - Microsoft-IIS/10.0
      strict-transport-security:
      - max-age=31536000; includeSubDomains
      x-ams-apiversion:
      - WebAPI1.0
      x-content-type-options:
      - nosniff
      x-ms-ratelimit-remaining-subscription-writes:
      - '1199'
      x-powered-by:
      - ASP.NET
      - ASP.NET
    status:
      code: 202
      message: Accepted
- request:
    body: null
    headers:
      Accept:
      - '*/*'
      Accept-Encoding:
      - gzip, deflate
      CommandName:
      - monitor log-analytics workspace table update
      Connection:
      - keep-alive
      ParameterSetName:
      - -g -n --workspace-name --retention-time --total-retention-time --columns
      User-Agent:
      - AZURECLI/2.32.0 azsdk-python-mgmt-loganalytics/13.0.0b1 Python/3.8.9 (Windows-10-10.0.22000-SP0)
    method: GET
    uri: https://management.azure.com/subscriptions/00000000-0000-0000-0000-000000000000/providers/Microsoft.OperationalInsights/locations/westeurope/operationStatuses/46fb0951-8592-44a8-afe5-980b167cf399?api-version=2015-11-01-preview
  response:
    body:
      string: "{\r\n  \"status\": \"InProgress\",\r\n  \"name\": \"46fb0951-8592-44a8-afe5-980b167cf399\",\r\n
        \ \"id\": \"/subscriptions/00000000-0000-0000-0000-000000000000/providers/Microsoft.OperationalInsights/locations/westeurope/operationStatuses/46fb0951-8592-44a8-afe5-980b167cf399\",\r\n
        \ \"startTime\": \"Wed, 26 Jan 2022 05:02:11 GMT\"\r\n}"
    headers:
      cache-control:
      - no-cache
      cachecontrol:
      - no-cache
      content-length:
      - '310'
      content-type:
      - application/json; charset=utf-8
      date:
      - Wed, 26 Jan 2022 05:02:41 GMT
      expires:
      - '-1'
      pragma:
      - no-cache
      server:
      - Microsoft-IIS/10.0
      - Microsoft-IIS/10.0
      strict-transport-security:
      - max-age=31536000; includeSubDomains
      transfer-encoding:
      - chunked
      vary:
      - Accept-Encoding
      x-ams-apiversion:
      - WebAPI1.0
      x-content-type-options:
      - nosniff
      x-powered-by:
      - ASP.NET
      - ASP.NET
    status:
      code: 200
      message: OK
- request:
    body: null
    headers:
      Accept:
      - '*/*'
      Accept-Encoding:
      - gzip, deflate
      CommandName:
      - monitor log-analytics workspace table update
      Connection:
      - keep-alive
      ParameterSetName:
      - -g -n --workspace-name --retention-time --total-retention-time --columns
      User-Agent:
      - AZURECLI/2.32.0 azsdk-python-mgmt-loganalytics/13.0.0b1 Python/3.8.9 (Windows-10-10.0.22000-SP0)
    method: GET
    uri: https://management.azure.com/subscriptions/00000000-0000-0000-0000-000000000000/providers/Microsoft.OperationalInsights/locations/westeurope/operationStatuses/46fb0951-8592-44a8-afe5-980b167cf399?api-version=2015-11-01-preview
  response:
    body:
      string: "{\r\n  \"status\": \"Succeeded\",\r\n  \"name\": \"46fb0951-8592-44a8-afe5-980b167cf399\",\r\n
        \ \"id\": \"/subscriptions/00000000-0000-0000-0000-000000000000/providers/Microsoft.OperationalInsights/locations/westeurope/operationStatuses/46fb0951-8592-44a8-afe5-980b167cf399\",\r\n
        \ \"startTime\": \"Wed, 26 Jan 2022 05:02:11 GMT\",\r\n  \"endTime\": \"Wed,
        26 Jan 2022 05:02:51 GMT\"\r\n}"
    headers:
      cache-control:
      - no-cache
      cachecontrol:
      - no-cache
      content-length:
      - '356'
      content-type:
      - application/json; charset=utf-8
      date:
      - Wed, 26 Jan 2022 05:03:11 GMT
      expires:
      - '-1'
      pragma:
      - no-cache
      server:
      - Microsoft-IIS/10.0
      - Microsoft-IIS/10.0
      strict-transport-security:
      - max-age=31536000; includeSubDomains
      transfer-encoding:
      - chunked
      vary:
      - Accept-Encoding
      x-ams-apiversion:
      - WebAPI1.0
      x-content-type-options:
      - nosniff
      x-powered-by:
      - ASP.NET
      - ASP.NET
    status:
      code: 200
      message: OK
- request:
    body: null
    headers:
      Accept:
      - '*/*'
      Accept-Encoding:
      - gzip, deflate
      CommandName:
      - monitor log-analytics workspace table update
      Connection:
      - keep-alive
      ParameterSetName:
      - -g -n --workspace-name --retention-time --total-retention-time --columns
      User-Agent:
      - AZURECLI/2.32.0 azsdk-python-mgmt-loganalytics/13.0.0b1 Python/3.8.9 (Windows-10-10.0.22000-SP0)
    method: GET
    uri: https://management.azure.com/subscriptions/00000000-0000-0000-0000-000000000000/resourcegroups/cli_test_monitor_workspace_table000001/providers/Microsoft.OperationalInsights/workspaces/ws-000002/tables/TB000003_CL?api-version=2021-12-01-preview
  response:
    body:
      string: "{\r\n  \"properties\": {\r\n    \"totalRetentionInDays\": 80,\r\n    \"archiveRetentionInDays\":
        30,\r\n    \"plan\": \"Analytics\",\r\n    \"lastPlanModifiedDate\": \"Wed,
        26 Jan 2022 05:00:35 GMT\",\r\n    \"schema\": {\r\n      \"tableSubType\":
        \"DataCollectionRuleBased\",\r\n      \"name\": \"TB000003_CL\",\r\n      \"tableType\":
        \"CustomLog\",\r\n      \"columns\": [\r\n        {\r\n          \"name\":
        \"col2\",\r\n          \"type\": \"guid\",\r\n          \"isDefaultDisplay\":
        false,\r\n          \"isHidden\": false\r\n        },\r\n        {\r\n          \"name\":
        \"col1\",\r\n          \"type\": \"guid\",\r\n          \"isDefaultDisplay\":
        false,\r\n          \"isHidden\": false\r\n        },\r\n        {\r\n          \"name\":
        \"TimeGenerated\",\r\n          \"type\": \"datetime\",\r\n          \"isDefaultDisplay\":
        false,\r\n          \"isHidden\": false\r\n        }\r\n      ],\r\n      \"standardColumns\":
        [\r\n        {\r\n          \"name\": \"TenantId\",\r\n          \"type\":
        \"guid\",\r\n          \"isDefaultDisplay\": false,\r\n          \"isHidden\":
        false\r\n        }\r\n      ],\r\n      \"solutions\": [\r\n        \"LogManagement\"\r\n
        \     ]\r\n    },\r\n    \"provisioningState\": \"Succeeded\",\r\n    \"retentionInDays\":
        50\r\n  },\r\n  \"id\": \"/subscriptions/00000000-0000-0000-0000-000000000000/resourcegroups/cli_test_monitor_workspace_table000001/providers/Microsoft.OperationalInsights/workspaces/ws-000002/tables/TB000003_CL\",\r\n
        \ \"name\": \"TB000003_CL\"\r\n}"
    headers:
      cache-control:
      - no-cache
      cachecontrol:
      - no-cache
      content-length:
      - '1327'
      content-type:
      - application/json; charset=utf-8
      date:
      - Wed, 26 Jan 2022 05:03:12 GMT
      expires:
      - '-1'
      pragma:
      - no-cache
      server:
      - Microsoft-IIS/10.0
      - Microsoft-IIS/10.0
      strict-transport-security:
      - max-age=31536000; includeSubDomains
      transfer-encoding:
      - chunked
      vary:
      - Accept-Encoding
      x-ams-apiversion:
      - WebAPI1.0
      x-content-type-options:
      - nosniff
      x-powered-by:
      - ASP.NET
      - ASP.NET
    status:
      code: 200
      message: OK
- request:
    body: null
    headers:
      Accept:
      - application/json
      Accept-Encoding:
      - gzip, deflate
      CommandName:
      - monitor log-analytics workspace table show
      Connection:
      - keep-alive
      ParameterSetName:
      - -g -n --workspace-name
      User-Agent:
      - AZURECLI/2.32.0 azsdk-python-mgmt-loganalytics/13.0.0b1 Python/3.8.9 (Windows-10-10.0.22000-SP0)
    method: GET
    uri: https://management.azure.com/subscriptions/00000000-0000-0000-0000-000000000000/resourcegroups/cli_test_monitor_workspace_table000001/providers/Microsoft.OperationalInsights/workspaces/ws-000002/tables/TB000003_CL?api-version=2021-12-01-preview
  response:
    body:
      string: "{\r\n  \"properties\": {\r\n    \"totalRetentionInDays\": 80,\r\n    \"archiveRetentionInDays\":
        30,\r\n    \"plan\": \"Analytics\",\r\n    \"lastPlanModifiedDate\": \"Wed,
        26 Jan 2022 05:00:35 GMT\",\r\n    \"schema\": {\r\n      \"tableSubType\":
        \"DataCollectionRuleBased\",\r\n      \"name\": \"TB000003_CL\",\r\n      \"tableType\":
        \"CustomLog\",\r\n      \"columns\": [\r\n        {\r\n          \"name\":
        \"col2\",\r\n          \"type\": \"guid\",\r\n          \"isDefaultDisplay\":
        false,\r\n          \"isHidden\": false\r\n        },\r\n        {\r\n          \"name\":
        \"col1\",\r\n          \"type\": \"guid\",\r\n          \"isDefaultDisplay\":
        false,\r\n          \"isHidden\": false\r\n        },\r\n        {\r\n          \"name\":
        \"TimeGenerated\",\r\n          \"type\": \"datetime\",\r\n          \"isDefaultDisplay\":
        false,\r\n          \"isHidden\": false\r\n        }\r\n      ],\r\n      \"standardColumns\":
        [\r\n        {\r\n          \"name\": \"TenantId\",\r\n          \"type\":
        \"guid\",\r\n          \"isDefaultDisplay\": false,\r\n          \"isHidden\":
        false\r\n        }\r\n      ],\r\n      \"solutions\": [\r\n        \"LogManagement\"\r\n
        \     ]\r\n    },\r\n    \"provisioningState\": \"Succeeded\",\r\n    \"retentionInDays\":
        50\r\n  },\r\n  \"id\": \"/subscriptions/00000000-0000-0000-0000-000000000000/resourcegroups/cli_test_monitor_workspace_table000001/providers/Microsoft.OperationalInsights/workspaces/ws-000002/tables/TB000003_CL\",\r\n
        \ \"name\": \"TB000003_CL\"\r\n}"
    headers:
      cache-control:
      - no-cache
      cachecontrol:
      - no-cache
      content-length:
      - '1327'
      content-type:
      - application/json; charset=utf-8
      date:
      - Wed, 26 Jan 2022 05:03:15 GMT
      expires:
      - '-1'
      pragma:
      - no-cache
      server:
      - Microsoft-IIS/10.0
      - Microsoft-IIS/10.0
      strict-transport-security:
      - max-age=31536000; includeSubDomains
      transfer-encoding:
      - chunked
      vary:
      - Accept-Encoding
      x-ams-apiversion:
      - WebAPI1.0
      x-content-type-options:
      - nosniff
      x-powered-by:
      - ASP.NET
      - ASP.NET
    status:
      code: 200
      message: OK
- request:
    body: null
    headers:
      Accept:
      - application/json
      Accept-Encoding:
      - gzip, deflate
      CommandName:
      - monitor log-analytics workspace table delete
      Connection:
      - keep-alive
      Content-Length:
      - '0'
      ParameterSetName:
      - -g -n --workspace-name -y
      User-Agent:
      - AZURECLI/2.32.0 azsdk-python-mgmt-loganalytics/13.0.0b1 Python/3.8.9 (Windows-10-10.0.22000-SP0)
    method: DELETE
    uri: https://management.azure.com/subscriptions/00000000-0000-0000-0000-000000000000/resourcegroups/cli_test_monitor_workspace_table000001/providers/Microsoft.OperationalInsights/workspaces/ws-000002/tables/TB000003_CL?api-version=2021-12-01-preview
  response:
    body:
      string: ''
    headers:
      azure-asyncoperation:
      - https://management.azure.com/subscriptions/00000000-0000-0000-0000-000000000000/providers/Microsoft.OperationalInsights/locations/westeurope/operationStatuses/b9e88237-ac4f-4cdd-ba69-835c29f54bd4?api-version=2015-11-01-preview
      cache-control:
      - no-cache
      cachecontrol:
      - no-cache
      content-length:
      - '0'
      date:
      - Wed, 26 Jan 2022 05:03:17 GMT
      expires:
      - '-1'
      location:
      - https://management.azure.com/subscriptions/00000000-0000-0000-0000-000000000000/resourcegroups/cli_test_monitor_workspace_table000001/providers/Microsoft.OperationalInsights/workspaces/ws-000002/tables/TB000003_CL/operationresults/b9e88237-ac4f-4cdd-ba69-835c29f54bd4?api-version=2021-12-01-preview
      pragma:
      - no-cache
      server:
      - Microsoft-IIS/10.0
      - Microsoft-IIS/10.0
      strict-transport-security:
      - max-age=31536000; includeSubDomains
      x-ams-apiversion:
      - WebAPI1.0
      x-content-type-options:
      - nosniff
      x-ms-ratelimit-remaining-subscription-deletes:
      - '14999'
      x-powered-by:
      - ASP.NET
      - ASP.NET
    status:
      code: 202
      message: Accepted
- request:
    body: null
    headers:
      Accept:
      - '*/*'
      Accept-Encoding:
      - gzip, deflate
      CommandName:
      - monitor log-analytics workspace table delete
      Connection:
      - keep-alive
      ParameterSetName:
      - -g -n --workspace-name -y
      User-Agent:
      - AZURECLI/2.32.0 azsdk-python-mgmt-loganalytics/13.0.0b1 Python/3.8.9 (Windows-10-10.0.22000-SP0)
    method: GET
    uri: https://management.azure.com/subscriptions/00000000-0000-0000-0000-000000000000/providers/Microsoft.OperationalInsights/locations/westeurope/operationStatuses/b9e88237-ac4f-4cdd-ba69-835c29f54bd4?api-version=2015-11-01-preview
  response:
    body:
      string: "{\r\n  \"status\": \"Succeeded\",\r\n  \"name\": \"b9e88237-ac4f-4cdd-ba69-835c29f54bd4\",\r\n
        \ \"id\": \"/subscriptions/00000000-0000-0000-0000-000000000000/providers/Microsoft.OperationalInsights/locations/westeurope/operationStatuses/b9e88237-ac4f-4cdd-ba69-835c29f54bd4\",\r\n
        \ \"startTime\": \"Wed, 26 Jan 2022 05:03:17 GMT\",\r\n  \"endTime\": \"Wed,
        26 Jan 2022 05:03:42 GMT\"\r\n}"
    headers:
      cache-control:
      - no-cache
      cachecontrol:
      - no-cache
      content-length:
      - '356'
      content-type:
      - application/json; charset=utf-8
      date:
      - Wed, 26 Jan 2022 05:03:47 GMT
      expires:
      - '-1'
      pragma:
      - no-cache
      server:
      - Microsoft-IIS/10.0
      - Microsoft-IIS/10.0
      strict-transport-security:
      - max-age=31536000; includeSubDomains
      transfer-encoding:
      - chunked
      vary:
      - Accept-Encoding
      x-ams-apiversion:
      - WebAPI1.0
      x-content-type-options:
      - nosniff
      x-powered-by:
      - ASP.NET
      - ASP.NET
    status:
      code: 200
      message: OK
version: 1
