interactions:
- request:
    body: null
    headers:
      Accept:
      - application/json
      Accept-Encoding:
      - gzip, deflate
      CommandName:
      - storage account show
      Connection:
      - keep-alive
      ParameterSetName:
      - -n -g --query -o
      User-Agent:
      - AZURECLI/2.24.0 azsdk-python-azure-mgmt-storage/18.0.0 Python/3.8.10 (Windows-10-10.0.19043-SP0)
    method: GET
    uri: https://management.azure.com/subscriptions/00000000-0000-0000-0000-000000000000/resourceGroups/clitest.rg000001/providers/Microsoft.Storage/storageAccounts/clitest000002?api-version=2021-04-01
  response:
    body:
      string: '{"sku":{"name":"Standard_LRS","tier":"Standard"},"kind":"Storage","id":"/subscriptions/00000000-0000-0000-0000-000000000000/resourceGroups/clitest.rg000001/providers/Microsoft.Storage/storageAccounts/clitest000002","name":"clitest000002","type":"Microsoft.Storage/storageAccounts","location":"southcentralus","tags":{},"properties":{"keyCreationTime":{"key1":"2021-06-07T05:10:44.3409132Z","key2":"2021-06-07T05:10:44.3409132Z"},"privateEndpointConnections":[],"networkAcls":{"bypass":"AzureServices","virtualNetworkRules":[],"ipRules":[],"defaultAction":"Allow"},"supportsHttpsTrafficOnly":true,"encryption":{"services":{"file":{"keyType":"Account","enabled":true,"lastEnabledTime":"2021-06-07T05:10:44.3458927Z"},"blob":{"keyType":"Account","enabled":true,"lastEnabledTime":"2021-06-07T05:10:44.3458927Z"}},"keySource":"Microsoft.Storage"},"provisioningState":"Succeeded","creationTime":"2021-06-07T05:10:44.2659573Z","primaryEndpoints":{"blob":"https://clitest000002.blob.core.windows.net/","queue":"https://clitest000002.queue.core.windows.net/","table":"https://clitest000002.table.core.windows.net/","file":"https://clitest000002.file.core.windows.net/"},"primaryLocation":"southcentralus","statusOfPrimary":"available"}}'
    headers:
      cache-control:
      - no-cache
      content-length:
      - '1352'
      content-type:
      - application/json
      date:
      - Mon, 07 Jun 2021 05:11:05 GMT
      expires:
      - '-1'
      pragma:
      - no-cache
      server:
      - Microsoft-Azure-Storage-Resource-Provider/1.0,Microsoft-HTTPAPI/2.0 Microsoft-HTTPAPI/2.0
      strict-transport-security:
      - max-age=31536000; includeSubDomains
      transfer-encoding:
      - chunked
      vary:
      - Accept-Encoding
      x-content-type-options:
      - nosniff
    status:
      code: 200
      message: OK
- request:
    body: null
    headers:
      Accept:
      - application/json
      Accept-Encoding:
      - gzip, deflate
      CommandName:
      - monitor diagnostic-settings subscription list
      Connection:
      - keep-alive
      User-Agent:
      - AZURECLI/2.24.0 azsdk-python-azure-mgmt-monitor/2.0.0 Python/3.8.10 (Windows-10-10.0.19043-SP0)
    method: GET
    uri: https://management.azure.com/subscriptions/00000000-0000-0000-0000-000000000000/providers/microsoft.insights/diagnosticSettings?api-version=2017-05-01-preview
  response:
    body:
      string: '{"value":[]}'
    headers:
      cache-control:
      - no-cache
      content-length:
      - '12'
      content-type:
      - application/json; charset=utf-8
      date:
      - Mon, 07 Jun 2021 05:11:06 GMT
      expires:
      - '-1'
      pragma:
      - no-cache
      server:
      - Microsoft-IIS/10.0
      strict-transport-security:
      - max-age=31536000; includeSubDomains
      transfer-encoding:
      - chunked
      vary:
      - Accept-Encoding
      x-content-type-options:
      - nosniff
    status:
      code: 200
      message: OK
- request:
    body: '{"location": "southcentralus", "properties": {"storageAccountId": "/subscriptions/00000000-0000-0000-0000-000000000000/resourceGroups/clitest.rg000001/providers/Microsoft.Storage/storageAccounts/clitest000002",
      "logs": [{"category": "Security", "enabled": true}, {"category": "Administrative",
      "enabled": true}, {"category": "ServiceHealth", "enabled": true}, {"category":
      "Alert", "enabled": true}, {"category": "Recommendation", "enabled": true},
      {"category": "Policy", "enabled": true}, {"category": "Autoscale", "enabled":
      true}, {"category": "ResourceHealth", "enabled": true}]}}'
    headers:
      Accept:
      - application/json
      Accept-Encoding:
      - gzip, deflate
      CommandName:
      - monitor diagnostic-settings subscription create
      Connection:
      - keep-alive
      Content-Length:
      - '654'
      Content-Type:
      - application/json
      ParameterSetName:
      - -l --name --storage-account --logs
      User-Agent:
      - AZURECLI/2.24.0 azsdk-python-azure-mgmt-monitor/2.0.0 Python/3.8.10 (Windows-10-10.0.19043-SP0)
    method: PUT
    uri: https://management.azure.com/subscriptions/00000000-0000-0000-0000-000000000000/providers/microsoft.insights/diagnosticSettings/clitest000003?api-version=2017-05-01-preview
  response:
    body:
      string: '{"id":"subscriptions/0b1f6471-1bf0-4dda-aec3-cb9272f09590/providers/microsoft.insights/diagnosticSettings/clitest000003","type":"Microsoft.Insights/diagnosticSettings","name":"clitest000003","location":"global","properties":{"storageAccountId":"/subscriptions/00000000-0000-0000-0000-000000000000/resourceGroups/clitest.rg000001/providers/Microsoft.Storage/storageAccounts/clitest000002","logs":[{"category":"Security","enabled":true,"categoryGroup":null},{"category":"Administrative","enabled":true,"categoryGroup":null},{"category":"ServiceHealth","enabled":true,"categoryGroup":null},{"category":"Alert","enabled":true,"categoryGroup":null},{"category":"Recommendation","enabled":true,"categoryGroup":null},{"category":"Policy","enabled":true,"categoryGroup":null},{"category":"Autoscale","enabled":true,"categoryGroup":null},{"category":"ResourceHealth","enabled":true,"categoryGroup":null}]}}'
    headers:
      cache-control:
      - no-cache
      content-length:
      - '981'
      content-type:
      - application/json; charset=utf-8
      date:
      - Mon, 07 Jun 2021 05:11:10 GMT
      expires:
      - '-1'
      pragma:
      - no-cache
      server:
      - Microsoft-IIS/10.0
      strict-transport-security:
      - max-age=31536000; includeSubDomains
      transfer-encoding:
      - chunked
      vary:
      - Accept-Encoding
      x-content-type-options:
      - nosniff
      x-ms-ratelimit-remaining-subscription-resource-requests:
      - '149'
    status:
      code: 200
      message: OK
- request:
    body: null
    headers:
      Accept:
      - application/json
      Accept-Encoding:
      - gzip, deflate
      CommandName:
      - monitor diagnostic-settings subscription show
      Connection:
      - keep-alive
      ParameterSetName:
      - --name
      User-Agent:
      - AZURECLI/2.24.0 azsdk-python-azure-mgmt-monitor/2.0.0 Python/3.8.10 (Windows-10-10.0.19043-SP0)
    method: GET
    uri: https://management.azure.com/subscriptions/00000000-0000-0000-0000-000000000000/providers/microsoft.insights/diagnosticSettings/clitest000003?api-version=2017-05-01-preview
  response:
    body:
      string: '{"id":"subscriptions/0b1f6471-1bf0-4dda-aec3-cb9272f09590/providers/microsoft.insights/diagnosticSettings/clitest000003","type":"Microsoft.Insights/diagnosticSettings","name":"clitest000003","location":"global","properties":{"storageAccountId":"/subscriptions/00000000-0000-0000-0000-000000000000/resourceGroups/clitest.rg000001/providers/Microsoft.Storage/storageAccounts/clitest000002","logs":[{"category":"Security","enabled":true,"categoryGroup":null},{"category":"Administrative","enabled":true,"categoryGroup":null},{"category":"ServiceHealth","enabled":true,"categoryGroup":null},{"category":"Alert","enabled":true,"categoryGroup":null},{"category":"Recommendation","enabled":true,"categoryGroup":null},{"category":"Policy","enabled":true,"categoryGroup":null},{"category":"Autoscale","enabled":true,"categoryGroup":null},{"category":"ResourceHealth","enabled":true,"categoryGroup":null}]}}'
    headers:
      cache-control:
      - no-cache
      content-length:
      - '981'
      content-type:
      - application/json; charset=utf-8
      date:
      - Mon, 07 Jun 2021 05:11:10 GMT
      expires:
      - '-1'
      pragma:
      - no-cache
      server:
      - Microsoft-IIS/10.0
      strict-transport-security:
      - max-age=31536000; includeSubDomains
      transfer-encoding:
      - chunked
      vary:
      - Accept-Encoding
      x-content-type-options:
      - nosniff
    status:
      code: 200
      message: OK
- request:
    body: null
    headers:
      Accept:
      - application/json
      Accept-Encoding:
      - gzip, deflate
      CommandName:
      - monitor diagnostic-settings subscription list
      Connection:
      - keep-alive
      User-Agent:
      - AZURECLI/2.24.0 azsdk-python-azure-mgmt-monitor/2.0.0 Python/3.8.10 (Windows-10-10.0.19043-SP0)
    method: GET
    uri: https://management.azure.com/subscriptions/00000000-0000-0000-0000-000000000000/providers/microsoft.insights/diagnosticSettings?api-version=2017-05-01-preview
  response:
    body:
      string: '{"value":[{"id":"subscriptions/0b1f6471-1bf0-4dda-aec3-cb9272f09590/providers/microsoft.insights/diagnosticSettings/clitest000003","type":"Microsoft.Insights/diagnosticSettings","name":"clitest000003","location":"global","properties":{"storageAccountId":"/subscriptions/00000000-0000-0000-0000-000000000000/resourceGroups/clitest.rg000001/providers/Microsoft.Storage/storageAccounts/clitest000002","logs":[{"category":"Security","enabled":true,"categoryGroup":null},{"category":"Administrative","enabled":true,"categoryGroup":null},{"category":"ServiceHealth","enabled":true,"categoryGroup":null},{"category":"Alert","enabled":true,"categoryGroup":null},{"category":"Recommendation","enabled":true,"categoryGroup":null},{"category":"Policy","enabled":true,"categoryGroup":null},{"category":"Autoscale","enabled":true,"categoryGroup":null},{"category":"ResourceHealth","enabled":true,"categoryGroup":null}]}}]}'
    headers:
      cache-control:
      - no-cache
      content-length:
      - '993'
      content-type:
      - application/json; charset=utf-8
      date:
      - Mon, 07 Jun 2021 05:11:12 GMT
      expires:
      - '-1'
      pragma:
      - no-cache
      server:
      - Microsoft-IIS/10.0
      strict-transport-security:
      - max-age=31536000; includeSubDomains
      transfer-encoding:
      - chunked
      vary:
      - Accept-Encoding
      x-content-type-options:
      - nosniff
    status:
      code: 200
      message: OK
- request:
    body: null
    headers:
      Accept:
      - application/json
      Accept-Encoding:
      - gzip, deflate
      CommandName:
      - monitor log-analytics workspace create
      Connection:
      - keep-alive
      ParameterSetName:
      - -n -g --query -o
      User-Agent:
      - AZURECLI/2.24.0 azsdk-python-azure-mgmt-resource/18.0.0 Python/3.8.10 (Windows-10-10.0.19043-SP0)
    method: GET
    uri: https://management.azure.com/subscriptions/00000000-0000-0000-0000-000000000000/resourcegroups/clitest.rg000001?api-version=2020-10-01
  response:
    body:
      string: '{"id":"/subscriptions/00000000-0000-0000-0000-000000000000/resourceGroups/clitest.rg000001","name":"clitest.rg000001","type":"Microsoft.Resources/resourceGroups","location":"southcentralus","tags":{"product":"azurecli","cause":"automation","date":"2021-06-07T05:10:30Z"},"properties":{"provisioningState":"Succeeded"}}'
    headers:
      cache-control:
      - no-cache
      content-length:
      - '436'
      content-type:
      - application/json; charset=utf-8
      date:
      - Mon, 07 Jun 2021 05:11:12 GMT
      expires:
      - '-1'
      pragma:
      - no-cache
      strict-transport-security:
      - max-age=31536000; includeSubDomains
      vary:
      - Accept-Encoding
      x-content-type-options:
      - nosniff
    status:
      code: 200
      message: OK
- request:
    body: '{"location": "southcentralus", "properties": {"sku": {"name": "PerGB2018"},
      "retentionInDays": 30, "workspaceCapping": {}}}'
    headers:
      Accept:
      - application/json
      Accept-Encoding:
      - gzip, deflate
      CommandName:
      - monitor log-analytics workspace create
      Connection:
      - keep-alive
      Content-Length:
      - '123'
      Content-Type:
      - application/json
      ParameterSetName:
      - -n -g --query -o
      User-Agent:
      - AZURECLI/2.24.0 azsdk-python-mgmt-loganalytics/10.0.0 Python/3.8.10 (Windows-10-10.0.19043-SP0)
    method: PUT
    uri: https://management.azure.com/subscriptions/00000000-0000-0000-0000-000000000000/resourcegroups/clitest.rg000001/providers/Microsoft.OperationalInsights/workspaces/cliws000004?api-version=2020-10-01
  response:
    body:
      string: "{\r\n  \"properties\": {\r\n    \"source\": \"Azure\",\r\n    \"customerId\":
        \"a6189dd2-b9be-4d08-8a29-49fae89ffbbe\",\r\n    \"provisioningState\": \"Creating\",\r\n
        \   \"sku\": {\r\n      \"name\": \"pergb2018\",\r\n      \"lastSkuUpdate\":
        \"Mon, 07 Jun 2021 05:11:21 GMT\"\r\n    },\r\n    \"retentionInDays\": 30,\r\n
        \   \"features\": {\r\n      \"legacy\": 0,\r\n      \"searchVersion\": 1,\r\n
        \     \"enableLogAccessUsingOnlyResourcePermissions\": true\r\n    },\r\n
        \   \"workspaceCapping\": {\r\n      \"dailyQuotaGb\": -1.0,\r\n      \"quotaNextResetTime\":
        \"Mon, 07 Jun 2021 16:00:00 GMT\",\r\n      \"dataIngestionStatus\": \"RespectQuota\"\r\n
        \   },\r\n    \"publicNetworkAccessForIngestion\": \"Enabled\",\r\n    \"publicNetworkAccessForQuery\":
        \"Enabled\",\r\n    \"createdDate\": \"Mon, 07 Jun 2021 05:11:21 GMT\",\r\n
        \   \"modifiedDate\": \"Mon, 07 Jun 2021 05:11:21 GMT\"\r\n  },\r\n  \"id\":
        \"/subscriptions/00000000-0000-0000-0000-000000000000/resourcegroups/clitest.rg000001/providers/microsoft.operationalinsights/workspaces/cliws000004\",\r\n
        \ \"name\": \"cliws000004\",\r\n  \"type\": \"Microsoft.OperationalInsights/workspaces\",\r\n
        \ \"location\": \"southcentralus\"\r\n}"
    headers:
      cache-control:
      - no-cache
      content-length:
      - '1141'
      content-type:
      - application/json
      date:
      - Mon, 07 Jun 2021 05:11:22 GMT
      pragma:
      - no-cache
      server:
      - Microsoft-IIS/10.0
      - Microsoft-IIS/10.0
      strict-transport-security:
      - max-age=31536000; includeSubDomains
      x-content-type-options:
      - nosniff
      x-ms-ratelimit-remaining-subscription-writes:
      - '1199'
      x-powered-by:
      - ASP.NET
      - ASP.NET
    status:
      code: 201
      message: Created
- request:
    body: null
    headers:
      Accept:
      - '*/*'
      Accept-Encoding:
      - gzip, deflate
      CommandName:
      - monitor log-analytics workspace create
      Connection:
      - keep-alive
      ParameterSetName:
      - -n -g --query -o
      User-Agent:
      - AZURECLI/2.24.0 azsdk-python-mgmt-loganalytics/10.0.0 Python/3.8.10 (Windows-10-10.0.19043-SP0)
    method: GET
    uri: https://management.azure.com/subscriptions/00000000-0000-0000-0000-000000000000/resourcegroups/clitest.rg000001/providers/Microsoft.OperationalInsights/workspaces/cliws000004?api-version=2020-10-01
  response:
    body:
      string: "{\r\n  \"properties\": {\r\n    \"source\": \"Azure\",\r\n    \"customerId\":
        \"a6189dd2-b9be-4d08-8a29-49fae89ffbbe\",\r\n    \"provisioningState\": \"Succeeded\",\r\n
        \   \"sku\": {\r\n      \"name\": \"pergb2018\",\r\n      \"lastSkuUpdate\":
        \"Mon, 07 Jun 2021 05:11:21 GMT\"\r\n    },\r\n    \"retentionInDays\": 30,\r\n
        \   \"features\": {\r\n      \"legacy\": 0,\r\n      \"searchVersion\": 1,\r\n
        \     \"enableLogAccessUsingOnlyResourcePermissions\": true\r\n    },\r\n
        \   \"workspaceCapping\": {\r\n      \"dailyQuotaGb\": -1.0,\r\n      \"quotaNextResetTime\":
        \"Mon, 07 Jun 2021 16:00:00 GMT\",\r\n      \"dataIngestionStatus\": \"RespectQuota\"\r\n
        \   },\r\n    \"publicNetworkAccessForIngestion\": \"Enabled\",\r\n    \"publicNetworkAccessForQuery\":
        \"Enabled\",\r\n    \"createdDate\": \"Mon, 07 Jun 2021 05:11:21 GMT\",\r\n
        \   \"modifiedDate\": \"Mon, 07 Jun 2021 05:11:23 GMT\"\r\n  },\r\n  \"id\":
        \"/subscriptions/00000000-0000-0000-0000-000000000000/resourcegroups/clitest.rg000001/providers/microsoft.operationalinsights/workspaces/cliws000004\",\r\n
        \ \"name\": \"cliws000004\",\r\n  \"type\": \"Microsoft.OperationalInsights/workspaces\",\r\n
        \ \"location\": \"southcentralus\"\r\n}"
    headers:
      cache-control:
      - no-cache
      content-length:
      - '1142'
      content-type:
      - application/json
      date:
      - Mon, 07 Jun 2021 05:11:53 GMT
      pragma:
      - no-cache
      server:
      - Microsoft-IIS/10.0
      - Microsoft-IIS/10.0
      strict-transport-security:
      - max-age=31536000; includeSubDomains
      transfer-encoding:
      - chunked
      vary:
      - Accept-Encoding
      x-content-type-options:
      - nosniff
      x-powered-by:
      - ASP.NET
      - ASP.NET
    status:
      code: 200
      message: OK
- request:
    body: null
    headers:
      Accept:
      - application/json
      Accept-Encoding:
      - gzip, deflate
      CommandName:
      - monitor diagnostic-settings subscription update
      Connection:
      - keep-alive
      ParameterSetName:
      - --name --workspace
      User-Agent:
      - AZURECLI/2.24.0 azsdk-python-azure-mgmt-monitor/2.0.0 Python/3.8.10 (Windows-10-10.0.19043-SP0)
    method: GET
    uri: https://management.azure.com/subscriptions/00000000-0000-0000-0000-000000000000/providers/microsoft.insights/diagnosticSettings/clitest000003?api-version=2017-05-01-preview
  response:
    body:
      string: '{"id":"subscriptions/0b1f6471-1bf0-4dda-aec3-cb9272f09590/providers/microsoft.insights/diagnosticSettings/clitest000003","type":"Microsoft.Insights/diagnosticSettings","name":"clitest000003","location":"global","properties":{"storageAccountId":"/subscriptions/00000000-0000-0000-0000-000000000000/resourceGroups/clitest.rg000001/providers/Microsoft.Storage/storageAccounts/clitest000002","logs":[{"category":"Security","enabled":true,"categoryGroup":null},{"category":"Administrative","enabled":true,"categoryGroup":null},{"category":"ServiceHealth","enabled":true,"categoryGroup":null},{"category":"Alert","enabled":true,"categoryGroup":null},{"category":"Recommendation","enabled":true,"categoryGroup":null},{"category":"Policy","enabled":true,"categoryGroup":null},{"category":"Autoscale","enabled":true,"categoryGroup":null},{"category":"ResourceHealth","enabled":true,"categoryGroup":null}]}}'
    headers:
      cache-control:
      - no-cache
      content-length:
      - '981'
      content-type:
      - application/json; charset=utf-8
      date:
      - Mon, 07 Jun 2021 05:11:54 GMT
      expires:
      - '-1'
      pragma:
      - no-cache
      server:
      - Microsoft-IIS/10.0
      strict-transport-security:
      - max-age=31536000; includeSubDomains
      transfer-encoding:
      - chunked
      vary:
      - Accept-Encoding
      x-content-type-options:
      - nosniff
    status:
      code: 200
      message: OK
- request:
    body: '{"location": "global", "properties": {"storageAccountId": "/subscriptions/00000000-0000-0000-0000-000000000000/resourceGroups/clitest.rg000001/providers/Microsoft.Storage/storageAccounts/clitest000002",
      "logs": [{"category": "Security", "enabled": true}, {"category": "Administrative",
      "enabled": true}, {"category": "ServiceHealth", "enabled": true}, {"category":
      "Alert", "enabled": true}, {"category": "Recommendation", "enabled": true},
      {"category": "Policy", "enabled": true}, {"category": "Autoscale", "enabled":
      true}, {"category": "ResourceHealth", "enabled": true}], "workspaceId": "/subscriptions/00000000-0000-0000-0000-000000000000/resourcegroups/clitest.rg000001/providers/microsoft.operationalinsights/workspaces/cliws000004"}}'
    headers:
      Accept:
      - application/json
      Accept-Encoding:
      - gzip, deflate
      CommandName:
      - monitor diagnostic-settings subscription update
      Connection:
      - keep-alive
      Content-Length:
      - '879'
      Content-Type:
      - application/json
      ParameterSetName:
      - --name --workspace
      User-Agent:
      - AZURECLI/2.24.0 azsdk-python-azure-mgmt-monitor/2.0.0 Python/3.8.10 (Windows-10-10.0.19043-SP0)
    method: PUT
    uri: https://management.azure.com/subscriptions/00000000-0000-0000-0000-000000000000/providers/microsoft.insights/diagnosticSettings/clitest000003?api-version=2017-05-01-preview
  response:
    body:
      string: '{"id":"subscriptions/0b1f6471-1bf0-4dda-aec3-cb9272f09590/providers/microsoft.insights/diagnosticSettings/clitest000003","type":"Microsoft.Insights/diagnosticSettings","name":"clitest000003","location":"global","properties":{"storageAccountId":"/subscriptions/00000000-0000-0000-0000-000000000000/resourceGroups/clitest.rg000001/providers/Microsoft.Storage/storageAccounts/clitest000002","workspaceId":"/subscriptions/00000000-0000-0000-0000-000000000000/resourcegroups/clitest.rg000001/providers/microsoft.operationalinsights/workspaces/cliws000004","logs":[{"category":"Security","enabled":true,"categoryGroup":null},{"category":"Administrative","enabled":true,"categoryGroup":null},{"category":"ServiceHealth","enabled":true,"categoryGroup":null},{"category":"Alert","enabled":true,"categoryGroup":null},{"category":"Recommendation","enabled":true,"categoryGroup":null},{"category":"Policy","enabled":true,"categoryGroup":null},{"category":"Autoscale","enabled":true,"categoryGroup":null},{"category":"ResourceHealth","enabled":true,"categoryGroup":null}]}}'
    headers:
      cache-control:
      - no-cache
      content-length:
      - '1212'
      content-type:
      - application/json; charset=utf-8
      date:
      - Mon, 07 Jun 2021 05:11:59 GMT
      expires:
      - '-1'
      pragma:
      - no-cache
      server:
      - Microsoft-IIS/10.0
      strict-transport-security:
      - max-age=31536000; includeSubDomains
      transfer-encoding:
      - chunked
      vary:
      - Accept-Encoding
      x-content-type-options:
      - nosniff
      x-ms-ratelimit-remaining-subscription-resource-requests:
      - '149'
    status:
      code: 200
      message: OK
- request:
    body: null
    headers:
      Accept:
      - application/json
      Accept-Encoding:
      - gzip, deflate
      CommandName:
      - monitor diagnostic-settings subscription delete
      Connection:
      - keep-alive
      Content-Length:
      - '0'
      ParameterSetName:
      - --name -y
      User-Agent:
      - AZURECLI/2.24.0 azsdk-python-azure-mgmt-monitor/2.0.0 Python/3.8.10 (Windows-10-10.0.19043-SP0)
    method: DELETE
    uri: https://management.azure.com/subscriptions/00000000-0000-0000-0000-000000000000/providers/microsoft.insights/diagnosticSettings/clitest000003?api-version=2017-05-01-preview
  response:
    body:
      string: ''
    headers:
      cache-control:
      - no-cache
      content-length:
      - '0'
      date:
      - Mon, 07 Jun 2021 05:12:01 GMT
      expires:
      - '-1'
      pragma:
      - no-cache
      server:
      - Microsoft-IIS/10.0
      strict-transport-security:
      - max-age=31536000; includeSubDomains
      x-content-type-options:
      - nosniff
      x-ms-ratelimit-remaining-subscription-deletes:
      - '14999'
    status:
      code: 200
      message: OK
version: 1
