interactions:
- request:
    body: null
    headers:
      Accept:
      - application/json
      Accept-Encoding:
      - gzip, deflate
      CommandName:
      - monitor log-analytics workspace create
      Connection:
      - keep-alive
      ParameterSetName:
      - -g -n --quota --sku
      User-Agent:
      - AZURECLI/2.69.0 azsdk-python-core/1.31.0 Python/3.12.9 (Windows-10-10.0.19045-SP0)
    method: GET
    uri: https://management.azure.com/subscriptions/00000000-0000-0000-0000-000000000000/resourcegroups/cli_test_monitor_workspace_update_sku000001?api-version=2022-09-01
  response:
    body:
      string: '{"id":"/subscriptions/00000000-0000-0000-0000-000000000000/resourceGroups/cli_test_monitor_workspace_update_sku000001","name":"cli_test_monitor_workspace_update_sku000001","type":"Microsoft.Resources/resourceGroups","location":"westus","tags":{"product":"azurecli","cause":"automation","test":"test_monitor_log_analytics_workspace_update_sku","date":"2025-02-20T10:41:41Z","module":"monitor","DateCreated":"2025-02-20T10:41:43Z","Creator":"zhiyihuang@microsoft.com"},"properties":{"provisioningState":"Succeeded"}}'
    headers:
      cache-control:
      - no-cache
      content-length:
      - '514'
      content-type:
      - application/json; charset=utf-8
      date:
      - Thu, 20 Feb 2025 10:41:44 GMT
      expires:
      - '-1'
      pragma:
      - no-cache
      strict-transport-security:
      - max-age=31536000; includeSubDomains
      x-content-type-options:
      - nosniff
      x-ms-ratelimit-remaining-subscription-global-reads:
      - '3749'
    status:
      code: 200
      message: OK
- request:
    body: '{"location": "westus", "properties": {"publicNetworkAccessForIngestion":
      "Enabled", "publicNetworkAccessForQuery": "Enabled", "retentionInDays": 30,
      "sku": {"name": "PerGB2018"}, "workspaceCapping": {"dailyQuotaGb": 1.0}}}'
    headers:
      Accept:
      - application/json
      Accept-Encoding:
      - gzip, deflate
      CommandName:
      - monitor log-analytics workspace create
      Connection:
      - keep-alive
      Content-Length:
      - '222'
      Content-Type:
      - application/json
      ParameterSetName:
      - -g -n --quota --sku
      User-Agent:
      - AZURECLI/2.69.0 azsdk-python-core/1.31.0 Python/3.12.9 (Windows-10-10.0.19045-SP0)
    method: PUT
    uri: https://management.azure.com/subscriptions/00000000-0000-0000-0000-000000000000/resourcegroups/cli_test_monitor_workspace_update_sku000001/providers/Microsoft.OperationalInsights/workspaces/clitest000002?api-version=2023-09-01
  response:
    body:
      string: '{"properties":{"customerId":"18857580-982d-4481-aea2-3c2a3826e402","provisioningState":"Creating","sku":{"name":"PerGB2018","lastSkuUpdate":"2025-02-20T10:41:47.2706928Z"},"retentionInDays":30,"features":{"legacy":0,"searchVersion":1,"enableLogAccessUsingOnlyResourcePermissions":true},"workspaceCapping":{"dailyQuotaGb":1.0,"quotaNextResetTime":"2025-02-20T13:00:00Z","dataIngestionStatus":"RespectQuota"},"publicNetworkAccessForIngestion":"Enabled","publicNetworkAccessForQuery":"Enabled","createdDate":"2025-02-20T10:41:47.2706928Z","modifiedDate":"2025-02-20T10:41:47.2706928Z"},"location":"westus","id":"/subscriptions/00000000-0000-0000-0000-000000000000/resourceGroups/cli_test_monitor_workspace_update_sku000001/providers/Microsoft.OperationalInsights/workspaces/clitest000002","name":"clitest000002","type":"Microsoft.OperationalInsights/workspaces","etag":"\"4f00b2de-0000-0700-0000-67b706eb0000\""}'
    headers:
      access-control-allow-origin:
      - '*'
      api-supported-versions:
      - 2015-03-20, 2020-08-01, 2020-10-01, 2021-06-01, 2022-10-01, 2023-09-01, 2025-02-01,
        2025-04-01
      cache-control:
      - no-cache
      content-length:
      - '909'
      content-type:
      - application/json; charset=utf-8
      date:
      - Thu, 20 Feb 2025 10:41:47 GMT
      expires:
      - '-1'
      location:
      - https://management.azure.com/subscriptions/00000000-0000-0000-0000-000000000000/resourceGroups/cli_test_monitor_workspace_update_sku000001/providers/Microsoft.OperationalInsights/workspaces/clitest000002?api-version=2023-09-01
      pragma:
      - no-cache
      request-context:
      - appId=cid-v1:e6336c63-aab2-45f0-996a-e5dbab2a1508
      strict-transport-security:
      - max-age=31536000; includeSubDomains
      x-content-type-options:
      - nosniff
      x-ms-operation-identifier:
      - tenantId=54826b22-38d6-4fb2-bad9-b7b93a3e9c5a,objectId=a7250e3a-0e5e-48e2-9a34-45f1f5e1a91e/eastus2euap/cec07036-da3a-42ac-b1c1-93a0f4cd1c12
      x-ms-ratelimit-remaining-subscription-global-writes:
      - '2999'
      x-ms-ratelimit-remaining-subscription-writes:
      - '199'
    status:
      code: 201
      message: Created
- request:
    body: null
    headers:
      Accept:
      - '*/*'
      Accept-Encoding:
      - gzip, deflate
      CommandName:
      - monitor log-analytics workspace create
      Connection:
      - keep-alive
      ParameterSetName:
      - -g -n --quota --sku
      User-Agent:
      - AZURECLI/2.69.0 azsdk-python-core/1.31.0 Python/3.12.9 (Windows-10-10.0.19045-SP0)
    method: GET
    uri: https://management.azure.com/subscriptions/00000000-0000-0000-0000-000000000000/resourceGroups/cli_test_monitor_workspace_update_sku000001/providers/Microsoft.OperationalInsights/workspaces/clitest000002?api-version=2023-09-01
  response:
    body:
      string: '{"properties":{"customerId":"18857580-982d-4481-aea2-3c2a3826e402","provisioningState":"Creating","sku":{"name":"PerGB2018","lastSkuUpdate":"2025-02-20T10:41:47.2706928Z"},"retentionInDays":30,"features":{"legacy":0,"searchVersion":1,"enableLogAccessUsingOnlyResourcePermissions":true},"workspaceCapping":{"dailyQuotaGb":1.0,"quotaNextResetTime":"2025-02-20T13:00:00Z","dataIngestionStatus":"RespectQuota"},"publicNetworkAccessForIngestion":"Enabled","publicNetworkAccessForQuery":"Enabled","createdDate":"2025-02-20T10:41:47.2706928Z","modifiedDate":"2025-02-20T10:41:47.2706928Z"},"location":"westus","id":"/subscriptions/00000000-0000-0000-0000-000000000000/resourceGroups/cli_test_monitor_workspace_update_sku000001/providers/Microsoft.OperationalInsights/workspaces/clitest000002","name":"clitest000002","type":"Microsoft.OperationalInsights/workspaces","etag":"\"4f00b2de-0000-0700-0000-67b706eb0000\""}'
    headers:
      access-control-allow-origin:
      - '*'
      api-supported-versions:
      - 2015-03-20, 2020-08-01, 2020-10-01, 2021-06-01, 2022-10-01, 2023-09-01, 2025-02-01,
        2025-04-01
      cache-control:
      - no-cache
      content-length:
      - '909'
      content-type:
      - application/json; charset=utf-8
      date:
      - Thu, 20 Feb 2025 10:41:47 GMT
      expires:
      - '-1'
      pragma:
      - no-cache
      request-context:
      - appId=cid-v1:e6336c63-aab2-45f0-996a-e5dbab2a1508
      strict-transport-security:
      - max-age=31536000; includeSubDomains
      x-content-type-options:
      - nosniff
      x-ms-ratelimit-remaining-subscription-global-reads:
      - '3747'
    status:
      code: 200
      message: OK
version: 1
