interactions:
- request:
    body: null
    headers:
      Accept:
      - application/json
      Accept-Encoding:
      - gzip, deflate
      CommandName:
      - vm create
      Connection:
      - keep-alive
      ParameterSetName:
      - -n -g --image --admin-username --admin-password --tags --nsg-rule
      User-Agent:
      - AZURECLI/2.44.1 azsdk-python-azure-mgmt-resource/21.1.0b1 Python/3.10.9 (Windows-10-10.0.22621-SP0)
    method: GET
    uri: https://management.azure.com/subscriptions/00000000-0000-0000-0000-000000000000/resourcegroups/cli_test_dynamic_metric_alert_v2000001?api-version=2021-04-01
  response:
    body:
      string: '{"id":"/subscriptions/00000000-0000-0000-0000-000000000000/resourceGroups/cli_test_dynamic_metric_alert_v2000001","name":"cli_test_dynamic_metric_alert_v2000001","type":"Microsoft.Resources/resourceGroups","location":"westus","tags":{"product":"azurecli","cause":"automation","date":"2023-01-30T03:34:00Z"},"properties":{"provisioningState":"Succeeded"}}'
    headers:
      cache-control:
      - no-cache
      content-length:
      - '354'
      content-type:
      - application/json; charset=utf-8
      date:
      - Mon, 30 Jan 2023 03:34:05 GMT
      expires:
      - '-1'
      pragma:
      - no-cache
      strict-transport-security:
      - max-age=31536000; includeSubDomains
      vary:
      - Accept-Encoding
      x-content-type-options:
      - nosniff
    status:
      code: 200
      message: OK
- request:
    body: null
    headers:
      Accept:
      - '*/*'
      Accept-Encoding:
      - gzip, deflate
      Connection:
      - keep-alive
      User-Agent:
      - python-requests/2.26.0
    method: GET
    uri: https://raw.githubusercontent.com/Azure/azure-rest-api-specs/main/arm-compute/quickstart-templates/aliases.json
  response:
    body:
      string: "{\n  \"$schema\": \"http://schema.management.azure.com/schemas/2015-01-01/deploymentTemplate.json\"\
        ,\n  \"contentVersion\": \"1.0.0.0\",\n  \"parameters\": {},\n  \"variables\"\
        : {},\n  \"resources\": [],\n  \"outputs\": {\n    \"aliases\": {\n      \"\
        type\": \"object\",\n      \"value\": {\n        \"Linux\": {\n          \"\
        CentOS\": {\n            \"publisher\": \"OpenLogic\",\n            \"offer\"\
        : \"CentOS\",\n            \"sku\": \"7.5\",\n            \"version\": \"\
        latest\",\n            \"architecture\": \"x64\"\n          },\n         \
        \ \"Debian\": {\n            \"publisher\": \"Debian\",\n            \"offer\"\
        : \"debian-10\",\n            \"sku\": \"10\",\n            \"version\": \"\
        latest\",\n            \"architecture\": \"x64\"\n          },\n         \
        \ \"Flatcar\": {\n            \"publisher\": \"kinvolk\",\n            \"\
        offer\": \"flatcar-container-linux-free\",\n            \"sku\": \"stable\"\
        ,\n            \"version\": \"latest\",\n            \"architecture\": \"\
        x64\"\n          },\n          \"openSUSE-Leap\": {\n            \"publisher\"\
        : \"SUSE\",\n            \"offer\": \"opensuse-leap-15-3\",\n            \"\
        sku\": \"gen2\",\n            \"version\": \"latest\",\n            \"architecture\"\
        : \"x64\"\n          },\n          \"RHEL\": {\n            \"publisher\"\
        : \"RedHat\",\n            \"offer\": \"RHEL\",\n            \"sku\": \"7-LVM\"\
        ,\n            \"version\": \"latest\",\n            \"architecture\": \"\
        x64\"\n          },\n          \"SLES\": {\n            \"publisher\": \"\
        SUSE\",\n            \"offer\": \"sles-15-sp3\",\n            \"sku\": \"\
        gen2\",\n            \"version\": \"latest\",\n            \"architecture\"\
        : \"x64\"\n          },\n          \"UbuntuLTS\": {\n            \"publisher\"\
        : \"Canonical\",\n            \"offer\": \"UbuntuServer\",\n            \"\
        sku\": \"18.04-LTS\",\n            \"version\": \"latest\",\n            \"\
        architecture\": \"x64\"\n          }\n        },\n        \"Windows\": {\n\
        \          \"Win2022Datacenter\": {\n            \"publisher\": \"MicrosoftWindowsServer\"\
        ,\n            \"offer\": \"WindowsServer\",\n            \"sku\": \"2022-Datacenter\"\
        ,\n            \"version\": \"latest\",\n            \"architecture\": \"\
        x64\"\n          },\n          \"Win2022AzureEditionCore\": {\n          \
        \  \"publisher\": \"MicrosoftWindowsServer\",\n            \"offer\": \"WindowsServer\"\
        ,\n            \"sku\": \"2022-datacenter-azure-edition-core\",\n        \
        \    \"version\": \"latest\",\n            \"architecture\": \"x64\"\n   \
        \       },\n          \"Win2019Datacenter\": {\n            \"publisher\"\
        : \"MicrosoftWindowsServer\",\n            \"offer\": \"WindowsServer\",\n\
        \            \"sku\": \"2019-Datacenter\",\n            \"version\": \"latest\"\
        ,\n            \"architecture\": \"x64\"\n          },\n          \"Win2016Datacenter\"\
        : {\n            \"publisher\": \"MicrosoftWindowsServer\",\n            \"\
        offer\": \"WindowsServer\",\n            \"sku\": \"2016-Datacenter\",\n \
        \           \"version\": \"latest\",\n            \"architecture\": \"x64\"\
        \n          },\n          \"Win2012R2Datacenter\": {\n            \"publisher\"\
        : \"MicrosoftWindowsServer\",\n            \"offer\": \"WindowsServer\",\n\
        \            \"sku\": \"2012-R2-Datacenter\",\n            \"version\": \"\
        latest\",\n            \"architecture\": \"x64\"\n          },\n         \
        \ \"Win2012Datacenter\": {\n            \"publisher\": \"MicrosoftWindowsServer\"\
        ,\n            \"offer\": \"WindowsServer\",\n            \"sku\": \"2012-Datacenter\"\
        ,\n            \"version\": \"latest\",\n            \"architecture\": \"\
        x64\"\n          },\n          \"Win2008R2SP1\": {\n            \"publisher\"\
        : \"MicrosoftWindowsServer\",\n            \"offer\": \"WindowsServer\",\n\
        \            \"sku\": \"2008-R2-SP1\",\n            \"version\": \"latest\"\
        ,\n            \"architecture\": \"x64\"\n          }\n        }\n      }\n\
        \    }\n  }\n}"
    headers:
      accept-ranges:
      - bytes
      access-control-allow-origin:
      - '*'
      cache-control:
      - max-age=300
      connection:
      - keep-alive
      content-length:
      - '3463'
      content-security-policy:
      - default-src 'none'; style-src 'unsafe-inline'; sandbox
      content-type:
      - text/plain; charset=utf-8
      date:
      - Mon, 30 Jan 2023 03:34:06 GMT
      etag:
      - W/"41b202f4dc5098d126019dc00721a4c5e30df0c5196794514fadc3710ee2a5cb"
      expires:
      - Mon, 30 Jan 2023 03:39:06 GMT
      source-age:
      - '55'
      strict-transport-security:
      - max-age=31536000
      vary:
      - Authorization,Accept-Encoding,Origin
      via:
      - 1.1 varnish
      x-cache:
      - HIT
      x-cache-hits:
      - '1'
      x-content-type-options:
      - nosniff
      x-fastly-request-id:
      - 2700856e702dc65954eef64184b59a463f3239d5
      x-frame-options:
      - deny
      x-github-request-id:
      - 8C0A:73D2:13FE2D:18320E:63D73A76
      x-served-by:
      - cache-tyo11940-TYO
      x-timer:
      - S1675049646.328090,VS0,VE1
      x-xss-protection:
      - 1; mode=block
    status:
      code: 200
      message: OK
- request:
    body: null
    headers:
      Accept:
      - application/json
      Accept-Encoding:
      - gzip, deflate
      CommandName:
      - vm create
      Connection:
      - keep-alive
      ParameterSetName:
      - -n -g --image --admin-username --admin-password --tags --nsg-rule
      User-Agent:
      - AZURECLI/2.44.1 azsdk-python-azure-mgmt-compute/29.1.0 Python/3.10.9 (Windows-10-10.0.22621-SP0)
    method: GET
    uri: https://management.azure.com/subscriptions/00000000-0000-0000-0000-000000000000/providers/Microsoft.Compute/locations/westus/publishers/MicrosoftWindowsServer/artifacttypes/vmimage/offers/WindowsServer/skus/2012-R2-Datacenter/versions?$top=1&$orderby=name%20desc&api-version=2022-11-01
  response:
    body:
      string: "[\r\n  {\r\n    \"location\": \"westus\",\r\n    \"name\": \"9600.20778.230108\"\
        ,\r\n    \"id\": \"/Subscriptions/00000000-0000-0000-0000-000000000000/Providers/Microsoft.Compute/Locations/westus/Publishers/MicrosoftWindowsServer/ArtifactTypes/VMImage/Offers/WindowsServer/Skus/2012-R2-Datacenter/Versions/9600.20778.230108\"\
        \r\n  }\r\n]"
    headers:
      cache-control:
      - no-cache
      content-length:
      - '313'
      content-type:
      - application/json; charset=utf-8
      date:
      - Mon, 30 Jan 2023 03:34:07 GMT
      expires:
      - '-1'
      pragma:
      - no-cache
      server:
      - Microsoft-HTTPAPI/2.0
      - Microsoft-HTTPAPI/2.0
      strict-transport-security:
      - max-age=31536000; includeSubDomains
      transfer-encoding:
      - chunked
      vary:
      - Accept-Encoding
      x-content-type-options:
      - nosniff
      x-ms-ratelimit-remaining-resource:
      - Microsoft.Compute/ListVMImagesVersionsFromLocation3Min;15999,Microsoft.Compute/ListVMImagesVersionsFromLocation30Min;43995
    status:
      code: 200
      message: OK
- request:
    body: null
    headers:
      Accept:
      - application/json
      Accept-Encoding:
      - gzip, deflate
      CommandName:
      - vm create
      Connection:
      - keep-alive
      ParameterSetName:
      - -n -g --image --admin-username --admin-password --tags --nsg-rule
      User-Agent:
      - AZURECLI/2.44.1 azsdk-python-azure-mgmt-compute/29.1.0 Python/3.10.9 (Windows-10-10.0.22621-SP0)
    method: GET
    uri: https://management.azure.com/subscriptions/00000000-0000-0000-0000-000000000000/providers/Microsoft.Compute/locations/westus/publishers/MicrosoftWindowsServer/artifacttypes/vmimage/offers/WindowsServer/skus/2012-R2-Datacenter/versions/9600.20778.230108?api-version=2022-11-01
  response:
    body:
      string: "{\r\n  \"properties\": {\r\n    \"hyperVGeneration\": \"V1\",\r\n \
        \   \"architecture\": \"x64\",\r\n    \"replicaType\": \"Unmanaged\",\r\n\
        \    \"disallowed\": {\r\n      \"vmDiskType\": \"None\"\r\n    },\r\n   \
        \ \"automaticOSUpgradeProperties\": {\r\n      \"automaticOSUpgradeSupported\"\
        : true\r\n    },\r\n    \"imageDeprecationStatus\": {\r\n      \"imageState\"\
        : \"Active\"\r\n    },\r\n    \"features\": [\r\n      {\r\n        \"name\"\
        : \"IsAcceleratedNetworkSupported\",\r\n        \"value\": \"True\"\r\n  \
        \    },\r\n      {\r\n        \"name\": \"DiskControllerTypes\",\r\n     \
        \   \"value\": \"SCSI\"\r\n      },\r\n      {\r\n        \"name\": \"IsHibernateSupported\"\
        ,\r\n        \"value\": \"False\"\r\n      }\r\n    ],\r\n    \"osDiskImage\"\
        : {\r\n      \"operatingSystem\": \"Windows\",\r\n      \"sizeInGb\": 128,\r\
        \n      \"sizeInBytes\": 136367309312\r\n    },\r\n    \"dataDiskImages\"\
        : []\r\n  },\r\n  \"location\": \"westus\",\r\n  \"name\": \"9600.20778.230108\"\
        ,\r\n  \"id\": \"/Subscriptions/00000000-0000-0000-0000-000000000000/Providers/Microsoft.Compute/Locations/westus/Publishers/MicrosoftWindowsServer/ArtifactTypes/VMImage/Offers/WindowsServer/Skus/2012-R2-Datacenter/Versions/9600.20778.230108\"\
        \r\n}"
    headers:
      cache-control:
      - no-cache
      content-length:
      - '1074'
      content-type:
      - application/json; charset=utf-8
      date:
      - Mon, 30 Jan 2023 03:34:08 GMT
      expires:
      - '-1'
      pragma:
      - no-cache
      server:
      - Microsoft-HTTPAPI/2.0
      - Microsoft-HTTPAPI/2.0
      strict-transport-security:
      - max-age=31536000; includeSubDomains
      transfer-encoding:
      - chunked
      vary:
      - Accept-Encoding
      x-content-type-options:
      - nosniff
      x-ms-ratelimit-remaining-resource:
      - Microsoft.Compute/GetVMImageFromLocation3Min;12999,Microsoft.Compute/GetVMImageFromLocation30Min;73995
    status:
      code: 200
      message: OK
- request:
    body: null
    headers:
      Accept:
      - application/json
      Accept-Encoding:
      - gzip, deflate
      CommandName:
      - vm create
      Connection:
      - keep-alive
      ParameterSetName:
      - -n -g --image --admin-username --admin-password --tags --nsg-rule
      User-Agent:
      - AZURECLI/2.44.1 azsdk-python-azure-mgmt-network/21.0.1 Python/3.10.9 (Windows-10-10.0.22621-SP0)
    method: GET
    uri: https://management.azure.com/subscriptions/00000000-0000-0000-0000-000000000000/resourceGroups/cli_test_dynamic_metric_alert_v2000001/providers/Microsoft.Network/virtualNetworks?api-version=2022-01-01
  response:
    body:
      string: '{"value":[]}'
    headers:
      cache-control:
      - no-cache
      content-length:
      - '12'
      content-type:
      - application/json; charset=utf-8
      date:
      - Mon, 30 Jan 2023 03:34:09 GMT
      expires:
      - '-1'
      pragma:
      - no-cache
      strict-transport-security:
      - max-age=31536000; includeSubDomains
      vary:
      - Accept-Encoding
      x-content-type-options:
      - nosniff
    status:
      code: 200
      message: OK
- request:
    body: null
    headers:
      Accept:
      - '*/*'
      Accept-Encoding:
      - gzip, deflate
      Connection:
      - keep-alive
      User-Agent:
      - python-requests/2.26.0
    method: GET
    uri: https://raw.githubusercontent.com/Azure/azure-rest-api-specs/main/arm-compute/quickstart-templates/aliases.json
  response:
    body:
      string: "{\n  \"$schema\": \"http://schema.management.azure.com/schemas/2015-01-01/deploymentTemplate.json\"\
        ,\n  \"contentVersion\": \"1.0.0.0\",\n  \"parameters\": {},\n  \"variables\"\
        : {},\n  \"resources\": [],\n  \"outputs\": {\n    \"aliases\": {\n      \"\
        type\": \"object\",\n      \"value\": {\n        \"Linux\": {\n          \"\
        CentOS\": {\n            \"publisher\": \"OpenLogic\",\n            \"offer\"\
        : \"CentOS\",\n            \"sku\": \"7.5\",\n            \"version\": \"\
        latest\",\n            \"architecture\": \"x64\"\n          },\n         \
        \ \"Debian\": {\n            \"publisher\": \"Debian\",\n            \"offer\"\
        : \"debian-10\",\n            \"sku\": \"10\",\n            \"version\": \"\
        latest\",\n            \"architecture\": \"x64\"\n          },\n         \
        \ \"Flatcar\": {\n            \"publisher\": \"kinvolk\",\n            \"\
        offer\": \"flatcar-container-linux-free\",\n            \"sku\": \"stable\"\
        ,\n            \"version\": \"latest\",\n            \"architecture\": \"\
        x64\"\n          },\n          \"openSUSE-Leap\": {\n            \"publisher\"\
        : \"SUSE\",\n            \"offer\": \"opensuse-leap-15-3\",\n            \"\
        sku\": \"gen2\",\n            \"version\": \"latest\",\n            \"architecture\"\
        : \"x64\"\n          },\n          \"RHEL\": {\n            \"publisher\"\
        : \"RedHat\",\n            \"offer\": \"RHEL\",\n            \"sku\": \"7-LVM\"\
        ,\n            \"version\": \"latest\",\n            \"architecture\": \"\
        x64\"\n          },\n          \"SLES\": {\n            \"publisher\": \"\
        SUSE\",\n            \"offer\": \"sles-15-sp3\",\n            \"sku\": \"\
        gen2\",\n            \"version\": \"latest\",\n            \"architecture\"\
        : \"x64\"\n          },\n          \"UbuntuLTS\": {\n            \"publisher\"\
        : \"Canonical\",\n            \"offer\": \"UbuntuServer\",\n            \"\
        sku\": \"18.04-LTS\",\n            \"version\": \"latest\",\n            \"\
        architecture\": \"x64\"\n          }\n        },\n        \"Windows\": {\n\
        \          \"Win2022Datacenter\": {\n            \"publisher\": \"MicrosoftWindowsServer\"\
        ,\n            \"offer\": \"WindowsServer\",\n            \"sku\": \"2022-Datacenter\"\
        ,\n            \"version\": \"latest\",\n            \"architecture\": \"\
        x64\"\n          },\n          \"Win2022AzureEditionCore\": {\n          \
        \  \"publisher\": \"MicrosoftWindowsServer\",\n            \"offer\": \"WindowsServer\"\
        ,\n            \"sku\": \"2022-datacenter-azure-edition-core\",\n        \
        \    \"version\": \"latest\",\n            \"architecture\": \"x64\"\n   \
        \       },\n          \"Win2019Datacenter\": {\n            \"publisher\"\
        : \"MicrosoftWindowsServer\",\n            \"offer\": \"WindowsServer\",\n\
        \            \"sku\": \"2019-Datacenter\",\n            \"version\": \"latest\"\
        ,\n            \"architecture\": \"x64\"\n          },\n          \"Win2016Datacenter\"\
        : {\n            \"publisher\": \"MicrosoftWindowsServer\",\n            \"\
        offer\": \"WindowsServer\",\n            \"sku\": \"2016-Datacenter\",\n \
        \           \"version\": \"latest\",\n            \"architecture\": \"x64\"\
        \n          },\n          \"Win2012R2Datacenter\": {\n            \"publisher\"\
        : \"MicrosoftWindowsServer\",\n            \"offer\": \"WindowsServer\",\n\
        \            \"sku\": \"2012-R2-Datacenter\",\n            \"version\": \"\
        latest\",\n            \"architecture\": \"x64\"\n          },\n         \
        \ \"Win2012Datacenter\": {\n            \"publisher\": \"MicrosoftWindowsServer\"\
        ,\n            \"offer\": \"WindowsServer\",\n            \"sku\": \"2012-Datacenter\"\
        ,\n            \"version\": \"latest\",\n            \"architecture\": \"\
        x64\"\n          },\n          \"Win2008R2SP1\": {\n            \"publisher\"\
        : \"MicrosoftWindowsServer\",\n            \"offer\": \"WindowsServer\",\n\
        \            \"sku\": \"2008-R2-SP1\",\n            \"version\": \"latest\"\
        ,\n            \"architecture\": \"x64\"\n          }\n        }\n      }\n\
        \    }\n  }\n}"
    headers:
      accept-ranges:
      - bytes
      access-control-allow-origin:
      - '*'
      cache-control:
      - max-age=300
      connection:
      - keep-alive
      content-length:
      - '3463'
      content-security-policy:
      - default-src 'none'; style-src 'unsafe-inline'; sandbox
      content-type:
      - text/plain; charset=utf-8
      date:
      - Mon, 30 Jan 2023 03:34:09 GMT
      etag:
      - W/"41b202f4dc5098d126019dc00721a4c5e30df0c5196794514fadc3710ee2a5cb"
      expires:
      - Mon, 30 Jan 2023 03:39:09 GMT
      source-age:
      - '59'
      strict-transport-security:
      - max-age=31536000
      vary:
      - Authorization,Accept-Encoding,Origin
      via:
      - 1.1 varnish
      x-cache:
      - HIT
      x-cache-hits:
      - '1'
      x-content-type-options:
      - nosniff
      x-fastly-request-id:
      - c81d4d81c28ab4f3a5b83c63fc9629515586b1fe
      x-frame-options:
      - deny
      x-github-request-id:
      - 8C0A:73D2:13FE2D:18320E:63D73A76
      x-served-by:
      - cache-tyo11927-TYO
      x-timer:
      - S1675049650.943495,VS0,VE1
      x-xss-protection:
      - 1; mode=block
    status:
      code: 200
      message: OK
- request:
    body: null
    headers:
      Accept:
      - application/json
      Accept-Encoding:
      - gzip, deflate
      CommandName:
      - vm create
      Connection:
      - keep-alive
      ParameterSetName:
      - -n -g --image --admin-username --admin-password --tags --nsg-rule
      User-Agent:
      - AZURECLI/2.44.1 azsdk-python-azure-mgmt-compute/29.1.0 Python/3.10.9 (Windows-10-10.0.22621-SP0)
    method: GET
    uri: https://management.azure.com/subscriptions/00000000-0000-0000-0000-000000000000/providers/Microsoft.Compute/locations/westus/publishers/MicrosoftWindowsServer/artifacttypes/vmimage/offers/WindowsServer/skus/2012-R2-Datacenter/versions?$top=1&$orderby=name%20desc&api-version=2022-11-01
  response:
    body:
      string: "[\r\n  {\r\n    \"location\": \"westus\",\r\n    \"name\": \"9600.20778.230108\"\
        ,\r\n    \"id\": \"/Subscriptions/00000000-0000-0000-0000-000000000000/Providers/Microsoft.Compute/Locations/westus/Publishers/MicrosoftWindowsServer/ArtifactTypes/VMImage/Offers/WindowsServer/Skus/2012-R2-Datacenter/Versions/9600.20778.230108\"\
        \r\n  }\r\n]"
    headers:
      cache-control:
      - no-cache
      content-length:
      - '313'
      content-type:
      - application/json; charset=utf-8
      date:
      - Mon, 30 Jan 2023 03:34:10 GMT
      expires:
      - '-1'
      pragma:
      - no-cache
      server:
      - Microsoft-HTTPAPI/2.0
      - Microsoft-HTTPAPI/2.0
      strict-transport-security:
      - max-age=31536000; includeSubDomains
      transfer-encoding:
      - chunked
      vary:
      - Accept-Encoding
      x-content-type-options:
      - nosniff
      x-ms-ratelimit-remaining-resource:
      - Microsoft.Compute/ListVMImagesVersionsFromLocation3Min;15998,Microsoft.Compute/ListVMImagesVersionsFromLocation30Min;43994
    status:
      code: 200
      message: OK
- request:
    body: null
    headers:
      Accept:
      - application/json
      Accept-Encoding:
      - gzip, deflate
      CommandName:
      - vm create
      Connection:
      - keep-alive
      ParameterSetName:
      - -n -g --image --admin-username --admin-password --tags --nsg-rule
      User-Agent:
      - AZURECLI/2.44.1 azsdk-python-azure-mgmt-compute/29.1.0 Python/3.10.9 (Windows-10-10.0.22621-SP0)
    method: GET
    uri: https://management.azure.com/subscriptions/00000000-0000-0000-0000-000000000000/providers/Microsoft.Compute/locations/westus/publishers/MicrosoftWindowsServer/artifacttypes/vmimage/offers/WindowsServer/skus/2012-R2-Datacenter/versions/9600.20778.230108?api-version=2022-11-01
  response:
    body:
      string: "{\r\n  \"properties\": {\r\n    \"hyperVGeneration\": \"V1\",\r\n \
        \   \"architecture\": \"x64\",\r\n    \"replicaType\": \"Unmanaged\",\r\n\
        \    \"disallowed\": {\r\n      \"vmDiskType\": \"None\"\r\n    },\r\n   \
        \ \"automaticOSUpgradeProperties\": {\r\n      \"automaticOSUpgradeSupported\"\
        : true\r\n    },\r\n    \"imageDeprecationStatus\": {\r\n      \"imageState\"\
        : \"Active\"\r\n    },\r\n    \"features\": [\r\n      {\r\n        \"name\"\
        : \"IsAcceleratedNetworkSupported\",\r\n        \"value\": \"True\"\r\n  \
        \    },\r\n      {\r\n        \"name\": \"DiskControllerTypes\",\r\n     \
        \   \"value\": \"SCSI\"\r\n      },\r\n      {\r\n        \"name\": \"IsHibernateSupported\"\
        ,\r\n        \"value\": \"False\"\r\n      }\r\n    ],\r\n    \"osDiskImage\"\
        : {\r\n      \"operatingSystem\": \"Windows\",\r\n      \"sizeInGb\": 128,\r\
        \n      \"sizeInBytes\": 136367309312\r\n    },\r\n    \"dataDiskImages\"\
        : []\r\n  },\r\n  \"location\": \"westus\",\r\n  \"name\": \"9600.20778.230108\"\
        ,\r\n  \"id\": \"/Subscriptions/00000000-0000-0000-0000-000000000000/Providers/Microsoft.Compute/Locations/westus/Publishers/MicrosoftWindowsServer/ArtifactTypes/VMImage/Offers/WindowsServer/Skus/2012-R2-Datacenter/Versions/9600.20778.230108\"\
        \r\n}"
    headers:
      cache-control:
      - no-cache
      content-length:
      - '1074'
      content-type:
      - application/json; charset=utf-8
      date:
      - Mon, 30 Jan 2023 03:34:11 GMT
      expires:
      - '-1'
      pragma:
      - no-cache
      server:
      - Microsoft-HTTPAPI/2.0
      - Microsoft-HTTPAPI/2.0
      strict-transport-security:
      - max-age=31536000; includeSubDomains
      transfer-encoding:
      - chunked
      vary:
      - Accept-Encoding
      x-content-type-options:
      - nosniff
      x-ms-ratelimit-remaining-resource:
      - Microsoft.Compute/GetVMImageFromLocation3Min;12998,Microsoft.Compute/GetVMImageFromLocation30Min;73994
    status:
      code: 200
      message: OK
- request:
    body: null
    headers:
      Accept:
      - application/json
      Accept-Encoding:
      - gzip, deflate
      CommandName:
      - vm create
      Connection:
      - keep-alive
      ParameterSetName:
      - -n -g --image --admin-username --admin-password --tags --nsg-rule
      User-Agent:
      - AZURECLI/2.44.1 azsdk-python-azure-mgmt-compute/29.1.0 Python/3.10.9 (Windows-10-10.0.22621-SP0)
    method: GET
    uri: https://management.azure.com/subscriptions/00000000-0000-0000-0000-000000000000/providers/Microsoft.Compute/locations/westus/publishers/MicrosoftWindowsServer/artifacttypes/vmimage/offers/WindowsServer/skus/2012-R2-Datacenter/versions?$top=1&$orderby=name%20desc&api-version=2022-11-01
  response:
    body:
      string: "[\r\n  {\r\n    \"location\": \"westus\",\r\n    \"name\": \"9600.20778.230108\"\
        ,\r\n    \"id\": \"/Subscriptions/00000000-0000-0000-0000-000000000000/Providers/Microsoft.Compute/Locations/westus/Publishers/MicrosoftWindowsServer/ArtifactTypes/VMImage/Offers/WindowsServer/Skus/2012-R2-Datacenter/Versions/9600.20778.230108\"\
        \r\n  }\r\n]"
    headers:
      cache-control:
      - no-cache
      content-length:
      - '313'
      content-type:
      - application/json; charset=utf-8
      date:
      - Mon, 30 Jan 2023 03:34:12 GMT
      expires:
      - '-1'
      pragma:
      - no-cache
      server:
      - Microsoft-HTTPAPI/2.0
      - Microsoft-HTTPAPI/2.0
      strict-transport-security:
      - max-age=31536000; includeSubDomains
      transfer-encoding:
      - chunked
      vary:
      - Accept-Encoding
      x-content-type-options:
      - nosniff
      x-ms-ratelimit-remaining-resource:
      - Microsoft.Compute/ListVMImagesVersionsFromLocation3Min;15997,Microsoft.Compute/ListVMImagesVersionsFromLocation30Min;43993
    status:
      code: 200
      message: OK
- request:
    body: null
    headers:
      Accept:
      - application/json
      Accept-Encoding:
      - gzip, deflate
      CommandName:
      - vm create
      Connection:
      - keep-alive
      ParameterSetName:
      - -n -g --image --admin-username --admin-password --tags --nsg-rule
      User-Agent:
      - AZURECLI/2.44.1 azsdk-python-azure-mgmt-compute/29.1.0 Python/3.10.9 (Windows-10-10.0.22621-SP0)
    method: GET
    uri: https://management.azure.com/subscriptions/00000000-0000-0000-0000-000000000000/providers/Microsoft.Compute/locations/westus/publishers/MicrosoftWindowsServer/artifacttypes/vmimage/offers/WindowsServer/skus/2012-R2-Datacenter/versions/9600.20778.230108?api-version=2022-11-01
  response:
    body:
      string: "{\r\n  \"properties\": {\r\n    \"hyperVGeneration\": \"V1\",\r\n \
        \   \"architecture\": \"x64\",\r\n    \"replicaType\": \"Unmanaged\",\r\n\
        \    \"disallowed\": {\r\n      \"vmDiskType\": \"None\"\r\n    },\r\n   \
        \ \"automaticOSUpgradeProperties\": {\r\n      \"automaticOSUpgradeSupported\"\
        : true\r\n    },\r\n    \"imageDeprecationStatus\": {\r\n      \"imageState\"\
        : \"Active\"\r\n    },\r\n    \"features\": [\r\n      {\r\n        \"name\"\
        : \"IsAcceleratedNetworkSupported\",\r\n        \"value\": \"True\"\r\n  \
        \    },\r\n      {\r\n        \"name\": \"DiskControllerTypes\",\r\n     \
        \   \"value\": \"SCSI\"\r\n      },\r\n      {\r\n        \"name\": \"IsHibernateSupported\"\
        ,\r\n        \"value\": \"False\"\r\n      }\r\n    ],\r\n    \"osDiskImage\"\
        : {\r\n      \"operatingSystem\": \"Windows\",\r\n      \"sizeInGb\": 128,\r\
        \n      \"sizeInBytes\": 136367309312\r\n    },\r\n    \"dataDiskImages\"\
        : []\r\n  },\r\n  \"location\": \"westus\",\r\n  \"name\": \"9600.20778.230108\"\
        ,\r\n  \"id\": \"/Subscriptions/00000000-0000-0000-0000-000000000000/Providers/Microsoft.Compute/Locations/westus/Publishers/MicrosoftWindowsServer/ArtifactTypes/VMImage/Offers/WindowsServer/Skus/2012-R2-Datacenter/Versions/9600.20778.230108\"\
        \r\n}"
    headers:
      cache-control:
      - no-cache
      content-length:
      - '1074'
      content-type:
      - application/json; charset=utf-8
      date:
      - Mon, 30 Jan 2023 03:34:13 GMT
      expires:
      - '-1'
      pragma:
      - no-cache
      server:
      - Microsoft-HTTPAPI/2.0
      - Microsoft-HTTPAPI/2.0
      strict-transport-security:
      - max-age=31536000; includeSubDomains
      transfer-encoding:
      - chunked
      vary:
      - Accept-Encoding
      x-content-type-options:
      - nosniff
      x-ms-ratelimit-remaining-resource:
      - Microsoft.Compute/GetVMImageFromLocation3Min;12997,Microsoft.Compute/GetVMImageFromLocation30Min;73993
    status:
      code: 200
      message: OK
- request:
    body: '{"properties": {"template": {"$schema": "https://schema.management.azure.com/schemas/2015-01-01/deploymentTemplate.json#",
      "contentVersion": "1.0.0.0", "parameters": {"adminPassword": {"type": "securestring",
      "metadata": {"description": "Secure adminPassword"}}}, "variables": {}, "resources":
      [{"name": "clitest-vm000002VNET", "type": "Microsoft.Network/virtualNetworks",
      "location": "westus", "apiVersion": "2015-06-15", "dependsOn": [], "tags": {"MabUsed":
      "Yes", "Owner": "sisi", "Purpose": "CLITest", "DeleteBy": "12-2099", "AutoShutdown":
      "No"}, "properties": {"addressSpace": {"addressPrefixes": ["10.0.0.0/16"]},
      "subnets": [{"name": "clitest-vm000002Subnet", "properties": {"addressPrefix":
      "10.0.0.0/24"}}]}}, {"type": "Microsoft.Network/networkSecurityGroups", "name":
      "clitest-vm000002NSG", "apiVersion": "2015-06-15", "location": "westus", "tags":
      {"MabUsed": "Yes", "Owner": "sisi", "Purpose": "CLITest", "DeleteBy": "12-2099",
      "AutoShutdown": "No"}, "dependsOn": []}, {"apiVersion": "2022-01-01", "type":
      "Microsoft.Network/publicIPAddresses", "name": "clitest-vm000002PublicIP", "location":
      "westus", "tags": {"MabUsed": "Yes", "Owner": "sisi", "Purpose": "CLITest",
      "DeleteBy": "12-2099", "AutoShutdown": "No"}, "dependsOn": [], "properties":
      {"publicIPAllocationMethod": null}}, {"apiVersion": "2015-06-15", "type": "Microsoft.Network/networkInterfaces",
      "name": "clitest-vm000002VMNic", "location": "westus", "tags": {"MabUsed": "Yes",
      "Owner": "sisi", "Purpose": "CLITest", "DeleteBy": "12-2099", "AutoShutdown":
      "No"}, "dependsOn": ["Microsoft.Network/virtualNetworks/clitest-vm000002VNET",
      "Microsoft.Network/networkSecurityGroups/clitest-vm000002NSG", "Microsoft.Network/publicIpAddresses/clitest-vm000002PublicIP"],
      "properties": {"ipConfigurations": [{"name": "ipconfigclitest-vm000002", "properties":
      {"privateIPAllocationMethod": "Dynamic", "subnet": {"id": "/subscriptions/00000000-0000-0000-0000-000000000000/resourceGroups/cli_test_dynamic_metric_alert_v2000001/providers/Microsoft.Network/virtualNetworks/clitest-vm000002VNET/subnets/clitest-vm000002Subnet"},
      "publicIPAddress": {"id": "/subscriptions/00000000-0000-0000-0000-000000000000/resourceGroups/cli_test_dynamic_metric_alert_v2000001/providers/Microsoft.Network/publicIPAddresses/clitest-vm000002PublicIP"}}}],
      "networkSecurityGroup": {"id": "/subscriptions/00000000-0000-0000-0000-000000000000/resourceGroups/cli_test_dynamic_metric_alert_v2000001/providers/Microsoft.Network/networkSecurityGroups/clitest-vm000002NSG"}}},
      {"apiVersion": "2022-11-01", "type": "Microsoft.Compute/virtualMachines", "name":
      "clitest-vm000002", "location": "westus", "tags": {"MabUsed": "Yes", "Owner":
      "sisi", "Purpose": "CLITest", "DeleteBy": "12-2099", "AutoShutdown": "No"},
      "dependsOn": ["Microsoft.Network/networkInterfaces/clitest-vm000002VMNic"],
      "properties": {"hardwareProfile": {"vmSize": "Standard_DS1_v2"}, "networkProfile":
      {"networkInterfaces": [{"id": "/subscriptions/00000000-0000-0000-0000-000000000000/resourceGroups/cli_test_dynamic_metric_alert_v2000001/providers/Microsoft.Network/networkInterfaces/clitest-vm000002VMNic",
      "properties": {"deleteOption": null}}]}, "storageProfile": {"osDisk": {"createOption":
      "fromImage", "name": null, "caching": "ReadWrite", "managedDisk": {"storageAccountType":
      null}}, "imageReference": {"publisher": "MicrosoftWindowsServer", "offer": "WindowsServer",
      "sku": "2012-R2-Datacenter", "version": "latest"}}, "osProfile": {"computerName":
      "clitest-vm000002", "adminUsername": "clitest-vm000002", "adminPassword": "[parameters(''adminPassword'')]"}}}],
      "outputs": {}}, "parameters": {"adminPassword": {"value": "%j^VYw9Q3Z@Cu$*h"}},
      "mode": "incremental"}}'
    headers:
      Accept:
      - application/json
      Accept-Encoding:
      - gzip, deflate
      CommandName:
      - vm create
      Connection:
      - keep-alive
      Content-Length:
      - '3680'
      Content-Type:
      - application/json
      ParameterSetName:
      - -n -g --image --admin-username --admin-password --tags --nsg-rule
      User-Agent:
      - AZURECLI/2.44.1 azsdk-python-azure-mgmt-resource/21.1.0b1 Python/3.10.9 (Windows-10-10.0.22621-SP0)
    method: PUT
    uri: https://management.azure.com/subscriptions/00000000-0000-0000-0000-000000000000/resourcegroups/cli_test_dynamic_metric_alert_v2000001/providers/Microsoft.Resources/deployments/mock-deployment?api-version=2021-04-01
  response:
    body:
      string: '{"id":"/subscriptions/00000000-0000-0000-0000-000000000000/resourceGroups/cli_test_dynamic_metric_alert_v2000001/providers/Microsoft.Resources/deployments/vm_deploy_8ePMd7DeaINohIQk1M4PpAVWdJqRx1fh","name":"vm_deploy_8ePMd7DeaINohIQk1M4PpAVWdJqRx1fh","type":"Microsoft.Resources/deployments","properties":{"templateHash":"3848541632134537205","parameters":{"adminPassword":{"type":"SecureString"}},"mode":"Incremental","provisioningState":"Accepted","timestamp":"2023-01-30T03:34:19.4210538Z","duration":"PT0.000558S","correlationId":"5466c39a-3bd7-4661-a0dc-6ec537bbbede","providers":[{"namespace":"Microsoft.Network","resourceTypes":[{"resourceType":"virtualNetworks","locations":["westus"]},{"resourceType":"networkSecurityGroups","locations":["westus"]},{"resourceType":"publicIPAddresses","locations":["westus"]},{"resourceType":"networkInterfaces","locations":["westus"]}]},{"namespace":"Microsoft.Compute","resourceTypes":[{"resourceType":"virtualMachines","locations":["westus"]}]}],"dependencies":[{"dependsOn":[{"id":"/subscriptions/00000000-0000-0000-0000-000000000000/resourceGroups/cli_test_dynamic_metric_alert_v2000001/providers/Microsoft.Network/virtualNetworks/clitest-vm000002VNET","resourceType":"Microsoft.Network/virtualNetworks","resourceName":"clitest-vm000002VNET"},{"id":"/subscriptions/00000000-0000-0000-0000-000000000000/resourceGroups/cli_test_dynamic_metric_alert_v2000001/providers/Microsoft.Network/networkSecurityGroups/clitest-vm000002NSG","resourceType":"Microsoft.Network/networkSecurityGroups","resourceName":"clitest-vm000002NSG"},{"id":"/subscriptions/00000000-0000-0000-0000-000000000000/resourceGroups/cli_test_dynamic_metric_alert_v2000001/providers/Microsoft.Network/publicIPAddresses/clitest-vm000002PublicIP","resourceType":"Microsoft.Network/publicIPAddresses","resourceName":"clitest-vm000002PublicIP"}],"id":"/subscriptions/00000000-0000-0000-0000-000000000000/resourceGroups/cli_test_dynamic_metric_alert_v2000001/providers/Microsoft.Network/networkInterfaces/clitest-vm000002VMNic","resourceType":"Microsoft.Network/networkInterfaces","resourceName":"clitest-vm000002VMNic"},{"dependsOn":[{"id":"/subscriptions/00000000-0000-0000-0000-000000000000/resourceGroups/cli_test_dynamic_metric_alert_v2000001/providers/Microsoft.Network/networkInterfaces/clitest-vm000002VMNic","resourceType":"Microsoft.Network/networkInterfaces","resourceName":"clitest-vm000002VMNic"}],"id":"/subscriptions/00000000-0000-0000-0000-000000000000/resourceGroups/cli_test_dynamic_metric_alert_v2000001/providers/Microsoft.Compute/virtualMachines/clitest-vm000002","resourceType":"Microsoft.Compute/virtualMachines","resourceName":"clitest-vm000002"}]}}'
    headers:
      azure-asyncoperation:
      - https://management.azure.com/subscriptions/00000000-0000-0000-0000-000000000000/resourcegroups/cli_test_dynamic_metric_alert_v2000001/providers/Microsoft.Resources/deployments/vm_deploy_8ePMd7DeaINohIQk1M4PpAVWdJqRx1fh/operationStatuses/08585265572282755533?api-version=2021-04-01
      cache-control:
      - no-cache
      content-length:
      - '2677'
      content-type:
      - application/json; charset=utf-8
      date:
      - Mon, 30 Jan 2023 03:34:19 GMT
      expires:
      - '-1'
      pragma:
      - no-cache
      strict-transport-security:
      - max-age=31536000; includeSubDomains
      x-content-type-options:
      - nosniff
      x-ms-ratelimit-remaining-subscription-writes:
      - '1199'
    status:
      code: 201
      message: Created
- request:
    body: null
    headers:
      Accept:
      - '*/*'
      Accept-Encoding:
      - gzip, deflate
      CommandName:
      - vm create
      Connection:
      - keep-alive
      ParameterSetName:
      - -n -g --image --admin-username --admin-password --tags --nsg-rule
      User-Agent:
      - AZURECLI/2.44.1 azsdk-python-azure-mgmt-resource/21.1.0b1 Python/3.10.9 (Windows-10-10.0.22621-SP0)
    method: GET
    uri: https://management.azure.com/subscriptions/00000000-0000-0000-0000-000000000000/resourcegroups/cli_test_dynamic_metric_alert_v2000001/providers/Microsoft.Resources/deployments/mock-deployment/operationStatuses/08585265572282755533?api-version=2021-04-01
  response:
    body:
      string: '{"status":"Running"}'
    headers:
      cache-control:
      - no-cache
      content-length:
      - '20'
      content-type:
      - application/json; charset=utf-8
      date:
      - Mon, 30 Jan 2023 03:34:50 GMT
      expires:
      - '-1'
      pragma:
      - no-cache
      strict-transport-security:
      - max-age=31536000; includeSubDomains
      vary:
      - Accept-Encoding
      x-content-type-options:
      - nosniff
    status:
      code: 200
      message: OK
- request:
    body: null
    headers:
      Accept:
      - '*/*'
      Accept-Encoding:
      - gzip, deflate
      CommandName:
      - vm create
      Connection:
      - keep-alive
      ParameterSetName:
      - -n -g --image --admin-username --admin-password --tags --nsg-rule
      User-Agent:
      - AZURECLI/2.44.1 azsdk-python-azure-mgmt-resource/21.1.0b1 Python/3.10.9 (Windows-10-10.0.22621-SP0)
    method: GET
    uri: https://management.azure.com/subscriptions/00000000-0000-0000-0000-000000000000/resourcegroups/cli_test_dynamic_metric_alert_v2000001/providers/Microsoft.Resources/deployments/mock-deployment/operationStatuses/08585265572282755533?api-version=2021-04-01
  response:
    body:
      string: '{"status":"Succeeded"}'
    headers:
      cache-control:
      - no-cache
      content-length:
      - '22'
      content-type:
      - application/json; charset=utf-8
      date:
      - Mon, 30 Jan 2023 03:35:20 GMT
      expires:
      - '-1'
      pragma:
      - no-cache
      strict-transport-security:
      - max-age=31536000; includeSubDomains
      vary:
      - Accept-Encoding
      x-content-type-options:
      - nosniff
    status:
      code: 200
      message: OK
- request:
    body: null
    headers:
      Accept:
      - '*/*'
      Accept-Encoding:
      - gzip, deflate
      CommandName:
      - vm create
      Connection:
      - keep-alive
      ParameterSetName:
      - -n -g --image --admin-username --admin-password --tags --nsg-rule
      User-Agent:
      - AZURECLI/2.44.1 azsdk-python-azure-mgmt-resource/21.1.0b1 Python/3.10.9 (Windows-10-10.0.22621-SP0)
    method: GET
    uri: https://management.azure.com/subscriptions/00000000-0000-0000-0000-000000000000/resourcegroups/cli_test_dynamic_metric_alert_v2000001/providers/Microsoft.Resources/deployments/mock-deployment?api-version=2021-04-01
  response:
    body:
      string: '{"id":"/subscriptions/00000000-0000-0000-0000-000000000000/resourceGroups/cli_test_dynamic_metric_alert_v2000001/providers/Microsoft.Resources/deployments/vm_deploy_8ePMd7DeaINohIQk1M4PpAVWdJqRx1fh","name":"vm_deploy_8ePMd7DeaINohIQk1M4PpAVWdJqRx1fh","type":"Microsoft.Resources/deployments","properties":{"templateHash":"3848541632134537205","parameters":{"adminPassword":{"type":"SecureString"}},"mode":"Incremental","provisioningState":"Succeeded","timestamp":"2023-01-30T03:35:19.1578177Z","duration":"PT59.7373219S","correlationId":"5466c39a-3bd7-4661-a0dc-6ec537bbbede","providers":[{"namespace":"Microsoft.Network","resourceTypes":[{"resourceType":"virtualNetworks","locations":["westus"]},{"resourceType":"networkSecurityGroups","locations":["westus"]},{"resourceType":"publicIPAddresses","locations":["westus"]},{"resourceType":"networkInterfaces","locations":["westus"]}]},{"namespace":"Microsoft.Compute","resourceTypes":[{"resourceType":"virtualMachines","locations":["westus"]}]}],"dependencies":[{"dependsOn":[{"id":"/subscriptions/00000000-0000-0000-0000-000000000000/resourceGroups/cli_test_dynamic_metric_alert_v2000001/providers/Microsoft.Network/virtualNetworks/clitest-vm000002VNET","resourceType":"Microsoft.Network/virtualNetworks","resourceName":"clitest-vm000002VNET"},{"id":"/subscriptions/00000000-0000-0000-0000-000000000000/resourceGroups/cli_test_dynamic_metric_alert_v2000001/providers/Microsoft.Network/networkSecurityGroups/clitest-vm000002NSG","resourceType":"Microsoft.Network/networkSecurityGroups","resourceName":"clitest-vm000002NSG"},{"id":"/subscriptions/00000000-0000-0000-0000-000000000000/resourceGroups/cli_test_dynamic_metric_alert_v2000001/providers/Microsoft.Network/publicIPAddresses/clitest-vm000002PublicIP","resourceType":"Microsoft.Network/publicIPAddresses","resourceName":"clitest-vm000002PublicIP"}],"id":"/subscriptions/00000000-0000-0000-0000-000000000000/resourceGroups/cli_test_dynamic_metric_alert_v2000001/providers/Microsoft.Network/networkInterfaces/clitest-vm000002VMNic","resourceType":"Microsoft.Network/networkInterfaces","resourceName":"clitest-vm000002VMNic"},{"dependsOn":[{"id":"/subscriptions/00000000-0000-0000-0000-000000000000/resourceGroups/cli_test_dynamic_metric_alert_v2000001/providers/Microsoft.Network/networkInterfaces/clitest-vm000002VMNic","resourceType":"Microsoft.Network/networkInterfaces","resourceName":"clitest-vm000002VMNic"}],"id":"/subscriptions/00000000-0000-0000-0000-000000000000/resourceGroups/cli_test_dynamic_metric_alert_v2000001/providers/Microsoft.Compute/virtualMachines/clitest-vm000002","resourceType":"Microsoft.Compute/virtualMachines","resourceName":"clitest-vm000002"}],"outputs":{},"outputResources":[{"id":"/subscriptions/00000000-0000-0000-0000-000000000000/resourceGroups/cli_test_dynamic_metric_alert_v2000001/providers/Microsoft.Compute/virtualMachines/clitest-vm000002"},{"id":"/subscriptions/00000000-0000-0000-0000-000000000000/resourceGroups/cli_test_dynamic_metric_alert_v2000001/providers/Microsoft.Network/networkInterfaces/clitest-vm000002VMNic"},{"id":"/subscriptions/00000000-0000-0000-0000-000000000000/resourceGroups/cli_test_dynamic_metric_alert_v2000001/providers/Microsoft.Network/networkSecurityGroups/clitest-vm000002NSG"},{"id":"/subscriptions/00000000-0000-0000-0000-000000000000/resourceGroups/cli_test_dynamic_metric_alert_v2000001/providers/Microsoft.Network/publicIPAddresses/clitest-vm000002PublicIP"},{"id":"/subscriptions/00000000-0000-0000-0000-000000000000/resourceGroups/cli_test_dynamic_metric_alert_v2000001/providers/Microsoft.Network/virtualNetworks/clitest-vm000002VNET"}]}}'
    headers:
      cache-control:
      - no-cache
      content-length:
      - '3623'
      content-type:
      - application/json; charset=utf-8
      date:
      - Mon, 30 Jan 2023 03:35:20 GMT
      expires:
      - '-1'
      pragma:
      - no-cache
      strict-transport-security:
      - max-age=31536000; includeSubDomains
      vary:
      - Accept-Encoding
      x-content-type-options:
      - nosniff
    status:
      code: 200
      message: OK
- request:
    body: null
    headers:
      Accept:
      - application/json
      Accept-Encoding:
      - gzip, deflate
      CommandName:
      - vm create
      Connection:
      - keep-alive
      ParameterSetName:
      - -n -g --image --admin-username --admin-password --tags --nsg-rule
      User-Agent:
      - AZURECLI/2.44.1 azsdk-python-azure-mgmt-compute/29.1.0 Python/3.10.9 (Windows-10-10.0.22621-SP0)
    method: GET
    uri: https://management.azure.com/subscriptions/00000000-0000-0000-0000-000000000000/resourceGroups/cli_test_dynamic_metric_alert_v2000001/providers/Microsoft.Compute/virtualMachines/clitest-vm000002?$expand=instanceView&api-version=2022-11-01
  response:
    body:
      string: "{\r\n  \"name\": \"clitest-vm000002\",\r\n  \"id\": \"/subscriptions/00000000-0000-0000-0000-000000000000/resourceGroups/cli_test_dynamic_metric_alert_v2000001/providers/Microsoft.Compute/virtualMachines/clitest-vm000002\"\
        ,\r\n  \"type\": \"Microsoft.Compute/virtualMachines\",\r\n  \"location\"\
        : \"westus\",\r\n  \"tags\": {\r\n    \"MabUsed\": \"Yes\",\r\n    \"Owner\"\
        : \"sisi\",\r\n    \"Purpose\": \"CLITest\",\r\n    \"DeleteBy\": \"12-2099\"\
        ,\r\n    \"AutoShutdown\": \"No\"\r\n  },\r\n  \"properties\": {\r\n    \"\
        vmId\": \"ee8141b6-6b0b-416b-9825-ec12905ec6e9\",\r\n    \"hardwareProfile\"\
        : {\r\n      \"vmSize\": \"Standard_DS1_v2\"\r\n    },\r\n    \"storageProfile\"\
        : {\r\n      \"imageReference\": {\r\n        \"publisher\": \"MicrosoftWindowsServer\"\
        ,\r\n        \"offer\": \"WindowsServer\",\r\n        \"sku\": \"2012-R2-Datacenter\"\
        ,\r\n        \"version\": \"latest\",\r\n        \"exactVersion\": \"9600.20778.230108\"\
        \r\n      },\r\n      \"osDisk\": {\r\n        \"osType\": \"Windows\",\r\n\
        \        \"name\": \"clitest-vm000002_OsDisk_1_a79de8c279ee4044883d3e9543a3dab2\"\
        ,\r\n        \"createOption\": \"FromImage\",\r\n        \"caching\": \"ReadWrite\"\
        ,\r\n        \"managedDisk\": {\r\n          \"storageAccountType\": \"Premium_LRS\"\
        ,\r\n          \"id\": \"/subscriptions/00000000-0000-0000-0000-000000000000/resourceGroups/cli_test_dynamic_metric_alert_v2000001/providers/Microsoft.Compute/disks/clitest-vm000002_OsDisk_1_a79de8c279ee4044883d3e9543a3dab2\"\
        \r\n        },\r\n        \"deleteOption\": \"Detach\",\r\n        \"diskSizeGB\"\
        : 127\r\n      },\r\n      \"dataDisks\": []\r\n    },\r\n    \"osProfile\"\
        : {\r\n      \"computerName\": \"clitest-vm000002\",\r\n      \"adminUsername\"\
        : \"clitest-vm000002\",\r\n      \"windowsConfiguration\": {\r\n        \"\
        provisionVMAgent\": true,\r\n        \"enableAutomaticUpdates\": true,\r\n\
        \        \"patchSettings\": {\r\n          \"patchMode\": \"AutomaticByOS\"\
        ,\r\n          \"assessmentMode\": \"ImageDefault\"\r\n        },\r\n    \
        \    \"enableVMAgentPlatformUpdates\": false\r\n      },\r\n      \"secrets\"\
        : [],\r\n      \"allowExtensionOperations\": true,\r\n      \"requireGuestProvisionSignal\"\
        : true\r\n    },\r\n    \"networkProfile\": {\"networkInterfaces\":[{\"id\"\
        :\"/subscriptions/00000000-0000-0000-0000-000000000000/resourceGroups/cli_test_dynamic_metric_alert_v2000001/providers/Microsoft.Network/networkInterfaces/clitest-vm000002VMNic\"\
        }]},\r\n    \"provisioningState\": \"Succeeded\",\r\n    \"instanceView\"\
        : {\r\n      \"vmAgent\": {\r\n        \"vmAgentVersion\": \"Unknown\",\r\n\
        \        \"statuses\": [\r\n          {\r\n            \"code\": \"ProvisioningState/Unavailable\"\
        ,\r\n            \"level\": \"Warning\",\r\n            \"displayStatus\"\
        : \"Not Ready\",\r\n            \"message\": \"VM status blob is found but\
        \ not yet populated.\",\r\n            \"time\": \"2023-01-30T03:35:22+00:00\"\
        \r\n          }\r\n        ]\r\n      },\r\n      \"disks\": [\r\n       \
        \ {\r\n          \"name\": \"clitest-vm000002_OsDisk_1_a79de8c279ee4044883d3e9543a3dab2\"\
        ,\r\n          \"statuses\": [\r\n            {\r\n              \"code\"\
        : \"ProvisioningState/succeeded\",\r\n              \"level\": \"Info\",\r\
        \n              \"displayStatus\": \"Provisioning succeeded\",\r\n       \
        \       \"time\": \"2023-01-30T03:34:38.031614+00:00\"\r\n            }\r\n\
        \          ]\r\n        }\r\n      ],\r\n      \"hyperVGeneration\": \"V1\"\
        ,\r\n      \"statuses\": [\r\n        {\r\n          \"code\": \"ProvisioningState/succeeded\"\
        ,\r\n          \"level\": \"Info\",\r\n          \"displayStatus\": \"Provisioning\
        \ succeeded\",\r\n          \"time\": \"2023-01-30T03:35:16.3288701+00:00\"\
        \r\n        },\r\n        {\r\n          \"code\": \"PowerState/running\"\
        ,\r\n          \"level\": \"Info\",\r\n          \"displayStatus\": \"VM running\"\
        \r\n        }\r\n      ]\r\n    },\r\n    \"timeCreated\": \"2023-01-30T03:34:36.2190985+00:00\"\
        \r\n  }\r\n}"
    headers:
      cache-control:
      - no-cache
      content-length:
      - '3498'
      content-type:
      - application/json; charset=utf-8
      date:
      - Mon, 30 Jan 2023 03:35:21 GMT
      expires:
      - '-1'
      pragma:
      - no-cache
      server:
      - Microsoft-HTTPAPI/2.0
      - Microsoft-HTTPAPI/2.0
      strict-transport-security:
      - max-age=31536000; includeSubDomains
      transfer-encoding:
      - chunked
      vary:
      - Accept-Encoding
      x-content-type-options:
      - nosniff
      x-ms-ratelimit-remaining-resource:
      - Microsoft.Compute/LowCostGet3Min;3997,Microsoft.Compute/LowCostGet30Min;31997
    status:
      code: 200
      message: OK
- request:
    body: null
    headers:
      Accept:
      - application/json
      Accept-Encoding:
      - gzip, deflate
      CommandName:
      - vm create
      Connection:
      - keep-alive
      ParameterSetName:
      - -n -g --image --admin-username --admin-password --tags --nsg-rule
      User-Agent:
      - AZURECLI/2.44.1 azsdk-python-azure-mgmt-network/21.0.1 Python/3.10.9 (Windows-10-10.0.22621-SP0)
    method: GET
    uri: https://management.azure.com/subscriptions/00000000-0000-0000-0000-000000000000/resourceGroups/cli_test_dynamic_metric_alert_v2000001/providers/Microsoft.Network/networkInterfaces/clitest-vm000002VMNic?api-version=2022-01-01
  response:
    body:
      string: "{\r\n  \"name\": \"clitest-vm000002VMNic\",\r\n  \"id\": \"/subscriptions/00000000-0000-0000-0000-000000000000/resourceGroups/cli_test_dynamic_metric_alert_v2000001/providers/Microsoft.Network/networkInterfaces/clitest-vm000002VMNic\"\
        ,\r\n  \"etag\": \"W/\\\"759267f2-6617-416e-83f5-97564c69e6f6\\\"\",\r\n \
        \ \"tags\": {\r\n    \"MabUsed\": \"Yes\",\r\n    \"Owner\": \"sisi\",\r\n\
        \    \"Purpose\": \"CLITest\",\r\n    \"DeleteBy\": \"12-2099\",\r\n    \"\
        AutoShutdown\": \"No\"\r\n  },\r\n  \"properties\": {\r\n    \"provisioningState\"\
        : \"Succeeded\",\r\n    \"resourceGuid\": \"c96c52ef-8900-47b2-988e-77d5007123ba\"\
        ,\r\n    \"ipConfigurations\": [\r\n      {\r\n        \"name\": \"ipconfigclitest-vm000002\"\
        ,\r\n        \"id\": \"/subscriptions/00000000-0000-0000-0000-000000000000/resourceGroups/cli_test_dynamic_metric_alert_v2000001/providers/Microsoft.Network/networkInterfaces/clitest-vm000002VMNic/ipConfigurations/ipconfigclitest-vm000002\"\
        ,\r\n        \"etag\": \"W/\\\"759267f2-6617-416e-83f5-97564c69e6f6\\\"\"\
        ,\r\n        \"type\": \"Microsoft.Network/networkInterfaces/ipConfigurations\"\
        ,\r\n        \"properties\": {\r\n          \"provisioningState\": \"Succeeded\"\
        ,\r\n          \"privateIPAddress\": \"10.0.0.4\",\r\n          \"privateIPAllocationMethod\"\
        : \"Dynamic\",\r\n          \"publicIPAddress\": {\r\n            \"id\":\
        \ \"/subscriptions/00000000-0000-0000-0000-000000000000/resourceGroups/cli_test_dynamic_metric_alert_v2000001/providers/Microsoft.Network/publicIPAddresses/clitest-vm000002PublicIP\"\
        \r\n          },\r\n          \"subnet\": {\r\n            \"id\": \"/subscriptions/00000000-0000-0000-0000-000000000000/resourceGroups/cli_test_dynamic_metric_alert_v2000001/providers/Microsoft.Network/virtualNetworks/clitest-vm000002VNET/subnets/clitest-vm000002Subnet\"\
        \r\n          },\r\n          \"primary\": true,\r\n          \"privateIPAddressVersion\"\
        : \"IPv4\"\r\n        }\r\n      }\r\n    ],\r\n    \"dnsSettings\": {\r\n\
        \      \"dnsServers\": [],\r\n      \"appliedDnsServers\": [],\r\n      \"\
        internalDomainNameSuffix\": \"chazlev4hhfujiap5stzygaxia.dx.internal.cloudapp.net\"\
        \r\n    },\r\n    \"macAddress\": \"60-45-BD-05-C9-B9\",\r\n    \"vnetEncryptionSupported\"\
        : false,\r\n    \"enableIPForwarding\": false,\r\n    \"networkSecurityGroup\"\
        : {\r\n      \"id\": \"/subscriptions/00000000-0000-0000-0000-000000000000/resourceGroups/cli_test_dynamic_metric_alert_v2000001/providers/Microsoft.Network/networkSecurityGroups/clitest-vm000002NSG\"\
        \r\n    },\r\n    \"primary\": true,\r\n    \"virtualMachine\": {\r\n    \
        \  \"id\": \"/subscriptions/00000000-0000-0000-0000-000000000000/resourceGroups/cli_test_dynamic_metric_alert_v2000001/providers/Microsoft.Compute/virtualMachines/clitest-vm000002\"\
        \r\n    },\r\n    \"hostedWorkloads\": [],\r\n    \"tapConfigurations\": [],\r\
        \n    \"nicType\": \"Standard\",\r\n    \"allowPort25Out\": true\r\n  },\r\
        \n  \"type\": \"Microsoft.Network/networkInterfaces\",\r\n  \"location\":\
        \ \"westus\",\r\n  \"kind\": \"Regular\"\r\n}"
    headers:
      cache-control:
      - no-cache
      content-length:
      - '2739'
      content-type:
      - application/json; charset=utf-8
      date:
      - Mon, 30 Jan 2023 03:35:23 GMT
      etag:
      - W/"759267f2-6617-416e-83f5-97564c69e6f6"
      expires:
      - '-1'
      pragma:
      - no-cache
      server:
      - Microsoft-HTTPAPI/2.0
      - Microsoft-HTTPAPI/2.0
      strict-transport-security:
      - max-age=31536000; includeSubDomains
      transfer-encoding:
      - chunked
      vary:
      - Accept-Encoding
      x-content-type-options:
      - nosniff
      x-ms-arm-service-request-id:
      - 12641a68-9071-4a0c-859f-e5467f39a84d
    status:
      code: 200
      message: OK
- request:
    body: null
    headers:
      Accept:
      - application/json
      Accept-Encoding:
      - gzip, deflate
      CommandName:
      - vm create
      Connection:
      - keep-alive
      ParameterSetName:
      - -n -g --image --admin-username --admin-password --tags --nsg-rule
      User-Agent:
      - AZURECLI/2.44.1 azsdk-python-azure-mgmt-network/21.0.1 Python/3.10.9 (Windows-10-10.0.22621-SP0)
    method: GET
    uri: https://management.azure.com/subscriptions/00000000-0000-0000-0000-000000000000/resourceGroups/cli_test_dynamic_metric_alert_v2000001/providers/Microsoft.Network/publicIPAddresses/clitest-vm000002PublicIP?api-version=2022-01-01
  response:
    body:
      string: "{\r\n  \"name\": \"clitest-vm000002PublicIP\",\r\n  \"id\": \"/subscriptions/00000000-0000-0000-0000-000000000000/resourceGroups/cli_test_dynamic_metric_alert_v2000001/providers/Microsoft.Network/publicIPAddresses/clitest-vm000002PublicIP\"\
        ,\r\n  \"etag\": \"W/\\\"f3baa095-f16c-4522-8a0b-4d0c9f478faa\\\"\",\r\n \
        \ \"location\": \"westus\",\r\n  \"tags\": {\r\n    \"MabUsed\": \"Yes\",\r\
        \n    \"Owner\": \"sisi\",\r\n    \"Purpose\": \"CLITest\",\r\n    \"DeleteBy\"\
        : \"12-2099\",\r\n    \"AutoShutdown\": \"No\"\r\n  },\r\n  \"properties\"\
        : {\r\n    \"provisioningState\": \"Succeeded\",\r\n    \"resourceGuid\":\
        \ \"a6b3395a-08db-4d5c-9bd5-fbf671bf94d0\",\r\n    \"ipAddress\": \"20.245.233.215\"\
        ,\r\n    \"publicIPAddressVersion\": \"IPv4\",\r\n    \"publicIPAllocationMethod\"\
        : \"Dynamic\",\r\n    \"idleTimeoutInMinutes\": 4,\r\n    \"ipTags\": [],\r\
        \n    \"ipConfiguration\": {\r\n      \"id\": \"/subscriptions/00000000-0000-0000-0000-000000000000/resourceGroups/cli_test_dynamic_metric_alert_v2000001/providers/Microsoft.Network/networkInterfaces/clitest-vm000002VMNic/ipConfigurations/ipconfigclitest-vm000002\"\
        \r\n    }\r\n  },\r\n  \"type\": \"Microsoft.Network/publicIPAddresses\",\r\
        \n  \"sku\": {\r\n    \"name\": \"Basic\",\r\n    \"tier\": \"Regional\"\r\
        \n  }\r\n}"
    headers:
      cache-control:
      - no-cache
      content-length:
      - '1131'
      content-type:
      - application/json; charset=utf-8
      date:
      - Mon, 30 Jan 2023 03:35:23 GMT
      etag:
      - W/"f3baa095-f16c-4522-8a0b-4d0c9f478faa"
      expires:
      - '-1'
      pragma:
      - no-cache
      server:
      - Microsoft-HTTPAPI/2.0
      - Microsoft-HTTPAPI/2.0
      strict-transport-security:
      - max-age=31536000; includeSubDomains
      transfer-encoding:
      - chunked
      vary:
      - Accept-Encoding
      x-content-type-options:
      - nosniff
      x-ms-arm-service-request-id:
      - 52244440-8f29-43e6-ac34-b5e3d450e02c
    status:
      code: 200
      message: OK
- request:
    body: null
    headers:
      Accept:
      - application/json
      Accept-Encoding:
      - gzip, deflate
      CommandName:
      - vm create
      Connection:
      - keep-alive
      ParameterSetName:
      - -n -g --image --admin-username --admin-password --tags --nsg-rule
      User-Agent:
      - AZURECLI/2.44.1 azsdk-python-azure-mgmt-resource/21.1.0b1 Python/3.10.9 (Windows-10-10.0.22621-SP0)
    method: GET
    uri: https://management.azure.com/subscriptions/00000000-0000-0000-0000-000000000000/resourcegroups/cli_test_dynamic_metric_alert_v2000001?api-version=2021-04-01
  response:
    body:
      string: '{"id":"/subscriptions/00000000-0000-0000-0000-000000000000/resourceGroups/cli_test_dynamic_metric_alert_v2000001","name":"cli_test_dynamic_metric_alert_v2000001","type":"Microsoft.Resources/resourceGroups","location":"westus","tags":{"product":"azurecli","cause":"automation","date":"2023-01-30T03:34:00Z"},"properties":{"provisioningState":"Succeeded"}}'
    headers:
      cache-control:
      - no-cache
      content-length:
      - '354'
      content-type:
      - application/json; charset=utf-8
      date:
      - Mon, 30 Jan 2023 03:35:23 GMT
      expires:
      - '-1'
      pragma:
      - no-cache
      strict-transport-security:
      - max-age=31536000; includeSubDomains
      vary:
      - Accept-Encoding
      x-content-type-options:
      - nosniff
    status:
      code: 200
      message: OK
- request:
    body: null
    headers:
      Accept:
      - '*/*'
      Accept-Encoding:
      - gzip, deflate
      Connection:
      - keep-alive
      User-Agent:
      - python-requests/2.26.0
    method: GET
    uri: https://raw.githubusercontent.com/Azure/azure-rest-api-specs/main/arm-compute/quickstart-templates/aliases.json
  response:
    body:
      string: "{\n  \"$schema\": \"http://schema.management.azure.com/schemas/2015-01-01/deploymentTemplate.json\"\
        ,\n  \"contentVersion\": \"1.0.0.0\",\n  \"parameters\": {},\n  \"variables\"\
        : {},\n  \"resources\": [],\n  \"outputs\": {\n    \"aliases\": {\n      \"\
        type\": \"object\",\n      \"value\": {\n        \"Linux\": {\n          \"\
        CentOS\": {\n            \"publisher\": \"OpenLogic\",\n            \"offer\"\
        : \"CentOS\",\n            \"sku\": \"7.5\",\n            \"version\": \"\
        latest\",\n            \"architecture\": \"x64\"\n          },\n         \
        \ \"Debian\": {\n            \"publisher\": \"Debian\",\n            \"offer\"\
        : \"debian-10\",\n            \"sku\": \"10\",\n            \"version\": \"\
        latest\",\n            \"architecture\": \"x64\"\n          },\n         \
        \ \"Flatcar\": {\n            \"publisher\": \"kinvolk\",\n            \"\
        offer\": \"flatcar-container-linux-free\",\n            \"sku\": \"stable\"\
        ,\n            \"version\": \"latest\",\n            \"architecture\": \"\
        x64\"\n          },\n          \"openSUSE-Leap\": {\n            \"publisher\"\
        : \"SUSE\",\n            \"offer\": \"opensuse-leap-15-3\",\n            \"\
        sku\": \"gen2\",\n            \"version\": \"latest\",\n            \"architecture\"\
        : \"x64\"\n          },\n          \"RHEL\": {\n            \"publisher\"\
        : \"RedHat\",\n            \"offer\": \"RHEL\",\n            \"sku\": \"7-LVM\"\
        ,\n            \"version\": \"latest\",\n            \"architecture\": \"\
        x64\"\n          },\n          \"SLES\": {\n            \"publisher\": \"\
        SUSE\",\n            \"offer\": \"sles-15-sp3\",\n            \"sku\": \"\
        gen2\",\n            \"version\": \"latest\",\n            \"architecture\"\
        : \"x64\"\n          },\n          \"UbuntuLTS\": {\n            \"publisher\"\
        : \"Canonical\",\n            \"offer\": \"UbuntuServer\",\n            \"\
        sku\": \"18.04-LTS\",\n            \"version\": \"latest\",\n            \"\
        architecture\": \"x64\"\n          }\n        },\n        \"Windows\": {\n\
        \          \"Win2022Datacenter\": {\n            \"publisher\": \"MicrosoftWindowsServer\"\
        ,\n            \"offer\": \"WindowsServer\",\n            \"sku\": \"2022-Datacenter\"\
        ,\n            \"version\": \"latest\",\n            \"architecture\": \"\
        x64\"\n          },\n          \"Win2022AzureEditionCore\": {\n          \
        \  \"publisher\": \"MicrosoftWindowsServer\",\n            \"offer\": \"WindowsServer\"\
        ,\n            \"sku\": \"2022-datacenter-azure-edition-core\",\n        \
        \    \"version\": \"latest\",\n            \"architecture\": \"x64\"\n   \
        \       },\n          \"Win2019Datacenter\": {\n            \"publisher\"\
        : \"MicrosoftWindowsServer\",\n            \"offer\": \"WindowsServer\",\n\
        \            \"sku\": \"2019-Datacenter\",\n            \"version\": \"latest\"\
        ,\n            \"architecture\": \"x64\"\n          },\n          \"Win2016Datacenter\"\
        : {\n            \"publisher\": \"MicrosoftWindowsServer\",\n            \"\
        offer\": \"WindowsServer\",\n            \"sku\": \"2016-Datacenter\",\n \
        \           \"version\": \"latest\",\n            \"architecture\": \"x64\"\
        \n          },\n          \"Win2012R2Datacenter\": {\n            \"publisher\"\
        : \"MicrosoftWindowsServer\",\n            \"offer\": \"WindowsServer\",\n\
        \            \"sku\": \"2012-R2-Datacenter\",\n            \"version\": \"\
        latest\",\n            \"architecture\": \"x64\"\n          },\n         \
        \ \"Win2012Datacenter\": {\n            \"publisher\": \"MicrosoftWindowsServer\"\
        ,\n            \"offer\": \"WindowsServer\",\n            \"sku\": \"2012-Datacenter\"\
        ,\n            \"version\": \"latest\",\n            \"architecture\": \"\
        x64\"\n          },\n          \"Win2008R2SP1\": {\n            \"publisher\"\
        : \"MicrosoftWindowsServer\",\n            \"offer\": \"WindowsServer\",\n\
        \            \"sku\": \"2008-R2-SP1\",\n            \"version\": \"latest\"\
        ,\n            \"architecture\": \"x64\"\n          }\n        }\n      }\n\
        \    }\n  }\n}"
    headers:
      accept-ranges:
      - bytes
      access-control-allow-origin:
      - '*'
      cache-control:
      - max-age=300
      connection:
      - keep-alive
      content-length:
      - '3463'
      content-security-policy:
      - default-src 'none'; style-src 'unsafe-inline'; sandbox
      content-type:
      - text/plain; charset=utf-8
      date:
      - Mon, 30 Jan 2023 03:35:24 GMT
      etag:
      - W/"41b202f4dc5098d126019dc00721a4c5e30df0c5196794514fadc3710ee2a5cb"
      expires:
      - Mon, 30 Jan 2023 03:40:24 GMT
      source-age:
      - '133'
      strict-transport-security:
      - max-age=31536000
      vary:
      - Authorization,Accept-Encoding,Origin
      via:
      - 1.1 varnish
      x-cache:
      - HIT
      x-cache-hits:
      - '2'
      x-content-type-options:
      - nosniff
      x-fastly-request-id:
      - 7a43504f13336f5494adc0ede2ca2c1cd0c8f716
      x-frame-options:
      - deny
      x-github-request-id:
      - 8C0A:73D2:13FE2D:18320E:63D73A76
      x-served-by:
      - cache-tyo11940-TYO
      x-timer:
      - S1675049725.790696,VS0,VE0
      x-xss-protection:
      - 1; mode=block
    status:
      code: 200
      message: OK
- request:
    body: null
    headers:
      Accept:
      - application/json
      Accept-Encoding:
      - gzip, deflate
      CommandName:
      - vm create
      Connection:
      - keep-alive
      ParameterSetName:
      - -n -g --image --admin-username --admin-password --tags --nsg-rule
      User-Agent:
      - AZURECLI/2.44.1 azsdk-python-azure-mgmt-compute/29.1.0 Python/3.10.9 (Windows-10-10.0.22621-SP0)
    method: GET
    uri: https://management.azure.com/subscriptions/00000000-0000-0000-0000-000000000000/providers/Microsoft.Compute/locations/westus/publishers/MicrosoftWindowsServer/artifacttypes/vmimage/offers/WindowsServer/skus/2012-R2-Datacenter/versions?$top=1&$orderby=name%20desc&api-version=2022-11-01
  response:
    body:
      string: "[\r\n  {\r\n    \"location\": \"westus\",\r\n    \"name\": \"9600.20778.230108\"\
        ,\r\n    \"id\": \"/Subscriptions/00000000-0000-0000-0000-000000000000/Providers/Microsoft.Compute/Locations/westus/Publishers/MicrosoftWindowsServer/ArtifactTypes/VMImage/Offers/WindowsServer/Skus/2012-R2-Datacenter/Versions/9600.20778.230108\"\
        \r\n  }\r\n]"
    headers:
      cache-control:
      - no-cache
      content-length:
      - '313'
      content-type:
      - application/json; charset=utf-8
      date:
      - Mon, 30 Jan 2023 03:35:25 GMT
      expires:
      - '-1'
      pragma:
      - no-cache
      server:
      - Microsoft-HTTPAPI/2.0
      - Microsoft-HTTPAPI/2.0
      strict-transport-security:
      - max-age=31536000; includeSubDomains
      transfer-encoding:
      - chunked
      vary:
      - Accept-Encoding
      x-content-type-options:
      - nosniff
      x-ms-ratelimit-remaining-resource:
      - Microsoft.Compute/ListVMImagesVersionsFromLocation3Min;15991,Microsoft.Compute/ListVMImagesVersionsFromLocation30Min;43987
    status:
      code: 200
      message: OK
- request:
    body: null
    headers:
      Accept:
      - application/json
      Accept-Encoding:
      - gzip, deflate
      CommandName:
      - vm create
      Connection:
      - keep-alive
      ParameterSetName:
      - -n -g --image --admin-username --admin-password --tags --nsg-rule
      User-Agent:
      - AZURECLI/2.44.1 azsdk-python-azure-mgmt-compute/29.1.0 Python/3.10.9 (Windows-10-10.0.22621-SP0)
    method: GET
    uri: https://management.azure.com/subscriptions/00000000-0000-0000-0000-000000000000/providers/Microsoft.Compute/locations/westus/publishers/MicrosoftWindowsServer/artifacttypes/vmimage/offers/WindowsServer/skus/2012-R2-Datacenter/versions/9600.20778.230108?api-version=2022-11-01
  response:
    body:
      string: "{\r\n  \"properties\": {\r\n    \"hyperVGeneration\": \"V1\",\r\n \
        \   \"architecture\": \"x64\",\r\n    \"replicaType\": \"Unmanaged\",\r\n\
        \    \"disallowed\": {\r\n      \"vmDiskType\": \"None\"\r\n    },\r\n   \
        \ \"automaticOSUpgradeProperties\": {\r\n      \"automaticOSUpgradeSupported\"\
        : true\r\n    },\r\n    \"imageDeprecationStatus\": {\r\n      \"imageState\"\
        : \"Active\"\r\n    },\r\n    \"features\": [\r\n      {\r\n        \"name\"\
        : \"IsAcceleratedNetworkSupported\",\r\n        \"value\": \"True\"\r\n  \
        \    },\r\n      {\r\n        \"name\": \"DiskControllerTypes\",\r\n     \
        \   \"value\": \"SCSI\"\r\n      },\r\n      {\r\n        \"name\": \"IsHibernateSupported\"\
        ,\r\n        \"value\": \"False\"\r\n      }\r\n    ],\r\n    \"osDiskImage\"\
        : {\r\n      \"operatingSystem\": \"Windows\",\r\n      \"sizeInGb\": 128,\r\
        \n      \"sizeInBytes\": 136367309312\r\n    },\r\n    \"dataDiskImages\"\
        : []\r\n  },\r\n  \"location\": \"westus\",\r\n  \"name\": \"9600.20778.230108\"\
        ,\r\n  \"id\": \"/Subscriptions/00000000-0000-0000-0000-000000000000/Providers/Microsoft.Compute/Locations/westus/Publishers/MicrosoftWindowsServer/ArtifactTypes/VMImage/Offers/WindowsServer/Skus/2012-R2-Datacenter/Versions/9600.20778.230108\"\
        \r\n}"
    headers:
      cache-control:
      - no-cache
      content-length:
      - '1074'
      content-type:
      - application/json; charset=utf-8
      date:
      - Mon, 30 Jan 2023 03:35:25 GMT
      expires:
      - '-1'
      pragma:
      - no-cache
      server:
      - Microsoft-HTTPAPI/2.0
      - Microsoft-HTTPAPI/2.0
      strict-transport-security:
      - max-age=31536000; includeSubDomains
      transfer-encoding:
      - chunked
      vary:
      - Accept-Encoding
      x-content-type-options:
      - nosniff
      x-ms-ratelimit-remaining-resource:
      - Microsoft.Compute/GetVMImageFromLocation3Min;12992,Microsoft.Compute/GetVMImageFromLocation30Min;73988
    status:
      code: 200
      message: OK
- request:
    body: null
    headers:
      Accept:
      - application/json
      Accept-Encoding:
      - gzip, deflate
      CommandName:
      - vm create
      Connection:
      - keep-alive
      ParameterSetName:
      - -n -g --image --admin-username --admin-password --tags --nsg-rule
      User-Agent:
      - AZURECLI/2.44.1 azsdk-python-azure-mgmt-network/21.0.1 Python/3.10.9 (Windows-10-10.0.22621-SP0)
    method: GET
    uri: https://management.azure.com/subscriptions/00000000-0000-0000-0000-000000000000/resourceGroups/cli_test_dynamic_metric_alert_v2000001/providers/Microsoft.Network/virtualNetworks?api-version=2022-01-01
  response:
    body:
      string: "{\r\n  \"value\": [\r\n    {\r\n      \"name\": \"clitest-vm000002VNET\"\
        ,\r\n      \"id\": \"/subscriptions/00000000-0000-0000-0000-000000000000/resourceGroups/cli_test_dynamic_metric_alert_v2000001/providers/Microsoft.Network/virtualNetworks/clitest-vm000002VNET\"\
        ,\r\n      \"etag\": \"W/\\\"07ccae12-062d-4188-9fee-965d80bd2f46\\\"\",\r\
        \n      \"type\": \"Microsoft.Network/virtualNetworks\",\r\n      \"location\"\
        : \"westus\",\r\n      \"tags\": {\r\n        \"MabUsed\": \"Yes\",\r\n  \
        \      \"Owner\": \"sisi\",\r\n        \"Purpose\": \"CLITest\",\r\n     \
        \   \"DeleteBy\": \"12-2099\",\r\n        \"AutoShutdown\": \"No\"\r\n   \
        \   },\r\n      \"properties\": {\r\n        \"provisioningState\": \"Succeeded\"\
        ,\r\n        \"resourceGuid\": \"9295c111-39be-44cb-a00f-fca79c181740\",\r\
        \n        \"addressSpace\": {\r\n          \"addressPrefixes\": [\r\n    \
        \        \"10.0.0.0/16\"\r\n          ]\r\n        },\r\n        \"subnets\"\
        : [\r\n          {\r\n            \"name\": \"clitest-vm000002Subnet\",\r\n\
        \            \"id\": \"/subscriptions/00000000-0000-0000-0000-000000000000/resourceGroups/cli_test_dynamic_metric_alert_v2000001/providers/Microsoft.Network/virtualNetworks/clitest-vm000002VNET/subnets/clitest-vm000002Subnet\"\
        ,\r\n            \"etag\": \"W/\\\"07ccae12-062d-4188-9fee-965d80bd2f46\\\"\
        \",\r\n            \"properties\": {\r\n              \"provisioningState\"\
        : \"Succeeded\",\r\n              \"addressPrefix\": \"10.0.0.0/24\",\r\n\
        \              \"ipConfigurations\": [\r\n                {\r\n          \
        \        \"id\": \"/subscriptions/00000000-0000-0000-0000-000000000000/resourceGroups/cli_test_dynamic_metric_alert_v2000001/providers/Microsoft.Network/networkInterfaces/clitest-vm000002VMNic/ipConfigurations/ipconfigclitest-vm000002\"\
        \r\n                }\r\n              ],\r\n              \"delegations\"\
        : [],\r\n              \"privateEndpointNetworkPolicies\": \"Disabled\",\r\
        \n              \"privateLinkServiceNetworkPolicies\": \"Enabled\"\r\n   \
        \         },\r\n            \"type\": \"Microsoft.Network/virtualNetworks/subnets\"\
        \r\n          }\r\n        ],\r\n        \"virtualNetworkPeerings\": [],\r\
        \n        \"enableDdosProtection\": false\r\n      }\r\n    }\r\n  ]\r\n}"
    headers:
      cache-control:
      - no-cache
      content-length:
      - '2004'
      content-type:
      - application/json; charset=utf-8
      date:
      - Mon, 30 Jan 2023 03:35:28 GMT
      expires:
      - '-1'
      pragma:
      - no-cache
      server:
      - Microsoft-HTTPAPI/2.0
      - Microsoft-HTTPAPI/2.0
      strict-transport-security:
      - max-age=31536000; includeSubDomains
      transfer-encoding:
      - chunked
      vary:
      - Accept-Encoding
      x-content-type-options:
      - nosniff
      x-ms-arm-service-request-id:
      - 4db308be-65ac-47b8-aa1b-b6ec99aa9d37
    status:
      code: 200
      message: OK
- request:
    body: null
    headers:
      Accept:
      - '*/*'
      Accept-Encoding:
      - gzip, deflate
      Connection:
      - keep-alive
      User-Agent:
      - python-requests/2.26.0
    method: GET
    uri: https://raw.githubusercontent.com/Azure/azure-rest-api-specs/main/arm-compute/quickstart-templates/aliases.json
  response:
    body:
      string: "{\n  \"$schema\": \"http://schema.management.azure.com/schemas/2015-01-01/deploymentTemplate.json\"\
        ,\n  \"contentVersion\": \"1.0.0.0\",\n  \"parameters\": {},\n  \"variables\"\
        : {},\n  \"resources\": [],\n  \"outputs\": {\n    \"aliases\": {\n      \"\
        type\": \"object\",\n      \"value\": {\n        \"Linux\": {\n          \"\
        CentOS\": {\n            \"publisher\": \"OpenLogic\",\n            \"offer\"\
        : \"CentOS\",\n            \"sku\": \"7.5\",\n            \"version\": \"\
        latest\",\n            \"architecture\": \"x64\"\n          },\n         \
        \ \"Debian\": {\n            \"publisher\": \"Debian\",\n            \"offer\"\
        : \"debian-10\",\n            \"sku\": \"10\",\n            \"version\": \"\
        latest\",\n            \"architecture\": \"x64\"\n          },\n         \
        \ \"Flatcar\": {\n            \"publisher\": \"kinvolk\",\n            \"\
        offer\": \"flatcar-container-linux-free\",\n            \"sku\": \"stable\"\
        ,\n            \"version\": \"latest\",\n            \"architecture\": \"\
        x64\"\n          },\n          \"openSUSE-Leap\": {\n            \"publisher\"\
        : \"SUSE\",\n            \"offer\": \"opensuse-leap-15-3\",\n            \"\
        sku\": \"gen2\",\n            \"version\": \"latest\",\n            \"architecture\"\
        : \"x64\"\n          },\n          \"RHEL\": {\n            \"publisher\"\
        : \"RedHat\",\n            \"offer\": \"RHEL\",\n            \"sku\": \"7-LVM\"\
        ,\n            \"version\": \"latest\",\n            \"architecture\": \"\
        x64\"\n          },\n          \"SLES\": {\n            \"publisher\": \"\
        SUSE\",\n            \"offer\": \"sles-15-sp3\",\n            \"sku\": \"\
        gen2\",\n            \"version\": \"latest\",\n            \"architecture\"\
        : \"x64\"\n          },\n          \"UbuntuLTS\": {\n            \"publisher\"\
        : \"Canonical\",\n            \"offer\": \"UbuntuServer\",\n            \"\
        sku\": \"18.04-LTS\",\n            \"version\": \"latest\",\n            \"\
        architecture\": \"x64\"\n          }\n        },\n        \"Windows\": {\n\
        \          \"Win2022Datacenter\": {\n            \"publisher\": \"MicrosoftWindowsServer\"\
        ,\n            \"offer\": \"WindowsServer\",\n            \"sku\": \"2022-Datacenter\"\
        ,\n            \"version\": \"latest\",\n            \"architecture\": \"\
        x64\"\n          },\n          \"Win2022AzureEditionCore\": {\n          \
        \  \"publisher\": \"MicrosoftWindowsServer\",\n            \"offer\": \"WindowsServer\"\
        ,\n            \"sku\": \"2022-datacenter-azure-edition-core\",\n        \
        \    \"version\": \"latest\",\n            \"architecture\": \"x64\"\n   \
        \       },\n          \"Win2019Datacenter\": {\n            \"publisher\"\
        : \"MicrosoftWindowsServer\",\n            \"offer\": \"WindowsServer\",\n\
        \            \"sku\": \"2019-Datacenter\",\n            \"version\": \"latest\"\
        ,\n            \"architecture\": \"x64\"\n          },\n          \"Win2016Datacenter\"\
        : {\n            \"publisher\": \"MicrosoftWindowsServer\",\n            \"\
        offer\": \"WindowsServer\",\n            \"sku\": \"2016-Datacenter\",\n \
        \           \"version\": \"latest\",\n            \"architecture\": \"x64\"\
        \n          },\n          \"Win2012R2Datacenter\": {\n            \"publisher\"\
        : \"MicrosoftWindowsServer\",\n            \"offer\": \"WindowsServer\",\n\
        \            \"sku\": \"2012-R2-Datacenter\",\n            \"version\": \"\
        latest\",\n            \"architecture\": \"x64\"\n          },\n         \
        \ \"Win2012Datacenter\": {\n            \"publisher\": \"MicrosoftWindowsServer\"\
        ,\n            \"offer\": \"WindowsServer\",\n            \"sku\": \"2012-Datacenter\"\
        ,\n            \"version\": \"latest\",\n            \"architecture\": \"\
        x64\"\n          },\n          \"Win2008R2SP1\": {\n            \"publisher\"\
        : \"MicrosoftWindowsServer\",\n            \"offer\": \"WindowsServer\",\n\
        \            \"sku\": \"2008-R2-SP1\",\n            \"version\": \"latest\"\
        ,\n            \"architecture\": \"x64\"\n          }\n        }\n      }\n\
        \    }\n  }\n}"
    headers:
      accept-ranges:
      - bytes
      access-control-allow-origin:
      - '*'
      cache-control:
      - max-age=300
      connection:
      - keep-alive
      content-length:
      - '3463'
      content-security-policy:
      - default-src 'none'; style-src 'unsafe-inline'; sandbox
      content-type:
      - text/plain; charset=utf-8
      date:
      - Mon, 30 Jan 2023 03:35:28 GMT
      etag:
      - W/"41b202f4dc5098d126019dc00721a4c5e30df0c5196794514fadc3710ee2a5cb"
      expires:
      - Mon, 30 Jan 2023 03:40:28 GMT
      source-age:
      - '138'
      strict-transport-security:
      - max-age=31536000
      vary:
      - Authorization,Accept-Encoding,Origin
      via:
      - 1.1 varnish
      x-cache:
      - HIT
      x-cache-hits:
      - '1'
      x-content-type-options:
      - nosniff
      x-fastly-request-id:
      - 687d7249a831b5cbe213afde42bf11e7cc42a44d
      x-frame-options:
      - deny
      x-github-request-id:
      - 8C0A:73D2:13FE2D:18320E:63D73A76
      x-served-by:
      - cache-tyo11945-TYO
      x-timer:
      - S1675049729.663649,VS0,VE1
      x-xss-protection:
      - 1; mode=block
    status:
      code: 200
      message: OK
- request:
    body: null
    headers:
      Accept:
      - application/json
      Accept-Encoding:
      - gzip, deflate
      CommandName:
      - vm create
      Connection:
      - keep-alive
      ParameterSetName:
      - -n -g --image --admin-username --admin-password --tags --nsg-rule
      User-Agent:
      - AZURECLI/2.44.1 azsdk-python-azure-mgmt-compute/29.1.0 Python/3.10.9 (Windows-10-10.0.22621-SP0)
    method: GET
    uri: https://management.azure.com/subscriptions/00000000-0000-0000-0000-000000000000/providers/Microsoft.Compute/locations/westus/publishers/MicrosoftWindowsServer/artifacttypes/vmimage/offers/WindowsServer/skus/2012-R2-Datacenter/versions?$top=1&$orderby=name%20desc&api-version=2022-11-01
  response:
    body:
      string: "[\r\n  {\r\n    \"location\": \"westus\",\r\n    \"name\": \"9600.20778.230108\"\
        ,\r\n    \"id\": \"/Subscriptions/00000000-0000-0000-0000-000000000000/Providers/Microsoft.Compute/Locations/westus/Publishers/MicrosoftWindowsServer/ArtifactTypes/VMImage/Offers/WindowsServer/Skus/2012-R2-Datacenter/Versions/9600.20778.230108\"\
        \r\n  }\r\n]"
    headers:
      cache-control:
      - no-cache
      content-length:
      - '313'
      content-type:
      - application/json; charset=utf-8
      date:
      - Mon, 30 Jan 2023 03:35:29 GMT
      expires:
      - '-1'
      pragma:
      - no-cache
      server:
      - Microsoft-HTTPAPI/2.0
      - Microsoft-HTTPAPI/2.0
      strict-transport-security:
      - max-age=31536000; includeSubDomains
      transfer-encoding:
      - chunked
      vary:
      - Accept-Encoding
      x-content-type-options:
      - nosniff
      x-ms-ratelimit-remaining-resource:
      - Microsoft.Compute/ListVMImagesVersionsFromLocation3Min;15990,Microsoft.Compute/ListVMImagesVersionsFromLocation30Min;43986
    status:
      code: 200
      message: OK
- request:
    body: null
    headers:
      Accept:
      - application/json
      Accept-Encoding:
      - gzip, deflate
      CommandName:
      - vm create
      Connection:
      - keep-alive
      ParameterSetName:
      - -n -g --image --admin-username --admin-password --tags --nsg-rule
      User-Agent:
      - AZURECLI/2.44.1 azsdk-python-azure-mgmt-compute/29.1.0 Python/3.10.9 (Windows-10-10.0.22621-SP0)
    method: GET
    uri: https://management.azure.com/subscriptions/00000000-0000-0000-0000-000000000000/providers/Microsoft.Compute/locations/westus/publishers/MicrosoftWindowsServer/artifacttypes/vmimage/offers/WindowsServer/skus/2012-R2-Datacenter/versions/9600.20778.230108?api-version=2022-11-01
  response:
    body:
      string: "{\r\n  \"properties\": {\r\n    \"hyperVGeneration\": \"V1\",\r\n \
        \   \"architecture\": \"x64\",\r\n    \"replicaType\": \"Unmanaged\",\r\n\
        \    \"disallowed\": {\r\n      \"vmDiskType\": \"None\"\r\n    },\r\n   \
        \ \"automaticOSUpgradeProperties\": {\r\n      \"automaticOSUpgradeSupported\"\
        : true\r\n    },\r\n    \"imageDeprecationStatus\": {\r\n      \"imageState\"\
        : \"Active\"\r\n    },\r\n    \"features\": [\r\n      {\r\n        \"name\"\
        : \"IsAcceleratedNetworkSupported\",\r\n        \"value\": \"True\"\r\n  \
        \    },\r\n      {\r\n        \"name\": \"DiskControllerTypes\",\r\n     \
        \   \"value\": \"SCSI\"\r\n      },\r\n      {\r\n        \"name\": \"IsHibernateSupported\"\
        ,\r\n        \"value\": \"False\"\r\n      }\r\n    ],\r\n    \"osDiskImage\"\
        : {\r\n      \"operatingSystem\": \"Windows\",\r\n      \"sizeInGb\": 128,\r\
        \n      \"sizeInBytes\": 136367309312\r\n    },\r\n    \"dataDiskImages\"\
        : []\r\n  },\r\n  \"location\": \"westus\",\r\n  \"name\": \"9600.20778.230108\"\
        ,\r\n  \"id\": \"/Subscriptions/00000000-0000-0000-0000-000000000000/Providers/Microsoft.Compute/Locations/westus/Publishers/MicrosoftWindowsServer/ArtifactTypes/VMImage/Offers/WindowsServer/Skus/2012-R2-Datacenter/Versions/9600.20778.230108\"\
        \r\n}"
    headers:
      cache-control:
      - no-cache
      content-length:
      - '1074'
      content-type:
      - application/json; charset=utf-8
      date:
      - Mon, 30 Jan 2023 03:35:30 GMT
      expires:
      - '-1'
      pragma:
      - no-cache
      server:
      - Microsoft-HTTPAPI/2.0
      - Microsoft-HTTPAPI/2.0
      strict-transport-security:
      - max-age=31536000; includeSubDomains
      transfer-encoding:
      - chunked
      vary:
      - Accept-Encoding
      x-content-type-options:
      - nosniff
      x-ms-ratelimit-remaining-resource:
      - Microsoft.Compute/GetVMImageFromLocation3Min;12991,Microsoft.Compute/GetVMImageFromLocation30Min;73987
    status:
      code: 200
      message: OK
- request:
    body: null
    headers:
      Accept:
      - application/json
      Accept-Encoding:
      - gzip, deflate
      CommandName:
      - vm create
      Connection:
      - keep-alive
      ParameterSetName:
      - -n -g --image --admin-username --admin-password --tags --nsg-rule
      User-Agent:
      - AZURECLI/2.44.1 azsdk-python-azure-mgmt-compute/29.1.0 Python/3.10.9 (Windows-10-10.0.22621-SP0)
    method: GET
    uri: https://management.azure.com/subscriptions/00000000-0000-0000-0000-000000000000/providers/Microsoft.Compute/locations/westus/publishers/MicrosoftWindowsServer/artifacttypes/vmimage/offers/WindowsServer/skus/2012-R2-Datacenter/versions?$top=1&$orderby=name%20desc&api-version=2022-11-01
  response:
    body:
      string: "[\r\n  {\r\n    \"location\": \"westus\",\r\n    \"name\": \"9600.20778.230108\"\
        ,\r\n    \"id\": \"/Subscriptions/00000000-0000-0000-0000-000000000000/Providers/Microsoft.Compute/Locations/westus/Publishers/MicrosoftWindowsServer/ArtifactTypes/VMImage/Offers/WindowsServer/Skus/2012-R2-Datacenter/Versions/9600.20778.230108\"\
        \r\n  }\r\n]"
    headers:
      cache-control:
      - no-cache
      content-length:
      - '313'
      content-type:
      - application/json; charset=utf-8
      date:
      - Mon, 30 Jan 2023 03:35:31 GMT
      expires:
      - '-1'
      pragma:
      - no-cache
      server:
      - Microsoft-HTTPAPI/2.0
      - Microsoft-HTTPAPI/2.0
      strict-transport-security:
      - max-age=31536000; includeSubDomains
      transfer-encoding:
      - chunked
      vary:
      - Accept-Encoding
      x-content-type-options:
      - nosniff
      x-ms-ratelimit-remaining-resource:
      - Microsoft.Compute/ListVMImagesVersionsFromLocation3Min;15989,Microsoft.Compute/ListVMImagesVersionsFromLocation30Min;43985
    status:
      code: 200
      message: OK
- request:
    body: null
    headers:
      Accept:
      - application/json
      Accept-Encoding:
      - gzip, deflate
      CommandName:
      - vm create
      Connection:
      - keep-alive
      ParameterSetName:
      - -n -g --image --admin-username --admin-password --tags --nsg-rule
      User-Agent:
      - AZURECLI/2.44.1 azsdk-python-azure-mgmt-compute/29.1.0 Python/3.10.9 (Windows-10-10.0.22621-SP0)
    method: GET
    uri: https://management.azure.com/subscriptions/00000000-0000-0000-0000-000000000000/providers/Microsoft.Compute/locations/westus/publishers/MicrosoftWindowsServer/artifacttypes/vmimage/offers/WindowsServer/skus/2012-R2-Datacenter/versions/9600.20778.230108?api-version=2022-11-01
  response:
    body:
      string: "{\r\n  \"properties\": {\r\n    \"hyperVGeneration\": \"V1\",\r\n \
        \   \"architecture\": \"x64\",\r\n    \"replicaType\": \"Unmanaged\",\r\n\
        \    \"disallowed\": {\r\n      \"vmDiskType\": \"None\"\r\n    },\r\n   \
        \ \"automaticOSUpgradeProperties\": {\r\n      \"automaticOSUpgradeSupported\"\
        : true\r\n    },\r\n    \"imageDeprecationStatus\": {\r\n      \"imageState\"\
        : \"Active\"\r\n    },\r\n    \"features\": [\r\n      {\r\n        \"name\"\
        : \"IsAcceleratedNetworkSupported\",\r\n        \"value\": \"True\"\r\n  \
        \    },\r\n      {\r\n        \"name\": \"DiskControllerTypes\",\r\n     \
        \   \"value\": \"SCSI\"\r\n      },\r\n      {\r\n        \"name\": \"IsHibernateSupported\"\
        ,\r\n        \"value\": \"False\"\r\n      }\r\n    ],\r\n    \"osDiskImage\"\
        : {\r\n      \"operatingSystem\": \"Windows\",\r\n      \"sizeInGb\": 128,\r\
        \n      \"sizeInBytes\": 136367309312\r\n    },\r\n    \"dataDiskImages\"\
        : []\r\n  },\r\n  \"location\": \"westus\",\r\n  \"name\": \"9600.20778.230108\"\
        ,\r\n  \"id\": \"/Subscriptions/00000000-0000-0000-0000-000000000000/Providers/Microsoft.Compute/Locations/westus/Publishers/MicrosoftWindowsServer/ArtifactTypes/VMImage/Offers/WindowsServer/Skus/2012-R2-Datacenter/Versions/9600.20778.230108\"\
        \r\n}"
    headers:
      cache-control:
      - no-cache
      content-length:
      - '1074'
      content-type:
      - application/json; charset=utf-8
      date:
      - Mon, 30 Jan 2023 03:35:32 GMT
      expires:
      - '-1'
      pragma:
      - no-cache
      server:
      - Microsoft-HTTPAPI/2.0
      - Microsoft-HTTPAPI/2.0
      strict-transport-security:
      - max-age=31536000; includeSubDomains
      transfer-encoding:
      - chunked
      vary:
      - Accept-Encoding
      x-content-type-options:
      - nosniff
      x-ms-ratelimit-remaining-resource:
      - Microsoft.Compute/GetVMImageFromLocation3Min;12990,Microsoft.Compute/GetVMImageFromLocation30Min;73986
    status:
      code: 200
      message: OK
- request:
    body: '{"properties": {"template": {"$schema": "https://schema.management.azure.com/schemas/2015-01-01/deploymentTemplate.json#",
      "contentVersion": "1.0.0.0", "parameters": {"adminPassword": {"type": "securestring",
      "metadata": {"description": "Secure adminPassword"}}}, "variables": {}, "resources":
      [{"type": "Microsoft.Network/networkSecurityGroups", "name": "clitest-vm000003NSG",
      "apiVersion": "2015-06-15", "location": "westus", "tags": {"MabUsed": "Yes",
      "Owner": "sisi", "Purpose": "CLITest", "DeleteBy": "12-2099", "AutoShutdown":
      "No"}, "dependsOn": []}, {"apiVersion": "2022-01-01", "type": "Microsoft.Network/publicIPAddresses",
      "name": "clitest-vm000003PublicIP", "location": "westus", "tags": {"MabUsed":
      "Yes", "Owner": "sisi", "Purpose": "CLITest", "DeleteBy": "12-2099", "AutoShutdown":
      "No"}, "dependsOn": [], "properties": {"publicIPAllocationMethod": null}}, {"apiVersion":
      "2015-06-15", "type": "Microsoft.Network/networkInterfaces", "name": "clitest-vm000003VMNic",
      "location": "westus", "tags": {"MabUsed": "Yes", "Owner": "sisi", "Purpose":
      "CLITest", "DeleteBy": "12-2099", "AutoShutdown": "No"}, "dependsOn": ["Microsoft.Network/networkSecurityGroups/clitest-vm000003NSG",
      "Microsoft.Network/publicIpAddresses/clitest-vm000003PublicIP"], "properties":
      {"ipConfigurations": [{"name": "ipconfigclitest-vm000003", "properties": {"privateIPAllocationMethod":
      "Dynamic", "subnet": {"id": "/subscriptions/00000000-0000-0000-0000-000000000000/resourceGroups/cli_test_dynamic_metric_alert_v2000001/providers/Microsoft.Network/virtualNetworks/clitest-vm000002VNET/subnets/clitest-vm000002Subnet"},
      "publicIPAddress": {"id": "/subscriptions/00000000-0000-0000-0000-000000000000/resourceGroups/cli_test_dynamic_metric_alert_v2000001/providers/Microsoft.Network/publicIPAddresses/clitest-vm000003PublicIP"}}}],
      "networkSecurityGroup": {"id": "/subscriptions/00000000-0000-0000-0000-000000000000/resourceGroups/cli_test_dynamic_metric_alert_v2000001/providers/Microsoft.Network/networkSecurityGroups/clitest-vm000003NSG"}}},
      {"apiVersion": "2022-11-01", "type": "Microsoft.Compute/virtualMachines", "name":
      "clitest-vm000003", "location": "westus", "tags": {"MabUsed": "Yes", "Owner":
      "sisi", "Purpose": "CLITest", "DeleteBy": "12-2099", "AutoShutdown": "No"},
      "dependsOn": ["Microsoft.Network/networkInterfaces/clitest-vm000003VMNic"],
      "properties": {"hardwareProfile": {"vmSize": "Standard_DS1_v2"}, "networkProfile":
      {"networkInterfaces": [{"id": "/subscriptions/00000000-0000-0000-0000-000000000000/resourceGroups/cli_test_dynamic_metric_alert_v2000001/providers/Microsoft.Network/networkInterfaces/clitest-vm000003VMNic",
      "properties": {"deleteOption": null}}]}, "storageProfile": {"osDisk": {"createOption":
      "fromImage", "name": null, "caching": "ReadWrite", "managedDisk": {"storageAccountType":
      null}}, "imageReference": {"publisher": "MicrosoftWindowsServer", "offer": "WindowsServer",
      "sku": "2012-R2-Datacenter", "version": "latest"}}, "osProfile": {"computerName":
      "clitest-vm000003", "adminUsername": "clitest-vm000003", "adminPassword": "[parameters(''adminPassword'')]"}}}],
      "outputs": {}}, "parameters": {"adminPassword": {"value": "%j^VYw9Q3Z@Cu$*h"}},
      "mode": "incremental"}}'
    headers:
      Accept:
      - application/json
      Accept-Encoding:
      - gzip, deflate
      CommandName:
      - vm create
      Connection:
      - keep-alive
      Content-Length:
      - '3197'
      Content-Type:
      - application/json
      ParameterSetName:
      - -n -g --image --admin-username --admin-password --tags --nsg-rule
      User-Agent:
      - AZURECLI/2.44.1 azsdk-python-azure-mgmt-resource/21.1.0b1 Python/3.10.9 (Windows-10-10.0.22621-SP0)
    method: PUT
    uri: https://management.azure.com/subscriptions/00000000-0000-0000-0000-000000000000/resourcegroups/cli_test_dynamic_metric_alert_v2000001/providers/Microsoft.Resources/deployments/mock-deployment?api-version=2021-04-01
  response:
    body:
      string: '{"id":"/subscriptions/00000000-0000-0000-0000-000000000000/resourceGroups/cli_test_dynamic_metric_alert_v2000001/providers/Microsoft.Resources/deployments/vm_deploy_6DUZDI5Koe6nmrInj6TFhsR2teOpbUf6","name":"vm_deploy_6DUZDI5Koe6nmrInj6TFhsR2teOpbUf6","type":"Microsoft.Resources/deployments","properties":{"templateHash":"12753825826069899873","parameters":{"adminPassword":{"type":"SecureString"}},"mode":"Incremental","provisioningState":"Accepted","timestamp":"2023-01-30T03:35:37.508262Z","duration":"PT0.0007845S","correlationId":"c33087da-e107-4fe6-b77a-0a19b6ce9b14","providers":[{"namespace":"Microsoft.Network","resourceTypes":[{"resourceType":"networkSecurityGroups","locations":["westus"]},{"resourceType":"publicIPAddresses","locations":["westus"]},{"resourceType":"networkInterfaces","locations":["westus"]}]},{"namespace":"Microsoft.Compute","resourceTypes":[{"resourceType":"virtualMachines","locations":["westus"]}]}],"dependencies":[{"dependsOn":[{"id":"/subscriptions/00000000-0000-0000-0000-000000000000/resourceGroups/cli_test_dynamic_metric_alert_v2000001/providers/Microsoft.Network/networkSecurityGroups/clitest-vm000003NSG","resourceType":"Microsoft.Network/networkSecurityGroups","resourceName":"clitest-vm000003NSG"},{"id":"/subscriptions/00000000-0000-0000-0000-000000000000/resourceGroups/cli_test_dynamic_metric_alert_v2000001/providers/Microsoft.Network/publicIPAddresses/clitest-vm000003PublicIP","resourceType":"Microsoft.Network/publicIPAddresses","resourceName":"clitest-vm000003PublicIP"}],"id":"/subscriptions/00000000-0000-0000-0000-000000000000/resourceGroups/cli_test_dynamic_metric_alert_v2000001/providers/Microsoft.Network/networkInterfaces/clitest-vm000003VMNic","resourceType":"Microsoft.Network/networkInterfaces","resourceName":"clitest-vm000003VMNic"},{"dependsOn":[{"id":"/subscriptions/00000000-0000-0000-0000-000000000000/resourceGroups/cli_test_dynamic_metric_alert_v2000001/providers/Microsoft.Network/networkInterfaces/clitest-vm000003VMNic","resourceType":"Microsoft.Network/networkInterfaces","resourceName":"clitest-vm000003VMNic"}],"id":"/subscriptions/00000000-0000-0000-0000-000000000000/resourceGroups/cli_test_dynamic_metric_alert_v2000001/providers/Microsoft.Compute/virtualMachines/clitest-vm000003","resourceType":"Microsoft.Compute/virtualMachines","resourceName":"clitest-vm000003"}]}}'
    headers:
      azure-asyncoperation:
      - https://management.azure.com/subscriptions/00000000-0000-0000-0000-000000000000/resourcegroups/cli_test_dynamic_metric_alert_v2000001/providers/Microsoft.Resources/deployments/vm_deploy_6DUZDI5Koe6nmrInj6TFhsR2teOpbUf6/operationStatuses/08585265571501602527?api-version=2021-04-01
      cache-control:
      - no-cache
      content-length:
      - '2351'
      content-type:
      - application/json; charset=utf-8
      date:
      - Mon, 30 Jan 2023 03:35:38 GMT
      expires:
      - '-1'
      pragma:
      - no-cache
      strict-transport-security:
      - max-age=31536000; includeSubDomains
      x-content-type-options:
      - nosniff
      x-ms-ratelimit-remaining-subscription-writes:
      - '1198'
    status:
      code: 201
      message: Created
- request:
    body: null
    headers:
      Accept:
      - '*/*'
      Accept-Encoding:
      - gzip, deflate
      CommandName:
      - vm create
      Connection:
      - keep-alive
      ParameterSetName:
      - -n -g --image --admin-username --admin-password --tags --nsg-rule
      User-Agent:
      - AZURECLI/2.44.1 azsdk-python-azure-mgmt-resource/21.1.0b1 Python/3.10.9 (Windows-10-10.0.22621-SP0)
    method: GET
    uri: https://management.azure.com/subscriptions/00000000-0000-0000-0000-000000000000/resourcegroups/cli_test_dynamic_metric_alert_v2000001/providers/Microsoft.Resources/deployments/mock-deployment/operationStatuses/08585265571501602527?api-version=2021-04-01
  response:
    body:
      string: '{"status":"Running"}'
    headers:
      cache-control:
      - no-cache
      content-length:
      - '20'
      content-type:
      - application/json; charset=utf-8
      date:
      - Mon, 30 Jan 2023 03:36:08 GMT
      expires:
      - '-1'
      pragma:
      - no-cache
      strict-transport-security:
      - max-age=31536000; includeSubDomains
      vary:
      - Accept-Encoding
      x-content-type-options:
      - nosniff
    status:
      code: 200
      message: OK
- request:
    body: null
    headers:
      Accept:
      - '*/*'
      Accept-Encoding:
      - gzip, deflate
      CommandName:
      - vm create
      Connection:
      - keep-alive
      ParameterSetName:
      - -n -g --image --admin-username --admin-password --tags --nsg-rule
      User-Agent:
      - AZURECLI/2.44.1 azsdk-python-azure-mgmt-resource/21.1.0b1 Python/3.10.9 (Windows-10-10.0.22621-SP0)
    method: GET
    uri: https://management.azure.com/subscriptions/00000000-0000-0000-0000-000000000000/resourcegroups/cli_test_dynamic_metric_alert_v2000001/providers/Microsoft.Resources/deployments/mock-deployment/operationStatuses/08585265571501602527?api-version=2021-04-01
  response:
    body:
      string: '{"status":"Running"}'
    headers:
      cache-control:
      - no-cache
      content-length:
      - '20'
      content-type:
      - application/json; charset=utf-8
      date:
      - Mon, 30 Jan 2023 03:36:38 GMT
      expires:
      - '-1'
      pragma:
      - no-cache
      strict-transport-security:
      - max-age=31536000; includeSubDomains
      vary:
      - Accept-Encoding
      x-content-type-options:
      - nosniff
    status:
      code: 200
      message: OK
- request:
    body: null
    headers:
      Accept:
      - '*/*'
      Accept-Encoding:
      - gzip, deflate
      CommandName:
      - vm create
      Connection:
      - keep-alive
      ParameterSetName:
      - -n -g --image --admin-username --admin-password --tags --nsg-rule
      User-Agent:
      - AZURECLI/2.44.1 azsdk-python-azure-mgmt-resource/21.1.0b1 Python/3.10.9 (Windows-10-10.0.22621-SP0)
    method: GET
    uri: https://management.azure.com/subscriptions/00000000-0000-0000-0000-000000000000/resourcegroups/cli_test_dynamic_metric_alert_v2000001/providers/Microsoft.Resources/deployments/mock-deployment/operationStatuses/08585265571501602527?api-version=2021-04-01
  response:
    body:
      string: '{"status":"Succeeded"}'
    headers:
      cache-control:
      - no-cache
      content-length:
      - '22'
      content-type:
      - application/json; charset=utf-8
      date:
      - Mon, 30 Jan 2023 03:37:09 GMT
      expires:
      - '-1'
      pragma:
      - no-cache
      strict-transport-security:
      - max-age=31536000; includeSubDomains
      vary:
      - Accept-Encoding
      x-content-type-options:
      - nosniff
    status:
      code: 200
      message: OK
- request:
    body: null
    headers:
      Accept:
      - '*/*'
      Accept-Encoding:
      - gzip, deflate
      CommandName:
      - vm create
      Connection:
      - keep-alive
      ParameterSetName:
      - -n -g --image --admin-username --admin-password --tags --nsg-rule
      User-Agent:
      - AZURECLI/2.44.1 azsdk-python-azure-mgmt-resource/21.1.0b1 Python/3.10.9 (Windows-10-10.0.22621-SP0)
    method: GET
    uri: https://management.azure.com/subscriptions/00000000-0000-0000-0000-000000000000/resourcegroups/cli_test_dynamic_metric_alert_v2000001/providers/Microsoft.Resources/deployments/mock-deployment?api-version=2021-04-01
  response:
    body:
      string: '{"id":"/subscriptions/00000000-0000-0000-0000-000000000000/resourceGroups/cli_test_dynamic_metric_alert_v2000001/providers/Microsoft.Resources/deployments/vm_deploy_6DUZDI5Koe6nmrInj6TFhsR2teOpbUf6","name":"vm_deploy_6DUZDI5Koe6nmrInj6TFhsR2teOpbUf6","type":"Microsoft.Resources/deployments","properties":{"templateHash":"12753825826069899873","parameters":{"adminPassword":{"type":"SecureString"}},"mode":"Incremental","provisioningState":"Succeeded","timestamp":"2023-01-30T03:36:52.5601841Z","duration":"PT1M15.0527066S","correlationId":"c33087da-e107-4fe6-b77a-0a19b6ce9b14","providers":[{"namespace":"Microsoft.Network","resourceTypes":[{"resourceType":"networkSecurityGroups","locations":["westus"]},{"resourceType":"publicIPAddresses","locations":["westus"]},{"resourceType":"networkInterfaces","locations":["westus"]}]},{"namespace":"Microsoft.Compute","resourceTypes":[{"resourceType":"virtualMachines","locations":["westus"]}]}],"dependencies":[{"dependsOn":[{"id":"/subscriptions/00000000-0000-0000-0000-000000000000/resourceGroups/cli_test_dynamic_metric_alert_v2000001/providers/Microsoft.Network/networkSecurityGroups/clitest-vm000003NSG","resourceType":"Microsoft.Network/networkSecurityGroups","resourceName":"clitest-vm000003NSG"},{"id":"/subscriptions/00000000-0000-0000-0000-000000000000/resourceGroups/cli_test_dynamic_metric_alert_v2000001/providers/Microsoft.Network/publicIPAddresses/clitest-vm000003PublicIP","resourceType":"Microsoft.Network/publicIPAddresses","resourceName":"clitest-vm000003PublicIP"}],"id":"/subscriptions/00000000-0000-0000-0000-000000000000/resourceGroups/cli_test_dynamic_metric_alert_v2000001/providers/Microsoft.Network/networkInterfaces/clitest-vm000003VMNic","resourceType":"Microsoft.Network/networkInterfaces","resourceName":"clitest-vm000003VMNic"},{"dependsOn":[{"id":"/subscriptions/00000000-0000-0000-0000-000000000000/resourceGroups/cli_test_dynamic_metric_alert_v2000001/providers/Microsoft.Network/networkInterfaces/clitest-vm000003VMNic","resourceType":"Microsoft.Network/networkInterfaces","resourceName":"clitest-vm000003VMNic"}],"id":"/subscriptions/00000000-0000-0000-0000-000000000000/resourceGroups/cli_test_dynamic_metric_alert_v2000001/providers/Microsoft.Compute/virtualMachines/clitest-vm000003","resourceType":"Microsoft.Compute/virtualMachines","resourceName":"clitest-vm000003"}],"outputs":{},"outputResources":[{"id":"/subscriptions/00000000-0000-0000-0000-000000000000/resourceGroups/cli_test_dynamic_metric_alert_v2000001/providers/Microsoft.Compute/virtualMachines/clitest-vm000003"},{"id":"/subscriptions/00000000-0000-0000-0000-000000000000/resourceGroups/cli_test_dynamic_metric_alert_v2000001/providers/Microsoft.Network/networkInterfaces/clitest-vm000003VMNic"},{"id":"/subscriptions/00000000-0000-0000-0000-000000000000/resourceGroups/cli_test_dynamic_metric_alert_v2000001/providers/Microsoft.Network/networkSecurityGroups/clitest-vm000003NSG"},{"id":"/subscriptions/00000000-0000-0000-0000-000000000000/resourceGroups/cli_test_dynamic_metric_alert_v2000001/providers/Microsoft.Network/publicIPAddresses/clitest-vm000003PublicIP"}]}}'
    headers:
      cache-control:
      - no-cache
      content-length:
      - '3119'
      content-type:
      - application/json; charset=utf-8
      date:
      - Mon, 30 Jan 2023 03:37:09 GMT
      expires:
      - '-1'
      pragma:
      - no-cache
      strict-transport-security:
      - max-age=31536000; includeSubDomains
      vary:
      - Accept-Encoding
      x-content-type-options:
      - nosniff
    status:
      code: 200
      message: OK
- request:
    body: null
    headers:
      Accept:
      - application/json
      Accept-Encoding:
      - gzip, deflate
      CommandName:
      - vm create
      Connection:
      - keep-alive
      ParameterSetName:
      - -n -g --image --admin-username --admin-password --tags --nsg-rule
      User-Agent:
      - AZURECLI/2.44.1 azsdk-python-azure-mgmt-compute/29.1.0 Python/3.10.9 (Windows-10-10.0.22621-SP0)
    method: GET
    uri: https://management.azure.com/subscriptions/00000000-0000-0000-0000-000000000000/resourceGroups/cli_test_dynamic_metric_alert_v2000001/providers/Microsoft.Compute/virtualMachines/clitest-vm000003?$expand=instanceView&api-version=2022-11-01
  response:
    body:
      string: "{\r\n  \"name\": \"clitest-vm000003\",\r\n  \"id\": \"/subscriptions/00000000-0000-0000-0000-000000000000/resourceGroups/cli_test_dynamic_metric_alert_v2000001/providers/Microsoft.Compute/virtualMachines/clitest-vm000003\"\
        ,\r\n  \"type\": \"Microsoft.Compute/virtualMachines\",\r\n  \"location\"\
        : \"westus\",\r\n  \"tags\": {\r\n    \"MabUsed\": \"Yes\",\r\n    \"Owner\"\
        : \"sisi\",\r\n    \"Purpose\": \"CLITest\",\r\n    \"DeleteBy\": \"12-2099\"\
        ,\r\n    \"AutoShutdown\": \"No\"\r\n  },\r\n  \"properties\": {\r\n    \"\
        vmId\": \"04c214d0-2d51-4809-b63d-822613ca16e1\",\r\n    \"hardwareProfile\"\
        : {\r\n      \"vmSize\": \"Standard_DS1_v2\"\r\n    },\r\n    \"storageProfile\"\
        : {\r\n      \"imageReference\": {\r\n        \"publisher\": \"MicrosoftWindowsServer\"\
        ,\r\n        \"offer\": \"WindowsServer\",\r\n        \"sku\": \"2012-R2-Datacenter\"\
        ,\r\n        \"version\": \"latest\",\r\n        \"exactVersion\": \"9600.20778.230108\"\
        \r\n      },\r\n      \"osDisk\": {\r\n        \"osType\": \"Windows\",\r\n\
        \        \"name\": \"clitest-vm000003_OsDisk_1_6462a1b24c7a4f5da2f4501b86a1b2b0\"\
        ,\r\n        \"createOption\": \"FromImage\",\r\n        \"caching\": \"ReadWrite\"\
        ,\r\n        \"managedDisk\": {\r\n          \"storageAccountType\": \"Premium_LRS\"\
        ,\r\n          \"id\": \"/subscriptions/00000000-0000-0000-0000-000000000000/resourceGroups/cli_test_dynamic_metric_alert_v2000001/providers/Microsoft.Compute/disks/clitest-vm000003_OsDisk_1_6462a1b24c7a4f5da2f4501b86a1b2b0\"\
        \r\n        },\r\n        \"deleteOption\": \"Detach\",\r\n        \"diskSizeGB\"\
        : 127\r\n      },\r\n      \"dataDisks\": []\r\n    },\r\n    \"osProfile\"\
        : {\r\n      \"computerName\": \"clitest-vm000003\",\r\n      \"adminUsername\"\
        : \"clitest-vm000003\",\r\n      \"windowsConfiguration\": {\r\n        \"\
        provisionVMAgent\": true,\r\n        \"enableAutomaticUpdates\": true,\r\n\
        \        \"patchSettings\": {\r\n          \"patchMode\": \"AutomaticByOS\"\
        ,\r\n          \"assessmentMode\": \"ImageDefault\"\r\n        },\r\n    \
        \    \"enableVMAgentPlatformUpdates\": false\r\n      },\r\n      \"secrets\"\
        : [],\r\n      \"allowExtensionOperations\": true,\r\n      \"requireGuestProvisionSignal\"\
        : true\r\n    },\r\n    \"networkProfile\": {\"networkInterfaces\":[{\"id\"\
        :\"/subscriptions/00000000-0000-0000-0000-000000000000/resourceGroups/cli_test_dynamic_metric_alert_v2000001/providers/Microsoft.Network/networkInterfaces/clitest-vm000003VMNic\"\
        }]},\r\n    \"provisioningState\": \"Succeeded\",\r\n    \"instanceView\"\
        : {\r\n      \"vmAgent\": {\r\n        \"vmAgentVersion\": \"Unknown\",\r\n\
        \        \"statuses\": [\r\n          {\r\n            \"code\": \"ProvisioningState/Unavailable\"\
        ,\r\n            \"level\": \"Warning\",\r\n            \"displayStatus\"\
        : \"Not Ready\",\r\n            \"message\": \"VM status blob is found but\
        \ not yet populated.\",\r\n            \"time\": \"2023-01-30T03:37:11+00:00\"\
        \r\n          }\r\n        ]\r\n      },\r\n      \"disks\": [\r\n       \
        \ {\r\n          \"name\": \"clitest-vm000003_OsDisk_1_6462a1b24c7a4f5da2f4501b86a1b2b0\"\
        ,\r\n          \"statuses\": [\r\n            {\r\n              \"code\"\
        : \"ProvisioningState/succeeded\",\r\n              \"level\": \"Info\",\r\
        \n              \"displayStatus\": \"Provisioning succeeded\",\r\n       \
        \       \"time\": \"2023-01-30T03:35:58.8604775+00:00\"\r\n            }\r\
        \n          ]\r\n        }\r\n      ],\r\n      \"hyperVGeneration\": \"V1\"\
        ,\r\n      \"statuses\": [\r\n        {\r\n          \"code\": \"ProvisioningState/succeeded\"\
        ,\r\n          \"level\": \"Info\",\r\n          \"displayStatus\": \"Provisioning\
        \ succeeded\",\r\n          \"time\": \"2023-01-30T03:36:49.4703676+00:00\"\
        \r\n        },\r\n        {\r\n          \"code\": \"PowerState/running\"\
        ,\r\n          \"level\": \"Info\",\r\n          \"displayStatus\": \"VM running\"\
        \r\n        }\r\n      ]\r\n    },\r\n    \"timeCreated\": \"2023-01-30T03:35:57.4542212+00:00\"\
        \r\n  }\r\n}"
    headers:
      cache-control:
      - no-cache
      content-length:
      - '3499'
      content-type:
      - application/json; charset=utf-8
      date:
      - Mon, 30 Jan 2023 03:37:10 GMT
      expires:
      - '-1'
      pragma:
      - no-cache
      server:
      - Microsoft-HTTPAPI/2.0
      - Microsoft-HTTPAPI/2.0
      strict-transport-security:
      - max-age=31536000; includeSubDomains
      transfer-encoding:
      - chunked
      vary:
      - Accept-Encoding
      x-content-type-options:
      - nosniff
      x-ms-ratelimit-remaining-resource:
      - Microsoft.Compute/LowCostGet3Min;3985,Microsoft.Compute/LowCostGet30Min;31986
    status:
      code: 200
      message: OK
- request:
    body: null
    headers:
      Accept:
      - application/json
      Accept-Encoding:
      - gzip, deflate
      CommandName:
      - vm create
      Connection:
      - keep-alive
      ParameterSetName:
      - -n -g --image --admin-username --admin-password --tags --nsg-rule
      User-Agent:
      - AZURECLI/2.44.1 azsdk-python-azure-mgmt-network/21.0.1 Python/3.10.9 (Windows-10-10.0.22621-SP0)
    method: GET
    uri: https://management.azure.com/subscriptions/00000000-0000-0000-0000-000000000000/resourceGroups/cli_test_dynamic_metric_alert_v2000001/providers/Microsoft.Network/networkInterfaces/clitest-vm000003VMNic?api-version=2022-01-01
  response:
    body:
      string: "{\r\n  \"name\": \"clitest-vm000003VMNic\",\r\n  \"id\": \"/subscriptions/00000000-0000-0000-0000-000000000000/resourceGroups/cli_test_dynamic_metric_alert_v2000001/providers/Microsoft.Network/networkInterfaces/clitest-vm000003VMNic\"\
        ,\r\n  \"etag\": \"W/\\\"b7420147-e61c-41e0-b124-7b805e967acd\\\"\",\r\n \
        \ \"tags\": {\r\n    \"MabUsed\": \"Yes\",\r\n    \"Owner\": \"sisi\",\r\n\
        \    \"Purpose\": \"CLITest\",\r\n    \"DeleteBy\": \"12-2099\",\r\n    \"\
        AutoShutdown\": \"No\"\r\n  },\r\n  \"properties\": {\r\n    \"provisioningState\"\
        : \"Succeeded\",\r\n    \"resourceGuid\": \"e908772e-84ff-4c78-bc80-e2c637d2e5dc\"\
        ,\r\n    \"ipConfigurations\": [\r\n      {\r\n        \"name\": \"ipconfigclitest-vm000003\"\
        ,\r\n        \"id\": \"/subscriptions/00000000-0000-0000-0000-000000000000/resourceGroups/cli_test_dynamic_metric_alert_v2000001/providers/Microsoft.Network/networkInterfaces/clitest-vm000003VMNic/ipConfigurations/ipconfigclitest-vm000003\"\
        ,\r\n        \"etag\": \"W/\\\"b7420147-e61c-41e0-b124-7b805e967acd\\\"\"\
        ,\r\n        \"type\": \"Microsoft.Network/networkInterfaces/ipConfigurations\"\
        ,\r\n        \"properties\": {\r\n          \"provisioningState\": \"Succeeded\"\
        ,\r\n          \"privateIPAddress\": \"10.0.0.5\",\r\n          \"privateIPAllocationMethod\"\
        : \"Dynamic\",\r\n          \"publicIPAddress\": {\r\n            \"id\":\
        \ \"/subscriptions/00000000-0000-0000-0000-000000000000/resourceGroups/cli_test_dynamic_metric_alert_v2000001/providers/Microsoft.Network/publicIPAddresses/clitest-vm000003PublicIP\"\
        \r\n          },\r\n          \"subnet\": {\r\n            \"id\": \"/subscriptions/00000000-0000-0000-0000-000000000000/resourceGroups/cli_test_dynamic_metric_alert_v2000001/providers/Microsoft.Network/virtualNetworks/clitest-vm000002VNET/subnets/clitest-vm000002Subnet\"\
        \r\n          },\r\n          \"primary\": true,\r\n          \"privateIPAddressVersion\"\
        : \"IPv4\"\r\n        }\r\n      }\r\n    ],\r\n    \"dnsSettings\": {\r\n\
        \      \"dnsServers\": [],\r\n      \"appliedDnsServers\": [],\r\n      \"\
        internalDomainNameSuffix\": \"chazlev4hhfujiap5stzygaxia.dx.internal.cloudapp.net\"\
        \r\n    },\r\n    \"macAddress\": \"00-22-48-09-41-5D\",\r\n    \"vnetEncryptionSupported\"\
        : false,\r\n    \"enableIPForwarding\": false,\r\n    \"networkSecurityGroup\"\
        : {\r\n      \"id\": \"/subscriptions/00000000-0000-0000-0000-000000000000/resourceGroups/cli_test_dynamic_metric_alert_v2000001/providers/Microsoft.Network/networkSecurityGroups/clitest-vm000003NSG\"\
        \r\n    },\r\n    \"primary\": true,\r\n    \"virtualMachine\": {\r\n    \
        \  \"id\": \"/subscriptions/00000000-0000-0000-0000-000000000000/resourceGroups/cli_test_dynamic_metric_alert_v2000001/providers/Microsoft.Compute/virtualMachines/clitest-vm000003\"\
        \r\n    },\r\n    \"hostedWorkloads\": [],\r\n    \"tapConfigurations\": [],\r\
        \n    \"nicType\": \"Standard\",\r\n    \"allowPort25Out\": true\r\n  },\r\
        \n  \"type\": \"Microsoft.Network/networkInterfaces\",\r\n  \"location\":\
        \ \"westus\",\r\n  \"kind\": \"Regular\"\r\n}"
    headers:
      cache-control:
      - no-cache
      content-length:
      - '2739'
      content-type:
      - application/json; charset=utf-8
      date:
      - Mon, 30 Jan 2023 03:37:11 GMT
      etag:
      - W/"b7420147-e61c-41e0-b124-7b805e967acd"
      expires:
      - '-1'
      pragma:
      - no-cache
      server:
      - Microsoft-HTTPAPI/2.0
      - Microsoft-HTTPAPI/2.0
      strict-transport-security:
      - max-age=31536000; includeSubDomains
      transfer-encoding:
      - chunked
      vary:
      - Accept-Encoding
      x-content-type-options:
      - nosniff
      x-ms-arm-service-request-id:
      - 062cd170-6c0b-4fce-b132-81f3f08ed381
    status:
      code: 200
      message: OK
- request:
    body: null
    headers:
      Accept:
      - application/json
      Accept-Encoding:
      - gzip, deflate
      CommandName:
      - vm create
      Connection:
      - keep-alive
      ParameterSetName:
      - -n -g --image --admin-username --admin-password --tags --nsg-rule
      User-Agent:
      - AZURECLI/2.44.1 azsdk-python-azure-mgmt-network/21.0.1 Python/3.10.9 (Windows-10-10.0.22621-SP0)
    method: GET
    uri: https://management.azure.com/subscriptions/00000000-0000-0000-0000-000000000000/resourceGroups/cli_test_dynamic_metric_alert_v2000001/providers/Microsoft.Network/publicIPAddresses/clitest-vm000003PublicIP?api-version=2022-01-01
  response:
    body:
      string: "{\r\n  \"name\": \"clitest-vm000003PublicIP\",\r\n  \"id\": \"/subscriptions/00000000-0000-0000-0000-000000000000/resourceGroups/cli_test_dynamic_metric_alert_v2000001/providers/Microsoft.Network/publicIPAddresses/clitest-vm000003PublicIP\"\
        ,\r\n  \"etag\": \"W/\\\"3038194e-2b10-4196-8b66-027fa88a609e\\\"\",\r\n \
        \ \"location\": \"westus\",\r\n  \"tags\": {\r\n    \"MabUsed\": \"Yes\",\r\
        \n    \"Owner\": \"sisi\",\r\n    \"Purpose\": \"CLITest\",\r\n    \"DeleteBy\"\
        : \"12-2099\",\r\n    \"AutoShutdown\": \"No\"\r\n  },\r\n  \"properties\"\
        : {\r\n    \"provisioningState\": \"Succeeded\",\r\n    \"resourceGuid\":\
        \ \"8fa18b93-c38f-47ed-974c-5a77f5b60364\",\r\n    \"ipAddress\": \"20.237.150.254\"\
        ,\r\n    \"publicIPAddressVersion\": \"IPv4\",\r\n    \"publicIPAllocationMethod\"\
        : \"Dynamic\",\r\n    \"idleTimeoutInMinutes\": 4,\r\n    \"ipTags\": [],\r\
        \n    \"ipConfiguration\": {\r\n      \"id\": \"/subscriptions/00000000-0000-0000-0000-000000000000/resourceGroups/cli_test_dynamic_metric_alert_v2000001/providers/Microsoft.Network/networkInterfaces/clitest-vm000003VMNic/ipConfigurations/ipconfigclitest-vm000003\"\
        \r\n    }\r\n  },\r\n  \"type\": \"Microsoft.Network/publicIPAddresses\",\r\
        \n  \"sku\": {\r\n    \"name\": \"Basic\",\r\n    \"tier\": \"Regional\"\r\
        \n  }\r\n}"
    headers:
      cache-control:
      - no-cache
      content-length:
      - '1131'
      content-type:
      - application/json; charset=utf-8
      date:
      - Mon, 30 Jan 2023 03:37:11 GMT
      etag:
      - W/"3038194e-2b10-4196-8b66-027fa88a609e"
      expires:
      - '-1'
      pragma:
      - no-cache
      server:
      - Microsoft-HTTPAPI/2.0
      - Microsoft-HTTPAPI/2.0
      strict-transport-security:
      - max-age=31536000; includeSubDomains
      transfer-encoding:
      - chunked
      vary:
      - Accept-Encoding
      x-content-type-options:
      - nosniff
      x-ms-arm-service-request-id:
      - 8f526c96-33f1-4e9c-9755-53295502ec69
    status:
      code: 200
      message: OK
- request:
    body: '{"location": "Global", "properties": {"groupShortName": "ag1", "enabled":
      true, "emailReceivers": [], "smsReceivers": [], "webhookReceivers": [], "itsmReceivers":
      [], "azureAppPushReceivers": [], "automationRunbookReceivers": [], "voiceReceivers":
      [], "logicAppReceivers": [], "azureFunctionReceivers": [], "armRoleReceivers":
      [], "eventHubReceivers": []}}'
    headers:
      Accept:
      - application/json
      Accept-Encoding:
      - gzip, deflate
      CommandName:
      - monitor action-group create
      Connection:
      - keep-alive
      Content-Length:
      - '356'
      Content-Type:
      - application/json
      ParameterSetName:
      - -g -n
      User-Agent:
      - AZURECLI/2.44.1 azsdk-python-azure-mgmt-monitor/5.0.0 Python/3.10.9 (Windows-10-10.0.22621-SP0)
    method: PUT
    uri: https://management.azure.com/subscriptions/00000000-0000-0000-0000-000000000000/resourceGroups/cli_test_dynamic_metric_alert_v2000001/providers/Microsoft.Insights/actionGroups/ag1?api-version=2022-06-01
  response:
    body:
      string: '{"id":"/subscriptions/00000000-0000-0000-0000-000000000000/resourceGroups/cli_test_dynamic_metric_alert_v2000001/providers/microsoft.insights/actionGroups/ag1","type":"Microsoft.Insights/ActionGroups","name":"ag1","location":"Global","tags":null,"properties":{"groupShortName":"ag1","enabled":true,"emailReceivers":[],"smsReceivers":[],"webhookReceivers":[],"eventHubReceivers":[],"itsmReceivers":[],"azureAppPushReceivers":[],"automationRunbookReceivers":[],"voiceReceivers":[],"logicAppReceivers":[],"azureFunctionReceivers":[],"armRoleReceivers":[]}}'
    headers:
      access-control-expose-headers:
      - x-activityid
      api-supported-versions:
      - 2016-09-01-preview, 2017-03-01-preview, 2017-04-01, 2018-03-01, 2018-09-01,
        2019-03-01, 2019-06-01, 2021-09-01, 2022-04-01, 2022-06-01, 2023-01-01
      cache-control:
      - no-cache
      content-length:
      - '553'
      content-type:
      - application/json; charset=utf-8
      date:
      - Mon, 30 Jan 2023 03:37:17 GMT
      expires:
      - '-1'
      pragma:
      - no-cache
      server:
      - Microsoft-HTTPAPI/2.0
      strict-transport-security:
      - max-age=31536000; includeSubDomains
      x-activityid:
      - 61e4cd2c-a04f-11ed-86ad-a8b13b7de308
      x-content-type-options:
      - nosniff
      x-ms-ratelimit-remaining-subscription-resource-requests:
      - '24'
      x-servedby:
      - EUS2ONEIM000001
    status:
      code: 201
      message: Created
- request:
    body: '{"location": "Global", "properties": {"groupShortName": "ag2", "enabled":
      true, "emailReceivers": [], "smsReceivers": [], "webhookReceivers": [], "itsmReceivers":
      [], "azureAppPushReceivers": [], "automationRunbookReceivers": [], "voiceReceivers":
      [], "logicAppReceivers": [], "azureFunctionReceivers": [], "armRoleReceivers":
      [], "eventHubReceivers": []}}'
    headers:
      Accept:
      - application/json
      Accept-Encoding:
      - gzip, deflate
      CommandName:
      - monitor action-group create
      Connection:
      - keep-alive
      Content-Length:
      - '356'
      Content-Type:
      - application/json
      ParameterSetName:
      - -g -n
      User-Agent:
      - AZURECLI/2.44.1 azsdk-python-azure-mgmt-monitor/5.0.0 Python/3.10.9 (Windows-10-10.0.22621-SP0)
    method: PUT
    uri: https://management.azure.com/subscriptions/00000000-0000-0000-0000-000000000000/resourceGroups/cli_test_dynamic_metric_alert_v2000001/providers/Microsoft.Insights/actionGroups/ag2?api-version=2022-06-01
  response:
    body:
      string: '{"id":"/subscriptions/00000000-0000-0000-0000-000000000000/resourceGroups/cli_test_dynamic_metric_alert_v2000001/providers/microsoft.insights/actionGroups/ag2","type":"Microsoft.Insights/ActionGroups","name":"ag2","location":"Global","tags":null,"properties":{"groupShortName":"ag2","enabled":true,"emailReceivers":[],"smsReceivers":[],"webhookReceivers":[],"eventHubReceivers":[],"itsmReceivers":[],"azureAppPushReceivers":[],"automationRunbookReceivers":[],"voiceReceivers":[],"logicAppReceivers":[],"azureFunctionReceivers":[],"armRoleReceivers":[]}}'
    headers:
      access-control-expose-headers:
      - x-activityid
      api-supported-versions:
      - 2016-09-01-preview, 2017-03-01-preview, 2017-04-01, 2018-03-01, 2018-09-01,
        2019-03-01, 2019-06-01, 2021-09-01, 2022-04-01, 2022-06-01, 2023-01-01
      cache-control:
      - no-cache
      content-length:
      - '553'
      content-type:
      - application/json; charset=utf-8
      date:
      - Mon, 30 Jan 2023 03:37:22 GMT
      expires:
      - '-1'
      pragma:
      - no-cache
      server:
      - Microsoft-HTTPAPI/2.0
      strict-transport-security:
      - max-age=31536000; includeSubDomains
      x-activityid:
      - 64f40106-a04f-11ed-9aa7-a8b13b7de308
      x-content-type-options:
      - nosniff
      x-ms-ratelimit-remaining-subscription-resource-requests:
      - '24'
      x-servedby:
      - WUS2ONEIM000000
    status:
      code: 201
      message: Created
- request:
    body: '{"location": "global", "properties": {"description": "High CPU", "severity":
      2, "enabled": true, "scopes": ["/subscriptions/00000000-0000-0000-0000-000000000000/resourceGroups/cli_test_dynamic_metric_alert_v2000001/providers/Microsoft.Compute/virtualMachines/clitest-vm000002",
      "/subscriptions/00000000-0000-0000-0000-000000000000/resourceGroups/cli_test_dynamic_metric_alert_v2000001/providers/Microsoft.Compute/virtualMachines/clitest-vm000003"],
      "evaluationFrequency": "PT1M", "windowSize": "PT5M", "targetResourceType": "Microsoft.Compute/virtualMachines",
      "targetResourceRegion": "westus", "criteria": {"odata.type": "Microsoft.Azure.Monitor.MultipleResourceMultipleMetricCriteria",
      "allOf": [{"criterionType": "DynamicThresholdCriterion", "name": "cond0", "metricName":
      "Percentage CPU", "timeAggregation": "Average", "dimensions": [], "operator":
      "GreaterThan", "alertSensitivity": "Low", "failingPeriods": {"numberOfEvaluationPeriods":
      4.0, "minFailingPeriodsToAlert": 2.0}, "ignoreDataBefore": "2020-11-01T16:00:00.000Z"}]},
      "actions": [{"actionGroupId": "/subscriptions/00000000-0000-0000-0000-000000000000/resourceGroups/cli_test_dynamic_metric_alert_v2000001/providers/microsoft.insights/actionGroups/ag1"}]}}'
    headers:
      Accept:
      - application/json
      Accept-Encoding:
      - gzip, deflate
      CommandName:
      - monitor metrics alert create
      Connection:
      - keep-alive
      Content-Length:
      - '1221'
      Content-Type:
      - application/json
      ParameterSetName:
      - -g -n --scopes --action --region --condition --description
      User-Agent:
      - AZURECLI/2.44.1 azsdk-python-azure-mgmt-monitor/5.0.0 Python/3.10.9 (Windows-10-10.0.22621-SP0)
    method: PUT
    uri: https://management.azure.com/subscriptions/00000000-0000-0000-0000-000000000000/resourceGroups/cli_test_dynamic_metric_alert_v2000001/providers/Microsoft.Insights/metricAlerts/alert1?api-version=2018-03-01
  response:
    body:
      string: "{\r\n  \"id\": \"/subscriptions/00000000-0000-0000-0000-000000000000/resourceGroups/cli_test_dynamic_metric_alert_v2000001/providers/Microsoft.Insights/metricAlerts/alert1\"\
        ,\r\n  \"name\": \"alert1\",\r\n  \"type\": \"Microsoft.Insights/metricAlerts\"\
        ,\r\n  \"location\": \"global\",\r\n  \"properties\": {\r\n    \"description\"\
        : \"High CPU\",\r\n    \"severity\": 2,\r\n    \"enabled\": true,\r\n    \"\
        scopes\": [\r\n      \"/subscriptions/00000000-0000-0000-0000-000000000000/resourceGroups/cli_test_dynamic_metric_alert_v2000001/providers/Microsoft.Compute/virtualMachines/clitest-vm000002\"\
        ,\r\n      \"/subscriptions/00000000-0000-0000-0000-000000000000/resourceGroups/cli_test_dynamic_metric_alert_v2000001/providers/Microsoft.Compute/virtualMachines/clitest-vm000003\"\
        \r\n    ],\r\n    \"evaluationFrequency\": \"PT1M\",\r\n    \"windowSize\"\
        : \"PT5M\",\r\n    \"criteria\": {\r\n      \"allOf\": [\r\n        {\r\n\
        \          \"alertSensitivity\": \"Low\",\r\n          \"failingPeriods\"\
        : {\r\n            \"numberOfEvaluationPeriods\": 4,\r\n            \"minFailingPeriodsToAlert\"\
        : 2\r\n          },\r\n          \"ignoreDataBefore\": \"2020-11-01T16:00:00.000Z\"\
        ,\r\n          \"name\": \"cond0\",\r\n          \"metricName\": \"Percentage\
        \ CPU\",\r\n          \"operator\": \"GreaterThan\",\r\n          \"timeAggregation\"\
        : \"Average\",\r\n          \"criterionType\": \"DynamicThresholdCriterion\"\
        \r\n        }\r\n      ],\r\n      \"odata.type\": \"Microsoft.Azure.Monitor.MultipleResourceMultipleMetricCriteria\"\
        \r\n    },\r\n    \"targetResourceType\": \"Microsoft.Compute/virtualMachines\"\
        ,\r\n    \"targetResourceRegion\": \"westus\",\r\n    \"actions\": [\r\n \
        \     {\r\n        \"actionGroupId\": \"/subscriptions/00000000-0000-0000-0000-000000000000/resourceGroups/cli_test_dynamic_metric_alert_v2000001/providers/microsoft.insights/actionGroups/ag1\"\
        \r\n      }\r\n    ]\r\n  }\r\n}"
    headers:
      api-supported-versions:
      - 2017-09-01-preview, 2018-03-01
      arr-disable-session-affinity:
      - 'true'
      cache-control:
      - no-cache
      content-length:
      - '1727'
      content-type:
      - application/json; charset=utf-8
      date:
      - Mon, 30 Jan 2023 03:37:33 GMT
      expires:
      - '-1'
      pragma:
      - no-cache
      server:
      - Microsoft-IIS/10.0
      strict-transport-security:
      - max-age=31536000; includeSubDomains
      transfer-encoding:
      - chunked
      vary:
      - Accept-Encoding,Accept-Encoding
      x-aspnet-version:
      - 4.0.30319
      x-content-type-options:
      - nosniff
      x-ms-ratelimit-remaining-subscription-resource-requests:
      - '299'
      x-powered-by:
      - ASP.NET
    status:
      code: 200
      message: OK
- request:
    body: null
    headers:
      Accept:
      - application/json
      Accept-Encoding:
      - gzip, deflate
      CommandName:
      - monitor metrics alert update
      Connection:
      - keep-alive
      ParameterSetName:
      - -g -n --severity --description --add-action --remove-action --remove-conditions
        --evaluation-frequency --window-size --tags --auto-mitigate --add-condition
      User-Agent:
      - AZURECLI/2.44.1 azsdk-python-azure-mgmt-monitor/5.0.0 Python/3.10.9 (Windows-10-10.0.22621-SP0)
    method: GET
    uri: https://management.azure.com/subscriptions/00000000-0000-0000-0000-000000000000/resourceGroups/cli_test_dynamic_metric_alert_v2000001/providers/Microsoft.Insights/metricAlerts/alert1?api-version=2018-03-01
  response:
    body:
      string: "{\r\n  \"id\": \"/subscriptions/00000000-0000-0000-0000-000000000000/resourceGroups/cli_test_dynamic_metric_alert_v2000001/providers/Microsoft.Insights/metricAlerts/alert1\"\
        ,\r\n  \"name\": \"alert1\",\r\n  \"type\": \"Microsoft.Insights/metricAlerts\"\
        ,\r\n  \"location\": \"global\",\r\n  \"properties\": {\r\n    \"description\"\
        : \"High CPU\",\r\n    \"severity\": 2,\r\n    \"enabled\": true,\r\n    \"\
        scopes\": [\r\n      \"/subscriptions/00000000-0000-0000-0000-000000000000/resourceGroups/cli_test_dynamic_metric_alert_v2000001/providers/Microsoft.Compute/virtualMachines/clitest-vm000002\"\
        ,\r\n      \"/subscriptions/00000000-0000-0000-0000-000000000000/resourceGroups/cli_test_dynamic_metric_alert_v2000001/providers/Microsoft.Compute/virtualMachines/clitest-vm000003\"\
        \r\n    ],\r\n    \"evaluationFrequency\": \"PT1M\",\r\n    \"windowSize\"\
        : \"PT5M\",\r\n    \"criteria\": {\r\n      \"allOf\": [\r\n        {\r\n\
        \          \"alertSensitivity\": \"Low\",\r\n          \"failingPeriods\"\
        : {\r\n            \"numberOfEvaluationPeriods\": 4,\r\n            \"minFailingPeriodsToAlert\"\
        : 2\r\n          },\r\n          \"ignoreDataBefore\": \"2020-11-01T16:00:00.000Z\"\
        ,\r\n          \"name\": \"cond0\",\r\n          \"metricName\": \"Percentage\
        \ CPU\",\r\n          \"operator\": \"GreaterThan\",\r\n          \"timeAggregation\"\
        : \"Average\",\r\n          \"criterionType\": \"DynamicThresholdCriterion\"\
        \r\n        }\r\n      ],\r\n      \"odata.type\": \"Microsoft.Azure.Monitor.MultipleResourceMultipleMetricCriteria\"\
        \r\n    },\r\n    \"targetResourceType\": \"Microsoft.Compute/virtualMachines\"\
        ,\r\n    \"targetResourceRegion\": \"westus\",\r\n    \"actions\": [\r\n \
        \     {\r\n        \"actionGroupId\": \"/subscriptions/00000000-0000-0000-0000-000000000000/resourceGroups/cli_test_dynamic_metric_alert_v2000001/providers/microsoft.insights/actionGroups/ag1\"\
        \r\n      }\r\n    ]\r\n  }\r\n}"
    headers:
      api-supported-versions:
      - 2017-09-01-preview, 2018-03-01
      arr-disable-session-affinity:
      - 'true'
      cache-control:
      - no-cache
      content-length:
      - '1727'
      content-type:
      - application/json; charset=utf-8
      date:
      - Mon, 30 Jan 2023 03:37:34 GMT
      expires:
      - '-1'
      pragma:
      - no-cache
      server:
      - Microsoft-IIS/10.0
      strict-transport-security:
      - max-age=31536000; includeSubDomains
      transfer-encoding:
      - chunked
      vary:
      - Accept-Encoding,Accept-Encoding
      x-aspnet-version:
      - 4.0.30319
      x-content-type-options:
      - nosniff
      x-powered-by:
      - ASP.NET
    status:
      code: 200
      message: OK
- request:
    body: '{"location": "global", "tags": {"foo": "boo"}, "properties": {"description":
      "High Or Low CPU", "severity": 3, "enabled": true, "scopes": ["/subscriptions/00000000-0000-0000-0000-000000000000/resourceGroups/cli_test_dynamic_metric_alert_v2000001/providers/Microsoft.Compute/virtualMachines/clitest-vm000002",
      "/subscriptions/00000000-0000-0000-0000-000000000000/resourceGroups/cli_test_dynamic_metric_alert_v2000001/providers/Microsoft.Compute/virtualMachines/clitest-vm000003"],
      "evaluationFrequency": "PT5M", "windowSize": "PT15M", "targetResourceType":
      "Microsoft.Compute/virtualMachines", "targetResourceRegion": "westus", "criteria":
      {"odata.type": "Microsoft.Azure.Monitor.MultipleResourceMultipleMetricCriteria",
      "allOf": [{"criterionType": "DynamicThresholdCriterion", "name": "cond0", "metricName":
      "Percentage CPU", "timeAggregation": "Average", "dimensions": [], "operator":
      "GreaterOrLessThan", "alertSensitivity": "Medium", "failingPeriods": {"numberOfEvaluationPeriods":
      6.0, "minFailingPeriodsToAlert": 1.0}, "ignoreDataBefore": "2020-10-01T10:23:00.000Z"}]},
      "autoMitigate": true, "actions": [{"actionGroupId": "/subscriptions/00000000-0000-0000-0000-000000000000/resourceGroups/cli_test_dynamic_metric_alert_v2000001/providers/microsoft.insights/actionGroups/ag2",
      "webHookProperties": {"test": "best"}}]}}'
    headers:
      Accept:
      - application/json
      Accept-Encoding:
      - gzip, deflate
      CommandName:
      - monitor metrics alert update
      Connection:
      - keep-alive
      Content-Length:
      - '1323'
      Content-Type:
      - application/json
      ParameterSetName:
      - -g -n --severity --description --add-action --remove-action --remove-conditions
        --evaluation-frequency --window-size --tags --auto-mitigate --add-condition
      User-Agent:
      - AZURECLI/2.44.1 azsdk-python-azure-mgmt-monitor/5.0.0 Python/3.10.9 (Windows-10-10.0.22621-SP0)
    method: PUT
    uri: https://management.azure.com/subscriptions/00000000-0000-0000-0000-000000000000/resourceGroups/cli_test_dynamic_metric_alert_v2000001/providers/Microsoft.Insights/metricAlerts/alert1?api-version=2018-03-01
  response:
    body:
      string: "{\r\n  \"id\": \"/subscriptions/00000000-0000-0000-0000-000000000000/resourceGroups/cli_test_dynamic_metric_alert_v2000001/providers/Microsoft.Insights/metricAlerts/alert1\"\
        ,\r\n  \"name\": \"alert1\",\r\n  \"type\": \"Microsoft.Insights/metricAlerts\"\
        ,\r\n  \"location\": \"global\",\r\n  \"tags\": {\r\n    \"foo\": \"boo\"\r\
        \n  },\r\n  \"properties\": {\r\n    \"description\": \"High Or Low CPU\"\
        ,\r\n    \"severity\": 3,\r\n    \"enabled\": true,\r\n    \"scopes\": [\r\
        \n      \"/subscriptions/00000000-0000-0000-0000-000000000000/resourceGroups/cli_test_dynamic_metric_alert_v2000001/providers/Microsoft.Compute/virtualMachines/clitest-vm000002\"\
        ,\r\n      \"/subscriptions/00000000-0000-0000-0000-000000000000/resourceGroups/cli_test_dynamic_metric_alert_v2000001/providers/Microsoft.Compute/virtualMachines/clitest-vm000003\"\
        \r\n    ],\r\n    \"evaluationFrequency\": \"PT5M\",\r\n    \"windowSize\"\
        : \"PT15M\",\r\n    \"criteria\": {\r\n      \"allOf\": [\r\n        {\r\n\
        \          \"alertSensitivity\": \"Medium\",\r\n          \"failingPeriods\"\
        : {\r\n            \"numberOfEvaluationPeriods\": 6,\r\n            \"minFailingPeriodsToAlert\"\
        : 1\r\n          },\r\n          \"ignoreDataBefore\": \"2020-10-01T10:23:00.000Z\"\
        ,\r\n          \"name\": \"cond0\",\r\n          \"metricName\": \"Percentage\
        \ CPU\",\r\n          \"operator\": \"GreaterOrLessThan\",\r\n          \"\
        timeAggregation\": \"Average\",\r\n          \"criterionType\": \"DynamicThresholdCriterion\"\
        \r\n        }\r\n      ],\r\n      \"odata.type\": \"Microsoft.Azure.Monitor.MultipleResourceMultipleMetricCriteria\"\
        \r\n    },\r\n    \"autoMitigate\": true,\r\n    \"targetResourceType\": \"\
        Microsoft.Compute/virtualMachines\",\r\n    \"targetResourceRegion\": \"westus\"\
        ,\r\n    \"actions\": [\r\n      {\r\n        \"actionGroupId\": \"/subscriptions/00000000-0000-0000-0000-000000000000/resourceGroups/cli_test_dynamic_metric_alert_v2000001/providers/microsoft.insights/actionGroups/ag2\"\
        ,\r\n        \"webHookProperties\": {\r\n          \"test\": \"best\"\r\n\
        \        }\r\n      }\r\n    ]\r\n  }\r\n}"
    headers:
      api-supported-versions:
      - 2017-09-01-preview, 2018-03-01
      arr-disable-session-affinity:
      - 'true'
      cache-control:
      - no-cache
      content-length:
      - '1878'
      content-type:
      - application/json; charset=utf-8
      date:
      - Mon, 30 Jan 2023 03:37:49 GMT
      expires:
      - '-1'
      pragma:
      - no-cache
      server:
      - Microsoft-IIS/10.0
      strict-transport-security:
      - max-age=31536000; includeSubDomains
      transfer-encoding:
      - chunked
      vary:
      - Accept-Encoding,Accept-Encoding
      x-aspnet-version:
      - 4.0.30319
      x-content-type-options:
      - nosniff
      x-ms-ratelimit-remaining-subscription-resource-requests:
      - '299'
      x-powered-by:
      - ASP.NET
    status:
      code: 200
      message: OK
- request:
    body: null
    headers:
      Accept:
      - application/json
      Accept-Encoding:
      - gzip, deflate
      CommandName:
      - monitor metrics alert list
      Connection:
      - keep-alive
      ParameterSetName:
      - -g
      User-Agent:
      - AZURECLI/2.44.1 azsdk-python-azure-mgmt-monitor/5.0.0 Python/3.10.9 (Windows-10-10.0.22621-SP0)
    method: GET
    uri: https://management.azure.com/subscriptions/00000000-0000-0000-0000-000000000000/resourceGroups/cli_test_dynamic_metric_alert_v2000001/providers/Microsoft.Insights/metricAlerts?api-version=2018-03-01
  response:
    body:
      string: "{\r\n  \"value\": [\r\n    {\r\n      \"id\": \"/subscriptions/00000000-0000-0000-0000-000000000000/resourceGroups/cli_test_dynamic_metric_alert_v2000001/providers/Microsoft.Insights/metricAlerts/alert1\"\
        ,\r\n      \"name\": \"alert1\",\r\n      \"type\": \"Microsoft.Insights/metricAlerts\"\
        ,\r\n      \"location\": \"global\",\r\n      \"tags\": {\r\n        \"foo\"\
        : \"boo\"\r\n      },\r\n      \"properties\": {\r\n        \"description\"\
        : \"High Or Low CPU\",\r\n        \"severity\": 3,\r\n        \"enabled\"\
        : true,\r\n        \"scopes\": [\r\n          \"/subscriptions/00000000-0000-0000-0000-000000000000/resourceGroups/cli_test_dynamic_metric_alert_v2000001/providers/Microsoft.Compute/virtualMachines/clitest-vm000002\"\
        ,\r\n          \"/subscriptions/00000000-0000-0000-0000-000000000000/resourceGroups/cli_test_dynamic_metric_alert_v2000001/providers/Microsoft.Compute/virtualMachines/clitest-vm000003\"\
        \r\n        ],\r\n        \"evaluationFrequency\": \"PT5M\",\r\n        \"\
        windowSize\": \"PT15M\",\r\n        \"criteria\": {\r\n          \"allOf\"\
        : [\r\n            {\r\n              \"alertSensitivity\": \"Medium\",\r\n\
        \              \"failingPeriods\": {\r\n                \"numberOfEvaluationPeriods\"\
        : 6,\r\n                \"minFailingPeriodsToAlert\": 1\r\n              },\r\
        \n              \"ignoreDataBefore\": \"2020-10-01T10:23:00.000Z\",\r\n  \
        \            \"name\": \"cond0\",\r\n              \"metricName\": \"Percentage\
        \ CPU\",\r\n              \"operator\": \"GreaterOrLessThan\",\r\n       \
        \       \"timeAggregation\": \"Average\",\r\n              \"criterionType\"\
        : \"DynamicThresholdCriterion\"\r\n            }\r\n          ],\r\n     \
        \     \"odata.type\": \"Microsoft.Azure.Monitor.MultipleResourceMultipleMetricCriteria\"\
        \r\n        },\r\n        \"autoMitigate\": true,\r\n        \"targetResourceType\"\
        : \"Microsoft.Compute/virtualMachines\",\r\n        \"targetResourceRegion\"\
        : \"westus\",\r\n        \"actions\": [\r\n          {\r\n            \"actionGroupId\"\
        : \"/subscriptions/00000000-0000-0000-0000-000000000000/resourceGroups/cli_test_dynamic_metric_alert_v2000001/providers/microsoft.insights/actionGroups/ag2\"\
        ,\r\n            \"webHookProperties\": {\r\n              \"test\": \"best\"\
        \r\n            }\r\n          }\r\n        ]\r\n      }\r\n    }\r\n  ]\r\
        \n}"
    headers:
      api-supported-versions:
      - 2017-09-01-preview, 2018-03-01
      arr-disable-session-affinity:
      - 'true'
      cache-control:
      - no-cache
      content-length:
      - '2099'
      content-type:
      - application/json; charset=utf-8
      date:
      - Mon, 30 Jan 2023 03:37:51 GMT
      expires:
      - '-1'
      pragma:
      - no-cache
      server:
      - Microsoft-IIS/10.0
      strict-transport-security:
      - max-age=31536000; includeSubDomains
      transfer-encoding:
      - chunked
      vary:
      - Accept-Encoding,Accept-Encoding
      x-aspnet-version:
      - 4.0.30319
      x-content-type-options:
      - nosniff
      x-powered-by:
      - ASP.NET
    status:
      code: 200
      message: OK
- request:
    body: null
    headers:
      Accept:
      - application/json
      Accept-Encoding:
      - gzip, deflate
      CommandName:
      - monitor metrics alert show
      Connection:
      - keep-alive
      ParameterSetName:
      - -g -n
      User-Agent:
      - AZURECLI/2.44.1 azsdk-python-azure-mgmt-monitor/5.0.0 Python/3.10.9 (Windows-10-10.0.22621-SP0)
    method: GET
    uri: https://management.azure.com/subscriptions/00000000-0000-0000-0000-000000000000/resourceGroups/cli_test_dynamic_metric_alert_v2000001/providers/Microsoft.Insights/metricAlerts/alert1?api-version=2018-03-01
  response:
    body:
      string: "{\r\n  \"id\": \"/subscriptions/00000000-0000-0000-0000-000000000000/resourceGroups/cli_test_dynamic_metric_alert_v2000001/providers/Microsoft.Insights/metricAlerts/alert1\"\
        ,\r\n  \"name\": \"alert1\",\r\n  \"type\": \"Microsoft.Insights/metricAlerts\"\
        ,\r\n  \"location\": \"global\",\r\n  \"tags\": {\r\n    \"foo\": \"boo\"\r\
        \n  },\r\n  \"properties\": {\r\n    \"description\": \"High Or Low CPU\"\
        ,\r\n    \"severity\": 3,\r\n    \"enabled\": true,\r\n    \"scopes\": [\r\
        \n      \"/subscriptions/00000000-0000-0000-0000-000000000000/resourceGroups/cli_test_dynamic_metric_alert_v2000001/providers/Microsoft.Compute/virtualMachines/clitest-vm000002\"\
        ,\r\n      \"/subscriptions/00000000-0000-0000-0000-000000000000/resourceGroups/cli_test_dynamic_metric_alert_v2000001/providers/Microsoft.Compute/virtualMachines/clitest-vm000003\"\
        \r\n    ],\r\n    \"evaluationFrequency\": \"PT5M\",\r\n    \"windowSize\"\
        : \"PT15M\",\r\n    \"criteria\": {\r\n      \"allOf\": [\r\n        {\r\n\
        \          \"alertSensitivity\": \"Medium\",\r\n          \"failingPeriods\"\
        : {\r\n            \"numberOfEvaluationPeriods\": 6,\r\n            \"minFailingPeriodsToAlert\"\
        : 1\r\n          },\r\n          \"ignoreDataBefore\": \"2020-10-01T10:23:00.000Z\"\
        ,\r\n          \"name\": \"cond0\",\r\n          \"metricName\": \"Percentage\
        \ CPU\",\r\n          \"operator\": \"GreaterOrLessThan\",\r\n          \"\
        timeAggregation\": \"Average\",\r\n          \"criterionType\": \"DynamicThresholdCriterion\"\
        \r\n        }\r\n      ],\r\n      \"odata.type\": \"Microsoft.Azure.Monitor.MultipleResourceMultipleMetricCriteria\"\
        \r\n    },\r\n    \"autoMitigate\": true,\r\n    \"targetResourceType\": \"\
        Microsoft.Compute/virtualMachines\",\r\n    \"targetResourceRegion\": \"westus\"\
        ,\r\n    \"actions\": [\r\n      {\r\n        \"actionGroupId\": \"/subscriptions/00000000-0000-0000-0000-000000000000/resourceGroups/cli_test_dynamic_metric_alert_v2000001/providers/microsoft.insights/actionGroups/ag2\"\
        ,\r\n        \"webHookProperties\": {\r\n          \"test\": \"best\"\r\n\
        \        }\r\n      }\r\n    ]\r\n  }\r\n}"
    headers:
      api-supported-versions:
      - 2017-09-01-preview, 2018-03-01
      arr-disable-session-affinity:
      - 'true'
      cache-control:
      - no-cache
      content-length:
      - '1878'
      content-type:
      - application/json; charset=utf-8
      date:
      - Mon, 30 Jan 2023 03:37:52 GMT
      expires:
      - '-1'
      pragma:
      - no-cache
      server:
      - Microsoft-IIS/10.0
      strict-transport-security:
      - max-age=31536000; includeSubDomains
      transfer-encoding:
      - chunked
      vary:
      - Accept-Encoding,Accept-Encoding
      x-aspnet-version:
      - 4.0.30319
      x-content-type-options:
      - nosniff
      x-powered-by:
      - ASP.NET
    status:
      code: 200
      message: OK
- request:
    body: null
    headers:
      Accept:
      - application/json
      Accept-Encoding:
      - gzip, deflate
      CommandName:
      - monitor metrics alert delete
      Connection:
      - keep-alive
      Content-Length:
      - '0'
      ParameterSetName:
      - -g -n
      User-Agent:
      - AZURECLI/2.44.1 azsdk-python-azure-mgmt-monitor/5.0.0 Python/3.10.9 (Windows-10-10.0.22621-SP0)
    method: DELETE
    uri: https://management.azure.com/subscriptions/00000000-0000-0000-0000-000000000000/resourceGroups/cli_test_dynamic_metric_alert_v2000001/providers/Microsoft.Insights/metricAlerts/alert1?api-version=2018-03-01
  response:
    body:
      string: ''
    headers:
      api-supported-versions:
      - 2017-09-01-preview, 2018-03-01
      arr-disable-session-affinity:
      - 'true'
      cache-control:
      - no-cache
      content-length:
      - '0'
      date:
      - Mon, 30 Jan 2023 03:38:03 GMT
      expires:
      - '-1'
      pragma:
      - no-cache
      server:
      - Microsoft-IIS/10.0
      strict-transport-security:
      - max-age=31536000; includeSubDomains
      x-aspnet-version:
      - 4.0.30319
      x-content-type-options:
      - nosniff
      x-ms-ratelimit-remaining-subscription-deletes:
      - '14999'
      x-powered-by:
      - ASP.NET
    status:
      code: 200
      message: OK
- request:
    body: null
    headers:
      Accept:
      - application/json
      Accept-Encoding:
      - gzip, deflate
      CommandName:
      - monitor metrics alert list
      Connection:
      - keep-alive
      ParameterSetName:
      - -g
      User-Agent:
      - AZURECLI/2.44.1 azsdk-python-azure-mgmt-monitor/5.0.0 Python/3.10.9 (Windows-10-10.0.22621-SP0)
    method: GET
    uri: https://management.azure.com/subscriptions/00000000-0000-0000-0000-000000000000/resourceGroups/cli_test_dynamic_metric_alert_v2000001/providers/Microsoft.Insights/metricAlerts?api-version=2018-03-01
  response:
    body:
      string: '{"value":[]}'
    headers:
      cache-control:
      - no-cache
      content-length:
      - '12'
      content-type:
      - application/json; charset=utf-8
      date:
      - Mon, 30 Jan 2023 03:38:05 GMT
      expires:
      - '-1'
      pragma:
      - no-cache
      strict-transport-security:
      - max-age=31536000; includeSubDomains
      vary:
      - Accept-Encoding
      x-content-type-options:
      - nosniff
    status:
      code: 200
      message: OK
version: 1
