interactions:
- request:
    body: null
    headers:
      Accept:
      - application/json
      Accept-Encoding:
      - gzip, deflate
      CommandName:
      - monitor log-analytics workspace create
      Connection:
      - keep-alive
      ParameterSetName:
      - -g -n --tags
      User-Agent:
      - AZURECLI/2.50.0 azsdk-python-azure-mgmt-resource/23.1.0b2 Python/3.10.6 (macOS-13.4.1-x86_64-i386-64bit)
    method: GET
    uri: https://management.azure.com/subscriptions/00000000-0000-0000-0000-000000000000/resourcegroups/cli_test_monitor_workspace_linked_storage000001?api-version=2022-09-01
  response:
    body:
      string: '{"id":"/subscriptions/00000000-0000-0000-0000-000000000000/resourceGroups/cli_test_monitor_workspace_linked_storage000001","name":"cli_test_monitor_workspace_linked_storage000001","type":"Microsoft.Resources/resourceGroups","location":"eastus","tags":{"product":"azurecli","cause":"automation","test":"test_monitor_log_analytics_workspace_linked_storage","date":"2023-07-20T09:47:05Z","module":"monitor"},"properties":{"provisioningState":"Succeeded"}}'
    headers:
      cache-control:
      - no-cache
      content-length:
      - '452'
      content-type:
      - application/json; charset=utf-8
      date:
      - Thu, 20 Jul 2023 09:48:57 GMT
      expires:
      - '-1'
      pragma:
      - no-cache
      strict-transport-security:
      - max-age=31536000; includeSubDomains
      vary:
      - Accept-Encoding
      x-content-type-options:
      - nosniff
    status:
      code: 200
      message: OK
- request:
    body: '{"location": "eastus", "properties": {"publicNetworkAccessForIngestion":
      "Enabled", "publicNetworkAccessForQuery": "Enabled", "retentionInDays": 30,
      "sku": {"name": "PerGB2018"}}, "tags": {"clitest": "myron"}}'
    headers:
      Accept:
      - application/json
      Accept-Encoding:
      - gzip, deflate
      CommandName:
      - monitor log-analytics workspace create
      Connection:
      - keep-alive
      Content-Length:
      - '209'
      Content-Type:
      - application/json
      ParameterSetName:
      - -g -n --tags
      User-Agent:
      - AZURECLI/2.50.0 (AAZ) azsdk-python-core/1.26.0 Python/3.10.6 (macOS-13.4.1-x86_64-i386-64bit)
    method: PUT
    uri: https://management.azure.com/subscriptions/00000000-0000-0000-0000-000000000000/resourcegroups/cli_test_monitor_workspace_linked_storage000001/providers/Microsoft.OperationalInsights/workspaces/clitest000006?api-version=2022-10-01
  response:
    body:
      string: '{"properties":{"customerId":"cf3f77a5-43c5-4689-aedf-10ec59d9de29","provisioningState":"Creating","sku":{"name":"PerGB2018","lastSkuUpdate":"2023-07-20T09:49:03.3823145Z"},"retentionInDays":30,"features":{"legacy":0,"searchVersion":1,"enableLogAccessUsingOnlyResourcePermissions":true},"workspaceCapping":{"dailyQuotaGb":-1.0,"quotaNextResetTime":"2023-07-20T15:00:00Z","dataIngestionStatus":"RespectQuota"},"publicNetworkAccessForIngestion":"Enabled","publicNetworkAccessForQuery":"Enabled","createdDate":"2023-07-20T09:49:03.3823145Z","modifiedDate":"2023-07-20T09:49:03.3823145Z"},"location":"eastus","tags":{"clitest":"myron"},"id":"/subscriptions/00000000-0000-0000-0000-000000000000/resourceGroups/cli_test_monitor_workspace_linked_storage000001/providers/Microsoft.OperationalInsights/workspaces/clitest000006","name":"clitest000006","type":"Microsoft.OperationalInsights/workspaces"}'
    headers:
      access-control-allow-origin:
      - '*'
      api-supported-versions:
      - 2015-03-20, 2020-08-01, 2020-10-01, 2021-06-01, 2022-10-01
      cache-control:
      - no-cache
      content-length:
      - '891'
      content-type:
      - application/json; charset=utf-8
      date:
      - Thu, 20 Jul 2023 09:49:04 GMT
      expires:
      - '-1'
      location:
      - https://management.azure.com/subscriptions/00000000-0000-0000-0000-000000000000/resourceGroups/cli_test_monitor_workspace_linked_storage000001/providers/Microsoft.OperationalInsights/workspaces/clitest000006?api-version=2022-10-01
      pragma:
      - no-cache
      request-context:
      - appId=cid-v1:e6336c63-aab2-45f0-996a-e5dbab2a1508
      strict-transport-security:
      - max-age=31536000; includeSubDomains
      x-content-type-options:
      - nosniff
      x-ms-ratelimit-remaining-subscription-writes:
      - '1197'
      x-powered-by:
      - ASP.NET
    status:
      code: 201
      message: Created
- request:
    body: null
    headers:
      Accept:
      - '*/*'
      Accept-Encoding:
      - gzip, deflate
      CommandName:
      - monitor log-analytics workspace create
      Connection:
      - keep-alive
      ParameterSetName:
      - -g -n --tags
      User-Agent:
      - AZURECLI/2.50.0 (AAZ) azsdk-python-core/1.26.0 Python/3.10.6 (macOS-13.4.1-x86_64-i386-64bit)
    method: GET
    uri: https://management.azure.com/subscriptions/00000000-0000-0000-0000-000000000000/resourceGroups/cli_test_monitor_workspace_linked_storage000001/providers/Microsoft.OperationalInsights/workspaces/clitest000006?api-version=2022-10-01
  response:
    body:
      string: '{"properties":{"customerId":"cf3f77a5-43c5-4689-aedf-10ec59d9de29","provisioningState":"Succeeded","sku":{"name":"PerGB2018","lastSkuUpdate":"2023-07-20T09:49:03.3823145Z"},"retentionInDays":30,"features":{"legacy":0,"searchVersion":1,"enableLogAccessUsingOnlyResourcePermissions":true},"workspaceCapping":{"dailyQuotaGb":-1.0,"quotaNextResetTime":"2023-07-20T15:00:00Z","dataIngestionStatus":"RespectQuota"},"publicNetworkAccessForIngestion":"Enabled","publicNetworkAccessForQuery":"Enabled","createdDate":"2023-07-20T09:49:03.3823145Z","modifiedDate":"2023-07-20T09:49:03.3823145Z"},"location":"eastus","tags":{"clitest":"myron"},"id":"/subscriptions/00000000-0000-0000-0000-000000000000/resourceGroups/cli_test_monitor_workspace_linked_storage000001/providers/Microsoft.OperationalInsights/workspaces/clitest000006","name":"clitest000006","type":"Microsoft.OperationalInsights/workspaces"}'
    headers:
      access-control-allow-origin:
      - '*'
      api-supported-versions:
      - 2015-03-20, 2020-08-01, 2020-10-01, 2021-06-01, 2022-10-01
      cache-control:
      - no-cache
      content-length:
      - '892'
      content-type:
      - application/json; charset=utf-8
      date:
      - Thu, 20 Jul 2023 09:49:04 GMT
      expires:
      - '-1'
      pragma:
      - no-cache
      request-context:
      - appId=cid-v1:e6336c63-aab2-45f0-996a-e5dbab2a1508
      strict-transport-security:
      - max-age=31536000; includeSubDomains
      transfer-encoding:
      - chunked
      vary:
      - Accept-Encoding
      x-content-type-options:
      - nosniff
      x-powered-by:
      - ASP.NET
    status:
      code: 200
      message: OK
- request:
    body: '{"properties": {"storageAccountIds": ["/subscriptions/00000000-0000-0000-0000-000000000000/resourceGroups/cli_test_monitor_workspace_linked_storage000001/providers/Microsoft.Storage/storageAccounts/saws1000002"]}}'
    headers:
      Accept:
      - application/json
      Accept-Encoding:
      - gzip, deflate
      CommandName:
      - monitor log-analytics workspace linked-storage create
      Connection:
      - keep-alive
      Content-Length:
      - '213'
      Content-Type:
      - application/json
      ParameterSetName:
      - --type -g -n --storage-accounts
      User-Agent:
      - AZURECLI/2.50.0 (AAZ) azsdk-python-core/1.26.0 Python/3.10.6 (macOS-13.4.1-x86_64-i386-64bit)
    method: PUT
    uri: https://management.azure.com/subscriptions/00000000-0000-0000-0000-000000000000/resourcegroups/cli_test_monitor_workspace_linked_storage000001/providers/Microsoft.OperationalInsights/workspaces/clitest000006/linkedStorageAccounts/CustomLogs?api-version=2020-08-01
  response:
    body:
      string: '{"properties":{"dataSourceType":"CustomLogs","storageAccountIds":["/subscriptions/00000000-0000-0000-0000-000000000000/resourceGroups/cli_test_monitor_workspace_linked_storage000001/providers/Microsoft.Storage/storageAccounts/saws1000002"]},"location":"eastus","id":"/subscriptions/00000000-0000-0000-0000-000000000000/resourceGroups/cli_test_monitor_workspace_linked_storage000001/providers/Microsoft.OperationalInsights/workspaces/clitest000006/linkedstorageaccounts/CustomLogs","name":"CustomLogs","type":"Microsoft.OperationalInsights/workspaces/linkedstorageaccounts"}'
    headers:
      access-control-allow-origin:
      - '*'
      api-supported-versions:
      - '2020-08-01'
      cache-control:
      - no-cache
      content-length:
      - '573'
      content-type:
      - application/json; charset=utf-8
      date:
      - Thu, 20 Jul 2023 09:49:08 GMT
      expires:
      - '-1'
      pragma:
      - no-cache
      request-context:
      - appId=cid-v1:e6336c63-aab2-45f0-996a-e5dbab2a1508
      strict-transport-security:
      - max-age=31536000; includeSubDomains
      transfer-encoding:
      - chunked
      vary:
      - Accept-Encoding
      x-content-type-options:
      - nosniff
      x-ms-ratelimit-remaining-subscription-writes:
      - '1199'
      x-powered-by:
      - ASP.NET
    status:
      code: 200
      message: OK
- request:
    body: null
    headers:
      Accept:
      - application/json
      Accept-Encoding:
      - gzip, deflate
      CommandName:
      - monitor log-analytics workspace linked-storage add
      Connection:
      - keep-alive
      ParameterSetName:
      - --type -g -n --storage-accounts
      User-Agent:
      - AZURECLI/2.50.0 (AAZ) azsdk-python-core/1.26.0 Python/3.10.6 (macOS-13.4.1-x86_64-i386-64bit)
    method: GET
    uri: https://management.azure.com/subscriptions/00000000-0000-0000-0000-000000000000/resourcegroups/cli_test_monitor_workspace_linked_storage000001/providers/Microsoft.OperationalInsights/workspaces/clitest000006/linkedStorageAccounts/CustomLogs?api-version=2020-08-01
  response:
    body:
      string: '{"properties":{"dataSourceType":"CustomLogs","storageAccountIds":["/subscriptions/00000000-0000-0000-0000-000000000000/resourceGroups/cli_test_monitor_workspace_linked_storage000001/providers/Microsoft.Storage/storageAccounts/saws1000002"]},"location":"eastus","id":"/subscriptions/00000000-0000-0000-0000-000000000000/resourceGroups/cli_test_monitor_workspace_linked_storage000001/providers/Microsoft.OperationalInsights/workspaces/clitest000006/linkedstorageaccounts/CustomLogs","name":"CustomLogs","type":"Microsoft.OperationalInsights/workspaces/linkedstorageaccounts"}'
    headers:
      access-control-allow-origin:
      - '*'
      api-supported-versions:
      - '2020-08-01'
      cache-control:
      - no-cache
      content-length:
      - '573'
      content-type:
      - application/json; charset=utf-8
      date:
      - Thu, 20 Jul 2023 09:49:10 GMT
      expires:
      - '-1'
      pragma:
      - no-cache
      request-context:
      - appId=cid-v1:e6336c63-aab2-45f0-996a-e5dbab2a1508
      strict-transport-security:
      - max-age=31536000; includeSubDomains
      transfer-encoding:
      - chunked
      vary:
      - Accept-Encoding
      x-content-type-options:
      - nosniff
      x-powered-by:
      - ASP.NET
    status:
      code: 200
      message: OK
- request:
    body: '{"properties": {"storageAccountIds": ["/subscriptions/00000000-0000-0000-0000-000000000000/resourceGroups/cli_test_monitor_workspace_linked_storage000001/providers/Microsoft.Storage/storageAccounts/saws1000002",
      "/subscriptions/00000000-0000-0000-0000-000000000000/resourceGroups/cli_test_monitor_workspace_linked_storage000001/providers/Microsoft.Storage/storageAccounts/saws2000003",
      "/subscriptions/00000000-0000-0000-0000-000000000000/resourceGroups/cli_test_monitor_workspace_linked_storage000001/providers/Microsoft.Storage/storageAccounts/saws3000004"]}}'
    headers:
      Accept:
      - application/json
      Accept-Encoding:
      - gzip, deflate
      CommandName:
      - monitor log-analytics workspace linked-storage add
      Connection:
      - keep-alive
      Content-Length:
      - '561'
      Content-Type:
      - application/json
      ParameterSetName:
      - --type -g -n --storage-accounts
      User-Agent:
      - AZURECLI/2.50.0 (AAZ) azsdk-python-core/1.26.0 Python/3.10.6 (macOS-13.4.1-x86_64-i386-64bit)
    method: PUT
    uri: https://management.azure.com/subscriptions/00000000-0000-0000-0000-000000000000/resourcegroups/cli_test_monitor_workspace_linked_storage000001/providers/Microsoft.OperationalInsights/workspaces/clitest000006/linkedStorageAccounts/CustomLogs?api-version=2020-08-01
  response:
    body:
      string: '{"properties":{"dataSourceType":"CustomLogs","storageAccountIds":["/subscriptions/00000000-0000-0000-0000-000000000000/resourceGroups/cli_test_monitor_workspace_linked_storage000001/providers/Microsoft.Storage/storageAccounts/saws1000002","/subscriptions/00000000-0000-0000-0000-000000000000/resourceGroups/cli_test_monitor_workspace_linked_storage000001/providers/Microsoft.Storage/storageAccounts/saws2000003","/subscriptions/00000000-0000-0000-0000-000000000000/resourceGroups/cli_test_monitor_workspace_linked_storage000001/providers/Microsoft.Storage/storageAccounts/saws3000004"]},"location":"eastus","id":"/subscriptions/00000000-0000-0000-0000-000000000000/resourceGroups/cli_test_monitor_workspace_linked_storage000001/providers/Microsoft.OperationalInsights/workspaces/clitest000006/linkedstorageaccounts/CustomLogs","name":"CustomLogs","type":"Microsoft.OperationalInsights/workspaces/linkedstorageaccounts"}'
    headers:
      access-control-allow-origin:
      - '*'
      api-supported-versions:
      - '2020-08-01'
      cache-control:
      - no-cache
      content-length:
      - '919'
      content-type:
      - application/json; charset=utf-8
      date:
      - Thu, 20 Jul 2023 09:49:10 GMT
      expires:
      - '-1'
      pragma:
      - no-cache
      request-context:
      - appId=cid-v1:e6336c63-aab2-45f0-996a-e5dbab2a1508
      strict-transport-security:
      - max-age=31536000; includeSubDomains
      transfer-encoding:
      - chunked
      vary:
      - Accept-Encoding
      x-content-type-options:
      - nosniff
      x-ms-ratelimit-remaining-subscription-writes:
      - '1199'
      x-powered-by:
      - ASP.NET
    status:
      code: 200
      message: OK
- request:
    body: null
    headers:
      Accept:
      - application/json
      Accept-Encoding:
      - gzip, deflate
      CommandName:
      - monitor log-analytics workspace linked-storage remove
      Connection:
      - keep-alive
      ParameterSetName:
      - --type -g -n --storage-accounts
      User-Agent:
      - AZURECLI/2.50.0 (AAZ) azsdk-python-core/1.26.0 Python/3.10.6 (macOS-13.4.1-x86_64-i386-64bit)
    method: GET
    uri: https://management.azure.com/subscriptions/00000000-0000-0000-0000-000000000000/resourcegroups/cli_test_monitor_workspace_linked_storage000001/providers/Microsoft.OperationalInsights/workspaces/clitest000006/linkedStorageAccounts/CustomLogs?api-version=2020-08-01
  response:
    body:
      string: '{"properties":{"dataSourceType":"CustomLogs","storageAccountIds":["/subscriptions/00000000-0000-0000-0000-000000000000/resourceGroups/cli_test_monitor_workspace_linked_storage000001/providers/Microsoft.Storage/storageAccounts/saws1000002","/subscriptions/00000000-0000-0000-0000-000000000000/resourceGroups/cli_test_monitor_workspace_linked_storage000001/providers/Microsoft.Storage/storageAccounts/saws2000003","/subscriptions/00000000-0000-0000-0000-000000000000/resourceGroups/cli_test_monitor_workspace_linked_storage000001/providers/Microsoft.Storage/storageAccounts/saws3000004"]},"location":"eastus","id":"/subscriptions/00000000-0000-0000-0000-000000000000/resourceGroups/cli_test_monitor_workspace_linked_storage000001/providers/Microsoft.OperationalInsights/workspaces/clitest000006/linkedstorageaccounts/CustomLogs","name":"CustomLogs","type":"Microsoft.OperationalInsights/workspaces/linkedstorageaccounts"}'
    headers:
      access-control-allow-origin:
      - '*'
      api-supported-versions:
      - '2020-08-01'
      cache-control:
      - no-cache
      content-length:
      - '919'
      content-type:
      - application/json; charset=utf-8
      date:
      - Thu, 20 Jul 2023 09:49:11 GMT
      expires:
      - '-1'
      pragma:
      - no-cache
      request-context:
      - appId=cid-v1:e6336c63-aab2-45f0-996a-e5dbab2a1508
      strict-transport-security:
      - max-age=31536000; includeSubDomains
      transfer-encoding:
      - chunked
      vary:
      - Accept-Encoding
      x-content-type-options:
      - nosniff
      x-powered-by:
      - ASP.NET
    status:
      code: 200
      message: OK
- request:
    body: '{"properties": {"storageAccountIds": ["/subscriptions/00000000-0000-0000-0000-000000000000/resourceGroups/cli_test_monitor_workspace_linked_storage000001/providers/Microsoft.Storage/storageAccounts/saws2000003",
      "/subscriptions/00000000-0000-0000-0000-000000000000/resourceGroups/cli_test_monitor_workspace_linked_storage000001/providers/Microsoft.Storage/storageAccounts/saws3000004"]}}'
    headers:
      Accept:
      - application/json
      Accept-Encoding:
      - gzip, deflate
      CommandName:
      - monitor log-analytics workspace linked-storage remove
      Connection:
      - keep-alive
      Content-Length:
      - '387'
      Content-Type:
      - application/json
      ParameterSetName:
      - --type -g -n --storage-accounts
      User-Agent:
      - AZURECLI/2.50.0 (AAZ) azsdk-python-core/1.26.0 Python/3.10.6 (macOS-13.4.1-x86_64-i386-64bit)
    method: PUT
    uri: https://management.azure.com/subscriptions/00000000-0000-0000-0000-000000000000/resourcegroups/cli_test_monitor_workspace_linked_storage000001/providers/Microsoft.OperationalInsights/workspaces/clitest000006/linkedStorageAccounts/CustomLogs?api-version=2020-08-01
  response:
    body:
      string: '{"properties":{"dataSourceType":"CustomLogs","storageAccountIds":["/subscriptions/00000000-0000-0000-0000-000000000000/resourceGroups/cli_test_monitor_workspace_linked_storage000001/providers/Microsoft.Storage/storageAccounts/saws2000003","/subscriptions/00000000-0000-0000-0000-000000000000/resourceGroups/cli_test_monitor_workspace_linked_storage000001/providers/Microsoft.Storage/storageAccounts/saws3000004"]},"location":"eastus","id":"/subscriptions/00000000-0000-0000-0000-000000000000/resourceGroups/cli_test_monitor_workspace_linked_storage000001/providers/Microsoft.OperationalInsights/workspaces/clitest000006/linkedstorageaccounts/CustomLogs","name":"CustomLogs","type":"Microsoft.OperationalInsights/workspaces/linkedstorageaccounts"}'
    headers:
      access-control-allow-origin:
      - '*'
      api-supported-versions:
      - '2020-08-01'
      cache-control:
      - no-cache
      content-length:
      - '746'
      content-type:
      - application/json; charset=utf-8
      date:
      - Thu, 20 Jul 2023 09:49:12 GMT
      expires:
      - '-1'
      pragma:
      - no-cache
      request-context:
      - appId=cid-v1:e6336c63-aab2-45f0-996a-e5dbab2a1508
      strict-transport-security:
      - max-age=31536000; includeSubDomains
      transfer-encoding:
      - chunked
      vary:
      - Accept-Encoding
      x-content-type-options:
      - nosniff
      x-ms-ratelimit-remaining-subscription-writes:
      - '1198'
      x-powered-by:
      - ASP.NET
    status:
      code: 200
      message: OK
- request:
    body: null
    headers:
      Accept:
      - application/json
      Accept-Encoding:
      - gzip, deflate
      CommandName:
      - monitor log-analytics workspace linked-storage show
      Connection:
      - keep-alive
      ParameterSetName:
      - --type -g -n
      User-Agent:
      - AZURECLI/2.50.0 (AAZ) azsdk-python-core/1.26.0 Python/3.10.6 (macOS-13.4.1-x86_64-i386-64bit)
    method: GET
    uri: https://management.azure.com/subscriptions/00000000-0000-0000-0000-000000000000/resourcegroups/cli_test_monitor_workspace_linked_storage000001/providers/Microsoft.OperationalInsights/workspaces/clitest000006/linkedStorageAccounts/CustomLogs?api-version=2020-08-01
  response:
    body:
      string: '{"properties":{"dataSourceType":"CustomLogs","storageAccountIds":["/subscriptions/00000000-0000-0000-0000-000000000000/resourceGroups/cli_test_monitor_workspace_linked_storage000001/providers/Microsoft.Storage/storageAccounts/saws2000003","/subscriptions/00000000-0000-0000-0000-000000000000/resourceGroups/cli_test_monitor_workspace_linked_storage000001/providers/Microsoft.Storage/storageAccounts/saws3000004"]},"location":"eastus","id":"/subscriptions/00000000-0000-0000-0000-000000000000/resourceGroups/cli_test_monitor_workspace_linked_storage000001/providers/Microsoft.OperationalInsights/workspaces/clitest000006/linkedstorageaccounts/CustomLogs","name":"CustomLogs","type":"Microsoft.OperationalInsights/workspaces/linkedstorageaccounts"}'
    headers:
      access-control-allow-origin:
      - '*'
      api-supported-versions:
      - '2020-08-01'
      cache-control:
      - no-cache
      content-length:
      - '746'
      content-type:
      - application/json; charset=utf-8
      date:
      - Thu, 20 Jul 2023 09:49:15 GMT
      expires:
      - '-1'
      pragma:
      - no-cache
      request-context:
      - appId=cid-v1:e6336c63-aab2-45f0-996a-e5dbab2a1508
      strict-transport-security:
      - max-age=31536000; includeSubDomains
      transfer-encoding:
      - chunked
      vary:
      - Accept-Encoding
      x-content-type-options:
      - nosniff
      x-powered-by:
      - ASP.NET
    status:
      code: 200
      message: OK
- request:
    body: null
    headers:
      Accept:
      - application/json
      Accept-Encoding:
      - gzip, deflate
      CommandName:
      - monitor log-analytics workspace create
      Connection:
      - keep-alive
      ParameterSetName:
      - -g -n --tags
      User-Agent:
      - AZURECLI/2.50.0 azsdk-python-azure-mgmt-resource/23.1.0b2 Python/3.10.6 (macOS-13.4.1-x86_64-i386-64bit)
    method: GET
    uri: https://management.azure.com/subscriptions/00000000-0000-0000-0000-000000000000/resourcegroups/cli_test_monitor_workspace_linked_storage000001?api-version=2022-09-01
  response:
    body:
      string: '{"id":"/subscriptions/00000000-0000-0000-0000-000000000000/resourceGroups/cli_test_monitor_workspace_linked_storage000001","name":"cli_test_monitor_workspace_linked_storage000001","type":"Microsoft.Resources/resourceGroups","location":"eastus","tags":{"product":"azurecli","cause":"automation","test":"test_monitor_log_analytics_workspace_linked_storage","date":"2023-07-20T09:47:05Z","module":"monitor"},"properties":{"provisioningState":"Succeeded"}}'
    headers:
      cache-control:
      - no-cache
      content-length:
      - '452'
      content-type:
      - application/json; charset=utf-8
      date:
      - Thu, 20 Jul 2023 09:49:15 GMT
      expires:
      - '-1'
      pragma:
      - no-cache
      strict-transport-security:
      - max-age=31536000; includeSubDomains
      vary:
      - Accept-Encoding
      x-content-type-options:
      - nosniff
    status:
      code: 200
      message: OK
- request:
    body: '{"location": "eastus", "properties": {"publicNetworkAccessForIngestion":
      "Enabled", "publicNetworkAccessForQuery": "Enabled", "retentionInDays": 30,
      "sku": {"name": "PerGB2018"}}, "tags": {"clitest": "myron"}}'
    headers:
      Accept:
      - application/json
      Accept-Encoding:
      - gzip, deflate
      CommandName:
      - monitor log-analytics workspace create
      Connection:
      - keep-alive
      Content-Length:
      - '209'
      Content-Type:
      - application/json
      ParameterSetName:
      - -g -n --tags
      User-Agent:
      - AZURECLI/2.50.0 (AAZ) azsdk-python-core/1.26.0 Python/3.10.6 (macOS-13.4.1-x86_64-i386-64bit)
    method: PUT
    uri: https://management.azure.com/subscriptions/00000000-0000-0000-0000-000000000000/resourcegroups/cli_test_monitor_workspace_linked_storage000001/providers/Microsoft.OperationalInsights/workspaces/clitest000007?api-version=2022-10-01
  response:
    body:
      string: '{"properties":{"customerId":"d726f7cc-2ff3-43df-a951-e59abc947dad","provisioningState":"Creating","sku":{"name":"PerGB2018","lastSkuUpdate":"2023-07-20T09:49:25.5497484Z"},"retentionInDays":30,"features":{"legacy":0,"searchVersion":1,"enableLogAccessUsingOnlyResourcePermissions":true},"workspaceCapping":{"dailyQuotaGb":-1.0,"quotaNextResetTime":"2023-07-20T22:00:00Z","dataIngestionStatus":"RespectQuota"},"publicNetworkAccessForIngestion":"Enabled","publicNetworkAccessForQuery":"Enabled","createdDate":"2023-07-20T09:49:25.5497484Z","modifiedDate":"2023-07-20T09:49:25.5497484Z"},"location":"eastus","tags":{"clitest":"myron"},"id":"/subscriptions/00000000-0000-0000-0000-000000000000/resourceGroups/cli_test_monitor_workspace_linked_storage000001/providers/Microsoft.OperationalInsights/workspaces/clitest000007","name":"clitest000007","type":"Microsoft.OperationalInsights/workspaces"}'
    headers:
      access-control-allow-origin:
      - '*'
      api-supported-versions:
      - 2015-03-20, 2020-08-01, 2020-10-01, 2021-06-01, 2022-10-01
      cache-control:
      - no-cache
      content-length:
      - '891'
      content-type:
      - application/json; charset=utf-8
      date:
      - Thu, 20 Jul 2023 09:49:38 GMT
      expires:
      - '-1'
      location:
      - https://management.azure.com/subscriptions/00000000-0000-0000-0000-000000000000/resourceGroups/cli_test_monitor_workspace_linked_storage000001/providers/Microsoft.OperationalInsights/workspaces/clitest000007?api-version=2022-10-01
      pragma:
      - no-cache
      request-context:
      - appId=cid-v1:e6336c63-aab2-45f0-996a-e5dbab2a1508
      strict-transport-security:
      - max-age=31536000; includeSubDomains
      x-content-type-options:
      - nosniff
      x-ms-ratelimit-remaining-subscription-writes:
      - '1199'
      x-powered-by:
      - ASP.NET
    status:
      code: 201
      message: Created
- request:
    body: null
    headers:
      Accept:
      - '*/*'
      Accept-Encoding:
      - gzip, deflate
      CommandName:
      - monitor log-analytics workspace create
      Connection:
      - keep-alive
      ParameterSetName:
      - -g -n --tags
      User-Agent:
      - AZURECLI/2.50.0 (AAZ) azsdk-python-core/1.26.0 Python/3.10.6 (macOS-13.4.1-x86_64-i386-64bit)
    method: GET
    uri: https://management.azure.com/subscriptions/00000000-0000-0000-0000-000000000000/resourceGroups/cli_test_monitor_workspace_linked_storage000001/providers/Microsoft.OperationalInsights/workspaces/clitest000007?api-version=2022-10-01
  response:
    body:
      string: '{"properties":{"customerId":"d726f7cc-2ff3-43df-a951-e59abc947dad","provisioningState":"Succeeded","sku":{"name":"PerGB2018","lastSkuUpdate":"2023-07-20T09:49:25.5497484Z"},"retentionInDays":30,"features":{"legacy":0,"searchVersion":1,"enableLogAccessUsingOnlyResourcePermissions":true},"workspaceCapping":{"dailyQuotaGb":-1.0,"quotaNextResetTime":"2023-07-20T22:00:00Z","dataIngestionStatus":"RespectQuota"},"publicNetworkAccessForIngestion":"Enabled","publicNetworkAccessForQuery":"Enabled","createdDate":"2023-07-20T09:49:25.5497484Z","modifiedDate":"2023-07-20T09:49:25.5497484Z"},"location":"eastus","tags":{"clitest":"myron"},"id":"/subscriptions/00000000-0000-0000-0000-000000000000/resourceGroups/cli_test_monitor_workspace_linked_storage000001/providers/Microsoft.OperationalInsights/workspaces/clitest000007","name":"clitest000007","type":"Microsoft.OperationalInsights/workspaces"}'
    headers:
      access-control-allow-origin:
      - '*'
      api-supported-versions:
      - 2015-03-20, 2020-08-01, 2020-10-01, 2021-06-01, 2022-10-01
      cache-control:
      - no-cache
      content-length:
      - '892'
      content-type:
      - application/json; charset=utf-8
      date:
      - Thu, 20 Jul 2023 09:49:38 GMT
      expires:
      - '-1'
      pragma:
      - no-cache
      request-context:
      - appId=cid-v1:e6336c63-aab2-45f0-996a-e5dbab2a1508
      strict-transport-security:
      - max-age=31536000; includeSubDomains
      transfer-encoding:
      - chunked
      vary:
      - Accept-Encoding
      x-content-type-options:
      - nosniff
      x-powered-by:
      - ASP.NET
    status:
      code: 200
      message: OK
- request:
    body: '{"properties": {"storageAccountIds": ["/subscriptions/00000000-0000-0000-0000-000000000000/resourceGroups/cli_test_monitor_workspace_linked_storage000001/providers/Microsoft.Storage/storageAccounts/saws1000002"]}}'
    headers:
      Accept:
      - application/json
      Accept-Encoding:
      - gzip, deflate
      CommandName:
      - monitor log-analytics workspace linked-storage create
      Connection:
      - keep-alive
      Content-Length:
      - '213'
      Content-Type:
      - application/json
      ParameterSetName:
      - --type -g -n --storage-accounts
      User-Agent:
      - AZURECLI/2.50.0 (AAZ) azsdk-python-core/1.26.0 Python/3.10.6 (macOS-13.4.1-x86_64-i386-64bit)
    method: PUT
    uri: https://management.azure.com/subscriptions/00000000-0000-0000-0000-000000000000/resourcegroups/cli_test_monitor_workspace_linked_storage000001/providers/Microsoft.OperationalInsights/workspaces/clitest000006/linkedStorageAccounts/AzureWatson?api-version=2020-08-01
  response:
    body:
      string: '{"properties":{"dataSourceType":"AzureWatson","storageAccountIds":["/subscriptions/00000000-0000-0000-0000-000000000000/resourceGroups/cli_test_monitor_workspace_linked_storage000001/providers/Microsoft.Storage/storageAccounts/saws1000002"]},"location":"eastus","id":"/subscriptions/00000000-0000-0000-0000-000000000000/resourceGroups/cli_test_monitor_workspace_linked_storage000001/providers/Microsoft.OperationalInsights/workspaces/clitest000006/linkedstorageaccounts/AzureWatson","name":"AzureWatson","type":"Microsoft.OperationalInsights/workspaces/linkedstorageaccounts"}'
    headers:
      access-control-allow-origin:
      - '*'
      api-supported-versions:
      - '2020-08-01'
      cache-control:
      - no-cache
      content-length:
      - '576'
      content-type:
      - application/json; charset=utf-8
      date:
      - Thu, 20 Jul 2023 09:49:41 GMT
      expires:
      - '-1'
      pragma:
      - no-cache
      request-context:
      - appId=cid-v1:e6336c63-aab2-45f0-996a-e5dbab2a1508
      strict-transport-security:
      - max-age=31536000; includeSubDomains
      transfer-encoding:
      - chunked
      vary:
      - Accept-Encoding
      x-content-type-options:
      - nosniff
      x-ms-ratelimit-remaining-subscription-writes:
      - '1199'
      x-powered-by:
      - ASP.NET
    status:
      code: 200
      message: OK
- request:
    body: null
    headers:
      Accept:
      - application/json
      Accept-Encoding:
      - gzip, deflate
      CommandName:
      - monitor log-analytics workspace linked-storage list
      Connection:
      - keep-alive
      ParameterSetName:
      - -g -n
      User-Agent:
      - AZURECLI/2.50.0 (AAZ) azsdk-python-core/1.26.0 Python/3.10.6 (macOS-13.4.1-x86_64-i386-64bit)
    method: GET
    uri: https://management.azure.com/subscriptions/00000000-0000-0000-0000-000000000000/resourceGroups/cli_test_monitor_workspace_linked_storage000001/providers/Microsoft.OperationalInsights/workspaces/clitest000006/linkedStorageAccounts?api-version=2020-08-01
  response:
    body:
      string: '{"value":[{"properties":{"dataSourceType":"CustomLogs","storageAccountIds":["/subscriptions/00000000-0000-0000-0000-000000000000/resourceGroups/cli_test_monitor_workspace_linked_storage000001/providers/Microsoft.Storage/storageAccounts/saws2000003","/subscriptions/00000000-0000-0000-0000-000000000000/resourceGroups/cli_test_monitor_workspace_linked_storage000001/providers/Microsoft.Storage/storageAccounts/saws3000004"]},"location":"eastus","id":"/subscriptions/00000000-0000-0000-0000-000000000000/resourceGroups/cli_test_monitor_workspace_linked_storage000001/providers/Microsoft.OperationalInsights/workspaces/clitest000006/linkedstorageaccounts/CustomLogs","name":"CustomLogs","type":"Microsoft.OperationalInsights/workspaces/linkedstorageaccounts"},{"properties":{"dataSourceType":"AzureWatson","storageAccountIds":["/subscriptions/00000000-0000-0000-0000-000000000000/resourceGroups/cli_test_monitor_workspace_linked_storage000001/providers/Microsoft.Storage/storageAccounts/saws1000002"]},"location":"eastus","id":"/subscriptions/00000000-0000-0000-0000-000000000000/resourceGroups/cli_test_monitor_workspace_linked_storage000001/providers/Microsoft.OperationalInsights/workspaces/clitest000006/linkedstorageaccounts/AzureWatson","name":"AzureWatson","type":"Microsoft.OperationalInsights/workspaces/linkedstorageaccounts"}]}'
    headers:
      access-control-allow-origin:
      - '*'
      api-supported-versions:
      - '2020-08-01'
      cache-control:
      - no-cache
      content-length:
      - '1335'
      content-type:
      - application/json; charset=utf-8
      date:
      - Thu, 20 Jul 2023 09:49:43 GMT
      expires:
      - '-1'
      pragma:
      - no-cache
      request-context:
      - appId=cid-v1:e6336c63-aab2-45f0-996a-e5dbab2a1508
      strict-transport-security:
      - max-age=31536000; includeSubDomains
      transfer-encoding:
      - chunked
      vary:
      - Accept-Encoding
      x-content-type-options:
      - nosniff
      x-powered-by:
      - ASP.NET
    status:
      code: 200
      message: OK
- request:
    body: null
    headers:
      Accept:
      - '*/*'
      Accept-Encoding:
      - gzip, deflate
      CommandName:
      - monitor log-analytics workspace linked-storage delete
      Connection:
      - keep-alive
      Content-Length:
      - '0'
      ParameterSetName:
      - --type -g -n -y
      User-Agent:
      - AZURECLI/2.50.0 (AAZ) azsdk-python-core/1.26.0 Python/3.10.6 (macOS-13.4.1-x86_64-i386-64bit)
    method: DELETE
    uri: https://management.azure.com/subscriptions/00000000-0000-0000-0000-000000000000/resourcegroups/cli_test_monitor_workspace_linked_storage000001/providers/Microsoft.OperationalInsights/workspaces/clitest000006/linkedStorageAccounts/AzureWatson?api-version=2020-08-01
  response:
    body:
      string: ''
    headers:
      access-control-allow-origin:
      - '*'
      api-supported-versions:
      - '2020-08-01'
      cache-control:
      - no-cache
      content-length:
      - '0'
      date:
      - Thu, 20 Jul 2023 09:49:44 GMT
      expires:
      - '-1'
      pragma:
      - no-cache
      request-context:
      - appId=cid-v1:e6336c63-aab2-45f0-996a-e5dbab2a1508
      strict-transport-security:
      - max-age=31536000; includeSubDomains
      x-content-type-options:
      - nosniff
      x-ms-ratelimit-remaining-subscription-deletes:
      - '14999'
      x-powered-by:
      - ASP.NET
    status:
      code: 200
      message: OK
- request:
    body: null
    headers:
      Accept:
      - application/json
      Accept-Encoding:
      - gzip, deflate
      CommandName:
      - monitor log-analytics workspace linked-storage list
      Connection:
      - keep-alive
      ParameterSetName:
      - -g -n
      User-Agent:
      - AZURECLI/2.50.0 (AAZ) azsdk-python-core/1.26.0 Python/3.10.6 (macOS-13.4.1-x86_64-i386-64bit)
    method: GET
    uri: https://management.azure.com/subscriptions/00000000-0000-0000-0000-000000000000/resourceGroups/cli_test_monitor_workspace_linked_storage000001/providers/Microsoft.OperationalInsights/workspaces/clitest000006/linkedStorageAccounts?api-version=2020-08-01
  response:
    body:
      string: '{"value":[{"properties":{"dataSourceType":"CustomLogs","storageAccountIds":["/subscriptions/00000000-0000-0000-0000-000000000000/resourceGroups/cli_test_monitor_workspace_linked_storage000001/providers/Microsoft.Storage/storageAccounts/saws2000003","/subscriptions/00000000-0000-0000-0000-000000000000/resourceGroups/cli_test_monitor_workspace_linked_storage000001/providers/Microsoft.Storage/storageAccounts/saws3000004"]},"location":"eastus","id":"/subscriptions/00000000-0000-0000-0000-000000000000/resourceGroups/cli_test_monitor_workspace_linked_storage000001/providers/Microsoft.OperationalInsights/workspaces/clitest000006/linkedstorageaccounts/CustomLogs","name":"CustomLogs","type":"Microsoft.OperationalInsights/workspaces/linkedstorageaccounts"}]}'
    headers:
      access-control-allow-origin:
      - '*'
      api-supported-versions:
      - '2020-08-01'
      cache-control:
      - no-cache
      content-length:
      - '758'
      content-type:
      - application/json; charset=utf-8
      date:
      - Thu, 20 Jul 2023 09:49:45 GMT
      expires:
      - '-1'
      pragma:
      - no-cache
      request-context:
      - appId=cid-v1:e6336c63-aab2-45f0-996a-e5dbab2a1508
      strict-transport-security:
      - max-age=31536000; includeSubDomains
      transfer-encoding:
      - chunked
      vary:
      - Accept-Encoding
      x-content-type-options:
      - nosniff
      x-powered-by:
      - ASP.NET
    status:
      code: 200
      message: OK
version: 1
