interactions:
- request:
    body: null
    headers:
      Accept:
      - application/json
      Accept-Encoding:
      - gzip, deflate
      CommandName:
      - network public-ip create
      Connection:
      - keep-alive
      ParameterSetName:
      - -g -n
      User-Agent:
      - python/3.7.4 (Windows-10-10.0.18362-SP0) msrest/0.6.9 msrest_azure/0.6.3 azure-mgmt-resource/8.0.1
        Azure-SDK-For-Python AZURECLI/2.3.1
      accept-language:
      - en-US
    method: GET
    uri: https://management.azure.com/subscriptions/00000000-0000-0000-0000-000000000000/resourcegroups/cli_test_metric_alert_clone000001?api-version=2019-07-01
  response:
    body:
      string: '{"id":"/subscriptions/00000000-0000-0000-0000-000000000000/resourceGroups/cli_test_metric_alert_clone000001","name":"cli_test_metric_alert_clone000001","type":"Microsoft.Resources/resourceGroups","location":"westus","tags":{"product":"azurecli","cause":"automation","date":"2020-04-07T00:32:52Z","StorageType":"Standard_LRS","type":"test"},"properties":{"provisioningState":"Succeeded"}}'
    headers:
      cache-control:
      - no-cache
      content-length:
      - '471'
      content-type:
      - application/json; charset=utf-8
      date:
      - Tue, 07 Apr 2020 00:32:59 GMT
      expires:
      - '-1'
      pragma:
      - no-cache
      strict-transport-security:
      - max-age=31536000; includeSubDomains
      vary:
      - Accept-Encoding
      x-content-type-options:
      - nosniff
    status:
      code: 200
      message: OK
- request:
    body: '{"location": "westus", "properties": {"publicIPAllocationMethod": "Dynamic",
      "publicIPAddressVersion": "IPv4", "idleTimeoutInMinutes": 4}}'
    headers:
      Accept:
      - application/json
      Accept-Encoding:
      - gzip, deflate
      CommandName:
      - network public-ip create
      Connection:
      - keep-alive
      Content-Length:
      - '138'
      Content-Type:
      - application/json; charset=utf-8
      ParameterSetName:
      - -g -n
      User-Agent:
      - python/3.7.4 (Windows-10-10.0.18362-SP0) msrest/0.6.9 msrest_azure/0.6.3 azure-mgmt-network/10.0.0
        Azure-SDK-For-Python AZURECLI/2.3.1
      accept-language:
      - en-US
    method: PUT
    uri: https://management.azure.com/subscriptions/00000000-0000-0000-0000-000000000000/resourceGroups/cli_test_metric_alert_clone000001/providers/Microsoft.Network/publicIPAddresses/ip1?api-version=2020-03-01
  response:
    body:
      string: "{\r\n  \"name\": \"ip1\",\r\n  \"id\": \"/subscriptions/00000000-0000-0000-0000-000000000000/resourceGroups/cli_test_metric_alert_clone000001/providers/Microsoft.Network/publicIPAddresses/ip1\",\r\n
        \ \"etag\": \"W/\\\"9765a77e-24af-45d9-a276-ba38a6db186f\\\"\",\r\n  \"location\":
        \"westus\",\r\n  \"properties\": {\r\n    \"provisioningState\": \"Updating\",\r\n
        \   \"resourceGuid\": \"17a49e4e-d11f-4f0a-96d9-842346408418\",\r\n    \"publicIPAddressVersion\":
        \"IPv4\",\r\n    \"publicIPAllocationMethod\": \"Dynamic\",\r\n    \"idleTimeoutInMinutes\":
        4,\r\n    \"ipTags\": []\r\n  },\r\n  \"type\": \"Microsoft.Network/publicIPAddresses\",\r\n
        \ \"sku\": {\r\n    \"name\": \"Basic\"\r\n  }\r\n}"
    headers:
      azure-asyncnotification:
      - Enabled
      azure-asyncoperation:
      - https://management.azure.com/subscriptions/00000000-0000-0000-0000-000000000000/providers/Microsoft.Network/locations/westus/operations/a28f963d-9d69-4a44-8c8e-579f7330ea74?api-version=2020-03-01
      cache-control:
      - no-cache
      content-length:
      - '654'
      content-type:
      - application/json; charset=utf-8
      date:
      - Tue, 07 Apr 2020 00:33:03 GMT
      expires:
      - '-1'
      pragma:
      - no-cache
      server:
      - Microsoft-HTTPAPI/2.0
      - Microsoft-HTTPAPI/2.0
      strict-transport-security:
      - max-age=31536000; includeSubDomains
      x-content-type-options:
      - nosniff
      x-ms-arm-service-request-id:
      - 3107bc92-74e9-4e83-b1c8-a29be9fa213e
      x-ms-ratelimit-remaining-subscription-writes:
      - '1195'
    status:
      code: 201
      message: Created
- request:
    body: null
    headers:
      Accept:
      - application/json
      Accept-Encoding:
      - gzip, deflate
      CommandName:
      - network public-ip create
      Connection:
      - keep-alive
      ParameterSetName:
      - -g -n
      User-Agent:
      - python/3.7.4 (Windows-10-10.0.18362-SP0) msrest/0.6.9 msrest_azure/0.6.3 azure-mgmt-network/10.0.0
        Azure-SDK-For-Python AZURECLI/2.3.1
    method: GET
    uri: https://management.azure.com/subscriptions/00000000-0000-0000-0000-000000000000/providers/Microsoft.Network/locations/westus/operations/a28f963d-9d69-4a44-8c8e-579f7330ea74?api-version=2020-03-01
  response:
    body:
      string: "{\r\n  \"status\": \"Succeeded\"\r\n}"
    headers:
      cache-control:
      - no-cache
      content-length:
      - '29'
      content-type:
      - application/json; charset=utf-8
      date:
      - Tue, 07 Apr 2020 00:33:05 GMT
      expires:
      - '-1'
      pragma:
      - no-cache
      server:
      - Microsoft-HTTPAPI/2.0
      - Microsoft-HTTPAPI/2.0
      strict-transport-security:
      - max-age=31536000; includeSubDomains
      transfer-encoding:
      - chunked
      vary:
      - Accept-Encoding
      x-content-type-options:
      - nosniff
      x-ms-arm-service-request-id:
      - 3ff2617f-ce2c-4c64-9f06-02f180aee726
    status:
      code: 200
      message: OK
- request:
    body: null
    headers:
      Accept:
      - application/json
      Accept-Encoding:
      - gzip, deflate
      CommandName:
      - network public-ip create
      Connection:
      - keep-alive
      ParameterSetName:
      - -g -n
      User-Agent:
      - python/3.7.4 (Windows-10-10.0.18362-SP0) msrest/0.6.9 msrest_azure/0.6.3 azure-mgmt-network/10.0.0
        Azure-SDK-For-Python AZURECLI/2.3.1
    method: GET
    uri: https://management.azure.com/subscriptions/00000000-0000-0000-0000-000000000000/resourceGroups/cli_test_metric_alert_clone000001/providers/Microsoft.Network/publicIPAddresses/ip1?api-version=2020-03-01
  response:
    body:
      string: "{\r\n  \"name\": \"ip1\",\r\n  \"id\": \"/subscriptions/00000000-0000-0000-0000-000000000000/resourceGroups/cli_test_metric_alert_clone000001/providers/Microsoft.Network/publicIPAddresses/ip1\",\r\n
        \ \"etag\": \"W/\\\"b0fe28a5-9158-4001-9eca-b585c627bd98\\\"\",\r\n  \"location\":
        \"westus\",\r\n  \"properties\": {\r\n    \"provisioningState\": \"Succeeded\",\r\n
        \   \"resourceGuid\": \"17a49e4e-d11f-4f0a-96d9-842346408418\",\r\n    \"publicIPAddressVersion\":
        \"IPv4\",\r\n    \"publicIPAllocationMethod\": \"Dynamic\",\r\n    \"idleTimeoutInMinutes\":
        4,\r\n    \"ipTags\": []\r\n  },\r\n  \"type\": \"Microsoft.Network/publicIPAddresses\",\r\n
        \ \"sku\": {\r\n    \"name\": \"Basic\"\r\n  }\r\n}"
    headers:
      cache-control:
      - no-cache
      content-length:
      - '655'
      content-type:
      - application/json; charset=utf-8
      date:
      - Tue, 07 Apr 2020 00:33:05 GMT
      etag:
      - W/"b0fe28a5-9158-4001-9eca-b585c627bd98"
      expires:
      - '-1'
      pragma:
      - no-cache
      server:
      - Microsoft-HTTPAPI/2.0
      - Microsoft-HTTPAPI/2.0
      strict-transport-security:
      - max-age=31536000; includeSubDomains
      transfer-encoding:
      - chunked
      vary:
      - Accept-Encoding
      x-content-type-options:
      - nosniff
      x-ms-arm-service-request-id:
      - 26c161b7-48b9-467a-870a-a63ece28ccf1
    status:
      code: 200
      message: OK
- request:
    body: null
    headers:
      Accept:
      - application/json
      Accept-Encoding:
      - gzip, deflate
      CommandName:
      - network public-ip create
      Connection:
      - keep-alive
      ParameterSetName:
      - -g -n
      User-Agent:
      - python/3.7.4 (Windows-10-10.0.18362-SP0) msrest/0.6.9 msrest_azure/0.6.3 azure-mgmt-resource/8.0.1
        Azure-SDK-For-Python AZURECLI/2.3.1
      accept-language:
      - en-US
    method: GET
    uri: https://management.azure.com/subscriptions/00000000-0000-0000-0000-000000000000/resourcegroups/cli_test_metric_alert_clone000001?api-version=2019-07-01
  response:
    body:
      string: '{"id":"/subscriptions/00000000-0000-0000-0000-000000000000/resourceGroups/cli_test_metric_alert_clone000001","name":"cli_test_metric_alert_clone000001","type":"Microsoft.Resources/resourceGroups","location":"westus","tags":{"product":"azurecli","cause":"automation","date":"2020-04-07T00:32:52Z","StorageType":"Standard_LRS","type":"test"},"properties":{"provisioningState":"Succeeded"}}'
    headers:
      cache-control:
      - no-cache
      content-length:
      - '471'
      content-type:
      - application/json; charset=utf-8
      date:
      - Tue, 07 Apr 2020 00:33:06 GMT
      expires:
      - '-1'
      pragma:
      - no-cache
      strict-transport-security:
      - max-age=31536000; includeSubDomains
      vary:
      - Accept-Encoding
      x-content-type-options:
      - nosniff
    status:
      code: 200
      message: OK
- request:
    body: '{"location": "westus", "properties": {"publicIPAllocationMethod": "Dynamic",
      "publicIPAddressVersion": "IPv4", "idleTimeoutInMinutes": 4}}'
    headers:
      Accept:
      - application/json
      Accept-Encoding:
      - gzip, deflate
      CommandName:
      - network public-ip create
      Connection:
      - keep-alive
      Content-Length:
      - '138'
      Content-Type:
      - application/json; charset=utf-8
      ParameterSetName:
      - -g -n
      User-Agent:
      - python/3.7.4 (Windows-10-10.0.18362-SP0) msrest/0.6.9 msrest_azure/0.6.3 azure-mgmt-network/10.0.0
        Azure-SDK-For-Python AZURECLI/2.3.1
      accept-language:
      - en-US
    method: PUT
    uri: https://management.azure.com/subscriptions/00000000-0000-0000-0000-000000000000/resourceGroups/cli_test_metric_alert_clone000001/providers/Microsoft.Network/publicIPAddresses/ip2?api-version=2020-03-01
  response:
    body:
      string: "{\r\n  \"name\": \"ip2\",\r\n  \"id\": \"/subscriptions/00000000-0000-0000-0000-000000000000/resourceGroups/cli_test_metric_alert_clone000001/providers/Microsoft.Network/publicIPAddresses/ip2\",\r\n
        \ \"etag\": \"W/\\\"b93cc77d-c4e2-4e66-8a47-eba33639ec26\\\"\",\r\n  \"location\":
        \"westus\",\r\n  \"properties\": {\r\n    \"provisioningState\": \"Updating\",\r\n
        \   \"resourceGuid\": \"ff864e76-cb07-40d0-937b-515e522dc49b\",\r\n    \"publicIPAddressVersion\":
        \"IPv4\",\r\n    \"publicIPAllocationMethod\": \"Dynamic\",\r\n    \"idleTimeoutInMinutes\":
        4,\r\n    \"ipTags\": []\r\n  },\r\n  \"type\": \"Microsoft.Network/publicIPAddresses\",\r\n
        \ \"sku\": {\r\n    \"name\": \"Basic\"\r\n  }\r\n}"
    headers:
      azure-asyncnotification:
      - Enabled
      azure-asyncoperation:
      - https://management.azure.com/subscriptions/00000000-0000-0000-0000-000000000000/providers/Microsoft.Network/locations/westus/operations/e0fdab6c-aa2c-4dfc-b7df-e0cf3cb0f92a?api-version=2020-03-01
      cache-control:
      - no-cache
      content-length:
      - '654'
      content-type:
      - application/json; charset=utf-8
      date:
      - Tue, 07 Apr 2020 00:33:12 GMT
      expires:
      - '-1'
      pragma:
      - no-cache
      server:
      - Microsoft-HTTPAPI/2.0
      - Microsoft-HTTPAPI/2.0
      strict-transport-security:
      - max-age=31536000; includeSubDomains
      x-content-type-options:
      - nosniff
      x-ms-arm-service-request-id:
      - 40ce02ce-7008-42d3-99c7-c5c97503c6f3
      x-ms-ratelimit-remaining-subscription-writes:
      - '1191'
    status:
      code: 201
      message: Created
- request:
    body: null
    headers:
      Accept:
      - application/json
      Accept-Encoding:
      - gzip, deflate
      CommandName:
      - network public-ip create
      Connection:
      - keep-alive
      ParameterSetName:
      - -g -n
      User-Agent:
      - python/3.7.4 (Windows-10-10.0.18362-SP0) msrest/0.6.9 msrest_azure/0.6.3 azure-mgmt-network/10.0.0
        Azure-SDK-For-Python AZURECLI/2.3.1
    method: GET
    uri: https://management.azure.com/subscriptions/00000000-0000-0000-0000-000000000000/providers/Microsoft.Network/locations/westus/operations/e0fdab6c-aa2c-4dfc-b7df-e0cf3cb0f92a?api-version=2020-03-01
  response:
    body:
      string: "{\r\n  \"status\": \"Succeeded\"\r\n}"
    headers:
      cache-control:
      - no-cache
      content-length:
      - '29'
      content-type:
      - application/json; charset=utf-8
      date:
      - Tue, 07 Apr 2020 00:33:14 GMT
      expires:
      - '-1'
      pragma:
      - no-cache
      server:
      - Microsoft-HTTPAPI/2.0
      - Microsoft-HTTPAPI/2.0
      strict-transport-security:
      - max-age=31536000; includeSubDomains
      transfer-encoding:
      - chunked
      vary:
      - Accept-Encoding
      x-content-type-options:
      - nosniff
      x-ms-arm-service-request-id:
      - d96e9acf-50ac-4fb0-b942-407914ed3f92
    status:
      code: 200
      message: OK
- request:
    body: null
    headers:
      Accept:
      - application/json
      Accept-Encoding:
      - gzip, deflate
      CommandName:
      - network public-ip create
      Connection:
      - keep-alive
      ParameterSetName:
      - -g -n
      User-Agent:
      - python/3.7.4 (Windows-10-10.0.18362-SP0) msrest/0.6.9 msrest_azure/0.6.3 azure-mgmt-network/10.0.0
        Azure-SDK-For-Python AZURECLI/2.3.1
    method: GET
    uri: https://management.azure.com/subscriptions/00000000-0000-0000-0000-000000000000/resourceGroups/cli_test_metric_alert_clone000001/providers/Microsoft.Network/publicIPAddresses/ip2?api-version=2020-03-01
  response:
    body:
      string: "{\r\n  \"name\": \"ip2\",\r\n  \"id\": \"/subscriptions/00000000-0000-0000-0000-000000000000/resourceGroups/cli_test_metric_alert_clone000001/providers/Microsoft.Network/publicIPAddresses/ip2\",\r\n
        \ \"etag\": \"W/\\\"9d8faa41-8a16-429e-9620-ae0736c3f992\\\"\",\r\n  \"location\":
        \"westus\",\r\n  \"properties\": {\r\n    \"provisioningState\": \"Succeeded\",\r\n
        \   \"resourceGuid\": \"ff864e76-cb07-40d0-937b-515e522dc49b\",\r\n    \"publicIPAddressVersion\":
        \"IPv4\",\r\n    \"publicIPAllocationMethod\": \"Dynamic\",\r\n    \"idleTimeoutInMinutes\":
        4,\r\n    \"ipTags\": []\r\n  },\r\n  \"type\": \"Microsoft.Network/publicIPAddresses\",\r\n
        \ \"sku\": {\r\n    \"name\": \"Basic\"\r\n  }\r\n}"
    headers:
      cache-control:
      - no-cache
      content-length:
      - '655'
      content-type:
      - application/json; charset=utf-8
      date:
      - Tue, 07 Apr 2020 00:33:15 GMT
      etag:
      - W/"9d8faa41-8a16-429e-9620-ae0736c3f992"
      expires:
      - '-1'
      pragma:
      - no-cache
      server:
      - Microsoft-HTTPAPI/2.0
      - Microsoft-HTTPAPI/2.0
      strict-transport-security:
      - max-age=31536000; includeSubDomains
      transfer-encoding:
      - chunked
      vary:
      - Accept-Encoding
      x-content-type-options:
      - nosniff
      x-ms-arm-service-request-id:
      - b7c42b97-faf4-4a18-9c85-553997afb300
    status:
      code: 200
      message: OK
- request:
    body: '{"location": "global", "properties": {"groupShortName": "ag1", "enabled":
      true, "emailReceivers": [], "smsReceivers": [], "webhookReceivers": [], "itsmReceivers":
      [], "azureAppPushReceivers": [], "automationRunbookReceivers": [], "voiceReceivers":
      [], "logicAppReceivers": [], "azureFunctionReceivers": [], "armRoleReceivers":
      []}}'
    headers:
      Accept:
      - application/json
      Accept-Encoding:
      - gzip, deflate
      CommandName:
      - monitor action-group create
      Connection:
      - keep-alive
      Content-Length:
      - '331'
      Content-Type:
      - application/json; charset=utf-8
      ParameterSetName:
      - -g -n
      User-Agent:
      - python/3.7.4 (Windows-10-10.0.18362-SP0) msrest/0.6.9 msrest_azure/0.6.3 azure-mgmt-monitor/0.7.0
        Azure-SDK-For-Python AZURECLI/2.3.1
      accept-language:
      - en-US
    method: PUT
    uri: https://management.azure.com/subscriptions/00000000-0000-0000-0000-000000000000/resourceGroups/cli_test_metric_alert_clone000001/providers/microsoft.insights/actionGroups/ag1?api-version=2019-06-01
  response:
    body:
      string: '{"id":"/subscriptions/00000000-0000-0000-0000-000000000000/resourceGroups/cli_test_metric_alert_clone000001/providers/microsoft.insights/actionGroups/ag1","type":"Microsoft.Insights/ActionGroups","name":"ag1","location":"Global","kind":null,"tags":null,"properties":{"groupShortName":"ag1","enabled":true,"emailReceivers":[],"smsReceivers":[],"webhookReceivers":[],"itsmReceivers":[],"azureAppPushReceivers":[],"automationRunbookReceivers":[],"voiceReceivers":[],"logicAppReceivers":[],"azureFunctionReceivers":[],"armRoleReceivers":[]},"identity":null}'
    headers:
      cache-control:
      - no-cache
      content-length:
      - '595'
      content-type:
      - application/json; charset=utf-8
      date:
      - Tue, 07 Apr 2020 00:33:20 GMT
      expires:
      - '-1'
      pragma:
      - no-cache
      server:
      - Microsoft-IIS/10.0
      strict-transport-security:
      - max-age=31536000; includeSubDomains
      x-content-type-options:
      - nosniff
      x-ms-ratelimit-remaining-subscription-writes:
      - '1192'
    status:
      code: 201
      message: Created
- request:
    body: 'b''{"location": "global", "properties": {"description": "Test", "severity":
      2, "enabled": true, "scopes": ["/subscriptions/00000000-0000-0000-0000-000000000000/resourceGroups/cli_test_metric_alert_clone000001/providers/Microsoft.Network/publicIPAddresses/ip1"],
      "evaluationFrequency": "PT1M", "windowSize": "PT5M", "criteria": {"odata.type":
      "Microsoft.Azure.Monitor.SingleResourceMultipleMetricCriteria", "allOf": [{"name":
      "cond0", "metricName": "TCPBytesForwardedDDoS", "timeAggregation": "Total",
      "dimensions": [], "criterionType": "StaticThresholdCriterion", "operator": "GreaterThan",
      "threshold": 5.0}]}, "actions": [{"actionGroupId": "/subscriptions/00000000-0000-0000-0000-000000000000/resourceGroups/cli_test_metric_alert_clone000001/providers/microsoft.insights/actionGroups/ag1"}]}}'''
    headers:
      Accept:
      - application/json
      Accept-Encoding:
      - gzip, deflate
      CommandName:
      - monitor metrics alert create
      Connection:
      - keep-alive
      Content-Length:
      - '875'
      Content-Type:
      - application/json; charset=utf-8
      ParameterSetName:
      - -g -n --scopes --action --description --condition
      User-Agent:
      - python/3.7.4 (Windows-10-10.0.18362-SP0) msrest/0.6.9 msrest_azure/0.6.3 azure-mgmt-monitor/0.7.0
        Azure-SDK-For-Python AZURECLI/2.3.1
      accept-language:
      - en-US
    method: PUT
    uri: https://management.azure.com/subscriptions/00000000-0000-0000-0000-000000000000/resourceGroups/cli_test_metric_alert_clone000001/providers/Microsoft.Insights/metricAlerts/alert1?api-version=2018-03-01
  response:
    body:
      string: "{\r\n  \"location\": \"global\",\r\n  \"type\": \"Microsoft.Insights/metricAlerts\",\r\n
        \ \"name\": \"alert1\",\r\n  \"id\": \"/subscriptions/00000000-0000-0000-0000-000000000000/resourceGroups/cli_test_metric_alert_clone000001/providers/Microsoft.Insights/metricAlerts/alert1\",\r\n
        \ \"properties\": {\r\n    \"description\": \"Test\",\r\n    \"severity\":
        2,\r\n    \"enabled\": true,\r\n    \"scopes\": [\r\n      \"/subscriptions/00000000-0000-0000-0000-000000000000/resourceGroups/cli_test_metric_alert_clone000001/providers/Microsoft.Network/publicIPAddresses/ip1\"\r\n
        \   ],\r\n    \"evaluationFrequency\": \"PT1M\",\r\n    \"windowSize\": \"PT5M\",\r\n
        \   \"templateType\": 8,\r\n    \"criteria\": {\r\n      \"allOf\": [\r\n
        \       {\r\n          \"threshold\": 5.0,\r\n          \"name\": \"cond0\",\r\n
        \         \"metricNamespace\": \"microsoft.network/publicipaddresses\",\r\n
        \         \"metricName\": \"TCPBytesForwardedDDoS\",\r\n          \"dimensions\":
        [],\r\n          \"operator\": \"GreaterThan\",\r\n          \"timeAggregation\":
        \"Total\",\r\n          \"criterionType\": \"StaticThresholdCriterion\"\r\n
        \       }\r\n      ],\r\n      \"odata.type\": \"Microsoft.Azure.Monitor.SingleResourceMultipleMetricCriteria\"\r\n
        \   },\r\n    \"targetResourceType\": \"microsoft.network/publicipaddresses\",\r\n
        \   \"actions\": [\r\n      {\r\n        \"actionGroupId\": \"/subscriptions/00000000-0000-0000-0000-000000000000/resourceGroups/cli_test_metric_alert_clone000001/providers/microsoft.insights/actionGroups/ag1\"\r\n
        \     }\r\n    ]\r\n  }\r\n}"
    headers:
      api-supported-versions:
      - 1.0, 2.0, 2017-09-01-preview, 2018-03-01
      cache-control:
      - no-cache
      content-length:
      - '1532'
      content-type:
      - application/json; charset=utf-8
      date:
      - Tue, 07 Apr 2020 00:33:48 GMT
      expires:
      - '-1'
      pragma:
      - no-cache
      server:
      - Microsoft-IIS/10.0
      strict-transport-security:
      - max-age=31536000; includeSubDomains
      transfer-encoding:
      - chunked
      vary:
      - Accept-Encoding
      x-aspnet-version:
      - 4.0.30319
      x-content-type-options:
      - nosniff
      x-ms-ratelimit-remaining-subscription-resource-requests:
      - '299'
      x-powered-by:
      - ASP.NET
    status:
      code: 200
      message: OK
- request:
    body: 'b''{"location": "global", "properties": {"description": "Test2", "severity":
      2, "enabled": true, "scopes": ["/subscriptions/00000000-0000-0000-0000-000000000000/resourceGroups/cli_test_metric_alert_clone000001/providers/Microsoft.Network/publicIPAddresses/ip1"],
      "evaluationFrequency": "PT1M", "windowSize": "PT5M", "criteria": {"odata.type":
      "Microsoft.Azure.Monitor.SingleResourceMultipleMetricCriteria", "allOf": [{"name":
      "cond0", "metricName": "TCPBytesForwardedDDoS", "timeAggregation": "Maximum",
      "dimensions": [], "criterionType": "StaticThresholdCriterion", "operator": "GreaterThan",
      "threshold": 5.0}]}, "actions": [{"actionGroupId": "/subscriptions/00000000-0000-0000-0000-000000000000/resourceGroups/cli_test_metric_alert_clone000001/providers/microsoft.insights/actionGroups/ag1"}]}}'''
    headers:
      Accept:
      - application/json
      Accept-Encoding:
      - gzip, deflate
      CommandName:
      - monitor metrics alert create
      Connection:
      - keep-alive
      Content-Length:
      - '878'
      Content-Type:
      - application/json; charset=utf-8
      ParameterSetName:
      - -g -n --scopes --action --description --condition
      User-Agent:
      - python/3.7.4 (Windows-10-10.0.18362-SP0) msrest/0.6.9 msrest_azure/0.6.3 azure-mgmt-monitor/0.7.0
        Azure-SDK-For-Python AZURECLI/2.3.1
      accept-language:
      - en-US
    method: PUT
    uri: https://management.azure.com/subscriptions/00000000-0000-0000-0000-000000000000/resourceGroups/cli_test_metric_alert_clone000001/providers/Microsoft.Insights/metricAlerts/alert2?api-version=2018-03-01
  response:
    body:
      string: "{\r\n  \"location\": \"global\",\r\n  \"type\": \"Microsoft.Insights/metricAlerts\",\r\n
        \ \"name\": \"alert2\",\r\n  \"id\": \"/subscriptions/00000000-0000-0000-0000-000000000000/resourceGroups/cli_test_metric_alert_clone000001/providers/Microsoft.Insights/metricAlerts/alert2\",\r\n
        \ \"properties\": {\r\n    \"description\": \"Test2\",\r\n    \"severity\":
        2,\r\n    \"enabled\": true,\r\n    \"scopes\": [\r\n      \"/subscriptions/00000000-0000-0000-0000-000000000000/resourceGroups/cli_test_metric_alert_clone000001/providers/Microsoft.Network/publicIPAddresses/ip1\"\r\n
        \   ],\r\n    \"evaluationFrequency\": \"PT1M\",\r\n    \"windowSize\": \"PT5M\",\r\n
        \   \"templateType\": 8,\r\n    \"criteria\": {\r\n      \"allOf\": [\r\n
        \       {\r\n          \"threshold\": 5.0,\r\n          \"name\": \"cond0\",\r\n
        \         \"metricNamespace\": \"microsoft.network/publicipaddresses\",\r\n
        \         \"metricName\": \"TCPBytesForwardedDDoS\",\r\n          \"dimensions\":
        [],\r\n          \"operator\": \"GreaterThan\",\r\n          \"timeAggregation\":
        \"Maximum\",\r\n          \"criterionType\": \"StaticThresholdCriterion\"\r\n
        \       }\r\n      ],\r\n      \"odata.type\": \"Microsoft.Azure.Monitor.SingleResourceMultipleMetricCriteria\"\r\n
        \   },\r\n    \"targetResourceType\": \"microsoft.network/publicipaddresses\",\r\n
        \   \"actions\": [\r\n      {\r\n        \"actionGroupId\": \"/subscriptions/00000000-0000-0000-0000-000000000000/resourceGroups/cli_test_metric_alert_clone000001/providers/microsoft.insights/actionGroups/ag1\"\r\n
        \     }\r\n    ]\r\n  }\r\n}"
    headers:
      api-supported-versions:
      - 1.0, 2.0, 2017-09-01-preview, 2018-03-01
      cache-control:
      - no-cache
      content-length:
      - '1535'
      content-type:
      - application/json; charset=utf-8
      date:
      - Tue, 07 Apr 2020 00:34:09 GMT
      expires:
      - '-1'
      pragma:
      - no-cache
      server:
      - Microsoft-IIS/10.0
      strict-transport-security:
      - max-age=31536000; includeSubDomains
      transfer-encoding:
      - chunked
      vary:
      - Accept-Encoding
      x-aspnet-version:
      - 4.0.30319
      x-content-type-options:
      - nosniff
      x-ms-ratelimit-remaining-subscription-resource-requests:
      - '299'
      x-powered-by:
      - ASP.NET
    status:
      code: 200
      message: OK
- request:
    body: null
    headers:
      Accept:
      - application/json
      Accept-Encoding:
      - gzip, deflate
      CommandName:
      - monitor clone
      Connection:
      - keep-alive
      ParameterSetName:
      - --source-resource --target-resource
      User-Agent:
      - python/3.7.4 (Windows-10-10.0.18362-SP0) msrest/0.6.9 msrest_azure/0.6.3 azure-mgmt-monitor/0.7.0
        Azure-SDK-For-Python AZURECLI/2.3.1
      accept-language:
      - en-US
    method: GET
    uri: https://management.azure.com/subscriptions/00000000-0000-0000-0000-000000000000/providers/Microsoft.Insights/metricAlerts?api-version=2018-03-01
  response:
    body:
      string: "{\r\n  \"value\": [\r\n    {\r\n      \"location\": \"global\",\r\n
        \     \"type\": \"Microsoft.Insights/metricAlerts\",\r\n      \"name\": \"alert1\",\r\n
        \     \"id\": \"/subscriptions/00000000-0000-0000-0000-000000000000/resourceGroups/cli_test_metric_alert_clone000001/providers/Microsoft.Insights/metricAlerts/alert1\",\r\n
        \     \"properties\": {\r\n        \"description\": \"Test\",\r\n        \"severity\":
        2,\r\n        \"enabled\": true,\r\n        \"scopes\": [\r\n          \"/subscriptions/00000000-0000-0000-0000-000000000000/resourceGroups/cli_test_metric_alert_clone000001/providers/Microsoft.Network/publicIPAddresses/ip1\"\r\n
        \       ],\r\n        \"evaluationFrequency\": \"PT1M\",\r\n        \"windowSize\":
        \"PT5M\",\r\n        \"templateType\": 8,\r\n        \"criteria\": {\r\n          \"allOf\":
        [\r\n            {\r\n              \"threshold\": 5.0,\r\n              \"name\":
        \"cond0\",\r\n              \"metricNamespace\": \"microsoft.network/publicipaddresses\",\r\n
        \             \"metricName\": \"TCPBytesForwardedDDoS\",\r\n              \"dimensions\":
        [],\r\n              \"operator\": \"GreaterThan\",\r\n              \"timeAggregation\":
        \"Total\",\r\n              \"criterionType\": \"StaticThresholdCriterion\"\r\n
        \           }\r\n          ],\r\n          \"odata.type\": \"Microsoft.Azure.Monitor.SingleResourceMultipleMetricCriteria\"\r\n
        \       },\r\n        \"targetResourceType\": \"microsoft.network/publicipaddresses\",\r\n
        \       \"actions\": [\r\n          {\r\n            \"actionGroupId\": \"/subscriptions/00000000-0000-0000-0000-000000000000/resourceGroups/cli_test_metric_alert_clone000001/providers/microsoft.insights/actionGroups/ag1\"\r\n
        \         }\r\n        ]\r\n      }\r\n    },\r\n    {\r\n      \"location\":
        \"global\",\r\n      \"type\": \"Microsoft.Insights/metricAlerts\",\r\n      \"name\":
        \"alert2\",\r\n      \"id\": \"/subscriptions/00000000-0000-0000-0000-000000000000/resourceGroups/cli_test_metric_alert_clone000001/providers/Microsoft.Insights/metricAlerts/alert2\",\r\n
        \     \"properties\": {\r\n        \"description\": \"Test2\",\r\n        \"severity\":
        2,\r\n        \"enabled\": true,\r\n        \"scopes\": [\r\n          \"/subscriptions/00000000-0000-0000-0000-000000000000/resourceGroups/cli_test_metric_alert_clone000001/providers/Microsoft.Network/publicIPAddresses/ip1\"\r\n
        \       ],\r\n        \"evaluationFrequency\": \"PT1M\",\r\n        \"windowSize\":
        \"PT5M\",\r\n        \"templateType\": 8,\r\n        \"criteria\": {\r\n          \"allOf\":
        [\r\n            {\r\n              \"threshold\": 5.0,\r\n              \"name\":
        \"cond0\",\r\n              \"metricNamespace\": \"microsoft.network/publicipaddresses\",\r\n
        \             \"metricName\": \"TCPBytesForwardedDDoS\",\r\n              \"dimensions\":
        [],\r\n              \"operator\": \"GreaterThan\",\r\n              \"timeAggregation\":
        \"Maximum\",\r\n              \"criterionType\": \"StaticThresholdCriterion\"\r\n
        \           }\r\n          ],\r\n          \"odata.type\": \"Microsoft.Azure.Monitor.SingleResourceMultipleMetricCriteria\"\r\n
        \       },\r\n        \"targetResourceType\": \"microsoft.network/publicipaddresses\",\r\n
        \       \"actions\": [\r\n          {\r\n            \"actionGroupId\": \"/subscriptions/00000000-0000-0000-0000-000000000000/resourceGroups/cli_test_metric_alert_clone000001/providers/microsoft.insights/actionGroups/ag1\"\r\n
        \         }\r\n        ]\r\n      }\r\n    }\r\n  ]\r\n}"
    headers:
      api-supported-versions:
      - 1.0, 2.0, 2017-09-01-preview, 2018-03-01
      cache-control:
      - no-cache
      content-length:
      - '3399'
      content-type:
      - application/json; charset=utf-8
      date:
      - Tue, 07 Apr 2020 00:34:12 GMT
      expires:
      - '-1'
      pragma:
      - no-cache
      server:
      - Microsoft-IIS/10.0
      strict-transport-security:
      - max-age=31536000; includeSubDomains
      transfer-encoding:
      - chunked
      vary:
      - Accept-Encoding
      x-aspnet-version:
      - 4.0.30319
      x-content-type-options:
      - nosniff
      x-powered-by:
      - ASP.NET
    status:
      code: 200
      message: OK
- request:
    body: 'b''{"location": "global", "properties": {"description": "Test", "severity":
      2, "enabled": true, "scopes": ["/subscriptions/00000000-0000-0000-0000-000000000000/resourceGroups/cli_test_metric_alert_clone000001/providers/Microsoft.Network/publicIPAddresses/ip1",
      "/subscriptions/00000000-0000-0000-0000-000000000000/resourceGroups/cli_test_metric_alert_clone000001/providers/Microsoft.Network/publicIPAddresses/ip2"],
      "evaluationFrequency": "PT1M", "windowSize": "PT5M", "targetResourceType": "microsoft.network/publicipaddresses",
      "criteria": {"odata.type": "Microsoft.Azure.Monitor.SingleResourceMultipleMetricCriteria",
      "allOf": [{"name": "cond0", "metricName": "TCPBytesForwardedDDoS", "metricNamespace":
      "microsoft.network/publicipaddresses", "timeAggregation": "Total", "dimensions":
      [], "criterionType": "StaticThresholdCriterion", "operator": "GreaterThan",
      "threshold": 5.0}]}, "actions": [{"actionGroupId": "/subscriptions/00000000-0000-0000-0000-000000000000/resourceGroups/cli_test_metric_alert_clone000001/providers/microsoft.insights/actionGroups/ag1"}]}}'''
    headers:
      Accept:
      - application/json
      Accept-Encoding:
      - gzip, deflate
      CommandName:
      - monitor clone
      Connection:
      - keep-alive
      Content-Length:
      - '1190'
      Content-Type:
      - application/json; charset=utf-8
      ParameterSetName:
      - --source-resource --target-resource
      User-Agent:
      - python/3.7.4 (Windows-10-10.0.18362-SP0) msrest/0.6.9 msrest_azure/0.6.3 azure-mgmt-monitor/0.7.0
        Azure-SDK-For-Python AZURECLI/2.3.1
      accept-language:
      - en-US
    method: PUT
    uri: https://management.azure.com/subscriptions/00000000-0000-0000-0000-000000000000/resourceGroups/cli_test_metric_alert_clone000001/providers/Microsoft.Insights/metricAlerts/alert1?api-version=2018-03-01
  response:
    body:
      string: '{"Code":"BadRequest","Message":"Scopes property is invalid. Only single
        resource is allowed for criteria type SingleResourceMultipleMetricCriteria.
        If you want to create an alert on multiple resources, use MultipleResourceMultipleMetricCriteria
        odata.type."}'
    headers:
      cache-control:
      - no-cache
      content-length:
      - '258'
      content-type:
      - application/json; charset=utf-8
      date:
      - Tue, 07 Apr 2020 00:34:13 GMT
      expires:
      - '-1'
      pragma:
      - no-cache
      server:
      - Microsoft-IIS/10.0
      strict-transport-security:
      - max-age=31536000; includeSubDomains
      x-aspnet-version:
      - 4.0.30319
      x-content-type-options:
      - nosniff
      x-ms-ratelimit-remaining-subscription-resource-requests:
      - '299'
      x-powered-by:
      - ASP.NET
    status:
      code: 400
      message: BadRequest
- request:
    body: 'b''{"location": "global", "properties": {"description": "Test", "severity":
      2, "enabled": true, "scopes": ["/subscriptions/00000000-0000-0000-0000-000000000000/resourceGroups/cli_test_metric_alert_clone000001/providers/Microsoft.Network/publicIPAddresses/ip2"],
      "evaluationFrequency": "PT1M", "windowSize": "PT5M", "targetResourceType": "microsoft.network/publicipaddresses",
      "criteria": {"odata.type": "Microsoft.Azure.Monitor.SingleResourceMultipleMetricCriteria",
      "allOf": [{"name": "cond0", "metricName": "TCPBytesForwardedDDoS", "metricNamespace":
      "microsoft.network/publicipaddresses", "timeAggregation": "Total", "dimensions":
      [], "criterionType": "StaticThresholdCriterion", "operator": "GreaterThan",
      "threshold": 5.0}]}, "actions": [{"actionGroupId": "/subscriptions/00000000-0000-0000-0000-000000000000/resourceGroups/cli_test_metric_alert_clone000001/providers/microsoft.insights/actionGroups/ag1"}]}}'''
    headers:
      Accept:
      - application/json
      Accept-Encoding:
      - gzip, deflate
      CommandName:
      - monitor clone
      Connection:
      - keep-alive
      Content-Length:
      - '994'
      Content-Type:
      - application/json; charset=utf-8
      ParameterSetName:
      - --source-resource --target-resource
      User-Agent:
      - python/3.7.4 (Windows-10-10.0.18362-SP0) msrest/0.6.9 msrest_azure/0.6.3 azure-mgmt-monitor/0.7.0
        Azure-SDK-For-Python AZURECLI/2.3.1
      accept-language:
      - en-US
    method: PUT
    uri: https://management.azure.com/subscriptions/00000000-0000-0000-0000-000000000000/resourceGroups/cli_test_metric_alert_clone000001/providers/Microsoft.Insights/metricAlerts/cloned-ip2-88888888-0000-0000-0000-000000000001?api-version=2018-03-01
  response:
    body:
      string: "{\r\n  \"location\": \"global\",\r\n  \"type\": \"Microsoft.Insights/metricAlerts\",\r\n
        \ \"name\": \"cloned-ip2-88888888-0000-0000-0000-000000000001\",\r\n  \"id\":
        \"/subscriptions/00000000-0000-0000-0000-000000000000/resourceGroups/cli_test_metric_alert_clone000001/providers/Microsoft.Insights/metricAlerts/cloned-ip2-88888888-0000-0000-0000-000000000001\",\r\n
        \ \"properties\": {\r\n    \"description\": \"Test\",\r\n    \"severity\":
        2,\r\n    \"enabled\": true,\r\n    \"scopes\": [\r\n      \"/subscriptions/00000000-0000-0000-0000-000000000000/resourceGroups/cli_test_metric_alert_clone000001/providers/Microsoft.Network/publicIPAddresses/ip2\"\r\n
        \   ],\r\n    \"evaluationFrequency\": \"PT1M\",\r\n    \"windowSize\": \"PT5M\",\r\n
        \   \"templateType\": 8,\r\n    \"criteria\": {\r\n      \"allOf\": [\r\n
        \       {\r\n          \"threshold\": 5.0,\r\n          \"name\": \"cond0\",\r\n
        \         \"metricNamespace\": \"microsoft.network/publicipaddresses\",\r\n
        \         \"metricName\": \"TCPBytesForwardedDDoS\",\r\n          \"dimensions\":
        [],\r\n          \"operator\": \"GreaterThan\",\r\n          \"timeAggregation\":
        \"Total\",\r\n          \"criterionType\": \"StaticThresholdCriterion\"\r\n
        \       }\r\n      ],\r\n      \"odata.type\": \"Microsoft.Azure.Monitor.SingleResourceMultipleMetricCriteria\"\r\n
        \   },\r\n    \"targetResourceType\": \"microsoft.network/publicipaddresses\",\r\n
        \   \"actions\": [\r\n      {\r\n        \"actionGroupId\": \"/subscriptions/00000000-0000-0000-0000-000000000000/resourceGroups/cli_test_metric_alert_clone000001/providers/microsoft.insights/actionGroups/ag1\"\r\n
        \     }\r\n    ]\r\n  }\r\n}"
    headers:
      api-supported-versions:
      - 1.0, 2.0, 2017-09-01-preview, 2018-03-01
      cache-control:
      - no-cache
      content-length:
      - '1614'
      content-type:
      - application/json; charset=utf-8
      date:
      - Tue, 07 Apr 2020 00:34:38 GMT
      expires:
      - '-1'
      pragma:
      - no-cache
      server:
      - Microsoft-IIS/10.0
      strict-transport-security:
      - max-age=31536000; includeSubDomains
      transfer-encoding:
      - chunked
      vary:
      - Accept-Encoding
      x-aspnet-version:
      - 4.0.30319
      x-content-type-options:
      - nosniff
      x-ms-ratelimit-remaining-subscription-resource-requests:
      - '298'
      x-powered-by:
      - ASP.NET
    status:
      code: 200
      message: OK
- request:
    body: 'b''{"location": "global", "properties": {"description": "Test2", "severity":
      2, "enabled": true, "scopes": ["/subscriptions/00000000-0000-0000-0000-000000000000/resourceGroups/cli_test_metric_alert_clone000001/providers/Microsoft.Network/publicIPAddresses/ip1",
      "/subscriptions/00000000-0000-0000-0000-000000000000/resourceGroups/cli_test_metric_alert_clone000001/providers/Microsoft.Network/publicIPAddresses/ip2"],
      "evaluationFrequency": "PT1M", "windowSize": "PT5M", "targetResourceType": "microsoft.network/publicipaddresses",
      "criteria": {"odata.type": "Microsoft.Azure.Monitor.SingleResourceMultipleMetricCriteria",
      "allOf": [{"name": "cond0", "metricName": "TCPBytesForwardedDDoS", "metricNamespace":
      "microsoft.network/publicipaddresses", "timeAggregation": "Maximum", "dimensions":
      [], "criterionType": "StaticThresholdCriterion", "operator": "GreaterThan",
      "threshold": 5.0}]}, "actions": [{"actionGroupId": "/subscriptions/00000000-0000-0000-0000-000000000000/resourceGroups/cli_test_metric_alert_clone000001/providers/microsoft.insights/actionGroups/ag1"}]}}'''
    headers:
      Accept:
      - application/json
      Accept-Encoding:
      - gzip, deflate
      CommandName:
      - monitor clone
      Connection:
      - keep-alive
      Content-Length:
      - '1193'
      Content-Type:
      - application/json; charset=utf-8
      ParameterSetName:
      - --source-resource --target-resource
      User-Agent:
      - python/3.7.4 (Windows-10-10.0.18362-SP0) msrest/0.6.9 msrest_azure/0.6.3 azure-mgmt-monitor/0.7.0
        Azure-SDK-For-Python AZURECLI/2.3.1
      accept-language:
      - en-US
    method: PUT
    uri: https://management.azure.com/subscriptions/00000000-0000-0000-0000-000000000000/resourceGroups/cli_test_metric_alert_clone000001/providers/Microsoft.Insights/metricAlerts/alert2?api-version=2018-03-01
  response:
    body:
      string: '{"Code":"BadRequest","Message":"Scopes property is invalid. Only single
        resource is allowed for criteria type SingleResourceMultipleMetricCriteria.
        If you want to create an alert on multiple resources, use MultipleResourceMultipleMetricCriteria
        odata.type."}'
    headers:
      cache-control:
      - no-cache
      content-length:
      - '258'
      content-type:
      - application/json; charset=utf-8
      date:
      - Tue, 07 Apr 2020 00:34:39 GMT
      expires:
      - '-1'
      pragma:
      - no-cache
      server:
      - Microsoft-IIS/10.0
      strict-transport-security:
      - max-age=31536000; includeSubDomains
      x-aspnet-version:
      - 4.0.30319
      x-content-type-options:
      - nosniff
      x-ms-ratelimit-remaining-subscription-resource-requests:
      - '298'
      x-powered-by:
      - ASP.NET
    status:
      code: 400
      message: BadRequest
- request:
    body: 'b''{"location": "global", "properties": {"description": "Test2", "severity":
      2, "enabled": true, "scopes": ["/subscriptions/00000000-0000-0000-0000-000000000000/resourceGroups/cli_test_metric_alert_clone000001/providers/Microsoft.Network/publicIPAddresses/ip2"],
      "evaluationFrequency": "PT1M", "windowSize": "PT5M", "targetResourceType": "microsoft.network/publicipaddresses",
      "criteria": {"odata.type": "Microsoft.Azure.Monitor.SingleResourceMultipleMetricCriteria",
      "allOf": [{"name": "cond0", "metricName": "TCPBytesForwardedDDoS", "metricNamespace":
      "microsoft.network/publicipaddresses", "timeAggregation": "Maximum", "dimensions":
      [], "criterionType": "StaticThresholdCriterion", "operator": "GreaterThan",
      "threshold": 5.0}]}, "actions": [{"actionGroupId": "/subscriptions/00000000-0000-0000-0000-000000000000/resourceGroups/cli_test_metric_alert_clone000001/providers/microsoft.insights/actionGroups/ag1"}]}}'''
    headers:
      Accept:
      - application/json
      Accept-Encoding:
      - gzip, deflate
      CommandName:
      - monitor clone
      Connection:
      - keep-alive
      Content-Length:
      - '997'
      Content-Type:
      - application/json; charset=utf-8
      ParameterSetName:
      - --source-resource --target-resource
      User-Agent:
      - python/3.7.4 (Windows-10-10.0.18362-SP0) msrest/0.6.9 msrest_azure/0.6.3 azure-mgmt-monitor/0.7.0
        Azure-SDK-For-Python AZURECLI/2.3.1
      accept-language:
      - en-US
    method: PUT
    uri: https://management.azure.com/subscriptions/00000000-0000-0000-0000-000000000000/resourceGroups/cli_test_metric_alert_clone000001/providers/Microsoft.Insights/metricAlerts/cloned-ip2-88888888-0000-0000-0000-000000000002?api-version=2018-03-01
  response:
    body:
      string: "{\r\n  \"location\": \"global\",\r\n  \"type\": \"Microsoft.Insights/metricAlerts\",\r\n
        \ \"name\": \"cloned-ip2-88888888-0000-0000-0000-000000000002\",\r\n  \"id\":
        \"/subscriptions/00000000-0000-0000-0000-000000000000/resourceGroups/cli_test_metric_alert_clone000001/providers/Microsoft.Insights/metricAlerts/cloned-ip2-88888888-0000-0000-0000-000000000002\",\r\n
        \ \"properties\": {\r\n    \"description\": \"Test2\",\r\n    \"severity\":
        2,\r\n    \"enabled\": true,\r\n    \"scopes\": [\r\n      \"/subscriptions/00000000-0000-0000-0000-000000000000/resourceGroups/cli_test_metric_alert_clone000001/providers/Microsoft.Network/publicIPAddresses/ip2\"\r\n
        \   ],\r\n    \"evaluationFrequency\": \"PT1M\",\r\n    \"windowSize\": \"PT5M\",\r\n
        \   \"templateType\": 8,\r\n    \"criteria\": {\r\n      \"allOf\": [\r\n
        \       {\r\n          \"threshold\": 5.0,\r\n          \"name\": \"cond0\",\r\n
        \         \"metricNamespace\": \"microsoft.network/publicipaddresses\",\r\n
        \         \"metricName\": \"TCPBytesForwardedDDoS\",\r\n          \"dimensions\":
        [],\r\n          \"operator\": \"GreaterThan\",\r\n          \"timeAggregation\":
        \"Maximum\",\r\n          \"criterionType\": \"StaticThresholdCriterion\"\r\n
        \       }\r\n      ],\r\n      \"odata.type\": \"Microsoft.Azure.Monitor.SingleResourceMultipleMetricCriteria\"\r\n
        \   },\r\n    \"targetResourceType\": \"microsoft.network/publicipaddresses\",\r\n
        \   \"actions\": [\r\n      {\r\n        \"actionGroupId\": \"/subscriptions/00000000-0000-0000-0000-000000000000/resourceGroups/cli_test_metric_alert_clone000001/providers/microsoft.insights/actionGroups/ag1\"\r\n
        \     }\r\n    ]\r\n  }\r\n}"
    headers:
      api-supported-versions:
      - 1.0, 2.0, 2017-09-01-preview, 2018-03-01
      cache-control:
      - no-cache
      content-length:
      - '1617'
      content-type:
      - application/json; charset=utf-8
      date:
      - Tue, 07 Apr 2020 00:34:54 GMT
      expires:
      - '-1'
      pragma:
      - no-cache
      server:
      - Microsoft-IIS/10.0
      strict-transport-security:
      - max-age=31536000; includeSubDomains
      transfer-encoding:
      - chunked
      vary:
      - Accept-Encoding
      x-aspnet-version:
      - 4.0.30319
      x-content-type-options:
      - nosniff
      x-ms-ratelimit-remaining-subscription-resource-requests:
      - '297'
      x-powered-by:
      - ASP.NET
    status:
      code: 200
      message: OK
version: 1
