interactions:
- request:
    body: null
    headers:
      Accept:
      - application/json
      Accept-Encoding:
      - gzip, deflate
      CommandName:
      - vm create
      Connection:
      - keep-alive
      ParameterSetName:
      - -n -g --image --admin-username --admin-password --tags --nsg-rule
      User-Agent:
      - AZURECLI/2.39.0 azsdk-python-azure-mgmt-resource/21.1.0b1 Python/3.9.5 (Windows-10-10.0.19044-SP0)
    method: GET
    uri: https://management.azure.com/subscriptions/00000000-0000-0000-0000-000000000000/resourcegroups/cli_test_metric_alert_condition_create000001?api-version=2021-04-01
  response:
    body:
      string: '{"id":"/subscriptions/00000000-0000-0000-0000-000000000000/resourceGroups/cli_test_metric_alert_condition_create000001","name":"cli_test_metric_alert_condition_create000001","type":"Microsoft.Resources/resourceGroups","location":"westus","tags":{"product":"azurecli","cause":"automation","date":"2022-08-04T01:51:39Z"},"properties":{"provisioningState":"Succeeded"}}'
    headers:
      cache-control:
      - no-cache
      content-length:
      - '366'
      content-type:
      - application/json; charset=utf-8
      date:
      - Thu, 04 Aug 2022 01:51:40 GMT
      expires:
      - '-1'
      pragma:
      - no-cache
      strict-transport-security:
      - max-age=31536000; includeSubDomains
      vary:
      - Accept-Encoding
      x-content-type-options:
      - nosniff
    status:
      code: 200
      message: OK
- request:
    body: null
    headers:
      Accept:
      - application/json
      Accept-Encoding:
      - gzip, deflate
      CommandName:
      - vm create
      Connection:
      - keep-alive
      ParameterSetName:
      - -n -g --image --admin-username --admin-password --tags --nsg-rule
      User-Agent:
      - AZURECLI/2.39.0 azsdk-python-azure-mgmt-compute/27.1.0 Python/3.9.5 (Windows-10-10.0.19044-SP0)
    method: GET
    uri: https://management.azure.com/subscriptions/00000000-0000-0000-0000-000000000000/providers/Microsoft.Compute/locations/westus/publishers/MicrosoftWindowsServer/artifacttypes/vmimage/offers/WindowsServer/skus/2012-R2-Datacenter/versions?$top=1&$orderby=name%20desc&api-version=2022-03-01
  response:
    body:
      string: "[\r\n  {\r\n    \"location\": \"westus\",\r\n    \"name\": \"9600.20478.220708\",\r\n
        \   \"id\": \"/Subscriptions/00000000-0000-0000-0000-000000000000/Providers/Microsoft.Compute/Locations/westus/Publishers/MicrosoftWindowsServer/ArtifactTypes/VMImage/Offers/WindowsServer/Skus/2012-R2-Datacenter/Versions/9600.20478.220708\"\r\n
        \ }\r\n]"
    headers:
      cache-control:
      - no-cache
      content-length:
      - '313'
      content-type:
      - application/json; charset=utf-8
      date:
      - Thu, 04 Aug 2022 01:51:42 GMT
      expires:
      - '-1'
      pragma:
      - no-cache
      server:
      - Microsoft-HTTPAPI/2.0
      - Microsoft-HTTPAPI/2.0
      strict-transport-security:
      - max-age=31536000; includeSubDomains
      transfer-encoding:
      - chunked
      vary:
      - Accept-Encoding
      x-content-type-options:
      - nosniff
      x-ms-ratelimit-remaining-resource:
      - Microsoft.Compute/ListVMImagesVersionsFromLocation3Min;15994,Microsoft.Compute/ListVMImagesVersionsFromLocation30Min;43992
    status:
      code: 200
      message: OK
- request:
    body: null
    headers:
      Accept:
      - application/json
      Accept-Encoding:
      - gzip, deflate
      CommandName:
      - vm create
      Connection:
      - keep-alive
      ParameterSetName:
      - -n -g --image --admin-username --admin-password --tags --nsg-rule
      User-Agent:
      - AZURECLI/2.39.0 azsdk-python-azure-mgmt-compute/27.1.0 Python/3.9.5 (Windows-10-10.0.19044-SP0)
    method: GET
    uri: https://management.azure.com/subscriptions/00000000-0000-0000-0000-000000000000/providers/Microsoft.Compute/locations/westus/publishers/MicrosoftWindowsServer/artifacttypes/vmimage/offers/WindowsServer/skus/2012-R2-Datacenter/versions/9600.20478.220708?api-version=2022-03-01
  response:
    body:
      string: "{\r\n  \"properties\": {\r\n    \"hyperVGeneration\": \"V1\",\r\n    \"architecture\":
        \"x64\",\r\n    \"replicaType\": \"Unmanaged\",\r\n    \"disallowed\": {\r\n
        \     \"vmDiskType\": \"None\"\r\n    },\r\n    \"automaticOSUpgradeProperties\":
        {\r\n      \"automaticOSUpgradeSupported\": true\r\n    },\r\n    \"imageDeprecationStatus\":
        {\r\n      \"imageState\": \"Active\"\r\n    },\r\n    \"features\": [\r\n
        \     {\r\n        \"name\": \"IsAcceleratedNetworkSupported\",\r\n        \"value\":
        \"True\"\r\n      },\r\n      {\r\n        \"name\": \"DiskControllerTypes\",\r\n
        \       \"value\": \"SCSI\"\r\n      },\r\n      {\r\n        \"name\": \"IsHibernateSupported\",\r\n
        \       \"value\": \"False\"\r\n      }\r\n    ],\r\n    \"osDiskImage\":
        {\r\n      \"operatingSystem\": \"Windows\",\r\n      \"sizeInGb\": 128,\r\n
        \     \"sizeInBytes\": 136367309312\r\n    },\r\n    \"dataDiskImages\": []\r\n
        \ },\r\n  \"location\": \"westus\",\r\n  \"name\": \"9600.20478.220708\",\r\n
        \ \"id\": \"/Subscriptions/00000000-0000-0000-0000-000000000000/Providers/Microsoft.Compute/Locations/westus/Publishers/MicrosoftWindowsServer/ArtifactTypes/VMImage/Offers/WindowsServer/Skus/2012-R2-Datacenter/Versions/9600.20478.220708\"\r\n}"
    headers:
      cache-control:
      - no-cache
      content-length:
      - '1074'
      content-type:
      - application/json; charset=utf-8
      date:
      - Thu, 04 Aug 2022 01:51:43 GMT
      expires:
      - '-1'
      pragma:
      - no-cache
      server:
      - Microsoft-HTTPAPI/2.0
      - Microsoft-HTTPAPI/2.0
      strict-transport-security:
      - max-age=31536000; includeSubDomains
      transfer-encoding:
      - chunked
      vary:
      - Accept-Encoding
      x-content-type-options:
      - nosniff
      x-ms-ratelimit-remaining-resource:
      - Microsoft.Compute/GetVMImageFromLocation3Min;12996,Microsoft.Compute/GetVMImageFromLocation30Min;73995
    status:
      code: 200
      message: OK
- request:
    body: null
    headers:
      Accept:
      - application/json, text/json
      Accept-Encoding:
      - gzip, deflate
      CommandName:
      - vm create
      Connection:
      - keep-alive
      ParameterSetName:
      - -n -g --image --admin-username --admin-password --tags --nsg-rule
      User-Agent:
      - AZURECLI/2.39.0 azsdk-python-azure-mgmt-network/20.0.0 Python/3.9.5 (Windows-10-10.0.19044-SP0)
    method: GET
    uri: https://management.azure.com/subscriptions/00000000-0000-0000-0000-000000000000/resourceGroups/cli_test_metric_alert_condition_create000001/providers/Microsoft.Network/virtualNetworks?api-version=2018-01-01
  response:
    body:
      string: '{"value":[]}'
    headers:
      cache-control:
      - no-cache
      content-length:
      - '12'
      content-type:
      - application/json; charset=utf-8
      date:
      - Thu, 04 Aug 2022 01:51:44 GMT
      expires:
      - '-1'
      pragma:
      - no-cache
      strict-transport-security:
      - max-age=31536000; includeSubDomains
      vary:
      - Accept-Encoding
      x-content-type-options:
      - nosniff
    status:
      code: 200
      message: OK
- request:
    body: '{"properties": {"template": {"$schema": "https://schema.management.azure.com/schemas/2015-01-01/deploymentTemplate.json#",
      "contentVersion": "1.0.0.0", "parameters": {"adminPassword": {"type": "securestring",
      "metadata": {"description": "Secure adminPassword"}}}, "variables": {}, "resources":
      [{"name": "clitest-vm000002VNET", "type": "Microsoft.Network/virtualNetworks",
      "location": "westus", "apiVersion": "2015-06-15", "dependsOn": [], "tags": {"MabUsed":
      "Yes", "Owner": "sisi", "Purpose": "CLITest", "DeleteBy": "12-2099", "AutoShutdown":
      "No"}, "properties": {"addressSpace": {"addressPrefixes": ["10.0.0.0/16"]},
      "subnets": [{"name": "clitest-vm000002Subnet", "properties": {"addressPrefix":
      "10.0.0.0/24"}}]}}, {"type": "Microsoft.Network/networkSecurityGroups", "name":
      "clitest-vm000002NSG", "apiVersion": "2015-06-15", "location": "westus", "tags":
      {"MabUsed": "Yes", "Owner": "sisi", "Purpose": "CLITest", "DeleteBy": "12-2099",
      "AutoShutdown": "No"}, "dependsOn": []}, {"apiVersion": "2018-01-01", "type":
      "Microsoft.Network/publicIPAddresses", "name": "clitest-vm000002PublicIP", "location":
      "westus", "tags": {"MabUsed": "Yes", "Owner": "sisi", "Purpose": "CLITest",
      "DeleteBy": "12-2099", "AutoShutdown": "No"}, "dependsOn": [], "properties":
      {"publicIPAllocationMethod": null}}, {"apiVersion": "2015-06-15", "type": "Microsoft.Network/networkInterfaces",
      "name": "clitest-vm000002VMNic", "location": "westus", "tags": {"MabUsed": "Yes",
      "Owner": "sisi", "Purpose": "CLITest", "DeleteBy": "12-2099", "AutoShutdown":
      "No"}, "dependsOn": ["Microsoft.Network/virtualNetworks/clitest-vm000002VNET",
      "Microsoft.Network/networkSecurityGroups/clitest-vm000002NSG", "Microsoft.Network/publicIpAddresses/clitest-vm000002PublicIP"],
      "properties": {"ipConfigurations": [{"name": "ipconfigclitest-vm000002", "properties":
      {"privateIPAllocationMethod": "Dynamic", "subnet": {"id": "/subscriptions/00000000-0000-0000-0000-000000000000/resourceGroups/cli_test_metric_alert_condition_create000001/providers/Microsoft.Network/virtualNetworks/clitest-vm000002VNET/subnets/clitest-vm000002Subnet"},
      "publicIPAddress": {"id": "/subscriptions/00000000-0000-0000-0000-000000000000/resourceGroups/cli_test_metric_alert_condition_create000001/providers/Microsoft.Network/publicIPAddresses/clitest-vm000002PublicIP"}}}],
      "networkSecurityGroup": {"id": "/subscriptions/00000000-0000-0000-0000-000000000000/resourceGroups/cli_test_metric_alert_condition_create000001/providers/Microsoft.Network/networkSecurityGroups/clitest-vm000002NSG"}}},
      {"apiVersion": "2022-03-01", "type": "Microsoft.Compute/virtualMachines", "name":
      "clitest-vm000002", "location": "westus", "tags": {"MabUsed": "Yes", "Owner":
      "sisi", "Purpose": "CLITest", "DeleteBy": "12-2099", "AutoShutdown": "No"},
      "dependsOn": ["Microsoft.Network/networkInterfaces/clitest-vm000002VMNic"],
      "properties": {"hardwareProfile": {"vmSize": "Standard_DS1_v2"}, "networkProfile":
      {"networkInterfaces": [{"id": "/subscriptions/00000000-0000-0000-0000-000000000000/resourceGroups/cli_test_metric_alert_condition_create000001/providers/Microsoft.Network/networkInterfaces/clitest-vm000002VMNic",
      "properties": {"deleteOption": null}}]}, "storageProfile": {"osDisk": {"createOption":
      "fromImage", "name": null, "caching": "ReadWrite", "managedDisk": {"storageAccountType":
      null}}, "imageReference": {"publisher": "MicrosoftWindowsServer", "offer": "WindowsServer",
      "sku": "2012-R2-Datacenter", "version": "latest"}}, "osProfile": {"computerName":
      "clitest-vm000002", "adminUsername": "clitest-vm000002", "adminPassword": "[parameters(''adminPassword'')]"}}}],
      "outputs": {}}, "parameters": {"adminPassword": {"value": "%j^VYw9Q3Z@Cu$*h"}},
      "mode": "incremental"}}'
    headers:
      Accept:
      - application/json
      Accept-Encoding:
      - gzip, deflate
      CommandName:
      - vm create
      Connection:
      - keep-alive
      Content-Length:
      - '3704'
      Content-Type:
      - application/json
      ParameterSetName:
      - -n -g --image --admin-username --admin-password --tags --nsg-rule
      User-Agent:
      - AZURECLI/2.39.0 azsdk-python-azure-mgmt-resource/21.1.0b1 Python/3.9.5 (Windows-10-10.0.19044-SP0)
    method: PUT
    uri: https://management.azure.com/subscriptions/00000000-0000-0000-0000-000000000000/resourcegroups/cli_test_metric_alert_condition_create000001/providers/Microsoft.Resources/deployments/mock-deployment?api-version=2021-04-01
  response:
    body:
      string: '{"id":"/subscriptions/00000000-0000-0000-0000-000000000000/resourceGroups/cli_test_metric_alert_condition_create000001/providers/Microsoft.Resources/deployments/vm_deploy_zP8UT85GNQVWyNzvwdhPHk98ctYgoJzK","name":"vm_deploy_zP8UT85GNQVWyNzvwdhPHk98ctYgoJzK","type":"Microsoft.Resources/deployments","properties":{"templateHash":"5797149354996725333","parameters":{"adminPassword":{"type":"SecureString"}},"mode":"Incremental","provisioningState":"Accepted","timestamp":"2022-08-04T01:51:49.7340861Z","duration":"PT0.0004219S","correlationId":"0e252339-3e57-40da-9cf4-fbb817839ea1","providers":[{"namespace":"Microsoft.Network","resourceTypes":[{"resourceType":"virtualNetworks","locations":["westus"]},{"resourceType":"networkSecurityGroups","locations":["westus"]},{"resourceType":"publicIPAddresses","locations":["westus"]},{"resourceType":"networkInterfaces","locations":["westus"]}]},{"namespace":"Microsoft.Compute","resourceTypes":[{"resourceType":"virtualMachines","locations":["westus"]}]}],"dependencies":[{"dependsOn":[{"id":"/subscriptions/00000000-0000-0000-0000-000000000000/resourceGroups/cli_test_metric_alert_condition_create000001/providers/Microsoft.Network/virtualNetworks/clitest-vm000002VNET","resourceType":"Microsoft.Network/virtualNetworks","resourceName":"clitest-vm000002VNET"},{"id":"/subscriptions/00000000-0000-0000-0000-000000000000/resourceGroups/cli_test_metric_alert_condition_create000001/providers/Microsoft.Network/networkSecurityGroups/clitest-vm000002NSG","resourceType":"Microsoft.Network/networkSecurityGroups","resourceName":"clitest-vm000002NSG"},{"id":"/subscriptions/00000000-0000-0000-0000-000000000000/resourceGroups/cli_test_metric_alert_condition_create000001/providers/Microsoft.Network/publicIPAddresses/clitest-vm000002PublicIP","resourceType":"Microsoft.Network/publicIPAddresses","resourceName":"clitest-vm000002PublicIP"}],"id":"/subscriptions/00000000-0000-0000-0000-000000000000/resourceGroups/cli_test_metric_alert_condition_create000001/providers/Microsoft.Network/networkInterfaces/clitest-vm000002VMNic","resourceType":"Microsoft.Network/networkInterfaces","resourceName":"clitest-vm000002VMNic"},{"dependsOn":[{"id":"/subscriptions/00000000-0000-0000-0000-000000000000/resourceGroups/cli_test_metric_alert_condition_create000001/providers/Microsoft.Network/networkInterfaces/clitest-vm000002VMNic","resourceType":"Microsoft.Network/networkInterfaces","resourceName":"clitest-vm000002VMNic"}],"id":"/subscriptions/00000000-0000-0000-0000-000000000000/resourceGroups/cli_test_metric_alert_condition_create000001/providers/Microsoft.Compute/virtualMachines/clitest-vm000002","resourceType":"Microsoft.Compute/virtualMachines","resourceName":"clitest-vm000002"}]}}'
    headers:
      azure-asyncoperation:
      - https://management.azure.com/subscriptions/00000000-0000-0000-0000-000000000000/resourcegroups/cli_test_metric_alert_condition_create000001/providers/Microsoft.Resources/deployments/vm_deploy_zP8UT85GNQVWyNzvwdhPHk98ctYgoJzK/operationStatuses/08585420289779519573?api-version=2021-04-01
      cache-control:
      - no-cache
      content-length:
      - '2720'
      content-type:
      - application/json; charset=utf-8
      date:
      - Thu, 04 Aug 2022 01:51:50 GMT
      expires:
      - '-1'
      pragma:
      - no-cache
      strict-transport-security:
      - max-age=31536000; includeSubDomains
      x-content-type-options:
      - nosniff
      x-ms-ratelimit-remaining-subscription-writes:
      - '1193'
    status:
      code: 201
      message: Created
- request:
    body: null
    headers:
      Accept:
      - '*/*'
      Accept-Encoding:
      - gzip, deflate
      CommandName:
      - vm create
      Connection:
      - keep-alive
      ParameterSetName:
      - -n -g --image --admin-username --admin-password --tags --nsg-rule
      User-Agent:
      - AZURECLI/2.39.0 azsdk-python-azure-mgmt-resource/21.1.0b1 Python/3.9.5 (Windows-10-10.0.19044-SP0)
    method: GET
    uri: https://management.azure.com/subscriptions/00000000-0000-0000-0000-000000000000/resourcegroups/cli_test_metric_alert_condition_create000001/providers/Microsoft.Resources/deployments/mock-deployment/operationStatuses/08585420289779519573?api-version=2021-04-01
  response:
    body:
      string: '{"status":"Running"}'
    headers:
      cache-control:
      - no-cache
      content-length:
      - '20'
      content-type:
      - application/json; charset=utf-8
      date:
      - Thu, 04 Aug 2022 01:52:20 GMT
      expires:
      - '-1'
      pragma:
      - no-cache
      strict-transport-security:
      - max-age=31536000; includeSubDomains
      vary:
      - Accept-Encoding
      x-content-type-options:
      - nosniff
    status:
      code: 200
      message: OK
- request:
    body: null
    headers:
      Accept:
      - '*/*'
      Accept-Encoding:
      - gzip, deflate
      CommandName:
      - vm create
      Connection:
      - keep-alive
      ParameterSetName:
      - -n -g --image --admin-username --admin-password --tags --nsg-rule
      User-Agent:
      - AZURECLI/2.39.0 azsdk-python-azure-mgmt-resource/21.1.0b1 Python/3.9.5 (Windows-10-10.0.19044-SP0)
    method: GET
    uri: https://management.azure.com/subscriptions/00000000-0000-0000-0000-000000000000/resourcegroups/cli_test_metric_alert_condition_create000001/providers/Microsoft.Resources/deployments/mock-deployment/operationStatuses/08585420289779519573?api-version=2021-04-01
  response:
    body:
      string: '{"status":"Running"}'
    headers:
      cache-control:
      - no-cache
      content-length:
      - '20'
      content-type:
      - application/json; charset=utf-8
      date:
      - Thu, 04 Aug 2022 01:52:51 GMT
      expires:
      - '-1'
      pragma:
      - no-cache
      strict-transport-security:
      - max-age=31536000; includeSubDomains
      vary:
      - Accept-Encoding
      x-content-type-options:
      - nosniff
    status:
      code: 200
      message: OK
- request:
    body: null
    headers:
      Accept:
      - '*/*'
      Accept-Encoding:
      - gzip, deflate
      CommandName:
      - vm create
      Connection:
      - keep-alive
      ParameterSetName:
      - -n -g --image --admin-username --admin-password --tags --nsg-rule
      User-Agent:
      - AZURECLI/2.39.0 azsdk-python-azure-mgmt-resource/21.1.0b1 Python/3.9.5 (Windows-10-10.0.19044-SP0)
    method: GET
    uri: https://management.azure.com/subscriptions/00000000-0000-0000-0000-000000000000/resourcegroups/cli_test_metric_alert_condition_create000001/providers/Microsoft.Resources/deployments/mock-deployment/operationStatuses/08585420289779519573?api-version=2021-04-01
  response:
    body:
      string: '{"status":"Succeeded"}'
    headers:
      cache-control:
      - no-cache
      content-length:
      - '22'
      content-type:
      - application/json; charset=utf-8
      date:
      - Thu, 04 Aug 2022 01:53:22 GMT
      expires:
      - '-1'
      pragma:
      - no-cache
      strict-transport-security:
      - max-age=31536000; includeSubDomains
      vary:
      - Accept-Encoding
      x-content-type-options:
      - nosniff
    status:
      code: 200
      message: OK
- request:
    body: null
    headers:
      Accept:
      - '*/*'
      Accept-Encoding:
      - gzip, deflate
      CommandName:
      - vm create
      Connection:
      - keep-alive
      ParameterSetName:
      - -n -g --image --admin-username --admin-password --tags --nsg-rule
      User-Agent:
      - AZURECLI/2.39.0 azsdk-python-azure-mgmt-resource/21.1.0b1 Python/3.9.5 (Windows-10-10.0.19044-SP0)
    method: GET
    uri: https://management.azure.com/subscriptions/00000000-0000-0000-0000-000000000000/resourcegroups/cli_test_metric_alert_condition_create000001/providers/Microsoft.Resources/deployments/mock-deployment?api-version=2021-04-01
  response:
    body:
      string: '{"id":"/subscriptions/00000000-0000-0000-0000-000000000000/resourceGroups/cli_test_metric_alert_condition_create000001/providers/Microsoft.Resources/deployments/vm_deploy_zP8UT85GNQVWyNzvwdhPHk98ctYgoJzK","name":"vm_deploy_zP8UT85GNQVWyNzvwdhPHk98ctYgoJzK","type":"Microsoft.Resources/deployments","properties":{"templateHash":"5797149354996725333","parameters":{"adminPassword":{"type":"SecureString"}},"mode":"Incremental","provisioningState":"Succeeded","timestamp":"2022-08-04T01:52:59.3149415Z","duration":"PT1M9.5812773S","correlationId":"0e252339-3e57-40da-9cf4-fbb817839ea1","providers":[{"namespace":"Microsoft.Network","resourceTypes":[{"resourceType":"virtualNetworks","locations":["westus"]},{"resourceType":"networkSecurityGroups","locations":["westus"]},{"resourceType":"publicIPAddresses","locations":["westus"]},{"resourceType":"networkInterfaces","locations":["westus"]}]},{"namespace":"Microsoft.Compute","resourceTypes":[{"resourceType":"virtualMachines","locations":["westus"]}]}],"dependencies":[{"dependsOn":[{"id":"/subscriptions/00000000-0000-0000-0000-000000000000/resourceGroups/cli_test_metric_alert_condition_create000001/providers/Microsoft.Network/virtualNetworks/clitest-vm000002VNET","resourceType":"Microsoft.Network/virtualNetworks","resourceName":"clitest-vm000002VNET"},{"id":"/subscriptions/00000000-0000-0000-0000-000000000000/resourceGroups/cli_test_metric_alert_condition_create000001/providers/Microsoft.Network/networkSecurityGroups/clitest-vm000002NSG","resourceType":"Microsoft.Network/networkSecurityGroups","resourceName":"clitest-vm000002NSG"},{"id":"/subscriptions/00000000-0000-0000-0000-000000000000/resourceGroups/cli_test_metric_alert_condition_create000001/providers/Microsoft.Network/publicIPAddresses/clitest-vm000002PublicIP","resourceType":"Microsoft.Network/publicIPAddresses","resourceName":"clitest-vm000002PublicIP"}],"id":"/subscriptions/00000000-0000-0000-0000-000000000000/resourceGroups/cli_test_metric_alert_condition_create000001/providers/Microsoft.Network/networkInterfaces/clitest-vm000002VMNic","resourceType":"Microsoft.Network/networkInterfaces","resourceName":"clitest-vm000002VMNic"},{"dependsOn":[{"id":"/subscriptions/00000000-0000-0000-0000-000000000000/resourceGroups/cli_test_metric_alert_condition_create000001/providers/Microsoft.Network/networkInterfaces/clitest-vm000002VMNic","resourceType":"Microsoft.Network/networkInterfaces","resourceName":"clitest-vm000002VMNic"}],"id":"/subscriptions/00000000-0000-0000-0000-000000000000/resourceGroups/cli_test_metric_alert_condition_create000001/providers/Microsoft.Compute/virtualMachines/clitest-vm000002","resourceType":"Microsoft.Compute/virtualMachines","resourceName":"clitest-vm000002"}],"outputs":{},"outputResources":[{"id":"/subscriptions/00000000-0000-0000-0000-000000000000/resourceGroups/cli_test_metric_alert_condition_create000001/providers/Microsoft.Compute/virtualMachines/clitest-vm000002"},{"id":"/subscriptions/00000000-0000-0000-0000-000000000000/resourceGroups/cli_test_metric_alert_condition_create000001/providers/Microsoft.Network/networkInterfaces/clitest-vm000002VMNic"},{"id":"/subscriptions/00000000-0000-0000-0000-000000000000/resourceGroups/cli_test_metric_alert_condition_create000001/providers/Microsoft.Network/networkSecurityGroups/clitest-vm000002NSG"},{"id":"/subscriptions/00000000-0000-0000-0000-000000000000/resourceGroups/cli_test_metric_alert_condition_create000001/providers/Microsoft.Network/publicIPAddresses/clitest-vm000002PublicIP"},{"id":"/subscriptions/00000000-0000-0000-0000-000000000000/resourceGroups/cli_test_metric_alert_condition_create000001/providers/Microsoft.Network/virtualNetworks/clitest-vm000002VNET"}]}}'
    headers:
      cache-control:
      - no-cache
      content-length:
      - '3696'
      content-type:
      - application/json; charset=utf-8
      date:
      - Thu, 04 Aug 2022 01:53:22 GMT
      expires:
      - '-1'
      pragma:
      - no-cache
      strict-transport-security:
      - max-age=31536000; includeSubDomains
      vary:
      - Accept-Encoding
      x-content-type-options:
      - nosniff
    status:
      code: 200
      message: OK
- request:
    body: null
    headers:
      Accept:
      - application/json
      Accept-Encoding:
      - gzip, deflate
      CommandName:
      - vm create
      Connection:
      - keep-alive
      ParameterSetName:
      - -n -g --image --admin-username --admin-password --tags --nsg-rule
      User-Agent:
      - AZURECLI/2.39.0 azsdk-python-azure-mgmt-compute/27.1.0 Python/3.9.5 (Windows-10-10.0.19044-SP0)
    method: GET
    uri: https://management.azure.com/subscriptions/00000000-0000-0000-0000-000000000000/resourceGroups/cli_test_metric_alert_condition_create000001/providers/Microsoft.Compute/virtualMachines/clitest-vm000002?$expand=instanceView&api-version=2022-03-01
  response:
    body:
      string: "{\r\n  \"name\": \"clitest-vm000002\",\r\n  \"id\": \"/subscriptions/00000000-0000-0000-0000-000000000000/resourceGroups/cli_test_metric_alert_condition_create000001/providers/Microsoft.Compute/virtualMachines/clitest-vm000002\",\r\n
        \ \"type\": \"Microsoft.Compute/virtualMachines\",\r\n  \"location\": \"westus\",\r\n
        \ \"tags\": {\r\n    \"MabUsed\": \"Yes\",\r\n    \"Owner\": \"sisi\",\r\n
        \   \"Purpose\": \"CLITest\",\r\n    \"DeleteBy\": \"12-2099\",\r\n    \"AutoShutdown\":
        \"No\"\r\n  },\r\n  \"properties\": {\r\n    \"vmId\": \"866ce819-f788-4b53-98ef-67cea5affdeb\",\r\n
        \   \"hardwareProfile\": {\r\n      \"vmSize\": \"Standard_DS1_v2\"\r\n    },\r\n
        \   \"storageProfile\": {\r\n      \"imageReference\": {\r\n        \"publisher\":
        \"MicrosoftWindowsServer\",\r\n        \"offer\": \"WindowsServer\",\r\n        \"sku\":
        \"2012-R2-Datacenter\",\r\n        \"version\": \"latest\",\r\n        \"exactVersion\":
        \"9600.20478.220708\"\r\n      },\r\n      \"osDisk\": {\r\n        \"osType\":
        \"Windows\",\r\n        \"name\": \"clitest-vm000002_OsDisk_1_36023bb95d0b4b80956734d6048fd001\",\r\n
        \       \"createOption\": \"FromImage\",\r\n        \"caching\": \"ReadWrite\",\r\n
        \       \"managedDisk\": {\r\n          \"storageAccountType\": \"Premium_LRS\",\r\n
        \         \"id\": \"/subscriptions/00000000-0000-0000-0000-000000000000/resourceGroups/cli_test_metric_alert_condition_create000001/providers/Microsoft.Compute/disks/clitest-vm000002_OsDisk_1_36023bb95d0b4b80956734d6048fd001\"\r\n
        \       },\r\n        \"deleteOption\": \"Detach\",\r\n        \"diskSizeGB\":
        127\r\n      },\r\n      \"dataDisks\": []\r\n    },\r\n    \"osProfile\":
        {\r\n      \"computerName\": \"clitest-vm000002\",\r\n      \"adminUsername\":
        \"clitest-vm000002\",\r\n      \"windowsConfiguration\": {\r\n        \"provisionVMAgent\":
        true,\r\n        \"enableAutomaticUpdates\": true,\r\n        \"patchSettings\":
        {\r\n          \"patchMode\": \"AutomaticByOS\",\r\n          \"assessmentMode\":
        \"ImageDefault\"\r\n        },\r\n        \"enableVMAgentPlatformUpdates\":
        false\r\n      },\r\n      \"secrets\": [],\r\n      \"allowExtensionOperations\":
        true,\r\n      \"requireGuestProvisionSignal\": true\r\n    },\r\n    \"networkProfile\":
        {\"networkInterfaces\":[{\"id\":\"/subscriptions/00000000-0000-0000-0000-000000000000/resourceGroups/cli_test_metric_alert_condition_create000001/providers/Microsoft.Network/networkInterfaces/clitest-vm000002VMNic\"}]},\r\n
        \   \"provisioningState\": \"Succeeded\",\r\n    \"instanceView\": {\r\n      \"vmAgent\":
        {\r\n        \"vmAgentVersion\": \"Unknown\",\r\n        \"statuses\": [\r\n
        \         {\r\n            \"code\": \"ProvisioningState/Unavailable\",\r\n
        \           \"level\": \"Warning\",\r\n            \"displayStatus\": \"Not
        Ready\",\r\n            \"message\": \"VM status blob is found but not yet
        populated.\",\r\n            \"time\": \"2022-08-04T01:53:24+00:00\"\r\n          }\r\n
        \       ]\r\n      },\r\n      \"disks\": [\r\n        {\r\n          \"name\":
        \"clitest-vm000002_OsDisk_1_36023bb95d0b4b80956734d6048fd001\",\r\n          \"statuses\":
        [\r\n            {\r\n              \"code\": \"ProvisioningState/succeeded\",\r\n
        \             \"level\": \"Info\",\r\n              \"displayStatus\": \"Provisioning
        succeeded\",\r\n              \"time\": \"2022-08-04T01:52:13.9150928+00:00\"\r\n
        \           }\r\n          ]\r\n        }\r\n      ],\r\n      \"hyperVGeneration\":
        \"V1\",\r\n      \"statuses\": [\r\n        {\r\n          \"code\": \"ProvisioningState/succeeded\",\r\n
        \         \"level\": \"Info\",\r\n          \"displayStatus\": \"Provisioning
        succeeded\",\r\n          \"time\": \"2022-08-04T01:52:57.2918009+00:00\"\r\n
        \       },\r\n        {\r\n          \"code\": \"PowerState/running\",\r\n
        \         \"level\": \"Info\",\r\n          \"displayStatus\": \"VM running\"\r\n
        \       }\r\n      ]\r\n    },\r\n    \"timeCreated\": \"2022-08-04T01:52:12.6963261+00:00\"\r\n
        \ }\r\n}"
    headers:
      cache-control:
      - no-cache
      content-length:
      - '3517'
      content-type:
      - application/json; charset=utf-8
      date:
      - Thu, 04 Aug 2022 01:53:24 GMT
      expires:
      - '-1'
      pragma:
      - no-cache
      server:
      - Microsoft-HTTPAPI/2.0
      - Microsoft-HTTPAPI/2.0
      strict-transport-security:
      - max-age=31536000; includeSubDomains
      transfer-encoding:
      - chunked
      vary:
      - Accept-Encoding
      x-content-type-options:
      - nosniff
      x-ms-ratelimit-remaining-resource:
      - Microsoft.Compute/LowCostGet3Min;3987,Microsoft.Compute/LowCostGet30Min;31987
    status:
      code: 200
      message: OK
- request:
    body: null
    headers:
      Accept:
      - application/json, text/json
      Accept-Encoding:
      - gzip, deflate
      CommandName:
      - vm create
      Connection:
      - keep-alive
      ParameterSetName:
      - -n -g --image --admin-username --admin-password --tags --nsg-rule
      User-Agent:
      - AZURECLI/2.39.0 azsdk-python-azure-mgmt-network/20.0.0 Python/3.9.5 (Windows-10-10.0.19044-SP0)
    method: GET
    uri: https://management.azure.com/subscriptions/00000000-0000-0000-0000-000000000000/resourceGroups/cli_test_metric_alert_condition_create000001/providers/Microsoft.Network/networkInterfaces/clitest-vm000002VMNic?api-version=2018-01-01
  response:
    body:
      string: "{\r\n  \"name\": \"clitest-vm000002VMNic\",\r\n  \"id\": \"/subscriptions/00000000-0000-0000-0000-000000000000/resourceGroups/cli_test_metric_alert_condition_create000001/providers/Microsoft.Network/networkInterfaces/clitest-vm000002VMNic\",\r\n
        \ \"etag\": \"W/\\\"b0713d88-f7d6-40da-8595-3fd68b988515\\\"\",\r\n  \"tags\":
        {\r\n    \"MabUsed\": \"Yes\",\r\n    \"Owner\": \"sisi\",\r\n    \"Purpose\":
        \"CLITest\",\r\n    \"DeleteBy\": \"12-2099\",\r\n    \"AutoShutdown\": \"No\"\r\n
        \ },\r\n  \"properties\": {\r\n    \"provisioningState\": \"Succeeded\",\r\n
        \   \"resourceGuid\": \"edd6cd92-70c3-4419-a1ce-438ca5129944\",\r\n    \"ipConfigurations\":
        [\r\n      {\r\n        \"name\": \"ipconfigclitest-vm000002\",\r\n        \"id\":
        \"/subscriptions/00000000-0000-0000-0000-000000000000/resourceGroups/cli_test_metric_alert_condition_create000001/providers/Microsoft.Network/networkInterfaces/clitest-vm000002VMNic/ipConfigurations/ipconfigclitest-vm000002\",\r\n
        \       \"etag\": \"W/\\\"b0713d88-f7d6-40da-8595-3fd68b988515\\\"\",\r\n
        \       \"type\": \"Microsoft.Network/networkInterfaces/ipConfigurations\",\r\n
        \       \"properties\": {\r\n          \"provisioningState\": \"Succeeded\",\r\n
        \         \"privateIPAddress\": \"10.0.0.4\",\r\n          \"privateIPAllocationMethod\":
        \"Dynamic\",\r\n          \"publicIPAddress\": {\r\n            \"id\": \"/subscriptions/00000000-0000-0000-0000-000000000000/resourceGroups/cli_test_metric_alert_condition_create000001/providers/Microsoft.Network/publicIPAddresses/clitest-vm000002PublicIP\"\r\n
        \         },\r\n          \"subnet\": {\r\n            \"id\": \"/subscriptions/00000000-0000-0000-0000-000000000000/resourceGroups/cli_test_metric_alert_condition_create000001/providers/Microsoft.Network/virtualNetworks/clitest-vm000002VNET/subnets/clitest-vm000002Subnet\"\r\n
        \         },\r\n          \"primary\": true,\r\n          \"privateIPAddressVersion\":
        \"IPv4\"\r\n        }\r\n      }\r\n    ],\r\n    \"dnsSettings\": {\r\n      \"dnsServers\":
        [],\r\n      \"appliedDnsServers\": [],\r\n      \"internalDomainNameSuffix\":
        \"letoec0jxi4udm0tdqn3teokae.dx.internal.cloudapp.net\"\r\n    },\r\n    \"macAddress\":
        \"00-22-48-08-34-6E\",\r\n    \"enableIPForwarding\": false,\r\n    \"networkSecurityGroup\":
        {\r\n      \"id\": \"/subscriptions/00000000-0000-0000-0000-000000000000/resourceGroups/cli_test_metric_alert_condition_create000001/providers/Microsoft.Network/networkSecurityGroups/clitest-vm000002NSG\"\r\n
        \   },\r\n    \"primary\": true,\r\n    \"virtualMachine\": {\r\n      \"id\":
        \"/subscriptions/00000000-0000-0000-0000-000000000000/resourceGroups/cli_test_metric_alert_condition_create000001/providers/Microsoft.Compute/virtualMachines/clitest-vm000002\"\r\n
        \   }\r\n  },\r\n  \"type\": \"Microsoft.Network/networkInterfaces\",\r\n
        \ \"location\": \"westus\"\r\n}"
    headers:
      cache-control:
      - no-cache
      content-length:
      - '2599'
      content-type:
      - application/json; charset=utf-8
      date:
      - Thu, 04 Aug 2022 01:53:24 GMT
      etag:
      - W/"b0713d88-f7d6-40da-8595-3fd68b988515"
      expires:
      - '-1'
      pragma:
      - no-cache
      server:
      - Microsoft-HTTPAPI/2.0
      - Microsoft-HTTPAPI/2.0
      strict-transport-security:
      - max-age=31536000; includeSubDomains
      transfer-encoding:
      - chunked
      vary:
      - Accept-Encoding
      x-content-type-options:
      - nosniff
      x-ms-arm-service-request-id:
      - fc1d919b-3cd7-4983-b916-614f0098fc47
    status:
      code: 200
      message: OK
- request:
    body: null
    headers:
      Accept:
      - application/json, text/json
      Accept-Encoding:
      - gzip, deflate
      CommandName:
      - vm create
      Connection:
      - keep-alive
      ParameterSetName:
      - -n -g --image --admin-username --admin-password --tags --nsg-rule
      User-Agent:
      - AZURECLI/2.39.0 azsdk-python-azure-mgmt-network/20.0.0 Python/3.9.5 (Windows-10-10.0.19044-SP0)
    method: GET
    uri: https://management.azure.com/subscriptions/00000000-0000-0000-0000-000000000000/resourceGroups/cli_test_metric_alert_condition_create000001/providers/Microsoft.Network/publicIPAddresses/clitest-vm000002PublicIP?api-version=2018-01-01
  response:
    body:
      string: "{\r\n  \"name\": \"clitest-vm000002PublicIP\",\r\n  \"id\": \"/subscriptions/00000000-0000-0000-0000-000000000000/resourceGroups/cli_test_metric_alert_condition_create000001/providers/Microsoft.Network/publicIPAddresses/clitest-vm000002PublicIP\",\r\n
        \ \"etag\": \"W/\\\"52c87fff-97eb-4452-912e-7803ecd2bfbe\\\"\",\r\n  \"location\":
        \"westus\",\r\n  \"tags\": {\r\n    \"MabUsed\": \"Yes\",\r\n    \"Owner\":
        \"sisi\",\r\n    \"Purpose\": \"CLITest\",\r\n    \"DeleteBy\": \"12-2099\",\r\n
        \   \"AutoShutdown\": \"No\"\r\n  },\r\n  \"properties\": {\r\n    \"provisioningState\":
        \"Succeeded\",\r\n    \"resourceGuid\": \"c9d02334-4f21-40c2-b051-516547c11927\",\r\n
        \   \"ipAddress\": \"20.59.123.214\",\r\n    \"publicIPAddressVersion\": \"IPv4\",\r\n
        \   \"publicIPAllocationMethod\": \"Dynamic\",\r\n    \"idleTimeoutInMinutes\":
        4,\r\n    \"ipTags\": [],\r\n    \"ipConfiguration\": {\r\n      \"id\": \"/subscriptions/00000000-0000-0000-0000-000000000000/resourceGroups/cli_test_metric_alert_condition_create000001/providers/Microsoft.Network/networkInterfaces/clitest-vm000002VMNic/ipConfigurations/ipconfigclitest-vm000002\"\r\n
        \   }\r\n  },\r\n  \"type\": \"Microsoft.Network/publicIPAddresses\",\r\n
        \ \"sku\": {\r\n    \"name\": \"Basic\"\r\n  }\r\n}"
    headers:
      cache-control:
      - no-cache
      content-length:
      - '1117'
      content-type:
      - application/json; charset=utf-8
      date:
      - Thu, 04 Aug 2022 01:53:24 GMT
      etag:
      - W/"52c87fff-97eb-4452-912e-7803ecd2bfbe"
      expires:
      - '-1'
      pragma:
      - no-cache
      server:
      - Microsoft-HTTPAPI/2.0
      - Microsoft-HTTPAPI/2.0
      strict-transport-security:
      - max-age=31536000; includeSubDomains
      transfer-encoding:
      - chunked
      vary:
      - Accept-Encoding
      x-content-type-options:
      - nosniff
      x-ms-arm-service-request-id:
      - 9e7d8ac5-d3fa-4553-b25d-c40467a066ac
    status:
      code: 200
      message: OK
- request:
    body: null
    headers:
      Accept:
      - application/json
      Accept-Encoding:
      - gzip, deflate
      CommandName:
      - vm create
      Connection:
      - keep-alive
      ParameterSetName:
      - -n -g --image --admin-username --admin-password --tags --nsg-rule
      User-Agent:
      - AZURECLI/2.39.0 azsdk-python-azure-mgmt-resource/21.1.0b1 Python/3.9.5 (Windows-10-10.0.19044-SP0)
    method: GET
    uri: https://management.azure.com/subscriptions/00000000-0000-0000-0000-000000000000/resourcegroups/cli_test_metric_alert_condition_create000001?api-version=2021-04-01
  response:
    body:
      string: '{"id":"/subscriptions/00000000-0000-0000-0000-000000000000/resourceGroups/cli_test_metric_alert_condition_create000001","name":"cli_test_metric_alert_condition_create000001","type":"Microsoft.Resources/resourceGroups","location":"westus","tags":{"product":"azurecli","cause":"automation","date":"2022-08-04T01:51:39Z"},"properties":{"provisioningState":"Succeeded"}}'
    headers:
      cache-control:
      - no-cache
      content-length:
      - '366'
      content-type:
      - application/json; charset=utf-8
      date:
      - Thu, 04 Aug 2022 01:53:25 GMT
      expires:
      - '-1'
      pragma:
      - no-cache
      strict-transport-security:
      - max-age=31536000; includeSubDomains
      vary:
      - Accept-Encoding
      x-content-type-options:
      - nosniff
    status:
      code: 200
      message: OK
- request:
    body: null
    headers:
      Accept:
      - application/json
      Accept-Encoding:
      - gzip, deflate
      CommandName:
      - vm create
      Connection:
      - keep-alive
      ParameterSetName:
      - -n -g --image --admin-username --admin-password --tags --nsg-rule
      User-Agent:
      - AZURECLI/2.39.0 azsdk-python-azure-mgmt-compute/27.1.0 Python/3.9.5 (Windows-10-10.0.19044-SP0)
    method: GET
    uri: https://management.azure.com/subscriptions/00000000-0000-0000-0000-000000000000/providers/Microsoft.Compute/locations/westus/publishers/MicrosoftWindowsServer/artifacttypes/vmimage/offers/WindowsServer/skus/2012-R2-Datacenter/versions?$top=1&$orderby=name%20desc&api-version=2022-03-01
  response:
    body:
      string: "[\r\n  {\r\n    \"location\": \"westus\",\r\n    \"name\": \"9600.20478.220708\",\r\n
        \   \"id\": \"/Subscriptions/00000000-0000-0000-0000-000000000000/Providers/Microsoft.Compute/Locations/westus/Publishers/MicrosoftWindowsServer/ArtifactTypes/VMImage/Offers/WindowsServer/Skus/2012-R2-Datacenter/Versions/9600.20478.220708\"\r\n
        \ }\r\n]"
    headers:
      cache-control:
      - no-cache
      content-length:
      - '313'
      content-type:
      - application/json; charset=utf-8
      date:
      - Thu, 04 Aug 2022 01:53:27 GMT
      expires:
      - '-1'
      pragma:
      - no-cache
      server:
      - Microsoft-HTTPAPI/2.0
      - Microsoft-HTTPAPI/2.0
      strict-transport-security:
      - max-age=31536000; includeSubDomains
      transfer-encoding:
      - chunked
      vary:
      - Accept-Encoding
      x-content-type-options:
      - nosniff
      x-ms-ratelimit-remaining-resource:
      - Microsoft.Compute/ListVMImagesVersionsFromLocation3Min;15993,Microsoft.Compute/ListVMImagesVersionsFromLocation30Min;43988
    status:
      code: 200
      message: OK
- request:
    body: null
    headers:
      Accept:
      - application/json
      Accept-Encoding:
      - gzip, deflate
      CommandName:
      - vm create
      Connection:
      - keep-alive
      ParameterSetName:
      - -n -g --image --admin-username --admin-password --tags --nsg-rule
      User-Agent:
      - AZURECLI/2.39.0 azsdk-python-azure-mgmt-compute/27.1.0 Python/3.9.5 (Windows-10-10.0.19044-SP0)
    method: GET
    uri: https://management.azure.com/subscriptions/00000000-0000-0000-0000-000000000000/providers/Microsoft.Compute/locations/westus/publishers/MicrosoftWindowsServer/artifacttypes/vmimage/offers/WindowsServer/skus/2012-R2-Datacenter/versions/9600.20478.220708?api-version=2022-03-01
  response:
    body:
      string: "{\r\n  \"properties\": {\r\n    \"hyperVGeneration\": \"V1\",\r\n    \"architecture\":
        \"x64\",\r\n    \"replicaType\": \"Unmanaged\",\r\n    \"disallowed\": {\r\n
        \     \"vmDiskType\": \"None\"\r\n    },\r\n    \"automaticOSUpgradeProperties\":
        {\r\n      \"automaticOSUpgradeSupported\": true\r\n    },\r\n    \"imageDeprecationStatus\":
        {\r\n      \"imageState\": \"Active\"\r\n    },\r\n    \"features\": [\r\n
        \     {\r\n        \"name\": \"IsAcceleratedNetworkSupported\",\r\n        \"value\":
        \"True\"\r\n      },\r\n      {\r\n        \"name\": \"DiskControllerTypes\",\r\n
        \       \"value\": \"SCSI\"\r\n      },\r\n      {\r\n        \"name\": \"IsHibernateSupported\",\r\n
        \       \"value\": \"False\"\r\n      }\r\n    ],\r\n    \"osDiskImage\":
        {\r\n      \"operatingSystem\": \"Windows\",\r\n      \"sizeInGb\": 128,\r\n
        \     \"sizeInBytes\": 136367309312\r\n    },\r\n    \"dataDiskImages\": []\r\n
        \ },\r\n  \"location\": \"westus\",\r\n  \"name\": \"9600.20478.220708\",\r\n
        \ \"id\": \"/Subscriptions/00000000-0000-0000-0000-000000000000/Providers/Microsoft.Compute/Locations/westus/Publishers/MicrosoftWindowsServer/ArtifactTypes/VMImage/Offers/WindowsServer/Skus/2012-R2-Datacenter/Versions/9600.20478.220708\"\r\n}"
    headers:
      cache-control:
      - no-cache
      content-length:
      - '1074'
      content-type:
      - application/json; charset=utf-8
      date:
      - Thu, 04 Aug 2022 01:53:28 GMT
      expires:
      - '-1'
      pragma:
      - no-cache
      server:
      - Microsoft-HTTPAPI/2.0
      - Microsoft-HTTPAPI/2.0
      strict-transport-security:
      - max-age=31536000; includeSubDomains
      transfer-encoding:
      - chunked
      vary:
      - Accept-Encoding
      x-content-type-options:
      - nosniff
      x-ms-ratelimit-remaining-resource:
      - Microsoft.Compute/GetVMImageFromLocation3Min;12995,Microsoft.Compute/GetVMImageFromLocation30Min;73992
    status:
      code: 200
      message: OK
- request:
    body: null
    headers:
      Accept:
      - application/json, text/json
      Accept-Encoding:
      - gzip, deflate
      CommandName:
      - vm create
      Connection:
      - keep-alive
      ParameterSetName:
      - -n -g --image --admin-username --admin-password --tags --nsg-rule
      User-Agent:
      - AZURECLI/2.39.0 azsdk-python-azure-mgmt-network/20.0.0 Python/3.9.5 (Windows-10-10.0.19044-SP0)
    method: GET
    uri: https://management.azure.com/subscriptions/00000000-0000-0000-0000-000000000000/resourceGroups/cli_test_metric_alert_condition_create000001/providers/Microsoft.Network/virtualNetworks?api-version=2018-01-01
  response:
    body:
      string: "{\r\n  \"value\": [\r\n    {\r\n      \"name\": \"clitest-vm000002VNET\",\r\n
        \     \"id\": \"/subscriptions/00000000-0000-0000-0000-000000000000/resourceGroups/cli_test_metric_alert_condition_create000001/providers/Microsoft.Network/virtualNetworks/clitest-vm000002VNET\",\r\n
        \     \"etag\": \"W/\\\"ffd93831-134a-49d6-ae10-e241b9fc7104\\\"\",\r\n      \"type\":
        \"Microsoft.Network/virtualNetworks\",\r\n      \"location\": \"westus\",\r\n
        \     \"tags\": {\r\n        \"MabUsed\": \"Yes\",\r\n        \"Owner\": \"sisi\",\r\n
        \       \"Purpose\": \"CLITest\",\r\n        \"DeleteBy\": \"12-2099\",\r\n
        \       \"AutoShutdown\": \"No\"\r\n      },\r\n      \"properties\": {\r\n
        \       \"provisioningState\": \"Succeeded\",\r\n        \"resourceGuid\":
        \"0be22659-ba49-413d-b353-1c1bd991ca04\",\r\n        \"addressSpace\": {\r\n
        \         \"addressPrefixes\": [\r\n            \"10.0.0.0/16\"\r\n          ]\r\n
        \       },\r\n        \"subnets\": [\r\n          {\r\n            \"name\":
        \"clitest-vm000002Subnet\",\r\n            \"id\": \"/subscriptions/00000000-0000-0000-0000-000000000000/resourceGroups/cli_test_metric_alert_condition_create000001/providers/Microsoft.Network/virtualNetworks/clitest-vm000002VNET/subnets/clitest-vm000002Subnet\",\r\n
        \           \"etag\": \"W/\\\"ffd93831-134a-49d6-ae10-e241b9fc7104\\\"\",\r\n
        \           \"properties\": {\r\n              \"provisioningState\": \"Succeeded\",\r\n
        \             \"addressPrefix\": \"10.0.0.0/24\",\r\n              \"ipConfigurations\":
        [\r\n                {\r\n                  \"id\": \"/subscriptions/00000000-0000-0000-0000-000000000000/resourceGroups/cli_test_metric_alert_condition_create000001/providers/Microsoft.Network/networkInterfaces/clitest-vm000002VMNic/ipConfigurations/ipconfigclitest-vm000002\"\r\n
        \               }\r\n              ]\r\n            },\r\n            \"type\":
        \"Microsoft.Network/virtualNetworks/subnets\"\r\n          }\r\n        ],\r\n
        \       \"virtualNetworkPeerings\": [],\r\n        \"enableDdosProtection\":
        false\r\n      }\r\n    }\r\n  ]\r\n}"
    headers:
      cache-control:
      - no-cache
      content-length:
      - '1864'
      content-type:
      - application/json; charset=utf-8
      date:
      - Thu, 04 Aug 2022 01:53:30 GMT
      expires:
      - '-1'
      pragma:
      - no-cache
      server:
      - Microsoft-HTTPAPI/2.0
      - Microsoft-HTTPAPI/2.0
      strict-transport-security:
      - max-age=31536000; includeSubDomains
      transfer-encoding:
      - chunked
      vary:
      - Accept-Encoding
      x-content-type-options:
      - nosniff
      x-ms-arm-service-request-id:
      - 28c23f36-97c2-4592-9353-dd2986531e45
    status:
      code: 200
      message: OK
- request:
    body: '{"properties": {"template": {"$schema": "https://schema.management.azure.com/schemas/2015-01-01/deploymentTemplate.json#",
      "contentVersion": "1.0.0.0", "parameters": {"adminPassword": {"type": "securestring",
      "metadata": {"description": "Secure adminPassword"}}}, "variables": {}, "resources":
      [{"type": "Microsoft.Network/networkSecurityGroups", "name": "clitest-vm000003NSG",
      "apiVersion": "2015-06-15", "location": "westus", "tags": {"MabUsed": "Yes",
      "Owner": "sisi", "Purpose": "CLITest", "DeleteBy": "12-2099", "AutoShutdown":
      "No"}, "dependsOn": []}, {"apiVersion": "2018-01-01", "type": "Microsoft.Network/publicIPAddresses",
      "name": "clitest-vm000003PublicIP", "location": "westus", "tags": {"MabUsed":
      "Yes", "Owner": "sisi", "Purpose": "CLITest", "DeleteBy": "12-2099", "AutoShutdown":
      "No"}, "dependsOn": [], "properties": {"publicIPAllocationMethod": null}}, {"apiVersion":
      "2015-06-15", "type": "Microsoft.Network/networkInterfaces", "name": "clitest-vm000003VMNic",
      "location": "westus", "tags": {"MabUsed": "Yes", "Owner": "sisi", "Purpose":
      "CLITest", "DeleteBy": "12-2099", "AutoShutdown": "No"}, "dependsOn": ["Microsoft.Network/networkSecurityGroups/clitest-vm000003NSG",
      "Microsoft.Network/publicIpAddresses/clitest-vm000003PublicIP"], "properties":
      {"ipConfigurations": [{"name": "ipconfigclitest-vm000003", "properties": {"privateIPAllocationMethod":
      "Dynamic", "subnet": {"id": "/subscriptions/00000000-0000-0000-0000-000000000000/resourceGroups/cli_test_metric_alert_condition_create000001/providers/Microsoft.Network/virtualNetworks/clitest-vm000002VNET/subnets/clitest-vm000002Subnet"},
      "publicIPAddress": {"id": "/subscriptions/00000000-0000-0000-0000-000000000000/resourceGroups/cli_test_metric_alert_condition_create000001/providers/Microsoft.Network/publicIPAddresses/clitest-vm000003PublicIP"}}}],
      "networkSecurityGroup": {"id": "/subscriptions/00000000-0000-0000-0000-000000000000/resourceGroups/cli_test_metric_alert_condition_create000001/providers/Microsoft.Network/networkSecurityGroups/clitest-vm000003NSG"}}},
      {"apiVersion": "2022-03-01", "type": "Microsoft.Compute/virtualMachines", "name":
      "clitest-vm000003", "location": "westus", "tags": {"MabUsed": "Yes", "Owner":
      "sisi", "Purpose": "CLITest", "DeleteBy": "12-2099", "AutoShutdown": "No"},
      "dependsOn": ["Microsoft.Network/networkInterfaces/clitest-vm000003VMNic"],
      "properties": {"hardwareProfile": {"vmSize": "Standard_DS1_v2"}, "networkProfile":
      {"networkInterfaces": [{"id": "/subscriptions/00000000-0000-0000-0000-000000000000/resourceGroups/cli_test_metric_alert_condition_create000001/providers/Microsoft.Network/networkInterfaces/clitest-vm000003VMNic",
      "properties": {"deleteOption": null}}]}, "storageProfile": {"osDisk": {"createOption":
      "fromImage", "name": null, "caching": "ReadWrite", "managedDisk": {"storageAccountType":
      null}}, "imageReference": {"publisher": "MicrosoftWindowsServer", "offer": "WindowsServer",
      "sku": "2012-R2-Datacenter", "version": "latest"}}, "osProfile": {"computerName":
      "clitest-vm000003", "adminUsername": "clitest-vm000003", "adminPassword": "[parameters(''adminPassword'')]"}}}],
      "outputs": {}}, "parameters": {"adminPassword": {"value": "%j^VYw9Q3Z@Cu$*h"}},
      "mode": "incremental"}}'
    headers:
      Accept:
      - application/json
      Accept-Encoding:
      - gzip, deflate
      CommandName:
      - vm create
      Connection:
      - keep-alive
      Content-Length:
      - '3221'
      Content-Type:
      - application/json
      ParameterSetName:
      - -n -g --image --admin-username --admin-password --tags --nsg-rule
      User-Agent:
      - AZURECLI/2.39.0 azsdk-python-azure-mgmt-resource/21.1.0b1 Python/3.9.5 (Windows-10-10.0.19044-SP0)
    method: PUT
    uri: https://management.azure.com/subscriptions/00000000-0000-0000-0000-000000000000/resourcegroups/cli_test_metric_alert_condition_create000001/providers/Microsoft.Resources/deployments/mock-deployment?api-version=2021-04-01
  response:
    body:
      string: '{"id":"/subscriptions/00000000-0000-0000-0000-000000000000/resourceGroups/cli_test_metric_alert_condition_create000001/providers/Microsoft.Resources/deployments/vm_deploy_VOUkci1UFhqDsNhHsxHRa0M1t6Kfgm5c","name":"vm_deploy_VOUkci1UFhqDsNhHsxHRa0M1t6Kfgm5c","type":"Microsoft.Resources/deployments","properties":{"templateHash":"17982070782918038413","parameters":{"adminPassword":{"type":"SecureString"}},"mode":"Incremental","provisioningState":"Accepted","timestamp":"2022-08-04T01:53:34.1195309Z","duration":"PT0.0004731S","correlationId":"fe73143f-d514-4753-9031-10a44c0d9bbf","providers":[{"namespace":"Microsoft.Network","resourceTypes":[{"resourceType":"networkSecurityGroups","locations":["westus"]},{"resourceType":"publicIPAddresses","locations":["westus"]},{"resourceType":"networkInterfaces","locations":["westus"]}]},{"namespace":"Microsoft.Compute","resourceTypes":[{"resourceType":"virtualMachines","locations":["westus"]}]}],"dependencies":[{"dependsOn":[{"id":"/subscriptions/00000000-0000-0000-0000-000000000000/resourceGroups/cli_test_metric_alert_condition_create000001/providers/Microsoft.Network/networkSecurityGroups/clitest-vm000003NSG","resourceType":"Microsoft.Network/networkSecurityGroups","resourceName":"clitest-vm000003NSG"},{"id":"/subscriptions/00000000-0000-0000-0000-000000000000/resourceGroups/cli_test_metric_alert_condition_create000001/providers/Microsoft.Network/publicIPAddresses/clitest-vm000003PublicIP","resourceType":"Microsoft.Network/publicIPAddresses","resourceName":"clitest-vm000003PublicIP"}],"id":"/subscriptions/00000000-0000-0000-0000-000000000000/resourceGroups/cli_test_metric_alert_condition_create000001/providers/Microsoft.Network/networkInterfaces/clitest-vm000003VMNic","resourceType":"Microsoft.Network/networkInterfaces","resourceName":"clitest-vm000003VMNic"},{"dependsOn":[{"id":"/subscriptions/00000000-0000-0000-0000-000000000000/resourceGroups/cli_test_metric_alert_condition_create000001/providers/Microsoft.Network/networkInterfaces/clitest-vm000003VMNic","resourceType":"Microsoft.Network/networkInterfaces","resourceName":"clitest-vm000003VMNic"}],"id":"/subscriptions/00000000-0000-0000-0000-000000000000/resourceGroups/cli_test_metric_alert_condition_create000001/providers/Microsoft.Compute/virtualMachines/clitest-vm000003","resourceType":"Microsoft.Compute/virtualMachines","resourceName":"clitest-vm000003"}]}}'
    headers:
      azure-asyncoperation:
      - https://management.azure.com/subscriptions/00000000-0000-0000-0000-000000000000/resourcegroups/cli_test_metric_alert_condition_create000001/providers/Microsoft.Resources/deployments/vm_deploy_VOUkci1UFhqDsNhHsxHRa0M1t6Kfgm5c/operationStatuses/08585420288733836018?api-version=2021-04-01
      cache-control:
      - no-cache
      content-length:
      - '2388'
      content-type:
      - application/json; charset=utf-8
      date:
      - Thu, 04 Aug 2022 01:53:34 GMT
      expires:
      - '-1'
      pragma:
      - no-cache
      strict-transport-security:
      - max-age=31536000; includeSubDomains
      x-content-type-options:
      - nosniff
      x-ms-ratelimit-remaining-subscription-writes:
      - '1196'
    status:
      code: 201
      message: Created
- request:
    body: null
    headers:
      Accept:
      - '*/*'
      Accept-Encoding:
      - gzip, deflate
      CommandName:
      - vm create
      Connection:
      - keep-alive
      ParameterSetName:
      - -n -g --image --admin-username --admin-password --tags --nsg-rule
      User-Agent:
      - AZURECLI/2.39.0 azsdk-python-azure-mgmt-resource/21.1.0b1 Python/3.9.5 (Windows-10-10.0.19044-SP0)
    method: GET
    uri: https://management.azure.com/subscriptions/00000000-0000-0000-0000-000000000000/resourcegroups/cli_test_metric_alert_condition_create000001/providers/Microsoft.Resources/deployments/mock-deployment/operationStatuses/08585420288733836018?api-version=2021-04-01
  response:
    body:
      string: '{"status":"Running"}'
    headers:
      cache-control:
      - no-cache
      content-length:
      - '20'
      content-type:
      - application/json; charset=utf-8
      date:
      - Thu, 04 Aug 2022 01:54:05 GMT
      expires:
      - '-1'
      pragma:
      - no-cache
      strict-transport-security:
      - max-age=31536000; includeSubDomains
      vary:
      - Accept-Encoding
      x-content-type-options:
      - nosniff
    status:
      code: 200
      message: OK
- request:
    body: null
    headers:
      Accept:
      - '*/*'
      Accept-Encoding:
      - gzip, deflate
      CommandName:
      - vm create
      Connection:
      - keep-alive
      ParameterSetName:
      - -n -g --image --admin-username --admin-password --tags --nsg-rule
      User-Agent:
      - AZURECLI/2.39.0 azsdk-python-azure-mgmt-resource/21.1.0b1 Python/3.9.5 (Windows-10-10.0.19044-SP0)
    method: GET
    uri: https://management.azure.com/subscriptions/00000000-0000-0000-0000-000000000000/resourcegroups/cli_test_metric_alert_condition_create000001/providers/Microsoft.Resources/deployments/mock-deployment/operationStatuses/08585420288733836018?api-version=2021-04-01
  response:
    body:
      string: '{"status":"Running"}'
    headers:
      cache-control:
      - no-cache
      content-length:
      - '20'
      content-type:
      - application/json; charset=utf-8
      date:
      - Thu, 04 Aug 2022 01:54:35 GMT
      expires:
      - '-1'
      pragma:
      - no-cache
      strict-transport-security:
      - max-age=31536000; includeSubDomains
      vary:
      - Accept-Encoding
      x-content-type-options:
      - nosniff
    status:
      code: 200
      message: OK
- request:
    body: null
    headers:
      Accept:
      - '*/*'
      Accept-Encoding:
      - gzip, deflate
      CommandName:
      - vm create
      Connection:
      - keep-alive
      ParameterSetName:
      - -n -g --image --admin-username --admin-password --tags --nsg-rule
      User-Agent:
      - AZURECLI/2.39.0 azsdk-python-azure-mgmt-resource/21.1.0b1 Python/3.9.5 (Windows-10-10.0.19044-SP0)
    method: GET
    uri: https://management.azure.com/subscriptions/00000000-0000-0000-0000-000000000000/resourcegroups/cli_test_metric_alert_condition_create000001/providers/Microsoft.Resources/deployments/mock-deployment/operationStatuses/08585420288733836018?api-version=2021-04-01
  response:
    body:
      string: '{"status":"Succeeded"}'
    headers:
      cache-control:
      - no-cache
      content-length:
      - '22'
      content-type:
      - application/json; charset=utf-8
      date:
      - Thu, 04 Aug 2022 01:55:06 GMT
      expires:
      - '-1'
      pragma:
      - no-cache
      strict-transport-security:
      - max-age=31536000; includeSubDomains
      vary:
      - Accept-Encoding
      x-content-type-options:
      - nosniff
    status:
      code: 200
      message: OK
- request:
    body: null
    headers:
      Accept:
      - '*/*'
      Accept-Encoding:
      - gzip, deflate
      CommandName:
      - vm create
      Connection:
      - keep-alive
      ParameterSetName:
      - -n -g --image --admin-username --admin-password --tags --nsg-rule
      User-Agent:
      - AZURECLI/2.39.0 azsdk-python-azure-mgmt-resource/21.1.0b1 Python/3.9.5 (Windows-10-10.0.19044-SP0)
    method: GET
    uri: https://management.azure.com/subscriptions/00000000-0000-0000-0000-000000000000/resourcegroups/cli_test_metric_alert_condition_create000001/providers/Microsoft.Resources/deployments/mock-deployment?api-version=2021-04-01
  response:
    body:
      string: '{"id":"/subscriptions/00000000-0000-0000-0000-000000000000/resourceGroups/cli_test_metric_alert_condition_create000001/providers/Microsoft.Resources/deployments/vm_deploy_VOUkci1UFhqDsNhHsxHRa0M1t6Kfgm5c","name":"vm_deploy_VOUkci1UFhqDsNhHsxHRa0M1t6Kfgm5c","type":"Microsoft.Resources/deployments","properties":{"templateHash":"17982070782918038413","parameters":{"adminPassword":{"type":"SecureString"}},"mode":"Incremental","provisioningState":"Succeeded","timestamp":"2022-08-04T01:54:50.6925104Z","duration":"PT1M16.5734526S","correlationId":"fe73143f-d514-4753-9031-10a44c0d9bbf","providers":[{"namespace":"Microsoft.Network","resourceTypes":[{"resourceType":"networkSecurityGroups","locations":["westus"]},{"resourceType":"publicIPAddresses","locations":["westus"]},{"resourceType":"networkInterfaces","locations":["westus"]}]},{"namespace":"Microsoft.Compute","resourceTypes":[{"resourceType":"virtualMachines","locations":["westus"]}]}],"dependencies":[{"dependsOn":[{"id":"/subscriptions/00000000-0000-0000-0000-000000000000/resourceGroups/cli_test_metric_alert_condition_create000001/providers/Microsoft.Network/networkSecurityGroups/clitest-vm000003NSG","resourceType":"Microsoft.Network/networkSecurityGroups","resourceName":"clitest-vm000003NSG"},{"id":"/subscriptions/00000000-0000-0000-0000-000000000000/resourceGroups/cli_test_metric_alert_condition_create000001/providers/Microsoft.Network/publicIPAddresses/clitest-vm000003PublicIP","resourceType":"Microsoft.Network/publicIPAddresses","resourceName":"clitest-vm000003PublicIP"}],"id":"/subscriptions/00000000-0000-0000-0000-000000000000/resourceGroups/cli_test_metric_alert_condition_create000001/providers/Microsoft.Network/networkInterfaces/clitest-vm000003VMNic","resourceType":"Microsoft.Network/networkInterfaces","resourceName":"clitest-vm000003VMNic"},{"dependsOn":[{"id":"/subscriptions/00000000-0000-0000-0000-000000000000/resourceGroups/cli_test_metric_alert_condition_create000001/providers/Microsoft.Network/networkInterfaces/clitest-vm000003VMNic","resourceType":"Microsoft.Network/networkInterfaces","resourceName":"clitest-vm000003VMNic"}],"id":"/subscriptions/00000000-0000-0000-0000-000000000000/resourceGroups/cli_test_metric_alert_condition_create000001/providers/Microsoft.Compute/virtualMachines/clitest-vm000003","resourceType":"Microsoft.Compute/virtualMachines","resourceName":"clitest-vm000003"}],"outputs":{},"outputResources":[{"id":"/subscriptions/00000000-0000-0000-0000-000000000000/resourceGroups/cli_test_metric_alert_condition_create000001/providers/Microsoft.Compute/virtualMachines/clitest-vm000003"},{"id":"/subscriptions/00000000-0000-0000-0000-000000000000/resourceGroups/cli_test_metric_alert_condition_create000001/providers/Microsoft.Network/networkInterfaces/clitest-vm000003VMNic"},{"id":"/subscriptions/00000000-0000-0000-0000-000000000000/resourceGroups/cli_test_metric_alert_condition_create000001/providers/Microsoft.Network/networkSecurityGroups/clitest-vm000003NSG"},{"id":"/subscriptions/00000000-0000-0000-0000-000000000000/resourceGroups/cli_test_metric_alert_condition_create000001/providers/Microsoft.Network/publicIPAddresses/clitest-vm000003PublicIP"}]}}'
    headers:
      cache-control:
      - no-cache
      content-length:
      - '3179'
      content-type:
      - application/json; charset=utf-8
      date:
      - Thu, 04 Aug 2022 01:55:07 GMT
      expires:
      - '-1'
      pragma:
      - no-cache
      strict-transport-security:
      - max-age=31536000; includeSubDomains
      vary:
      - Accept-Encoding
      x-content-type-options:
      - nosniff
    status:
      code: 200
      message: OK
- request:
    body: null
    headers:
      Accept:
      - application/json
      Accept-Encoding:
      - gzip, deflate
      CommandName:
      - vm create
      Connection:
      - keep-alive
      ParameterSetName:
      - -n -g --image --admin-username --admin-password --tags --nsg-rule
      User-Agent:
      - AZURECLI/2.39.0 azsdk-python-azure-mgmt-compute/27.1.0 Python/3.9.5 (Windows-10-10.0.19044-SP0)
    method: GET
    uri: https://management.azure.com/subscriptions/00000000-0000-0000-0000-000000000000/resourceGroups/cli_test_metric_alert_condition_create000001/providers/Microsoft.Compute/virtualMachines/clitest-vm000003?$expand=instanceView&api-version=2022-03-01
  response:
    body:
      string: "{\r\n  \"name\": \"clitest-vm000003\",\r\n  \"id\": \"/subscriptions/00000000-0000-0000-0000-000000000000/resourceGroups/cli_test_metric_alert_condition_create000001/providers/Microsoft.Compute/virtualMachines/clitest-vm000003\",\r\n
        \ \"type\": \"Microsoft.Compute/virtualMachines\",\r\n  \"location\": \"westus\",\r\n
        \ \"tags\": {\r\n    \"MabUsed\": \"Yes\",\r\n    \"Owner\": \"sisi\",\r\n
        \   \"Purpose\": \"CLITest\",\r\n    \"DeleteBy\": \"12-2099\",\r\n    \"AutoShutdown\":
        \"No\"\r\n  },\r\n  \"properties\": {\r\n    \"vmId\": \"9fb35b0c-5d24-40c7-91e3-b7e5a1df8f04\",\r\n
        \   \"hardwareProfile\": {\r\n      \"vmSize\": \"Standard_DS1_v2\"\r\n    },\r\n
        \   \"storageProfile\": {\r\n      \"imageReference\": {\r\n        \"publisher\":
        \"MicrosoftWindowsServer\",\r\n        \"offer\": \"WindowsServer\",\r\n        \"sku\":
        \"2012-R2-Datacenter\",\r\n        \"version\": \"latest\",\r\n        \"exactVersion\":
        \"9600.20478.220708\"\r\n      },\r\n      \"osDisk\": {\r\n        \"osType\":
        \"Windows\",\r\n        \"name\": \"clitest-vm000003_OsDisk_1_c6ff61be284a4a0e992e6701d2ca6b01\",\r\n
        \       \"createOption\": \"FromImage\",\r\n        \"caching\": \"ReadWrite\",\r\n
        \       \"managedDisk\": {\r\n          \"storageAccountType\": \"Premium_LRS\",\r\n
        \         \"id\": \"/subscriptions/00000000-0000-0000-0000-000000000000/resourceGroups/cli_test_metric_alert_condition_create000001/providers/Microsoft.Compute/disks/clitest-vm000003_OsDisk_1_c6ff61be284a4a0e992e6701d2ca6b01\"\r\n
        \       },\r\n        \"deleteOption\": \"Detach\",\r\n        \"diskSizeGB\":
        127\r\n      },\r\n      \"dataDisks\": []\r\n    },\r\n    \"osProfile\":
        {\r\n      \"computerName\": \"clitest-vm000003\",\r\n      \"adminUsername\":
        \"clitest-vm000003\",\r\n      \"windowsConfiguration\": {\r\n        \"provisionVMAgent\":
        true,\r\n        \"enableAutomaticUpdates\": true,\r\n        \"patchSettings\":
        {\r\n          \"patchMode\": \"AutomaticByOS\",\r\n          \"assessmentMode\":
        \"ImageDefault\"\r\n        },\r\n        \"enableVMAgentPlatformUpdates\":
        false\r\n      },\r\n      \"secrets\": [],\r\n      \"allowExtensionOperations\":
        true,\r\n      \"requireGuestProvisionSignal\": true\r\n    },\r\n    \"networkProfile\":
        {\"networkInterfaces\":[{\"id\":\"/subscriptions/00000000-0000-0000-0000-000000000000/resourceGroups/cli_test_metric_alert_condition_create000001/providers/Microsoft.Network/networkInterfaces/clitest-vm000003VMNic\"}]},\r\n
        \   \"provisioningState\": \"Succeeded\",\r\n    \"instanceView\": {\r\n      \"vmAgent\":
        {\r\n        \"vmAgentVersion\": \"Unknown\",\r\n        \"statuses\": [\r\n
        \         {\r\n            \"code\": \"ProvisioningState/Unavailable\",\r\n
        \           \"level\": \"Warning\",\r\n            \"displayStatus\": \"Not
        Ready\",\r\n            \"message\": \"VM status blob is found but not yet
        populated.\",\r\n            \"time\": \"2022-08-04T01:55:08+00:00\"\r\n          }\r\n
        \       ]\r\n      },\r\n      \"disks\": [\r\n        {\r\n          \"name\":
        \"clitest-vm000003_OsDisk_1_c6ff61be284a4a0e992e6701d2ca6b01\",\r\n          \"statuses\":
        [\r\n            {\r\n              \"code\": \"ProvisioningState/succeeded\",\r\n
        \             \"level\": \"Info\",\r\n              \"displayStatus\": \"Provisioning
        succeeded\",\r\n              \"time\": \"2022-08-04T01:53:52.6533143+00:00\"\r\n
        \           }\r\n          ]\r\n        }\r\n      ],\r\n      \"hyperVGeneration\":
        \"V1\",\r\n      \"statuses\": [\r\n        {\r\n          \"code\": \"ProvisioningState/succeeded\",\r\n
        \         \"level\": \"Info\",\r\n          \"displayStatus\": \"Provisioning
        succeeded\",\r\n          \"time\": \"2022-08-04T01:54:36.217539+00:00\"\r\n
        \       },\r\n        {\r\n          \"code\": \"PowerState/running\",\r\n
        \         \"level\": \"Info\",\r\n          \"displayStatus\": \"VM running\"\r\n
        \       }\r\n      ]\r\n    },\r\n    \"timeCreated\": \"2022-08-04T01:53:51.3251594+00:00\"\r\n
        \ }\r\n}"
    headers:
      cache-control:
      - no-cache
      content-length:
      - '3516'
      content-type:
      - application/json; charset=utf-8
      date:
      - Thu, 04 Aug 2022 01:55:07 GMT
      expires:
      - '-1'
      pragma:
      - no-cache
      server:
      - Microsoft-HTTPAPI/2.0
      - Microsoft-HTTPAPI/2.0
      strict-transport-security:
      - max-age=31536000; includeSubDomains
      transfer-encoding:
      - chunked
      vary:
      - Accept-Encoding
      x-content-type-options:
      - nosniff
      x-ms-ratelimit-remaining-resource:
      - Microsoft.Compute/LowCostGet3Min;3981,Microsoft.Compute/LowCostGet30Min;31974
    status:
      code: 200
      message: OK
- request:
    body: null
    headers:
      Accept:
      - application/json, text/json
      Accept-Encoding:
      - gzip, deflate
      CommandName:
      - vm create
      Connection:
      - keep-alive
      ParameterSetName:
      - -n -g --image --admin-username --admin-password --tags --nsg-rule
      User-Agent:
      - AZURECLI/2.39.0 azsdk-python-azure-mgmt-network/20.0.0 Python/3.9.5 (Windows-10-10.0.19044-SP0)
    method: GET
    uri: https://management.azure.com/subscriptions/00000000-0000-0000-0000-000000000000/resourceGroups/cli_test_metric_alert_condition_create000001/providers/Microsoft.Network/networkInterfaces/clitest-vm000003VMNic?api-version=2018-01-01
  response:
    body:
      string: "{\r\n  \"name\": \"clitest-vm000003VMNic\",\r\n  \"id\": \"/subscriptions/00000000-0000-0000-0000-000000000000/resourceGroups/cli_test_metric_alert_condition_create000001/providers/Microsoft.Network/networkInterfaces/clitest-vm000003VMNic\",\r\n
        \ \"etag\": \"W/\\\"318f795b-f460-49f5-bd53-ae00eb53a964\\\"\",\r\n  \"tags\":
        {\r\n    \"MabUsed\": \"Yes\",\r\n    \"Owner\": \"sisi\",\r\n    \"Purpose\":
        \"CLITest\",\r\n    \"DeleteBy\": \"12-2099\",\r\n    \"AutoShutdown\": \"No\"\r\n
        \ },\r\n  \"properties\": {\r\n    \"provisioningState\": \"Succeeded\",\r\n
        \   \"resourceGuid\": \"1eb0df73-996e-404d-be78-abc2f9da95c3\",\r\n    \"ipConfigurations\":
        [\r\n      {\r\n        \"name\": \"ipconfigclitest-vm000003\",\r\n        \"id\":
        \"/subscriptions/00000000-0000-0000-0000-000000000000/resourceGroups/cli_test_metric_alert_condition_create000001/providers/Microsoft.Network/networkInterfaces/clitest-vm000003VMNic/ipConfigurations/ipconfigclitest-vm000003\",\r\n
        \       \"etag\": \"W/\\\"318f795b-f460-49f5-bd53-ae00eb53a964\\\"\",\r\n
        \       \"type\": \"Microsoft.Network/networkInterfaces/ipConfigurations\",\r\n
        \       \"properties\": {\r\n          \"provisioningState\": \"Succeeded\",\r\n
        \         \"privateIPAddress\": \"10.0.0.5\",\r\n          \"privateIPAllocationMethod\":
        \"Dynamic\",\r\n          \"publicIPAddress\": {\r\n            \"id\": \"/subscriptions/00000000-0000-0000-0000-000000000000/resourceGroups/cli_test_metric_alert_condition_create000001/providers/Microsoft.Network/publicIPAddresses/clitest-vm000003PublicIP\"\r\n
        \         },\r\n          \"subnet\": {\r\n            \"id\": \"/subscriptions/00000000-0000-0000-0000-000000000000/resourceGroups/cli_test_metric_alert_condition_create000001/providers/Microsoft.Network/virtualNetworks/clitest-vm000002VNET/subnets/clitest-vm000002Subnet\"\r\n
        \         },\r\n          \"primary\": true,\r\n          \"privateIPAddressVersion\":
        \"IPv4\"\r\n        }\r\n      }\r\n    ],\r\n    \"dnsSettings\": {\r\n      \"dnsServers\":
        [],\r\n      \"appliedDnsServers\": [],\r\n      \"internalDomainNameSuffix\":
        \"letoec0jxi4udm0tdqn3teokae.dx.internal.cloudapp.net\"\r\n    },\r\n    \"macAddress\":
        \"00-22-48-03-CF-5A\",\r\n    \"enableIPForwarding\": false,\r\n    \"networkSecurityGroup\":
        {\r\n      \"id\": \"/subscriptions/00000000-0000-0000-0000-000000000000/resourceGroups/cli_test_metric_alert_condition_create000001/providers/Microsoft.Network/networkSecurityGroups/clitest-vm000003NSG\"\r\n
        \   },\r\n    \"primary\": true,\r\n    \"virtualMachine\": {\r\n      \"id\":
        \"/subscriptions/00000000-0000-0000-0000-000000000000/resourceGroups/cli_test_metric_alert_condition_create000001/providers/Microsoft.Compute/virtualMachines/clitest-vm000003\"\r\n
        \   }\r\n  },\r\n  \"type\": \"Microsoft.Network/networkInterfaces\",\r\n
        \ \"location\": \"westus\"\r\n}"
    headers:
      cache-control:
      - no-cache
      content-length:
      - '2599'
      content-type:
      - application/json; charset=utf-8
      date:
      - Thu, 04 Aug 2022 01:55:08 GMT
      etag:
      - W/"318f795b-f460-49f5-bd53-ae00eb53a964"
      expires:
      - '-1'
      pragma:
      - no-cache
      server:
      - Microsoft-HTTPAPI/2.0
      - Microsoft-HTTPAPI/2.0
      strict-transport-security:
      - max-age=31536000; includeSubDomains
      transfer-encoding:
      - chunked
      vary:
      - Accept-Encoding
      x-content-type-options:
      - nosniff
      x-ms-arm-service-request-id:
      - d1439dc4-8886-4331-ad37-f776c4b9e60a
    status:
      code: 200
      message: OK
- request:
    body: null
    headers:
      Accept:
      - application/json, text/json
      Accept-Encoding:
      - gzip, deflate
      CommandName:
      - vm create
      Connection:
      - keep-alive
      ParameterSetName:
      - -n -g --image --admin-username --admin-password --tags --nsg-rule
      User-Agent:
      - AZURECLI/2.39.0 azsdk-python-azure-mgmt-network/20.0.0 Python/3.9.5 (Windows-10-10.0.19044-SP0)
    method: GET
    uri: https://management.azure.com/subscriptions/00000000-0000-0000-0000-000000000000/resourceGroups/cli_test_metric_alert_condition_create000001/providers/Microsoft.Network/publicIPAddresses/clitest-vm000003PublicIP?api-version=2018-01-01
  response:
    body:
      string: "{\r\n  \"name\": \"clitest-vm000003PublicIP\",\r\n  \"id\": \"/subscriptions/00000000-0000-0000-0000-000000000000/resourceGroups/cli_test_metric_alert_condition_create000001/providers/Microsoft.Network/publicIPAddresses/clitest-vm000003PublicIP\",\r\n
        \ \"etag\": \"W/\\\"d23c6ead-04ea-426c-bf59-43ac6e124698\\\"\",\r\n  \"location\":
        \"westus\",\r\n  \"tags\": {\r\n    \"MabUsed\": \"Yes\",\r\n    \"Owner\":
        \"sisi\",\r\n    \"Purpose\": \"CLITest\",\r\n    \"DeleteBy\": \"12-2099\",\r\n
        \   \"AutoShutdown\": \"No\"\r\n  },\r\n  \"properties\": {\r\n    \"provisioningState\":
        \"Succeeded\",\r\n    \"resourceGuid\": \"cc0abf29-ef8f-4440-a3be-250469d453e8\",\r\n
        \   \"ipAddress\": \"20.59.123.248\",\r\n    \"publicIPAddressVersion\": \"IPv4\",\r\n
        \   \"publicIPAllocationMethod\": \"Dynamic\",\r\n    \"idleTimeoutInMinutes\":
        4,\r\n    \"ipTags\": [],\r\n    \"ipConfiguration\": {\r\n      \"id\": \"/subscriptions/00000000-0000-0000-0000-000000000000/resourceGroups/cli_test_metric_alert_condition_create000001/providers/Microsoft.Network/networkInterfaces/clitest-vm000003VMNic/ipConfigurations/ipconfigclitest-vm000003\"\r\n
        \   }\r\n  },\r\n  \"type\": \"Microsoft.Network/publicIPAddresses\",\r\n
        \ \"sku\": {\r\n    \"name\": \"Basic\"\r\n  }\r\n}"
    headers:
      cache-control:
      - no-cache
      content-length:
      - '1117'
      content-type:
      - application/json; charset=utf-8
      date:
      - Thu, 04 Aug 2022 01:55:10 GMT
      etag:
      - W/"d23c6ead-04ea-426c-bf59-43ac6e124698"
      expires:
      - '-1'
      pragma:
      - no-cache
      server:
      - Microsoft-HTTPAPI/2.0
      - Microsoft-HTTPAPI/2.0
      strict-transport-security:
      - max-age=31536000; includeSubDomains
      transfer-encoding:
      - chunked
      vary:
      - Accept-Encoding
      x-content-type-options:
      - nosniff
      x-ms-arm-service-request-id:
      - f91452f1-fbea-4a9e-9ede-2954b7547352
    status:
      code: 200
      message: OK
- request:
    body: '{"location": "global", "properties": {"groupShortName": "ag1", "enabled":
      true, "emailReceivers": [], "smsReceivers": [], "webhookReceivers": [], "itsmReceivers":
      [], "azureAppPushReceivers": [], "automationRunbookReceivers": [], "voiceReceivers":
      [], "logicAppReceivers": [], "azureFunctionReceivers": [], "armRoleReceivers":
      [], "eventHubReceivers": []}}'
    headers:
      Accept:
      - application/json
      Accept-Encoding:
      - gzip, deflate
      CommandName:
      - monitor action-group create
      Connection:
      - keep-alive
      Content-Length:
      - '356'
      Content-Type:
      - application/json
      ParameterSetName:
      - -g -n
      User-Agent:
      - AZURECLI/2.39.0 azsdk-python-azure-mgmt-monitor/4.0.1 Python/3.9.5 (Windows-10-10.0.19044-SP0)
    method: PUT
    uri: https://management.azure.com/subscriptions/00000000-0000-0000-0000-000000000000/resourceGroups/cli_test_metric_alert_condition_create000001/providers/Microsoft.Insights/actionGroups/ag1?api-version=2022-06-01
  response:
    body:
      string: '{"id":"/subscriptions/00000000-0000-0000-0000-000000000000/resourceGroups/cli_test_metric_alert_condition_create000001/providers/microsoft.insights/actionGroups/ag1","type":"Microsoft.Insights/ActionGroups","name":"ag1","location":"Global","kind":null,"tags":null,"properties":{"groupShortName":"ag1","enabled":true,"tags":null,"emailReceivers":[],"smsReceivers":[],"webhookReceivers":[],"eventHubReceivers":[],"itsmReceivers":[],"azureAppPushReceivers":[],"automationRunbookReceivers":[],"voiceReceivers":[],"logicAppReceivers":[],"azureFunctionReceivers":[],"armRoleReceivers":[]},"identity":null}'
    headers:
      cache-control:
      - no-cache
      content-length:
      - '599'
      content-type:
      - application/json; charset=utf-8
      date:
      - Thu, 04 Aug 2022 01:55:13 GMT
      expires:
      - '-1'
      pragma:
      - no-cache
      server:
      - Microsoft-IIS/10.0
      strict-transport-security:
      - max-age=31536000; includeSubDomains
      x-content-type-options:
      - nosniff
      x-ms-ratelimit-remaining-subscription-resource-requests:
      - '24'
    status:
      code: 201
      message: Created
- request:
    body: '{"location": "global", "properties": {"description": "High CPU", "severity":
      2, "enabled": true, "scopes": ["/subscriptions/00000000-0000-0000-0000-000000000000/resourceGroups/cli_test_metric_alert_condition_create000001/providers/Microsoft.Compute/virtualMachines/clitest-vm000002",
      "/subscriptions/00000000-0000-0000-0000-000000000000/resourceGroups/cli_test_metric_alert_condition_create000001/providers/Microsoft.Compute/virtualMachines/clitest-vm000003"],
      "evaluationFrequency": "PT1M", "windowSize": "PT5M", "targetResourceType": "Microsoft.Compute/virtualMachines",
      "targetResourceRegion": "westus", "criteria": {"odata.type": "Microsoft.Azure.Monitor.MultipleResourceMultipleMetricCriteria",
      "allOf": [{"criterionType": "DynamicThresholdCriterion", "name": "cond0", "metricName":
      "Percentage Cpu", "timeAggregation": "Average", "dimensions": [], "operator":
      "GreaterOrLessThan", "alertSensitivity": "Medium", "failingPeriods": {"numberOfEvaluationPeriods":
      6.0, "minFailingPeriodsToAlert": 1.0}, "ignoreDataBefore": "2020-11-02T12:11:11.000Z"}]},
      "actions": [{"actionGroupId": "/subscriptions/00000000-0000-0000-0000-000000000000/resourceGroups/cli_test_metric_alert_condition_create000001/providers/microsoft.insights/actionGroups/ag1"}]}}'
    headers:
      Accept:
      - application/json
      Accept-Encoding:
      - gzip, deflate
      CommandName:
      - monitor metrics alert create
      Connection:
      - keep-alive
      Content-Length:
      - '1248'
      Content-Type:
      - application/json
      ParameterSetName:
      - -g -n --scopes --action --region --description --condition
      User-Agent:
      - AZURECLI/2.39.0 azsdk-python-azure-mgmt-monitor/4.0.1 Python/3.9.5 (Windows-10-10.0.19044-SP0)
    method: PUT
    uri: https://management.azure.com/subscriptions/00000000-0000-0000-0000-000000000000/resourceGroups/cli_test_metric_alert_condition_create000001/providers/Microsoft.Insights/metricAlerts/alert1?api-version=2018-03-01
  response:
    body:
      string: "{\r\n  \"id\": \"/subscriptions/00000000-0000-0000-0000-000000000000/resourceGroups/cli_test_metric_alert_condition_create000001/providers/Microsoft.Insights/metricAlerts/alert1\",\r\n
        \ \"name\": \"alert1\",\r\n  \"type\": \"Microsoft.Insights/metricAlerts\",\r\n
        \ \"location\": \"global\",\r\n  \"properties\": {\r\n    \"description\":
        \"High CPU\",\r\n    \"severity\": 2,\r\n    \"enabled\": true,\r\n    \"scopes\":
        [\r\n      \"/subscriptions/00000000-0000-0000-0000-000000000000/resourceGroups/cli_test_metric_alert_condition_create000001/providers/Microsoft.Compute/virtualMachines/clitest-vm000002\",\r\n
        \     \"/subscriptions/00000000-0000-0000-0000-000000000000/resourceGroups/cli_test_metric_alert_condition_create000001/providers/Microsoft.Compute/virtualMachines/clitest-vm000003\"\r\n
        \   ],\r\n    \"evaluationFrequency\": \"PT1M\",\r\n    \"windowSize\": \"PT5M\",\r\n
        \   \"criteria\": {\r\n      \"allOf\": [\r\n        {\r\n          \"alertSensitivity\":
        \"Medium\",\r\n          \"failingPeriods\": {\r\n            \"numberOfEvaluationPeriods\":
        6,\r\n            \"minFailingPeriodsToAlert\": 1\r\n          },\r\n          \"ignoreDataBefore\":
        \"2020-11-02T12:11:11.000Z\",\r\n          \"name\": \"cond0\",\r\n          \"metricName\":
        \"Percentage Cpu\",\r\n          \"operator\": \"GreaterOrLessThan\",\r\n
        \         \"timeAggregation\": \"Average\",\r\n          \"criterionType\":
        \"DynamicThresholdCriterion\"\r\n        }\r\n      ],\r\n      \"odata.type\":
        \"Microsoft.Azure.Monitor.MultipleResourceMultipleMetricCriteria\"\r\n    },\r\n
        \   \"targetResourceType\": \"Microsoft.Compute/virtualMachines\",\r\n    \"targetResourceRegion\":
        \"westus\",\r\n    \"actions\": [\r\n      {\r\n        \"actionGroupId\":
        \"/subscriptions/00000000-0000-0000-0000-000000000000/resourceGroups/cli_test_metric_alert_condition_create000001/providers/microsoft.insights/actionGroups/ag1\"\r\n
        \     }\r\n    ]\r\n  }\r\n}"
    headers:
      api-supported-versions:
      - 2017-09-01-preview, 2018-03-01
      arr-disable-session-affinity:
      - 'true'
      cache-control:
      - no-cache
      content-length:
      - '1760'
      content-type:
      - application/json; charset=utf-8
      date:
      - Thu, 04 Aug 2022 01:55:26 GMT
      expires:
      - '-1'
      pragma:
      - no-cache
      server:
      - Microsoft-IIS/10.0
      strict-transport-security:
      - max-age=31536000; includeSubDomains
      transfer-encoding:
      - chunked
      vary:
      - Accept-Encoding,Accept-Encoding
      x-aspnet-version:
      - 4.0.30319
      x-content-type-options:
      - nosniff
      x-ms-ratelimit-remaining-subscription-resource-requests:
      - '296'
      x-powered-by:
      - ASP.NET
    status:
      code: 200
      message: OK
version: 1
