interactions:
- request:
    body: null
    headers:
      Accept:
      - application/json
      Accept-Encoding:
      - gzip, deflate
      CommandName:
      - monitor log-analytics workspace create
      Connection:
      - keep-alive
      ParameterSetName:
      - -g -n --quota --level --sku
      User-Agent:
      - AZURECLI/2.31.0 azsdk-python-azure-mgmt-resource/20.0.0 Python/3.8.8rc1 (Windows-10-10.0.22000-SP0)
    method: GET
    uri: https://management.azure.com/subscriptions/00000000-0000-0000-0000-000000000000/resourcegroups/cli_test_monitor_workspace_data_export000001?api-version=2021-04-01
  response:
    body:
      string: '{"id":"/subscriptions/00000000-0000-0000-0000-000000000000/resourceGroups/cli_test_monitor_workspace_data_export000001","name":"cli_test_monitor_workspace_data_export000001","type":"Microsoft.Resources/resourceGroups","location":"eastus","tags":{"product":"azurecli","cause":"automation","date":"2021-12-08T08:21:04Z"},"properties":{"provisioningState":"Succeeded"}}'
    headers:
      cache-control:
      - no-cache
      content-length:
      - '428'
      content-type:
      - application/json; charset=utf-8
      date:
      - Wed, 08 Dec 2021 08:21:37 GMT
      expires:
      - '-1'
      pragma:
      - no-cache
      strict-transport-security:
      - max-age=31536000; includeSubDomains
      vary:
      - Accept-Encoding
      x-content-type-options:
      - nosniff
    status:
      code: 200
      message: OK
- request:
    body: '{"location": "eastus", "properties": {"sku": {"name": "CapacityReservation",
      "capacityReservationLevel": 100}, "retentionInDays": 30, "workspaceCapping":
      {"dailyQuotaGb": 1.0}}}'
    headers:
      Accept:
      - application/json
      Accept-Encoding:
      - gzip, deflate
      CommandName:
      - monitor log-analytics workspace create
      Connection:
      - keep-alive
      Content-Length:
      - '177'
      Content-Type:
      - application/json
      ParameterSetName:
      - -g -n --quota --level --sku
      User-Agent:
      - AZURECLI/2.31.0 azsdk-python-mgmt-loganalytics/11.0.0 Python/3.8.8rc1 (Windows-10-10.0.22000-SP0)
    method: PUT
    uri: https://management.azure.com/subscriptions/00000000-0000-0000-0000-000000000000/resourcegroups/cli_test_monitor_workspace_data_export000001/providers/Microsoft.OperationalInsights/workspaces/clitest000003?api-version=2020-10-01
  response:
    body:
      string: "{\r\n  \"properties\": {\r\n    \"source\": \"Azure\",\r\n    \"customerId\":
        \"6fe82470-beb8-4062-a9b1-e5a977c4fc25\",\r\n    \"provisioningState\": \"Creating\",\r\n
        \   \"sku\": {\r\n      \"name\": \"capacityreservation\",\r\n      \"capacityReservationLevel\":
        100,\r\n      \"lastSkuUpdate\": \"Wed, 08 Dec 2021 08:21:43 GMT\"\r\n    },\r\n
        \   \"retentionInDays\": 30,\r\n    \"features\": {\r\n      \"legacy\": 0,\r\n
        \     \"searchVersion\": 1,\r\n      \"enableLogAccessUsingOnlyResourcePermissions\":
        true\r\n    },\r\n    \"workspaceCapping\": {\r\n      \"dailyQuotaGb\": -1.0,\r\n
        \     \"quotaNextResetTime\": \"Wed, 08 Dec 2021 16:00:00 GMT\",\r\n      \"dataIngestionStatus\":
        \"RespectQuota\"\r\n    },\r\n    \"publicNetworkAccessForIngestion\": \"Enabled\",\r\n
        \   \"publicNetworkAccessForQuery\": \"Enabled\",\r\n    \"createdDate\":
        \"Wed, 08 Dec 2021 08:21:43 GMT\",\r\n    \"modifiedDate\": \"Wed, 08 Dec
        2021 08:21:43 GMT\"\r\n  },\r\n  \"id\": \"/subscriptions/00000000-0000-0000-0000-000000000000/resourcegroups/cli_test_monitor_workspace_data_export000001/providers/microsoft.operationalinsights/workspaces/clitest000003\",\r\n
        \ \"name\": \"clitest000003\",\r\n  \"type\": \"Microsoft.OperationalInsights/workspaces\",\r\n
        \ \"location\": \"eastus\"\r\n}"
    headers:
      cache-control:
      - no-cache
      content-length:
      - '1183'
      content-type:
      - application/json
      date:
      - Wed, 08 Dec 2021 08:21:44 GMT
      pragma:
      - no-cache
      server:
      - Microsoft-IIS/10.0
      - Microsoft-IIS/10.0
      strict-transport-security:
      - max-age=31536000; includeSubDomains
      x-content-type-options:
      - nosniff
      x-ms-ratelimit-remaining-subscription-writes:
      - '1199'
      x-powered-by:
      - ASP.NET
      - ASP.NET
    status:
      code: 201
      message: Created
- request:
    body: null
    headers:
      Accept:
      - '*/*'
      Accept-Encoding:
      - gzip, deflate
      CommandName:
      - monitor log-analytics workspace create
      Connection:
      - keep-alive
      ParameterSetName:
      - -g -n --quota --level --sku
      User-Agent:
      - AZURECLI/2.31.0 azsdk-python-mgmt-loganalytics/11.0.0 Python/3.8.8rc1 (Windows-10-10.0.22000-SP0)
    method: GET
    uri: https://management.azure.com/subscriptions/00000000-0000-0000-0000-000000000000/resourcegroups/cli_test_monitor_workspace_data_export000001/providers/Microsoft.OperationalInsights/workspaces/clitest000003?api-version=2020-10-01
  response:
    body:
      string: "{\r\n  \"properties\": {\r\n    \"source\": \"Azure\",\r\n    \"customerId\":
        \"6fe82470-beb8-4062-a9b1-e5a977c4fc25\",\r\n    \"provisioningState\": \"Succeeded\",\r\n
        \   \"sku\": {\r\n      \"name\": \"capacityreservation\",\r\n      \"capacityReservationLevel\":
        100,\r\n      \"lastSkuUpdate\": \"Wed, 08 Dec 2021 08:21:43 GMT\"\r\n    },\r\n
        \   \"retentionInDays\": 30,\r\n    \"features\": {\r\n      \"legacy\": 0,\r\n
        \     \"searchVersion\": 1,\r\n      \"enableLogAccessUsingOnlyResourcePermissions\":
        true\r\n    },\r\n    \"workspaceCapping\": {\r\n      \"dailyQuotaGb\": 1.0,\r\n
        \     \"quotaNextResetTime\": \"Wed, 08 Dec 2021 16:00:00 GMT\",\r\n      \"dataIngestionStatus\":
        \"RespectQuota\"\r\n    },\r\n    \"publicNetworkAccessForIngestion\": \"Enabled\",\r\n
        \   \"publicNetworkAccessForQuery\": \"Enabled\",\r\n    \"createdDate\":
        \"Wed, 08 Dec 2021 08:21:43 GMT\",\r\n    \"modifiedDate\": \"Wed, 08 Dec
        2021 08:21:44 GMT\"\r\n  },\r\n  \"id\": \"/subscriptions/00000000-0000-0000-0000-000000000000/resourcegroups/cli_test_monitor_workspace_data_export000001/providers/microsoft.operationalinsights/workspaces/clitest000003\",\r\n
        \ \"name\": \"clitest000003\",\r\n  \"type\": \"Microsoft.OperationalInsights/workspaces\",\r\n
        \ \"location\": \"eastus\"\r\n}"
    headers:
      cache-control:
      - no-cache
      content-length:
      - '1183'
      content-type:
      - application/json
      date:
      - Wed, 08 Dec 2021 08:22:15 GMT
      pragma:
      - no-cache
      server:
      - Microsoft-IIS/10.0
      - Microsoft-IIS/10.0
      strict-transport-security:
      - max-age=31536000; includeSubDomains
      transfer-encoding:
      - chunked
      vary:
      - Accept-Encoding
      x-content-type-options:
      - nosniff
      x-powered-by:
      - ASP.NET
      - ASP.NET
    status:
      code: 200
      message: OK
- request:
    body: '{"properties": {"tableNames": ["Syslog"], "enable": true, "destination":
      {"resourceId": "/subscriptions/00000000-0000-0000-0000-000000000000/resourceGroups/cli_test_monitor_workspace_data_export000001/providers/Microsoft.Storage/storageAccounts/saws1000002"}}}'
    headers:
      Accept:
      - application/json
      Accept-Encoding:
      - gzip, deflate
      CommandName:
      - monitor log-analytics workspace data-export create
      Connection:
      - keep-alive
      Content-Length:
      - '304'
      Content-Type:
      - application/json
      ParameterSetName:
      - -g --workspace-name -n --destination --enable -t
      User-Agent:
      - AZURECLI/2.31.0 azsdk-python-mgmt-loganalytics/11.0.0 Python/3.8.8rc1 (Windows-10-10.0.22000-SP0)
    method: PUT
    uri: https://management.azure.com/subscriptions/00000000-0000-0000-0000-000000000000/resourcegroups/cli_test_monitor_workspace_data_export000001/providers/Microsoft.OperationalInsights/workspaces/clitest000003/dataExports/clitest?api-version=2020-08-01
  response:
    body:
      string: "{\r\n  \"properties\": {\r\n    \"dataExportId\": \"79c305c6-48ab-4e51-7f76-08d9b9eb417b\",\r\n
        \   \"destination\": {\r\n      \"resourceId\": \"/subscriptions/00000000-0000-0000-0000-000000000000/resourceGroups/cli_test_monitor_workspace_data_export000001/providers/Microsoft.Storage/storageAccounts/saws1000002\",\r\n
        \     \"type\": \"StorageAccount\",\r\n      \"metaData\": {}\r\n    },\r\n
        \   \"tableNames\": [\r\n      \"Syslog\"\r\n    ],\r\n    \"enable\": true,\r\n
        \   \"createdDate\": \"Wed, 08 Dec 2021 08:22:19 GMT\",\r\n    \"lastModifiedDate\":
        \"Wed, 08 Dec 2021 08:22:19 GMT\"\r\n  },\r\n  \"id\": \"/subscriptions/00000000-0000-0000-0000-000000000000/resourcegroups/cli_test_monitor_workspace_data_export000001/providers/microsoft.operationalinsights/workspaces/clitest000003/dataexports/clitest\",\r\n
        \ \"name\": \"clitest\",\r\n  \"type\": \"Microsoft.OperationalInsights/workspaces/dataexports\"\r\n}"
    headers:
      cache-control:
      - no-cache
      cachecontrol:
      - no-cache
      content-length:
      - '922'
      content-type:
      - application/json; charset=utf-8
      date:
      - Wed, 08 Dec 2021 08:22:19 GMT
      expires:
      - '-1'
      pragma:
      - no-cache
      server:
      - Microsoft-IIS/10.0
      - Microsoft-IIS/10.0
      strict-transport-security:
      - max-age=31536000; includeSubDomains
      transfer-encoding:
      - chunked
      vary:
      - Accept-Encoding
      x-ams-apiversion:
      - WebAPI1.0
      x-content-type-options:
      - nosniff
      x-ms-ratelimit-remaining-subscription-writes:
      - '1199'
      x-powered-by:
      - ASP.NET
      - ASP.NET
    status:
      code: 200
      message: OK
- request:
    body: '{"properties": {"tableNames": ["SecurityEvent Heartbeat"], "enable": true,
      "destination": {"resourceId": "/subscriptions/00000000-0000-0000-0000-000000000000/resourceGroups/cli_test_monitor_workspace_data_export000001/providers/Microsoft.Storage/storageAccounts/saws1000002"}}}'
    headers:
      Accept:
      - application/json
      Accept-Encoding:
      - gzip, deflate
      CommandName:
      - monitor log-analytics workspace data-export create
      Connection:
      - keep-alive
      Content-Length:
      - '321'
      Content-Type:
      - application/json
      ParameterSetName:
      - -g --workspace-name -n --destination --enable -t
      User-Agent:
      - AZURECLI/2.31.0 azsdk-python-mgmt-loganalytics/11.0.0 Python/3.8.8rc1 (Windows-10-10.0.22000-SP0)
    method: PUT
    uri: https://management.azure.com/subscriptions/00000000-0000-0000-0000-000000000000/resourcegroups/cli_test_monitor_workspace_data_export000001/providers/Microsoft.OperationalInsights/workspaces/clitest000003/dataExports/clitest2?api-version=2020-08-01
  response:
    body:
      string: '{"error":{"code":"InvalidOperationArgument","message":"Table SecurityEvent
        Heartbeat does not exist in the workspace."}}'
    headers:
      cache-control:
      - no-cache
      content-length:
      - '120'
      content-type:
      - application/json; charset=utf-8
      date:
      - Wed, 08 Dec 2021 08:22:21 GMT
      expires:
      - '-1'
      pragma:
      - no-cache
      server:
      - Microsoft-IIS/10.0
      strict-transport-security:
      - max-age=31536000; includeSubDomains
      x-content-type-options:
      - nosniff
      x-ms-ratelimit-remaining-subscription-writes:
      - '1199'
      x-powered-by:
      - ASP.NET
    status:
      code: 404
      message: Table SecurityEvent Heartbeat does not exist in the workspace.
- request:
    body: '{"properties": {"tableNames": ["Syslog"], "enable": true, "destination":
      {"resourceId": "/subscriptions/00000000-0000-0000-0000-000000000000/resourceGroups/cli_test_monitor_workspace_data_export000001/providers/Microsoft.Storage/storageAccounts/saws1000002"}}}'
    headers:
      Accept:
      - application/json
      Accept-Encoding:
      - gzip, deflate
      CommandName:
      - monitor log-analytics workspace data-export create
      Connection:
      - keep-alive
      Content-Length:
      - '304'
      Content-Type:
      - application/json
      ParameterSetName:
      - -g --workspace-name -n --destination --enable -t
      User-Agent:
      - AZURECLI/2.31.0 azsdk-python-mgmt-loganalytics/11.0.0 Python/3.8.8rc1 (Windows-10-10.0.22000-SP0)
    method: PUT
    uri: https://management.azure.com/subscriptions/00000000-0000-0000-0000-000000000000/resourcegroups/cli_test_monitor_workspace_data_export000001/providers/Microsoft.OperationalInsights/workspaces/clitest000003/dataExports/clitest2?api-version=2020-08-01
  response:
    body:
      string: '{"error":{"code":"InvalidOperationArgument","message":"You are adding
        a destination that is already defined in rule: clitest. Destination must be
        unique across export rules in your workspace . See http://aka.ms/LADataExport#limitations"}}'
    headers:
      cache-control:
      - no-cache
      cachecontrol:
      - no-cache
      content-length:
      - '238'
      content-type:
      - application/json; charset=utf-8
      date:
      - Wed, 08 Dec 2021 08:22:30 GMT
      expires:
      - '-1'
      pragma:
      - no-cache
      server:
      - Microsoft-IIS/10.0
      - Microsoft-IIS/10.0
      strict-transport-security:
      - max-age=31536000; includeSubDomains
      x-ams-apiversion:
      - WebAPI1.0
      x-content-type-options:
      - nosniff
      x-ms-ratelimit-remaining-subscription-writes:
      - '1199'
      x-powered-by:
      - ASP.NET
      - ASP.NET
    status:
      code: 400
      message: 'You are adding a destination that is already defined in rule: clitest.
        Destination must be unique across export rules in your workspace . See http://aka.ms/LADataExport#limitations'
- request:
    body: '{"properties": {"tableNames": ["ABC"], "enable": true, "destination": {"resourceId":
      "/subscriptions/00000000-0000-0000-0000-000000000000/resourceGroups/cli_test_monitor_workspace_data_export000001/providers/Microsoft.Storage/storageAccounts/saws1000002"}}}'
    headers:
      Accept:
      - application/json
      Accept-Encoding:
      - gzip, deflate
      CommandName:
      - monitor log-analytics workspace data-export create
      Connection:
      - keep-alive
      Content-Length:
      - '301'
      Content-Type:
      - application/json
      ParameterSetName:
      - -g --workspace-name -n --destination --enable -t
      User-Agent:
      - AZURECLI/2.31.0 azsdk-python-mgmt-loganalytics/11.0.0 Python/3.8.8rc1 (Windows-10-10.0.22000-SP0)
    method: PUT
    uri: https://management.azure.com/subscriptions/00000000-0000-0000-0000-000000000000/resourcegroups/cli_test_monitor_workspace_data_export000001/providers/Microsoft.OperationalInsights/workspaces/clitest000003/dataExports/clitest2?api-version=2020-08-01
  response:
    body:
      string: '{"error":{"code":"InvalidOperationArgument","message":"Table ABC does
        not exist in the workspace."}}'
    headers:
      cache-control:
      - no-cache
      content-length:
      - '100'
      content-type:
      - application/json; charset=utf-8
      date:
      - Wed, 08 Dec 2021 08:22:31 GMT
      expires:
      - '-1'
      pragma:
      - no-cache
      server:
      - Microsoft-IIS/10.0
      strict-transport-security:
      - max-age=31536000; includeSubDomains
      x-content-type-options:
      - nosniff
      x-ms-ratelimit-remaining-subscription-writes:
      - '1199'
      x-powered-by:
      - ASP.NET
    status:
      code: 404
      message: Table ABC does not exist in the workspace.
- request:
    body: '{"properties": {"tableNames": ["AppPerformanceCounters"], "enable": true,
      "destination": {"resourceId": "/subscriptions/00000000-0000-0000-0000-000000000000/resourceGroups/cli_test_monitor_workspace_data_export000001/providers/Microsoft.Storage/storageAccounts/saws1000002"}}}'
    headers:
      Accept:
      - application/json
      Accept-Encoding:
      - gzip, deflate
      CommandName:
      - monitor log-analytics workspace data-export create
      Connection:
      - keep-alive
      Content-Length:
      - '320'
      Content-Type:
      - application/json
      ParameterSetName:
      - -g --workspace-name -n --destination --enable -t
      User-Agent:
      - AZURECLI/2.31.0 azsdk-python-mgmt-loganalytics/11.0.0 Python/3.8.8rc1 (Windows-10-10.0.22000-SP0)
    method: PUT
    uri: https://management.azure.com/subscriptions/00000000-0000-0000-0000-000000000000/resourcegroups/cli_test_monitor_workspace_data_export000001/providers/Microsoft.OperationalInsights/workspaces/clitest000003/dataExports/clitest2?api-version=2020-08-01
  response:
    body:
      string: '{"error":{"code":"InvalidOperationArgument","message":"You are adding
        a destination that is already defined in rule: clitest. Destination must be
        unique across export rules in your workspace . See http://aka.ms/LADataExport#limitations"}}'
    headers:
      cache-control:
      - no-cache
      cachecontrol:
      - no-cache
      content-length:
      - '238'
      content-type:
      - application/json; charset=utf-8
      date:
      - Wed, 08 Dec 2021 08:22:55 GMT
      expires:
      - '-1'
      pragma:
      - no-cache
      server:
      - Microsoft-IIS/10.0
      - Microsoft-IIS/10.0
      strict-transport-security:
      - max-age=31536000; includeSubDomains
      x-ams-apiversion:
      - WebAPI1.0
      x-content-type-options:
      - nosniff
      x-ms-ratelimit-remaining-subscription-writes:
      - '1199'
      x-powered-by:
      - ASP.NET
      - ASP.NET
    status:
      code: 400
      message: 'You are adding a destination that is already defined in rule: clitest.
        Destination must be unique across export rules in your workspace . See http://aka.ms/LADataExport#limitations'
- request:
    body: null
    headers:
      Accept:
      - application/json
      Accept-Encoding:
      - gzip, deflate
      CommandName:
      - monitor log-analytics workspace data-export show
      Connection:
      - keep-alive
      ParameterSetName:
      - -g --workspace-name -n
      User-Agent:
      - AZURECLI/2.31.0 azsdk-python-mgmt-loganalytics/11.0.0 Python/3.8.8rc1 (Windows-10-10.0.22000-SP0)
    method: GET
    uri: https://management.azure.com/subscriptions/00000000-0000-0000-0000-000000000000/resourcegroups/cli_test_monitor_workspace_data_export000001/providers/Microsoft.OperationalInsights/workspaces/clitest000003/dataExports/clitest?api-version=2020-08-01
  response:
    body:
      string: "{\r\n  \"properties\": {\r\n    \"dataExportId\": \"79c305c6-48ab-4e51-7f76-08d9b9eb417b\",\r\n
        \   \"destination\": {\r\n      \"resourceId\": \"/subscriptions/00000000-0000-0000-0000-000000000000/resourceGroups/cli_test_monitor_workspace_data_export000001/providers/Microsoft.Storage/storageAccounts/saws1000002\",\r\n
        \     \"type\": \"StorageAccount\",\r\n      \"metaData\": {}\r\n    },\r\n
        \   \"tableNames\": [\r\n      \"Syslog\"\r\n    ],\r\n    \"enable\": true,\r\n
        \   \"createdDate\": \"Wed, 08 Dec 2021 08:22:19 GMT\",\r\n    \"lastModifiedDate\":
        \"Wed, 08 Dec 2021 08:22:19 GMT\"\r\n  },\r\n  \"id\": \"/subscriptions/00000000-0000-0000-0000-000000000000/resourcegroups/cli_test_monitor_workspace_data_export000001/providers/microsoft.operationalinsights/workspaces/clitest000003/dataexports/clitest\",\r\n
        \ \"name\": \"clitest\",\r\n  \"type\": \"Microsoft.OperationalInsights/workspaces/dataexports\"\r\n}"
    headers:
      cache-control:
      - no-cache
      cachecontrol:
      - no-cache
      content-length:
      - '922'
      content-type:
      - application/json; charset=utf-8
      date:
      - Wed, 08 Dec 2021 08:22:55 GMT
      expires:
      - '-1'
      pragma:
      - no-cache
      server:
      - Microsoft-IIS/10.0
      - Microsoft-IIS/10.0
      strict-transport-security:
      - max-age=31536000; includeSubDomains
      transfer-encoding:
      - chunked
      vary:
      - Accept-Encoding
      x-ams-apiversion:
      - WebAPI1.0
      x-content-type-options:
      - nosniff
      x-powered-by:
      - ASP.NET
      - ASP.NET
    status:
      code: 200
      message: OK
- request:
    body: null
    headers:
      Accept:
      - application/json
      Accept-Encoding:
      - gzip, deflate
      CommandName:
      - monitor log-analytics workspace data-export list
      Connection:
      - keep-alive
      ParameterSetName:
      - -g --workspace-name
      User-Agent:
      - AZURECLI/2.31.0 azsdk-python-mgmt-loganalytics/11.0.0 Python/3.8.8rc1 (Windows-10-10.0.22000-SP0)
    method: GET
    uri: https://management.azure.com/subscriptions/00000000-0000-0000-0000-000000000000/resourcegroups/cli_test_monitor_workspace_data_export000001/providers/Microsoft.OperationalInsights/workspaces/clitest000003/dataExports?api-version=2020-08-01
  response:
    body:
      string: "{\r\n  \"value\": [\r\n    {\r\n      \"properties\": {\r\n        \"dataExportId\":
        \"79c305c6-48ab-4e51-7f76-08d9b9eb417b\",\r\n        \"destination\": {\r\n
        \         \"resourceId\": \"/subscriptions/00000000-0000-0000-0000-000000000000/resourceGroups/cli_test_monitor_workspace_data_export000001/providers/Microsoft.Storage/storageAccounts/saws1000002\",\r\n
        \         \"type\": \"StorageAccount\",\r\n          \"metaData\": {}\r\n
        \       },\r\n        \"tableNames\": [\r\n          \"Syslog\"\r\n        ],\r\n
        \       \"enable\": true,\r\n        \"createdDate\": \"Wed, 08 Dec 2021 08:22:19
        GMT\",\r\n        \"lastModifiedDate\": \"Wed, 08 Dec 2021 08:22:19 GMT\"\r\n
        \     },\r\n      \"id\": \"/subscriptions/00000000-0000-0000-0000-000000000000/resourcegroups/cli_test_monitor_workspace_data_export000001/providers/microsoft.operationalinsights/workspaces/clitest000003/dataexports/clitest\",\r\n
        \     \"name\": \"clitest\",\r\n      \"type\": \"Microsoft.OperationalInsights/workspaces/dataexports\"\r\n
        \   }\r\n  ]\r\n}"
    headers:
      cache-control:
      - no-cache
      cachecontrol:
      - no-cache
      content-length:
      - '1023'
      content-type:
      - application/json; charset=utf-8
      date:
      - Wed, 08 Dec 2021 08:22:57 GMT
      expires:
      - '-1'
      pragma:
      - no-cache
      server:
      - Microsoft-IIS/10.0
      - Microsoft-IIS/10.0
      strict-transport-security:
      - max-age=31536000; includeSubDomains
      transfer-encoding:
      - chunked
      vary:
      - Accept-Encoding
      x-ams-apiversion:
      - WebAPI1.0
      x-content-type-options:
      - nosniff
      x-powered-by:
      - ASP.NET
      - ASP.NET
    status:
      code: 200
      message: OK
- request:
    body: null
    headers:
      Accept:
      - application/json
      Accept-Encoding:
      - gzip, deflate
      CommandName:
      - eventhubs namespace create
      Connection:
      - keep-alive
      ParameterSetName:
      - --resource-group --name
      User-Agent:
      - AZURECLI/2.31.0 azsdk-python-azure-mgmt-resource/20.0.0 Python/3.8.8rc1 (Windows-10-10.0.22000-SP0)
    method: GET
    uri: https://management.azure.com/subscriptions/00000000-0000-0000-0000-000000000000/resourcegroups/cli_test_monitor_workspace_data_export000001?api-version=2021-04-01
  response:
    body:
      string: '{"id":"/subscriptions/00000000-0000-0000-0000-000000000000/resourceGroups/cli_test_monitor_workspace_data_export000001","name":"cli_test_monitor_workspace_data_export000001","type":"Microsoft.Resources/resourceGroups","location":"eastus","tags":{"product":"azurecli","cause":"automation","date":"2021-12-08T08:21:04Z"},"properties":{"provisioningState":"Succeeded"}}'
    headers:
      cache-control:
      - no-cache
      content-length:
      - '428'
      content-type:
      - application/json; charset=utf-8
      date:
      - Wed, 08 Dec 2021 08:22:58 GMT
      expires:
      - '-1'
      pragma:
      - no-cache
      strict-transport-security:
      - max-age=31536000; includeSubDomains
      vary:
      - Accept-Encoding
      x-content-type-options:
      - nosniff
    status:
      code: 200
      message: OK
- request:
    body: '{"location": "eastus", "sku": {"name": "Standard", "tier": "Standard"}}'
    headers:
      Accept:
      - application/json
      Accept-Encoding:
      - gzip, deflate
      CommandName:
      - eventhubs namespace create
      Connection:
      - keep-alive
      Content-Length:
      - '71'
      Content-Type:
      - application/json
      ParameterSetName:
      - --resource-group --name
      User-Agent:
      - AZURECLI/2.31.0 azsdk-python-azure-mgmt-eventhub/9.1.0 Python/3.8.8rc1 (Windows-10-10.0.22000-SP0)
    method: PUT
    uri: https://management.azure.com/subscriptions/00000000-0000-0000-0000-000000000000/resourceGroups/cli_test_monitor_workspace_data_export000001/providers/Microsoft.EventHub/namespaces/eventhubs-nscli000004?api-version=2021-06-01-preview
  response:
    body:
      string: '{"sku":{"name":"Standard","tier":"Standard","capacity":1},"id":"/subscriptions/00000000-0000-0000-0000-000000000000/resourceGroups/cli_test_monitor_workspace_data_export000001/providers/Microsoft.EventHub/namespaces/eventhubs-nscli000004","name":"eventhubs-nscli000004","type":"Microsoft.EventHub/Namespaces","location":"East
        US","tags":{},"properties":{"disableLocalAuth":false,"zoneRedundant":false,"isAutoInflateEnabled":false,"maximumThroughputUnits":0,"kafkaEnabled":true,"provisioningState":"Created","metricId":"0b1f6471-1bf0-4dda-aec3-cb9272f09590:eventhubs-nscli000004","createdAt":"2021-12-08T08:23:04.877Z","updatedAt":"2021-12-08T08:23:04.877Z","serviceBusEndpoint":"https://eventhubs-nscli000004.servicebus.windows.net:443/","status":"Activating"}}'
    headers:
      cache-control:
      - no-cache
      content-length:
      - '788'
      content-type:
      - application/json; charset=utf-8
      date:
      - Wed, 08 Dec 2021 08:23:05 GMT
      expires:
      - '-1'
      pragma:
      - no-cache
      server:
      - Service-Bus-Resource-Provider/CH3
      - Microsoft-HTTPAPI/2.0
      server-sb:
      - Service-Bus-Resource-Provider/CH3
      strict-transport-security:
      - max-age=31536000; includeSubDomains
      transfer-encoding:
      - chunked
      vary:
      - Accept-Encoding
      x-content-type-options:
      - nosniff
      x-ms-ratelimit-remaining-subscription-resource-requests:
      - '49'
    status:
      code: 200
      message: OK
- request:
    body: null
    headers:
      Accept:
      - '*/*'
      Accept-Encoding:
      - gzip, deflate
      CommandName:
      - eventhubs namespace create
      Connection:
      - keep-alive
      ParameterSetName:
      - --resource-group --name
      User-Agent:
      - AZURECLI/2.31.0 azsdk-python-azure-mgmt-eventhub/9.1.0 Python/3.8.8rc1 (Windows-10-10.0.22000-SP0)
    method: GET
    uri: https://management.azure.com/subscriptions/00000000-0000-0000-0000-000000000000/resourceGroups/cli_test_monitor_workspace_data_export000001/providers/Microsoft.EventHub/namespaces/eventhubs-nscli000004?api-version=2021-06-01-preview
  response:
    body:
      string: '{"sku":{"name":"Standard","tier":"Standard","capacity":1},"id":"/subscriptions/00000000-0000-0000-0000-000000000000/resourceGroups/cli_test_monitor_workspace_data_export000001/providers/Microsoft.EventHub/namespaces/eventhubs-nscli000004","name":"eventhubs-nscli000004","type":"Microsoft.EventHub/Namespaces","location":"East
        US","tags":{},"properties":{"disableLocalAuth":false,"zoneRedundant":false,"isAutoInflateEnabled":false,"maximumThroughputUnits":0,"kafkaEnabled":true,"provisioningState":"Created","metricId":"0b1f6471-1bf0-4dda-aec3-cb9272f09590:eventhubs-nscli000004","createdAt":"2021-12-08T08:23:04.877Z","updatedAt":"2021-12-08T08:23:04.877Z","serviceBusEndpoint":"https://eventhubs-nscli000004.servicebus.windows.net:443/","status":"Activating"}}'
    headers:
      cache-control:
      - no-cache
      content-length:
      - '788'
      content-type:
      - application/json; charset=utf-8
      date:
      - Wed, 08 Dec 2021 08:23:35 GMT
      expires:
      - '-1'
      pragma:
      - no-cache
      server:
      - Service-Bus-Resource-Provider/CH3
      - Microsoft-HTTPAPI/2.0
      server-sb:
      - Service-Bus-Resource-Provider/CH3
      strict-transport-security:
      - max-age=31536000; includeSubDomains
      transfer-encoding:
      - chunked
      vary:
      - Accept-Encoding
      x-content-type-options:
      - nosniff
    status:
      code: 200
      message: OK
- request:
    body: null
    headers:
      Accept:
      - '*/*'
      Accept-Encoding:
      - gzip, deflate
      CommandName:
      - eventhubs namespace create
      Connection:
      - keep-alive
      ParameterSetName:
      - --resource-group --name
      User-Agent:
      - AZURECLI/2.31.0 azsdk-python-azure-mgmt-eventhub/9.1.0 Python/3.8.8rc1 (Windows-10-10.0.22000-SP0)
    method: GET
    uri: https://management.azure.com/subscriptions/00000000-0000-0000-0000-000000000000/resourceGroups/cli_test_monitor_workspace_data_export000001/providers/Microsoft.EventHub/namespaces/eventhubs-nscli000004?api-version=2021-06-01-preview
  response:
    body:
      string: '{"sku":{"name":"Standard","tier":"Standard","capacity":1},"id":"/subscriptions/00000000-0000-0000-0000-000000000000/resourceGroups/cli_test_monitor_workspace_data_export000001/providers/Microsoft.EventHub/namespaces/eventhubs-nscli000004","name":"eventhubs-nscli000004","type":"Microsoft.EventHub/Namespaces","location":"East
        US","tags":{},"properties":{"disableLocalAuth":false,"zoneRedundant":false,"isAutoInflateEnabled":false,"maximumThroughputUnits":0,"kafkaEnabled":true,"provisioningState":"Succeeded","metricId":"0b1f6471-1bf0-4dda-aec3-cb9272f09590:eventhubs-nscli000004","createdAt":"2021-12-08T08:23:04.877Z","updatedAt":"2021-12-08T08:23:51.357Z","serviceBusEndpoint":"https://eventhubs-nscli000004.servicebus.windows.net:443/","status":"Active"}}'
    headers:
      cache-control:
      - no-cache
      content-length:
      - '786'
      content-type:
      - application/json; charset=utf-8
      date:
      - Wed, 08 Dec 2021 08:24:05 GMT
      expires:
      - '-1'
      pragma:
      - no-cache
      server:
      - Service-Bus-Resource-Provider/CH3
      - Microsoft-HTTPAPI/2.0
      server-sb:
      - Service-Bus-Resource-Provider/CH3
      strict-transport-security:
      - max-age=31536000; includeSubDomains
      transfer-encoding:
      - chunked
      vary:
      - Accept-Encoding
      x-content-type-options:
      - nosniff
    status:
      code: 200
      message: OK
- request:
    body: null
    headers:
      Accept:
      - application/json
      Accept-Encoding:
      - gzip, deflate
      CommandName:
      - eventhubs namespace create
      Connection:
      - keep-alive
      ParameterSetName:
      - --resource-group --name
      User-Agent:
      - AZURECLI/2.31.0 azsdk-python-azure-mgmt-eventhub/9.1.0 Python/3.8.8rc1 (Windows-10-10.0.22000-SP0)
    method: GET
    uri: https://management.azure.com/subscriptions/00000000-0000-0000-0000-000000000000/resourceGroups/cli_test_monitor_workspace_data_export000001/providers/Microsoft.EventHub/namespaces/eventhubs-nscli000004?api-version=2021-06-01-preview
  response:
    body:
      string: '{"sku":{"name":"Standard","tier":"Standard","capacity":1},"id":"/subscriptions/00000000-0000-0000-0000-000000000000/resourceGroups/cli_test_monitor_workspace_data_export000001/providers/Microsoft.EventHub/namespaces/eventhubs-nscli000004","name":"eventhubs-nscli000004","type":"Microsoft.EventHub/Namespaces","location":"East
        US","tags":{},"properties":{"disableLocalAuth":false,"zoneRedundant":false,"isAutoInflateEnabled":false,"maximumThroughputUnits":0,"kafkaEnabled":true,"provisioningState":"Succeeded","metricId":"0b1f6471-1bf0-4dda-aec3-cb9272f09590:eventhubs-nscli000004","createdAt":"2021-12-08T08:23:04.877Z","updatedAt":"2021-12-08T08:23:51.357Z","serviceBusEndpoint":"https://eventhubs-nscli000004.servicebus.windows.net:443/","status":"Active"}}'
    headers:
      cache-control:
      - no-cache
      content-length:
      - '786'
      content-type:
      - application/json; charset=utf-8
      date:
      - Wed, 08 Dec 2021 08:24:06 GMT
      expires:
      - '-1'
      pragma:
      - no-cache
      server:
      - Service-Bus-Resource-Provider/CH3
      - Microsoft-HTTPAPI/2.0
      server-sb:
      - Service-Bus-Resource-Provider/CH3
      strict-transport-security:
      - max-age=31536000; includeSubDomains
      transfer-encoding:
      - chunked
      vary:
      - Accept-Encoding
      x-content-type-options:
      - nosniff
    status:
      code: 200
      message: OK
- request:
    body: '{}'
    headers:
      Accept:
      - application/json
      Accept-Encoding:
      - gzip, deflate
      CommandName:
      - eventhubs eventhub create
      Connection:
      - keep-alive
      Content-Length:
      - '2'
      Content-Type:
      - application/json
      ParameterSetName:
      - --resource-group --namespace-name --name
      User-Agent:
      - AZURECLI/2.31.0 azsdk-python-azure-mgmt-eventhub/9.1.0 Python/3.8.8rc1 (Windows-10-10.0.22000-SP0)
    method: PUT
    uri: https://management.azure.com/subscriptions/00000000-0000-0000-0000-000000000000/resourceGroups/cli_test_monitor_workspace_data_export000001/providers/Microsoft.EventHub/namespaces/eventhubs-nscli000004/eventhubs/hub_name?api-version=2021-06-01-preview
  response:
    body:
      string: '{"id":"/subscriptions/00000000-0000-0000-0000-000000000000/resourceGroups/cli_test_monitor_workspace_data_export000001/providers/Microsoft.EventHub/namespaces/eventhubs-nscli000004/eventhubs/hub_name","name":"hub_name","type":"Microsoft.EventHub/Namespaces/EventHubs","location":"East
        US","properties":{"messageRetentionInDays":7,"partitionCount":4,"status":"Active","createdAt":"2021-12-08T08:24:09.69Z","updatedAt":"2021-12-08T08:24:09.933Z","partitionIds":["0","1","2","3"]}}'
    headers:
      cache-control:
      - no-cache
      content-length:
      - '508'
      content-type:
      - application/json; charset=utf-8
      date:
      - Wed, 08 Dec 2021 08:24:09 GMT
      expires:
      - '-1'
      pragma:
      - no-cache
      server:
      - Service-Bus-Resource-Provider/SN1
      - Microsoft-HTTPAPI/2.0
      server-sb:
      - Service-Bus-Resource-Provider/SN1
      strict-transport-security:
      - max-age=31536000; includeSubDomains
      transfer-encoding:
      - chunked
      vary:
      - Accept-Encoding
      x-content-type-options:
      - nosniff
      x-ms-ratelimit-remaining-subscription-writes:
      - '1198'
    status:
      code: 200
      message: OK
- request:
    body: null
    headers:
      Accept:
      - application/json
      Accept-Encoding:
      - gzip, deflate
      CommandName:
      - monitor log-analytics workspace data-export update
      Connection:
      - keep-alive
      ParameterSetName:
      - -g --workspace-name -n --destination --enable -t
      User-Agent:
      - AZURECLI/2.31.0 azsdk-python-mgmt-loganalytics/11.0.0 Python/3.8.8rc1 (Windows-10-10.0.22000-SP0)
    method: GET
    uri: https://management.azure.com/subscriptions/00000000-0000-0000-0000-000000000000/resourcegroups/cli_test_monitor_workspace_data_export000001/providers/Microsoft.OperationalInsights/workspaces/clitest000003/dataExports/clitest?api-version=2020-08-01
  response:
    body:
      string: "{\r\n  \"properties\": {\r\n    \"dataExportId\": \"79c305c6-48ab-4e51-7f76-08d9b9eb417b\",\r\n
        \   \"destination\": {\r\n      \"resourceId\": \"/subscriptions/00000000-0000-0000-0000-000000000000/resourceGroups/cli_test_monitor_workspace_data_export000001/providers/Microsoft.Storage/storageAccounts/saws1000002\",\r\n
        \     \"type\": \"StorageAccount\",\r\n      \"metaData\": {}\r\n    },\r\n
        \   \"tableNames\": [\r\n      \"Syslog\"\r\n    ],\r\n    \"enable\": true,\r\n
        \   \"createdDate\": \"Wed, 08 Dec 2021 08:22:19 GMT\",\r\n    \"lastModifiedDate\":
        \"Wed, 08 Dec 2021 08:22:19 GMT\"\r\n  },\r\n  \"id\": \"/subscriptions/00000000-0000-0000-0000-000000000000/resourcegroups/cli_test_monitor_workspace_data_export000001/providers/microsoft.operationalinsights/workspaces/clitest000003/dataexports/clitest\",\r\n
        \ \"name\": \"clitest\",\r\n  \"type\": \"Microsoft.OperationalInsights/workspaces/dataexports\"\r\n}"
    headers:
      cache-control:
      - no-cache
      cachecontrol:
      - no-cache
      content-length:
      - '922'
      content-type:
      - application/json; charset=utf-8
      date:
      - Wed, 08 Dec 2021 08:24:10 GMT
      expires:
      - '-1'
      pragma:
      - no-cache
      server:
      - Microsoft-IIS/10.0
      - Microsoft-IIS/10.0
      strict-transport-security:
      - max-age=31536000; includeSubDomains
      transfer-encoding:
      - chunked
      vary:
      - Accept-Encoding
      x-ams-apiversion:
      - WebAPI1.0
      x-content-type-options:
      - nosniff
      x-powered-by:
      - ASP.NET
      - ASP.NET
    status:
      code: 200
      message: OK
- request:
    body: '{"properties": {"dataExportId": "79c305c6-48ab-4e51-7f76-08d9b9eb417b",
      "tableNames": ["Usage", "Alert"], "enable": true, "createdDate": "Wed, 08 Dec
      2021 08:22:19 GMT", "lastModifiedDate": "Wed, 08 Dec 2021 08:22:19 GMT", "destination":
      {"resourceId": "/subscriptions/00000000-0000-0000-0000-000000000000/resourceGroups/cli_test_monitor_workspace_data_export000001/providers/Microsoft.EventHub/namespaces/eventhubs-nscli000004"}}}'
    headers:
      Accept:
      - application/json
      Accept-Encoding:
      - gzip, deflate
      CommandName:
      - monitor log-analytics workspace data-export update
      Connection:
      - keep-alive
      Content-Length:
      - '461'
      Content-Type:
      - application/json
      ParameterSetName:
      - -g --workspace-name -n --destination --enable -t
      User-Agent:
      - AZURECLI/2.31.0 azsdk-python-mgmt-loganalytics/11.0.0 Python/3.8.8rc1 (Windows-10-10.0.22000-SP0)
    method: PUT
    uri: https://management.azure.com/subscriptions/00000000-0000-0000-0000-000000000000/resourcegroups/cli_test_monitor_workspace_data_export000001/providers/Microsoft.OperationalInsights/workspaces/clitest000003/dataExports/clitest?api-version=2020-08-01
  response:
    body:
      string: "{\r\n  \"properties\": {\r\n    \"dataExportId\": \"79c305c6-48ab-4e51-7f76-08d9b9eb417b\",\r\n
        \   \"destination\": {\r\n      \"resourceId\": \"/subscriptions/00000000-0000-0000-0000-000000000000/resourceGroups/cli_test_monitor_workspace_data_export000001/providers/Microsoft.EventHub/namespaces/eventhubs-nscli000004\",\r\n
        \     \"type\": \"EventHub\",\r\n      \"metaData\": {}\r\n    },\r\n    \"tableNames\":
        [\r\n      \"Usage\",\r\n      \"Alert\"\r\n    ],\r\n    \"enable\": true,\r\n
        \   \"createdDate\": \"Wed, 08 Dec 2021 08:22:19 GMT\",\r\n    \"lastModifiedDate\":
        \"Wed, 08 Dec 2021 08:24:14 GMT\"\r\n  },\r\n  \"id\": \"/subscriptions/00000000-0000-0000-0000-000000000000/resourcegroups/cli_test_monitor_workspace_data_export000001/providers/microsoft.operationalinsights/workspaces/clitest000003/dataexports/clitest\",\r\n
        \ \"name\": \"clitest\",\r\n  \"type\": \"Microsoft.OperationalInsights/workspaces/dataexports\"\r\n}"
    headers:
      cache-control:
      - no-cache
      cachecontrol:
      - no-cache
      content-length:
      - '923'
      content-type:
      - application/json; charset=utf-8
      date:
      - Wed, 08 Dec 2021 08:24:14 GMT
      expires:
      - '-1'
      pragma:
      - no-cache
      server:
      - Microsoft-IIS/10.0
      - Microsoft-IIS/10.0
      strict-transport-security:
      - max-age=31536000; includeSubDomains
      transfer-encoding:
      - chunked
      vary:
      - Accept-Encoding
      x-ams-apiversion:
      - WebAPI1.0
      x-content-type-options:
      - nosniff
      x-ms-ratelimit-remaining-subscription-writes:
      - '1199'
      x-powered-by:
      - ASP.NET
      - ASP.NET
    status:
      code: 200
      message: OK
- request:
    body: null
    headers:
      Accept:
      - application/json
      Accept-Encoding:
      - gzip, deflate
      CommandName:
      - eventhubs eventhub list
      Connection:
      - keep-alive
      ParameterSetName:
      - -g --namespace-name
      User-Agent:
      - AZURECLI/2.31.0 azsdk-python-azure-mgmt-eventhub/9.1.0 Python/3.8.8rc1 (Windows-10-10.0.22000-SP0)
    method: GET
    uri: https://management.azure.com/subscriptions/00000000-0000-0000-0000-000000000000/resourceGroups/cli_test_monitor_workspace_data_export000001/providers/Microsoft.EventHub/namespaces/eventhubs-nscli000004/eventhubs?api-version=2021-06-01-preview
  response:
    body:
      string: '{"value":[{"id":"/subscriptions/00000000-0000-0000-0000-000000000000/resourceGroups/cli_test_monitor_workspace_data_export000001/providers/Microsoft.EventHub/namespaces/eventhubs-nscli000004/eventhubs/hub_name","name":"hub_name","type":"Microsoft.EventHub/Namespaces/EventHubs","location":"East
        US","properties":{"messageRetentionInDays":7,"partitionCount":4,"status":"Active","createdAt":"2021-12-08T08:24:09.69","updatedAt":"2021-12-08T08:24:09.933","partitionIds":["0","1","2","3"]}}]}'
    headers:
      cache-control:
      - no-cache
      content-length:
      - '518'
      content-type:
      - application/json; charset=utf-8
      date:
      - Wed, 08 Dec 2021 08:24:14 GMT
      expires:
      - '-1'
      pragma:
      - no-cache
      server:
      - Service-Bus-Resource-Provider/CH3
      - Microsoft-HTTPAPI/2.0
      server-sb:
      - Service-Bus-Resource-Provider/CH3
      strict-transport-security:
      - max-age=31536000; includeSubDomains
      transfer-encoding:
      - chunked
      vary:
      - Accept-Encoding
      x-content-type-options:
      - nosniff
      x-ms-inline-count:
      - ''
    status:
      code: 200
      message: OK
- request:
    body: null
    headers:
      Accept:
      - application/json
      Accept-Encoding:
      - gzip, deflate
      CommandName:
      - monitor log-analytics workspace data-export delete
      Connection:
      - keep-alive
      Content-Length:
      - '0'
      ParameterSetName:
      - -g --workspace-name -n -y
      User-Agent:
      - AZURECLI/2.31.0 azsdk-python-mgmt-loganalytics/11.0.0 Python/3.8.8rc1 (Windows-10-10.0.22000-SP0)
    method: DELETE
    uri: https://management.azure.com/subscriptions/00000000-0000-0000-0000-000000000000/resourcegroups/cli_test_monitor_workspace_data_export000001/providers/Microsoft.OperationalInsights/workspaces/clitest000003/dataExports/clitest?api-version=2020-08-01
  response:
    body:
      string: ''
    headers:
      cache-control:
      - no-cache
      cachecontrol:
      - no-cache
      content-length:
      - '0'
      date:
      - Wed, 08 Dec 2021 08:24:15 GMT
      expires:
      - '-1'
      pragma:
      - no-cache
      server:
      - Microsoft-IIS/10.0
      - Microsoft-IIS/10.0
      strict-transport-security:
      - max-age=31536000; includeSubDomains
      x-ams-apiversion:
      - WebAPI1.0
      x-content-type-options:
      - nosniff
      x-ms-ratelimit-remaining-subscription-deletes:
      - '14999'
      x-powered-by:
      - ASP.NET
      - ASP.NET
    status:
      code: 200
      message: OK
- request:
    body: '{"properties": {"tableNames": ["Syslog"], "enable": false, "destination":
      {"resourceId": "/subscriptions/00000000-0000-0000-0000-000000000000/resourceGroups/cli_test_monitor_workspace_data_export000001/providers/Microsoft.EventHub/namespaces/eventhubs-nscli000004",
      "metaData": {"eventHubName": "hub_name"}}}}'
    headers:
      Accept:
      - application/json
      Accept-Encoding:
      - gzip, deflate
      CommandName:
      - monitor log-analytics workspace data-export create
      Connection:
      - keep-alive
      Content-Length:
      - '339'
      Content-Type:
      - application/json
      ParameterSetName:
      - -g --workspace-name -n --destination --enable -t
      User-Agent:
      - AZURECLI/2.31.0 azsdk-python-mgmt-loganalytics/11.0.0 Python/3.8.8rc1 (Windows-10-10.0.22000-SP0)
    method: PUT
    uri: https://management.azure.com/subscriptions/00000000-0000-0000-0000-000000000000/resourcegroups/cli_test_monitor_workspace_data_export000001/providers/Microsoft.OperationalInsights/workspaces/clitest000003/dataExports/clitest?api-version=2020-08-01
  response:
    body:
      string: "{\r\n  \"properties\": {\r\n    \"dataExportId\": \"67c8090a-caad-472a-9721-08d9ba242177\",\r\n
        \   \"destination\": {\r\n      \"resourceId\": \"/subscriptions/00000000-0000-0000-0000-000000000000/resourceGroups/cli_test_monitor_workspace_data_export000001/providers/Microsoft.EventHub/namespaces/eventhubs-nscli000004\",\r\n
        \     \"type\": \"EventHub\",\r\n      \"metaData\": {\r\n        \"eventHubName\":
        \"hub_name\"\r\n      }\r\n    },\r\n    \"tableNames\": [\r\n      \"Syslog\"\r\n
        \   ],\r\n    \"enable\": false,\r\n    \"createdDate\": \"Wed, 08 Dec 2021
        08:24:19 GMT\",\r\n    \"lastModifiedDate\": \"Wed, 08 Dec 2021 08:24:19 GMT\"\r\n
        \ },\r\n  \"id\": \"/subscriptions/00000000-0000-0000-0000-000000000000/resourcegroups/cli_test_monitor_workspace_data_export000001/providers/microsoft.operationalinsights/workspaces/clitest000003/dataexports/clitest\",\r\n
        \ \"name\": \"clitest\",\r\n  \"type\": \"Microsoft.OperationalInsights/workspaces/dataexports\"\r\n}"
    headers:
      cache-control:
      - no-cache
      cachecontrol:
      - no-cache
      content-length:
      - '953'
      content-type:
      - application/json; charset=utf-8
      date:
      - Wed, 08 Dec 2021 08:24:18 GMT
      expires:
      - '-1'
      pragma:
      - no-cache
      server:
      - Microsoft-IIS/10.0
      - Microsoft-IIS/10.0
      strict-transport-security:
      - max-age=31536000; includeSubDomains
      transfer-encoding:
      - chunked
      vary:
      - Accept-Encoding
      x-ams-apiversion:
      - WebAPI1.0
      x-content-type-options:
      - nosniff
      x-ms-ratelimit-remaining-subscription-writes:
      - '1199'
      x-powered-by:
      - ASP.NET
      - ASP.NET
    status:
      code: 200
      message: OK
- request:
    body: null
    headers:
      Accept:
      - application/json
      Accept-Encoding:
      - gzip, deflate
      CommandName:
      - monitor log-analytics workspace data-export delete
      Connection:
      - keep-alive
      Content-Length:
      - '0'
      ParameterSetName:
      - -g --workspace-name -n -y
      User-Agent:
      - AZURECLI/2.31.0 azsdk-python-mgmt-loganalytics/11.0.0 Python/3.8.8rc1 (Windows-10-10.0.22000-SP0)
    method: DELETE
    uri: https://management.azure.com/subscriptions/00000000-0000-0000-0000-000000000000/resourcegroups/cli_test_monitor_workspace_data_export000001/providers/Microsoft.OperationalInsights/workspaces/clitest000003/dataExports/clitest?api-version=2020-08-01
  response:
    body:
      string: ''
    headers:
      cache-control:
      - no-cache
      cachecontrol:
      - no-cache
      content-length:
      - '0'
      date:
      - Wed, 08 Dec 2021 08:24:20 GMT
      expires:
      - '-1'
      pragma:
      - no-cache
      server:
      - Microsoft-IIS/10.0
      - Microsoft-IIS/10.0
      strict-transport-security:
      - max-age=31536000; includeSubDomains
      x-ams-apiversion:
      - WebAPI1.0
      x-content-type-options:
      - nosniff
      x-ms-ratelimit-remaining-subscription-deletes:
      - '14999'
      x-powered-by:
      - ASP.NET
      - ASP.NET
    status:
      code: 200
      message: OK
- request:
    body: null
    headers:
      Accept:
      - application/json
      Accept-Encoding:
      - gzip, deflate
      CommandName:
      - monitor log-analytics workspace data-export show
      Connection:
      - keep-alive
      ParameterSetName:
      - -g --workspace-name -n
      User-Agent:
      - AZURECLI/2.31.0 azsdk-python-mgmt-loganalytics/11.0.0 Python/3.8.8rc1 (Windows-10-10.0.22000-SP0)
    method: GET
    uri: https://management.azure.com/subscriptions/00000000-0000-0000-0000-000000000000/resourcegroups/cli_test_monitor_workspace_data_export000001/providers/Microsoft.OperationalInsights/workspaces/clitest000003/dataExports/clitest?api-version=2020-08-01
  response:
    body:
      string: '"Export clitest does not exist in the workspace."'
    headers:
      cache-control:
      - no-cache
      cachecontrol:
      - no-cache
      content-length:
      - '49'
      content-type:
      - application/json; charset=utf-8
      date:
      - Wed, 08 Dec 2021 08:24:28 GMT
      expires:
      - '-1'
      pragma:
      - no-cache
      server:
      - Microsoft-IIS/10.0
      - Microsoft-IIS/10.0
      strict-transport-security:
      - max-age=31536000; includeSubDomains
      x-ams-apiversion:
      - WebAPI1.0
      x-content-type-options:
      - nosniff
      x-powered-by:
      - ASP.NET
      - ASP.NET
    status:
      code: 404
      message: Not Found
version: 1
