interactions:
- request:
    body: null
    headers:
      Accept:
      - application/json
      Accept-Encoding:
      - gzip, deflate
      CommandName:
      - network nsg create
      Connection:
      - keep-alive
      ParameterSetName:
      - -n -g
      User-Agent:
      - AZURECLI/2.40.0 azsdk-python-azure-mgmt-resource/21.1.0b1 Python/3.10.6 (macOS-12.5.1-x86_64-i386-64bit)
    method: GET
    uri: https://management.azure.com/subscriptions/00000000-0000-0000-0000-000000000000/resourcegroups/clitest.rg000001?api-version=2021-04-01
  response:
    body:
      string: '{"id":"/subscriptions/00000000-0000-0000-0000-000000000000/resourceGroups/clitest.rg000001","name":"clitest.rg000001","type":"Microsoft.Resources/resourceGroups","location":"southcentralus","tags":{"product":"azurecli","cause":"automation","date":"2022-09-16T05:34:48Z"},"properties":{"provisioningState":"Succeeded"}}'
    headers:
      cache-control:
      - no-cache
      content-length:
      - '318'
      content-type:
      - application/json; charset=utf-8
      date:
      - Fri, 16 Sep 2022 05:35:25 GMT
      expires:
      - '-1'
      pragma:
      - no-cache
      strict-transport-security:
      - max-age=31536000; includeSubDomains
      vary:
      - Accept-Encoding
      x-content-type-options:
      - nosniff
    status:
      code: 200
      message: OK
- request:
    body: '{"location": "southcentralus"}'
    headers:
      Accept:
      - application/json
      Accept-Encoding:
      - gzip, deflate
      CommandName:
      - network nsg create
      Connection:
      - keep-alive
      Content-Length:
      - '30'
      Content-Type:
      - application/json
      ParameterSetName:
      - -n -g
      User-Agent:
      - AZURECLI/2.40.0 azsdk-python-azure-mgmt-network/21.0.1 Python/3.10.6 (macOS-12.5.1-x86_64-i386-64bit)
    method: PUT
    uri: https://management.azure.com/subscriptions/00000000-0000-0000-0000-000000000000/resourceGroups/clitest.rg000001/providers/Microsoft.Network/networkSecurityGroups/nsg000003?api-version=2022-01-01
  response:
    body:
      string: "{\r\n  \"name\": \"nsg000003\",\r\n  \"id\": \"/subscriptions/00000000-0000-0000-0000-000000000000/resourceGroups/clitest.rg000001/providers/Microsoft.Network/networkSecurityGroups/nsg000003\"\
        ,\r\n  \"etag\": \"W/\\\"9e66c9f5-a06a-44bc-b83b-ffc9bf462e94\\\"\",\r\n \
        \ \"type\": \"Microsoft.Network/networkSecurityGroups\",\r\n  \"location\"\
        : \"southcentralus\",\r\n  \"properties\": {\r\n    \"provisioningState\"\
        : \"Updating\",\r\n    \"resourceGuid\": \"35b1325f-3817-45cc-b2d8-afc6ccfcb3fb\"\
        ,\r\n    \"securityRules\": [],\r\n    \"defaultSecurityRules\": [\r\n   \
        \   {\r\n        \"name\": \"AllowVnetInBound\",\r\n        \"id\": \"/subscriptions/00000000-0000-0000-0000-000000000000/resourceGroups/clitest.rg000001/providers/Microsoft.Network/networkSecurityGroups/nsg000003/defaultSecurityRules/AllowVnetInBound\"\
        ,\r\n        \"etag\": \"W/\\\"9e66c9f5-a06a-44bc-b83b-ffc9bf462e94\\\"\"\
        ,\r\n        \"type\": \"Microsoft.Network/networkSecurityGroups/defaultSecurityRules\"\
        ,\r\n        \"properties\": {\r\n          \"provisioningState\": \"Updating\"\
        ,\r\n          \"description\": \"Allow inbound traffic from all VMs in VNET\"\
        ,\r\n          \"protocol\": \"*\",\r\n          \"sourcePortRange\": \"*\"\
        ,\r\n          \"destinationPortRange\": \"*\",\r\n          \"sourceAddressPrefix\"\
        : \"VirtualNetwork\",\r\n          \"destinationAddressPrefix\": \"VirtualNetwork\"\
        ,\r\n          \"access\": \"Allow\",\r\n          \"priority\": 65000,\r\n\
        \          \"direction\": \"Inbound\",\r\n          \"sourcePortRanges\":\
        \ [],\r\n          \"destinationPortRanges\": [],\r\n          \"sourceAddressPrefixes\"\
        : [],\r\n          \"destinationAddressPrefixes\": []\r\n        }\r\n   \
        \   },\r\n      {\r\n        \"name\": \"AllowAzureLoadBalancerInBound\",\r\
        \n        \"id\": \"/subscriptions/00000000-0000-0000-0000-000000000000/resourceGroups/clitest.rg000001/providers/Microsoft.Network/networkSecurityGroups/nsg000003/defaultSecurityRules/AllowAzureLoadBalancerInBound\"\
        ,\r\n        \"etag\": \"W/\\\"9e66c9f5-a06a-44bc-b83b-ffc9bf462e94\\\"\"\
        ,\r\n        \"type\": \"Microsoft.Network/networkSecurityGroups/defaultSecurityRules\"\
        ,\r\n        \"properties\": {\r\n          \"provisioningState\": \"Updating\"\
        ,\r\n          \"description\": \"Allow inbound traffic from azure load balancer\"\
        ,\r\n          \"protocol\": \"*\",\r\n          \"sourcePortRange\": \"*\"\
        ,\r\n          \"destinationPortRange\": \"*\",\r\n          \"sourceAddressPrefix\"\
        : \"AzureLoadBalancer\",\r\n          \"destinationAddressPrefix\": \"*\"\
        ,\r\n          \"access\": \"Allow\",\r\n          \"priority\": 65001,\r\n\
        \          \"direction\": \"Inbound\",\r\n          \"sourcePortRanges\":\
        \ [],\r\n          \"destinationPortRanges\": [],\r\n          \"sourceAddressPrefixes\"\
        : [],\r\n          \"destinationAddressPrefixes\": []\r\n        }\r\n   \
        \   },\r\n      {\r\n        \"name\": \"DenyAllInBound\",\r\n        \"id\"\
        : \"/subscriptions/00000000-0000-0000-0000-000000000000/resourceGroups/clitest.rg000001/providers/Microsoft.Network/networkSecurityGroups/nsg000003/defaultSecurityRules/DenyAllInBound\"\
        ,\r\n        \"etag\": \"W/\\\"9e66c9f5-a06a-44bc-b83b-ffc9bf462e94\\\"\"\
        ,\r\n        \"type\": \"Microsoft.Network/networkSecurityGroups/defaultSecurityRules\"\
        ,\r\n        \"properties\": {\r\n          \"provisioningState\": \"Updating\"\
        ,\r\n          \"description\": \"Deny all inbound traffic\",\r\n        \
        \  \"protocol\": \"*\",\r\n          \"sourcePortRange\": \"*\",\r\n     \
        \     \"destinationPortRange\": \"*\",\r\n          \"sourceAddressPrefix\"\
        : \"*\",\r\n          \"destinationAddressPrefix\": \"*\",\r\n          \"\
        access\": \"Deny\",\r\n          \"priority\": 65500,\r\n          \"direction\"\
        : \"Inbound\",\r\n          \"sourcePortRanges\": [],\r\n          \"destinationPortRanges\"\
        : [],\r\n          \"sourceAddressPrefixes\": [],\r\n          \"destinationAddressPrefixes\"\
        : []\r\n        }\r\n      },\r\n      {\r\n        \"name\": \"AllowVnetOutBound\"\
        ,\r\n        \"id\": \"/subscriptions/00000000-0000-0000-0000-000000000000/resourceGroups/clitest.rg000001/providers/Microsoft.Network/networkSecurityGroups/nsg000003/defaultSecurityRules/AllowVnetOutBound\"\
        ,\r\n        \"etag\": \"W/\\\"9e66c9f5-a06a-44bc-b83b-ffc9bf462e94\\\"\"\
        ,\r\n        \"type\": \"Microsoft.Network/networkSecurityGroups/defaultSecurityRules\"\
        ,\r\n        \"properties\": {\r\n          \"provisioningState\": \"Updating\"\
        ,\r\n          \"description\": \"Allow outbound traffic from all VMs to all\
        \ VMs in VNET\",\r\n          \"protocol\": \"*\",\r\n          \"sourcePortRange\"\
        : \"*\",\r\n          \"destinationPortRange\": \"*\",\r\n          \"sourceAddressPrefix\"\
        : \"VirtualNetwork\",\r\n          \"destinationAddressPrefix\": \"VirtualNetwork\"\
        ,\r\n          \"access\": \"Allow\",\r\n          \"priority\": 65000,\r\n\
        \          \"direction\": \"Outbound\",\r\n          \"sourcePortRanges\"\
        : [],\r\n          \"destinationPortRanges\": [],\r\n          \"sourceAddressPrefixes\"\
        : [],\r\n          \"destinationAddressPrefixes\": []\r\n        }\r\n   \
        \   },\r\n      {\r\n        \"name\": \"AllowInternetOutBound\",\r\n    \
        \    \"id\": \"/subscriptions/00000000-0000-0000-0000-000000000000/resourceGroups/clitest.rg000001/providers/Microsoft.Network/networkSecurityGroups/nsg000003/defaultSecurityRules/AllowInternetOutBound\"\
        ,\r\n        \"etag\": \"W/\\\"9e66c9f5-a06a-44bc-b83b-ffc9bf462e94\\\"\"\
        ,\r\n        \"type\": \"Microsoft.Network/networkSecurityGroups/defaultSecurityRules\"\
        ,\r\n        \"properties\": {\r\n          \"provisioningState\": \"Updating\"\
        ,\r\n          \"description\": \"Allow outbound traffic from all VMs to Internet\"\
        ,\r\n          \"protocol\": \"*\",\r\n          \"sourcePortRange\": \"*\"\
        ,\r\n          \"destinationPortRange\": \"*\",\r\n          \"sourceAddressPrefix\"\
        : \"*\",\r\n          \"destinationAddressPrefix\": \"Internet\",\r\n    \
        \      \"access\": \"Allow\",\r\n          \"priority\": 65001,\r\n      \
        \    \"direction\": \"Outbound\",\r\n          \"sourcePortRanges\": [],\r\
        \n          \"destinationPortRanges\": [],\r\n          \"sourceAddressPrefixes\"\
        : [],\r\n          \"destinationAddressPrefixes\": []\r\n        }\r\n   \
        \   },\r\n      {\r\n        \"name\": \"DenyAllOutBound\",\r\n        \"\
        id\": \"/subscriptions/00000000-0000-0000-0000-000000000000/resourceGroups/clitest.rg000001/providers/Microsoft.Network/networkSecurityGroups/nsg000003/defaultSecurityRules/DenyAllOutBound\"\
        ,\r\n        \"etag\": \"W/\\\"9e66c9f5-a06a-44bc-b83b-ffc9bf462e94\\\"\"\
        ,\r\n        \"type\": \"Microsoft.Network/networkSecurityGroups/defaultSecurityRules\"\
        ,\r\n        \"properties\": {\r\n          \"provisioningState\": \"Updating\"\
        ,\r\n          \"description\": \"Deny all outbound traffic\",\r\n       \
        \   \"protocol\": \"*\",\r\n          \"sourcePortRange\": \"*\",\r\n    \
        \      \"destinationPortRange\": \"*\",\r\n          \"sourceAddressPrefix\"\
        : \"*\",\r\n          \"destinationAddressPrefix\": \"*\",\r\n          \"\
        access\": \"Deny\",\r\n          \"priority\": 65500,\r\n          \"direction\"\
        : \"Outbound\",\r\n          \"sourcePortRanges\": [],\r\n          \"destinationPortRanges\"\
        : [],\r\n          \"sourceAddressPrefixes\": [],\r\n          \"destinationAddressPrefixes\"\
        : []\r\n        }\r\n      }\r\n    ]\r\n  }\r\n}"
    headers:
      azure-asyncnotification:
      - Enabled
      azure-asyncoperation:
      - https://management.azure.com/subscriptions/00000000-0000-0000-0000-000000000000/providers/Microsoft.Network/locations/southcentralus/operations/acb0b023-5d78-4ae7-8f9d-51af3ce51b7a?api-version=2022-01-01
      cache-control:
      - no-cache
      content-length:
      - '6560'
      content-type:
      - application/json; charset=utf-8
      date:
      - Fri, 16 Sep 2022 05:35:33 GMT
      expires:
      - '-1'
      pragma:
      - no-cache
      server:
      - Microsoft-HTTPAPI/2.0
      - Microsoft-HTTPAPI/2.0
      strict-transport-security:
      - max-age=31536000; includeSubDomains
      x-content-type-options:
      - nosniff
      x-ms-arm-service-request-id:
      - 40dd2cf1-cc8c-4b2f-a33b-28b1bb29fbc2
      x-ms-ratelimit-remaining-subscription-writes:
      - '1199'
    status:
      code: 201
      message: Created
- request:
    body: null
    headers:
      Accept:
      - '*/*'
      Accept-Encoding:
      - gzip, deflate
      CommandName:
      - network nsg create
      Connection:
      - keep-alive
      ParameterSetName:
      - -n -g
      User-Agent:
      - AZURECLI/2.40.0 azsdk-python-azure-mgmt-network/21.0.1 Python/3.10.6 (macOS-12.5.1-x86_64-i386-64bit)
    method: GET
    uri: https://management.azure.com/subscriptions/00000000-0000-0000-0000-000000000000/providers/Microsoft.Network/locations/southcentralus/operations/acb0b023-5d78-4ae7-8f9d-51af3ce51b7a?api-version=2022-01-01
  response:
    body:
      string: "{\r\n  \"status\": \"Succeeded\"\r\n}"
    headers:
      cache-control:
      - no-cache
      content-length:
      - '29'
      content-type:
      - application/json; charset=utf-8
      date:
      - Fri, 16 Sep 2022 05:35:36 GMT
      expires:
      - '-1'
      pragma:
      - no-cache
      server:
      - Microsoft-HTTPAPI/2.0
      - Microsoft-HTTPAPI/2.0
      strict-transport-security:
      - max-age=31536000; includeSubDomains
      transfer-encoding:
      - chunked
      vary:
      - Accept-Encoding
      x-content-type-options:
      - nosniff
      x-ms-arm-service-request-id:
      - 7f6f2aac-ff71-4de0-b630-20f313edbfb6
    status:
      code: 200
      message: OK
- request:
    body: null
    headers:
      Accept:
      - '*/*'
      Accept-Encoding:
      - gzip, deflate
      CommandName:
      - network nsg create
      Connection:
      - keep-alive
      ParameterSetName:
      - -n -g
      User-Agent:
      - AZURECLI/2.40.0 azsdk-python-azure-mgmt-network/21.0.1 Python/3.10.6 (macOS-12.5.1-x86_64-i386-64bit)
    method: GET
    uri: https://management.azure.com/subscriptions/00000000-0000-0000-0000-000000000000/resourceGroups/clitest.rg000001/providers/Microsoft.Network/networkSecurityGroups/nsg000003?api-version=2022-01-01
  response:
    body:
      string: "{\r\n  \"name\": \"nsg000003\",\r\n  \"id\": \"/subscriptions/00000000-0000-0000-0000-000000000000/resourceGroups/clitest.rg000001/providers/Microsoft.Network/networkSecurityGroups/nsg000003\"\
        ,\r\n  \"etag\": \"W/\\\"7748d385-3c1f-471d-8775-f2ae846b3c00\\\"\",\r\n \
        \ \"type\": \"Microsoft.Network/networkSecurityGroups\",\r\n  \"location\"\
        : \"southcentralus\",\r\n  \"properties\": {\r\n    \"provisioningState\"\
        : \"Succeeded\",\r\n    \"resourceGuid\": \"35b1325f-3817-45cc-b2d8-afc6ccfcb3fb\"\
        ,\r\n    \"securityRules\": [],\r\n    \"defaultSecurityRules\": [\r\n   \
        \   {\r\n        \"name\": \"AllowVnetInBound\",\r\n        \"id\": \"/subscriptions/00000000-0000-0000-0000-000000000000/resourceGroups/clitest.rg000001/providers/Microsoft.Network/networkSecurityGroups/nsg000003/defaultSecurityRules/AllowVnetInBound\"\
        ,\r\n        \"etag\": \"W/\\\"7748d385-3c1f-471d-8775-f2ae846b3c00\\\"\"\
        ,\r\n        \"type\": \"Microsoft.Network/networkSecurityGroups/defaultSecurityRules\"\
        ,\r\n        \"properties\": {\r\n          \"provisioningState\": \"Succeeded\"\
        ,\r\n          \"description\": \"Allow inbound traffic from all VMs in VNET\"\
        ,\r\n          \"protocol\": \"*\",\r\n          \"sourcePortRange\": \"*\"\
        ,\r\n          \"destinationPortRange\": \"*\",\r\n          \"sourceAddressPrefix\"\
        : \"VirtualNetwork\",\r\n          \"destinationAddressPrefix\": \"VirtualNetwork\"\
        ,\r\n          \"access\": \"Allow\",\r\n          \"priority\": 65000,\r\n\
        \          \"direction\": \"Inbound\",\r\n          \"sourcePortRanges\":\
        \ [],\r\n          \"destinationPortRanges\": [],\r\n          \"sourceAddressPrefixes\"\
        : [],\r\n          \"destinationAddressPrefixes\": []\r\n        }\r\n   \
        \   },\r\n      {\r\n        \"name\": \"AllowAzureLoadBalancerInBound\",\r\
        \n        \"id\": \"/subscriptions/00000000-0000-0000-0000-000000000000/resourceGroups/clitest.rg000001/providers/Microsoft.Network/networkSecurityGroups/nsg000003/defaultSecurityRules/AllowAzureLoadBalancerInBound\"\
        ,\r\n        \"etag\": \"W/\\\"7748d385-3c1f-471d-8775-f2ae846b3c00\\\"\"\
        ,\r\n        \"type\": \"Microsoft.Network/networkSecurityGroups/defaultSecurityRules\"\
        ,\r\n        \"properties\": {\r\n          \"provisioningState\": \"Succeeded\"\
        ,\r\n          \"description\": \"Allow inbound traffic from azure load balancer\"\
        ,\r\n          \"protocol\": \"*\",\r\n          \"sourcePortRange\": \"*\"\
        ,\r\n          \"destinationPortRange\": \"*\",\r\n          \"sourceAddressPrefix\"\
        : \"AzureLoadBalancer\",\r\n          \"destinationAddressPrefix\": \"*\"\
        ,\r\n          \"access\": \"Allow\",\r\n          \"priority\": 65001,\r\n\
        \          \"direction\": \"Inbound\",\r\n          \"sourcePortRanges\":\
        \ [],\r\n          \"destinationPortRanges\": [],\r\n          \"sourceAddressPrefixes\"\
        : [],\r\n          \"destinationAddressPrefixes\": []\r\n        }\r\n   \
        \   },\r\n      {\r\n        \"name\": \"DenyAllInBound\",\r\n        \"id\"\
        : \"/subscriptions/00000000-0000-0000-0000-000000000000/resourceGroups/clitest.rg000001/providers/Microsoft.Network/networkSecurityGroups/nsg000003/defaultSecurityRules/DenyAllInBound\"\
        ,\r\n        \"etag\": \"W/\\\"7748d385-3c1f-471d-8775-f2ae846b3c00\\\"\"\
        ,\r\n        \"type\": \"Microsoft.Network/networkSecurityGroups/defaultSecurityRules\"\
        ,\r\n        \"properties\": {\r\n          \"provisioningState\": \"Succeeded\"\
        ,\r\n          \"description\": \"Deny all inbound traffic\",\r\n        \
        \  \"protocol\": \"*\",\r\n          \"sourcePortRange\": \"*\",\r\n     \
        \     \"destinationPortRange\": \"*\",\r\n          \"sourceAddressPrefix\"\
        : \"*\",\r\n          \"destinationAddressPrefix\": \"*\",\r\n          \"\
        access\": \"Deny\",\r\n          \"priority\": 65500,\r\n          \"direction\"\
        : \"Inbound\",\r\n          \"sourcePortRanges\": [],\r\n          \"destinationPortRanges\"\
        : [],\r\n          \"sourceAddressPrefixes\": [],\r\n          \"destinationAddressPrefixes\"\
        : []\r\n        }\r\n      },\r\n      {\r\n        \"name\": \"AllowVnetOutBound\"\
        ,\r\n        \"id\": \"/subscriptions/00000000-0000-0000-0000-000000000000/resourceGroups/clitest.rg000001/providers/Microsoft.Network/networkSecurityGroups/nsg000003/defaultSecurityRules/AllowVnetOutBound\"\
        ,\r\n        \"etag\": \"W/\\\"7748d385-3c1f-471d-8775-f2ae846b3c00\\\"\"\
        ,\r\n        \"type\": \"Microsoft.Network/networkSecurityGroups/defaultSecurityRules\"\
        ,\r\n        \"properties\": {\r\n          \"provisioningState\": \"Succeeded\"\
        ,\r\n          \"description\": \"Allow outbound traffic from all VMs to all\
        \ VMs in VNET\",\r\n          \"protocol\": \"*\",\r\n          \"sourcePortRange\"\
        : \"*\",\r\n          \"destinationPortRange\": \"*\",\r\n          \"sourceAddressPrefix\"\
        : \"VirtualNetwork\",\r\n          \"destinationAddressPrefix\": \"VirtualNetwork\"\
        ,\r\n          \"access\": \"Allow\",\r\n          \"priority\": 65000,\r\n\
        \          \"direction\": \"Outbound\",\r\n          \"sourcePortRanges\"\
        : [],\r\n          \"destinationPortRanges\": [],\r\n          \"sourceAddressPrefixes\"\
        : [],\r\n          \"destinationAddressPrefixes\": []\r\n        }\r\n   \
        \   },\r\n      {\r\n        \"name\": \"AllowInternetOutBound\",\r\n    \
        \    \"id\": \"/subscriptions/00000000-0000-0000-0000-000000000000/resourceGroups/clitest.rg000001/providers/Microsoft.Network/networkSecurityGroups/nsg000003/defaultSecurityRules/AllowInternetOutBound\"\
        ,\r\n        \"etag\": \"W/\\\"7748d385-3c1f-471d-8775-f2ae846b3c00\\\"\"\
        ,\r\n        \"type\": \"Microsoft.Network/networkSecurityGroups/defaultSecurityRules\"\
        ,\r\n        \"properties\": {\r\n          \"provisioningState\": \"Succeeded\"\
        ,\r\n          \"description\": \"Allow outbound traffic from all VMs to Internet\"\
        ,\r\n          \"protocol\": \"*\",\r\n          \"sourcePortRange\": \"*\"\
        ,\r\n          \"destinationPortRange\": \"*\",\r\n          \"sourceAddressPrefix\"\
        : \"*\",\r\n          \"destinationAddressPrefix\": \"Internet\",\r\n    \
        \      \"access\": \"Allow\",\r\n          \"priority\": 65001,\r\n      \
        \    \"direction\": \"Outbound\",\r\n          \"sourcePortRanges\": [],\r\
        \n          \"destinationPortRanges\": [],\r\n          \"sourceAddressPrefixes\"\
        : [],\r\n          \"destinationAddressPrefixes\": []\r\n        }\r\n   \
        \   },\r\n      {\r\n        \"name\": \"DenyAllOutBound\",\r\n        \"\
        id\": \"/subscriptions/00000000-0000-0000-0000-000000000000/resourceGroups/clitest.rg000001/providers/Microsoft.Network/networkSecurityGroups/nsg000003/defaultSecurityRules/DenyAllOutBound\"\
        ,\r\n        \"etag\": \"W/\\\"7748d385-3c1f-471d-8775-f2ae846b3c00\\\"\"\
        ,\r\n        \"type\": \"Microsoft.Network/networkSecurityGroups/defaultSecurityRules\"\
        ,\r\n        \"properties\": {\r\n          \"provisioningState\": \"Succeeded\"\
        ,\r\n          \"description\": \"Deny all outbound traffic\",\r\n       \
        \   \"protocol\": \"*\",\r\n          \"sourcePortRange\": \"*\",\r\n    \
        \      \"destinationPortRange\": \"*\",\r\n          \"sourceAddressPrefix\"\
        : \"*\",\r\n          \"destinationAddressPrefix\": \"*\",\r\n          \"\
        access\": \"Deny\",\r\n          \"priority\": 65500,\r\n          \"direction\"\
        : \"Outbound\",\r\n          \"sourcePortRanges\": [],\r\n          \"destinationPortRanges\"\
        : [],\r\n          \"sourceAddressPrefixes\": [],\r\n          \"destinationAddressPrefixes\"\
        : []\r\n        }\r\n      }\r\n    ]\r\n  }\r\n}"
    headers:
      cache-control:
      - no-cache
      content-length:
      - '6567'
      content-type:
      - application/json; charset=utf-8
      date:
      - Fri, 16 Sep 2022 05:35:36 GMT
      etag:
      - W/"7748d385-3c1f-471d-8775-f2ae846b3c00"
      expires:
      - '-1'
      pragma:
      - no-cache
      server:
      - Microsoft-HTTPAPI/2.0
      - Microsoft-HTTPAPI/2.0
      strict-transport-security:
      - max-age=31536000; includeSubDomains
      transfer-encoding:
      - chunked
      vary:
      - Accept-Encoding
      x-content-type-options:
      - nosniff
      x-ms-arm-service-request-id:
      - 22693c2d-6c1c-4598-a0ee-f35c36129a16
    status:
      code: 200
      message: OK
- request:
    body: null
    headers:
      Accept:
      - application/json
      Accept-Encoding:
      - gzip, deflate
      CommandName:
      - monitor log-analytics workspace create
      Connection:
      - keep-alive
      ParameterSetName:
      - -g -n
      User-Agent:
      - AZURECLI/2.40.0 azsdk-python-azure-mgmt-resource/21.1.0b1 Python/3.10.6 (macOS-12.5.1-x86_64-i386-64bit)
    method: GET
    uri: https://management.azure.com/subscriptions/00000000-0000-0000-0000-000000000000/resourcegroups/clitest.rg000001?api-version=2021-04-01
  response:
    body:
      string: '{"id":"/subscriptions/00000000-0000-0000-0000-000000000000/resourceGroups/clitest.rg000001","name":"clitest.rg000001","type":"Microsoft.Resources/resourceGroups","location":"southcentralus","tags":{"product":"azurecli","cause":"automation","date":"2022-09-16T05:34:48Z"},"properties":{"provisioningState":"Succeeded"}}'
    headers:
      cache-control:
      - no-cache
      content-length:
      - '318'
      content-type:
      - application/json; charset=utf-8
      date:
      - Fri, 16 Sep 2022 05:35:38 GMT
      expires:
      - '-1'
      pragma:
      - no-cache
      strict-transport-security:
      - max-age=31536000; includeSubDomains
      vary:
      - Accept-Encoding
      x-content-type-options:
      - nosniff
    status:
      code: 200
      message: OK
- request:
    body: '{"location": "southcentralus", "properties": {"sku": {"name": "PerGB2018"},
      "retentionInDays": 30, "workspaceCapping": {}}}'
    headers:
      Accept:
      - application/json
      Accept-Encoding:
      - gzip, deflate
      CommandName:
      - monitor log-analytics workspace create
      Connection:
      - keep-alive
      Content-Length:
      - '123'
      Content-Type:
      - application/json
      ParameterSetName:
      - -g -n
      User-Agent:
      - AZURECLI/2.40.0 azsdk-python-mgmt-loganalytics/13.0.0b4 Python/3.10.6 (macOS-12.5.1-x86_64-i386-64bit)
    method: PUT
    uri: https://management.azure.com/subscriptions/00000000-0000-0000-0000-000000000000/resourcegroups/clitest.rg000001/providers/Microsoft.OperationalInsights/workspaces/ws000004?api-version=2021-12-01-preview
  response:
    body:
      string: '{"properties":{"customerId":"525120eb-eade-4783-a86d-c6d1fcf27019","provisioningState":"Creating","sku":{"name":"PerGB2018","lastSkuUpdate":"2022-09-16T05:35:44.2747012Z"},"retentionInDays":30,"features":{"legacy":0,"searchVersion":1,"enableLogAccessUsingOnlyResourcePermissions":true},"workspaceCapping":{"dailyQuotaGb":-1.0,"quotaNextResetTime":"2022-09-17T01:00:00Z","dataIngestionStatus":"RespectQuota"},"publicNetworkAccessForIngestion":"Enabled","publicNetworkAccessForQuery":"Enabled","createdDate":"2022-09-16T05:35:44.2747012Z","modifiedDate":"2022-09-16T05:35:44.2747012Z"},"location":"southcentralus","id":"/subscriptions/00000000-0000-0000-0000-000000000000/resourceGroups/clitest.rg000001/providers/Microsoft.OperationalInsights/workspaces/ws000004","name":"ws000004","type":"Microsoft.OperationalInsights/workspaces"}'
    headers:
      access-control-allow-origin:
      - '*'
      api-supported-versions:
      - 2021-12-01-preview
      cache-control:
      - no-cache
      content-length:
      - '831'
      content-type:
      - application/json; charset=utf-8
      date:
      - Fri, 16 Sep 2022 05:35:45 GMT
      expires:
      - '-1'
      location:
      - https://management.azure.com/subscriptions/00000000-0000-0000-0000-000000000000/resourceGroups/clitest.rg000001/providers/Microsoft.OperationalInsights/workspaces/ws000004?api-version=2021-12-01-preview
      pragma:
      - no-cache
      request-context:
      - appId=cid-v1:e6336c63-aab2-45f0-996a-e5dbab2a1508
      server:
      - Microsoft-IIS/10.0
      strict-transport-security:
      - max-age=31536000; includeSubDomains
      x-content-type-options:
      - nosniff
      x-ms-ratelimit-remaining-subscription-writes:
      - '1199'
      x-powered-by:
      - ASP.NET
    status:
      code: 201
      message: Created
- request:
    body: null
    headers:
      Accept:
      - '*/*'
      Accept-Encoding:
      - gzip, deflate
      CommandName:
      - monitor log-analytics workspace create
      Connection:
      - keep-alive
      ParameterSetName:
      - -g -n
      User-Agent:
      - AZURECLI/2.40.0 azsdk-python-mgmt-loganalytics/13.0.0b4 Python/3.10.6 (macOS-12.5.1-x86_64-i386-64bit)
    method: GET
    uri: https://management.azure.com/subscriptions/00000000-0000-0000-0000-000000000000/resourceGroups/clitest.rg000001/providers/Microsoft.OperationalInsights/workspaces/ws000004?api-version=2021-12-01-preview
  response:
    body:
      string: '{"properties":{"customerId":"525120eb-eade-4783-a86d-c6d1fcf27019","provisioningState":"Succeeded","sku":{"name":"PerGB2018","lastSkuUpdate":"2022-09-16T05:35:44.2747012Z"},"retentionInDays":30,"features":{"legacy":0,"searchVersion":1,"enableLogAccessUsingOnlyResourcePermissions":true},"workspaceCapping":{"dailyQuotaGb":-1.0,"quotaNextResetTime":"2022-09-17T01:00:00Z","dataIngestionStatus":"RespectQuota"},"publicNetworkAccessForIngestion":"Enabled","publicNetworkAccessForQuery":"Enabled","createdDate":"2022-09-16T05:35:44.2747012Z","modifiedDate":"2022-09-16T05:35:44.2747012Z"},"location":"southcentralus","id":"/subscriptions/00000000-0000-0000-0000-000000000000/resourceGroups/clitest.rg000001/providers/Microsoft.OperationalInsights/workspaces/ws000004","name":"ws000004","type":"Microsoft.OperationalInsights/workspaces"}'
    headers:
      access-control-allow-origin:
      - '*'
      api-supported-versions:
      - 2021-12-01-preview
      cache-control:
      - no-cache
      content-length:
      - '832'
      content-type:
      - application/json; charset=utf-8
      date:
      - Fri, 16 Sep 2022 05:36:15 GMT
      expires:
      - '-1'
      pragma:
      - no-cache
      request-context:
      - appId=cid-v1:e6336c63-aab2-45f0-996a-e5dbab2a1508
      server:
      - Microsoft-IIS/10.0
      strict-transport-security:
      - max-age=31536000; includeSubDomains
      transfer-encoding:
      - chunked
      vary:
      - Accept-Encoding,Accept-Encoding
      x-content-type-options:
      - nosniff
      x-powered-by:
      - ASP.NET
    status:
      code: 200
      message: OK
- request:
    body: null
    headers:
      Accept:
      - application/json
      Accept-Encoding:
      - gzip, deflate
      CommandName:
      - monitor diagnostic-settings categories list
      Connection:
      - keep-alive
      ParameterSetName:
      - -g --resource-type --resource
      User-Agent:
      - AZURECLI/2.40.0 azsdk-python-azure-mgmt-monitor/4.0.1 Python/3.10.6 (macOS-12.5.1-x86_64-i386-64bit)
    method: GET
    uri: https://management.azure.com/subscriptions/00000000-0000-0000-0000-000000000000/resourceGroups/clitest.rg000001/providers/Microsoft.Network/networkSecurityGroups/nsg000003/providers/Microsoft.Insights/diagnosticSettingsCategories?api-version=2017-05-01-preview
  response:
    body:
      string: '{"value":[{"id":"/subscriptions/00000000-0000-0000-0000-000000000000/resourcegroups/clitest.rg000001/providers/microsoft.network/networksecuritygroups/nsg000003/providers/microsoft.insights/diagnosticSettingsCategories/NetworkSecurityGroupEvent","type":"microsoft.insights/diagnosticSettingsCategories","name":"NetworkSecurityGroupEvent","location":null,"kind":null,"tags":null,"properties":{"categoryType":"Logs"},"identity":null},{"id":"/subscriptions/00000000-0000-0000-0000-000000000000/resourcegroups/clitest.rg000001/providers/microsoft.network/networksecuritygroups/nsg000003/providers/microsoft.insights/diagnosticSettingsCategories/NetworkSecurityGroupRuleCounter","type":"microsoft.insights/diagnosticSettingsCategories","name":"NetworkSecurityGroupRuleCounter","location":null,"kind":null,"tags":null,"properties":{"categoryType":"Logs"},"identity":null}]}'
    headers:
      cache-control:
      - no-cache
      content-length:
      - '867'
      content-type:
      - application/json; charset=utf-8
      date:
      - Fri, 16 Sep 2022 05:36:17 GMT
      expires:
      - '-1'
      pragma:
      - no-cache
      server:
      - Microsoft-IIS/10.0
      strict-transport-security:
      - max-age=31536000; includeSubDomains
      transfer-encoding:
      - chunked
      vary:
      - Accept-Encoding
      x-content-type-options:
      - nosniff
    status:
      code: 200
      message: OK
- request:
    body: null
    headers:
      Accept:
      - application/json
      Accept-Encoding:
      - gzip, deflate
      CommandName:
      - monitor diagnostic-settings categories show
      Connection:
      - keep-alive
      ParameterSetName:
      - -n -g --resource-type --resource
      User-Agent:
      - AZURECLI/2.40.0 azsdk-python-azure-mgmt-monitor/4.0.1 Python/3.10.6 (macOS-12.5.1-x86_64-i386-64bit)
    method: GET
    uri: https://management.azure.com/subscriptions/00000000-0000-0000-0000-000000000000/resourceGroups/clitest.rg000001/providers/Microsoft.Network/networkSecurityGroups/nsg000003/providers/Microsoft.Insights/diagnosticSettingsCategories/NetworkSecurityGroupEvent?api-version=2017-05-01-preview
  response:
    body:
      string: '{"id":"/subscriptions/00000000-0000-0000-0000-000000000000/resourcegroups/clitest.rg000001/providers/microsoft.network/networksecuritygroups/nsg000003/providers/microsoft.insights/diagnosticSettingsCategories/NetworkSecurityGroupEvent","type":"microsoft.insights/diagnosticSettingsCategories","name":"NetworkSecurityGroupEvent","location":null,"kind":null,"tags":null,"properties":{"categoryType":"Logs"},"identity":null}'
    headers:
      cache-control:
      - no-cache
      content-length:
      - '421'
      content-type:
      - application/json; charset=utf-8
      date:
      - Fri, 16 Sep 2022 05:36:20 GMT
      expires:
      - '-1'
      pragma:
      - no-cache
      server:
      - Microsoft-IIS/10.0
      strict-transport-security:
      - max-age=31536000; includeSubDomains
      transfer-encoding:
      - chunked
      vary:
      - Accept-Encoding
      x-content-type-options:
      - nosniff
    status:
      code: 200
      message: OK
- request:
    body: '{"properties": {"storageAccountId": "/subscriptions/00000000-0000-0000-0000-000000000000/resourceGroups/clitest.rg000001/providers/microsoft.Storage/storageAccounts/clitest000002",
      "logs": [{"category": "NetworkSecurityGroupEvent", "enabled": true, "retentionPolicy":
      {"enabled": false, "days": 0}}, {"category": "NetworkSecurityGroupRuleCounter",
      "enabled": true, "retentionPolicy": {"enabled": false, "days": 0}}]}}'
    headers:
      Accept:
      - application/json
      Accept-Encoding:
      - gzip, deflate
      CommandName:
      - monitor diagnostic-settings create
      Connection:
      - keep-alive
      Content-Length:
      - '417'
      Content-Type:
      - application/json
      ParameterSetName:
      - -n --resource --resource-type --resource-group --storage-account --logs -o
      User-Agent:
      - AZURECLI/2.40.0 azsdk-python-azure-mgmt-monitor/4.0.1 Python/3.10.6 (macOS-12.5.1-x86_64-i386-64bit)
    method: PUT
    uri: https://management.azure.com/subscriptions/00000000-0000-0000-0000-000000000000/resourceGroups/clitest.rg000001/providers/Microsoft.Network/networkSecurityGroups/nsg000003/providers/Microsoft.Insights/diagnosticSettings/test01?api-version=2021-05-01-preview
  response:
    body:
      string: '{"id":"/subscriptions/00000000-0000-0000-0000-000000000000/resourcegroups/clitest.rg000001/providers/microsoft.network/networksecuritygroups/nsg000003/providers/microsoft.insights/diagnosticSettings/test01","type":"Microsoft.Insights/diagnosticSettings","name":"test01","location":null,"kind":null,"tags":null,"properties":{"storageAccountId":"/subscriptions/00000000-0000-0000-0000-000000000000/resourceGroups/clitest.rg000001/providers/microsoft.Storage/storageAccounts/clitest000002","serviceBusRuleId":null,"workspaceId":null,"eventHubAuthorizationRuleId":null,"eventHubName":null,"metrics":[],"logs":[{"category":"NetworkSecurityGroupEvent","categoryGroup":null,"enabled":true,"retentionPolicy":{"enabled":false,"days":0}},{"category":"NetworkSecurityGroupRuleCounter","categoryGroup":null,"enabled":true,"retentionPolicy":{"enabled":false,"days":0}}],"logAnalyticsDestinationType":null},"identity":null}'
    headers:
      cache-control:
      - no-cache
      content-length:
      - '909'
      content-type:
      - application/json; charset=utf-8
      date:
      - Fri, 16 Sep 2022 05:36:26 GMT
      expires:
      - '-1'
      pragma:
      - no-cache
      server:
      - Microsoft-IIS/10.0
      strict-transport-security:
      - max-age=31536000; includeSubDomains
      transfer-encoding:
      - chunked
      vary:
      - Accept-Encoding
      x-content-type-options:
      - nosniff
      x-ms-ratelimit-remaining-subscription-resource-requests:
      - '149'
    status:
      code: 200
      message: OK
- request:
    body: null
    headers:
      Accept:
      - application/json
      Accept-Encoding:
      - gzip, deflate
      CommandName:
      - monitor diagnostic-settings list
      Connection:
      - keep-alive
      ParameterSetName:
      - --resource --resource-type --resource-group -o
      User-Agent:
      - AZURECLI/2.40.0 azsdk-python-azure-mgmt-monitor/4.0.1 Python/3.10.6 (macOS-12.5.1-x86_64-i386-64bit)
    method: GET
    uri: https://management.azure.com/subscriptions/00000000-0000-0000-0000-000000000000/resourceGroups/clitest.rg000001/providers/Microsoft.Network/networkSecurityGroups/nsg000003/providers/Microsoft.Insights/diagnosticSettings?api-version=2021-05-01-preview
  response:
    body:
      string: '{"value":[{"id":"/subscriptions/00000000-0000-0000-0000-000000000000/resourcegroups/clitest.rg000001/providers/microsoft.network/networksecuritygroups/nsg000003/providers/microsoft.insights/diagnosticSettings/test01","type":"Microsoft.Insights/diagnosticSettings","name":"test01","location":null,"kind":null,"tags":null,"properties":{"storageAccountId":"/subscriptions/00000000-0000-0000-0000-000000000000/resourceGroups/clitest.rg000001/providers/microsoft.Storage/storageAccounts/clitest000002","serviceBusRuleId":null,"workspaceId":null,"eventHubAuthorizationRuleId":null,"eventHubName":null,"metrics":[],"logs":[{"category":"NetworkSecurityGroupEvent","categoryGroup":null,"enabled":true,"retentionPolicy":{"enabled":false,"days":0}},{"category":"NetworkSecurityGroupRuleCounter","categoryGroup":null,"enabled":true,"retentionPolicy":{"enabled":false,"days":0}}],"logAnalyticsDestinationType":null},"identity":null}]}'
    headers:
      cache-control:
      - no-cache
      content-length:
      - '921'
      content-type:
      - application/json; charset=utf-8
      date:
      - Fri, 16 Sep 2022 05:36:28 GMT
      expires:
      - '-1'
      pragma:
      - no-cache
      server:
      - Microsoft-IIS/10.0
      strict-transport-security:
      - max-age=31536000; includeSubDomains
      transfer-encoding:
      - chunked
      vary:
      - Accept-Encoding
      x-content-type-options:
      - nosniff
    status:
      code: 200
      message: OK
- request:
    body: null
    headers:
      Accept:
      - application/json
      Accept-Encoding:
      - gzip, deflate
      CommandName:
      - monitor diagnostic-settings show
      Connection:
      - keep-alive
      ParameterSetName:
      - -n --resource --resource-type --resource-group -o
      User-Agent:
      - AZURECLI/2.40.0 azsdk-python-azure-mgmt-monitor/4.0.1 Python/3.10.6 (macOS-12.5.1-x86_64-i386-64bit)
    method: GET
    uri: https://management.azure.com/subscriptions/00000000-0000-0000-0000-000000000000/resourceGroups/clitest.rg000001/providers/Microsoft.Network/networkSecurityGroups/nsg000003/providers/Microsoft.Insights/diagnosticSettings/test01?api-version=2021-05-01-preview
  response:
    body:
      string: '{"id":"/subscriptions/00000000-0000-0000-0000-000000000000/resourcegroups/clitest.rg000001/providers/microsoft.network/networksecuritygroups/nsg000003/providers/microsoft.insights/diagnosticSettings/test01","type":"Microsoft.Insights/diagnosticSettings","name":"test01","location":null,"kind":null,"tags":null,"properties":{"storageAccountId":"/subscriptions/00000000-0000-0000-0000-000000000000/resourceGroups/clitest.rg000001/providers/microsoft.Storage/storageAccounts/clitest000002","serviceBusRuleId":null,"workspaceId":null,"eventHubAuthorizationRuleId":null,"eventHubName":null,"metrics":[],"logs":[{"category":"NetworkSecurityGroupEvent","categoryGroup":null,"enabled":true,"retentionPolicy":{"enabled":false,"days":0}},{"category":"NetworkSecurityGroupRuleCounter","categoryGroup":null,"enabled":true,"retentionPolicy":{"enabled":false,"days":0}}],"logAnalyticsDestinationType":null},"identity":null}'
    headers:
      cache-control:
      - no-cache
      content-length:
      - '909'
      content-type:
      - application/json; charset=utf-8
      date:
      - Fri, 16 Sep 2022 05:36:31 GMT
      expires:
      - '-1'
      pragma:
      - no-cache
      server:
      - Microsoft-IIS/10.0
      strict-transport-security:
      - max-age=31536000; includeSubDomains
      transfer-encoding:
      - chunked
      vary:
      - Accept-Encoding
      x-content-type-options:
      - nosniff
    status:
      code: 200
      message: OK
- request:
    body: null
    headers:
      Accept:
      - application/json
      Accept-Encoding:
      - gzip, deflate
      CommandName:
      - monitor diagnostic-settings delete
      Connection:
      - keep-alive
      Content-Length:
      - '0'
      ParameterSetName:
      - -n --resource --resource-type --resource-group -o
      User-Agent:
      - AZURECLI/2.40.0 azsdk-python-azure-mgmt-monitor/4.0.1 Python/3.10.6 (macOS-12.5.1-x86_64-i386-64bit)
    method: DELETE
    uri: https://management.azure.com/subscriptions/00000000-0000-0000-0000-000000000000/resourceGroups/clitest.rg000001/providers/Microsoft.Network/networkSecurityGroups/nsg000003/providers/Microsoft.Insights/diagnosticSettings/test01?api-version=2021-05-01-preview
  response:
    body:
      string: ''
    headers:
      cache-control:
      - no-cache
      content-length:
      - '0'
      date:
      - Fri, 16 Sep 2022 05:36:37 GMT
      expires:
      - '-1'
      pragma:
      - no-cache
      server:
      - Microsoft-IIS/10.0
      strict-transport-security:
      - max-age=31536000; includeSubDomains
      x-content-type-options:
      - nosniff
      x-ms-ratelimit-remaining-subscription-deletes:
      - '14999'
    status:
      code: 200
      message: OK
- request:
    body: null
    headers:
      Accept:
      - application/json
      Accept-Encoding:
      - gzip, deflate
      CommandName:
      - monitor diagnostic-settings list
      Connection:
      - keep-alive
      ParameterSetName:
      - --resource --resource-type --resource-group -o
      User-Agent:
      - AZURECLI/2.40.0 azsdk-python-azure-mgmt-monitor/4.0.1 Python/3.10.6 (macOS-12.5.1-x86_64-i386-64bit)
    method: GET
    uri: https://management.azure.com/subscriptions/00000000-0000-0000-0000-000000000000/resourceGroups/clitest.rg000001/providers/Microsoft.Network/networkSecurityGroups/nsg000003/providers/Microsoft.Insights/diagnosticSettings?api-version=2021-05-01-preview
  response:
    body:
      string: '{"value":[]}'
    headers:
      cache-control:
      - no-cache
      content-length:
      - '12'
      content-type:
      - application/json; charset=utf-8
      date:
      - Fri, 16 Sep 2022 05:36:39 GMT
      expires:
      - '-1'
      pragma:
      - no-cache
      server:
      - Microsoft-IIS/10.0
      strict-transport-security:
      - max-age=31536000; includeSubDomains
      transfer-encoding:
      - chunked
      vary:
      - Accept-Encoding
      x-content-type-options:
      - nosniff
    status:
      code: 200
      message: OK
- request:
    body: '{"properties": {"logs": [{"category": "NetworkSecurityGroupEvent", "enabled":
      true, "retentionPolicy": {"enabled": false, "days": 0}}, {"category": "NetworkSecurityGroupRuleCounter",
      "enabled": true, "retentionPolicy": {"enabled": false, "days": 0}}], "workspaceId":
      "/subscriptions/00000000-0000-0000-0000-000000000000/resourceGroups/clitest.rg000001/providers/microsoft.OperationalInsights/workspaces/ws000004",
      "logAnalyticsDestinationType": "Dedicated"}}'
    headers:
      Accept:
      - application/json
      Accept-Encoding:
      - gzip, deflate
      CommandName:
      - monitor diagnostic-settings create
      Connection:
      - keep-alive
      Content-Length:
      - '458'
      Content-Type:
      - application/json
      ParameterSetName:
      - -n --resource --resource-type --resource-group --workspace --export-to-resource-specific
        --logs -o
      User-Agent:
      - AZURECLI/2.40.0 azsdk-python-azure-mgmt-monitor/4.0.1 Python/3.10.6 (macOS-12.5.1-x86_64-i386-64bit)
    method: PUT
    uri: https://management.azure.com/subscriptions/00000000-0000-0000-0000-000000000000/resourceGroups/clitest.rg000001/providers/Microsoft.Network/networkSecurityGroups/nsg000003/providers/Microsoft.Insights/diagnosticSettings/test02?api-version=2021-05-01-preview
  response:
    body:
      string: '{"id":"/subscriptions/00000000-0000-0000-0000-000000000000/resourcegroups/clitest.rg000001/providers/microsoft.network/networksecuritygroups/nsg000003/providers/microsoft.insights/diagnosticSettings/test02","type":"Microsoft.Insights/diagnosticSettings","name":"test02","location":null,"kind":null,"tags":null,"properties":{"storageAccountId":null,"serviceBusRuleId":null,"workspaceId":"/subscriptions/00000000-0000-0000-0000-000000000000/resourceGroups/clitest.rg000001/providers/microsoft.OperationalInsights/workspaces/ws000004","eventHubAuthorizationRuleId":null,"eventHubName":null,"metrics":[],"logs":[{"category":"NetworkSecurityGroupEvent","categoryGroup":null,"enabled":true,"retentionPolicy":{"enabled":false,"days":0}},{"category":"NetworkSecurityGroupRuleCounter","categoryGroup":null,"enabled":true,"retentionPolicy":{"enabled":false,"days":0}}],"logAnalyticsDestinationType":"Dedicated"},"identity":null}'
    headers:
      cache-control:
      - no-cache
      content-length:
      - '918'
      content-type:
      - application/json; charset=utf-8
      date:
      - Fri, 16 Sep 2022 05:36:45 GMT
      expires:
      - '-1'
      pragma:
      - no-cache
      server:
      - Microsoft-IIS/10.0
      strict-transport-security:
      - max-age=31536000; includeSubDomains
      transfer-encoding:
      - chunked
      vary:
      - Accept-Encoding
      x-content-type-options:
      - nosniff
      x-ms-ratelimit-remaining-subscription-resource-requests:
      - '149'
    status:
      code: 200
      message: OK
version: 1
