interactions:
- request:
    body: null
    headers:
      Accept:
      - application/json
      Accept-Encoding:
      - gzip, deflate
      CommandName:
      - network nsg create
      Connection:
      - keep-alive
      ParameterSetName:
      - -n -g
      User-Agent:
      - AZURECLI/2.69.0 azsdk-python-core/1.31.0 Python/3.12.9 (Windows-10-10.0.19045-SP0)
    method: GET
    uri: https://management.azure.com/subscriptions/00000000-0000-0000-0000-000000000000/resourcegroups/clitest.rg000001?api-version=2022-09-01
  response:
    body:
      string: '{"id":"/subscriptions/00000000-0000-0000-0000-000000000000/resourceGroups/clitest.rg000001","name":"clitest.rg000001","type":"Microsoft.Resources/resourceGroups","location":"southcentralus","tags":{"product":"azurecli","cause":"automation","test":"test_monitor_diagnostic_settings_workspace","date":"2025-02-20T09:59:25Z","module":"monitor","DateCreated":"2025-02-20T09:59:28Z","Creator":"zhiyihuang@microsoft.com"},"properties":{"provisioningState":"Succeeded"}}'
    headers:
      cache-control:
      - no-cache
      content-length:
      - '463'
      content-type:
      - application/json; charset=utf-8
      date:
      - Thu, 20 Feb 2025 09:59:59 GMT
      expires:
      - '-1'
      pragma:
      - no-cache
      strict-transport-security:
      - max-age=31536000; includeSubDomains
      x-content-type-options:
      - nosniff
      x-ms-ratelimit-remaining-subscription-global-reads:
      - '3749'
    status:
      code: 200
      message: OK
- request:
    body: '{"location": "southcentralus"}'
    headers:
      Accept:
      - application/json
      Accept-Encoding:
      - gzip, deflate
      CommandName:
      - network nsg create
      Connection:
      - keep-alive
      Content-Length:
      - '30'
      Content-Type:
      - application/json
      ParameterSetName:
      - -n -g
      User-Agent:
      - AZURECLI/2.69.0 azsdk-python-core/1.31.0 Python/3.12.9 (Windows-10-10.0.19045-SP0)
    method: PUT
    uri: https://management.azure.com/subscriptions/00000000-0000-0000-0000-000000000000/resourceGroups/clitest.rg000001/providers/Microsoft.Network/networkSecurityGroups/nsg000003?api-version=2022-01-01
  response:
    body:
      string: '{"name":"nsg000003","id":"/subscriptions/00000000-0000-0000-0000-000000000000/resourceGroups/clitest.rg000001/providers/Microsoft.Network/networkSecurityGroups/nsg000003","etag":"W/\"6db6275b-36b7-4aa1-8807-07f9229f5001\"","type":"Microsoft.Network/networkSecurityGroups","location":"southcentralus","properties":{"provisioningState":"Updating","resourceGuid":"af646461-b774-4a94-a607-42d5b3909e3c","securityRules":[],"defaultSecurityRules":[{"name":"AllowVnetInBound","id":"/subscriptions/00000000-0000-0000-0000-000000000000/resourceGroups/clitest.rg000001/providers/Microsoft.Network/networkSecurityGroups/nsg000003/defaultSecurityRules/AllowVnetInBound","etag":"W/\"6db6275b-36b7-4aa1-8807-07f9229f5001\"","type":"Microsoft.Network/networkSecurityGroups/defaultSecurityRules","properties":{"provisioningState":"Updating","description":"Allow
        inbound traffic from all VMs in VNET","protocol":"*","sourcePortRange":"*","destinationPortRange":"*","sourceAddressPrefix":"VirtualNetwork","destinationAddressPrefix":"VirtualNetwork","access":"Allow","priority":65000,"direction":"Inbound","sourcePortRanges":[],"destinationPortRanges":[],"sourceAddressPrefixes":[],"destinationAddressPrefixes":[]}},{"name":"AllowAzureLoadBalancerInBound","id":"/subscriptions/00000000-0000-0000-0000-000000000000/resourceGroups/clitest.rg000001/providers/Microsoft.Network/networkSecurityGroups/nsg000003/defaultSecurityRules/AllowAzureLoadBalancerInBound","etag":"W/\"6db6275b-36b7-4aa1-8807-07f9229f5001\"","type":"Microsoft.Network/networkSecurityGroups/defaultSecurityRules","properties":{"provisioningState":"Updating","description":"Allow
        inbound traffic from azure load balancer","protocol":"*","sourcePortRange":"*","destinationPortRange":"*","sourceAddressPrefix":"AzureLoadBalancer","destinationAddressPrefix":"*","access":"Allow","priority":65001,"direction":"Inbound","sourcePortRanges":[],"destinationPortRanges":[],"sourceAddressPrefixes":[],"destinationAddressPrefixes":[]}},{"name":"DenyAllInBound","id":"/subscriptions/00000000-0000-0000-0000-000000000000/resourceGroups/clitest.rg000001/providers/Microsoft.Network/networkSecurityGroups/nsg000003/defaultSecurityRules/DenyAllInBound","etag":"W/\"6db6275b-36b7-4aa1-8807-07f9229f5001\"","type":"Microsoft.Network/networkSecurityGroups/defaultSecurityRules","properties":{"provisioningState":"Updating","description":"Deny
        all inbound traffic","protocol":"*","sourcePortRange":"*","destinationPortRange":"*","sourceAddressPrefix":"*","destinationAddressPrefix":"*","access":"Deny","priority":65500,"direction":"Inbound","sourcePortRanges":[],"destinationPortRanges":[],"sourceAddressPrefixes":[],"destinationAddressPrefixes":[]}},{"name":"AllowVnetOutBound","id":"/subscriptions/00000000-0000-0000-0000-000000000000/resourceGroups/clitest.rg000001/providers/Microsoft.Network/networkSecurityGroups/nsg000003/defaultSecurityRules/AllowVnetOutBound","etag":"W/\"6db6275b-36b7-4aa1-8807-07f9229f5001\"","type":"Microsoft.Network/networkSecurityGroups/defaultSecurityRules","properties":{"provisioningState":"Updating","description":"Allow
        outbound traffic from all VMs to all VMs in VNET","protocol":"*","sourcePortRange":"*","destinationPortRange":"*","sourceAddressPrefix":"VirtualNetwork","destinationAddressPrefix":"VirtualNetwork","access":"Allow","priority":65000,"direction":"Outbound","sourcePortRanges":[],"destinationPortRanges":[],"sourceAddressPrefixes":[],"destinationAddressPrefixes":[]}},{"name":"AllowInternetOutBound","id":"/subscriptions/00000000-0000-0000-0000-000000000000/resourceGroups/clitest.rg000001/providers/Microsoft.Network/networkSecurityGroups/nsg000003/defaultSecurityRules/AllowInternetOutBound","etag":"W/\"6db6275b-36b7-4aa1-8807-07f9229f5001\"","type":"Microsoft.Network/networkSecurityGroups/defaultSecurityRules","properties":{"provisioningState":"Updating","description":"Allow
        outbound traffic from all VMs to Internet","protocol":"*","sourcePortRange":"*","destinationPortRange":"*","sourceAddressPrefix":"*","destinationAddressPrefix":"Internet","access":"Allow","priority":65001,"direction":"Outbound","sourcePortRanges":[],"destinationPortRanges":[],"sourceAddressPrefixes":[],"destinationAddressPrefixes":[]}},{"name":"DenyAllOutBound","id":"/subscriptions/00000000-0000-0000-0000-000000000000/resourceGroups/clitest.rg000001/providers/Microsoft.Network/networkSecurityGroups/nsg000003/defaultSecurityRules/DenyAllOutBound","etag":"W/\"6db6275b-36b7-4aa1-8807-07f9229f5001\"","type":"Microsoft.Network/networkSecurityGroups/defaultSecurityRules","properties":{"provisioningState":"Updating","description":"Deny
        all outbound traffic","protocol":"*","sourcePortRange":"*","destinationPortRange":"*","sourceAddressPrefix":"*","destinationAddressPrefix":"*","access":"Deny","priority":65500,"direction":"Outbound","sourcePortRanges":[],"destinationPortRanges":[],"sourceAddressPrefixes":[],"destinationAddressPrefixes":[]}}]}}'
    headers:
      azure-asyncnotification:
      - Enabled
      azure-asyncoperation:
      - https://management.azure.com/subscriptions/00000000-0000-0000-0000-000000000000/providers/Microsoft.Network/locations/southcentralus/operations/9cd86cec-4b56-4da6-93f8-c04ffaa25911?api-version=2022-01-01&t=638756424015342866&c=MIIHhjCCBm6gAwIBAgITfAaX0D2c-iM1n_047QAABpfQPTANBgkqhkiG9w0BAQsFADBEMRMwEQYKCZImiZPyLGQBGRYDR0JMMRMwEQYKCZImiZPyLGQBGRYDQU1FMRgwFgYDVQQDEw9BTUUgSW5mcmEgQ0EgMDUwHhcNMjUwMTIzMTIzMzI3WhcNMjUwNDIzMTIzMzI3WjBAMT4wPAYDVQQDEzVhc3luY29wZXJhdGlvbnNpZ25pbmdjZXJ0aWZpY2F0ZS5tYW5hZ2VtZW50LmF6dXJlLmNvbTCCASIwDQYJKoZIhvcNAQEBBQADggEPADCCAQoCggEBAMT6cGM0B3y7ALaE-Skle4LGL_KvvE0RUfR5t5rwMeM3CUzeYQjKDViOQv-6ECcNTQ188o9xa72JZw6T10LTAadlAlNEt-D4ZgXojTXXdRtgYN-AZ-uCCkJCPAJEWs5EDD7mSbt4aK42yALzlx5HkO8DReVYve0sKKD5r_M3y_OScnMTmV2SqALMQFfQHE2BCDOEjnPMJyRgh-7NvAqTuj-04DaveAIZSPJ9ljaYUCJ6fuyHJpPPDJvqzMYvVtE8OSAbxMClc2r5faOd2VDJXmbWWCx5jgb6bsGk0OJlSYIWH4DG7ERimIDapcgwLFJy4o8a8bkK0bi9A_5dTellBPUCAwEAAaOCBHMwggRvMCcGCSsGAQQBgjcVCgQaMBgwCgYIKwYBBQUHAwIwCgYIKwYBBQUHAwEwPAYJKwYBBAGCNxUHBC8wLQYlKwYBBAGCNxUIhpDjDYTVtHiE8Ys-hZvdFs6dEoFgh8fIENbYcQIBZAIBBjCCAcsGCCsGAQUFBwEBBIIBvTCCAbkwYwYIKwYBBQUHMAKGV2h0dHA6Ly9jcmwubWljcm9zb2Z0LmNvbS9wa2lpbmZyYS9DZXJ0cy9DTzFQS0lJTlRDQTAxLkFNRS5HQkxfQU1FJTIwSW5mcmElMjBDQSUyMDA1LmNydDBTBggrBgEFBQcwAoZHaHR0cDovL2NybDEuYW1lLmdibC9haWEvQ08xUEtJSU5UQ0EwMS5BTUUuR0JMX0FNRSUyMEluZnJhJTIwQ0ElMjAwNS5jcnQwUwYIKwYBBQUHMAKGR2h0dHA6Ly9jcmwyLmFtZS5nYmwvYWlhL0NPMVBLSUlOVENBMDEuQU1FLkdCTF9BTUUlMjBJbmZyYSUyMENBJTIwMDUuY3J0MFMGCCsGAQUFBzAChkdodHRwOi8vY3JsMy5hbWUuZ2JsL2FpYS9DTzFQS0lJTlRDQTAxLkFNRS5HQkxfQU1FJTIwSW5mcmElMjBDQSUyMDA1LmNydDBTBggrBgEFBQcwAoZHaHR0cDovL2NybDQuYW1lLmdibC9haWEvQ08xUEtJSU5UQ0EwMS5BTUUuR0JMX0FNRSUyMEluZnJhJTIwQ0ElMjAwNS5jcnQwHQYDVR0OBBYEFM-T8L9nIeCFTohGWTDyVFKymXV6MA4GA1UdDwEB_wQEAwIFoDCCASYGA1UdHwSCAR0wggEZMIIBFaCCARGgggENhj9odHRwOi8vY3JsLm1pY3Jvc29mdC5jb20vcGtpaW5mcmEvQ1JML0FNRSUyMEluZnJhJTIwQ0ElMjAwNS5jcmyGMWh0dHA6Ly9jcmwxLmFtZS5nYmwvY3JsL0FNRSUyMEluZnJhJTIwQ0ElMjAwNS5jcmyGMWh0dHA6Ly9jcmwyLmFtZS5nYmwvY3JsL0FNRSUyMEluZnJhJTIwQ0ElMjAwNS5jcmyGMWh0dHA6Ly9jcmwzLmFtZS5nYmwvY3JsL0FNRSUyMEluZnJhJTIwQ0ElMjAwNS5jcmyGMWh0dHA6Ly9jcmw0LmFtZS5nYmwvY3JsL0FNRSUyMEluZnJhJTIwQ0ElMjAwNS5jcmwwgZ0GA1UdIASBlTCBkjAMBgorBgEEAYI3ewEBMGYGCisGAQQBgjd7AgIwWDBWBggrBgEFBQcCAjBKHkgAMwAzAGUAMAAxADkAMgAxAC0ANABkADYANAAtADQAZgA4AGMALQBhADAANQA1AC0ANQBiAGQAYQBmAGYAZAA1AGUAMwAzAGQwDAYKKwYBBAGCN3sDAjAMBgorBgEEAYI3ewQCMB8GA1UdIwQYMBaAFHrWGYUoeWxxdh5g-PNL76IFQhYdMB0GA1UdJQQWMBQGCCsGAQUFBwMCBggrBgEFBQcDATANBgkqhkiG9w0BAQsFAAOCAQEAL5-mSvqTMKZ-yWP_ZT759pg-E4fR6CLCeXO0jrmpqWWL7kI50BvqMxrc_lgbkvtph9Pxa7ubGsAa1Exeoi8qx0ROCtQv-NyhNyDLePoY5JfVD6QGmvlnIziXrlYvbbnilY_vo-wieWJGJhuESMEaTphDiHpFdEuA2NZNxyxXsQV5fUpa2Rls0wrtnmPPIzhMrpswh3rBEnbxvlgC6SUihf90jSN_Hkn0T201tVzyjd5G1RK9QNqmdL0lKL-OZm8rpl-nwepifa5s6-Qa7cwTV2CMjAXPtsPHtNsPXvte52PFBn_dZiXBQN2njTerWOgNEpj5mIZ-nr3-pWeHhqAXSQ&s=uGnJSHTJnKycN5zoD1bXC-8FzC5ERo0r5tiTm0RPUyf0bjhEMWpmCqZeryMPUa25IZuwguPP1ZCOZkaEibSn6r3QW0m13MO4ULgsxUOYjBVg4iqHZP34DZiu0-Tbm481ye38knDHlClebGRB84AXHFAiZazanc68i_Wy4OiSjW2NCuSY_QNoLTEGji7Z8ZFTrbZ9f3h1nmfHEg6gfxsQVYOszMJG_Njt7bE3oVdBo13fHCk9VqXTsWcODwzbyWjh5xs_ASuB7bwcjFTiSGfn0t5WdXE4_pYx_I49Dld2AD8xFKse-FWEb2FXUSupuAe8jNzhm_0Tz4FmwmFM1Y8NjQ&h=ql-6bXF3Bcrzk4q7Sx-aCmYt9aqDwufLxOYeuc2CLxM
      cache-control:
      - no-cache
      content-length:
      - '4912'
      content-type:
      - application/json; charset=utf-8
      date:
      - Thu, 20 Feb 2025 10:00:01 GMT
      expires:
      - '-1'
      pragma:
      - no-cache
      server:
      - Microsoft-HTTPAPI/2.0
      - Microsoft-HTTPAPI/2.0
      strict-transport-security:
      - max-age=31536000; includeSubDomains
      x-content-type-options:
      - nosniff
      x-ms-arm-service-request-id:
      - d9aa52ae-ff7c-476f-a134-31e83debe759
      x-ms-operation-identifier:
      - tenantId=54826b22-38d6-4fb2-bad9-b7b93a3e9c5a,objectId=a7250e3a-0e5e-48e2-9a34-45f1f5e1a91e/eastus2euap/4b07f270-d987-433c-a7a2-a8990eb78121
      x-ms-ratelimit-remaining-subscription-global-writes:
      - '2999'
      x-ms-ratelimit-remaining-subscription-writes:
      - '199'
    status:
      code: 201
      message: Created
- request:
    body: null
    headers:
      Accept:
      - '*/*'
      Accept-Encoding:
      - gzip, deflate
      CommandName:
      - network nsg create
      Connection:
      - keep-alive
      ParameterSetName:
      - -n -g
      User-Agent:
      - AZURECLI/2.69.0 azsdk-python-core/1.31.0 Python/3.12.9 (Windows-10-10.0.19045-SP0)
    method: GET
    uri: https://management.azure.com/subscriptions/00000000-0000-0000-0000-000000000000/providers/Microsoft.Network/locations/southcentralus/operations/9cd86cec-4b56-4da6-93f8-c04ffaa25911?api-version=2022-01-01&t=638756424015342866&c=MIIHhjCCBm6gAwIBAgITfAaX0D2c-iM1n_047QAABpfQPTANBgkqhkiG9w0BAQsFADBEMRMwEQYKCZImiZPyLGQBGRYDR0JMMRMwEQYKCZImiZPyLGQBGRYDQU1FMRgwFgYDVQQDEw9BTUUgSW5mcmEgQ0EgMDUwHhcNMjUwMTIzMTIzMzI3WhcNMjUwNDIzMTIzMzI3WjBAMT4wPAYDVQQDEzVhc3luY29wZXJhdGlvbnNpZ25pbmdjZXJ0aWZpY2F0ZS5tYW5hZ2VtZW50LmF6dXJlLmNvbTCCASIwDQYJKoZIhvcNAQEBBQADggEPADCCAQoCggEBAMT6cGM0B3y7ALaE-Skle4LGL_KvvE0RUfR5t5rwMeM3CUzeYQjKDViOQv-6ECcNTQ188o9xa72JZw6T10LTAadlAlNEt-D4ZgXojTXXdRtgYN-AZ-uCCkJCPAJEWs5EDD7mSbt4aK42yALzlx5HkO8DReVYve0sKKD5r_M3y_OScnMTmV2SqALMQFfQHE2BCDOEjnPMJyRgh-7NvAqTuj-04DaveAIZSPJ9ljaYUCJ6fuyHJpPPDJvqzMYvVtE8OSAbxMClc2r5faOd2VDJXmbWWCx5jgb6bsGk0OJlSYIWH4DG7ERimIDapcgwLFJy4o8a8bkK0bi9A_5dTellBPUCAwEAAaOCBHMwggRvMCcGCSsGAQQBgjcVCgQaMBgwCgYIKwYBBQUHAwIwCgYIKwYBBQUHAwEwPAYJKwYBBAGCNxUHBC8wLQYlKwYBBAGCNxUIhpDjDYTVtHiE8Ys-hZvdFs6dEoFgh8fIENbYcQIBZAIBBjCCAcsGCCsGAQUFBwEBBIIBvTCCAbkwYwYIKwYBBQUHMAKGV2h0dHA6Ly9jcmwubWljcm9zb2Z0LmNvbS9wa2lpbmZyYS9DZXJ0cy9DTzFQS0lJTlRDQTAxLkFNRS5HQkxfQU1FJTIwSW5mcmElMjBDQSUyMDA1LmNydDBTBggrBgEFBQcwAoZHaHR0cDovL2NybDEuYW1lLmdibC9haWEvQ08xUEtJSU5UQ0EwMS5BTUUuR0JMX0FNRSUyMEluZnJhJTIwQ0ElMjAwNS5jcnQwUwYIKwYBBQUHMAKGR2h0dHA6Ly9jcmwyLmFtZS5nYmwvYWlhL0NPMVBLSUlOVENBMDEuQU1FLkdCTF9BTUUlMjBJbmZyYSUyMENBJTIwMDUuY3J0MFMGCCsGAQUFBzAChkdodHRwOi8vY3JsMy5hbWUuZ2JsL2FpYS9DTzFQS0lJTlRDQTAxLkFNRS5HQkxfQU1FJTIwSW5mcmElMjBDQSUyMDA1LmNydDBTBggrBgEFBQcwAoZHaHR0cDovL2NybDQuYW1lLmdibC9haWEvQ08xUEtJSU5UQ0EwMS5BTUUuR0JMX0FNRSUyMEluZnJhJTIwQ0ElMjAwNS5jcnQwHQYDVR0OBBYEFM-T8L9nIeCFTohGWTDyVFKymXV6MA4GA1UdDwEB_wQEAwIFoDCCASYGA1UdHwSCAR0wggEZMIIBFaCCARGgggENhj9odHRwOi8vY3JsLm1pY3Jvc29mdC5jb20vcGtpaW5mcmEvQ1JML0FNRSUyMEluZnJhJTIwQ0ElMjAwNS5jcmyGMWh0dHA6Ly9jcmwxLmFtZS5nYmwvY3JsL0FNRSUyMEluZnJhJTIwQ0ElMjAwNS5jcmyGMWh0dHA6Ly9jcmwyLmFtZS5nYmwvY3JsL0FNRSUyMEluZnJhJTIwQ0ElMjAwNS5jcmyGMWh0dHA6Ly9jcmwzLmFtZS5nYmwvY3JsL0FNRSUyMEluZnJhJTIwQ0ElMjAwNS5jcmyGMWh0dHA6Ly9jcmw0LmFtZS5nYmwvY3JsL0FNRSUyMEluZnJhJTIwQ0ElMjAwNS5jcmwwgZ0GA1UdIASBlTCBkjAMBgorBgEEAYI3ewEBMGYGCisGAQQBgjd7AgIwWDBWBggrBgEFBQcCAjBKHkgAMwAzAGUAMAAxADkAMgAxAC0ANABkADYANAAtADQAZgA4AGMALQBhADAANQA1AC0ANQBiAGQAYQBmAGYAZAA1AGUAMwAzAGQwDAYKKwYBBAGCN3sDAjAMBgorBgEEAYI3ewQCMB8GA1UdIwQYMBaAFHrWGYUoeWxxdh5g-PNL76IFQhYdMB0GA1UdJQQWMBQGCCsGAQUFBwMCBggrBgEFBQcDATANBgkqhkiG9w0BAQsFAAOCAQEAL5-mSvqTMKZ-yWP_ZT759pg-E4fR6CLCeXO0jrmpqWWL7kI50BvqMxrc_lgbkvtph9Pxa7ubGsAa1Exeoi8qx0ROCtQv-NyhNyDLePoY5JfVD6QGmvlnIziXrlYvbbnilY_vo-wieWJGJhuESMEaTphDiHpFdEuA2NZNxyxXsQV5fUpa2Rls0wrtnmPPIzhMrpswh3rBEnbxvlgC6SUihf90jSN_Hkn0T201tVzyjd5G1RK9QNqmdL0lKL-OZm8rpl-nwepifa5s6-Qa7cwTV2CMjAXPtsPHtNsPXvte52PFBn_dZiXBQN2njTerWOgNEpj5mIZ-nr3-pWeHhqAXSQ&s=uGnJSHTJnKycN5zoD1bXC-8FzC5ERo0r5tiTm0RPUyf0bjhEMWpmCqZeryMPUa25IZuwguPP1ZCOZkaEibSn6r3QW0m13MO4ULgsxUOYjBVg4iqHZP34DZiu0-Tbm481ye38knDHlClebGRB84AXHFAiZazanc68i_Wy4OiSjW2NCuSY_QNoLTEGji7Z8ZFTrbZ9f3h1nmfHEg6gfxsQVYOszMJG_Njt7bE3oVdBo13fHCk9VqXTsWcODwzbyWjh5xs_ASuB7bwcjFTiSGfn0t5WdXE4_pYx_I49Dld2AD8xFKse-FWEb2FXUSupuAe8jNzhm_0Tz4FmwmFM1Y8NjQ&h=ql-6bXF3Bcrzk4q7Sx-aCmYt9aqDwufLxOYeuc2CLxM
  response:
    body:
      string: '{"status":"Succeeded"}'
    headers:
      cache-control:
      - no-cache
      content-length:
      - '22'
      content-type:
      - application/json; charset=utf-8
      date:
      - Thu, 20 Feb 2025 10:00:01 GMT
      expires:
      - '-1'
      pragma:
      - no-cache
      server:
      - Microsoft-HTTPAPI/2.0
      - Microsoft-HTTPAPI/2.0
      strict-transport-security:
      - max-age=31536000; includeSubDomains
      x-content-type-options:
      - nosniff
      x-ms-arm-service-request-id:
      - 56e8ad2e-2626-41ec-ba52-3cd0a747b33a
      x-ms-operation-identifier:
      - tenantId=54826b22-38d6-4fb2-bad9-b7b93a3e9c5a,objectId=a7250e3a-0e5e-48e2-9a34-45f1f5e1a91e/eastus2euap/75577456-46a1-4391-a168-152306741e47
      x-ms-ratelimit-remaining-subscription-global-reads:
      - '3748'
    status:
      code: 200
      message: OK
- request:
    body: null
    headers:
      Accept:
      - '*/*'
      Accept-Encoding:
      - gzip, deflate
      CommandName:
      - network nsg create
      Connection:
      - keep-alive
      ParameterSetName:
      - -n -g
      User-Agent:
      - AZURECLI/2.69.0 azsdk-python-core/1.31.0 Python/3.12.9 (Windows-10-10.0.19045-SP0)
    method: GET
    uri: https://management.azure.com/subscriptions/00000000-0000-0000-0000-000000000000/resourceGroups/clitest.rg000001/providers/Microsoft.Network/networkSecurityGroups/nsg000003?api-version=2022-01-01
  response:
    body:
      string: '{"name":"nsg000003","id":"/subscriptions/00000000-0000-0000-0000-000000000000/resourceGroups/clitest.rg000001/providers/Microsoft.Network/networkSecurityGroups/nsg000003","etag":"W/\"4e984482-3923-4d3c-a8c2-319a07a48584\"","type":"Microsoft.Network/networkSecurityGroups","location":"southcentralus","properties":{"provisioningState":"Succeeded","resourceGuid":"af646461-b774-4a94-a607-42d5b3909e3c","securityRules":[],"defaultSecurityRules":[{"name":"AllowVnetInBound","id":"/subscriptions/00000000-0000-0000-0000-000000000000/resourceGroups/clitest.rg000001/providers/Microsoft.Network/networkSecurityGroups/nsg000003/defaultSecurityRules/AllowVnetInBound","etag":"W/\"4e984482-3923-4d3c-a8c2-319a07a48584\"","type":"Microsoft.Network/networkSecurityGroups/defaultSecurityRules","properties":{"provisioningState":"Succeeded","description":"Allow
        inbound traffic from all VMs in VNET","protocol":"*","sourcePortRange":"*","destinationPortRange":"*","sourceAddressPrefix":"VirtualNetwork","destinationAddressPrefix":"VirtualNetwork","access":"Allow","priority":65000,"direction":"Inbound","sourcePortRanges":[],"destinationPortRanges":[],"sourceAddressPrefixes":[],"destinationAddressPrefixes":[]}},{"name":"AllowAzureLoadBalancerInBound","id":"/subscriptions/00000000-0000-0000-0000-000000000000/resourceGroups/clitest.rg000001/providers/Microsoft.Network/networkSecurityGroups/nsg000003/defaultSecurityRules/AllowAzureLoadBalancerInBound","etag":"W/\"4e984482-3923-4d3c-a8c2-319a07a48584\"","type":"Microsoft.Network/networkSecurityGroups/defaultSecurityRules","properties":{"provisioningState":"Succeeded","description":"Allow
        inbound traffic from azure load balancer","protocol":"*","sourcePortRange":"*","destinationPortRange":"*","sourceAddressPrefix":"AzureLoadBalancer","destinationAddressPrefix":"*","access":"Allow","priority":65001,"direction":"Inbound","sourcePortRanges":[],"destinationPortRanges":[],"sourceAddressPrefixes":[],"destinationAddressPrefixes":[]}},{"name":"DenyAllInBound","id":"/subscriptions/00000000-0000-0000-0000-000000000000/resourceGroups/clitest.rg000001/providers/Microsoft.Network/networkSecurityGroups/nsg000003/defaultSecurityRules/DenyAllInBound","etag":"W/\"4e984482-3923-4d3c-a8c2-319a07a48584\"","type":"Microsoft.Network/networkSecurityGroups/defaultSecurityRules","properties":{"provisioningState":"Succeeded","description":"Deny
        all inbound traffic","protocol":"*","sourcePortRange":"*","destinationPortRange":"*","sourceAddressPrefix":"*","destinationAddressPrefix":"*","access":"Deny","priority":65500,"direction":"Inbound","sourcePortRanges":[],"destinationPortRanges":[],"sourceAddressPrefixes":[],"destinationAddressPrefixes":[]}},{"name":"AllowVnetOutBound","id":"/subscriptions/00000000-0000-0000-0000-000000000000/resourceGroups/clitest.rg000001/providers/Microsoft.Network/networkSecurityGroups/nsg000003/defaultSecurityRules/AllowVnetOutBound","etag":"W/\"4e984482-3923-4d3c-a8c2-319a07a48584\"","type":"Microsoft.Network/networkSecurityGroups/defaultSecurityRules","properties":{"provisioningState":"Succeeded","description":"Allow
        outbound traffic from all VMs to all VMs in VNET","protocol":"*","sourcePortRange":"*","destinationPortRange":"*","sourceAddressPrefix":"VirtualNetwork","destinationAddressPrefix":"VirtualNetwork","access":"Allow","priority":65000,"direction":"Outbound","sourcePortRanges":[],"destinationPortRanges":[],"sourceAddressPrefixes":[],"destinationAddressPrefixes":[]}},{"name":"AllowInternetOutBound","id":"/subscriptions/00000000-0000-0000-0000-000000000000/resourceGroups/clitest.rg000001/providers/Microsoft.Network/networkSecurityGroups/nsg000003/defaultSecurityRules/AllowInternetOutBound","etag":"W/\"4e984482-3923-4d3c-a8c2-319a07a48584\"","type":"Microsoft.Network/networkSecurityGroups/defaultSecurityRules","properties":{"provisioningState":"Succeeded","description":"Allow
        outbound traffic from all VMs to Internet","protocol":"*","sourcePortRange":"*","destinationPortRange":"*","sourceAddressPrefix":"*","destinationAddressPrefix":"Internet","access":"Allow","priority":65001,"direction":"Outbound","sourcePortRanges":[],"destinationPortRanges":[],"sourceAddressPrefixes":[],"destinationAddressPrefixes":[]}},{"name":"DenyAllOutBound","id":"/subscriptions/00000000-0000-0000-0000-000000000000/resourceGroups/clitest.rg000001/providers/Microsoft.Network/networkSecurityGroups/nsg000003/defaultSecurityRules/DenyAllOutBound","etag":"W/\"4e984482-3923-4d3c-a8c2-319a07a48584\"","type":"Microsoft.Network/networkSecurityGroups/defaultSecurityRules","properties":{"provisioningState":"Succeeded","description":"Deny
        all outbound traffic","protocol":"*","sourcePortRange":"*","destinationPortRange":"*","sourceAddressPrefix":"*","destinationAddressPrefix":"*","access":"Deny","priority":65500,"direction":"Outbound","sourcePortRanges":[],"destinationPortRanges":[],"sourceAddressPrefixes":[],"destinationAddressPrefixes":[]}}]}}'
    headers:
      cache-control:
      - no-cache
      content-length:
      - '4919'
      content-type:
      - application/json; charset=utf-8
      date:
      - Thu, 20 Feb 2025 10:00:02 GMT
      etag:
      - W/"4e984482-3923-4d3c-a8c2-319a07a48584"
      expires:
      - '-1'
      pragma:
      - no-cache
      server:
      - Microsoft-HTTPAPI/2.0
      - Microsoft-HTTPAPI/2.0
      strict-transport-security:
      - max-age=31536000; includeSubDomains
      x-content-type-options:
      - nosniff
      x-ms-arm-service-request-id:
      - aa6ab29d-f070-4525-aa5a-4aa39b14d1fb
      x-ms-ratelimit-remaining-subscription-global-reads:
      - '3747'
    status:
      code: 200
      message: OK
- request:
    body: null
    headers:
      Accept:
      - application/json
      Accept-Encoding:
      - gzip, deflate
      CommandName:
      - network nsg show
      Connection:
      - keep-alive
      ParameterSetName:
      - -n -g
      User-Agent:
      - AZURECLI/2.69.0 azsdk-python-core/1.31.0 Python/3.12.9 (Windows-10-10.0.19045-SP0)
    method: GET
    uri: https://management.azure.com/subscriptions/00000000-0000-0000-0000-000000000000/resourceGroups/clitest.rg000001/providers/Microsoft.Network/networkSecurityGroups/nsg000003?api-version=2022-01-01
  response:
    body:
      string: '{"name":"nsg000003","id":"/subscriptions/00000000-0000-0000-0000-000000000000/resourceGroups/clitest.rg000001/providers/Microsoft.Network/networkSecurityGroups/nsg000003","etag":"W/\"4e984482-3923-4d3c-a8c2-319a07a48584\"","type":"Microsoft.Network/networkSecurityGroups","location":"southcentralus","properties":{"provisioningState":"Succeeded","resourceGuid":"af646461-b774-4a94-a607-42d5b3909e3c","securityRules":[],"defaultSecurityRules":[{"name":"AllowVnetInBound","id":"/subscriptions/00000000-0000-0000-0000-000000000000/resourceGroups/clitest.rg000001/providers/Microsoft.Network/networkSecurityGroups/nsg000003/defaultSecurityRules/AllowVnetInBound","etag":"W/\"4e984482-3923-4d3c-a8c2-319a07a48584\"","type":"Microsoft.Network/networkSecurityGroups/defaultSecurityRules","properties":{"provisioningState":"Succeeded","description":"Allow
        inbound traffic from all VMs in VNET","protocol":"*","sourcePortRange":"*","destinationPortRange":"*","sourceAddressPrefix":"VirtualNetwork","destinationAddressPrefix":"VirtualNetwork","access":"Allow","priority":65000,"direction":"Inbound","sourcePortRanges":[],"destinationPortRanges":[],"sourceAddressPrefixes":[],"destinationAddressPrefixes":[]}},{"name":"AllowAzureLoadBalancerInBound","id":"/subscriptions/00000000-0000-0000-0000-000000000000/resourceGroups/clitest.rg000001/providers/Microsoft.Network/networkSecurityGroups/nsg000003/defaultSecurityRules/AllowAzureLoadBalancerInBound","etag":"W/\"4e984482-3923-4d3c-a8c2-319a07a48584\"","type":"Microsoft.Network/networkSecurityGroups/defaultSecurityRules","properties":{"provisioningState":"Succeeded","description":"Allow
        inbound traffic from azure load balancer","protocol":"*","sourcePortRange":"*","destinationPortRange":"*","sourceAddressPrefix":"AzureLoadBalancer","destinationAddressPrefix":"*","access":"Allow","priority":65001,"direction":"Inbound","sourcePortRanges":[],"destinationPortRanges":[],"sourceAddressPrefixes":[],"destinationAddressPrefixes":[]}},{"name":"DenyAllInBound","id":"/subscriptions/00000000-0000-0000-0000-000000000000/resourceGroups/clitest.rg000001/providers/Microsoft.Network/networkSecurityGroups/nsg000003/defaultSecurityRules/DenyAllInBound","etag":"W/\"4e984482-3923-4d3c-a8c2-319a07a48584\"","type":"Microsoft.Network/networkSecurityGroups/defaultSecurityRules","properties":{"provisioningState":"Succeeded","description":"Deny
        all inbound traffic","protocol":"*","sourcePortRange":"*","destinationPortRange":"*","sourceAddressPrefix":"*","destinationAddressPrefix":"*","access":"Deny","priority":65500,"direction":"Inbound","sourcePortRanges":[],"destinationPortRanges":[],"sourceAddressPrefixes":[],"destinationAddressPrefixes":[]}},{"name":"AllowVnetOutBound","id":"/subscriptions/00000000-0000-0000-0000-000000000000/resourceGroups/clitest.rg000001/providers/Microsoft.Network/networkSecurityGroups/nsg000003/defaultSecurityRules/AllowVnetOutBound","etag":"W/\"4e984482-3923-4d3c-a8c2-319a07a48584\"","type":"Microsoft.Network/networkSecurityGroups/defaultSecurityRules","properties":{"provisioningState":"Succeeded","description":"Allow
        outbound traffic from all VMs to all VMs in VNET","protocol":"*","sourcePortRange":"*","destinationPortRange":"*","sourceAddressPrefix":"VirtualNetwork","destinationAddressPrefix":"VirtualNetwork","access":"Allow","priority":65000,"direction":"Outbound","sourcePortRanges":[],"destinationPortRanges":[],"sourceAddressPrefixes":[],"destinationAddressPrefixes":[]}},{"name":"AllowInternetOutBound","id":"/subscriptions/00000000-0000-0000-0000-000000000000/resourceGroups/clitest.rg000001/providers/Microsoft.Network/networkSecurityGroups/nsg000003/defaultSecurityRules/AllowInternetOutBound","etag":"W/\"4e984482-3923-4d3c-a8c2-319a07a48584\"","type":"Microsoft.Network/networkSecurityGroups/defaultSecurityRules","properties":{"provisioningState":"Succeeded","description":"Allow
        outbound traffic from all VMs to Internet","protocol":"*","sourcePortRange":"*","destinationPortRange":"*","sourceAddressPrefix":"*","destinationAddressPrefix":"Internet","access":"Allow","priority":65001,"direction":"Outbound","sourcePortRanges":[],"destinationPortRanges":[],"sourceAddressPrefixes":[],"destinationAddressPrefixes":[]}},{"name":"DenyAllOutBound","id":"/subscriptions/00000000-0000-0000-0000-000000000000/resourceGroups/clitest.rg000001/providers/Microsoft.Network/networkSecurityGroups/nsg000003/defaultSecurityRules/DenyAllOutBound","etag":"W/\"4e984482-3923-4d3c-a8c2-319a07a48584\"","type":"Microsoft.Network/networkSecurityGroups/defaultSecurityRules","properties":{"provisioningState":"Succeeded","description":"Deny
        all outbound traffic","protocol":"*","sourcePortRange":"*","destinationPortRange":"*","sourceAddressPrefix":"*","destinationAddressPrefix":"*","access":"Deny","priority":65500,"direction":"Outbound","sourcePortRanges":[],"destinationPortRanges":[],"sourceAddressPrefixes":[],"destinationAddressPrefixes":[]}}]}}'
    headers:
      cache-control:
      - no-cache
      content-length:
      - '4919'
      content-type:
      - application/json; charset=utf-8
      date:
      - Thu, 20 Feb 2025 10:00:03 GMT
      etag:
      - W/"4e984482-3923-4d3c-a8c2-319a07a48584"
      expires:
      - '-1'
      pragma:
      - no-cache
      server:
      - Microsoft-HTTPAPI/2.0
      - Microsoft-HTTPAPI/2.0
      strict-transport-security:
      - max-age=31536000; includeSubDomains
      x-content-type-options:
      - nosniff
      x-ms-arm-service-request-id:
      - 21762808-781e-4bbc-914a-dee0455b20ed
      x-ms-ratelimit-remaining-subscription-global-reads:
      - '3748'
    status:
      code: 200
      message: OK
- request:
    body: null
    headers:
      Accept:
      - application/json
      Accept-Encoding:
      - gzip, deflate
      CommandName:
      - monitor log-analytics workspace create
      Connection:
      - keep-alive
      ParameterSetName:
      - -g -n
      User-Agent:
      - AZURECLI/2.69.0 azsdk-python-core/1.31.0 Python/3.12.9 (Windows-10-10.0.19045-SP0)
    method: GET
    uri: https://management.azure.com/subscriptions/00000000-0000-0000-0000-000000000000/resourcegroups/clitest.rg000001?api-version=2022-09-01
  response:
    body:
      string: '{"id":"/subscriptions/00000000-0000-0000-0000-000000000000/resourceGroups/clitest.rg000001","name":"clitest.rg000001","type":"Microsoft.Resources/resourceGroups","location":"southcentralus","tags":{"product":"azurecli","cause":"automation","test":"test_monitor_diagnostic_settings_workspace","date":"2025-02-20T09:59:25Z","module":"monitor","DateCreated":"2025-02-20T09:59:28Z","Creator":"zhiyihuang@microsoft.com"},"properties":{"provisioningState":"Succeeded"}}'
    headers:
      cache-control:
      - no-cache
      content-length:
      - '463'
      content-type:
      - application/json; charset=utf-8
      date:
      - Thu, 20 Feb 2025 10:00:05 GMT
      expires:
      - '-1'
      pragma:
      - no-cache
      strict-transport-security:
      - max-age=31536000; includeSubDomains
      x-content-type-options:
      - nosniff
      x-ms-ratelimit-remaining-subscription-global-reads:
      - '3749'
    status:
      code: 200
      message: OK
- request:
    body: '{"location": "southcentralus", "properties": {"publicNetworkAccessForIngestion":
      "Enabled", "publicNetworkAccessForQuery": "Enabled", "retentionInDays": 30,
      "sku": {"name": "PerGB2018"}}}'
    headers:
      Accept:
      - application/json
      Accept-Encoding:
      - gzip, deflate
      CommandName:
      - monitor log-analytics workspace create
      Connection:
      - keep-alive
      Content-Length:
      - '187'
      Content-Type:
      - application/json
      ParameterSetName:
      - -g -n
      User-Agent:
      - AZURECLI/2.69.0 azsdk-python-core/1.31.0 Python/3.12.9 (Windows-10-10.0.19045-SP0)
    method: PUT
    uri: https://management.azure.com/subscriptions/00000000-0000-0000-0000-000000000000/resourcegroups/clitest.rg000001/providers/Microsoft.OperationalInsights/workspaces/ws000004?api-version=2023-09-01
  response:
    body:
      string: '{"properties":{"customerId":"a6cc6146-0622-4eb3-85e2-597404a77758","provisioningState":"Creating","sku":{"name":"PerGB2018","lastSkuUpdate":"2025-02-20T10:00:07.5628309Z"},"retentionInDays":30,"features":{"legacy":0,"searchVersion":1,"enableLogAccessUsingOnlyResourcePermissions":true},"workspaceCapping":{"dailyQuotaGb":-1.0,"quotaNextResetTime":"2025-02-21T04:00:00Z","dataIngestionStatus":"RespectQuota"},"publicNetworkAccessForIngestion":"Enabled","publicNetworkAccessForQuery":"Enabled","createdDate":"2025-02-20T10:00:07.5628309Z","modifiedDate":"2025-02-20T10:00:07.5628309Z"},"location":"southcentralus","id":"/subscriptions/00000000-0000-0000-0000-000000000000/resourceGroups/clitest.rg000001/providers/Microsoft.OperationalInsights/workspaces/ws000004","name":"ws000004","type":"Microsoft.OperationalInsights/workspaces","etag":"\"b105b37d-0000-0500-0000-67b6fd270000\""}'
    headers:
      access-control-allow-origin:
      - '*'
      api-supported-versions:
      - 2015-03-20, 2020-08-01, 2020-10-01, 2021-06-01, 2022-10-01, 2023-09-01, 2025-02-01,
        2025-04-01
      cache-control:
      - no-cache
      content-length:
      - '881'
      content-type:
      - application/json; charset=utf-8
      date:
      - Thu, 20 Feb 2025 10:00:07 GMT
      expires:
      - '-1'
      location:
      - https://management.azure.com/subscriptions/00000000-0000-0000-0000-000000000000/resourceGroups/clitest.rg000001/providers/Microsoft.OperationalInsights/workspaces/ws000004?api-version=2023-09-01
      pragma:
      - no-cache
      request-context:
      - appId=cid-v1:e6336c63-aab2-45f0-996a-e5dbab2a1508
      strict-transport-security:
      - max-age=31536000; includeSubDomains
      x-content-type-options:
      - nosniff
      x-ms-operation-identifier:
      - tenantId=54826b22-38d6-4fb2-bad9-b7b93a3e9c5a,objectId=a7250e3a-0e5e-48e2-9a34-45f1f5e1a91e/eastus2euap/8c6f5867-2317-42d8-b876-8ee6196ee779
      x-ms-ratelimit-remaining-subscription-global-writes:
      - '2999'
      x-ms-ratelimit-remaining-subscription-writes:
      - '199'
    status:
      code: 201
      message: Created
- request:
    body: null
    headers:
      Accept:
      - '*/*'
      Accept-Encoding:
      - gzip, deflate
      CommandName:
      - monitor log-analytics workspace create
      Connection:
      - keep-alive
      ParameterSetName:
      - -g -n
      User-Agent:
      - AZURECLI/2.69.0 azsdk-python-core/1.31.0 Python/3.12.9 (Windows-10-10.0.19045-SP0)
    method: GET
    uri: https://management.azure.com/subscriptions/00000000-0000-0000-0000-000000000000/resourceGroups/clitest.rg000001/providers/Microsoft.OperationalInsights/workspaces/ws000004?api-version=2023-09-01
  response:
    body:
      string: '{"properties":{"customerId":"a6cc6146-0622-4eb3-85e2-597404a77758","provisioningState":"Creating","sku":{"name":"PerGB2018","lastSkuUpdate":"2025-02-20T10:00:07.5628309Z"},"retentionInDays":30,"features":{"legacy":0,"searchVersion":1,"enableLogAccessUsingOnlyResourcePermissions":true},"workspaceCapping":{"dailyQuotaGb":-1.0,"quotaNextResetTime":"2025-02-21T04:00:00Z","dataIngestionStatus":"RespectQuota"},"publicNetworkAccessForIngestion":"Enabled","publicNetworkAccessForQuery":"Enabled","createdDate":"2025-02-20T10:00:07.5628309Z","modifiedDate":"2025-02-20T10:00:07.5628309Z"},"location":"southcentralus","id":"/subscriptions/00000000-0000-0000-0000-000000000000/resourceGroups/clitest.rg000001/providers/Microsoft.OperationalInsights/workspaces/ws000004","name":"ws000004","type":"Microsoft.OperationalInsights/workspaces","etag":"\"b105b37d-0000-0500-0000-67b6fd270000\""}'
    headers:
      access-control-allow-origin:
      - '*'
      api-supported-versions:
      - 2015-03-20, 2020-08-01, 2020-10-01, 2021-06-01, 2022-10-01, 2023-09-01, 2025-02-01,
        2025-04-01
      cache-control:
      - no-cache
      content-length:
      - '881'
      content-type:
      - application/json; charset=utf-8
      date:
      - Thu, 20 Feb 2025 10:00:07 GMT
      expires:
      - '-1'
      pragma:
      - no-cache
      request-context:
      - appId=cid-v1:e6336c63-aab2-45f0-996a-e5dbab2a1508
      strict-transport-security:
      - max-age=31536000; includeSubDomains
      x-content-type-options:
      - nosniff
      x-ms-ratelimit-remaining-subscription-global-reads:
      - '3748'
    status:
      code: 200
      message: OK
- request:
    body: '{"properties": {"logAnalyticsDestinationType": "Dedicated", "storageAccountId":
      "/subscriptions/00000000-0000-0000-0000-000000000000/resourceGroups/clitest.rg000001/providers/microsoft.Storage/storageAccounts/clitest000002",
      "workspaceId": "/subscriptions/00000000-0000-0000-0000-000000000000/resourceGroups/clitest.rg000001/providers/microsoft.OperationalInsights/workspaces/ws000004"}}'
    headers:
      Accept:
      - application/json
      Accept-Encoding:
      - gzip, deflate
      CommandName:
      - monitor diagnostic-settings create
      Connection:
      - keep-alive
      Content-Length:
      - '387'
      Content-Type:
      - application/json
      ParameterSetName:
      - -n --resource --storage-account --workspace --export-to-resource-specific
        -o
      User-Agent:
      - AZURECLI/2.69.0 azsdk-python-core/1.31.0 Python/3.12.9 (Windows-10-10.0.19045-SP0)
    method: PUT
    uri: https://management.azure.com/subscriptions/00000000-0000-0000-0000-000000000000/resourceGroups/clitest.rg000001/providers/Microsoft.Network/networkSecurityGroups/nsg000003/providers/Microsoft.Insights/diagnosticSettings/test01?api-version=2021-05-01-preview
  response:
    body:
      string: '{"id":"/subscriptions/00000000-0000-0000-0000-000000000000/resourcegroups/clitest.rg000001/providers/microsoft.network/networksecuritygroups/nsg000003/providers/microsoft.insights/diagnosticSettings/test01","type":"Microsoft.Insights/diagnosticSettings","name":"test01","location":null,"kind":null,"tags":null,"properties":{"storageAccountId":"/subscriptions/00000000-0000-0000-0000-000000000000/resourceGroups/clitest.rg000001/providers/microsoft.Storage/storageAccounts/clitest000002","serviceBusRuleId":null,"workspaceId":"/subscriptions/00000000-0000-0000-0000-000000000000/resourceGroups/clitest.rg000001/providers/microsoft.OperationalInsights/workspaces/ws000004","eventHubAuthorizationRuleId":null,"eventHubName":null,"metrics":[],"logs":[],"logAnalyticsDestinationType":"Dedicated"},"identity":null}'
    headers:
      cache-control:
      - no-cache
      content-length:
      - '808'
      content-type:
      - application/json; charset=utf-8
      date:
      - Thu, 20 Feb 2025 10:00:12 GMT
      expires:
      - '-1'
      pragma:
      - no-cache
      server:
      - Microsoft-IIS/10.0
      strict-transport-security:
      - max-age=31536000; includeSubDomains
      x-content-type-options:
      - nosniff
      x-ms-operation-identifier:
      - tenantId=54826b22-38d6-4fb2-bad9-b7b93a3e9c5a,objectId=a7250e3a-0e5e-48e2-9a34-45f1f5e1a91e/eastus2euap/efa630df-28f0-40a2-b79d-2a226611de0b
      x-ms-ratelimit-remaining-subscription-resource-requests:
      - '149'
    status:
      code: 200
      message: OK
version: 1
