interactions:
- request:
    body: '{"location": "Global", "properties": {"enabled": true, "groupShortName":
      "cliact6zk7hr"}}'
    headers:
      Accept:
      - application/json
      Accept-Encoding:
      - gzip, deflate
      CommandName:
      - monitor action-group create
      Connection:
      - keep-alive
      Content-Length:
      - '89'
      Content-Type:
      - application/json
      ParameterSetName:
      - -n -g --query -o
      User-Agent:
      - AZURECLI/2.69.0 azsdk-python-core/1.31.0 Python/3.12.9 (Windows-10-10.0.19045-SP0)
    method: PUT
    uri: https://management.azure.com/subscriptions/00000000-0000-0000-0000-000000000000/resourceGroups/clitest.rg000001/providers/Microsoft.Insights/actionGroups/cliact000002?api-version=2022-06-01
  response:
    body:
      string: '{"id":"/subscriptions/00000000-0000-0000-0000-000000000000/resourceGroups/clitest.rg000001/providers/microsoft.insights/actionGroups/cliact000002","type":"Microsoft.Insights/ActionGroups","name":"cliact000002","location":"Global","kind":null,"tags":null,"properties":{"groupShortName":"cliact6zk7hr","enabled":true,"emailReceivers":[],"smsReceivers":[],"webhookReceivers":[],"eventHubReceivers":[],"itsmReceivers":[],"azureAppPushReceivers":[],"automationRunbookReceivers":[],"voiceReceivers":[],"logicAppReceivers":[],"azureFunctionReceivers":[],"armRoleReceivers":[]}}'
    headers:
      access-control-expose-headers:
      - x-activityid
      api-supported-versions:
      - 2016-09-01-preview, 2017-03-01-preview, 2017-04-01, 2018-03-01, 2018-09-01,
        2019-03-01, 2019-06-01, 2021-09-01, 2022-04-01, 2022-06-01, 2023-01-01, 2023-03-01-preview,
        2023-05-01-preview, 2023-05-01, 2023-08-01-preview, 2023-09-01-preview, 2024-10-01-preview
      cache-control:
      - no-cache
      content-length:
      - '570'
      content-type:
      - application/json; charset=utf-8
      date:
      - Thu, 20 Feb 2025 09:54:42 GMT
      expires:
      - '-1'
      pragma:
      - no-cache
      server:
      - Microsoft-HTTPAPI/2.0
      strict-transport-security:
      - max-age=31536000; includeSubDomains
      x-activityid:
      - b410fc3f-ef70-11ef-8de4-c8d9d2028398
      x-content-type-options:
      - nosniff
      x-frame-options:
      - SAMEORIGIN
      x-ms-operation-identifier:
      - tenantId=54826b22-38d6-4fb2-bad9-b7b93a3e9c5a,objectId=a7250e3a-0e5e-48e2-9a34-45f1f5e1a91e/eastus2euap/f191335e-d16b-4e5e-85c9-a62bdbc7d9bc
      x-ms-ratelimit-remaining-subscription-resource-requests:
      - '23'
      x-servedby:
      - WUS2ONEIM000005
    status:
      code: 201
      message: Created
- request:
    body: '{"location": "Global", "properties": {"enabled": true, "groupShortName":
      "cliactkmu5yh"}}'
    headers:
      Accept:
      - application/json
      Accept-Encoding:
      - gzip, deflate
      CommandName:
      - monitor action-group create
      Connection:
      - keep-alive
      Content-Length:
      - '89'
      Content-Type:
      - application/json
      ParameterSetName:
      - -n -g --query -o
      User-Agent:
      - AZURECLI/2.69.0 azsdk-python-core/1.31.0 Python/3.12.9 (Windows-10-10.0.19045-SP0)
    method: PUT
    uri: https://management.azure.com/subscriptions/00000000-0000-0000-0000-000000000000/resourceGroups/clitest.rg000001/providers/Microsoft.Insights/actionGroups/cliact000003?api-version=2022-06-01
  response:
    body:
      string: '{"id":"/subscriptions/00000000-0000-0000-0000-000000000000/resourceGroups/clitest.rg000001/providers/microsoft.insights/actionGroups/cliact000003","type":"Microsoft.Insights/ActionGroups","name":"cliact000003","location":"Global","kind":null,"tags":null,"properties":{"groupShortName":"cliactkmu5yh","enabled":true,"emailReceivers":[],"smsReceivers":[],"webhookReceivers":[],"eventHubReceivers":[],"itsmReceivers":[],"azureAppPushReceivers":[],"automationRunbookReceivers":[],"voiceReceivers":[],"logicAppReceivers":[],"azureFunctionReceivers":[],"armRoleReceivers":[]}}'
    headers:
      access-control-expose-headers:
      - x-activityid
      api-supported-versions:
      - 2016-09-01-preview, 2017-03-01-preview, 2017-04-01, 2018-03-01, 2018-09-01,
        2019-03-01, 2019-06-01, 2021-09-01, 2022-04-01, 2022-06-01, 2023-01-01, 2023-03-01-preview,
        2023-05-01-preview, 2023-05-01, 2023-08-01-preview, 2023-09-01-preview, 2024-10-01-preview
      cache-control:
      - no-cache
      content-length:
      - '570'
      content-type:
      - application/json; charset=utf-8
      date:
      - Thu, 20 Feb 2025 09:54:44 GMT
      expires:
      - '-1'
      pragma:
      - no-cache
      server:
      - Microsoft-HTTPAPI/2.0
      strict-transport-security:
      - max-age=31536000; includeSubDomains
      x-activityid:
      - b553a4a4-ef70-11ef-ac15-c8d9d2028398
      x-content-type-options:
      - nosniff
      x-frame-options:
      - SAMEORIGIN
      x-ms-operation-identifier:
      - tenantId=54826b22-38d6-4fb2-bad9-b7b93a3e9c5a,objectId=a7250e3a-0e5e-48e2-9a34-45f1f5e1a91e/eastus2euap/3136fe6a-13e9-4209-a635-5916ed69094c
      x-ms-ratelimit-remaining-subscription-resource-requests:
      - '24'
      x-servedby:
      - WUS2ONEIM000003
    status:
      code: 201
      message: Created
- request:
    body: '{"location": "Global", "properties": {"enabled": true, "groupShortName":
      "cliactghn3ve"}}'
    headers:
      Accept:
      - application/json
      Accept-Encoding:
      - gzip, deflate
      CommandName:
      - monitor action-group create
      Connection:
      - keep-alive
      Content-Length:
      - '89'
      Content-Type:
      - application/json
      ParameterSetName:
      - -n -g --query -o
      User-Agent:
      - AZURECLI/2.69.0 azsdk-python-core/1.31.0 Python/3.12.9 (Windows-10-10.0.19045-SP0)
    method: PUT
    uri: https://management.azure.com/subscriptions/00000000-0000-0000-0000-000000000000/resourceGroups/clitest.rg000001/providers/Microsoft.Insights/actionGroups/cliact000004?api-version=2022-06-01
  response:
    body:
      string: '{"id":"/subscriptions/00000000-0000-0000-0000-000000000000/resourceGroups/clitest.rg000001/providers/microsoft.insights/actionGroups/cliact000004","type":"Microsoft.Insights/ActionGroups","name":"cliact000004","location":"Global","kind":null,"tags":null,"properties":{"groupShortName":"cliactghn3ve","enabled":true,"emailReceivers":[],"smsReceivers":[],"webhookReceivers":[],"eventHubReceivers":[],"itsmReceivers":[],"azureAppPushReceivers":[],"automationRunbookReceivers":[],"voiceReceivers":[],"logicAppReceivers":[],"azureFunctionReceivers":[],"armRoleReceivers":[]}}'
    headers:
      access-control-expose-headers:
      - x-activityid
      api-supported-versions:
      - 2016-09-01-preview, 2017-03-01-preview, 2017-04-01, 2018-03-01, 2018-09-01,
        2019-03-01, 2019-06-01, 2021-09-01, 2022-04-01, 2022-06-01, 2023-01-01, 2023-03-01-preview,
        2023-05-01-preview, 2023-05-01, 2023-08-01-preview, 2023-09-01-preview, 2024-10-01-preview
      cache-control:
      - no-cache
      content-length:
      - '570'
      content-type:
      - application/json; charset=utf-8
      date:
      - Thu, 20 Feb 2025 09:54:47 GMT
      expires:
      - '-1'
      pragma:
      - no-cache
      server:
      - Microsoft-HTTPAPI/2.0
      strict-transport-security:
      - max-age=31536000; includeSubDomains
      x-activityid:
      - b6da3a31-ef70-11ef-9a0e-c8d9d2028398
      x-content-type-options:
      - nosniff
      x-frame-options:
      - SAMEORIGIN
      x-ms-operation-identifier:
      - tenantId=54826b22-38d6-4fb2-bad9-b7b93a3e9c5a,objectId=a7250e3a-0e5e-48e2-9a34-45f1f5e1a91e/eastus2euap/8a0dfd0b-d036-429d-b973-e5634e54a3e0
      x-ms-ratelimit-remaining-subscription-resource-requests:
      - '24'
      x-servedby:
      - EUS2ONEIM000007
    status:
      code: 201
      message: Created
- request:
    body: null
    headers:
      Accept:
      - application/json
      Accept-Encoding:
      - gzip, deflate
      CommandName:
      - group show
      Connection:
      - keep-alive
      ParameterSetName:
      - -n -o
      User-Agent:
      - AZURECLI/2.69.0 azsdk-python-core/1.31.0 Python/3.12.9 (Windows-10-10.0.19045-SP0)
    method: GET
    uri: https://management.azure.com/subscriptions/00000000-0000-0000-0000-000000000000/resourcegroups/clitest.rg000001?api-version=2022-09-01
  response:
    body:
      string: '{"id":"/subscriptions/00000000-0000-0000-0000-000000000000/resourceGroups/clitest.rg000001","name":"clitest.rg000001","type":"Microsoft.Resources/resourceGroups","location":"southcentralus","tags":{"product":"azurecli","cause":"automation","test":"test_monitor_activity_log_alert_update_action","date":"2025-02-20T09:54:38Z","module":"monitor","DateCreated":"2025-02-20T09:54:41Z","Creator":"zhiyihuang@microsoft.com"},"properties":{"provisioningState":"Succeeded"}}'
    headers:
      cache-control:
      - no-cache
      content-length:
      - '466'
      content-type:
      - application/json; charset=utf-8
      date:
      - Thu, 20 Feb 2025 09:54:49 GMT
      expires:
      - '-1'
      pragma:
      - no-cache
      strict-transport-security:
      - max-age=31536000; includeSubDomains
      x-content-type-options:
      - nosniff
      x-ms-ratelimit-remaining-subscription-global-reads:
      - '3749'
    status:
      code: 200
      message: OK
- request:
    body: null
    headers:
      Accept:
      - application/json
      Accept-Encoding:
      - gzip, deflate
      CommandName:
      - monitor activity-log alert create
      Connection:
      - keep-alive
      ParameterSetName:
      - -n -g -o
      User-Agent:
      - AZURECLI/2.69.0 azsdk-python-core/1.31.0 Python/3.12.9 (Windows-10-10.0.19045-SP0)
    method: GET
    uri: https://management.azure.com/subscriptions/00000000-0000-0000-0000-000000000000/resourcegroups/clitest.rg000001?api-version=2022-09-01
  response:
    body:
      string: '{"id":"/subscriptions/00000000-0000-0000-0000-000000000000/resourceGroups/clitest.rg000001","name":"clitest.rg000001","type":"Microsoft.Resources/resourceGroups","location":"southcentralus","tags":{"product":"azurecli","cause":"automation","test":"test_monitor_activity_log_alert_update_action","date":"2025-02-20T09:54:38Z","module":"monitor","DateCreated":"2025-02-20T09:54:41Z","Creator":"zhiyihuang@microsoft.com"},"properties":{"provisioningState":"Succeeded"}}'
    headers:
      cache-control:
      - no-cache
      content-length:
      - '466'
      content-type:
      - application/json; charset=utf-8
      date:
      - Thu, 20 Feb 2025 09:54:50 GMT
      expires:
      - '-1'
      pragma:
      - no-cache
      strict-transport-security:
      - max-age=31536000; includeSubDomains
      x-content-type-options:
      - nosniff
      x-ms-ratelimit-remaining-subscription-global-reads:
      - '3749'
    status:
      code: 200
      message: OK
- request:
    body: null
    headers:
      Accept:
      - application/json
      Accept-Encoding:
      - gzip, deflate
      CommandName:
      - monitor activity-log alert create
      Connection:
      - keep-alive
      ParameterSetName:
      - -n -g -o
      User-Agent:
      - AZURECLI/2.69.0 azsdk-python-core/1.31.0 Python/3.12.9 (Windows-10-10.0.19045-SP0)
    method: GET
    uri: https://management.azure.com/subscriptions/00000000-0000-0000-0000-000000000000/resourceGroups/clitest.rg000001/providers/Microsoft.Insights/activityLogAlerts/clialert000005?api-version=2020-10-01
  response:
    body:
      string: '{"error":{"code":"ResourceNotFound","message":"The Resource ''Microsoft.Insights/activityLogAlerts/clialert000005''
        under resource group ''clitest.rg000001'' was not found. For more details
        please go to https://aka.ms/ARMResourceNotFoundFix"}}'
    headers:
      cache-control:
      - no-cache
      content-length:
      - '239'
      content-type:
      - application/json; charset=utf-8
      date:
      - Thu, 20 Feb 2025 09:54:52 GMT
      expires:
      - '-1'
      pragma:
      - no-cache
      strict-transport-security:
      - max-age=31536000; includeSubDomains
      x-content-type-options:
      - nosniff
      x-ms-failure-cause:
      - gateway
    status:
      code: 404
      message: Not Found
- request:
    body: '{"location": "Global", "properties": {"actions": {"actionGroups": []},
      "condition": {"allOf": [{"equals": "ServiceHealth", "field": "category"}]},
      "enabled": true, "scopes": ["/subscriptions/00000000-0000-0000-0000-000000000000"]}}'
    headers:
      Accept:
      - application/json
      Accept-Encoding:
      - gzip, deflate
      CommandName:
      - monitor activity-log alert create
      Connection:
      - keep-alive
      Content-Length:
      - '231'
      Content-Type:
      - application/json
      ParameterSetName:
      - -n -g -o
      User-Agent:
      - AZURECLI/2.69.0 azsdk-python-core/1.31.0 Python/3.12.9 (Windows-10-10.0.19045-SP0)
    method: PUT
    uri: https://management.azure.com/subscriptions/00000000-0000-0000-0000-000000000000/resourceGroups/clitest.rg000001/providers/Microsoft.Insights/activityLogAlerts/clialert000005?api-version=2020-10-01
  response:
    body:
      string: "{\r\n  \"id\": \"/subscriptions/00000000-0000-0000-0000-000000000000/resourceGroups/clitest.rg000001/providers/Microsoft.Insights/activityLogAlerts/clialert000005\",\r\n
        \ \"name\": \"clialert000005\",\r\n  \"type\": \"Microsoft.Insights/ActivityLogAlerts\",\r\n
        \ \"location\": \"Global\",\r\n  \"properties\": {\r\n    \"scopes\": [\r\n
        \     \"/subscriptions/00000000-0000-0000-0000-000000000000\"\r\n    ],\r\n
        \   \"condition\": {\r\n      \"allOf\": [\r\n        {\r\n          \"field\":
        \"category\",\r\n          \"equals\": \"ServiceHealth\"\r\n        }\r\n
        \     ]\r\n    },\r\n    \"actions\": {\r\n      \"actionGroups\": []\r\n
        \   },\r\n    \"enabled\": true\r\n  }\r\n}"
    headers:
      api-supported-versions:
      - 2017-03-01-preview, 2017-04-01, 2020-10-01, 2023-01-01-preview
      arr-disable-session-affinity:
      - 'true'
      cache-control:
      - no-cache
      content-length:
      - '596'
      content-type:
      - application/json; charset=utf-8
      date:
      - Thu, 20 Feb 2025 09:54:53 GMT
      expires:
      - '-1'
      pragma:
      - no-cache
      server:
      - Microsoft-IIS/10.0
      strict-transport-security:
      - max-age=31536000; includeSubDomains
      x-aspnet-version:
      - 4.0.30319
      x-content-type-options:
      - nosniff
      x-ms-operation-identifier:
      - tenantId=54826b22-38d6-4fb2-bad9-b7b93a3e9c5a,objectId=a7250e3a-0e5e-48e2-9a34-45f1f5e1a91e/eastus2euap/cda5206f-b4a7-499f-82b2-926ddceb5af7
      x-ms-ratelimit-remaining-subscription-global-writes:
      - '2999'
      x-ms-ratelimit-remaining-subscription-writes:
      - '199'
      x-powered-by:
      - ASP.NET
    status:
      code: 201
      message: Created
version: 1
