interactions:
- request:
    body: null
    headers:
      Accept:
      - application/json
      Accept-Encoding:
      - gzip, deflate
      CommandName:
      - monitor log-profiles list
      Connection:
      - keep-alive
      ParameterSetName:
      - --query -o
      User-Agent:
      - AZURECLI/2.69.0 azsdk-python-core/1.31.0 Python/3.12.9 (Windows-10-10.0.19045-SP0)
    method: GET
    uri: https://management.azure.com/subscriptions/00000000-0000-0000-0000-000000000000/providers/Microsoft.Insights/logprofiles?api-version=2016-03-01
  response:
    body:
      string: '{"value":[{"id":"/subscriptions/00000000-0000-0000-0000-000000000000/providers/microsoft.insights/logprofiles/clitestl74aku5gvffpu","type":null,"name":"clitestl74aku5gvffpu","location":null,"kind":null,"tags":null,"properties":{"storageAccountId":"/subscriptions/00000000-0000-0000-0000-000000000000/resourceGroups/cli_test_monitor_lp_createfqcri35fl2rghkp432ri6a7ao6ndow75yfxnwcvoq4oocb7lu/providers/Microsoft.Storage/storageAccounts/clitestfsxskfbwilnexam23","serviceBusRuleId":null,"locations":["westus","southcentralus"],"categories":["Write"],"retentionPolicy":{"enabled":true,"days":100}},"identity":null},{"id":"/subscriptions/00000000-0000-0000-0000-000000000000/providers/microsoft.insights/logprofiles/clitestnqemef23c5tws","type":null,"name":"clitestnqemef23c5tws","location":null,"kind":null,"tags":null,"properties":{"storageAccountId":"/subscriptions/00000000-0000-0000-0000-000000000000/resourceGroups/cli_test_monitor_lp_create2gnvstiri2brdgswjhlibhicura7cvjlnpsk43m5zg4rrfbcw/providers/Microsoft.Storage/storageAccounts/cliteststaswj3iy3mdjsg6y","serviceBusRuleId":null,"locations":["westus","southcentralus"],"categories":["Write"],"retentionPolicy":{"enabled":true,"days":100}},"identity":null}]}'
    headers:
      cache-control:
      - no-cache
      content-length:
      - '1215'
      content-type:
      - application/json; charset=utf-8
      date:
      - Sat, 22 Feb 2025 07:34:44 GMT
      expires:
      - '-1'
      pragma:
      - no-cache
      server:
      - Microsoft-IIS/10.0
      strict-transport-security:
      - max-age=31536000; includeSubDomains
      x-content-type-options:
      - nosniff
      x-ms-operation-identifier:
      - tenantId=54826b22-38d6-4fb2-bad9-b7b93a3e9c5a,objectId=a7250e3a-0e5e-48e2-9a34-45f1f5e1a91e/eastus2euap/f5000925-1881-403f-a8e5-d44742b420c4
      x-ms-ratelimit-remaining-subscription-global-reads:
      - '3749'
    status:
      code: 200
      message: OK
- request:
    body: null
    headers:
      Accept:
      - '*/*'
      Accept-Encoding:
      - gzip, deflate
      CommandName:
      - monitor log-profiles delete
      Connection:
      - keep-alive
      Content-Length:
      - '0'
      ParameterSetName:
      - -n
      User-Agent:
      - AZURECLI/2.69.0 azsdk-python-core/1.31.0 Python/3.12.9 (Windows-10-10.0.19045-SP0)
    method: DELETE
    uri: https://management.azure.com/subscriptions/00000000-0000-0000-0000-000000000000/providers/Microsoft.Insights/logprofiles/clitestl74aku5gvffpu?api-version=2016-03-01
  response:
    body:
      string: ''
    headers:
      cache-control:
      - no-cache
      content-length:
      - '0'
      date:
      - Sat, 22 Feb 2025 07:34:45 GMT
      expires:
      - '-1'
      pragma:
      - no-cache
      server:
      - Microsoft-IIS/10.0
      strict-transport-security:
      - max-age=31536000; includeSubDomains
      x-content-type-options:
      - nosniff
      x-ms-operation-identifier:
      - tenantId=54826b22-38d6-4fb2-bad9-b7b93a3e9c5a,objectId=a7250e3a-0e5e-48e2-9a34-45f1f5e1a91e/eastus2euap/d4cfdd9e-c7e5-476d-bb05-0d31c3cc679a
      x-ms-ratelimit-remaining-subscription-deletes:
      - '199'
      x-ms-ratelimit-remaining-subscription-global-deletes:
      - '2999'
    status:
      code: 200
      message: OK
- request:
    body: '{"location": "southcentralus", "properties": {"categories": ["Write"],
      "locations": ["westus", "southcentralus"], "retentionPolicy": {"days": 100,
      "enabled": false}, "storageAccountId": "/subscriptions/00000000-0000-0000-0000-000000000000/resourceGroups/cli_test_monitor_lp_create000001/providers/Microsoft.Storage/storageAccounts/clitest000002"}}'
    headers:
      Accept:
      - application/json
      Accept-Encoding:
      - gzip, deflate
      CommandName:
      - monitor log-profiles create
      Connection:
      - keep-alive
      Content-Length:
      - '347'
      Content-Type:
      - application/json
      ParameterSetName:
      - --categories --enabled --days --location --locations --name --storage-account-id
      User-Agent:
      - AZURECLI/2.69.0 azsdk-python-core/1.31.0 Python/3.12.9 (Windows-10-10.0.19045-SP0)
    method: PUT
    uri: https://management.azure.com/subscriptions/00000000-0000-0000-0000-000000000000/providers/Microsoft.Insights/logprofiles/clitest000003?api-version=2016-03-01
  response:
    body:
      string: '{"id":"/subscriptions/00000000-0000-0000-0000-000000000000/providers/microsoft.insights/logprofiles/clitest000003","type":null,"name":"clitest000003","location":"southcentralus","kind":null,"tags":null,"properties":{"storageAccountId":"/subscriptions/00000000-0000-0000-0000-000000000000/resourceGroups/cli_test_monitor_lp_create000001/providers/Microsoft.Storage/storageAccounts/clitest000002","serviceBusRuleId":null,"locations":["westus","southcentralus"],"categories":["Write"],"retentionPolicy":{"enabled":false,"days":100}},"identity":null}'
    headers:
      cache-control:
      - no-cache
      content-length:
      - '546'
      content-type:
      - application/json; charset=utf-8
      date:
      - Sat, 22 Feb 2025 07:34:48 GMT
      expires:
      - '-1'
      pragma:
      - no-cache
      server:
      - Microsoft-IIS/10.0
      strict-transport-security:
      - max-age=31536000; includeSubDomains
      x-content-type-options:
      - nosniff
      x-ms-operation-identifier:
      - tenantId=54826b22-38d6-4fb2-bad9-b7b93a3e9c5a,objectId=a7250e3a-0e5e-48e2-9a34-45f1f5e1a91e/eastus2euap/73e7fecb-99fa-46a9-8276-174508977c85
      x-ms-ratelimit-remaining-subscription-global-writes:
      - '2999'
      x-ms-ratelimit-remaining-subscription-writes:
      - '199'
    status:
      code: 200
      message: OK
- request:
    body: null
    headers:
      Accept:
      - application/json
      Accept-Encoding:
      - gzip, deflate
      CommandName:
      - monitor log-profiles show
      Connection:
      - keep-alive
      ParameterSetName:
      - -n
      User-Agent:
      - AZURECLI/2.69.0 azsdk-python-core/1.31.0 Python/3.12.9 (Windows-10-10.0.19045-SP0)
    method: GET
    uri: https://management.azure.com/subscriptions/00000000-0000-0000-0000-000000000000/providers/Microsoft.Insights/logprofiles/clitest000003?api-version=2016-03-01
  response:
    body:
      string: '{"id":"/subscriptions/00000000-0000-0000-0000-000000000000/providers/microsoft.insights/logprofiles/clitest000003","type":null,"name":"clitest000003","location":null,"kind":null,"tags":null,"properties":{"storageAccountId":"/subscriptions/00000000-0000-0000-0000-000000000000/resourceGroups/cli_test_monitor_lp_create000001/providers/Microsoft.Storage/storageAccounts/clitest000002","serviceBusRuleId":null,"locations":["westus","southcentralus"],"categories":["Write"],"retentionPolicy":{"enabled":false,"days":100}},"identity":null}'
    headers:
      cache-control:
      - no-cache
      content-length:
      - '534'
      content-type:
      - application/json; charset=utf-8
      date:
      - Sat, 22 Feb 2025 07:34:53 GMT
      expires:
      - '-1'
      pragma:
      - no-cache
      server:
      - Microsoft-IIS/10.0
      strict-transport-security:
      - max-age=31536000; includeSubDomains
      x-content-type-options:
      - nosniff
      x-ms-operation-identifier:
      - tenantId=54826b22-38d6-4fb2-bad9-b7b93a3e9c5a,objectId=a7250e3a-0e5e-48e2-9a34-45f1f5e1a91e/eastus2euap/5b1299c5-7824-4e36-a324-7e94feee7202
      x-ms-ratelimit-remaining-subscription-global-reads:
      - '3747'
    status:
      code: 200
      message: OK
- request:
    body: null
    headers:
      Accept:
      - application/json
      Accept-Encoding:
      - gzip, deflate
      CommandName:
      - monitor log-profiles update
      Connection:
      - keep-alive
      ParameterSetName:
      - -n --set
      User-Agent:
      - AZURECLI/2.69.0 azsdk-python-core/1.31.0 Python/3.12.9 (Windows-10-10.0.19045-SP0)
    method: GET
    uri: https://management.azure.com/subscriptions/00000000-0000-0000-0000-000000000000/providers/Microsoft.Insights/logprofiles/clitest000003?api-version=2016-03-01
  response:
    body:
      string: '{"id":"/subscriptions/00000000-0000-0000-0000-000000000000/providers/microsoft.insights/logprofiles/clitest000003","type":null,"name":"clitest000003","location":null,"kind":null,"tags":null,"properties":{"storageAccountId":"/subscriptions/00000000-0000-0000-0000-000000000000/resourceGroups/cli_test_monitor_lp_create000001/providers/Microsoft.Storage/storageAccounts/clitest000002","serviceBusRuleId":null,"locations":["westus","southcentralus"],"categories":["Write"],"retentionPolicy":{"enabled":false,"days":100}},"identity":null}'
    headers:
      cache-control:
      - no-cache
      content-length:
      - '534'
      content-type:
      - application/json; charset=utf-8
      date:
      - Sat, 22 Feb 2025 07:34:54 GMT
      expires:
      - '-1'
      pragma:
      - no-cache
      server:
      - Microsoft-IIS/10.0
      strict-transport-security:
      - max-age=31536000; includeSubDomains
      x-content-type-options:
      - nosniff
      x-ms-operation-identifier:
      - tenantId=54826b22-38d6-4fb2-bad9-b7b93a3e9c5a,objectId=a7250e3a-0e5e-48e2-9a34-45f1f5e1a91e/eastus2euap/47152a50-dc71-42e7-bd9d-b2aa0b12048e
      x-ms-ratelimit-remaining-subscription-global-reads:
      - '3747'
    status:
      code: 200
      message: OK
- request:
    body: '{"location": "southcentralus", "properties": {"categories": ["Write"],
      "locations": ["westus", "southcentralus"], "retentionPolicy": {"days": 100,
      "enabled": true}, "storageAccountId": "/subscriptions/00000000-0000-0000-0000-000000000000/resourceGroups/cli_test_monitor_lp_create000001/providers/Microsoft.Storage/storageAccounts/clitest000002"}}'
    headers:
      Accept:
      - application/json
      Accept-Encoding:
      - gzip, deflate
      CommandName:
      - monitor log-profiles update
      Connection:
      - keep-alive
      Content-Length:
      - '346'
      Content-Type:
      - application/json
      ParameterSetName:
      - -n --set
      User-Agent:
      - AZURECLI/2.69.0 azsdk-python-core/1.31.0 Python/3.12.9 (Windows-10-10.0.19045-SP0)
    method: PUT
    uri: https://management.azure.com/subscriptions/00000000-0000-0000-0000-000000000000/providers/Microsoft.Insights/logprofiles/clitest000003?api-version=2016-03-01
  response:
    body:
      string: '{"id":"/subscriptions/00000000-0000-0000-0000-000000000000/providers/microsoft.insights/logprofiles/clitest000003","type":null,"name":"clitest000003","location":"southcentralus","kind":null,"tags":null,"properties":{"storageAccountId":"/subscriptions/00000000-0000-0000-0000-000000000000/resourceGroups/cli_test_monitor_lp_create000001/providers/Microsoft.Storage/storageAccounts/clitest000002","serviceBusRuleId":null,"locations":["westus","southcentralus"],"categories":["Write"],"retentionPolicy":{"enabled":true,"days":100}},"identity":null}'
    headers:
      cache-control:
      - no-cache
      content-length:
      - '545'
      content-type:
      - application/json; charset=utf-8
      date:
      - Sat, 22 Feb 2025 07:34:55 GMT
      expires:
      - '-1'
      pragma:
      - no-cache
      server:
      - Microsoft-IIS/10.0
      strict-transport-security:
      - max-age=31536000; includeSubDomains
      x-content-type-options:
      - nosniff
      x-ms-operation-identifier:
      - tenantId=54826b22-38d6-4fb2-bad9-b7b93a3e9c5a,objectId=a7250e3a-0e5e-48e2-9a34-45f1f5e1a91e/eastus2euap/0c607efb-ef7b-459d-ac87-60ddff6768ec
      x-ms-ratelimit-remaining-subscription-global-writes:
      - '2998'
      x-ms-ratelimit-remaining-subscription-writes:
      - '198'
    status:
      code: 200
      message: OK
- request:
    body: null
    headers:
      Accept:
      - '*/*'
      Accept-Encoding:
      - gzip, deflate
      CommandName:
      - monitor log-profiles delete
      Connection:
      - keep-alive
      Content-Length:
      - '0'
      ParameterSetName:
      - -n
      User-Agent:
      - AZURECLI/2.69.0 azsdk-python-core/1.31.0 Python/3.12.9 (Windows-10-10.0.19045-SP0)
    method: DELETE
    uri: https://management.azure.com/subscriptions/00000000-0000-0000-0000-000000000000/providers/Microsoft.Insights/logprofiles/clitest000003?api-version=2016-03-01
  response:
    body:
      string: ''
    headers:
      cache-control:
      - no-cache
      content-length:
      - '0'
      date:
      - Sat, 22 Feb 2025 07:34:57 GMT
      expires:
      - '-1'
      pragma:
      - no-cache
      server:
      - Microsoft-IIS/10.0
      strict-transport-security:
      - max-age=31536000; includeSubDomains
      x-content-type-options:
      - nosniff
      x-ms-operation-identifier:
      - tenantId=54826b22-38d6-4fb2-bad9-b7b93a3e9c5a,objectId=a7250e3a-0e5e-48e2-9a34-45f1f5e1a91e/eastus2euap/541e37ee-a322-4acb-ad16-15764586abd0
      x-ms-ratelimit-remaining-subscription-deletes:
      - '199'
      x-ms-ratelimit-remaining-subscription-global-deletes:
      - '2999'
    status:
      code: 200
      message: OK
version: 1
