interactions:
- request:
    body: null
    headers:
      Accept:
      - application/json
      Accept-Encoding:
      - gzip, deflate
      CommandName:
      - vm create
      Connection:
      - keep-alive
      ParameterSetName:
      - -n -g --image --admin-username --admin-password --tags --nsg-rule
      User-Agent:
      - python/3.8.5 (Windows-10-10.0.19041-SP0) msrest/0.6.18 msrest_azure/0.6.3
        azure-mgmt-resource/12.0.0 Azure-SDK-For-Python AZURECLI/2.18.0
      accept-language:
      - en-US
    method: GET
    uri: https://management.azure.com/subscriptions/00000000-0000-0000-0000-000000000000/resourcegroups/cli_test_metric_alert_v2000001?api-version=2020-10-01
  response:
    body:
      string: '{"id":"/subscriptions/00000000-0000-0000-0000-000000000000/resourceGroups/cli_test_metric_alert_v2000001","name":"cli_test_metric_alert_v2000001","type":"Microsoft.Resources/resourceGroups","location":"westus","tags":{"product":"azurecli","cause":"automation","date":"2021-01-30T05:21:10Z"},"properties":{"provisioningState":"Succeeded"}}'
    headers:
      cache-control:
      - no-cache
      content-length:
      - '428'
      content-type:
      - application/json; charset=utf-8
      date:
      - Sat, 30 Jan 2021 05:21:10 GMT
      expires:
      - '-1'
      pragma:
      - no-cache
      strict-transport-security:
      - max-age=31536000; includeSubDomains
      vary:
      - Accept-Encoding
      x-content-type-options:
      - nosniff
    status:
      code: 200
      message: OK
- request:
    body: null
    headers:
      Accept:
      - application/json, text/json
      Accept-Encoding:
      - gzip, deflate
      CommandName:
      - vm create
      Connection:
      - keep-alive
      ParameterSetName:
      - -n -g --image --admin-username --admin-password --tags --nsg-rule
      User-Agent:
      - AZURECLI/2.18.0 azsdk-python-azure-mgmt-network/17.0.0 Python/3.8.5 (Windows-10-10.0.19041-SP0)
    method: GET
    uri: https://management.azure.com/subscriptions/00000000-0000-0000-0000-000000000000/resourceGroups/cli_test_metric_alert_v2000001/providers/Microsoft.Network/virtualNetworks?api-version=2018-01-01
  response:
    body:
      string: '{"value":[]}'
    headers:
      cache-control:
      - no-cache
      content-length:
      - '12'
      content-type:
      - application/json; charset=utf-8
      date:
      - Sat, 30 Jan 2021 05:21:14 GMT
      expires:
      - '-1'
      pragma:
      - no-cache
      strict-transport-security:
      - max-age=31536000; includeSubDomains
      vary:
      - Accept-Encoding
      x-content-type-options:
      - nosniff
    status:
      code: 200
      message: OK
- request:
    body: '{"properties": {"template": {"$schema": "https://schema.management.azure.com/schemas/2015-01-01/deploymentTemplate.json#",
      "contentVersion": "1.0.0.0", "parameters": {"adminPassword": {"type": "securestring",
      "metadata": {"description": "Secure adminPassword"}}}, "variables": {}, "resources":
      [{"name": "clitest-vm000002VNET", "type": "Microsoft.Network/virtualNetworks",
      "location": "westus", "apiVersion": "2015-06-15", "dependsOn": [], "tags": {"MabUsed":
      "Yes", "Owner": "sisi", "Purpose": "CLITest", "DeleteBy": "12-2099", "AutoShutdown":
      "No"}, "properties": {"addressSpace": {"addressPrefixes": ["10.0.0.0/16"]},
      "subnets": [{"name": "clitest-vm000002Subnet", "properties": {"addressPrefix":
      "10.0.0.0/24"}}]}}, {"type": "Microsoft.Network/networkSecurityGroups", "name":
      "clitest-vm000002NSG", "apiVersion": "2015-06-15", "location": "westus", "tags":
      {"MabUsed": "Yes", "Owner": "sisi", "Purpose": "CLITest", "DeleteBy": "12-2099",
      "AutoShutdown": "No"}, "dependsOn": []}, {"apiVersion": "2018-01-01", "type":
      "Microsoft.Network/publicIPAddresses", "name": "clitest-vm000002PublicIP", "location":
      "westus", "tags": {"MabUsed": "Yes", "Owner": "sisi", "Purpose": "CLITest",
      "DeleteBy": "12-2099", "AutoShutdown": "No"}, "dependsOn": [], "properties":
      {"publicIPAllocationMethod": null}}, {"apiVersion": "2015-06-15", "type": "Microsoft.Network/networkInterfaces",
      "name": "clitest-vm000002VMNic", "location": "westus", "tags": {"MabUsed": "Yes",
      "Owner": "sisi", "Purpose": "CLITest", "DeleteBy": "12-2099", "AutoShutdown":
      "No"}, "dependsOn": ["Microsoft.Network/virtualNetworks/clitest-vm000002VNET",
      "Microsoft.Network/networkSecurityGroups/clitest-vm000002NSG", "Microsoft.Network/publicIpAddresses/clitest-vm000002PublicIP"],
      "properties": {"ipConfigurations": [{"name": "ipconfigclitest-vm000002", "properties":
      {"privateIPAllocationMethod": "Dynamic", "subnet": {"id": "/subscriptions/00000000-0000-0000-0000-000000000000/resourceGroups/cli_test_metric_alert_v2000001/providers/Microsoft.Network/virtualNetworks/clitest-vm000002VNET/subnets/clitest-vm000002Subnet"},
      "publicIPAddress": {"id": "/subscriptions/00000000-0000-0000-0000-000000000000/resourceGroups/cli_test_metric_alert_v2000001/providers/Microsoft.Network/publicIPAddresses/clitest-vm000002PublicIP"}}}],
      "networkSecurityGroup": {"id": "/subscriptions/00000000-0000-0000-0000-000000000000/resourceGroups/cli_test_metric_alert_v2000001/providers/Microsoft.Network/networkSecurityGroups/clitest-vm000002NSG"}}},
      {"apiVersion": "2020-06-01", "type": "Microsoft.Compute/virtualMachines", "name":
      "clitest-vm000002", "location": "westus", "tags": {"MabUsed": "Yes", "Owner":
      "sisi", "Purpose": "CLITest", "DeleteBy": "12-2099", "AutoShutdown": "No"},
      "dependsOn": ["Microsoft.Network/networkInterfaces/clitest-vm000002VMNic"],
      "properties": {"hardwareProfile": {"vmSize": "Standard_DS1_v2"}, "networkProfile":
      {"networkInterfaces": [{"id": "/subscriptions/00000000-0000-0000-0000-000000000000/resourceGroups/cli_test_metric_alert_v2000001/providers/Microsoft.Network/networkInterfaces/clitest-vm000002VMNic"}]},
      "storageProfile": {"osDisk": {"createOption": "fromImage", "name": null, "caching":
      "ReadWrite", "managedDisk": {"storageAccountType": null}}, "imageReference":
      {"publisher": "MicrosoftWindowsServer", "offer": "WindowsServer", "sku": "2012-R2-Datacenter",
      "version": "latest"}}, "osProfile": {"computerName": "clitest-vm000002", "adminUsername":
      "clitest-vm000002", "adminPassword": "[parameters(''adminPassword'')]"}}}],
      "outputs": {}}, "parameters": {"adminPassword": {"value": "%j^VYw9Q3Z@Cu$*h"}},
      "mode": "Incremental"}}'
    headers:
      Accept:
      - application/json
      Accept-Encoding:
      - gzip, deflate
      CommandName:
      - vm create
      Connection:
      - keep-alive
      Content-Length:
      - '3772'
      Content-Type:
      - application/json; charset=utf-8
      ParameterSetName:
      - -n -g --image --admin-username --admin-password --tags --nsg-rule
      User-Agent:
      - python/3.8.5 (Windows-10-10.0.19041-SP0) msrest/0.6.18 msrest_azure/0.6.3
        azure-mgmt-resource/12.0.0 Azure-SDK-For-Python AZURECLI/2.18.0
      accept-language:
      - en-US
    method: PUT
    uri: https://management.azure.com/subscriptions/00000000-0000-0000-0000-000000000000/resourcegroups/cli_test_metric_alert_v2000001/providers/Microsoft.Resources/deployments/mock-deployment?api-version=2020-10-01
  response:
    body:
      string: '{"id":"/subscriptions/00000000-0000-0000-0000-000000000000/resourceGroups/cli_test_metric_alert_v2000001/providers/Microsoft.Resources/deployments/vm_deploy_gZrXRKNsLPZX4OcVZ8HruJMuuj7wHjbM","name":"vm_deploy_gZrXRKNsLPZX4OcVZ8HruJMuuj7wHjbM","type":"Microsoft.Resources/deployments","properties":{"templateHash":"1840579562899057672","parameters":{"adminPassword":{"type":"SecureString"}},"mode":"Incremental","provisioningState":"Accepted","timestamp":"2021-01-30T05:21:22.3618725Z","duration":"PT2.3590129S","correlationId":"eb9aabb9-2da1-4c1f-a71d-0d38182e1f01","providers":[{"namespace":"Microsoft.Network","resourceTypes":[{"resourceType":"virtualNetworks","locations":["westus"]},{"resourceType":"networkSecurityGroups","locations":["westus"]},{"resourceType":"publicIPAddresses","locations":["westus"]},{"resourceType":"networkInterfaces","locations":["westus"]}]},{"namespace":"Microsoft.Compute","resourceTypes":[{"resourceType":"virtualMachines","locations":["westus"]}]}],"dependencies":[{"dependsOn":[{"id":"/subscriptions/00000000-0000-0000-0000-000000000000/resourceGroups/cli_test_metric_alert_v2000001/providers/Microsoft.Network/virtualNetworks/clitest-vm000002VNET","resourceType":"Microsoft.Network/virtualNetworks","resourceName":"clitest-vm000002VNET"},{"id":"/subscriptions/00000000-0000-0000-0000-000000000000/resourceGroups/cli_test_metric_alert_v2000001/providers/Microsoft.Network/networkSecurityGroups/clitest-vm000002NSG","resourceType":"Microsoft.Network/networkSecurityGroups","resourceName":"clitest-vm000002NSG"},{"id":"/subscriptions/00000000-0000-0000-0000-000000000000/resourceGroups/cli_test_metric_alert_v2000001/providers/Microsoft.Network/publicIPAddresses/clitest-vm000002PublicIP","resourceType":"Microsoft.Network/publicIPAddresses","resourceName":"clitest-vm000002PublicIP"}],"id":"/subscriptions/00000000-0000-0000-0000-000000000000/resourceGroups/cli_test_metric_alert_v2000001/providers/Microsoft.Network/networkInterfaces/clitest-vm000002VMNic","resourceType":"Microsoft.Network/networkInterfaces","resourceName":"clitest-vm000002VMNic"},{"dependsOn":[{"id":"/subscriptions/00000000-0000-0000-0000-000000000000/resourceGroups/cli_test_metric_alert_v2000001/providers/Microsoft.Network/networkInterfaces/clitest-vm000002VMNic","resourceType":"Microsoft.Network/networkInterfaces","resourceName":"clitest-vm000002VMNic"}],"id":"/subscriptions/00000000-0000-0000-0000-000000000000/resourceGroups/cli_test_metric_alert_v2000001/providers/Microsoft.Compute/virtualMachines/clitest-vm000002","resourceType":"Microsoft.Compute/virtualMachines","resourceName":"clitest-vm000002"}]}}'
    headers:
      azure-asyncoperation:
      - https://management.azure.com/subscriptions/00000000-0000-0000-0000-000000000000/resourcegroups/cli_test_metric_alert_v2000001/providers/Microsoft.Resources/deployments/vm_deploy_gZrXRKNsLPZX4OcVZ8HruJMuuj7wHjbM/operationStatuses/08585896228054747631?api-version=2020-10-01
      cache-control:
      - no-cache
      content-length:
      - '2925'
      content-type:
      - application/json; charset=utf-8
      date:
      - Sat, 30 Jan 2021 05:21:23 GMT
      expires:
      - '-1'
      pragma:
      - no-cache
      strict-transport-security:
      - max-age=31536000; includeSubDomains
      x-content-type-options:
      - nosniff
      x-ms-ratelimit-remaining-subscription-writes:
      - '1180'
    status:
      code: 201
      message: Created
- request:
    body: null
    headers:
      Accept:
      - application/json
      Accept-Encoding:
      - gzip, deflate
      CommandName:
      - vm create
      Connection:
      - keep-alive
      ParameterSetName:
      - -n -g --image --admin-username --admin-password --tags --nsg-rule
      User-Agent:
      - python/3.8.5 (Windows-10-10.0.19041-SP0) msrest/0.6.18 msrest_azure/0.6.3
        azure-mgmt-resource/12.0.0 Azure-SDK-For-Python AZURECLI/2.18.0
    method: GET
    uri: https://management.azure.com/subscriptions/00000000-0000-0000-0000-000000000000/resourcegroups/cli_test_metric_alert_v2000001/providers/Microsoft.Resources/deployments/mock-deployment/operationStatuses/08585896228054747631?api-version=2020-10-01
  response:
    body:
      string: '{"status":"Running"}'
    headers:
      cache-control:
      - no-cache
      content-length:
      - '20'
      content-type:
      - application/json; charset=utf-8
      date:
      - Sat, 30 Jan 2021 05:21:53 GMT
      expires:
      - '-1'
      pragma:
      - no-cache
      strict-transport-security:
      - max-age=31536000; includeSubDomains
      vary:
      - Accept-Encoding
      x-content-type-options:
      - nosniff
    status:
      code: 200
      message: OK
- request:
    body: null
    headers:
      Accept:
      - application/json
      Accept-Encoding:
      - gzip, deflate
      CommandName:
      - vm create
      Connection:
      - keep-alive
      ParameterSetName:
      - -n -g --image --admin-username --admin-password --tags --nsg-rule
      User-Agent:
      - python/3.8.5 (Windows-10-10.0.19041-SP0) msrest/0.6.18 msrest_azure/0.6.3
        azure-mgmt-resource/12.0.0 Azure-SDK-For-Python AZURECLI/2.18.0
    method: GET
    uri: https://management.azure.com/subscriptions/00000000-0000-0000-0000-000000000000/resourcegroups/cli_test_metric_alert_v2000001/providers/Microsoft.Resources/deployments/mock-deployment/operationStatuses/08585896228054747631?api-version=2020-10-01
  response:
    body:
      string: '{"status":"Succeeded"}'
    headers:
      cache-control:
      - no-cache
      content-length:
      - '22'
      content-type:
      - application/json; charset=utf-8
      date:
      - Sat, 30 Jan 2021 05:22:24 GMT
      expires:
      - '-1'
      pragma:
      - no-cache
      strict-transport-security:
      - max-age=31536000; includeSubDomains
      vary:
      - Accept-Encoding
      x-content-type-options:
      - nosniff
    status:
      code: 200
      message: OK
- request:
    body: null
    headers:
      Accept:
      - application/json
      Accept-Encoding:
      - gzip, deflate
      CommandName:
      - vm create
      Connection:
      - keep-alive
      ParameterSetName:
      - -n -g --image --admin-username --admin-password --tags --nsg-rule
      User-Agent:
      - python/3.8.5 (Windows-10-10.0.19041-SP0) msrest/0.6.18 msrest_azure/0.6.3
        azure-mgmt-resource/12.0.0 Azure-SDK-For-Python AZURECLI/2.18.0
    method: GET
    uri: https://management.azure.com/subscriptions/00000000-0000-0000-0000-000000000000/resourcegroups/cli_test_metric_alert_v2000001/providers/Microsoft.Resources/deployments/mock-deployment?api-version=2020-10-01
  response:
    body:
      string: '{"id":"/subscriptions/00000000-0000-0000-0000-000000000000/resourceGroups/cli_test_metric_alert_v2000001/providers/Microsoft.Resources/deployments/vm_deploy_gZrXRKNsLPZX4OcVZ8HruJMuuj7wHjbM","name":"vm_deploy_gZrXRKNsLPZX4OcVZ8HruJMuuj7wHjbM","type":"Microsoft.Resources/deployments","properties":{"templateHash":"1840579562899057672","parameters":{"adminPassword":{"type":"SecureString"}},"mode":"Incremental","provisioningState":"Succeeded","timestamp":"2021-01-30T05:22:07.1524013Z","duration":"PT47.1495417S","correlationId":"eb9aabb9-2da1-4c1f-a71d-0d38182e1f01","providers":[{"namespace":"Microsoft.Network","resourceTypes":[{"resourceType":"virtualNetworks","locations":["westus"]},{"resourceType":"networkSecurityGroups","locations":["westus"]},{"resourceType":"publicIPAddresses","locations":["westus"]},{"resourceType":"networkInterfaces","locations":["westus"]}]},{"namespace":"Microsoft.Compute","resourceTypes":[{"resourceType":"virtualMachines","locations":["westus"]}]}],"dependencies":[{"dependsOn":[{"id":"/subscriptions/00000000-0000-0000-0000-000000000000/resourceGroups/cli_test_metric_alert_v2000001/providers/Microsoft.Network/virtualNetworks/clitest-vm000002VNET","resourceType":"Microsoft.Network/virtualNetworks","resourceName":"clitest-vm000002VNET"},{"id":"/subscriptions/00000000-0000-0000-0000-000000000000/resourceGroups/cli_test_metric_alert_v2000001/providers/Microsoft.Network/networkSecurityGroups/clitest-vm000002NSG","resourceType":"Microsoft.Network/networkSecurityGroups","resourceName":"clitest-vm000002NSG"},{"id":"/subscriptions/00000000-0000-0000-0000-000000000000/resourceGroups/cli_test_metric_alert_v2000001/providers/Microsoft.Network/publicIPAddresses/clitest-vm000002PublicIP","resourceType":"Microsoft.Network/publicIPAddresses","resourceName":"clitest-vm000002PublicIP"}],"id":"/subscriptions/00000000-0000-0000-0000-000000000000/resourceGroups/cli_test_metric_alert_v2000001/providers/Microsoft.Network/networkInterfaces/clitest-vm000002VMNic","resourceType":"Microsoft.Network/networkInterfaces","resourceName":"clitest-vm000002VMNic"},{"dependsOn":[{"id":"/subscriptions/00000000-0000-0000-0000-000000000000/resourceGroups/cli_test_metric_alert_v2000001/providers/Microsoft.Network/networkInterfaces/clitest-vm000002VMNic","resourceType":"Microsoft.Network/networkInterfaces","resourceName":"clitest-vm000002VMNic"}],"id":"/subscriptions/00000000-0000-0000-0000-000000000000/resourceGroups/cli_test_metric_alert_v2000001/providers/Microsoft.Compute/virtualMachines/clitest-vm000002","resourceType":"Microsoft.Compute/virtualMachines","resourceName":"clitest-vm000002"}],"outputs":{},"outputResources":[{"id":"/subscriptions/00000000-0000-0000-0000-000000000000/resourceGroups/cli_test_metric_alert_v2000001/providers/Microsoft.Compute/virtualMachines/clitest-vm000002"},{"id":"/subscriptions/00000000-0000-0000-0000-000000000000/resourceGroups/cli_test_metric_alert_v2000001/providers/Microsoft.Network/networkInterfaces/clitest-vm000002VMNic"},{"id":"/subscriptions/00000000-0000-0000-0000-000000000000/resourceGroups/cli_test_metric_alert_v2000001/providers/Microsoft.Network/networkSecurityGroups/clitest-vm000002NSG"},{"id":"/subscriptions/00000000-0000-0000-0000-000000000000/resourceGroups/cli_test_metric_alert_v2000001/providers/Microsoft.Network/publicIPAddresses/clitest-vm000002PublicIP"},{"id":"/subscriptions/00000000-0000-0000-0000-000000000000/resourceGroups/cli_test_metric_alert_v2000001/providers/Microsoft.Network/virtualNetworks/clitest-vm000002VNET"}]}}'
    headers:
      cache-control:
      - no-cache
      content-length:
      - '4050'
      content-type:
      - application/json; charset=utf-8
      date:
      - Sat, 30 Jan 2021 05:22:25 GMT
      expires:
      - '-1'
      pragma:
      - no-cache
      strict-transport-security:
      - max-age=31536000; includeSubDomains
      vary:
      - Accept-Encoding
      x-content-type-options:
      - nosniff
    status:
      code: 200
      message: OK
- request:
    body: null
    headers:
      Accept:
      - application/json
      Accept-Encoding:
      - gzip, deflate
      CommandName:
      - vm create
      Connection:
      - keep-alive
      ParameterSetName:
      - -n -g --image --admin-username --admin-password --tags --nsg-rule
      User-Agent:
      - AZURECLI/2.18.0 azsdk-python-azure-mgmt-compute/18.0.0 Python/3.8.5 (Windows-10-10.0.19041-SP0)
    method: GET
    uri: https://management.azure.com/subscriptions/00000000-0000-0000-0000-000000000000/resourceGroups/cli_test_metric_alert_v2000001/providers/Microsoft.Compute/virtualMachines/clitest-vm000002?$expand=instanceView&api-version=2020-06-01
  response:
    body:
      string: "{\r\n  \"name\": \"clitest-vm000002\",\r\n  \"id\": \"/subscriptions/00000000-0000-0000-0000-000000000000/resourceGroups/cli_test_metric_alert_v2000001/providers/Microsoft.Compute/virtualMachines/clitest-vm000002\",\r\n
        \ \"type\": \"Microsoft.Compute/virtualMachines\",\r\n  \"location\": \"westus\",\r\n
        \ \"tags\": {\r\n    \"MabUsed\": \"Yes\",\r\n    \"Owner\": \"sisi\",\r\n
        \   \"Purpose\": \"CLITest\",\r\n    \"DeleteBy\": \"12-2099\",\r\n    \"AutoShutdown\":
        \"No\"\r\n  },\r\n  \"properties\": {\r\n    \"vmId\": \"ad7e9477-aae2-41f9-b0b9-41ebae91bb87\",\r\n
        \   \"hardwareProfile\": {\r\n      \"vmSize\": \"Standard_DS1_v2\"\r\n    },\r\n
        \   \"storageProfile\": {\r\n      \"imageReference\": {\r\n        \"publisher\":
        \"MicrosoftWindowsServer\",\r\n        \"offer\": \"WindowsServer\",\r\n        \"sku\":
        \"2012-R2-Datacenter\",\r\n        \"version\": \"latest\",\r\n        \"exactVersion\":
        \"9600.19920.2101101839\"\r\n      },\r\n      \"osDisk\": {\r\n        \"osType\":
        \"Windows\",\r\n        \"name\": \"clitest-vm000002_disk1_7e7d5cabcc4d44d5af666982b924a96a\",\r\n
        \       \"createOption\": \"FromImage\",\r\n        \"caching\": \"ReadWrite\",\r\n
        \       \"managedDisk\": {\r\n          \"storageAccountType\": \"Premium_LRS\",\r\n
        \         \"id\": \"/subscriptions/00000000-0000-0000-0000-000000000000/resourceGroups/cli_test_metric_alert_v2000001/providers/Microsoft.Compute/disks/clitest-vm000002_disk1_7e7d5cabcc4d44d5af666982b924a96a\"\r\n
        \       },\r\n        \"diskSizeGB\": 127\r\n      },\r\n      \"dataDisks\":
        []\r\n    },\r\n    \"osProfile\": {\r\n      \"computerName\": \"clitest-vm000002\",\r\n
        \     \"adminUsername\": \"clitest-vm000002\",\r\n      \"windowsConfiguration\":
        {\r\n        \"provisionVMAgent\": true,\r\n        \"enableAutomaticUpdates\":
        true,\r\n        \"patchSettings\": {\r\n          \"patchMode\": \"AutomaticByOS\"\r\n
        \       }\r\n      },\r\n      \"secrets\": [],\r\n      \"allowExtensionOperations\":
        true,\r\n      \"requireGuestProvisionSignal\": true\r\n    },\r\n    \"networkProfile\":
        {\"networkInterfaces\":[{\"id\":\"/subscriptions/00000000-0000-0000-0000-000000000000/resourceGroups/cli_test_metric_alert_v2000001/providers/Microsoft.Network/networkInterfaces/clitest-vm000002VMNic\"}]},\r\n
        \   \"provisioningState\": \"Succeeded\",\r\n    \"instanceView\": {\r\n      \"vmAgent\":
        {\r\n        \"vmAgentVersion\": \"Unknown\",\r\n        \"statuses\": [\r\n
        \         {\r\n            \"code\": \"ProvisioningState/Unavailable\",\r\n
        \           \"level\": \"Warning\",\r\n            \"displayStatus\": \"Not
        Ready\",\r\n            \"message\": \"VM status blob is found but not yet
        populated.\",\r\n            \"time\": \"2021-01-30T05:22:26+00:00\"\r\n          }\r\n
        \       ]\r\n      },\r\n      \"disks\": [\r\n        {\r\n          \"name\":
        \"clitest-vm000002_disk1_7e7d5cabcc4d44d5af666982b924a96a\",\r\n          \"statuses\":
        [\r\n            {\r\n              \"code\": \"ProvisioningState/succeeded\",\r\n
        \             \"level\": \"Info\",\r\n              \"displayStatus\": \"Provisioning
        succeeded\",\r\n              \"time\": \"2021-01-30T05:21:40.7106884+00:00\"\r\n
        \           }\r\n          ]\r\n        }\r\n      ],\r\n      \"hyperVGeneration\":
        \"V1\",\r\n      \"statuses\": [\r\n        {\r\n          \"code\": \"ProvisioningState/succeeded/osProvisioningInProgress\",\r\n
        \         \"level\": \"Info\",\r\n          \"displayStatus\": \"OS provisioning
        in progress\",\r\n          \"time\": \"2021-01-30T05:22:05.7116345+00:00\"\r\n
        \       },\r\n        {\r\n          \"code\": \"PowerState/running\",\r\n
        \         \"level\": \"Info\",\r\n          \"displayStatus\": \"VM running\"\r\n
        \       }\r\n      ]\r\n    }\r\n  }\r\n}"
    headers:
      cache-control:
      - no-cache
      content-length:
      - '3442'
      content-type:
      - application/json; charset=utf-8
      date:
      - Sat, 30 Jan 2021 05:22:26 GMT
      expires:
      - '-1'
      pragma:
      - no-cache
      server:
      - Microsoft-HTTPAPI/2.0
      - Microsoft-HTTPAPI/2.0
      strict-transport-security:
      - max-age=31536000; includeSubDomains
      transfer-encoding:
      - chunked
      vary:
      - Accept-Encoding
      x-content-type-options:
      - nosniff
      x-ms-ratelimit-remaining-resource:
      - Microsoft.Compute/LowCostGet3Min;3978,Microsoft.Compute/LowCostGet30Min;31919
    status:
      code: 200
      message: OK
- request:
    body: null
    headers:
      Accept:
      - application/json, text/json
      Accept-Encoding:
      - gzip, deflate
      CommandName:
      - vm create
      Connection:
      - keep-alive
      ParameterSetName:
      - -n -g --image --admin-username --admin-password --tags --nsg-rule
      User-Agent:
      - AZURECLI/2.18.0 azsdk-python-azure-mgmt-network/17.0.0 Python/3.8.5 (Windows-10-10.0.19041-SP0)
    method: GET
    uri: https://management.azure.com/subscriptions/00000000-0000-0000-0000-000000000000/resourceGroups/cli_test_metric_alert_v2000001/providers/Microsoft.Network/networkInterfaces/clitest-vm000002VMNic?api-version=2018-01-01
  response:
    body:
      string: "{\r\n  \"name\": \"clitest-vm000002VMNic\",\r\n  \"id\": \"/subscriptions/00000000-0000-0000-0000-000000000000/resourceGroups/cli_test_metric_alert_v2000001/providers/Microsoft.Network/networkInterfaces/clitest-vm000002VMNic\",\r\n
        \ \"etag\": \"W/\\\"e446c194-f095-419b-b7d1-150ff8645335\\\"\",\r\n  \"location\":
        \"westus\",\r\n  \"tags\": {\r\n    \"MabUsed\": \"Yes\",\r\n    \"Owner\":
        \"sisi\",\r\n    \"Purpose\": \"CLITest\",\r\n    \"DeleteBy\": \"12-2099\",\r\n
        \   \"AutoShutdown\": \"No\"\r\n  },\r\n  \"properties\": {\r\n    \"provisioningState\":
        \"Succeeded\",\r\n    \"resourceGuid\": \"667358fc-d82a-4cf6-a302-90608513bacd\",\r\n
        \   \"ipConfigurations\": [\r\n      {\r\n        \"name\": \"ipconfigclitest-vm000002\",\r\n
        \       \"id\": \"/subscriptions/00000000-0000-0000-0000-000000000000/resourceGroups/cli_test_metric_alert_v2000001/providers/Microsoft.Network/networkInterfaces/clitest-vm000002VMNic/ipConfigurations/ipconfigclitest-vm000002\",\r\n
        \       \"etag\": \"W/\\\"e446c194-f095-419b-b7d1-150ff8645335\\\"\",\r\n
        \       \"type\": \"Microsoft.Network/networkInterfaces/ipConfigurations\",\r\n
        \       \"properties\": {\r\n          \"provisioningState\": \"Succeeded\",\r\n
        \         \"privateIPAddress\": \"10.0.0.4\",\r\n          \"privateIPAllocationMethod\":
        \"Dynamic\",\r\n          \"publicIPAddress\": {\r\n            \"id\": \"/subscriptions/00000000-0000-0000-0000-000000000000/resourceGroups/cli_test_metric_alert_v2000001/providers/Microsoft.Network/publicIPAddresses/clitest-vm000002PublicIP\"\r\n
        \         },\r\n          \"subnet\": {\r\n            \"id\": \"/subscriptions/00000000-0000-0000-0000-000000000000/resourceGroups/cli_test_metric_alert_v2000001/providers/Microsoft.Network/virtualNetworks/clitest-vm000002VNET/subnets/clitest-vm000002Subnet\"\r\n
        \         },\r\n          \"primary\": true,\r\n          \"privateIPAddressVersion\":
        \"IPv4\"\r\n        }\r\n      }\r\n    ],\r\n    \"dnsSettings\": {\r\n      \"dnsServers\":
        [],\r\n      \"appliedDnsServers\": [],\r\n      \"internalDomainNameSuffix\":
        \"t04jclkhfy3evd1j0cvy2uw00f.dx.internal.cloudapp.net\"\r\n    },\r\n    \"macAddress\":
        \"00-22-48-05-D9-21\",\r\n    \"enableAcceleratedNetworking\": false,\r\n
        \   \"enableIPForwarding\": false,\r\n    \"networkSecurityGroup\": {\r\n
        \     \"id\": \"/subscriptions/00000000-0000-0000-0000-000000000000/resourceGroups/cli_test_metric_alert_v2000001/providers/Microsoft.Network/networkSecurityGroups/clitest-vm000002NSG\"\r\n
        \   },\r\n    \"primary\": true,\r\n    \"virtualMachine\": {\r\n      \"id\":
        \"/subscriptions/00000000-0000-0000-0000-000000000000/resourceGroups/cli_test_metric_alert_v2000001/providers/Microsoft.Compute/virtualMachines/clitest-vm000002\"\r\n
        \   }\r\n  },\r\n  \"type\": \"Microsoft.Network/networkInterfaces\"\r\n}"
    headers:
      cache-control:
      - no-cache
      content-length:
      - '2818'
      content-type:
      - application/json; charset=utf-8
      date:
      - Sat, 30 Jan 2021 05:22:27 GMT
      etag:
      - W/"e446c194-f095-419b-b7d1-150ff8645335"
      expires:
      - '-1'
      pragma:
      - no-cache
      server:
      - Microsoft-HTTPAPI/2.0
      - Microsoft-HTTPAPI/2.0
      strict-transport-security:
      - max-age=31536000; includeSubDomains
      transfer-encoding:
      - chunked
      vary:
      - Accept-Encoding
      x-content-type-options:
      - nosniff
      x-ms-arm-service-request-id:
      - 26a6df76-8c35-45e6-9083-d90841541f92
    status:
      code: 200
      message: OK
- request:
    body: null
    headers:
      Accept:
      - application/json, text/json
      Accept-Encoding:
      - gzip, deflate
      CommandName:
      - vm create
      Connection:
      - keep-alive
      ParameterSetName:
      - -n -g --image --admin-username --admin-password --tags --nsg-rule
      User-Agent:
      - AZURECLI/2.18.0 azsdk-python-azure-mgmt-network/17.0.0 Python/3.8.5 (Windows-10-10.0.19041-SP0)
    method: GET
    uri: https://management.azure.com/subscriptions/00000000-0000-0000-0000-000000000000/resourceGroups/cli_test_metric_alert_v2000001/providers/Microsoft.Network/publicIPAddresses/clitest-vm000002PublicIP?api-version=2018-01-01
  response:
    body:
      string: "{\r\n  \"name\": \"clitest-vm000002PublicIP\",\r\n  \"id\": \"/subscriptions/00000000-0000-0000-0000-000000000000/resourceGroups/cli_test_metric_alert_v2000001/providers/Microsoft.Network/publicIPAddresses/clitest-vm000002PublicIP\",\r\n
        \ \"etag\": \"W/\\\"ccee3c9c-cf94-4c95-9414-90034ef3f5eb\\\"\",\r\n  \"location\":
        \"westus\",\r\n  \"tags\": {\r\n    \"MabUsed\": \"Yes\",\r\n    \"Owner\":
        \"sisi\",\r\n    \"Purpose\": \"CLITest\",\r\n    \"DeleteBy\": \"12-2099\",\r\n
        \   \"AutoShutdown\": \"No\"\r\n  },\r\n  \"properties\": {\r\n    \"provisioningState\":
        \"Succeeded\",\r\n    \"resourceGuid\": \"8ec8d358-a769-4b1b-b661-c030f3d66fad\",\r\n
        \   \"ipAddress\": \"40.112.175.95\",\r\n    \"publicIPAddressVersion\": \"IPv4\",\r\n
        \   \"publicIPAllocationMethod\": \"Dynamic\",\r\n    \"idleTimeoutInMinutes\":
        4,\r\n    \"ipTags\": [],\r\n    \"ipConfiguration\": {\r\n      \"id\": \"/subscriptions/00000000-0000-0000-0000-000000000000/resourceGroups/cli_test_metric_alert_v2000001/providers/Microsoft.Network/networkInterfaces/clitest-vm000002VMNic/ipConfigurations/ipconfigclitest-vm000002\"\r\n
        \   }\r\n  },\r\n  \"type\": \"Microsoft.Network/publicIPAddresses\",\r\n
        \ \"sku\": {\r\n    \"name\": \"Basic\"\r\n  }\r\n}"
    headers:
      cache-control:
      - no-cache
      content-length:
      - '1175'
      content-type:
      - application/json; charset=utf-8
      date:
      - Sat, 30 Jan 2021 05:22:27 GMT
      etag:
      - W/"ccee3c9c-cf94-4c95-9414-90034ef3f5eb"
      expires:
      - '-1'
      pragma:
      - no-cache
      server:
      - Microsoft-HTTPAPI/2.0
      - Microsoft-HTTPAPI/2.0
      strict-transport-security:
      - max-age=31536000; includeSubDomains
      transfer-encoding:
      - chunked
      vary:
      - Accept-Encoding
      x-content-type-options:
      - nosniff
      x-ms-arm-service-request-id:
      - c90d0159-679c-4410-b7b3-0016df8fe038
    status:
      code: 200
      message: OK
- request:
    body: null
    headers:
      Accept:
      - application/json
      Accept-Encoding:
      - gzip, deflate
      CommandName:
      - vm create
      Connection:
      - keep-alive
      ParameterSetName:
      - -n -g --image --admin-username --admin-password --tags --nsg-rule
      User-Agent:
      - python/3.8.5 (Windows-10-10.0.19041-SP0) msrest/0.6.18 msrest_azure/0.6.3
        azure-mgmt-resource/12.0.0 Azure-SDK-For-Python AZURECLI/2.18.0
      accept-language:
      - en-US
    method: GET
    uri: https://management.azure.com/subscriptions/00000000-0000-0000-0000-000000000000/resourcegroups/cli_test_metric_alert_v2000001?api-version=2020-10-01
  response:
    body:
      string: '{"id":"/subscriptions/00000000-0000-0000-0000-000000000000/resourceGroups/cli_test_metric_alert_v2000001","name":"cli_test_metric_alert_v2000001","type":"Microsoft.Resources/resourceGroups","location":"westus","tags":{"product":"azurecli","cause":"automation","date":"2021-01-30T05:21:10Z"},"properties":{"provisioningState":"Succeeded"}}'
    headers:
      cache-control:
      - no-cache
      content-length:
      - '428'
      content-type:
      - application/json; charset=utf-8
      date:
      - Sat, 30 Jan 2021 05:22:29 GMT
      expires:
      - '-1'
      pragma:
      - no-cache
      strict-transport-security:
      - max-age=31536000; includeSubDomains
      vary:
      - Accept-Encoding
      x-content-type-options:
      - nosniff
    status:
      code: 200
      message: OK
- request:
    body: null
    headers:
      Accept:
      - application/json, text/json
      Accept-Encoding:
      - gzip, deflate
      CommandName:
      - vm create
      Connection:
      - keep-alive
      ParameterSetName:
      - -n -g --image --admin-username --admin-password --tags --nsg-rule
      User-Agent:
      - AZURECLI/2.18.0 azsdk-python-azure-mgmt-network/17.0.0 Python/3.8.5 (Windows-10-10.0.19041-SP0)
    method: GET
    uri: https://management.azure.com/subscriptions/00000000-0000-0000-0000-000000000000/resourceGroups/cli_test_metric_alert_v2000001/providers/Microsoft.Network/virtualNetworks?api-version=2018-01-01
  response:
    body:
      string: "{\r\n  \"value\": [\r\n    {\r\n      \"name\": \"clitest-vm000002VNET\",\r\n
        \     \"id\": \"/subscriptions/00000000-0000-0000-0000-000000000000/resourceGroups/cli_test_metric_alert_v2000001/providers/Microsoft.Network/virtualNetworks/clitest-vm000002VNET\",\r\n
        \     \"etag\": \"W/\\\"06d3c935-5c78-4e4e-b8da-88c0709f9a4d\\\"\",\r\n      \"type\":
        \"Microsoft.Network/virtualNetworks\",\r\n      \"location\": \"westus\",\r\n
        \     \"tags\": {\r\n        \"MabUsed\": \"Yes\",\r\n        \"Owner\": \"sisi\",\r\n
        \       \"Purpose\": \"CLITest\",\r\n        \"DeleteBy\": \"12-2099\",\r\n
        \       \"AutoShutdown\": \"No\"\r\n      },\r\n      \"properties\": {\r\n
        \       \"provisioningState\": \"Succeeded\",\r\n        \"resourceGuid\":
        \"2d91bc9e-2e47-4a3a-8f69-d0ab8e52dad5\",\r\n        \"addressSpace\": {\r\n
        \         \"addressPrefixes\": [\r\n            \"10.0.0.0/16\"\r\n          ]\r\n
        \       },\r\n        \"subnets\": [\r\n          {\r\n            \"name\":
        \"clitest-vm000002Subnet\",\r\n            \"id\": \"/subscriptions/00000000-0000-0000-0000-000000000000/resourceGroups/cli_test_metric_alert_v2000001/providers/Microsoft.Network/virtualNetworks/clitest-vm000002VNET/subnets/clitest-vm000002Subnet\",\r\n
        \           \"etag\": \"W/\\\"06d3c935-5c78-4e4e-b8da-88c0709f9a4d\\\"\",\r\n
        \           \"properties\": {\r\n              \"provisioningState\": \"Succeeded\",\r\n
        \             \"addressPrefix\": \"10.0.0.0/24\",\r\n              \"ipConfigurations\":
        [\r\n                {\r\n                  \"id\": \"/subscriptions/00000000-0000-0000-0000-000000000000/resourceGroups/cli_test_metric_alert_v2000001/providers/Microsoft.Network/networkInterfaces/clitest-vm000002VMNic/ipConfigurations/ipconfigclitest-vm000002\"\r\n
        \               }\r\n              ]\r\n            },\r\n            \"type\":
        \"Microsoft.Network/virtualNetworks/subnets\"\r\n          }\r\n        ],\r\n
        \       \"virtualNetworkPeerings\": [],\r\n        \"enableDdosProtection\":
        false,\r\n        \"enableVmProtection\": false\r\n      }\r\n    }\r\n  ]\r\n}"
    headers:
      cache-control:
      - no-cache
      content-length:
      - '1988'
      content-type:
      - application/json; charset=utf-8
      date:
      - Sat, 30 Jan 2021 05:22:30 GMT
      expires:
      - '-1'
      pragma:
      - no-cache
      server:
      - Microsoft-HTTPAPI/2.0
      - Microsoft-HTTPAPI/2.0
      strict-transport-security:
      - max-age=31536000; includeSubDomains
      transfer-encoding:
      - chunked
      vary:
      - Accept-Encoding
      x-content-type-options:
      - nosniff
      x-ms-arm-service-request-id:
      - d4e09298-38be-460d-bd73-37f5707629bf
    status:
      code: 200
      message: OK
- request:
    body: '{"properties": {"template": {"$schema": "https://schema.management.azure.com/schemas/2015-01-01/deploymentTemplate.json#",
      "contentVersion": "1.0.0.0", "parameters": {"adminPassword": {"type": "securestring",
      "metadata": {"description": "Secure adminPassword"}}}, "variables": {}, "resources":
      [{"type": "Microsoft.Network/networkSecurityGroups", "name": "clitest-vm000003NSG",
      "apiVersion": "2015-06-15", "location": "westus", "tags": {"MabUsed": "Yes",
      "Owner": "sisi", "Purpose": "CLITest", "DeleteBy": "12-2099", "AutoShutdown":
      "No"}, "dependsOn": []}, {"apiVersion": "2018-01-01", "type": "Microsoft.Network/publicIPAddresses",
      "name": "clitest-vm000003PublicIP", "location": "westus", "tags": {"MabUsed":
      "Yes", "Owner": "sisi", "Purpose": "CLITest", "DeleteBy": "12-2099", "AutoShutdown":
      "No"}, "dependsOn": [], "properties": {"publicIPAllocationMethod": null}}, {"apiVersion":
      "2015-06-15", "type": "Microsoft.Network/networkInterfaces", "name": "clitest-vm000003VMNic",
      "location": "westus", "tags": {"MabUsed": "Yes", "Owner": "sisi", "Purpose":
      "CLITest", "DeleteBy": "12-2099", "AutoShutdown": "No"}, "dependsOn": ["Microsoft.Network/networkSecurityGroups/clitest-vm000003NSG",
      "Microsoft.Network/publicIpAddresses/clitest-vm000003PublicIP"], "properties":
      {"ipConfigurations": [{"name": "ipconfigclitest-vm000003", "properties": {"privateIPAllocationMethod":
      "Dynamic", "subnet": {"id": "/subscriptions/00000000-0000-0000-0000-000000000000/resourceGroups/cli_test_metric_alert_v2000001/providers/Microsoft.Network/virtualNetworks/clitest-vm000002VNET/subnets/clitest-vm000002Subnet"},
      "publicIPAddress": {"id": "/subscriptions/00000000-0000-0000-0000-000000000000/resourceGroups/cli_test_metric_alert_v2000001/providers/Microsoft.Network/publicIPAddresses/clitest-vm000003PublicIP"}}}],
      "networkSecurityGroup": {"id": "/subscriptions/00000000-0000-0000-0000-000000000000/resourceGroups/cli_test_metric_alert_v2000001/providers/Microsoft.Network/networkSecurityGroups/clitest-vm000003NSG"}}},
      {"apiVersion": "2020-06-01", "type": "Microsoft.Compute/virtualMachines", "name":
      "clitest-vm000003", "location": "westus", "tags": {"MabUsed": "Yes", "Owner":
      "sisi", "Purpose": "CLITest", "DeleteBy": "12-2099", "AutoShutdown": "No"},
      "dependsOn": ["Microsoft.Network/networkInterfaces/clitest-vm000003VMNic"],
      "properties": {"hardwareProfile": {"vmSize": "Standard_DS1_v2"}, "networkProfile":
      {"networkInterfaces": [{"id": "/subscriptions/00000000-0000-0000-0000-000000000000/resourceGroups/cli_test_metric_alert_v2000001/providers/Microsoft.Network/networkInterfaces/clitest-vm000003VMNic"}]},
      "storageProfile": {"osDisk": {"createOption": "fromImage", "name": null, "caching":
      "ReadWrite", "managedDisk": {"storageAccountType": null}}, "imageReference":
      {"publisher": "MicrosoftWindowsServer", "offer": "WindowsServer", "sku": "2012-R2-Datacenter",
      "version": "latest"}}, "osProfile": {"computerName": "clitest-vm000003", "adminUsername":
      "clitest-vm000003", "adminPassword": "[parameters(''adminPassword'')]"}}}],
      "outputs": {}}, "parameters": {"adminPassword": {"value": "%j^VYw9Q3Z@Cu$*h"}},
      "mode": "Incremental"}}'
    headers:
      Accept:
      - application/json
      Accept-Encoding:
      - gzip, deflate
      CommandName:
      - vm create
      Connection:
      - keep-alive
      Content-Length:
      - '3292'
      Content-Type:
      - application/json; charset=utf-8
      ParameterSetName:
      - -n -g --image --admin-username --admin-password --tags --nsg-rule
      User-Agent:
      - python/3.8.5 (Windows-10-10.0.19041-SP0) msrest/0.6.18 msrest_azure/0.6.3
        azure-mgmt-resource/12.0.0 Azure-SDK-For-Python AZURECLI/2.18.0
      accept-language:
      - en-US
    method: PUT
    uri: https://management.azure.com/subscriptions/00000000-0000-0000-0000-000000000000/resourcegroups/cli_test_metric_alert_v2000001/providers/Microsoft.Resources/deployments/mock-deployment?api-version=2020-10-01
  response:
    body:
      string: '{"id":"/subscriptions/00000000-0000-0000-0000-000000000000/resourceGroups/cli_test_metric_alert_v2000001/providers/Microsoft.Resources/deployments/vm_deploy_tF6U4R4STzVuxJaursny5tCl51UdP8s2","name":"vm_deploy_tF6U4R4STzVuxJaursny5tCl51UdP8s2","type":"Microsoft.Resources/deployments","properties":{"templateHash":"15054322652439889902","parameters":{"adminPassword":{"type":"SecureString"}},"mode":"Incremental","provisioningState":"Accepted","timestamp":"2021-01-30T05:22:37.7872234Z","duration":"PT4.8132599S","correlationId":"1f940463-2cbf-4a55-8c1e-f6d37dfbf872","providers":[{"namespace":"Microsoft.Network","resourceTypes":[{"resourceType":"networkSecurityGroups","locations":["westus"]},{"resourceType":"publicIPAddresses","locations":["westus"]},{"resourceType":"networkInterfaces","locations":["westus"]}]},{"namespace":"Microsoft.Compute","resourceTypes":[{"resourceType":"virtualMachines","locations":["westus"]}]}],"dependencies":[{"dependsOn":[{"id":"/subscriptions/00000000-0000-0000-0000-000000000000/resourceGroups/cli_test_metric_alert_v2000001/providers/Microsoft.Network/networkSecurityGroups/clitest-vm000003NSG","resourceType":"Microsoft.Network/networkSecurityGroups","resourceName":"clitest-vm000003NSG"},{"id":"/subscriptions/00000000-0000-0000-0000-000000000000/resourceGroups/cli_test_metric_alert_v2000001/providers/Microsoft.Network/publicIPAddresses/clitest-vm000003PublicIP","resourceType":"Microsoft.Network/publicIPAddresses","resourceName":"clitest-vm000003PublicIP"}],"id":"/subscriptions/00000000-0000-0000-0000-000000000000/resourceGroups/cli_test_metric_alert_v2000001/providers/Microsoft.Network/networkInterfaces/clitest-vm000003VMNic","resourceType":"Microsoft.Network/networkInterfaces","resourceName":"clitest-vm000003VMNic"},{"dependsOn":[{"id":"/subscriptions/00000000-0000-0000-0000-000000000000/resourceGroups/cli_test_metric_alert_v2000001/providers/Microsoft.Network/networkInterfaces/clitest-vm000003VMNic","resourceType":"Microsoft.Network/networkInterfaces","resourceName":"clitest-vm000003VMNic"}],"id":"/subscriptions/00000000-0000-0000-0000-000000000000/resourceGroups/cli_test_metric_alert_v2000001/providers/Microsoft.Compute/virtualMachines/clitest-vm000003","resourceType":"Microsoft.Compute/virtualMachines","resourceName":"clitest-vm000003"}]}}'
    headers:
      azure-asyncoperation:
      - https://management.azure.com/subscriptions/00000000-0000-0000-0000-000000000000/resourcegroups/cli_test_metric_alert_v2000001/providers/Microsoft.Resources/deployments/vm_deploy_tF6U4R4STzVuxJaursny5tCl51UdP8s2/operationStatuses/08585896227325036647?api-version=2020-10-01
      cache-control:
      - no-cache
      content-length:
      - '2564'
      content-type:
      - application/json; charset=utf-8
      date:
      - Sat, 30 Jan 2021 05:22:38 GMT
      expires:
      - '-1'
      pragma:
      - no-cache
      strict-transport-security:
      - max-age=31536000; includeSubDomains
      x-content-type-options:
      - nosniff
      x-ms-ratelimit-remaining-subscription-writes:
      - '1191'
    status:
      code: 201
      message: Created
- request:
    body: null
    headers:
      Accept:
      - application/json
      Accept-Encoding:
      - gzip, deflate
      CommandName:
      - vm create
      Connection:
      - keep-alive
      ParameterSetName:
      - -n -g --image --admin-username --admin-password --tags --nsg-rule
      User-Agent:
      - python/3.8.5 (Windows-10-10.0.19041-SP0) msrest/0.6.18 msrest_azure/0.6.3
        azure-mgmt-resource/12.0.0 Azure-SDK-For-Python AZURECLI/2.18.0
    method: GET
    uri: https://management.azure.com/subscriptions/00000000-0000-0000-0000-000000000000/resourcegroups/cli_test_metric_alert_v2000001/providers/Microsoft.Resources/deployments/mock-deployment/operationStatuses/08585896227325036647?api-version=2020-10-01
  response:
    body:
      string: '{"status":"Running"}'
    headers:
      cache-control:
      - no-cache
      content-length:
      - '20'
      content-type:
      - application/json; charset=utf-8
      date:
      - Sat, 30 Jan 2021 05:23:09 GMT
      expires:
      - '-1'
      pragma:
      - no-cache
      strict-transport-security:
      - max-age=31536000; includeSubDomains
      vary:
      - Accept-Encoding
      x-content-type-options:
      - nosniff
    status:
      code: 200
      message: OK
- request:
    body: null
    headers:
      Accept:
      - application/json
      Accept-Encoding:
      - gzip, deflate
      CommandName:
      - vm create
      Connection:
      - keep-alive
      ParameterSetName:
      - -n -g --image --admin-username --admin-password --tags --nsg-rule
      User-Agent:
      - python/3.8.5 (Windows-10-10.0.19041-SP0) msrest/0.6.18 msrest_azure/0.6.3
        azure-mgmt-resource/12.0.0 Azure-SDK-For-Python AZURECLI/2.18.0
    method: GET
    uri: https://management.azure.com/subscriptions/00000000-0000-0000-0000-000000000000/resourcegroups/cli_test_metric_alert_v2000001/providers/Microsoft.Resources/deployments/mock-deployment/operationStatuses/08585896227325036647?api-version=2020-10-01
  response:
    body:
      string: '{"status":"Running"}'
    headers:
      cache-control:
      - no-cache
      content-length:
      - '20'
      content-type:
      - application/json; charset=utf-8
      date:
      - Sat, 30 Jan 2021 05:23:40 GMT
      expires:
      - '-1'
      pragma:
      - no-cache
      strict-transport-security:
      - max-age=31536000; includeSubDomains
      vary:
      - Accept-Encoding
      x-content-type-options:
      - nosniff
    status:
      code: 200
      message: OK
- request:
    body: null
    headers:
      Accept:
      - application/json
      Accept-Encoding:
      - gzip, deflate
      CommandName:
      - vm create
      Connection:
      - keep-alive
      ParameterSetName:
      - -n -g --image --admin-username --admin-password --tags --nsg-rule
      User-Agent:
      - python/3.8.5 (Windows-10-10.0.19041-SP0) msrest/0.6.18 msrest_azure/0.6.3
        azure-mgmt-resource/12.0.0 Azure-SDK-For-Python AZURECLI/2.18.0
    method: GET
    uri: https://management.azure.com/subscriptions/00000000-0000-0000-0000-000000000000/resourcegroups/cli_test_metric_alert_v2000001/providers/Microsoft.Resources/deployments/mock-deployment/operationStatuses/08585896227325036647?api-version=2020-10-01
  response:
    body:
      string: '{"status":"Running"}'
    headers:
      cache-control:
      - no-cache
      content-length:
      - '20'
      content-type:
      - application/json; charset=utf-8
      date:
      - Sat, 30 Jan 2021 05:24:11 GMT
      expires:
      - '-1'
      pragma:
      - no-cache
      strict-transport-security:
      - max-age=31536000; includeSubDomains
      vary:
      - Accept-Encoding
      x-content-type-options:
      - nosniff
    status:
      code: 200
      message: OK
- request:
    body: null
    headers:
      Accept:
      - application/json
      Accept-Encoding:
      - gzip, deflate
      CommandName:
      - vm create
      Connection:
      - keep-alive
      ParameterSetName:
      - -n -g --image --admin-username --admin-password --tags --nsg-rule
      User-Agent:
      - python/3.8.5 (Windows-10-10.0.19041-SP0) msrest/0.6.18 msrest_azure/0.6.3
        azure-mgmt-resource/12.0.0 Azure-SDK-For-Python AZURECLI/2.18.0
    method: GET
    uri: https://management.azure.com/subscriptions/00000000-0000-0000-0000-000000000000/resourcegroups/cli_test_metric_alert_v2000001/providers/Microsoft.Resources/deployments/mock-deployment/operationStatuses/08585896227325036647?api-version=2020-10-01
  response:
    body:
      string: '{"status":"Succeeded"}'
    headers:
      cache-control:
      - no-cache
      content-length:
      - '22'
      content-type:
      - application/json; charset=utf-8
      date:
      - Sat, 30 Jan 2021 05:24:41 GMT
      expires:
      - '-1'
      pragma:
      - no-cache
      strict-transport-security:
      - max-age=31536000; includeSubDomains
      vary:
      - Accept-Encoding
      x-content-type-options:
      - nosniff
    status:
      code: 200
      message: OK
- request:
    body: null
    headers:
      Accept:
      - application/json
      Accept-Encoding:
      - gzip, deflate
      CommandName:
      - vm create
      Connection:
      - keep-alive
      ParameterSetName:
      - -n -g --image --admin-username --admin-password --tags --nsg-rule
      User-Agent:
      - python/3.8.5 (Windows-10-10.0.19041-SP0) msrest/0.6.18 msrest_azure/0.6.3
        azure-mgmt-resource/12.0.0 Azure-SDK-For-Python AZURECLI/2.18.0
    method: GET
    uri: https://management.azure.com/subscriptions/00000000-0000-0000-0000-000000000000/resourcegroups/cli_test_metric_alert_v2000001/providers/Microsoft.Resources/deployments/mock-deployment?api-version=2020-10-01
  response:
    body:
      string: '{"id":"/subscriptions/00000000-0000-0000-0000-000000000000/resourceGroups/cli_test_metric_alert_v2000001/providers/Microsoft.Resources/deployments/vm_deploy_tF6U4R4STzVuxJaursny5tCl51UdP8s2","name":"vm_deploy_tF6U4R4STzVuxJaursny5tCl51UdP8s2","type":"Microsoft.Resources/deployments","properties":{"templateHash":"15054322652439889902","parameters":{"adminPassword":{"type":"SecureString"}},"mode":"Incremental","provisioningState":"Succeeded","timestamp":"2021-01-30T05:24:29.6421935Z","duration":"PT1M56.66823S","correlationId":"1f940463-2cbf-4a55-8c1e-f6d37dfbf872","providers":[{"namespace":"Microsoft.Network","resourceTypes":[{"resourceType":"networkSecurityGroups","locations":["westus"]},{"resourceType":"publicIPAddresses","locations":["westus"]},{"resourceType":"networkInterfaces","locations":["westus"]}]},{"namespace":"Microsoft.Compute","resourceTypes":[{"resourceType":"virtualMachines","locations":["westus"]}]}],"dependencies":[{"dependsOn":[{"id":"/subscriptions/00000000-0000-0000-0000-000000000000/resourceGroups/cli_test_metric_alert_v2000001/providers/Microsoft.Network/networkSecurityGroups/clitest-vm000003NSG","resourceType":"Microsoft.Network/networkSecurityGroups","resourceName":"clitest-vm000003NSG"},{"id":"/subscriptions/00000000-0000-0000-0000-000000000000/resourceGroups/cli_test_metric_alert_v2000001/providers/Microsoft.Network/publicIPAddresses/clitest-vm000003PublicIP","resourceType":"Microsoft.Network/publicIPAddresses","resourceName":"clitest-vm000003PublicIP"}],"id":"/subscriptions/00000000-0000-0000-0000-000000000000/resourceGroups/cli_test_metric_alert_v2000001/providers/Microsoft.Network/networkInterfaces/clitest-vm000003VMNic","resourceType":"Microsoft.Network/networkInterfaces","resourceName":"clitest-vm000003VMNic"},{"dependsOn":[{"id":"/subscriptions/00000000-0000-0000-0000-000000000000/resourceGroups/cli_test_metric_alert_v2000001/providers/Microsoft.Network/networkInterfaces/clitest-vm000003VMNic","resourceType":"Microsoft.Network/networkInterfaces","resourceName":"clitest-vm000003VMNic"}],"id":"/subscriptions/00000000-0000-0000-0000-000000000000/resourceGroups/cli_test_metric_alert_v2000001/providers/Microsoft.Compute/virtualMachines/clitest-vm000003","resourceType":"Microsoft.Compute/virtualMachines","resourceName":"clitest-vm000003"}],"outputs":{},"outputResources":[{"id":"/subscriptions/00000000-0000-0000-0000-000000000000/resourceGroups/cli_test_metric_alert_v2000001/providers/Microsoft.Compute/virtualMachines/clitest-vm000003"},{"id":"/subscriptions/00000000-0000-0000-0000-000000000000/resourceGroups/cli_test_metric_alert_v2000001/providers/Microsoft.Network/networkInterfaces/clitest-vm000003VMNic"},{"id":"/subscriptions/00000000-0000-0000-0000-000000000000/resourceGroups/cli_test_metric_alert_v2000001/providers/Microsoft.Network/networkSecurityGroups/clitest-vm000003NSG"},{"id":"/subscriptions/00000000-0000-0000-0000-000000000000/resourceGroups/cli_test_metric_alert_v2000001/providers/Microsoft.Network/publicIPAddresses/clitest-vm000003PublicIP"}]}}'
    headers:
      cache-control:
      - no-cache
      content-length:
      - '3473'
      content-type:
      - application/json; charset=utf-8
      date:
      - Sat, 30 Jan 2021 05:24:41 GMT
      expires:
      - '-1'
      pragma:
      - no-cache
      strict-transport-security:
      - max-age=31536000; includeSubDomains
      vary:
      - Accept-Encoding
      x-content-type-options:
      - nosniff
    status:
      code: 200
      message: OK
- request:
    body: null
    headers:
      Accept:
      - application/json
      Accept-Encoding:
      - gzip, deflate
      CommandName:
      - vm create
      Connection:
      - keep-alive
      ParameterSetName:
      - -n -g --image --admin-username --admin-password --tags --nsg-rule
      User-Agent:
      - AZURECLI/2.18.0 azsdk-python-azure-mgmt-compute/18.0.0 Python/3.8.5 (Windows-10-10.0.19041-SP0)
    method: GET
    uri: https://management.azure.com/subscriptions/00000000-0000-0000-0000-000000000000/resourceGroups/cli_test_metric_alert_v2000001/providers/Microsoft.Compute/virtualMachines/clitest-vm000003?$expand=instanceView&api-version=2020-06-01
  response:
    body:
      string: "{\r\n  \"name\": \"clitest-vm000003\",\r\n  \"id\": \"/subscriptions/00000000-0000-0000-0000-000000000000/resourceGroups/cli_test_metric_alert_v2000001/providers/Microsoft.Compute/virtualMachines/clitest-vm000003\",\r\n
        \ \"type\": \"Microsoft.Compute/virtualMachines\",\r\n  \"location\": \"westus\",\r\n
        \ \"tags\": {\r\n    \"MabUsed\": \"Yes\",\r\n    \"Owner\": \"sisi\",\r\n
        \   \"Purpose\": \"CLITest\",\r\n    \"DeleteBy\": \"12-2099\",\r\n    \"AutoShutdown\":
        \"No\"\r\n  },\r\n  \"properties\": {\r\n    \"vmId\": \"63da61f1-39d9-40f5-b4c0-f3e91c0f01ac\",\r\n
        \   \"hardwareProfile\": {\r\n      \"vmSize\": \"Standard_DS1_v2\"\r\n    },\r\n
        \   \"storageProfile\": {\r\n      \"imageReference\": {\r\n        \"publisher\":
        \"MicrosoftWindowsServer\",\r\n        \"offer\": \"WindowsServer\",\r\n        \"sku\":
        \"2012-R2-Datacenter\",\r\n        \"version\": \"latest\",\r\n        \"exactVersion\":
        \"9600.19920.2101101839\"\r\n      },\r\n      \"osDisk\": {\r\n        \"osType\":
        \"Windows\",\r\n        \"name\": \"clitest-vm000003_OsDisk_1_8e7f1127ea5249adbb5e0a61960048d1\",\r\n
        \       \"createOption\": \"FromImage\",\r\n        \"caching\": \"ReadWrite\",\r\n
        \       \"managedDisk\": {\r\n          \"storageAccountType\": \"Premium_LRS\",\r\n
        \         \"id\": \"/subscriptions/00000000-0000-0000-0000-000000000000/resourceGroups/cli_test_metric_alert_v2000001/providers/Microsoft.Compute/disks/clitest-vm000003_OsDisk_1_8e7f1127ea5249adbb5e0a61960048d1\"\r\n
        \       },\r\n        \"diskSizeGB\": 127\r\n      },\r\n      \"dataDisks\":
        []\r\n    },\r\n    \"osProfile\": {\r\n      \"computerName\": \"clitest-vm000003\",\r\n
        \     \"adminUsername\": \"clitest-vm000003\",\r\n      \"windowsConfiguration\":
        {\r\n        \"provisionVMAgent\": true,\r\n        \"enableAutomaticUpdates\":
        true,\r\n        \"patchSettings\": {\r\n          \"patchMode\": \"AutomaticByOS\"\r\n
        \       }\r\n      },\r\n      \"secrets\": [],\r\n      \"allowExtensionOperations\":
        true,\r\n      \"requireGuestProvisionSignal\": true\r\n    },\r\n    \"networkProfile\":
        {\"networkInterfaces\":[{\"id\":\"/subscriptions/00000000-0000-0000-0000-000000000000/resourceGroups/cli_test_metric_alert_v2000001/providers/Microsoft.Network/networkInterfaces/clitest-vm000003VMNic\"}]},\r\n
        \   \"provisioningState\": \"Succeeded\",\r\n    \"instanceView\": {\r\n      \"vmAgent\":
        {\r\n        \"vmAgentVersion\": \"Unknown\",\r\n        \"statuses\": [\r\n
        \         {\r\n            \"code\": \"ProvisioningState/Unavailable\",\r\n
        \           \"level\": \"Warning\",\r\n            \"displayStatus\": \"Not
        Ready\",\r\n            \"message\": \"VM status blob is found but not yet
        populated.\",\r\n            \"time\": \"2021-01-30T05:24:44+00:00\"\r\n          }\r\n
        \       ]\r\n      },\r\n      \"disks\": [\r\n        {\r\n          \"name\":
        \"clitest-vm000003_OsDisk_1_8e7f1127ea5249adbb5e0a61960048d1\",\r\n          \"statuses\":
        [\r\n            {\r\n              \"code\": \"ProvisioningState/succeeded\",\r\n
        \             \"level\": \"Info\",\r\n              \"displayStatus\": \"Provisioning
        succeeded\",\r\n              \"time\": \"2021-01-30T05:23:06.979761+00:00\"\r\n
        \           }\r\n          ]\r\n        }\r\n      ],\r\n      \"hyperVGeneration\":
        \"V1\",\r\n      \"statuses\": [\r\n        {\r\n          \"code\": \"ProvisioningState/succeeded\",\r\n
        \         \"level\": \"Info\",\r\n          \"displayStatus\": \"Provisioning
        succeeded\",\r\n          \"time\": \"2021-01-30T05:24:28.2329548+00:00\"\r\n
        \       },\r\n        {\r\n          \"code\": \"PowerState/running\",\r\n
        \         \"level\": \"Info\",\r\n          \"displayStatus\": \"VM running\"\r\n
        \       }\r\n      ]\r\n    }\r\n  }\r\n}"
    headers:
      cache-control:
      - no-cache
      content-length:
      - '3420'
      content-type:
      - application/json; charset=utf-8
      date:
      - Sat, 30 Jan 2021 05:24:44 GMT
      expires:
      - '-1'
      pragma:
      - no-cache
      server:
      - Microsoft-HTTPAPI/2.0
      - Microsoft-HTTPAPI/2.0
      strict-transport-security:
      - max-age=31536000; includeSubDomains
      transfer-encoding:
      - chunked
      vary:
      - Accept-Encoding
      x-content-type-options:
      - nosniff
      x-ms-ratelimit-remaining-resource:
      - Microsoft.Compute/LowCostGet3Min;3991,Microsoft.Compute/LowCostGet30Min;31913
    status:
      code: 200
      message: OK
- request:
    body: null
    headers:
      Accept:
      - application/json, text/json
      Accept-Encoding:
      - gzip, deflate
      CommandName:
      - vm create
      Connection:
      - keep-alive
      ParameterSetName:
      - -n -g --image --admin-username --admin-password --tags --nsg-rule
      User-Agent:
      - AZURECLI/2.18.0 azsdk-python-azure-mgmt-network/17.0.0 Python/3.8.5 (Windows-10-10.0.19041-SP0)
    method: GET
    uri: https://management.azure.com/subscriptions/00000000-0000-0000-0000-000000000000/resourceGroups/cli_test_metric_alert_v2000001/providers/Microsoft.Network/networkInterfaces/clitest-vm000003VMNic?api-version=2018-01-01
  response:
    body:
      string: "{\r\n  \"name\": \"clitest-vm000003VMNic\",\r\n  \"id\": \"/subscriptions/00000000-0000-0000-0000-000000000000/resourceGroups/cli_test_metric_alert_v2000001/providers/Microsoft.Network/networkInterfaces/clitest-vm000003VMNic\",\r\n
        \ \"etag\": \"W/\\\"146ea463-a658-424a-ae1c-4ba48310fe6d\\\"\",\r\n  \"location\":
        \"westus\",\r\n  \"tags\": {\r\n    \"MabUsed\": \"Yes\",\r\n    \"Owner\":
        \"sisi\",\r\n    \"Purpose\": \"CLITest\",\r\n    \"DeleteBy\": \"12-2099\",\r\n
        \   \"AutoShutdown\": \"No\"\r\n  },\r\n  \"properties\": {\r\n    \"provisioningState\":
        \"Succeeded\",\r\n    \"resourceGuid\": \"dfb669b6-ce42-4285-af92-6417f088d11b\",\r\n
        \   \"ipConfigurations\": [\r\n      {\r\n        \"name\": \"ipconfigclitest-vm000003\",\r\n
        \       \"id\": \"/subscriptions/00000000-0000-0000-0000-000000000000/resourceGroups/cli_test_metric_alert_v2000001/providers/Microsoft.Network/networkInterfaces/clitest-vm000003VMNic/ipConfigurations/ipconfigclitest-vm000003\",\r\n
        \       \"etag\": \"W/\\\"146ea463-a658-424a-ae1c-4ba48310fe6d\\\"\",\r\n
        \       \"type\": \"Microsoft.Network/networkInterfaces/ipConfigurations\",\r\n
        \       \"properties\": {\r\n          \"provisioningState\": \"Succeeded\",\r\n
        \         \"privateIPAddress\": \"10.0.0.5\",\r\n          \"privateIPAllocationMethod\":
        \"Dynamic\",\r\n          \"publicIPAddress\": {\r\n            \"id\": \"/subscriptions/00000000-0000-0000-0000-000000000000/resourceGroups/cli_test_metric_alert_v2000001/providers/Microsoft.Network/publicIPAddresses/clitest-vm000003PublicIP\"\r\n
        \         },\r\n          \"subnet\": {\r\n            \"id\": \"/subscriptions/00000000-0000-0000-0000-000000000000/resourceGroups/cli_test_metric_alert_v2000001/providers/Microsoft.Network/virtualNetworks/clitest-vm000002VNET/subnets/clitest-vm000002Subnet\"\r\n
        \         },\r\n          \"primary\": true,\r\n          \"privateIPAddressVersion\":
        \"IPv4\"\r\n        }\r\n      }\r\n    ],\r\n    \"dnsSettings\": {\r\n      \"dnsServers\":
        [],\r\n      \"appliedDnsServers\": [],\r\n      \"internalDomainNameSuffix\":
        \"t04jclkhfy3evd1j0cvy2uw00f.dx.internal.cloudapp.net\"\r\n    },\r\n    \"macAddress\":
        \"00-22-48-05-C0-CB\",\r\n    \"enableAcceleratedNetworking\": false,\r\n
        \   \"enableIPForwarding\": false,\r\n    \"networkSecurityGroup\": {\r\n
        \     \"id\": \"/subscriptions/00000000-0000-0000-0000-000000000000/resourceGroups/cli_test_metric_alert_v2000001/providers/Microsoft.Network/networkSecurityGroups/clitest-vm000003NSG\"\r\n
        \   },\r\n    \"primary\": true,\r\n    \"virtualMachine\": {\r\n      \"id\":
        \"/subscriptions/00000000-0000-0000-0000-000000000000/resourceGroups/cli_test_metric_alert_v2000001/providers/Microsoft.Compute/virtualMachines/clitest-vm000003\"\r\n
        \   }\r\n  },\r\n  \"type\": \"Microsoft.Network/networkInterfaces\"\r\n}"
    headers:
      cache-control:
      - no-cache
      content-length:
      - '2818'
      content-type:
      - application/json; charset=utf-8
      date:
      - Sat, 30 Jan 2021 05:24:48 GMT
      etag:
      - W/"146ea463-a658-424a-ae1c-4ba48310fe6d"
      expires:
      - '-1'
      pragma:
      - no-cache
      server:
      - Microsoft-HTTPAPI/2.0
      - Microsoft-HTTPAPI/2.0
      strict-transport-security:
      - max-age=31536000; includeSubDomains
      transfer-encoding:
      - chunked
      vary:
      - Accept-Encoding
      x-content-type-options:
      - nosniff
      x-ms-arm-service-request-id:
      - 1c6407eb-50a7-4dc5-95fb-f853318d31be
    status:
      code: 200
      message: OK
- request:
    body: null
    headers:
      Accept:
      - application/json, text/json
      Accept-Encoding:
      - gzip, deflate
      CommandName:
      - vm create
      Connection:
      - keep-alive
      ParameterSetName:
      - -n -g --image --admin-username --admin-password --tags --nsg-rule
      User-Agent:
      - AZURECLI/2.18.0 azsdk-python-azure-mgmt-network/17.0.0 Python/3.8.5 (Windows-10-10.0.19041-SP0)
    method: GET
    uri: https://management.azure.com/subscriptions/00000000-0000-0000-0000-000000000000/resourceGroups/cli_test_metric_alert_v2000001/providers/Microsoft.Network/publicIPAddresses/clitest-vm000003PublicIP?api-version=2018-01-01
  response:
    body:
      string: "{\r\n  \"name\": \"clitest-vm000003PublicIP\",\r\n  \"id\": \"/subscriptions/00000000-0000-0000-0000-000000000000/resourceGroups/cli_test_metric_alert_v2000001/providers/Microsoft.Network/publicIPAddresses/clitest-vm000003PublicIP\",\r\n
        \ \"etag\": \"W/\\\"6af1c3d8-7a84-4a41-b443-fdd0e6d9a088\\\"\",\r\n  \"location\":
        \"westus\",\r\n  \"tags\": {\r\n    \"MabUsed\": \"Yes\",\r\n    \"Owner\":
        \"sisi\",\r\n    \"Purpose\": \"CLITest\",\r\n    \"DeleteBy\": \"12-2099\",\r\n
        \   \"AutoShutdown\": \"No\"\r\n  },\r\n  \"properties\": {\r\n    \"provisioningState\":
        \"Succeeded\",\r\n    \"resourceGuid\": \"e9ab2127-a29a-43e8-ad2f-ec301e922aa5\",\r\n
        \   \"ipAddress\": \"40.118.200.76\",\r\n    \"publicIPAddressVersion\": \"IPv4\",\r\n
        \   \"publicIPAllocationMethod\": \"Dynamic\",\r\n    \"idleTimeoutInMinutes\":
        4,\r\n    \"ipTags\": [],\r\n    \"ipConfiguration\": {\r\n      \"id\": \"/subscriptions/00000000-0000-0000-0000-000000000000/resourceGroups/cli_test_metric_alert_v2000001/providers/Microsoft.Network/networkInterfaces/clitest-vm000003VMNic/ipConfigurations/ipconfigclitest-vm000003\"\r\n
        \   }\r\n  },\r\n  \"type\": \"Microsoft.Network/publicIPAddresses\",\r\n
        \ \"sku\": {\r\n    \"name\": \"Basic\"\r\n  }\r\n}"
    headers:
      cache-control:
      - no-cache
      content-length:
      - '1175'
      content-type:
      - application/json; charset=utf-8
      date:
      - Sat, 30 Jan 2021 05:24:49 GMT
      etag:
      - W/"6af1c3d8-7a84-4a41-b443-fdd0e6d9a088"
      expires:
      - '-1'
      pragma:
      - no-cache
      server:
      - Microsoft-HTTPAPI/2.0
      - Microsoft-HTTPAPI/2.0
      strict-transport-security:
      - max-age=31536000; includeSubDomains
      transfer-encoding:
      - chunked
      vary:
      - Accept-Encoding
      x-content-type-options:
      - nosniff
      x-ms-arm-service-request-id:
      - 106b9826-2ad5-424a-a443-cba7f7d9d23f
    status:
      code: 200
      message: OK
- request:
    body: '{"location": "global", "properties": {"groupShortName": "ag1", "enabled":
      true, "emailReceivers": [], "smsReceivers": [], "webhookReceivers": [], "itsmReceivers":
      [], "azureAppPushReceivers": [], "automationRunbookReceivers": [], "voiceReceivers":
      [], "logicAppReceivers": [], "azureFunctionReceivers": [], "armRoleReceivers":
      []}}'
    headers:
      Accept:
      - application/json
      Accept-Encoding:
      - gzip, deflate
      CommandName:
      - monitor action-group create
      Connection:
      - keep-alive
      Content-Length:
      - '331'
      Content-Type:
      - application/json
      ParameterSetName:
      - -g -n
      User-Agent:
      - AZURECLI/2.18.0 azsdk-python-azure-mgmt-monitor/2.0.0 Python/3.8.5 (Windows-10-10.0.19041-SP0)
    method: PUT
    uri: https://management.azure.com/subscriptions/00000000-0000-0000-0000-000000000000/resourceGroups/cli_test_metric_alert_v2000001/providers/microsoft.insights/actionGroups/ag1?api-version=2019-06-01
  response:
    body:
      string: '{"id":"/subscriptions/00000000-0000-0000-0000-000000000000/resourceGroups/cli_test_metric_alert_v2000001/providers/microsoft.insights/actionGroups/ag1","type":"Microsoft.Insights/ActionGroups","name":"ag1","location":"Global","kind":null,"tags":null,"properties":{"groupShortName":"ag1","enabled":true,"emailReceivers":[],"smsReceivers":[],"webhookReceivers":[],"itsmReceivers":[],"azureAppPushReceivers":[],"automationRunbookReceivers":[],"voiceReceivers":[],"logicAppReceivers":[],"azureFunctionReceivers":[],"armRoleReceivers":[]},"identity":null}'
    headers:
      cache-control:
      - no-cache
      content-length:
      - '595'
      content-type:
      - application/json; charset=utf-8
      date:
      - Sat, 30 Jan 2021 05:24:55 GMT
      expires:
      - '-1'
      pragma:
      - no-cache
      server:
      - Microsoft-IIS/10.0
      strict-transport-security:
      - max-age=31536000; includeSubDomains
      x-content-type-options:
      - nosniff
      x-ms-ratelimit-remaining-subscription-writes:
      - '1192'
    status:
      code: 201
      message: Created
- request:
    body: '{"location": "global", "properties": {"description": "High CPU", "severity":
      2, "enabled": true, "scopes": ["/subscriptions/00000000-0000-0000-0000-000000000000/resourceGroups/cli_test_metric_alert_v2000001/providers/Microsoft.Compute/virtualMachines/clitest-vm000002",
      "/subscriptions/00000000-0000-0000-0000-000000000000/resourceGroups/cli_test_metric_alert_v2000001/providers/Microsoft.Compute/virtualMachines/clitest-vm000003"],
      "evaluationFrequency": "PT1M", "windowSize": "PT5M", "targetResourceType": "Microsoft.Compute/virtualMachines",
      "targetResourceRegion": "westus", "criteria": {"odata.type": "Microsoft.Azure.Monitor.MultipleResourceMultipleMetricCriteria",
      "allOf": [{"criterionType": "StaticThresholdCriterion", "name": "cond0", "metricName":
      "Percentage CPU", "timeAggregation": "Average", "dimensions": [], "operator":
      "GreaterThan", "threshold": 90.0}]}, "actions": [{"actionGroupId": "/subscriptions/00000000-0000-0000-0000-000000000000/resourceGroups/cli_test_metric_alert_v2000001/providers/microsoft.insights/actionGroups/ag1"}]}}'
    headers:
      Accept:
      - application/json
      Accept-Encoding:
      - gzip, deflate
      CommandName:
      - monitor metrics alert create
      Connection:
      - keep-alive
      Content-Length:
      - '1186'
      Content-Type:
      - application/json
      ParameterSetName:
      - -g -n --scopes --region --action --condition --description
      User-Agent:
      - AZURECLI/2.18.0 azsdk-python-azure-mgmt-monitor/2.0.0 Python/3.8.5 (Windows-10-10.0.19041-SP0)
    method: PUT
    uri: https://management.azure.com/subscriptions/00000000-0000-0000-0000-000000000000/resourceGroups/cli_test_metric_alert_v2000001/providers/Microsoft.Insights/metricAlerts/alert1?api-version=2018-03-01
  response:
    body:
      string: "{\r\n  \"id\": \"/subscriptions/00000000-0000-0000-0000-000000000000/resourceGroups/cli_test_metric_alert_v2000001/providers/Microsoft.Insights/metricAlerts/alert1\",\r\n
        \ \"name\": \"alert1\",\r\n  \"type\": \"Microsoft.Insights/metricAlerts\",\r\n
        \ \"location\": \"global\",\r\n  \"properties\": {\r\n    \"description\":
        \"High CPU\",\r\n    \"severity\": 2,\r\n    \"enabled\": true,\r\n    \"scopes\":
        [\r\n      \"/subscriptions/00000000-0000-0000-0000-000000000000/resourceGroups/cli_test_metric_alert_v2000001/providers/Microsoft.Compute/virtualMachines/clitest-vm000002\",\r\n
        \     \"/subscriptions/00000000-0000-0000-0000-000000000000/resourceGroups/cli_test_metric_alert_v2000001/providers/Microsoft.Compute/virtualMachines/clitest-vm000003\"\r\n
        \   ],\r\n    \"evaluationFrequency\": \"PT1M\",\r\n    \"windowSize\": \"PT5M\",\r\n
        \   \"criteria\": {\r\n      \"allOf\": [\r\n        {\r\n          \"threshold\":
        90.0,\r\n          \"name\": \"cond0\",\r\n          \"metricNamespace\":
        \"Microsoft.Compute/virtualMachines\",\r\n          \"metricName\": \"Percentage
        CPU\",\r\n          \"operator\": \"GreaterThan\",\r\n          \"timeAggregation\":
        \"Average\",\r\n          \"criterionType\": \"StaticThresholdCriterion\"\r\n
        \       }\r\n      ],\r\n      \"odata.type\": \"Microsoft.Azure.Monitor.MultipleResourceMultipleMetricCriteria\"\r\n
        \   },\r\n    \"targetResourceType\": \"Microsoft.Compute/virtualMachines\",\r\n
        \   \"targetResourceRegion\": \"westus\",\r\n    \"actions\": [\r\n      {\r\n
        \       \"actionGroupId\": \"/subscriptions/00000000-0000-0000-0000-000000000000/resourceGroups/cli_test_metric_alert_v2000001/providers/microsoft.insights/actionGroups/ag1\"\r\n
        \     }\r\n    ]\r\n  }\r\n}"
    headers:
      api-supported-versions:
      - 1.0, 2.0, 2017-09-01-preview, 2018-03-01
      cache-control:
      - no-cache
      content-length:
      - '1739'
      content-type:
      - application/json; charset=utf-8
      date:
      - Sat, 30 Jan 2021 05:25:09 GMT
      expires:
      - '-1'
      pragma:
      - no-cache
      server:
      - Microsoft-IIS/10.0
      strict-transport-security:
      - max-age=31536000; includeSubDomains
      transfer-encoding:
      - chunked
      vary:
      - Accept-Encoding
      x-aspnet-version:
      - 4.0.30319
      x-content-type-options:
      - nosniff
      x-ms-ratelimit-remaining-subscription-resource-requests:
      - '294'
      x-powered-by:
      - ASP.NET
    status:
      code: 200
      message: OK
version: 1
