interactions:
- request:
    body: null
    headers:
      Accept:
      - application/json
      Accept-Encoding:
      - gzip, deflate
      CommandName:
      - monitor activity-log alert create
      Connection:
      - keep-alive
      ParameterSetName:
      - -n -g --disable -o
      User-Agent:
      - AZURECLI/2.75.0 azsdk-python-core/1.31.0 Python/3.10.11 (Windows-10-10.0.26100-SP0)
    method: GET
    uri: https://management.azure.com/subscriptions/00000000-0000-0000-0000-000000000000/resourcegroups/clitest.rg000001?api-version=2025-04-01
  response:
    body:
      string: '{"id":"/subscriptions/00000000-0000-0000-0000-000000000000/resourceGroups/clitest.rg000001","name":"clitest.rg000001","type":"Microsoft.Resources/resourceGroups","location":"southcentralus","tags":{"product":"azurecli","cause":"automation","test":"test_monitor_create_disabled_activity_log_alert","date":"2025-07-04T08:02:12Z","module":"monitor"},"properties":{"provisioningState":"Succeeded"}}'
    headers:
      cache-control:
      - no-cache
      content-length:
      - '394'
      content-type:
      - application/json; charset=utf-8
      date:
      - Fri, 04 Jul 2025 08:02:14 GMT
      expires:
      - '-1'
      pragma:
      - no-cache
      strict-transport-security:
      - max-age=31536000; includeSubDomains
      x-cache:
      - CONFIG_NOCACHE
      x-content-type-options:
      - nosniff
      x-ms-ratelimit-remaining-subscription-global-reads:
      - '3749'
      x-msedge-ref:
      - 'Ref A: EF8C618AC7C6497AA188583A57AD387E Ref B: TYO201100116045 Ref C: 2025-07-04T08:02:13Z'
    status:
      code: 200
      message: OK
- request:
    body: null
    headers:
      Accept:
      - application/json
      Accept-Encoding:
      - gzip, deflate
      CommandName:
      - monitor activity-log alert create
      Connection:
      - keep-alive
      ParameterSetName:
      - -n -g --disable -o
      User-Agent:
      - AZURECLI/2.75.0 azsdk-python-core/1.31.0 Python/3.10.11 (Windows-10-10.0.26100-SP0)
    method: GET
    uri: https://management.azure.com/subscriptions/00000000-0000-0000-0000-000000000000/resourceGroups/clitest.rg000001/providers/Microsoft.Insights/activityLogAlerts/clialert000002?api-version=2020-10-01
  response:
    body:
      string: '{"error":{"code":"ResourceNotFound","message":"The Resource ''Microsoft.Insights/activityLogAlerts/clialert000002''
        under resource group ''clitest.rg000001'' was not found. For more details
        please go to https://aka.ms/ARMResourceNotFoundFix"}}'
    headers:
      cache-control:
      - no-cache
      content-length:
      - '239'
      content-type:
      - application/json; charset=utf-8
      date:
      - Fri, 04 Jul 2025 08:02:14 GMT
      expires:
      - '-1'
      pragma:
      - no-cache
      strict-transport-security:
      - max-age=31536000; includeSubDomains
      x-cache:
      - CONFIG_NOCACHE
      x-content-type-options:
      - nosniff
      x-ms-failure-cause:
      - gateway
      x-msedge-ref:
      - 'Ref A: 08203DD07CE240F7A534D9C3ED316D10 Ref B: TYO201100115037 Ref C: 2025-07-04T08:02:15Z'
    status:
      code: 404
      message: Not Found
- request:
    body: '{"location": "Global", "properties": {"actions": {"actionGroups": []},
      "condition": {"allOf": [{"equals": "ServiceHealth", "field": "category"}]},
      "enabled": false, "scopes": ["/subscriptions/00000000-0000-0000-0000-000000000000"]}}'
    headers:
      Accept:
      - application/json
      Accept-Encoding:
      - gzip, deflate
      CommandName:
      - monitor activity-log alert create
      Connection:
      - keep-alive
      Content-Length:
      - '232'
      Content-Type:
      - application/json
      ParameterSetName:
      - -n -g --disable -o
      User-Agent:
      - AZURECLI/2.75.0 azsdk-python-core/1.31.0 Python/3.10.11 (Windows-10-10.0.26100-SP0)
    method: PUT
    uri: https://management.azure.com/subscriptions/00000000-0000-0000-0000-000000000000/resourceGroups/clitest.rg000001/providers/Microsoft.Insights/activityLogAlerts/clialert000002?api-version=2020-10-01
  response:
    body:
      string: "{\r\n  \"id\": \"/subscriptions/00000000-0000-0000-0000-000000000000/resourceGroups/clitest.rg000001/providers/Microsoft.Insights/activityLogAlerts/clialert000002\",\r\n
        \ \"name\": \"clialert000002\",\r\n  \"type\": \"Microsoft.Insights/ActivityLogAlerts\",\r\n
        \ \"location\": \"Global\",\r\n  \"properties\": {\r\n    \"scopes\": [\r\n
        \     \"/subscriptions/00000000-0000-0000-0000-000000000000\"\r\n    ],\r\n
        \   \"condition\": {\r\n      \"allOf\": [\r\n        {\r\n          \"field\":
        \"category\",\r\n          \"equals\": \"ServiceHealth\"\r\n        }\r\n
        \     ]\r\n    },\r\n    \"actions\": {\r\n      \"actionGroups\": []\r\n
        \   },\r\n    \"enabled\": false\r\n  }\r\n}"
    headers:
      api-supported-versions:
      - 2017-03-01-preview, 2017-04-01, 2020-10-01, 2023-01-01-preview
      arr-disable-session-affinity:
      - 'true'
      cache-control:
      - no-cache
      content-length:
      - '597'
      content-type:
      - application/json; charset=utf-8
      date:
      - Fri, 04 Jul 2025 08:02:18 GMT
      expires:
      - '-1'
      pragma:
      - no-cache
      strict-transport-security:
      - max-age=31536000; includeSubDomains
      x-aspnet-version:
      - 4.0.30319
      x-cache:
      - CONFIG_NOCACHE
      x-content-type-options:
      - nosniff
      x-ms-operation-identifier:
      - tenantId=213e87ed-8e08-4eb4-a63c-c073058f7b00,objectId=5c08bcb5-6bd6-45f5-b8be-e844d7d448d9/japanwest/40797afd-5ffc-4dcc-9fb0-54359bac00fe
      x-ms-ratelimit-remaining-subscription-global-writes:
      - '2999'
      x-ms-ratelimit-remaining-subscription-writes:
      - '199'
      x-msedge-ref:
      - 'Ref A: 115E55CBC4224F67A628FC17060720B0 Ref B: TYO201100117049 Ref C: 2025-07-04T08:02:15Z'
      x-powered-by:
      - ASP.NET
    status:
      code: 201
      message: Created
version: 1
