interactions:
- request:
    body: null
    headers:
      Accept:
      - application/json
      Accept-Encoding:
      - gzip, deflate
      CommandName:
      - vmss create
      Connection:
      - keep-alive
      ParameterSetName:
      - -g -n --image --admin-username --admin-password --instance-count
      User-Agent:
      - AZURECLI/2.33.0 azsdk-python-azure-mgmt-resource/20.0.0 Python/3.10.0 (Windows-10-10.0.19043-SP0)
    method: GET
    uri: https://management.azure.com/subscriptions/00000000-0000-0000-0000-000000000000/resourcegroups/cli_test_monitor_autoscale_rule_with_dimensions000001?api-version=2021-04-01
  response:
    body:
      string: '{"id":"/subscriptions/00000000-0000-0000-0000-000000000000/resourceGroups/cli_test_monitor_autoscale_rule_with_dimensions000001","name":"cli_test_monitor_autoscale_rule_with_dimensions000001","type":"Microsoft.Resources/resourceGroups","location":"westus","tags":{"product":"azurecli","cause":"automation","date":"2022-02-23T05:45:20Z"},"properties":{"provisioningState":"Succeeded"}}'
    headers:
      cache-control:
      - no-cache
      content-length:
      - '384'
      content-type:
      - application/json; charset=utf-8
      date:
      - Wed, 23 Feb 2022 05:45:21 GMT
      expires:
      - '-1'
      pragma:
      - no-cache
      strict-transport-security:
      - max-age=31536000; includeSubDomains
      vary:
      - Accept-Encoding
      x-content-type-options:
      - nosniff
    status:
      code: 200
      message: OK
- request:
    body: null
    headers:
      Accept:
      - '*/*'
      Accept-Encoding:
      - gzip, deflate
      Connection:
      - keep-alive
      User-Agent:
      - python-requests/2.26.0
    method: GET
    uri: https://raw.githubusercontent.com/Azure/azure-rest-api-specs/main/arm-compute/quickstart-templates/aliases.json
  response:
    body:
      string: "{\n  \"$schema\": \"http://schema.management.azure.com/schemas/2015-01-01/deploymentTemplate.json\",\n
        \ \"contentVersion\": \"1.0.0.0\",\n  \"parameters\": {},\n  \"variables\":
        {},\n  \"resources\": [],\n  \"outputs\": {\n    \"aliases\": {\n      \"type\":
        \"object\",\n      \"value\": {\n        \"Linux\": {\n          \"CentOS\":
        {\n            \"publisher\": \"OpenLogic\",\n            \"offer\": \"CentOS\",\n
        \           \"sku\": \"7.5\",\n            \"version\": \"latest\"\n          },\n
        \         \"Debian\": {\n            \"publisher\": \"Debian\",\n            \"offer\":
        \"debian-10\",\n            \"sku\": \"10\",\n            \"version\": \"latest\"\n
        \         },\n          \"Flatcar\": {\n            \"publisher\": \"kinvolk\",\n
        \           \"offer\": \"flatcar-container-linux-free\",\n            \"sku\":
        \"stable\",\n            \"version\": \"latest\"\n          },\n          \"openSUSE-Leap\":
        {\n            \"publisher\": \"SUSE\",\n            \"offer\": \"opensuse-leap-15-3\",\n
        \           \"sku\": \"gen2\",\n            \"version\": \"latest\"\n          },\n
        \         \"RHEL\": {\n            \"publisher\": \"RedHat\",\n            \"offer\":
        \"RHEL\",\n            \"sku\": \"7-LVM\",\n            \"version\": \"latest\"\n
        \         },\n          \"SLES\": {\n            \"publisher\": \"SUSE\",\n
        \           \"offer\": \"sles-15-sp3\",\n            \"sku\": \"gen2\",\n
        \           \"version\": \"latest\"\n          },\n          \"UbuntuLTS\":
        {\n            \"publisher\": \"Canonical\",\n            \"offer\": \"UbuntuServer\",\n
        \           \"sku\": \"18.04-LTS\",\n            \"version\": \"latest\"\n
        \         }\n        },\n        \"Windows\": {\n          \"Win2022Datacenter\":
        {\n            \"publisher\": \"MicrosoftWindowsServer\",\n            \"offer\":
        \"WindowsServer\",\n            \"sku\": \"2022-Datacenter\",\n            \"version\":
        \"latest\"\n          },\n          \"Win2019Datacenter\": {\n            \"publisher\":
        \"MicrosoftWindowsServer\",\n            \"offer\": \"WindowsServer\",\n            \"sku\":
        \"2019-Datacenter\",\n            \"version\": \"latest\"\n          },\n
        \         \"Win2016Datacenter\": {\n            \"publisher\": \"MicrosoftWindowsServer\",\n
        \           \"offer\": \"WindowsServer\",\n            \"sku\": \"2016-Datacenter\",\n
        \           \"version\": \"latest\"\n          },\n          \"Win2012R2Datacenter\":
        {\n            \"publisher\": \"MicrosoftWindowsServer\",\n            \"offer\":
        \"WindowsServer\",\n            \"sku\": \"2012-R2-Datacenter\",\n            \"version\":
        \"latest\"\n          },\n          \"Win2012Datacenter\": {\n            \"publisher\":
        \"MicrosoftWindowsServer\",\n            \"offer\": \"WindowsServer\",\n            \"sku\":
        \"2012-Datacenter\",\n            \"version\": \"latest\"\n          },\n
        \         \"Win2008R2SP1\": {\n            \"publisher\": \"MicrosoftWindowsServer\",\n
        \           \"offer\": \"WindowsServer\",\n            \"sku\": \"2008-R2-SP1\",\n
        \           \"version\": \"latest\"\n          }\n        }\n      }\n    }\n
        \ }\n}\n"
    headers:
      accept-ranges:
      - bytes
      access-control-allow-origin:
      - '*'
      cache-control:
      - max-age=300
      connection:
      - keep-alive
      content-length:
      - '2744'
      content-security-policy:
      - default-src 'none'; style-src 'unsafe-inline'; sandbox
      content-type:
      - text/plain; charset=utf-8
      date:
      - Wed, 23 Feb 2022 05:45:22 GMT
      etag:
      - W/"d5acead0b38a79d988c245a7a15ec01f999da9244c97bbdc1fa2ec70d9e433f5"
      expires:
      - Wed, 23 Feb 2022 05:50:22 GMT
      source-age:
      - '57'
      strict-transport-security:
      - max-age=31536000
      vary:
      - Authorization,Accept-Encoding,Origin
      via:
      - 1.1 varnish
      x-cache:
      - HIT
      x-cache-hits:
      - '1'
      x-content-type-options:
      - nosniff
      x-fastly-request-id:
      - deb389e9189e0ef3a428d4a074fc2338bec334f4
      x-frame-options:
      - deny
      x-github-request-id:
      - 7C36:01D4:3AA050:48A76D:62158E03
      x-served-by:
      - cache-qpg1279-QPG
      x-timer:
      - S1645595122.306741,VS0,VE1
      x-xss-protection:
      - 1; mode=block
    status:
      code: 200
      message: OK
- request:
    body: null
    headers:
      Accept:
      - application/json, text/json
      Accept-Encoding:
      - gzip, deflate
      CommandName:
      - vmss create
      Connection:
      - keep-alive
      ParameterSetName:
      - -g -n --image --admin-username --admin-password --instance-count
      User-Agent:
      - AZURECLI/2.33.0 azsdk-python-azure-mgmt-network/19.3.0 Python/3.10.0 (Windows-10-10.0.19043-SP0)
    method: GET
    uri: https://management.azure.com/subscriptions/00000000-0000-0000-0000-000000000000/resourceGroups/cli_test_monitor_autoscale_rule_with_dimensions000001/providers/Microsoft.Network/virtualNetworks?api-version=2018-01-01
  response:
    body:
      string: '{"value":[]}'
    headers:
      cache-control:
      - no-cache
      content-length:
      - '12'
      content-type:
      - application/json; charset=utf-8
      date:
      - Wed, 23 Feb 2022 05:45:22 GMT
      expires:
      - '-1'
      pragma:
      - no-cache
      strict-transport-security:
      - max-age=31536000; includeSubDomains
      vary:
      - Accept-Encoding
      x-content-type-options:
      - nosniff
    status:
      code: 200
      message: OK
- request:
    body: '{"properties": {"template": {"$schema": "https://schema.management.azure.com/schemas/2015-01-01/deploymentTemplate.json#",
      "contentVersion": "1.0.0.0", "parameters": {"adminPassword": {"type": "securestring",
      "metadata": {"description": "Secure adminPassword"}}}, "variables": {}, "resources":
      [{"name": "vmss1VNET", "type": "Microsoft.Network/virtualNetworks", "location":
      "westus", "apiVersion": "2015-06-15", "dependsOn": [], "tags": {}, "properties":
      {"addressSpace": {"addressPrefixes": ["10.0.0.0/16"]}, "subnets": [{"name":
      "vmss1Subnet", "properties": {"addressPrefix": "10.0.0.0/24"}}]}}, {"apiVersion":
      "2018-01-01", "type": "Microsoft.Network/publicIPAddresses", "name": "vmss1LBPublicIP",
      "location": "westus", "tags": {}, "dependsOn": [], "properties": {"publicIPAllocationMethod":
      "Dynamic"}}, {"type": "Microsoft.Network/loadBalancers", "name": "vmss1LB",
      "location": "westus", "tags": {}, "apiVersion": "2018-01-01", "dependsOn": ["Microsoft.Network/virtualNetworks/vmss1VNET",
      "Microsoft.Network/publicIpAddresses/vmss1LBPublicIP"], "properties": {"backendAddressPools":
      [{"name": "vmss1LBBEPool"}], "frontendIPConfigurations": [{"name": "loadBalancerFrontEnd",
      "properties": {"publicIPAddress": {"id": "/subscriptions/00000000-0000-0000-0000-000000000000/resourceGroups/cli_test_monitor_autoscale_rule_with_dimensions000001/providers/Microsoft.Network/publicIPAddresses/vmss1LBPublicIP"}}}],
      "inboundNatPools": [{"name": "vmss1LBNatPool", "properties": {"frontendIPConfiguration":
      {"id": "[concat(resourceId(''Microsoft.Network/loadBalancers'', ''vmss1LB''),
      ''/frontendIPConfigurations/'', ''loadBalancerFrontEnd'')]"}, "protocol": "tcp",
      "frontendPortRangeStart": "50000", "frontendPortRangeEnd": "50119", "backendPort":
      22}}]}}, {"type": "Microsoft.Compute/virtualMachineScaleSets", "name": "vmss1",
      "location": "westus", "tags": {}, "apiVersion": "2021-11-01", "dependsOn": ["Microsoft.Network/virtualNetworks/vmss1VNET",
      "Microsoft.Network/loadBalancers/vmss1LB"], "properties": {"overprovision":
      true, "upgradePolicy": {"mode": "manual", "rollingUpgradePolicy": {}}, "singlePlacementGroup":
      null, "virtualMachineProfile": {"storageProfile": {"osDisk": {"createOption":
      "FromImage", "caching": "ReadWrite", "managedDisk": {"storageAccountType": null}},
      "imageReference": {"publisher": "Canonical", "offer": "UbuntuServer", "sku":
      "18.04-LTS", "version": "latest"}}, "osProfile": {"computerNamePrefix": "vmss1f363",
      "adminUsername": "testadmin", "adminPassword": "[parameters(''adminPassword'')]"},
      "networkProfile": {"networkInterfaceConfigurations": [{"name": "vmss1f363Nic",
      "properties": {"ipConfigurations": [{"name": "vmss1f363IPConfig", "properties":
      {"subnet": {"id": "/subscriptions/00000000-0000-0000-0000-000000000000/resourceGroups/cli_test_monitor_autoscale_rule_with_dimensions000001/providers/Microsoft.Network/virtualNetworks/vmss1VNET/subnets/vmss1Subnet"},
      "loadBalancerBackendAddressPools": [{"id": "/subscriptions/00000000-0000-0000-0000-000000000000/resourceGroups/cli_test_monitor_autoscale_rule_with_dimensions000001/providers/Microsoft.Network/loadBalancers/vmss1LB/backendAddressPools/vmss1LBBEPool"}],
      "loadBalancerInboundNatPools": [{"id": "/subscriptions/00000000-0000-0000-0000-000000000000/resourceGroups/cli_test_monitor_autoscale_rule_with_dimensions000001/providers/Microsoft.Network/loadBalancers/vmss1LB/inboundNatPools/vmss1LBNatPool"}]}}],
      "primary": "true"}}]}}, "orchestrationMode": "Uniform"}, "sku": {"name": "Standard_DS1_v2",
      "capacity": 2}}], "outputs": {"VMSS": {"type": "object", "value": "[reference(resourceId(''Microsoft.Compute/virtualMachineScaleSets'',
      ''vmss1''),providers(''Microsoft.Compute'', ''virtualMachineScaleSets'').apiVersions[0])]"}}},
      "parameters": {"adminPassword": {"value": "TestTest12#$"}}, "mode": "incremental"}}'
    headers:
      Accept:
      - application/json
      Accept-Encoding:
      - gzip, deflate
      CommandName:
      - vmss create
      Connection:
      - keep-alive
      Content-Length:
      - '3787'
      Content-Type:
      - application/json
      ParameterSetName:
      - -g -n --image --admin-username --admin-password --instance-count
      User-Agent:
      - AZURECLI/2.33.0 azsdk-python-azure-mgmt-resource/20.0.0 Python/3.10.0 (Windows-10-10.0.19043-SP0)
    method: PUT
    uri: https://management.azure.com/subscriptions/00000000-0000-0000-0000-000000000000/resourcegroups/cli_test_monitor_autoscale_rule_with_dimensions000001/providers/Microsoft.Resources/deployments/mock-deployment?api-version=2021-04-01
  response:
    body:
      string: '{"id":"/subscriptions/00000000-0000-0000-0000-000000000000/resourceGroups/cli_test_monitor_autoscale_rule_with_dimensions000001/providers/Microsoft.Resources/deployments/vmss_deploy_May0L7AUZ9vmDAY7OUqA6y1qlcFuMKI0","name":"vmss_deploy_May0L7AUZ9vmDAY7OUqA6y1qlcFuMKI0","type":"Microsoft.Resources/deployments","properties":{"templateHash":"15358761469109178119","parameters":{"adminPassword":{"type":"SecureString"}},"mode":"Incremental","provisioningState":"Accepted","timestamp":"2022-02-23T05:45:34.8333039Z","duration":"PT0.0001098S","correlationId":"198491f5-dbe3-45f9-bfd6-214483384b9e","providers":[{"namespace":"Microsoft.Network","resourceTypes":[{"resourceType":"virtualNetworks","locations":["westus"]},{"resourceType":"publicIPAddresses","locations":["westus"]},{"resourceType":"loadBalancers","locations":["westus"]}]},{"namespace":"Microsoft.Compute","resourceTypes":[{"resourceType":"virtualMachineScaleSets","locations":["westus"]}]}],"dependencies":[{"dependsOn":[{"id":"/subscriptions/00000000-0000-0000-0000-000000000000/resourceGroups/cli_test_monitor_autoscale_rule_with_dimensions000001/providers/Microsoft.Network/virtualNetworks/vmss1VNET","resourceType":"Microsoft.Network/virtualNetworks","resourceName":"vmss1VNET"},{"id":"/subscriptions/00000000-0000-0000-0000-000000000000/resourceGroups/cli_test_monitor_autoscale_rule_with_dimensions000001/providers/Microsoft.Network/publicIPAddresses/vmss1LBPublicIP","resourceType":"Microsoft.Network/publicIPAddresses","resourceName":"vmss1LBPublicIP"}],"id":"/subscriptions/00000000-0000-0000-0000-000000000000/resourceGroups/cli_test_monitor_autoscale_rule_with_dimensions000001/providers/Microsoft.Network/loadBalancers/vmss1LB","resourceType":"Microsoft.Network/loadBalancers","resourceName":"vmss1LB"},{"dependsOn":[{"id":"/subscriptions/00000000-0000-0000-0000-000000000000/resourceGroups/cli_test_monitor_autoscale_rule_with_dimensions000001/providers/Microsoft.Network/virtualNetworks/vmss1VNET","resourceType":"Microsoft.Network/virtualNetworks","resourceName":"vmss1VNET"},{"id":"/subscriptions/00000000-0000-0000-0000-000000000000/resourceGroups/cli_test_monitor_autoscale_rule_with_dimensions000001/providers/Microsoft.Network/loadBalancers/vmss1LB","resourceType":"Microsoft.Network/loadBalancers","resourceName":"vmss1LB"}],"id":"/subscriptions/00000000-0000-0000-0000-000000000000/resourceGroups/cli_test_monitor_autoscale_rule_with_dimensions000001/providers/Microsoft.Compute/virtualMachineScaleSets/vmss1","resourceType":"Microsoft.Compute/virtualMachineScaleSets","resourceName":"vmss1"}]}}'
    headers:
      azure-asyncoperation:
      - https://management.azure.com/subscriptions/00000000-0000-0000-0000-000000000000/resourcegroups/cli_test_monitor_autoscale_rule_with_dimensions000001/providers/Microsoft.Resources/deployments/vmss_deploy_May0L7AUZ9vmDAY7OUqA6y1qlcFuMKI0/operationStatuses/08585560117533246828?api-version=2021-04-01
      cache-control:
      - no-cache
      content-length:
      - '2578'
      content-type:
      - application/json; charset=utf-8
      date:
      - Wed, 23 Feb 2022 05:45:36 GMT
      expires:
      - '-1'
      pragma:
      - no-cache
      strict-transport-security:
      - max-age=31536000; includeSubDomains
      x-content-type-options:
      - nosniff
      x-ms-ratelimit-remaining-subscription-writes:
      - '1194'
    status:
      code: 201
      message: Created
- request:
    body: null
    headers:
      Accept:
      - '*/*'
      Accept-Encoding:
      - gzip, deflate
      CommandName:
      - vmss create
      Connection:
      - keep-alive
      ParameterSetName:
      - -g -n --image --admin-username --admin-password --instance-count
      User-Agent:
      - AZURECLI/2.33.0 azsdk-python-azure-mgmt-resource/20.0.0 Python/3.10.0 (Windows-10-10.0.19043-SP0)
    method: GET
    uri: https://management.azure.com/subscriptions/00000000-0000-0000-0000-000000000000/resourcegroups/cli_test_monitor_autoscale_rule_with_dimensions000001/providers/Microsoft.Resources/deployments/mock-deployment/operationStatuses/08585560117533246828?api-version=2021-04-01
  response:
    body:
      string: '{"status":"Running"}'
    headers:
      cache-control:
      - no-cache
      content-length:
      - '20'
      content-type:
      - application/json; charset=utf-8
      date:
      - Wed, 23 Feb 2022 05:46:07 GMT
      expires:
      - '-1'
      pragma:
      - no-cache
      strict-transport-security:
      - max-age=31536000; includeSubDomains
      vary:
      - Accept-Encoding
      x-content-type-options:
      - nosniff
    status:
      code: 200
      message: OK
- request:
    body: null
    headers:
      Accept:
      - '*/*'
      Accept-Encoding:
      - gzip, deflate
      CommandName:
      - vmss create
      Connection:
      - keep-alive
      ParameterSetName:
      - -g -n --image --admin-username --admin-password --instance-count
      User-Agent:
      - AZURECLI/2.33.0 azsdk-python-azure-mgmt-resource/20.0.0 Python/3.10.0 (Windows-10-10.0.19043-SP0)
    method: GET
    uri: https://management.azure.com/subscriptions/00000000-0000-0000-0000-000000000000/resourcegroups/cli_test_monitor_autoscale_rule_with_dimensions000001/providers/Microsoft.Resources/deployments/mock-deployment/operationStatuses/08585560117533246828?api-version=2021-04-01
  response:
    body:
      string: '{"status":"Succeeded"}'
    headers:
      cache-control:
      - no-cache
      content-length:
      - '22'
      content-type:
      - application/json; charset=utf-8
      date:
      - Wed, 23 Feb 2022 05:46:38 GMT
      expires:
      - '-1'
      pragma:
      - no-cache
      strict-transport-security:
      - max-age=31536000; includeSubDomains
      vary:
      - Accept-Encoding
      x-content-type-options:
      - nosniff
    status:
      code: 200
      message: OK
- request:
    body: null
    headers:
      Accept:
      - '*/*'
      Accept-Encoding:
      - gzip, deflate
      CommandName:
      - vmss create
      Connection:
      - keep-alive
      ParameterSetName:
      - -g -n --image --admin-username --admin-password --instance-count
      User-Agent:
      - AZURECLI/2.33.0 azsdk-python-azure-mgmt-resource/20.0.0 Python/3.10.0 (Windows-10-10.0.19043-SP0)
    method: GET
    uri: https://management.azure.com/subscriptions/00000000-0000-0000-0000-000000000000/resourcegroups/cli_test_monitor_autoscale_rule_with_dimensions000001/providers/Microsoft.Resources/deployments/mock-deployment?api-version=2021-04-01
  response:
    body:
      string: '{"id":"/subscriptions/00000000-0000-0000-0000-000000000000/resourceGroups/cli_test_monitor_autoscale_rule_with_dimensions000001/providers/Microsoft.Resources/deployments/vmss_deploy_May0L7AUZ9vmDAY7OUqA6y1qlcFuMKI0","name":"vmss_deploy_May0L7AUZ9vmDAY7OUqA6y1qlcFuMKI0","type":"Microsoft.Resources/deployments","properties":{"templateHash":"15358761469109178119","parameters":{"adminPassword":{"type":"SecureString"}},"mode":"Incremental","provisioningState":"Succeeded","timestamp":"2022-02-23T05:46:37.5012722Z","duration":"PT1M2.6680781S","correlationId":"198491f5-dbe3-45f9-bfd6-214483384b9e","providers":[{"namespace":"Microsoft.Network","resourceTypes":[{"resourceType":"virtualNetworks","locations":["westus"]},{"resourceType":"publicIPAddresses","locations":["westus"]},{"resourceType":"loadBalancers","locations":["westus"]}]},{"namespace":"Microsoft.Compute","resourceTypes":[{"resourceType":"virtualMachineScaleSets","locations":["westus"]}]}],"dependencies":[{"dependsOn":[{"id":"/subscriptions/00000000-0000-0000-0000-000000000000/resourceGroups/cli_test_monitor_autoscale_rule_with_dimensions000001/providers/Microsoft.Network/virtualNetworks/vmss1VNET","resourceType":"Microsoft.Network/virtualNetworks","resourceName":"vmss1VNET"},{"id":"/subscriptions/00000000-0000-0000-0000-000000000000/resourceGroups/cli_test_monitor_autoscale_rule_with_dimensions000001/providers/Microsoft.Network/publicIPAddresses/vmss1LBPublicIP","resourceType":"Microsoft.Network/publicIPAddresses","resourceName":"vmss1LBPublicIP"}],"id":"/subscriptions/00000000-0000-0000-0000-000000000000/resourceGroups/cli_test_monitor_autoscale_rule_with_dimensions000001/providers/Microsoft.Network/loadBalancers/vmss1LB","resourceType":"Microsoft.Network/loadBalancers","resourceName":"vmss1LB"},{"dependsOn":[{"id":"/subscriptions/00000000-0000-0000-0000-000000000000/resourceGroups/cli_test_monitor_autoscale_rule_with_dimensions000001/providers/Microsoft.Network/virtualNetworks/vmss1VNET","resourceType":"Microsoft.Network/virtualNetworks","resourceName":"vmss1VNET"},{"id":"/subscriptions/00000000-0000-0000-0000-000000000000/resourceGroups/cli_test_monitor_autoscale_rule_with_dimensions000001/providers/Microsoft.Network/loadBalancers/vmss1LB","resourceType":"Microsoft.Network/loadBalancers","resourceName":"vmss1LB"}],"id":"/subscriptions/00000000-0000-0000-0000-000000000000/resourceGroups/cli_test_monitor_autoscale_rule_with_dimensions000001/providers/Microsoft.Compute/virtualMachineScaleSets/vmss1","resourceType":"Microsoft.Compute/virtualMachineScaleSets","resourceName":"vmss1"}],"outputs":{"vmss":{"type":"Object","value":{"singlePlacementGroup":true,"upgradePolicy":{"mode":"Manual","rollingUpgradePolicy":{"maxBatchInstancePercent":20,"maxUnhealthyInstancePercent":20,"maxUnhealthyUpgradedInstancePercent":20,"pauseTimeBetweenBatches":"PT0S"}},"virtualMachineProfile":{"osProfile":{"computerNamePrefix":"vmss1f363","adminUsername":"testadmin","linuxConfiguration":{"disablePasswordAuthentication":false,"provisionVMAgent":true},"secrets":[],"allowExtensionOperations":true,"requireGuestProvisionSignal":true},"storageProfile":{"osDisk":{"osType":"Linux","createOption":"FromImage","caching":"ReadWrite","managedDisk":{"storageAccountType":"Premium_LRS"},"diskSizeGB":30},"imageReference":{"publisher":"Canonical","offer":"UbuntuServer","sku":"18.04-LTS","version":"latest"}},"networkProfile":{"networkInterfaceConfigurations":[{"name":"vmss1f363Nic","properties":{"primary":true,"enableAcceleratedNetworking":false,"dnsSettings":{"dnsServers":[]},"enableIPForwarding":false,"ipConfigurations":[{"name":"vmss1f363IPConfig","properties":{"subnet":{"id":"/subscriptions/00000000-0000-0000-0000-000000000000/resourceGroups/cli_test_monitor_autoscale_rule_with_dimensions000001/providers/Microsoft.Network/virtualNetworks/vmss1VNET/subnets/vmss1Subnet"},"privateIPAddressVersion":"IPv4","loadBalancerBackendAddressPools":[{"id":"/subscriptions/00000000-0000-0000-0000-000000000000/resourceGroups/cli_test_monitor_autoscale_rule_with_dimensions000001/providers/Microsoft.Network/loadBalancers/vmss1LB/backendAddressPools/vmss1LBBEPool"}],"loadBalancerInboundNatPools":[{"id":"/subscriptions/00000000-0000-0000-0000-000000000000/resourceGroups/cli_test_monitor_autoscale_rule_with_dimensions000001/providers/Microsoft.Network/loadBalancers/vmss1LB/inboundNatPools/vmss1LBNatPool"}]}}]}}]}},"provisioningState":"Succeeded","overprovision":true,"doNotRunExtensionsOnOverprovisionedVMs":false,"uniqueId":"f76e5c2e-09a6-4b3b-b14a-cf80fc017556","timeCreated":"2022-02-23T05:45:51.7886606+00:00"}}},"outputResources":[{"id":"/subscriptions/00000000-0000-0000-0000-000000000000/resourceGroups/cli_test_monitor_autoscale_rule_with_dimensions000001/providers/Microsoft.Compute/virtualMachineScaleSets/vmss1"},{"id":"/subscriptions/00000000-0000-0000-0000-000000000000/resourceGroups/cli_test_monitor_autoscale_rule_with_dimensions000001/providers/Microsoft.Network/loadBalancers/vmss1LB"},{"id":"/subscriptions/00000000-0000-0000-0000-000000000000/resourceGroups/cli_test_monitor_autoscale_rule_with_dimensions000001/providers/Microsoft.Network/publicIPAddresses/vmss1LBPublicIP"},{"id":"/subscriptions/00000000-0000-0000-0000-000000000000/resourceGroups/cli_test_monitor_autoscale_rule_with_dimensions000001/providers/Microsoft.Network/virtualNetworks/vmss1VNET"}]}}'
    headers:
      cache-control:
      - no-cache
      content-length:
      - '5354'
      content-type:
      - application/json; charset=utf-8
      date:
      - Wed, 23 Feb 2022 05:46:39 GMT
      expires:
      - '-1'
      pragma:
      - no-cache
      strict-transport-security:
      - max-age=31536000; includeSubDomains
      vary:
      - Accept-Encoding
      x-content-type-options:
      - nosniff
    status:
      code: 200
      message: OK
- request:
    body: null
    headers:
      Accept:
      - application/json
      Accept-Encoding:
      - gzip, deflate
      CommandName:
      - vmss show
      Connection:
      - keep-alive
      ParameterSetName:
      - -g -n
      User-Agent:
      - AZURECLI/2.33.0 azsdk-python-azure-mgmt-compute/25.0.0 Python/3.10.0 (Windows-10-10.0.19043-SP0)
    method: GET
    uri: https://management.azure.com/subscriptions/00000000-0000-0000-0000-000000000000/resourceGroups/cli_test_monitor_autoscale_rule_with_dimensions000001/providers/Microsoft.Compute/virtualMachineScaleSets/vmss1?api-version=2021-11-01
  response:
    body:
      string: "{\r\n  \"name\": \"vmss1\",\r\n  \"id\": \"/subscriptions/00000000-0000-0000-0000-000000000000/resourceGroups/cli_test_monitor_autoscale_rule_with_dimensions000001/providers/Microsoft.Compute/virtualMachineScaleSets/vmss1\",\r\n
        \ \"type\": \"Microsoft.Compute/virtualMachineScaleSets\",\r\n  \"location\":
        \"westus\",\r\n  \"tags\": {},\r\n  \"sku\": {\r\n    \"name\": \"Standard_DS1_v2\",\r\n
        \   \"tier\": \"Standard\",\r\n    \"capacity\": 2\r\n  },\r\n  \"properties\":
        {\r\n    \"singlePlacementGroup\": true,\r\n    \"upgradePolicy\": {\r\n      \"mode\":
        \"Manual\",\r\n      \"rollingUpgradePolicy\": {\r\n        \"maxBatchInstancePercent\":
        20,\r\n        \"maxUnhealthyInstancePercent\": 20,\r\n        \"maxUnhealthyUpgradedInstancePercent\":
        20,\r\n        \"pauseTimeBetweenBatches\": \"PT0S\"\r\n      }\r\n    },\r\n
        \   \"virtualMachineProfile\": {\r\n      \"osProfile\": {\r\n        \"computerNamePrefix\":
        \"vmss1f363\",\r\n        \"adminUsername\": \"testadmin\",\r\n        \"linuxConfiguration\":
        {\r\n          \"disablePasswordAuthentication\": false,\r\n          \"provisionVMAgent\":
        true\r\n        },\r\n        \"secrets\": [],\r\n        \"allowExtensionOperations\":
        true,\r\n        \"requireGuestProvisionSignal\": true\r\n      },\r\n      \"storageProfile\":
        {\r\n        \"osDisk\": {\r\n          \"osType\": \"Linux\",\r\n          \"createOption\":
        \"FromImage\",\r\n          \"caching\": \"ReadWrite\",\r\n          \"managedDisk\":
        {\r\n            \"storageAccountType\": \"Premium_LRS\"\r\n          },\r\n
        \         \"diskSizeGB\": 30\r\n        },\r\n        \"imageReference\":
        {\r\n          \"publisher\": \"Canonical\",\r\n          \"offer\": \"UbuntuServer\",\r\n
        \         \"sku\": \"18.04-LTS\",\r\n          \"version\": \"latest\"\r\n
        \       }\r\n      },\r\n      \"networkProfile\": {\"networkInterfaceConfigurations\":[{\"name\":\"vmss1f363Nic\",\"properties\":{\"primary\":true,\"enableAcceleratedNetworking\":false,\"dnsSettings\":{\"dnsServers\":[]},\"enableIPForwarding\":false,\"ipConfigurations\":[{\"name\":\"vmss1f363IPConfig\",\"properties\":{\"subnet\":{\"id\":\"/subscriptions/00000000-0000-0000-0000-000000000000/resourceGroups/cli_test_monitor_autoscale_rule_with_dimensions000001/providers/Microsoft.Network/virtualNetworks/vmss1VNET/subnets/vmss1Subnet\"},\"privateIPAddressVersion\":\"IPv4\",\"loadBalancerBackendAddressPools\":[{\"id\":\"/subscriptions/00000000-0000-0000-0000-000000000000/resourceGroups/cli_test_monitor_autoscale_rule_with_dimensions000001/providers/Microsoft.Network/loadBalancers/vmss1LB/backendAddressPools/vmss1LBBEPool\"}],\"loadBalancerInboundNatPools\":[{\"id\":\"/subscriptions/00000000-0000-0000-0000-000000000000/resourceGroups/cli_test_monitor_autoscale_rule_with_dimensions000001/providers/Microsoft.Network/loadBalancers/vmss1LB/inboundNatPools/vmss1LBNatPool\"}]}}]}}]}\r\n
        \   },\r\n    \"provisioningState\": \"Succeeded\",\r\n    \"overprovision\":
        true,\r\n    \"doNotRunExtensionsOnOverprovisionedVMs\": false,\r\n    \"uniqueId\":
        \"f76e5c2e-09a6-4b3b-b14a-cf80fc017556\",\r\n    \"timeCreated\": \"2022-02-23T05:45:51.7886606+00:00\"\r\n
        \ }\r\n}"
    headers:
      cache-control:
      - no-cache
      content-length:
      - '2859'
      content-type:
      - application/json; charset=utf-8
      date:
      - Wed, 23 Feb 2022 05:46:39 GMT
      expires:
      - '-1'
      pragma:
      - no-cache
      server:
      - Microsoft-HTTPAPI/2.0
      - Microsoft-HTTPAPI/2.0
      strict-transport-security:
      - max-age=31536000; includeSubDomains
      transfer-encoding:
      - chunked
      vary:
      - Accept-Encoding
      x-content-type-options:
      - nosniff
      x-ms-ratelimit-remaining-resource:
      - Microsoft.Compute/GetVMScaleSet3Min;384,Microsoft.Compute/GetVMScaleSet30Min;2504
    status:
      code: 200
      message: OK
- request:
    body: null
    headers:
      Accept:
      - application/json
      Accept-Encoding:
      - gzip, deflate
      CommandName:
      - monitor autoscale create
      Connection:
      - keep-alive
      ParameterSetName:
      - --resource --min-count --count --max-count
      User-Agent:
      - AZURECLI/2.33.0 azsdk-python-azure-mgmt-resource/20.0.0 Python/3.10.0 (Windows-10-10.0.19043-SP0)
    method: GET
    uri: https://management.azure.com/subscriptions/00000000-0000-0000-0000-000000000000/resourcegroups/cli_test_monitor_autoscale_rule_with_dimensions000001?api-version=2021-04-01
  response:
    body:
      string: '{"id":"/subscriptions/00000000-0000-0000-0000-000000000000/resourceGroups/cli_test_monitor_autoscale_rule_with_dimensions000001","name":"cli_test_monitor_autoscale_rule_with_dimensions000001","type":"Microsoft.Resources/resourceGroups","location":"westus","tags":{"product":"azurecli","cause":"automation","date":"2022-02-23T05:45:20Z"},"properties":{"provisioningState":"Succeeded"}}'
    headers:
      cache-control:
      - no-cache
      content-length:
      - '384'
      content-type:
      - application/json; charset=utf-8
      date:
      - Wed, 23 Feb 2022 05:46:40 GMT
      expires:
      - '-1'
      pragma:
      - no-cache
      strict-transport-security:
      - max-age=31536000; includeSubDomains
      vary:
      - Accept-Encoding
      x-content-type-options:
      - nosniff
    status:
      code: 200
      message: OK
- request:
    body: '{"location": "westus", "properties": {"profiles": [{"name": "default",
      "capacity": {"minimum": "1", "maximum": "5", "default": "3"}, "rules": []}],
      "notifications": [{"operation": "Scale", "email": {"customEmails": []}, "webhooks":
      []}], "enabled": true, "targetResourceUri": "/subscriptions/00000000-0000-0000-0000-000000000000/resourceGroups/cli_test_monitor_autoscale_rule_with_dimensions000001/providers/Microsoft.Compute/virtualMachineScaleSets/vmss1"}}'
    headers:
      Accept:
      - application/json
      Accept-Encoding:
      - gzip, deflate
      CommandName:
      - monitor autoscale create
      Connection:
      - keep-alive
      Content-Length:
      - '458'
      Content-Type:
      - application/json
      ParameterSetName:
      - --resource --min-count --count --max-count
      User-Agent:
      - AZURECLI/2.33.0 azsdk-python-azure-mgmt-monitor/3.0.0 Python/3.10.0 (Windows-10-10.0.19043-SP0)
    method: PUT
    uri: https://management.azure.com/subscriptions/00000000-0000-0000-0000-000000000000/resourcegroups/cli_test_monitor_autoscale_rule_with_dimensions000001/providers/Microsoft.Insights/autoscalesettings/vmss1?api-version=2015-04-01
  response:
    body:
      string: '{"id":"/subscriptions/00000000-0000-0000-0000-000000000000/resourceGroups/cli_test_monitor_autoscale_rule_with_dimensions000001/providers/microsoft.insights/autoscalesettings/vmss1","name":"vmss1","type":"Microsoft.Insights/autoscaleSettings","location":"westus","tags":{},"properties":{"profiles":[{"name":"default","capacity":{"minimum":"1","maximum":"5","default":"3"},"rules":[]}],"enabled":true,"name":"vmss1","targetResourceUri":"/subscriptions/00000000-0000-0000-0000-000000000000/resourceGroups/cli_test_monitor_autoscale_rule_with_dimensions000001/providers/Microsoft.Compute/virtualMachineScaleSets/vmss1","notifications":[{"operation":"Scale","email":{"sendToSubscriptionAdministrator":false,"sendToSubscriptionCoAdministrators":false,"customEmails":[]},"webhooks":[]}],"predictiveAutoscalePolicy":null}}'
    headers:
      cache-control:
      - no-cache
      content-length:
      - '815'
      content-type:
      - application/json; charset=utf-8
      date:
      - Wed, 23 Feb 2022 05:46:45 GMT
      expires:
      - '-1'
      pragma:
      - no-cache
      server:
      - Microsoft-IIS/10.0
      strict-transport-security:
      - max-age=31536000; includeSubDomains
      x-content-type-options:
      - nosniff
      x-ms-ratelimit-remaining-subscription-writes:
      - '1194'
    status:
      code: 201
      message: Created
- request:
    body: null
    headers:
      Accept:
      - application/json
      Accept-Encoding:
      - gzip, deflate
      CommandName:
      - monitor autoscale rule list
      Connection:
      - keep-alive
      ParameterSetName:
      - -g --autoscale-name
      User-Agent:
      - AZURECLI/2.33.0 azsdk-python-azure-mgmt-monitor/3.0.0 Python/3.10.0 (Windows-10-10.0.19043-SP0)
    method: GET
    uri: https://management.azure.com/subscriptions/00000000-0000-0000-0000-000000000000/resourcegroups/cli_test_monitor_autoscale_rule_with_dimensions000001/providers/Microsoft.Insights/autoscalesettings/vmss1?api-version=2015-04-01
  response:
    body:
      string: '{"id":"/subscriptions/00000000-0000-0000-0000-000000000000/resourceGroups/cli_test_monitor_autoscale_rule_with_dimensions000001/providers/microsoft.insights/autoscalesettings/vmss1","name":"vmss1","type":"Microsoft.Insights/autoscaleSettings","location":"westus","tags":{},"properties":{"profiles":[{"name":"default","capacity":{"minimum":"1","maximum":"5","default":"3"},"rules":[]}],"enabled":true,"name":"vmss1","targetResourceUri":"/subscriptions/00000000-0000-0000-0000-000000000000/resourceGroups/cli_test_monitor_autoscale_rule_with_dimensions000001/providers/Microsoft.Compute/virtualMachineScaleSets/vmss1","notifications":[{"operation":"Scale","email":{"sendToSubscriptionAdministrator":false,"sendToSubscriptionCoAdministrators":false,"customEmails":[]},"webhooks":[]}],"predictiveAutoscalePolicy":null}}'
    headers:
      cache-control:
      - no-cache
      content-length:
      - '815'
      content-type:
      - application/json; charset=utf-8
      date:
      - Wed, 23 Feb 2022 05:46:48 GMT
      expires:
      - '-1'
      pragma:
      - no-cache
      server:
      - Microsoft-IIS/10.0
      strict-transport-security:
      - max-age=31536000; includeSubDomains
      x-content-type-options:
      - nosniff
    status:
      code: 200
      message: OK
- request:
    body: null
    headers:
      Accept:
      - application/json
      Accept-Encoding:
      - gzip, deflate
      CommandName:
      - monitor autoscale rule create
      Connection:
      - keep-alive
      ParameterSetName:
      - -g --autoscale-name --condition --scale
      User-Agent:
      - AZURECLI/2.33.0 azsdk-python-azure-mgmt-monitor/3.0.0 Python/3.10.0 (Windows-10-10.0.19043-SP0)
    method: GET
    uri: https://management.azure.com/subscriptions/00000000-0000-0000-0000-000000000000/resourcegroups/cli_test_monitor_autoscale_rule_with_dimensions000001/providers/Microsoft.Insights/autoscalesettings/vmss1?api-version=2015-04-01
  response:
    body:
      string: '{"id":"/subscriptions/00000000-0000-0000-0000-000000000000/resourceGroups/cli_test_monitor_autoscale_rule_with_dimensions000001/providers/microsoft.insights/autoscalesettings/vmss1","name":"vmss1","type":"Microsoft.Insights/autoscaleSettings","location":"westus","tags":{},"properties":{"profiles":[{"name":"default","capacity":{"minimum":"1","maximum":"5","default":"3"},"rules":[]}],"enabled":true,"name":"vmss1","targetResourceUri":"/subscriptions/00000000-0000-0000-0000-000000000000/resourceGroups/cli_test_monitor_autoscale_rule_with_dimensions000001/providers/Microsoft.Compute/virtualMachineScaleSets/vmss1","notifications":[{"operation":"Scale","email":{"sendToSubscriptionAdministrator":false,"sendToSubscriptionCoAdministrators":false,"customEmails":[]},"webhooks":[]}],"predictiveAutoscalePolicy":null}}'
    headers:
      cache-control:
      - no-cache
      content-length:
      - '815'
      content-type:
      - application/json; charset=utf-8
      date:
      - Wed, 23 Feb 2022 05:46:49 GMT
      expires:
      - '-1'
      pragma:
      - no-cache
      server:
      - Microsoft-IIS/10.0
      strict-transport-security:
      - max-age=31536000; includeSubDomains
      transfer-encoding:
      - chunked
      vary:
      - Accept-Encoding
      x-content-type-options:
      - nosniff
    status:
      code: 200
      message: OK
- request:
    body: '{"location": "westus", "tags": {}, "properties": {"profiles": [{"name":
      "default", "capacity": {"minimum": "1", "maximum": "5", "default": "3"}, "rules":
      [{"metricTrigger": {"metricName": "Percentage CPU", "metricNamespace": "Mynamespace.abcd",
      "metricResourceUri": "/subscriptions/00000000-0000-0000-0000-000000000000/resourceGroups/cli_test_monitor_autoscale_rule_with_dimensions000001/providers/Microsoft.Compute/virtualMachineScaleSets/vmss1",
      "timeGrain": "PT1M", "statistic": "Average", "timeWindow": "PT5M", "timeAggregation":
      "Average", "operator": "GreaterThan", "threshold": 75.0, "dimensions": [{"DimensionName":
      "VMName", "Operator": "Equals", "Values": ["cliname1", "cliname2"]}]}, "scaleAction":
      {"direction": "None", "type": "ExactCount", "value": "5", "cooldown": "PT5M"}}]}],
      "notifications": [{"operation": "Scale", "email": {"sendToSubscriptionAdministrator":
      false, "sendToSubscriptionCoAdministrators": false, "customEmails": []}, "webhooks":
      []}], "enabled": true, "name": "vmss1", "targetResourceUri": "/subscriptions/00000000-0000-0000-0000-000000000000/resourceGroups/cli_test_monitor_autoscale_rule_with_dimensions000001/providers/Microsoft.Compute/virtualMachineScaleSets/vmss1"}}'
    headers:
      Accept:
      - application/json
      Accept-Encoding:
      - gzip, deflate
      CommandName:
      - monitor autoscale rule create
      Connection:
      - keep-alive
      Content-Length:
      - '1207'
      Content-Type:
      - application/json
      ParameterSetName:
      - -g --autoscale-name --condition --scale
      User-Agent:
      - AZURECLI/2.33.0 azsdk-python-azure-mgmt-monitor/3.0.0 Python/3.10.0 (Windows-10-10.0.19043-SP0)
    method: PUT
    uri: https://management.azure.com/subscriptions/00000000-0000-0000-0000-000000000000/resourcegroups/cli_test_monitor_autoscale_rule_with_dimensions000001/providers/Microsoft.Insights/autoscalesettings/vmss1?api-version=2015-04-01
  response:
    body:
      string: '{"id":"/subscriptions/00000000-0000-0000-0000-000000000000/resourceGroups/cli_test_monitor_autoscale_rule_with_dimensions000001/providers/microsoft.insights/autoscalesettings/vmss1","name":"vmss1","type":"Microsoft.Insights/autoscaleSettings","location":"westus","tags":{},"properties":{"profiles":[{"name":"default","capacity":{"minimum":"1","maximum":"5","default":"3"},"rules":[{"metricTrigger":{"metricName":"Percentage
        CPU","metricNamespace":"Mynamespace.abcd","metricResourceUri":"/subscriptions/00000000-0000-0000-0000-000000000000/resourceGroups/cli_test_monitor_autoscale_rule_with_dimensions000001/providers/Microsoft.Compute/virtualMachineScaleSets/vmss1","timeGrain":"PT1M","statistic":"Average","timeWindow":"PT5M","timeAggregation":"Average","operator":"GreaterThan","threshold":75.0,"dimensions":[{"DimensionName":"VMName","Operator":"Equals","Values":["cliname1","cliname2"]}],"dividePerInstance":false},"scaleAction":{"direction":"None","type":"ExactCount","value":"5","cooldown":"PT5M"}}]}],"enabled":true,"name":"vmss1","targetResourceUri":"/subscriptions/00000000-0000-0000-0000-000000000000/resourceGroups/cli_test_monitor_autoscale_rule_with_dimensions000001/providers/Microsoft.Compute/virtualMachineScaleSets/vmss1","notifications":[{"operation":"Scale","email":{"sendToSubscriptionAdministrator":false,"sendToSubscriptionCoAdministrators":false,"customEmails":[]},"webhooks":[]}],"predictiveAutoscalePolicy":null}}'
    headers:
      cache-control:
      - no-cache
      content-length:
      - '1439'
      content-type:
      - application/json; charset=utf-8
      date:
      - Wed, 23 Feb 2022 05:46:55 GMT
      expires:
      - '-1'
      pragma:
      - no-cache
      server:
      - Microsoft-IIS/10.0
      strict-transport-security:
      - max-age=31536000; includeSubDomains
      transfer-encoding:
      - chunked
      vary:
      - Accept-Encoding
      x-content-type-options:
      - nosniff
      x-ms-ratelimit-remaining-subscription-writes:
      - '1195'
    status:
      code: 200
      message: OK
- request:
    body: null
    headers:
      Accept:
      - application/json
      Accept-Encoding:
      - gzip, deflate
      CommandName:
      - monitor autoscale rule create
      Connection:
      - keep-alive
      ParameterSetName:
      - -g --autoscale-name --condition --scale
      User-Agent:
      - AZURECLI/2.33.0 azsdk-python-azure-mgmt-monitor/3.0.0 Python/3.10.0 (Windows-10-10.0.19043-SP0)
    method: GET
    uri: https://management.azure.com/subscriptions/00000000-0000-0000-0000-000000000000/resourcegroups/cli_test_monitor_autoscale_rule_with_dimensions000001/providers/Microsoft.Insights/autoscalesettings/vmss1?api-version=2015-04-01
  response:
    body:
      string: '{"id":"/subscriptions/00000000-0000-0000-0000-000000000000/resourceGroups/cli_test_monitor_autoscale_rule_with_dimensions000001/providers/microsoft.insights/autoscalesettings/vmss1","name":"vmss1","type":"Microsoft.Insights/autoscaleSettings","location":"westus","tags":{},"properties":{"profiles":[{"name":"default","capacity":{"minimum":"1","maximum":"5","default":"3"},"rules":[{"metricTrigger":{"metricName":"Percentage
        CPU","metricNamespace":"Mynamespace.abcd","metricResourceUri":"/subscriptions/00000000-0000-0000-0000-000000000000/resourceGroups/cli_test_monitor_autoscale_rule_with_dimensions000001/providers/Microsoft.Compute/virtualMachineScaleSets/vmss1","timeGrain":"PT1M","statistic":"Average","timeWindow":"PT5M","timeAggregation":"Average","operator":"GreaterThan","threshold":75.0,"dimensions":[{"DimensionName":"VMName","Operator":"Equals","Values":["cliname1","cliname2"]}],"dividePerInstance":false},"scaleAction":{"direction":"None","type":"ExactCount","value":"5","cooldown":"PT5M"}}]}],"enabled":true,"name":"vmss1","targetResourceUri":"/subscriptions/00000000-0000-0000-0000-000000000000/resourceGroups/cli_test_monitor_autoscale_rule_with_dimensions000001/providers/Microsoft.Compute/virtualMachineScaleSets/vmss1","notifications":[{"operation":"Scale","email":{"sendToSubscriptionAdministrator":false,"sendToSubscriptionCoAdministrators":false,"customEmails":[]},"webhooks":[]}],"predictiveAutoscalePolicy":null}}'
    headers:
      cache-control:
      - no-cache
      content-length:
      - '1439'
      content-type:
      - application/json; charset=utf-8
      date:
      - Wed, 23 Feb 2022 05:46:57 GMT
      expires:
      - '-1'
      pragma:
      - no-cache
      server:
      - Microsoft-IIS/10.0
      strict-transport-security:
      - max-age=31536000; includeSubDomains
      transfer-encoding:
      - chunked
      vary:
      - Accept-Encoding
      x-content-type-options:
      - nosniff
    status:
      code: 200
      message: OK
- request:
    body: '{"location": "westus", "tags": {}, "properties": {"profiles": [{"name":
      "default", "capacity": {"minimum": "1", "maximum": "5", "default": "3"}, "rules":
      [{"metricTrigger": {"metricName": "Percentage CPU", "metricNamespace": "Mynamespace.abcd",
      "metricResourceUri": "/subscriptions/00000000-0000-0000-0000-000000000000/resourceGroups/cli_test_monitor_autoscale_rule_with_dimensions000001/providers/Microsoft.Compute/virtualMachineScaleSets/vmss1",
      "timeGrain": "PT1M", "statistic": "Average", "timeWindow": "PT5M", "timeAggregation":
      "Average", "operator": "GreaterThan", "threshold": 75.0, "dimensions": [{"DimensionName":
      "VMName", "Operator": "Equals", "Values": ["cliname1", "cliname2"]}], "dividePerInstance":
      false}, "scaleAction": {"direction": "None", "type": "ExactCount", "value":
      "5", "cooldown": "PT5M"}}, {"metricTrigger": {"metricName": "Percentage CPU",
      "metricNamespace": "Mynamespace.abcd", "metricResourceUri": "/subscriptions/00000000-0000-0000-0000-000000000000/resourceGroups/cli_test_monitor_autoscale_rule_with_dimensions000001/providers/Microsoft.Compute/virtualMachineScaleSets/vmss1",
      "timeGrain": "PT1M", "statistic": "Average", "timeWindow": "PT5M", "timeAggregation":
      "Average", "operator": "GreaterThan", "threshold": 75.0, "dimensions": [{"DimensionName":
      "VMName", "Operator": "Equals", "Values": ["cliname1", "cliname2"]}]}, "scaleAction":
      {"direction": "None", "type": "ExactCount", "value": "5", "cooldown": "PT5M"}}]}],
      "notifications": [{"operation": "Scale", "email": {"sendToSubscriptionAdministrator":
      false, "sendToSubscriptionCoAdministrators": false, "customEmails": []}, "webhooks":
      []}], "enabled": true, "name": "vmss1", "targetResourceUri": "/subscriptions/00000000-0000-0000-0000-000000000000/resourceGroups/cli_test_monitor_autoscale_rule_with_dimensions000001/providers/Microsoft.Compute/virtualMachineScaleSets/vmss1"}}'
    headers:
      Accept:
      - application/json
      Accept-Encoding:
      - gzip, deflate
      CommandName:
      - monitor autoscale rule create
      Connection:
      - keep-alive
      Content-Length:
      - '1870'
      Content-Type:
      - application/json
      ParameterSetName:
      - -g --autoscale-name --condition --scale
      User-Agent:
      - AZURECLI/2.33.0 azsdk-python-azure-mgmt-monitor/3.0.0 Python/3.10.0 (Windows-10-10.0.19043-SP0)
    method: PUT
    uri: https://management.azure.com/subscriptions/00000000-0000-0000-0000-000000000000/resourcegroups/cli_test_monitor_autoscale_rule_with_dimensions000001/providers/Microsoft.Insights/autoscalesettings/vmss1?api-version=2015-04-01
  response:
    body:
      string: '{"id":"/subscriptions/00000000-0000-0000-0000-000000000000/resourceGroups/cli_test_monitor_autoscale_rule_with_dimensions000001/providers/microsoft.insights/autoscalesettings/vmss1","name":"vmss1","type":"Microsoft.Insights/autoscaleSettings","location":"westus","tags":{},"properties":{"profiles":[{"name":"default","capacity":{"minimum":"1","maximum":"5","default":"3"},"rules":[{"metricTrigger":{"metricName":"Percentage
        CPU","metricNamespace":"Mynamespace.abcd","metricResourceUri":"/subscriptions/00000000-0000-0000-0000-000000000000/resourceGroups/cli_test_monitor_autoscale_rule_with_dimensions000001/providers/Microsoft.Compute/virtualMachineScaleSets/vmss1","timeGrain":"PT1M","statistic":"Average","timeWindow":"PT5M","timeAggregation":"Average","operator":"GreaterThan","threshold":75.0,"dimensions":[{"DimensionName":"VMName","Operator":"Equals","Values":["cliname1","cliname2"]}],"dividePerInstance":false},"scaleAction":{"direction":"None","type":"ExactCount","value":"5","cooldown":"PT5M"}},{"metricTrigger":{"metricName":"Percentage
        CPU","metricNamespace":"Mynamespace.abcd","metricResourceUri":"/subscriptions/00000000-0000-0000-0000-000000000000/resourceGroups/cli_test_monitor_autoscale_rule_with_dimensions000001/providers/Microsoft.Compute/virtualMachineScaleSets/vmss1","timeGrain":"PT1M","statistic":"Average","timeWindow":"PT5M","timeAggregation":"Average","operator":"GreaterThan","threshold":75.0,"dimensions":[{"DimensionName":"VMName","Operator":"Equals","Values":["cliname1","cliname2"]}],"dividePerInstance":false},"scaleAction":{"direction":"None","type":"ExactCount","value":"5","cooldown":"PT5M"}}]}],"enabled":true,"name":"vmss1","targetResourceUri":"/subscriptions/00000000-0000-0000-0000-000000000000/resourceGroups/cli_test_monitor_autoscale_rule_with_dimensions000001/providers/Microsoft.Compute/virtualMachineScaleSets/vmss1","notifications":[{"operation":"Scale","email":{"sendToSubscriptionAdministrator":false,"sendToSubscriptionCoAdministrators":false,"customEmails":[]},"webhooks":[]}],"predictiveAutoscalePolicy":null}}'
    headers:
      cache-control:
      - no-cache
      content-length:
      - '2064'
      content-type:
      - application/json; charset=utf-8
      date:
      - Wed, 23 Feb 2022 05:47:08 GMT
      expires:
      - '-1'
      pragma:
      - no-cache
      server:
      - Microsoft-IIS/10.0
      strict-transport-security:
      - max-age=31536000; includeSubDomains
      transfer-encoding:
      - chunked
      vary:
      - Accept-Encoding
      x-content-type-options:
      - nosniff
      x-ms-ratelimit-remaining-subscription-writes:
      - '1194'
    status:
      code: 200
      message: OK
- request:
    body: null
    headers:
      Accept:
      - application/json
      Accept-Encoding:
      - gzip, deflate
      CommandName:
      - monitor autoscale rule create
      Connection:
      - keep-alive
      ParameterSetName:
      - -g --autoscale-name --condition --scale
      User-Agent:
      - AZURECLI/2.33.0 azsdk-python-azure-mgmt-monitor/3.0.0 Python/3.10.0 (Windows-10-10.0.19043-SP0)
    method: GET
    uri: https://management.azure.com/subscriptions/00000000-0000-0000-0000-000000000000/resourcegroups/cli_test_monitor_autoscale_rule_with_dimensions000001/providers/Microsoft.Insights/autoscalesettings/vmss1?api-version=2015-04-01
  response:
    body:
      string: '{"id":"/subscriptions/00000000-0000-0000-0000-000000000000/resourceGroups/cli_test_monitor_autoscale_rule_with_dimensions000001/providers/microsoft.insights/autoscalesettings/vmss1","name":"vmss1","type":"Microsoft.Insights/autoscaleSettings","location":"westus","tags":{},"properties":{"profiles":[{"name":"default","capacity":{"minimum":"1","maximum":"5","default":"3"},"rules":[{"metricTrigger":{"metricName":"Percentage
        CPU","metricNamespace":"Mynamespace.abcd","metricResourceUri":"/subscriptions/00000000-0000-0000-0000-000000000000/resourceGroups/cli_test_monitor_autoscale_rule_with_dimensions000001/providers/Microsoft.Compute/virtualMachineScaleSets/vmss1","timeGrain":"PT1M","statistic":"Average","timeWindow":"PT5M","timeAggregation":"Average","operator":"GreaterThan","threshold":75.0,"dimensions":[{"DimensionName":"VMName","Operator":"Equals","Values":["cliname1","cliname2"]}],"dividePerInstance":false},"scaleAction":{"direction":"None","type":"ExactCount","value":"5","cooldown":"PT5M"}},{"metricTrigger":{"metricName":"Percentage
        CPU","metricNamespace":"Mynamespace.abcd","metricResourceUri":"/subscriptions/00000000-0000-0000-0000-000000000000/resourceGroups/cli_test_monitor_autoscale_rule_with_dimensions000001/providers/Microsoft.Compute/virtualMachineScaleSets/vmss1","timeGrain":"PT1M","statistic":"Average","timeWindow":"PT5M","timeAggregation":"Average","operator":"GreaterThan","threshold":75.0,"dimensions":[{"DimensionName":"VMName","Operator":"Equals","Values":["cliname1","cliname2"]}],"dividePerInstance":false},"scaleAction":{"direction":"None","type":"ExactCount","value":"5","cooldown":"PT5M"}}]}],"enabled":true,"name":"vmss1","targetResourceUri":"/subscriptions/00000000-0000-0000-0000-000000000000/resourceGroups/cli_test_monitor_autoscale_rule_with_dimensions000001/providers/Microsoft.Compute/virtualMachineScaleSets/vmss1","notifications":[{"operation":"Scale","email":{"sendToSubscriptionAdministrator":false,"sendToSubscriptionCoAdministrators":false,"customEmails":[]},"webhooks":[]}],"predictiveAutoscalePolicy":null}}'
    headers:
      cache-control:
      - no-cache
      content-length:
      - '2064'
      content-type:
      - application/json; charset=utf-8
      date:
      - Wed, 23 Feb 2022 05:47:10 GMT
      expires:
      - '-1'
      pragma:
      - no-cache
      server:
      - Microsoft-IIS/10.0
      strict-transport-security:
      - max-age=31536000; includeSubDomains
      transfer-encoding:
      - chunked
      vary:
      - Accept-Encoding
      x-content-type-options:
      - nosniff
    status:
      code: 200
      message: OK
- request:
    body: '{"location": "westus", "tags": {}, "properties": {"profiles": [{"name":
      "default", "capacity": {"minimum": "1", "maximum": "5", "default": "3"}, "rules":
      [{"metricTrigger": {"metricName": "Percentage CPU", "metricNamespace": "Mynamespace.abcd",
      "metricResourceUri": "/subscriptions/00000000-0000-0000-0000-000000000000/resourceGroups/cli_test_monitor_autoscale_rule_with_dimensions000001/providers/Microsoft.Compute/virtualMachineScaleSets/vmss1",
      "timeGrain": "PT1M", "statistic": "Average", "timeWindow": "PT5M", "timeAggregation":
      "Average", "operator": "GreaterThan", "threshold": 75.0, "dimensions": [{"DimensionName":
      "VMName", "Operator": "Equals", "Values": ["cliname1", "cliname2"]}], "dividePerInstance":
      false}, "scaleAction": {"direction": "None", "type": "ExactCount", "value":
      "5", "cooldown": "PT5M"}}, {"metricTrigger": {"metricName": "Percentage CPU",
      "metricNamespace": "Mynamespace.abcd", "metricResourceUri": "/subscriptions/00000000-0000-0000-0000-000000000000/resourceGroups/cli_test_monitor_autoscale_rule_with_dimensions000001/providers/Microsoft.Compute/virtualMachineScaleSets/vmss1",
      "timeGrain": "PT1M", "statistic": "Average", "timeWindow": "PT5M", "timeAggregation":
      "Average", "operator": "GreaterThan", "threshold": 75.0, "dimensions": [{"DimensionName":
      "VMName", "Operator": "Equals", "Values": ["cliname1", "cliname2"]}], "dividePerInstance":
      false}, "scaleAction": {"direction": "None", "type": "ExactCount", "value":
      "5", "cooldown": "PT5M"}}, {"metricTrigger": {"metricName": "Percentage CPU",
      "metricNamespace": "Mynamespace.abcd", "metricResourceUri": "/subscriptions/00000000-0000-0000-0000-000000000000/resourceGroups/cli_test_monitor_autoscale_rule_with_dimensions000001/providers/Microsoft.Compute/virtualMachineScaleSets/vmss1",
      "timeGrain": "PT1M", "statistic": "Average", "timeWindow": "PT5M", "timeAggregation":
      "Average", "operator": "GreaterThan", "threshold": 75.0, "dimensions": [{"DimensionName":
      "VMName", "Operator": "Equals", "Values": ["cliname1", "cliname2"]}]}, "scaleAction":
      {"direction": "None", "type": "ExactCount", "value": "5", "cooldown": "PT5M"}}]}],
      "notifications": [{"operation": "Scale", "email": {"sendToSubscriptionAdministrator":
      false, "sendToSubscriptionCoAdministrators": false, "customEmails": []}, "webhooks":
      []}], "enabled": true, "name": "vmss1", "targetResourceUri": "/subscriptions/00000000-0000-0000-0000-000000000000/resourceGroups/cli_test_monitor_autoscale_rule_with_dimensions000001/providers/Microsoft.Compute/virtualMachineScaleSets/vmss1"}}'
    headers:
      Accept:
      - application/json
      Accept-Encoding:
      - gzip, deflate
      CommandName:
      - monitor autoscale rule create
      Connection:
      - keep-alive
      Content-Length:
      - '2533'
      Content-Type:
      - application/json
      ParameterSetName:
      - -g --autoscale-name --condition --scale
      User-Agent:
      - AZURECLI/2.33.0 azsdk-python-azure-mgmt-monitor/3.0.0 Python/3.10.0 (Windows-10-10.0.19043-SP0)
    method: PUT
    uri: https://management.azure.com/subscriptions/00000000-0000-0000-0000-000000000000/resourcegroups/cli_test_monitor_autoscale_rule_with_dimensions000001/providers/Microsoft.Insights/autoscalesettings/vmss1?api-version=2015-04-01
  response:
    body:
      string: '{"id":"/subscriptions/00000000-0000-0000-0000-000000000000/resourceGroups/cli_test_monitor_autoscale_rule_with_dimensions000001/providers/microsoft.insights/autoscalesettings/vmss1","name":"vmss1","type":"Microsoft.Insights/autoscaleSettings","location":"westus","tags":{},"properties":{"profiles":[{"name":"default","capacity":{"minimum":"1","maximum":"5","default":"3"},"rules":[{"metricTrigger":{"metricName":"Percentage
        CPU","metricNamespace":"Mynamespace.abcd","metricResourceUri":"/subscriptions/00000000-0000-0000-0000-000000000000/resourceGroups/cli_test_monitor_autoscale_rule_with_dimensions000001/providers/Microsoft.Compute/virtualMachineScaleSets/vmss1","timeGrain":"PT1M","statistic":"Average","timeWindow":"PT5M","timeAggregation":"Average","operator":"GreaterThan","threshold":75.0,"dimensions":[{"DimensionName":"VMName","Operator":"Equals","Values":["cliname1","cliname2"]}],"dividePerInstance":false},"scaleAction":{"direction":"None","type":"ExactCount","value":"5","cooldown":"PT5M"}},{"metricTrigger":{"metricName":"Percentage
        CPU","metricNamespace":"Mynamespace.abcd","metricResourceUri":"/subscriptions/00000000-0000-0000-0000-000000000000/resourceGroups/cli_test_monitor_autoscale_rule_with_dimensions000001/providers/Microsoft.Compute/virtualMachineScaleSets/vmss1","timeGrain":"PT1M","statistic":"Average","timeWindow":"PT5M","timeAggregation":"Average","operator":"GreaterThan","threshold":75.0,"dimensions":[{"DimensionName":"VMName","Operator":"Equals","Values":["cliname1","cliname2"]}],"dividePerInstance":false},"scaleAction":{"direction":"None","type":"ExactCount","value":"5","cooldown":"PT5M"}},{"metricTrigger":{"metricName":"Percentage
        CPU","metricNamespace":"Mynamespace.abcd","metricResourceUri":"/subscriptions/00000000-0000-0000-0000-000000000000/resourceGroups/cli_test_monitor_autoscale_rule_with_dimensions000001/providers/Microsoft.Compute/virtualMachineScaleSets/vmss1","timeGrain":"PT1M","statistic":"Average","timeWindow":"PT5M","timeAggregation":"Average","operator":"GreaterThan","threshold":75.0,"dimensions":[{"DimensionName":"VMName","Operator":"Equals","Values":["cliname1","cliname2"]}],"dividePerInstance":false},"scaleAction":{"direction":"None","type":"ExactCount","value":"5","cooldown":"PT5M"}}]}],"enabled":true,"name":"vmss1","targetResourceUri":"/subscriptions/00000000-0000-0000-0000-000000000000/resourceGroups/cli_test_monitor_autoscale_rule_with_dimensions000001/providers/Microsoft.Compute/virtualMachineScaleSets/vmss1","notifications":[{"operation":"Scale","email":{"sendToSubscriptionAdministrator":false,"sendToSubscriptionCoAdministrators":false,"customEmails":[]},"webhooks":[]}],"predictiveAutoscalePolicy":null}}'
    headers:
      cache-control:
      - no-cache
      content-length:
      - '2689'
      content-type:
      - application/json; charset=utf-8
      date:
      - Wed, 23 Feb 2022 05:47:25 GMT
      expires:
      - '-1'
      pragma:
      - no-cache
      server:
      - Microsoft-IIS/10.0
      strict-transport-security:
      - max-age=31536000; includeSubDomains
      transfer-encoding:
      - chunked
      vary:
      - Accept-Encoding
      x-content-type-options:
      - nosniff
      x-ms-ratelimit-remaining-subscription-writes:
      - '1197'
    status:
      code: 200
      message: OK
- request:
    body: null
    headers:
      Accept:
      - application/json
      Accept-Encoding:
      - gzip, deflate
      CommandName:
      - monitor autoscale rule list
      Connection:
      - keep-alive
      ParameterSetName:
      - -g --autoscale-name
      User-Agent:
      - AZURECLI/2.33.0 azsdk-python-azure-mgmt-monitor/3.0.0 Python/3.10.0 (Windows-10-10.0.19043-SP0)
    method: GET
    uri: https://management.azure.com/subscriptions/00000000-0000-0000-0000-000000000000/resourcegroups/cli_test_monitor_autoscale_rule_with_dimensions000001/providers/Microsoft.Insights/autoscalesettings/vmss1?api-version=2015-04-01
  response:
    body:
      string: '{"id":"/subscriptions/00000000-0000-0000-0000-000000000000/resourceGroups/cli_test_monitor_autoscale_rule_with_dimensions000001/providers/microsoft.insights/autoscalesettings/vmss1","name":"vmss1","type":"Microsoft.Insights/autoscaleSettings","location":"westus","tags":{},"properties":{"profiles":[{"name":"default","capacity":{"minimum":"1","maximum":"5","default":"3"},"rules":[{"metricTrigger":{"metricName":"Percentage
        CPU","metricNamespace":"Mynamespace.abcd","metricResourceUri":"/subscriptions/00000000-0000-0000-0000-000000000000/resourceGroups/cli_test_monitor_autoscale_rule_with_dimensions000001/providers/Microsoft.Compute/virtualMachineScaleSets/vmss1","timeGrain":"PT1M","statistic":"Average","timeWindow":"PT5M","timeAggregation":"Average","operator":"GreaterThan","threshold":75.0,"dimensions":[{"DimensionName":"VMName","Operator":"Equals","Values":["cliname1","cliname2"]}],"dividePerInstance":false},"scaleAction":{"direction":"None","type":"ExactCount","value":"5","cooldown":"PT5M"}},{"metricTrigger":{"metricName":"Percentage
        CPU","metricNamespace":"Mynamespace.abcd","metricResourceUri":"/subscriptions/00000000-0000-0000-0000-000000000000/resourceGroups/cli_test_monitor_autoscale_rule_with_dimensions000001/providers/Microsoft.Compute/virtualMachineScaleSets/vmss1","timeGrain":"PT1M","statistic":"Average","timeWindow":"PT5M","timeAggregation":"Average","operator":"GreaterThan","threshold":75.0,"dimensions":[{"DimensionName":"VMName","Operator":"Equals","Values":["cliname1","cliname2"]}],"dividePerInstance":false},"scaleAction":{"direction":"None","type":"ExactCount","value":"5","cooldown":"PT5M"}},{"metricTrigger":{"metricName":"Percentage
        CPU","metricNamespace":"Mynamespace.abcd","metricResourceUri":"/subscriptions/00000000-0000-0000-0000-000000000000/resourceGroups/cli_test_monitor_autoscale_rule_with_dimensions000001/providers/Microsoft.Compute/virtualMachineScaleSets/vmss1","timeGrain":"PT1M","statistic":"Average","timeWindow":"PT5M","timeAggregation":"Average","operator":"GreaterThan","threshold":75.0,"dimensions":[{"DimensionName":"VMName","Operator":"Equals","Values":["cliname1","cliname2"]}],"dividePerInstance":false},"scaleAction":{"direction":"None","type":"ExactCount","value":"5","cooldown":"PT5M"}}]}],"enabled":true,"name":"vmss1","targetResourceUri":"/subscriptions/00000000-0000-0000-0000-000000000000/resourceGroups/cli_test_monitor_autoscale_rule_with_dimensions000001/providers/Microsoft.Compute/virtualMachineScaleSets/vmss1","notifications":[{"operation":"Scale","email":{"sendToSubscriptionAdministrator":false,"sendToSubscriptionCoAdministrators":false,"customEmails":[]},"webhooks":[]}],"predictiveAutoscalePolicy":null}}'
    headers:
      cache-control:
      - no-cache
      content-length:
      - '2689'
      content-type:
      - application/json; charset=utf-8
      date:
      - Wed, 23 Feb 2022 05:47:27 GMT
      expires:
      - '-1'
      pragma:
      - no-cache
      server:
      - Microsoft-IIS/10.0
      strict-transport-security:
      - max-age=31536000; includeSubDomains
      transfer-encoding:
      - chunked
      vary:
      - Accept-Encoding
      x-content-type-options:
      - nosniff
    status:
      code: 200
      message: OK
version: 1
