interactions:
- request:
    body: '{"location": "eastus"}'
    headers:
      Accept:
      - application/json
      Accept-Encoding:
      - gzip, deflate
      CommandName:
      - group create
      Connection:
      - keep-alive
      Content-Length:
      - '22'
      Content-Type:
      - application/json; charset=utf-8
      ParameterSetName:
      - -l -n --subscription
      User-Agent:
      - python/3.8.6 (Windows-10-10.0.19041-SP0) msrest/0.6.18 msrest_azure/0.6.3
        azure-mgmt-resource/10.2.0 Azure-SDK-For-Python AZURECLI/2.14.1
      accept-language:
      - en-US
    method: PUT
    uri: https://management.azure.com/subscriptions/00000000-0000-0000-0000-000000000000/resourcegroups/test_rg000004?api-version=2020-06-01
  response:
    body:
      string: '{"id":"/subscriptions/00000000-0000-0000-0000-000000000000/resourceGroups/test_rg000004","name":"test_rg000004","type":"Microsoft.Resources/resourceGroups","location":"eastus","properties":{"provisioningState":"Succeeded"}}'
    headers:
      cache-control:
      - no-cache
      content-length:
      - '245'
      content-type:
      - application/json; charset=utf-8
      date:
      - Wed, 11 Nov 2020 07:20:14 GMT
      expires:
      - '-1'
      pragma:
      - no-cache
      strict-transport-security:
      - max-age=31536000; includeSubDomains
      x-content-type-options:
      - nosniff
      x-ms-ratelimit-remaining-subscription-writes:
      - '1199'
    status:
      code: 201
      message: Created
- request:
    body: '{"sku": {"name": "Standard_LRS"}, "kind": "Storage", "location": "eastus",
      "properties": {"encryption": {"services": {"blob": {}}, "keySource": "Microsoft.Storage"}}}'
    headers:
      Accept:
      - application/json
      Accept-Encoding:
      - gzip, deflate
      CommandName:
      - storage account create
      Connection:
      - keep-alive
      Content-Length:
      - '166'
      Content-Type:
      - application/json; charset=utf-8
      ParameterSetName:
      - -n -g -l --sku --kind --subscription
      User-Agent:
      - python/3.8.6 (Windows-10-10.0.19041-SP0) msrest/0.6.18 msrest_azure/0.6.3
        azure-mgmt-storage/11.2.0 Azure-SDK-For-Python AZURECLI/2.14.1
      accept-language:
      - en-US
    method: PUT
    uri: https://management.azure.com/subscriptions/00000000-0000-0000-0000-000000000000/resourceGroups/test_rg000004/providers/Microsoft.Storage/storageAccounts/sa000002?api-version=2019-06-01
  response:
    body:
      string: ''
    headers:
      cache-control:
      - no-cache
      content-length:
      - '0'
      content-type:
      - text/plain; charset=utf-8
      date:
      - Wed, 11 Nov 2020 07:20:22 GMT
      expires:
      - '-1'
      location:
      - https://management.azure.com/subscriptions/00000000-0000-0000-0000-000000000000/providers/Microsoft.Storage/locations/eastus/asyncoperations/0cd544cd-2c40-4b0b-9e2b-32e016250213?monitor=true&api-version=2019-06-01
      pragma:
      - no-cache
      server:
      - Microsoft-Azure-Storage-Resource-Provider/1.0,Microsoft-HTTPAPI/2.0 Microsoft-HTTPAPI/2.0
      strict-transport-security:
      - max-age=31536000; includeSubDomains
      x-content-type-options:
      - nosniff
      x-ms-ratelimit-remaining-subscription-writes:
      - '1199'
    status:
      code: 202
      message: Accepted
- request:
    body: null
    headers:
      Accept:
      - application/json
      Accept-Encoding:
      - gzip, deflate
      CommandName:
      - storage account create
      Connection:
      - keep-alive
      ParameterSetName:
      - -n -g -l --sku --kind --subscription
      User-Agent:
      - python/3.8.6 (Windows-10-10.0.19041-SP0) msrest/0.6.18 msrest_azure/0.6.3
        azure-mgmt-storage/11.2.0 Azure-SDK-For-Python AZURECLI/2.14.1
    method: GET
    uri: https://management.azure.com/subscriptions/00000000-0000-0000-0000-000000000000/providers/Microsoft.Storage/locations/eastus/asyncoperations/0cd544cd-2c40-4b0b-9e2b-32e016250213?monitor=true&api-version=2019-06-01
  response:
    body:
      string: '{"sku":{"name":"Standard_LRS","tier":"Standard"},"kind":"Storage","id":"/subscriptions/00000000-0000-0000-0000-000000000000/resourceGroups/test_rg000004/providers/Microsoft.Storage/storageAccounts/sa000002","name":"sa000002","type":"Microsoft.Storage/storageAccounts","location":"eastus","tags":{},"properties":{"privateEndpointConnections":[],"networkAcls":{"bypass":"AzureServices","virtualNetworkRules":[],"ipRules":[],"defaultAction":"Allow"},"supportsHttpsTrafficOnly":true,"encryption":{"services":{"file":{"keyType":"Account","enabled":true,"lastEnabledTime":"2020-11-11T07:20:23.2694530Z"},"blob":{"keyType":"Account","enabled":true,"lastEnabledTime":"2020-11-11T07:20:23.2694530Z"}},"keySource":"Microsoft.Storage"},"provisioningState":"Succeeded","creationTime":"2020-11-11T07:20:23.1756757Z","primaryEndpoints":{"blob":"https://sa000002.blob.core.windows.net/","queue":"https://sa000002.queue.core.windows.net/","table":"https://sa000002.table.core.windows.net/","file":"https://sa000002.file.core.windows.net/"},"primaryLocation":"eastus","statusOfPrimary":"available"}}'
    headers:
      cache-control:
      - no-cache
      content-length:
      - '1189'
      content-type:
      - application/json
      date:
      - Wed, 11 Nov 2020 07:20:40 GMT
      expires:
      - '-1'
      pragma:
      - no-cache
      server:
      - Microsoft-Azure-Storage-Resource-Provider/1.0,Microsoft-HTTPAPI/2.0 Microsoft-HTTPAPI/2.0
      strict-transport-security:
      - max-age=31536000; includeSubDomains
      transfer-encoding:
      - chunked
      vary:
      - Accept-Encoding
      x-content-type-options:
      - nosniff
    status:
      code: 200
      message: OK
- request:
    body: '{"sku": {"name": "Standard_LRS"}, "kind": "Storage", "location": "eastus",
      "properties": {"encryption": {"services": {"blob": {}}, "keySource": "Microsoft.Storage"}}}'
    headers:
      Accept:
      - application/json
      Accept-Encoding:
      - gzip, deflate
      CommandName:
      - storage account create
      Connection:
      - keep-alive
      Content-Length:
      - '166'
      Content-Type:
      - application/json; charset=utf-8
      ParameterSetName:
      - -n -g -l --sku --kind
      User-Agent:
      - python/3.8.6 (Windows-10-10.0.19041-SP0) msrest/0.6.18 msrest_azure/0.6.3
        azure-mgmt-storage/11.2.0 Azure-SDK-For-Python AZURECLI/2.14.1
      accept-language:
      - en-US
    method: PUT
    uri: https://management.azure.com/subscriptions/00000000-0000-0000-0000-000000000000/resourceGroups/cli_test_metric_alert_clone000001/providers/Microsoft.Storage/storageAccounts/sa000003?api-version=2019-06-01
  response:
    body:
      string: ''
    headers:
      cache-control:
      - no-cache
      content-length:
      - '0'
      content-type:
      - text/plain; charset=utf-8
      date:
      - Wed, 11 Nov 2020 07:20:46 GMT
      expires:
      - '-1'
      location:
      - https://management.azure.com/subscriptions/00000000-0000-0000-0000-000000000000/providers/Microsoft.Storage/locations/eastus/asyncoperations/a53174f7-1d61-48a7-9ab9-40045fed9702?monitor=true&api-version=2019-06-01
      pragma:
      - no-cache
      server:
      - Microsoft-Azure-Storage-Resource-Provider/1.0,Microsoft-HTTPAPI/2.0 Microsoft-HTTPAPI/2.0
      strict-transport-security:
      - max-age=31536000; includeSubDomains
      x-content-type-options:
      - nosniff
      x-ms-ratelimit-remaining-subscription-writes:
      - '1199'
    status:
      code: 202
      message: Accepted
- request:
    body: null
    headers:
      Accept:
      - application/json
      Accept-Encoding:
      - gzip, deflate
      CommandName:
      - storage account create
      Connection:
      - keep-alive
      ParameterSetName:
      - -n -g -l --sku --kind
      User-Agent:
      - python/3.8.6 (Windows-10-10.0.19041-SP0) msrest/0.6.18 msrest_azure/0.6.3
        azure-mgmt-storage/11.2.0 Azure-SDK-For-Python AZURECLI/2.14.1
    method: GET
    uri: https://management.azure.com/subscriptions/00000000-0000-0000-0000-000000000000/providers/Microsoft.Storage/locations/eastus/asyncoperations/a53174f7-1d61-48a7-9ab9-40045fed9702?monitor=true&api-version=2019-06-01
  response:
    body:
      string: '{"sku":{"name":"Standard_LRS","tier":"Standard"},"kind":"Storage","id":"/subscriptions/00000000-0000-0000-0000-000000000000/resourceGroups/cli_test_metric_alert_clone000001/providers/Microsoft.Storage/storageAccounts/sa000003","name":"sa000003","type":"Microsoft.Storage/storageAccounts","location":"eastus","tags":{},"properties":{"privateEndpointConnections":[],"networkAcls":{"bypass":"AzureServices","virtualNetworkRules":[],"ipRules":[],"defaultAction":"Allow"},"supportsHttpsTrafficOnly":true,"encryption":{"services":{"file":{"keyType":"Account","enabled":true,"lastEnabledTime":"2020-11-11T07:20:46.4051201Z"},"blob":{"keyType":"Account","enabled":true,"lastEnabledTime":"2020-11-11T07:20:46.4051201Z"}},"keySource":"Microsoft.Storage"},"provisioningState":"Succeeded","creationTime":"2020-11-11T07:20:46.3113889Z","primaryEndpoints":{"blob":"https://sa000003.blob.core.windows.net/","queue":"https://sa000003.queue.core.windows.net/","table":"https://sa000003.table.core.windows.net/","file":"https://sa000003.file.core.windows.net/"},"primaryLocation":"eastus","statusOfPrimary":"available"}}'
    headers:
      cache-control:
      - no-cache
      content-length:
      - '1240'
      content-type:
      - application/json
      date:
      - Wed, 11 Nov 2020 07:21:06 GMT
      expires:
      - '-1'
      pragma:
      - no-cache
      server:
      - Microsoft-Azure-Storage-Resource-Provider/1.0,Microsoft-HTTPAPI/2.0 Microsoft-HTTPAPI/2.0
      strict-transport-security:
      - max-age=31536000; includeSubDomains
      transfer-encoding:
      - chunked
      vary:
      - Accept-Encoding
      x-content-type-options:
      - nosniff
    status:
      code: 200
      message: OK
- request:
    body: '{"location": "global", "properties": {"groupShortName": "ag1", "enabled":
      true, "emailReceivers": [], "smsReceivers": [], "webhookReceivers": [], "itsmReceivers":
      [], "azureAppPushReceivers": [], "automationRunbookReceivers": [], "voiceReceivers":
      [], "logicAppReceivers": [], "azureFunctionReceivers": [], "armRoleReceivers":
      []}}'
    headers:
      Accept:
      - application/json
      Accept-Encoding:
      - gzip, deflate
      CommandName:
      - monitor action-group create
      Connection:
      - keep-alive
      Content-Length:
      - '331'
      Content-Type:
      - application/json; charset=utf-8
      ParameterSetName:
      - -g -n --subscription
      User-Agent:
      - python/3.8.6 (Windows-10-10.0.19041-SP0) msrest/0.6.18 msrest_azure/0.6.3
        azure-mgmt-monitor/0.11.0 Azure-SDK-For-Python AZURECLI/2.14.1
      accept-language:
      - en-US
    method: PUT
    uri: https://management.azure.com/subscriptions/00000000-0000-0000-0000-000000000000/resourceGroups/test_rg000004/providers/microsoft.insights/actionGroups/ag1?api-version=2019-06-01
  response:
    body:
      string: '{"id":"/subscriptions/00000000-0000-0000-0000-000000000000/resourceGroups/test_rg000004/providers/microsoft.insights/actionGroups/ag1","type":"Microsoft.Insights/ActionGroups","name":"ag1","location":"Global","kind":null,"tags":null,"properties":{"groupShortName":"ag1","enabled":true,"emailReceivers":[],"smsReceivers":[],"webhookReceivers":[],"itsmReceivers":[],"azureAppPushReceivers":[],"automationRunbookReceivers":[],"voiceReceivers":[],"logicAppReceivers":[],"azureFunctionReceivers":[],"armRoleReceivers":[]},"identity":null}'
    headers:
      cache-control:
      - no-cache
      content-length:
      - '544'
      content-type:
      - application/json; charset=utf-8
      date:
      - Wed, 11 Nov 2020 07:21:13 GMT
      expires:
      - '-1'
      pragma:
      - no-cache
      server:
      - Microsoft-IIS/10.0
      strict-transport-security:
      - max-age=31536000; includeSubDomains
      x-content-type-options:
      - nosniff
      x-ms-ratelimit-remaining-subscription-writes:
      - '1199'
    status:
      code: 201
      message: Created
- request:
    body: '{"location": "global", "properties": {"description": "Test", "severity":
      2, "enabled": true, "scopes": ["/subscriptions/00000000-0000-0000-0000-000000000000/resourceGroups/test_rg000004/providers/Microsoft.Storage/storageAccounts/sa000002"],
      "evaluationFrequency": "PT1M", "windowSize": "PT5M", "criteria": {"odata.type":
      "Microsoft.Azure.Monitor.SingleResourceMultipleMetricCriteria", "allOf": [{"name":
      "cond0", "metricName": "transactions", "timeAggregation": "Total", "dimensions":
      [{"name": "ResponseType", "operator": "Include", "values": ["Success"]}, {"name":
      "ApiName", "operator": "Include", "values": ["GetBlob"]}], "criterionType":
      "StaticThresholdCriterion", "operator": "GreaterThan", "threshold": 5.0}, {"name":
      "cond1", "metricName": "SuccessE2ELatency", "timeAggregation": "Average", "dimensions":
      [{"name": "ApiName", "operator": "Include", "values": ["GetBlob"]}], "criterionType":
      "StaticThresholdCriterion", "operator": "GreaterThan", "threshold": 250.0}]},
      "actions": [{"actionGroupId": "/subscriptions/00000000-0000-0000-0000-000000000000/resourceGroups/test_rg000004/providers/microsoft.insights/actionGroups/ag1"}]}}'
    headers:
      Accept:
      - application/json
      Accept-Encoding:
      - gzip, deflate
      CommandName:
      - monitor metrics alert create
      Connection:
      - keep-alive
      Content-Length:
      - '1179'
      Content-Type:
      - application/json; charset=utf-8
      ParameterSetName:
      - -g --subscription -n --scopes --action --description --condition --condition
      User-Agent:
      - python/3.8.6 (Windows-10-10.0.19041-SP0) msrest/0.6.18 msrest_azure/0.6.3
        azure-mgmt-monitor/0.11.0 Azure-SDK-For-Python AZURECLI/2.14.1
      accept-language:
      - en-US
    method: PUT
    uri: https://management.azure.com/subscriptions/00000000-0000-0000-0000-000000000000/resourceGroups/test_rg000004/providers/Microsoft.Insights/metricAlerts/alert1?api-version=2018-03-01
  response:
    body:
      string: "{\r\n  \"location\": \"global\",\r\n  \"type\": \"Microsoft.Insights/metricAlerts\",\r\n
        \ \"name\": \"alert1\",\r\n  \"id\": \"/subscriptions/00000000-0000-0000-0000-000000000000/resourceGroups/test_rg000004/providers/Microsoft.Insights/metricAlerts/alert1\",\r\n
        \ \"properties\": {\r\n    \"description\": \"Test\",\r\n    \"severity\":
        2,\r\n    \"enabled\": true,\r\n    \"scopes\": [\r\n      \"/subscriptions/00000000-0000-0000-0000-000000000000/resourceGroups/test_rg000004/providers/Microsoft.Storage/storageAccounts/sa000002\"\r\n
        \   ],\r\n    \"evaluationFrequency\": \"PT1M\",\r\n    \"windowSize\": \"PT5M\",\r\n
        \   \"templateType\": 8,\r\n    \"criteria\": {\r\n      \"allOf\": [\r\n
        \       {\r\n          \"threshold\": 5.0,\r\n          \"name\": \"cond0\",\r\n
        \         \"metricNamespace\": \"microsoft.storage/storageaccounts\",\r\n
        \         \"metricName\": \"transactions\",\r\n          \"dimensions\": [\r\n
        \           {\r\n              \"name\": \"ResponseType\",\r\n              \"operator\":
        \"Include\",\r\n              \"values\": [\r\n                \"Success\"\r\n
        \             ]\r\n            },\r\n            {\r\n              \"name\":
        \"ApiName\",\r\n              \"operator\": \"Include\",\r\n              \"values\":
        [\r\n                \"GetBlob\"\r\n              ]\r\n            }\r\n          ],\r\n
        \         \"operator\": \"GreaterThan\",\r\n          \"timeAggregation\":
        \"Total\",\r\n          \"criterionType\": \"StaticThresholdCriterion\"\r\n
        \       },\r\n        {\r\n          \"threshold\": 250.0,\r\n          \"name\":
        \"cond1\",\r\n          \"metricNamespace\": \"microsoft.storage/storageaccounts\",\r\n
        \         \"metricName\": \"SuccessE2ELatency\",\r\n          \"dimensions\":
        [\r\n            {\r\n              \"name\": \"ApiName\",\r\n              \"operator\":
        \"Include\",\r\n              \"values\": [\r\n                \"GetBlob\"\r\n
        \             ]\r\n            }\r\n          ],\r\n          \"operator\":
        \"GreaterThan\",\r\n          \"timeAggregation\": \"Average\",\r\n          \"criterionType\":
        \"StaticThresholdCriterion\"\r\n        }\r\n      ],\r\n      \"odata.type\":
        \"Microsoft.Azure.Monitor.SingleResourceMultipleMetricCriteria\"\r\n    },\r\n
        \   \"targetResourceType\": \"microsoft.storage/storageaccounts\",\r\n    \"actions\":
        [\r\n      {\r\n        \"actionGroupId\": \"/subscriptions/00000000-0000-0000-0000-000000000000/resourceGroups/test_rg000004/providers/microsoft.insights/actionGroups/ag1\"\r\n
        \     }\r\n    ]\r\n  }\r\n}"
    headers:
      api-supported-versions:
      - 1.0, 2.0, 2017-09-01-preview, 2018-03-01
      cache-control:
      - no-cache
      content-length:
      - '2292'
      content-type:
      - application/json; charset=utf-8
      date:
      - Wed, 11 Nov 2020 07:21:31 GMT
      expires:
      - '-1'
      pragma:
      - no-cache
      server:
      - Microsoft-IIS/10.0
      strict-transport-security:
      - max-age=31536000; includeSubDomains
      transfer-encoding:
      - chunked
      vary:
      - Accept-Encoding
      x-aspnet-version:
      - 4.0.30319
      x-content-type-options:
      - nosniff
      x-ms-ratelimit-remaining-subscription-resource-requests:
      - '299'
      x-powered-by:
      - ASP.NET
    status:
      code: 200
      message: OK
- request:
    body: null
    headers:
      Accept:
      - application/json
      Accept-Encoding:
      - gzip, deflate
      CommandName:
      - monitor clone
      Connection:
      - keep-alive
      ParameterSetName:
      - --source-resource --target-resource
      User-Agent:
      - python/3.8.6 (Windows-10-10.0.19041-SP0) msrest/0.6.18 msrest_azure/0.6.3
        azure-mgmt-monitor/0.11.0 Azure-SDK-For-Python AZURECLI/2.14.1
      accept-language:
      - en-US
    method: GET
    uri: https://management.azure.com/subscriptions/00000000-0000-0000-0000-000000000000/providers/Microsoft.Insights/metricAlerts?api-version=2018-03-01
  response:
    body:
      string: "{\r\n  \"value\": [\r\n    {\r\n      \"location\": \"global\",\r\n
        \     \"type\": \"Microsoft.Insights/metricAlerts\",\r\n      \"name\": \"alert1\",\r\n
        \     \"id\": \"/subscriptions/00000000-0000-0000-0000-000000000000/resourceGroups/test_rg000004/providers/Microsoft.Insights/metricAlerts/alert1\",\r\n
        \     \"properties\": {\r\n        \"description\": \"Test\",\r\n        \"severity\":
        2,\r\n        \"enabled\": true,\r\n        \"scopes\": [\r\n          \"/subscriptions/00000000-0000-0000-0000-000000000000/resourceGroups/test_rg000004/providers/Microsoft.Storage/storageAccounts/sa000002\"\r\n
        \       ],\r\n        \"evaluationFrequency\": \"PT1M\",\r\n        \"windowSize\":
        \"PT5M\",\r\n        \"templateType\": 8,\r\n        \"criteria\": {\r\n          \"allOf\":
        [\r\n            {\r\n              \"threshold\": 5.0,\r\n              \"name\":
        \"cond0\",\r\n              \"metricNamespace\": \"microsoft.storage/storageaccounts\",\r\n
        \             \"metricName\": \"transactions\",\r\n              \"dimensions\":
        [\r\n                {\r\n                  \"name\": \"ResponseType\",\r\n
        \                 \"operator\": \"Include\",\r\n                  \"values\":
        [\r\n                    \"Success\"\r\n                  ]\r\n                },\r\n
        \               {\r\n                  \"name\": \"ApiName\",\r\n                  \"operator\":
        \"Include\",\r\n                  \"values\": [\r\n                    \"GetBlob\"\r\n
        \                 ]\r\n                }\r\n              ],\r\n              \"operator\":
        \"GreaterThan\",\r\n              \"timeAggregation\": \"Total\",\r\n              \"criterionType\":
        \"StaticThresholdCriterion\"\r\n            },\r\n            {\r\n              \"threshold\":
        250.0,\r\n              \"name\": \"cond1\",\r\n              \"metricNamespace\":
        \"microsoft.storage/storageaccounts\",\r\n              \"metricName\": \"SuccessE2ELatency\",\r\n
        \             \"dimensions\": [\r\n                {\r\n                  \"name\":
        \"ApiName\",\r\n                  \"operator\": \"Include\",\r\n                  \"values\":
        [\r\n                    \"GetBlob\"\r\n                  ]\r\n                }\r\n
        \             ],\r\n              \"operator\": \"GreaterThan\",\r\n              \"timeAggregation\":
        \"Average\",\r\n              \"criterionType\": \"StaticThresholdCriterion\"\r\n
        \           }\r\n          ],\r\n          \"odata.type\": \"Microsoft.Azure.Monitor.SingleResourceMultipleMetricCriteria\"\r\n
        \       },\r\n        \"targetResourceType\": \"microsoft.storage/storageaccounts\",\r\n
        \       \"actions\": [\r\n          {\r\n            \"actionGroupId\": \"/subscriptions/00000000-0000-0000-0000-000000000000/resourceGroups/test_rg000004/providers/microsoft.insights/actionGroups/ag1\"\r\n
        \         }\r\n        ]\r\n      }\r\n    }\r\n  ]\r\n}"
    headers:
      api-supported-versions:
      - 1.0, 2.0, 2017-09-01-preview, 2018-03-01
      cache-control:
      - no-cache
      content-length:
      - '2601'
      content-type:
      - application/json; charset=utf-8
      date:
      - Wed, 11 Nov 2020 07:21:32 GMT
      expires:
      - '-1'
      pragma:
      - no-cache
      server:
      - Microsoft-IIS/10.0
      strict-transport-security:
      - max-age=31536000; includeSubDomains
      transfer-encoding:
      - chunked
      vary:
      - Accept-Encoding
      x-aspnet-version:
      - 4.0.30319
      x-content-type-options:
      - nosniff
      x-powered-by:
      - ASP.NET
    status:
      code: 200
      message: OK
- request:
    body: null
    headers:
      Accept:
      - application/json
      Accept-Encoding:
      - gzip, deflate
      CommandName:
      - monitor clone
      Connection:
      - keep-alive
      ParameterSetName:
      - --source-resource --target-resource
      User-Agent:
      - python/3.8.6 (Windows-10-10.0.19041-SP0) msrest/0.6.18 msrest_azure/0.6.3
        azure-mgmt-monitor/0.11.0 Azure-SDK-For-Python AZURECLI/2.14.1
      accept-language:
      - en-US
    method: GET
    uri: https://management.azure.com/subscriptions/00000000-0000-0000-0000-000000000000/resourceGroups/test_rg000004/providers/microsoft.insights/actionGroups/ag1?api-version=2019-06-01
  response:
    body:
      string: '{"id":"/subscriptions/00000000-0000-0000-0000-000000000000/resourceGroups/test_rg000004/providers/microsoft.insights/actionGroups/ag1","type":"Microsoft.Insights/ActionGroups","name":"ag1","location":"Global","kind":null,"tags":null,"properties":{"groupShortName":"ag1","enabled":true,"emailReceivers":[],"smsReceivers":[],"webhookReceivers":[],"itsmReceivers":[],"azureAppPushReceivers":[],"automationRunbookReceivers":[],"voiceReceivers":[],"logicAppReceivers":[],"azureFunctionReceivers":[],"armRoleReceivers":[]},"identity":null}'
    headers:
      cache-control:
      - no-cache
      content-length:
      - '544'
      content-type:
      - application/json; charset=utf-8
      date:
      - Wed, 11 Nov 2020 07:21:32 GMT
      expires:
      - '-1'
      pragma:
      - no-cache
      server:
      - Microsoft-IIS/10.0
      strict-transport-security:
      - max-age=31536000; includeSubDomains
      transfer-encoding:
      - chunked
      vary:
      - Accept-Encoding
      x-content-type-options:
      - nosniff
    status:
      code: 200
      message: OK
- request:
    body: '{"location": "Global", "properties": {"groupShortName": "ag1", "enabled":
      true, "emailReceivers": [], "smsReceivers": [], "webhookReceivers": [], "itsmReceivers":
      [], "azureAppPushReceivers": [], "automationRunbookReceivers": [], "voiceReceivers":
      [], "logicAppReceivers": [], "azureFunctionReceivers": [], "armRoleReceivers":
      []}}'
    headers:
      Accept:
      - application/json
      Accept-Encoding:
      - gzip, deflate
      CommandName:
      - monitor clone
      Connection:
      - keep-alive
      Content-Length:
      - '331'
      Content-Type:
      - application/json; charset=utf-8
      ParameterSetName:
      - --source-resource --target-resource
      User-Agent:
      - python/3.8.6 (Windows-10-10.0.19041-SP0) msrest/0.6.18 msrest_azure/0.6.3
        azure-mgmt-monitor/0.11.0 Azure-SDK-For-Python AZURECLI/2.14.1
      accept-language:
      - en-US
    method: PUT
    uri: https://management.azure.com/subscriptions/00000000-0000-0000-0000-000000000000/resourceGroups/cli_test_metric_alert_clone000001/providers/microsoft.insights/actionGroups/cloned-ag1-88888888-0000-0000-0000-000000000001?api-version=2019-06-01
  response:
    body:
      string: '{"id":"/subscriptions/00000000-0000-0000-0000-000000000000/resourceGroups/cli_test_metric_alert_clone000001/providers/microsoft.insights/actionGroups/cloned-ag1-88888888-0000-0000-0000-000000000001","type":"Microsoft.Insights/ActionGroups","name":"cloned-ag1-88888888-0000-0000-0000-000000000001","location":"Global","kind":null,"tags":null,"properties":{"groupShortName":"ag1","enabled":true,"emailReceivers":[],"smsReceivers":[],"webhookReceivers":[],"itsmReceivers":[],"azureAppPushReceivers":[],"automationRunbookReceivers":[],"voiceReceivers":[],"logicAppReceivers":[],"azureFunctionReceivers":[],"armRoleReceivers":[]},"identity":null}'
    headers:
      cache-control:
      - no-cache
      content-length:
      - '683'
      content-type:
      - application/json; charset=utf-8
      date:
      - Wed, 11 Nov 2020 07:21:39 GMT
      expires:
      - '-1'
      pragma:
      - no-cache
      server:
      - Microsoft-IIS/10.0
      strict-transport-security:
      - max-age=31536000; includeSubDomains
      x-content-type-options:
      - nosniff
      x-ms-ratelimit-remaining-subscription-writes:
      - '1199'
    status:
      code: 201
      message: Created
- request:
    body: '{"location": "global", "properties": {"description": "Test", "severity":
      2, "enabled": true, "scopes": ["/subscriptions/00000000-0000-0000-0000-000000000000/resourceGroups/cli_test_metric_alert_clone000001/providers/Microsoft.Storage/storageAccounts/sa000003"],
      "evaluationFrequency": "PT1M", "windowSize": "PT5M", "targetResourceType": "microsoft.storage/storageaccounts",
      "criteria": {"odata.type": "Microsoft.Azure.Monitor.SingleResourceMultipleMetricCriteria",
      "allOf": [{"name": "cond0", "metricName": "transactions", "metricNamespace":
      "microsoft.storage/storageaccounts", "timeAggregation": "Total", "dimensions":
      [{"name": "ResponseType", "operator": "Include", "values": ["Success"]}, {"name":
      "ApiName", "operator": "Include", "values": ["GetBlob"]}], "criterionType":
      "StaticThresholdCriterion", "operator": "GreaterThan", "threshold": 5.0}, {"name":
      "cond1", "metricName": "SuccessE2ELatency", "metricNamespace": "microsoft.storage/storageaccounts",
      "timeAggregation": "Average", "dimensions": [{"name": "ApiName", "operator":
      "Include", "values": ["GetBlob"]}], "criterionType": "StaticThresholdCriterion",
      "operator": "GreaterThan", "threshold": 250.0}]}, "actions": [{"actionGroupId":
      "/subscriptions/00000000-0000-0000-0000-000000000000/resourceGroups/cli_test_metric_alert_clone000001/providers/microsoft.insights/actionGroups/cloned-ag1-88888888-0000-0000-0000-000000000001"}]}}'
    headers:
      Accept:
      - application/json
      Accept-Encoding:
      - gzip, deflate
      CommandName:
      - monitor clone
      Connection:
      - keep-alive
      Content-Length:
      - '1496'
      Content-Type:
      - application/json; charset=utf-8
      ParameterSetName:
      - --source-resource --target-resource
      User-Agent:
      - python/3.8.6 (Windows-10-10.0.19041-SP0) msrest/0.6.18 msrest_azure/0.6.3
        azure-mgmt-monitor/0.11.0 Azure-SDK-For-Python AZURECLI/2.14.1
      accept-language:
      - en-US
    method: PUT
    uri: https://management.azure.com/subscriptions/00000000-0000-0000-0000-000000000000/resourceGroups/cli_test_metric_alert_clone000001/providers/Microsoft.Insights/metricAlerts/cloned-sa000003-88888888-0000-0000-0000-000000000002?api-version=2018-03-01
  response:
    body:
      string: "{\r\n  \"location\": \"global\",\r\n  \"type\": \"Microsoft.Insights/metricAlerts\",\r\n
        \ \"name\": \"cloned-sa000003-88888888-0000-0000-0000-000000000002\",\r\n
        \ \"id\": \"/subscriptions/00000000-0000-0000-0000-000000000000/resourceGroups/cli_test_metric_alert_clone000001/providers/Microsoft.Insights/metricAlerts/cloned-sa000003-88888888-0000-0000-0000-000000000002\",\r\n
        \ \"properties\": {\r\n    \"description\": \"Test\",\r\n    \"severity\":
        2,\r\n    \"enabled\": true,\r\n    \"scopes\": [\r\n      \"/subscriptions/00000000-0000-0000-0000-000000000000/resourceGroups/cli_test_metric_alert_clone000001/providers/Microsoft.Storage/storageAccounts/sa000003\"\r\n
        \   ],\r\n    \"evaluationFrequency\": \"PT1M\",\r\n    \"windowSize\": \"PT5M\",\r\n
        \   \"templateType\": 8,\r\n    \"criteria\": {\r\n      \"allOf\": [\r\n
        \       {\r\n          \"threshold\": 5.0,\r\n          \"name\": \"cond0\",\r\n
        \         \"metricNamespace\": \"microsoft.storage/storageaccounts\",\r\n
        \         \"metricName\": \"transactions\",\r\n          \"dimensions\": [\r\n
        \           {\r\n              \"name\": \"ResponseType\",\r\n              \"operator\":
        \"Include\",\r\n              \"values\": [\r\n                \"Success\"\r\n
        \             ]\r\n            },\r\n            {\r\n              \"name\":
        \"ApiName\",\r\n              \"operator\": \"Include\",\r\n              \"values\":
        [\r\n                \"GetBlob\"\r\n              ]\r\n            }\r\n          ],\r\n
        \         \"operator\": \"GreaterThan\",\r\n          \"timeAggregation\":
        \"Total\",\r\n          \"criterionType\": \"StaticThresholdCriterion\"\r\n
        \       },\r\n        {\r\n          \"threshold\": 250.0,\r\n          \"name\":
        \"cond1\",\r\n          \"metricNamespace\": \"microsoft.storage/storageaccounts\",\r\n
        \         \"metricName\": \"SuccessE2ELatency\",\r\n          \"dimensions\":
        [\r\n            {\r\n              \"name\": \"ApiName\",\r\n              \"operator\":
        \"Include\",\r\n              \"values\": [\r\n                \"GetBlob\"\r\n
        \             ]\r\n            }\r\n          ],\r\n          \"operator\":
        \"GreaterThan\",\r\n          \"timeAggregation\": \"Average\",\r\n          \"criterionType\":
        \"StaticThresholdCriterion\"\r\n        }\r\n      ],\r\n      \"odata.type\":
        \"Microsoft.Azure.Monitor.SingleResourceMultipleMetricCriteria\"\r\n    },\r\n
        \   \"targetResourceType\": \"microsoft.storage/storageaccounts\",\r\n    \"actions\":
        [\r\n      {\r\n        \"actionGroupId\": \"/subscriptions/00000000-0000-0000-0000-000000000000/resourceGroups/cli_test_metric_alert_clone000001/providers/microsoft.insights/actionGroups/cloned-ag1-88888888-0000-0000-0000-000000000001\"\r\n
        \     }\r\n    ]\r\n  }\r\n}"
    headers:
      api-supported-versions:
      - 1.0, 2.0, 2017-09-01-preview, 2018-03-01
      cache-control:
      - no-cache
      content-length:
      - '2613'
      content-type:
      - application/json; charset=utf-8
      date:
      - Wed, 11 Nov 2020 07:21:50 GMT
      expires:
      - '-1'
      pragma:
      - no-cache
      server:
      - Microsoft-IIS/10.0
      strict-transport-security:
      - max-age=31536000; includeSubDomains
      transfer-encoding:
      - chunked
      vary:
      - Accept-Encoding
      x-aspnet-version:
      - 4.0.30319
      x-content-type-options:
      - nosniff
      x-ms-ratelimit-remaining-subscription-resource-requests:
      - '299'
      x-powered-by:
      - ASP.NET
    status:
      code: 200
      message: OK
version: 1
