interactions:
- request:
    body: null
    headers:
      Accept:
      - application/json
      Accept-Encoding:
      - gzip, deflate
      CommandName:
      - vm create
      Connection:
      - keep-alive
      ParameterSetName:
      - -n -g --image --admin-username --admin-password --tags --nsg-rule
      User-Agent:
      - AZURECLI/2.33.0 azsdk-python-azure-mgmt-resource/20.0.0 Python/3.8.9 (Windows-10-10.0.22000-SP0)
    method: GET
    uri: https://management.azure.com/subscriptions/00000000-0000-0000-0000-000000000000/resourcegroups/cli_test_metric_alert_v1000001?api-version=2021-04-01
  response:
    body:
      string: '{"id":"/subscriptions/00000000-0000-0000-0000-000000000000/resourceGroups/cli_test_metric_alert_v1000001","name":"cli_test_metric_alert_v1000001","type":"Microsoft.Resources/resourceGroups","location":"westus","tags":{"product":"azurecli","cause":"automation","date":"2022-02-11T02:32:06Z"},"properties":{"provisioningState":"Succeeded"}}'
    headers:
      cache-control:
      - no-cache
      content-length:
      - '338'
      content-type:
      - application/json; charset=utf-8
      date:
      - Fri, 11 Feb 2022 02:32:07 GMT
      expires:
      - '-1'
      pragma:
      - no-cache
      strict-transport-security:
      - max-age=31536000; includeSubDomains
      vary:
      - Accept-Encoding
      x-content-type-options:
      - nosniff
    status:
      code: 200
      message: OK
- request:
    body: null
    headers:
      Accept:
      - '*/*'
      Accept-Encoding:
      - gzip, deflate
      Connection:
      - keep-alive
      User-Agent:
      - python-requests/2.26.0
    method: GET
    uri: https://raw.githubusercontent.com/Azure/azure-rest-api-specs/master/arm-compute/quickstart-templates/aliases.json
  response:
    body:
      string: "{\n  \"$schema\": \"http://schema.management.azure.com/schemas/2015-01-01/deploymentTemplate.json\",\n
        \ \"contentVersion\": \"1.0.0.0\",\n  \"parameters\": {},\n  \"variables\":
        {},\n  \"resources\": [],\n  \"outputs\": {\n    \"aliases\": {\n      \"type\":
        \"object\",\n      \"value\": {\n        \"Linux\": {\n          \"CentOS\":
        {\n            \"publisher\": \"OpenLogic\",\n            \"offer\": \"CentOS\",\n
        \           \"sku\": \"7.5\",\n            \"version\": \"latest\"\n          },\n
        \         \"Debian\": {\n            \"publisher\": \"Debian\",\n            \"offer\":
        \"debian-10\",\n            \"sku\": \"10\",\n            \"version\": \"latest\"\n
        \         },\n          \"Flatcar\": {\n            \"publisher\": \"kinvolk\",\n
        \           \"offer\": \"flatcar-container-linux-free\",\n            \"sku\":
        \"stable\",\n            \"version\": \"latest\"\n          },\n          \"openSUSE-Leap\":
        {\n            \"publisher\": \"SUSE\",\n            \"offer\": \"openSUSE-Leap\",\n
        \           \"sku\": \"42.3\",\n            \"version\": \"latest\"\n          },\n
        \         \"RHEL\": {\n            \"publisher\": \"RedHat\",\n            \"offer\":
        \"RHEL\",\n            \"sku\": \"7-LVM\",\n            \"version\": \"latest\"\n
        \         },\n          \"SLES\": {\n            \"publisher\": \"SUSE\",\n
        \           \"offer\": \"SLES\",\n            \"sku\": \"15\",\n            \"version\":
        \"latest\"\n          },\n          \"UbuntuLTS\": {\n            \"publisher\":
        \"Canonical\",\n            \"offer\": \"UbuntuServer\",\n            \"sku\":
        \"18.04-LTS\",\n            \"version\": \"latest\"\n          }\n        },\n
        \       \"Windows\": {\n          \"Win2019Datacenter\": {\n            \"publisher\":
        \"MicrosoftWindowsServer\",\n            \"offer\": \"WindowsServer\",\n            \"sku\":
        \"2019-Datacenter\",\n            \"version\": \"latest\"\n          },\n
        \         \"Win2016Datacenter\": {\n            \"publisher\": \"MicrosoftWindowsServer\",\n
        \           \"offer\": \"WindowsServer\",\n            \"sku\": \"2016-Datacenter\",\n
        \           \"version\": \"latest\"\n          },\n          \"Win2012R2Datacenter\":
        {\n            \"publisher\": \"MicrosoftWindowsServer\",\n            \"offer\":
        \"WindowsServer\",\n            \"sku\": \"2012-R2-Datacenter\",\n            \"version\":
        \"latest\"\n          },\n          \"Win2012Datacenter\": {\n            \"publisher\":
        \"MicrosoftWindowsServer\",\n            \"offer\": \"WindowsServer\",\n            \"sku\":
        \"2012-Datacenter\",\n            \"version\": \"latest\"\n          },\n
        \         \"Win2008R2SP1\": {\n            \"publisher\": \"MicrosoftWindowsServer\",\n
        \           \"offer\": \"WindowsServer\",\n            \"sku\": \"2008-R2-SP1\",\n
        \           \"version\": \"latest\"\n          }\n        }\n      }\n    }\n
        \ }\n}\n"
    headers:
      accept-ranges:
      - bytes
      access-control-allow-origin:
      - '*'
      cache-control:
      - max-age=300
      connection:
      - keep-alive
      content-length:
      - '2525'
      content-security-policy:
      - default-src 'none'; style-src 'unsafe-inline'; sandbox
      content-type:
      - text/plain; charset=utf-8
      date:
      - Fri, 11 Feb 2022 02:32:07 GMT
      etag:
      - W/"54bceef15b892f2aa7f4c2145a49f1b5e33608722acdbb47933d7b6cbebbd7f4"
      expires:
      - Fri, 11 Feb 2022 02:37:07 GMT
      source-age:
      - '43'
      strict-transport-security:
      - max-age=31536000
      vary:
      - Authorization,Accept-Encoding,Origin
      via:
      - 1.1 varnish
      x-cache:
      - HIT
      x-cache-hits:
      - '1'
      x-content-type-options:
      - nosniff
      x-fastly-request-id:
      - ad7024acd2ef3bae5ceaeb23a3707c4ac8f317cc
      x-frame-options:
      - deny
      x-github-request-id:
      - B6BA:7999:3B5E9:50B54:6205C69E
      x-served-by:
      - cache-tyo11957-TYO
      x-timer:
      - S1644546728.805804,VS0,VE0
      x-xss-protection:
      - 1; mode=block
    status:
      code: 200
      message: OK
- request:
    body: null
    headers:
      Accept:
      - application/json, text/json
      Accept-Encoding:
      - gzip, deflate
      CommandName:
      - vm create
      Connection:
      - keep-alive
      ParameterSetName:
      - -n -g --image --admin-username --admin-password --tags --nsg-rule
      User-Agent:
      - AZURECLI/2.33.0 azsdk-python-azure-mgmt-network/19.3.0 Python/3.8.9 (Windows-10-10.0.22000-SP0)
    method: GET
    uri: https://management.azure.com/subscriptions/00000000-0000-0000-0000-000000000000/resourceGroups/cli_test_metric_alert_v1000001/providers/Microsoft.Network/virtualNetworks?api-version=2018-01-01
  response:
    body:
      string: '{"value":[]}'
    headers:
      cache-control:
      - no-cache
      content-length:
      - '12'
      content-type:
      - application/json; charset=utf-8
      date:
      - Fri, 11 Feb 2022 02:32:08 GMT
      expires:
      - '-1'
      pragma:
      - no-cache
      strict-transport-security:
      - max-age=31536000; includeSubDomains
      vary:
      - Accept-Encoding
      x-content-type-options:
      - nosniff
    status:
      code: 200
      message: OK
- request:
    body: '{"properties": {"template": {"$schema": "https://schema.management.azure.com/schemas/2015-01-01/deploymentTemplate.json#",
      "contentVersion": "1.0.0.0", "parameters": {"adminPassword": {"type": "securestring",
      "metadata": {"description": "Secure adminPassword"}}}, "variables": {}, "resources":
      [{"name": "clitest-vm000002VNET", "type": "Microsoft.Network/virtualNetworks",
      "location": "westus", "apiVersion": "2015-06-15", "dependsOn": [], "tags": {"MabUsed":
      "Yes", "Owner": "sisi", "Purpose": "CLITest", "DeleteBy": "12-2099", "AutoShutdown":
      "No"}, "properties": {"addressSpace": {"addressPrefixes": ["10.0.0.0/16"]},
      "subnets": [{"name": "clitest-vm000002Subnet", "properties": {"addressPrefix":
      "10.0.0.0/24"}}]}}, {"type": "Microsoft.Network/networkSecurityGroups", "name":
      "clitest-vm000002NSG", "apiVersion": "2015-06-15", "location": "westus", "tags":
      {"MabUsed": "Yes", "Owner": "sisi", "Purpose": "CLITest", "DeleteBy": "12-2099",
      "AutoShutdown": "No"}, "dependsOn": []}, {"apiVersion": "2018-01-01", "type":
      "Microsoft.Network/publicIPAddresses", "name": "clitest-vm000002PublicIP", "location":
      "westus", "tags": {"MabUsed": "Yes", "Owner": "sisi", "Purpose": "CLITest",
      "DeleteBy": "12-2099", "AutoShutdown": "No"}, "dependsOn": [], "properties":
      {"publicIPAllocationMethod": null}}, {"apiVersion": "2015-06-15", "type": "Microsoft.Network/networkInterfaces",
      "name": "clitest-vm000002VMNic", "location": "westus", "tags": {"MabUsed": "Yes",
      "Owner": "sisi", "Purpose": "CLITest", "DeleteBy": "12-2099", "AutoShutdown":
      "No"}, "dependsOn": ["Microsoft.Network/virtualNetworks/clitest-vm000002VNET",
      "Microsoft.Network/networkSecurityGroups/clitest-vm000002NSG", "Microsoft.Network/publicIpAddresses/clitest-vm000002PublicIP"],
      "properties": {"ipConfigurations": [{"name": "ipconfigclitest-vm000002", "properties":
      {"privateIPAllocationMethod": "Dynamic", "subnet": {"id": "/subscriptions/00000000-0000-0000-0000-000000000000/resourceGroups/cli_test_metric_alert_v1000001/providers/Microsoft.Network/virtualNetworks/clitest-vm000002VNET/subnets/clitest-vm000002Subnet"},
      "publicIPAddress": {"id": "/subscriptions/00000000-0000-0000-0000-000000000000/resourceGroups/cli_test_metric_alert_v1000001/providers/Microsoft.Network/publicIPAddresses/clitest-vm000002PublicIP"}}}],
      "networkSecurityGroup": {"id": "/subscriptions/00000000-0000-0000-0000-000000000000/resourceGroups/cli_test_metric_alert_v1000001/providers/Microsoft.Network/networkSecurityGroups/clitest-vm000002NSG"}}},
      {"apiVersion": "2021-11-01", "type": "Microsoft.Compute/virtualMachines", "name":
      "clitest-vm000002", "location": "westus", "tags": {"MabUsed": "Yes", "Owner":
      "sisi", "Purpose": "CLITest", "DeleteBy": "12-2099", "AutoShutdown": "No"},
      "dependsOn": ["Microsoft.Network/networkInterfaces/clitest-vm000002VMNic"],
      "properties": {"hardwareProfile": {"vmSize": "Standard_DS1_v2"}, "networkProfile":
      {"networkInterfaces": [{"id": "/subscriptions/00000000-0000-0000-0000-000000000000/resourceGroups/cli_test_metric_alert_v1000001/providers/Microsoft.Network/networkInterfaces/clitest-vm000002VMNic",
      "properties": {"deleteOption": null}}]}, "storageProfile": {"osDisk": {"createOption":
      "fromImage", "name": null, "caching": "ReadWrite", "managedDisk": {"storageAccountType":
      null}}, "imageReference": {"publisher": "MicrosoftWindowsServer", "offer": "WindowsServer",
      "sku": "2012-R2-Datacenter", "version": "latest"}}, "osProfile": {"computerName":
      "clitest-vm000002", "adminUsername": "clitest-vm000002", "adminPassword": "[parameters(''adminPassword'')]"},
      "additionalCapabilities": {}}}], "outputs": {}}, "parameters": {"adminPassword":
      {"value": "%j^VYw9Q3Z@Cu$*h"}}, "mode": "incremental"}}'
    headers:
      Accept:
      - application/json
      Accept-Encoding:
      - gzip, deflate
      CommandName:
      - vm create
      Connection:
      - keep-alive
      Content-Length:
      - '3678'
      Content-Type:
      - application/json
      ParameterSetName:
      - -n -g --image --admin-username --admin-password --tags --nsg-rule
      User-Agent:
      - AZURECLI/2.33.0 azsdk-python-azure-mgmt-resource/20.0.0 Python/3.8.9 (Windows-10-10.0.22000-SP0)
    method: PUT
    uri: https://management.azure.com/subscriptions/00000000-0000-0000-0000-000000000000/resourcegroups/cli_test_metric_alert_v1000001/providers/Microsoft.Resources/deployments/mock-deployment?api-version=2021-04-01
  response:
    body:
      string: '{"id":"/subscriptions/00000000-0000-0000-0000-000000000000/resourceGroups/cli_test_metric_alert_v1000001/providers/Microsoft.Resources/deployments/vm_deploy_RASb4byFhfRW6DFyHjjv7jZd9CtllVIg","name":"vm_deploy_RASb4byFhfRW6DFyHjjv7jZd9CtllVIg","type":"Microsoft.Resources/deployments","properties":{"templateHash":"17579520324372594405","parameters":{"adminPassword":{"type":"SecureString"}},"mode":"Incremental","provisioningState":"Accepted","timestamp":"2022-02-11T02:32:11.7605345Z","duration":"PT0.000936S","correlationId":"747f78e4-f998-4bc3-ac84-af47c5b0d7d8","providers":[{"namespace":"Microsoft.Network","resourceTypes":[{"resourceType":"virtualNetworks","locations":["westus"]},{"resourceType":"networkSecurityGroups","locations":["westus"]},{"resourceType":"publicIPAddresses","locations":["westus"]},{"resourceType":"networkInterfaces","locations":["westus"]}]},{"namespace":"Microsoft.Compute","resourceTypes":[{"resourceType":"virtualMachines","locations":["westus"]}]}],"dependencies":[{"dependsOn":[{"id":"/subscriptions/00000000-0000-0000-0000-000000000000/resourceGroups/cli_test_metric_alert_v1000001/providers/Microsoft.Network/virtualNetworks/clitest-vm000002VNET","resourceType":"Microsoft.Network/virtualNetworks","resourceName":"clitest-vm000002VNET"},{"id":"/subscriptions/00000000-0000-0000-0000-000000000000/resourceGroups/cli_test_metric_alert_v1000001/providers/Microsoft.Network/networkSecurityGroups/clitest-vm000002NSG","resourceType":"Microsoft.Network/networkSecurityGroups","resourceName":"clitest-vm000002NSG"},{"id":"/subscriptions/00000000-0000-0000-0000-000000000000/resourceGroups/cli_test_metric_alert_v1000001/providers/Microsoft.Network/publicIPAddresses/clitest-vm000002PublicIP","resourceType":"Microsoft.Network/publicIPAddresses","resourceName":"clitest-vm000002PublicIP"}],"id":"/subscriptions/00000000-0000-0000-0000-000000000000/resourceGroups/cli_test_metric_alert_v1000001/providers/Microsoft.Network/networkInterfaces/clitest-vm000002VMNic","resourceType":"Microsoft.Network/networkInterfaces","resourceName":"clitest-vm000002VMNic"},{"dependsOn":[{"id":"/subscriptions/00000000-0000-0000-0000-000000000000/resourceGroups/cli_test_metric_alert_v1000001/providers/Microsoft.Network/networkInterfaces/clitest-vm000002VMNic","resourceType":"Microsoft.Network/networkInterfaces","resourceName":"clitest-vm000002VMNic"}],"id":"/subscriptions/00000000-0000-0000-0000-000000000000/resourceGroups/cli_test_metric_alert_v1000001/providers/Microsoft.Compute/virtualMachines/clitest-vm000002","resourceType":"Microsoft.Compute/virtualMachines","resourceName":"clitest-vm000002"}]}}'
    headers:
      azure-asyncoperation:
      - https://management.azure.com/subscriptions/00000000-0000-0000-0000-000000000000/resourcegroups/cli_test_metric_alert_v1000001/providers/Microsoft.Resources/deployments/vm_deploy_RASb4byFhfRW6DFyHjjv7jZd9CtllVIg/operationStatuses/08585570601553699983?api-version=2021-04-01
      cache-control:
      - no-cache
      content-length:
      - '2622'
      content-type:
      - application/json; charset=utf-8
      date:
      - Fri, 11 Feb 2022 02:32:12 GMT
      expires:
      - '-1'
      pragma:
      - no-cache
      strict-transport-security:
      - max-age=31536000; includeSubDomains
      x-content-type-options:
      - nosniff
      x-ms-ratelimit-remaining-subscription-writes:
      - '1180'
    status:
      code: 201
      message: Created
- request:
    body: null
    headers:
      Accept:
      - '*/*'
      Accept-Encoding:
      - gzip, deflate
      CommandName:
      - vm create
      Connection:
      - keep-alive
      ParameterSetName:
      - -n -g --image --admin-username --admin-password --tags --nsg-rule
      User-Agent:
      - AZURECLI/2.33.0 azsdk-python-azure-mgmt-resource/20.0.0 Python/3.8.9 (Windows-10-10.0.22000-SP0)
    method: GET
    uri: https://management.azure.com/subscriptions/00000000-0000-0000-0000-000000000000/resourcegroups/cli_test_metric_alert_v1000001/providers/Microsoft.Resources/deployments/mock-deployment/operationStatuses/08585570601553699983?api-version=2021-04-01
  response:
    body:
      string: '{"status":"Running"}'
    headers:
      cache-control:
      - no-cache
      content-length:
      - '20'
      content-type:
      - application/json; charset=utf-8
      date:
      - Fri, 11 Feb 2022 02:32:42 GMT
      expires:
      - '-1'
      pragma:
      - no-cache
      strict-transport-security:
      - max-age=31536000; includeSubDomains
      vary:
      - Accept-Encoding
      x-content-type-options:
      - nosniff
    status:
      code: 200
      message: OK
- request:
    body: null
    headers:
      Accept:
      - '*/*'
      Accept-Encoding:
      - gzip, deflate
      CommandName:
      - vm create
      Connection:
      - keep-alive
      ParameterSetName:
      - -n -g --image --admin-username --admin-password --tags --nsg-rule
      User-Agent:
      - AZURECLI/2.33.0 azsdk-python-azure-mgmt-resource/20.0.0 Python/3.8.9 (Windows-10-10.0.22000-SP0)
    method: GET
    uri: https://management.azure.com/subscriptions/00000000-0000-0000-0000-000000000000/resourcegroups/cli_test_metric_alert_v1000001/providers/Microsoft.Resources/deployments/mock-deployment/operationStatuses/08585570601553699983?api-version=2021-04-01
  response:
    body:
      string: '{"status":"Running"}'
    headers:
      cache-control:
      - no-cache
      content-length:
      - '20'
      content-type:
      - application/json; charset=utf-8
      date:
      - Fri, 11 Feb 2022 02:33:13 GMT
      expires:
      - '-1'
      pragma:
      - no-cache
      strict-transport-security:
      - max-age=31536000; includeSubDomains
      vary:
      - Accept-Encoding
      x-content-type-options:
      - nosniff
    status:
      code: 200
      message: OK
- request:
    body: null
    headers:
      Accept:
      - '*/*'
      Accept-Encoding:
      - gzip, deflate
      CommandName:
      - vm create
      Connection:
      - keep-alive
      ParameterSetName:
      - -n -g --image --admin-username --admin-password --tags --nsg-rule
      User-Agent:
      - AZURECLI/2.33.0 azsdk-python-azure-mgmt-resource/20.0.0 Python/3.8.9 (Windows-10-10.0.22000-SP0)
    method: GET
    uri: https://management.azure.com/subscriptions/00000000-0000-0000-0000-000000000000/resourcegroups/cli_test_metric_alert_v1000001/providers/Microsoft.Resources/deployments/mock-deployment/operationStatuses/08585570601553699983?api-version=2021-04-01
  response:
    body:
      string: '{"status":"Succeeded"}'
    headers:
      cache-control:
      - no-cache
      content-length:
      - '22'
      content-type:
      - application/json; charset=utf-8
      date:
      - Fri, 11 Feb 2022 02:33:43 GMT
      expires:
      - '-1'
      pragma:
      - no-cache
      strict-transport-security:
      - max-age=31536000; includeSubDomains
      vary:
      - Accept-Encoding
      x-content-type-options:
      - nosniff
    status:
      code: 200
      message: OK
- request:
    body: null
    headers:
      Accept:
      - '*/*'
      Accept-Encoding:
      - gzip, deflate
      CommandName:
      - vm create
      Connection:
      - keep-alive
      ParameterSetName:
      - -n -g --image --admin-username --admin-password --tags --nsg-rule
      User-Agent:
      - AZURECLI/2.33.0 azsdk-python-azure-mgmt-resource/20.0.0 Python/3.8.9 (Windows-10-10.0.22000-SP0)
    method: GET
    uri: https://management.azure.com/subscriptions/00000000-0000-0000-0000-000000000000/resourcegroups/cli_test_metric_alert_v1000001/providers/Microsoft.Resources/deployments/mock-deployment?api-version=2021-04-01
  response:
    body:
      string: '{"id":"/subscriptions/00000000-0000-0000-0000-000000000000/resourceGroups/cli_test_metric_alert_v1000001/providers/Microsoft.Resources/deployments/vm_deploy_RASb4byFhfRW6DFyHjjv7jZd9CtllVIg","name":"vm_deploy_RASb4byFhfRW6DFyHjjv7jZd9CtllVIg","type":"Microsoft.Resources/deployments","properties":{"templateHash":"17579520324372594405","parameters":{"adminPassword":{"type":"SecureString"}},"mode":"Incremental","provisioningState":"Succeeded","timestamp":"2022-02-11T02:33:27.2353166Z","duration":"PT1M15.4757181S","correlationId":"747f78e4-f998-4bc3-ac84-af47c5b0d7d8","providers":[{"namespace":"Microsoft.Network","resourceTypes":[{"resourceType":"virtualNetworks","locations":["westus"]},{"resourceType":"networkSecurityGroups","locations":["westus"]},{"resourceType":"publicIPAddresses","locations":["westus"]},{"resourceType":"networkInterfaces","locations":["westus"]}]},{"namespace":"Microsoft.Compute","resourceTypes":[{"resourceType":"virtualMachines","locations":["westus"]}]}],"dependencies":[{"dependsOn":[{"id":"/subscriptions/00000000-0000-0000-0000-000000000000/resourceGroups/cli_test_metric_alert_v1000001/providers/Microsoft.Network/virtualNetworks/clitest-vm000002VNET","resourceType":"Microsoft.Network/virtualNetworks","resourceName":"clitest-vm000002VNET"},{"id":"/subscriptions/00000000-0000-0000-0000-000000000000/resourceGroups/cli_test_metric_alert_v1000001/providers/Microsoft.Network/networkSecurityGroups/clitest-vm000002NSG","resourceType":"Microsoft.Network/networkSecurityGroups","resourceName":"clitest-vm000002NSG"},{"id":"/subscriptions/00000000-0000-0000-0000-000000000000/resourceGroups/cli_test_metric_alert_v1000001/providers/Microsoft.Network/publicIPAddresses/clitest-vm000002PublicIP","resourceType":"Microsoft.Network/publicIPAddresses","resourceName":"clitest-vm000002PublicIP"}],"id":"/subscriptions/00000000-0000-0000-0000-000000000000/resourceGroups/cli_test_metric_alert_v1000001/providers/Microsoft.Network/networkInterfaces/clitest-vm000002VMNic","resourceType":"Microsoft.Network/networkInterfaces","resourceName":"clitest-vm000002VMNic"},{"dependsOn":[{"id":"/subscriptions/00000000-0000-0000-0000-000000000000/resourceGroups/cli_test_metric_alert_v1000001/providers/Microsoft.Network/networkInterfaces/clitest-vm000002VMNic","resourceType":"Microsoft.Network/networkInterfaces","resourceName":"clitest-vm000002VMNic"}],"id":"/subscriptions/00000000-0000-0000-0000-000000000000/resourceGroups/cli_test_metric_alert_v1000001/providers/Microsoft.Compute/virtualMachines/clitest-vm000002","resourceType":"Microsoft.Compute/virtualMachines","resourceName":"clitest-vm000002"}],"outputs":{},"outputResources":[{"id":"/subscriptions/00000000-0000-0000-0000-000000000000/resourceGroups/cli_test_metric_alert_v1000001/providers/Microsoft.Compute/virtualMachines/clitest-vm000002"},{"id":"/subscriptions/00000000-0000-0000-0000-000000000000/resourceGroups/cli_test_metric_alert_v1000001/providers/Microsoft.Network/networkInterfaces/clitest-vm000002VMNic"},{"id":"/subscriptions/00000000-0000-0000-0000-000000000000/resourceGroups/cli_test_metric_alert_v1000001/providers/Microsoft.Network/networkSecurityGroups/clitest-vm000002NSG"},{"id":"/subscriptions/00000000-0000-0000-0000-000000000000/resourceGroups/cli_test_metric_alert_v1000001/providers/Microsoft.Network/publicIPAddresses/clitest-vm000002PublicIP"},{"id":"/subscriptions/00000000-0000-0000-0000-000000000000/resourceGroups/cli_test_metric_alert_v1000001/providers/Microsoft.Network/virtualNetworks/clitest-vm000002VNET"}]}}'
    headers:
      cache-control:
      - no-cache
      content-length:
      - '3530'
      content-type:
      - application/json; charset=utf-8
      date:
      - Fri, 11 Feb 2022 02:33:44 GMT
      expires:
      - '-1'
      pragma:
      - no-cache
      strict-transport-security:
      - max-age=31536000; includeSubDomains
      vary:
      - Accept-Encoding
      x-content-type-options:
      - nosniff
    status:
      code: 200
      message: OK
- request:
    body: null
    headers:
      Accept:
      - application/json
      Accept-Encoding:
      - gzip, deflate
      CommandName:
      - vm create
      Connection:
      - keep-alive
      ParameterSetName:
      - -n -g --image --admin-username --admin-password --tags --nsg-rule
      User-Agent:
      - AZURECLI/2.33.0 azsdk-python-azure-mgmt-compute/25.0.0 Python/3.8.9 (Windows-10-10.0.22000-SP0)
    method: GET
    uri: https://management.azure.com/subscriptions/00000000-0000-0000-0000-000000000000/resourceGroups/cli_test_metric_alert_v1000001/providers/Microsoft.Compute/virtualMachines/clitest-vm000002?$expand=instanceView&api-version=2021-11-01
  response:
    body:
      string: "{\r\n  \"name\": \"clitest-vm000002\",\r\n  \"id\": \"/subscriptions/00000000-0000-0000-0000-000000000000/resourceGroups/cli_test_metric_alert_v1000001/providers/Microsoft.Compute/virtualMachines/clitest-vm000002\",\r\n
        \ \"type\": \"Microsoft.Compute/virtualMachines\",\r\n  \"location\": \"westus\",\r\n
        \ \"tags\": {\r\n    \"MabUsed\": \"Yes\",\r\n    \"Owner\": \"sisi\",\r\n
        \   \"Purpose\": \"CLITest\",\r\n    \"DeleteBy\": \"12-2099\",\r\n    \"AutoShutdown\":
        \"No\"\r\n  },\r\n  \"properties\": {\r\n    \"vmId\": \"e045d294-8f38-4ca3-8fbb-f05a1726c3d6\",\r\n
        \   \"hardwareProfile\": {\r\n      \"vmSize\": \"Standard_DS1_v2\"\r\n    },\r\n
        \   \"storageProfile\": {\r\n      \"imageReference\": {\r\n        \"publisher\":
        \"MicrosoftWindowsServer\",\r\n        \"offer\": \"WindowsServer\",\r\n        \"sku\":
        \"2012-R2-Datacenter\",\r\n        \"version\": \"latest\",\r\n        \"exactVersion\":
        \"9600.20269.220201\"\r\n      },\r\n      \"osDisk\": {\r\n        \"osType\":
        \"Windows\",\r\n        \"name\": \"clitest-vm000002_OsDisk_1_64dfcd888a5f42aab20fe15921d65b18\",\r\n
        \       \"createOption\": \"FromImage\",\r\n        \"caching\": \"ReadWrite\",\r\n
        \       \"managedDisk\": {\r\n          \"storageAccountType\": \"Premium_LRS\",\r\n
        \         \"id\": \"/subscriptions/00000000-0000-0000-0000-000000000000/resourceGroups/cli_test_metric_alert_v1000001/providers/Microsoft.Compute/disks/clitest-vm000002_OsDisk_1_64dfcd888a5f42aab20fe15921d65b18\"\r\n
        \       },\r\n        \"deleteOption\": \"Detach\",\r\n        \"diskSizeGB\":
        127\r\n      },\r\n      \"dataDisks\": []\r\n    },\r\n    \"osProfile\":
        {\r\n      \"computerName\": \"clitest-vm000002\",\r\n      \"adminUsername\":
        \"clitest-vm000002\",\r\n      \"windowsConfiguration\": {\r\n        \"provisionVMAgent\":
        true,\r\n        \"enableAutomaticUpdates\": true,\r\n        \"patchSettings\":
        {\r\n          \"patchMode\": \"AutomaticByOS\",\r\n          \"assessmentMode\":
        \"ImageDefault\"\r\n        }\r\n      },\r\n      \"secrets\": [],\r\n      \"allowExtensionOperations\":
        true,\r\n      \"requireGuestProvisionSignal\": true\r\n    },\r\n    \"networkProfile\":
        {\"networkInterfaces\":[{\"id\":\"/subscriptions/00000000-0000-0000-0000-000000000000/resourceGroups/cli_test_metric_alert_v1000001/providers/Microsoft.Network/networkInterfaces/clitest-vm000002VMNic\"}]},\r\n
        \   \"provisioningState\": \"Succeeded\",\r\n    \"instanceView\": {\r\n      \"vmAgent\":
        {\r\n        \"vmAgentVersion\": \"Unknown\",\r\n        \"statuses\": [\r\n
        \         {\r\n            \"code\": \"ProvisioningState/Unavailable\",\r\n
        \           \"level\": \"Warning\",\r\n            \"displayStatus\": \"Not
        Ready\",\r\n            \"message\": \"VM status blob is found but not yet
        populated.\",\r\n            \"time\": \"2022-02-11T02:33:45+00:00\"\r\n          }\r\n
        \       ]\r\n      },\r\n      \"disks\": [\r\n        {\r\n          \"name\":
        \"clitest-vm000002_OsDisk_1_64dfcd888a5f42aab20fe15921d65b18\",\r\n          \"statuses\":
        [\r\n            {\r\n              \"code\": \"ProvisioningState/succeeded\",\r\n
        \             \"level\": \"Info\",\r\n              \"displayStatus\": \"Provisioning
        succeeded\",\r\n              \"time\": \"2022-02-11T02:32:39.7514155+00:00\"\r\n
        \           }\r\n          ]\r\n        }\r\n      ],\r\n      \"hyperVGeneration\":
        \"V1\",\r\n      \"statuses\": [\r\n        {\r\n          \"code\": \"ProvisioningState/succeeded\",\r\n
        \         \"level\": \"Info\",\r\n          \"displayStatus\": \"Provisioning
        succeeded\",\r\n          \"time\": \"2022-02-11T02:33:23.0968661+00:00\"\r\n
        \       },\r\n        {\r\n          \"code\": \"PowerState/running\",\r\n
        \         \"level\": \"Info\",\r\n          \"displayStatus\": \"VM running\"\r\n
        \       }\r\n      ]\r\n    },\r\n    \"timeCreated\": \"2022-02-11T02:32:38.5170323+00:00\"\r\n
        \ }\r\n}"
    headers:
      cache-control:
      - no-cache
      content-length:
      - '3427'
      content-type:
      - application/json; charset=utf-8
      date:
      - Fri, 11 Feb 2022 02:33:44 GMT
      expires:
      - '-1'
      pragma:
      - no-cache
      server:
      - Microsoft-HTTPAPI/2.0
      - Microsoft-HTTPAPI/2.0
      strict-transport-security:
      - max-age=31536000; includeSubDomains
      transfer-encoding:
      - chunked
      vary:
      - Accept-Encoding
      x-content-type-options:
      - nosniff
      x-ms-ratelimit-remaining-resource:
      - Microsoft.Compute/LowCostGet3Min;3967,Microsoft.Compute/LowCostGet30Min;31953
    status:
      code: 200
      message: OK
- request:
    body: null
    headers:
      Accept:
      - application/json, text/json
      Accept-Encoding:
      - gzip, deflate
      CommandName:
      - vm create
      Connection:
      - keep-alive
      ParameterSetName:
      - -n -g --image --admin-username --admin-password --tags --nsg-rule
      User-Agent:
      - AZURECLI/2.33.0 azsdk-python-azure-mgmt-network/19.3.0 Python/3.8.9 (Windows-10-10.0.22000-SP0)
    method: GET
    uri: https://management.azure.com/subscriptions/00000000-0000-0000-0000-000000000000/resourceGroups/cli_test_metric_alert_v1000001/providers/Microsoft.Network/networkInterfaces/clitest-vm000002VMNic?api-version=2018-01-01
  response:
    body:
      string: "{\r\n  \"name\": \"clitest-vm000002VMNic\",\r\n  \"id\": \"/subscriptions/00000000-0000-0000-0000-000000000000/resourceGroups/cli_test_metric_alert_v1000001/providers/Microsoft.Network/networkInterfaces/clitest-vm000002VMNic\",\r\n
        \ \"etag\": \"W/\\\"8fb9fe23-3435-4029-afa6-a924102c2f9b\\\"\",\r\n  \"location\":
        \"westus\",\r\n  \"tags\": {\r\n    \"MabUsed\": \"Yes\",\r\n    \"Owner\":
        \"sisi\",\r\n    \"Purpose\": \"CLITest\",\r\n    \"DeleteBy\": \"12-2099\",\r\n
        \   \"AutoShutdown\": \"No\"\r\n  },\r\n  \"properties\": {\r\n    \"provisioningState\":
        \"Succeeded\",\r\n    \"resourceGuid\": \"90f729cc-4aa9-4e18-b67a-b37949853511\",\r\n
        \   \"ipConfigurations\": [\r\n      {\r\n        \"name\": \"ipconfigclitest-vm000002\",\r\n
        \       \"id\": \"/subscriptions/00000000-0000-0000-0000-000000000000/resourceGroups/cli_test_metric_alert_v1000001/providers/Microsoft.Network/networkInterfaces/clitest-vm000002VMNic/ipConfigurations/ipconfigclitest-vm000002\",\r\n
        \       \"etag\": \"W/\\\"8fb9fe23-3435-4029-afa6-a924102c2f9b\\\"\",\r\n
        \       \"type\": \"Microsoft.Network/networkInterfaces/ipConfigurations\",\r\n
        \       \"properties\": {\r\n          \"provisioningState\": \"Succeeded\",\r\n
        \         \"privateIPAddress\": \"10.0.0.4\",\r\n          \"privateIPAllocationMethod\":
        \"Dynamic\",\r\n          \"publicIPAddress\": {\r\n            \"id\": \"/subscriptions/00000000-0000-0000-0000-000000000000/resourceGroups/cli_test_metric_alert_v1000001/providers/Microsoft.Network/publicIPAddresses/clitest-vm000002PublicIP\"\r\n
        \         },\r\n          \"subnet\": {\r\n            \"id\": \"/subscriptions/00000000-0000-0000-0000-000000000000/resourceGroups/cli_test_metric_alert_v1000001/providers/Microsoft.Network/virtualNetworks/clitest-vm000002VNET/subnets/clitest-vm000002Subnet\"\r\n
        \         },\r\n          \"primary\": true,\r\n          \"privateIPAddressVersion\":
        \"IPv4\"\r\n        }\r\n      }\r\n    ],\r\n    \"dnsSettings\": {\r\n      \"dnsServers\":
        [],\r\n      \"appliedDnsServers\": [],\r\n      \"internalDomainNameSuffix\":
        \"zwsr2rpbztku3aeoj4puqfbxkc.dx.internal.cloudapp.net\"\r\n    },\r\n    \"macAddress\":
        \"00-22-48-08-2C-93\",\r\n    \"enableAcceleratedNetworking\": false,\r\n
        \   \"enableIPForwarding\": false,\r\n    \"networkSecurityGroup\": {\r\n
        \     \"id\": \"/subscriptions/00000000-0000-0000-0000-000000000000/resourceGroups/cli_test_metric_alert_v1000001/providers/Microsoft.Network/networkSecurityGroups/clitest-vm000002NSG\"\r\n
        \   },\r\n    \"primary\": true,\r\n    \"virtualMachine\": {\r\n      \"id\":
        \"/subscriptions/00000000-0000-0000-0000-000000000000/resourceGroups/cli_test_metric_alert_v1000001/providers/Microsoft.Compute/virtualMachines/clitest-vm000002\"\r\n
        \   }\r\n  },\r\n  \"type\": \"Microsoft.Network/networkInterfaces\"\r\n}"
    headers:
      cache-control:
      - no-cache
      content-length:
      - '2558'
      content-type:
      - application/json; charset=utf-8
      date:
      - Fri, 11 Feb 2022 02:33:45 GMT
      etag:
      - W/"8fb9fe23-3435-4029-afa6-a924102c2f9b"
      expires:
      - '-1'
      pragma:
      - no-cache
      server:
      - Microsoft-HTTPAPI/2.0
      - Microsoft-HTTPAPI/2.0
      strict-transport-security:
      - max-age=31536000; includeSubDomains
      transfer-encoding:
      - chunked
      vary:
      - Accept-Encoding
      x-content-type-options:
      - nosniff
      x-ms-arm-service-request-id:
      - 039d6eb7-388f-4246-9c7f-744427479821
    status:
      code: 200
      message: OK
- request:
    body: null
    headers:
      Accept:
      - application/json, text/json
      Accept-Encoding:
      - gzip, deflate
      CommandName:
      - vm create
      Connection:
      - keep-alive
      ParameterSetName:
      - -n -g --image --admin-username --admin-password --tags --nsg-rule
      User-Agent:
      - AZURECLI/2.33.0 azsdk-python-azure-mgmt-network/19.3.0 Python/3.8.9 (Windows-10-10.0.22000-SP0)
    method: GET
    uri: https://management.azure.com/subscriptions/00000000-0000-0000-0000-000000000000/resourceGroups/cli_test_metric_alert_v1000001/providers/Microsoft.Network/publicIPAddresses/clitest-vm000002PublicIP?api-version=2018-01-01
  response:
    body:
      string: "{\r\n  \"name\": \"clitest-vm000002PublicIP\",\r\n  \"id\": \"/subscriptions/00000000-0000-0000-0000-000000000000/resourceGroups/cli_test_metric_alert_v1000001/providers/Microsoft.Network/publicIPAddresses/clitest-vm000002PublicIP\",\r\n
        \ \"etag\": \"W/\\\"685e7846-1307-443d-a9b3-9a2b6639171a\\\"\",\r\n  \"location\":
        \"westus\",\r\n  \"tags\": {\r\n    \"MabUsed\": \"Yes\",\r\n    \"Owner\":
        \"sisi\",\r\n    \"Purpose\": \"CLITest\",\r\n    \"DeleteBy\": \"12-2099\",\r\n
        \   \"AutoShutdown\": \"No\"\r\n  },\r\n  \"properties\": {\r\n    \"provisioningState\":
        \"Succeeded\",\r\n    \"resourceGuid\": \"69af2e42-3eaf-4ecb-8b19-8d1bca27b0d4\",\r\n
        \   \"ipAddress\": \"13.88.188.154\",\r\n    \"publicIPAddressVersion\": \"IPv4\",\r\n
        \   \"publicIPAllocationMethod\": \"Dynamic\",\r\n    \"idleTimeoutInMinutes\":
        4,\r\n    \"ipTags\": [],\r\n    \"ipConfiguration\": {\r\n      \"id\": \"/subscriptions/00000000-0000-0000-0000-000000000000/resourceGroups/cli_test_metric_alert_v1000001/providers/Microsoft.Network/networkInterfaces/clitest-vm000002VMNic/ipConfigurations/ipconfigclitest-vm000002\"\r\n
        \   }\r\n  },\r\n  \"type\": \"Microsoft.Network/publicIPAddresses\",\r\n
        \ \"sku\": {\r\n    \"name\": \"Basic\"\r\n  }\r\n}"
    headers:
      cache-control:
      - no-cache
      content-length:
      - '1089'
      content-type:
      - application/json; charset=utf-8
      date:
      - Fri, 11 Feb 2022 02:33:45 GMT
      etag:
      - W/"685e7846-1307-443d-a9b3-9a2b6639171a"
      expires:
      - '-1'
      pragma:
      - no-cache
      server:
      - Microsoft-HTTPAPI/2.0
      - Microsoft-HTTPAPI/2.0
      strict-transport-security:
      - max-age=31536000; includeSubDomains
      transfer-encoding:
      - chunked
      vary:
      - Accept-Encoding
      x-content-type-options:
      - nosniff
      x-ms-arm-service-request-id:
      - 84604d52-372f-4d91-99ad-2870d1ed34c0
    status:
      code: 200
      message: OK
- request:
    body: '{"location": "global", "properties": {"groupShortName": "ag1", "enabled":
      true, "emailReceivers": [], "smsReceivers": [], "webhookReceivers": [], "itsmReceivers":
      [], "azureAppPushReceivers": [], "automationRunbookReceivers": [], "voiceReceivers":
      [], "logicAppReceivers": [], "azureFunctionReceivers": [], "armRoleReceivers":
      [], "eventHubReceivers": []}}'
    headers:
      Accept:
      - application/json
      Accept-Encoding:
      - gzip, deflate
      CommandName:
      - monitor action-group create
      Connection:
      - keep-alive
      Content-Length:
      - '356'
      Content-Type:
      - application/json
      ParameterSetName:
      - -g -n
      User-Agent:
      - AZURECLI/2.33.0 azsdk-python-azure-mgmt-monitor/3.0.0 Python/3.8.9 (Windows-10-10.0.22000-SP0)
    method: PUT
    uri: https://management.azure.com/subscriptions/00000000-0000-0000-0000-000000000000/resourceGroups/cli_test_metric_alert_v1000001/providers/Microsoft.Insights/actionGroups/ag1?api-version=2021-09-01
  response:
    body:
      string: '{"id":"/subscriptions/00000000-0000-0000-0000-000000000000/resourceGroups/cli_test_metric_alert_v1000001/providers/microsoft.insights/actionGroups/ag1","type":"Microsoft.Insights/ActionGroups","name":"ag1","location":"Global","kind":null,"tags":null,"properties":{"groupShortName":"ag1","enabled":true,"emailReceivers":[],"smsReceivers":[],"webhookReceivers":[],"eventHubReceivers":[],"itsmReceivers":[],"azureAppPushReceivers":[],"automationRunbookReceivers":[],"voiceReceivers":[],"logicAppReceivers":[],"azureFunctionReceivers":[],"armRoleReceivers":[]},"identity":null}'
    headers:
      cache-control:
      - no-cache
      content-length:
      - '573'
      content-type:
      - application/json; charset=utf-8
      date:
      - Fri, 11 Feb 2022 02:33:49 GMT
      expires:
      - '-1'
      pragma:
      - no-cache
      server:
      - Microsoft-IIS/10.0
      strict-transport-security:
      - max-age=31536000; includeSubDomains
      x-content-type-options:
      - nosniff
      x-ms-ratelimit-remaining-subscription-resource-requests:
      - '23'
    status:
      code: 201
      message: Created
- request:
    body: '{"location": "global", "properties": {"description": "High CPU", "severity":
      2, "enabled": true, "scopes": ["/subscriptions/00000000-0000-0000-0000-000000000000/resourceGroups/cli_test_metric_alert_v1000001/providers/Microsoft.Compute/virtualMachines/clitest-vm000002"],
      "evaluationFrequency": "PT1M", "windowSize": "PT5M", "targetResourceRegion":
      "westus", "criteria": {"odata.type": "Microsoft.Azure.Monitor.SingleResourceMultipleMetricCriteria",
      "allOf": [{"criterionType": "StaticThresholdCriterion", "name": "cond0", "metricName":
      "Percentage CPU", "timeAggregation": "Average", "dimensions": [], "operator":
      "GreaterThan", "threshold": 90.0}]}, "actions": [{"actionGroupId": "/subscriptions/00000000-0000-0000-0000-000000000000/resourceGroups/cli_test_metric_alert_v1000001/providers/microsoft.insights/actionGroups/ag1"}]}}'
    headers:
      Accept:
      - application/json
      Accept-Encoding:
      - gzip, deflate
      CommandName:
      - monitor metrics alert create
      Connection:
      - keep-alive
      Content-Length:
      - '830'
      Content-Type:
      - application/json
      ParameterSetName:
      - -g -n --scopes --region --action --condition --description
      User-Agent:
      - AZURECLI/2.33.0 azsdk-python-azure-mgmt-monitor/3.0.0 Python/3.8.9 (Windows-10-10.0.22000-SP0)
    method: PUT
    uri: https://management.azure.com/subscriptions/00000000-0000-0000-0000-000000000000/resourceGroups/cli_test_metric_alert_v1000001/providers/Microsoft.Insights/metricAlerts/alert1?api-version=2018-03-01
  response:
    body:
      string: "{\r\n  \"id\": \"/subscriptions/00000000-0000-0000-0000-000000000000/resourceGroups/cli_test_metric_alert_v1000001/providers/Microsoft.Insights/metricAlerts/alert1\",\r\n
        \ \"name\": \"alert1\",\r\n  \"type\": \"Microsoft.Insights/metricAlerts\",\r\n
        \ \"location\": \"global\",\r\n  \"properties\": {\r\n    \"description\":
        \"High CPU\",\r\n    \"severity\": 2,\r\n    \"enabled\": true,\r\n    \"scopes\":
        [\r\n      \"/subscriptions/00000000-0000-0000-0000-000000000000/resourceGroups/cli_test_metric_alert_v1000001/providers/Microsoft.Compute/virtualMachines/clitest-vm000002\"\r\n
        \   ],\r\n    \"evaluationFrequency\": \"PT1M\",\r\n    \"windowSize\": \"PT5M\",\r\n
        \   \"criteria\": {\r\n      \"allOf\": [\r\n        {\r\n          \"threshold\":
        90.0,\r\n          \"name\": \"cond0\",\r\n          \"metricName\": \"Percentage
        CPU\",\r\n          \"operator\": \"GreaterThan\",\r\n          \"timeAggregation\":
        \"Average\",\r\n          \"criterionType\": \"StaticThresholdCriterion\"\r\n
        \       }\r\n      ],\r\n      \"odata.type\": \"Microsoft.Azure.Monitor.SingleResourceMultipleMetricCriteria\"\r\n
        \   },\r\n    \"targetResourceRegion\": \"westus\",\r\n    \"actions\": [\r\n
        \     {\r\n        \"actionGroupId\": \"/subscriptions/00000000-0000-0000-0000-000000000000/resourceGroups/cli_test_metric_alert_v1000001/providers/microsoft.insights/actionGroups/ag1\"\r\n
        \     }\r\n    ]\r\n  }\r\n}"
    headers:
      api-supported-versions:
      - 2017-09-01-preview, 2018-03-01
      arr-disable-session-affinity:
      - 'true'
      cache-control:
      - no-cache
      content-length:
      - '1259'
      content-type:
      - application/json; charset=utf-8
      date:
      - Fri, 11 Feb 2022 02:33:59 GMT
      expires:
      - '-1'
      pragma:
      - no-cache
      server:
      - Microsoft-IIS/10.0
      strict-transport-security:
      - max-age=31536000; includeSubDomains
      transfer-encoding:
      - chunked
      vary:
      - Accept-Encoding,Accept-Encoding
      x-aspnet-version:
      - 4.0.30319
      x-content-type-options:
      - nosniff
      x-ms-ratelimit-remaining-subscription-resource-requests:
      - '299'
      x-powered-by:
      - ASP.NET
    status:
      code: 200
      message: OK
version: 1
