interactions:
- request:
    body: null
    headers:
      Accept:
      - application/json
      Accept-Encoding:
      - gzip, deflate
      CommandName:
      - vm create
      Connection:
      - keep-alive
      ParameterSetName:
      - -n -g --image --admin-username --admin-password --tags --nsg-rule
      User-Agent:
      - AZURECLI/2.44.1 azsdk-python-azure-mgmt-resource/22.0.0 Python/3.10.9 (Linux-5.15.0-1031-azure-x86_64-with-glibc2.31)
        VSTS_7b238909-6802-4b65-b90d-184bca47f458_build_220_0
    method: GET
    uri: https://management.azure.com/subscriptions/00000000-0000-0000-0000-000000000000/resourcegroups/cli_test_metric_alert_v2000001?api-version=2022-09-01
  response:
    body:
      string: '{"id":"/subscriptions/00000000-0000-0000-0000-000000000000/resourceGroups/cli_test_metric_alert_v2000001","name":"cli_test_metric_alert_v2000001","type":"Microsoft.Resources/resourceGroups","location":"westus","tags":{"product":"azurecli","cause":"automation","date":"2023-01-28T15:23:03Z"},"properties":{"provisioningState":"Succeeded"}}'
    headers:
      cache-control:
      - no-cache
      content-length:
      - '338'
      content-type:
      - application/json; charset=utf-8
      date:
      - Sat, 28 Jan 2023 15:23:05 GMT
      expires:
      - '-1'
      pragma:
      - no-cache
      strict-transport-security:
      - max-age=31536000; includeSubDomains
      vary:
      - Accept-Encoding
      x-content-type-options:
      - nosniff
    status:
      code: 200
      message: OK
- request:
    body: null
    headers:
      Accept:
      - '*/*'
      Accept-Encoding:
      - gzip, deflate
      Connection:
      - keep-alive
      User-Agent:
      - python-requests/2.26.0
    method: GET
    uri: https://raw.githubusercontent.com/Azure/azure-rest-api-specs/main/arm-compute/quickstart-templates/aliases.json
  response:
    body:
      string: "{\n  \"$schema\": \"http://schema.management.azure.com/schemas/2015-01-01/deploymentTemplate.json\",\n
        \ \"contentVersion\": \"1.0.0.0\",\n  \"parameters\": {},\n  \"variables\":
        {},\n  \"resources\": [],\n  \"outputs\": {\n    \"aliases\": {\n      \"type\":
        \"object\",\n      \"value\": {\n        \"Linux\": {\n          \"CentOS\":
        {\n            \"publisher\": \"OpenLogic\",\n            \"offer\": \"CentOS\",\n
        \           \"sku\": \"7.5\",\n            \"version\": \"latest\",\n            \"architecture\":
        \"x64\"\n          },\n          \"Debian\": {\n            \"publisher\":
        \"Debian\",\n            \"offer\": \"debian-10\",\n            \"sku\": \"10\",\n
        \           \"version\": \"latest\",\n            \"architecture\": \"x64\"\n
        \         },\n          \"Flatcar\": {\n            \"publisher\": \"kinvolk\",\n
        \           \"offer\": \"flatcar-container-linux-free\",\n            \"sku\":
        \"stable\",\n            \"version\": \"latest\",\n            \"architecture\":
        \"x64\"\n          },\n          \"openSUSE-Leap\": {\n            \"publisher\":
        \"SUSE\",\n            \"offer\": \"opensuse-leap-15-3\",\n            \"sku\":
        \"gen2\",\n            \"version\": \"latest\",\n            \"architecture\":
        \"x64\"\n          },\n          \"RHEL\": {\n            \"publisher\": \"RedHat\",\n
        \           \"offer\": \"RHEL\",\n            \"sku\": \"7-LVM\",\n            \"version\":
        \"latest\",\n            \"architecture\": \"x64\"\n          },\n          \"SLES\":
        {\n            \"publisher\": \"SUSE\",\n            \"offer\": \"sles-15-sp3\",\n
        \           \"sku\": \"gen2\",\n            \"version\": \"latest\",\n            \"architecture\":
        \"x64\"\n          },\n          \"UbuntuLTS\": {\n            \"publisher\":
        \"Canonical\",\n            \"offer\": \"UbuntuServer\",\n            \"sku\":
        \"18.04-LTS\",\n            \"version\": \"latest\",\n            \"architecture\":
        \"x64\"\n          }\n        },\n        \"Windows\": {\n          \"Win2022Datacenter\":
        {\n            \"publisher\": \"MicrosoftWindowsServer\",\n            \"offer\":
        \"WindowsServer\",\n            \"sku\": \"2022-Datacenter\",\n            \"version\":
        \"latest\",\n            \"architecture\": \"x64\"\n          },\n          \"Win2022AzureEditionCore\":
        {\n            \"publisher\": \"MicrosoftWindowsServer\",\n            \"offer\":
        \"WindowsServer\",\n            \"sku\": \"2022-datacenter-azure-edition-core\",\n
        \           \"version\": \"latest\",\n            \"architecture\": \"x64\"\n
        \         },\n          \"Win2019Datacenter\": {\n            \"publisher\":
        \"MicrosoftWindowsServer\",\n            \"offer\": \"WindowsServer\",\n            \"sku\":
        \"2019-Datacenter\",\n            \"version\": \"latest\",\n            \"architecture\":
        \"x64\"\n          },\n          \"Win2016Datacenter\": {\n            \"publisher\":
        \"MicrosoftWindowsServer\",\n            \"offer\": \"WindowsServer\",\n            \"sku\":
        \"2016-Datacenter\",\n            \"version\": \"latest\",\n            \"architecture\":
        \"x64\"\n          },\n          \"Win2012R2Datacenter\": {\n            \"publisher\":
        \"MicrosoftWindowsServer\",\n            \"offer\": \"WindowsServer\",\n            \"sku\":
        \"2012-R2-Datacenter\",\n            \"version\": \"latest\",\n            \"architecture\":
        \"x64\"\n          },\n          \"Win2012Datacenter\": {\n            \"publisher\":
        \"MicrosoftWindowsServer\",\n            \"offer\": \"WindowsServer\",\n            \"sku\":
        \"2012-Datacenter\",\n            \"version\": \"latest\",\n            \"architecture\":
        \"x64\"\n          },\n          \"Win2008R2SP1\": {\n            \"publisher\":
        \"MicrosoftWindowsServer\",\n            \"offer\": \"WindowsServer\",\n            \"sku\":
        \"2008-R2-SP1\",\n            \"version\": \"latest\",\n            \"architecture\":
        \"x64\"\n          }\n        }\n      }\n    }\n  }\n}"
    headers:
      accept-ranges:
      - bytes
      access-control-allow-origin:
      - '*'
      cache-control:
      - max-age=300
      connection:
      - keep-alive
      content-length:
      - '3463'
      content-security-policy:
      - default-src 'none'; style-src 'unsafe-inline'; sandbox
      content-type:
      - text/plain; charset=utf-8
      date:
      - Sat, 28 Jan 2023 15:23:06 GMT
      etag:
      - W/"41b202f4dc5098d126019dc00721a4c5e30df0c5196794514fadc3710ee2a5cb"
      expires:
      - Sat, 28 Jan 2023 15:28:06 GMT
      source-age:
      - '94'
      strict-transport-security:
      - max-age=31536000
      vary:
      - Authorization,Accept-Encoding,Origin
      via:
      - 1.1 varnish
      x-cache:
      - HIT
      x-cache-hits:
      - '2'
      x-content-type-options:
      - nosniff
      x-fastly-request-id:
      - 8c3272b90e74e57d5647c86f47ee654661f62169
      x-frame-options:
      - deny
      x-github-request-id:
      - 2972:2687:1F0293:30DA00:63D4615F
      x-served-by:
      - cache-iad-kiad7000115-IAD
      x-timer:
      - S1674919386.027576,VS0,VE0
      x-xss-protection:
      - 1; mode=block
    status:
      code: 200
      message: OK
- request:
    body: null
    headers:
      Accept:
      - application/json
      Accept-Encoding:
      - gzip, deflate
      CommandName:
      - vm create
      Connection:
      - keep-alive
      ParameterSetName:
      - -n -g --image --admin-username --admin-password --tags --nsg-rule
      User-Agent:
      - AZURECLI/2.44.1 azsdk-python-azure-mgmt-compute/29.0.0 Python/3.10.9 (Linux-5.15.0-1031-azure-x86_64-with-glibc2.31)
        VSTS_7b238909-6802-4b65-b90d-184bca47f458_build_220_0
    method: GET
    uri: https://management.azure.com/subscriptions/00000000-0000-0000-0000-000000000000/providers/Microsoft.Compute/locations/westus/publishers/MicrosoftWindowsServer/artifacttypes/vmimage/offers/WindowsServer/skus/2012-R2-Datacenter/versions?$top=1&$orderby=name%20desc&api-version=2022-08-01
  response:
    body:
      string: "[\r\n  {\r\n    \"location\": \"westus\",\r\n    \"name\": \"9600.20778.230108\",\r\n
        \   \"id\": \"/Subscriptions/00000000-0000-0000-0000-000000000000/Providers/Microsoft.Compute/Locations/westus/Publishers/MicrosoftWindowsServer/ArtifactTypes/VMImage/Offers/WindowsServer/Skus/2012-R2-Datacenter/Versions/9600.20778.230108\"\r\n
        \ }\r\n]"
    headers:
      cache-control:
      - no-cache
      content-length:
      - '313'
      content-type:
      - application/json; charset=utf-8
      date:
      - Sat, 28 Jan 2023 15:23:05 GMT
      expires:
      - '-1'
      pragma:
      - no-cache
      server:
      - Microsoft-HTTPAPI/2.0
      - Microsoft-HTTPAPI/2.0
      strict-transport-security:
      - max-age=31536000; includeSubDomains
      transfer-encoding:
      - chunked
      vary:
      - Accept-Encoding
      x-content-type-options:
      - nosniff
      x-ms-ratelimit-remaining-resource:
      - Microsoft.Compute/ListVMImagesVersionsFromLocation3Min;15990,Microsoft.Compute/ListVMImagesVersionsFromLocation30Min;43973
    status:
      code: 200
      message: OK
- request:
    body: null
    headers:
      Accept:
      - application/json
      Accept-Encoding:
      - gzip, deflate
      CommandName:
      - vm create
      Connection:
      - keep-alive
      ParameterSetName:
      - -n -g --image --admin-username --admin-password --tags --nsg-rule
      User-Agent:
      - AZURECLI/2.44.1 azsdk-python-azure-mgmt-compute/29.0.0 Python/3.10.9 (Linux-5.15.0-1031-azure-x86_64-with-glibc2.31)
        VSTS_7b238909-6802-4b65-b90d-184bca47f458_build_220_0
    method: GET
    uri: https://management.azure.com/subscriptions/00000000-0000-0000-0000-000000000000/providers/Microsoft.Compute/locations/westus/publishers/MicrosoftWindowsServer/artifacttypes/vmimage/offers/WindowsServer/skus/2012-R2-Datacenter/versions/9600.20778.230108?api-version=2022-08-01
  response:
    body:
      string: "{\r\n  \"properties\": {\r\n    \"hyperVGeneration\": \"V1\",\r\n    \"architecture\":
        \"x64\",\r\n    \"replicaType\": \"Unmanaged\",\r\n    \"disallowed\": {\r\n
        \     \"vmDiskType\": \"None\"\r\n    },\r\n    \"automaticOSUpgradeProperties\":
        {\r\n      \"automaticOSUpgradeSupported\": true\r\n    },\r\n    \"imageDeprecationStatus\":
        {\r\n      \"imageState\": \"Active\"\r\n    },\r\n    \"features\": [\r\n
        \     {\r\n        \"name\": \"IsAcceleratedNetworkSupported\",\r\n        \"value\":
        \"True\"\r\n      },\r\n      {\r\n        \"name\": \"DiskControllerTypes\",\r\n
        \       \"value\": \"SCSI\"\r\n      },\r\n      {\r\n        \"name\": \"IsHibernateSupported\",\r\n
        \       \"value\": \"False\"\r\n      }\r\n    ],\r\n    \"osDiskImage\":
        {\r\n      \"operatingSystem\": \"Windows\",\r\n      \"sizeInGb\": 128,\r\n
        \     \"sizeInBytes\": 136367309312\r\n    },\r\n    \"dataDiskImages\": []\r\n
        \ },\r\n  \"location\": \"westus\",\r\n  \"name\": \"9600.20778.230108\",\r\n
        \ \"id\": \"/Subscriptions/00000000-0000-0000-0000-000000000000/Providers/Microsoft.Compute/Locations/westus/Publishers/MicrosoftWindowsServer/ArtifactTypes/VMImage/Offers/WindowsServer/Skus/2012-R2-Datacenter/Versions/9600.20778.230108\"\r\n}"
    headers:
      cache-control:
      - no-cache
      content-length:
      - '1074'
      content-type:
      - application/json; charset=utf-8
      date:
      - Sat, 28 Jan 2023 15:23:06 GMT
      expires:
      - '-1'
      pragma:
      - no-cache
      server:
      - Microsoft-HTTPAPI/2.0
      - Microsoft-HTTPAPI/2.0
      strict-transport-security:
      - max-age=31536000; includeSubDomains
      transfer-encoding:
      - chunked
      vary:
      - Accept-Encoding
      x-content-type-options:
      - nosniff
      x-ms-ratelimit-remaining-resource:
      - Microsoft.Compute/GetVMImageFromLocation3Min;12993,Microsoft.Compute/GetVMImageFromLocation30Min;73979
    status:
      code: 200
      message: OK
- request:
    body: null
    headers:
      Accept:
      - application/json
      Accept-Encoding:
      - gzip, deflate
      CommandName:
      - vm create
      Connection:
      - keep-alive
      ParameterSetName:
      - -n -g --image --admin-username --admin-password --tags --nsg-rule
      User-Agent:
      - AZURECLI/2.44.1 azsdk-python-azure-mgmt-network/21.0.1 Python/3.10.9 (Linux-5.15.0-1031-azure-x86_64-with-glibc2.31)
        VSTS_7b238909-6802-4b65-b90d-184bca47f458_build_220_0
    method: GET
    uri: https://management.azure.com/subscriptions/00000000-0000-0000-0000-000000000000/resourceGroups/cli_test_metric_alert_v2000001/providers/Microsoft.Network/virtualNetworks?api-version=2022-01-01
  response:
    body:
      string: '{"value":[]}'
    headers:
      cache-control:
      - no-cache
      content-length:
      - '12'
      content-type:
      - application/json; charset=utf-8
      date:
      - Sat, 28 Jan 2023 15:23:06 GMT
      expires:
      - '-1'
      pragma:
      - no-cache
      strict-transport-security:
      - max-age=31536000; includeSubDomains
      vary:
      - Accept-Encoding
      x-content-type-options:
      - nosniff
    status:
      code: 200
      message: OK
- request:
    body: null
    headers:
      Accept:
      - '*/*'
      Accept-Encoding:
      - gzip, deflate
      Connection:
      - keep-alive
      User-Agent:
      - python-requests/2.26.0
    method: GET
    uri: https://raw.githubusercontent.com/Azure/azure-rest-api-specs/main/arm-compute/quickstart-templates/aliases.json
  response:
    body:
      string: "{\n  \"$schema\": \"http://schema.management.azure.com/schemas/2015-01-01/deploymentTemplate.json\",\n
        \ \"contentVersion\": \"1.0.0.0\",\n  \"parameters\": {},\n  \"variables\":
        {},\n  \"resources\": [],\n  \"outputs\": {\n    \"aliases\": {\n      \"type\":
        \"object\",\n      \"value\": {\n        \"Linux\": {\n          \"CentOS\":
        {\n            \"publisher\": \"OpenLogic\",\n            \"offer\": \"CentOS\",\n
        \           \"sku\": \"7.5\",\n            \"version\": \"latest\",\n            \"architecture\":
        \"x64\"\n          },\n          \"Debian\": {\n            \"publisher\":
        \"Debian\",\n            \"offer\": \"debian-10\",\n            \"sku\": \"10\",\n
        \           \"version\": \"latest\",\n            \"architecture\": \"x64\"\n
        \         },\n          \"Flatcar\": {\n            \"publisher\": \"kinvolk\",\n
        \           \"offer\": \"flatcar-container-linux-free\",\n            \"sku\":
        \"stable\",\n            \"version\": \"latest\",\n            \"architecture\":
        \"x64\"\n          },\n          \"openSUSE-Leap\": {\n            \"publisher\":
        \"SUSE\",\n            \"offer\": \"opensuse-leap-15-3\",\n            \"sku\":
        \"gen2\",\n            \"version\": \"latest\",\n            \"architecture\":
        \"x64\"\n          },\n          \"RHEL\": {\n            \"publisher\": \"RedHat\",\n
        \           \"offer\": \"RHEL\",\n            \"sku\": \"7-LVM\",\n            \"version\":
        \"latest\",\n            \"architecture\": \"x64\"\n          },\n          \"SLES\":
        {\n            \"publisher\": \"SUSE\",\n            \"offer\": \"sles-15-sp3\",\n
        \           \"sku\": \"gen2\",\n            \"version\": \"latest\",\n            \"architecture\":
        \"x64\"\n          },\n          \"UbuntuLTS\": {\n            \"publisher\":
        \"Canonical\",\n            \"offer\": \"UbuntuServer\",\n            \"sku\":
        \"18.04-LTS\",\n            \"version\": \"latest\",\n            \"architecture\":
        \"x64\"\n          }\n        },\n        \"Windows\": {\n          \"Win2022Datacenter\":
        {\n            \"publisher\": \"MicrosoftWindowsServer\",\n            \"offer\":
        \"WindowsServer\",\n            \"sku\": \"2022-Datacenter\",\n            \"version\":
        \"latest\",\n            \"architecture\": \"x64\"\n          },\n          \"Win2022AzureEditionCore\":
        {\n            \"publisher\": \"MicrosoftWindowsServer\",\n            \"offer\":
        \"WindowsServer\",\n            \"sku\": \"2022-datacenter-azure-edition-core\",\n
        \           \"version\": \"latest\",\n            \"architecture\": \"x64\"\n
        \         },\n          \"Win2019Datacenter\": {\n            \"publisher\":
        \"MicrosoftWindowsServer\",\n            \"offer\": \"WindowsServer\",\n            \"sku\":
        \"2019-Datacenter\",\n            \"version\": \"latest\",\n            \"architecture\":
        \"x64\"\n          },\n          \"Win2016Datacenter\": {\n            \"publisher\":
        \"MicrosoftWindowsServer\",\n            \"offer\": \"WindowsServer\",\n            \"sku\":
        \"2016-Datacenter\",\n            \"version\": \"latest\",\n            \"architecture\":
        \"x64\"\n          },\n          \"Win2012R2Datacenter\": {\n            \"publisher\":
        \"MicrosoftWindowsServer\",\n            \"offer\": \"WindowsServer\",\n            \"sku\":
        \"2012-R2-Datacenter\",\n            \"version\": \"latest\",\n            \"architecture\":
        \"x64\"\n          },\n          \"Win2012Datacenter\": {\n            \"publisher\":
        \"MicrosoftWindowsServer\",\n            \"offer\": \"WindowsServer\",\n            \"sku\":
        \"2012-Datacenter\",\n            \"version\": \"latest\",\n            \"architecture\":
        \"x64\"\n          },\n          \"Win2008R2SP1\": {\n            \"publisher\":
        \"MicrosoftWindowsServer\",\n            \"offer\": \"WindowsServer\",\n            \"sku\":
        \"2008-R2-SP1\",\n            \"version\": \"latest\",\n            \"architecture\":
        \"x64\"\n          }\n        }\n      }\n    }\n  }\n}"
    headers:
      accept-ranges:
      - bytes
      access-control-allow-origin:
      - '*'
      cache-control:
      - max-age=300
      connection:
      - keep-alive
      content-length:
      - '3463'
      content-security-policy:
      - default-src 'none'; style-src 'unsafe-inline'; sandbox
      content-type:
      - text/plain; charset=utf-8
      date:
      - Sat, 28 Jan 2023 15:23:07 GMT
      etag:
      - W/"41b202f4dc5098d126019dc00721a4c5e30df0c5196794514fadc3710ee2a5cb"
      expires:
      - Sat, 28 Jan 2023 15:28:07 GMT
      source-age:
      - '95'
      strict-transport-security:
      - max-age=31536000
      vary:
      - Authorization,Accept-Encoding,Origin
      via:
      - 1.1 varnish
      x-cache:
      - HIT
      x-cache-hits:
      - '1'
      x-content-type-options:
      - nosniff
      x-fastly-request-id:
      - 2ab72aceda8bd70c6533a77b9da1bdffea48905b
      x-frame-options:
      - deny
      x-github-request-id:
      - 2972:2687:1F0293:30DA00:63D4615F
      x-served-by:
      - cache-iad-kiad7000100-IAD
      x-timer:
      - S1674919387.138476,VS0,VE1
      x-xss-protection:
      - 1; mode=block
    status:
      code: 200
      message: OK
- request:
    body: null
    headers:
      Accept:
      - application/json
      Accept-Encoding:
      - gzip, deflate
      CommandName:
      - vm create
      Connection:
      - keep-alive
      ParameterSetName:
      - -n -g --image --admin-username --admin-password --tags --nsg-rule
      User-Agent:
      - AZURECLI/2.44.1 azsdk-python-azure-mgmt-compute/29.0.0 Python/3.10.9 (Linux-5.15.0-1031-azure-x86_64-with-glibc2.31)
        VSTS_7b238909-6802-4b65-b90d-184bca47f458_build_220_0
    method: GET
    uri: https://management.azure.com/subscriptions/00000000-0000-0000-0000-000000000000/providers/Microsoft.Compute/locations/westus/publishers/MicrosoftWindowsServer/artifacttypes/vmimage/offers/WindowsServer/skus/2012-R2-Datacenter/versions?$top=1&$orderby=name%20desc&api-version=2022-08-01
  response:
    body:
      string: "[\r\n  {\r\n    \"location\": \"westus\",\r\n    \"name\": \"9600.20778.230108\",\r\n
        \   \"id\": \"/Subscriptions/00000000-0000-0000-0000-000000000000/Providers/Microsoft.Compute/Locations/westus/Publishers/MicrosoftWindowsServer/ArtifactTypes/VMImage/Offers/WindowsServer/Skus/2012-R2-Datacenter/Versions/9600.20778.230108\"\r\n
        \ }\r\n]"
    headers:
      cache-control:
      - no-cache
      content-length:
      - '313'
      content-type:
      - application/json; charset=utf-8
      date:
      - Sat, 28 Jan 2023 15:23:06 GMT
      expires:
      - '-1'
      pragma:
      - no-cache
      server:
      - Microsoft-HTTPAPI/2.0
      - Microsoft-HTTPAPI/2.0
      strict-transport-security:
      - max-age=31536000; includeSubDomains
      transfer-encoding:
      - chunked
      vary:
      - Accept-Encoding
      x-content-type-options:
      - nosniff
      x-ms-ratelimit-remaining-resource:
      - Microsoft.Compute/ListVMImagesVersionsFromLocation3Min;15989,Microsoft.Compute/ListVMImagesVersionsFromLocation30Min;43972
    status:
      code: 200
      message: OK
- request:
    body: null
    headers:
      Accept:
      - application/json
      Accept-Encoding:
      - gzip, deflate
      CommandName:
      - vm create
      Connection:
      - keep-alive
      ParameterSetName:
      - -n -g --image --admin-username --admin-password --tags --nsg-rule
      User-Agent:
      - AZURECLI/2.44.1 azsdk-python-azure-mgmt-compute/29.0.0 Python/3.10.9 (Linux-5.15.0-1031-azure-x86_64-with-glibc2.31)
        VSTS_7b238909-6802-4b65-b90d-184bca47f458_build_220_0
    method: GET
    uri: https://management.azure.com/subscriptions/00000000-0000-0000-0000-000000000000/providers/Microsoft.Compute/locations/westus/publishers/MicrosoftWindowsServer/artifacttypes/vmimage/offers/WindowsServer/skus/2012-R2-Datacenter/versions/9600.20778.230108?api-version=2022-08-01
  response:
    body:
      string: "{\r\n  \"properties\": {\r\n    \"hyperVGeneration\": \"V1\",\r\n    \"architecture\":
        \"x64\",\r\n    \"replicaType\": \"Unmanaged\",\r\n    \"disallowed\": {\r\n
        \     \"vmDiskType\": \"None\"\r\n    },\r\n    \"automaticOSUpgradeProperties\":
        {\r\n      \"automaticOSUpgradeSupported\": true\r\n    },\r\n    \"imageDeprecationStatus\":
        {\r\n      \"imageState\": \"Active\"\r\n    },\r\n    \"features\": [\r\n
        \     {\r\n        \"name\": \"IsAcceleratedNetworkSupported\",\r\n        \"value\":
        \"True\"\r\n      },\r\n      {\r\n        \"name\": \"DiskControllerTypes\",\r\n
        \       \"value\": \"SCSI\"\r\n      },\r\n      {\r\n        \"name\": \"IsHibernateSupported\",\r\n
        \       \"value\": \"False\"\r\n      }\r\n    ],\r\n    \"osDiskImage\":
        {\r\n      \"operatingSystem\": \"Windows\",\r\n      \"sizeInGb\": 128,\r\n
        \     \"sizeInBytes\": 136367309312\r\n    },\r\n    \"dataDiskImages\": []\r\n
        \ },\r\n  \"location\": \"westus\",\r\n  \"name\": \"9600.20778.230108\",\r\n
        \ \"id\": \"/Subscriptions/00000000-0000-0000-0000-000000000000/Providers/Microsoft.Compute/Locations/westus/Publishers/MicrosoftWindowsServer/ArtifactTypes/VMImage/Offers/WindowsServer/Skus/2012-R2-Datacenter/Versions/9600.20778.230108\"\r\n}"
    headers:
      cache-control:
      - no-cache
      content-length:
      - '1074'
      content-type:
      - application/json; charset=utf-8
      date:
      - Sat, 28 Jan 2023 15:23:07 GMT
      expires:
      - '-1'
      pragma:
      - no-cache
      server:
      - Microsoft-HTTPAPI/2.0
      - Microsoft-HTTPAPI/2.0
      strict-transport-security:
      - max-age=31536000; includeSubDomains
      transfer-encoding:
      - chunked
      vary:
      - Accept-Encoding
      x-content-type-options:
      - nosniff
      x-ms-ratelimit-remaining-resource:
      - Microsoft.Compute/GetVMImageFromLocation3Min;12992,Microsoft.Compute/GetVMImageFromLocation30Min;73978
    status:
      code: 200
      message: OK
- request:
    body: null
    headers:
      Accept:
      - application/json
      Accept-Encoding:
      - gzip, deflate
      CommandName:
      - vm create
      Connection:
      - keep-alive
      ParameterSetName:
      - -n -g --image --admin-username --admin-password --tags --nsg-rule
      User-Agent:
      - AZURECLI/2.44.1 azsdk-python-azure-mgmt-compute/29.0.0 Python/3.10.9 (Linux-5.15.0-1031-azure-x86_64-with-glibc2.31)
        VSTS_7b238909-6802-4b65-b90d-184bca47f458_build_220_0
    method: GET
    uri: https://management.azure.com/subscriptions/00000000-0000-0000-0000-000000000000/providers/Microsoft.Compute/locations/westus/publishers/MicrosoftWindowsServer/artifacttypes/vmimage/offers/WindowsServer/skus/2012-R2-Datacenter/versions?$top=1&$orderby=name%20desc&api-version=2022-08-01
  response:
    body:
      string: "[\r\n  {\r\n    \"location\": \"westus\",\r\n    \"name\": \"9600.20778.230108\",\r\n
        \   \"id\": \"/Subscriptions/00000000-0000-0000-0000-000000000000/Providers/Microsoft.Compute/Locations/westus/Publishers/MicrosoftWindowsServer/ArtifactTypes/VMImage/Offers/WindowsServer/Skus/2012-R2-Datacenter/Versions/9600.20778.230108\"\r\n
        \ }\r\n]"
    headers:
      cache-control:
      - no-cache
      content-length:
      - '313'
      content-type:
      - application/json; charset=utf-8
      date:
      - Sat, 28 Jan 2023 15:23:07 GMT
      expires:
      - '-1'
      pragma:
      - no-cache
      server:
      - Microsoft-HTTPAPI/2.0
      - Microsoft-HTTPAPI/2.0
      strict-transport-security:
      - max-age=31536000; includeSubDomains
      transfer-encoding:
      - chunked
      vary:
      - Accept-Encoding
      x-content-type-options:
      - nosniff
      x-ms-ratelimit-remaining-resource:
      - Microsoft.Compute/ListVMImagesVersionsFromLocation3Min;15988,Microsoft.Compute/ListVMImagesVersionsFromLocation30Min;43971
    status:
      code: 200
      message: OK
- request:
    body: null
    headers:
      Accept:
      - application/json
      Accept-Encoding:
      - gzip, deflate
      CommandName:
      - vm create
      Connection:
      - keep-alive
      ParameterSetName:
      - -n -g --image --admin-username --admin-password --tags --nsg-rule
      User-Agent:
      - AZURECLI/2.44.1 azsdk-python-azure-mgmt-compute/29.0.0 Python/3.10.9 (Linux-5.15.0-1031-azure-x86_64-with-glibc2.31)
        VSTS_7b238909-6802-4b65-b90d-184bca47f458_build_220_0
    method: GET
    uri: https://management.azure.com/subscriptions/00000000-0000-0000-0000-000000000000/providers/Microsoft.Compute/locations/westus/publishers/MicrosoftWindowsServer/artifacttypes/vmimage/offers/WindowsServer/skus/2012-R2-Datacenter/versions/9600.20778.230108?api-version=2022-08-01
  response:
    body:
      string: "{\r\n  \"properties\": {\r\n    \"hyperVGeneration\": \"V1\",\r\n    \"architecture\":
        \"x64\",\r\n    \"replicaType\": \"Unmanaged\",\r\n    \"disallowed\": {\r\n
        \     \"vmDiskType\": \"None\"\r\n    },\r\n    \"automaticOSUpgradeProperties\":
        {\r\n      \"automaticOSUpgradeSupported\": true\r\n    },\r\n    \"imageDeprecationStatus\":
        {\r\n      \"imageState\": \"Active\"\r\n    },\r\n    \"features\": [\r\n
        \     {\r\n        \"name\": \"IsAcceleratedNetworkSupported\",\r\n        \"value\":
        \"True\"\r\n      },\r\n      {\r\n        \"name\": \"DiskControllerTypes\",\r\n
        \       \"value\": \"SCSI\"\r\n      },\r\n      {\r\n        \"name\": \"IsHibernateSupported\",\r\n
        \       \"value\": \"False\"\r\n      }\r\n    ],\r\n    \"osDiskImage\":
        {\r\n      \"operatingSystem\": \"Windows\",\r\n      \"sizeInGb\": 128,\r\n
        \     \"sizeInBytes\": 136367309312\r\n    },\r\n    \"dataDiskImages\": []\r\n
        \ },\r\n  \"location\": \"westus\",\r\n  \"name\": \"9600.20778.230108\",\r\n
        \ \"id\": \"/Subscriptions/00000000-0000-0000-0000-000000000000/Providers/Microsoft.Compute/Locations/westus/Publishers/MicrosoftWindowsServer/ArtifactTypes/VMImage/Offers/WindowsServer/Skus/2012-R2-Datacenter/Versions/9600.20778.230108\"\r\n}"
    headers:
      cache-control:
      - no-cache
      content-length:
      - '1074'
      content-type:
      - application/json; charset=utf-8
      date:
      - Sat, 28 Jan 2023 15:23:08 GMT
      expires:
      - '-1'
      pragma:
      - no-cache
      server:
      - Microsoft-HTTPAPI/2.0
      - Microsoft-HTTPAPI/2.0
      strict-transport-security:
      - max-age=31536000; includeSubDomains
      transfer-encoding:
      - chunked
      vary:
      - Accept-Encoding
      x-content-type-options:
      - nosniff
      x-ms-ratelimit-remaining-resource:
      - Microsoft.Compute/GetVMImageFromLocation3Min;12991,Microsoft.Compute/GetVMImageFromLocation30Min;73977
    status:
      code: 200
      message: OK
- request:
    body: '{"properties": {"template": {"$schema": "https://schema.management.azure.com/schemas/2015-01-01/deploymentTemplate.json#",
      "contentVersion": "1.0.0.0", "parameters": {"adminPassword": {"type": "securestring",
      "metadata": {"description": "Secure adminPassword"}}}, "variables": {}, "resources":
      [{"name": "clitest-vm000003VNET", "type": "Microsoft.Network/virtualNetworks",
      "location": "westus", "apiVersion": "2015-06-15", "dependsOn": [], "tags": {"MabUsed":
      "Yes", "Owner": "sisi", "Purpose": "CLITest", "DeleteBy": "12-2099", "AutoShutdown":
      "No"}, "properties": {"addressSpace": {"addressPrefixes": ["10.0.0.0/16"]},
      "subnets": [{"name": "clitest-vm000003Subnet", "properties": {"addressPrefix":
      "10.0.0.0/24"}}]}}, {"type": "Microsoft.Network/networkSecurityGroups", "name":
      "clitest-vm000003NSG", "apiVersion": "2015-06-15", "location": "westus", "tags":
      {"MabUsed": "Yes", "Owner": "sisi", "Purpose": "CLITest", "DeleteBy": "12-2099",
      "AutoShutdown": "No"}, "dependsOn": []}, {"apiVersion": "2022-01-01", "type":
      "Microsoft.Network/publicIPAddresses", "name": "clitest-vm000003PublicIP", "location":
      "westus", "tags": {"MabUsed": "Yes", "Owner": "sisi", "Purpose": "CLITest",
      "DeleteBy": "12-2099", "AutoShutdown": "No"}, "dependsOn": [], "properties":
      {"publicIPAllocationMethod": null}}, {"apiVersion": "2015-06-15", "type": "Microsoft.Network/networkInterfaces",
      "name": "clitest-vm000003VMNic", "location": "westus", "tags": {"MabUsed": "Yes",
      "Owner": "sisi", "Purpose": "CLITest", "DeleteBy": "12-2099", "AutoShutdown":
      "No"}, "dependsOn": ["Microsoft.Network/virtualNetworks/clitest-vm000003VNET",
      "Microsoft.Network/networkSecurityGroups/clitest-vm000003NSG", "Microsoft.Network/publicIpAddresses/clitest-vm000003PublicIP"],
      "properties": {"ipConfigurations": [{"name": "ipconfigclitest-vm000003", "properties":
      {"privateIPAllocationMethod": "Dynamic", "subnet": {"id": "/subscriptions/00000000-0000-0000-0000-000000000000/resourceGroups/cli_test_metric_alert_v2000001/providers/Microsoft.Network/virtualNetworks/clitest-vm000003VNET/subnets/clitest-vm000003Subnet"},
      "publicIPAddress": {"id": "/subscriptions/00000000-0000-0000-0000-000000000000/resourceGroups/cli_test_metric_alert_v2000001/providers/Microsoft.Network/publicIPAddresses/clitest-vm000003PublicIP"}}}],
      "networkSecurityGroup": {"id": "/subscriptions/00000000-0000-0000-0000-000000000000/resourceGroups/cli_test_metric_alert_v2000001/providers/Microsoft.Network/networkSecurityGroups/clitest-vm000003NSG"}}},
      {"apiVersion": "2022-08-01", "type": "Microsoft.Compute/virtualMachines", "name":
      "clitest-vm000003", "location": "westus", "tags": {"MabUsed": "Yes", "Owner":
      "sisi", "Purpose": "CLITest", "DeleteBy": "12-2099", "AutoShutdown": "No"},
      "dependsOn": ["Microsoft.Network/networkInterfaces/clitest-vm000003VMNic"],
      "properties": {"hardwareProfile": {"vmSize": "Standard_DS1_v2"}, "networkProfile":
      {"networkInterfaces": [{"id": "/subscriptions/00000000-0000-0000-0000-000000000000/resourceGroups/cli_test_metric_alert_v2000001/providers/Microsoft.Network/networkInterfaces/clitest-vm000003VMNic",
      "properties": {"deleteOption": null}}]}, "storageProfile": {"osDisk": {"createOption":
      "fromImage", "name": null, "caching": "ReadWrite", "managedDisk": {"storageAccountType":
      null}}, "imageReference": {"publisher": "MicrosoftWindowsServer", "offer": "WindowsServer",
      "sku": "2012-R2-Datacenter", "version": "latest"}}, "osProfile": {"computerName":
      "clitest-vm000003", "adminUsername": "clitest-vm000003", "adminPassword": "[parameters(''adminPassword'')]"}}}],
      "outputs": {}}, "parameters": {"adminPassword": {"value": "%j^VYw9Q3Z@Cu$*h"}},
      "mode": "incremental"}}'
    headers:
      Accept:
      - application/json
      Accept-Encoding:
      - gzip, deflate
      CommandName:
      - vm create
      Connection:
      - keep-alive
      Content-Length:
      - '3648'
      Content-Type:
      - application/json
      ParameterSetName:
      - -n -g --image --admin-username --admin-password --tags --nsg-rule
      User-Agent:
      - AZURECLI/2.44.1 azsdk-python-azure-mgmt-resource/22.0.0 Python/3.10.9 (Linux-5.15.0-1031-azure-x86_64-with-glibc2.31)
        VSTS_7b238909-6802-4b65-b90d-184bca47f458_build_220_0
    method: PUT
    uri: https://management.azure.com/subscriptions/00000000-0000-0000-0000-000000000000/resourcegroups/cli_test_metric_alert_v2000001/providers/Microsoft.Resources/deployments/mock-deployment?api-version=2022-09-01
  response:
    body:
      string: '{"id":"/subscriptions/00000000-0000-0000-0000-000000000000/resourceGroups/cli_test_metric_alert_v2000001/providers/Microsoft.Resources/deployments/vm_deploy_Twd8LKff2J0XzG2dIC88ksOXWYWHVcz5","name":"vm_deploy_Twd8LKff2J0XzG2dIC88ksOXWYWHVcz5","type":"Microsoft.Resources/deployments","properties":{"templateHash":"5216879420062651331","parameters":{"adminPassword":{"type":"SecureString"}},"mode":"Incremental","provisioningState":"Accepted","timestamp":"2023-01-28T15:23:11.1184175Z","duration":"PT0.0008707S","correlationId":"5342a3bc-a3da-46e7-ba99-71d84e326b0d","providers":[{"namespace":"Microsoft.Network","resourceTypes":[{"resourceType":"virtualNetworks","locations":["westus"]},{"resourceType":"networkSecurityGroups","locations":["westus"]},{"resourceType":"publicIPAddresses","locations":["westus"]},{"resourceType":"networkInterfaces","locations":["westus"]}]},{"namespace":"Microsoft.Compute","resourceTypes":[{"resourceType":"virtualMachines","locations":["westus"]}]}],"dependencies":[{"dependsOn":[{"id":"/subscriptions/00000000-0000-0000-0000-000000000000/resourceGroups/cli_test_metric_alert_v2000001/providers/Microsoft.Network/virtualNetworks/clitest-vm000003VNET","resourceType":"Microsoft.Network/virtualNetworks","resourceName":"clitest-vm000003VNET"},{"id":"/subscriptions/00000000-0000-0000-0000-000000000000/resourceGroups/cli_test_metric_alert_v2000001/providers/Microsoft.Network/networkSecurityGroups/clitest-vm000003NSG","resourceType":"Microsoft.Network/networkSecurityGroups","resourceName":"clitest-vm000003NSG"},{"id":"/subscriptions/00000000-0000-0000-0000-000000000000/resourceGroups/cli_test_metric_alert_v2000001/providers/Microsoft.Network/publicIPAddresses/clitest-vm000003PublicIP","resourceType":"Microsoft.Network/publicIPAddresses","resourceName":"clitest-vm000003PublicIP"}],"id":"/subscriptions/00000000-0000-0000-0000-000000000000/resourceGroups/cli_test_metric_alert_v2000001/providers/Microsoft.Network/networkInterfaces/clitest-vm000003VMNic","resourceType":"Microsoft.Network/networkInterfaces","resourceName":"clitest-vm000003VMNic"},{"dependsOn":[{"id":"/subscriptions/00000000-0000-0000-0000-000000000000/resourceGroups/cli_test_metric_alert_v2000001/providers/Microsoft.Network/networkInterfaces/clitest-vm000003VMNic","resourceType":"Microsoft.Network/networkInterfaces","resourceName":"clitest-vm000003VMNic"}],"id":"/subscriptions/00000000-0000-0000-0000-000000000000/resourceGroups/cli_test_metric_alert_v2000001/providers/Microsoft.Compute/virtualMachines/clitest-vm000003","resourceType":"Microsoft.Compute/virtualMachines","resourceName":"clitest-vm000003"}]}}'
    headers:
      azure-asyncoperation:
      - https://management.azure.com/subscriptions/00000000-0000-0000-0000-000000000000/resourcegroups/cli_test_metric_alert_v2000001/providers/Microsoft.Resources/deployments/vm_deploy_Twd8LKff2J0XzG2dIC88ksOXWYWHVcz5/operationStatuses/08585266874957216937?api-version=2022-09-01
      cache-control:
      - no-cache
      content-length:
      - '2622'
      content-type:
      - application/json; charset=utf-8
      date:
      - Sat, 28 Jan 2023 15:23:11 GMT
      expires:
      - '-1'
      pragma:
      - no-cache
      strict-transport-security:
      - max-age=31536000; includeSubDomains
      x-content-type-options:
      - nosniff
      x-ms-ratelimit-remaining-subscription-writes:
      - '1192'
    status:
      code: 201
      message: Created
- request:
    body: null
    headers:
      Accept:
      - '*/*'
      Accept-Encoding:
      - gzip, deflate
      CommandName:
      - vm create
      Connection:
      - keep-alive
      ParameterSetName:
      - -n -g --image --admin-username --admin-password --tags --nsg-rule
      User-Agent:
      - AZURECLI/2.44.1 azsdk-python-azure-mgmt-resource/22.0.0 Python/3.10.9 (Linux-5.15.0-1031-azure-x86_64-with-glibc2.31)
        VSTS_7b238909-6802-4b65-b90d-184bca47f458_build_220_0
    method: GET
    uri: https://management.azure.com/subscriptions/00000000-0000-0000-0000-000000000000/resourcegroups/cli_test_metric_alert_v2000001/providers/Microsoft.Resources/deployments/mock-deployment/operationStatuses/08585266874957216937?api-version=2022-09-01
  response:
    body:
      string: '{"status":"Succeeded"}'
    headers:
      cache-control:
      - no-cache
      content-length:
      - '22'
      content-type:
      - application/json; charset=utf-8
      date:
      - Sat, 28 Jan 2023 15:23:41 GMT
      expires:
      - '-1'
      pragma:
      - no-cache
      strict-transport-security:
      - max-age=31536000; includeSubDomains
      vary:
      - Accept-Encoding
      x-content-type-options:
      - nosniff
    status:
      code: 200
      message: OK
- request:
    body: null
    headers:
      Accept:
      - '*/*'
      Accept-Encoding:
      - gzip, deflate
      CommandName:
      - vm create
      Connection:
      - keep-alive
      ParameterSetName:
      - -n -g --image --admin-username --admin-password --tags --nsg-rule
      User-Agent:
      - AZURECLI/2.44.1 azsdk-python-azure-mgmt-resource/22.0.0 Python/3.10.9 (Linux-5.15.0-1031-azure-x86_64-with-glibc2.31)
        VSTS_7b238909-6802-4b65-b90d-184bca47f458_build_220_0
    method: GET
    uri: https://management.azure.com/subscriptions/00000000-0000-0000-0000-000000000000/resourcegroups/cli_test_metric_alert_v2000001/providers/Microsoft.Resources/deployments/mock-deployment?api-version=2022-09-01
  response:
    body:
      string: '{"id":"/subscriptions/00000000-0000-0000-0000-000000000000/resourceGroups/cli_test_metric_alert_v2000001/providers/Microsoft.Resources/deployments/vm_deploy_Twd8LKff2J0XzG2dIC88ksOXWYWHVcz5","name":"vm_deploy_Twd8LKff2J0XzG2dIC88ksOXWYWHVcz5","type":"Microsoft.Resources/deployments","properties":{"templateHash":"5216879420062651331","parameters":{"adminPassword":{"type":"SecureString"}},"mode":"Incremental","provisioningState":"Succeeded","timestamp":"2023-01-28T15:23:38.4247592Z","duration":"PT27.3072124S","correlationId":"5342a3bc-a3da-46e7-ba99-71d84e326b0d","providers":[{"namespace":"Microsoft.Network","resourceTypes":[{"resourceType":"virtualNetworks","locations":["westus"]},{"resourceType":"networkSecurityGroups","locations":["westus"]},{"resourceType":"publicIPAddresses","locations":["westus"]},{"resourceType":"networkInterfaces","locations":["westus"]}]},{"namespace":"Microsoft.Compute","resourceTypes":[{"resourceType":"virtualMachines","locations":["westus"]}]}],"dependencies":[{"dependsOn":[{"id":"/subscriptions/00000000-0000-0000-0000-000000000000/resourceGroups/cli_test_metric_alert_v2000001/providers/Microsoft.Network/virtualNetworks/clitest-vm000003VNET","resourceType":"Microsoft.Network/virtualNetworks","resourceName":"clitest-vm000003VNET"},{"id":"/subscriptions/00000000-0000-0000-0000-000000000000/resourceGroups/cli_test_metric_alert_v2000001/providers/Microsoft.Network/networkSecurityGroups/clitest-vm000003NSG","resourceType":"Microsoft.Network/networkSecurityGroups","resourceName":"clitest-vm000003NSG"},{"id":"/subscriptions/00000000-0000-0000-0000-000000000000/resourceGroups/cli_test_metric_alert_v2000001/providers/Microsoft.Network/publicIPAddresses/clitest-vm000003PublicIP","resourceType":"Microsoft.Network/publicIPAddresses","resourceName":"clitest-vm000003PublicIP"}],"id":"/subscriptions/00000000-0000-0000-0000-000000000000/resourceGroups/cli_test_metric_alert_v2000001/providers/Microsoft.Network/networkInterfaces/clitest-vm000003VMNic","resourceType":"Microsoft.Network/networkInterfaces","resourceName":"clitest-vm000003VMNic"},{"dependsOn":[{"id":"/subscriptions/00000000-0000-0000-0000-000000000000/resourceGroups/cli_test_metric_alert_v2000001/providers/Microsoft.Network/networkInterfaces/clitest-vm000003VMNic","resourceType":"Microsoft.Network/networkInterfaces","resourceName":"clitest-vm000003VMNic"}],"id":"/subscriptions/00000000-0000-0000-0000-000000000000/resourceGroups/cli_test_metric_alert_v2000001/providers/Microsoft.Compute/virtualMachines/clitest-vm000003","resourceType":"Microsoft.Compute/virtualMachines","resourceName":"clitest-vm000003"}],"outputs":{},"outputResources":[{"id":"/subscriptions/00000000-0000-0000-0000-000000000000/resourceGroups/cli_test_metric_alert_v2000001/providers/Microsoft.Compute/virtualMachines/clitest-vm000003"},{"id":"/subscriptions/00000000-0000-0000-0000-000000000000/resourceGroups/cli_test_metric_alert_v2000001/providers/Microsoft.Network/networkInterfaces/clitest-vm000003VMNic"},{"id":"/subscriptions/00000000-0000-0000-0000-000000000000/resourceGroups/cli_test_metric_alert_v2000001/providers/Microsoft.Network/networkSecurityGroups/clitest-vm000003NSG"},{"id":"/subscriptions/00000000-0000-0000-0000-000000000000/resourceGroups/cli_test_metric_alert_v2000001/providers/Microsoft.Network/publicIPAddresses/clitest-vm000003PublicIP"},{"id":"/subscriptions/00000000-0000-0000-0000-000000000000/resourceGroups/cli_test_metric_alert_v2000001/providers/Microsoft.Network/virtualNetworks/clitest-vm000003VNET"}]}}'
    headers:
      cache-control:
      - no-cache
      content-length:
      - '3527'
      content-type:
      - application/json; charset=utf-8
      date:
      - Sat, 28 Jan 2023 15:23:41 GMT
      expires:
      - '-1'
      pragma:
      - no-cache
      strict-transport-security:
      - max-age=31536000; includeSubDomains
      vary:
      - Accept-Encoding
      x-content-type-options:
      - nosniff
    status:
      code: 200
      message: OK
- request:
    body: null
    headers:
      Accept:
      - application/json
      Accept-Encoding:
      - gzip, deflate
      CommandName:
      - vm create
      Connection:
      - keep-alive
      ParameterSetName:
      - -n -g --image --admin-username --admin-password --tags --nsg-rule
      User-Agent:
      - AZURECLI/2.44.1 azsdk-python-azure-mgmt-compute/29.0.0 Python/3.10.9 (Linux-5.15.0-1031-azure-x86_64-with-glibc2.31)
        VSTS_7b238909-6802-4b65-b90d-184bca47f458_build_220_0
    method: GET
    uri: https://management.azure.com/subscriptions/00000000-0000-0000-0000-000000000000/resourceGroups/cli_test_metric_alert_v2000001/providers/Microsoft.Compute/virtualMachines/clitest-vm000003?$expand=instanceView&api-version=2022-08-01
  response:
    body:
      string: "{\r\n  \"name\": \"clitest-vm000003\",\r\n  \"id\": \"/subscriptions/00000000-0000-0000-0000-000000000000/resourceGroups/cli_test_metric_alert_v2000001/providers/Microsoft.Compute/virtualMachines/clitest-vm000003\",\r\n
        \ \"type\": \"Microsoft.Compute/virtualMachines\",\r\n  \"location\": \"westus\",\r\n
        \ \"tags\": {\r\n    \"MabUsed\": \"Yes\",\r\n    \"Owner\": \"sisi\",\r\n
        \   \"Purpose\": \"CLITest\",\r\n    \"DeleteBy\": \"12-2099\",\r\n    \"AutoShutdown\":
        \"No\"\r\n  },\r\n  \"properties\": {\r\n    \"vmId\": \"26d5d50a-3540-4681-b337-3037245dc080\",\r\n
        \   \"hardwareProfile\": {\r\n      \"vmSize\": \"Standard_DS1_v2\"\r\n    },\r\n
        \   \"storageProfile\": {\r\n      \"imageReference\": {\r\n        \"publisher\":
        \"MicrosoftWindowsServer\",\r\n        \"offer\": \"WindowsServer\",\r\n        \"sku\":
        \"2012-R2-Datacenter\",\r\n        \"version\": \"latest\",\r\n        \"exactVersion\":
        \"9600.20778.230108\"\r\n      },\r\n      \"osDisk\": {\r\n        \"osType\":
        \"Windows\",\r\n        \"name\": \"clitest-vm000003_disk1_c7f370f3be05478385de4502d1777c43\",\r\n
        \       \"createOption\": \"FromImage\",\r\n        \"caching\": \"ReadWrite\",\r\n
        \       \"managedDisk\": {\r\n          \"storageAccountType\": \"Premium_LRS\",\r\n
        \         \"id\": \"/subscriptions/00000000-0000-0000-0000-000000000000/resourceGroups/cli_test_metric_alert_v2000001/providers/Microsoft.Compute/disks/clitest-vm000003_disk1_c7f370f3be05478385de4502d1777c43\"\r\n
        \       },\r\n        \"deleteOption\": \"Detach\",\r\n        \"diskSizeGB\":
        127\r\n      },\r\n      \"dataDisks\": []\r\n    },\r\n    \"osProfile\":
        {\r\n      \"computerName\": \"clitest-vm000003\",\r\n      \"adminUsername\":
        \"clitest-vm000003\",\r\n      \"windowsConfiguration\": {\r\n        \"provisionVMAgent\":
        true,\r\n        \"enableAutomaticUpdates\": true,\r\n        \"patchSettings\":
        {\r\n          \"patchMode\": \"AutomaticByOS\",\r\n          \"assessmentMode\":
        \"ImageDefault\"\r\n        },\r\n        \"enableVMAgentPlatformUpdates\":
        false\r\n      },\r\n      \"secrets\": [],\r\n      \"allowExtensionOperations\":
        true,\r\n      \"requireGuestProvisionSignal\": true\r\n    },\r\n    \"networkProfile\":
        {\"networkInterfaces\":[{\"id\":\"/subscriptions/00000000-0000-0000-0000-000000000000/resourceGroups/cli_test_metric_alert_v2000001/providers/Microsoft.Network/networkInterfaces/clitest-vm000003VMNic\"}]},\r\n
        \   \"provisioningState\": \"Succeeded\",\r\n    \"instanceView\": {\r\n      \"vmAgent\":
        {\r\n        \"vmAgentVersion\": \"Unknown\",\r\n        \"statuses\": [\r\n
        \         {\r\n            \"code\": \"ProvisioningState/Unavailable\",\r\n
        \           \"level\": \"Warning\",\r\n            \"displayStatus\": \"Not
        Ready\",\r\n            \"message\": \"VM status blob is found but not yet
        populated.\",\r\n            \"time\": \"2023-01-28T15:23:42+00:00\"\r\n          }\r\n
        \       ]\r\n      },\r\n      \"disks\": [\r\n        {\r\n          \"name\":
        \"clitest-vm000003_disk1_c7f370f3be05478385de4502d1777c43\",\r\n          \"statuses\":
        [\r\n            {\r\n              \"code\": \"ProvisioningState/succeeded\",\r\n
        \             \"level\": \"Info\",\r\n              \"displayStatus\": \"Provisioning
        succeeded\",\r\n              \"time\": \"2023-01-28T15:23:23.8786707+00:00\"\r\n
        \           }\r\n          ]\r\n        }\r\n      ],\r\n      \"hyperVGeneration\":
        \"V1\",\r\n      \"statuses\": [\r\n        {\r\n          \"code\": \"ProvisioningState/succeeded\",\r\n
        \         \"level\": \"Info\",\r\n          \"displayStatus\": \"Provisioning
        succeeded\",\r\n          \"time\": \"2023-01-28T15:23:37.5664596+00:00\"\r\n
        \       },\r\n        {\r\n          \"code\": \"PowerState/running\",\r\n
        \         \"level\": \"Info\",\r\n          \"displayStatus\": \"VM running\"\r\n
        \       }\r\n      ]\r\n    },\r\n    \"timeCreated\": \"2023-01-28T15:23:22.7693169+00:00\"\r\n
        \ }\r\n}"
    headers:
      cache-control:
      - no-cache
      content-length:
      - '3466'
      content-type:
      - application/json; charset=utf-8
      date:
      - Sat, 28 Jan 2023 15:23:42 GMT
      expires:
      - '-1'
      pragma:
      - no-cache
      server:
      - Microsoft-HTTPAPI/2.0
      - Microsoft-HTTPAPI/2.0
      strict-transport-security:
      - max-age=31536000; includeSubDomains
      transfer-encoding:
      - chunked
      vary:
      - Accept-Encoding
      x-content-type-options:
      - nosniff
      x-ms-ratelimit-remaining-resource:
      - Microsoft.Compute/LowCostGet3Min;3903,Microsoft.Compute/LowCostGet30Min;31488
    status:
      code: 200
      message: OK
- request:
    body: null
    headers:
      Accept:
      - application/json
      Accept-Encoding:
      - gzip, deflate
      CommandName:
      - vm create
      Connection:
      - keep-alive
      ParameterSetName:
      - -n -g --image --admin-username --admin-password --tags --nsg-rule
      User-Agent:
      - AZURECLI/2.44.1 azsdk-python-azure-mgmt-network/21.0.1 Python/3.10.9 (Linux-5.15.0-1031-azure-x86_64-with-glibc2.31)
        VSTS_7b238909-6802-4b65-b90d-184bca47f458_build_220_0
    method: GET
    uri: https://management.azure.com/subscriptions/00000000-0000-0000-0000-000000000000/resourceGroups/cli_test_metric_alert_v2000001/providers/Microsoft.Network/networkInterfaces/clitest-vm000003VMNic?api-version=2022-01-01
  response:
    body:
      string: "{\r\n  \"name\": \"clitest-vm000003VMNic\",\r\n  \"id\": \"/subscriptions/00000000-0000-0000-0000-000000000000/resourceGroups/cli_test_metric_alert_v2000001/providers/Microsoft.Network/networkInterfaces/clitest-vm000003VMNic\",\r\n
        \ \"etag\": \"W/\\\"7fc9086d-532c-4f31-b145-b05a19533a56\\\"\",\r\n  \"tags\":
        {\r\n    \"MabUsed\": \"Yes\",\r\n    \"Owner\": \"sisi\",\r\n    \"Purpose\":
        \"CLITest\",\r\n    \"DeleteBy\": \"12-2099\",\r\n    \"AutoShutdown\": \"No\"\r\n
        \ },\r\n  \"properties\": {\r\n    \"provisioningState\": \"Succeeded\",\r\n
        \   \"resourceGuid\": \"e342ac3c-20cf-4956-9a6c-ab1c5abba648\",\r\n    \"ipConfigurations\":
        [\r\n      {\r\n        \"name\": \"ipconfigclitest-vm000003\",\r\n        \"id\":
        \"/subscriptions/00000000-0000-0000-0000-000000000000/resourceGroups/cli_test_metric_alert_v2000001/providers/Microsoft.Network/networkInterfaces/clitest-vm000003VMNic/ipConfigurations/ipconfigclitest-vm000003\",\r\n
        \       \"etag\": \"W/\\\"7fc9086d-532c-4f31-b145-b05a19533a56\\\"\",\r\n
        \       \"type\": \"Microsoft.Network/networkInterfaces/ipConfigurations\",\r\n
        \       \"properties\": {\r\n          \"provisioningState\": \"Succeeded\",\r\n
        \         \"privateIPAddress\": \"10.0.0.4\",\r\n          \"privateIPAllocationMethod\":
        \"Dynamic\",\r\n          \"publicIPAddress\": {\r\n            \"id\": \"/subscriptions/00000000-0000-0000-0000-000000000000/resourceGroups/cli_test_metric_alert_v2000001/providers/Microsoft.Network/publicIPAddresses/clitest-vm000003PublicIP\"\r\n
        \         },\r\n          \"subnet\": {\r\n            \"id\": \"/subscriptions/00000000-0000-0000-0000-000000000000/resourceGroups/cli_test_metric_alert_v2000001/providers/Microsoft.Network/virtualNetworks/clitest-vm000003VNET/subnets/clitest-vm000003Subnet\"\r\n
        \         },\r\n          \"primary\": true,\r\n          \"privateIPAddressVersion\":
        \"IPv4\"\r\n        }\r\n      }\r\n    ],\r\n    \"dnsSettings\": {\r\n      \"dnsServers\":
        [],\r\n      \"appliedDnsServers\": [],\r\n      \"internalDomainNameSuffix\":
        \"0fqhp3cbygoejdlon5yjwsyr0f.dx.internal.cloudapp.net\"\r\n    },\r\n    \"macAddress\":
        \"00-22-48-03-DF-B3\",\r\n    \"vnetEncryptionSupported\": false,\r\n    \"enableIPForwarding\":
        false,\r\n    \"networkSecurityGroup\": {\r\n      \"id\": \"/subscriptions/00000000-0000-0000-0000-000000000000/resourceGroups/cli_test_metric_alert_v2000001/providers/Microsoft.Network/networkSecurityGroups/clitest-vm000003NSG\"\r\n
        \   },\r\n    \"primary\": true,\r\n    \"virtualMachine\": {\r\n      \"id\":
        \"/subscriptions/00000000-0000-0000-0000-000000000000/resourceGroups/cli_test_metric_alert_v2000001/providers/Microsoft.Compute/virtualMachines/clitest-vm000003\"\r\n
        \   },\r\n    \"hostedWorkloads\": [],\r\n    \"tapConfigurations\": [],\r\n
        \   \"nicType\": \"Standard\",\r\n    \"allowPort25Out\": true\r\n  },\r\n
        \ \"type\": \"Microsoft.Network/networkInterfaces\",\r\n  \"location\": \"westus\",\r\n
        \ \"kind\": \"Regular\"\r\n}"
    headers:
      cache-control:
      - no-cache
      content-length:
      - '2691'
      content-type:
      - application/json; charset=utf-8
      date:
      - Sat, 28 Jan 2023 15:23:42 GMT
      etag:
      - W/"7fc9086d-532c-4f31-b145-b05a19533a56"
      expires:
      - '-1'
      pragma:
      - no-cache
      server:
      - Microsoft-HTTPAPI/2.0
      - Microsoft-HTTPAPI/2.0
      strict-transport-security:
      - max-age=31536000; includeSubDomains
      transfer-encoding:
      - chunked
      vary:
      - Accept-Encoding
      x-content-type-options:
      - nosniff
      x-ms-arm-service-request-id:
      - a03eba53-9e22-4a16-ae50-fe73fe574e7f
    status:
      code: 200
      message: OK
- request:
    body: null
    headers:
      Accept:
      - application/json
      Accept-Encoding:
      - gzip, deflate
      CommandName:
      - vm create
      Connection:
      - keep-alive
      ParameterSetName:
      - -n -g --image --admin-username --admin-password --tags --nsg-rule
      User-Agent:
      - AZURECLI/2.44.1 azsdk-python-azure-mgmt-network/21.0.1 Python/3.10.9 (Linux-5.15.0-1031-azure-x86_64-with-glibc2.31)
        VSTS_7b238909-6802-4b65-b90d-184bca47f458_build_220_0
    method: GET
    uri: https://management.azure.com/subscriptions/00000000-0000-0000-0000-000000000000/resourceGroups/cli_test_metric_alert_v2000001/providers/Microsoft.Network/publicIPAddresses/clitest-vm000003PublicIP?api-version=2022-01-01
  response:
    body:
      string: "{\r\n  \"name\": \"clitest-vm000003PublicIP\",\r\n  \"id\": \"/subscriptions/00000000-0000-0000-0000-000000000000/resourceGroups/cli_test_metric_alert_v2000001/providers/Microsoft.Network/publicIPAddresses/clitest-vm000003PublicIP\",\r\n
        \ \"etag\": \"W/\\\"180cac03-e75e-438e-af48-a9a926b91f0e\\\"\",\r\n  \"location\":
        \"westus\",\r\n  \"tags\": {\r\n    \"MabUsed\": \"Yes\",\r\n    \"Owner\":
        \"sisi\",\r\n    \"Purpose\": \"CLITest\",\r\n    \"DeleteBy\": \"12-2099\",\r\n
        \   \"AutoShutdown\": \"No\"\r\n  },\r\n  \"properties\": {\r\n    \"provisioningState\":
        \"Succeeded\",\r\n    \"resourceGuid\": \"caf59dc5-131c-40f5-bc51-f08d7851c181\",\r\n
        \   \"ipAddress\": \"20.59.106.3\",\r\n    \"publicIPAddressVersion\": \"IPv4\",\r\n
        \   \"publicIPAllocationMethod\": \"Dynamic\",\r\n    \"idleTimeoutInMinutes\":
        4,\r\n    \"ipTags\": [],\r\n    \"ipConfiguration\": {\r\n      \"id\": \"/subscriptions/00000000-0000-0000-0000-000000000000/resourceGroups/cli_test_metric_alert_v2000001/providers/Microsoft.Network/networkInterfaces/clitest-vm000003VMNic/ipConfigurations/ipconfigclitest-vm000003\"\r\n
        \   }\r\n  },\r\n  \"type\": \"Microsoft.Network/publicIPAddresses\",\r\n
        \ \"sku\": {\r\n    \"name\": \"Basic\",\r\n    \"tier\": \"Regional\"\r\n
        \ }\r\n}"
    headers:
      cache-control:
      - no-cache
      content-length:
      - '1112'
      content-type:
      - application/json; charset=utf-8
      date:
      - Sat, 28 Jan 2023 15:23:43 GMT
      etag:
      - W/"180cac03-e75e-438e-af48-a9a926b91f0e"
      expires:
      - '-1'
      pragma:
      - no-cache
      server:
      - Microsoft-HTTPAPI/2.0
      - Microsoft-HTTPAPI/2.0
      strict-transport-security:
      - max-age=31536000; includeSubDomains
      transfer-encoding:
      - chunked
      vary:
      - Accept-Encoding
      x-content-type-options:
      - nosniff
      x-ms-arm-service-request-id:
      - d857cba8-243b-4d15-81d1-72d617519d58
    status:
      code: 200
      message: OK
- request:
    body: null
    headers:
      Accept:
      - application/json
      Accept-Encoding:
      - gzip, deflate
      CommandName:
      - vm create
      Connection:
      - keep-alive
      ParameterSetName:
      - -n -g --image --admin-username --admin-password --tags --nsg-rule
      User-Agent:
      - AZURECLI/2.44.1 azsdk-python-azure-mgmt-resource/22.0.0 Python/3.10.9 (Linux-5.15.0-1031-azure-x86_64-with-glibc2.31)
        VSTS_7b238909-6802-4b65-b90d-184bca47f458_build_220_0
    method: GET
    uri: https://management.azure.com/subscriptions/00000000-0000-0000-0000-000000000000/resourcegroups/cli_test_metric_alert_v2000002?api-version=2022-09-01
  response:
    body:
      string: '{"id":"/subscriptions/00000000-0000-0000-0000-000000000000/resourceGroups/cli_test_metric_alert_v2000002","name":"cli_test_metric_alert_v2000002","type":"Microsoft.Resources/resourceGroups","location":"westus","tags":{"product":"azurecli","cause":"automation","date":"2023-01-28T15:23:04Z"},"properties":{"provisioningState":"Succeeded"}}'
    headers:
      cache-control:
      - no-cache
      content-length:
      - '338'
      content-type:
      - application/json; charset=utf-8
      date:
      - Sat, 28 Jan 2023 15:23:42 GMT
      expires:
      - '-1'
      pragma:
      - no-cache
      strict-transport-security:
      - max-age=31536000; includeSubDomains
      vary:
      - Accept-Encoding
      x-content-type-options:
      - nosniff
    status:
      code: 200
      message: OK
- request:
    body: null
    headers:
      Accept:
      - '*/*'
      Accept-Encoding:
      - gzip, deflate
      Connection:
      - keep-alive
      User-Agent:
      - python-requests/2.26.0
    method: GET
    uri: https://raw.githubusercontent.com/Azure/azure-rest-api-specs/main/arm-compute/quickstart-templates/aliases.json
  response:
    body:
      string: "{\n  \"$schema\": \"http://schema.management.azure.com/schemas/2015-01-01/deploymentTemplate.json\",\n
        \ \"contentVersion\": \"1.0.0.0\",\n  \"parameters\": {},\n  \"variables\":
        {},\n  \"resources\": [],\n  \"outputs\": {\n    \"aliases\": {\n      \"type\":
        \"object\",\n      \"value\": {\n        \"Linux\": {\n          \"CentOS\":
        {\n            \"publisher\": \"OpenLogic\",\n            \"offer\": \"CentOS\",\n
        \           \"sku\": \"7.5\",\n            \"version\": \"latest\",\n            \"architecture\":
        \"x64\"\n          },\n          \"Debian\": {\n            \"publisher\":
        \"Debian\",\n            \"offer\": \"debian-10\",\n            \"sku\": \"10\",\n
        \           \"version\": \"latest\",\n            \"architecture\": \"x64\"\n
        \         },\n          \"Flatcar\": {\n            \"publisher\": \"kinvolk\",\n
        \           \"offer\": \"flatcar-container-linux-free\",\n            \"sku\":
        \"stable\",\n            \"version\": \"latest\",\n            \"architecture\":
        \"x64\"\n          },\n          \"openSUSE-Leap\": {\n            \"publisher\":
        \"SUSE\",\n            \"offer\": \"opensuse-leap-15-3\",\n            \"sku\":
        \"gen2\",\n            \"version\": \"latest\",\n            \"architecture\":
        \"x64\"\n          },\n          \"RHEL\": {\n            \"publisher\": \"RedHat\",\n
        \           \"offer\": \"RHEL\",\n            \"sku\": \"7-LVM\",\n            \"version\":
        \"latest\",\n            \"architecture\": \"x64\"\n          },\n          \"SLES\":
        {\n            \"publisher\": \"SUSE\",\n            \"offer\": \"sles-15-sp3\",\n
        \           \"sku\": \"gen2\",\n            \"version\": \"latest\",\n            \"architecture\":
        \"x64\"\n          },\n          \"UbuntuLTS\": {\n            \"publisher\":
        \"Canonical\",\n            \"offer\": \"UbuntuServer\",\n            \"sku\":
        \"18.04-LTS\",\n            \"version\": \"latest\",\n            \"architecture\":
        \"x64\"\n          }\n        },\n        \"Windows\": {\n          \"Win2022Datacenter\":
        {\n            \"publisher\": \"MicrosoftWindowsServer\",\n            \"offer\":
        \"WindowsServer\",\n            \"sku\": \"2022-Datacenter\",\n            \"version\":
        \"latest\",\n            \"architecture\": \"x64\"\n          },\n          \"Win2022AzureEditionCore\":
        {\n            \"publisher\": \"MicrosoftWindowsServer\",\n            \"offer\":
        \"WindowsServer\",\n            \"sku\": \"2022-datacenter-azure-edition-core\",\n
        \           \"version\": \"latest\",\n            \"architecture\": \"x64\"\n
        \         },\n          \"Win2019Datacenter\": {\n            \"publisher\":
        \"MicrosoftWindowsServer\",\n            \"offer\": \"WindowsServer\",\n            \"sku\":
        \"2019-Datacenter\",\n            \"version\": \"latest\",\n            \"architecture\":
        \"x64\"\n          },\n          \"Win2016Datacenter\": {\n            \"publisher\":
        \"MicrosoftWindowsServer\",\n            \"offer\": \"WindowsServer\",\n            \"sku\":
        \"2016-Datacenter\",\n            \"version\": \"latest\",\n            \"architecture\":
        \"x64\"\n          },\n          \"Win2012R2Datacenter\": {\n            \"publisher\":
        \"MicrosoftWindowsServer\",\n            \"offer\": \"WindowsServer\",\n            \"sku\":
        \"2012-R2-Datacenter\",\n            \"version\": \"latest\",\n            \"architecture\":
        \"x64\"\n          },\n          \"Win2012Datacenter\": {\n            \"publisher\":
        \"MicrosoftWindowsServer\",\n            \"offer\": \"WindowsServer\",\n            \"sku\":
        \"2012-Datacenter\",\n            \"version\": \"latest\",\n            \"architecture\":
        \"x64\"\n          },\n          \"Win2008R2SP1\": {\n            \"publisher\":
        \"MicrosoftWindowsServer\",\n            \"offer\": \"WindowsServer\",\n            \"sku\":
        \"2008-R2-SP1\",\n            \"version\": \"latest\",\n            \"architecture\":
        \"x64\"\n          }\n        }\n      }\n    }\n  }\n}"
    headers:
      accept-ranges:
      - bytes
      access-control-allow-origin:
      - '*'
      cache-control:
      - max-age=300
      connection:
      - keep-alive
      content-length:
      - '3463'
      content-security-policy:
      - default-src 'none'; style-src 'unsafe-inline'; sandbox
      content-type:
      - text/plain; charset=utf-8
      date:
      - Sat, 28 Jan 2023 15:23:43 GMT
      etag:
      - W/"41b202f4dc5098d126019dc00721a4c5e30df0c5196794514fadc3710ee2a5cb"
      expires:
      - Sat, 28 Jan 2023 15:28:43 GMT
      source-age:
      - '131'
      strict-transport-security:
      - max-age=31536000
      vary:
      - Authorization,Accept-Encoding,Origin
      via:
      - 1.1 varnish
      x-cache:
      - HIT
      x-cache-hits:
      - '1'
      x-content-type-options:
      - nosniff
      x-fastly-request-id:
      - 6f24ceb66673daf23eed241d55f6ffe89a369030
      x-frame-options:
      - deny
      x-github-request-id:
      - 2972:2687:1F0293:30DA00:63D4615F
      x-served-by:
      - cache-iad-kiad7000028-IAD
      x-timer:
      - S1674919423.477762,VS0,VE1
      x-xss-protection:
      - 1; mode=block
    status:
      code: 200
      message: OK
- request:
    body: null
    headers:
      Accept:
      - application/json
      Accept-Encoding:
      - gzip, deflate
      CommandName:
      - vm create
      Connection:
      - keep-alive
      ParameterSetName:
      - -n -g --image --admin-username --admin-password --tags --nsg-rule
      User-Agent:
      - AZURECLI/2.44.1 azsdk-python-azure-mgmt-compute/29.0.0 Python/3.10.9 (Linux-5.15.0-1031-azure-x86_64-with-glibc2.31)
        VSTS_7b238909-6802-4b65-b90d-184bca47f458_build_220_0
    method: GET
    uri: https://management.azure.com/subscriptions/00000000-0000-0000-0000-000000000000/providers/Microsoft.Compute/locations/westus/publishers/MicrosoftWindowsServer/artifacttypes/vmimage/offers/WindowsServer/skus/2012-R2-Datacenter/versions?$top=1&$orderby=name%20desc&api-version=2022-08-01
  response:
    body:
      string: "[\r\n  {\r\n    \"location\": \"westus\",\r\n    \"name\": \"9600.20778.230108\",\r\n
        \   \"id\": \"/Subscriptions/00000000-0000-0000-0000-000000000000/Providers/Microsoft.Compute/Locations/westus/Publishers/MicrosoftWindowsServer/ArtifactTypes/VMImage/Offers/WindowsServer/Skus/2012-R2-Datacenter/Versions/9600.20778.230108\"\r\n
        \ }\r\n]"
    headers:
      cache-control:
      - no-cache
      content-length:
      - '313'
      content-type:
      - application/json; charset=utf-8
      date:
      - Sat, 28 Jan 2023 15:23:43 GMT
      expires:
      - '-1'
      pragma:
      - no-cache
      server:
      - Microsoft-HTTPAPI/2.0
      - Microsoft-HTTPAPI/2.0
      strict-transport-security:
      - max-age=31536000; includeSubDomains
      transfer-encoding:
      - chunked
      vary:
      - Accept-Encoding
      x-content-type-options:
      - nosniff
      x-ms-ratelimit-remaining-resource:
      - Microsoft.Compute/ListVMImagesVersionsFromLocation3Min;15986,Microsoft.Compute/ListVMImagesVersionsFromLocation30Min;43969
    status:
      code: 200
      message: OK
- request:
    body: null
    headers:
      Accept:
      - application/json
      Accept-Encoding:
      - gzip, deflate
      CommandName:
      - vm create
      Connection:
      - keep-alive
      ParameterSetName:
      - -n -g --image --admin-username --admin-password --tags --nsg-rule
      User-Agent:
      - AZURECLI/2.44.1 azsdk-python-azure-mgmt-compute/29.0.0 Python/3.10.9 (Linux-5.15.0-1031-azure-x86_64-with-glibc2.31)
        VSTS_7b238909-6802-4b65-b90d-184bca47f458_build_220_0
    method: GET
    uri: https://management.azure.com/subscriptions/00000000-0000-0000-0000-000000000000/providers/Microsoft.Compute/locations/westus/publishers/MicrosoftWindowsServer/artifacttypes/vmimage/offers/WindowsServer/skus/2012-R2-Datacenter/versions/9600.20778.230108?api-version=2022-08-01
  response:
    body:
      string: "{\r\n  \"properties\": {\r\n    \"hyperVGeneration\": \"V1\",\r\n    \"architecture\":
        \"x64\",\r\n    \"replicaType\": \"Unmanaged\",\r\n    \"disallowed\": {\r\n
        \     \"vmDiskType\": \"None\"\r\n    },\r\n    \"automaticOSUpgradeProperties\":
        {\r\n      \"automaticOSUpgradeSupported\": true\r\n    },\r\n    \"imageDeprecationStatus\":
        {\r\n      \"imageState\": \"Active\"\r\n    },\r\n    \"features\": [\r\n
        \     {\r\n        \"name\": \"IsAcceleratedNetworkSupported\",\r\n        \"value\":
        \"True\"\r\n      },\r\n      {\r\n        \"name\": \"DiskControllerTypes\",\r\n
        \       \"value\": \"SCSI\"\r\n      },\r\n      {\r\n        \"name\": \"IsHibernateSupported\",\r\n
        \       \"value\": \"False\"\r\n      }\r\n    ],\r\n    \"osDiskImage\":
        {\r\n      \"operatingSystem\": \"Windows\",\r\n      \"sizeInGb\": 128,\r\n
        \     \"sizeInBytes\": 136367309312\r\n    },\r\n    \"dataDiskImages\": []\r\n
        \ },\r\n  \"location\": \"westus\",\r\n  \"name\": \"9600.20778.230108\",\r\n
        \ \"id\": \"/Subscriptions/00000000-0000-0000-0000-000000000000/Providers/Microsoft.Compute/Locations/westus/Publishers/MicrosoftWindowsServer/ArtifactTypes/VMImage/Offers/WindowsServer/Skus/2012-R2-Datacenter/Versions/9600.20778.230108\"\r\n}"
    headers:
      cache-control:
      - no-cache
      content-length:
      - '1074'
      content-type:
      - application/json; charset=utf-8
      date:
      - Sat, 28 Jan 2023 15:23:43 GMT
      expires:
      - '-1'
      pragma:
      - no-cache
      server:
      - Microsoft-HTTPAPI/2.0
      - Microsoft-HTTPAPI/2.0
      strict-transport-security:
      - max-age=31536000; includeSubDomains
      transfer-encoding:
      - chunked
      vary:
      - Accept-Encoding
      x-content-type-options:
      - nosniff
      x-ms-ratelimit-remaining-resource:
      - Microsoft.Compute/GetVMImageFromLocation3Min;12989,Microsoft.Compute/GetVMImageFromLocation30Min;73975
    status:
      code: 200
      message: OK
- request:
    body: null
    headers:
      Accept:
      - application/json
      Accept-Encoding:
      - gzip, deflate
      CommandName:
      - vm create
      Connection:
      - keep-alive
      ParameterSetName:
      - -n -g --image --admin-username --admin-password --tags --nsg-rule
      User-Agent:
      - AZURECLI/2.44.1 azsdk-python-azure-mgmt-network/21.0.1 Python/3.10.9 (Linux-5.15.0-1031-azure-x86_64-with-glibc2.31)
        VSTS_7b238909-6802-4b65-b90d-184bca47f458_build_220_0
    method: GET
    uri: https://management.azure.com/subscriptions/00000000-0000-0000-0000-000000000000/resourceGroups/cli_test_metric_alert_v2000002/providers/Microsoft.Network/virtualNetworks?api-version=2022-01-01
  response:
    body:
      string: '{"value":[]}'
    headers:
      cache-control:
      - no-cache
      content-length:
      - '12'
      content-type:
      - application/json; charset=utf-8
      date:
      - Sat, 28 Jan 2023 15:23:44 GMT
      expires:
      - '-1'
      pragma:
      - no-cache
      strict-transport-security:
      - max-age=31536000; includeSubDomains
      vary:
      - Accept-Encoding
      x-content-type-options:
      - nosniff
    status:
      code: 200
      message: OK
- request:
    body: null
    headers:
      Accept:
      - '*/*'
      Accept-Encoding:
      - gzip, deflate
      Connection:
      - keep-alive
      User-Agent:
      - python-requests/2.26.0
    method: GET
    uri: https://raw.githubusercontent.com/Azure/azure-rest-api-specs/main/arm-compute/quickstart-templates/aliases.json
  response:
    body:
      string: "{\n  \"$schema\": \"http://schema.management.azure.com/schemas/2015-01-01/deploymentTemplate.json\",\n
        \ \"contentVersion\": \"1.0.0.0\",\n  \"parameters\": {},\n  \"variables\":
        {},\n  \"resources\": [],\n  \"outputs\": {\n    \"aliases\": {\n      \"type\":
        \"object\",\n      \"value\": {\n        \"Linux\": {\n          \"CentOS\":
        {\n            \"publisher\": \"OpenLogic\",\n            \"offer\": \"CentOS\",\n
        \           \"sku\": \"7.5\",\n            \"version\": \"latest\",\n            \"architecture\":
        \"x64\"\n          },\n          \"Debian\": {\n            \"publisher\":
        \"Debian\",\n            \"offer\": \"debian-10\",\n            \"sku\": \"10\",\n
        \           \"version\": \"latest\",\n            \"architecture\": \"x64\"\n
        \         },\n          \"Flatcar\": {\n            \"publisher\": \"kinvolk\",\n
        \           \"offer\": \"flatcar-container-linux-free\",\n            \"sku\":
        \"stable\",\n            \"version\": \"latest\",\n            \"architecture\":
        \"x64\"\n          },\n          \"openSUSE-Leap\": {\n            \"publisher\":
        \"SUSE\",\n            \"offer\": \"opensuse-leap-15-3\",\n            \"sku\":
        \"gen2\",\n            \"version\": \"latest\",\n            \"architecture\":
        \"x64\"\n          },\n          \"RHEL\": {\n            \"publisher\": \"RedHat\",\n
        \           \"offer\": \"RHEL\",\n            \"sku\": \"7-LVM\",\n            \"version\":
        \"latest\",\n            \"architecture\": \"x64\"\n          },\n          \"SLES\":
        {\n            \"publisher\": \"SUSE\",\n            \"offer\": \"sles-15-sp3\",\n
        \           \"sku\": \"gen2\",\n            \"version\": \"latest\",\n            \"architecture\":
        \"x64\"\n          },\n          \"UbuntuLTS\": {\n            \"publisher\":
        \"Canonical\",\n            \"offer\": \"UbuntuServer\",\n            \"sku\":
        \"18.04-LTS\",\n            \"version\": \"latest\",\n            \"architecture\":
        \"x64\"\n          }\n        },\n        \"Windows\": {\n          \"Win2022Datacenter\":
        {\n            \"publisher\": \"MicrosoftWindowsServer\",\n            \"offer\":
        \"WindowsServer\",\n            \"sku\": \"2022-Datacenter\",\n            \"version\":
        \"latest\",\n            \"architecture\": \"x64\"\n          },\n          \"Win2022AzureEditionCore\":
        {\n            \"publisher\": \"MicrosoftWindowsServer\",\n            \"offer\":
        \"WindowsServer\",\n            \"sku\": \"2022-datacenter-azure-edition-core\",\n
        \           \"version\": \"latest\",\n            \"architecture\": \"x64\"\n
        \         },\n          \"Win2019Datacenter\": {\n            \"publisher\":
        \"MicrosoftWindowsServer\",\n            \"offer\": \"WindowsServer\",\n            \"sku\":
        \"2019-Datacenter\",\n            \"version\": \"latest\",\n            \"architecture\":
        \"x64\"\n          },\n          \"Win2016Datacenter\": {\n            \"publisher\":
        \"MicrosoftWindowsServer\",\n            \"offer\": \"WindowsServer\",\n            \"sku\":
        \"2016-Datacenter\",\n            \"version\": \"latest\",\n            \"architecture\":
        \"x64\"\n          },\n          \"Win2012R2Datacenter\": {\n            \"publisher\":
        \"MicrosoftWindowsServer\",\n            \"offer\": \"WindowsServer\",\n            \"sku\":
        \"2012-R2-Datacenter\",\n            \"version\": \"latest\",\n            \"architecture\":
        \"x64\"\n          },\n          \"Win2012Datacenter\": {\n            \"publisher\":
        \"MicrosoftWindowsServer\",\n            \"offer\": \"WindowsServer\",\n            \"sku\":
        \"2012-Datacenter\",\n            \"version\": \"latest\",\n            \"architecture\":
        \"x64\"\n          },\n          \"Win2008R2SP1\": {\n            \"publisher\":
        \"MicrosoftWindowsServer\",\n            \"offer\": \"WindowsServer\",\n            \"sku\":
        \"2008-R2-SP1\",\n            \"version\": \"latest\",\n            \"architecture\":
        \"x64\"\n          }\n        }\n      }\n    }\n  }\n}"
    headers:
      accept-ranges:
      - bytes
      access-control-allow-origin:
      - '*'
      cache-control:
      - max-age=300
      connection:
      - keep-alive
      content-length:
      - '3463'
      content-security-policy:
      - default-src 'none'; style-src 'unsafe-inline'; sandbox
      content-type:
      - text/plain; charset=utf-8
      date:
      - Sat, 28 Jan 2023 15:23:44 GMT
      etag:
      - W/"41b202f4dc5098d126019dc00721a4c5e30df0c5196794514fadc3710ee2a5cb"
      expires:
      - Sat, 28 Jan 2023 15:28:44 GMT
      source-age:
      - '132'
      strict-transport-security:
      - max-age=31536000
      vary:
      - Authorization,Accept-Encoding,Origin
      via:
      - 1.1 varnish
      x-cache:
      - HIT
      x-cache-hits:
      - '1'
      x-content-type-options:
      - nosniff
      x-fastly-request-id:
      - 4084b52275d499d9ce77fd27e4c9665fd80dd6da
      x-frame-options:
      - deny
      x-github-request-id:
      - 2972:2687:1F0293:30DA00:63D4615F
      x-served-by:
      - cache-iad-kiad7000048-IAD
      x-timer:
      - S1674919424.390465,VS0,VE1
      x-xss-protection:
      - 1; mode=block
    status:
      code: 200
      message: OK
- request:
    body: null
    headers:
      Accept:
      - application/json
      Accept-Encoding:
      - gzip, deflate
      CommandName:
      - vm create
      Connection:
      - keep-alive
      ParameterSetName:
      - -n -g --image --admin-username --admin-password --tags --nsg-rule
      User-Agent:
      - AZURECLI/2.44.1 azsdk-python-azure-mgmt-compute/29.0.0 Python/3.10.9 (Linux-5.15.0-1031-azure-x86_64-with-glibc2.31)
        VSTS_7b238909-6802-4b65-b90d-184bca47f458_build_220_0
    method: GET
    uri: https://management.azure.com/subscriptions/00000000-0000-0000-0000-000000000000/providers/Microsoft.Compute/locations/westus/publishers/MicrosoftWindowsServer/artifacttypes/vmimage/offers/WindowsServer/skus/2012-R2-Datacenter/versions?$top=1&$orderby=name%20desc&api-version=2022-08-01
  response:
    body:
      string: "[\r\n  {\r\n    \"location\": \"westus\",\r\n    \"name\": \"9600.20778.230108\",\r\n
        \   \"id\": \"/Subscriptions/00000000-0000-0000-0000-000000000000/Providers/Microsoft.Compute/Locations/westus/Publishers/MicrosoftWindowsServer/ArtifactTypes/VMImage/Offers/WindowsServer/Skus/2012-R2-Datacenter/Versions/9600.20778.230108\"\r\n
        \ }\r\n]"
    headers:
      cache-control:
      - no-cache
      content-length:
      - '313'
      content-type:
      - application/json; charset=utf-8
      date:
      - Sat, 28 Jan 2023 15:23:44 GMT
      expires:
      - '-1'
      pragma:
      - no-cache
      server:
      - Microsoft-HTTPAPI/2.0
      - Microsoft-HTTPAPI/2.0
      strict-transport-security:
      - max-age=31536000; includeSubDomains
      transfer-encoding:
      - chunked
      vary:
      - Accept-Encoding
      x-content-type-options:
      - nosniff
      x-ms-ratelimit-remaining-resource:
      - Microsoft.Compute/ListVMImagesVersionsFromLocation3Min;15985,Microsoft.Compute/ListVMImagesVersionsFromLocation30Min;43968
    status:
      code: 200
      message: OK
- request:
    body: null
    headers:
      Accept:
      - application/json
      Accept-Encoding:
      - gzip, deflate
      CommandName:
      - vm create
      Connection:
      - keep-alive
      ParameterSetName:
      - -n -g --image --admin-username --admin-password --tags --nsg-rule
      User-Agent:
      - AZURECLI/2.44.1 azsdk-python-azure-mgmt-compute/29.0.0 Python/3.10.9 (Linux-5.15.0-1031-azure-x86_64-with-glibc2.31)
        VSTS_7b238909-6802-4b65-b90d-184bca47f458_build_220_0
    method: GET
    uri: https://management.azure.com/subscriptions/00000000-0000-0000-0000-000000000000/providers/Microsoft.Compute/locations/westus/publishers/MicrosoftWindowsServer/artifacttypes/vmimage/offers/WindowsServer/skus/2012-R2-Datacenter/versions/9600.20778.230108?api-version=2022-08-01
  response:
    body:
      string: "{\r\n  \"properties\": {\r\n    \"hyperVGeneration\": \"V1\",\r\n    \"architecture\":
        \"x64\",\r\n    \"replicaType\": \"Unmanaged\",\r\n    \"disallowed\": {\r\n
        \     \"vmDiskType\": \"None\"\r\n    },\r\n    \"automaticOSUpgradeProperties\":
        {\r\n      \"automaticOSUpgradeSupported\": true\r\n    },\r\n    \"imageDeprecationStatus\":
        {\r\n      \"imageState\": \"Active\"\r\n    },\r\n    \"features\": [\r\n
        \     {\r\n        \"name\": \"IsAcceleratedNetworkSupported\",\r\n        \"value\":
        \"True\"\r\n      },\r\n      {\r\n        \"name\": \"DiskControllerTypes\",\r\n
        \       \"value\": \"SCSI\"\r\n      },\r\n      {\r\n        \"name\": \"IsHibernateSupported\",\r\n
        \       \"value\": \"False\"\r\n      }\r\n    ],\r\n    \"osDiskImage\":
        {\r\n      \"operatingSystem\": \"Windows\",\r\n      \"sizeInGb\": 128,\r\n
        \     \"sizeInBytes\": 136367309312\r\n    },\r\n    \"dataDiskImages\": []\r\n
        \ },\r\n  \"location\": \"westus\",\r\n  \"name\": \"9600.20778.230108\",\r\n
        \ \"id\": \"/Subscriptions/00000000-0000-0000-0000-000000000000/Providers/Microsoft.Compute/Locations/westus/Publishers/MicrosoftWindowsServer/ArtifactTypes/VMImage/Offers/WindowsServer/Skus/2012-R2-Datacenter/Versions/9600.20778.230108\"\r\n}"
    headers:
      cache-control:
      - no-cache
      content-length:
      - '1074'
      content-type:
      - application/json; charset=utf-8
      date:
      - Sat, 28 Jan 2023 15:23:44 GMT
      expires:
      - '-1'
      pragma:
      - no-cache
      server:
      - Microsoft-HTTPAPI/2.0
      - Microsoft-HTTPAPI/2.0
      strict-transport-security:
      - max-age=31536000; includeSubDomains
      transfer-encoding:
      - chunked
      vary:
      - Accept-Encoding
      x-content-type-options:
      - nosniff
      x-ms-ratelimit-remaining-resource:
      - Microsoft.Compute/GetVMImageFromLocation3Min;12988,Microsoft.Compute/GetVMImageFromLocation30Min;73974
    status:
      code: 200
      message: OK
- request:
    body: null
    headers:
      Accept:
      - application/json
      Accept-Encoding:
      - gzip, deflate
      CommandName:
      - vm create
      Connection:
      - keep-alive
      ParameterSetName:
      - -n -g --image --admin-username --admin-password --tags --nsg-rule
      User-Agent:
      - AZURECLI/2.44.1 azsdk-python-azure-mgmt-compute/29.0.0 Python/3.10.9 (Linux-5.15.0-1031-azure-x86_64-with-glibc2.31)
        VSTS_7b238909-6802-4b65-b90d-184bca47f458_build_220_0
    method: GET
    uri: https://management.azure.com/subscriptions/00000000-0000-0000-0000-000000000000/providers/Microsoft.Compute/locations/westus/publishers/MicrosoftWindowsServer/artifacttypes/vmimage/offers/WindowsServer/skus/2012-R2-Datacenter/versions?$top=1&$orderby=name%20desc&api-version=2022-08-01
  response:
    body:
      string: "[\r\n  {\r\n    \"location\": \"westus\",\r\n    \"name\": \"9600.20778.230108\",\r\n
        \   \"id\": \"/Subscriptions/00000000-0000-0000-0000-000000000000/Providers/Microsoft.Compute/Locations/westus/Publishers/MicrosoftWindowsServer/ArtifactTypes/VMImage/Offers/WindowsServer/Skus/2012-R2-Datacenter/Versions/9600.20778.230108\"\r\n
        \ }\r\n]"
    headers:
      cache-control:
      - no-cache
      content-length:
      - '313'
      content-type:
      - application/json; charset=utf-8
      date:
      - Sat, 28 Jan 2023 15:23:45 GMT
      expires:
      - '-1'
      pragma:
      - no-cache
      server:
      - Microsoft-HTTPAPI/2.0
      - Microsoft-HTTPAPI/2.0
      strict-transport-security:
      - max-age=31536000; includeSubDomains
      transfer-encoding:
      - chunked
      vary:
      - Accept-Encoding
      x-content-type-options:
      - nosniff
      x-ms-ratelimit-remaining-resource:
      - Microsoft.Compute/ListVMImagesVersionsFromLocation3Min;15984,Microsoft.Compute/ListVMImagesVersionsFromLocation30Min;43967
    status:
      code: 200
      message: OK
- request:
    body: null
    headers:
      Accept:
      - application/json
      Accept-Encoding:
      - gzip, deflate
      CommandName:
      - vm create
      Connection:
      - keep-alive
      ParameterSetName:
      - -n -g --image --admin-username --admin-password --tags --nsg-rule
      User-Agent:
      - AZURECLI/2.44.1 azsdk-python-azure-mgmt-compute/29.0.0 Python/3.10.9 (Linux-5.15.0-1031-azure-x86_64-with-glibc2.31)
        VSTS_7b238909-6802-4b65-b90d-184bca47f458_build_220_0
    method: GET
    uri: https://management.azure.com/subscriptions/00000000-0000-0000-0000-000000000000/providers/Microsoft.Compute/locations/westus/publishers/MicrosoftWindowsServer/artifacttypes/vmimage/offers/WindowsServer/skus/2012-R2-Datacenter/versions/9600.20778.230108?api-version=2022-08-01
  response:
    body:
      string: "{\r\n  \"properties\": {\r\n    \"hyperVGeneration\": \"V1\",\r\n    \"architecture\":
        \"x64\",\r\n    \"replicaType\": \"Unmanaged\",\r\n    \"disallowed\": {\r\n
        \     \"vmDiskType\": \"None\"\r\n    },\r\n    \"automaticOSUpgradeProperties\":
        {\r\n      \"automaticOSUpgradeSupported\": true\r\n    },\r\n    \"imageDeprecationStatus\":
        {\r\n      \"imageState\": \"Active\"\r\n    },\r\n    \"features\": [\r\n
        \     {\r\n        \"name\": \"IsAcceleratedNetworkSupported\",\r\n        \"value\":
        \"True\"\r\n      },\r\n      {\r\n        \"name\": \"DiskControllerTypes\",\r\n
        \       \"value\": \"SCSI\"\r\n      },\r\n      {\r\n        \"name\": \"IsHibernateSupported\",\r\n
        \       \"value\": \"False\"\r\n      }\r\n    ],\r\n    \"osDiskImage\":
        {\r\n      \"operatingSystem\": \"Windows\",\r\n      \"sizeInGb\": 128,\r\n
        \     \"sizeInBytes\": 136367309312\r\n    },\r\n    \"dataDiskImages\": []\r\n
        \ },\r\n  \"location\": \"westus\",\r\n  \"name\": \"9600.20778.230108\",\r\n
        \ \"id\": \"/Subscriptions/00000000-0000-0000-0000-000000000000/Providers/Microsoft.Compute/Locations/westus/Publishers/MicrosoftWindowsServer/ArtifactTypes/VMImage/Offers/WindowsServer/Skus/2012-R2-Datacenter/Versions/9600.20778.230108\"\r\n}"
    headers:
      cache-control:
      - no-cache
      content-length:
      - '1074'
      content-type:
      - application/json; charset=utf-8
      date:
      - Sat, 28 Jan 2023 15:23:46 GMT
      expires:
      - '-1'
      pragma:
      - no-cache
      server:
      - Microsoft-HTTPAPI/2.0
      - Microsoft-HTTPAPI/2.0
      strict-transport-security:
      - max-age=31536000; includeSubDomains
      transfer-encoding:
      - chunked
      vary:
      - Accept-Encoding
      x-content-type-options:
      - nosniff
      x-ms-ratelimit-remaining-resource:
      - Microsoft.Compute/GetVMImageFromLocation3Min;12987,Microsoft.Compute/GetVMImageFromLocation30Min;73973
    status:
      code: 200
      message: OK
- request:
    body: '{"properties": {"template": {"$schema": "https://schema.management.azure.com/schemas/2015-01-01/deploymentTemplate.json#",
      "contentVersion": "1.0.0.0", "parameters": {"adminPassword": {"type": "securestring",
      "metadata": {"description": "Secure adminPassword"}}}, "variables": {}, "resources":
      [{"name": "clitest-vm000004VNET", "type": "Microsoft.Network/virtualNetworks",
      "location": "westus", "apiVersion": "2015-06-15", "dependsOn": [], "tags": {"MabUsed":
      "Yes", "Owner": "sisi", "Purpose": "CLITest", "DeleteBy": "12-2099", "AutoShutdown":
      "No"}, "properties": {"addressSpace": {"addressPrefixes": ["10.0.0.0/16"]},
      "subnets": [{"name": "clitest-vm000004Subnet", "properties": {"addressPrefix":
      "10.0.0.0/24"}}]}}, {"type": "Microsoft.Network/networkSecurityGroups", "name":
      "clitest-vm000004NSG", "apiVersion": "2015-06-15", "location": "westus", "tags":
      {"MabUsed": "Yes", "Owner": "sisi", "Purpose": "CLITest", "DeleteBy": "12-2099",
      "AutoShutdown": "No"}, "dependsOn": []}, {"apiVersion": "2022-01-01", "type":
      "Microsoft.Network/publicIPAddresses", "name": "clitest-vm000004PublicIP", "location":
      "westus", "tags": {"MabUsed": "Yes", "Owner": "sisi", "Purpose": "CLITest",
      "DeleteBy": "12-2099", "AutoShutdown": "No"}, "dependsOn": [], "properties":
      {"publicIPAllocationMethod": null}}, {"apiVersion": "2015-06-15", "type": "Microsoft.Network/networkInterfaces",
      "name": "clitest-vm000004VMNic", "location": "westus", "tags": {"MabUsed": "Yes",
      "Owner": "sisi", "Purpose": "CLITest", "DeleteBy": "12-2099", "AutoShutdown":
      "No"}, "dependsOn": ["Microsoft.Network/virtualNetworks/clitest-vm000004VNET",
      "Microsoft.Network/networkSecurityGroups/clitest-vm000004NSG", "Microsoft.Network/publicIpAddresses/clitest-vm000004PublicIP"],
      "properties": {"ipConfigurations": [{"name": "ipconfigclitest-vm000004", "properties":
      {"privateIPAllocationMethod": "Dynamic", "subnet": {"id": "/subscriptions/00000000-0000-0000-0000-000000000000/resourceGroups/cli_test_metric_alert_v2000002/providers/Microsoft.Network/virtualNetworks/clitest-vm000004VNET/subnets/clitest-vm000004Subnet"},
      "publicIPAddress": {"id": "/subscriptions/00000000-0000-0000-0000-000000000000/resourceGroups/cli_test_metric_alert_v2000002/providers/Microsoft.Network/publicIPAddresses/clitest-vm000004PublicIP"}}}],
      "networkSecurityGroup": {"id": "/subscriptions/00000000-0000-0000-0000-000000000000/resourceGroups/cli_test_metric_alert_v2000002/providers/Microsoft.Network/networkSecurityGroups/clitest-vm000004NSG"}}},
      {"apiVersion": "2022-08-01", "type": "Microsoft.Compute/virtualMachines", "name":
      "clitest-vm000004", "location": "westus", "tags": {"MabUsed": "Yes", "Owner":
      "sisi", "Purpose": "CLITest", "DeleteBy": "12-2099", "AutoShutdown": "No"},
      "dependsOn": ["Microsoft.Network/networkInterfaces/clitest-vm000004VMNic"],
      "properties": {"hardwareProfile": {"vmSize": "Standard_DS1_v2"}, "networkProfile":
      {"networkInterfaces": [{"id": "/subscriptions/00000000-0000-0000-0000-000000000000/resourceGroups/cli_test_metric_alert_v2000002/providers/Microsoft.Network/networkInterfaces/clitest-vm000004VMNic",
      "properties": {"deleteOption": null}}]}, "storageProfile": {"osDisk": {"createOption":
      "fromImage", "name": null, "caching": "ReadWrite", "managedDisk": {"storageAccountType":
      null}}, "imageReference": {"publisher": "MicrosoftWindowsServer", "offer": "WindowsServer",
      "sku": "2012-R2-Datacenter", "version": "latest"}}, "osProfile": {"computerName":
      "clitest-vm000004", "adminUsername": "clitest-vm000004", "adminPassword": "[parameters(''adminPassword'')]"}}}],
      "outputs": {}}, "parameters": {"adminPassword": {"value": "%j^VYw9Q3Z@Cu$*h"}},
      "mode": "incremental"}}'
    headers:
      Accept:
      - application/json
      Accept-Encoding:
      - gzip, deflate
      CommandName:
      - vm create
      Connection:
      - keep-alive
      Content-Length:
      - '3648'
      Content-Type:
      - application/json
      ParameterSetName:
      - -n -g --image --admin-username --admin-password --tags --nsg-rule
      User-Agent:
      - AZURECLI/2.44.1 azsdk-python-azure-mgmt-resource/22.0.0 Python/3.10.9 (Linux-5.15.0-1031-azure-x86_64-with-glibc2.31)
        VSTS_7b238909-6802-4b65-b90d-184bca47f458_build_220_0
    method: PUT
    uri: https://management.azure.com/subscriptions/00000000-0000-0000-0000-000000000000/resourcegroups/cli_test_metric_alert_v2000002/providers/Microsoft.Resources/deployments/mock-deployment?api-version=2022-09-01
  response:
    body:
      string: '{"id":"/subscriptions/00000000-0000-0000-0000-000000000000/resourceGroups/cli_test_metric_alert_v2000002/providers/Microsoft.Resources/deployments/vm_deploy_UWCIraRtzeZtAaEEyeEylV7IytJ2KzgR","name":"vm_deploy_UWCIraRtzeZtAaEEyeEylV7IytJ2KzgR","type":"Microsoft.Resources/deployments","properties":{"templateHash":"636300078295678674","parameters":{"adminPassword":{"type":"SecureString"}},"mode":"Incremental","provisioningState":"Accepted","timestamp":"2023-01-28T15:23:49.2926003Z","duration":"PT0.0001072S","correlationId":"547d604d-4b0d-43f1-8211-b15634a2d6f1","providers":[{"namespace":"Microsoft.Network","resourceTypes":[{"resourceType":"virtualNetworks","locations":["westus"]},{"resourceType":"networkSecurityGroups","locations":["westus"]},{"resourceType":"publicIPAddresses","locations":["westus"]},{"resourceType":"networkInterfaces","locations":["westus"]}]},{"namespace":"Microsoft.Compute","resourceTypes":[{"resourceType":"virtualMachines","locations":["westus"]}]}],"dependencies":[{"dependsOn":[{"id":"/subscriptions/00000000-0000-0000-0000-000000000000/resourceGroups/cli_test_metric_alert_v2000002/providers/Microsoft.Network/virtualNetworks/clitest-vm000004VNET","resourceType":"Microsoft.Network/virtualNetworks","resourceName":"clitest-vm000004VNET"},{"id":"/subscriptions/00000000-0000-0000-0000-000000000000/resourceGroups/cli_test_metric_alert_v2000002/providers/Microsoft.Network/networkSecurityGroups/clitest-vm000004NSG","resourceType":"Microsoft.Network/networkSecurityGroups","resourceName":"clitest-vm000004NSG"},{"id":"/subscriptions/00000000-0000-0000-0000-000000000000/resourceGroups/cli_test_metric_alert_v2000002/providers/Microsoft.Network/publicIPAddresses/clitest-vm000004PublicIP","resourceType":"Microsoft.Network/publicIPAddresses","resourceName":"clitest-vm000004PublicIP"}],"id":"/subscriptions/00000000-0000-0000-0000-000000000000/resourceGroups/cli_test_metric_alert_v2000002/providers/Microsoft.Network/networkInterfaces/clitest-vm000004VMNic","resourceType":"Microsoft.Network/networkInterfaces","resourceName":"clitest-vm000004VMNic"},{"dependsOn":[{"id":"/subscriptions/00000000-0000-0000-0000-000000000000/resourceGroups/cli_test_metric_alert_v2000002/providers/Microsoft.Network/networkInterfaces/clitest-vm000004VMNic","resourceType":"Microsoft.Network/networkInterfaces","resourceName":"clitest-vm000004VMNic"}],"id":"/subscriptions/00000000-0000-0000-0000-000000000000/resourceGroups/cli_test_metric_alert_v2000002/providers/Microsoft.Compute/virtualMachines/clitest-vm000004","resourceType":"Microsoft.Compute/virtualMachines","resourceName":"clitest-vm000004"}]}}'
    headers:
      azure-asyncoperation:
      - https://management.azure.com/subscriptions/00000000-0000-0000-0000-000000000000/resourcegroups/cli_test_metric_alert_v2000002/providers/Microsoft.Resources/deployments/vm_deploy_UWCIraRtzeZtAaEEyeEylV7IytJ2KzgR/operationStatuses/08585266874578866149?api-version=2022-09-01
      cache-control:
      - no-cache
      content-length:
      - '2621'
      content-type:
      - application/json; charset=utf-8
      date:
      - Sat, 28 Jan 2023 15:23:50 GMT
      expires:
      - '-1'
      pragma:
      - no-cache
      strict-transport-security:
      - max-age=31536000; includeSubDomains
      x-content-type-options:
      - nosniff
      x-ms-ratelimit-remaining-subscription-writes:
      - '1185'
    status:
      code: 201
      message: Created
- request:
    body: null
    headers:
      Accept:
      - '*/*'
      Accept-Encoding:
      - gzip, deflate
      CommandName:
      - vm create
      Connection:
      - keep-alive
      ParameterSetName:
      - -n -g --image --admin-username --admin-password --tags --nsg-rule
      User-Agent:
      - AZURECLI/2.44.1 azsdk-python-azure-mgmt-resource/22.0.0 Python/3.10.9 (Linux-5.15.0-1031-azure-x86_64-with-glibc2.31)
        VSTS_7b238909-6802-4b65-b90d-184bca47f458_build_220_0
    method: GET
    uri: https://management.azure.com/subscriptions/00000000-0000-0000-0000-000000000000/resourcegroups/cli_test_metric_alert_v2000002/providers/Microsoft.Resources/deployments/mock-deployment/operationStatuses/08585266874578866149?api-version=2022-09-01
  response:
    body:
      string: '{"status":"Succeeded"}'
    headers:
      cache-control:
      - no-cache
      content-length:
      - '22'
      content-type:
      - application/json; charset=utf-8
      date:
      - Sat, 28 Jan 2023 15:24:21 GMT
      expires:
      - '-1'
      pragma:
      - no-cache
      strict-transport-security:
      - max-age=31536000; includeSubDomains
      vary:
      - Accept-Encoding
      x-content-type-options:
      - nosniff
    status:
      code: 200
      message: OK
- request:
    body: null
    headers:
      Accept:
      - '*/*'
      Accept-Encoding:
      - gzip, deflate
      CommandName:
      - vm create
      Connection:
      - keep-alive
      ParameterSetName:
      - -n -g --image --admin-username --admin-password --tags --nsg-rule
      User-Agent:
      - AZURECLI/2.44.1 azsdk-python-azure-mgmt-resource/22.0.0 Python/3.10.9 (Linux-5.15.0-1031-azure-x86_64-with-glibc2.31)
        VSTS_7b238909-6802-4b65-b90d-184bca47f458_build_220_0
    method: GET
    uri: https://management.azure.com/subscriptions/00000000-0000-0000-0000-000000000000/resourcegroups/cli_test_metric_alert_v2000002/providers/Microsoft.Resources/deployments/mock-deployment?api-version=2022-09-01
  response:
    body:
      string: '{"id":"/subscriptions/00000000-0000-0000-0000-000000000000/resourceGroups/cli_test_metric_alert_v2000002/providers/Microsoft.Resources/deployments/vm_deploy_UWCIraRtzeZtAaEEyeEylV7IytJ2KzgR","name":"vm_deploy_UWCIraRtzeZtAaEEyeEylV7IytJ2KzgR","type":"Microsoft.Resources/deployments","properties":{"templateHash":"636300078295678674","parameters":{"adminPassword":{"type":"SecureString"}},"mode":"Incremental","provisioningState":"Succeeded","timestamp":"2023-01-28T15:24:19.1304521Z","duration":"PT29.837959S","correlationId":"547d604d-4b0d-43f1-8211-b15634a2d6f1","providers":[{"namespace":"Microsoft.Network","resourceTypes":[{"resourceType":"virtualNetworks","locations":["westus"]},{"resourceType":"networkSecurityGroups","locations":["westus"]},{"resourceType":"publicIPAddresses","locations":["westus"]},{"resourceType":"networkInterfaces","locations":["westus"]}]},{"namespace":"Microsoft.Compute","resourceTypes":[{"resourceType":"virtualMachines","locations":["westus"]}]}],"dependencies":[{"dependsOn":[{"id":"/subscriptions/00000000-0000-0000-0000-000000000000/resourceGroups/cli_test_metric_alert_v2000002/providers/Microsoft.Network/virtualNetworks/clitest-vm000004VNET","resourceType":"Microsoft.Network/virtualNetworks","resourceName":"clitest-vm000004VNET"},{"id":"/subscriptions/00000000-0000-0000-0000-000000000000/resourceGroups/cli_test_metric_alert_v2000002/providers/Microsoft.Network/networkSecurityGroups/clitest-vm000004NSG","resourceType":"Microsoft.Network/networkSecurityGroups","resourceName":"clitest-vm000004NSG"},{"id":"/subscriptions/00000000-0000-0000-0000-000000000000/resourceGroups/cli_test_metric_alert_v2000002/providers/Microsoft.Network/publicIPAddresses/clitest-vm000004PublicIP","resourceType":"Microsoft.Network/publicIPAddresses","resourceName":"clitest-vm000004PublicIP"}],"id":"/subscriptions/00000000-0000-0000-0000-000000000000/resourceGroups/cli_test_metric_alert_v2000002/providers/Microsoft.Network/networkInterfaces/clitest-vm000004VMNic","resourceType":"Microsoft.Network/networkInterfaces","resourceName":"clitest-vm000004VMNic"},{"dependsOn":[{"id":"/subscriptions/00000000-0000-0000-0000-000000000000/resourceGroups/cli_test_metric_alert_v2000002/providers/Microsoft.Network/networkInterfaces/clitest-vm000004VMNic","resourceType":"Microsoft.Network/networkInterfaces","resourceName":"clitest-vm000004VMNic"}],"id":"/subscriptions/00000000-0000-0000-0000-000000000000/resourceGroups/cli_test_metric_alert_v2000002/providers/Microsoft.Compute/virtualMachines/clitest-vm000004","resourceType":"Microsoft.Compute/virtualMachines","resourceName":"clitest-vm000004"}],"outputs":{},"outputResources":[{"id":"/subscriptions/00000000-0000-0000-0000-000000000000/resourceGroups/cli_test_metric_alert_v2000002/providers/Microsoft.Compute/virtualMachines/clitest-vm000004"},{"id":"/subscriptions/00000000-0000-0000-0000-000000000000/resourceGroups/cli_test_metric_alert_v2000002/providers/Microsoft.Network/networkInterfaces/clitest-vm000004VMNic"},{"id":"/subscriptions/00000000-0000-0000-0000-000000000000/resourceGroups/cli_test_metric_alert_v2000002/providers/Microsoft.Network/networkSecurityGroups/clitest-vm000004NSG"},{"id":"/subscriptions/00000000-0000-0000-0000-000000000000/resourceGroups/cli_test_metric_alert_v2000002/providers/Microsoft.Network/publicIPAddresses/clitest-vm000004PublicIP"},{"id":"/subscriptions/00000000-0000-0000-0000-000000000000/resourceGroups/cli_test_metric_alert_v2000002/providers/Microsoft.Network/virtualNetworks/clitest-vm000004VNET"}]}}'
    headers:
      cache-control:
      - no-cache
      content-length:
      - '3525'
      content-type:
      - application/json; charset=utf-8
      date:
      - Sat, 28 Jan 2023 15:24:21 GMT
      expires:
      - '-1'
      pragma:
      - no-cache
      strict-transport-security:
      - max-age=31536000; includeSubDomains
      vary:
      - Accept-Encoding
      x-content-type-options:
      - nosniff
    status:
      code: 200
      message: OK
- request:
    body: null
    headers:
      Accept:
      - application/json
      Accept-Encoding:
      - gzip, deflate
      CommandName:
      - vm create
      Connection:
      - keep-alive
      ParameterSetName:
      - -n -g --image --admin-username --admin-password --tags --nsg-rule
      User-Agent:
      - AZURECLI/2.44.1 azsdk-python-azure-mgmt-compute/29.0.0 Python/3.10.9 (Linux-5.15.0-1031-azure-x86_64-with-glibc2.31)
        VSTS_7b238909-6802-4b65-b90d-184bca47f458_build_220_0
    method: GET
    uri: https://management.azure.com/subscriptions/00000000-0000-0000-0000-000000000000/resourceGroups/cli_test_metric_alert_v2000002/providers/Microsoft.Compute/virtualMachines/clitest-vm000004?$expand=instanceView&api-version=2022-08-01
  response:
    body:
      string: "{\r\n  \"name\": \"clitest-vm000004\",\r\n  \"id\": \"/subscriptions/00000000-0000-0000-0000-000000000000/resourceGroups/cli_test_metric_alert_v2000002/providers/Microsoft.Compute/virtualMachines/clitest-vm000004\",\r\n
        \ \"type\": \"Microsoft.Compute/virtualMachines\",\r\n  \"location\": \"westus\",\r\n
        \ \"tags\": {\r\n    \"MabUsed\": \"Yes\",\r\n    \"Owner\": \"sisi\",\r\n
        \   \"Purpose\": \"CLITest\",\r\n    \"DeleteBy\": \"12-2099\",\r\n    \"AutoShutdown\":
        \"No\"\r\n  },\r\n  \"properties\": {\r\n    \"vmId\": \"e693d3d2-f7a8-4756-be0b-49b73c31f3f0\",\r\n
        \   \"hardwareProfile\": {\r\n      \"vmSize\": \"Standard_DS1_v2\"\r\n    },\r\n
        \   \"storageProfile\": {\r\n      \"imageReference\": {\r\n        \"publisher\":
        \"MicrosoftWindowsServer\",\r\n        \"offer\": \"WindowsServer\",\r\n        \"sku\":
        \"2012-R2-Datacenter\",\r\n        \"version\": \"latest\",\r\n        \"exactVersion\":
        \"9600.20778.230108\"\r\n      },\r\n      \"osDisk\": {\r\n        \"osType\":
        \"Windows\",\r\n        \"name\": \"clitest-vm000004_disk1_7fcbf8e0f40847bdafaaa42e6643fc73\",\r\n
        \       \"createOption\": \"FromImage\",\r\n        \"caching\": \"ReadWrite\",\r\n
        \       \"managedDisk\": {\r\n          \"storageAccountType\": \"Premium_LRS\",\r\n
        \         \"id\": \"/subscriptions/00000000-0000-0000-0000-000000000000/resourceGroups/cli_test_metric_alert_v2000002/providers/Microsoft.Compute/disks/clitest-vm000004_disk1_7fcbf8e0f40847bdafaaa42e6643fc73\"\r\n
        \       },\r\n        \"deleteOption\": \"Detach\",\r\n        \"diskSizeGB\":
        127\r\n      },\r\n      \"dataDisks\": []\r\n    },\r\n    \"osProfile\":
        {\r\n      \"computerName\": \"clitest-vm000004\",\r\n      \"adminUsername\":
        \"clitest-vm000004\",\r\n      \"windowsConfiguration\": {\r\n        \"provisionVMAgent\":
        true,\r\n        \"enableAutomaticUpdates\": true,\r\n        \"patchSettings\":
        {\r\n          \"patchMode\": \"AutomaticByOS\",\r\n          \"assessmentMode\":
        \"ImageDefault\"\r\n        },\r\n        \"enableVMAgentPlatformUpdates\":
        false\r\n      },\r\n      \"secrets\": [],\r\n      \"allowExtensionOperations\":
        true,\r\n      \"requireGuestProvisionSignal\": true\r\n    },\r\n    \"networkProfile\":
        {\"networkInterfaces\":[{\"id\":\"/subscriptions/00000000-0000-0000-0000-000000000000/resourceGroups/cli_test_metric_alert_v2000002/providers/Microsoft.Network/networkInterfaces/clitest-vm000004VMNic\"}]},\r\n
        \   \"provisioningState\": \"Succeeded\",\r\n    \"instanceView\": {\r\n      \"vmAgent\":
        {\r\n        \"vmAgentVersion\": \"Unknown\",\r\n        \"statuses\": [\r\n
        \         {\r\n            \"code\": \"ProvisioningState/Unavailable\",\r\n
        \           \"level\": \"Warning\",\r\n            \"displayStatus\": \"Not
        Ready\",\r\n            \"message\": \"VM status blob is found but not yet
        populated.\",\r\n            \"time\": \"2023-01-28T15:24:21+00:00\"\r\n          }\r\n
        \       ]\r\n      },\r\n      \"disks\": [\r\n        {\r\n          \"name\":
        \"clitest-vm000004_disk1_7fcbf8e0f40847bdafaaa42e6643fc73\",\r\n          \"statuses\":
        [\r\n            {\r\n              \"code\": \"ProvisioningState/succeeded\",\r\n
        \             \"level\": \"Info\",\r\n              \"displayStatus\": \"Provisioning
        succeeded\",\r\n              \"time\": \"2023-01-28T15:24:01.2545519+00:00\"\r\n
        \           }\r\n          ]\r\n        }\r\n      ],\r\n      \"hyperVGeneration\":
        \"V1\",\r\n      \"statuses\": [\r\n        {\r\n          \"code\": \"ProvisioningState/succeeded\",\r\n
        \         \"level\": \"Info\",\r\n          \"displayStatus\": \"Provisioning
        succeeded\",\r\n          \"time\": \"2023-01-28T15:24:16.8642257+00:00\"\r\n
        \       },\r\n        {\r\n          \"code\": \"PowerState/running\",\r\n
        \         \"level\": \"Info\",\r\n          \"displayStatus\": \"VM running\"\r\n
        \       }\r\n      ]\r\n    },\r\n    \"timeCreated\": \"2023-01-28T15:24:00.2545346+00:00\"\r\n
        \ }\r\n}"
    headers:
      cache-control:
      - no-cache
      content-length:
      - '3466'
      content-type:
      - application/json; charset=utf-8
      date:
      - Sat, 28 Jan 2023 15:24:21 GMT
      expires:
      - '-1'
      pragma:
      - no-cache
      server:
      - Microsoft-HTTPAPI/2.0
      - Microsoft-HTTPAPI/2.0
      strict-transport-security:
      - max-age=31536000; includeSubDomains
      transfer-encoding:
      - chunked
      vary:
      - Accept-Encoding
      x-content-type-options:
      - nosniff
      x-ms-ratelimit-remaining-resource:
      - Microsoft.Compute/LowCostGet3Min;3909,Microsoft.Compute/LowCostGet30Min;31474
    status:
      code: 200
      message: OK
- request:
    body: null
    headers:
      Accept:
      - application/json
      Accept-Encoding:
      - gzip, deflate
      CommandName:
      - vm create
      Connection:
      - keep-alive
      ParameterSetName:
      - -n -g --image --admin-username --admin-password --tags --nsg-rule
      User-Agent:
      - AZURECLI/2.44.1 azsdk-python-azure-mgmt-network/21.0.1 Python/3.10.9 (Linux-5.15.0-1031-azure-x86_64-with-glibc2.31)
        VSTS_7b238909-6802-4b65-b90d-184bca47f458_build_220_0
    method: GET
    uri: https://management.azure.com/subscriptions/00000000-0000-0000-0000-000000000000/resourceGroups/cli_test_metric_alert_v2000002/providers/Microsoft.Network/networkInterfaces/clitest-vm000004VMNic?api-version=2022-01-01
  response:
    body:
      string: "{\r\n  \"name\": \"clitest-vm000004VMNic\",\r\n  \"id\": \"/subscriptions/00000000-0000-0000-0000-000000000000/resourceGroups/cli_test_metric_alert_v2000002/providers/Microsoft.Network/networkInterfaces/clitest-vm000004VMNic\",\r\n
        \ \"etag\": \"W/\\\"fa0eb74b-8eaa-4116-854d-1f3d4dd2e6cd\\\"\",\r\n  \"tags\":
        {\r\n    \"MabUsed\": \"Yes\",\r\n    \"Owner\": \"sisi\",\r\n    \"Purpose\":
        \"CLITest\",\r\n    \"DeleteBy\": \"12-2099\",\r\n    \"AutoShutdown\": \"No\"\r\n
        \ },\r\n  \"properties\": {\r\n    \"provisioningState\": \"Succeeded\",\r\n
        \   \"resourceGuid\": \"0d2bf364-4e55-40f9-ab9b-0d7e88a41f75\",\r\n    \"ipConfigurations\":
        [\r\n      {\r\n        \"name\": \"ipconfigclitest-vm000004\",\r\n        \"id\":
        \"/subscriptions/00000000-0000-0000-0000-000000000000/resourceGroups/cli_test_metric_alert_v2000002/providers/Microsoft.Network/networkInterfaces/clitest-vm000004VMNic/ipConfigurations/ipconfigclitest-vm000004\",\r\n
        \       \"etag\": \"W/\\\"fa0eb74b-8eaa-4116-854d-1f3d4dd2e6cd\\\"\",\r\n
        \       \"type\": \"Microsoft.Network/networkInterfaces/ipConfigurations\",\r\n
        \       \"properties\": {\r\n          \"provisioningState\": \"Succeeded\",\r\n
        \         \"privateIPAddress\": \"10.0.0.4\",\r\n          \"privateIPAllocationMethod\":
        \"Dynamic\",\r\n          \"publicIPAddress\": {\r\n            \"id\": \"/subscriptions/00000000-0000-0000-0000-000000000000/resourceGroups/cli_test_metric_alert_v2000002/providers/Microsoft.Network/publicIPAddresses/clitest-vm000004PublicIP\"\r\n
        \         },\r\n          \"subnet\": {\r\n            \"id\": \"/subscriptions/00000000-0000-0000-0000-000000000000/resourceGroups/cli_test_metric_alert_v2000002/providers/Microsoft.Network/virtualNetworks/clitest-vm000004VNET/subnets/clitest-vm000004Subnet\"\r\n
        \         },\r\n          \"primary\": true,\r\n          \"privateIPAddressVersion\":
        \"IPv4\"\r\n        }\r\n      }\r\n    ],\r\n    \"dnsSettings\": {\r\n      \"dnsServers\":
        [],\r\n      \"appliedDnsServers\": [],\r\n      \"internalDomainNameSuffix\":
        \"0ys45ckyfecendapwkn5q2sjfe.dx.internal.cloudapp.net\"\r\n    },\r\n    \"macAddress\":
        \"60-45-BD-03-F0-D8\",\r\n    \"vnetEncryptionSupported\": false,\r\n    \"enableIPForwarding\":
        false,\r\n    \"networkSecurityGroup\": {\r\n      \"id\": \"/subscriptions/00000000-0000-0000-0000-000000000000/resourceGroups/cli_test_metric_alert_v2000002/providers/Microsoft.Network/networkSecurityGroups/clitest-vm000004NSG\"\r\n
        \   },\r\n    \"primary\": true,\r\n    \"virtualMachine\": {\r\n      \"id\":
        \"/subscriptions/00000000-0000-0000-0000-000000000000/resourceGroups/cli_test_metric_alert_v2000002/providers/Microsoft.Compute/virtualMachines/clitest-vm000004\"\r\n
        \   },\r\n    \"hostedWorkloads\": [],\r\n    \"tapConfigurations\": [],\r\n
        \   \"nicType\": \"Standard\",\r\n    \"allowPort25Out\": true\r\n  },\r\n
        \ \"type\": \"Microsoft.Network/networkInterfaces\",\r\n  \"location\": \"westus\",\r\n
        \ \"kind\": \"Regular\"\r\n}"
    headers:
      cache-control:
      - no-cache
      content-length:
      - '2691'
      content-type:
      - application/json; charset=utf-8
      date:
      - Sat, 28 Jan 2023 15:24:21 GMT
      etag:
      - W/"fa0eb74b-8eaa-4116-854d-1f3d4dd2e6cd"
      expires:
      - '-1'
      pragma:
      - no-cache
      server:
      - Microsoft-HTTPAPI/2.0
      - Microsoft-HTTPAPI/2.0
      strict-transport-security:
      - max-age=31536000; includeSubDomains
      transfer-encoding:
      - chunked
      vary:
      - Accept-Encoding
      x-content-type-options:
      - nosniff
      x-ms-arm-service-request-id:
      - 2e18fc5f-433b-4338-ae2e-64cc11aa031b
    status:
      code: 200
      message: OK
- request:
    body: null
    headers:
      Accept:
      - application/json
      Accept-Encoding:
      - gzip, deflate
      CommandName:
      - vm create
      Connection:
      - keep-alive
      ParameterSetName:
      - -n -g --image --admin-username --admin-password --tags --nsg-rule
      User-Agent:
      - AZURECLI/2.44.1 azsdk-python-azure-mgmt-network/21.0.1 Python/3.10.9 (Linux-5.15.0-1031-azure-x86_64-with-glibc2.31)
        VSTS_7b238909-6802-4b65-b90d-184bca47f458_build_220_0
    method: GET
    uri: https://management.azure.com/subscriptions/00000000-0000-0000-0000-000000000000/resourceGroups/cli_test_metric_alert_v2000002/providers/Microsoft.Network/publicIPAddresses/clitest-vm000004PublicIP?api-version=2022-01-01
  response:
    body:
      string: "{\r\n  \"name\": \"clitest-vm000004PublicIP\",\r\n  \"id\": \"/subscriptions/00000000-0000-0000-0000-000000000000/resourceGroups/cli_test_metric_alert_v2000002/providers/Microsoft.Network/publicIPAddresses/clitest-vm000004PublicIP\",\r\n
        \ \"etag\": \"W/\\\"5b03bc2b-4abf-4b7d-8712-e8a35f934e67\\\"\",\r\n  \"location\":
        \"westus\",\r\n  \"tags\": {\r\n    \"MabUsed\": \"Yes\",\r\n    \"Owner\":
        \"sisi\",\r\n    \"Purpose\": \"CLITest\",\r\n    \"DeleteBy\": \"12-2099\",\r\n
        \   \"AutoShutdown\": \"No\"\r\n  },\r\n  \"properties\": {\r\n    \"provisioningState\":
        \"Succeeded\",\r\n    \"resourceGuid\": \"0b956113-f5c9-4986-8834-73f3093591f2\",\r\n
        \   \"ipAddress\": \"20.59.106.160\",\r\n    \"publicIPAddressVersion\": \"IPv4\",\r\n
        \   \"publicIPAllocationMethod\": \"Dynamic\",\r\n    \"idleTimeoutInMinutes\":
        4,\r\n    \"ipTags\": [],\r\n    \"ipConfiguration\": {\r\n      \"id\": \"/subscriptions/00000000-0000-0000-0000-000000000000/resourceGroups/cli_test_metric_alert_v2000002/providers/Microsoft.Network/networkInterfaces/clitest-vm000004VMNic/ipConfigurations/ipconfigclitest-vm000004\"\r\n
        \   }\r\n  },\r\n  \"type\": \"Microsoft.Network/publicIPAddresses\",\r\n
        \ \"sku\": {\r\n    \"name\": \"Basic\",\r\n    \"tier\": \"Regional\"\r\n
        \ }\r\n}"
    headers:
      cache-control:
      - no-cache
      content-length:
      - '1114'
      content-type:
      - application/json; charset=utf-8
      date:
      - Sat, 28 Jan 2023 15:24:22 GMT
      etag:
      - W/"5b03bc2b-4abf-4b7d-8712-e8a35f934e67"
      expires:
      - '-1'
      pragma:
      - no-cache
      server:
      - Microsoft-HTTPAPI/2.0
      - Microsoft-HTTPAPI/2.0
      strict-transport-security:
      - max-age=31536000; includeSubDomains
      transfer-encoding:
      - chunked
      vary:
      - Accept-Encoding
      x-content-type-options:
      - nosniff
      x-ms-arm-service-request-id:
      - f352b1ff-0929-4d1e-99e7-b31a31c7a77e
    status:
      code: 200
      message: OK
- request:
    body: '{"location": "Global", "properties": {"groupShortName": "ag1", "enabled":
      true, "emailReceivers": [], "smsReceivers": [], "webhookReceivers": [], "itsmReceivers":
      [], "azureAppPushReceivers": [], "automationRunbookReceivers": [], "voiceReceivers":
      [], "logicAppReceivers": [], "azureFunctionReceivers": [], "armRoleReceivers":
      [], "eventHubReceivers": []}}'
    headers:
      Accept:
      - application/json
      Accept-Encoding:
      - gzip, deflate
      CommandName:
      - monitor action-group create
      Connection:
      - keep-alive
      Content-Length:
      - '356'
      Content-Type:
      - application/json
      ParameterSetName:
      - -g -n
      User-Agent:
      - AZURECLI/2.44.1 azsdk-python-azure-mgmt-monitor/5.0.0 Python/3.10.9 (Linux-5.15.0-1031-azure-x86_64-with-glibc2.31)
        VSTS_7b238909-6802-4b65-b90d-184bca47f458_build_220_0
    method: PUT
    uri: https://management.azure.com/subscriptions/00000000-0000-0000-0000-000000000000/resourceGroups/cli_test_metric_alert_v2000001/providers/Microsoft.Insights/actionGroups/ag1?api-version=2022-06-01
  response:
    body:
      string: '{"id":"/subscriptions/00000000-0000-0000-0000-000000000000/resourceGroups/cli_test_metric_alert_v2000001/providers/microsoft.insights/actionGroups/ag1","type":"Microsoft.Insights/ActionGroups","name":"ag1","location":"Global","tags":null,"properties":{"groupShortName":"ag1","enabled":true,"emailReceivers":[],"smsReceivers":[],"webhookReceivers":[],"eventHubReceivers":[],"itsmReceivers":[],"azureAppPushReceivers":[],"automationRunbookReceivers":[],"voiceReceivers":[],"logicAppReceivers":[],"azureFunctionReceivers":[],"armRoleReceivers":[]}}'
    headers:
      access-control-expose-headers:
      - x-activityid
      api-supported-versions:
      - 2016-09-01-preview, 2017-03-01-preview, 2017-04-01, 2018-03-01, 2018-09-01,
        2019-03-01, 2019-06-01, 2021-09-01, 2022-04-01, 2022-06-01, 2023-01-01
      cache-control:
      - no-cache
      content-length:
      - '545'
      content-type:
      - application/json; charset=utf-8
      date:
      - Sat, 28 Jan 2023 15:24:24 GMT
      expires:
      - '-1'
      pragma:
      - no-cache
      server:
      - Microsoft-HTTPAPI/2.0
      strict-transport-security:
      - max-age=31536000; includeSubDomains
      x-activityid:
      - d7b1bbd4-9f1f-11ed-87ef-7de60b70f8b6
      x-content-type-options:
      - nosniff
      x-ms-ratelimit-remaining-subscription-resource-requests:
      - '24'
      x-servedby:
      - WUS2ONEIM000007
    status:
      code: 201
      message: Created
- request:
    body: '{"location": "global", "properties": {"description": "High CPU", "severity":
      2, "enabled": true, "scopes": ["/subscriptions/00000000-0000-0000-0000-000000000000"],
      "evaluationFrequency": "PT1M", "windowSize": "PT5M", "targetResourceType": "Microsoft.Compute/virtualMachines",
      "targetResourceRegion": "westus", "criteria": {"odata.type": "Microsoft.Azure.Monitor.MultipleResourceMultipleMetricCriteria",
      "allOf": [{"criterionType": "StaticThresholdCriterion", "name": "cond0", "metricName":
      "Percentage CPU", "timeAggregation": "Average", "dimensions": [], "operator":
      "GreaterThan", "threshold": 90.0}]}, "actions": [{"actionGroupId": "/subscriptions/00000000-0000-0000-0000-000000000000/resourceGroups/cli_test_metric_alert_v2000001/providers/microsoft.insights/actionGroups/ag1"}]}}'
    headers:
      Accept:
      - application/json
      Accept-Encoding:
      - gzip, deflate
      CommandName:
      - monitor metrics alert create
      Connection:
      - keep-alive
      Content-Length:
      - '784'
      Content-Type:
      - application/json
      ParameterSetName:
      - -g -n --scopes --target-resource-type --target-resource-region --action --condition
        --description
      User-Agent:
      - AZURECLI/2.44.1 azsdk-python-azure-mgmt-monitor/5.0.0 Python/3.10.9 (Linux-5.15.0-1031-azure-x86_64-with-glibc2.31)
        VSTS_7b238909-6802-4b65-b90d-184bca47f458_build_220_0
    method: PUT
    uri: https://management.azure.com/subscriptions/00000000-0000-0000-0000-000000000000/resourceGroups/cli_test_metric_alert_v2000001/providers/Microsoft.Insights/metricAlerts/sub-alert?api-version=2018-03-01
  response:
    body:
      string: "{\r\n  \"id\": \"/subscriptions/00000000-0000-0000-0000-000000000000/resourceGroups/cli_test_metric_alert_v2000001/providers/Microsoft.Insights/metricAlerts/sub-alert\",\r\n
        \ \"name\": \"sub-alert\",\r\n  \"type\": \"Microsoft.Insights/metricAlerts\",\r\n
        \ \"location\": \"global\",\r\n  \"properties\": {\r\n    \"description\":
        \"High CPU\",\r\n    \"severity\": 2,\r\n    \"enabled\": true,\r\n    \"scopes\":
        [\r\n      \"/subscriptions/00000000-0000-0000-0000-000000000000\"\r\n    ],\r\n
        \   \"evaluationFrequency\": \"PT1M\",\r\n    \"windowSize\": \"PT5M\",\r\n
        \   \"criteria\": {\r\n      \"allOf\": [\r\n        {\r\n          \"threshold\":
        90.0,\r\n          \"name\": \"cond0\",\r\n          \"metricName\": \"Percentage
        CPU\",\r\n          \"operator\": \"GreaterThan\",\r\n          \"timeAggregation\":
        \"Average\",\r\n          \"criterionType\": \"StaticThresholdCriterion\"\r\n
        \       }\r\n      ],\r\n      \"odata.type\": \"Microsoft.Azure.Monitor.MultipleResourceMultipleMetricCriteria\"\r\n
        \   },\r\n    \"targetResourceType\": \"Microsoft.Compute/virtualMachines\",\r\n
        \   \"targetResourceRegion\": \"westus\",\r\n    \"actions\": [\r\n      {\r\n
        \       \"actionGroupId\": \"/subscriptions/00000000-0000-0000-0000-000000000000/resourceGroups/cli_test_metric_alert_v2000001/providers/microsoft.insights/actionGroups/ag1\"\r\n
        \     }\r\n    ]\r\n  }\r\n}"
    headers:
      api-supported-versions:
      - 2017-09-01-preview, 2018-03-01
      arr-disable-session-affinity:
      - 'true'
      cache-control:
      - no-cache
      content-length:
      - '1224'
      content-type:
      - application/json; charset=utf-8
      date:
      - Sat, 28 Jan 2023 15:24:30 GMT
      expires:
      - '-1'
      pragma:
      - no-cache
      server:
      - Microsoft-IIS/10.0
      strict-transport-security:
      - max-age=31536000; includeSubDomains
      transfer-encoding:
      - chunked
      vary:
      - Accept-Encoding,Accept-Encoding
      x-aspnet-version:
      - 4.0.30319
      x-content-type-options:
      - nosniff
      x-ms-ratelimit-remaining-subscription-resource-requests:
      - '299'
      x-powered-by:
      - ASP.NET
    status:
      code: 200
      message: OK
- request:
    body: '{"location": "global", "properties": {"description": "High CPU", "severity":
      2, "enabled": true, "scopes": ["/subscriptions/00000000-0000-0000-0000-000000000000/resourceGroups/cli_test_metric_alert_v2000001",
      "/subscriptions/00000000-0000-0000-0000-000000000000/resourceGroups/cli_test_metric_alert_v2000002"],
      "evaluationFrequency": "PT1M", "windowSize": "PT5M", "targetResourceType": "Microsoft.Compute/virtualMachines",
      "targetResourceRegion": "westus", "criteria": {"odata.type": "Microsoft.Azure.Monitor.MultipleResourceMultipleMetricCriteria",
      "allOf": [{"criterionType": "StaticThresholdCriterion", "name": "cond0", "metricName":
      "Percentage CPU", "timeAggregation": "Average", "dimensions": [], "operator":
      "GreaterThan", "threshold": 90.0}]}, "actions": [{"actionGroupId": "/subscriptions/00000000-0000-0000-0000-000000000000/resourceGroups/cli_test_metric_alert_v2000001/providers/microsoft.insights/actionGroups/ag1"}]}}'
    headers:
      Accept:
      - application/json
      Accept-Encoding:
      - gzip, deflate
      CommandName:
      - monitor metrics alert create
      Connection:
      - keep-alive
      Content-Length:
      - '931'
      Content-Type:
      - application/json
      ParameterSetName:
      - -g -n --scopes --target-resource-type --target-resource-region --action --condition
        --description
      User-Agent:
      - AZURECLI/2.44.1 azsdk-python-azure-mgmt-monitor/5.0.0 Python/3.10.9 (Linux-5.15.0-1031-azure-x86_64-with-glibc2.31)
        VSTS_7b238909-6802-4b65-b90d-184bca47f458_build_220_0
    method: PUT
    uri: https://management.azure.com/subscriptions/00000000-0000-0000-0000-000000000000/resourceGroups/cli_test_metric_alert_v2000001/providers/Microsoft.Insights/metricAlerts/rg-alert?api-version=2018-03-01
  response:
    body:
      string: "{\r\n  \"id\": \"/subscriptions/00000000-0000-0000-0000-000000000000/resourceGroups/cli_test_metric_alert_v2000001/providers/Microsoft.Insights/metricAlerts/rg-alert\",\r\n
        \ \"name\": \"rg-alert\",\r\n  \"type\": \"Microsoft.Insights/metricAlerts\",\r\n
        \ \"location\": \"global\",\r\n  \"properties\": {\r\n    \"description\":
        \"High CPU\",\r\n    \"severity\": 2,\r\n    \"enabled\": true,\r\n    \"scopes\":
        [\r\n      \"/subscriptions/00000000-0000-0000-0000-000000000000/resourceGroups/cli_test_metric_alert_v2000001\",\r\n
        \     \"/subscriptions/00000000-0000-0000-0000-000000000000/resourceGroups/cli_test_metric_alert_v2000002\"\r\n
        \   ],\r\n    \"evaluationFrequency\": \"PT1M\",\r\n    \"windowSize\": \"PT5M\",\r\n
        \   \"criteria\": {\r\n      \"allOf\": [\r\n        {\r\n          \"threshold\":
        90.0,\r\n          \"name\": \"cond0\",\r\n          \"metricName\": \"Percentage
        CPU\",\r\n          \"operator\": \"GreaterThan\",\r\n          \"timeAggregation\":
        \"Average\",\r\n          \"criterionType\": \"StaticThresholdCriterion\"\r\n
        \       }\r\n      ],\r\n      \"odata.type\": \"Microsoft.Azure.Monitor.MultipleResourceMultipleMetricCriteria\"\r\n
        \   },\r\n    \"targetResourceType\": \"Microsoft.Compute/virtualMachines\",\r\n
        \   \"targetResourceRegion\": \"westus\",\r\n    \"actions\": [\r\n      {\r\n
        \       \"actionGroupId\": \"/subscriptions/00000000-0000-0000-0000-000000000000/resourceGroups/cli_test_metric_alert_v2000001/providers/microsoft.insights/actionGroups/ag1\"\r\n
        \     }\r\n    ]\r\n  }\r\n}"
    headers:
      api-supported-versions:
      - 2017-09-01-preview, 2018-03-01
      arr-disable-session-affinity:
      - 'true'
      cache-control:
      - no-cache
      content-length:
      - '1376'
      content-type:
      - application/json; charset=utf-8
      date:
      - Sat, 28 Jan 2023 15:24:35 GMT
      expires:
      - '-1'
      pragma:
      - no-cache
      server:
      - Microsoft-IIS/10.0
      strict-transport-security:
      - max-age=31536000; includeSubDomains
      transfer-encoding:
      - chunked
      vary:
      - Accept-Encoding,Accept-Encoding
      x-aspnet-version:
      - 4.0.30319
      x-content-type-options:
      - nosniff
      x-ms-ratelimit-remaining-subscription-resource-requests:
      - '299'
      x-powered-by:
      - ASP.NET
    status:
      code: 200
      message: OK
version: 1
