interactions:
- request:
    body: null
    headers:
      Accept:
      - application/json
      Accept-Encoding:
      - gzip, deflate
      CommandName:
      - monitor log-analytics workspace create
      Connection:
      - keep-alive
      ParameterSetName:
      - -g -n --tags
      User-Agent:
      - AZURECLI/2.31.0 azsdk-python-azure-mgmt-resource/20.0.0 Python/3.8.9 (Windows-10-10.0.22000-SP0)
    method: GET
    uri: https://management.azure.com/subscriptions/00000000-0000-0000-0000-000000000000/resourcegroups/cli_test_monitor_workspace_linked_storage000001?api-version=2021-04-01
  response:
    body:
      string: '{"id":"/subscriptions/00000000-0000-0000-0000-000000000000/resourceGroups/cli_test_monitor_workspace_linked_storage000001","name":"cli_test_monitor_workspace_linked_storage000001","type":"Microsoft.Resources/resourceGroups","location":"eastus","tags":{"product":"azurecli","cause":"automation","date":"2021-12-13T07:14:37Z"},"properties":{"provisioningState":"Succeeded"}}'
    headers:
      cache-control:
      - no-cache
      content-length:
      - '372'
      content-type:
      - application/json; charset=utf-8
      date:
      - Mon, 13 Dec 2021 07:16:34 GMT
      expires:
      - '-1'
      pragma:
      - no-cache
      strict-transport-security:
      - max-age=31536000; includeSubDomains
      vary:
      - Accept-Encoding
      x-content-type-options:
      - nosniff
    status:
      code: 200
      message: OK
- request:
    body: '{"tags": {"clitest": "myron"}, "location": "eastus", "properties": {"sku":
      {"name": "PerGB2018"}, "retentionInDays": 30, "workspaceCapping": {}}}'
    headers:
      Accept:
      - application/json
      Accept-Encoding:
      - gzip, deflate
      CommandName:
      - monitor log-analytics workspace create
      Connection:
      - keep-alive
      Content-Length:
      - '145'
      Content-Type:
      - application/json
      ParameterSetName:
      - -g -n --tags
      User-Agent:
      - AZURECLI/2.31.0 azsdk-python-mgmt-loganalytics/12.0.0 Python/3.8.9 (Windows-10-10.0.22000-SP0)
    method: PUT
    uri: https://management.azure.com/subscriptions/00000000-0000-0000-0000-000000000000/resourcegroups/cli_test_monitor_workspace_linked_storage000001/providers/Microsoft.OperationalInsights/workspaces/clitest000006?api-version=2021-06-01
  response:
    body:
      string: "{\r\n  \"properties\": {\r\n    \"source\": \"Azure\",\r\n    \"customerId\":
        \"9817c2ea-0047-43e6-a989-1fb2364d4dff\",\r\n    \"provisioningState\": \"Creating\",\r\n
        \   \"sku\": {\r\n      \"name\": \"pergb2018\",\r\n      \"lastSkuUpdate\":
        \"Mon, 13 Dec 2021 07:16:40 GMT\"\r\n    },\r\n    \"retentionInDays\": 30,\r\n
        \   \"features\": {\r\n      \"legacy\": 0,\r\n      \"searchVersion\": 1,\r\n
        \     \"enableLogAccessUsingOnlyResourcePermissions\": true\r\n    },\r\n
        \   \"workspaceCapping\": {\r\n      \"dailyQuotaGb\": -1.0,\r\n      \"quotaNextResetTime\":
        \"Tue, 14 Dec 2021 07:00:00 GMT\",\r\n      \"dataIngestionStatus\": \"RespectQuota\"\r\n
        \   },\r\n    \"publicNetworkAccessForIngestion\": \"Enabled\",\r\n    \"publicNetworkAccessForQuery\":
        \"Enabled\",\r\n    \"createdDate\": \"Mon, 13 Dec 2021 07:16:40 GMT\",\r\n
        \   \"modifiedDate\": \"Mon, 13 Dec 2021 07:16:40 GMT\"\r\n  },\r\n  \"id\":
        \"/subscriptions/00000000-0000-0000-0000-000000000000/resourcegroups/cli_test_monitor_workspace_linked_storage000001/providers/microsoft.operationalinsights/workspaces/clitest000006\",\r\n
        \ \"name\": \"clitest000006\",\r\n  \"type\": \"Microsoft.OperationalInsights/workspaces\",\r\n
        \ \"location\": \"eastus\",\r\n  \"tags\": {\r\n    \"clitest\": \"myron\"\r\n
        \ }\r\n}"
    headers:
      cache-control:
      - no-cache
      content-length:
      - '1134'
      content-type:
      - application/json
      date:
      - Mon, 13 Dec 2021 07:16:41 GMT
      pragma:
      - no-cache
      server:
      - Microsoft-IIS/10.0
      - Microsoft-IIS/10.0
      strict-transport-security:
      - max-age=31536000; includeSubDomains
      x-content-type-options:
      - nosniff
      x-ms-ratelimit-remaining-subscription-writes:
      - '1196'
      x-powered-by:
      - ASP.NET
      - ASP.NET
    status:
      code: 201
      message: Created
- request:
    body: null
    headers:
      Accept:
      - '*/*'
      Accept-Encoding:
      - gzip, deflate
      CommandName:
      - monitor log-analytics workspace create
      Connection:
      - keep-alive
      ParameterSetName:
      - -g -n --tags
      User-Agent:
      - AZURECLI/2.31.0 azsdk-python-mgmt-loganalytics/12.0.0 Python/3.8.9 (Windows-10-10.0.22000-SP0)
    method: GET
    uri: https://management.azure.com/subscriptions/00000000-0000-0000-0000-000000000000/resourcegroups/cli_test_monitor_workspace_linked_storage000001/providers/Microsoft.OperationalInsights/workspaces/clitest000006?api-version=2021-06-01
  response:
    body:
      string: "{\r\n  \"properties\": {\r\n    \"source\": \"Azure\",\r\n    \"customerId\":
        \"9817c2ea-0047-43e6-a989-1fb2364d4dff\",\r\n    \"provisioningState\": \"Succeeded\",\r\n
        \   \"sku\": {\r\n      \"name\": \"pergb2018\",\r\n      \"lastSkuUpdate\":
        \"Mon, 13 Dec 2021 07:16:40 GMT\"\r\n    },\r\n    \"retentionInDays\": 30,\r\n
        \   \"features\": {\r\n      \"legacy\": 0,\r\n      \"searchVersion\": 1,\r\n
        \     \"enableLogAccessUsingOnlyResourcePermissions\": true\r\n    },\r\n
        \   \"workspaceCapping\": {\r\n      \"dailyQuotaGb\": -1.0,\r\n      \"quotaNextResetTime\":
        \"Tue, 14 Dec 2021 07:00:00 GMT\",\r\n      \"dataIngestionStatus\": \"RespectQuota\"\r\n
        \   },\r\n    \"publicNetworkAccessForIngestion\": \"Enabled\",\r\n    \"publicNetworkAccessForQuery\":
        \"Enabled\",\r\n    \"createdDate\": \"Mon, 13 Dec 2021 07:16:40 GMT\",\r\n
        \   \"modifiedDate\": \"Mon, 13 Dec 2021 07:16:45 GMT\"\r\n  },\r\n  \"id\":
        \"/subscriptions/00000000-0000-0000-0000-000000000000/resourcegroups/cli_test_monitor_workspace_linked_storage000001/providers/microsoft.operationalinsights/workspaces/clitest000006\",\r\n
        \ \"name\": \"clitest000006\",\r\n  \"type\": \"Microsoft.OperationalInsights/workspaces\",\r\n
        \ \"location\": \"eastus\",\r\n  \"tags\": {\r\n    \"clitest\": \"myron\"\r\n
        \ }\r\n}"
    headers:
      cache-control:
      - no-cache
      content-length:
      - '1135'
      content-type:
      - application/json
      date:
      - Mon, 13 Dec 2021 07:17:13 GMT
      pragma:
      - no-cache
      server:
      - Microsoft-IIS/10.0
      - Microsoft-IIS/10.0
      strict-transport-security:
      - max-age=31536000; includeSubDomains
      transfer-encoding:
      - chunked
      vary:
      - Accept-Encoding
      x-content-type-options:
      - nosniff
      x-powered-by:
      - ASP.NET
      - ASP.NET
    status:
      code: 200
      message: OK
- request:
    body: '{"properties": {"storageAccountIds": ["/subscriptions/00000000-0000-0000-0000-000000000000/resourceGroups/cli_test_monitor_workspace_linked_storage000001/providers/Microsoft.Storage/storageAccounts/saws1000002"]}}'
    headers:
      Accept:
      - application/json
      Accept-Encoding:
      - gzip, deflate
      CommandName:
      - monitor log-analytics workspace linked-storage create
      Connection:
      - keep-alive
      Content-Length:
      - '213'
      Content-Type:
      - application/json
      ParameterSetName:
      - --type -g -n --storage-accounts
      User-Agent:
      - AZURECLI/2.31.0 azsdk-python-mgmt-loganalytics/12.0.0 Python/3.8.9 (Windows-10-10.0.22000-SP0)
    method: PUT
    uri: https://management.azure.com/subscriptions/00000000-0000-0000-0000-000000000000/resourcegroups/cli_test_monitor_workspace_linked_storage000001/providers/Microsoft.OperationalInsights/workspaces/clitest000006/linkedStorageAccounts/CustomLogs?api-version=2020-08-01
  response:
    body:
      string: "{\r\n  \"properties\": {\r\n    \"dataSourceType\": \"customlogs\",\r\n
        \   \"storageAccountIds\": [\r\n      \"/subscriptions/00000000-0000-0000-0000-000000000000/resourceGroups/cli_test_monitor_workspace_linked_storage000001/providers/Microsoft.Storage/storageAccounts/saws1000002\"\r\n
        \   ]\r\n  },\r\n  \"id\": \"/subscriptions/00000000-0000-0000-0000-000000000000/resourceGroups/cli_test_monitor_workspace_linked_storage000001/providers/Microsoft.OperationalInsights/workspaces/clitest000006/linkedStorageAccounts/CustomLogs\",\r\n
        \ \"name\": \"customlogs\",\r\n  \"type\": \"Microsoft.OperationalInsights/workspaces/linkedStorageAccounts\"\r\n}"
    headers:
      cache-control:
      - no-cache
      cachecontrol:
      - no-cache
      content-length:
      - '607'
      content-type:
      - application/json; charset=utf-8
      date:
      - Mon, 13 Dec 2021 07:17:16 GMT
      expires:
      - '-1'
      pragma:
      - no-cache
      server:
      - Microsoft-IIS/10.0
      - Microsoft-IIS/10.0
      strict-transport-security:
      - max-age=31536000; includeSubDomains
      transfer-encoding:
      - chunked
      vary:
      - Accept-Encoding
      x-ams-apiversion:
      - WebAPI1.0
      x-content-type-options:
      - nosniff
      x-ms-ratelimit-remaining-subscription-writes:
      - '1192'
      x-powered-by:
      - ASP.NET
      - ASP.NET
    status:
      code: 200
      message: OK
- request:
    body: null
    headers:
      Accept:
      - application/json
      Accept-Encoding:
      - gzip, deflate
      CommandName:
      - monitor log-analytics workspace linked-storage add
      Connection:
      - keep-alive
      ParameterSetName:
      - --type -g -n --storage-accounts
      User-Agent:
      - AZURECLI/2.31.0 azsdk-python-mgmt-loganalytics/12.0.0 Python/3.8.9 (Windows-10-10.0.22000-SP0)
    method: GET
    uri: https://management.azure.com/subscriptions/00000000-0000-0000-0000-000000000000/resourcegroups/cli_test_monitor_workspace_linked_storage000001/providers/Microsoft.OperationalInsights/workspaces/clitest000006/linkedStorageAccounts/CustomLogs?api-version=2020-08-01
  response:
    body:
      string: "{\r\n  \"properties\": {\r\n    \"dataSourceType\": \"customlogs\",\r\n
        \   \"storageAccountIds\": [\r\n      \"/subscriptions/00000000-0000-0000-0000-000000000000/resourceGroups/cli_test_monitor_workspace_linked_storage000001/providers/Microsoft.Storage/storageAccounts/saws1000002\"\r\n
        \   ]\r\n  },\r\n  \"id\": \"/subscriptions/00000000-0000-0000-0000-000000000000/resourceGroups/cli_test_monitor_workspace_linked_storage000001/providers/Microsoft.OperationalInsights/workspaces/clitest000006/linkedStorageAccounts/CustomLogs\",\r\n
        \ \"name\": \"customlogs\",\r\n  \"type\": \"Microsoft.OperationalInsights/workspaces/linkedStorageAccounts\"\r\n}"
    headers:
      cache-control:
      - no-cache
      cachecontrol:
      - no-cache
      content-length:
      - '607'
      content-type:
      - application/json; charset=utf-8
      date:
      - Mon, 13 Dec 2021 07:17:16 GMT
      expires:
      - '-1'
      pragma:
      - no-cache
      server:
      - Microsoft-IIS/10.0
      - Microsoft-IIS/10.0
      strict-transport-security:
      - max-age=31536000; includeSubDomains
      transfer-encoding:
      - chunked
      vary:
      - Accept-Encoding
      x-ams-apiversion:
      - WebAPI1.0
      x-content-type-options:
      - nosniff
      x-powered-by:
      - ASP.NET
      - ASP.NET
    status:
      code: 200
      message: OK
- request:
    body: '{"properties": {"storageAccountIds": ["/subscriptions/00000000-0000-0000-0000-000000000000/resourceGroups/cli_test_monitor_workspace_linked_storage000001/providers/Microsoft.Storage/storageAccounts/saws1000002",
      "/subscriptions/00000000-0000-0000-0000-000000000000/resourceGroups/cli_test_monitor_workspace_linked_storage000001/providers/Microsoft.Storage/storageAccounts/saws2000003",
      "/subscriptions/00000000-0000-0000-0000-000000000000/resourceGroups/cli_test_monitor_workspace_linked_storage000001/providers/Microsoft.Storage/storageAccounts/saws3000004"]}}'
    headers:
      Accept:
      - application/json
      Accept-Encoding:
      - gzip, deflate
      CommandName:
      - monitor log-analytics workspace linked-storage add
      Connection:
      - keep-alive
      Content-Length:
      - '561'
      Content-Type:
      - application/json
      ParameterSetName:
      - --type -g -n --storage-accounts
      User-Agent:
      - AZURECLI/2.31.0 azsdk-python-mgmt-loganalytics/12.0.0 Python/3.8.9 (Windows-10-10.0.22000-SP0)
    method: PUT
    uri: https://management.azure.com/subscriptions/00000000-0000-0000-0000-000000000000/resourcegroups/cli_test_monitor_workspace_linked_storage000001/providers/Microsoft.OperationalInsights/workspaces/clitest000006/linkedStorageAccounts/CustomLogs?api-version=2020-08-01
  response:
    body:
      string: "{\r\n  \"properties\": {\r\n    \"dataSourceType\": \"customlogs\",\r\n
        \   \"storageAccountIds\": [\r\n      \"/subscriptions/00000000-0000-0000-0000-000000000000/resourceGroups/cli_test_monitor_workspace_linked_storage000001/providers/Microsoft.Storage/storageAccounts/saws1000002\",\r\n
        \     \"/subscriptions/00000000-0000-0000-0000-000000000000/resourceGroups/cli_test_monitor_workspace_linked_storage000001/providers/Microsoft.Storage/storageAccounts/saws2000003\",\r\n
        \     \"/subscriptions/00000000-0000-0000-0000-000000000000/resourceGroups/cli_test_monitor_workspace_linked_storage000001/providers/Microsoft.Storage/storageAccounts/saws3000004\"\r\n
        \   ]\r\n  },\r\n  \"id\": \"/subscriptions/00000000-0000-0000-0000-000000000000/resourceGroups/cli_test_monitor_workspace_linked_storage000001/providers/Microsoft.OperationalInsights/workspaces/clitest000006/linkedStorageAccounts/CustomLogs\",\r\n
        \ \"name\": \"customlogs\",\r\n  \"type\": \"Microsoft.OperationalInsights/workspaces/linkedStorageAccounts\"\r\n}"
    headers:
      cache-control:
      - no-cache
      cachecontrol:
      - no-cache
      content-length:
      - '969'
      content-type:
      - application/json; charset=utf-8
      date:
      - Mon, 13 Dec 2021 07:17:18 GMT
      expires:
      - '-1'
      pragma:
      - no-cache
      server:
      - Microsoft-IIS/10.0
      - Microsoft-IIS/10.0
      strict-transport-security:
      - max-age=31536000; includeSubDomains
      transfer-encoding:
      - chunked
      vary:
      - Accept-Encoding
      x-ams-apiversion:
      - WebAPI1.0
      x-content-type-options:
      - nosniff
      x-ms-ratelimit-remaining-subscription-writes:
      - '1195'
      x-powered-by:
      - ASP.NET
      - ASP.NET
    status:
      code: 200
      message: OK
- request:
    body: null
    headers:
      Accept:
      - application/json
      Accept-Encoding:
      - gzip, deflate
      CommandName:
      - monitor log-analytics workspace linked-storage remove
      Connection:
      - keep-alive
      ParameterSetName:
      - --type -g -n --storage-accounts
      User-Agent:
      - AZURECLI/2.31.0 azsdk-python-mgmt-loganalytics/12.0.0 Python/3.8.9 (Windows-10-10.0.22000-SP0)
    method: GET
    uri: https://management.azure.com/subscriptions/00000000-0000-0000-0000-000000000000/resourcegroups/cli_test_monitor_workspace_linked_storage000001/providers/Microsoft.OperationalInsights/workspaces/clitest000006/linkedStorageAccounts/CustomLogs?api-version=2020-08-01
  response:
    body:
      string: "{\r\n  \"properties\": {\r\n    \"dataSourceType\": \"customlogs\",\r\n
        \   \"storageAccountIds\": [\r\n      \"/subscriptions/00000000-0000-0000-0000-000000000000/resourceGroups/cli_test_monitor_workspace_linked_storage000001/providers/Microsoft.Storage/storageAccounts/saws1000002\",\r\n
        \     \"/subscriptions/00000000-0000-0000-0000-000000000000/resourceGroups/cli_test_monitor_workspace_linked_storage000001/providers/Microsoft.Storage/storageAccounts/saws2000003\",\r\n
        \     \"/subscriptions/00000000-0000-0000-0000-000000000000/resourceGroups/cli_test_monitor_workspace_linked_storage000001/providers/Microsoft.Storage/storageAccounts/saws3000004\"\r\n
        \   ]\r\n  },\r\n  \"id\": \"/subscriptions/00000000-0000-0000-0000-000000000000/resourceGroups/cli_test_monitor_workspace_linked_storage000001/providers/Microsoft.OperationalInsights/workspaces/clitest000006/linkedStorageAccounts/CustomLogs\",\r\n
        \ \"name\": \"customlogs\",\r\n  \"type\": \"Microsoft.OperationalInsights/workspaces/linkedStorageAccounts\"\r\n}"
    headers:
      cache-control:
      - no-cache
      cachecontrol:
      - no-cache
      content-length:
      - '969'
      content-type:
      - application/json; charset=utf-8
      date:
      - Mon, 13 Dec 2021 07:17:19 GMT
      expires:
      - '-1'
      pragma:
      - no-cache
      server:
      - Microsoft-IIS/10.0
      - Microsoft-IIS/10.0
      strict-transport-security:
      - max-age=31536000; includeSubDomains
      transfer-encoding:
      - chunked
      vary:
      - Accept-Encoding
      x-ams-apiversion:
      - WebAPI1.0
      x-content-type-options:
      - nosniff
      x-powered-by:
      - ASP.NET
      - ASP.NET
    status:
      code: 200
      message: OK
- request:
    body: '{"properties": {"storageAccountIds": ["/subscriptions/00000000-0000-0000-0000-000000000000/resourceGroups/cli_test_monitor_workspace_linked_storage000001/providers/Microsoft.Storage/storageAccounts/saws2000003",
      "/subscriptions/00000000-0000-0000-0000-000000000000/resourceGroups/cli_test_monitor_workspace_linked_storage000001/providers/Microsoft.Storage/storageAccounts/saws3000004"]}}'
    headers:
      Accept:
      - application/json
      Accept-Encoding:
      - gzip, deflate
      CommandName:
      - monitor log-analytics workspace linked-storage remove
      Connection:
      - keep-alive
      Content-Length:
      - '387'
      Content-Type:
      - application/json
      ParameterSetName:
      - --type -g -n --storage-accounts
      User-Agent:
      - AZURECLI/2.31.0 azsdk-python-mgmt-loganalytics/12.0.0 Python/3.8.9 (Windows-10-10.0.22000-SP0)
    method: PUT
    uri: https://management.azure.com/subscriptions/00000000-0000-0000-0000-000000000000/resourcegroups/cli_test_monitor_workspace_linked_storage000001/providers/Microsoft.OperationalInsights/workspaces/clitest000006/linkedStorageAccounts/CustomLogs?api-version=2020-08-01
  response:
    body:
      string: "{\r\n  \"properties\": {\r\n    \"dataSourceType\": \"customlogs\",\r\n
        \   \"storageAccountIds\": [\r\n      \"/subscriptions/00000000-0000-0000-0000-000000000000/resourceGroups/cli_test_monitor_workspace_linked_storage000001/providers/Microsoft.Storage/storageAccounts/saws2000003\",\r\n
        \     \"/subscriptions/00000000-0000-0000-0000-000000000000/resourceGroups/cli_test_monitor_workspace_linked_storage000001/providers/Microsoft.Storage/storageAccounts/saws3000004\"\r\n
        \   ]\r\n  },\r\n  \"id\": \"/subscriptions/00000000-0000-0000-0000-000000000000/resourceGroups/cli_test_monitor_workspace_linked_storage000001/providers/Microsoft.OperationalInsights/workspaces/clitest000006/linkedStorageAccounts/CustomLogs\",\r\n
        \ \"name\": \"customlogs\",\r\n  \"type\": \"Microsoft.OperationalInsights/workspaces/linkedStorageAccounts\"\r\n}"
    headers:
      cache-control:
      - no-cache
      cachecontrol:
      - no-cache
      content-length:
      - '788'
      content-type:
      - application/json; charset=utf-8
      date:
      - Mon, 13 Dec 2021 07:17:20 GMT
      expires:
      - '-1'
      pragma:
      - no-cache
      server:
      - Microsoft-IIS/10.0
      - Microsoft-IIS/10.0
      strict-transport-security:
      - max-age=31536000; includeSubDomains
      transfer-encoding:
      - chunked
      vary:
      - Accept-Encoding
      x-ams-apiversion:
      - WebAPI1.0
      x-content-type-options:
      - nosniff
      x-ms-ratelimit-remaining-subscription-writes:
      - '1197'
      x-powered-by:
      - ASP.NET
      - ASP.NET
    status:
      code: 200
      message: OK
- request:
    body: null
    headers:
      Accept:
      - application/json
      Accept-Encoding:
      - gzip, deflate
      CommandName:
      - monitor log-analytics workspace linked-storage show
      Connection:
      - keep-alive
      ParameterSetName:
      - --type -g -n
      User-Agent:
      - AZURECLI/2.31.0 azsdk-python-mgmt-loganalytics/12.0.0 Python/3.8.9 (Windows-10-10.0.22000-SP0)
    method: GET
    uri: https://management.azure.com/subscriptions/00000000-0000-0000-0000-000000000000/resourcegroups/cli_test_monitor_workspace_linked_storage000001/providers/Microsoft.OperationalInsights/workspaces/clitest000006/linkedStorageAccounts/CustomLogs?api-version=2020-08-01
  response:
    body:
      string: "{\r\n  \"properties\": {\r\n    \"dataSourceType\": \"customlogs\",\r\n
        \   \"storageAccountIds\": [\r\n      \"/subscriptions/00000000-0000-0000-0000-000000000000/resourceGroups/cli_test_monitor_workspace_linked_storage000001/providers/Microsoft.Storage/storageAccounts/saws2000003\",\r\n
        \     \"/subscriptions/00000000-0000-0000-0000-000000000000/resourceGroups/cli_test_monitor_workspace_linked_storage000001/providers/Microsoft.Storage/storageAccounts/saws3000004\"\r\n
        \   ]\r\n  },\r\n  \"id\": \"/subscriptions/00000000-0000-0000-0000-000000000000/resourceGroups/cli_test_monitor_workspace_linked_storage000001/providers/Microsoft.OperationalInsights/workspaces/clitest000006/linkedStorageAccounts/CustomLogs\",\r\n
        \ \"name\": \"customlogs\",\r\n  \"type\": \"Microsoft.OperationalInsights/workspaces/linkedStorageAccounts\"\r\n}"
    headers:
      cache-control:
      - no-cache
      cachecontrol:
      - no-cache
      content-length:
      - '788'
      content-type:
      - application/json; charset=utf-8
      date:
      - Mon, 13 Dec 2021 07:17:22 GMT
      expires:
      - '-1'
      pragma:
      - no-cache
      server:
      - Microsoft-IIS/10.0
      - Microsoft-IIS/10.0
      strict-transport-security:
      - max-age=31536000; includeSubDomains
      transfer-encoding:
      - chunked
      vary:
      - Accept-Encoding
      x-ams-apiversion:
      - WebAPI1.0
      x-content-type-options:
      - nosniff
      x-powered-by:
      - ASP.NET
      - ASP.NET
    status:
      code: 200
      message: OK
- request:
    body: null
    headers:
      Accept:
      - application/json
      Accept-Encoding:
      - gzip, deflate
      CommandName:
      - monitor log-analytics workspace create
      Connection:
      - keep-alive
      ParameterSetName:
      - -g -n --tags
      User-Agent:
      - AZURECLI/2.31.0 azsdk-python-azure-mgmt-resource/20.0.0 Python/3.8.9 (Windows-10-10.0.22000-SP0)
    method: GET
    uri: https://management.azure.com/subscriptions/00000000-0000-0000-0000-000000000000/resourcegroups/cli_test_monitor_workspace_linked_storage000001?api-version=2021-04-01
  response:
    body:
      string: '{"id":"/subscriptions/00000000-0000-0000-0000-000000000000/resourceGroups/cli_test_monitor_workspace_linked_storage000001","name":"cli_test_monitor_workspace_linked_storage000001","type":"Microsoft.Resources/resourceGroups","location":"eastus","tags":{"product":"azurecli","cause":"automation","date":"2021-12-13T07:14:37Z"},"properties":{"provisioningState":"Succeeded"}}'
    headers:
      cache-control:
      - no-cache
      content-length:
      - '372'
      content-type:
      - application/json; charset=utf-8
      date:
      - Mon, 13 Dec 2021 07:17:23 GMT
      expires:
      - '-1'
      pragma:
      - no-cache
      strict-transport-security:
      - max-age=31536000; includeSubDomains
      vary:
      - Accept-Encoding
      x-content-type-options:
      - nosniff
    status:
      code: 200
      message: OK
- request:
    body: '{"tags": {"clitest": "myron"}, "location": "eastus", "properties": {"sku":
      {"name": "PerGB2018"}, "retentionInDays": 30, "workspaceCapping": {}}}'
    headers:
      Accept:
      - application/json
      Accept-Encoding:
      - gzip, deflate
      CommandName:
      - monitor log-analytics workspace create
      Connection:
      - keep-alive
      Content-Length:
      - '145'
      Content-Type:
      - application/json
      ParameterSetName:
      - -g -n --tags
      User-Agent:
      - AZURECLI/2.31.0 azsdk-python-mgmt-loganalytics/12.0.0 Python/3.8.9 (Windows-10-10.0.22000-SP0)
    method: PUT
    uri: https://management.azure.com/subscriptions/00000000-0000-0000-0000-000000000000/resourcegroups/cli_test_monitor_workspace_linked_storage000001/providers/Microsoft.OperationalInsights/workspaces/clitest000007?api-version=2021-06-01
  response:
    body:
      string: "{\r\n  \"properties\": {\r\n    \"source\": \"Azure\",\r\n    \"customerId\":
        \"e13d17ab-1a8f-4865-8d33-54b984782a4d\",\r\n    \"provisioningState\": \"Creating\",\r\n
        \   \"sku\": {\r\n      \"name\": \"pergb2018\",\r\n      \"lastSkuUpdate\":
        \"Mon, 13 Dec 2021 07:17:32 GMT\"\r\n    },\r\n    \"retentionInDays\": 30,\r\n
        \   \"features\": {\r\n      \"legacy\": 0,\r\n      \"searchVersion\": 1,\r\n
        \     \"enableLogAccessUsingOnlyResourcePermissions\": true\r\n    },\r\n
        \   \"workspaceCapping\": {\r\n      \"dailyQuotaGb\": -1.0,\r\n      \"quotaNextResetTime\":
        \"Mon, 13 Dec 2021 13:00:00 GMT\",\r\n      \"dataIngestionStatus\": \"RespectQuota\"\r\n
        \   },\r\n    \"publicNetworkAccessForIngestion\": \"Enabled\",\r\n    \"publicNetworkAccessForQuery\":
        \"Enabled\",\r\n    \"createdDate\": \"Mon, 13 Dec 2021 07:17:32 GMT\",\r\n
        \   \"modifiedDate\": \"Mon, 13 Dec 2021 07:17:32 GMT\"\r\n  },\r\n  \"id\":
        \"/subscriptions/00000000-0000-0000-0000-000000000000/resourcegroups/cli_test_monitor_workspace_linked_storage000001/providers/microsoft.operationalinsights/workspaces/clitest000007\",\r\n
        \ \"name\": \"clitest000007\",\r\n  \"type\": \"Microsoft.OperationalInsights/workspaces\",\r\n
        \ \"location\": \"eastus\",\r\n  \"tags\": {\r\n    \"clitest\": \"myron\"\r\n
        \ }\r\n}"
    headers:
      cache-control:
      - no-cache
      content-length:
      - '1134'
      content-type:
      - application/json
      date:
      - Mon, 13 Dec 2021 07:17:34 GMT
      pragma:
      - no-cache
      server:
      - Microsoft-IIS/10.0
      - Microsoft-IIS/10.0
      strict-transport-security:
      - max-age=31536000; includeSubDomains
      x-content-type-options:
      - nosniff
      x-ms-ratelimit-remaining-subscription-writes:
      - '1196'
      x-powered-by:
      - ASP.NET
      - ASP.NET
    status:
      code: 201
      message: Created
- request:
    body: null
    headers:
      Accept:
      - '*/*'
      Accept-Encoding:
      - gzip, deflate
      CommandName:
      - monitor log-analytics workspace create
      Connection:
      - keep-alive
      ParameterSetName:
      - -g -n --tags
      User-Agent:
      - AZURECLI/2.31.0 azsdk-python-mgmt-loganalytics/12.0.0 Python/3.8.9 (Windows-10-10.0.22000-SP0)
    method: GET
    uri: https://management.azure.com/subscriptions/00000000-0000-0000-0000-000000000000/resourcegroups/cli_test_monitor_workspace_linked_storage000001/providers/Microsoft.OperationalInsights/workspaces/clitest000007?api-version=2021-06-01
  response:
    body:
      string: "{\r\n  \"properties\": {\r\n    \"source\": \"Azure\",\r\n    \"customerId\":
        \"e13d17ab-1a8f-4865-8d33-54b984782a4d\",\r\n    \"provisioningState\": \"Succeeded\",\r\n
        \   \"sku\": {\r\n      \"name\": \"pergb2018\",\r\n      \"lastSkuUpdate\":
        \"Mon, 13 Dec 2021 07:17:32 GMT\"\r\n    },\r\n    \"retentionInDays\": 30,\r\n
        \   \"features\": {\r\n      \"legacy\": 0,\r\n      \"searchVersion\": 1,\r\n
        \     \"enableLogAccessUsingOnlyResourcePermissions\": true\r\n    },\r\n
        \   \"workspaceCapping\": {\r\n      \"dailyQuotaGb\": -1.0,\r\n      \"quotaNextResetTime\":
        \"Mon, 13 Dec 2021 13:00:00 GMT\",\r\n      \"dataIngestionStatus\": \"RespectQuota\"\r\n
        \   },\r\n    \"publicNetworkAccessForIngestion\": \"Enabled\",\r\n    \"publicNetworkAccessForQuery\":
        \"Enabled\",\r\n    \"createdDate\": \"Mon, 13 Dec 2021 07:17:32 GMT\",\r\n
        \   \"modifiedDate\": \"Mon, 13 Dec 2021 07:17:34 GMT\"\r\n  },\r\n  \"id\":
        \"/subscriptions/00000000-0000-0000-0000-000000000000/resourcegroups/cli_test_monitor_workspace_linked_storage000001/providers/microsoft.operationalinsights/workspaces/clitest000007\",\r\n
        \ \"name\": \"clitest000007\",\r\n  \"type\": \"Microsoft.OperationalInsights/workspaces\",\r\n
        \ \"location\": \"eastus\",\r\n  \"tags\": {\r\n    \"clitest\": \"myron\"\r\n
        \ }\r\n}"
    headers:
      cache-control:
      - no-cache
      content-length:
      - '1135'
      content-type:
      - application/json
      date:
      - Mon, 13 Dec 2021 07:18:04 GMT
      pragma:
      - no-cache
      server:
      - Microsoft-IIS/10.0
      - Microsoft-IIS/10.0
      strict-transport-security:
      - max-age=31536000; includeSubDomains
      transfer-encoding:
      - chunked
      vary:
      - Accept-Encoding
      x-content-type-options:
      - nosniff
      x-powered-by:
      - ASP.NET
      - ASP.NET
    status:
      code: 200
      message: OK
- request:
    body: '{"properties": {"storageAccountIds": ["/subscriptions/00000000-0000-0000-0000-000000000000/resourceGroups/cli_test_monitor_workspace_linked_storage000001/providers/Microsoft.Storage/storageAccounts/saws1000002"]}}'
    headers:
      Accept:
      - application/json
      Accept-Encoding:
      - gzip, deflate
      CommandName:
      - monitor log-analytics workspace linked-storage create
      Connection:
      - keep-alive
      Content-Length:
      - '213'
      Content-Type:
      - application/json
      ParameterSetName:
      - --type -g -n --storage-accounts
      User-Agent:
      - AZURECLI/2.31.0 azsdk-python-mgmt-loganalytics/12.0.0 Python/3.8.9 (Windows-10-10.0.22000-SP0)
    method: PUT
    uri: https://management.azure.com/subscriptions/00000000-0000-0000-0000-000000000000/resourcegroups/cli_test_monitor_workspace_linked_storage000001/providers/Microsoft.OperationalInsights/workspaces/clitest000006/linkedStorageAccounts/AzureWatson?api-version=2020-08-01
  response:
    body:
      string: "{\r\n  \"properties\": {\r\n    \"dataSourceType\": \"azurewatson\",\r\n
        \   \"storageAccountIds\": [\r\n      \"/subscriptions/00000000-0000-0000-0000-000000000000/resourceGroups/cli_test_monitor_workspace_linked_storage000001/providers/Microsoft.Storage/storageAccounts/saws1000002\"\r\n
        \   ]\r\n  },\r\n  \"id\": \"/subscriptions/00000000-0000-0000-0000-000000000000/resourceGroups/cli_test_monitor_workspace_linked_storage000001/providers/Microsoft.OperationalInsights/workspaces/clitest000006/linkedStorageAccounts/AzureWatson\",\r\n
        \ \"name\": \"azurewatson\",\r\n  \"type\": \"Microsoft.OperationalInsights/workspaces/linkedStorageAccounts\"\r\n}"
    headers:
      cache-control:
      - no-cache
      cachecontrol:
      - no-cache
      content-length:
      - '610'
      content-type:
      - application/json; charset=utf-8
      date:
      - Mon, 13 Dec 2021 07:18:06 GMT
      expires:
      - '-1'
      pragma:
      - no-cache
      server:
      - Microsoft-IIS/10.0
      - Microsoft-IIS/10.0
      strict-transport-security:
      - max-age=31536000; includeSubDomains
      transfer-encoding:
      - chunked
      vary:
      - Accept-Encoding
      x-ams-apiversion:
      - WebAPI1.0
      x-content-type-options:
      - nosniff
      x-ms-ratelimit-remaining-subscription-writes:
      - '1198'
      x-powered-by:
      - ASP.NET
      - ASP.NET
    status:
      code: 200
      message: OK
- request:
    body: null
    headers:
      Accept:
      - application/json
      Accept-Encoding:
      - gzip, deflate
      CommandName:
      - monitor log-analytics workspace linked-storage list
      Connection:
      - keep-alive
      ParameterSetName:
      - -g -n
      User-Agent:
      - AZURECLI/2.31.0 azsdk-python-mgmt-loganalytics/12.0.0 Python/3.8.9 (Windows-10-10.0.22000-SP0)
    method: GET
    uri: https://management.azure.com/subscriptions/00000000-0000-0000-0000-000000000000/resourceGroups/cli_test_monitor_workspace_linked_storage000001/providers/Microsoft.OperationalInsights/workspaces/clitest000006/linkedStorageAccounts?api-version=2020-08-01
  response:
    body:
      string: "{\r\n  \"value\": [\r\n    {\r\n      \"properties\": {\r\n        \"dataSourceType\":
        \"azurewatson\",\r\n        \"storageAccountIds\": [\r\n          \"/subscriptions/00000000-0000-0000-0000-000000000000/resourceGroups/cli_test_monitor_workspace_linked_storage000001/providers/Microsoft.Storage/storageAccounts/saws1000002\"\r\n
        \       ]\r\n      },\r\n      \"id\": \"/subscriptions/00000000-0000-0000-0000-000000000000/resourceGroups/cli_test_monitor_workspace_linked_storage000001/providers/Microsoft.OperationalInsights/workspaces/clitest000006/linkedStorageAccounts/azurewatson\",\r\n
        \     \"name\": \"azurewatson\",\r\n      \"type\": \"Microsoft.OperationalInsights/workspaces/linkedStorageAccounts\"\r\n
        \   },\r\n    {\r\n      \"properties\": {\r\n        \"dataSourceType\":
        \"customlogs\",\r\n        \"storageAccountIds\": [\r\n          \"/subscriptions/00000000-0000-0000-0000-000000000000/resourceGroups/cli_test_monitor_workspace_linked_storage000001/providers/Microsoft.Storage/storageAccounts/saws2000003\",\r\n
        \         \"/subscriptions/00000000-0000-0000-0000-000000000000/resourceGroups/cli_test_monitor_workspace_linked_storage000001/providers/Microsoft.Storage/storageAccounts/saws3000004\"\r\n
        \       ]\r\n      },\r\n      \"id\": \"/subscriptions/00000000-0000-0000-0000-000000000000/resourceGroups/cli_test_monitor_workspace_linked_storage000001/providers/Microsoft.OperationalInsights/workspaces/clitest000006/linkedStorageAccounts/customlogs\",\r\n
        \     \"name\": \"customlogs\",\r\n      \"type\": \"Microsoft.OperationalInsights/workspaces/linkedStorageAccounts\"\r\n
        \   }\r\n  ]\r\n}"
    headers:
      cache-control:
      - no-cache
      cachecontrol:
      - no-cache
      content-length:
      - '1518'
      content-type:
      - application/json; charset=utf-8
      date:
      - Mon, 13 Dec 2021 07:18:07 GMT
      expires:
      - '-1'
      pragma:
      - no-cache
      server:
      - Microsoft-IIS/10.0
      - Microsoft-IIS/10.0
      strict-transport-security:
      - max-age=31536000; includeSubDomains
      transfer-encoding:
      - chunked
      vary:
      - Accept-Encoding
      x-ams-apiversion:
      - WebAPI1.0
      x-content-type-options:
      - nosniff
      x-powered-by:
      - ASP.NET
      - ASP.NET
    status:
      code: 200
      message: OK
- request:
    body: null
    headers:
      Accept:
      - '*/*'
      Accept-Encoding:
      - gzip, deflate
      CommandName:
      - monitor log-analytics workspace linked-storage delete
      Connection:
      - keep-alive
      Content-Length:
      - '0'
      ParameterSetName:
      - --type -g -n -y
      User-Agent:
      - AZURECLI/2.31.0 azsdk-python-mgmt-loganalytics/12.0.0 Python/3.8.9 (Windows-10-10.0.22000-SP0)
    method: DELETE
    uri: https://management.azure.com/subscriptions/00000000-0000-0000-0000-000000000000/resourcegroups/cli_test_monitor_workspace_linked_storage000001/providers/Microsoft.OperationalInsights/workspaces/clitest000006/linkedStorageAccounts/AzureWatson?api-version=2020-08-01
  response:
    body:
      string: ''
    headers:
      cache-control:
      - no-cache
      cachecontrol:
      - no-cache
      content-length:
      - '0'
      date:
      - Mon, 13 Dec 2021 07:18:08 GMT
      expires:
      - '-1'
      pragma:
      - no-cache
      server:
      - Microsoft-IIS/10.0
      - Microsoft-IIS/10.0
      strict-transport-security:
      - max-age=31536000; includeSubDomains
      x-ams-apiversion:
      - WebAPI1.0
      x-content-type-options:
      - nosniff
      x-ms-ratelimit-remaining-subscription-deletes:
      - '14999'
      x-powered-by:
      - ASP.NET
      - ASP.NET
    status:
      code: 200
      message: OK
- request:
    body: null
    headers:
      Accept:
      - application/json
      Accept-Encoding:
      - gzip, deflate
      CommandName:
      - monitor log-analytics workspace linked-storage list
      Connection:
      - keep-alive
      ParameterSetName:
      - -g -n
      User-Agent:
      - AZURECLI/2.31.0 azsdk-python-mgmt-loganalytics/12.0.0 Python/3.8.9 (Windows-10-10.0.22000-SP0)
    method: GET
    uri: https://management.azure.com/subscriptions/00000000-0000-0000-0000-000000000000/resourceGroups/cli_test_monitor_workspace_linked_storage000001/providers/Microsoft.OperationalInsights/workspaces/clitest000006/linkedStorageAccounts?api-version=2020-08-01
  response:
    body:
      string: "{\r\n  \"value\": [\r\n    {\r\n      \"properties\": {\r\n        \"dataSourceType\":
        \"customlogs\",\r\n        \"storageAccountIds\": [\r\n          \"/subscriptions/00000000-0000-0000-0000-000000000000/resourceGroups/cli_test_monitor_workspace_linked_storage000001/providers/Microsoft.Storage/storageAccounts/saws2000003\",\r\n
        \         \"/subscriptions/00000000-0000-0000-0000-000000000000/resourceGroups/cli_test_monitor_workspace_linked_storage000001/providers/Microsoft.Storage/storageAccounts/saws3000004\"\r\n
        \       ]\r\n      },\r\n      \"id\": \"/subscriptions/00000000-0000-0000-0000-000000000000/resourceGroups/cli_test_monitor_workspace_linked_storage000001/providers/Microsoft.OperationalInsights/workspaces/clitest000006/linkedStorageAccounts/customlogs\",\r\n
        \     \"name\": \"customlogs\",\r\n      \"type\": \"Microsoft.OperationalInsights/workspaces/linkedStorageAccounts\"\r\n
        \   }\r\n  ]\r\n}"
    headers:
      cache-control:
      - no-cache
      cachecontrol:
      - no-cache
      content-length:
      - '861'
      content-type:
      - application/json; charset=utf-8
      date:
      - Mon, 13 Dec 2021 07:18:09 GMT
      expires:
      - '-1'
      pragma:
      - no-cache
      server:
      - Microsoft-IIS/10.0
      - Microsoft-IIS/10.0
      strict-transport-security:
      - max-age=31536000; includeSubDomains
      transfer-encoding:
      - chunked
      vary:
      - Accept-Encoding
      x-ams-apiversion:
      - WebAPI1.0
      x-content-type-options:
      - nosniff
      x-powered-by:
      - ASP.NET
      - ASP.NET
    status:
      code: 200
      message: OK
version: 1
