interactions:
- request:
    body: null
    headers:
      Accept:
      - application/json
      Accept-Encoding:
      - gzip, deflate
      CommandName:
      - vmss create
      Connection:
      - keep-alive
      ParameterSetName:
      - -g -n --image --admin-username --admin-password
      User-Agent:
      - python/3.7.8 (Windows-10-10.0.19041-SP0) msrest/0.6.18 msrest_azure/0.6.3
        azure-mgmt-resource/12.0.0 Azure-SDK-For-Python AZURECLI/2.18.0
      accept-language:
      - en-US
    method: GET
    uri: https://management.azure.com/subscriptions/00000000-0000-0000-0000-000000000000/resourcegroups/cli_test_monitor_autoscale_fixed000001?api-version=2020-10-01
  response:
    body:
      string: '{"id":"/subscriptions/00000000-0000-0000-0000-000000000000/resourceGroups/cli_test_monitor_autoscale_fixed000001","name":"cli_test_monitor_autoscale_fixed000001","type":"Microsoft.Resources/resourceGroups","location":"westus","tags":{"product":"azurecli","cause":"automation","date":"2021-01-15T09:58:29Z"},"properties":{"provisioningState":"Succeeded"}}'
    headers:
      cache-control:
      - no-cache
      content-length:
      - '428'
      content-type:
      - application/json; charset=utf-8
      date:
      - Fri, 15 Jan 2021 09:58:31 GMT
      expires:
      - '-1'
      pragma:
      - no-cache
      strict-transport-security:
      - max-age=31536000; includeSubDomains
      vary:
      - Accept-Encoding
      x-content-type-options:
      - nosniff
    status:
      code: 200
      message: OK
- request:
    body: null
    headers:
      Accept:
      - '*/*'
      Accept-Encoding:
      - gzip, deflate
      Connection:
      - keep-alive
      User-Agent:
      - python-requests/2.22.0
    method: GET
    uri: https://raw.githubusercontent.com/Azure/azure-rest-api-specs/master/arm-compute/quickstart-templates/aliases.json
  response:
    body:
      string: "{\n  \"$schema\": \"http://schema.management.azure.com/schemas/2015-01-01/deploymentTemplate.json\",\n
        \ \"contentVersion\": \"1.0.0.0\",\n  \"parameters\": {},\n  \"variables\":
        {},\n  \"resources\": [],\n  \"outputs\": {\n    \"aliases\": {\n      \"type\":
        \"object\",\n      \"value\": {\n        \"Linux\": {\n          \"CentOS\":
        {\n            \"publisher\": \"OpenLogic\",\n            \"offer\": \"CentOS\",\n
        \           \"sku\": \"7.5\",\n            \"version\": \"latest\"\n          },\n
        \         \"CoreOS\": {\n            \"publisher\": \"CoreOS\",\n            \"offer\":
        \"CoreOS\",\n            \"sku\": \"Stable\",\n            \"version\": \"latest\"\n
        \         },\n          \"Debian\": {\n            \"publisher\": \"Debian\",\n
        \           \"offer\": \"debian-10\",\n            \"sku\": \"10\",\n            \"version\":
        \"latest\"\n          },\n          \"openSUSE-Leap\": {\n            \"publisher\":
        \"SUSE\",\n            \"offer\": \"openSUSE-Leap\",\n            \"sku\":
        \"42.3\",\n            \"version\": \"latest\"\n          },\n          \"RHEL\":
        {\n            \"publisher\": \"RedHat\",\n            \"offer\": \"RHEL\",\n
        \           \"sku\": \"7-LVM\",\n            \"version\": \"latest\"\n          },\n
        \         \"SLES\": {\n            \"publisher\": \"SUSE\",\n            \"offer\":
        \"SLES\",\n            \"sku\": \"15\",\n            \"version\": \"latest\"\n
        \         },\n          \"UbuntuLTS\": {\n            \"publisher\": \"Canonical\",\n
        \           \"offer\": \"UbuntuServer\",\n            \"sku\": \"18.04-LTS\",\n
        \           \"version\": \"latest\"\n          }\n        },\n        \"Windows\":
        {\n          \"Win2019Datacenter\": {\n            \"publisher\": \"MicrosoftWindowsServer\",\n
        \           \"offer\": \"WindowsServer\",\n            \"sku\": \"2019-Datacenter\",\n
        \           \"version\": \"latest\"\n          },\n          \"Win2016Datacenter\":
        {\n            \"publisher\": \"MicrosoftWindowsServer\",\n            \"offer\":
        \"WindowsServer\",\n            \"sku\": \"2016-Datacenter\",\n            \"version\":
        \"latest\"\n          },\n          \"Win2012R2Datacenter\": {\n            \"publisher\":
        \"MicrosoftWindowsServer\",\n            \"offer\": \"WindowsServer\",\n            \"sku\":
        \"2012-R2-Datacenter\",\n            \"version\": \"latest\"\n          },\n
        \         \"Win2012Datacenter\": {\n            \"publisher\": \"MicrosoftWindowsServer\",\n
        \           \"offer\": \"WindowsServer\",\n            \"sku\": \"2012-Datacenter\",\n
        \           \"version\": \"latest\"\n          },\n          \"Win2008R2SP1\":
        {\n            \"publisher\": \"MicrosoftWindowsServer\",\n            \"offer\":
        \"WindowsServer\",\n            \"sku\": \"2008-R2-SP1\",\n            \"version\":
        \"latest\"\n          }\n        }\n      }\n    }\n  }\n}\n"
    headers:
      accept-ranges:
      - bytes
      access-control-allow-origin:
      - '*'
      cache-control:
      - max-age=300
      connection:
      - keep-alive
      content-length:
      - '2501'
      content-security-policy:
      - default-src 'none'; style-src 'unsafe-inline'; sandbox
      content-type:
      - text/plain; charset=utf-8
      date:
      - Fri, 15 Jan 2021 09:58:33 GMT
      etag:
      - W/"540044b4084c3c314537f1baa1770f248628b2bc9ba0328f1004c33862e049da"
      expires:
      - Fri, 15 Jan 2021 10:03:33 GMT
      source-age:
      - '194'
      strict-transport-security:
      - max-age=31536000
      vary:
      - Authorization,Accept-Encoding, Accept-Encoding
      via:
      - 1.1 varnish (Varnish/6.0), 1.1 varnish
      x-cache:
      - MISS, HIT
      x-cache-hits:
      - 0, 1
      x-content-type-options:
      - nosniff
      x-fastly-request-id:
      - 9c135ebdac17e0157946f25b6a9326e33ef66f2c
      x-frame-options:
      - deny
      x-github-request-id:
      - 8410:6BEF:37F0D:3D3BB:60016115
      x-served-by:
      - cache-sin18051-SIN
      x-timer:
      - S1610704713.017790,VS0,VE1
      x-xss-protection:
      - 1; mode=block
    status:
      code: 200
      message: OK
- request:
    body: null
    headers:
      Accept:
      - application/json, text/json
      Accept-Encoding:
      - gzip, deflate
      CommandName:
      - vmss create
      Connection:
      - keep-alive
      ParameterSetName:
      - -g -n --image --admin-username --admin-password
      User-Agent:
      - AZURECLI/2.18.0 azsdk-python-azure-mgmt-network/17.0.0 Python/3.7.8 (Windows-10-10.0.19041-SP0)
    method: GET
    uri: https://management.azure.com/subscriptions/00000000-0000-0000-0000-000000000000/resourceGroups/cli_test_monitor_autoscale_fixed000001/providers/Microsoft.Network/virtualNetworks?api-version=2018-01-01
  response:
    body:
      string: '{"value":[]}'
    headers:
      cache-control:
      - no-cache
      content-length:
      - '12'
      content-type:
      - application/json; charset=utf-8
      date:
      - Fri, 15 Jan 2021 09:58:33 GMT
      expires:
      - '-1'
      pragma:
      - no-cache
      strict-transport-security:
      - max-age=31536000; includeSubDomains
      vary:
      - Accept-Encoding
      x-content-type-options:
      - nosniff
    status:
      code: 200
      message: OK
- request:
    body: '{"properties": {"template": {"$schema": "https://schema.management.azure.com/schemas/2015-01-01/deploymentTemplate.json#",
      "contentVersion": "1.0.0.0", "parameters": {"adminPassword": {"type": "securestring",
      "metadata": {"description": "Secure adminPassword"}}}, "variables": {}, "resources":
      [{"name": "vmss1VNET", "type": "Microsoft.Network/virtualNetworks", "location":
      "westus", "apiVersion": "2015-06-15", "dependsOn": [], "tags": {}, "properties":
      {"addressSpace": {"addressPrefixes": ["10.0.0.0/16"]}, "subnets": [{"name":
      "vmss1Subnet", "properties": {"addressPrefix": "10.0.0.0/24"}}]}}, {"apiVersion":
      "2018-01-01", "type": "Microsoft.Network/publicIPAddresses", "name": "vmss1LBPublicIP",
      "location": "westus", "tags": {}, "dependsOn": [], "properties": {"publicIPAllocationMethod":
      "Dynamic"}}, {"type": "Microsoft.Network/loadBalancers", "name": "vmss1LB",
      "location": "westus", "tags": {}, "apiVersion": "2018-01-01", "dependsOn": ["Microsoft.Network/virtualNetworks/vmss1VNET",
      "Microsoft.Network/publicIpAddresses/vmss1LBPublicIP"], "properties": {"backendAddressPools":
      [{"name": "vmss1LBBEPool"}], "inboundNatPools": [{"name": "vmss1LBNatPool",
      "properties": {"frontendIPConfiguration": {"id": "[concat(resourceId(''Microsoft.Network/loadBalancers'',
      ''vmss1LB''), ''/frontendIPConfigurations/'', ''loadBalancerFrontEnd'')]"},
      "protocol": "tcp", "frontendPortRangeStart": "50000", "frontendPortRangeEnd":
      "50119", "backendPort": 22}}], "frontendIPConfigurations": [{"name": "loadBalancerFrontEnd",
      "properties": {"publicIPAddress": {"id": "/subscriptions/00000000-0000-0000-0000-000000000000/resourceGroups/cli_test_monitor_autoscale_fixed000001/providers/Microsoft.Network/publicIPAddresses/vmss1LBPublicIP"}}}]}},
      {"type": "Microsoft.Compute/virtualMachineScaleSets", "name": "vmss1", "location":
      "westus", "tags": {}, "apiVersion": "2020-06-01", "dependsOn": ["Microsoft.Network/virtualNetworks/vmss1VNET",
      "Microsoft.Network/loadBalancers/vmss1LB"], "sku": {"name": "Standard_DS1_v2",
      "capacity": 2}, "properties": {"overprovision": true, "upgradePolicy": {"mode":
      "manual"}, "virtualMachineProfile": {"storageProfile": {"osDisk": {"createOption":
      "FromImage", "caching": "ReadWrite", "managedDisk": {"storageAccountType": null}},
      "imageReference": {"publisher": "Canonical", "offer": "UbuntuServer", "sku":
      "18.04-LTS", "version": "latest"}}, "networkProfile": {"networkInterfaceConfigurations":
      [{"name": "vmss16d29Nic", "properties": {"primary": "true", "ipConfigurations":
      [{"name": "vmss16d29IPConfig", "properties": {"subnet": {"id": "/subscriptions/00000000-0000-0000-0000-000000000000/resourceGroups/cli_test_monitor_autoscale_fixed000001/providers/Microsoft.Network/virtualNetworks/vmss1VNET/subnets/vmss1Subnet"},
      "loadBalancerBackendAddressPools": [{"id": "/subscriptions/00000000-0000-0000-0000-000000000000/resourceGroups/cli_test_monitor_autoscale_fixed000001/providers/Microsoft.Network/loadBalancers/vmss1LB/backendAddressPools/vmss1LBBEPool"}],
      "loadBalancerInboundNatPools": [{"id": "/subscriptions/00000000-0000-0000-0000-000000000000/resourceGroups/cli_test_monitor_autoscale_fixed000001/providers/Microsoft.Network/loadBalancers/vmss1LB/inboundNatPools/vmss1LBNatPool"}]}}]}}]},
      "osProfile": {"computerNamePrefix": "vmss16d29", "adminUsername": "testadmin",
      "adminPassword": "[parameters(''adminPassword'')]"}}, "singlePlacementGroup":
      null}}], "outputs": {"VMSS": {"type": "object", "value": "[reference(resourceId(''Microsoft.Compute/virtualMachineScaleSets'',
      ''vmss1''),providers(''Microsoft.Compute'', ''virtualMachineScaleSets'').apiVersions[0])]"}}},
      "parameters": {"adminPassword": {"value": "TestTest12#$"}}, "mode": "Incremental"}}'
    headers:
      Accept:
      - application/json
      Accept-Encoding:
      - gzip, deflate
      CommandName:
      - vmss create
      Connection:
      - keep-alive
      Content-Length:
      - '3815'
      Content-Type:
      - application/json; charset=utf-8
      ParameterSetName:
      - -g -n --image --admin-username --admin-password
      User-Agent:
      - python/3.7.8 (Windows-10-10.0.19041-SP0) msrest/0.6.18 msrest_azure/0.6.3
        azure-mgmt-resource/12.0.0 Azure-SDK-For-Python AZURECLI/2.18.0
      accept-language:
      - en-US
    method: PUT
    uri: https://management.azure.com/subscriptions/00000000-0000-0000-0000-000000000000/resourcegroups/cli_test_monitor_autoscale_fixed000001/providers/Microsoft.Resources/deployments/mock-deployment?api-version=2020-10-01
  response:
    body:
      string: '{"id":"/subscriptions/00000000-0000-0000-0000-000000000000/resourceGroups/cli_test_monitor_autoscale_fixed000001/providers/Microsoft.Resources/deployments/vmss_deploy_oaJocrrxMHRaarlA5e9OD3eoLfPXr5GI","name":"vmss_deploy_oaJocrrxMHRaarlA5e9OD3eoLfPXr5GI","type":"Microsoft.Resources/deployments","properties":{"templateHash":"5558719298761377765","parameters":{"adminPassword":{"type":"SecureString"}},"mode":"Incremental","provisioningState":"Accepted","timestamp":"2021-01-15T09:58:37.9441497Z","duration":"PT2.3199143S","correlationId":"b9c902d8-fe68-4098-a054-bdc81fa8610e","providers":[{"namespace":"Microsoft.Network","resourceTypes":[{"resourceType":"virtualNetworks","locations":["westus"]},{"resourceType":"publicIPAddresses","locations":["westus"]},{"resourceType":"loadBalancers","locations":["westus"]}]},{"namespace":"Microsoft.Compute","resourceTypes":[{"resourceType":"virtualMachineScaleSets","locations":["westus"]}]}],"dependencies":[{"dependsOn":[{"id":"/subscriptions/00000000-0000-0000-0000-000000000000/resourceGroups/cli_test_monitor_autoscale_fixed000001/providers/Microsoft.Network/virtualNetworks/vmss1VNET","resourceType":"Microsoft.Network/virtualNetworks","resourceName":"vmss1VNET"},{"id":"/subscriptions/00000000-0000-0000-0000-000000000000/resourceGroups/cli_test_monitor_autoscale_fixed000001/providers/Microsoft.Network/publicIPAddresses/vmss1LBPublicIP","resourceType":"Microsoft.Network/publicIPAddresses","resourceName":"vmss1LBPublicIP"}],"id":"/subscriptions/00000000-0000-0000-0000-000000000000/resourceGroups/cli_test_monitor_autoscale_fixed000001/providers/Microsoft.Network/loadBalancers/vmss1LB","resourceType":"Microsoft.Network/loadBalancers","resourceName":"vmss1LB"},{"dependsOn":[{"id":"/subscriptions/00000000-0000-0000-0000-000000000000/resourceGroups/cli_test_monitor_autoscale_fixed000001/providers/Microsoft.Network/virtualNetworks/vmss1VNET","resourceType":"Microsoft.Network/virtualNetworks","resourceName":"vmss1VNET"},{"id":"/subscriptions/00000000-0000-0000-0000-000000000000/resourceGroups/cli_test_monitor_autoscale_fixed000001/providers/Microsoft.Network/loadBalancers/vmss1LB","resourceType":"Microsoft.Network/loadBalancers","resourceName":"vmss1LB"}],"id":"/subscriptions/00000000-0000-0000-0000-000000000000/resourceGroups/cli_test_monitor_autoscale_fixed000001/providers/Microsoft.Compute/virtualMachineScaleSets/vmss1","resourceType":"Microsoft.Compute/virtualMachineScaleSets","resourceName":"vmss1"}]}}'
    headers:
      azure-asyncoperation:
      - https://management.azure.com/subscriptions/00000000-0000-0000-0000-000000000000/resourcegroups/cli_test_monitor_autoscale_fixed000001/providers/Microsoft.Resources/deployments/vmss_deploy_oaJocrrxMHRaarlA5e9OD3eoLfPXr5GI/operationStatuses/08585909021698534001?api-version=2020-10-01
      cache-control:
      - no-cache
      content-length:
      - '2731'
      content-type:
      - application/json; charset=utf-8
      date:
      - Fri, 15 Jan 2021 09:58:39 GMT
      expires:
      - '-1'
      pragma:
      - no-cache
      strict-transport-security:
      - max-age=31536000; includeSubDomains
      x-content-type-options:
      - nosniff
      x-ms-ratelimit-remaining-subscription-writes:
      - '1196'
    status:
      code: 201
      message: Created
- request:
    body: null
    headers:
      Accept:
      - application/json
      Accept-Encoding:
      - gzip, deflate
      CommandName:
      - vmss create
      Connection:
      - keep-alive
      ParameterSetName:
      - -g -n --image --admin-username --admin-password
      User-Agent:
      - python/3.7.8 (Windows-10-10.0.19041-SP0) msrest/0.6.18 msrest_azure/0.6.3
        azure-mgmt-resource/12.0.0 Azure-SDK-For-Python AZURECLI/2.18.0
    method: GET
    uri: https://management.azure.com/subscriptions/00000000-0000-0000-0000-000000000000/resourcegroups/cli_test_monitor_autoscale_fixed000001/providers/Microsoft.Resources/deployments/mock-deployment/operationStatuses/08585909021698534001?api-version=2020-10-01
  response:
    body:
      string: '{"status":"Running"}'
    headers:
      cache-control:
      - no-cache
      content-length:
      - '20'
      content-type:
      - application/json; charset=utf-8
      date:
      - Fri, 15 Jan 2021 09:59:11 GMT
      expires:
      - '-1'
      pragma:
      - no-cache
      strict-transport-security:
      - max-age=31536000; includeSubDomains
      vary:
      - Accept-Encoding
      x-content-type-options:
      - nosniff
    status:
      code: 200
      message: OK
- request:
    body: null
    headers:
      Accept:
      - application/json
      Accept-Encoding:
      - gzip, deflate
      CommandName:
      - vmss create
      Connection:
      - keep-alive
      ParameterSetName:
      - -g -n --image --admin-username --admin-password
      User-Agent:
      - python/3.7.8 (Windows-10-10.0.19041-SP0) msrest/0.6.18 msrest_azure/0.6.3
        azure-mgmt-resource/12.0.0 Azure-SDK-For-Python AZURECLI/2.18.0
    method: GET
    uri: https://management.azure.com/subscriptions/00000000-0000-0000-0000-000000000000/resourcegroups/cli_test_monitor_autoscale_fixed000001/providers/Microsoft.Resources/deployments/mock-deployment/operationStatuses/08585909021698534001?api-version=2020-10-01
  response:
    body:
      string: '{"status":"Running"}'
    headers:
      cache-control:
      - no-cache
      content-length:
      - '20'
      content-type:
      - application/json; charset=utf-8
      date:
      - Fri, 15 Jan 2021 09:59:41 GMT
      expires:
      - '-1'
      pragma:
      - no-cache
      strict-transport-security:
      - max-age=31536000; includeSubDomains
      vary:
      - Accept-Encoding
      x-content-type-options:
      - nosniff
    status:
      code: 200
      message: OK
- request:
    body: null
    headers:
      Accept:
      - application/json
      Accept-Encoding:
      - gzip, deflate
      CommandName:
      - vmss create
      Connection:
      - keep-alive
      ParameterSetName:
      - -g -n --image --admin-username --admin-password
      User-Agent:
      - python/3.7.8 (Windows-10-10.0.19041-SP0) msrest/0.6.18 msrest_azure/0.6.3
        azure-mgmt-resource/12.0.0 Azure-SDK-For-Python AZURECLI/2.18.0
    method: GET
    uri: https://management.azure.com/subscriptions/00000000-0000-0000-0000-000000000000/resourcegroups/cli_test_monitor_autoscale_fixed000001/providers/Microsoft.Resources/deployments/mock-deployment/operationStatuses/08585909021698534001?api-version=2020-10-01
  response:
    body:
      string: '{"status":"Running"}'
    headers:
      cache-control:
      - no-cache
      content-length:
      - '20'
      content-type:
      - application/json; charset=utf-8
      date:
      - Fri, 15 Jan 2021 10:00:11 GMT
      expires:
      - '-1'
      pragma:
      - no-cache
      strict-transport-security:
      - max-age=31536000; includeSubDomains
      vary:
      - Accept-Encoding
      x-content-type-options:
      - nosniff
    status:
      code: 200
      message: OK
- request:
    body: null
    headers:
      Accept:
      - application/json
      Accept-Encoding:
      - gzip, deflate
      CommandName:
      - vmss create
      Connection:
      - keep-alive
      ParameterSetName:
      - -g -n --image --admin-username --admin-password
      User-Agent:
      - python/3.7.8 (Windows-10-10.0.19041-SP0) msrest/0.6.18 msrest_azure/0.6.3
        azure-mgmt-resource/12.0.0 Azure-SDK-For-Python AZURECLI/2.18.0
    method: GET
    uri: https://management.azure.com/subscriptions/00000000-0000-0000-0000-000000000000/resourcegroups/cli_test_monitor_autoscale_fixed000001/providers/Microsoft.Resources/deployments/mock-deployment/operationStatuses/08585909021698534001?api-version=2020-10-01
  response:
    body:
      string: '{"status":"Succeeded"}'
    headers:
      cache-control:
      - no-cache
      content-length:
      - '22'
      content-type:
      - application/json; charset=utf-8
      date:
      - Fri, 15 Jan 2021 10:00:42 GMT
      expires:
      - '-1'
      pragma:
      - no-cache
      strict-transport-security:
      - max-age=31536000; includeSubDomains
      vary:
      - Accept-Encoding
      x-content-type-options:
      - nosniff
    status:
      code: 200
      message: OK
- request:
    body: null
    headers:
      Accept:
      - application/json
      Accept-Encoding:
      - gzip, deflate
      CommandName:
      - vmss create
      Connection:
      - keep-alive
      ParameterSetName:
      - -g -n --image --admin-username --admin-password
      User-Agent:
      - python/3.7.8 (Windows-10-10.0.19041-SP0) msrest/0.6.18 msrest_azure/0.6.3
        azure-mgmt-resource/12.0.0 Azure-SDK-For-Python AZURECLI/2.18.0
    method: GET
    uri: https://management.azure.com/subscriptions/00000000-0000-0000-0000-000000000000/resourcegroups/cli_test_monitor_autoscale_fixed000001/providers/Microsoft.Resources/deployments/mock-deployment?api-version=2020-10-01
  response:
    body:
      string: '{"id":"/subscriptions/00000000-0000-0000-0000-000000000000/resourceGroups/cli_test_monitor_autoscale_fixed000001/providers/Microsoft.Resources/deployments/vmss_deploy_oaJocrrxMHRaarlA5e9OD3eoLfPXr5GI","name":"vmss_deploy_oaJocrrxMHRaarlA5e9OD3eoLfPXr5GI","type":"Microsoft.Resources/deployments","properties":{"templateHash":"5558719298761377765","parameters":{"adminPassword":{"type":"SecureString"}},"mode":"Incremental","provisioningState":"Succeeded","timestamp":"2021-01-15T10:00:24.8506963Z","duration":"PT1M49.2264609S","correlationId":"b9c902d8-fe68-4098-a054-bdc81fa8610e","providers":[{"namespace":"Microsoft.Network","resourceTypes":[{"resourceType":"virtualNetworks","locations":["westus"]},{"resourceType":"publicIPAddresses","locations":["westus"]},{"resourceType":"loadBalancers","locations":["westus"]}]},{"namespace":"Microsoft.Compute","resourceTypes":[{"resourceType":"virtualMachineScaleSets","locations":["westus"]}]}],"dependencies":[{"dependsOn":[{"id":"/subscriptions/00000000-0000-0000-0000-000000000000/resourceGroups/cli_test_monitor_autoscale_fixed000001/providers/Microsoft.Network/virtualNetworks/vmss1VNET","resourceType":"Microsoft.Network/virtualNetworks","resourceName":"vmss1VNET"},{"id":"/subscriptions/00000000-0000-0000-0000-000000000000/resourceGroups/cli_test_monitor_autoscale_fixed000001/providers/Microsoft.Network/publicIPAddresses/vmss1LBPublicIP","resourceType":"Microsoft.Network/publicIPAddresses","resourceName":"vmss1LBPublicIP"}],"id":"/subscriptions/00000000-0000-0000-0000-000000000000/resourceGroups/cli_test_monitor_autoscale_fixed000001/providers/Microsoft.Network/loadBalancers/vmss1LB","resourceType":"Microsoft.Network/loadBalancers","resourceName":"vmss1LB"},{"dependsOn":[{"id":"/subscriptions/00000000-0000-0000-0000-000000000000/resourceGroups/cli_test_monitor_autoscale_fixed000001/providers/Microsoft.Network/virtualNetworks/vmss1VNET","resourceType":"Microsoft.Network/virtualNetworks","resourceName":"vmss1VNET"},{"id":"/subscriptions/00000000-0000-0000-0000-000000000000/resourceGroups/cli_test_monitor_autoscale_fixed000001/providers/Microsoft.Network/loadBalancers/vmss1LB","resourceType":"Microsoft.Network/loadBalancers","resourceName":"vmss1LB"}],"id":"/subscriptions/00000000-0000-0000-0000-000000000000/resourceGroups/cli_test_monitor_autoscale_fixed000001/providers/Microsoft.Compute/virtualMachineScaleSets/vmss1","resourceType":"Microsoft.Compute/virtualMachineScaleSets","resourceName":"vmss1"}],"outputs":{"vmss":{"type":"Object","value":{"singlePlacementGroup":true,"upgradePolicy":{"mode":"Manual"},"virtualMachineProfile":{"osProfile":{"computerNamePrefix":"vmss16d29","adminUsername":"testadmin","linuxConfiguration":{"disablePasswordAuthentication":false,"provisionVMAgent":true},"secrets":[],"allowExtensionOperations":true,"requireGuestProvisionSignal":true},"storageProfile":{"osDisk":{"createOption":"FromImage","caching":"ReadWrite","managedDisk":{"storageAccountType":"Premium_LRS"},"diskSizeGB":30},"imageReference":{"publisher":"Canonical","offer":"UbuntuServer","sku":"18.04-LTS","version":"latest"}},"networkProfile":{"networkInterfaceConfigurations":[{"name":"vmss16d29Nic","properties":{"primary":true,"enableAcceleratedNetworking":false,"dnsSettings":{"dnsServers":[]},"enableIPForwarding":false,"ipConfigurations":[{"name":"vmss16d29IPConfig","properties":{"subnet":{"id":"/subscriptions/00000000-0000-0000-0000-000000000000/resourceGroups/cli_test_monitor_autoscale_fixed000001/providers/Microsoft.Network/virtualNetworks/vmss1VNET/subnets/vmss1Subnet"},"privateIPAddressVersion":"IPv4","loadBalancerBackendAddressPools":[{"id":"/subscriptions/00000000-0000-0000-0000-000000000000/resourceGroups/cli_test_monitor_autoscale_fixed000001/providers/Microsoft.Network/loadBalancers/vmss1LB/backendAddressPools/vmss1LBBEPool"}],"loadBalancerInboundNatPools":[{"id":"/subscriptions/00000000-0000-0000-0000-000000000000/resourceGroups/cli_test_monitor_autoscale_fixed000001/providers/Microsoft.Network/loadBalancers/vmss1LB/inboundNatPools/vmss1LBNatPool"}]}}]}}]}},"provisioningState":"Succeeded","overprovision":true,"doNotRunExtensionsOnOverprovisionedVMs":false,"uniqueId":"0aa327db-a29d-4e23-afbc-737923488c0a"}}},"outputResources":[{"id":"/subscriptions/00000000-0000-0000-0000-000000000000/resourceGroups/cli_test_monitor_autoscale_fixed000001/providers/Microsoft.Compute/virtualMachineScaleSets/vmss1"},{"id":"/subscriptions/00000000-0000-0000-0000-000000000000/resourceGroups/cli_test_monitor_autoscale_fixed000001/providers/Microsoft.Network/loadBalancers/vmss1LB"},{"id":"/subscriptions/00000000-0000-0000-0000-000000000000/resourceGroups/cli_test_monitor_autoscale_fixed000001/providers/Microsoft.Network/publicIPAddresses/vmss1LBPublicIP"},{"id":"/subscriptions/00000000-0000-0000-0000-000000000000/resourceGroups/cli_test_monitor_autoscale_fixed000001/providers/Microsoft.Network/virtualNetworks/vmss1VNET"}]}}'
    headers:
      cache-control:
      - no-cache
      content-length:
      - '5434'
      content-type:
      - application/json; charset=utf-8
      date:
      - Fri, 15 Jan 2021 10:00:42 GMT
      expires:
      - '-1'
      pragma:
      - no-cache
      strict-transport-security:
      - max-age=31536000; includeSubDomains
      vary:
      - Accept-Encoding
      x-content-type-options:
      - nosniff
    status:
      code: 200
      message: OK
- request:
    body: null
    headers:
      Accept:
      - application/json
      Accept-Encoding:
      - gzip, deflate
      CommandName:
      - vmss show
      Connection:
      - keep-alive
      ParameterSetName:
      - -g -n
      User-Agent:
      - AZURECLI/2.18.0 azsdk-python-azure-mgmt-compute/18.0.0 Python/3.7.8 (Windows-10-10.0.19041-SP0)
    method: GET
    uri: https://management.azure.com/subscriptions/00000000-0000-0000-0000-000000000000/resourceGroups/cli_test_monitor_autoscale_fixed000001/providers/Microsoft.Compute/virtualMachineScaleSets/vmss1?api-version=2020-06-01
  response:
    body:
      string: "{\r\n  \"name\": \"vmss1\",\r\n  \"id\": \"/subscriptions/00000000-0000-0000-0000-000000000000/resourceGroups/cli_test_monitor_autoscale_fixed000001/providers/Microsoft.Compute/virtualMachineScaleSets/vmss1\",\r\n
        \ \"type\": \"Microsoft.Compute/virtualMachineScaleSets\",\r\n  \"location\":
        \"westus\",\r\n  \"tags\": {},\r\n  \"sku\": {\r\n    \"name\": \"Standard_DS1_v2\",\r\n
        \   \"tier\": \"Standard\",\r\n    \"capacity\": 2\r\n  },\r\n  \"properties\":
        {\r\n    \"singlePlacementGroup\": true,\r\n    \"upgradePolicy\": {\r\n      \"mode\":
        \"Manual\"\r\n    },\r\n    \"virtualMachineProfile\": {\r\n      \"osProfile\":
        {\r\n        \"computerNamePrefix\": \"vmss16d29\",\r\n        \"adminUsername\":
        \"testadmin\",\r\n        \"linuxConfiguration\": {\r\n          \"disablePasswordAuthentication\":
        false,\r\n          \"provisionVMAgent\": true\r\n        },\r\n        \"secrets\":
        [],\r\n        \"allowExtensionOperations\": true,\r\n        \"requireGuestProvisionSignal\":
        true\r\n      },\r\n      \"storageProfile\": {\r\n        \"osDisk\": {\r\n
        \         \"createOption\": \"FromImage\",\r\n          \"caching\": \"ReadWrite\",\r\n
        \         \"managedDisk\": {\r\n            \"storageAccountType\": \"Premium_LRS\"\r\n
        \         },\r\n          \"diskSizeGB\": 30\r\n        },\r\n        \"imageReference\":
        {\r\n          \"publisher\": \"Canonical\",\r\n          \"offer\": \"UbuntuServer\",\r\n
        \         \"sku\": \"18.04-LTS\",\r\n          \"version\": \"latest\"\r\n
        \       }\r\n      },\r\n      \"networkProfile\": {\"networkInterfaceConfigurations\":[{\"name\":\"vmss16d29Nic\",\"properties\":{\"primary\":true,\"enableAcceleratedNetworking\":false,\"dnsSettings\":{\"dnsServers\":[]},\"enableIPForwarding\":false,\"ipConfigurations\":[{\"name\":\"vmss16d29IPConfig\",\"properties\":{\"subnet\":{\"id\":\"/subscriptions/00000000-0000-0000-0000-000000000000/resourceGroups/cli_test_monitor_autoscale_fixed000001/providers/Microsoft.Network/virtualNetworks/vmss1VNET/subnets/vmss1Subnet\"},\"privateIPAddressVersion\":\"IPv4\",\"loadBalancerBackendAddressPools\":[{\"id\":\"/subscriptions/00000000-0000-0000-0000-000000000000/resourceGroups/cli_test_monitor_autoscale_fixed000001/providers/Microsoft.Network/loadBalancers/vmss1LB/backendAddressPools/vmss1LBBEPool\"}],\"loadBalancerInboundNatPools\":[{\"id\":\"/subscriptions/00000000-0000-0000-0000-000000000000/resourceGroups/cli_test_monitor_autoscale_fixed000001/providers/Microsoft.Network/loadBalancers/vmss1LB/inboundNatPools/vmss1LBNatPool\"}]}}]}}]}\r\n
        \   },\r\n    \"provisioningState\": \"Succeeded\",\r\n    \"overprovision\":
        true,\r\n    \"doNotRunExtensionsOnOverprovisionedVMs\": false,\r\n    \"uniqueId\":
        \"0aa327db-a29d-4e23-afbc-737923488c0a\"\r\n  }\r\n}"
    headers:
      cache-control:
      - no-cache
      content-length:
      - '2638'
      content-type:
      - application/json; charset=utf-8
      date:
      - Fri, 15 Jan 2021 10:00:44 GMT
      expires:
      - '-1'
      pragma:
      - no-cache
      server:
      - Microsoft-HTTPAPI/2.0
      - Microsoft-HTTPAPI/2.0
      strict-transport-security:
      - max-age=31536000; includeSubDomains
      transfer-encoding:
      - chunked
      vary:
      - Accept-Encoding
      x-content-type-options:
      - nosniff
      x-ms-ratelimit-remaining-resource:
      - Microsoft.Compute/GetVMScaleSet3Min;384,Microsoft.Compute/GetVMScaleSet30Min;2584
    status:
      code: 200
      message: OK
- request:
    body: null
    headers:
      Accept:
      - application/json
      Accept-Encoding:
      - gzip, deflate
      CommandName:
      - monitor autoscale create
      Connection:
      - keep-alive
      ParameterSetName:
      - --resource --count
      User-Agent:
      - python/3.7.8 (Windows-10-10.0.19041-SP0) msrest/0.6.18 msrest_azure/0.6.3
        azure-mgmt-resource/12.0.0 Azure-SDK-For-Python AZURECLI/2.18.0
      accept-language:
      - en-US
    method: GET
    uri: https://management.azure.com/subscriptions/00000000-0000-0000-0000-000000000000/resourcegroups/cli_test_monitor_autoscale_fixed000001?api-version=2020-10-01
  response:
    body:
      string: '{"id":"/subscriptions/00000000-0000-0000-0000-000000000000/resourceGroups/cli_test_monitor_autoscale_fixed000001","name":"cli_test_monitor_autoscale_fixed000001","type":"Microsoft.Resources/resourceGroups","location":"westus","tags":{"product":"azurecli","cause":"automation","date":"2021-01-15T09:58:29Z"},"properties":{"provisioningState":"Succeeded"}}'
    headers:
      cache-control:
      - no-cache
      content-length:
      - '428'
      content-type:
      - application/json; charset=utf-8
      date:
      - Fri, 15 Jan 2021 10:00:45 GMT
      expires:
      - '-1'
      pragma:
      - no-cache
      strict-transport-security:
      - max-age=31536000; includeSubDomains
      vary:
      - Accept-Encoding
      x-content-type-options:
      - nosniff
    status:
      code: 200
      message: OK
- request:
    body: '{"location": "westus", "properties": {"profiles": [{"name": "default",
      "capacity": {"minimum": "3", "maximum": "3", "default": "3"}, "rules": []}],
      "notifications": [{"operation": "Scale", "email": {"customEmails": []}, "webhooks":
      []}], "enabled": true, "targetResourceUri": "/subscriptions/00000000-0000-0000-0000-000000000000/resourceGroups/cli_test_monitor_autoscale_fixed000001/providers/Microsoft.Compute/virtualMachineScaleSets/vmss1"}}'
    headers:
      Accept:
      - application/json
      Accept-Encoding:
      - gzip, deflate
      CommandName:
      - monitor autoscale create
      Connection:
      - keep-alive
      Content-Length:
      - '480'
      Content-Type:
      - application/json
      ParameterSetName:
      - --resource --count
      User-Agent:
      - AZURECLI/2.18.0 azsdk-python-azure-mgmt-monitor/2.0.0 Python/3.7.8 (Windows-10-10.0.19041-SP0)
    method: PUT
    uri: https://management.azure.com/subscriptions/00000000-0000-0000-0000-000000000000/resourcegroups/cli_test_monitor_autoscale_fixed000001/providers/microsoft.insights/autoscalesettings/vmss1?api-version=2015-04-01
  response:
    body:
      string: '{"id":"/subscriptions/00000000-0000-0000-0000-000000000000/resourceGroups/cli_test_monitor_autoscale_fixed000001/providers/microsoft.insights/autoscalesettings/vmss1","name":"vmss1","type":"Microsoft.Insights/autoscaleSettings","location":"westus","tags":{},"properties":{"profiles":[{"name":"default","capacity":{"minimum":"3","maximum":"3","default":"3"},"rules":[]}],"enabled":true,"name":"vmss1","targetResourceUri":"/subscriptions/00000000-0000-0000-0000-000000000000/resourceGroups/cli_test_monitor_autoscale_fixed000001/providers/Microsoft.Compute/virtualMachineScaleSets/vmss1","notifications":[{"operation":"Scale","email":{"sendToSubscriptionAdministrator":false,"sendToSubscriptionCoAdministrators":false,"customEmails":[]},"webhooks":[]}]}}'
    headers:
      cache-control:
      - no-cache
      content-length:
      - '826'
      content-type:
      - application/json; charset=utf-8
      date:
      - Fri, 15 Jan 2021 10:00:52 GMT
      expires:
      - '-1'
      pragma:
      - no-cache
      server:
      - Microsoft-IIS/10.0
      strict-transport-security:
      - max-age=31536000; includeSubDomains
      x-content-type-options:
      - nosniff
      x-ms-ratelimit-remaining-subscription-writes:
      - '1184'
    status:
      code: 201
      message: Created
- request:
    body: null
    headers:
      Accept:
      - application/json
      Accept-Encoding:
      - gzip, deflate
      CommandName:
      - monitor autoscale profile create
      Connection:
      - keep-alive
      ParameterSetName:
      - -g --autoscale-name -n --start --end --count --timezone
      User-Agent:
      - AZURECLI/2.18.0 azsdk-python-azure-mgmt-monitor/2.0.0 Python/3.7.8 (Windows-10-10.0.19041-SP0)
    method: GET
    uri: https://management.azure.com/subscriptions/00000000-0000-0000-0000-000000000000/resourcegroups/cli_test_monitor_autoscale_fixed000001/providers/microsoft.insights/autoscalesettings/vmss1?api-version=2015-04-01
  response:
    body:
      string: '{"id":"/subscriptions/00000000-0000-0000-0000-000000000000/resourceGroups/cli_test_monitor_autoscale_fixed000001/providers/microsoft.insights/autoscalesettings/vmss1","name":"vmss1","type":"Microsoft.Insights/autoscaleSettings","location":"westus","tags":{},"properties":{"profiles":[{"name":"default","capacity":{"minimum":"3","maximum":"3","default":"3"},"rules":[]}],"enabled":true,"name":"vmss1","targetResourceUri":"/subscriptions/00000000-0000-0000-0000-000000000000/resourceGroups/cli_test_monitor_autoscale_fixed000001/providers/Microsoft.Compute/virtualMachineScaleSets/vmss1","notifications":[{"operation":"Scale","email":{"sendToSubscriptionAdministrator":false,"sendToSubscriptionCoAdministrators":false,"customEmails":[]},"webhooks":[]}]}}'
    headers:
      cache-control:
      - no-cache
      content-length:
      - '826'
      content-type:
      - application/json; charset=utf-8
      date:
      - Fri, 15 Jan 2021 10:00:52 GMT
      expires:
      - '-1'
      pragma:
      - no-cache
      server:
      - Microsoft-IIS/10.0
      strict-transport-security:
      - max-age=31536000; includeSubDomains
      transfer-encoding:
      - chunked
      vary:
      - Accept-Encoding
      x-content-type-options:
      - nosniff
    status:
      code: 200
      message: OK
- request:
    body: '{"location": "westus", "tags": {}, "properties": {"profiles": [{"name":
      "default", "capacity": {"minimum": "3", "maximum": "3", "default": "3"}, "rules":
      []}, {"name": "Christmas", "capacity": {"minimum": "5", "maximum": "5", "default":
      "5"}, "rules": [], "fixedDate": {"timeZone": "Pacific Standard Time", "start":
      "2018-12-24T00:00:00.000Z", "end": "2018-12-26T00:00:00.000Z"}}], "notifications":
      [{"operation": "Scale", "email": {"sendToSubscriptionAdministrator": false,
      "sendToSubscriptionCoAdministrators": false, "customEmails": []}, "webhooks":
      []}], "enabled": true, "name": "vmss1", "targetResourceUri": "/subscriptions/00000000-0000-0000-0000-000000000000/resourceGroups/cli_test_monitor_autoscale_fixed000001/providers/Microsoft.Compute/virtualMachineScaleSets/vmss1"}}'
    headers:
      Accept:
      - application/json
      Accept-Encoding:
      - gzip, deflate
      CommandName:
      - monitor autoscale profile create
      Connection:
      - keep-alive
      Content-Length:
      - '818'
      Content-Type:
      - application/json
      ParameterSetName:
      - -g --autoscale-name -n --start --end --count --timezone
      User-Agent:
      - AZURECLI/2.18.0 azsdk-python-azure-mgmt-monitor/2.0.0 Python/3.7.8 (Windows-10-10.0.19041-SP0)
    method: PUT
    uri: https://management.azure.com/subscriptions/00000000-0000-0000-0000-000000000000/resourcegroups/cli_test_monitor_autoscale_fixed000001/providers/microsoft.insights/autoscalesettings/vmss1?api-version=2015-04-01
  response:
    body:
      string: '{"id":"/subscriptions/00000000-0000-0000-0000-000000000000/resourceGroups/cli_test_monitor_autoscale_fixed000001/providers/microsoft.insights/autoscalesettings/vmss1","name":"vmss1","type":"Microsoft.Insights/autoscaleSettings","location":"westus","tags":{},"properties":{"profiles":[{"name":"default","capacity":{"minimum":"3","maximum":"3","default":"3"},"rules":[]},{"name":"Christmas","capacity":{"minimum":"5","maximum":"5","default":"5"},"rules":[],"fixedDate":{"timeZone":"Pacific
        Standard Time","start":"2018-12-24T00:00:00Z","end":"2018-12-26T00:00:00Z"}}],"enabled":true,"name":"vmss1","targetResourceUri":"/subscriptions/00000000-0000-0000-0000-000000000000/resourceGroups/cli_test_monitor_autoscale_fixed000001/providers/Microsoft.Compute/virtualMachineScaleSets/vmss1","notifications":[{"operation":"Scale","email":{"sendToSubscriptionAdministrator":false,"sendToSubscriptionCoAdministrators":false,"customEmails":[]},"webhooks":[]}]}}'
    headers:
      cache-control:
      - no-cache
      content-length:
      - '1022'
      content-type:
      - application/json; charset=utf-8
      date:
      - Fri, 15 Jan 2021 10:00:55 GMT
      expires:
      - '-1'
      pragma:
      - no-cache
      server:
      - Microsoft-IIS/10.0
      strict-transport-security:
      - max-age=31536000; includeSubDomains
      transfer-encoding:
      - chunked
      vary:
      - Accept-Encoding
      x-content-type-options:
      - nosniff
      x-ms-ratelimit-remaining-subscription-writes:
      - '1182'
    status:
      code: 200
      message: OK
- request:
    body: null
    headers:
      Accept:
      - application/json
      Accept-Encoding:
      - gzip, deflate
      CommandName:
      - monitor autoscale profile list
      Connection:
      - keep-alive
      ParameterSetName:
      - -g --autoscale-name
      User-Agent:
      - AZURECLI/2.18.0 azsdk-python-azure-mgmt-monitor/2.0.0 Python/3.7.8 (Windows-10-10.0.19041-SP0)
    method: GET
    uri: https://management.azure.com/subscriptions/00000000-0000-0000-0000-000000000000/resourcegroups/cli_test_monitor_autoscale_fixed000001/providers/microsoft.insights/autoscalesettings/vmss1?api-version=2015-04-01
  response:
    body:
      string: '{"id":"/subscriptions/00000000-0000-0000-0000-000000000000/resourceGroups/cli_test_monitor_autoscale_fixed000001/providers/microsoft.insights/autoscalesettings/vmss1","name":"vmss1","type":"Microsoft.Insights/autoscaleSettings","location":"westus","tags":{},"properties":{"profiles":[{"name":"default","capacity":{"minimum":"3","maximum":"3","default":"3"},"rules":[]},{"name":"Christmas","capacity":{"minimum":"5","maximum":"5","default":"5"},"rules":[],"fixedDate":{"timeZone":"Pacific
        Standard Time","start":"2018-12-24T00:00:00Z","end":"2018-12-26T00:00:00Z"}}],"enabled":true,"name":"vmss1","targetResourceUri":"/subscriptions/00000000-0000-0000-0000-000000000000/resourceGroups/cli_test_monitor_autoscale_fixed000001/providers/Microsoft.Compute/virtualMachineScaleSets/vmss1","notifications":[{"operation":"Scale","email":{"sendToSubscriptionAdministrator":false,"sendToSubscriptionCoAdministrators":false,"customEmails":[]},"webhooks":[]}]}}'
    headers:
      cache-control:
      - no-cache
      content-length:
      - '1022'
      content-type:
      - application/json; charset=utf-8
      date:
      - Fri, 15 Jan 2021 10:00:56 GMT
      expires:
      - '-1'
      pragma:
      - no-cache
      server:
      - Microsoft-IIS/10.0
      strict-transport-security:
      - max-age=31536000; includeSubDomains
      transfer-encoding:
      - chunked
      vary:
      - Accept-Encoding
      x-content-type-options:
      - nosniff
    status:
      code: 200
      message: OK
- request:
    body: null
    headers:
      Accept:
      - application/json
      Accept-Encoding:
      - gzip, deflate
      CommandName:
      - monitor autoscale profile delete
      Connection:
      - keep-alive
      ParameterSetName:
      - -g --autoscale-name -n
      User-Agent:
      - AZURECLI/2.18.0 azsdk-python-azure-mgmt-monitor/2.0.0 Python/3.7.8 (Windows-10-10.0.19041-SP0)
    method: GET
    uri: https://management.azure.com/subscriptions/00000000-0000-0000-0000-000000000000/resourcegroups/cli_test_monitor_autoscale_fixed000001/providers/microsoft.insights/autoscalesettings/vmss1?api-version=2015-04-01
  response:
    body:
      string: '{"id":"/subscriptions/00000000-0000-0000-0000-000000000000/resourceGroups/cli_test_monitor_autoscale_fixed000001/providers/microsoft.insights/autoscalesettings/vmss1","name":"vmss1","type":"Microsoft.Insights/autoscaleSettings","location":"westus","tags":{},"properties":{"profiles":[{"name":"default","capacity":{"minimum":"3","maximum":"3","default":"3"},"rules":[]},{"name":"Christmas","capacity":{"minimum":"5","maximum":"5","default":"5"},"rules":[],"fixedDate":{"timeZone":"Pacific
        Standard Time","start":"2018-12-24T00:00:00Z","end":"2018-12-26T00:00:00Z"}}],"enabled":true,"name":"vmss1","targetResourceUri":"/subscriptions/00000000-0000-0000-0000-000000000000/resourceGroups/cli_test_monitor_autoscale_fixed000001/providers/Microsoft.Compute/virtualMachineScaleSets/vmss1","notifications":[{"operation":"Scale","email":{"sendToSubscriptionAdministrator":false,"sendToSubscriptionCoAdministrators":false,"customEmails":[]},"webhooks":[]}]}}'
    headers:
      cache-control:
      - no-cache
      content-length:
      - '1022'
      content-type:
      - application/json; charset=utf-8
      date:
      - Fri, 15 Jan 2021 10:00:57 GMT
      expires:
      - '-1'
      pragma:
      - no-cache
      server:
      - Microsoft-IIS/10.0
      strict-transport-security:
      - max-age=31536000; includeSubDomains
      transfer-encoding:
      - chunked
      vary:
      - Accept-Encoding
      x-content-type-options:
      - nosniff
    status:
      code: 200
      message: OK
- request:
    body: '{"location": "westus", "tags": {}, "properties": {"profiles": [{"name":
      "default", "capacity": {"minimum": "3", "maximum": "3", "default": "3"}, "rules":
      []}], "notifications": [{"operation": "Scale", "email": {"sendToSubscriptionAdministrator":
      false, "sendToSubscriptionCoAdministrators": false, "customEmails": []}, "webhooks":
      []}], "enabled": true, "name": "vmss1", "targetResourceUri": "/subscriptions/00000000-0000-0000-0000-000000000000/resourceGroups/cli_test_monitor_autoscale_fixed000001/providers/Microsoft.Compute/virtualMachineScaleSets/vmss1"}}'
    headers:
      Accept:
      - application/json
      Accept-Encoding:
      - gzip, deflate
      CommandName:
      - monitor autoscale profile delete
      Connection:
      - keep-alive
      Content-Length:
      - '596'
      Content-Type:
      - application/json
      ParameterSetName:
      - -g --autoscale-name -n
      User-Agent:
      - AZURECLI/2.18.0 azsdk-python-azure-mgmt-monitor/2.0.0 Python/3.7.8 (Windows-10-10.0.19041-SP0)
    method: PUT
    uri: https://management.azure.com/subscriptions/00000000-0000-0000-0000-000000000000/resourcegroups/cli_test_monitor_autoscale_fixed000001/providers/microsoft.insights/autoscalesettings/vmss1?api-version=2015-04-01
  response:
    body:
      string: '{"id":"/subscriptions/00000000-0000-0000-0000-000000000000/resourceGroups/cli_test_monitor_autoscale_fixed000001/providers/microsoft.insights/autoscalesettings/vmss1","name":"vmss1","type":"Microsoft.Insights/autoscaleSettings","location":"westus","tags":{},"properties":{"profiles":[{"name":"default","capacity":{"minimum":"3","maximum":"3","default":"3"},"rules":[]}],"enabled":true,"name":"vmss1","targetResourceUri":"/subscriptions/00000000-0000-0000-0000-000000000000/resourceGroups/cli_test_monitor_autoscale_fixed000001/providers/Microsoft.Compute/virtualMachineScaleSets/vmss1","notifications":[{"operation":"Scale","email":{"sendToSubscriptionAdministrator":false,"sendToSubscriptionCoAdministrators":false,"customEmails":[]},"webhooks":[]}]}}'
    headers:
      cache-control:
      - no-cache
      content-length:
      - '826'
      content-type:
      - application/json; charset=utf-8
      date:
      - Fri, 15 Jan 2021 10:01:00 GMT
      expires:
      - '-1'
      pragma:
      - no-cache
      server:
      - Microsoft-IIS/10.0
      strict-transport-security:
      - max-age=31536000; includeSubDomains
      transfer-encoding:
      - chunked
      vary:
      - Accept-Encoding
      x-content-type-options:
      - nosniff
      x-ms-ratelimit-remaining-subscription-writes:
      - '1179'
    status:
      code: 200
      message: OK
- request:
    body: null
    headers:
      Accept:
      - application/json
      Accept-Encoding:
      - gzip, deflate
      CommandName:
      - monitor autoscale profile list
      Connection:
      - keep-alive
      ParameterSetName:
      - -g --autoscale-name
      User-Agent:
      - AZURECLI/2.18.0 azsdk-python-azure-mgmt-monitor/2.0.0 Python/3.7.8 (Windows-10-10.0.19041-SP0)
    method: GET
    uri: https://management.azure.com/subscriptions/00000000-0000-0000-0000-000000000000/resourcegroups/cli_test_monitor_autoscale_fixed000001/providers/microsoft.insights/autoscalesettings/vmss1?api-version=2015-04-01
  response:
    body:
      string: '{"id":"/subscriptions/00000000-0000-0000-0000-000000000000/resourceGroups/cli_test_monitor_autoscale_fixed000001/providers/microsoft.insights/autoscalesettings/vmss1","name":"vmss1","type":"Microsoft.Insights/autoscaleSettings","location":"westus","tags":{},"properties":{"profiles":[{"name":"default","capacity":{"minimum":"3","maximum":"3","default":"3"},"rules":[]}],"enabled":true,"name":"vmss1","targetResourceUri":"/subscriptions/00000000-0000-0000-0000-000000000000/resourceGroups/cli_test_monitor_autoscale_fixed000001/providers/Microsoft.Compute/virtualMachineScaleSets/vmss1","notifications":[{"operation":"Scale","email":{"sendToSubscriptionAdministrator":false,"sendToSubscriptionCoAdministrators":false,"customEmails":[]},"webhooks":[]}]}}'
    headers:
      cache-control:
      - no-cache
      content-length:
      - '826'
      content-type:
      - application/json; charset=utf-8
      date:
      - Fri, 15 Jan 2021 10:01:01 GMT
      expires:
      - '-1'
      pragma:
      - no-cache
      server:
      - Microsoft-IIS/10.0
      strict-transport-security:
      - max-age=31536000; includeSubDomains
      transfer-encoding:
      - chunked
      vary:
      - Accept-Encoding
      x-content-type-options:
      - nosniff
    status:
      code: 200
      message: OK
version: 1
