interactions:
- request:
    body: null
    headers:
      Accept:
      - application/json
      Accept-Encoding:
      - gzip, deflate
      CommandName:
      - vmss create
      Connection:
      - keep-alive
      ParameterSetName:
      - -g -n --image --admin-username --admin-password
      User-Agent:
      - python/3.7.4 (Windows-10-10.0.18362-SP0) msrest/0.6.9 msrest_azure/0.6.3 azure-mgmt-resource/10.0.0
        Azure-SDK-For-Python AZURECLI/2.8.0
      accept-language:
      - en-US
    method: GET
    uri: https://management.azure.com/subscriptions/00000000-0000-0000-0000-000000000000/resourcegroups/cli_test_monitor_autoscale_recurring000001?api-version=2019-07-01
  response:
    body:
<<<<<<< HEAD
      string: '{"id":"/subscriptions/00000000-0000-0000-0000-000000000000/resourceGroups/cli_test_monitor_autoscale_recurring000001","name":"cli_test_monitor_autoscale_recurring000001","type":"Microsoft.Resources/resourceGroups","location":"westus","tags":{"product":"azurecli","cause":"automation","date":"2020-07-09T09:29:18Z"},"properties":{"provisioningState":"Succeeded"}}'
=======
      string: '{"id":"/subscriptions/00000000-0000-0000-0000-000000000000/resourceGroups/cli_test_monitor_autoscale_recurring000001","name":"cli_test_monitor_autoscale_recurring000001","type":"Microsoft.Resources/resourceGroups","location":"westus","tags":{"product":"azurecli","cause":"automation","date":"2020-07-07T07:07:07Z"},"properties":{"provisioningState":"Succeeded"}}'
>>>>>>> Use parser for monitor autoscale's condition
    headers:
      cache-control:
      - no-cache
      content-length:
      - '428'
      content-type:
      - application/json; charset=utf-8
      date:
<<<<<<< HEAD
      - Thu, 09 Jul 2020 09:29:21 GMT
=======
      - Tue, 07 Jul 2020 07:07:13 GMT
>>>>>>> Use parser for monitor autoscale's condition
      expires:
      - '-1'
      pragma:
      - no-cache
      strict-transport-security:
      - max-age=31536000; includeSubDomains
      vary:
      - Accept-Encoding
      x-content-type-options:
      - nosniff
    status:
      code: 200
      message: OK
- request:
    body: null
    headers:
      Accept:
      - '*/*'
      Accept-Encoding:
      - gzip, deflate
      Connection:
      - keep-alive
      User-Agent:
      - python-requests/2.22.0
    method: GET
    uri: https://raw.githubusercontent.com/Azure/azure-rest-api-specs/master/arm-compute/quickstart-templates/aliases.json
  response:
    body:
      string: "{\n  \"$schema\": \"http://schema.management.azure.com/schemas/2015-01-01/deploymentTemplate.json\",\n
        \ \"contentVersion\": \"1.0.0.0\",\n  \"parameters\": {},\n  \"variables\":
        {},\n  \"resources\": [],\n  \"outputs\": {\n    \"aliases\": {\n      \"type\":
        \"object\",\n      \"value\": {\n        \"Linux\": {\n          \"CentOS\":
        {\n            \"publisher\": \"OpenLogic\",\n            \"offer\": \"CentOS\",\n
        \           \"sku\": \"7.5\",\n            \"version\": \"latest\"\n          },\n
        \         \"CoreOS\": {\n            \"publisher\": \"CoreOS\",\n            \"offer\":
        \"CoreOS\",\n            \"sku\": \"Stable\",\n            \"version\": \"latest\"\n
        \         },\n          \"Debian\": {\n            \"publisher\": \"Debian\",\n
        \           \"offer\": \"debian-10\",\n            \"sku\": \"10\",\n            \"version\":
        \"latest\"\n          },\n          \"openSUSE-Leap\": {\n            \"publisher\":
        \"SUSE\",\n            \"offer\": \"openSUSE-Leap\",\n            \"sku\":
        \"42.3\",\n            \"version\": \"latest\"\n          },\n          \"RHEL\":
        {\n            \"publisher\": \"RedHat\",\n            \"offer\": \"RHEL\",\n
        \           \"sku\": \"7-LVM\",\n            \"version\": \"latest\"\n          },\n
        \         \"SLES\": {\n            \"publisher\": \"SUSE\",\n            \"offer\":
        \"SLES\",\n            \"sku\": \"15\",\n            \"version\": \"latest\"\n
        \         },\n          \"UbuntuLTS\": {\n            \"publisher\": \"Canonical\",\n
        \           \"offer\": \"UbuntuServer\",\n            \"sku\": \"18.04-LTS\",\n
        \           \"version\": \"latest\"\n          }\n        },\n        \"Windows\":
        {\n          \"Win2019Datacenter\": {\n            \"publisher\": \"MicrosoftWindowsServer\",\n
        \           \"offer\": \"WindowsServer\",\n            \"sku\": \"2019-Datacenter\",\n
        \           \"version\": \"latest\"\n          },\n          \"Win2016Datacenter\":
        {\n            \"publisher\": \"MicrosoftWindowsServer\",\n            \"offer\":
        \"WindowsServer\",\n            \"sku\": \"2016-Datacenter\",\n            \"version\":
        \"latest\"\n          },\n          \"Win2012R2Datacenter\": {\n            \"publisher\":
        \"MicrosoftWindowsServer\",\n            \"offer\": \"WindowsServer\",\n            \"sku\":
        \"2012-R2-Datacenter\",\n            \"version\": \"latest\"\n          },\n
        \         \"Win2012Datacenter\": {\n            \"publisher\": \"MicrosoftWindowsServer\",\n
        \           \"offer\": \"WindowsServer\",\n            \"sku\": \"2012-Datacenter\",\n
        \           \"version\": \"latest\"\n          },\n          \"Win2008R2SP1\":
        {\n            \"publisher\": \"MicrosoftWindowsServer\",\n            \"offer\":
        \"WindowsServer\",\n            \"sku\": \"2008-R2-SP1\",\n            \"version\":
        \"latest\"\n          }\n        }\n      }\n    }\n  }\n}\n"
    headers:
      accept-ranges:
      - bytes
      access-control-allow-origin:
      - '*'
      cache-control:
      - max-age=300
      connection:
      - keep-alive
      content-length:
      - '2501'
      content-security-policy:
      - default-src 'none'; style-src 'unsafe-inline'; sandbox
      content-type:
      - text/plain; charset=utf-8
      date:
<<<<<<< HEAD
      - Thu, 09 Jul 2020 09:29:22 GMT
      etag:
      - W/"540044b4084c3c314537f1baa1770f248628b2bc9ba0328f1004c33862e049da"
      expires:
      - Thu, 09 Jul 2020 09:34:22 GMT
      source-age:
      - '238'
=======
      - Tue, 07 Jul 2020 07:07:13 GMT
      etag:
      - W/"540044b4084c3c314537f1baa1770f248628b2bc9ba0328f1004c33862e049da"
      expires:
      - Tue, 07 Jul 2020 07:12:13 GMT
      source-age:
      - '75'
>>>>>>> Use parser for monitor autoscale's condition
      strict-transport-security:
      - max-age=31536000
      vary:
      - Authorization,Accept-Encoding, Accept-Encoding
      via:
      - 1.1 varnish (Varnish/6.0)
      - 1.1 varnish
      x-cache:
      - MISS, HIT
      x-cache-hits:
      - 0, 4
      x-content-type-options:
      - nosniff
      x-fastly-request-id:
<<<<<<< HEAD
      - b67b779659adcf27a06fbee232730d227e777b0b
      x-frame-options:
      - deny
      x-github-request-id:
      - 0A7C:5A22:2B326:31351:5F06D8B5
      x-served-by:
      - cache-sin18051-SIN
      x-timer:
      - S1594286963.841751,VS0,VE0
=======
      - bf3609b13d4b5cf67405a85ffa243f8309e7673d
      x-frame-options:
      - deny
      x-github-request-id:
      - 0C4A:264B:4595C3:4AE765:5F040E81
      x-served-by:
      - cache-sin18048-SIN
      x-timer:
      - S1594105634.630595,VS0,VE1
>>>>>>> Use parser for monitor autoscale's condition
      x-xss-protection:
      - 1; mode=block
    status:
      code: 200
      message: OK
- request:
    body: null
    headers:
      Accept:
      - application/json
      Accept-Encoding:
      - gzip, deflate
      CommandName:
      - vmss create
      Connection:
      - keep-alive
      ParameterSetName:
      - -g -n --image --admin-username --admin-password
      User-Agent:
      - python/3.7.4 (Windows-10-10.0.18362-SP0) msrest/0.6.9 msrest_azure/0.6.3 azure-mgmt-network/11.0.0
        Azure-SDK-For-Python AZURECLI/2.8.0
      accept-language:
      - en-US
    method: GET
    uri: https://management.azure.com/subscriptions/00000000-0000-0000-0000-000000000000/resourceGroups/cli_test_monitor_autoscale_recurring000001/providers/Microsoft.Network/virtualNetworks?api-version=2018-01-01
  response:
    body:
      string: '{"value":[]}'
    headers:
      cache-control:
      - no-cache
      content-length:
      - '12'
      content-type:
      - application/json; charset=utf-8
      date:
<<<<<<< HEAD
      - Thu, 09 Jul 2020 09:29:22 GMT
=======
      - Tue, 07 Jul 2020 07:07:13 GMT
>>>>>>> Use parser for monitor autoscale's condition
      expires:
      - '-1'
      pragma:
      - no-cache
      strict-transport-security:
      - max-age=31536000; includeSubDomains
      vary:
      - Accept-Encoding
      x-content-type-options:
      - nosniff
    status:
      code: 200
      message: OK
- request:
    body: 'b''{"properties": {"template": {"$schema": "https://schema.management.azure.com/schemas/2015-01-01/deploymentTemplate.json#",
      "contentVersion": "1.0.0.0", "parameters": {"adminPassword": {"type": "securestring",
      "metadata": {"description": "Secure adminPassword"}}}, "variables": {}, "resources":
      [{"name": "vmss1VNET", "type": "Microsoft.Network/virtualNetworks", "location":
      "westus", "apiVersion": "2015-06-15", "dependsOn": [], "tags": {}, "properties":
      {"addressSpace": {"addressPrefixes": ["10.0.0.0/16"]}, "subnets": [{"name":
      "vmss1Subnet", "properties": {"addressPrefix": "10.0.0.0/24"}}]}}, {"apiVersion":
      "2018-01-01", "type": "Microsoft.Network/publicIPAddresses", "name": "vmss1LBPublicIP",
      "location": "westus", "tags": {}, "dependsOn": [], "properties": {"publicIPAllocationMethod":
      "Dynamic"}}, {"type": "Microsoft.Network/loadBalancers", "name": "vmss1LB",
      "location": "westus", "tags": {}, "apiVersion": "2018-01-01", "dependsOn": ["Microsoft.Network/virtualNetworks/vmss1VNET",
      "Microsoft.Network/publicIpAddresses/vmss1LBPublicIP"], "properties": {"backendAddressPools":
      [{"name": "vmss1LBBEPool"}], "inboundNatPools": [{"name": "vmss1LBNatPool",
      "properties": {"frontendIPConfiguration": {"id": "[concat(resourceId(\''Microsoft.Network/loadBalancers\'',
      \''vmss1LB\''), \''/frontendIPConfigurations/\'', \''loadBalancerFrontEnd\'')]"},
      "protocol": "tcp", "frontendPortRangeStart": "50000", "frontendPortRangeEnd":
      "50119", "backendPort": 22}}], "frontendIPConfigurations": [{"name": "loadBalancerFrontEnd",
      "properties": {"publicIPAddress": {"id": "/subscriptions/00000000-0000-0000-0000-000000000000/resourceGroups/cli_test_monitor_autoscale_recurring000001/providers/Microsoft.Network/publicIPAddresses/vmss1LBPublicIP"}}}]}},
      {"type": "Microsoft.Compute/virtualMachineScaleSets", "name": "vmss1", "location":
      "westus", "tags": {}, "apiVersion": "2020-06-01", "dependsOn": ["Microsoft.Network/virtualNetworks/vmss1VNET",
      "Microsoft.Network/loadBalancers/vmss1LB"], "sku": {"name": "Standard_DS1_v2",
      "capacity": 2}, "properties": {"overprovision": true, "upgradePolicy": {"mode":
      "manual"}, "virtualMachineProfile": {"storageProfile": {"osDisk": {"createOption":
      "FromImage", "caching": "ReadWrite", "managedDisk": {"storageAccountType": null}},
      "imageReference": {"publisher": "Canonical", "offer": "UbuntuServer", "sku":
      "18.04-LTS", "version": "latest"}}, "networkProfile": {"networkInterfaceConfigurations":
<<<<<<< HEAD
      [{"name": "vmss1bb00Nic", "properties": {"primary": "true", "ipConfigurations":
      [{"name": "vmss1bb00IPConfig", "properties": {"subnet": {"id": "/subscriptions/00000000-0000-0000-0000-000000000000/resourceGroups/cli_test_monitor_autoscale_recurring000001/providers/Microsoft.Network/virtualNetworks/vmss1VNET/subnets/vmss1Subnet"},
      "loadBalancerBackendAddressPools": [{"id": "/subscriptions/00000000-0000-0000-0000-000000000000/resourceGroups/cli_test_monitor_autoscale_recurring000001/providers/Microsoft.Network/loadBalancers/vmss1LB/backendAddressPools/vmss1LBBEPool"}],
      "loadBalancerInboundNatPools": [{"id": "/subscriptions/00000000-0000-0000-0000-000000000000/resourceGroups/cli_test_monitor_autoscale_recurring000001/providers/Microsoft.Network/loadBalancers/vmss1LB/inboundNatPools/vmss1LBNatPool"}]}}]}}]},
      "osProfile": {"computerNamePrefix": "vmss1bb00", "adminUsername": "testname",
=======
      [{"name": "vmss15a4dNic", "properties": {"primary": "true", "ipConfigurations":
      [{"name": "vmss15a4dIPConfig", "properties": {"subnet": {"id": "/subscriptions/00000000-0000-0000-0000-000000000000/resourceGroups/cli_test_monitor_autoscale_recurring000001/providers/Microsoft.Network/virtualNetworks/vmss1VNET/subnets/vmss1Subnet"},
      "loadBalancerBackendAddressPools": [{"id": "/subscriptions/00000000-0000-0000-0000-000000000000/resourceGroups/cli_test_monitor_autoscale_recurring000001/providers/Microsoft.Network/loadBalancers/vmss1LB/backendAddressPools/vmss1LBBEPool"}],
      "loadBalancerInboundNatPools": [{"id": "/subscriptions/00000000-0000-0000-0000-000000000000/resourceGroups/cli_test_monitor_autoscale_recurring000001/providers/Microsoft.Network/loadBalancers/vmss1LB/inboundNatPools/vmss1LBNatPool"}]}}]}}]},
      "osProfile": {"computerNamePrefix": "vmss15a4d", "adminUsername": "testname",
>>>>>>> Use parser for monitor autoscale's condition
      "adminPassword": "[parameters(\''adminPassword\'')]"}}, "singlePlacementGroup":
      null}}], "outputs": {"VMSS": {"type": "object", "value": "[reference(resourceId(\''Microsoft.Compute/virtualMachineScaleSets\'',
      \''vmss1\''),providers(\''Microsoft.Compute\'', \''virtualMachineScaleSets\'').apiVersions[0])]"}}},
      "parameters": {"adminPassword": {"value": "TestTest12#$"}}, "mode": "Incremental"}}'''
    headers:
      Accept:
      - application/json
      Accept-Encoding:
      - gzip, deflate
      CommandName:
      - vmss create
      Connection:
      - keep-alive
      Content-Length:
      - '3814'
      Content-Type:
      - application/json; charset=utf-8
      ParameterSetName:
      - -g -n --image --admin-username --admin-password
      User-Agent:
      - python/3.7.4 (Windows-10-10.0.18362-SP0) msrest/0.6.9 msrest_azure/0.6.3 azure-mgmt-resource/10.0.0
        Azure-SDK-For-Python AZURECLI/2.8.0
      accept-language:
      - en-US
    method: PUT
    uri: https://management.azure.com/subscriptions/00000000-0000-0000-0000-000000000000/resourcegroups/cli_test_monitor_autoscale_recurring000001/providers/Microsoft.Resources/deployments/mock-deployment?api-version=2019-07-01
  response:
    body:
<<<<<<< HEAD
      string: '{"id":"/subscriptions/00000000-0000-0000-0000-000000000000/resourceGroups/cli_test_monitor_autoscale_recurring000001/providers/Microsoft.Resources/deployments/vmss_deploy_fHRqbIuL9jmzpxYx3TKd36xYrLGtTbmt","name":"vmss_deploy_fHRqbIuL9jmzpxYx3TKd36xYrLGtTbmt","type":"Microsoft.Resources/deployments","properties":{"templateHash":"7765879554526327070","parameters":{"adminPassword":{"type":"SecureString"}},"mode":"Incremental","provisioningState":"Accepted","timestamp":"2020-07-09T09:29:28.3316818Z","duration":"PT2.4499858S","correlationId":"b36a9439-cb04-42c4-b600-3a7924594d68","providers":[{"namespace":"Microsoft.Network","resourceTypes":[{"resourceType":"virtualNetworks","locations":["westus"]},{"resourceType":"publicIPAddresses","locations":["westus"]},{"resourceType":"loadBalancers","locations":["westus"]}]},{"namespace":"Microsoft.Compute","resourceTypes":[{"resourceType":"virtualMachineScaleSets","locations":["westus"]}]}],"dependencies":[{"dependsOn":[{"id":"/subscriptions/00000000-0000-0000-0000-000000000000/resourceGroups/cli_test_monitor_autoscale_recurring000001/providers/Microsoft.Network/virtualNetworks/vmss1VNET","resourceType":"Microsoft.Network/virtualNetworks","resourceName":"vmss1VNET"},{"id":"/subscriptions/00000000-0000-0000-0000-000000000000/resourceGroups/cli_test_monitor_autoscale_recurring000001/providers/Microsoft.Network/publicIPAddresses/vmss1LBPublicIP","resourceType":"Microsoft.Network/publicIPAddresses","resourceName":"vmss1LBPublicIP"}],"id":"/subscriptions/00000000-0000-0000-0000-000000000000/resourceGroups/cli_test_monitor_autoscale_recurring000001/providers/Microsoft.Network/loadBalancers/vmss1LB","resourceType":"Microsoft.Network/loadBalancers","resourceName":"vmss1LB"},{"dependsOn":[{"id":"/subscriptions/00000000-0000-0000-0000-000000000000/resourceGroups/cli_test_monitor_autoscale_recurring000001/providers/Microsoft.Network/virtualNetworks/vmss1VNET","resourceType":"Microsoft.Network/virtualNetworks","resourceName":"vmss1VNET"},{"id":"/subscriptions/00000000-0000-0000-0000-000000000000/resourceGroups/cli_test_monitor_autoscale_recurring000001/providers/Microsoft.Network/loadBalancers/vmss1LB","resourceType":"Microsoft.Network/loadBalancers","resourceName":"vmss1LB"}],"id":"/subscriptions/00000000-0000-0000-0000-000000000000/resourceGroups/cli_test_monitor_autoscale_recurring000001/providers/Microsoft.Compute/virtualMachineScaleSets/vmss1","resourceType":"Microsoft.Compute/virtualMachineScaleSets","resourceName":"vmss1"}]}}'
    headers:
      azure-asyncoperation:
      - https://management.azure.com/subscriptions/00000000-0000-0000-0000-000000000000/resourcegroups/cli_test_monitor_autoscale_recurring000001/providers/Microsoft.Resources/deployments/vmss_deploy_fHRqbIuL9jmzpxYx3TKd36xYrLGtTbmt/operationStatuses/08586073199195959439?api-version=2019-07-01
=======
      string: '{"id":"/subscriptions/00000000-0000-0000-0000-000000000000/resourceGroups/cli_test_monitor_autoscale_recurring000001/providers/Microsoft.Resources/deployments/vmss_deploy_QyMerMSx0oQI5h2wNflO3jN1ujAojRDT","name":"vmss_deploy_QyMerMSx0oQI5h2wNflO3jN1ujAojRDT","type":"Microsoft.Resources/deployments","properties":{"templateHash":"7037188468344001570","parameters":{"adminPassword":{"type":"SecureString"}},"mode":"Incremental","provisioningState":"Accepted","timestamp":"2020-07-07T07:07:18.2226127Z","duration":"PT2.4119661S","correlationId":"e023abf5-f64e-4a16-a273-6ce1d8842a8a","providers":[{"namespace":"Microsoft.Network","resourceTypes":[{"resourceType":"virtualNetworks","locations":["westus"]},{"resourceType":"publicIPAddresses","locations":["westus"]},{"resourceType":"loadBalancers","locations":["westus"]}]},{"namespace":"Microsoft.Compute","resourceTypes":[{"resourceType":"virtualMachineScaleSets","locations":["westus"]}]}],"dependencies":[{"dependsOn":[{"id":"/subscriptions/00000000-0000-0000-0000-000000000000/resourceGroups/cli_test_monitor_autoscale_recurring000001/providers/Microsoft.Network/virtualNetworks/vmss1VNET","resourceType":"Microsoft.Network/virtualNetworks","resourceName":"vmss1VNET"},{"id":"/subscriptions/00000000-0000-0000-0000-000000000000/resourceGroups/cli_test_monitor_autoscale_recurring000001/providers/Microsoft.Network/publicIPAddresses/vmss1LBPublicIP","resourceType":"Microsoft.Network/publicIPAddresses","resourceName":"vmss1LBPublicIP"}],"id":"/subscriptions/00000000-0000-0000-0000-000000000000/resourceGroups/cli_test_monitor_autoscale_recurring000001/providers/Microsoft.Network/loadBalancers/vmss1LB","resourceType":"Microsoft.Network/loadBalancers","resourceName":"vmss1LB"},{"dependsOn":[{"id":"/subscriptions/00000000-0000-0000-0000-000000000000/resourceGroups/cli_test_monitor_autoscale_recurring000001/providers/Microsoft.Network/virtualNetworks/vmss1VNET","resourceType":"Microsoft.Network/virtualNetworks","resourceName":"vmss1VNET"},{"id":"/subscriptions/00000000-0000-0000-0000-000000000000/resourceGroups/cli_test_monitor_autoscale_recurring000001/providers/Microsoft.Network/loadBalancers/vmss1LB","resourceType":"Microsoft.Network/loadBalancers","resourceName":"vmss1LB"}],"id":"/subscriptions/00000000-0000-0000-0000-000000000000/resourceGroups/cli_test_monitor_autoscale_recurring000001/providers/Microsoft.Compute/virtualMachineScaleSets/vmss1","resourceType":"Microsoft.Compute/virtualMachineScaleSets","resourceName":"vmss1"}]}}'
    headers:
      azure-asyncoperation:
      - https://management.azure.com/subscriptions/00000000-0000-0000-0000-000000000000/resourcegroups/cli_test_monitor_autoscale_recurring000001/providers/Microsoft.Resources/deployments/vmss_deploy_QyMerMSx0oQI5h2wNflO3jN1ujAojRDT/operationStatuses/08586075012496669842?api-version=2019-07-01
>>>>>>> Use parser for monitor autoscale's condition
      cache-control:
      - no-cache
      content-length:
      - '2731'
      content-type:
      - application/json; charset=utf-8
      date:
<<<<<<< HEAD
      - Thu, 09 Jul 2020 09:29:30 GMT
=======
      - Tue, 07 Jul 2020 07:07:19 GMT
>>>>>>> Use parser for monitor autoscale's condition
      expires:
      - '-1'
      pragma:
      - no-cache
      strict-transport-security:
      - max-age=31536000; includeSubDomains
      x-content-type-options:
      - nosniff
      x-ms-ratelimit-remaining-subscription-writes:
      - '1199'
    status:
      code: 201
      message: Created
- request:
    body: null
    headers:
      Accept:
      - application/json
      Accept-Encoding:
      - gzip, deflate
      CommandName:
      - vmss create
      Connection:
      - keep-alive
      ParameterSetName:
      - -g -n --image --admin-username --admin-password
      User-Agent:
      - python/3.7.4 (Windows-10-10.0.18362-SP0) msrest/0.6.9 msrest_azure/0.6.3 azure-mgmt-resource/10.0.0
        Azure-SDK-For-Python AZURECLI/2.8.0
    method: GET
<<<<<<< HEAD
    uri: https://management.azure.com/subscriptions/00000000-0000-0000-0000-000000000000/resourcegroups/cli_test_monitor_autoscale_recurring000001/providers/Microsoft.Resources/deployments/mock-deployment/operationStatuses/08586073199195959439?api-version=2019-07-01
=======
    uri: https://management.azure.com/subscriptions/00000000-0000-0000-0000-000000000000/resourcegroups/cli_test_monitor_autoscale_recurring000001/providers/Microsoft.Resources/deployments/mock-deployment/operationStatuses/08586075012496669842?api-version=2019-07-01
>>>>>>> Use parser for monitor autoscale's condition
  response:
    body:
      string: '{"status":"Running"}'
    headers:
      cache-control:
      - no-cache
      content-length:
      - '20'
      content-type:
      - application/json; charset=utf-8
      date:
<<<<<<< HEAD
      - Thu, 09 Jul 2020 09:30:01 GMT
=======
      - Tue, 07 Jul 2020 07:07:50 GMT
>>>>>>> Use parser for monitor autoscale's condition
      expires:
      - '-1'
      pragma:
      - no-cache
      strict-transport-security:
      - max-age=31536000; includeSubDomains
      vary:
      - Accept-Encoding
      x-content-type-options:
      - nosniff
    status:
      code: 200
      message: OK
- request:
    body: null
    headers:
      Accept:
      - application/json
      Accept-Encoding:
      - gzip, deflate
      CommandName:
      - vmss create
      Connection:
      - keep-alive
      ParameterSetName:
      - -g -n --image --admin-username --admin-password
      User-Agent:
      - python/3.7.4 (Windows-10-10.0.18362-SP0) msrest/0.6.9 msrest_azure/0.6.3 azure-mgmt-resource/10.0.0
        Azure-SDK-For-Python AZURECLI/2.8.0
    method: GET
<<<<<<< HEAD
    uri: https://management.azure.com/subscriptions/00000000-0000-0000-0000-000000000000/resourcegroups/cli_test_monitor_autoscale_recurring000001/providers/Microsoft.Resources/deployments/mock-deployment/operationStatuses/08586073199195959439?api-version=2019-07-01
=======
    uri: https://management.azure.com/subscriptions/00000000-0000-0000-0000-000000000000/resourcegroups/cli_test_monitor_autoscale_recurring000001/providers/Microsoft.Resources/deployments/mock-deployment/operationStatuses/08586075012496669842?api-version=2019-07-01
>>>>>>> Use parser for monitor autoscale's condition
  response:
    body:
      string: '{"status":"Running"}'
    headers:
      cache-control:
      - no-cache
      content-length:
      - '20'
      content-type:
      - application/json; charset=utf-8
      date:
<<<<<<< HEAD
      - Thu, 09 Jul 2020 09:30:31 GMT
=======
      - Tue, 07 Jul 2020 07:08:20 GMT
>>>>>>> Use parser for monitor autoscale's condition
      expires:
      - '-1'
      pragma:
      - no-cache
      strict-transport-security:
      - max-age=31536000; includeSubDomains
      vary:
      - Accept-Encoding
      x-content-type-options:
      - nosniff
    status:
      code: 200
      message: OK
- request:
    body: null
    headers:
      Accept:
      - application/json
      Accept-Encoding:
      - gzip, deflate
      CommandName:
      - vmss create
      Connection:
      - keep-alive
      ParameterSetName:
      - -g -n --image --admin-username --admin-password
      User-Agent:
      - python/3.7.4 (Windows-10-10.0.18362-SP0) msrest/0.6.9 msrest_azure/0.6.3 azure-mgmt-resource/10.0.0
        Azure-SDK-For-Python AZURECLI/2.8.0
    method: GET
<<<<<<< HEAD
    uri: https://management.azure.com/subscriptions/00000000-0000-0000-0000-000000000000/resourcegroups/cli_test_monitor_autoscale_recurring000001/providers/Microsoft.Resources/deployments/mock-deployment/operationStatuses/08586073199195959439?api-version=2019-07-01
=======
    uri: https://management.azure.com/subscriptions/00000000-0000-0000-0000-000000000000/resourcegroups/cli_test_monitor_autoscale_recurring000001/providers/Microsoft.Resources/deployments/mock-deployment/operationStatuses/08586075012496669842?api-version=2019-07-01
>>>>>>> Use parser for monitor autoscale's condition
  response:
    body:
      string: '{"status":"Running"}'
    headers:
      cache-control:
      - no-cache
      content-length:
      - '20'
      content-type:
      - application/json; charset=utf-8
      date:
<<<<<<< HEAD
      - Thu, 09 Jul 2020 09:31:01 GMT
=======
      - Tue, 07 Jul 2020 07:08:50 GMT
>>>>>>> Use parser for monitor autoscale's condition
      expires:
      - '-1'
      pragma:
      - no-cache
      strict-transport-security:
      - max-age=31536000; includeSubDomains
      vary:
      - Accept-Encoding
      x-content-type-options:
      - nosniff
    status:
      code: 200
      message: OK
- request:
    body: null
    headers:
      Accept:
      - application/json
      Accept-Encoding:
      - gzip, deflate
      CommandName:
      - vmss create
      Connection:
      - keep-alive
      ParameterSetName:
      - -g -n --image --admin-username --admin-password
      User-Agent:
      - python/3.7.4 (Windows-10-10.0.18362-SP0) msrest/0.6.9 msrest_azure/0.6.3 azure-mgmt-resource/10.0.0
        Azure-SDK-For-Python AZURECLI/2.8.0
    method: GET
<<<<<<< HEAD
    uri: https://management.azure.com/subscriptions/00000000-0000-0000-0000-000000000000/resourcegroups/cli_test_monitor_autoscale_recurring000001/providers/Microsoft.Resources/deployments/mock-deployment/operationStatuses/08586073199195959439?api-version=2019-07-01
=======
    uri: https://management.azure.com/subscriptions/00000000-0000-0000-0000-000000000000/resourcegroups/cli_test_monitor_autoscale_recurring000001/providers/Microsoft.Resources/deployments/mock-deployment/operationStatuses/08586075012496669842?api-version=2019-07-01
>>>>>>> Use parser for monitor autoscale's condition
  response:
    body:
      string: '{"status":"Running"}'
    headers:
      cache-control:
      - no-cache
      content-length:
      - '20'
      content-type:
      - application/json; charset=utf-8
      date:
<<<<<<< HEAD
      - Thu, 09 Jul 2020 09:31:33 GMT
=======
      - Tue, 07 Jul 2020 07:09:21 GMT
>>>>>>> Use parser for monitor autoscale's condition
      expires:
      - '-1'
      pragma:
      - no-cache
      strict-transport-security:
      - max-age=31536000; includeSubDomains
      vary:
      - Accept-Encoding
      x-content-type-options:
      - nosniff
    status:
      code: 200
      message: OK
- request:
    body: null
    headers:
      Accept:
      - application/json
      Accept-Encoding:
      - gzip, deflate
      CommandName:
      - vmss create
      Connection:
      - keep-alive
      ParameterSetName:
      - -g -n --image --admin-username --admin-password
      User-Agent:
      - python/3.7.4 (Windows-10-10.0.18362-SP0) msrest/0.6.9 msrest_azure/0.6.3 azure-mgmt-resource/10.0.0
        Azure-SDK-For-Python AZURECLI/2.8.0
    method: GET
<<<<<<< HEAD
    uri: https://management.azure.com/subscriptions/00000000-0000-0000-0000-000000000000/resourcegroups/cli_test_monitor_autoscale_recurring000001/providers/Microsoft.Resources/deployments/mock-deployment/operationStatuses/08586073199195959439?api-version=2019-07-01
=======
    uri: https://management.azure.com/subscriptions/00000000-0000-0000-0000-000000000000/resourcegroups/cli_test_monitor_autoscale_recurring000001/providers/Microsoft.Resources/deployments/mock-deployment/operationStatuses/08586075012496669842?api-version=2019-07-01
>>>>>>> Use parser for monitor autoscale's condition
  response:
    body:
      string: '{"status":"Succeeded"}'
    headers:
      cache-control:
      - no-cache
      content-length:
      - '22'
      content-type:
      - application/json; charset=utf-8
      date:
<<<<<<< HEAD
      - Thu, 09 Jul 2020 09:32:03 GMT
=======
      - Tue, 07 Jul 2020 07:09:52 GMT
>>>>>>> Use parser for monitor autoscale's condition
      expires:
      - '-1'
      pragma:
      - no-cache
      strict-transport-security:
      - max-age=31536000; includeSubDomains
      vary:
      - Accept-Encoding
      x-content-type-options:
      - nosniff
    status:
      code: 200
      message: OK
- request:
    body: null
    headers:
      Accept:
      - application/json
      Accept-Encoding:
      - gzip, deflate
      CommandName:
      - vmss create
      Connection:
      - keep-alive
      ParameterSetName:
      - -g -n --image --admin-username --admin-password
      User-Agent:
      - python/3.7.4 (Windows-10-10.0.18362-SP0) msrest/0.6.9 msrest_azure/0.6.3 azure-mgmt-resource/10.0.0
        Azure-SDK-For-Python AZURECLI/2.8.0
    method: GET
    uri: https://management.azure.com/subscriptions/00000000-0000-0000-0000-000000000000/resourcegroups/cli_test_monitor_autoscale_recurring000001/providers/Microsoft.Resources/deployments/mock-deployment?api-version=2019-07-01
  response:
    body:
<<<<<<< HEAD
      string: '{"id":"/subscriptions/00000000-0000-0000-0000-000000000000/resourceGroups/cli_test_monitor_autoscale_recurring000001/providers/Microsoft.Resources/deployments/vmss_deploy_fHRqbIuL9jmzpxYx3TKd36xYrLGtTbmt","name":"vmss_deploy_fHRqbIuL9jmzpxYx3TKd36xYrLGtTbmt","type":"Microsoft.Resources/deployments","properties":{"templateHash":"7765879554526327070","parameters":{"adminPassword":{"type":"SecureString"}},"mode":"Incremental","provisioningState":"Succeeded","timestamp":"2020-07-09T09:31:40.970274Z","duration":"PT2M15.088578S","correlationId":"b36a9439-cb04-42c4-b600-3a7924594d68","providers":[{"namespace":"Microsoft.Network","resourceTypes":[{"resourceType":"virtualNetworks","locations":["westus"]},{"resourceType":"publicIPAddresses","locations":["westus"]},{"resourceType":"loadBalancers","locations":["westus"]}]},{"namespace":"Microsoft.Compute","resourceTypes":[{"resourceType":"virtualMachineScaleSets","locations":["westus"]}]}],"dependencies":[{"dependsOn":[{"id":"/subscriptions/00000000-0000-0000-0000-000000000000/resourceGroups/cli_test_monitor_autoscale_recurring000001/providers/Microsoft.Network/virtualNetworks/vmss1VNET","resourceType":"Microsoft.Network/virtualNetworks","resourceName":"vmss1VNET"},{"id":"/subscriptions/00000000-0000-0000-0000-000000000000/resourceGroups/cli_test_monitor_autoscale_recurring000001/providers/Microsoft.Network/publicIPAddresses/vmss1LBPublicIP","resourceType":"Microsoft.Network/publicIPAddresses","resourceName":"vmss1LBPublicIP"}],"id":"/subscriptions/00000000-0000-0000-0000-000000000000/resourceGroups/cli_test_monitor_autoscale_recurring000001/providers/Microsoft.Network/loadBalancers/vmss1LB","resourceType":"Microsoft.Network/loadBalancers","resourceName":"vmss1LB"},{"dependsOn":[{"id":"/subscriptions/00000000-0000-0000-0000-000000000000/resourceGroups/cli_test_monitor_autoscale_recurring000001/providers/Microsoft.Network/virtualNetworks/vmss1VNET","resourceType":"Microsoft.Network/virtualNetworks","resourceName":"vmss1VNET"},{"id":"/subscriptions/00000000-0000-0000-0000-000000000000/resourceGroups/cli_test_monitor_autoscale_recurring000001/providers/Microsoft.Network/loadBalancers/vmss1LB","resourceType":"Microsoft.Network/loadBalancers","resourceName":"vmss1LB"}],"id":"/subscriptions/00000000-0000-0000-0000-000000000000/resourceGroups/cli_test_monitor_autoscale_recurring000001/providers/Microsoft.Compute/virtualMachineScaleSets/vmss1","resourceType":"Microsoft.Compute/virtualMachineScaleSets","resourceName":"vmss1"}],"outputs":{"vmss":{"type":"Object","value":{"singlePlacementGroup":true,"upgradePolicy":{"mode":"Manual"},"virtualMachineProfile":{"osProfile":{"computerNamePrefix":"vmss1bb00","adminUsername":"testname","linuxConfiguration":{"disablePasswordAuthentication":false,"provisionVMAgent":true},"secrets":[],"allowExtensionOperations":true,"requireGuestProvisionSignal":true},"storageProfile":{"osDisk":{"createOption":"FromImage","caching":"ReadWrite","managedDisk":{"storageAccountType":"Premium_LRS"},"diskSizeGB":30},"imageReference":{"publisher":"Canonical","offer":"UbuntuServer","sku":"18.04-LTS","version":"latest"}},"networkProfile":{"networkInterfaceConfigurations":[{"name":"vmss1bb00Nic","properties":{"primary":true,"enableAcceleratedNetworking":false,"dnsSettings":{"dnsServers":[]},"enableIPForwarding":false,"ipConfigurations":[{"name":"vmss1bb00IPConfig","properties":{"subnet":{"id":"/subscriptions/00000000-0000-0000-0000-000000000000/resourceGroups/cli_test_monitor_autoscale_recurring000001/providers/Microsoft.Network/virtualNetworks/vmss1VNET/subnets/vmss1Subnet"},"privateIPAddressVersion":"IPv4","loadBalancerBackendAddressPools":[{"id":"/subscriptions/00000000-0000-0000-0000-000000000000/resourceGroups/cli_test_monitor_autoscale_recurring000001/providers/Microsoft.Network/loadBalancers/vmss1LB/backendAddressPools/vmss1LBBEPool"}],"loadBalancerInboundNatPools":[{"id":"/subscriptions/00000000-0000-0000-0000-000000000000/resourceGroups/cli_test_monitor_autoscale_recurring000001/providers/Microsoft.Network/loadBalancers/vmss1LB/inboundNatPools/vmss1LBNatPool"}]}}]}}]}},"provisioningState":"Succeeded","overprovision":true,"doNotRunExtensionsOnOverprovisionedVMs":false,"uniqueId":"3a932179-6f36-4af2-ba5b-5901e7a39e6b"}}},"outputResources":[{"id":"/subscriptions/00000000-0000-0000-0000-000000000000/resourceGroups/cli_test_monitor_autoscale_recurring000001/providers/Microsoft.Compute/virtualMachineScaleSets/vmss1"},{"id":"/subscriptions/00000000-0000-0000-0000-000000000000/resourceGroups/cli_test_monitor_autoscale_recurring000001/providers/Microsoft.Network/loadBalancers/vmss1LB"},{"id":"/subscriptions/00000000-0000-0000-0000-000000000000/resourceGroups/cli_test_monitor_autoscale_recurring000001/providers/Microsoft.Network/publicIPAddresses/vmss1LBPublicIP"},{"id":"/subscriptions/00000000-0000-0000-0000-000000000000/resourceGroups/cli_test_monitor_autoscale_recurring000001/providers/Microsoft.Network/virtualNetworks/vmss1VNET"}]}}'
=======
      string: '{"id":"/subscriptions/00000000-0000-0000-0000-000000000000/resourceGroups/cli_test_monitor_autoscale_recurring000001/providers/Microsoft.Resources/deployments/vmss_deploy_QyMerMSx0oQI5h2wNflO3jN1ujAojRDT","name":"vmss_deploy_QyMerMSx0oQI5h2wNflO3jN1ujAojRDT","type":"Microsoft.Resources/deployments","properties":{"templateHash":"7037188468344001570","parameters":{"adminPassword":{"type":"SecureString"}},"mode":"Incremental","provisioningState":"Succeeded","timestamp":"2020-07-07T07:09:27.3485136Z","duration":"PT2M11.537867S","correlationId":"e023abf5-f64e-4a16-a273-6ce1d8842a8a","providers":[{"namespace":"Microsoft.Network","resourceTypes":[{"resourceType":"virtualNetworks","locations":["westus"]},{"resourceType":"publicIPAddresses","locations":["westus"]},{"resourceType":"loadBalancers","locations":["westus"]}]},{"namespace":"Microsoft.Compute","resourceTypes":[{"resourceType":"virtualMachineScaleSets","locations":["westus"]}]}],"dependencies":[{"dependsOn":[{"id":"/subscriptions/00000000-0000-0000-0000-000000000000/resourceGroups/cli_test_monitor_autoscale_recurring000001/providers/Microsoft.Network/virtualNetworks/vmss1VNET","resourceType":"Microsoft.Network/virtualNetworks","resourceName":"vmss1VNET"},{"id":"/subscriptions/00000000-0000-0000-0000-000000000000/resourceGroups/cli_test_monitor_autoscale_recurring000001/providers/Microsoft.Network/publicIPAddresses/vmss1LBPublicIP","resourceType":"Microsoft.Network/publicIPAddresses","resourceName":"vmss1LBPublicIP"}],"id":"/subscriptions/00000000-0000-0000-0000-000000000000/resourceGroups/cli_test_monitor_autoscale_recurring000001/providers/Microsoft.Network/loadBalancers/vmss1LB","resourceType":"Microsoft.Network/loadBalancers","resourceName":"vmss1LB"},{"dependsOn":[{"id":"/subscriptions/00000000-0000-0000-0000-000000000000/resourceGroups/cli_test_monitor_autoscale_recurring000001/providers/Microsoft.Network/virtualNetworks/vmss1VNET","resourceType":"Microsoft.Network/virtualNetworks","resourceName":"vmss1VNET"},{"id":"/subscriptions/00000000-0000-0000-0000-000000000000/resourceGroups/cli_test_monitor_autoscale_recurring000001/providers/Microsoft.Network/loadBalancers/vmss1LB","resourceType":"Microsoft.Network/loadBalancers","resourceName":"vmss1LB"}],"id":"/subscriptions/00000000-0000-0000-0000-000000000000/resourceGroups/cli_test_monitor_autoscale_recurring000001/providers/Microsoft.Compute/virtualMachineScaleSets/vmss1","resourceType":"Microsoft.Compute/virtualMachineScaleSets","resourceName":"vmss1"}],"outputs":{"vmss":{"type":"Object","value":{"singlePlacementGroup":true,"upgradePolicy":{"mode":"Manual"},"virtualMachineProfile":{"osProfile":{"computerNamePrefix":"vmss15a4d","adminUsername":"testname","linuxConfiguration":{"disablePasswordAuthentication":false,"provisionVMAgent":true},"secrets":[],"allowExtensionOperations":true,"requireGuestProvisionSignal":true},"storageProfile":{"osDisk":{"createOption":"FromImage","caching":"ReadWrite","managedDisk":{"storageAccountType":"Premium_LRS"},"diskSizeGB":30},"imageReference":{"publisher":"Canonical","offer":"UbuntuServer","sku":"18.04-LTS","version":"latest"}},"networkProfile":{"networkInterfaceConfigurations":[{"name":"vmss15a4dNic","properties":{"primary":true,"enableAcceleratedNetworking":false,"dnsSettings":{"dnsServers":[]},"enableIPForwarding":false,"ipConfigurations":[{"name":"vmss15a4dIPConfig","properties":{"subnet":{"id":"/subscriptions/00000000-0000-0000-0000-000000000000/resourceGroups/cli_test_monitor_autoscale_recurring000001/providers/Microsoft.Network/virtualNetworks/vmss1VNET/subnets/vmss1Subnet"},"privateIPAddressVersion":"IPv4","loadBalancerBackendAddressPools":[{"id":"/subscriptions/00000000-0000-0000-0000-000000000000/resourceGroups/cli_test_monitor_autoscale_recurring000001/providers/Microsoft.Network/loadBalancers/vmss1LB/backendAddressPools/vmss1LBBEPool"}],"loadBalancerInboundNatPools":[{"id":"/subscriptions/00000000-0000-0000-0000-000000000000/resourceGroups/cli_test_monitor_autoscale_recurring000001/providers/Microsoft.Network/loadBalancers/vmss1LB/inboundNatPools/vmss1LBNatPool"}]}}]}}]}},"provisioningState":"Succeeded","overprovision":true,"doNotRunExtensionsOnOverprovisionedVMs":false,"uniqueId":"81e63d97-3164-4798-b74f-efd0e72f2677"}}},"outputResources":[{"id":"/subscriptions/00000000-0000-0000-0000-000000000000/resourceGroups/cli_test_monitor_autoscale_recurring000001/providers/Microsoft.Compute/virtualMachineScaleSets/vmss1"},{"id":"/subscriptions/00000000-0000-0000-0000-000000000000/resourceGroups/cli_test_monitor_autoscale_recurring000001/providers/Microsoft.Network/loadBalancers/vmss1LB"},{"id":"/subscriptions/00000000-0000-0000-0000-000000000000/resourceGroups/cli_test_monitor_autoscale_recurring000001/providers/Microsoft.Network/publicIPAddresses/vmss1LBPublicIP"},{"id":"/subscriptions/00000000-0000-0000-0000-000000000000/resourceGroups/cli_test_monitor_autoscale_recurring000001/providers/Microsoft.Network/virtualNetworks/vmss1VNET"}]}}'
>>>>>>> Use parser for monitor autoscale's condition
    headers:
      cache-control:
      - no-cache
      content-length:
<<<<<<< HEAD
      - '5431'
      content-type:
      - application/json; charset=utf-8
      date:
      - Thu, 09 Jul 2020 09:32:04 GMT
=======
      - '5432'
      content-type:
      - application/json; charset=utf-8
      date:
      - Tue, 07 Jul 2020 07:09:53 GMT
>>>>>>> Use parser for monitor autoscale's condition
      expires:
      - '-1'
      pragma:
      - no-cache
      strict-transport-security:
      - max-age=31536000; includeSubDomains
      vary:
      - Accept-Encoding
      x-content-type-options:
      - nosniff
    status:
      code: 200
      message: OK
- request:
    body: null
    headers:
      Accept:
      - application/json
      Accept-Encoding:
      - gzip, deflate
      CommandName:
      - vmss show
      Connection:
      - keep-alive
      ParameterSetName:
      - -g -n
      User-Agent:
<<<<<<< HEAD
      - python/3.7.4 (Windows-10-10.0.18362-SP0) msrest/0.6.9 msrest_azure/0.6.3 azure-mgmt-compute/13.0.0
=======
      - python/3.7.4 (Windows-10-10.0.18362-SP0) msrest/0.6.9 msrest_azure/0.6.3 azure-mgmt-compute/12.0.0
>>>>>>> Use parser for monitor autoscale's condition
        Azure-SDK-For-Python AZURECLI/2.8.0
      accept-language:
      - en-US
    method: GET
    uri: https://management.azure.com/subscriptions/00000000-0000-0000-0000-000000000000/resourceGroups/cli_test_monitor_autoscale_recurring000001/providers/Microsoft.Compute/virtualMachineScaleSets/vmss1?api-version=2020-06-01
  response:
    body:
      string: "{\r\n  \"name\": \"vmss1\",\r\n  \"id\": \"/subscriptions/00000000-0000-0000-0000-000000000000/resourceGroups/cli_test_monitor_autoscale_recurring000001/providers/Microsoft.Compute/virtualMachineScaleSets/vmss1\",\r\n
        \ \"type\": \"Microsoft.Compute/virtualMachineScaleSets\",\r\n  \"location\":
        \"westus\",\r\n  \"tags\": {},\r\n  \"sku\": {\r\n    \"name\": \"Standard_DS1_v2\",\r\n
        \   \"tier\": \"Standard\",\r\n    \"capacity\": 2\r\n  },\r\n  \"properties\":
        {\r\n    \"singlePlacementGroup\": true,\r\n    \"upgradePolicy\": {\r\n      \"mode\":
        \"Manual\"\r\n    },\r\n    \"virtualMachineProfile\": {\r\n      \"osProfile\":
<<<<<<< HEAD
        {\r\n        \"computerNamePrefix\": \"vmss1bb00\",\r\n        \"adminUsername\":
=======
        {\r\n        \"computerNamePrefix\": \"vmss15a4d\",\r\n        \"adminUsername\":
>>>>>>> Use parser for monitor autoscale's condition
        \"testname\",\r\n        \"linuxConfiguration\": {\r\n          \"disablePasswordAuthentication\":
        false,\r\n          \"provisionVMAgent\": true\r\n        },\r\n        \"secrets\":
        [],\r\n        \"allowExtensionOperations\": true,\r\n        \"requireGuestProvisionSignal\":
        true\r\n      },\r\n      \"storageProfile\": {\r\n        \"osDisk\": {\r\n
        \         \"createOption\": \"FromImage\",\r\n          \"caching\": \"ReadWrite\",\r\n
        \         \"managedDisk\": {\r\n            \"storageAccountType\": \"Premium_LRS\"\r\n
        \         },\r\n          \"diskSizeGB\": 30\r\n        },\r\n        \"imageReference\":
        {\r\n          \"publisher\": \"Canonical\",\r\n          \"offer\": \"UbuntuServer\",\r\n
        \         \"sku\": \"18.04-LTS\",\r\n          \"version\": \"latest\"\r\n
<<<<<<< HEAD
        \       }\r\n      },\r\n      \"networkProfile\": {\"networkInterfaceConfigurations\":[{\"name\":\"vmss1bb00Nic\",\"properties\":{\"primary\":true,\"enableAcceleratedNetworking\":false,\"dnsSettings\":{\"dnsServers\":[]},\"enableIPForwarding\":false,\"ipConfigurations\":[{\"name\":\"vmss1bb00IPConfig\",\"properties\":{\"subnet\":{\"id\":\"/subscriptions/00000000-0000-0000-0000-000000000000/resourceGroups/cli_test_monitor_autoscale_recurring000001/providers/Microsoft.Network/virtualNetworks/vmss1VNET/subnets/vmss1Subnet\"},\"privateIPAddressVersion\":\"IPv4\",\"loadBalancerBackendAddressPools\":[{\"id\":\"/subscriptions/00000000-0000-0000-0000-000000000000/resourceGroups/cli_test_monitor_autoscale_recurring000001/providers/Microsoft.Network/loadBalancers/vmss1LB/backendAddressPools/vmss1LBBEPool\"}],\"loadBalancerInboundNatPools\":[{\"id\":\"/subscriptions/00000000-0000-0000-0000-000000000000/resourceGroups/cli_test_monitor_autoscale_recurring000001/providers/Microsoft.Network/loadBalancers/vmss1LB/inboundNatPools/vmss1LBNatPool\"}]}}]}}]}\r\n
        \   },\r\n    \"provisioningState\": \"Succeeded\",\r\n    \"overprovision\":
        true,\r\n    \"doNotRunExtensionsOnOverprovisionedVMs\": false,\r\n    \"uniqueId\":
        \"3a932179-6f36-4af2-ba5b-5901e7a39e6b\"\r\n  }\r\n}"
=======
        \       }\r\n      },\r\n      \"networkProfile\": {\"networkInterfaceConfigurations\":[{\"name\":\"vmss15a4dNic\",\"properties\":{\"primary\":true,\"enableAcceleratedNetworking\":false,\"dnsSettings\":{\"dnsServers\":[]},\"enableIPForwarding\":false,\"ipConfigurations\":[{\"name\":\"vmss15a4dIPConfig\",\"properties\":{\"subnet\":{\"id\":\"/subscriptions/00000000-0000-0000-0000-000000000000/resourceGroups/cli_test_monitor_autoscale_recurring000001/providers/Microsoft.Network/virtualNetworks/vmss1VNET/subnets/vmss1Subnet\"},\"privateIPAddressVersion\":\"IPv4\",\"loadBalancerBackendAddressPools\":[{\"id\":\"/subscriptions/00000000-0000-0000-0000-000000000000/resourceGroups/cli_test_monitor_autoscale_recurring000001/providers/Microsoft.Network/loadBalancers/vmss1LB/backendAddressPools/vmss1LBBEPool\"}],\"loadBalancerInboundNatPools\":[{\"id\":\"/subscriptions/00000000-0000-0000-0000-000000000000/resourceGroups/cli_test_monitor_autoscale_recurring000001/providers/Microsoft.Network/loadBalancers/vmss1LB/inboundNatPools/vmss1LBNatPool\"}]}}]}}]}\r\n
        \   },\r\n    \"provisioningState\": \"Succeeded\",\r\n    \"overprovision\":
        true,\r\n    \"doNotRunExtensionsOnOverprovisionedVMs\": false,\r\n    \"uniqueId\":
        \"81e63d97-3164-4798-b74f-efd0e72f2677\"\r\n  }\r\n}"
>>>>>>> Use parser for monitor autoscale's condition
    headers:
      cache-control:
      - no-cache
      content-length:
      - '2637'
      content-type:
      - application/json; charset=utf-8
      date:
<<<<<<< HEAD
      - Thu, 09 Jul 2020 09:32:05 GMT
=======
      - Tue, 07 Jul 2020 07:09:54 GMT
>>>>>>> Use parser for monitor autoscale's condition
      expires:
      - '-1'
      pragma:
      - no-cache
      server:
      - Microsoft-HTTPAPI/2.0
      - Microsoft-HTTPAPI/2.0
      strict-transport-security:
      - max-age=31536000; includeSubDomains
      transfer-encoding:
      - chunked
      vary:
      - Accept-Encoding
      x-content-type-options:
      - nosniff
      x-ms-ratelimit-remaining-resource:
<<<<<<< HEAD
      - Microsoft.Compute/GetVMScaleSet3Min;382,Microsoft.Compute/GetVMScaleSet30Min;2576
=======
      - Microsoft.Compute/GetVMScaleSet3Min;378,Microsoft.Compute/GetVMScaleSet30Min;2578
>>>>>>> Use parser for monitor autoscale's condition
    status:
      code: 200
      message: OK
- request:
    body: null
    headers:
      Accept:
      - application/json
      Accept-Encoding:
      - gzip, deflate
      CommandName:
      - monitor autoscale create
      Connection:
      - keep-alive
      ParameterSetName:
      - --resource --count
      User-Agent:
      - python/3.7.4 (Windows-10-10.0.18362-SP0) msrest/0.6.9 msrest_azure/0.6.3 azure-mgmt-resource/10.0.0
        Azure-SDK-For-Python AZURECLI/2.8.0
      accept-language:
      - en-US
    method: GET
    uri: https://management.azure.com/subscriptions/00000000-0000-0000-0000-000000000000/resourcegroups/cli_test_monitor_autoscale_recurring000001?api-version=2019-07-01
  response:
    body:
<<<<<<< HEAD
      string: '{"id":"/subscriptions/00000000-0000-0000-0000-000000000000/resourceGroups/cli_test_monitor_autoscale_recurring000001","name":"cli_test_monitor_autoscale_recurring000001","type":"Microsoft.Resources/resourceGroups","location":"westus","tags":{"product":"azurecli","cause":"automation","date":"2020-07-09T09:29:18Z"},"properties":{"provisioningState":"Succeeded"}}'
=======
      string: '{"id":"/subscriptions/00000000-0000-0000-0000-000000000000/resourceGroups/cli_test_monitor_autoscale_recurring000001","name":"cli_test_monitor_autoscale_recurring000001","type":"Microsoft.Resources/resourceGroups","location":"westus","tags":{"product":"azurecli","cause":"automation","date":"2020-07-07T07:07:07Z"},"properties":{"provisioningState":"Succeeded"}}'
>>>>>>> Use parser for monitor autoscale's condition
    headers:
      cache-control:
      - no-cache
      content-length:
      - '428'
      content-type:
      - application/json; charset=utf-8
      date:
<<<<<<< HEAD
      - Thu, 09 Jul 2020 09:32:05 GMT
=======
      - Tue, 07 Jul 2020 07:09:54 GMT
>>>>>>> Use parser for monitor autoscale's condition
      expires:
      - '-1'
      pragma:
      - no-cache
      strict-transport-security:
      - max-age=31536000; includeSubDomains
      vary:
      - Accept-Encoding
      x-content-type-options:
      - nosniff
    status:
      code: 200
      message: OK
- request:
    body: 'b''{"location": "westus", "properties": {"profiles": [{"name": "default",
      "capacity": {"minimum": "3", "maximum": "3", "default": "3"}, "rules": []}],
      "notifications": [{"operation": "Scale", "email": {"customEmails": []}, "webhooks":
      []}], "enabled": true, "name": "vmss1", "targetResourceUri": "/subscriptions/00000000-0000-0000-0000-000000000000/resourceGroups/cli_test_monitor_autoscale_recurring000001/providers/Microsoft.Compute/virtualMachineScaleSets/vmss1"}}'''
    headers:
      Accept:
      - application/json
      Accept-Encoding:
      - gzip, deflate
      CommandName:
      - monitor autoscale create
      Connection:
      - keep-alive
      Content-Length:
      - '497'
      Content-Type:
      - application/json; charset=utf-8
      ParameterSetName:
      - --resource --count
      User-Agent:
      - python/3.7.4 (Windows-10-10.0.18362-SP0) msrest/0.6.9 msrest_azure/0.6.3 azure-mgmt-monitor/0.10.0
        Azure-SDK-For-Python AZURECLI/2.8.0
      accept-language:
      - en-US
    method: PUT
    uri: https://management.azure.com/subscriptions/00000000-0000-0000-0000-000000000000/resourcegroups/cli_test_monitor_autoscale_recurring000001/providers/microsoft.insights/autoscalesettings/vmss1?api-version=2015-04-01
  response:
    body:
      string: '{"id":"/subscriptions/00000000-0000-0000-0000-000000000000/resourceGroups/cli_test_monitor_autoscale_recurring000001/providers/microsoft.insights/autoscalesettings/vmss1","name":"vmss1","type":"Microsoft.Insights/autoscaleSettings","location":"westus","tags":{},"properties":{"profiles":[{"name":"default","capacity":{"minimum":"3","maximum":"3","default":"3"},"rules":[]}],"enabled":true,"name":"vmss1","targetResourceUri":"/subscriptions/00000000-0000-0000-0000-000000000000/resourceGroups/cli_test_monitor_autoscale_recurring000001/providers/Microsoft.Compute/virtualMachineScaleSets/vmss1","notifications":[{"operation":"Scale","email":{"sendToSubscriptionAdministrator":false,"sendToSubscriptionCoAdministrators":false,"customEmails":[]},"webhooks":[]}]}}'
    headers:
      cache-control:
      - no-cache
      content-length:
      - '826'
      content-type:
      - application/json; charset=utf-8
      date:
<<<<<<< HEAD
      - Thu, 09 Jul 2020 09:32:13 GMT
=======
      - Tue, 07 Jul 2020 07:10:03 GMT
>>>>>>> Use parser for monitor autoscale's condition
      expires:
      - '-1'
      pragma:
      - no-cache
      server:
      - Microsoft-IIS/10.0
      strict-transport-security:
      - max-age=31536000; includeSubDomains
      x-content-type-options:
      - nosniff
      x-ms-ratelimit-remaining-subscription-writes:
      - '1198'
    status:
      code: 201
      message: Created
- request:
    body: null
    headers:
      Accept:
      - application/json
      Accept-Encoding:
      - gzip, deflate
      CommandName:
      - monitor autoscale profile create
      Connection:
      - keep-alive
      ParameterSetName:
      - -g --autoscale-name -n --recurrence --count --timezone
      User-Agent:
      - python/3.7.4 (Windows-10-10.0.18362-SP0) msrest/0.6.9 msrest_azure/0.6.3 azure-mgmt-monitor/0.10.0
        Azure-SDK-For-Python AZURECLI/2.8.0
      accept-language:
      - en-US
    method: GET
    uri: https://management.azure.com/subscriptions/00000000-0000-0000-0000-000000000000/resourcegroups/cli_test_monitor_autoscale_recurring000001/providers/microsoft.insights/autoscalesettings/vmss1?api-version=2015-04-01
  response:
    body:
      string: '{"id":"/subscriptions/00000000-0000-0000-0000-000000000000/resourceGroups/cli_test_monitor_autoscale_recurring000001/providers/microsoft.insights/autoscalesettings/vmss1","name":"vmss1","type":"Microsoft.Insights/autoscaleSettings","location":"westus","tags":{},"properties":{"profiles":[{"name":"default","capacity":{"minimum":"3","maximum":"3","default":"3"},"rules":[]}],"enabled":true,"name":"vmss1","targetResourceUri":"/subscriptions/00000000-0000-0000-0000-000000000000/resourceGroups/cli_test_monitor_autoscale_recurring000001/providers/Microsoft.Compute/virtualMachineScaleSets/vmss1","notifications":[{"operation":"Scale","email":{"sendToSubscriptionAdministrator":false,"sendToSubscriptionCoAdministrators":false,"customEmails":[]},"webhooks":[]}]}}'
    headers:
      cache-control:
      - no-cache
      content-length:
      - '826'
      content-type:
      - application/json; charset=utf-8
      date:
<<<<<<< HEAD
      - Thu, 09 Jul 2020 09:32:17 GMT
=======
      - Tue, 07 Jul 2020 07:10:06 GMT
>>>>>>> Use parser for monitor autoscale's condition
      expires:
      - '-1'
      pragma:
      - no-cache
      server:
      - Microsoft-IIS/10.0
      strict-transport-security:
      - max-age=31536000; includeSubDomains
      transfer-encoding:
      - chunked
      vary:
      - Accept-Encoding
      x-content-type-options:
      - nosniff
    status:
      code: 200
      message: OK
- request:
    body: 'b''{"location": "westus", "tags": {}, "properties": {"profiles": [{"name":
      "default", "capacity": {"minimum": "3", "maximum": "3", "default": "3"}, "rules":
      []}, {"name": "weekend", "capacity": {"minimum": "1", "maximum": "1", "default":
      "1"}, "rules": [], "recurrence": {"frequency": "Week", "schedule": {"timeZone":
      "Pacific Standard Time", "days": ["Saturday", "Sunday"], "hours": [0], "minutes":
      [0]}}}, {"name": "{\\"name\\": \\"default\\", \\"for\\": \\"weekend\\"}", "capacity":
      {"minimum": "3", "maximum": "3", "default": "3"}, "rules": [], "recurrence":
      {"frequency": "Week", "schedule": {"timeZone": "Pacific Standard Time", "days":
      ["Saturday", "Sunday"], "hours": [23], "minutes": [59]}}}], "notifications":
      [{"operation": "Scale", "email": {"sendToSubscriptionAdministrator": false,
      "sendToSubscriptionCoAdministrators": false, "customEmails": []}, "webhooks":
      []}], "enabled": true, "name": "vmss1", "targetResourceUri": "/subscriptions/00000000-0000-0000-0000-000000000000/resourceGroups/cli_test_monitor_autoscale_recurring000001/providers/Microsoft.Compute/virtualMachineScaleSets/vmss1"}}'''
    headers:
      Accept:
      - application/json
      Accept-Encoding:
      - gzip, deflate
      CommandName:
      - monitor autoscale profile create
      Connection:
      - keep-alive
      Content-Length:
      - '1128'
      Content-Type:
      - application/json; charset=utf-8
      ParameterSetName:
      - -g --autoscale-name -n --recurrence --count --timezone
      User-Agent:
      - python/3.7.4 (Windows-10-10.0.18362-SP0) msrest/0.6.9 msrest_azure/0.6.3 azure-mgmt-monitor/0.10.0
        Azure-SDK-For-Python AZURECLI/2.8.0
      accept-language:
      - en-US
    method: PUT
    uri: https://management.azure.com/subscriptions/00000000-0000-0000-0000-000000000000/resourcegroups/cli_test_monitor_autoscale_recurring000001/providers/microsoft.insights/autoscalesettings/vmss1?api-version=2015-04-01
  response:
    body:
      string: '{"id":"/subscriptions/00000000-0000-0000-0000-000000000000/resourceGroups/cli_test_monitor_autoscale_recurring000001/providers/microsoft.insights/autoscalesettings/vmss1","name":"vmss1","type":"Microsoft.Insights/autoscaleSettings","location":"westus","tags":{},"properties":{"profiles":[{"name":"default","capacity":{"minimum":"3","maximum":"3","default":"3"},"rules":[]},{"name":"weekend","capacity":{"minimum":"1","maximum":"1","default":"1"},"rules":[],"recurrence":{"frequency":"Week","schedule":{"timeZone":"Pacific
        Standard Time","days":["Saturday","Sunday"],"hours":[0],"minutes":[0]}}},{"name":"{\"name\":
        \"default\", \"for\": \"weekend\"}","capacity":{"minimum":"3","maximum":"3","default":"3"},"rules":[],"recurrence":{"frequency":"Week","schedule":{"timeZone":"Pacific
        Standard Time","days":["Saturday","Sunday"],"hours":[23],"minutes":[59]}}}],"enabled":true,"name":"vmss1","targetResourceUri":"/subscriptions/00000000-0000-0000-0000-000000000000/resourceGroups/cli_test_monitor_autoscale_recurring000001/providers/Microsoft.Compute/virtualMachineScaleSets/vmss1","notifications":[{"operation":"Scale","email":{"sendToSubscriptionAdministrator":false,"sendToSubscriptionCoAdministrators":false,"customEmails":[]},"webhooks":[]}]}}'
    headers:
      cache-control:
      - no-cache
      content-length:
      - '1310'
      content-type:
      - application/json; charset=utf-8
      date:
<<<<<<< HEAD
      - Thu, 09 Jul 2020 09:32:18 GMT
=======
      - Tue, 07 Jul 2020 07:10:08 GMT
>>>>>>> Use parser for monitor autoscale's condition
      expires:
      - '-1'
      pragma:
      - no-cache
      server:
      - Microsoft-IIS/10.0
      strict-transport-security:
      - max-age=31536000; includeSubDomains
      transfer-encoding:
      - chunked
      vary:
      - Accept-Encoding
      x-content-type-options:
      - nosniff
      x-ms-ratelimit-remaining-subscription-writes:
      - '1196'
    status:
      code: 200
      message: OK
- request:
    body: null
    headers:
      Accept:
      - application/json
      Accept-Encoding:
      - gzip, deflate
      CommandName:
      - monitor autoscale profile create
      Connection:
      - keep-alive
      ParameterSetName:
      - -g --autoscale-name -n --recurrence --count --timezone
      User-Agent:
      - python/3.7.4 (Windows-10-10.0.18362-SP0) msrest/0.6.9 msrest_azure/0.6.3 azure-mgmt-monitor/0.10.0
        Azure-SDK-For-Python AZURECLI/2.8.0
      accept-language:
      - en-US
    method: GET
    uri: https://management.azure.com/subscriptions/00000000-0000-0000-0000-000000000000/resourcegroups/cli_test_monitor_autoscale_recurring000001/providers/microsoft.insights/autoscalesettings/vmss1?api-version=2015-04-01
  response:
    body:
      string: '{"id":"/subscriptions/00000000-0000-0000-0000-000000000000/resourceGroups/cli_test_monitor_autoscale_recurring000001/providers/microsoft.insights/autoscalesettings/vmss1","name":"vmss1","type":"Microsoft.Insights/autoscaleSettings","location":"westus","tags":{},"properties":{"profiles":[{"name":"default","capacity":{"minimum":"3","maximum":"3","default":"3"},"rules":[]},{"name":"weekend","capacity":{"minimum":"1","maximum":"1","default":"1"},"rules":[],"recurrence":{"frequency":"Week","schedule":{"timeZone":"Pacific
        Standard Time","days":["Saturday","Sunday"],"hours":[0],"minutes":[0]}}},{"name":"{\"name\":
        \"default\", \"for\": \"weekend\"}","capacity":{"minimum":"3","maximum":"3","default":"3"},"rules":[],"recurrence":{"frequency":"Week","schedule":{"timeZone":"Pacific
        Standard Time","days":["Saturday","Sunday"],"hours":[23],"minutes":[59]}}}],"enabled":true,"name":"vmss1","targetResourceUri":"/subscriptions/00000000-0000-0000-0000-000000000000/resourceGroups/cli_test_monitor_autoscale_recurring000001/providers/Microsoft.Compute/virtualMachineScaleSets/vmss1","notifications":[{"operation":"Scale","email":{"sendToSubscriptionAdministrator":false,"sendToSubscriptionCoAdministrators":false,"customEmails":[]},"webhooks":[]}]}}'
    headers:
      cache-control:
      - no-cache
      content-length:
      - '1310'
      content-type:
      - application/json; charset=utf-8
      date:
<<<<<<< HEAD
      - Thu, 09 Jul 2020 09:32:23 GMT
=======
      - Tue, 07 Jul 2020 07:10:12 GMT
>>>>>>> Use parser for monitor autoscale's condition
      expires:
      - '-1'
      pragma:
      - no-cache
      server:
      - Microsoft-IIS/10.0
      strict-transport-security:
      - max-age=31536000; includeSubDomains
      transfer-encoding:
      - chunked
      vary:
      - Accept-Encoding
      x-content-type-options:
      - nosniff
    status:
      code: 200
      message: OK
- request:
    body: 'b''{"location": "westus", "tags": {}, "properties": {"profiles": [{"name":
      "default", "capacity": {"minimum": "3", "maximum": "3", "default": "3"}, "rules":
      []}, {"name": "weekend", "capacity": {"minimum": "1", "maximum": "1", "default":
      "1"}, "rules": [], "recurrence": {"frequency": "Week", "schedule": {"timeZone":
      "Pacific Standard Time", "days": ["Saturday", "Sunday"], "hours": [0], "minutes":
      [0]}}}, {"name": "{\\"name\\": \\"default\\", \\"for\\": \\"weekend\\"}", "capacity":
      {"minimum": "3", "maximum": "3", "default": "3"}, "rules": [], "recurrence":
      {"frequency": "Week", "schedule": {"timeZone": "Pacific Standard Time", "days":
      ["Saturday", "Sunday"], "hours": [23], "minutes": [59]}}}, {"name": "weekday",
      "capacity": {"minimum": "4", "maximum": "4", "default": "4"}, "rules": [], "recurrence":
      {"frequency": "Week", "schedule": {"timeZone": "Pacific Standard Time", "days":
      ["Monday", "Tuesday", "Wednesday", "Thursday", "Friday"], "hours": [0], "minutes":
      [0]}}}, {"name": "{\\"name\\": \\"default\\", \\"for\\": \\"weekday\\"}", "capacity":
      {"minimum": "3", "maximum": "3", "default": "3"}, "rules": [], "recurrence":
      {"frequency": "Week", "schedule": {"timeZone": "Pacific Standard Time", "days":
      ["Monday", "Tuesday", "Wednesday", "Thursday", "Friday"], "hours": [23], "minutes":
      [59]}}}], "notifications": [{"operation": "Scale", "email": {"sendToSubscriptionAdministrator":
      false, "sendToSubscriptionCoAdministrators": false, "customEmails": []}, "webhooks":
      []}], "enabled": true, "name": "vmss1", "targetResourceUri": "/subscriptions/00000000-0000-0000-0000-000000000000/resourceGroups/cli_test_monitor_autoscale_recurring000001/providers/Microsoft.Compute/virtualMachineScaleSets/vmss1"}}'''
    headers:
      Accept:
      - application/json
      Accept-Encoding:
      - gzip, deflate
      CommandName:
      - monitor autoscale profile create
      Connection:
      - keep-alive
      Content-Length:
      - '1728'
      Content-Type:
      - application/json; charset=utf-8
      ParameterSetName:
      - -g --autoscale-name -n --recurrence --count --timezone
      User-Agent:
      - python/3.7.4 (Windows-10-10.0.18362-SP0) msrest/0.6.9 msrest_azure/0.6.3 azure-mgmt-monitor/0.10.0
        Azure-SDK-For-Python AZURECLI/2.8.0
      accept-language:
      - en-US
    method: PUT
    uri: https://management.azure.com/subscriptions/00000000-0000-0000-0000-000000000000/resourcegroups/cli_test_monitor_autoscale_recurring000001/providers/microsoft.insights/autoscalesettings/vmss1?api-version=2015-04-01
  response:
    body:
      string: '{"id":"/subscriptions/00000000-0000-0000-0000-000000000000/resourceGroups/cli_test_monitor_autoscale_recurring000001/providers/microsoft.insights/autoscalesettings/vmss1","name":"vmss1","type":"Microsoft.Insights/autoscaleSettings","location":"westus","tags":{},"properties":{"profiles":[{"name":"default","capacity":{"minimum":"3","maximum":"3","default":"3"},"rules":[]},{"name":"weekend","capacity":{"minimum":"1","maximum":"1","default":"1"},"rules":[],"recurrence":{"frequency":"Week","schedule":{"timeZone":"Pacific
        Standard Time","days":["Saturday","Sunday"],"hours":[0],"minutes":[0]}}},{"name":"{\"name\":
        \"default\", \"for\": \"weekend\"}","capacity":{"minimum":"3","maximum":"3","default":"3"},"rules":[],"recurrence":{"frequency":"Week","schedule":{"timeZone":"Pacific
        Standard Time","days":["Saturday","Sunday"],"hours":[23],"minutes":[59]}}},{"name":"weekday","capacity":{"minimum":"4","maximum":"4","default":"4"},"rules":[],"recurrence":{"frequency":"Week","schedule":{"timeZone":"Pacific
        Standard Time","days":["Monday","Tuesday","Wednesday","Thursday","Friday"],"hours":[0],"minutes":[0]}}},{"name":"{\"name\":
        \"default\", \"for\": \"weekday\"}","capacity":{"minimum":"3","maximum":"3","default":"3"},"rules":[],"recurrence":{"frequency":"Week","schedule":{"timeZone":"Pacific
        Standard Time","days":["Monday","Tuesday","Wednesday","Thursday","Friday"],"hours":[23],"minutes":[59]}}}],"enabled":true,"name":"vmss1","targetResourceUri":"/subscriptions/00000000-0000-0000-0000-000000000000/resourceGroups/cli_test_monitor_autoscale_recurring000001/providers/Microsoft.Compute/virtualMachineScaleSets/vmss1","notifications":[{"operation":"Scale","email":{"sendToSubscriptionAdministrator":false,"sendToSubscriptionCoAdministrators":false,"customEmails":[]},"webhooks":[]}]}}'
    headers:
      cache-control:
      - no-cache
      content-length:
      - '1856'
      content-type:
      - application/json; charset=utf-8
      date:
<<<<<<< HEAD
      - Thu, 09 Jul 2020 09:32:25 GMT
=======
      - Tue, 07 Jul 2020 07:10:14 GMT
>>>>>>> Use parser for monitor autoscale's condition
      expires:
      - '-1'
      pragma:
      - no-cache
      server:
      - Microsoft-IIS/10.0
      strict-transport-security:
      - max-age=31536000; includeSubDomains
      transfer-encoding:
      - chunked
      vary:
      - Accept-Encoding
      x-content-type-options:
      - nosniff
      x-ms-ratelimit-remaining-subscription-writes:
<<<<<<< HEAD
      - '1198'
=======
      - '1195'
>>>>>>> Use parser for monitor autoscale's condition
    status:
      code: 200
      message: OK
- request:
    body: null
    headers:
      Accept:
      - application/json
      Accept-Encoding:
      - gzip, deflate
      CommandName:
      - monitor autoscale profile list
      Connection:
      - keep-alive
      ParameterSetName:
      - -g --autoscale-name
      User-Agent:
      - python/3.7.4 (Windows-10-10.0.18362-SP0) msrest/0.6.9 msrest_azure/0.6.3 azure-mgmt-monitor/0.10.0
        Azure-SDK-For-Python AZURECLI/2.8.0
      accept-language:
      - en-US
    method: GET
    uri: https://management.azure.com/subscriptions/00000000-0000-0000-0000-000000000000/resourcegroups/cli_test_monitor_autoscale_recurring000001/providers/microsoft.insights/autoscalesettings/vmss1?api-version=2015-04-01
  response:
    body:
      string: '{"id":"/subscriptions/00000000-0000-0000-0000-000000000000/resourceGroups/cli_test_monitor_autoscale_recurring000001/providers/microsoft.insights/autoscalesettings/vmss1","name":"vmss1","type":"Microsoft.Insights/autoscaleSettings","location":"westus","tags":{},"properties":{"profiles":[{"name":"default","capacity":{"minimum":"3","maximum":"3","default":"3"},"rules":[]},{"name":"weekend","capacity":{"minimum":"1","maximum":"1","default":"1"},"rules":[],"recurrence":{"frequency":"Week","schedule":{"timeZone":"Pacific
        Standard Time","days":["Saturday","Sunday"],"hours":[0],"minutes":[0]}}},{"name":"{\"name\":
        \"default\", \"for\": \"weekend\"}","capacity":{"minimum":"3","maximum":"3","default":"3"},"rules":[],"recurrence":{"frequency":"Week","schedule":{"timeZone":"Pacific
        Standard Time","days":["Saturday","Sunday"],"hours":[23],"minutes":[59]}}},{"name":"weekday","capacity":{"minimum":"4","maximum":"4","default":"4"},"rules":[],"recurrence":{"frequency":"Week","schedule":{"timeZone":"Pacific
        Standard Time","days":["Monday","Tuesday","Wednesday","Thursday","Friday"],"hours":[0],"minutes":[0]}}},{"name":"{\"name\":
        \"default\", \"for\": \"weekday\"}","capacity":{"minimum":"3","maximum":"3","default":"3"},"rules":[],"recurrence":{"frequency":"Week","schedule":{"timeZone":"Pacific
        Standard Time","days":["Monday","Tuesday","Wednesday","Thursday","Friday"],"hours":[23],"minutes":[59]}}}],"enabled":true,"name":"vmss1","targetResourceUri":"/subscriptions/00000000-0000-0000-0000-000000000000/resourceGroups/cli_test_monitor_autoscale_recurring000001/providers/Microsoft.Compute/virtualMachineScaleSets/vmss1","notifications":[{"operation":"Scale","email":{"sendToSubscriptionAdministrator":false,"sendToSubscriptionCoAdministrators":false,"customEmails":[]},"webhooks":[]}]}}'
    headers:
      cache-control:
      - no-cache
      content-length:
      - '1856'
      content-type:
      - application/json; charset=utf-8
      date:
<<<<<<< HEAD
      - Thu, 09 Jul 2020 09:32:30 GMT
=======
      - Tue, 07 Jul 2020 07:10:18 GMT
>>>>>>> Use parser for monitor autoscale's condition
      expires:
      - '-1'
      pragma:
      - no-cache
      server:
      - Microsoft-IIS/10.0
      strict-transport-security:
      - max-age=31536000; includeSubDomains
      transfer-encoding:
      - chunked
      vary:
      - Accept-Encoding
      x-content-type-options:
      - nosniff
    status:
      code: 200
      message: OK
- request:
    body: null
    headers:
      Accept:
      - application/json
      Accept-Encoding:
      - gzip, deflate
      CommandName:
      - monitor autoscale update
      Connection:
      - keep-alive
      ParameterSetName:
      - -g -n --count
      User-Agent:
      - python/3.7.4 (Windows-10-10.0.18362-SP0) msrest/0.6.9 msrest_azure/0.6.3 azure-mgmt-monitor/0.10.0
        Azure-SDK-For-Python AZURECLI/2.8.0
      accept-language:
      - en-US
    method: GET
    uri: https://management.azure.com/subscriptions/00000000-0000-0000-0000-000000000000/resourcegroups/cli_test_monitor_autoscale_recurring000001/providers/microsoft.insights/autoscalesettings/vmss1?api-version=2015-04-01
  response:
    body:
      string: '{"id":"/subscriptions/00000000-0000-0000-0000-000000000000/resourceGroups/cli_test_monitor_autoscale_recurring000001/providers/microsoft.insights/autoscalesettings/vmss1","name":"vmss1","type":"Microsoft.Insights/autoscaleSettings","location":"westus","tags":{},"properties":{"profiles":[{"name":"default","capacity":{"minimum":"3","maximum":"3","default":"3"},"rules":[]},{"name":"weekend","capacity":{"minimum":"1","maximum":"1","default":"1"},"rules":[],"recurrence":{"frequency":"Week","schedule":{"timeZone":"Pacific
        Standard Time","days":["Saturday","Sunday"],"hours":[0],"minutes":[0]}}},{"name":"{\"name\":
        \"default\", \"for\": \"weekend\"}","capacity":{"minimum":"3","maximum":"3","default":"3"},"rules":[],"recurrence":{"frequency":"Week","schedule":{"timeZone":"Pacific
        Standard Time","days":["Saturday","Sunday"],"hours":[23],"minutes":[59]}}},{"name":"weekday","capacity":{"minimum":"4","maximum":"4","default":"4"},"rules":[],"recurrence":{"frequency":"Week","schedule":{"timeZone":"Pacific
        Standard Time","days":["Monday","Tuesday","Wednesday","Thursday","Friday"],"hours":[0],"minutes":[0]}}},{"name":"{\"name\":
        \"default\", \"for\": \"weekday\"}","capacity":{"minimum":"3","maximum":"3","default":"3"},"rules":[],"recurrence":{"frequency":"Week","schedule":{"timeZone":"Pacific
        Standard Time","days":["Monday","Tuesday","Wednesday","Thursday","Friday"],"hours":[23],"minutes":[59]}}}],"enabled":true,"name":"vmss1","targetResourceUri":"/subscriptions/00000000-0000-0000-0000-000000000000/resourceGroups/cli_test_monitor_autoscale_recurring000001/providers/Microsoft.Compute/virtualMachineScaleSets/vmss1","notifications":[{"operation":"Scale","email":{"sendToSubscriptionAdministrator":false,"sendToSubscriptionCoAdministrators":false,"customEmails":[]},"webhooks":[]}]}}'
    headers:
      cache-control:
      - no-cache
      content-length:
      - '1856'
      content-type:
      - application/json; charset=utf-8
      date:
<<<<<<< HEAD
      - Thu, 09 Jul 2020 09:32:32 GMT
=======
      - Tue, 07 Jul 2020 07:10:19 GMT
>>>>>>> Use parser for monitor autoscale's condition
      expires:
      - '-1'
      pragma:
      - no-cache
      server:
      - Microsoft-IIS/10.0
      strict-transport-security:
      - max-age=31536000; includeSubDomains
      transfer-encoding:
      - chunked
      vary:
      - Accept-Encoding
      x-content-type-options:
      - nosniff
    status:
      code: 200
      message: OK
- request:
    body: 'b''{"location": "westus", "tags": {}, "properties": {"profiles": [{"name":
      "default", "capacity": {"minimum": "4", "maximum": "4", "default": "4"}, "rules":
      []}, {"name": "weekend", "capacity": {"minimum": "1", "maximum": "1", "default":
      "1"}, "rules": [], "recurrence": {"frequency": "Week", "schedule": {"timeZone":
      "Pacific Standard Time", "days": ["Saturday", "Sunday"], "hours": [0], "minutes":
      [0]}}}, {"name": "{\\"name\\": \\"default\\", \\"for\\": \\"weekend\\"}", "capacity":
      {"minimum": "4", "maximum": "4", "default": "4"}, "rules": [], "recurrence":
      {"frequency": "Week", "schedule": {"timeZone": "Pacific Standard Time", "days":
      ["Saturday", "Sunday"], "hours": [23], "minutes": [59]}}}, {"name": "weekday",
      "capacity": {"minimum": "4", "maximum": "4", "default": "4"}, "rules": [], "recurrence":
      {"frequency": "Week", "schedule": {"timeZone": "Pacific Standard Time", "days":
      ["Monday", "Tuesday", "Wednesday", "Thursday", "Friday"], "hours": [0], "minutes":
      [0]}}}, {"name": "{\\"name\\": \\"default\\", \\"for\\": \\"weekday\\"}", "capacity":
      {"minimum": "4", "maximum": "4", "default": "4"}, "rules": [], "recurrence":
      {"frequency": "Week", "schedule": {"timeZone": "Pacific Standard Time", "days":
      ["Monday", "Tuesday", "Wednesday", "Thursday", "Friday"], "hours": [23], "minutes":
      [59]}}}], "notifications": [{"operation": "Scale", "email": {"sendToSubscriptionAdministrator":
      false, "sendToSubscriptionCoAdministrators": false, "customEmails": []}, "webhooks":
      []}], "enabled": true, "name": "vmss1", "targetResourceUri": "/subscriptions/00000000-0000-0000-0000-000000000000/resourceGroups/cli_test_monitor_autoscale_recurring000001/providers/Microsoft.Compute/virtualMachineScaleSets/vmss1"}}'''
    headers:
      Accept:
      - application/json
      Accept-Encoding:
      - gzip, deflate
      CommandName:
      - monitor autoscale update
      Connection:
      - keep-alive
      Content-Length:
      - '1728'
      Content-Type:
      - application/json; charset=utf-8
      ParameterSetName:
      - -g -n --count
      User-Agent:
      - python/3.7.4 (Windows-10-10.0.18362-SP0) msrest/0.6.9 msrest_azure/0.6.3 azure-mgmt-monitor/0.10.0
        Azure-SDK-For-Python AZURECLI/2.8.0
      accept-language:
      - en-US
    method: PUT
    uri: https://management.azure.com/subscriptions/00000000-0000-0000-0000-000000000000/resourcegroups/cli_test_monitor_autoscale_recurring000001/providers/microsoft.insights/autoscalesettings/vmss1?api-version=2015-04-01
  response:
    body:
      string: '{"id":"/subscriptions/00000000-0000-0000-0000-000000000000/resourceGroups/cli_test_monitor_autoscale_recurring000001/providers/microsoft.insights/autoscalesettings/vmss1","name":"vmss1","type":"Microsoft.Insights/autoscaleSettings","location":"westus","tags":{},"properties":{"profiles":[{"name":"default","capacity":{"minimum":"4","maximum":"4","default":"4"},"rules":[]},{"name":"weekend","capacity":{"minimum":"1","maximum":"1","default":"1"},"rules":[],"recurrence":{"frequency":"Week","schedule":{"timeZone":"Pacific
        Standard Time","days":["Saturday","Sunday"],"hours":[0],"minutes":[0]}}},{"name":"{\"name\":
        \"default\", \"for\": \"weekend\"}","capacity":{"minimum":"4","maximum":"4","default":"4"},"rules":[],"recurrence":{"frequency":"Week","schedule":{"timeZone":"Pacific
        Standard Time","days":["Saturday","Sunday"],"hours":[23],"minutes":[59]}}},{"name":"weekday","capacity":{"minimum":"4","maximum":"4","default":"4"},"rules":[],"recurrence":{"frequency":"Week","schedule":{"timeZone":"Pacific
        Standard Time","days":["Monday","Tuesday","Wednesday","Thursday","Friday"],"hours":[0],"minutes":[0]}}},{"name":"{\"name\":
        \"default\", \"for\": \"weekday\"}","capacity":{"minimum":"4","maximum":"4","default":"4"},"rules":[],"recurrence":{"frequency":"Week","schedule":{"timeZone":"Pacific
        Standard Time","days":["Monday","Tuesday","Wednesday","Thursday","Friday"],"hours":[23],"minutes":[59]}}}],"enabled":true,"name":"vmss1","targetResourceUri":"/subscriptions/00000000-0000-0000-0000-000000000000/resourceGroups/cli_test_monitor_autoscale_recurring000001/providers/Microsoft.Compute/virtualMachineScaleSets/vmss1","notifications":[{"operation":"Scale","email":{"sendToSubscriptionAdministrator":false,"sendToSubscriptionCoAdministrators":false,"customEmails":[]},"webhooks":[]}]}}'
    headers:
      cache-control:
      - no-cache
      content-length:
      - '1856'
      content-type:
      - application/json; charset=utf-8
      date:
<<<<<<< HEAD
      - Thu, 09 Jul 2020 09:32:34 GMT
=======
      - Tue, 07 Jul 2020 07:10:21 GMT
>>>>>>> Use parser for monitor autoscale's condition
      expires:
      - '-1'
      pragma:
      - no-cache
      server:
      - Microsoft-IIS/10.0
      strict-transport-security:
      - max-age=31536000; includeSubDomains
      transfer-encoding:
      - chunked
      vary:
      - Accept-Encoding
      x-content-type-options:
      - nosniff
      x-ms-ratelimit-remaining-subscription-writes:
      - '1198'
    status:
      code: 200
      message: OK
- request:
    body: null
    headers:
      Accept:
      - application/json
      Accept-Encoding:
      - gzip, deflate
      CommandName:
      - monitor autoscale profile list
      Connection:
      - keep-alive
      ParameterSetName:
      - -g --autoscale-name
      User-Agent:
      - python/3.7.4 (Windows-10-10.0.18362-SP0) msrest/0.6.9 msrest_azure/0.6.3 azure-mgmt-monitor/0.10.0
        Azure-SDK-For-Python AZURECLI/2.8.0
      accept-language:
      - en-US
    method: GET
    uri: https://management.azure.com/subscriptions/00000000-0000-0000-0000-000000000000/resourcegroups/cli_test_monitor_autoscale_recurring000001/providers/microsoft.insights/autoscalesettings/vmss1?api-version=2015-04-01
  response:
    body:
      string: '{"id":"/subscriptions/00000000-0000-0000-0000-000000000000/resourceGroups/cli_test_monitor_autoscale_recurring000001/providers/microsoft.insights/autoscalesettings/vmss1","name":"vmss1","type":"Microsoft.Insights/autoscaleSettings","location":"westus","tags":{},"properties":{"profiles":[{"name":"default","capacity":{"minimum":"4","maximum":"4","default":"4"},"rules":[]},{"name":"weekend","capacity":{"minimum":"1","maximum":"1","default":"1"},"rules":[],"recurrence":{"frequency":"Week","schedule":{"timeZone":"Pacific
        Standard Time","days":["Saturday","Sunday"],"hours":[0],"minutes":[0]}}},{"name":"{\"name\":
        \"default\", \"for\": \"weekend\"}","capacity":{"minimum":"4","maximum":"4","default":"4"},"rules":[],"recurrence":{"frequency":"Week","schedule":{"timeZone":"Pacific
        Standard Time","days":["Saturday","Sunday"],"hours":[23],"minutes":[59]}}},{"name":"weekday","capacity":{"minimum":"4","maximum":"4","default":"4"},"rules":[],"recurrence":{"frequency":"Week","schedule":{"timeZone":"Pacific
        Standard Time","days":["Monday","Tuesday","Wednesday","Thursday","Friday"],"hours":[0],"minutes":[0]}}},{"name":"{\"name\":
        \"default\", \"for\": \"weekday\"}","capacity":{"minimum":"4","maximum":"4","default":"4"},"rules":[],"recurrence":{"frequency":"Week","schedule":{"timeZone":"Pacific
        Standard Time","days":["Monday","Tuesday","Wednesday","Thursday","Friday"],"hours":[23],"minutes":[59]}}}],"enabled":true,"name":"vmss1","targetResourceUri":"/subscriptions/00000000-0000-0000-0000-000000000000/resourceGroups/cli_test_monitor_autoscale_recurring000001/providers/Microsoft.Compute/virtualMachineScaleSets/vmss1","notifications":[{"operation":"Scale","email":{"sendToSubscriptionAdministrator":false,"sendToSubscriptionCoAdministrators":false,"customEmails":[]},"webhooks":[]}]}}'
    headers:
      cache-control:
      - no-cache
      content-length:
      - '1856'
      content-type:
      - application/json; charset=utf-8
      date:
<<<<<<< HEAD
      - Thu, 09 Jul 2020 09:32:38 GMT
=======
      - Tue, 07 Jul 2020 07:10:24 GMT
>>>>>>> Use parser for monitor autoscale's condition
      expires:
      - '-1'
      pragma:
      - no-cache
      server:
      - Microsoft-IIS/10.0
      strict-transport-security:
      - max-age=31536000; includeSubDomains
      transfer-encoding:
      - chunked
      vary:
      - Accept-Encoding
      x-content-type-options:
      - nosniff
    status:
      code: 200
      message: OK
- request:
    body: null
    headers:
      Accept:
      - application/json
      Accept-Encoding:
      - gzip, deflate
      CommandName:
      - monitor autoscale profile delete
      Connection:
      - keep-alive
      ParameterSetName:
      - -g --autoscale-name -n
      User-Agent:
      - python/3.7.4 (Windows-10-10.0.18362-SP0) msrest/0.6.9 msrest_azure/0.6.3 azure-mgmt-monitor/0.10.0
        Azure-SDK-For-Python AZURECLI/2.8.0
      accept-language:
      - en-US
    method: GET
    uri: https://management.azure.com/subscriptions/00000000-0000-0000-0000-000000000000/resourcegroups/cli_test_monitor_autoscale_recurring000001/providers/microsoft.insights/autoscalesettings/vmss1?api-version=2015-04-01
  response:
    body:
      string: '{"id":"/subscriptions/00000000-0000-0000-0000-000000000000/resourceGroups/cli_test_monitor_autoscale_recurring000001/providers/microsoft.insights/autoscalesettings/vmss1","name":"vmss1","type":"Microsoft.Insights/autoscaleSettings","location":"westus","tags":{},"properties":{"profiles":[{"name":"default","capacity":{"minimum":"4","maximum":"4","default":"4"},"rules":[]},{"name":"weekend","capacity":{"minimum":"1","maximum":"1","default":"1"},"rules":[],"recurrence":{"frequency":"Week","schedule":{"timeZone":"Pacific
        Standard Time","days":["Saturday","Sunday"],"hours":[0],"minutes":[0]}}},{"name":"{\"name\":
        \"default\", \"for\": \"weekend\"}","capacity":{"minimum":"4","maximum":"4","default":"4"},"rules":[],"recurrence":{"frequency":"Week","schedule":{"timeZone":"Pacific
        Standard Time","days":["Saturday","Sunday"],"hours":[23],"minutes":[59]}}},{"name":"weekday","capacity":{"minimum":"4","maximum":"4","default":"4"},"rules":[],"recurrence":{"frequency":"Week","schedule":{"timeZone":"Pacific
        Standard Time","days":["Monday","Tuesday","Wednesday","Thursday","Friday"],"hours":[0],"minutes":[0]}}},{"name":"{\"name\":
        \"default\", \"for\": \"weekday\"}","capacity":{"minimum":"4","maximum":"4","default":"4"},"rules":[],"recurrence":{"frequency":"Week","schedule":{"timeZone":"Pacific
        Standard Time","days":["Monday","Tuesday","Wednesday","Thursday","Friday"],"hours":[23],"minutes":[59]}}}],"enabled":true,"name":"vmss1","targetResourceUri":"/subscriptions/00000000-0000-0000-0000-000000000000/resourceGroups/cli_test_monitor_autoscale_recurring000001/providers/Microsoft.Compute/virtualMachineScaleSets/vmss1","notifications":[{"operation":"Scale","email":{"sendToSubscriptionAdministrator":false,"sendToSubscriptionCoAdministrators":false,"customEmails":[]},"webhooks":[]}]}}'
    headers:
      cache-control:
      - no-cache
      content-length:
      - '1856'
      content-type:
      - application/json; charset=utf-8
      date:
<<<<<<< HEAD
      - Thu, 09 Jul 2020 09:32:40 GMT
=======
      - Tue, 07 Jul 2020 07:10:25 GMT
>>>>>>> Use parser for monitor autoscale's condition
      expires:
      - '-1'
      pragma:
      - no-cache
      server:
      - Microsoft-IIS/10.0
      strict-transport-security:
      - max-age=31536000; includeSubDomains
      transfer-encoding:
      - chunked
      vary:
      - Accept-Encoding
      x-content-type-options:
      - nosniff
    status:
      code: 200
      message: OK
- request:
    body: 'b''{"location": "westus", "tags": {}, "properties": {"profiles": [{"name":
      "default", "capacity": {"minimum": "4", "maximum": "4", "default": "4"}, "rules":
      []}, {"name": "weekday", "capacity": {"minimum": "4", "maximum": "4", "default":
      "4"}, "rules": [], "recurrence": {"frequency": "Week", "schedule": {"timeZone":
      "Pacific Standard Time", "days": ["Monday", "Tuesday", "Wednesday", "Thursday",
      "Friday"], "hours": [0], "minutes": [0]}}}, {"name": "{\\"name\\": \\"default\\",
      \\"for\\": \\"weekday\\"}", "capacity": {"minimum": "4", "maximum": "4", "default":
      "4"}, "rules": [], "recurrence": {"frequency": "Week", "schedule": {"timeZone":
      "Pacific Standard Time", "days": ["Monday", "Tuesday", "Wednesday", "Thursday",
      "Friday"], "hours": [23], "minutes": [59]}}}], "notifications": [{"operation":
      "Scale", "email": {"sendToSubscriptionAdministrator": false, "sendToSubscriptionCoAdministrators":
      false, "customEmails": []}, "webhooks": []}], "enabled": true, "name": "vmss1",
      "targetResourceUri": "/subscriptions/00000000-0000-0000-0000-000000000000/resourceGroups/cli_test_monitor_autoscale_recurring000001/providers/Microsoft.Compute/virtualMachineScaleSets/vmss1"}}'''
    headers:
      Accept:
      - application/json
      Accept-Encoding:
      - gzip, deflate
      CommandName:
      - monitor autoscale profile delete
      Connection:
      - keep-alive
      Content-Length:
      - '1196'
      Content-Type:
      - application/json; charset=utf-8
      ParameterSetName:
      - -g --autoscale-name -n
      User-Agent:
      - python/3.7.4 (Windows-10-10.0.18362-SP0) msrest/0.6.9 msrest_azure/0.6.3 azure-mgmt-monitor/0.10.0
        Azure-SDK-For-Python AZURECLI/2.8.0
      accept-language:
      - en-US
    method: PUT
    uri: https://management.azure.com/subscriptions/00000000-0000-0000-0000-000000000000/resourcegroups/cli_test_monitor_autoscale_recurring000001/providers/microsoft.insights/autoscalesettings/vmss1?api-version=2015-04-01
  response:
    body:
      string: '{"id":"/subscriptions/00000000-0000-0000-0000-000000000000/resourceGroups/cli_test_monitor_autoscale_recurring000001/providers/microsoft.insights/autoscalesettings/vmss1","name":"vmss1","type":"Microsoft.Insights/autoscaleSettings","location":"westus","tags":{},"properties":{"profiles":[{"name":"default","capacity":{"minimum":"4","maximum":"4","default":"4"},"rules":[]},{"name":"weekday","capacity":{"minimum":"4","maximum":"4","default":"4"},"rules":[],"recurrence":{"frequency":"Week","schedule":{"timeZone":"Pacific
        Standard Time","days":["Monday","Tuesday","Wednesday","Thursday","Friday"],"hours":[0],"minutes":[0]}}},{"name":"{\"name\":
        \"default\", \"for\": \"weekday\"}","capacity":{"minimum":"4","maximum":"4","default":"4"},"rules":[],"recurrence":{"frequency":"Week","schedule":{"timeZone":"Pacific
        Standard Time","days":["Monday","Tuesday","Wednesday","Thursday","Friday"],"hours":[23],"minutes":[59]}}}],"enabled":true,"name":"vmss1","targetResourceUri":"/subscriptions/00000000-0000-0000-0000-000000000000/resourceGroups/cli_test_monitor_autoscale_recurring000001/providers/Microsoft.Compute/virtualMachineScaleSets/vmss1","notifications":[{"operation":"Scale","email":{"sendToSubscriptionAdministrator":false,"sendToSubscriptionCoAdministrators":false,"customEmails":[]},"webhooks":[]}]}}'
    headers:
      cache-control:
      - no-cache
      content-length:
      - '1372'
      content-type:
      - application/json; charset=utf-8
      date:
<<<<<<< HEAD
      - Thu, 09 Jul 2020 09:32:41 GMT
=======
      - Tue, 07 Jul 2020 07:10:27 GMT
>>>>>>> Use parser for monitor autoscale's condition
      expires:
      - '-1'
      pragma:
      - no-cache
      server:
      - Microsoft-IIS/10.0
      strict-transport-security:
      - max-age=31536000; includeSubDomains
      transfer-encoding:
      - chunked
      vary:
      - Accept-Encoding
      x-content-type-options:
      - nosniff
      x-ms-ratelimit-remaining-subscription-writes:
<<<<<<< HEAD
      - '1196'
=======
      - '1197'
>>>>>>> Use parser for monitor autoscale's condition
    status:
      code: 200
      message: OK
- request:
    body: null
    headers:
      Accept:
      - application/json
      Accept-Encoding:
      - gzip, deflate
      CommandName:
      - monitor autoscale profile list
      Connection:
      - keep-alive
      ParameterSetName:
      - -g --autoscale-name
      User-Agent:
      - python/3.7.4 (Windows-10-10.0.18362-SP0) msrest/0.6.9 msrest_azure/0.6.3 azure-mgmt-monitor/0.10.0
        Azure-SDK-For-Python AZURECLI/2.8.0
      accept-language:
      - en-US
    method: GET
    uri: https://management.azure.com/subscriptions/00000000-0000-0000-0000-000000000000/resourcegroups/cli_test_monitor_autoscale_recurring000001/providers/microsoft.insights/autoscalesettings/vmss1?api-version=2015-04-01
  response:
    body:
      string: '{"id":"/subscriptions/00000000-0000-0000-0000-000000000000/resourceGroups/cli_test_monitor_autoscale_recurring000001/providers/microsoft.insights/autoscalesettings/vmss1","name":"vmss1","type":"Microsoft.Insights/autoscaleSettings","location":"westus","tags":{},"properties":{"profiles":[{"name":"default","capacity":{"minimum":"4","maximum":"4","default":"4"},"rules":[]},{"name":"weekday","capacity":{"minimum":"4","maximum":"4","default":"4"},"rules":[],"recurrence":{"frequency":"Week","schedule":{"timeZone":"Pacific
        Standard Time","days":["Monday","Tuesday","Wednesday","Thursday","Friday"],"hours":[0],"minutes":[0]}}},{"name":"{\"name\":
        \"default\", \"for\": \"weekday\"}","capacity":{"minimum":"4","maximum":"4","default":"4"},"rules":[],"recurrence":{"frequency":"Week","schedule":{"timeZone":"Pacific
        Standard Time","days":["Monday","Tuesday","Wednesday","Thursday","Friday"],"hours":[23],"minutes":[59]}}}],"enabled":true,"name":"vmss1","targetResourceUri":"/subscriptions/00000000-0000-0000-0000-000000000000/resourceGroups/cli_test_monitor_autoscale_recurring000001/providers/Microsoft.Compute/virtualMachineScaleSets/vmss1","notifications":[{"operation":"Scale","email":{"sendToSubscriptionAdministrator":false,"sendToSubscriptionCoAdministrators":false,"customEmails":[]},"webhooks":[]}]}}'
    headers:
      cache-control:
      - no-cache
      content-length:
      - '1372'
      content-type:
      - application/json; charset=utf-8
      date:
<<<<<<< HEAD
      - Thu, 09 Jul 2020 09:32:44 GMT
=======
      - Tue, 07 Jul 2020 07:10:31 GMT
>>>>>>> Use parser for monitor autoscale's condition
      expires:
      - '-1'
      pragma:
      - no-cache
      server:
      - Microsoft-IIS/10.0
      strict-transport-security:
      - max-age=31536000; includeSubDomains
      transfer-encoding:
      - chunked
      vary:
      - Accept-Encoding
      x-content-type-options:
      - nosniff
    status:
      code: 200
      message: OK
- request:
    body: null
    headers:
      Accept:
      - application/json
      Accept-Encoding:
      - gzip, deflate
      CommandName:
      - monitor autoscale profile delete
      Connection:
      - keep-alive
      ParameterSetName:
      - -g --autoscale-name -n
      User-Agent:
      - python/3.7.4 (Windows-10-10.0.18362-SP0) msrest/0.6.9 msrest_azure/0.6.3 azure-mgmt-monitor/0.10.0
        Azure-SDK-For-Python AZURECLI/2.8.0
      accept-language:
      - en-US
    method: GET
    uri: https://management.azure.com/subscriptions/00000000-0000-0000-0000-000000000000/resourcegroups/cli_test_monitor_autoscale_recurring000001/providers/microsoft.insights/autoscalesettings/vmss1?api-version=2015-04-01
  response:
    body:
      string: '{"id":"/subscriptions/00000000-0000-0000-0000-000000000000/resourceGroups/cli_test_monitor_autoscale_recurring000001/providers/microsoft.insights/autoscalesettings/vmss1","name":"vmss1","type":"Microsoft.Insights/autoscaleSettings","location":"westus","tags":{},"properties":{"profiles":[{"name":"default","capacity":{"minimum":"4","maximum":"4","default":"4"},"rules":[]},{"name":"weekday","capacity":{"minimum":"4","maximum":"4","default":"4"},"rules":[],"recurrence":{"frequency":"Week","schedule":{"timeZone":"Pacific
        Standard Time","days":["Monday","Tuesday","Wednesday","Thursday","Friday"],"hours":[0],"minutes":[0]}}},{"name":"{\"name\":
        \"default\", \"for\": \"weekday\"}","capacity":{"minimum":"4","maximum":"4","default":"4"},"rules":[],"recurrence":{"frequency":"Week","schedule":{"timeZone":"Pacific
        Standard Time","days":["Monday","Tuesday","Wednesday","Thursday","Friday"],"hours":[23],"minutes":[59]}}}],"enabled":true,"name":"vmss1","targetResourceUri":"/subscriptions/00000000-0000-0000-0000-000000000000/resourceGroups/cli_test_monitor_autoscale_recurring000001/providers/Microsoft.Compute/virtualMachineScaleSets/vmss1","notifications":[{"operation":"Scale","email":{"sendToSubscriptionAdministrator":false,"sendToSubscriptionCoAdministrators":false,"customEmails":[]},"webhooks":[]}]}}'
    headers:
      cache-control:
      - no-cache
      content-length:
      - '1372'
      content-type:
      - application/json; charset=utf-8
      date:
<<<<<<< HEAD
      - Thu, 09 Jul 2020 09:32:46 GMT
=======
      - Tue, 07 Jul 2020 07:10:31 GMT
>>>>>>> Use parser for monitor autoscale's condition
      expires:
      - '-1'
      pragma:
      - no-cache
      server:
      - Microsoft-IIS/10.0
      strict-transport-security:
      - max-age=31536000; includeSubDomains
      transfer-encoding:
      - chunked
      vary:
      - Accept-Encoding
      x-content-type-options:
      - nosniff
    status:
      code: 200
      message: OK
- request:
    body: 'b''{"location": "westus", "tags": {}, "properties": {"profiles": [{"name":
      "default", "capacity": {"minimum": "4", "maximum": "4", "default": "4"}, "rules":
      []}], "notifications": [{"operation": "Scale", "email": {"sendToSubscriptionAdministrator":
      false, "sendToSubscriptionCoAdministrators": false, "customEmails": []}, "webhooks":
      []}], "enabled": true, "name": "vmss1", "targetResourceUri": "/subscriptions/00000000-0000-0000-0000-000000000000/resourceGroups/cli_test_monitor_autoscale_recurring000001/providers/Microsoft.Compute/virtualMachineScaleSets/vmss1"}}'''
    headers:
      Accept:
      - application/json
      Accept-Encoding:
      - gzip, deflate
      CommandName:
      - monitor autoscale profile delete
      Connection:
      - keep-alive
      Content-Length:
      - '596'
      Content-Type:
      - application/json; charset=utf-8
      ParameterSetName:
      - -g --autoscale-name -n
      User-Agent:
      - python/3.7.4 (Windows-10-10.0.18362-SP0) msrest/0.6.9 msrest_azure/0.6.3 azure-mgmt-monitor/0.10.0
        Azure-SDK-For-Python AZURECLI/2.8.0
      accept-language:
      - en-US
    method: PUT
    uri: https://management.azure.com/subscriptions/00000000-0000-0000-0000-000000000000/resourcegroups/cli_test_monitor_autoscale_recurring000001/providers/microsoft.insights/autoscalesettings/vmss1?api-version=2015-04-01
  response:
    body:
      string: '{"id":"/subscriptions/00000000-0000-0000-0000-000000000000/resourceGroups/cli_test_monitor_autoscale_recurring000001/providers/microsoft.insights/autoscalesettings/vmss1","name":"vmss1","type":"Microsoft.Insights/autoscaleSettings","location":"westus","tags":{},"properties":{"profiles":[{"name":"default","capacity":{"minimum":"4","maximum":"4","default":"4"},"rules":[]}],"enabled":true,"name":"vmss1","targetResourceUri":"/subscriptions/00000000-0000-0000-0000-000000000000/resourceGroups/cli_test_monitor_autoscale_recurring000001/providers/Microsoft.Compute/virtualMachineScaleSets/vmss1","notifications":[{"operation":"Scale","email":{"sendToSubscriptionAdministrator":false,"sendToSubscriptionCoAdministrators":false,"customEmails":[]},"webhooks":[]}]}}'
    headers:
      cache-control:
      - no-cache
      content-length:
      - '826'
      content-type:
      - application/json; charset=utf-8
      date:
<<<<<<< HEAD
      - Thu, 09 Jul 2020 09:32:48 GMT
=======
      - Tue, 07 Jul 2020 07:10:33 GMT
>>>>>>> Use parser for monitor autoscale's condition
      expires:
      - '-1'
      pragma:
      - no-cache
      server:
      - Microsoft-IIS/10.0
      strict-transport-security:
      - max-age=31536000; includeSubDomains
      transfer-encoding:
      - chunked
      vary:
      - Accept-Encoding
      x-content-type-options:
      - nosniff
      x-ms-ratelimit-remaining-subscription-writes:
      - '1198'
    status:
      code: 200
      message: OK
- request:
    body: null
    headers:
      Accept:
      - application/json
      Accept-Encoding:
      - gzip, deflate
      CommandName:
      - monitor autoscale profile list
      Connection:
      - keep-alive
      ParameterSetName:
      - -g --autoscale-name
      User-Agent:
      - python/3.7.4 (Windows-10-10.0.18362-SP0) msrest/0.6.9 msrest_azure/0.6.3 azure-mgmt-monitor/0.10.0
        Azure-SDK-For-Python AZURECLI/2.8.0
      accept-language:
      - en-US
    method: GET
    uri: https://management.azure.com/subscriptions/00000000-0000-0000-0000-000000000000/resourcegroups/cli_test_monitor_autoscale_recurring000001/providers/microsoft.insights/autoscalesettings/vmss1?api-version=2015-04-01
  response:
    body:
      string: '{"id":"/subscriptions/00000000-0000-0000-0000-000000000000/resourceGroups/cli_test_monitor_autoscale_recurring000001/providers/microsoft.insights/autoscalesettings/vmss1","name":"vmss1","type":"Microsoft.Insights/autoscaleSettings","location":"westus","tags":{},"properties":{"profiles":[{"name":"default","capacity":{"minimum":"4","maximum":"4","default":"4"},"rules":[]}],"enabled":true,"name":"vmss1","targetResourceUri":"/subscriptions/00000000-0000-0000-0000-000000000000/resourceGroups/cli_test_monitor_autoscale_recurring000001/providers/Microsoft.Compute/virtualMachineScaleSets/vmss1","notifications":[{"operation":"Scale","email":{"sendToSubscriptionAdministrator":false,"sendToSubscriptionCoAdministrators":false,"customEmails":[]},"webhooks":[]}]}}'
    headers:
      cache-control:
      - no-cache
      content-length:
      - '826'
      content-type:
      - application/json; charset=utf-8
      date:
<<<<<<< HEAD
      - Thu, 09 Jul 2020 09:32:52 GMT
=======
      - Tue, 07 Jul 2020 07:10:37 GMT
>>>>>>> Use parser for monitor autoscale's condition
      expires:
      - '-1'
      pragma:
      - no-cache
      server:
      - Microsoft-IIS/10.0
      strict-transport-security:
      - max-age=31536000; includeSubDomains
      transfer-encoding:
      - chunked
      vary:
      - Accept-Encoding
      x-content-type-options:
      - nosniff
    status:
      code: 200
      message: OK
version: 1
