interactions:
- request:
    body: null
    headers:
      Accept:
      - application/json
      Accept-Encoding:
      - gzip, deflate
      CommandName:
      - monitor account create
      Connection:
      - keep-alive
      ParameterSetName:
      - -n -g
      User-Agent:
      - AZURECLI/2.48.1 azsdk-python-azure-mgmt-resource/22.0.0 Python/3.9.10 (Windows-10-10.0.22621-SP0)
    method: GET
    uri: https://management.azure.com/subscriptions/00000000-0000-0000-0000-000000000000/resourcegroups/cli_test_monitor_account000001?api-version=2022-09-01
  response:
    body:
      string: '{"id":"/subscriptions/00000000-0000-0000-0000-000000000000/resourceGroups/cli_test_monitor_account000001","name":"cli_test_monitor_account000001","type":"Microsoft.Resources/resourceGroups","location":"westus","tags":{"product":"azurecli","cause":"automation","test":"test_monitor_account","date":"2023-05-06T07:42:47Z","module":"monitor"},"properties":{"provisioningState":"Succeeded"}}'
    headers:
      cache-control:
      - no-cache
      content-length:
      - '387'
      content-type:
      - application/json; charset=utf-8
      date:
      - Sat, 06 May 2023 07:42:55 GMT
      expires:
      - '-1'
      pragma:
      - no-cache
      strict-transport-security:
      - max-age=31536000; includeSubDomains
      vary:
      - Accept-Encoding
      x-content-type-options:
      - nosniff
    status:
      code: 200
      message: OK
- request:
    body: '{"location": "westus"}'
    headers:
      Accept:
      - application/json
      Accept-Encoding:
      - gzip, deflate
      CommandName:
      - monitor account create
      Connection:
      - keep-alive
      Content-Length:
      - '22'
      Content-Type:
      - application/json
      ParameterSetName:
      - -n -g
      User-Agent:
      - AZURECLI/2.48.1 (AAZ) azsdk-python-core/1.26.0 Python/3.9.10 (Windows-10-10.0.22621-SP0)
    method: PUT
    uri: https://management.azure.com/subscriptions/00000000-0000-0000-0000-000000000000/resourceGroups/cli_test_monitor_account000001/providers/Microsoft.Monitor/accounts/ac000002?api-version=2023-04-03
  response:
    body:
      string: '{"properties":{"accountId":"a49c40bb-1983-4165-aba6-6de984b8a035","metrics":{"prometheusQueryEndpoint":"https://ac000002-9p1f.westus.prometheus.monitor.azure.com","internalId":"mac_a49c40bb-1983-4165-aba6-6de984b8a035"},"provisioningState":"Succeeded","defaultIngestionSettings":{"dataCollectionRuleResourceId":"/subscriptions/00000000-0000-0000-0000-000000000000/resourceGroups/MA_ac000002_westus_managed/providers/Microsoft.Insights/dataCollectionRules/ac000002","dataCollectionEndpointResourceId":"/subscriptions/00000000-0000-0000-0000-000000000000/resourceGroups/MA_ac000002_westus_managed/providers/Microsoft.Insights/dataCollectionEndpoints/ac000002"},"publicNetworkAccess":"Enabled"},"location":"westus","id":"/subscriptions/00000000-0000-0000-0000-000000000000/resourcegroups/cli_test_monitor_account000001/providers/microsoft.monitor/accounts/ac000002","name":"ac000002","type":"Microsoft.Monitor/accounts","etag":"\"0a03ecd9-0000-0700-0000-6456050f0000\"","systemData":{"createdBy":"v-jingszhang@microsoft.com","createdByType":"User","createdAt":"2023-05-06T07:43:00.6848271Z","lastModifiedBy":"v-jingszhang@microsoft.com","lastModifiedByType":"User","lastModifiedAt":"2023-05-06T07:43:00.6848271Z"}}'
    headers:
      api-supported-versions:
      - 2021-06-01-preview, 2021-06-03-preview, 2023-04-01, 2023-04-03
      cache-control:
      - no-cache
      content-length:
      - '1211'
      content-type:
      - application/json; charset=utf-8
      date:
      - Sat, 06 May 2023 07:43:11 GMT
      expires:
      - '-1'
      pragma:
      - no-cache
      request-context:
      - appId=cid-v1:74683e7d-3ee8-4856-bfe7-e63c83b6737e
      server:
      - Microsoft-HTTPAPI/2.0
      strict-transport-security:
      - max-age=31536000; includeSubDomains
      transfer-encoding:
      - chunked
      vary:
      - Accept-Encoding,Accept-Encoding
      x-content-type-options:
      - nosniff
      x-ms-ratelimit-remaining-subscription-writes:
      - '1199'
    status:
      code: 200
      message: OK
- request:
    body: null
    headers:
      Accept:
      - application/json
      Accept-Encoding:
      - gzip, deflate
      CommandName:
      - monitor account update
      Connection:
      - keep-alive
      ParameterSetName:
      - -n -g --tags
      User-Agent:
      - AZURECLI/2.48.1 (AAZ) azsdk-python-core/1.26.0 Python/3.9.10 (Windows-10-10.0.22621-SP0)
    method: GET
    uri: https://management.azure.com/subscriptions/00000000-0000-0000-0000-000000000000/resourceGroups/cli_test_monitor_account000001/providers/Microsoft.Monitor/accounts/ac000002?api-version=2023-04-03
  response:
    body:
      string: '{"properties":{"accountId":"a49c40bb-1983-4165-aba6-6de984b8a035","metrics":{"prometheusQueryEndpoint":"https://ac000002-9p1f.westus.prometheus.monitor.azure.com","internalId":"mac_a49c40bb-1983-4165-aba6-6de984b8a035"},"provisioningState":"Succeeded","defaultIngestionSettings":{"dataCollectionRuleResourceId":"/subscriptions/00000000-0000-0000-0000-000000000000/resourceGroups/MA_ac000002_westus_managed/providers/Microsoft.Insights/dataCollectionRules/ac000002","dataCollectionEndpointResourceId":"/subscriptions/00000000-0000-0000-0000-000000000000/resourceGroups/MA_ac000002_westus_managed/providers/Microsoft.Insights/dataCollectionEndpoints/ac000002"},"publicNetworkAccess":"Enabled"},"location":"westus","id":"/subscriptions/00000000-0000-0000-0000-000000000000/resourcegroups/cli_test_monitor_account000001/providers/microsoft.monitor/accounts/ac000002","name":"ac000002","type":"Microsoft.Monitor/accounts","etag":"\"0a03ecd9-0000-0700-0000-6456050f0000\"","systemData":{"createdBy":"v-jingszhang@microsoft.com","createdByType":"User","createdAt":"2023-05-06T07:43:00.6848271Z","lastModifiedBy":"v-jingszhang@microsoft.com","lastModifiedByType":"User","lastModifiedAt":"2023-05-06T07:43:00.6848271Z"}}'
    headers:
      api-supported-versions:
      - 2021-06-01-preview, 2021-06-03-preview, 2023-04-01, 2023-04-03
      cache-control:
      - no-cache
      content-length:
      - '1211'
      content-type:
      - application/json; charset=utf-8
      date:
      - Sat, 06 May 2023 07:43:14 GMT
      expires:
      - '-1'
      pragma:
      - no-cache
      request-context:
      - appId=cid-v1:74683e7d-3ee8-4856-bfe7-e63c83b6737e
      server:
      - Microsoft-HTTPAPI/2.0
      strict-transport-security:
      - max-age=31536000; includeSubDomains
      transfer-encoding:
      - chunked
      vary:
      - Accept-Encoding,Accept-Encoding
      x-content-type-options:
      - nosniff
    status:
      code: 200
      message: OK
- request:
    body: '{"location": "westus", "properties": {}, "tags": {"tag": "test", "tag2":
      "test2"}}'
    headers:
      Accept:
      - application/json
      Accept-Encoding:
      - gzip, deflate
      CommandName:
      - monitor account update
      Connection:
      - keep-alive
      Content-Length:
      - '82'
      Content-Type:
      - application/json
      ParameterSetName:
      - -n -g --tags
      User-Agent:
      - AZURECLI/2.48.1 (AAZ) azsdk-python-core/1.26.0 Python/3.9.10 (Windows-10-10.0.22621-SP0)
    method: PUT
    uri: https://management.azure.com/subscriptions/00000000-0000-0000-0000-000000000000/resourceGroups/cli_test_monitor_account000001/providers/Microsoft.Monitor/accounts/ac000002?api-version=2023-04-03
  response:
    body:
      string: '{"properties":{"accountId":"a49c40bb-1983-4165-aba6-6de984b8a035","metrics":{"prometheusQueryEndpoint":"https://ac000002-9p1f.westus.prometheus.monitor.azure.com","internalId":"mac_a49c40bb-1983-4165-aba6-6de984b8a035"},"provisioningState":"Succeeded","defaultIngestionSettings":{"dataCollectionRuleResourceId":"/subscriptions/00000000-0000-0000-0000-000000000000/resourceGroups/MA_ac000002_westus_managed/providers/Microsoft.Insights/dataCollectionRules/ac000002","dataCollectionEndpointResourceId":"/subscriptions/00000000-0000-0000-0000-000000000000/resourceGroups/MA_ac000002_westus_managed/providers/Microsoft.Insights/dataCollectionEndpoints/ac000002"},"publicNetworkAccess":"Enabled"},"location":"westus","tags":{"tag":"test","tag2":"test2"},"id":"/subscriptions/00000000-0000-0000-0000-000000000000/resourcegroups/cli_test_monitor_account000001/providers/microsoft.monitor/accounts/ac000002","name":"ac000002","type":"Microsoft.Monitor/accounts","etag":"\"0a03eed9-0000-0700-0000-645605170000\"","systemData":{"createdBy":"v-jingszhang@microsoft.com","createdByType":"User","createdAt":"2023-05-06T07:43:00.6848271Z","lastModifiedBy":"v-jingszhang@microsoft.com","lastModifiedByType":"User","lastModifiedAt":"2023-05-06T07:43:15.652667Z"}}'
    headers:
      api-supported-versions:
      - 2021-06-01-preview, 2021-06-03-preview, 2023-04-01, 2023-04-03
      cache-control:
      - no-cache
      content-length:
      - '1247'
      content-type:
      - application/json; charset=utf-8
      date:
      - Sat, 06 May 2023 07:43:20 GMT
      expires:
      - '-1'
      pragma:
      - no-cache
      request-context:
      - appId=cid-v1:74683e7d-3ee8-4856-bfe7-e63c83b6737e
      server:
      - Microsoft-HTTPAPI/2.0
      strict-transport-security:
      - max-age=31536000; includeSubDomains
      transfer-encoding:
      - chunked
      vary:
      - Accept-Encoding,Accept-Encoding
      x-content-type-options:
      - nosniff
      x-ms-ratelimit-remaining-subscription-writes:
      - '1199'
    status:
      code: 200
      message: OK
- request:
    body: null
    headers:
      Accept:
      - application/json
      Accept-Encoding:
      - gzip, deflate
      CommandName:
      - monitor account show
      Connection:
      - keep-alive
      ParameterSetName:
      - -n -g
      User-Agent:
      - AZURECLI/2.48.1 (AAZ) azsdk-python-core/1.26.0 Python/3.9.10 (Windows-10-10.0.22621-SP0)
    method: GET
    uri: https://management.azure.com/subscriptions/00000000-0000-0000-0000-000000000000/resourceGroups/cli_test_monitor_account000001/providers/Microsoft.Monitor/accounts/ac000002?api-version=2023-04-03
  response:
    body:
      string: '{"properties":{"accountId":"a49c40bb-1983-4165-aba6-6de984b8a035","metrics":{"prometheusQueryEndpoint":"https://ac000002-9p1f.westus.prometheus.monitor.azure.com","internalId":"mac_a49c40bb-1983-4165-aba6-6de984b8a035"},"provisioningState":"Succeeded","defaultIngestionSettings":{"dataCollectionRuleResourceId":"/subscriptions/00000000-0000-0000-0000-000000000000/resourceGroups/MA_ac000002_westus_managed/providers/Microsoft.Insights/dataCollectionRules/ac000002","dataCollectionEndpointResourceId":"/subscriptions/00000000-0000-0000-0000-000000000000/resourceGroups/MA_ac000002_westus_managed/providers/Microsoft.Insights/dataCollectionEndpoints/ac000002"},"publicNetworkAccess":"Enabled"},"location":"westus","tags":{"tag":"test","tag2":"test2"},"id":"/subscriptions/00000000-0000-0000-0000-000000000000/resourcegroups/cli_test_monitor_account000001/providers/microsoft.monitor/accounts/ac000002","name":"ac000002","type":"Microsoft.Monitor/accounts","etag":"\"0a03eed9-0000-0700-0000-645605170000\"","systemData":{"createdBy":"v-jingszhang@microsoft.com","createdByType":"User","createdAt":"2023-05-06T07:43:00.6848271Z","lastModifiedBy":"v-jingszhang@microsoft.com","lastModifiedByType":"User","lastModifiedAt":"2023-05-06T07:43:15.652667Z"}}'
    headers:
      api-supported-versions:
      - 2021-06-01-preview, 2021-06-03-preview, 2023-04-01, 2023-04-03
      cache-control:
      - no-cache
      content-length:
      - '1247'
      content-type:
      - application/json; charset=utf-8
      date:
      - Sat, 06 May 2023 07:43:21 GMT
      expires:
      - '-1'
      pragma:
      - no-cache
      request-context:
      - appId=cid-v1:74683e7d-3ee8-4856-bfe7-e63c83b6737e
      server:
      - Microsoft-HTTPAPI/2.0
      strict-transport-security:
      - max-age=31536000; includeSubDomains
      transfer-encoding:
      - chunked
      vary:
      - Accept-Encoding,Accept-Encoding
      x-content-type-options:
      - nosniff
    status:
      code: 200
      message: OK
- request:
    body: null
    headers:
      Accept:
      - application/json
      Accept-Encoding:
      - gzip, deflate
      CommandName:
      - monitor account list
      Connection:
      - keep-alive
      ParameterSetName:
      - -g
      User-Agent:
      - AZURECLI/2.48.1 (AAZ) azsdk-python-core/1.26.0 Python/3.9.10 (Windows-10-10.0.22621-SP0)
    method: GET
    uri: https://management.azure.com/subscriptions/00000000-0000-0000-0000-000000000000/resourceGroups/cli_test_monitor_account000001/providers/Microsoft.Monitor/accounts?api-version=2023-04-03
  response:
    body:
      string: '{"value":[{"properties":{"accountId":"a49c40bb-1983-4165-aba6-6de984b8a035","metrics":{"prometheusQueryEndpoint":"https://ac000002-9p1f.westus.prometheus.monitor.azure.com","internalId":"mac_a49c40bb-1983-4165-aba6-6de984b8a035"},"provisioningState":"Succeeded","defaultIngestionSettings":{"dataCollectionRuleResourceId":"/subscriptions/00000000-0000-0000-0000-000000000000/resourceGroups/MA_ac000002_westus_managed/providers/Microsoft.Insights/dataCollectionRules/ac000002","dataCollectionEndpointResourceId":"/subscriptions/00000000-0000-0000-0000-000000000000/resourceGroups/MA_ac000002_westus_managed/providers/Microsoft.Insights/dataCollectionEndpoints/ac000002"},"publicNetworkAccess":"Enabled"},"location":"westus","tags":{"tag":"test","tag2":"test2"},"id":"/subscriptions/00000000-0000-0000-0000-000000000000/resourcegroups/cli_test_monitor_account000001/providers/microsoft.monitor/accounts/ac000002","name":"ac000002","type":"Microsoft.Monitor/accounts","etag":"\"0a03eed9-0000-0700-0000-645605170000\"","systemData":{"createdBy":"v-jingszhang@microsoft.com","createdByType":"User","createdAt":"2023-05-06T07:43:00.6848271Z","lastModifiedBy":"v-jingszhang@microsoft.com","lastModifiedByType":"User","lastModifiedAt":"2023-05-06T07:43:15.652667Z"}}],"nextLink":null}'
    headers:
      api-supported-versions:
      - 2021-06-01-preview, 2021-06-03-preview, 2023-04-01, 2023-04-03
      cache-control:
      - no-cache
      content-length:
      - '1275'
      content-type:
      - application/json; charset=utf-8
      date:
      - Sat, 06 May 2023 07:43:24 GMT
      expires:
      - '-1'
      pragma:
      - no-cache
      request-context:
      - appId=cid-v1:74683e7d-3ee8-4856-bfe7-e63c83b6737e
      server:
      - Microsoft-HTTPAPI/2.0
      strict-transport-security:
      - max-age=31536000; includeSubDomains
      transfer-encoding:
      - chunked
      vary:
      - Accept-Encoding,Accept-Encoding
      x-content-type-options:
      - nosniff
    status:
      code: 200
      message: OK
version: 1
