interactions:
- request:
    body: null
    headers:
      Accept:
      - application/json
      Accept-Encoding:
      - gzip, deflate
      CommandName:
      - vmss create
      Connection:
      - keep-alive
      ParameterSetName:
      - -g -n --image --admin-username --admin-password
      User-Agent:
      - AZURECLI/2.53.0 azsdk-python-azure-mgmt-resource/23.1.0b2 Python/3.10.11 (Windows-10-10.0.22621-SP0)
    method: GET
    uri: https://management.azure.com/subscriptions/00000000-0000-0000-0000-000000000000/resourcegroups/cli_test_monitor_autoscale_refine000001?api-version=2022-09-01
  response:
    body:
      string: '{"id":"/subscriptions/00000000-0000-0000-0000-000000000000/resourceGroups/cli_test_monitor_autoscale_refine000001","name":"cli_test_monitor_autoscale_refine000001","type":"Microsoft.Resources/resourceGroups","location":"westus","tags":{"product":"azurecli","cause":"automation","test":"test_monitor_autoscale_refined","date":"2023-10-16T05:15:14Z","module":"monitor"},"properties":{"provisioningState":"Succeeded"}}'
    headers:
      cache-control:
      - no-cache
      content-length:
      - '415'
      content-type:
      - application/json; charset=utf-8
      date:
      - Mon, 16 Oct 2023 05:15:18 GMT
      expires:
      - '-1'
      pragma:
      - no-cache
      strict-transport-security:
      - max-age=31536000; includeSubDomains
      vary:
      - Accept-Encoding
      x-content-type-options:
      - nosniff
    status:
      code: 200
      message: OK
- request:
    body: null
    headers:
      Accept:
      - '*/*'
      Accept-Encoding:
      - gzip, deflate
      Connection:
      - keep-alive
      User-Agent:
      - python-requests/2.31.0
    method: GET
    uri: https://raw.githubusercontent.com/Azure/azure-rest-api-specs/main/arm-compute/quickstart-templates/aliases.json
  response:
    body:
      string: "{\n  \"$schema\": \"http://schema.management.azure.com/schemas/2015-01-01/deploymentTemplate.json\"\
        ,\n  \"contentVersion\": \"1.0.0.0\",\n  \"parameters\": {},\n  \"variables\"\
        : {},\n  \"resources\": [],\n  \"outputs\": {\n    \"aliases\": {\n      \"\
        type\": \"object\",\n      \"value\": {\n        \"Linux\": {\n          \"\
        CentOS85Gen2\": {\n            \"publisher\":  \"OpenLogic\",\n          \
        \  \"offer\":  \"CentOS\",\n            \"sku\":  \"8_5-gen2\",\n        \
        \    \"version\":  \"latest\",\n            \"architecture\": \"x64\"\n  \
        \        },\n          \"Debian11\":  {\n            \"publisher\":  \"Debian\"\
        ,\n            \"offer\":  \"debian-11\",\n            \"sku\":  \"11-backports-gen2\"\
        ,\n            \"version\":  \"latest\",\n            \"architecture\": \"\
        x64\"\n          },\n          \"FlatcarLinuxFreeGen2\":  {\n            \"\
        publisher\":  \"kinvolk\",\n            \"offer\":  \"flatcar-container-linux-free\"\
        ,\n            \"sku\":  \"stable-gen2\",\n            \"version\":  \"latest\"\
        ,\n            \"architecture\": \"x64\"\n          },\n          \"OpenSuseLeap154Gen2\"\
        :  {\n            \"publisher\":  \"SUSE\",\n            \"offer\":  \"openSUSE-leap-15-4\"\
        ,\n            \"sku\":  \"gen2\",\n            \"version\":  \"latest\",\n\
        \            \"architecture\": \"x64\"\n          },\n          \"RHELRaw8LVMGen2\"\
        :  {\n            \"publisher\":  \"RedHat\",\n            \"offer\":  \"\
        RHEL\",\n            \"sku\":  \"8-lvm-gen2\",\n            \"version\": \
        \ \"latest\",\n            \"architecture\": \"x64\"\n          },\n     \
        \     \"SuseSles15SP3\": {\n            \"publisher\": \"SUSE\",\n       \
        \     \"offer\": \"sles-15-sp3\",\n            \"sku\": \"gen2\",\n      \
        \      \"version\": \"latest\",\n            \"architecture\": \"x64\"\n \
        \         },\n          \"Ubuntu2204\":  {\n            \"publisher\":  \"\
        Canonical\",\n            \"offer\":  \"0001-com-ubuntu-server-jammy\",\n\
        \            \"sku\":  \"22_04-lts-gen2\",\n            \"version\":  \"latest\"\
        ,\n            \"architecture\": \"x64\"\n          }\n        },\n      \
        \  \"Windows\": {\n          \"Win2022Datacenter\": {\n            \"publisher\"\
        : \"MicrosoftWindowsServer\",\n            \"offer\": \"WindowsServer\",\n\
        \            \"sku\": \"2022-Datacenter\",\n            \"version\": \"latest\"\
        ,\n            \"architecture\": \"x64\"\n          },\n          \"Win2022AzureEditionCore\"\
        : {\n            \"publisher\": \"MicrosoftWindowsServer\",\n            \"\
        offer\": \"WindowsServer\",\n            \"sku\": \"2022-datacenter-azure-edition-core\"\
        ,\n            \"version\": \"latest\",\n            \"architecture\": \"\
        x64\"\n          },\n          \"Win2019Datacenter\": {\n            \"publisher\"\
        : \"MicrosoftWindowsServer\",\n            \"offer\": \"WindowsServer\",\n\
        \            \"sku\": \"2019-Datacenter\",\n            \"version\": \"latest\"\
        ,\n            \"architecture\": \"x64\"\n          },\n          \"Win2016Datacenter\"\
        : {\n            \"publisher\": \"MicrosoftWindowsServer\",\n            \"\
        offer\": \"WindowsServer\",\n            \"sku\": \"2016-Datacenter\",\n \
        \           \"version\": \"latest\",\n            \"architecture\": \"x64\"\
        \n          },\n          \"Win2012R2Datacenter\": {\n            \"publisher\"\
        : \"MicrosoftWindowsServer\",\n            \"offer\": \"WindowsServer\",\n\
        \            \"sku\": \"2012-R2-Datacenter\",\n            \"version\": \"\
        latest\",\n            \"architecture\": \"x64\"\n          },\n         \
        \ \"Win2012Datacenter\": {\n            \"publisher\": \"MicrosoftWindowsServer\"\
        ,\n            \"offer\": \"WindowsServer\",\n            \"sku\": \"2012-Datacenter\"\
        ,\n            \"version\": \"latest\",\n            \"architecture\": \"\
        x64\"\n          },\n          \"Win2008R2SP1\": {\n            \"publisher\"\
        : \"MicrosoftWindowsServer\",\n            \"offer\": \"WindowsServer\",\n\
        \            \"sku\": \"2008-R2-SP1\",\n            \"version\": \"latest\"\
        ,\n            \"architecture\": \"x64\"\n          }\n        }\n      }\n\
        \    }\n  }\n}\n"
    headers:
      accept-ranges:
      - bytes
      access-control-allow-origin:
      - '*'
      cache-control:
      - max-age=300
      connection:
      - keep-alive
      content-length:
      - '3592'
      content-security-policy:
      - default-src 'none'; style-src 'unsafe-inline'; sandbox
      content-type:
      - text/plain; charset=utf-8
      cross-origin-resource-policy:
      - cross-origin
      date:
      - Mon, 16 Oct 2023 05:15:19 GMT
      etag:
      - W/"d899bf46cbe29d2f24fdd8591de45b570357fdcca02295e764b3c6c587e12212"
      expires:
      - Mon, 16 Oct 2023 05:20:19 GMT
      source-age:
      - '174'
      strict-transport-security:
      - max-age=31536000
      vary:
      - Authorization,Accept-Encoding,Origin
      via:
      - 1.1 varnish
      x-cache:
      - HIT
      x-cache-hits:
      - '1'
      x-content-type-options:
      - nosniff
      x-fastly-request-id:
      - 336e4d09651625353de2770c672605d711ce24da
      x-frame-options:
      - deny
      x-github-request-id:
      - E616:1960FA:C6186:FB00E:6529D811
      x-served-by:
      - cache-qpg1267-QPG
      x-timer:
      - S1697433320.711366,VS0,VE1
      x-xss-protection:
      - 1; mode=block
    status:
      code: 200
      message: OK
- request:
    body: null
    headers:
      Accept:
      - application/json
      Accept-Encoding:
      - gzip, deflate
      CommandName:
      - vmss create
      Connection:
      - keep-alive
      ParameterSetName:
      - -g -n --image --admin-username --admin-password
      User-Agent:
      - AZURECLI/2.53.0 azsdk-python-azure-mgmt-compute/30.0.0 Python/3.10.11 (Windows-10-10.0.22621-SP0)
    method: GET
    uri: https://management.azure.com/subscriptions/00000000-0000-0000-0000-000000000000/providers/Microsoft.Compute/locations/westus/publishers/Canonical/artifacttypes/vmimage/offers/0001-com-ubuntu-server-jammy/skus/22_04-lts-gen2/versions?$top=1&$orderby=name%20desc&api-version=2022-11-01
  response:
    body:
      string: "[\r\n  {\r\n    \"location\": \"westus\",\r\n    \"name\": \"22.04.202310040\"\
        ,\r\n    \"id\": \"/Subscriptions/00000000-0000-0000-0000-000000000000/Providers/Microsoft.Compute/Locations/westus/Publishers/Canonical/ArtifactTypes/VMImage/Offers/0001-com-ubuntu-server-jammy/Skus/22_04-lts-gen2/Versions/22.04.202310040\"\
        \r\n  }\r\n]"
    headers:
      cache-control:
      - no-cache
      content-length:
      - '307'
      content-type:
      - application/json; charset=utf-8
      date:
      - Mon, 16 Oct 2023 05:15:20 GMT
      expires:
      - '-1'
      pragma:
      - no-cache
      server:
      - Microsoft-HTTPAPI/2.0
      - Microsoft-HTTPAPI/2.0
      strict-transport-security:
      - max-age=31536000; includeSubDomains
      transfer-encoding:
      - chunked
      vary:
      - Accept-Encoding
      x-content-type-options:
      - nosniff
      x-ms-ratelimit-remaining-resource:
      - Microsoft.Compute/ListVMImagesVersionsFromLocation3Min;15993,Microsoft.Compute/ListVMImagesVersionsFromLocation30Min;43992
    status:
      code: 200
      message: OK
- request:
    body: null
    headers:
      Accept:
      - application/json
      Accept-Encoding:
      - gzip, deflate
      CommandName:
      - vmss create
      Connection:
      - keep-alive
      ParameterSetName:
      - -g -n --image --admin-username --admin-password
      User-Agent:
      - AZURECLI/2.53.0 azsdk-python-azure-mgmt-compute/30.0.0 Python/3.10.11 (Windows-10-10.0.22621-SP0)
    method: GET
    uri: https://management.azure.com/subscriptions/00000000-0000-0000-0000-000000000000/providers/Microsoft.Compute/locations/westus/publishers/Canonical/artifacttypes/vmimage/offers/0001-com-ubuntu-server-jammy/skus/22_04-lts-gen2/versions/22.04.202310040?api-version=2022-11-01
  response:
    body:
      string: "{\r\n  \"properties\": {\r\n    \"hyperVGeneration\": \"V2\",\r\n \
        \   \"architecture\": \"x64\",\r\n    \"replicaType\": \"Managed\",\r\n  \
        \  \"replicaCount\": 10,\r\n    \"disallowed\": {\r\n      \"vmDiskType\"\
        : \"Unmanaged\"\r\n    },\r\n    \"automaticOSUpgradeProperties\": {\r\n \
        \     \"automaticOSUpgradeSupported\": false\r\n    },\r\n    \"imageDeprecationStatus\"\
        : {\r\n      \"imageState\": \"Active\"\r\n    },\r\n    \"features\": [\r\
        \n      {\r\n        \"name\": \"SecurityType\",\r\n        \"value\": \"\
        TrustedLaunchSupported\"\r\n      },\r\n      {\r\n        \"name\": \"IsAcceleratedNetworkSupported\"\
        ,\r\n        \"value\": \"True\"\r\n      },\r\n      {\r\n        \"name\"\
        : \"DiskControllerTypes\",\r\n        \"value\": \"SCSI, NVMe\"\r\n      },\r\
        \n      {\r\n        \"name\": \"IsHibernateSupported\",\r\n        \"value\"\
        : \"True\"\r\n      }\r\n    ],\r\n    \"osDiskImage\": {\r\n      \"operatingSystem\"\
        : \"Linux\",\r\n      \"sizeInGb\": 30\r\n    },\r\n    \"dataDiskImages\"\
        : []\r\n  },\r\n  \"location\": \"westus\",\r\n  \"name\": \"22.04.202310040\"\
        ,\r\n  \"id\": \"/Subscriptions/00000000-0000-0000-0000-000000000000/Providers/Microsoft.Compute/Locations/westus/Publishers/Canonical/ArtifactTypes/VMImage/Offers/0001-com-ubuntu-server-jammy/Skus/22_04-lts-gen2/Versions/22.04.202310040\"\
        \r\n}"
    headers:
      cache-control:
      - no-cache
      content-length:
      - '1158'
      content-type:
      - application/json; charset=utf-8
      date:
      - Mon, 16 Oct 2023 05:15:21 GMT
      expires:
      - '-1'
      pragma:
      - no-cache
      server:
      - Microsoft-HTTPAPI/2.0
      - Microsoft-HTTPAPI/2.0
      strict-transport-security:
      - max-age=31536000; includeSubDomains
      transfer-encoding:
      - chunked
      vary:
      - Accept-Encoding
      x-content-type-options:
      - nosniff
      x-ms-ratelimit-remaining-resource:
      - Microsoft.Compute/GetVMImageFromLocation3Min;12996,Microsoft.Compute/GetVMImageFromLocation30Min;73995
    status:
      code: 200
      message: OK
- request:
    body: null
    headers:
      Accept:
      - application/json
      Accept-Encoding:
      - gzip, deflate
      CommandName:
      - vmss create
      Connection:
      - keep-alive
      ParameterSetName:
      - -g -n --image --admin-username --admin-password
      User-Agent:
      - AZURECLI/2.53.0 (AAZ) azsdk-python-core/1.26.0 Python/3.10.11 (Windows-10-10.0.22621-SP0)
    method: GET
    uri: https://management.azure.com/subscriptions/00000000-0000-0000-0000-000000000000/resourceGroups/cli_test_monitor_autoscale_refine000001/providers/Microsoft.Network/virtualNetworks?api-version=2022-01-01
  response:
    body:
      string: '{"value":[]}'
    headers:
      cache-control:
      - no-cache
      content-length:
      - '12'
      content-type:
      - application/json; charset=utf-8
      date:
      - Mon, 16 Oct 2023 05:15:22 GMT
      expires:
      - '-1'
      pragma:
      - no-cache
      strict-transport-security:
      - max-age=31536000; includeSubDomains
      vary:
      - Accept-Encoding
      x-content-type-options:
      - nosniff
    status:
      code: 200
      message: OK
- request:
    body: null
    headers:
      Accept:
      - '*/*'
      Accept-Encoding:
      - gzip, deflate
      Connection:
      - keep-alive
      User-Agent:
      - python-requests/2.31.0
    method: GET
    uri: https://raw.githubusercontent.com/Azure/azure-rest-api-specs/main/arm-compute/quickstart-templates/aliases.json
  response:
    body:
      string: "{\n  \"$schema\": \"http://schema.management.azure.com/schemas/2015-01-01/deploymentTemplate.json\"\
        ,\n  \"contentVersion\": \"1.0.0.0\",\n  \"parameters\": {},\n  \"variables\"\
        : {},\n  \"resources\": [],\n  \"outputs\": {\n    \"aliases\": {\n      \"\
        type\": \"object\",\n      \"value\": {\n        \"Linux\": {\n          \"\
        CentOS85Gen2\": {\n            \"publisher\":  \"OpenLogic\",\n          \
        \  \"offer\":  \"CentOS\",\n            \"sku\":  \"8_5-gen2\",\n        \
        \    \"version\":  \"latest\",\n            \"architecture\": \"x64\"\n  \
        \        },\n          \"Debian11\":  {\n            \"publisher\":  \"Debian\"\
        ,\n            \"offer\":  \"debian-11\",\n            \"sku\":  \"11-backports-gen2\"\
        ,\n            \"version\":  \"latest\",\n            \"architecture\": \"\
        x64\"\n          },\n          \"FlatcarLinuxFreeGen2\":  {\n            \"\
        publisher\":  \"kinvolk\",\n            \"offer\":  \"flatcar-container-linux-free\"\
        ,\n            \"sku\":  \"stable-gen2\",\n            \"version\":  \"latest\"\
        ,\n            \"architecture\": \"x64\"\n          },\n          \"OpenSuseLeap154Gen2\"\
        :  {\n            \"publisher\":  \"SUSE\",\n            \"offer\":  \"openSUSE-leap-15-4\"\
        ,\n            \"sku\":  \"gen2\",\n            \"version\":  \"latest\",\n\
        \            \"architecture\": \"x64\"\n          },\n          \"RHELRaw8LVMGen2\"\
        :  {\n            \"publisher\":  \"RedHat\",\n            \"offer\":  \"\
        RHEL\",\n            \"sku\":  \"8-lvm-gen2\",\n            \"version\": \
        \ \"latest\",\n            \"architecture\": \"x64\"\n          },\n     \
        \     \"SuseSles15SP3\": {\n            \"publisher\": \"SUSE\",\n       \
        \     \"offer\": \"sles-15-sp3\",\n            \"sku\": \"gen2\",\n      \
        \      \"version\": \"latest\",\n            \"architecture\": \"x64\"\n \
        \         },\n          \"Ubuntu2204\":  {\n            \"publisher\":  \"\
        Canonical\",\n            \"offer\":  \"0001-com-ubuntu-server-jammy\",\n\
        \            \"sku\":  \"22_04-lts-gen2\",\n            \"version\":  \"latest\"\
        ,\n            \"architecture\": \"x64\"\n          }\n        },\n      \
        \  \"Windows\": {\n          \"Win2022Datacenter\": {\n            \"publisher\"\
        : \"MicrosoftWindowsServer\",\n            \"offer\": \"WindowsServer\",\n\
        \            \"sku\": \"2022-Datacenter\",\n            \"version\": \"latest\"\
        ,\n            \"architecture\": \"x64\"\n          },\n          \"Win2022AzureEditionCore\"\
        : {\n            \"publisher\": \"MicrosoftWindowsServer\",\n            \"\
        offer\": \"WindowsServer\",\n            \"sku\": \"2022-datacenter-azure-edition-core\"\
        ,\n            \"version\": \"latest\",\n            \"architecture\": \"\
        x64\"\n          },\n          \"Win2019Datacenter\": {\n            \"publisher\"\
        : \"MicrosoftWindowsServer\",\n            \"offer\": \"WindowsServer\",\n\
        \            \"sku\": \"2019-Datacenter\",\n            \"version\": \"latest\"\
        ,\n            \"architecture\": \"x64\"\n          },\n          \"Win2016Datacenter\"\
        : {\n            \"publisher\": \"MicrosoftWindowsServer\",\n            \"\
        offer\": \"WindowsServer\",\n            \"sku\": \"2016-Datacenter\",\n \
        \           \"version\": \"latest\",\n            \"architecture\": \"x64\"\
        \n          },\n          \"Win2012R2Datacenter\": {\n            \"publisher\"\
        : \"MicrosoftWindowsServer\",\n            \"offer\": \"WindowsServer\",\n\
        \            \"sku\": \"2012-R2-Datacenter\",\n            \"version\": \"\
        latest\",\n            \"architecture\": \"x64\"\n          },\n         \
        \ \"Win2012Datacenter\": {\n            \"publisher\": \"MicrosoftWindowsServer\"\
        ,\n            \"offer\": \"WindowsServer\",\n            \"sku\": \"2012-Datacenter\"\
        ,\n            \"version\": \"latest\",\n            \"architecture\": \"\
        x64\"\n          },\n          \"Win2008R2SP1\": {\n            \"publisher\"\
        : \"MicrosoftWindowsServer\",\n            \"offer\": \"WindowsServer\",\n\
        \            \"sku\": \"2008-R2-SP1\",\n            \"version\": \"latest\"\
        ,\n            \"architecture\": \"x64\"\n          }\n        }\n      }\n\
        \    }\n  }\n}\n"
    headers:
      accept-ranges:
      - bytes
      access-control-allow-origin:
      - '*'
      cache-control:
      - max-age=300
      connection:
      - keep-alive
      content-length:
      - '3592'
      content-security-policy:
      - default-src 'none'; style-src 'unsafe-inline'; sandbox
      content-type:
      - text/plain; charset=utf-8
      cross-origin-resource-policy:
      - cross-origin
      date:
      - Mon, 16 Oct 2023 05:15:23 GMT
      etag:
      - W/"d899bf46cbe29d2f24fdd8591de45b570357fdcca02295e764b3c6c587e12212"
      expires:
      - Mon, 16 Oct 2023 05:20:23 GMT
      source-age:
      - '178'
      strict-transport-security:
      - max-age=31536000
      vary:
      - Authorization,Accept-Encoding,Origin
      via:
      - 1.1 varnish
      x-cache:
      - HIT
      x-cache-hits:
      - '1'
      x-content-type-options:
      - nosniff
      x-fastly-request-id:
      - 08c2f7e37dd66a4e122042be3bc5a3910d0dd8d3
      x-frame-options:
      - deny
      x-github-request-id:
      - E616:1960FA:C6186:FB00E:6529D811
      x-served-by:
      - cache-qpg1224-QPG
      x-timer:
      - S1697433323.299291,VS0,VE1
      x-xss-protection:
      - 1; mode=block
    status:
      code: 200
      message: OK
- request:
    body: null
    headers:
      Accept:
      - application/json
      Accept-Encoding:
      - gzip, deflate
      CommandName:
      - vmss create
      Connection:
      - keep-alive
      ParameterSetName:
      - -g -n --image --admin-username --admin-password
      User-Agent:
      - AZURECLI/2.53.0 azsdk-python-azure-mgmt-compute/30.0.0 Python/3.10.11 (Windows-10-10.0.22621-SP0)
    method: GET
    uri: https://management.azure.com/subscriptions/00000000-0000-0000-0000-000000000000/providers/Microsoft.Compute/locations/westus/publishers/Canonical/artifacttypes/vmimage/offers/0001-com-ubuntu-server-jammy/skus/22_04-lts-gen2/versions?$top=1&$orderby=name%20desc&api-version=2022-11-01
  response:
    body:
      string: "[\r\n  {\r\n    \"location\": \"westus\",\r\n    \"name\": \"22.04.202310040\"\
        ,\r\n    \"id\": \"/Subscriptions/00000000-0000-0000-0000-000000000000/Providers/Microsoft.Compute/Locations/westus/Publishers/Canonical/ArtifactTypes/VMImage/Offers/0001-com-ubuntu-server-jammy/Skus/22_04-lts-gen2/Versions/22.04.202310040\"\
        \r\n  }\r\n]"
    headers:
      cache-control:
      - no-cache
      content-length:
      - '307'
      content-type:
      - application/json; charset=utf-8
      date:
      - Mon, 16 Oct 2023 05:15:24 GMT
      expires:
      - '-1'
      pragma:
      - no-cache
      server:
      - Microsoft-HTTPAPI/2.0
      - Microsoft-HTTPAPI/2.0
      strict-transport-security:
      - max-age=31536000; includeSubDomains
      transfer-encoding:
      - chunked
      vary:
      - Accept-Encoding
      x-content-type-options:
      - nosniff
      x-ms-ratelimit-remaining-resource:
      - Microsoft.Compute/ListVMImagesVersionsFromLocation3Min;15992,Microsoft.Compute/ListVMImagesVersionsFromLocation30Min;43991
    status:
      code: 200
      message: OK
- request:
    body: null
    headers:
      Accept:
      - application/json
      Accept-Encoding:
      - gzip, deflate
      CommandName:
      - vmss create
      Connection:
      - keep-alive
      ParameterSetName:
      - -g -n --image --admin-username --admin-password
      User-Agent:
      - AZURECLI/2.53.0 azsdk-python-azure-mgmt-compute/30.0.0 Python/3.10.11 (Windows-10-10.0.22621-SP0)
    method: GET
    uri: https://management.azure.com/subscriptions/00000000-0000-0000-0000-000000000000/providers/Microsoft.Compute/locations/westus/publishers/Canonical/artifacttypes/vmimage/offers/0001-com-ubuntu-server-jammy/skus/22_04-lts-gen2/versions/22.04.202310040?api-version=2022-11-01
  response:
    body:
      string: "{\r\n  \"properties\": {\r\n    \"hyperVGeneration\": \"V2\",\r\n \
        \   \"architecture\": \"x64\",\r\n    \"replicaType\": \"Managed\",\r\n  \
        \  \"replicaCount\": 10,\r\n    \"disallowed\": {\r\n      \"vmDiskType\"\
        : \"Unmanaged\"\r\n    },\r\n    \"automaticOSUpgradeProperties\": {\r\n \
        \     \"automaticOSUpgradeSupported\": false\r\n    },\r\n    \"imageDeprecationStatus\"\
        : {\r\n      \"imageState\": \"Active\"\r\n    },\r\n    \"features\": [\r\
        \n      {\r\n        \"name\": \"SecurityType\",\r\n        \"value\": \"\
        TrustedLaunchSupported\"\r\n      },\r\n      {\r\n        \"name\": \"IsAcceleratedNetworkSupported\"\
        ,\r\n        \"value\": \"True\"\r\n      },\r\n      {\r\n        \"name\"\
        : \"DiskControllerTypes\",\r\n        \"value\": \"SCSI, NVMe\"\r\n      },\r\
        \n      {\r\n        \"name\": \"IsHibernateSupported\",\r\n        \"value\"\
        : \"True\"\r\n      }\r\n    ],\r\n    \"osDiskImage\": {\r\n      \"operatingSystem\"\
        : \"Linux\",\r\n      \"sizeInGb\": 30\r\n    },\r\n    \"dataDiskImages\"\
        : []\r\n  },\r\n  \"location\": \"westus\",\r\n  \"name\": \"22.04.202310040\"\
        ,\r\n  \"id\": \"/Subscriptions/00000000-0000-0000-0000-000000000000/Providers/Microsoft.Compute/Locations/westus/Publishers/Canonical/ArtifactTypes/VMImage/Offers/0001-com-ubuntu-server-jammy/Skus/22_04-lts-gen2/Versions/22.04.202310040\"\
        \r\n}"
    headers:
      cache-control:
      - no-cache
      content-length:
      - '1158'
      content-type:
      - application/json; charset=utf-8
      date:
      - Mon, 16 Oct 2023 05:15:25 GMT
      expires:
      - '-1'
      pragma:
      - no-cache
      server:
      - Microsoft-HTTPAPI/2.0
      - Microsoft-HTTPAPI/2.0
      strict-transport-security:
      - max-age=31536000; includeSubDomains
      transfer-encoding:
      - chunked
      vary:
      - Accept-Encoding
      x-content-type-options:
      - nosniff
      x-ms-ratelimit-remaining-resource:
      - Microsoft.Compute/GetVMImageFromLocation3Min;12995,Microsoft.Compute/GetVMImageFromLocation30Min;73994
    status:
      code: 200
      message: OK
- request:
    body: null
    headers:
      Accept:
      - application/json
      Accept-Encoding:
      - gzip, deflate
      CommandName:
      - vmss create
      Connection:
      - keep-alive
      ParameterSetName:
      - -g -n --image --admin-username --admin-password
      User-Agent:
      - AZURECLI/2.53.0 azsdk-python-azure-mgmt-compute/30.0.0 Python/3.10.11 (Windows-10-10.0.22621-SP0)
    method: GET
    uri: https://management.azure.com/subscriptions/00000000-0000-0000-0000-000000000000/providers/Microsoft.Compute/locations/westus/publishers/Canonical/artifacttypes/vmimage/offers/0001-com-ubuntu-server-jammy/skus/22_04-lts-gen2/versions?$top=1&$orderby=name%20desc&api-version=2022-11-01
  response:
    body:
      string: "[\r\n  {\r\n    \"location\": \"westus\",\r\n    \"name\": \"22.04.202310040\"\
        ,\r\n    \"id\": \"/Subscriptions/00000000-0000-0000-0000-000000000000/Providers/Microsoft.Compute/Locations/westus/Publishers/Canonical/ArtifactTypes/VMImage/Offers/0001-com-ubuntu-server-jammy/Skus/22_04-lts-gen2/Versions/22.04.202310040\"\
        \r\n  }\r\n]"
    headers:
      cache-control:
      - no-cache
      content-length:
      - '307'
      content-type:
      - application/json; charset=utf-8
      date:
      - Mon, 16 Oct 2023 05:15:26 GMT
      expires:
      - '-1'
      pragma:
      - no-cache
      server:
      - Microsoft-HTTPAPI/2.0
      - Microsoft-HTTPAPI/2.0
      strict-transport-security:
      - max-age=31536000; includeSubDomains
      transfer-encoding:
      - chunked
      vary:
      - Accept-Encoding
      x-content-type-options:
      - nosniff
      x-ms-ratelimit-remaining-resource:
      - Microsoft.Compute/ListVMImagesVersionsFromLocation3Min;15991,Microsoft.Compute/ListVMImagesVersionsFromLocation30Min;43990
    status:
      code: 200
      message: OK
- request:
    body: null
    headers:
      Accept:
      - application/json
      Accept-Encoding:
      - gzip, deflate
      CommandName:
      - vmss create
      Connection:
      - keep-alive
      ParameterSetName:
      - -g -n --image --admin-username --admin-password
      User-Agent:
      - AZURECLI/2.53.0 azsdk-python-azure-mgmt-compute/30.0.0 Python/3.10.11 (Windows-10-10.0.22621-SP0)
    method: GET
    uri: https://management.azure.com/subscriptions/00000000-0000-0000-0000-000000000000/providers/Microsoft.Compute/locations/westus/publishers/Canonical/artifacttypes/vmimage/offers/0001-com-ubuntu-server-jammy/skus/22_04-lts-gen2/versions/22.04.202310040?api-version=2022-11-01
  response:
    body:
      string: "{\r\n  \"properties\": {\r\n    \"hyperVGeneration\": \"V2\",\r\n \
        \   \"architecture\": \"x64\",\r\n    \"replicaType\": \"Managed\",\r\n  \
        \  \"replicaCount\": 10,\r\n    \"disallowed\": {\r\n      \"vmDiskType\"\
        : \"Unmanaged\"\r\n    },\r\n    \"automaticOSUpgradeProperties\": {\r\n \
        \     \"automaticOSUpgradeSupported\": false\r\n    },\r\n    \"imageDeprecationStatus\"\
        : {\r\n      \"imageState\": \"Active\"\r\n    },\r\n    \"features\": [\r\
        \n      {\r\n        \"name\": \"SecurityType\",\r\n        \"value\": \"\
        TrustedLaunchSupported\"\r\n      },\r\n      {\r\n        \"name\": \"IsAcceleratedNetworkSupported\"\
        ,\r\n        \"value\": \"True\"\r\n      },\r\n      {\r\n        \"name\"\
        : \"DiskControllerTypes\",\r\n        \"value\": \"SCSI, NVMe\"\r\n      },\r\
        \n      {\r\n        \"name\": \"IsHibernateSupported\",\r\n        \"value\"\
        : \"True\"\r\n      }\r\n    ],\r\n    \"osDiskImage\": {\r\n      \"operatingSystem\"\
        : \"Linux\",\r\n      \"sizeInGb\": 30\r\n    },\r\n    \"dataDiskImages\"\
        : []\r\n  },\r\n  \"location\": \"westus\",\r\n  \"name\": \"22.04.202310040\"\
        ,\r\n  \"id\": \"/Subscriptions/00000000-0000-0000-0000-000000000000/Providers/Microsoft.Compute/Locations/westus/Publishers/Canonical/ArtifactTypes/VMImage/Offers/0001-com-ubuntu-server-jammy/Skus/22_04-lts-gen2/Versions/22.04.202310040\"\
        \r\n}"
    headers:
      cache-control:
      - no-cache
      content-length:
      - '1158'
      content-type:
      - application/json; charset=utf-8
      date:
      - Mon, 16 Oct 2023 05:15:27 GMT
      expires:
      - '-1'
      pragma:
      - no-cache
      server:
      - Microsoft-HTTPAPI/2.0
      - Microsoft-HTTPAPI/2.0
      strict-transport-security:
      - max-age=31536000; includeSubDomains
      transfer-encoding:
      - chunked
      vary:
      - Accept-Encoding
      x-content-type-options:
      - nosniff
      x-ms-ratelimit-remaining-resource:
      - Microsoft.Compute/GetVMImageFromLocation3Min;12994,Microsoft.Compute/GetVMImageFromLocation30Min;73993
    status:
      code: 200
      message: OK
- request:
    body: '{"properties": {"template": {"$schema": "https://schema.management.azure.com/schemas/2015-01-01/deploymentTemplate.json#",
      "contentVersion": "1.0.0.0", "parameters": {"adminPassword": {"type": "securestring",
      "metadata": {"description": "Secure adminPassword"}}}, "variables": {}, "resources":
      [{"name": "vmss1VNET", "type": "Microsoft.Network/virtualNetworks", "location":
      "westus", "apiVersion": "2015-06-15", "dependsOn": [], "tags": {}, "properties":
      {"addressSpace": {"addressPrefixes": ["10.0.0.0/16"]}, "subnets": [{"name":
      "vmss1Subnet", "properties": {"addressPrefix": "10.0.0.0/24"}}]}}, {"apiVersion":
      "2022-01-01", "type": "Microsoft.Network/publicIPAddresses", "name": "vmss1LBPublicIP",
      "location": "westus", "tags": {}, "dependsOn": [], "properties": {"publicIPAllocationMethod":
      "Dynamic"}}, {"type": "Microsoft.Network/loadBalancers", "name": "vmss1LB",
      "location": "westus", "tags": {}, "apiVersion": "2022-01-01", "dependsOn": ["Microsoft.Network/virtualNetworks/vmss1VNET",
      "Microsoft.Network/publicIpAddresses/vmss1LBPublicIP"], "properties": {"backendAddressPools":
      [{"name": "vmss1LBBEPool"}], "frontendIPConfigurations": [{"name": "loadBalancerFrontEnd",
      "properties": {"publicIPAddress": {"id": "/subscriptions/00000000-0000-0000-0000-000000000000/resourceGroups/cli_test_monitor_autoscale_refine000001/providers/Microsoft.Network/publicIPAddresses/vmss1LBPublicIP"}}}],
      "inboundNatPools": [{"name": "vmss1LBNatPool", "properties": {"frontendIPConfiguration":
      {"id": "[concat(resourceId(''Microsoft.Network/loadBalancers'', ''vmss1LB''),
      ''/frontendIPConfigurations/'', ''loadBalancerFrontEnd'')]"}, "protocol": "tcp",
      "frontendPortRangeStart": "50000", "frontendPortRangeEnd": "50119", "backendPort":
      22}}]}}, {"type": "Microsoft.Compute/virtualMachineScaleSets", "name": "vmss1",
      "location": "westus", "tags": {}, "apiVersion": "2023-03-01", "dependsOn": ["Microsoft.Network/virtualNetworks/vmss1VNET",
      "Microsoft.Network/loadBalancers/vmss1LB"], "properties": {"overprovision":
      true, "upgradePolicy": {"mode": "manual", "rollingUpgradePolicy": {}}, "singlePlacementGroup":
      null, "virtualMachineProfile": {"storageProfile": {"osDisk": {"createOption":
      "FromImage", "caching": "ReadWrite", "managedDisk": {"storageAccountType": null}},
      "imageReference": {"publisher": "Canonical", "offer": "0001-com-ubuntu-server-jammy",
      "sku": "22_04-lts-gen2", "version": "latest"}}, "osProfile": {"computerNamePrefix":
      "vmss1f5ac", "adminUsername": "testadmin", "adminPassword": "[parameters(''adminPassword'')]"},
      "networkProfile": {"networkInterfaceConfigurations": [{"name": "vmss1f5acNic",
      "properties": {"ipConfigurations": [{"name": "vmss1f5acIPConfig", "properties":
      {"subnet": {"id": "/subscriptions/00000000-0000-0000-0000-000000000000/resourceGroups/cli_test_monitor_autoscale_refine000001/providers/Microsoft.Network/virtualNetworks/vmss1VNET/subnets/vmss1Subnet"},
      "loadBalancerBackendAddressPools": [{"id": "/subscriptions/00000000-0000-0000-0000-000000000000/resourceGroups/cli_test_monitor_autoscale_refine000001/providers/Microsoft.Network/loadBalancers/vmss1LB/backendAddressPools/vmss1LBBEPool"}],
      "loadBalancerInboundNatPools": [{"id": "/subscriptions/00000000-0000-0000-0000-000000000000/resourceGroups/cli_test_monitor_autoscale_refine000001/providers/Microsoft.Network/loadBalancers/vmss1LB/inboundNatPools/vmss1LBNatPool"}]}}],
      "primary": "true"}}]}}, "orchestrationMode": "Uniform"}, "sku": {"name": "Standard_DS1_v2",
      "capacity": 2}}], "outputs": {"VMSS": {"type": "object", "value": "[reference(resourceId(''Microsoft.Compute/virtualMachineScaleSets'',
      ''vmss1''),providers(''Microsoft.Compute'', ''virtualMachineScaleSets'').apiVersions[0])]"}}},
      "parameters": {"adminPassword": {"value": "TestTest12#$"}}, "mode": "incremental"}}'
    headers:
      Accept:
      - application/json
      Accept-Encoding:
      - gzip, deflate
      CommandName:
      - vmss create
      Connection:
      - keep-alive
      Content-Length:
      - '3752'
      Content-Type:
      - application/json
      ParameterSetName:
      - -g -n --image --admin-username --admin-password
      User-Agent:
      - AZURECLI/2.53.0 azsdk-python-azure-mgmt-resource/23.1.0b2 Python/3.10.11 (Windows-10-10.0.22621-SP0)
    method: PUT
    uri: https://management.azure.com/subscriptions/00000000-0000-0000-0000-000000000000/resourcegroups/cli_test_monitor_autoscale_refine000001/providers/Microsoft.Resources/deployments/mock-deployment?api-version=2022-09-01
  response:
    body:
      string: '{"id":"/subscriptions/00000000-0000-0000-0000-000000000000/resourceGroups/cli_test_monitor_autoscale_refine000001/providers/Microsoft.Resources/deployments/vmss_deploy_YyKYBVXC1UfMRkudaCIzsRjGu5YLBcp6","name":"vmss_deploy_YyKYBVXC1UfMRkudaCIzsRjGu5YLBcp6","type":"Microsoft.Resources/deployments","properties":{"templateHash":"3289932433463631045","parameters":{"adminPassword":{"type":"SecureString"}},"mode":"Incremental","provisioningState":"Accepted","timestamp":"2023-10-16T05:15:38.0754642Z","duration":"PT0.0002504S","correlationId":"3bd5e095-a656-4a66-bba6-c2d1e09363cf","providers":[{"namespace":"Microsoft.Network","resourceTypes":[{"resourceType":"virtualNetworks","locations":["westus"]},{"resourceType":"publicIPAddresses","locations":["westus"]},{"resourceType":"loadBalancers","locations":["westus"]}]},{"namespace":"Microsoft.Compute","resourceTypes":[{"resourceType":"virtualMachineScaleSets","locations":["westus"]}]}],"dependencies":[{"dependsOn":[{"id":"/subscriptions/00000000-0000-0000-0000-000000000000/resourceGroups/cli_test_monitor_autoscale_refine000001/providers/Microsoft.Network/virtualNetworks/vmss1VNET","resourceType":"Microsoft.Network/virtualNetworks","resourceName":"vmss1VNET"},{"id":"/subscriptions/00000000-0000-0000-0000-000000000000/resourceGroups/cli_test_monitor_autoscale_refine000001/providers/Microsoft.Network/publicIPAddresses/vmss1LBPublicIP","resourceType":"Microsoft.Network/publicIPAddresses","resourceName":"vmss1LBPublicIP"}],"id":"/subscriptions/00000000-0000-0000-0000-000000000000/resourceGroups/cli_test_monitor_autoscale_refine000001/providers/Microsoft.Network/loadBalancers/vmss1LB","resourceType":"Microsoft.Network/loadBalancers","resourceName":"vmss1LB"},{"dependsOn":[{"id":"/subscriptions/00000000-0000-0000-0000-000000000000/resourceGroups/cli_test_monitor_autoscale_refine000001/providers/Microsoft.Network/virtualNetworks/vmss1VNET","resourceType":"Microsoft.Network/virtualNetworks","resourceName":"vmss1VNET"},{"id":"/subscriptions/00000000-0000-0000-0000-000000000000/resourceGroups/cli_test_monitor_autoscale_refine000001/providers/Microsoft.Network/loadBalancers/vmss1LB","resourceType":"Microsoft.Network/loadBalancers","resourceName":"vmss1LB"}],"id":"/subscriptions/00000000-0000-0000-0000-000000000000/resourceGroups/cli_test_monitor_autoscale_refine000001/providers/Microsoft.Compute/virtualMachineScaleSets/vmss1","resourceType":"Microsoft.Compute/virtualMachineScaleSets","resourceName":"vmss1"}]}}'
    headers:
      azure-asyncoperation:
      - https://management.azure.com/subscriptions/00000000-0000-0000-0000-000000000000/resourcegroups/cli_test_monitor_autoscale_refine000001/providers/Microsoft.Resources/deployments/vmss_deploy_YyKYBVXC1UfMRkudaCIzsRjGu5YLBcp6/operationStatuses/08585041735507889376?api-version=2022-09-01
      cache-control:
      - no-cache
      content-length:
      - '2479'
      content-type:
      - application/json; charset=utf-8
      date:
      - Mon, 16 Oct 2023 05:15:40 GMT
      expires:
      - '-1'
      pragma:
      - no-cache
      strict-transport-security:
      - max-age=31536000; includeSubDomains
      x-content-type-options:
      - nosniff
      x-ms-ratelimit-remaining-subscription-writes:
      - '1198'
    status:
      code: 201
      message: Created
- request:
    body: null
    headers:
      Accept:
      - '*/*'
      Accept-Encoding:
      - gzip, deflate
      CommandName:
      - vmss create
      Connection:
      - keep-alive
      ParameterSetName:
      - -g -n --image --admin-username --admin-password
      User-Agent:
      - AZURECLI/2.53.0 azsdk-python-azure-mgmt-resource/23.1.0b2 Python/3.10.11 (Windows-10-10.0.22621-SP0)
    method: GET
    uri: https://management.azure.com/subscriptions/00000000-0000-0000-0000-000000000000/resourcegroups/cli_test_monitor_autoscale_refine000001/providers/Microsoft.Resources/deployments/mock-deployment/operationStatuses/08585041735507889376?api-version=2022-09-01
  response:
    body:
      string: '{"status":"Running"}'
    headers:
      cache-control:
      - no-cache
      content-length:
      - '20'
      content-type:
      - application/json; charset=utf-8
      date:
      - Mon, 16 Oct 2023 05:15:41 GMT
      expires:
      - '-1'
      pragma:
      - no-cache
      strict-transport-security:
      - max-age=31536000; includeSubDomains
      vary:
      - Accept-Encoding
      x-content-type-options:
      - nosniff
    status:
      code: 200
      message: OK
- request:
    body: null
    headers:
      Accept:
      - '*/*'
      Accept-Encoding:
      - gzip, deflate
      CommandName:
      - vmss create
      Connection:
      - keep-alive
      ParameterSetName:
      - -g -n --image --admin-username --admin-password
      User-Agent:
      - AZURECLI/2.53.0 azsdk-python-azure-mgmt-resource/23.1.0b2 Python/3.10.11 (Windows-10-10.0.22621-SP0)
    method: GET
    uri: https://management.azure.com/subscriptions/00000000-0000-0000-0000-000000000000/resourcegroups/cli_test_monitor_autoscale_refine000001/providers/Microsoft.Resources/deployments/mock-deployment/operationStatuses/08585041735507889376?api-version=2022-09-01
  response:
    body:
      string: '{"status":"Running"}'
    headers:
      cache-control:
      - no-cache
      content-length:
      - '20'
      content-type:
      - application/json; charset=utf-8
      date:
      - Mon, 16 Oct 2023 05:16:11 GMT
      expires:
      - '-1'
      pragma:
      - no-cache
      strict-transport-security:
      - max-age=31536000; includeSubDomains
      vary:
      - Accept-Encoding
      x-content-type-options:
      - nosniff
    status:
      code: 200
      message: OK
- request:
    body: null
    headers:
      Accept:
      - '*/*'
      Accept-Encoding:
      - gzip, deflate
      CommandName:
      - vmss create
      Connection:
      - keep-alive
      ParameterSetName:
      - -g -n --image --admin-username --admin-password
      User-Agent:
      - AZURECLI/2.53.0 azsdk-python-azure-mgmt-resource/23.1.0b2 Python/3.10.11 (Windows-10-10.0.22621-SP0)
    method: GET
    uri: https://management.azure.com/subscriptions/00000000-0000-0000-0000-000000000000/resourcegroups/cli_test_monitor_autoscale_refine000001/providers/Microsoft.Resources/deployments/mock-deployment/operationStatuses/08585041735507889376?api-version=2022-09-01
  response:
    body:
      string: '{"status":"Succeeded"}'
    headers:
      cache-control:
      - no-cache
      content-length:
      - '22'
      content-type:
      - application/json; charset=utf-8
      date:
      - Mon, 16 Oct 2023 05:16:42 GMT
      expires:
      - '-1'
      pragma:
      - no-cache
      strict-transport-security:
      - max-age=31536000; includeSubDomains
      vary:
      - Accept-Encoding
      x-content-type-options:
      - nosniff
    status:
      code: 200
      message: OK
- request:
    body: null
    headers:
      Accept:
      - '*/*'
      Accept-Encoding:
      - gzip, deflate
      CommandName:
      - vmss create
      Connection:
      - keep-alive
      ParameterSetName:
      - -g -n --image --admin-username --admin-password
      User-Agent:
      - AZURECLI/2.53.0 azsdk-python-azure-mgmt-resource/23.1.0b2 Python/3.10.11 (Windows-10-10.0.22621-SP0)
    method: GET
    uri: https://management.azure.com/subscriptions/00000000-0000-0000-0000-000000000000/resourcegroups/cli_test_monitor_autoscale_refine000001/providers/Microsoft.Resources/deployments/mock-deployment?api-version=2022-09-01
  response:
    body:
      string: '{"id":"/subscriptions/00000000-0000-0000-0000-000000000000/resourceGroups/cli_test_monitor_autoscale_refine000001/providers/Microsoft.Resources/deployments/vmss_deploy_YyKYBVXC1UfMRkudaCIzsRjGu5YLBcp6","name":"vmss_deploy_YyKYBVXC1UfMRkudaCIzsRjGu5YLBcp6","type":"Microsoft.Resources/deployments","properties":{"templateHash":"3289932433463631045","parameters":{"adminPassword":{"type":"SecureString"}},"mode":"Incremental","provisioningState":"Succeeded","timestamp":"2023-10-16T05:16:38.0671265Z","duration":"PT59.9919127S","correlationId":"3bd5e095-a656-4a66-bba6-c2d1e09363cf","providers":[{"namespace":"Microsoft.Network","resourceTypes":[{"resourceType":"virtualNetworks","locations":["westus"]},{"resourceType":"publicIPAddresses","locations":["westus"]},{"resourceType":"loadBalancers","locations":["westus"]}]},{"namespace":"Microsoft.Compute","resourceTypes":[{"resourceType":"virtualMachineScaleSets","locations":["westus"]}]}],"dependencies":[{"dependsOn":[{"id":"/subscriptions/00000000-0000-0000-0000-000000000000/resourceGroups/cli_test_monitor_autoscale_refine000001/providers/Microsoft.Network/virtualNetworks/vmss1VNET","resourceType":"Microsoft.Network/virtualNetworks","resourceName":"vmss1VNET"},{"id":"/subscriptions/00000000-0000-0000-0000-000000000000/resourceGroups/cli_test_monitor_autoscale_refine000001/providers/Microsoft.Network/publicIPAddresses/vmss1LBPublicIP","resourceType":"Microsoft.Network/publicIPAddresses","resourceName":"vmss1LBPublicIP"}],"id":"/subscriptions/00000000-0000-0000-0000-000000000000/resourceGroups/cli_test_monitor_autoscale_refine000001/providers/Microsoft.Network/loadBalancers/vmss1LB","resourceType":"Microsoft.Network/loadBalancers","resourceName":"vmss1LB"},{"dependsOn":[{"id":"/subscriptions/00000000-0000-0000-0000-000000000000/resourceGroups/cli_test_monitor_autoscale_refine000001/providers/Microsoft.Network/virtualNetworks/vmss1VNET","resourceType":"Microsoft.Network/virtualNetworks","resourceName":"vmss1VNET"},{"id":"/subscriptions/00000000-0000-0000-0000-000000000000/resourceGroups/cli_test_monitor_autoscale_refine000001/providers/Microsoft.Network/loadBalancers/vmss1LB","resourceType":"Microsoft.Network/loadBalancers","resourceName":"vmss1LB"}],"id":"/subscriptions/00000000-0000-0000-0000-000000000000/resourceGroups/cli_test_monitor_autoscale_refine000001/providers/Microsoft.Compute/virtualMachineScaleSets/vmss1","resourceType":"Microsoft.Compute/virtualMachineScaleSets","resourceName":"vmss1"}],"outputs":{"vmss":{"type":"Object","value":{"singlePlacementGroup":true,"orchestrationMode":"Uniform","upgradePolicy":{"mode":"Manual","rollingUpgradePolicy":{"maxBatchInstancePercent":20,"maxUnhealthyInstancePercent":20,"maxUnhealthyUpgradedInstancePercent":20,"pauseTimeBetweenBatches":"PT0S","maxSurge":false,"rollbackFailedInstancesOnPolicyBreach":false}},"virtualMachineProfile":{"osProfile":{"computerNamePrefix":"vmss1f5ac","adminUsername":"testadmin","linuxConfiguration":{"disablePasswordAuthentication":false,"provisionVMAgent":true,"enableVMAgentPlatformUpdates":false},"secrets":[],"allowExtensionOperations":true,"requireGuestProvisionSignal":true},"storageProfile":{"osDisk":{"osType":"Linux","createOption":"FromImage","caching":"ReadWrite","managedDisk":{"storageAccountType":"Premium_LRS"},"diskSizeGB":30},"imageReference":{"publisher":"Canonical","offer":"0001-com-ubuntu-server-jammy","sku":"22_04-lts-gen2","version":"latest"},"diskControllerType":"SCSI"},"networkProfile":{"networkInterfaceConfigurations":[{"name":"vmss1f5acNic","properties":{"primary":true,"disableTcpStateTracking":false,"dnsSettings":{"dnsServers":[]},"enableIPForwarding":false,"ipConfigurations":[{"name":"vmss1f5acIPConfig","properties":{"subnet":{"id":"/subscriptions/00000000-0000-0000-0000-000000000000/resourceGroups/cli_test_monitor_autoscale_refine000001/providers/Microsoft.Network/virtualNetworks/vmss1VNET/subnets/vmss1Subnet"},"privateIPAddressVersion":"IPv4","loadBalancerBackendAddressPools":[{"id":"/subscriptions/00000000-0000-0000-0000-000000000000/resourceGroups/cli_test_monitor_autoscale_refine000001/providers/Microsoft.Network/loadBalancers/vmss1LB/backendAddressPools/vmss1LBBEPool"}],"loadBalancerInboundNatPools":[{"id":"/subscriptions/00000000-0000-0000-0000-000000000000/resourceGroups/cli_test_monitor_autoscale_refine000001/providers/Microsoft.Network/loadBalancers/vmss1LB/inboundNatPools/vmss1LBNatPool"}]}}]}}]}},"provisioningState":"Succeeded","overprovision":true,"doNotRunExtensionsOnOverprovisionedVMs":false,"uniqueId":"a00bde3c-e756-4232-a508-186594d9ac2f","timeCreated":"2023-10-16T05:15:57.0938211+00:00"}}},"outputResources":[{"id":"/subscriptions/00000000-0000-0000-0000-000000000000/resourceGroups/cli_test_monitor_autoscale_refine000001/providers/Microsoft.Compute/virtualMachineScaleSets/vmss1"},{"id":"/subscriptions/00000000-0000-0000-0000-000000000000/resourceGroups/cli_test_monitor_autoscale_refine000001/providers/Microsoft.Network/loadBalancers/vmss1LB"},{"id":"/subscriptions/00000000-0000-0000-0000-000000000000/resourceGroups/cli_test_monitor_autoscale_refine000001/providers/Microsoft.Network/publicIPAddresses/vmss1LBPublicIP"},{"id":"/subscriptions/00000000-0000-0000-0000-000000000000/resourceGroups/cli_test_monitor_autoscale_refine000001/providers/Microsoft.Network/virtualNetworks/vmss1VNET"}]}}'
    headers:
      cache-control:
      - no-cache
      content-length:
      - '5331'
      content-type:
      - application/json; charset=utf-8
      date:
      - Mon, 16 Oct 2023 05:16:43 GMT
      expires:
      - '-1'
      pragma:
      - no-cache
      strict-transport-security:
      - max-age=31536000; includeSubDomains
      vary:
      - Accept-Encoding
      x-content-type-options:
      - nosniff
    status:
      code: 200
      message: OK
- request:
    body: null
    headers:
      Accept:
      - application/json
      Accept-Encoding:
      - gzip, deflate
      CommandName:
      - vmss show
      Connection:
      - keep-alive
      ParameterSetName:
      - -g -n
      User-Agent:
      - AZURECLI/2.53.0 azsdk-python-azure-mgmt-compute/30.0.0 Python/3.10.11 (Windows-10-10.0.22621-SP0)
    method: GET
    uri: https://management.azure.com/subscriptions/00000000-0000-0000-0000-000000000000/resourceGroups/cli_test_monitor_autoscale_refine000001/providers/Microsoft.Compute/virtualMachineScaleSets/vmss1?api-version=2023-03-01
  response:
    body:
      string: "{\r\n  \"name\": \"vmss1\",\r\n  \"id\": \"/subscriptions/00000000-0000-0000-0000-000000000000/resourceGroups/cli_test_monitor_autoscale_refine000001/providers/Microsoft.Compute/virtualMachineScaleSets/vmss1\"\
        ,\r\n  \"type\": \"Microsoft.Compute/virtualMachineScaleSets\",\r\n  \"location\"\
        : \"westus\",\r\n  \"tags\": {},\r\n  \"sku\": {\r\n    \"name\": \"Standard_DS1_v2\"\
        ,\r\n    \"tier\": \"Standard\",\r\n    \"capacity\": 2\r\n  },\r\n  \"properties\"\
        : {\r\n    \"singlePlacementGroup\": true,\r\n    \"orchestrationMode\": \"\
        Uniform\",\r\n    \"upgradePolicy\": {\r\n      \"mode\": \"Manual\",\r\n\
        \      \"rollingUpgradePolicy\": {\r\n        \"maxBatchInstancePercent\"\
        : 20,\r\n        \"maxUnhealthyInstancePercent\": 20,\r\n        \"maxUnhealthyUpgradedInstancePercent\"\
        : 20,\r\n        \"pauseTimeBetweenBatches\": \"PT0S\",\r\n        \"maxSurge\"\
        : false,\r\n        \"rollbackFailedInstancesOnPolicyBreach\": false\r\n \
        \     }\r\n    },\r\n    \"virtualMachineProfile\": {\r\n      \"osProfile\"\
        : {\r\n        \"computerNamePrefix\": \"vmss1f5ac\",\r\n        \"adminUsername\"\
        : \"testadmin\",\r\n        \"linuxConfiguration\": {\r\n          \"disablePasswordAuthentication\"\
        : false,\r\n          \"provisionVMAgent\": true,\r\n          \"enableVMAgentPlatformUpdates\"\
        : false\r\n        },\r\n        \"secrets\": [],\r\n        \"allowExtensionOperations\"\
        : true,\r\n        \"requireGuestProvisionSignal\": true\r\n      },\r\n \
        \     \"storageProfile\": {\r\n        \"osDisk\": {\r\n          \"osType\"\
        : \"Linux\",\r\n          \"createOption\": \"FromImage\",\r\n          \"\
        caching\": \"ReadWrite\",\r\n          \"managedDisk\": {\r\n            \"\
        storageAccountType\": \"Premium_LRS\"\r\n          },\r\n          \"diskSizeGB\"\
        : 30\r\n        },\r\n        \"imageReference\": {\r\n          \"publisher\"\
        : \"Canonical\",\r\n          \"offer\": \"0001-com-ubuntu-server-jammy\"\
        ,\r\n          \"sku\": \"22_04-lts-gen2\",\r\n          \"version\": \"latest\"\
        \r\n        },\r\n        \"diskControllerType\": \"SCSI\"\r\n      },\r\n\
        \      \"networkProfile\": {\"networkInterfaceConfigurations\":[{\"name\"\
        :\"vmss1f5acNic\",\"properties\":{\"primary\":true,\"disableTcpStateTracking\"\
        :false,\"dnsSettings\":{\"dnsServers\":[]},\"enableIPForwarding\":false,\"\
        ipConfigurations\":[{\"name\":\"vmss1f5acIPConfig\",\"properties\":{\"subnet\"\
        :{\"id\":\"/subscriptions/00000000-0000-0000-0000-000000000000/resourceGroups/cli_test_monitor_autoscale_refine000001/providers/Microsoft.Network/virtualNetworks/vmss1VNET/subnets/vmss1Subnet\"\
        },\"privateIPAddressVersion\":\"IPv4\",\"loadBalancerBackendAddressPools\"\
        :[{\"id\":\"/subscriptions/00000000-0000-0000-0000-000000000000/resourceGroups/cli_test_monitor_autoscale_refine000001/providers/Microsoft.Network/loadBalancers/vmss1LB/backendAddressPools/vmss1LBBEPool\"\
        }],\"loadBalancerInboundNatPools\":[{\"id\":\"/subscriptions/00000000-0000-0000-0000-000000000000/resourceGroups/cli_test_monitor_autoscale_refine000001/providers/Microsoft.Network/loadBalancers/vmss1LB/inboundNatPools/vmss1LBNatPool\"\
        }]}}]}}]}\r\n    },\r\n    \"provisioningState\": \"Succeeded\",\r\n    \"\
        overprovision\": true,\r\n    \"doNotRunExtensionsOnOverprovisionedVMs\":\
        \ false,\r\n    \"uniqueId\": \"a00bde3c-e756-4232-a508-186594d9ac2f\",\r\n\
        \    \"timeCreated\": \"2023-10-16T05:15:57.0938211+00:00\"\r\n  }\r\n}"
    headers:
      cache-control:
      - no-cache
      content-length:
      - '3031'
      content-type:
      - application/json; charset=utf-8
      date:
      - Mon, 16 Oct 2023 05:16:44 GMT
      expires:
      - '-1'
      pragma:
      - no-cache
      server:
      - Microsoft-HTTPAPI/2.0
      - Microsoft-HTTPAPI/2.0
      strict-transport-security:
      - max-age=31536000; includeSubDomains
      transfer-encoding:
      - chunked
      vary:
      - Accept-Encoding
      x-content-type-options:
      - nosniff
      x-ms-ratelimit-remaining-resource:
      - Microsoft.Compute/GetVMScaleSetSubscriptionMaximum;2394,Microsoft.Compute/GetVMScaleSetResource;31
    status:
      code: 200
      message: OK
- request:
    body: null
    headers:
      Accept:
      - application/json
      Accept-Encoding:
      - gzip, deflate
      CommandName:
      - monitor autoscale create
      Connection:
      - keep-alive
      ParameterSetName:
      - --resource --count --action --action
      User-Agent:
      - AZURECLI/2.53.0 azsdk-python-azure-mgmt-resource/23.1.0b2 Python/3.10.11 (Windows-10-10.0.22621-SP0)
    method: GET
    uri: https://management.azure.com/subscriptions/00000000-0000-0000-0000-000000000000/resourcegroups/cli_test_monitor_autoscale_refine000001?api-version=2022-09-01
  response:
    body:
      string: '{"id":"/subscriptions/00000000-0000-0000-0000-000000000000/resourceGroups/cli_test_monitor_autoscale_refine000001","name":"cli_test_monitor_autoscale_refine000001","type":"Microsoft.Resources/resourceGroups","location":"westus","tags":{"product":"azurecli","cause":"automation","test":"test_monitor_autoscale_refined","date":"2023-10-16T05:15:14Z","module":"monitor"},"properties":{"provisioningState":"Succeeded"}}'
    headers:
      cache-control:
      - no-cache
      content-length:
      - '415'
      content-type:
      - application/json; charset=utf-8
      date:
      - Mon, 16 Oct 2023 05:16:46 GMT
      expires:
      - '-1'
      pragma:
      - no-cache
      strict-transport-security:
      - max-age=31536000; includeSubDomains
      vary:
      - Accept-Encoding
      x-content-type-options:
      - nosniff
    status:
      code: 200
      message: OK
- request:
    body: '{"location": "westus", "properties": {"enabled": true, "name": "vmss1",
      "notifications": [{"email": {"customEmails": ["abc@example.com", "efg@example.com",
      "opq@example.com"]}, "operation": "scale", "webhooks": [{"properties": {"apiKey":
      "value"}, "serviceUri": "https://www.contoso.com/alert"}]}], "profiles": [{"capacity":
      {"default": "3", "maximum": "3", "minimum": "3"}, "name": "default", "rules":
      []}], "targetResourceUri": "/subscriptions/00000000-0000-0000-0000-000000000000/resourceGroups/cli_test_monitor_autoscale_refine000001/providers/Microsoft.Compute/virtualMachineScaleSets/vmss1"}}'
    headers:
      Accept:
      - application/json
      Accept-Encoding:
      - gzip, deflate
      CommandName:
      - monitor autoscale create
      Connection:
      - keep-alive
      Content-Length:
      - '598'
      Content-Type:
      - application/json
      ParameterSetName:
      - --resource --count --action --action
      User-Agent:
      - AZURECLI/2.53.0 (AAZ) azsdk-python-core/1.26.0 Python/3.10.11 (Windows-10-10.0.22621-SP0)
    method: PUT
    uri: https://management.azure.com/subscriptions/00000000-0000-0000-0000-000000000000/resourcegroups/cli_test_monitor_autoscale_refine000001/providers/Microsoft.Insights/autoscalesettings/vmss1?api-version=2022-10-01
  response:
    body:
      string: '{"id":"/subscriptions/00000000-0000-0000-0000-000000000000/resourceGroups/cli_test_monitor_autoscale_refine000001/providers/microsoft.insights/autoscalesettings/vmss1","name":"vmss1","type":"Microsoft.Insights/autoscaleSettings","location":"westus","tags":{},"properties":{"profiles":[{"name":"default","capacity":{"minimum":"3","maximum":"3","default":"3"},"rules":[]}],"enabled":true,"name":"vmss1","targetResourceUri":"/subscriptions/00000000-0000-0000-0000-000000000000/resourceGroups/cli_test_monitor_autoscale_refine000001/providers/Microsoft.Compute/virtualMachineScaleSets/vmss1","notifications":[{"operation":"Scale","email":{"sendToSubscriptionAdministrator":false,"sendToSubscriptionCoAdministrators":false,"customEmails":["abc@example.com","efg@example.com","opq@example.com"]},"webhooks":[{"serviceUri":"https://www.contoso.com/alert","properties":{"apiKey":"value"}}]}],"predictiveAutoscalePolicy":{"scaleMode":"Disabled","scaleLookAheadTime":null}}}'
    headers:
      cache-control:
      - no-cache
      content-length:
      - '964'
      content-type:
      - application/json; charset=utf-8
      date:
      - Mon, 16 Oct 2023 05:16:52 GMT
      expires:
      - '-1'
      pragma:
      - no-cache
      server:
      - Microsoft-IIS/10.0
      strict-transport-security:
      - max-age=31536000; includeSubDomains
      x-content-type-options:
      - nosniff
      x-ms-ratelimit-remaining-subscription-writes:
      - '1198'
    status:
      code: 201
      message: Created
- request:
    body: null
    headers:
      Accept:
      - application/json
      Accept-Encoding:
      - gzip, deflate
      CommandName:
      - monitor autoscale list
      Connection:
      - keep-alive
      ParameterSetName:
      - -g
      User-Agent:
      - AZURECLI/2.53.0 (AAZ) azsdk-python-core/1.26.0 Python/3.10.11 (Windows-10-10.0.22621-SP0)
    method: GET
    uri: https://management.azure.com/subscriptions/00000000-0000-0000-0000-000000000000/resourcegroups/cli_test_monitor_autoscale_refine000001/providers/Microsoft.Insights/autoscalesettings?api-version=2022-10-01
  response:
    body:
      string: '{"value":[{"id":"/subscriptions/00000000-0000-0000-0000-000000000000/resourceGroups/cli_test_monitor_autoscale_refine000001/providers/microsoft.insights/autoscalesettings/vmss1","name":"vmss1","type":"Microsoft.Insights/autoscaleSettings","location":"westus","tags":{},"properties":{"profiles":[{"name":"default","capacity":{"minimum":"3","maximum":"3","default":"3"},"rules":[]}],"enabled":true,"name":"vmss1","targetResourceUri":"/subscriptions/00000000-0000-0000-0000-000000000000/resourceGroups/cli_test_monitor_autoscale_refine000001/providers/Microsoft.Compute/virtualMachineScaleSets/vmss1","notifications":[{"operation":"Scale","email":{"sendToSubscriptionAdministrator":false,"sendToSubscriptionCoAdministrators":false,"customEmails":["abc@example.com","efg@example.com","opq@example.com"]},"webhooks":[{"serviceUri":"https://www.contoso.com/alert","properties":{"apiKey":"value"}}]}],"predictiveAutoscalePolicy":{"scaleMode":"Disabled","scaleLookAheadTime":null}}}]}'
    headers:
      cache-control:
      - no-cache
      content-length:
      - '976'
      content-type:
      - application/json; charset=utf-8
      date:
      - Mon, 16 Oct 2023 05:16:54 GMT
      expires:
      - '-1'
      pragma:
      - no-cache
      server:
      - Microsoft-IIS/10.0
      strict-transport-security:
      - max-age=31536000; includeSubDomains
      transfer-encoding:
      - chunked
      vary:
      - Accept-Encoding
      x-content-type-options:
      - nosniff
    status:
      code: 200
      message: OK
- request:
    body: null
    headers:
      Accept:
      - application/json
      Accept-Encoding:
      - gzip, deflate
      CommandName:
      - monitor autoscale show
      Connection:
      - keep-alive
      ParameterSetName:
      - -g -n
      User-Agent:
      - AZURECLI/2.53.0 (AAZ) azsdk-python-core/1.26.0 Python/3.10.11 (Windows-10-10.0.22621-SP0)
    method: GET
    uri: https://management.azure.com/subscriptions/00000000-0000-0000-0000-000000000000/resourcegroups/cli_test_monitor_autoscale_refine000001/providers/Microsoft.Insights/autoscalesettings/vmss1?api-version=2022-10-01
  response:
    body:
      string: '{"id":"/subscriptions/00000000-0000-0000-0000-000000000000/resourceGroups/cli_test_monitor_autoscale_refine000001/providers/microsoft.insights/autoscalesettings/vmss1","name":"vmss1","type":"Microsoft.Insights/autoscaleSettings","location":"westus","tags":{},"properties":{"profiles":[{"name":"default","capacity":{"minimum":"3","maximum":"3","default":"3"},"rules":[]}],"enabled":true,"name":"vmss1","targetResourceUri":"/subscriptions/00000000-0000-0000-0000-000000000000/resourceGroups/cli_test_monitor_autoscale_refine000001/providers/Microsoft.Compute/virtualMachineScaleSets/vmss1","notifications":[{"operation":"Scale","email":{"sendToSubscriptionAdministrator":false,"sendToSubscriptionCoAdministrators":false,"customEmails":["abc@example.com","efg@example.com","opq@example.com"]},"webhooks":[{"serviceUri":"https://www.contoso.com/alert","properties":{"apiKey":"value"}}]}],"predictiveAutoscalePolicy":{"scaleMode":"Disabled","scaleLookAheadTime":null}}}'
    headers:
      cache-control:
      - no-cache
      content-length:
      - '964'
      content-type:
      - application/json; charset=utf-8
      date:
      - Mon, 16 Oct 2023 05:16:56 GMT
      expires:
      - '-1'
      pragma:
      - no-cache
      server:
      - Microsoft-IIS/10.0
      strict-transport-security:
      - max-age=31536000; includeSubDomains
      transfer-encoding:
      - chunked
      vary:
      - Accept-Encoding
      x-content-type-options:
      - nosniff
    status:
      code: 200
      message: OK
- request:
    body: null
    headers:
      Accept:
      - application/json
      Accept-Encoding:
      - gzip, deflate
      CommandName:
      - monitor autoscale update
      Connection:
      - keep-alive
      ParameterSetName:
      - -g -n --count
      User-Agent:
      - AZURECLI/2.53.0 (AAZ) azsdk-python-core/1.26.0 Python/3.10.11 (Windows-10-10.0.22621-SP0)
    method: GET
    uri: https://management.azure.com/subscriptions/00000000-0000-0000-0000-000000000000/resourcegroups/cli_test_monitor_autoscale_refine000001/providers/Microsoft.Insights/autoscalesettings/vmss1?api-version=2022-10-01
  response:
    body:
      string: '{"id":"/subscriptions/00000000-0000-0000-0000-000000000000/resourceGroups/cli_test_monitor_autoscale_refine000001/providers/microsoft.insights/autoscalesettings/vmss1","name":"vmss1","type":"Microsoft.Insights/autoscaleSettings","location":"westus","tags":{},"properties":{"profiles":[{"name":"default","capacity":{"minimum":"3","maximum":"3","default":"3"},"rules":[]}],"enabled":true,"name":"vmss1","targetResourceUri":"/subscriptions/00000000-0000-0000-0000-000000000000/resourceGroups/cli_test_monitor_autoscale_refine000001/providers/Microsoft.Compute/virtualMachineScaleSets/vmss1","notifications":[{"operation":"Scale","email":{"sendToSubscriptionAdministrator":false,"sendToSubscriptionCoAdministrators":false,"customEmails":["abc@example.com","efg@example.com","opq@example.com"]},"webhooks":[{"serviceUri":"https://www.contoso.com/alert","properties":{"apiKey":"value"}}]}],"predictiveAutoscalePolicy":{"scaleMode":"Disabled","scaleLookAheadTime":null}}}'
    headers:
      cache-control:
      - no-cache
      content-length:
      - '964'
      content-type:
      - application/json; charset=utf-8
      date:
      - Mon, 16 Oct 2023 05:16:57 GMT
      expires:
      - '-1'
      pragma:
      - no-cache
      server:
      - Microsoft-IIS/10.0
      strict-transport-security:
      - max-age=31536000; includeSubDomains
      transfer-encoding:
      - chunked
      vary:
      - Accept-Encoding
      x-content-type-options:
      - nosniff
    status:
      code: 200
      message: OK
- request:
    body: '{"location": "westus", "properties": {"enabled": true, "name": "vmss1",
      "notifications": [{"email": {"customEmails": ["abc@example.com", "efg@example.com",
      "opq@example.com"], "sendToSubscriptionAdministrator": false, "sendToSubscriptionCoAdministrators":
      false}, "operation": "Scale", "webhooks": [{"properties": {"apiKey": "value"},
      "serviceUri": "https://www.contoso.com/alert"}]}], "predictiveAutoscalePolicy":
      {"scaleMode": "Disabled"}, "profiles": [{"capacity": {"default": "2", "maximum":
      "2", "minimum": "2"}, "name": "default", "rules": []}], "targetResourceUri":
      "/subscriptions/00000000-0000-0000-0000-000000000000/resourceGroups/cli_test_monitor_autoscale_refine000001/providers/Microsoft.Compute/virtualMachineScaleSets/vmss1"},
      "tags": {}}'
    headers:
      Accept:
      - application/json
      Accept-Encoding:
      - gzip, deflate
      CommandName:
      - monitor autoscale update
      Connection:
      - keep-alive
      Content-Length:
      - '753'
      Content-Type:
      - application/json
      ParameterSetName:
      - -g -n --count
      User-Agent:
      - AZURECLI/2.53.0 (AAZ) azsdk-python-core/1.26.0 Python/3.10.11 (Windows-10-10.0.22621-SP0)
    method: PUT
    uri: https://management.azure.com/subscriptions/00000000-0000-0000-0000-000000000000/resourcegroups/cli_test_monitor_autoscale_refine000001/providers/Microsoft.Insights/autoscalesettings/vmss1?api-version=2022-10-01
  response:
    body:
      string: '{"id":"/subscriptions/00000000-0000-0000-0000-000000000000/resourceGroups/cli_test_monitor_autoscale_refine000001/providers/microsoft.insights/autoscalesettings/vmss1","name":"vmss1","type":"Microsoft.Insights/autoscaleSettings","location":"westus","tags":{},"properties":{"profiles":[{"name":"default","capacity":{"minimum":"2","maximum":"2","default":"2"},"rules":[]}],"enabled":true,"name":"vmss1","targetResourceUri":"/subscriptions/00000000-0000-0000-0000-000000000000/resourceGroups/cli_test_monitor_autoscale_refine000001/providers/Microsoft.Compute/virtualMachineScaleSets/vmss1","notifications":[{"operation":"Scale","email":{"sendToSubscriptionAdministrator":false,"sendToSubscriptionCoAdministrators":false,"customEmails":["abc@example.com","efg@example.com","opq@example.com"]},"webhooks":[{"serviceUri":"https://www.contoso.com/alert","properties":{"apiKey":"value"}}]}],"predictiveAutoscalePolicy":{"scaleMode":"Disabled","scaleLookAheadTime":null}}}'
    headers:
      cache-control:
      - no-cache
      content-length:
      - '964'
      content-type:
      - application/json; charset=utf-8
      date:
      - Mon, 16 Oct 2023 05:16:58 GMT
      expires:
      - '-1'
      pragma:
      - no-cache
      server:
      - Microsoft-IIS/10.0
      strict-transport-security:
      - max-age=31536000; includeSubDomains
      transfer-encoding:
      - chunked
      vary:
      - Accept-Encoding
      x-content-type-options:
      - nosniff
      x-ms-ratelimit-remaining-subscription-writes:
      - '1199'
    status:
      code: 200
      message: OK
- request:
    body: null
    headers:
      Accept:
      - application/json
      Accept-Encoding:
      - gzip, deflate
      CommandName:
      - monitor autoscale update
      Connection:
      - keep-alive
      ParameterSetName:
      - -g -n --min-count --count --max-count
      User-Agent:
      - AZURECLI/2.53.0 (AAZ) azsdk-python-core/1.26.0 Python/3.10.11 (Windows-10-10.0.22621-SP0)
    method: GET
    uri: https://management.azure.com/subscriptions/00000000-0000-0000-0000-000000000000/resourcegroups/cli_test_monitor_autoscale_refine000001/providers/Microsoft.Insights/autoscalesettings/vmss1?api-version=2022-10-01
  response:
    body:
      string: '{"id":"/subscriptions/00000000-0000-0000-0000-000000000000/resourceGroups/cli_test_monitor_autoscale_refine000001/providers/microsoft.insights/autoscalesettings/vmss1","name":"vmss1","type":"Microsoft.Insights/autoscaleSettings","location":"westus","tags":{},"properties":{"profiles":[{"name":"default","capacity":{"minimum":"2","maximum":"2","default":"2"},"rules":[]}],"enabled":true,"name":"vmss1","targetResourceUri":"/subscriptions/00000000-0000-0000-0000-000000000000/resourceGroups/cli_test_monitor_autoscale_refine000001/providers/Microsoft.Compute/virtualMachineScaleSets/vmss1","notifications":[{"operation":"Scale","email":{"sendToSubscriptionAdministrator":false,"sendToSubscriptionCoAdministrators":false,"customEmails":["abc@example.com","efg@example.com","opq@example.com"]},"webhooks":[{"serviceUri":"https://www.contoso.com/alert","properties":{"apiKey":"value"}}]}],"predictiveAutoscalePolicy":{"scaleMode":"Disabled","scaleLookAheadTime":null}}}'
    headers:
      cache-control:
      - no-cache
      content-length:
      - '964'
      content-type:
      - application/json; charset=utf-8
      date:
      - Mon, 16 Oct 2023 05:17:01 GMT
      expires:
      - '-1'
      pragma:
      - no-cache
      server:
      - Microsoft-IIS/10.0
      strict-transport-security:
      - max-age=31536000; includeSubDomains
      transfer-encoding:
      - chunked
      vary:
      - Accept-Encoding
      x-content-type-options:
      - nosniff
    status:
      code: 200
      message: OK
- request:
    body: '{"location": "westus", "properties": {"enabled": true, "name": "vmss1",
      "notifications": [{"email": {"customEmails": ["abc@example.com", "efg@example.com",
      "opq@example.com"], "sendToSubscriptionAdministrator": false, "sendToSubscriptionCoAdministrators":
      false}, "operation": "Scale", "webhooks": [{"properties": {"apiKey": "value"},
      "serviceUri": "https://www.contoso.com/alert"}]}], "predictiveAutoscalePolicy":
      {"scaleMode": "Disabled"}, "profiles": [{"capacity": {"default": "2", "maximum":
      "4", "minimum": "1"}, "name": "default", "rules": []}], "targetResourceUri":
      "/subscriptions/00000000-0000-0000-0000-000000000000/resourceGroups/cli_test_monitor_autoscale_refine000001/providers/Microsoft.Compute/virtualMachineScaleSets/vmss1"},
      "tags": {}}'
    headers:
      Accept:
      - application/json
      Accept-Encoding:
      - gzip, deflate
      CommandName:
      - monitor autoscale update
      Connection:
      - keep-alive
      Content-Length:
      - '753'
      Content-Type:
      - application/json
      ParameterSetName:
      - -g -n --min-count --count --max-count
      User-Agent:
      - AZURECLI/2.53.0 (AAZ) azsdk-python-core/1.26.0 Python/3.10.11 (Windows-10-10.0.22621-SP0)
    method: PUT
    uri: https://management.azure.com/subscriptions/00000000-0000-0000-0000-000000000000/resourcegroups/cli_test_monitor_autoscale_refine000001/providers/Microsoft.Insights/autoscalesettings/vmss1?api-version=2022-10-01
  response:
    body:
      string: '{"id":"/subscriptions/00000000-0000-0000-0000-000000000000/resourceGroups/cli_test_monitor_autoscale_refine000001/providers/microsoft.insights/autoscalesettings/vmss1","name":"vmss1","type":"Microsoft.Insights/autoscaleSettings","location":"westus","tags":{},"properties":{"profiles":[{"name":"default","capacity":{"minimum":"1","maximum":"4","default":"2"},"rules":[]}],"enabled":true,"name":"vmss1","targetResourceUri":"/subscriptions/00000000-0000-0000-0000-000000000000/resourceGroups/cli_test_monitor_autoscale_refine000001/providers/Microsoft.Compute/virtualMachineScaleSets/vmss1","notifications":[{"operation":"Scale","email":{"sendToSubscriptionAdministrator":false,"sendToSubscriptionCoAdministrators":false,"customEmails":["abc@example.com","efg@example.com","opq@example.com"]},"webhooks":[{"serviceUri":"https://www.contoso.com/alert","properties":{"apiKey":"value"}}]}],"predictiveAutoscalePolicy":{"scaleMode":"Disabled","scaleLookAheadTime":null}}}'
    headers:
      cache-control:
      - no-cache
      content-length:
      - '964'
      content-type:
      - application/json; charset=utf-8
      date:
      - Mon, 16 Oct 2023 05:17:02 GMT
      expires:
      - '-1'
      pragma:
      - no-cache
      server:
      - Microsoft-IIS/10.0
      strict-transport-security:
      - max-age=31536000; includeSubDomains
      transfer-encoding:
      - chunked
      vary:
      - Accept-Encoding
      x-content-type-options:
      - nosniff
      x-ms-ratelimit-remaining-subscription-writes:
      - '1199'
    status:
      code: 200
      message: OK
- request:
    body: null
    headers:
      Accept:
      - application/json
      Accept-Encoding:
      - gzip, deflate
      CommandName:
      - monitor autoscale update
      Connection:
      - keep-alive
      ParameterSetName:
      - -g -n --remove-action --remove-action
      User-Agent:
      - AZURECLI/2.53.0 (AAZ) azsdk-python-core/1.26.0 Python/3.10.11 (Windows-10-10.0.22621-SP0)
    method: GET
    uri: https://management.azure.com/subscriptions/00000000-0000-0000-0000-000000000000/resourcegroups/cli_test_monitor_autoscale_refine000001/providers/Microsoft.Insights/autoscalesettings/vmss1?api-version=2022-10-01
  response:
    body:
      string: '{"id":"/subscriptions/00000000-0000-0000-0000-000000000000/resourceGroups/cli_test_monitor_autoscale_refine000001/providers/microsoft.insights/autoscalesettings/vmss1","name":"vmss1","type":"Microsoft.Insights/autoscaleSettings","location":"westus","tags":{},"properties":{"profiles":[{"name":"default","capacity":{"minimum":"1","maximum":"4","default":"2"},"rules":[]}],"enabled":true,"name":"vmss1","targetResourceUri":"/subscriptions/00000000-0000-0000-0000-000000000000/resourceGroups/cli_test_monitor_autoscale_refine000001/providers/Microsoft.Compute/virtualMachineScaleSets/vmss1","notifications":[{"operation":"Scale","email":{"sendToSubscriptionAdministrator":false,"sendToSubscriptionCoAdministrators":false,"customEmails":["abc@example.com","efg@example.com","opq@example.com"]},"webhooks":[{"serviceUri":"https://www.contoso.com/alert","properties":{"apiKey":"value"}}]}],"predictiveAutoscalePolicy":{"scaleMode":"Disabled","scaleLookAheadTime":null}}}'
    headers:
      cache-control:
      - no-cache
      content-length:
      - '964'
      content-type:
      - application/json; charset=utf-8
      date:
      - Mon, 16 Oct 2023 05:17:04 GMT
      expires:
      - '-1'
      pragma:
      - no-cache
      server:
      - Microsoft-IIS/10.0
      strict-transport-security:
      - max-age=31536000; includeSubDomains
      transfer-encoding:
      - chunked
      vary:
      - Accept-Encoding
      x-content-type-options:
      - nosniff
    status:
      code: 200
      message: OK
- request:
    body: '{"location": "westus", "properties": {"enabled": true, "name": "vmss1",
      "notifications": [{"email": {"customEmails": ["abc@example.com", "opq@example.com"],
      "sendToSubscriptionAdministrator": false, "sendToSubscriptionCoAdministrators":
      false}, "operation": "Scale", "webhooks": []}], "predictiveAutoscalePolicy":
      {"scaleMode": "Disabled"}, "profiles": [{"capacity": {"default": "2", "maximum":
      "4", "minimum": "1"}, "name": "default", "rules": []}], "targetResourceUri":
      "/subscriptions/00000000-0000-0000-0000-000000000000/resourceGroups/cli_test_monitor_autoscale_refine000001/providers/Microsoft.Compute/virtualMachineScaleSets/vmss1"},
      "tags": {}}'
    headers:
      Accept:
      - application/json
      Accept-Encoding:
      - gzip, deflate
      CommandName:
      - monitor autoscale update
      Connection:
      - keep-alive
      Content-Length:
      - '652'
      Content-Type:
      - application/json
      ParameterSetName:
      - -g -n --remove-action --remove-action
      User-Agent:
      - AZURECLI/2.53.0 (AAZ) azsdk-python-core/1.26.0 Python/3.10.11 (Windows-10-10.0.22621-SP0)
    method: PUT
    uri: https://management.azure.com/subscriptions/00000000-0000-0000-0000-000000000000/resourcegroups/cli_test_monitor_autoscale_refine000001/providers/Microsoft.Insights/autoscalesettings/vmss1?api-version=2022-10-01
  response:
    body:
      string: '{"id":"/subscriptions/00000000-0000-0000-0000-000000000000/resourceGroups/cli_test_monitor_autoscale_refine000001/providers/microsoft.insights/autoscalesettings/vmss1","name":"vmss1","type":"Microsoft.Insights/autoscaleSettings","location":"westus","tags":{},"properties":{"profiles":[{"name":"default","capacity":{"minimum":"1","maximum":"4","default":"2"},"rules":[]}],"enabled":true,"name":"vmss1","targetResourceUri":"/subscriptions/00000000-0000-0000-0000-000000000000/resourceGroups/cli_test_monitor_autoscale_refine000001/providers/Microsoft.Compute/virtualMachineScaleSets/vmss1","notifications":[{"operation":"Scale","email":{"sendToSubscriptionAdministrator":false,"sendToSubscriptionCoAdministrators":false,"customEmails":["abc@example.com","opq@example.com"]},"webhooks":[]}],"predictiveAutoscalePolicy":{"scaleMode":"Disabled","scaleLookAheadTime":null}}}'
    headers:
      cache-control:
      - no-cache
      content-length:
      - '868'
      content-type:
      - application/json; charset=utf-8
      date:
      - Mon, 16 Oct 2023 05:17:05 GMT
      expires:
      - '-1'
      pragma:
      - no-cache
      server:
      - Microsoft-IIS/10.0
      strict-transport-security:
      - max-age=31536000; includeSubDomains
      transfer-encoding:
      - chunked
      vary:
      - Accept-Encoding
      x-content-type-options:
      - nosniff
      x-ms-ratelimit-remaining-subscription-writes:
      - '1199'
    status:
      code: 200
      message: OK
- request:
    body: null
    headers:
      Accept:
      - application/json
      Accept-Encoding:
      - gzip, deflate
      CommandName:
      - monitor autoscale update
      Connection:
      - keep-alive
      ParameterSetName:
      - -g -n --add-action
      User-Agent:
      - AZURECLI/2.53.0 (AAZ) azsdk-python-core/1.26.0 Python/3.10.11 (Windows-10-10.0.22621-SP0)
    method: GET
    uri: https://management.azure.com/subscriptions/00000000-0000-0000-0000-000000000000/resourcegroups/cli_test_monitor_autoscale_refine000001/providers/Microsoft.Insights/autoscalesettings/vmss1?api-version=2022-10-01
  response:
    body:
      string: '{"id":"/subscriptions/00000000-0000-0000-0000-000000000000/resourceGroups/cli_test_monitor_autoscale_refine000001/providers/microsoft.insights/autoscalesettings/vmss1","name":"vmss1","type":"Microsoft.Insights/autoscaleSettings","location":"westus","tags":{},"properties":{"profiles":[{"name":"default","capacity":{"minimum":"1","maximum":"4","default":"2"},"rules":[]}],"enabled":true,"name":"vmss1","targetResourceUri":"/subscriptions/00000000-0000-0000-0000-000000000000/resourceGroups/cli_test_monitor_autoscale_refine000001/providers/Microsoft.Compute/virtualMachineScaleSets/vmss1","notifications":[{"operation":"Scale","email":{"sendToSubscriptionAdministrator":false,"sendToSubscriptionCoAdministrators":false,"customEmails":["abc@example.com","opq@example.com"]},"webhooks":[]}],"predictiveAutoscalePolicy":{"scaleMode":"Disabled","scaleLookAheadTime":null}}}'
    headers:
      cache-control:
      - no-cache
      content-length:
      - '868'
      content-type:
      - application/json; charset=utf-8
      date:
      - Mon, 16 Oct 2023 05:17:07 GMT
      expires:
      - '-1'
      pragma:
      - no-cache
      server:
      - Microsoft-IIS/10.0
      strict-transport-security:
      - max-age=31536000; includeSubDomains
      transfer-encoding:
      - chunked
      vary:
      - Accept-Encoding
      x-content-type-options:
      - nosniff
    status:
      code: 200
      message: OK
- request:
    body: '{"location": "westus", "properties": {"enabled": true, "name": "vmss1",
      "notifications": [{"email": {"customEmails": ["abc@example.com", "opq@example.com",
      "1@example.com"], "sendToSubscriptionAdministrator": false, "sendToSubscriptionCoAdministrators":
      false}, "operation": "Scale", "webhooks": []}], "predictiveAutoscalePolicy":
      {"scaleMode": "Disabled"}, "profiles": [{"capacity": {"default": "2", "maximum":
      "4", "minimum": "1"}, "name": "default", "rules": []}], "targetResourceUri":
      "/subscriptions/00000000-0000-0000-0000-000000000000/resourceGroups/cli_test_monitor_autoscale_refine000001/providers/Microsoft.Compute/virtualMachineScaleSets/vmss1"},
      "tags": {}}'
    headers:
      Accept:
      - application/json
      Accept-Encoding:
      - gzip, deflate
      CommandName:
      - monitor autoscale update
      Connection:
      - keep-alive
      Content-Length:
      - '669'
      Content-Type:
      - application/json
      ParameterSetName:
      - -g -n --add-action
      User-Agent:
      - AZURECLI/2.53.0 (AAZ) azsdk-python-core/1.26.0 Python/3.10.11 (Windows-10-10.0.22621-SP0)
    method: PUT
    uri: https://management.azure.com/subscriptions/00000000-0000-0000-0000-000000000000/resourcegroups/cli_test_monitor_autoscale_refine000001/providers/Microsoft.Insights/autoscalesettings/vmss1?api-version=2022-10-01
  response:
    body:
      string: '{"id":"/subscriptions/00000000-0000-0000-0000-000000000000/resourceGroups/cli_test_monitor_autoscale_refine000001/providers/microsoft.insights/autoscalesettings/vmss1","name":"vmss1","type":"Microsoft.Insights/autoscaleSettings","location":"westus","tags":{},"properties":{"profiles":[{"name":"default","capacity":{"minimum":"1","maximum":"4","default":"2"},"rules":[]}],"enabled":true,"name":"vmss1","targetResourceUri":"/subscriptions/00000000-0000-0000-0000-000000000000/resourceGroups/cli_test_monitor_autoscale_refine000001/providers/Microsoft.Compute/virtualMachineScaleSets/vmss1","notifications":[{"operation":"Scale","email":{"sendToSubscriptionAdministrator":false,"sendToSubscriptionCoAdministrators":false,"customEmails":["abc@example.com","opq@example.com","1@example.com"]},"webhooks":[]}],"predictiveAutoscalePolicy":{"scaleMode":"Disabled","scaleLookAheadTime":null}}}'
    headers:
      cache-control:
      - no-cache
      content-length:
      - '884'
      content-type:
      - application/json; charset=utf-8
      date:
      - Mon, 16 Oct 2023 05:17:08 GMT
      expires:
      - '-1'
      pragma:
      - no-cache
      server:
      - Microsoft-IIS/10.0
      strict-transport-security:
      - max-age=31536000; includeSubDomains
      transfer-encoding:
      - chunked
      vary:
      - Accept-Encoding
      x-content-type-options:
      - nosniff
      x-ms-ratelimit-remaining-subscription-writes:
      - '1199'
    status:
      code: 200
      message: OK
- request:
    body: null
    headers:
      Accept:
      - '*/*'
      Accept-Encoding:
      - gzip, deflate
      CommandName:
      - monitor autoscale delete
      Connection:
      - keep-alive
      Content-Length:
      - '0'
      ParameterSetName:
      - -g -n
      User-Agent:
      - AZURECLI/2.53.0 (AAZ) azsdk-python-core/1.26.0 Python/3.10.11 (Windows-10-10.0.22621-SP0)
    method: DELETE
    uri: https://management.azure.com/subscriptions/00000000-0000-0000-0000-000000000000/resourcegroups/cli_test_monitor_autoscale_refine000001/providers/Microsoft.Insights/autoscalesettings/vmss1?api-version=2022-10-01
  response:
    body:
      string: ''
    headers:
      cache-control:
      - no-cache
      content-length:
      - '0'
      date:
      - Mon, 16 Oct 2023 05:17:18 GMT
      expires:
      - '-1'
      pragma:
      - no-cache
      server:
      - Microsoft-IIS/10.0
      strict-transport-security:
      - max-age=31536000; includeSubDomains
      x-content-type-options:
      - nosniff
      x-ms-ratelimit-remaining-subscription-deletes:
      - '14999'
    status:
      code: 200
      message: OK
version: 1
