interactions:
- request:
    body: !!python/unicode '{"location": "eastus", "tags": {"date": "2018-09-20T03:44:55Z",
      "product": "azurecli", "cause": "automation"}}'
    headers:
      Accept: [application/json]
      Accept-Encoding: ['gzip, deflate']
      CommandName: [group create]
      Connection: [keep-alive]
      Content-Length: ['110']
      Content-Type: [application/json; charset=utf-8]
      User-Agent: [python/2.7.12 (Windows-10-10.0.17134) requests/2.19.1 msrest/0.5.4
          msrest_azure/0.4.34 resourcemanagementclient/2.0.0 Azure-SDK-For-Python
          AZURECLI/2.0.45]
      accept-language: [en-US]
    method: PUT
    uri: https://management.azure.com/subscriptions/00000000-0000-0000-0000-000000000000/resourcegroups/hdicli-000001?api-version=2018-05-01
  response:
    body: {string: !!python/unicode '{"id":"/subscriptions/00000000-0000-0000-0000-000000000000/resourceGroups/hdicli-000001","name":"hdicli-000001","location":"eastus","tags":{"date":"2018-09-20T03:44:55Z","product":"azurecli","cause":"automation"},"properties":{"provisioningState":"Succeeded"}}'}
    headers:
      cache-control: [no-cache]
      content-length: ['258']
      content-type: [application/json; charset=utf-8]
      date: ['Thu, 20 Sep 2018 03:44:56 GMT']
      expires: ['-1']
      pragma: [no-cache]
      strict-transport-security: [max-age=31536000; includeSubDomains]
      x-content-type-options: [nosniff]
      x-ms-ratelimit-remaining-subscription-writes: ['1199']
    status: {code: 201, message: Created}
- request:
    body: !!python/unicode '{"sku": {"name": "Standard_LRS"}, "kind": "Storage", "properties":
      {"supportsHttpsTrafficOnly": false, "isHnsEnabled": false}, "location": "eastus"}'
    headers:
      Accept: [application/json]
      Accept-Encoding: ['gzip, deflate']
      CommandName: [storage account create]
      Connection: [keep-alive]
      Content-Length: ['148']
      Content-Type: [application/json; charset=utf-8]
      User-Agent: [python/2.7.12 (Windows-10-10.0.17134) requests/2.19.1 msrest/0.5.4
          msrest_azure/0.4.34 azure-mgmt-storage/2.0.0rc4 Azure-SDK-For-Python AZURECLI/2.0.45]
      accept-language: [en-US]
    method: PUT
    uri: https://management.azure.com/subscriptions/00000000-0000-0000-0000-000000000000/resourceGroups/hdicli-000001/providers/Microsoft.Storage/storageAccounts/hdicli000002?api-version=2018-03-01-preview
  response:
    body: {string: !!python/unicode ''}
    headers:
      cache-control: [no-cache]
      content-length: ['0']
      content-type: [text/plain; charset=utf-8]
      date: ['Thu, 20 Sep 2018 03:44:59 GMT']
      expires: ['-1']
      location: ['https://management.azure.com/subscriptions/00000000-0000-0000-0000-000000000000/providers/Microsoft.Storage/locations/eastus/asyncoperations/e4f5f56c-c3f1-42ff-a289-d458824b76ca?monitor=true&api-version=2018-03-01-preview']
      pragma: [no-cache]
      server: ['Microsoft-Azure-Storage-Resource-Provider/1.0,Microsoft-HTTPAPI/2.0
          Microsoft-HTTPAPI/2.0']
      strict-transport-security: [max-age=31536000; includeSubDomains]
      x-content-type-options: [nosniff]
      x-ms-ratelimit-remaining-subscription-writes: ['1197']
    status: {code: 202, message: Accepted}
- request:
    body: null
    headers:
      Accept: [application/json]
      Accept-Encoding: ['gzip, deflate']
      CommandName: [storage account create]
      Connection: [keep-alive]
      User-Agent: [python/2.7.12 (Windows-10-10.0.17134) requests/2.19.1 msrest/0.5.4
          msrest_azure/0.4.34 azure-mgmt-storage/2.0.0rc4 Azure-SDK-For-Python AZURECLI/2.0.45]
    method: GET
    uri: https://management.azure.com/subscriptions/00000000-0000-0000-0000-000000000000/providers/Microsoft.Storage/locations/eastus/asyncoperations/e4f5f56c-c3f1-42ff-a289-d458824b76ca?monitor=true&api-version=2018-03-01-preview
  response:
    body: {string: !!python/unicode '{"sku":{"name":"Standard_LRS","tier":"Standard"},"kind":"Storage","id":"/subscriptions/00000000-0000-0000-0000-000000000000/resourceGroups/hdicli-000001/providers/Microsoft.Storage/storageAccounts/hdicli000002","name":"hdicli000002","type":"Microsoft.Storage/storageAccounts","location":"eastus","tags":{},"properties":{"isHnsEnabled":false,"networkAcls":{"bypass":"AzureServices","virtualNetworkRules":[],"ipRules":[],"defaultAction":"Allow"},"trustedDirectories":["72f988bf-86f1-41af-91ab-2d7cd011db47"],"supportsHttpsTrafficOnly":false,"encryption":{"services":{"file":{"enabled":true,"lastEnabledTime":"2018-09-20T03:44:59.2851634Z"},"blob":{"enabled":true,"lastEnabledTime":"2018-09-20T03:44:59.2851634Z"}},"keySource":"Microsoft.Storage"},"provisioningState":"Succeeded","creationTime":"2018-09-20T03:44:59.1130778Z","primaryEndpoints":{"blob":"https://hdicli000002.blob.core.windows.net/","queue":"https://hdicli000002.queue.core.windows.net/","table":"https://hdicli000002.table.core.windows.net/","file":"https://hdicli000002.file.core.windows.net/"},"primaryLocation":"eastus","statusOfPrimary":"available"}}'}
    headers:
      cache-control: [no-cache]
      content-length: ['1189']
      content-type: [application/json]
      date: ['Thu, 20 Sep 2018 03:45:16 GMT']
      expires: ['-1']
      pragma: [no-cache]
      server: ['Microsoft-Azure-Storage-Resource-Provider/1.0,Microsoft-HTTPAPI/2.0
          Microsoft-HTTPAPI/2.0']
      strict-transport-security: [max-age=31536000; includeSubDomains]
      transfer-encoding: [chunked]
      vary: [Accept-Encoding]
      x-content-type-options: [nosniff]
    status: {code: 200, message: OK}
- request:
    body: null
    headers:
      Accept: [application/json]
      Accept-Encoding: ['gzip, deflate']
      CommandName: [storage account keys list]
      Connection: [keep-alive]
      Content-Length: ['0']
      Content-Type: [application/json; charset=utf-8]
      User-Agent: [python/2.7.12 (Windows-10-10.0.17134) requests/2.19.1 msrest/0.5.4
          msrest_azure/0.4.34 azure-mgmt-storage/2.0.0rc4 Azure-SDK-For-Python AZURECLI/2.0.45]
      accept-language: [en-US]
    method: POST
    uri: https://management.azure.com/subscriptions/00000000-0000-0000-0000-000000000000/resourceGroups/hdicli-000001/providers/Microsoft.Storage/storageAccounts/hdicli000002/listKeys?api-version=2018-03-01-preview
  response:
    body: {string: !!python/unicode '{"keys":[{"keyName":"key1","value":"mG5y+xAbLwSkOd0uZg4iYv4xA2e2lQ0iAgmcOBa0G+kNGtG8SuZCXhaqbUbdIFB+NXEZjNKkRjAToLov3VA01Q==","permissions":"FULL"},{"keyName":"key2","value":"PLP/CvzuhAs1JjPSnnjz1hwvygqq32e9Wm8EpLvAx2N8hGvJ545bHHnD/l3k9biTcy4DwJA5jZCQ3/r9zmDqqA==","permissions":"FULL"}]}'}
    headers:
      cache-control: [no-cache]
      content-length: ['288']
      content-type: [application/json]
      date: ['Thu, 20 Sep 2018 03:45:18 GMT']
      expires: ['-1']
      pragma: [no-cache]
      server: ['Microsoft-Azure-Storage-Resource-Provider/1.0,Microsoft-HTTPAPI/2.0
          Microsoft-HTTPAPI/2.0']
      strict-transport-security: [max-age=31536000; includeSubDomains]
      transfer-encoding: [chunked]
      vary: [Accept-Encoding]
      x-content-type-options: [nosniff]
      x-ms-ratelimit-remaining-subscription-writes: ['1199']
    status: {code: 200, message: OK}
- request:
    body: !!python/unicode '{"properties": {"storageProfile": {"storageaccounts":
      [{"key": "mG5y+xAbLwSkOd0uZg4iYv4xA2e2lQ0iAgmcOBa0G+kNGtG8SuZCXhaqbUbdIFB+NXEZjNKkRjAToLov3VA01Q==",
      "container": "default", "name": "hdicli000002.blob.core.windows.net", "isDefault":
      true}]}, "computeProfile": {"roles": [{"hardwareProfile": {"vmSize": "large"},
      "osProfile": {"linuxOperatingSystemProfile": {"username": "sshuser", "password":
      "Password1!"}}, "targetInstanceCount": 2, "name": "headnode"}, {"hardwareProfile":
      {"vmSize": "large"}, "dataDisksGroups": [{"disksPerNode": 4}], "osProfile":
      {"linuxOperatingSystemProfile": {"username": "sshuser", "password": "Password1!"}},
      "targetInstanceCount": 3, "name": "workernode"}]}, "clusterVersion": "default",
      "osType": "Linux", "clusterDefinition": {"kind": "kafka", "configurations":
      {"gateway": {"restAuthCredential.isEnabled": "true", "restAuthCredential.username":
      "admin", "restAuthCredential.password": "Password1!"}}}}, "location": "eastus"}'
    headers:
      Accept: [application/json]
      Accept-Encoding: ['gzip, deflate']
      CommandName: [hdinsight cluster create]
      Connection: [keep-alive]
      Content-Length: ['972']
      Content-Type: [application/json; charset=utf-8]
      User-Agent: [python/2.7.12 (Windows-10-10.0.17134) requests/2.19.1 msrest/0.5.4
          msrest_azure/0.4.34 azure-mgmt-hdinsight/0.1.0 Azure-SDK-For-Python AZURECLI/2.0.45]
      accept-language: [en-US]
    method: PUT
    uri: https://management.azure.com/subscriptions/00000000-0000-0000-0000-000000000000/resourceGroups/hdicli-000001/providers/Microsoft.HDInsight/clusters/hdicli-000003?api-version=2015-03-01-preview
  response:
    body: {string: !!python/unicode '{"id":"/subscriptions/00000000-0000-0000-0000-000000000000/resourceGroups/hdicli-000001/providers/Microsoft.HDInsight/clusters/hdicli-000003","name":"hdicli-000003","type":"Microsoft.HDInsight/clusters","location":"East
        US","etag":"a78a8db0-b144-4bb6-85f3-75cbaabc3908","tags":null,"properties":{"clusterVersion":"3.6.1000.65","osType":"Linux","clusterDefinition":{"blueprint":"https://blueprints.azurehdinsight.net/kafka-3.6.1000.65.1808181812.json","kind":"kafka","componentVersion":{"kafka":"1.0"}},"computeProfile":{"roles":[{"name":"headnode","targetInstanceCount":2,"hardwareProfile":{"vmSize":"large"},"osProfile":{"linuxOperatingSystemProfile":{"username":"sshuser"}},"encryptDataDisks":false},{"name":"workernode","targetInstanceCount":3,"hardwareProfile":{"vmSize":"large"},"osProfile":{"linuxOperatingSystemProfile":{"username":"sshuser"}},"dataDisksGroups":[{"disksPerNode":4,"storageAccountType":"Standard_LRS","diskSizeGB":1023}],"encryptDataDisks":false}]},"provisioningState":"InProgress","clusterState":"Accepted","createdDate":"2018-09-20T03:45:23.143","quotaInfo":{"coresUsed":20},"tier":"standard"}}'}
    headers:
      azure-asyncoperation: ['https://management.azure.com/subscriptions/00000000-0000-0000-0000-000000000000/resourceGroups/hdicli-000001/providers/Microsoft.HDInsight/clusters/hdicli-000003/azureasyncoperations/create?api-version=2015-03-01-preview']
      cache-control: [no-cache]
      content-length: ['1124']
      content-type: [application/json; charset=utf-8]
      date: ['Thu, 20 Sep 2018 03:45:23 GMT']
      etag: ['"a78a8db0-b144-4bb6-85f3-75cbaabc3908"']
      expires: ['-1']
      pragma: [no-cache]
      strict-transport-security: [max-age=31536000; includeSubDomains]
      transfer-encoding: [chunked]
      vary: [Accept-Encoding]
      x-content-type-options: [nosniff]
      x-ms-hdi-clusteruri: ['https://management.azure.com/subscriptions/964c10bb-8a6c-43bc-83d3-6b318c6c7305/resourceGroups/hdicli-4edb2/providers/Microsoft.HDInsight/clusters/hdicli-lfyaoq3rf?api-version=2015-03-01-preview']
      x-ms-hdi-matched-rule: [ClusterResourcesAndSubResources]
      x-ms-hdi-routed-to: [RegionalRp]
      x-ms-hdi-served-by: [eastus]
      x-ms-ratelimit-remaining-subscription-writes: ['1199']
    status: {code: 200, message: OK}
- request:
    body: null
    headers:
      Accept: [application/json]
      Accept-Encoding: ['gzip, deflate']
      CommandName: [hdinsight cluster create]
      Connection: [keep-alive]
      User-Agent: [python/2.7.12 (Windows-10-10.0.17134) requests/2.19.1 msrest/0.5.4
          msrest_azure/0.4.34 azure-mgmt-hdinsight/0.1.0 Azure-SDK-For-Python AZURECLI/2.0.45]
    method: GET
    uri: https://management.azure.com/subscriptions/00000000-0000-0000-0000-000000000000/resourceGroups/hdicli-000001/providers/Microsoft.HDInsight/clusters/hdicli-000003/azureasyncoperations/create?api-version=2015-03-01-preview
  response:
    body: {string: !!python/unicode '{"status":"InProgress"}'}
    headers:
      cache-control: [no-cache]
      content-length: ['23']
      content-type: [application/json; charset=utf-8]
      date: ['Thu, 20 Sep 2018 03:45:53 GMT']
      expires: ['-1']
      pragma: [no-cache]
      strict-transport-security: [max-age=31536000; includeSubDomains]
      transfer-encoding: [chunked]
      vary: [Accept-Encoding]
      x-content-type-options: [nosniff]
      x-ms-hdi-matched-rule: [ClusterResourcesAndSubResources]
      x-ms-hdi-routed-to: [RegionalRp]
      x-ms-hdi-served-by: [eastus]
    status: {code: 200, message: OK}
- request:
    body: null
    headers:
      Accept: [application/json]
      Accept-Encoding: ['gzip, deflate']
      CommandName: [hdinsight cluster create]
      Connection: [keep-alive]
      User-Agent: [python/2.7.12 (Windows-10-10.0.17134) requests/2.19.1 msrest/0.5.4
          msrest_azure/0.4.34 azure-mgmt-hdinsight/0.1.0 Azure-SDK-For-Python AZURECLI/2.0.45]
    method: GET
    uri: https://management.azure.com/subscriptions/00000000-0000-0000-0000-000000000000/resourceGroups/hdicli-000001/providers/Microsoft.HDInsight/clusters/hdicli-000003/azureasyncoperations/create?api-version=2015-03-01-preview
  response:
    body: {string: !!python/unicode '{"status":"InProgress"}'}
    headers:
      cache-control: [no-cache]
      content-length: ['23']
      content-type: [application/json; charset=utf-8]
      date: ['Thu, 20 Sep 2018 03:46:24 GMT']
      expires: ['-1']
      pragma: [no-cache]
      strict-transport-security: [max-age=31536000; includeSubDomains]
      transfer-encoding: [chunked]
      vary: [Accept-Encoding]
      x-content-type-options: [nosniff]
      x-ms-hdi-matched-rule: [ClusterResourcesAndSubResources]
      x-ms-hdi-routed-to: [RegionalRp]
      x-ms-hdi-served-by: [eastus]
    status: {code: 200, message: OK}
- request:
    body: null
    headers:
      Accept: [application/json]
      Accept-Encoding: ['gzip, deflate']
      CommandName: [hdinsight cluster create]
      Connection: [keep-alive]
      User-Agent: [python/2.7.12 (Windows-10-10.0.17134) requests/2.19.1 msrest/0.5.4
          msrest_azure/0.4.34 azure-mgmt-hdinsight/0.1.0 Azure-SDK-For-Python AZURECLI/2.0.45]
    method: GET
    uri: https://management.azure.com/subscriptions/00000000-0000-0000-0000-000000000000/resourceGroups/hdicli-000001/providers/Microsoft.HDInsight/clusters/hdicli-000003/azureasyncoperations/create?api-version=2015-03-01-preview
  response:
    body: {string: !!python/unicode '{"status":"InProgress"}'}
    headers:
      cache-control: [no-cache]
      content-length: ['23']
      content-type: [application/json; charset=utf-8]
      date: ['Thu, 20 Sep 2018 03:46:54 GMT']
      expires: ['-1']
      pragma: [no-cache]
      strict-transport-security: [max-age=31536000; includeSubDomains]
      transfer-encoding: [chunked]
      vary: [Accept-Encoding]
      x-content-type-options: [nosniff]
      x-ms-hdi-matched-rule: [ClusterResourcesAndSubResources]
      x-ms-hdi-routed-to: [RegionalRp]
      x-ms-hdi-served-by: [eastus]
    status: {code: 200, message: OK}
- request:
    body: null
    headers:
      Accept: [application/json]
      Accept-Encoding: ['gzip, deflate']
      CommandName: [hdinsight cluster create]
      Connection: [keep-alive]
      User-Agent: [python/2.7.12 (Windows-10-10.0.17134) requests/2.19.1 msrest/0.5.4
          msrest_azure/0.4.34 azure-mgmt-hdinsight/0.1.0 Azure-SDK-For-Python AZURECLI/2.0.45]
    method: GET
    uri: https://management.azure.com/subscriptions/00000000-0000-0000-0000-000000000000/resourceGroups/hdicli-000001/providers/Microsoft.HDInsight/clusters/hdicli-000003/azureasyncoperations/create?api-version=2015-03-01-preview
  response:
    body: {string: !!python/unicode '{"status":"InProgress"}'}
    headers:
      cache-control: [no-cache]
      content-length: ['23']
      content-type: [application/json; charset=utf-8]
      date: ['Thu, 20 Sep 2018 03:47:25 GMT']
      expires: ['-1']
      pragma: [no-cache]
      strict-transport-security: [max-age=31536000; includeSubDomains]
      transfer-encoding: [chunked]
      vary: [Accept-Encoding]
      x-content-type-options: [nosniff]
      x-ms-hdi-matched-rule: [ClusterResourcesAndSubResources]
      x-ms-hdi-routed-to: [RegionalRp]
      x-ms-hdi-served-by: [eastus]
    status: {code: 200, message: OK}
- request:
    body: null
    headers:
      Accept: [application/json]
      Accept-Encoding: ['gzip, deflate']
      CommandName: [hdinsight cluster create]
      Connection: [keep-alive]
      User-Agent: [python/2.7.12 (Windows-10-10.0.17134) requests/2.19.1 msrest/0.5.4
          msrest_azure/0.4.34 azure-mgmt-hdinsight/0.1.0 Azure-SDK-For-Python AZURECLI/2.0.45]
    method: GET
    uri: https://management.azure.com/subscriptions/00000000-0000-0000-0000-000000000000/resourceGroups/hdicli-000001/providers/Microsoft.HDInsight/clusters/hdicli-000003/azureasyncoperations/create?api-version=2015-03-01-preview
  response:
    body: {string: !!python/unicode '{"status":"InProgress"}'}
    headers:
      cache-control: [no-cache]
      content-length: ['23']
      content-type: [application/json; charset=utf-8]
      date: ['Thu, 20 Sep 2018 03:47:54 GMT']
      expires: ['-1']
      pragma: [no-cache]
      strict-transport-security: [max-age=31536000; includeSubDomains]
      transfer-encoding: [chunked]
      vary: [Accept-Encoding]
      x-content-type-options: [nosniff]
      x-ms-hdi-matched-rule: [ClusterResourcesAndSubResources]
      x-ms-hdi-routed-to: [RegionalRp]
      x-ms-hdi-served-by: [eastus]
    status: {code: 200, message: OK}
- request:
    body: null
    headers:
      Accept: [application/json]
      Accept-Encoding: ['gzip, deflate']
      CommandName: [hdinsight cluster create]
      Connection: [keep-alive]
      User-Agent: [python/2.7.12 (Windows-10-10.0.17134) requests/2.19.1 msrest/0.5.4
          msrest_azure/0.4.34 azure-mgmt-hdinsight/0.1.0 Azure-SDK-For-Python AZURECLI/2.0.45]
    method: GET
    uri: https://management.azure.com/subscriptions/00000000-0000-0000-0000-000000000000/resourceGroups/hdicli-000001/providers/Microsoft.HDInsight/clusters/hdicli-000003/azureasyncoperations/create?api-version=2015-03-01-preview
  response:
    body: {string: !!python/unicode '{"status":"InProgress"}'}
    headers:
      cache-control: [no-cache]
      content-length: ['23']
      content-type: [application/json; charset=utf-8]
      date: ['Thu, 20 Sep 2018 03:48:26 GMT']
      expires: ['-1']
      pragma: [no-cache]
      strict-transport-security: [max-age=31536000; includeSubDomains]
      transfer-encoding: [chunked]
      vary: [Accept-Encoding]
      x-content-type-options: [nosniff]
      x-ms-hdi-matched-rule: [ClusterResourcesAndSubResources]
      x-ms-hdi-routed-to: [RegionalRp]
      x-ms-hdi-served-by: [eastus]
    status: {code: 200, message: OK}
- request:
    body: null
    headers:
      Accept: [application/json]
      Accept-Encoding: ['gzip, deflate']
      CommandName: [hdinsight cluster create]
      Connection: [keep-alive]
      User-Agent: [python/2.7.12 (Windows-10-10.0.17134) requests/2.19.1 msrest/0.5.4
          msrest_azure/0.4.34 azure-mgmt-hdinsight/0.1.0 Azure-SDK-For-Python AZURECLI/2.0.45]
    method: GET
    uri: https://management.azure.com/subscriptions/00000000-0000-0000-0000-000000000000/resourceGroups/hdicli-000001/providers/Microsoft.HDInsight/clusters/hdicli-000003/azureasyncoperations/create?api-version=2015-03-01-preview
  response:
    body: {string: !!python/unicode '{"status":"InProgress"}'}
    headers:
      cache-control: [no-cache]
      content-length: ['23']
      content-type: [application/json; charset=utf-8]
      date: ['Thu, 20 Sep 2018 03:48:56 GMT']
      expires: ['-1']
      pragma: [no-cache]
      strict-transport-security: [max-age=31536000; includeSubDomains]
      transfer-encoding: [chunked]
      vary: [Accept-Encoding]
      x-content-type-options: [nosniff]
      x-ms-hdi-matched-rule: [ClusterResourcesAndSubResources]
      x-ms-hdi-routed-to: [RegionalRp]
      x-ms-hdi-served-by: [eastus]
    status: {code: 200, message: OK}
- request:
    body: null
    headers:
      Accept: [application/json]
      Accept-Encoding: ['gzip, deflate']
      CommandName: [hdinsight cluster create]
      Connection: [keep-alive]
      User-Agent: [python/2.7.12 (Windows-10-10.0.17134) requests/2.19.1 msrest/0.5.4
          msrest_azure/0.4.34 azure-mgmt-hdinsight/0.1.0 Azure-SDK-For-Python AZURECLI/2.0.45]
    method: GET
    uri: https://management.azure.com/subscriptions/00000000-0000-0000-0000-000000000000/resourceGroups/hdicli-000001/providers/Microsoft.HDInsight/clusters/hdicli-000003/azureasyncoperations/create?api-version=2015-03-01-preview
  response:
    body: {string: !!python/unicode '{"status":"InProgress"}'}
    headers:
      cache-control: [no-cache]
      content-length: ['23']
      content-type: [application/json; charset=utf-8]
      date: ['Thu, 20 Sep 2018 03:49:26 GMT']
      expires: ['-1']
      pragma: [no-cache]
      strict-transport-security: [max-age=31536000; includeSubDomains]
      transfer-encoding: [chunked]
      vary: [Accept-Encoding]
      x-content-type-options: [nosniff]
      x-ms-hdi-matched-rule: [ClusterResourcesAndSubResources]
      x-ms-hdi-routed-to: [RegionalRp]
      x-ms-hdi-served-by: [eastus]
    status: {code: 200, message: OK}
- request:
    body: null
    headers:
      Accept: [application/json]
      Accept-Encoding: ['gzip, deflate']
      CommandName: [hdinsight cluster create]
      Connection: [keep-alive]
      User-Agent: [python/2.7.12 (Windows-10-10.0.17134) requests/2.19.1 msrest/0.5.4
          msrest_azure/0.4.34 azure-mgmt-hdinsight/0.1.0 Azure-SDK-For-Python AZURECLI/2.0.45]
    method: GET
    uri: https://management.azure.com/subscriptions/00000000-0000-0000-0000-000000000000/resourceGroups/hdicli-000001/providers/Microsoft.HDInsight/clusters/hdicli-000003/azureasyncoperations/create?api-version=2015-03-01-preview
  response:
    body: {string: !!python/unicode '{"status":"InProgress"}'}
    headers:
      cache-control: [no-cache]
      content-length: ['23']
      content-type: [application/json; charset=utf-8]
      date: ['Thu, 20 Sep 2018 03:49:57 GMT']
      expires: ['-1']
      pragma: [no-cache]
      strict-transport-security: [max-age=31536000; includeSubDomains]
      transfer-encoding: [chunked]
      vary: [Accept-Encoding]
      x-content-type-options: [nosniff]
      x-ms-hdi-matched-rule: [ClusterResourcesAndSubResources]
      x-ms-hdi-routed-to: [RegionalRp]
      x-ms-hdi-served-by: [eastus]
    status: {code: 200, message: OK}
- request:
    body: null
    headers:
      Accept: [application/json]
      Accept-Encoding: ['gzip, deflate']
      CommandName: [hdinsight cluster create]
      Connection: [keep-alive]
      User-Agent: [python/2.7.12 (Windows-10-10.0.17134) requests/2.19.1 msrest/0.5.4
          msrest_azure/0.4.34 azure-mgmt-hdinsight/0.1.0 Azure-SDK-For-Python AZURECLI/2.0.45]
    method: GET
    uri: https://management.azure.com/subscriptions/00000000-0000-0000-0000-000000000000/resourceGroups/hdicli-000001/providers/Microsoft.HDInsight/clusters/hdicli-000003/azureasyncoperations/create?api-version=2015-03-01-preview
  response:
    body: {string: !!python/unicode '{"status":"InProgress"}'}
    headers:
      cache-control: [no-cache]
      content-length: ['23']
      content-type: [application/json; charset=utf-8]
      date: ['Thu, 20 Sep 2018 03:50:28 GMT']
      expires: ['-1']
      pragma: [no-cache]
      strict-transport-security: [max-age=31536000; includeSubDomains]
      transfer-encoding: [chunked]
      vary: [Accept-Encoding]
      x-content-type-options: [nosniff]
      x-ms-hdi-matched-rule: [ClusterResourcesAndSubResources]
      x-ms-hdi-routed-to: [RegionalRp]
      x-ms-hdi-served-by: [eastus]
    status: {code: 200, message: OK}
- request:
    body: null
    headers:
      Accept: [application/json]
      Accept-Encoding: ['gzip, deflate']
      CommandName: [hdinsight cluster create]
      Connection: [keep-alive]
      User-Agent: [python/2.7.12 (Windows-10-10.0.17134) requests/2.19.1 msrest/0.5.4
          msrest_azure/0.4.34 azure-mgmt-hdinsight/0.1.0 Azure-SDK-For-Python AZURECLI/2.0.45]
    method: GET
    uri: https://management.azure.com/subscriptions/00000000-0000-0000-0000-000000000000/resourceGroups/hdicli-000001/providers/Microsoft.HDInsight/clusters/hdicli-000003/azureasyncoperations/create?api-version=2015-03-01-preview
  response:
    body: {string: !!python/unicode '{"status":"InProgress"}'}
    headers:
      cache-control: [no-cache]
      content-length: ['23']
      content-type: [application/json; charset=utf-8]
      date: ['Thu, 20 Sep 2018 03:50:58 GMT']
      expires: ['-1']
      pragma: [no-cache]
      strict-transport-security: [max-age=31536000; includeSubDomains]
      transfer-encoding: [chunked]
      vary: [Accept-Encoding]
      x-content-type-options: [nosniff]
      x-ms-hdi-matched-rule: [ClusterResourcesAndSubResources]
      x-ms-hdi-routed-to: [RegionalRp]
      x-ms-hdi-served-by: [eastus]
    status: {code: 200, message: OK}
- request:
    body: null
    headers:
      Accept: [application/json]
      Accept-Encoding: ['gzip, deflate']
      CommandName: [hdinsight cluster create]
      Connection: [keep-alive]
      User-Agent: [python/2.7.12 (Windows-10-10.0.17134) requests/2.19.1 msrest/0.5.4
          msrest_azure/0.4.34 azure-mgmt-hdinsight/0.1.0 Azure-SDK-For-Python AZURECLI/2.0.45]
    method: GET
    uri: https://management.azure.com/subscriptions/00000000-0000-0000-0000-000000000000/resourceGroups/hdicli-000001/providers/Microsoft.HDInsight/clusters/hdicli-000003/azureasyncoperations/create?api-version=2015-03-01-preview
  response:
    body: {string: !!python/unicode '{"status":"InProgress"}'}
    headers:
      cache-control: [no-cache]
      content-length: ['23']
      content-type: [application/json; charset=utf-8]
      date: ['Thu, 20 Sep 2018 03:51:29 GMT']
      expires: ['-1']
      pragma: [no-cache]
      strict-transport-security: [max-age=31536000; includeSubDomains]
      transfer-encoding: [chunked]
      vary: [Accept-Encoding]
      x-content-type-options: [nosniff]
      x-ms-hdi-matched-rule: [ClusterResourcesAndSubResources]
      x-ms-hdi-routed-to: [RegionalRp]
      x-ms-hdi-served-by: [eastus]
    status: {code: 200, message: OK}
- request:
    body: null
    headers:
      Accept: [application/json]
      Accept-Encoding: ['gzip, deflate']
      CommandName: [hdinsight cluster create]
      Connection: [keep-alive]
      User-Agent: [python/2.7.12 (Windows-10-10.0.17134) requests/2.19.1 msrest/0.5.4
          msrest_azure/0.4.34 azure-mgmt-hdinsight/0.1.0 Azure-SDK-For-Python AZURECLI/2.0.45]
    method: GET
    uri: https://management.azure.com/subscriptions/00000000-0000-0000-0000-000000000000/resourceGroups/hdicli-000001/providers/Microsoft.HDInsight/clusters/hdicli-000003/azureasyncoperations/create?api-version=2015-03-01-preview
  response:
    body: {string: !!python/unicode '{"status":"InProgress"}'}
    headers:
      cache-control: [no-cache]
      content-length: ['23']
      content-type: [application/json; charset=utf-8]
      date: ['Thu, 20 Sep 2018 03:52:00 GMT']
      expires: ['-1']
      pragma: [no-cache]
      strict-transport-security: [max-age=31536000; includeSubDomains]
      transfer-encoding: [chunked]
      vary: [Accept-Encoding]
      x-content-type-options: [nosniff]
      x-ms-hdi-matched-rule: [ClusterResourcesAndSubResources]
      x-ms-hdi-routed-to: [RegionalRp]
      x-ms-hdi-served-by: [eastus]
    status: {code: 200, message: OK}
- request:
    body: null
    headers:
      Accept: [application/json]
      Accept-Encoding: ['gzip, deflate']
      CommandName: [hdinsight cluster create]
      Connection: [keep-alive]
      User-Agent: [python/2.7.12 (Windows-10-10.0.17134) requests/2.19.1 msrest/0.5.4
          msrest_azure/0.4.34 azure-mgmt-hdinsight/0.1.0 Azure-SDK-For-Python AZURECLI/2.0.45]
    method: GET
    uri: https://management.azure.com/subscriptions/00000000-0000-0000-0000-000000000000/resourceGroups/hdicli-000001/providers/Microsoft.HDInsight/clusters/hdicli-000003/azureasyncoperations/create?api-version=2015-03-01-preview
  response:
    body: {string: !!python/unicode '{"status":"InProgress"}'}
    headers:
      cache-control: [no-cache]
      content-length: ['23']
      content-type: [application/json; charset=utf-8]
      date: ['Thu, 20 Sep 2018 03:52:31 GMT']
      expires: ['-1']
      pragma: [no-cache]
      strict-transport-security: [max-age=31536000; includeSubDomains]
      transfer-encoding: [chunked]
      vary: [Accept-Encoding]
      x-content-type-options: [nosniff]
      x-ms-hdi-matched-rule: [ClusterResourcesAndSubResources]
      x-ms-hdi-routed-to: [RegionalRp]
      x-ms-hdi-served-by: [eastus]
    status: {code: 200, message: OK}
- request:
    body: null
    headers:
      Accept: [application/json]
      Accept-Encoding: ['gzip, deflate']
      CommandName: [hdinsight cluster create]
      Connection: [keep-alive]
      User-Agent: [python/2.7.12 (Windows-10-10.0.17134) requests/2.19.1 msrest/0.5.4
          msrest_azure/0.4.34 azure-mgmt-hdinsight/0.1.0 Azure-SDK-For-Python AZURECLI/2.0.45]
    method: GET
    uri: https://management.azure.com/subscriptions/00000000-0000-0000-0000-000000000000/resourceGroups/hdicli-000001/providers/Microsoft.HDInsight/clusters/hdicli-000003/azureasyncoperations/create?api-version=2015-03-01-preview
  response:
    body: {string: !!python/unicode '{"status":"InProgress"}'}
    headers:
      cache-control: [no-cache]
      content-length: ['23']
      content-type: [application/json; charset=utf-8]
      date: ['Thu, 20 Sep 2018 03:53:01 GMT']
      expires: ['-1']
      pragma: [no-cache]
      strict-transport-security: [max-age=31536000; includeSubDomains]
      transfer-encoding: [chunked]
      vary: [Accept-Encoding]
      x-content-type-options: [nosniff]
      x-ms-hdi-matched-rule: [ClusterResourcesAndSubResources]
      x-ms-hdi-routed-to: [RegionalRp]
      x-ms-hdi-served-by: [eastus]
    status: {code: 200, message: OK}
- request:
    body: null
    headers:
      Accept: [application/json]
      Accept-Encoding: ['gzip, deflate']
      CommandName: [hdinsight cluster create]
      Connection: [keep-alive]
      User-Agent: [python/2.7.12 (Windows-10-10.0.17134) requests/2.19.1 msrest/0.5.4
          msrest_azure/0.4.34 azure-mgmt-hdinsight/0.1.0 Azure-SDK-For-Python AZURECLI/2.0.45]
    method: GET
    uri: https://management.azure.com/subscriptions/00000000-0000-0000-0000-000000000000/resourceGroups/hdicli-000001/providers/Microsoft.HDInsight/clusters/hdicli-000003/azureasyncoperations/create?api-version=2015-03-01-preview
  response:
    body: {string: !!python/unicode '{"status":"InProgress"}'}
    headers:
      cache-control: [no-cache]
      content-length: ['23']
      content-type: [application/json; charset=utf-8]
      date: ['Thu, 20 Sep 2018 03:53:31 GMT']
      expires: ['-1']
      pragma: [no-cache]
      strict-transport-security: [max-age=31536000; includeSubDomains]
      transfer-encoding: [chunked]
      vary: [Accept-Encoding]
      x-content-type-options: [nosniff]
      x-ms-hdi-matched-rule: [ClusterResourcesAndSubResources]
      x-ms-hdi-routed-to: [RegionalRp]
      x-ms-hdi-served-by: [eastus]
    status: {code: 200, message: OK}
- request:
    body: null
    headers:
      Accept: [application/json]
      Accept-Encoding: ['gzip, deflate']
      CommandName: [hdinsight cluster create]
      Connection: [keep-alive]
      User-Agent: [python/2.7.12 (Windows-10-10.0.17134) requests/2.19.1 msrest/0.5.4
          msrest_azure/0.4.34 azure-mgmt-hdinsight/0.1.0 Azure-SDK-For-Python AZURECLI/2.0.45]
    method: GET
    uri: https://management.azure.com/subscriptions/00000000-0000-0000-0000-000000000000/resourceGroups/hdicli-000001/providers/Microsoft.HDInsight/clusters/hdicli-000003/azureasyncoperations/create?api-version=2015-03-01-preview
  response:
    body: {string: !!python/unicode '{"status":"InProgress"}'}
    headers:
      cache-control: [no-cache]
      content-length: ['23']
      content-type: [application/json; charset=utf-8]
      date: ['Thu, 20 Sep 2018 03:54:03 GMT']
      expires: ['-1']
      pragma: [no-cache]
      strict-transport-security: [max-age=31536000; includeSubDomains]
      transfer-encoding: [chunked]
      vary: [Accept-Encoding]
      x-content-type-options: [nosniff]
      x-ms-hdi-matched-rule: [ClusterResourcesAndSubResources]
      x-ms-hdi-routed-to: [RegionalRp]
      x-ms-hdi-served-by: [eastus]
    status: {code: 200, message: OK}
- request:
    body: null
    headers:
      Accept: [application/json]
      Accept-Encoding: ['gzip, deflate']
      CommandName: [hdinsight cluster create]
      Connection: [keep-alive]
      User-Agent: [python/2.7.12 (Windows-10-10.0.17134) requests/2.19.1 msrest/0.5.4
          msrest_azure/0.4.34 azure-mgmt-hdinsight/0.1.0 Azure-SDK-For-Python AZURECLI/2.0.45]
    method: GET
    uri: https://management.azure.com/subscriptions/00000000-0000-0000-0000-000000000000/resourceGroups/hdicli-000001/providers/Microsoft.HDInsight/clusters/hdicli-000003/azureasyncoperations/create?api-version=2015-03-01-preview
  response:
    body: {string: !!python/unicode '{"status":"InProgress"}'}
    headers:
      cache-control: [no-cache]
      content-length: ['23']
      content-type: [application/json; charset=utf-8]
      date: ['Thu, 20 Sep 2018 03:54:34 GMT']
      expires: ['-1']
      pragma: [no-cache]
      strict-transport-security: [max-age=31536000; includeSubDomains]
      transfer-encoding: [chunked]
      vary: [Accept-Encoding]
      x-content-type-options: [nosniff]
      x-ms-hdi-matched-rule: [ClusterResourcesAndSubResources]
      x-ms-hdi-routed-to: [RegionalRp]
      x-ms-hdi-served-by: [eastus]
    status: {code: 200, message: OK}
- request:
    body: null
    headers:
      Accept: [application/json]
      Accept-Encoding: ['gzip, deflate']
      CommandName: [hdinsight cluster create]
      Connection: [keep-alive]
      User-Agent: [python/2.7.12 (Windows-10-10.0.17134) requests/2.19.1 msrest/0.5.4
          msrest_azure/0.4.34 azure-mgmt-hdinsight/0.1.0 Azure-SDK-For-Python AZURECLI/2.0.45]
    method: GET
    uri: https://management.azure.com/subscriptions/00000000-0000-0000-0000-000000000000/resourceGroups/hdicli-000001/providers/Microsoft.HDInsight/clusters/hdicli-000003/azureasyncoperations/create?api-version=2015-03-01-preview
  response:
    body: {string: !!python/unicode '{"status":"InProgress"}'}
    headers:
      cache-control: [no-cache]
      content-length: ['23']
      content-type: [application/json; charset=utf-8]
      date: ['Thu, 20 Sep 2018 03:55:04 GMT']
      expires: ['-1']
      pragma: [no-cache]
      strict-transport-security: [max-age=31536000; includeSubDomains]
      transfer-encoding: [chunked]
      vary: [Accept-Encoding]
      x-content-type-options: [nosniff]
      x-ms-hdi-matched-rule: [ClusterResourcesAndSubResources]
      x-ms-hdi-routed-to: [RegionalRp]
      x-ms-hdi-served-by: [eastus]
    status: {code: 200, message: OK}
- request:
    body: null
    headers:
      Accept: [application/json]
      Accept-Encoding: ['gzip, deflate']
      CommandName: [hdinsight cluster create]
      Connection: [keep-alive]
      User-Agent: [python/2.7.12 (Windows-10-10.0.17134) requests/2.19.1 msrest/0.5.4
          msrest_azure/0.4.34 azure-mgmt-hdinsight/0.1.0 Azure-SDK-For-Python AZURECLI/2.0.45]
    method: GET
    uri: https://management.azure.com/subscriptions/00000000-0000-0000-0000-000000000000/resourceGroups/hdicli-000001/providers/Microsoft.HDInsight/clusters/hdicli-000003/azureasyncoperations/create?api-version=2015-03-01-preview
  response:
    body: {string: !!python/unicode '{"status":"InProgress"}'}
    headers:
      cache-control: [no-cache]
      content-length: ['23']
      content-type: [application/json; charset=utf-8]
      date: ['Thu, 20 Sep 2018 03:55:34 GMT']
      expires: ['-1']
      pragma: [no-cache]
      strict-transport-security: [max-age=31536000; includeSubDomains]
      transfer-encoding: [chunked]
      vary: [Accept-Encoding]
      x-content-type-options: [nosniff]
      x-ms-hdi-matched-rule: [ClusterResourcesAndSubResources]
      x-ms-hdi-routed-to: [RegionalRp]
      x-ms-hdi-served-by: [eastus]
    status: {code: 200, message: OK}
- request:
    body: null
    headers:
      Accept: [application/json]
      Accept-Encoding: ['gzip, deflate']
      CommandName: [hdinsight cluster create]
      Connection: [keep-alive]
      User-Agent: [python/2.7.12 (Windows-10-10.0.17134) requests/2.19.1 msrest/0.5.4
          msrest_azure/0.4.34 azure-mgmt-hdinsight/0.1.0 Azure-SDK-For-Python AZURECLI/2.0.45]
    method: GET
    uri: https://management.azure.com/subscriptions/00000000-0000-0000-0000-000000000000/resourceGroups/hdicli-000001/providers/Microsoft.HDInsight/clusters/hdicli-000003/azureasyncoperations/create?api-version=2015-03-01-preview
  response:
    body: {string: !!python/unicode '{"status":"Succeeded"}'}
    headers:
      cache-control: [no-cache]
      content-length: ['22']
      content-type: [application/json; charset=utf-8]
      date: ['Thu, 20 Sep 2018 03:56:05 GMT']
      expires: ['-1']
      pragma: [no-cache]
      strict-transport-security: [max-age=31536000; includeSubDomains]
      transfer-encoding: [chunked]
      vary: [Accept-Encoding]
      x-content-type-options: [nosniff]
      x-ms-hdi-matched-rule: [ClusterResourcesAndSubResources]
      x-ms-hdi-routed-to: [RegionalRp]
      x-ms-hdi-served-by: [eastus]
    status: {code: 200, message: OK}
- request:
    body: null
    headers:
      Accept: [application/json]
      Accept-Encoding: ['gzip, deflate']
      CommandName: [hdinsight cluster create]
      Connection: [keep-alive]
      User-Agent: [python/2.7.12 (Windows-10-10.0.17134) requests/2.19.1 msrest/0.5.4
          msrest_azure/0.4.34 azure-mgmt-hdinsight/0.1.0 Azure-SDK-For-Python AZURECLI/2.0.45]
    method: GET
    uri: https://management.azure.com/subscriptions/00000000-0000-0000-0000-000000000000/resourceGroups/hdicli-000001/providers/Microsoft.HDInsight/clusters/hdicli-000003?api-version=2015-03-01-preview
  response:
    body: {string: !!python/unicode '{"id":"/subscriptions/00000000-0000-0000-0000-000000000000/resourceGroups/hdicli-000001/providers/Microsoft.HDInsight/clusters/hdicli-000003","name":"hdicli-000003","type":"Microsoft.HDInsight/clusters","location":"East
        US","etag":"a78a8db0-b144-4bb6-85f3-75cbaabc3908","tags":null,"properties":{"clusterVersion":"3.6.1000.65","osType":"Linux","clusterDefinition":{"blueprint":"https://blueprints.azurehdinsight.net/kafka-3.6.1000.65.1808181812.json","kind":"kafka","componentVersion":{"kafka":"1.0"}},"computeProfile":{"roles":[{"name":"headnode","targetInstanceCount":2,"hardwareProfile":{"vmSize":"large"},"osProfile":{"linuxOperatingSystemProfile":{"username":"sshuser"}},"encryptDataDisks":false},{"name":"workernode","targetInstanceCount":3,"hardwareProfile":{"vmSize":"large"},"osProfile":{"linuxOperatingSystemProfile":{"username":"sshuser"}},"dataDisksGroups":[{"disksPerNode":4,"storageAccountType":"Standard_LRS","diskSizeGB":1023}],"encryptDataDisks":false},{"name":"zookeepernode","targetInstanceCount":3,"hardwareProfile":{"vmSize":"Medium"},"osProfile":{"linuxOperatingSystemProfile":{"username":"sshuser"}},"encryptDataDisks":false}]},"provisioningState":"Succeeded","clusterState":"Running","createdDate":"2018-09-20T03:45:23.143","quotaInfo":{"coresUsed":20},"connectivityEndpoints":[{"name":"SSH","protocol":"TCP","location":"hdicli-000003-ssh.azurehdinsight.net","port":22},{"name":"HTTPS","protocol":"TCP","location":"hdicli-000003.azurehdinsight.net","port":443}],"tier":"standard"}}'}
    headers:
      cache-control: [no-cache]
      content-length: ['1516']
      content-type: [application/json; charset=utf-8]
      date: ['Thu, 20 Sep 2018 03:56:05 GMT']
      expires: ['-1']
      pragma: [no-cache]
      strict-transport-security: [max-age=31536000; includeSubDomains]
      transfer-encoding: [chunked]
      vary: [Accept-Encoding]
      x-content-type-options: [nosniff]
      x-ms-hdi-matched-rule: [ClusterResourcesAndSubResources]
      x-ms-hdi-routed-to: [RegionalRp]
      x-ms-hdi-served-by: [eastus]
    status: {code: 200, message: OK}
- request:
    body: null
    headers:
      Accept: [application/json]
      Accept-Encoding: ['gzip, deflate']
      CommandName: [group delete]
      Connection: [keep-alive]
      Content-Length: ['0']
      Content-Type: [application/json; charset=utf-8]
      User-Agent: [python/2.7.12 (Windows-10-10.0.17134) requests/2.19.1 msrest/0.5.4
          msrest_azure/0.4.34 resourcemanagementclient/2.0.0 Azure-SDK-For-Python
          AZURECLI/2.0.45]
      accept-language: [en-US]
    method: DELETE
    uri: https://management.azure.com/subscriptions/00000000-0000-0000-0000-000000000000/resourcegroups/hdicli-000001?api-version=2018-05-01
  response:
    body: {string: !!python/unicode ''}
    headers:
      cache-control: [no-cache]
      content-length: ['0']
      date: ['Thu, 20 Sep 2018 03:56:07 GMT']
      expires: ['-1']
      location: ['https://management.azure.com/subscriptions/00000000-0000-0000-0000-000000000000/operationresults/eyJqb2JJZCI6IlJFU09VUkNFR1JPVVBERUxFVElPTkpPQi1IRElDTEk6MkQ0RURCMi1FQVNUVVMiLCJqb2JMb2NhdGlvbiI6ImVhc3R1cyJ9?api-version=2018-05-01']
      pragma: [no-cache]
      strict-transport-security: [max-age=31536000; includeSubDomains]
      x-content-type-options: [nosniff]
      x-ms-ratelimit-remaining-subscription-deletes: ['14999']
    status: {code: 202, message: Accepted}
version: 1
