interactions:
- request:
    body: '{"location": "northcentralus", "tags": {"product": "azurecli", "cause":
      "automation", "date": "2018-12-17T03:33:38Z"}}'
    headers:
      Accept: [application/json]
      Accept-Encoding: ['gzip, deflate']
      CommandName: [group create]
      Connection: [keep-alive]
      Content-Length: ['118']
      Content-Type: [application/json; charset=utf-8]
      ParameterSetName: [--location --name --tag]
      User-Agent: [python/3.7.1 (Windows-10-10.0.14393-SP0) msrest/0.6.1 msrest_azure/0.4.34
          resourcemanagementclient/2.0.0 Azure-SDK-For-Python AZURECLI/2.0.52]
      accept-language: [en-US]
    method: PUT
    uri: https://management.azure.com/subscriptions/00000000-0000-0000-0000-000000000000/resourcegroups/hdicli-000001?api-version=2018-05-01
  response:
    body: {string: '{"id":"/subscriptions/00000000-0000-0000-0000-000000000000/resourceGroups/hdicli-000001","name":"hdicli-000001","location":"northcentralus","tags":{"product":"azurecli","cause":"automation","date":"2018-12-17T03:33:38Z"},"properties":{"provisioningState":"Succeeded"}}'}
    headers:
      cache-control: [no-cache]
      content-length: ['266']
      content-type: [application/json; charset=utf-8]
      date: ['Mon, 17 Dec 2018 03:33:40 GMT']
      expires: ['-1']
      pragma: [no-cache]
      strict-transport-security: [max-age=31536000; includeSubDomains]
      x-content-type-options: [nosniff]
      x-ms-ratelimit-remaining-subscription-writes: ['1199']
    status: {code: 201, message: Created}
- request:
    body: '{"sku": {"name": "Standard_LRS"}, "kind": "Storage", "location": "northcentralus"}'
    headers:
      Accept: [application/json]
      Accept-Encoding: ['gzip, deflate']
      CommandName: [storage account create]
      Connection: [keep-alive]
      Content-Length: ['82']
      Content-Type: [application/json; charset=utf-8]
      ParameterSetName: [-n -g -l --sku]
      User-Agent: [python/3.7.1 (Windows-10-10.0.14393-SP0) msrest/0.6.1 msrest_azure/0.4.34
          azure-mgmt-storage/3.1.0 Azure-SDK-For-Python AZURECLI/2.0.52]
      accept-language: [en-US]
    method: PUT
    uri: https://management.azure.com/subscriptions/00000000-0000-0000-0000-000000000000/resourceGroups/hdicli-000001/providers/Microsoft.Storage/storageAccounts/hdicli000002?api-version=2018-07-01
  response:
    body: {string: ''}
    headers:
      cache-control: [no-cache]
      content-length: ['0']
      content-type: [text/plain; charset=utf-8]
      date: ['Mon, 17 Dec 2018 03:33:43 GMT']
      expires: ['-1']
      location: ['https://management.azure.com/subscriptions/00000000-0000-0000-0000-000000000000/providers/Microsoft.Storage/locations/northcentralus/asyncoperations/0f61f2e7-ffd2-465c-b6b8-85d4380a2e94?monitor=true&api-version=2018-07-01']
      pragma: [no-cache]
      server: ['Microsoft-Azure-Storage-Resource-Provider/1.0,Microsoft-HTTPAPI/2.0
          Microsoft-HTTPAPI/2.0']
      strict-transport-security: [max-age=31536000; includeSubDomains]
      x-content-type-options: [nosniff]
      x-ms-ratelimit-remaining-subscription-writes: ['1199']
    status: {code: 202, message: Accepted}
- request:
    body: null
    headers:
      Accept: [application/json]
      Accept-Encoding: ['gzip, deflate']
      CommandName: [storage account create]
      Connection: [keep-alive]
      ParameterSetName: [-n -g -l --sku]
      User-Agent: [python/3.7.1 (Windows-10-10.0.14393-SP0) msrest/0.6.1 msrest_azure/0.4.34
          azure-mgmt-storage/3.1.0 Azure-SDK-For-Python AZURECLI/2.0.52]
    method: GET
    uri: https://management.azure.com/subscriptions/00000000-0000-0000-0000-000000000000/providers/Microsoft.Storage/locations/northcentralus/asyncoperations/0f61f2e7-ffd2-465c-b6b8-85d4380a2e94?monitor=true&api-version=2018-07-01
  response:
    body: {string: '{"sku":{"name":"Standard_LRS","tier":"Standard"},"kind":"Storage","id":"/subscriptions/00000000-0000-0000-0000-000000000000/resourceGroups/hdicli-000001/providers/Microsoft.Storage/storageAccounts/hdicli000002","name":"hdicli000002","type":"Microsoft.Storage/storageAccounts","location":"northcentralus","tags":{},"properties":{"networkAcls":{"bypass":"AzureServices","virtualNetworkRules":[],"ipRules":[],"defaultAction":"Allow"},"supportsHttpsTrafficOnly":false,"encryption":{"services":{"file":{"enabled":true,"lastEnabledTime":"2018-12-17T03:33:43.1903200Z"},"blob":{"enabled":true,"lastEnabledTime":"2018-12-17T03:33:43.1903200Z"}},"keySource":"Microsoft.Storage"},"provisioningState":"Succeeded","creationTime":"2018-12-17T03:33:43.1121902Z","primaryEndpoints":{"blob":"https://hdicli000002.blob.core.windows.net/","queue":"https://hdicli000002.queue.core.windows.net/","table":"https://hdicli000002.table.core.windows.net/","file":"https://hdicli000002.file.core.windows.net/"},"primaryLocation":"northcentralus","statusOfPrimary":"available"}}'}
    headers:
      cache-control: [no-cache]
      content-length: ['1122']
      content-type: [application/json]
      date: ['Mon, 17 Dec 2018 03:34:00 GMT']
      expires: ['-1']
      pragma: [no-cache]
      server: ['Microsoft-Azure-Storage-Resource-Provider/1.0,Microsoft-HTTPAPI/2.0
          Microsoft-HTTPAPI/2.0']
      strict-transport-security: [max-age=31536000; includeSubDomains]
      transfer-encoding: [chunked]
      vary: [Accept-Encoding]
      x-content-type-options: [nosniff]
    status: {code: 200, message: OK}
- request:
    body: null
    headers:
      Accept: [application/json]
      Accept-Encoding: ['gzip, deflate']
      CommandName: [storage account keys list]
      Connection: [keep-alive]
      Content-Length: ['0']
      ParameterSetName: [-n -g --query -o]
      User-Agent: [python/3.7.1 (Windows-10-10.0.14393-SP0) msrest/0.6.1 msrest_azure/0.4.34
          azure-mgmt-storage/3.1.0 Azure-SDK-For-Python AZURECLI/2.0.52]
      accept-language: [en-US]
    method: POST
    uri: https://management.azure.com/subscriptions/00000000-0000-0000-0000-000000000000/resourceGroups/hdicli-000001/providers/Microsoft.Storage/storageAccounts/hdicli000002/listKeys?api-version=2018-07-01
  response:
    body: {string: '{"keys": [{"keyName": "key1", "value": "veryFakedStorageAccountKey==",
        "permissions": "FULL"}, {"keyName": "key2", "value": "veryFakedStorageAccountKey==",
        "permissions": "FULL"}]}'}
    headers:
      cache-control: [no-cache]
      content-length: ['288']
      content-type: [application/json]
      date: ['Mon, 17 Dec 2018 03:34:01 GMT']
      expires: ['-1']
      pragma: [no-cache]
      server: ['Microsoft-Azure-Storage-Resource-Provider/1.0,Microsoft-HTTPAPI/2.0
          Microsoft-HTTPAPI/2.0']
      strict-transport-security: [max-age=31536000; includeSubDomains]
      transfer-encoding: [chunked]
      vary: [Accept-Encoding]
      x-content-type-options: [nosniff]
      x-ms-ratelimit-remaining-subscription-writes: ['1199']
    status: {code: 200, message: OK}
- request:
    body: 'b''{"location": "northcentralus", "properties": {"clusterVersion": "default",
      "osType": "Linux", "clusterDefinition": {"kind": "kafka", "configurations":
      {"gateway": {"restAuthCredential.isEnabled": "true", "restAuthCredential.username":
      "admin", "restAuthCredential.password": "Password1!"}}}, "computeProfile": {"roles":
      [{"name": "headnode", "targetInstanceCount": 2, "hardwareProfile": {"vmSize":
      "large"}, "osProfile": {"linuxOperatingSystemProfile": {"username": "sshuser",
      "password": "Password1!"}}}, {"name": "workernode", "targetInstanceCount": 3,
      "hardwareProfile": {"vmSize": "large"}, "osProfile": {"linuxOperatingSystemProfile":
      {"username": "sshuser", "password": "Password1!"}}, "dataDisksGroups": [{"disksPerNode":
      4}]}]}, "storageProfile": {"storageaccounts": [{"name": "hdicli000002.blob.core.windows.net",
      "isDefault": true, "container": "default", "key": "e6P154yLvEkjwrzgimAEv0VZvga9yXGO7vDMMtHpktASUY2/tEJhPNwd7xOuDuCM6Qk5wNestj5tk0uVLTuyew=="}]}}}'''
    headers:
      Accept: [application/json]
      Accept-Encoding: ['gzip, deflate']
      CommandName: [hdinsight create]
      Connection: [keep-alive]
      Content-Length: ['980']
      Content-Type: [application/json; charset=utf-8]
      ParameterSetName: [-n -g -l -p -t --storage-account --storage-account-key --storage-default-container
          -t --workernode-data-disks-per-node --workernode-data-disk-storage-account-type
          --workernode-data-disk-size]
      User-Agent: [python/3.7.1 (Windows-10-10.0.14393-SP0) msrest/0.6.1 msrest_azure/0.4.34
          azure-mgmt-hdinsight/0.1.0 Azure-SDK-For-Python AZURECLI/2.0.52]
      accept-language: [en-US]
    method: PUT
    uri: https://management.azure.com/subscriptions/00000000-0000-0000-0000-000000000000/resourceGroups/hdicli-000001/providers/Microsoft.HDInsight/clusters/hdicli-000003?api-version=2015-03-01-preview
  response:
    body: {string: '{"id":"/subscriptions/00000000-0000-0000-0000-000000000000/resourceGroups/hdicli-000001/providers/Microsoft.HDInsight/clusters/hdicli-000003","name":"hdicli-000003","type":"Microsoft.HDInsight/clusters","location":"North
        Central US","etag":"1c8f5f4a-2bea-438e-9811-018b74e723d9","tags":null,"properties":{"clusterVersion":"3.6.1000.67","clusterHdpVersion":"","osType":"Linux","clusterDefinition":{"blueprint":"https://blueprints.azurehdinsight.net/kafka-3.6.1000.67.1812021626.json","kind":"kafka","componentVersion":{"kafka":"1.1"}},"computeProfile":{"roles":[{"name":"headnode","targetInstanceCount":2,"hardwareProfile":{"vmSize":"large"},"osProfile":{"linuxOperatingSystemProfile":{"username":"sshuser"}},"encryptDataDisks":false},{"name":"workernode","targetInstanceCount":3,"hardwareProfile":{"vmSize":"large"},"osProfile":{"linuxOperatingSystemProfile":{"username":"sshuser"}},"dataDisksGroups":[{"disksPerNode":4,"storageAccountType":"Standard_LRS","diskSizeGB":1023}],"encryptDataDisks":false}]},"provisioningState":"InProgress","clusterState":"Accepted","createdDate":"2018-12-17T03:34:07.12","quotaInfo":{"coresUsed":20},"tier":"standard"}}'}
    headers:
      azure-asyncoperation: ['https://management.azure.com/subscriptions/00000000-0000-0000-0000-000000000000/resourceGroups/hdicli-000001/providers/Microsoft.HDInsight/clusters/hdicli-000003/azureasyncoperations/create?api-version=2015-03-01-preview']
      cache-control: [no-cache]
      content-length: ['1155']
      content-type: [application/json; charset=utf-8]
      date: ['Mon, 17 Dec 2018 03:34:06 GMT']
      etag: ['"1c8f5f4a-2bea-438e-9811-018b74e723d9"']
      expires: ['-1']
      pragma: [no-cache]
      strict-transport-security: [max-age=31536000; includeSubDomains]
      transfer-encoding: [chunked]
      vary: [Accept-Encoding]
      x-content-type-options: [nosniff]
      x-ms-hdi-clusteruri: ['https://management.azure.com/subscriptions/964c10bb-8a6c-43bc-83d3-6b318c6c7305/resourceGroups/hdicli-dr4kv/providers/Microsoft.HDInsight/clusters/hdicli-wvoffkl3l?api-version=2015-03-01-preview']
      x-ms-hdi-matched-rule: [ClusterResourcesAndSubResources]
      x-ms-hdi-routed-to: [RegionalRp]
      x-ms-hdi-served-by: [northcentralus]
      x-ms-ratelimit-remaining-subscription-writes: ['1198']
    status: {code: 200, message: OK}
- request:
    body: null
    headers:
      Accept: [application/json]
      Accept-Encoding: ['gzip, deflate']
      CommandName: [hdinsight create]
      Connection: [keep-alive]
      ParameterSetName: [-n -g -l -p -t --storage-account --storage-account-key --storage-default-container
          -t --workernode-data-disks-per-node --workernode-data-disk-storage-account-type
          --workernode-data-disk-size]
      User-Agent: [python/3.7.1 (Windows-10-10.0.14393-SP0) msrest/0.6.1 msrest_azure/0.4.34
          azure-mgmt-hdinsight/0.1.0 Azure-SDK-For-Python AZURECLI/2.0.52]
    method: GET
    uri: https://management.azure.com/subscriptions/00000000-0000-0000-0000-000000000000/resourceGroups/hdicli-000001/providers/Microsoft.HDInsight/clusters/hdicli-000003/azureasyncoperations/create?api-version=2015-03-01-preview
  response:
    body: {string: '{"status":"InProgress"}'}
    headers:
      cache-control: [no-cache]
      content-length: ['23']
      content-type: [application/json; charset=utf-8]
      date: ['Mon, 17 Dec 2018 03:34:37 GMT']
      expires: ['-1']
      pragma: [no-cache]
      strict-transport-security: [max-age=31536000; includeSubDomains]
      transfer-encoding: [chunked]
      vary: [Accept-Encoding]
      x-content-type-options: [nosniff]
      x-ms-hdi-matched-rule: [ClusterResourcesAndSubResources]
      x-ms-hdi-routed-to: [RegionalRp]
      x-ms-hdi-served-by: [northcentralus]
    status: {code: 200, message: OK}
- request:
    body: null
    headers:
      Accept: [application/json]
      Accept-Encoding: ['gzip, deflate']
      CommandName: [hdinsight create]
      Connection: [keep-alive]
      ParameterSetName: [-n -g -l -p -t --storage-account --storage-account-key --storage-default-container
          -t --workernode-data-disks-per-node --workernode-data-disk-storage-account-type
          --workernode-data-disk-size]
      User-Agent: [python/3.7.1 (Windows-10-10.0.14393-SP0) msrest/0.6.1 msrest_azure/0.4.34
          azure-mgmt-hdinsight/0.1.0 Azure-SDK-For-Python AZURECLI/2.0.52]
    method: GET
    uri: https://management.azure.com/subscriptions/00000000-0000-0000-0000-000000000000/resourceGroups/hdicli-000001/providers/Microsoft.HDInsight/clusters/hdicli-000003/azureasyncoperations/create?api-version=2015-03-01-preview
  response:
    body: {string: '{"status":"InProgress"}'}
    headers:
      cache-control: [no-cache]
      content-length: ['23']
      content-type: [application/json; charset=utf-8]
      date: ['Mon, 17 Dec 2018 03:35:08 GMT']
      expires: ['-1']
      pragma: [no-cache]
      strict-transport-security: [max-age=31536000; includeSubDomains]
      transfer-encoding: [chunked]
      vary: [Accept-Encoding]
      x-content-type-options: [nosniff]
      x-ms-hdi-matched-rule: [ClusterResourcesAndSubResources]
      x-ms-hdi-routed-to: [RegionalRp]
      x-ms-hdi-served-by: [northcentralus]
    status: {code: 200, message: OK}
- request:
    body: null
    headers:
      Accept: [application/json]
      Accept-Encoding: ['gzip, deflate']
      CommandName: [hdinsight create]
      Connection: [keep-alive]
      ParameterSetName: [-n -g -l -p -t --storage-account --storage-account-key --storage-default-container
          -t --workernode-data-disks-per-node --workernode-data-disk-storage-account-type
          --workernode-data-disk-size]
      User-Agent: [python/3.7.1 (Windows-10-10.0.14393-SP0) msrest/0.6.1 msrest_azure/0.4.34
          azure-mgmt-hdinsight/0.1.0 Azure-SDK-For-Python AZURECLI/2.0.52]
    method: GET
    uri: https://management.azure.com/subscriptions/00000000-0000-0000-0000-000000000000/resourceGroups/hdicli-000001/providers/Microsoft.HDInsight/clusters/hdicli-000003/azureasyncoperations/create?api-version=2015-03-01-preview
  response:
    body: {string: '{"status":"InProgress"}'}
    headers:
      cache-control: [no-cache]
      content-length: ['23']
      content-type: [application/json; charset=utf-8]
      date: ['Mon, 17 Dec 2018 03:35:40 GMT']
      expires: ['-1']
      pragma: [no-cache]
      strict-transport-security: [max-age=31536000; includeSubDomains]
      transfer-encoding: [chunked]
      vary: [Accept-Encoding]
      x-content-type-options: [nosniff]
      x-ms-hdi-matched-rule: [ClusterResourcesAndSubResources]
      x-ms-hdi-routed-to: [RegionalRp]
      x-ms-hdi-served-by: [northcentralus]
    status: {code: 200, message: OK}
- request:
    body: null
    headers:
      Accept: [application/json]
      Accept-Encoding: ['gzip, deflate']
      CommandName: [hdinsight create]
      Connection: [keep-alive]
      ParameterSetName: [-n -g -l -p -t --storage-account --storage-account-key --storage-default-container
          -t --workernode-data-disks-per-node --workernode-data-disk-storage-account-type
          --workernode-data-disk-size]
      User-Agent: [python/3.7.1 (Windows-10-10.0.14393-SP0) msrest/0.6.1 msrest_azure/0.4.34
          azure-mgmt-hdinsight/0.1.0 Azure-SDK-For-Python AZURECLI/2.0.52]
    method: GET
    uri: https://management.azure.com/subscriptions/00000000-0000-0000-0000-000000000000/resourceGroups/hdicli-000001/providers/Microsoft.HDInsight/clusters/hdicli-000003/azureasyncoperations/create?api-version=2015-03-01-preview
  response:
    body: {string: '{"status":"InProgress"}'}
    headers:
      cache-control: [no-cache]
      content-length: ['23']
      content-type: [application/json; charset=utf-8]
      date: ['Mon, 17 Dec 2018 03:36:11 GMT']
      expires: ['-1']
      pragma: [no-cache]
      strict-transport-security: [max-age=31536000; includeSubDomains]
      transfer-encoding: [chunked]
      vary: [Accept-Encoding]
      x-content-type-options: [nosniff]
      x-ms-hdi-matched-rule: [ClusterResourcesAndSubResources]
      x-ms-hdi-routed-to: [RegionalRp]
      x-ms-hdi-served-by: [northcentralus]
    status: {code: 200, message: OK}
- request:
    body: null
    headers:
      Accept: [application/json]
      Accept-Encoding: ['gzip, deflate']
      CommandName: [hdinsight create]
      Connection: [keep-alive]
      ParameterSetName: [-n -g -l -p -t --storage-account --storage-account-key --storage-default-container
          -t --workernode-data-disks-per-node --workernode-data-disk-storage-account-type
          --workernode-data-disk-size]
      User-Agent: [python/3.7.1 (Windows-10-10.0.14393-SP0) msrest/0.6.1 msrest_azure/0.4.34
          azure-mgmt-hdinsight/0.1.0 Azure-SDK-For-Python AZURECLI/2.0.52]
    method: GET
    uri: https://management.azure.com/subscriptions/00000000-0000-0000-0000-000000000000/resourceGroups/hdicli-000001/providers/Microsoft.HDInsight/clusters/hdicli-000003/azureasyncoperations/create?api-version=2015-03-01-preview
  response:
    body: {string: '{"status":"InProgress"}'}
    headers:
      cache-control: [no-cache]
      content-length: ['23']
      content-type: [application/json; charset=utf-8]
      date: ['Mon, 17 Dec 2018 03:36:42 GMT']
      expires: ['-1']
      pragma: [no-cache]
      strict-transport-security: [max-age=31536000; includeSubDomains]
      transfer-encoding: [chunked]
      vary: [Accept-Encoding]
      x-content-type-options: [nosniff]
      x-ms-hdi-matched-rule: [ClusterResourcesAndSubResources]
      x-ms-hdi-routed-to: [RegionalRp]
      x-ms-hdi-served-by: [northcentralus]
    status: {code: 200, message: OK}
- request:
    body: null
    headers:
      Accept: [application/json]
      Accept-Encoding: ['gzip, deflate']
      CommandName: [hdinsight create]
      Connection: [keep-alive]
      ParameterSetName: [-n -g -l -p -t --storage-account --storage-account-key --storage-default-container
          -t --workernode-data-disks-per-node --workernode-data-disk-storage-account-type
          --workernode-data-disk-size]
      User-Agent: [python/3.7.1 (Windows-10-10.0.14393-SP0) msrest/0.6.1 msrest_azure/0.4.34
          azure-mgmt-hdinsight/0.1.0 Azure-SDK-For-Python AZURECLI/2.0.52]
    method: GET
    uri: https://management.azure.com/subscriptions/00000000-0000-0000-0000-000000000000/resourceGroups/hdicli-000001/providers/Microsoft.HDInsight/clusters/hdicli-000003/azureasyncoperations/create?api-version=2015-03-01-preview
  response:
    body: {string: '{"status":"InProgress"}'}
    headers:
      cache-control: [no-cache]
      content-length: ['23']
      content-type: [application/json; charset=utf-8]
      date: ['Mon, 17 Dec 2018 03:37:14 GMT']
      expires: ['-1']
      pragma: [no-cache]
      strict-transport-security: [max-age=31536000; includeSubDomains]
      transfer-encoding: [chunked]
      vary: [Accept-Encoding]
      x-content-type-options: [nosniff]
      x-ms-hdi-matched-rule: [ClusterResourcesAndSubResources]
      x-ms-hdi-routed-to: [RegionalRp]
      x-ms-hdi-served-by: [northcentralus]
    status: {code: 200, message: OK}
- request:
    body: null
    headers:
      Accept: [application/json]
      Accept-Encoding: ['gzip, deflate']
      CommandName: [hdinsight create]
      Connection: [keep-alive]
      ParameterSetName: [-n -g -l -p -t --storage-account --storage-account-key --storage-default-container
          -t --workernode-data-disks-per-node --workernode-data-disk-storage-account-type
          --workernode-data-disk-size]
      User-Agent: [python/3.7.1 (Windows-10-10.0.14393-SP0) msrest/0.6.1 msrest_azure/0.4.34
          azure-mgmt-hdinsight/0.1.0 Azure-SDK-For-Python AZURECLI/2.0.52]
    method: GET
    uri: https://management.azure.com/subscriptions/00000000-0000-0000-0000-000000000000/resourceGroups/hdicli-000001/providers/Microsoft.HDInsight/clusters/hdicli-000003/azureasyncoperations/create?api-version=2015-03-01-preview
  response:
    body: {string: '{"status":"InProgress"}'}
    headers:
      cache-control: [no-cache]
      content-length: ['23']
      content-type: [application/json; charset=utf-8]
      date: ['Mon, 17 Dec 2018 03:37:44 GMT']
      expires: ['-1']
      pragma: [no-cache]
      strict-transport-security: [max-age=31536000; includeSubDomains]
      transfer-encoding: [chunked]
      vary: [Accept-Encoding]
      x-content-type-options: [nosniff]
      x-ms-hdi-matched-rule: [ClusterResourcesAndSubResources]
      x-ms-hdi-routed-to: [RegionalRp]
      x-ms-hdi-served-by: [northcentralus]
    status: {code: 200, message: OK}
- request:
    body: null
    headers:
      Accept: [application/json]
      Accept-Encoding: ['gzip, deflate']
      CommandName: [hdinsight create]
      Connection: [keep-alive]
      ParameterSetName: [-n -g -l -p -t --storage-account --storage-account-key --storage-default-container
          -t --workernode-data-disks-per-node --workernode-data-disk-storage-account-type
          --workernode-data-disk-size]
      User-Agent: [python/3.7.1 (Windows-10-10.0.14393-SP0) msrest/0.6.1 msrest_azure/0.4.34
          azure-mgmt-hdinsight/0.1.0 Azure-SDK-For-Python AZURECLI/2.0.52]
    method: GET
    uri: https://management.azure.com/subscriptions/00000000-0000-0000-0000-000000000000/resourceGroups/hdicli-000001/providers/Microsoft.HDInsight/clusters/hdicli-000003/azureasyncoperations/create?api-version=2015-03-01-preview
  response:
    body: {string: '{"status":"InProgress"}'}
    headers:
      cache-control: [no-cache]
      content-length: ['23']
      content-type: [application/json; charset=utf-8]
      date: ['Mon, 17 Dec 2018 03:38:16 GMT']
      expires: ['-1']
      pragma: [no-cache]
      strict-transport-security: [max-age=31536000; includeSubDomains]
      transfer-encoding: [chunked]
      vary: [Accept-Encoding]
      x-content-type-options: [nosniff]
      x-ms-hdi-matched-rule: [ClusterResourcesAndSubResources]
      x-ms-hdi-routed-to: [RegionalRp]
      x-ms-hdi-served-by: [northcentralus]
    status: {code: 200, message: OK}
- request:
    body: null
    headers:
      Accept: [application/json]
      Accept-Encoding: ['gzip, deflate']
      CommandName: [hdinsight create]
      Connection: [keep-alive]
      ParameterSetName: [-n -g -l -p -t --storage-account --storage-account-key --storage-default-container
          -t --workernode-data-disks-per-node --workernode-data-disk-storage-account-type
          --workernode-data-disk-size]
      User-Agent: [python/3.7.1 (Windows-10-10.0.14393-SP0) msrest/0.6.1 msrest_azure/0.4.34
          azure-mgmt-hdinsight/0.1.0 Azure-SDK-For-Python AZURECLI/2.0.52]
    method: GET
    uri: https://management.azure.com/subscriptions/00000000-0000-0000-0000-000000000000/resourceGroups/hdicli-000001/providers/Microsoft.HDInsight/clusters/hdicli-000003/azureasyncoperations/create?api-version=2015-03-01-preview
  response:
    body: {string: '{"status":"InProgress"}'}
    headers:
      cache-control: [no-cache]
      content-length: ['23']
      content-type: [application/json; charset=utf-8]
      date: ['Mon, 17 Dec 2018 03:38:47 GMT']
      expires: ['-1']
      pragma: [no-cache]
      strict-transport-security: [max-age=31536000; includeSubDomains]
      transfer-encoding: [chunked]
      vary: [Accept-Encoding]
      x-content-type-options: [nosniff]
      x-ms-hdi-matched-rule: [ClusterResourcesAndSubResources]
      x-ms-hdi-routed-to: [RegionalRp]
      x-ms-hdi-served-by: [northcentralus]
    status: {code: 200, message: OK}
- request:
    body: null
    headers:
      Accept: [application/json]
      Accept-Encoding: ['gzip, deflate']
      CommandName: [hdinsight create]
      Connection: [keep-alive]
      ParameterSetName: [-n -g -l -p -t --storage-account --storage-account-key --storage-default-container
          -t --workernode-data-disks-per-node --workernode-data-disk-storage-account-type
          --workernode-data-disk-size]
      User-Agent: [python/3.7.1 (Windows-10-10.0.14393-SP0) msrest/0.6.1 msrest_azure/0.4.34
          azure-mgmt-hdinsight/0.1.0 Azure-SDK-For-Python AZURECLI/2.0.52]
    method: GET
    uri: https://management.azure.com/subscriptions/00000000-0000-0000-0000-000000000000/resourceGroups/hdicli-000001/providers/Microsoft.HDInsight/clusters/hdicli-000003/azureasyncoperations/create?api-version=2015-03-01-preview
  response:
    body: {string: '{"status":"InProgress"}'}
    headers:
      cache-control: [no-cache]
      content-length: ['23']
      content-type: [application/json; charset=utf-8]
      date: ['Mon, 17 Dec 2018 03:39:19 GMT']
      expires: ['-1']
      pragma: [no-cache]
      strict-transport-security: [max-age=31536000; includeSubDomains]
      transfer-encoding: [chunked]
      vary: [Accept-Encoding]
      x-content-type-options: [nosniff]
      x-ms-hdi-matched-rule: [ClusterResourcesAndSubResources]
      x-ms-hdi-routed-to: [RegionalRp]
      x-ms-hdi-served-by: [northcentralus]
    status: {code: 200, message: OK}
- request:
    body: null
    headers:
      Accept: [application/json]
      Accept-Encoding: ['gzip, deflate']
      CommandName: [hdinsight create]
      Connection: [keep-alive]
      ParameterSetName: [-n -g -l -p -t --storage-account --storage-account-key --storage-default-container
          -t --workernode-data-disks-per-node --workernode-data-disk-storage-account-type
          --workernode-data-disk-size]
      User-Agent: [python/3.7.1 (Windows-10-10.0.14393-SP0) msrest/0.6.1 msrest_azure/0.4.34
          azure-mgmt-hdinsight/0.1.0 Azure-SDK-For-Python AZURECLI/2.0.52]
    method: GET
    uri: https://management.azure.com/subscriptions/00000000-0000-0000-0000-000000000000/resourceGroups/hdicli-000001/providers/Microsoft.HDInsight/clusters/hdicli-000003/azureasyncoperations/create?api-version=2015-03-01-preview
  response:
    body: {string: '{"status":"InProgress"}'}
    headers:
      cache-control: [no-cache]
      content-length: ['23']
      content-type: [application/json; charset=utf-8]
      date: ['Mon, 17 Dec 2018 03:39:50 GMT']
      expires: ['-1']
      pragma: [no-cache]
      strict-transport-security: [max-age=31536000; includeSubDomains]
      transfer-encoding: [chunked]
      vary: [Accept-Encoding]
      x-content-type-options: [nosniff]
      x-ms-hdi-matched-rule: [ClusterResourcesAndSubResources]
      x-ms-hdi-routed-to: [RegionalRp]
      x-ms-hdi-served-by: [northcentralus]
    status: {code: 200, message: OK}
- request:
    body: null
    headers:
      Accept: [application/json]
      Accept-Encoding: ['gzip, deflate']
      CommandName: [hdinsight create]
      Connection: [keep-alive]
      ParameterSetName: [-n -g -l -p -t --storage-account --storage-account-key --storage-default-container
          -t --workernode-data-disks-per-node --workernode-data-disk-storage-account-type
          --workernode-data-disk-size]
      User-Agent: [python/3.7.1 (Windows-10-10.0.14393-SP0) msrest/0.6.1 msrest_azure/0.4.34
          azure-mgmt-hdinsight/0.1.0 Azure-SDK-For-Python AZURECLI/2.0.52]
    method: GET
    uri: https://management.azure.com/subscriptions/00000000-0000-0000-0000-000000000000/resourceGroups/hdicli-000001/providers/Microsoft.HDInsight/clusters/hdicli-000003/azureasyncoperations/create?api-version=2015-03-01-preview
  response:
    body: {string: '{"status":"InProgress"}'}
    headers:
      cache-control: [no-cache]
      content-length: ['23']
      content-type: [application/json; charset=utf-8]
      date: ['Mon, 17 Dec 2018 03:40:22 GMT']
      expires: ['-1']
      pragma: [no-cache]
      strict-transport-security: [max-age=31536000; includeSubDomains]
      transfer-encoding: [chunked]
      vary: [Accept-Encoding]
      x-content-type-options: [nosniff]
      x-ms-hdi-matched-rule: [ClusterResourcesAndSubResources]
      x-ms-hdi-routed-to: [RegionalRp]
      x-ms-hdi-served-by: [northcentralus]
    status: {code: 200, message: OK}
- request:
    body: null
    headers:
      Accept: [application/json]
      Accept-Encoding: ['gzip, deflate']
      CommandName: [hdinsight create]
      Connection: [keep-alive]
      ParameterSetName: [-n -g -l -p -t --storage-account --storage-account-key --storage-default-container
          -t --workernode-data-disks-per-node --workernode-data-disk-storage-account-type
          --workernode-data-disk-size]
      User-Agent: [python/3.7.1 (Windows-10-10.0.14393-SP0) msrest/0.6.1 msrest_azure/0.4.34
          azure-mgmt-hdinsight/0.1.0 Azure-SDK-For-Python AZURECLI/2.0.52]
    method: GET
    uri: https://management.azure.com/subscriptions/00000000-0000-0000-0000-000000000000/resourceGroups/hdicli-000001/providers/Microsoft.HDInsight/clusters/hdicli-000003/azureasyncoperations/create?api-version=2015-03-01-preview
  response:
    body: {string: '{"status":"InProgress"}'}
    headers:
      cache-control: [no-cache]
      content-length: ['23']
      content-type: [application/json; charset=utf-8]
      date: ['Mon, 17 Dec 2018 03:40:52 GMT']
      expires: ['-1']
      pragma: [no-cache]
      strict-transport-security: [max-age=31536000; includeSubDomains]
      transfer-encoding: [chunked]
      vary: [Accept-Encoding]
      x-content-type-options: [nosniff]
      x-ms-hdi-matched-rule: [ClusterResourcesAndSubResources]
      x-ms-hdi-routed-to: [RegionalRp]
      x-ms-hdi-served-by: [northcentralus]
    status: {code: 200, message: OK}
- request:
    body: null
    headers:
      Accept: [application/json]
      Accept-Encoding: ['gzip, deflate']
      CommandName: [hdinsight create]
      Connection: [keep-alive]
      ParameterSetName: [-n -g -l -p -t --storage-account --storage-account-key --storage-default-container
          -t --workernode-data-disks-per-node --workernode-data-disk-storage-account-type
          --workernode-data-disk-size]
      User-Agent: [python/3.7.1 (Windows-10-10.0.14393-SP0) msrest/0.6.1 msrest_azure/0.4.34
          azure-mgmt-hdinsight/0.1.0 Azure-SDK-For-Python AZURECLI/2.0.52]
    method: GET
    uri: https://management.azure.com/subscriptions/00000000-0000-0000-0000-000000000000/resourceGroups/hdicli-000001/providers/Microsoft.HDInsight/clusters/hdicli-000003/azureasyncoperations/create?api-version=2015-03-01-preview
  response:
    body: {string: '{"status":"InProgress"}'}
    headers:
      cache-control: [no-cache]
      content-length: ['23']
      content-type: [application/json; charset=utf-8]
      date: ['Mon, 17 Dec 2018 03:41:24 GMT']
      expires: ['-1']
      pragma: [no-cache]
      strict-transport-security: [max-age=31536000; includeSubDomains]
      transfer-encoding: [chunked]
      vary: [Accept-Encoding]
      x-content-type-options: [nosniff]
      x-ms-hdi-matched-rule: [ClusterResourcesAndSubResources]
      x-ms-hdi-routed-to: [RegionalRp]
      x-ms-hdi-served-by: [northcentralus]
    status: {code: 200, message: OK}
- request:
    body: null
    headers:
      Accept: [application/json]
      Accept-Encoding: ['gzip, deflate']
      CommandName: [hdinsight create]
      Connection: [keep-alive]
      ParameterSetName: [-n -g -l -p -t --storage-account --storage-account-key --storage-default-container
          -t --workernode-data-disks-per-node --workernode-data-disk-storage-account-type
          --workernode-data-disk-size]
      User-Agent: [python/3.7.1 (Windows-10-10.0.14393-SP0) msrest/0.6.1 msrest_azure/0.4.34
          azure-mgmt-hdinsight/0.1.0 Azure-SDK-For-Python AZURECLI/2.0.52]
    method: GET
    uri: https://management.azure.com/subscriptions/00000000-0000-0000-0000-000000000000/resourceGroups/hdicli-000001/providers/Microsoft.HDInsight/clusters/hdicli-000003/azureasyncoperations/create?api-version=2015-03-01-preview
  response:
    body: {string: '{"status":"InProgress"}'}
    headers:
      cache-control: [no-cache]
      content-length: ['23']
      content-type: [application/json; charset=utf-8]
      date: ['Mon, 17 Dec 2018 03:41:55 GMT']
      expires: ['-1']
      pragma: [no-cache]
      strict-transport-security: [max-age=31536000; includeSubDomains]
      transfer-encoding: [chunked]
      vary: [Accept-Encoding]
      x-content-type-options: [nosniff]
      x-ms-hdi-matched-rule: [ClusterResourcesAndSubResources]
      x-ms-hdi-routed-to: [RegionalRp]
      x-ms-hdi-served-by: [northcentralus]
    status: {code: 200, message: OK}
- request:
    body: null
    headers:
      Accept: [application/json]
      Accept-Encoding: ['gzip, deflate']
      CommandName: [hdinsight create]
      Connection: [keep-alive]
      ParameterSetName: [-n -g -l -p -t --storage-account --storage-account-key --storage-default-container
          -t --workernode-data-disks-per-node --workernode-data-disk-storage-account-type
          --workernode-data-disk-size]
      User-Agent: [python/3.7.1 (Windows-10-10.0.14393-SP0) msrest/0.6.1 msrest_azure/0.4.34
          azure-mgmt-hdinsight/0.1.0 Azure-SDK-For-Python AZURECLI/2.0.52]
    method: GET
    uri: https://management.azure.com/subscriptions/00000000-0000-0000-0000-000000000000/resourceGroups/hdicli-000001/providers/Microsoft.HDInsight/clusters/hdicli-000003/azureasyncoperations/create?api-version=2015-03-01-preview
  response:
    body: {string: '{"status":"InProgress"}'}
    headers:
      cache-control: [no-cache]
      content-length: ['23']
      content-type: [application/json; charset=utf-8]
      date: ['Mon, 17 Dec 2018 03:42:26 GMT']
      expires: ['-1']
      pragma: [no-cache]
      strict-transport-security: [max-age=31536000; includeSubDomains]
      transfer-encoding: [chunked]
      vary: [Accept-Encoding]
      x-content-type-options: [nosniff]
      x-ms-hdi-matched-rule: [ClusterResourcesAndSubResources]
      x-ms-hdi-routed-to: [RegionalRp]
      x-ms-hdi-served-by: [northcentralus]
    status: {code: 200, message: OK}
- request:
    body: null
    headers:
      Accept: [application/json]
      Accept-Encoding: ['gzip, deflate']
      CommandName: [hdinsight create]
      Connection: [keep-alive]
      ParameterSetName: [-n -g -l -p -t --storage-account --storage-account-key --storage-default-container
          -t --workernode-data-disks-per-node --workernode-data-disk-storage-account-type
          --workernode-data-disk-size]
      User-Agent: [python/3.7.1 (Windows-10-10.0.14393-SP0) msrest/0.6.1 msrest_azure/0.4.34
          azure-mgmt-hdinsight/0.1.0 Azure-SDK-For-Python AZURECLI/2.0.52]
    method: GET
    uri: https://management.azure.com/subscriptions/00000000-0000-0000-0000-000000000000/resourceGroups/hdicli-000001/providers/Microsoft.HDInsight/clusters/hdicli-000003/azureasyncoperations/create?api-version=2015-03-01-preview
  response:
    body: {string: '{"status":"InProgress"}'}
    headers:
      cache-control: [no-cache]
      content-length: ['23']
      content-type: [application/json; charset=utf-8]
      date: ['Mon, 17 Dec 2018 03:42:58 GMT']
      expires: ['-1']
      pragma: [no-cache]
      strict-transport-security: [max-age=31536000; includeSubDomains]
      transfer-encoding: [chunked]
      vary: [Accept-Encoding]
      x-content-type-options: [nosniff]
      x-ms-hdi-matched-rule: [ClusterResourcesAndSubResources]
      x-ms-hdi-routed-to: [RegionalRp]
      x-ms-hdi-served-by: [northcentralus]
    status: {code: 200, message: OK}
- request:
    body: null
    headers:
      Accept: [application/json]
      Accept-Encoding: ['gzip, deflate']
      CommandName: [hdinsight create]
      Connection: [keep-alive]
      ParameterSetName: [-n -g -l -p -t --storage-account --storage-account-key --storage-default-container
          -t --workernode-data-disks-per-node --workernode-data-disk-storage-account-type
          --workernode-data-disk-size]
      User-Agent: [python/3.7.1 (Windows-10-10.0.14393-SP0) msrest/0.6.1 msrest_azure/0.4.34
          azure-mgmt-hdinsight/0.1.0 Azure-SDK-For-Python AZURECLI/2.0.52]
    method: GET
    uri: https://management.azure.com/subscriptions/00000000-0000-0000-0000-000000000000/resourceGroups/hdicli-000001/providers/Microsoft.HDInsight/clusters/hdicli-000003/azureasyncoperations/create?api-version=2015-03-01-preview
  response:
    body: {string: '{"status":"InProgress"}'}
    headers:
      cache-control: [no-cache]
      content-length: ['23']
      content-type: [application/json; charset=utf-8]
      date: ['Mon, 17 Dec 2018 03:43:28 GMT']
      expires: ['-1']
      pragma: [no-cache]
      strict-transport-security: [max-age=31536000; includeSubDomains]
      transfer-encoding: [chunked]
      vary: [Accept-Encoding]
      x-content-type-options: [nosniff]
      x-ms-hdi-matched-rule: [ClusterResourcesAndSubResources]
      x-ms-hdi-routed-to: [RegionalRp]
      x-ms-hdi-served-by: [northcentralus]
    status: {code: 200, message: OK}
- request:
    body: null
    headers:
      Accept: [application/json]
      Accept-Encoding: ['gzip, deflate']
      CommandName: [hdinsight create]
      Connection: [keep-alive]
      ParameterSetName: [-n -g -l -p -t --storage-account --storage-account-key --storage-default-container
          -t --workernode-data-disks-per-node --workernode-data-disk-storage-account-type
          --workernode-data-disk-size]
      User-Agent: [python/3.7.1 (Windows-10-10.0.14393-SP0) msrest/0.6.1 msrest_azure/0.4.34
          azure-mgmt-hdinsight/0.1.0 Azure-SDK-For-Python AZURECLI/2.0.52]
    method: GET
    uri: https://management.azure.com/subscriptions/00000000-0000-0000-0000-000000000000/resourceGroups/hdicli-000001/providers/Microsoft.HDInsight/clusters/hdicli-000003/azureasyncoperations/create?api-version=2015-03-01-preview
  response:
    body: {string: '{"status":"InProgress"}'}
    headers:
      cache-control: [no-cache]
      content-length: ['23']
      content-type: [application/json; charset=utf-8]
      date: ['Mon, 17 Dec 2018 03:44:00 GMT']
      expires: ['-1']
      pragma: [no-cache]
      strict-transport-security: [max-age=31536000; includeSubDomains]
      transfer-encoding: [chunked]
      vary: [Accept-Encoding]
      x-content-type-options: [nosniff]
      x-ms-hdi-matched-rule: [ClusterResourcesAndSubResources]
      x-ms-hdi-routed-to: [RegionalRp]
      x-ms-hdi-served-by: [northcentralus]
    status: {code: 200, message: OK}
- request:
    body: null
    headers:
      Accept: [application/json]
      Accept-Encoding: ['gzip, deflate']
      CommandName: [hdinsight create]
      Connection: [keep-alive]
      ParameterSetName: [-n -g -l -p -t --storage-account --storage-account-key --storage-default-container
          -t --workernode-data-disks-per-node --workernode-data-disk-storage-account-type
          --workernode-data-disk-size]
      User-Agent: [python/3.7.1 (Windows-10-10.0.14393-SP0) msrest/0.6.1 msrest_azure/0.4.34
          azure-mgmt-hdinsight/0.1.0 Azure-SDK-For-Python AZURECLI/2.0.52]
    method: GET
    uri: https://management.azure.com/subscriptions/00000000-0000-0000-0000-000000000000/resourceGroups/hdicli-000001/providers/Microsoft.HDInsight/clusters/hdicli-000003/azureasyncoperations/create?api-version=2015-03-01-preview
  response:
    body: {string: '{"status":"Succeeded"}'}
    headers:
      cache-control: [no-cache]
      content-length: ['22']
      content-type: [application/json; charset=utf-8]
      date: ['Mon, 17 Dec 2018 03:44:31 GMT']
      expires: ['-1']
      pragma: [no-cache]
      strict-transport-security: [max-age=31536000; includeSubDomains]
      transfer-encoding: [chunked]
      vary: [Accept-Encoding]
      x-content-type-options: [nosniff]
      x-ms-hdi-matched-rule: [ClusterResourcesAndSubResources]
      x-ms-hdi-routed-to: [RegionalRp]
      x-ms-hdi-served-by: [northcentralus]
    status: {code: 200, message: OK}
- request:
    body: null
    headers:
      Accept: [application/json]
      Accept-Encoding: ['gzip, deflate']
      CommandName: [hdinsight create]
      Connection: [keep-alive]
      ParameterSetName: [-n -g -l -p -t --storage-account --storage-account-key --storage-default-container
          -t --workernode-data-disks-per-node --workernode-data-disk-storage-account-type
          --workernode-data-disk-size]
      User-Agent: [python/3.7.1 (Windows-10-10.0.14393-SP0) msrest/0.6.1 msrest_azure/0.4.34
          azure-mgmt-hdinsight/0.1.0 Azure-SDK-For-Python AZURECLI/2.0.52]
    method: GET
    uri: https://management.azure.com/subscriptions/00000000-0000-0000-0000-000000000000/resourceGroups/hdicli-000001/providers/Microsoft.HDInsight/clusters/hdicli-000003?api-version=2015-03-01-preview
  response:
    body: {string: '{"id":"/subscriptions/00000000-0000-0000-0000-000000000000/resourceGroups/hdicli-000001/providers/Microsoft.HDInsight/clusters/hdicli-000003","name":"hdicli-000003","type":"Microsoft.HDInsight/clusters","location":"North
        Central US","etag":"1c8f5f4a-2bea-438e-9811-018b74e723d9","tags":null,"properties":{"clusterVersion":"3.6.1000.67","clusterHdpVersion":"2.6.5.3005-23","osType":"Linux","clusterDefinition":{"blueprint":"https://blueprints.azurehdinsight.net/kafka-3.6.1000.67.1812021626.json","kind":"kafka","componentVersion":{"kafka":"1.1"}},"computeProfile":{"roles":[{"name":"headnode","targetInstanceCount":2,"hardwareProfile":{"vmSize":"large"},"osProfile":{"linuxOperatingSystemProfile":{"username":"sshuser"}},"encryptDataDisks":false},{"name":"workernode","targetInstanceCount":3,"hardwareProfile":{"vmSize":"large"},"osProfile":{"linuxOperatingSystemProfile":{"username":"sshuser"}},"dataDisksGroups":[{"disksPerNode":4,"storageAccountType":"Standard_LRS","diskSizeGB":1023}],"encryptDataDisks":false},{"name":"zookeepernode","targetInstanceCount":3,"hardwareProfile":{"vmSize":"Medium"},"osProfile":{"linuxOperatingSystemProfile":{"username":"sshuser"}},"encryptDataDisks":false}]},"provisioningState":"Succeeded","clusterState":"Running","createdDate":"2018-12-17T03:34:07.12","quotaInfo":{"coresUsed":20},"connectivityEndpoints":[{"name":"SSH","protocol":"TCP","location":"hdicli-000003-ssh.azurehdinsight.net","port":22},{"name":"HTTPS","protocol":"TCP","location":"hdicli-000003.azurehdinsight.net","port":443}],"tier":"standard"}}'}
    headers:
      cache-control: [no-cache]
      content-length: ['1560']
      content-type: [application/json; charset=utf-8]
      date: ['Mon, 17 Dec 2018 03:44:31 GMT']
      expires: ['-1']
      pragma: [no-cache]
      strict-transport-security: [max-age=31536000; includeSubDomains]
      transfer-encoding: [chunked]
      vary: [Accept-Encoding]
      x-content-type-options: [nosniff]
      x-ms-hdi-matched-rule: [ClusterResourcesAndSubResources]
      x-ms-hdi-routed-to: [RegionalRp]
      x-ms-hdi-served-by: [northcentralus]
    status: {code: 200, message: OK}
- request:
    body: null
    headers:
      Accept: [application/json]
      Accept-Encoding: ['gzip, deflate']
      CommandName: [hdinsight show]
      Connection: [keep-alive]
      ParameterSetName: [-n -g]
      User-Agent: [python/3.7.1 (Windows-10-10.0.14393-SP0) msrest/0.6.1 msrest_azure/0.4.34
          azure-mgmt-hdinsight/0.1.0 Azure-SDK-For-Python AZURECLI/2.0.52]
      accept-language: [en-US]
    method: GET
    uri: https://management.azure.com/subscriptions/00000000-0000-0000-0000-000000000000/resourceGroups/hdicli-000001/providers/Microsoft.HDInsight/clusters/hdicli-000003?api-version=2015-03-01-preview
  response:
    body: {string: '{"id":"/subscriptions/00000000-0000-0000-0000-000000000000/resourceGroups/hdicli-000001/providers/Microsoft.HDInsight/clusters/hdicli-000003","name":"hdicli-000003","type":"Microsoft.HDInsight/clusters","location":"North
        Central US","etag":"1c8f5f4a-2bea-438e-9811-018b74e723d9","tags":null,"properties":{"clusterVersion":"3.6.1000.67","clusterHdpVersion":"2.6.5.3005-23","osType":"Linux","clusterDefinition":{"blueprint":"https://blueprints.azurehdinsight.net/kafka-3.6.1000.67.1812021626.json","kind":"kafka","componentVersion":{"kafka":"1.1"}},"computeProfile":{"roles":[{"name":"headnode","targetInstanceCount":2,"hardwareProfile":{"vmSize":"large"},"osProfile":{"linuxOperatingSystemProfile":{"username":"sshuser"}},"encryptDataDisks":false},{"name":"workernode","targetInstanceCount":3,"hardwareProfile":{"vmSize":"large"},"osProfile":{"linuxOperatingSystemProfile":{"username":"sshuser"}},"dataDisksGroups":[{"disksPerNode":4,"storageAccountType":"Standard_LRS","diskSizeGB":1023}],"encryptDataDisks":false},{"name":"zookeepernode","targetInstanceCount":3,"hardwareProfile":{"vmSize":"Medium"},"osProfile":{"linuxOperatingSystemProfile":{"username":"sshuser"}},"encryptDataDisks":false}]},"provisioningState":"Succeeded","clusterState":"Running","createdDate":"2018-12-17T03:34:07.12","quotaInfo":{"coresUsed":20},"connectivityEndpoints":[{"name":"SSH","protocol":"TCP","location":"hdicli-000003-ssh.azurehdinsight.net","port":22},{"name":"HTTPS","protocol":"TCP","location":"hdicli-000003.azurehdinsight.net","port":443}],"tier":"standard"}}'}
    headers:
      cache-control: [no-cache]
      content-length: ['1560']
      content-type: [application/json; charset=utf-8]
      date: ['Mon, 17 Dec 2018 03:44:34 GMT']
      expires: ['-1']
      pragma: [no-cache]
      strict-transport-security: [max-age=31536000; includeSubDomains]
      transfer-encoding: [chunked]
      vary: [Accept-Encoding]
      x-content-type-options: [nosniff]
      x-ms-hdi-matched-rule: [ClusterResourcesAndSubResources]
      x-ms-hdi-routed-to: [RegionalRp]
      x-ms-hdi-served-by: [northcentralus]
    status: {code: 200, message: OK}
- request:
    body: null
    headers:
      Accept: [application/json]
      Accept-Encoding: ['gzip, deflate']
      CommandName: [group delete]
      Connection: [keep-alive]
      Content-Length: ['0']
      Content-Type: [application/json; charset=utf-8]
      ParameterSetName: [--name --yes --no-wait]
      User-Agent: [python/3.7.1 (Windows-10-10.0.14393-SP0) msrest/0.6.1 msrest_azure/0.4.34
          resourcemanagementclient/2.0.0 Azure-SDK-For-Python AZURECLI/2.0.52]
      accept-language: [en-US]
    method: DELETE
    uri: https://management.azure.com/subscriptions/00000000-0000-0000-0000-000000000000/resourcegroups/hdicli-000001?api-version=2018-05-01
  response:
    body: {string: ''}
    headers:
      cache-control: [no-cache]
      content-length: ['0']
      date: ['Mon, 17 Dec 2018 03:44:36 GMT']
      expires: ['-1']
      location: ['https://management.azure.com/subscriptions/00000000-0000-0000-0000-000000000000/operationresults/eyJqb2JJZCI6IlJFU09VUkNFR1JPVVBERUxFVElPTkpPQi1IRElDTEk6MkREUjRLVi1OT1JUSENFTlRSQUxVUyIsImpvYkxvY2F0aW9uIjoibm9ydGhjZW50cmFsdXMifQ?api-version=2018-05-01']
      pragma: [no-cache]
      strict-transport-security: [max-age=31536000; includeSubDomains]
      x-content-type-options: [nosniff]
      x-ms-ratelimit-remaining-subscription-deletes: ['14999']
    status: {code: 202, message: Accepted}
version: 1
