interactions:
- request:
    body: '{"location": "eastus2", "tags": {"product": "azurecli", "cause": "automation",
      "date": "2019-01-18T07:56:51Z"}}'
    headers:
      Accept: [application/json]
      Accept-Encoding: ['gzip, deflate']
      CommandName: [group create]
      Connection: [keep-alive]
      Content-Length: ['111']
      Content-Type: [application/json; charset=utf-8]
      ParameterSetName: [--location --name --tag]
      User-Agent: [python/3.7.1 (Windows-10-10.0.14393-SP0) msrest/0.6.1 msrest_azure/0.4.34
          resourcemanagementclient/2.0.0 Azure-SDK-For-Python AZURECLI/2.0.55]
      accept-language: [en-US]
    method: PUT
    uri: https://management.azure.com/subscriptions/00000000-0000-0000-0000-000000000000/resourcegroups/hdicli-000001?api-version=2018-05-01
  response:
    body: {string: '{"id":"/subscriptions/00000000-0000-0000-0000-000000000000/resourceGroups/hdicli-000001","name":"hdicli-000001","location":"eastus2","tags":{"product":"azurecli","cause":"automation","date":"2019-01-18T07:56:51Z"},"properties":{"provisioningState":"Succeeded"}}'}
    headers:
      cache-control: [no-cache]
      content-length: ['259']
      content-type: [application/json; charset=utf-8]
      date: ['Fri, 18 Jan 2019 07:56:57 GMT']
      expires: ['-1']
      pragma: [no-cache]
      strict-transport-security: [max-age=31536000; includeSubDomains]
      x-content-type-options: [nosniff]
      x-ms-ratelimit-remaining-subscription-writes: ['1199']
    status: {code: 201, message: Created}
- request:
    body: '{"sku": {"name": "Standard_LRS"}, "kind": "Storage", "location": "eastus2"}'
    headers:
      Accept: [application/json]
      Accept-Encoding: ['gzip, deflate']
      CommandName: [storage account create]
      Connection: [keep-alive]
      Content-Length: ['75']
      Content-Type: [application/json; charset=utf-8]
      ParameterSetName: [-n -g -l --sku]
      User-Agent: [python/3.7.1 (Windows-10-10.0.14393-SP0) msrest/0.6.1 msrest_azure/0.4.34
          azure-mgmt-storage/3.1.0 Azure-SDK-For-Python AZURECLI/2.0.55]
      accept-language: [en-US]
    method: PUT
    uri: https://management.azure.com/subscriptions/00000000-0000-0000-0000-000000000000/resourceGroups/hdicli-000001/providers/Microsoft.Storage/storageAccounts/hdicli000002?api-version=2018-07-01
  response:
    body: {string: ''}
    headers:
      cache-control: [no-cache]
      content-length: ['0']
      content-type: [text/plain; charset=utf-8]
      date: ['Fri, 18 Jan 2019 07:57:00 GMT']
      expires: ['-1']
      location: ['https://management.azure.com/subscriptions/00000000-0000-0000-0000-000000000000/providers/Microsoft.Storage/locations/eastus2/asyncoperations/49c83468-fc67-4260-b784-76cdaafa0304?monitor=true&api-version=2018-07-01']
      pragma: [no-cache]
      server: ['Microsoft-Azure-Storage-Resource-Provider/1.0,Microsoft-HTTPAPI/2.0
          Microsoft-HTTPAPI/2.0']
      strict-transport-security: [max-age=31536000; includeSubDomains]
      x-content-type-options: [nosniff]
      x-ms-ratelimit-remaining-subscription-writes: ['1199']
    status: {code: 202, message: Accepted}
- request:
    body: null
    headers:
      Accept: [application/json]
      Accept-Encoding: ['gzip, deflate']
      CommandName: [storage account create]
      Connection: [keep-alive]
      ParameterSetName: [-n -g -l --sku]
      User-Agent: [python/3.7.1 (Windows-10-10.0.14393-SP0) msrest/0.6.1 msrest_azure/0.4.34
          azure-mgmt-storage/3.1.0 Azure-SDK-For-Python AZURECLI/2.0.55]
    method: GET
    uri: https://management.azure.com/subscriptions/00000000-0000-0000-0000-000000000000/providers/Microsoft.Storage/locations/eastus2/asyncoperations/49c83468-fc67-4260-b784-76cdaafa0304?monitor=true&api-version=2018-07-01
  response:
    body: {string: '{"sku":{"name":"Standard_LRS","tier":"Standard"},"kind":"Storage","id":"/subscriptions/00000000-0000-0000-0000-000000000000/resourceGroups/hdicli-000001/providers/Microsoft.Storage/storageAccounts/hdicli000002","name":"hdicli000002","type":"Microsoft.Storage/storageAccounts","location":"eastus2","tags":{},"properties":{"networkAcls":{"bypass":"AzureServices","virtualNetworkRules":[],"ipRules":[],"defaultAction":"Allow"},"supportsHttpsTrafficOnly":false,"encryption":{"services":{"file":{"enabled":true,"lastEnabledTime":"2019-01-18T07:57:00.3243514Z"},"blob":{"enabled":true,"lastEnabledTime":"2019-01-18T07:57:00.3243514Z"}},"keySource":"Microsoft.Storage"},"provisioningState":"Succeeded","creationTime":"2019-01-18T07:57:00.2149586Z","primaryEndpoints":{"blob":"https://hdicli000002.blob.core.windows.net/","queue":"https://hdicli000002.queue.core.windows.net/","table":"https://hdicli000002.table.core.windows.net/","file":"https://hdicli000002.file.core.windows.net/"},"primaryLocation":"eastus2","statusOfPrimary":"available"}}'}
    headers:
      cache-control: [no-cache]
      content-length: ['1108']
      content-type: [application/json]
      date: ['Fri, 18 Jan 2019 07:57:17 GMT']
      expires: ['-1']
      pragma: [no-cache]
      server: ['Microsoft-Azure-Storage-Resource-Provider/1.0,Microsoft-HTTPAPI/2.0
          Microsoft-HTTPAPI/2.0']
      strict-transport-security: [max-age=31536000; includeSubDomains]
      transfer-encoding: [chunked]
      vary: [Accept-Encoding]
      x-content-type-options: [nosniff]
    status: {code: 200, message: OK}
- request:
    body: null
    headers:
      Accept: [application/json]
      Accept-Encoding: ['gzip, deflate']
      CommandName: [storage account keys list]
      Connection: [keep-alive]
      Content-Length: ['0']
      ParameterSetName: [-n -g --query -o]
      User-Agent: [python/3.7.1 (Windows-10-10.0.14393-SP0) msrest/0.6.1 msrest_azure/0.4.34
          azure-mgmt-storage/3.1.0 Azure-SDK-For-Python AZURECLI/2.0.55]
      accept-language: [en-US]
    method: POST
    uri: https://management.azure.com/subscriptions/00000000-0000-0000-0000-000000000000/resourceGroups/hdicli-000001/providers/Microsoft.Storage/storageAccounts/hdicli000002/listKeys?api-version=2018-07-01
  response:
    body: {string: '{"keys":[{"keyName":"key1","value":"veryFakedStorageAccountKey==","permissions":"FULL"},{"keyName":"key2","value":"veryFakedStorageAccountKey==","permissions":"FULL"}]}'}
    headers:
      cache-control: [no-cache]
      content-length: ['288']
      content-type: [application/json]
      date: ['Fri, 18 Jan 2019 07:57:19 GMT']
      expires: ['-1']
      pragma: [no-cache]
      server: ['Microsoft-Azure-Storage-Resource-Provider/1.0,Microsoft-HTTPAPI/2.0
          Microsoft-HTTPAPI/2.0']
      strict-transport-security: [max-age=31536000; includeSubDomains]
      transfer-encoding: [chunked]
      vary: [Accept-Encoding]
      x-content-type-options: [nosniff]
      x-ms-ratelimit-remaining-subscription-writes: ['1199']
    status: {code: 200, message: OK}
- request:
    body: null
    headers:
      Accept: [application/json]
      Accept-Encoding: ['gzip, deflate']
      CommandName: [hdinsight create]
      Connection: [keep-alive]
      ParameterSetName: [-n -g -l -p -t --storage-account --storage-default-container
          --ssh-user --ssh-password]
      User-Agent: [python/3.7.1 (Windows-10-10.0.14393-SP0) msrest/0.6.1 msrest_azure/0.4.34
          azure-mgmt-storage/3.1.0 Azure-SDK-For-Python AZURECLI/2.0.55]
      accept-language: [en-US]
    method: GET
    uri: https://management.azure.com/subscriptions/00000000-0000-0000-0000-000000000000/resourceGroups/hdicli-000001/providers/Microsoft.Storage/storageAccounts/hdicli000002?api-version=2018-07-01
  response:
    body: {string: '{"sku":{"name":"Standard_LRS","tier":"Standard"},"kind":"Storage","id":"/subscriptions/00000000-0000-0000-0000-000000000000/resourceGroups/hdicli-000001/providers/Microsoft.Storage/storageAccounts/hdicli000002","name":"hdicli000002","type":"Microsoft.Storage/storageAccounts","location":"eastus2","tags":{},"properties":{"networkAcls":{"bypass":"AzureServices","virtualNetworkRules":[],"ipRules":[],"defaultAction":"Allow"},"supportsHttpsTrafficOnly":false,"encryption":{"services":{"file":{"enabled":true,"lastEnabledTime":"2019-01-18T07:57:00.3243514Z"},"blob":{"enabled":true,"lastEnabledTime":"2019-01-18T07:57:00.3243514Z"}},"keySource":"Microsoft.Storage"},"provisioningState":"Succeeded","creationTime":"2019-01-18T07:57:00.2149586Z","primaryEndpoints":{"blob":"https://hdicli000002.blob.core.windows.net/","queue":"https://hdicli000002.queue.core.windows.net/","table":"https://hdicli000002.table.core.windows.net/","file":"https://hdicli000002.file.core.windows.net/"},"primaryLocation":"eastus2","statusOfPrimary":"available"}}'}
    headers:
      cache-control: [no-cache]
      content-length: ['1108']
      content-type: [application/json]
      date: ['Fri, 18 Jan 2019 07:57:20 GMT']
      expires: ['-1']
      pragma: [no-cache]
      server: ['Microsoft-Azure-Storage-Resource-Provider/1.0,Microsoft-HTTPAPI/2.0
          Microsoft-HTTPAPI/2.0']
      strict-transport-security: [max-age=31536000; includeSubDomains]
      transfer-encoding: [chunked]
      vary: [Accept-Encoding]
      x-content-type-options: [nosniff]
    status: {code: 200, message: OK}
- request:
    body: null
    headers:
      Accept: [application/json]
      Accept-Encoding: ['gzip, deflate']
      CommandName: [hdinsight create]
      Connection: [keep-alive]
      Content-Length: ['0']
      ParameterSetName: [-n -g -l -p -t --storage-account --storage-default-container
          --ssh-user --ssh-password]
      User-Agent: [python/3.7.1 (Windows-10-10.0.14393-SP0) msrest/0.6.1 msrest_azure/0.4.34
          azure-mgmt-storage/3.1.0 Azure-SDK-For-Python AZURECLI/2.0.55]
      accept-language: [en-US]
    method: POST
    uri: https://management.azure.com/subscriptions/00000000-0000-0000-0000-000000000000/resourceGroups/hdicli-000001/providers/Microsoft.Storage/storageAccounts/hdicli000002/listKeys?api-version=2018-07-01
  response:
    body: {string: '{"keys":[{"keyName":"key1","value":"veryFakedStorageAccountKey==","permissions":"FULL"},{"keyName":"key2","value":"veryFakedStorageAccountKey==","permissions":"FULL"}]}'}
    headers:
      cache-control: [no-cache]
      content-length: ['288']
      content-type: [application/json]
      date: ['Fri, 18 Jan 2019 07:57:21 GMT']
      expires: ['-1']
      pragma: [no-cache]
      server: ['Microsoft-Azure-Storage-Resource-Provider/1.0,Microsoft-HTTPAPI/2.0
          Microsoft-HTTPAPI/2.0']
      strict-transport-security: [max-age=31536000; includeSubDomains]
      transfer-encoding: [chunked]
      vary: [Accept-Encoding]
      x-content-type-options: [nosniff]
      x-ms-ratelimit-remaining-subscription-writes: ['1199']
    status: {code: 200, message: OK}
- request:
    body: 'b''{"location": "eastus2", "properties": {"clusterVersion": "default",
      "osType": "Linux", "clusterDefinition": {"kind": "spark", "configurations":
      {"gateway": {"restAuthCredential.isEnabled": "true", "restAuthCredential.username":
      "admin", "restAuthCredential.password": "Password1!"}}}, "computeProfile": {"roles":
      [{"name": "headnode", "targetInstanceCount": 2, "hardwareProfile": {"vmSize":
      "large"}, "osProfile": {"linuxOperatingSystemProfile": {"username": "sshuser",
      "password": "Password1!"}}}, {"name": "workernode", "targetInstanceCount": 3,
      "hardwareProfile": {"vmSize": "large"}, "osProfile": {"linuxOperatingSystemProfile":
      {"username": "sshuser", "password": "Password1!"}}}]}, "storageProfile": {"storageaccounts":
      [{"name": "hdicli000002.blob.core.windows.net", "isDefault": true, "container":
      "default", "key": "veryFakedStorageAccountKey=="}]}}, "identity": {"type": "SystemAssigned"}}'''
    headers:
      Accept: [application/json]
      Accept-Encoding: ['gzip, deflate']
      CommandName: [hdinsight create]
      Connection: [keep-alive]
      Content-Length: ['971']
      Content-Type: [application/json; charset=utf-8]
      ParameterSetName: [-n -g -l -p -t --storage-account --storage-default-container
          --ssh-user --ssh-password]
      User-Agent: [python/3.7.1 (Windows-10-10.0.14393-SP0) msrest/0.6.1 msrest_azure/0.4.34
          azure-mgmt-hdinsight/0.2.0 Azure-SDK-For-Python AZURECLI/2.0.55]
      accept-language: [en-US]
    method: PUT
    uri: https://management.azure.com/subscriptions/00000000-0000-0000-0000-000000000000/resourceGroups/hdicli-000001/providers/Microsoft.HDInsight/clusters/hdicli-000003?api-version=2018-06-01-preview
  response:
    body: {string: '{"id":"/subscriptions/00000000-0000-0000-0000-000000000000/resourceGroups/hdicli-000001/providers/Microsoft.HDInsight/clusters/hdicli-000003","name":"hdicli-000003","type":"Microsoft.HDInsight/clusters","location":"East
        US 2","etag":"33da797a-5873-42fd-9344-a6f82c739042","tags":null,"properties":{"clusterVersion":"3.6.1000.67","clusterHdpVersion":"","osType":"Linux","clusterDefinition":{"blueprint":"https://blueprints.azurehdinsight.net/spark-3.6.1000.67.1812120705.json","kind":"spark","componentVersion":{"spark":"2.3"}},"computeProfile":{"roles":[{"name":"headnode","targetInstanceCount":2,"hardwareProfile":{"vmSize":"large"},"osProfile":{"linuxOperatingSystemProfile":{"username":"sshuser"}},"encryptDataDisks":false},{"name":"workernode","targetInstanceCount":3,"hardwareProfile":{"vmSize":"large"},"osProfile":{"linuxOperatingSystemProfile":{"username":"sshuser"}},"encryptDataDisks":false}]},"provisioningState":"InProgress","clusterState":"Accepted","createdDate":"2019-01-18T07:57:45.333","quotaInfo":{"coresUsed":20},"tier":"standard"},"identity":{"type":"SystemAssigned","principalId":"00cfa6be-53e8-48c6-bc43-0230282460e0","tenantId":"72f988bf-86f1-41af-91ab-2d7cd011db47","userAssignedIdentities":{}}}'}
    headers:
      azure-asyncoperation: ['https://management.azure.com:443/subscriptions/00000000-0000-0000-0000-000000000000/resourceGroups/hdicli-000001/providers/Microsoft.HDInsight/clusters/hdicli-000003/azureasyncoperations/create?api-version=2018-06-01-preview']
      cache-control: [no-cache]
      content-length: ['1224']
      content-type: [application/json; charset=utf-8]
      date: ['Fri, 18 Jan 2019 07:57:45 GMT']
      etag: ['"33da797a-5873-42fd-9344-a6f82c739042"']
      expires: ['-1']
      pragma: [no-cache]
      strict-transport-security: [max-age=31536000; includeSubDomains]
      transfer-encoding: [chunked]
      vary: [Accept-Encoding]
      x-content-type-options: [nosniff]
      x-ms-hdi-clusteruri: ['https://management.azure.com/subscriptions/964c10bb-8a6c-43bc-83d3-6b318c6c7305/resourceGroups/hdicli-kr4m2/providers/Microsoft.HDInsight/clusters/hdicli-dhc2ujfp4?api-version=2018-06-01-preview']
      x-ms-hdi-served-by: [global]
      x-ms-ratelimit-remaining-subscription-writes: ['1199']
    status: {code: 200, message: OK}
- request:
    body: null
    headers:
      Accept: [application/json]
      Accept-Encoding: ['gzip, deflate']
      CommandName: [hdinsight create]
      Connection: [keep-alive]
      ParameterSetName: [-n -g -l -p -t --storage-account --storage-default-container
          --ssh-user --ssh-password]
      User-Agent: [python/3.7.1 (Windows-10-10.0.14393-SP0) msrest/0.6.1 msrest_azure/0.4.34
          azure-mgmt-hdinsight/0.2.0 Azure-SDK-For-Python AZURECLI/2.0.55]
    method: GET
    uri: https://management.azure.com/subscriptions/00000000-0000-0000-0000-000000000000/resourceGroups/hdicli-000001/providers/Microsoft.HDInsight/clusters/hdicli-000003/azureasyncoperations/create?api-version=2018-06-01-preview
  response:
    body: {string: '{"status":"InProgress"}'}
    headers:
      cache-control: [no-cache]
      content-length: ['23']
      content-type: [application/json; charset=utf-8]
      date: ['Fri, 18 Jan 2019 07:58:17 GMT']
      expires: ['-1']
      pragma: [no-cache]
      strict-transport-security: [max-age=31536000; includeSubDomains]
      transfer-encoding: [chunked]
      vary: [Accept-Encoding]
      x-content-type-options: [nosniff]
      x-ms-hdi-served-by: [global]
    status: {code: 200, message: OK}
- request:
    body: null
    headers:
      Accept: [application/json]
      Accept-Encoding: ['gzip, deflate']
      CommandName: [hdinsight create]
      Connection: [keep-alive]
      ParameterSetName: [-n -g -l -p -t --storage-account --storage-default-container
          --ssh-user --ssh-password]
      User-Agent: [python/3.7.1 (Windows-10-10.0.14393-SP0) msrest/0.6.1 msrest_azure/0.4.34
          azure-mgmt-hdinsight/0.2.0 Azure-SDK-For-Python AZURECLI/2.0.55]
    method: GET
    uri: https://management.azure.com/subscriptions/00000000-0000-0000-0000-000000000000/resourceGroups/hdicli-000001/providers/Microsoft.HDInsight/clusters/hdicli-000003/azureasyncoperations/create?api-version=2018-06-01-preview
  response:
    body: {string: '{"status":"InProgress"}'}
    headers:
      cache-control: [no-cache]
      content-length: ['23']
      content-type: [application/json; charset=utf-8]
      date: ['Fri, 18 Jan 2019 07:58:48 GMT']
      expires: ['-1']
      pragma: [no-cache]
      strict-transport-security: [max-age=31536000; includeSubDomains]
      transfer-encoding: [chunked]
      vary: [Accept-Encoding]
      x-content-type-options: [nosniff]
      x-ms-hdi-served-by: [global]
    status: {code: 200, message: OK}
- request:
    body: null
    headers:
      Accept: [application/json]
      Accept-Encoding: ['gzip, deflate']
      CommandName: [hdinsight create]
      Connection: [keep-alive]
      ParameterSetName: [-n -g -l -p -t --storage-account --storage-default-container
          --ssh-user --ssh-password]
      User-Agent: [python/3.7.1 (Windows-10-10.0.14393-SP0) msrest/0.6.1 msrest_azure/0.4.34
          azure-mgmt-hdinsight/0.2.0 Azure-SDK-For-Python AZURECLI/2.0.55]
    method: GET
    uri: https://management.azure.com/subscriptions/00000000-0000-0000-0000-000000000000/resourceGroups/hdicli-000001/providers/Microsoft.HDInsight/clusters/hdicli-000003/azureasyncoperations/create?api-version=2018-06-01-preview
  response:
    body: {string: '{"status":"InProgress"}'}
    headers:
      cache-control: [no-cache]
      content-length: ['23']
      content-type: [application/json; charset=utf-8]
      date: ['Fri, 18 Jan 2019 07:59:19 GMT']
      expires: ['-1']
      pragma: [no-cache]
      strict-transport-security: [max-age=31536000; includeSubDomains]
      transfer-encoding: [chunked]
      vary: [Accept-Encoding]
      x-content-type-options: [nosniff]
      x-ms-hdi-served-by: [global]
    status: {code: 200, message: OK}
- request:
    body: null
    headers:
      Accept: [application/json]
      Accept-Encoding: ['gzip, deflate']
      CommandName: [hdinsight create]
      Connection: [keep-alive]
      ParameterSetName: [-n -g -l -p -t --storage-account --storage-default-container
          --ssh-user --ssh-password]
      User-Agent: [python/3.7.1 (Windows-10-10.0.14393-SP0) msrest/0.6.1 msrest_azure/0.4.34
          azure-mgmt-hdinsight/0.2.0 Azure-SDK-For-Python AZURECLI/2.0.55]
    method: GET
    uri: https://management.azure.com/subscriptions/00000000-0000-0000-0000-000000000000/resourceGroups/hdicli-000001/providers/Microsoft.HDInsight/clusters/hdicli-000003/azureasyncoperations/create?api-version=2018-06-01-preview
  response:
    body: {string: '{"status":"InProgress"}'}
    headers:
      cache-control: [no-cache]
      content-length: ['23']
      content-type: [application/json; charset=utf-8]
      date: ['Fri, 18 Jan 2019 07:59:50 GMT']
      expires: ['-1']
      pragma: [no-cache]
      strict-transport-security: [max-age=31536000; includeSubDomains]
      transfer-encoding: [chunked]
      vary: [Accept-Encoding]
      x-content-type-options: [nosniff]
      x-ms-hdi-served-by: [global]
    status: {code: 200, message: OK}
- request:
    body: null
    headers:
      Accept: [application/json]
      Accept-Encoding: ['gzip, deflate']
      CommandName: [hdinsight create]
      Connection: [keep-alive]
      ParameterSetName: [-n -g -l -p -t --storage-account --storage-default-container
          --ssh-user --ssh-password]
      User-Agent: [python/3.7.1 (Windows-10-10.0.14393-SP0) msrest/0.6.1 msrest_azure/0.4.34
          azure-mgmt-hdinsight/0.2.0 Azure-SDK-For-Python AZURECLI/2.0.55]
    method: GET
    uri: https://management.azure.com/subscriptions/00000000-0000-0000-0000-000000000000/resourceGroups/hdicli-000001/providers/Microsoft.HDInsight/clusters/hdicli-000003/azureasyncoperations/create?api-version=2018-06-01-preview
  response:
    body: {string: '{"status":"InProgress"}'}
    headers:
      cache-control: [no-cache]
      content-length: ['23']
      content-type: [application/json; charset=utf-8]
      date: ['Fri, 18 Jan 2019 08:00:21 GMT']
      expires: ['-1']
      pragma: [no-cache]
      strict-transport-security: [max-age=31536000; includeSubDomains]
      transfer-encoding: [chunked]
      vary: [Accept-Encoding]
      x-content-type-options: [nosniff]
      x-ms-hdi-served-by: [global]
    status: {code: 200, message: OK}
- request:
    body: null
    headers:
      Accept: [application/json]
      Accept-Encoding: ['gzip, deflate']
      CommandName: [hdinsight create]
      Connection: [keep-alive]
      ParameterSetName: [-n -g -l -p -t --storage-account --storage-default-container
          --ssh-user --ssh-password]
      User-Agent: [python/3.7.1 (Windows-10-10.0.14393-SP0) msrest/0.6.1 msrest_azure/0.4.34
          azure-mgmt-hdinsight/0.2.0 Azure-SDK-For-Python AZURECLI/2.0.55]
    method: GET
    uri: https://management.azure.com/subscriptions/00000000-0000-0000-0000-000000000000/resourceGroups/hdicli-000001/providers/Microsoft.HDInsight/clusters/hdicli-000003/azureasyncoperations/create?api-version=2018-06-01-preview
  response:
    body: {string: '{"status":"InProgress"}'}
    headers:
      cache-control: [no-cache]
      content-length: ['23']
      content-type: [application/json; charset=utf-8]
      date: ['Fri, 18 Jan 2019 08:00:52 GMT']
      expires: ['-1']
      pragma: [no-cache]
      strict-transport-security: [max-age=31536000; includeSubDomains]
      transfer-encoding: [chunked]
      vary: [Accept-Encoding]
      x-content-type-options: [nosniff]
      x-ms-hdi-served-by: [global]
    status: {code: 200, message: OK}
- request:
    body: null
    headers:
      Accept: [application/json]
      Accept-Encoding: ['gzip, deflate']
      CommandName: [hdinsight create]
      Connection: [keep-alive]
      ParameterSetName: [-n -g -l -p -t --storage-account --storage-default-container
          --ssh-user --ssh-password]
      User-Agent: [python/3.7.1 (Windows-10-10.0.14393-SP0) msrest/0.6.1 msrest_azure/0.4.34
          azure-mgmt-hdinsight/0.2.0 Azure-SDK-For-Python AZURECLI/2.0.55]
    method: GET
    uri: https://management.azure.com/subscriptions/00000000-0000-0000-0000-000000000000/resourceGroups/hdicli-000001/providers/Microsoft.HDInsight/clusters/hdicli-000003/azureasyncoperations/create?api-version=2018-06-01-preview
  response:
    body: {string: '{"status":"InProgress"}'}
    headers:
      cache-control: [no-cache]
      content-length: ['23']
      content-type: [application/json; charset=utf-8]
      date: ['Fri, 18 Jan 2019 08:01:23 GMT']
      expires: ['-1']
      pragma: [no-cache]
      strict-transport-security: [max-age=31536000; includeSubDomains]
      transfer-encoding: [chunked]
      vary: [Accept-Encoding]
      x-content-type-options: [nosniff]
      x-ms-hdi-served-by: [global]
    status: {code: 200, message: OK}
- request:
    body: null
    headers:
      Accept: [application/json]
      Accept-Encoding: ['gzip, deflate']
      CommandName: [hdinsight create]
      Connection: [keep-alive]
      ParameterSetName: [-n -g -l -p -t --storage-account --storage-default-container
          --ssh-user --ssh-password]
      User-Agent: [python/3.7.1 (Windows-10-10.0.14393-SP0) msrest/0.6.1 msrest_azure/0.4.34
          azure-mgmt-hdinsight/0.2.0 Azure-SDK-For-Python AZURECLI/2.0.55]
    method: GET
    uri: https://management.azure.com/subscriptions/00000000-0000-0000-0000-000000000000/resourceGroups/hdicli-000001/providers/Microsoft.HDInsight/clusters/hdicli-000003/azureasyncoperations/create?api-version=2018-06-01-preview
  response:
    body: {string: '{"status":"InProgress"}'}
    headers:
      cache-control: [no-cache]
      content-length: ['23']
      content-type: [application/json; charset=utf-8]
      date: ['Fri, 18 Jan 2019 08:01:54 GMT']
      expires: ['-1']
      pragma: [no-cache]
      strict-transport-security: [max-age=31536000; includeSubDomains]
      transfer-encoding: [chunked]
      vary: [Accept-Encoding]
      x-content-type-options: [nosniff]
      x-ms-hdi-served-by: [global]
    status: {code: 200, message: OK}
- request:
    body: null
    headers:
      Accept: [application/json]
      Accept-Encoding: ['gzip, deflate']
      CommandName: [hdinsight create]
      Connection: [keep-alive]
      ParameterSetName: [-n -g -l -p -t --storage-account --storage-default-container
          --ssh-user --ssh-password]
      User-Agent: [python/3.7.1 (Windows-10-10.0.14393-SP0) msrest/0.6.1 msrest_azure/0.4.34
          azure-mgmt-hdinsight/0.2.0 Azure-SDK-For-Python AZURECLI/2.0.55]
    method: GET
    uri: https://management.azure.com/subscriptions/00000000-0000-0000-0000-000000000000/resourceGroups/hdicli-000001/providers/Microsoft.HDInsight/clusters/hdicli-000003/azureasyncoperations/create?api-version=2018-06-01-preview
  response:
    body: {string: '{"status":"InProgress"}'}
    headers:
      cache-control: [no-cache]
      content-length: ['23']
      content-type: [application/json; charset=utf-8]
      date: ['Fri, 18 Jan 2019 08:02:25 GMT']
      expires: ['-1']
      pragma: [no-cache]
      strict-transport-security: [max-age=31536000; includeSubDomains]
      transfer-encoding: [chunked]
      vary: [Accept-Encoding]
      x-content-type-options: [nosniff]
      x-ms-hdi-served-by: [global]
    status: {code: 200, message: OK}
- request:
    body: null
    headers:
      Accept: [application/json]
      Accept-Encoding: ['gzip, deflate']
      CommandName: [hdinsight create]
      Connection: [keep-alive]
      ParameterSetName: [-n -g -l -p -t --storage-account --storage-default-container
          --ssh-user --ssh-password]
      User-Agent: [python/3.7.1 (Windows-10-10.0.14393-SP0) msrest/0.6.1 msrest_azure/0.4.34
          azure-mgmt-hdinsight/0.2.0 Azure-SDK-For-Python AZURECLI/2.0.55]
    method: GET
    uri: https://management.azure.com/subscriptions/00000000-0000-0000-0000-000000000000/resourceGroups/hdicli-000001/providers/Microsoft.HDInsight/clusters/hdicli-000003/azureasyncoperations/create?api-version=2018-06-01-preview
  response:
    body: {string: '{"status":"InProgress"}'}
    headers:
      cache-control: [no-cache]
      content-length: ['23']
      content-type: [application/json; charset=utf-8]
      date: ['Fri, 18 Jan 2019 08:02:56 GMT']
      expires: ['-1']
      pragma: [no-cache]
      strict-transport-security: [max-age=31536000; includeSubDomains]
      transfer-encoding: [chunked]
      vary: [Accept-Encoding]
      x-content-type-options: [nosniff]
      x-ms-hdi-served-by: [global]
    status: {code: 200, message: OK}
- request:
    body: null
    headers:
      Accept: [application/json]
      Accept-Encoding: ['gzip, deflate']
      CommandName: [hdinsight create]
      Connection: [keep-alive]
      ParameterSetName: [-n -g -l -p -t --storage-account --storage-default-container
          --ssh-user --ssh-password]
      User-Agent: [python/3.7.1 (Windows-10-10.0.14393-SP0) msrest/0.6.1 msrest_azure/0.4.34
          azure-mgmt-hdinsight/0.2.0 Azure-SDK-For-Python AZURECLI/2.0.55]
    method: GET
    uri: https://management.azure.com/subscriptions/00000000-0000-0000-0000-000000000000/resourceGroups/hdicli-000001/providers/Microsoft.HDInsight/clusters/hdicli-000003/azureasyncoperations/create?api-version=2018-06-01-preview
  response:
    body: {string: '{"status":"InProgress"}'}
    headers:
      cache-control: [no-cache]
      content-length: ['23']
      content-type: [application/json; charset=utf-8]
      date: ['Fri, 18 Jan 2019 08:03:27 GMT']
      expires: ['-1']
      pragma: [no-cache]
      strict-transport-security: [max-age=31536000; includeSubDomains]
      transfer-encoding: [chunked]
      vary: [Accept-Encoding]
      x-content-type-options: [nosniff]
      x-ms-hdi-served-by: [global]
    status: {code: 200, message: OK}
- request:
    body: null
    headers:
      Accept: [application/json]
      Accept-Encoding: ['gzip, deflate']
      CommandName: [hdinsight create]
      Connection: [keep-alive]
      ParameterSetName: [-n -g -l -p -t --storage-account --storage-default-container
          --ssh-user --ssh-password]
      User-Agent: [python/3.7.1 (Windows-10-10.0.14393-SP0) msrest/0.6.1 msrest_azure/0.4.34
          azure-mgmt-hdinsight/0.2.0 Azure-SDK-For-Python AZURECLI/2.0.55]
    method: GET
    uri: https://management.azure.com/subscriptions/00000000-0000-0000-0000-000000000000/resourceGroups/hdicli-000001/providers/Microsoft.HDInsight/clusters/hdicli-000003/azureasyncoperations/create?api-version=2018-06-01-preview
  response:
    body: {string: '{"status":"InProgress"}'}
    headers:
      cache-control: [no-cache]
      content-length: ['23']
      content-type: [application/json; charset=utf-8]
      date: ['Fri, 18 Jan 2019 08:03:59 GMT']
      expires: ['-1']
      pragma: [no-cache]
      strict-transport-security: [max-age=31536000; includeSubDomains]
      transfer-encoding: [chunked]
      vary: [Accept-Encoding]
      x-content-type-options: [nosniff]
      x-ms-hdi-served-by: [global]
    status: {code: 200, message: OK}
- request:
    body: null
    headers:
      Accept: [application/json]
      Accept-Encoding: ['gzip, deflate']
      CommandName: [hdinsight create]
      Connection: [keep-alive]
      ParameterSetName: [-n -g -l -p -t --storage-account --storage-default-container
          --ssh-user --ssh-password]
      User-Agent: [python/3.7.1 (Windows-10-10.0.14393-SP0) msrest/0.6.1 msrest_azure/0.4.34
          azure-mgmt-hdinsight/0.2.0 Azure-SDK-For-Python AZURECLI/2.0.55]
    method: GET
    uri: https://management.azure.com/subscriptions/00000000-0000-0000-0000-000000000000/resourceGroups/hdicli-000001/providers/Microsoft.HDInsight/clusters/hdicli-000003/azureasyncoperations/create?api-version=2018-06-01-preview
  response:
    body: {string: '{"status":"InProgress"}'}
    headers:
      cache-control: [no-cache]
      content-length: ['23']
      content-type: [application/json; charset=utf-8]
      date: ['Fri, 18 Jan 2019 08:04:29 GMT']
      expires: ['-1']
      pragma: [no-cache]
      strict-transport-security: [max-age=31536000; includeSubDomains]
      transfer-encoding: [chunked]
      vary: [Accept-Encoding]
      x-content-type-options: [nosniff]
      x-ms-hdi-served-by: [global]
    status: {code: 200, message: OK}
- request:
    body: null
    headers:
      Accept: [application/json]
      Accept-Encoding: ['gzip, deflate']
      CommandName: [hdinsight create]
      Connection: [keep-alive]
      ParameterSetName: [-n -g -l -p -t --storage-account --storage-default-container
          --ssh-user --ssh-password]
      User-Agent: [python/3.7.1 (Windows-10-10.0.14393-SP0) msrest/0.6.1 msrest_azure/0.4.34
          azure-mgmt-hdinsight/0.2.0 Azure-SDK-For-Python AZURECLI/2.0.55]
    method: GET
    uri: https://management.azure.com/subscriptions/00000000-0000-0000-0000-000000000000/resourceGroups/hdicli-000001/providers/Microsoft.HDInsight/clusters/hdicli-000003/azureasyncoperations/create?api-version=2018-06-01-preview
  response:
    body: {string: '{"status":"InProgress"}'}
    headers:
      cache-control: [no-cache]
      content-length: ['23']
      content-type: [application/json; charset=utf-8]
      date: ['Fri, 18 Jan 2019 08:05:01 GMT']
      expires: ['-1']
      pragma: [no-cache]
      strict-transport-security: [max-age=31536000; includeSubDomains]
      transfer-encoding: [chunked]
      vary: [Accept-Encoding]
      x-content-type-options: [nosniff]
      x-ms-hdi-served-by: [global]
    status: {code: 200, message: OK}
- request:
    body: null
    headers:
      Accept: [application/json]
      Accept-Encoding: ['gzip, deflate']
      CommandName: [hdinsight create]
      Connection: [keep-alive]
      ParameterSetName: [-n -g -l -p -t --storage-account --storage-default-container
          --ssh-user --ssh-password]
      User-Agent: [python/3.7.1 (Windows-10-10.0.14393-SP0) msrest/0.6.1 msrest_azure/0.4.34
          azure-mgmt-hdinsight/0.2.0 Azure-SDK-For-Python AZURECLI/2.0.55]
    method: GET
    uri: https://management.azure.com/subscriptions/00000000-0000-0000-0000-000000000000/resourceGroups/hdicli-000001/providers/Microsoft.HDInsight/clusters/hdicli-000003/azureasyncoperations/create?api-version=2018-06-01-preview
  response:
    body: {string: '{"status":"InProgress"}'}
    headers:
      cache-control: [no-cache]
      content-length: ['23']
      content-type: [application/json; charset=utf-8]
      date: ['Fri, 18 Jan 2019 08:05:32 GMT']
      expires: ['-1']
      pragma: [no-cache]
      strict-transport-security: [max-age=31536000; includeSubDomains]
      transfer-encoding: [chunked]
      vary: [Accept-Encoding]
      x-content-type-options: [nosniff]
      x-ms-hdi-served-by: [global]
    status: {code: 200, message: OK}
- request:
    body: null
    headers:
      Accept: [application/json]
      Accept-Encoding: ['gzip, deflate']
      CommandName: [hdinsight create]
      Connection: [keep-alive]
      ParameterSetName: [-n -g -l -p -t --storage-account --storage-default-container
          --ssh-user --ssh-password]
      User-Agent: [python/3.7.1 (Windows-10-10.0.14393-SP0) msrest/0.6.1 msrest_azure/0.4.34
          azure-mgmt-hdinsight/0.2.0 Azure-SDK-For-Python AZURECLI/2.0.55]
    method: GET
    uri: https://management.azure.com/subscriptions/00000000-0000-0000-0000-000000000000/resourceGroups/hdicli-000001/providers/Microsoft.HDInsight/clusters/hdicli-000003/azureasyncoperations/create?api-version=2018-06-01-preview
  response:
    body: {string: '{"status":"InProgress"}'}
    headers:
      cache-control: [no-cache]
      content-length: ['23']
      content-type: [application/json; charset=utf-8]
      date: ['Fri, 18 Jan 2019 08:06:04 GMT']
      expires: ['-1']
      pragma: [no-cache]
      strict-transport-security: [max-age=31536000; includeSubDomains]
      transfer-encoding: [chunked]
      vary: [Accept-Encoding]
      x-content-type-options: [nosniff]
      x-ms-hdi-served-by: [global]
    status: {code: 200, message: OK}
- request:
    body: null
    headers:
      Accept: [application/json]
      Accept-Encoding: ['gzip, deflate']
      CommandName: [hdinsight create]
      Connection: [keep-alive]
      ParameterSetName: [-n -g -l -p -t --storage-account --storage-default-container
          --ssh-user --ssh-password]
      User-Agent: [python/3.7.1 (Windows-10-10.0.14393-SP0) msrest/0.6.1 msrest_azure/0.4.34
          azure-mgmt-hdinsight/0.2.0 Azure-SDK-For-Python AZURECLI/2.0.55]
    method: GET
    uri: https://management.azure.com/subscriptions/00000000-0000-0000-0000-000000000000/resourceGroups/hdicli-000001/providers/Microsoft.HDInsight/clusters/hdicli-000003/azureasyncoperations/create?api-version=2018-06-01-preview
  response:
    body: {string: '{"status":"InProgress"}'}
    headers:
      cache-control: [no-cache]
      content-length: ['23']
      content-type: [application/json; charset=utf-8]
      date: ['Fri, 18 Jan 2019 08:06:37 GMT']
      expires: ['-1']
      pragma: [no-cache]
      strict-transport-security: [max-age=31536000; includeSubDomains]
      transfer-encoding: [chunked]
      vary: [Accept-Encoding]
      x-content-type-options: [nosniff]
      x-ms-hdi-served-by: [global]
    status: {code: 200, message: OK}
- request:
    body: null
    headers:
      Accept: [application/json]
      Accept-Encoding: ['gzip, deflate']
      CommandName: [hdinsight create]
      Connection: [keep-alive]
      ParameterSetName: [-n -g -l -p -t --storage-account --storage-default-container
          --ssh-user --ssh-password]
      User-Agent: [python/3.7.1 (Windows-10-10.0.14393-SP0) msrest/0.6.1 msrest_azure/0.4.34
          azure-mgmt-hdinsight/0.2.0 Azure-SDK-For-Python AZURECLI/2.0.55]
    method: GET
    uri: https://management.azure.com/subscriptions/00000000-0000-0000-0000-000000000000/resourceGroups/hdicli-000001/providers/Microsoft.HDInsight/clusters/hdicli-000003/azureasyncoperations/create?api-version=2018-06-01-preview
  response:
    body: {string: '{"status":"InProgress"}'}
    headers:
      cache-control: [no-cache]
      content-length: ['23']
      content-type: [application/json; charset=utf-8]
      date: ['Fri, 18 Jan 2019 08:07:07 GMT']
      expires: ['-1']
      pragma: [no-cache]
      strict-transport-security: [max-age=31536000; includeSubDomains]
      transfer-encoding: [chunked]
      vary: [Accept-Encoding]
      x-content-type-options: [nosniff]
      x-ms-hdi-served-by: [global]
    status: {code: 200, message: OK}
- request:
    body: null
    headers:
      Accept: [application/json]
      Accept-Encoding: ['gzip, deflate']
      CommandName: [hdinsight create]
      Connection: [keep-alive]
      ParameterSetName: [-n -g -l -p -t --storage-account --storage-default-container
          --ssh-user --ssh-password]
      User-Agent: [python/3.7.1 (Windows-10-10.0.14393-SP0) msrest/0.6.1 msrest_azure/0.4.34
          azure-mgmt-hdinsight/0.2.0 Azure-SDK-For-Python AZURECLI/2.0.55]
    method: GET
    uri: https://management.azure.com/subscriptions/00000000-0000-0000-0000-000000000000/resourceGroups/hdicli-000001/providers/Microsoft.HDInsight/clusters/hdicli-000003/azureasyncoperations/create?api-version=2018-06-01-preview
  response:
    body: {string: '{"status":"InProgress"}'}
    headers:
      cache-control: [no-cache]
      content-length: ['23']
      content-type: [application/json; charset=utf-8]
      date: ['Fri, 18 Jan 2019 08:07:38 GMT']
      expires: ['-1']
      pragma: [no-cache]
      strict-transport-security: [max-age=31536000; includeSubDomains]
      transfer-encoding: [chunked]
      vary: [Accept-Encoding]
      x-content-type-options: [nosniff]
      x-ms-hdi-served-by: [global]
    status: {code: 200, message: OK}
- request:
    body: null
    headers:
      Accept: [application/json]
      Accept-Encoding: ['gzip, deflate']
      CommandName: [hdinsight create]
      Connection: [keep-alive]
      ParameterSetName: [-n -g -l -p -t --storage-account --storage-default-container
          --ssh-user --ssh-password]
      User-Agent: [python/3.7.1 (Windows-10-10.0.14393-SP0) msrest/0.6.1 msrest_azure/0.4.34
          azure-mgmt-hdinsight/0.2.0 Azure-SDK-For-Python AZURECLI/2.0.55]
    method: GET
    uri: https://management.azure.com/subscriptions/00000000-0000-0000-0000-000000000000/resourceGroups/hdicli-000001/providers/Microsoft.HDInsight/clusters/hdicli-000003/azureasyncoperations/create?api-version=2018-06-01-preview
  response:
    body: {string: '{"status":"InProgress"}'}
    headers:
      cache-control: [no-cache]
      content-length: ['23']
      content-type: [application/json; charset=utf-8]
      date: ['Fri, 18 Jan 2019 08:08:09 GMT']
      expires: ['-1']
      pragma: [no-cache]
      strict-transport-security: [max-age=31536000; includeSubDomains]
      transfer-encoding: [chunked]
      vary: [Accept-Encoding]
      x-content-type-options: [nosniff]
      x-ms-hdi-served-by: [global]
    status: {code: 200, message: OK}
- request:
    body: null
    headers:
      Accept: [application/json]
      Accept-Encoding: ['gzip, deflate']
      CommandName: [hdinsight create]
      Connection: [keep-alive]
      ParameterSetName: [-n -g -l -p -t --storage-account --storage-default-container
          --ssh-user --ssh-password]
      User-Agent: [python/3.7.1 (Windows-10-10.0.14393-SP0) msrest/0.6.1 msrest_azure/0.4.34
          azure-mgmt-hdinsight/0.2.0 Azure-SDK-For-Python AZURECLI/2.0.55]
    method: GET
    uri: https://management.azure.com/subscriptions/00000000-0000-0000-0000-000000000000/resourceGroups/hdicli-000001/providers/Microsoft.HDInsight/clusters/hdicli-000003/azureasyncoperations/create?api-version=2018-06-01-preview
  response:
    body: {string: '{"status":"InProgress"}'}
    headers:
      cache-control: [no-cache]
      content-length: ['23']
      content-type: [application/json; charset=utf-8]
      date: ['Fri, 18 Jan 2019 08:08:40 GMT']
      expires: ['-1']
      pragma: [no-cache]
      strict-transport-security: [max-age=31536000; includeSubDomains]
      transfer-encoding: [chunked]
      vary: [Accept-Encoding]
      x-content-type-options: [nosniff]
      x-ms-hdi-served-by: [global]
    status: {code: 200, message: OK}
- request:
    body: null
    headers:
      Accept: [application/json]
      Accept-Encoding: ['gzip, deflate']
      CommandName: [hdinsight create]
      Connection: [keep-alive]
      ParameterSetName: [-n -g -l -p -t --storage-account --storage-default-container
          --ssh-user --ssh-password]
      User-Agent: [python/3.7.1 (Windows-10-10.0.14393-SP0) msrest/0.6.1 msrest_azure/0.4.34
          azure-mgmt-hdinsight/0.2.0 Azure-SDK-For-Python AZURECLI/2.0.55]
    method: GET
    uri: https://management.azure.com/subscriptions/00000000-0000-0000-0000-000000000000/resourceGroups/hdicli-000001/providers/Microsoft.HDInsight/clusters/hdicli-000003/azureasyncoperations/create?api-version=2018-06-01-preview
  response:
    body: {string: '{"status":"InProgress"}'}
    headers:
      cache-control: [no-cache]
      content-length: ['23']
      content-type: [application/json; charset=utf-8]
      date: ['Fri, 18 Jan 2019 08:09:12 GMT']
      expires: ['-1']
      pragma: [no-cache]
      strict-transport-security: [max-age=31536000; includeSubDomains]
      transfer-encoding: [chunked]
      vary: [Accept-Encoding]
      x-content-type-options: [nosniff]
      x-ms-hdi-served-by: [global]
    status: {code: 200, message: OK}
- request:
    body: null
    headers:
      Accept: [application/json]
      Accept-Encoding: ['gzip, deflate']
      CommandName: [hdinsight create]
      Connection: [keep-alive]
      ParameterSetName: [-n -g -l -p -t --storage-account --storage-default-container
          --ssh-user --ssh-password]
      User-Agent: [python/3.7.1 (Windows-10-10.0.14393-SP0) msrest/0.6.1 msrest_azure/0.4.34
          azure-mgmt-hdinsight/0.2.0 Azure-SDK-For-Python AZURECLI/2.0.55]
    method: GET
    uri: https://management.azure.com/subscriptions/00000000-0000-0000-0000-000000000000/resourceGroups/hdicli-000001/providers/Microsoft.HDInsight/clusters/hdicli-000003/azureasyncoperations/create?api-version=2018-06-01-preview
  response:
    body: {string: '{"status":"InProgress"}'}
    headers:
      cache-control: [no-cache]
      content-length: ['23']
      content-type: [application/json; charset=utf-8]
      date: ['Fri, 18 Jan 2019 08:09:42 GMT']
      expires: ['-1']
      pragma: [no-cache]
      strict-transport-security: [max-age=31536000; includeSubDomains]
      transfer-encoding: [chunked]
      vary: [Accept-Encoding]
      x-content-type-options: [nosniff]
      x-ms-hdi-served-by: [global]
    status: {code: 200, message: OK}
- request:
    body: null
    headers:
      Accept: [application/json]
      Accept-Encoding: ['gzip, deflate']
      CommandName: [hdinsight create]
      Connection: [keep-alive]
      ParameterSetName: [-n -g -l -p -t --storage-account --storage-default-container
          --ssh-user --ssh-password]
      User-Agent: [python/3.7.1 (Windows-10-10.0.14393-SP0) msrest/0.6.1 msrest_azure/0.4.34
          azure-mgmt-hdinsight/0.2.0 Azure-SDK-For-Python AZURECLI/2.0.55]
    method: GET
    uri: https://management.azure.com/subscriptions/00000000-0000-0000-0000-000000000000/resourceGroups/hdicli-000001/providers/Microsoft.HDInsight/clusters/hdicli-000003/azureasyncoperations/create?api-version=2018-06-01-preview
  response:
    body: {string: '{"status":"InProgress"}'}
    headers:
      cache-control: [no-cache]
      content-length: ['23']
      content-type: [application/json; charset=utf-8]
      date: ['Fri, 18 Jan 2019 08:10:13 GMT']
      expires: ['-1']
      pragma: [no-cache]
      strict-transport-security: [max-age=31536000; includeSubDomains]
      transfer-encoding: [chunked]
      vary: [Accept-Encoding]
      x-content-type-options: [nosniff]
      x-ms-hdi-served-by: [global]
    status: {code: 200, message: OK}
- request:
    body: null
    headers:
      Accept: [application/json]
      Accept-Encoding: ['gzip, deflate']
      CommandName: [hdinsight create]
      Connection: [keep-alive]
      ParameterSetName: [-n -g -l -p -t --storage-account --storage-default-container
          --ssh-user --ssh-password]
      User-Agent: [python/3.7.1 (Windows-10-10.0.14393-SP0) msrest/0.6.1 msrest_azure/0.4.34
          azure-mgmt-hdinsight/0.2.0 Azure-SDK-For-Python AZURECLI/2.0.55]
    method: GET
    uri: https://management.azure.com/subscriptions/00000000-0000-0000-0000-000000000000/resourceGroups/hdicli-000001/providers/Microsoft.HDInsight/clusters/hdicli-000003/azureasyncoperations/create?api-version=2018-06-01-preview
  response:
    body: {string: '{"status":"InProgress"}'}
    headers:
      cache-control: [no-cache]
      content-length: ['23']
      content-type: [application/json; charset=utf-8]
      date: ['Fri, 18 Jan 2019 08:10:45 GMT']
      expires: ['-1']
      pragma: [no-cache]
      strict-transport-security: [max-age=31536000; includeSubDomains]
      transfer-encoding: [chunked]
      vary: [Accept-Encoding]
      x-content-type-options: [nosniff]
      x-ms-hdi-served-by: [global]
    status: {code: 200, message: OK}
- request:
    body: null
    headers:
      Accept: [application/json]
      Accept-Encoding: ['gzip, deflate']
      CommandName: [hdinsight create]
      Connection: [keep-alive]
      ParameterSetName: [-n -g -l -p -t --storage-account --storage-default-container
          --ssh-user --ssh-password]
      User-Agent: [python/3.7.1 (Windows-10-10.0.14393-SP0) msrest/0.6.1 msrest_azure/0.4.34
          azure-mgmt-hdinsight/0.2.0 Azure-SDK-For-Python AZURECLI/2.0.55]
    method: GET
    uri: https://management.azure.com/subscriptions/00000000-0000-0000-0000-000000000000/resourceGroups/hdicli-000001/providers/Microsoft.HDInsight/clusters/hdicli-000003/azureasyncoperations/create?api-version=2018-06-01-preview
  response:
    body: {string: '{"status":"InProgress"}'}
    headers:
      cache-control: [no-cache]
      content-length: ['23']
      content-type: [application/json; charset=utf-8]
      date: ['Fri, 18 Jan 2019 08:11:16 GMT']
      expires: ['-1']
      pragma: [no-cache]
      strict-transport-security: [max-age=31536000; includeSubDomains]
      transfer-encoding: [chunked]
      vary: [Accept-Encoding]
      x-content-type-options: [nosniff]
      x-ms-hdi-served-by: [global]
    status: {code: 200, message: OK}
- request:
    body: null
    headers:
      Accept: [application/json]
      Accept-Encoding: ['gzip, deflate']
      CommandName: [hdinsight create]
      Connection: [keep-alive]
      ParameterSetName: [-n -g -l -p -t --storage-account --storage-default-container
          --ssh-user --ssh-password]
      User-Agent: [python/3.7.1 (Windows-10-10.0.14393-SP0) msrest/0.6.1 msrest_azure/0.4.34
          azure-mgmt-hdinsight/0.2.0 Azure-SDK-For-Python AZURECLI/2.0.55]
    method: GET
    uri: https://management.azure.com/subscriptions/00000000-0000-0000-0000-000000000000/resourceGroups/hdicli-000001/providers/Microsoft.HDInsight/clusters/hdicli-000003/azureasyncoperations/create?api-version=2018-06-01-preview
  response:
    body: {string: '{"status":"InProgress"}'}
    headers:
      cache-control: [no-cache]
      content-length: ['23']
      content-type: [application/json; charset=utf-8]
      date: ['Fri, 18 Jan 2019 08:11:46 GMT']
      expires: ['-1']
      pragma: [no-cache]
      strict-transport-security: [max-age=31536000; includeSubDomains]
      transfer-encoding: [chunked]
      vary: [Accept-Encoding]
      x-content-type-options: [nosniff]
      x-ms-hdi-served-by: [global]
    status: {code: 200, message: OK}
- request:
    body: null
    headers:
      Accept: [application/json]
      Accept-Encoding: ['gzip, deflate']
      CommandName: [hdinsight create]
      Connection: [keep-alive]
      ParameterSetName: [-n -g -l -p -t --storage-account --storage-default-container
          --ssh-user --ssh-password]
      User-Agent: [python/3.7.1 (Windows-10-10.0.14393-SP0) msrest/0.6.1 msrest_azure/0.4.34
          azure-mgmt-hdinsight/0.2.0 Azure-SDK-For-Python AZURECLI/2.0.55]
    method: GET
    uri: https://management.azure.com/subscriptions/00000000-0000-0000-0000-000000000000/resourceGroups/hdicli-000001/providers/Microsoft.HDInsight/clusters/hdicli-000003/azureasyncoperations/create?api-version=2018-06-01-preview
  response:
    body: {string: '{"status":"InProgress"}'}
    headers:
      cache-control: [no-cache]
      content-length: ['23']
      content-type: [application/json; charset=utf-8]
      date: ['Fri, 18 Jan 2019 08:12:18 GMT']
      expires: ['-1']
      pragma: [no-cache]
      strict-transport-security: [max-age=31536000; includeSubDomains]
      transfer-encoding: [chunked]
      vary: [Accept-Encoding]
      x-content-type-options: [nosniff]
      x-ms-hdi-served-by: [global]
    status: {code: 200, message: OK}
- request:
    body: null
    headers:
      Accept: [application/json]
      Accept-Encoding: ['gzip, deflate']
      CommandName: [hdinsight create]
      Connection: [keep-alive]
      ParameterSetName: [-n -g -l -p -t --storage-account --storage-default-container
          --ssh-user --ssh-password]
      User-Agent: [python/3.7.1 (Windows-10-10.0.14393-SP0) msrest/0.6.1 msrest_azure/0.4.34
          azure-mgmt-hdinsight/0.2.0 Azure-SDK-For-Python AZURECLI/2.0.55]
    method: GET
    uri: https://management.azure.com/subscriptions/00000000-0000-0000-0000-000000000000/resourceGroups/hdicli-000001/providers/Microsoft.HDInsight/clusters/hdicli-000003/azureasyncoperations/create?api-version=2018-06-01-preview
  response:
    body: {string: '{"status":"InProgress"}'}
    headers:
      cache-control: [no-cache]
      content-length: ['23']
      content-type: [application/json; charset=utf-8]
      date: ['Fri, 18 Jan 2019 08:12:49 GMT']
      expires: ['-1']
      pragma: [no-cache]
      strict-transport-security: [max-age=31536000; includeSubDomains]
      transfer-encoding: [chunked]
      vary: [Accept-Encoding]
      x-content-type-options: [nosniff]
      x-ms-hdi-served-by: [global]
    status: {code: 200, message: OK}
- request:
    body: null
    headers:
      Accept: [application/json]
      Accept-Encoding: ['gzip, deflate']
      CommandName: [hdinsight create]
      Connection: [keep-alive]
      ParameterSetName: [-n -g -l -p -t --storage-account --storage-default-container
          --ssh-user --ssh-password]
      User-Agent: [python/3.7.1 (Windows-10-10.0.14393-SP0) msrest/0.6.1 msrest_azure/0.4.34
          azure-mgmt-hdinsight/0.2.0 Azure-SDK-For-Python AZURECLI/2.0.55]
    method: GET
    uri: https://management.azure.com/subscriptions/00000000-0000-0000-0000-000000000000/resourceGroups/hdicli-000001/providers/Microsoft.HDInsight/clusters/hdicli-000003/azureasyncoperations/create?api-version=2018-06-01-preview
  response:
    body: {string: '{"status":"InProgress"}'}
    headers:
      cache-control: [no-cache]
      content-length: ['23']
      content-type: [application/json; charset=utf-8]
      date: ['Fri, 18 Jan 2019 08:13:20 GMT']
      expires: ['-1']
      pragma: [no-cache]
      strict-transport-security: [max-age=31536000; includeSubDomains]
      transfer-encoding: [chunked]
      vary: [Accept-Encoding]
      x-content-type-options: [nosniff]
      x-ms-hdi-served-by: [global]
    status: {code: 200, message: OK}
- request:
    body: null
    headers:
      Accept: [application/json]
      Accept-Encoding: ['gzip, deflate']
      CommandName: [hdinsight create]
      Connection: [keep-alive]
      ParameterSetName: [-n -g -l -p -t --storage-account --storage-default-container
          --ssh-user --ssh-password]
      User-Agent: [python/3.7.1 (Windows-10-10.0.14393-SP0) msrest/0.6.1 msrest_azure/0.4.34
          azure-mgmt-hdinsight/0.2.0 Azure-SDK-For-Python AZURECLI/2.0.55]
    method: GET
    uri: https://management.azure.com/subscriptions/00000000-0000-0000-0000-000000000000/resourceGroups/hdicli-000001/providers/Microsoft.HDInsight/clusters/hdicli-000003/azureasyncoperations/create?api-version=2018-06-01-preview
  response:
    body: {string: '{"status":"InProgress"}'}
    headers:
      cache-control: [no-cache]
      content-length: ['23']
      content-type: [application/json; charset=utf-8]
      date: ['Fri, 18 Jan 2019 08:13:50 GMT']
      expires: ['-1']
      pragma: [no-cache]
      strict-transport-security: [max-age=31536000; includeSubDomains]
      transfer-encoding: [chunked]
      vary: [Accept-Encoding]
      x-content-type-options: [nosniff]
      x-ms-hdi-served-by: [global]
    status: {code: 200, message: OK}
- request:
    body: null
    headers:
      Accept: [application/json]
      Accept-Encoding: ['gzip, deflate']
      CommandName: [hdinsight create]
      Connection: [keep-alive]
      ParameterSetName: [-n -g -l -p -t --storage-account --storage-default-container
          --ssh-user --ssh-password]
      User-Agent: [python/3.7.1 (Windows-10-10.0.14393-SP0) msrest/0.6.1 msrest_azure/0.4.34
          azure-mgmt-hdinsight/0.2.0 Azure-SDK-For-Python AZURECLI/2.0.55]
    method: GET
    uri: https://management.azure.com/subscriptions/00000000-0000-0000-0000-000000000000/resourceGroups/hdicli-000001/providers/Microsoft.HDInsight/clusters/hdicli-000003/azureasyncoperations/create?api-version=2018-06-01-preview
  response:
    body: {string: '{"status":"InProgress"}'}
    headers:
      cache-control: [no-cache]
      content-length: ['23']
      content-type: [application/json; charset=utf-8]
      date: ['Fri, 18 Jan 2019 08:14:22 GMT']
      expires: ['-1']
      pragma: [no-cache]
      strict-transport-security: [max-age=31536000; includeSubDomains]
      transfer-encoding: [chunked]
      vary: [Accept-Encoding]
      x-content-type-options: [nosniff]
      x-ms-hdi-served-by: [global]
    status: {code: 200, message: OK}
- request:
    body: null
    headers:
      Accept: [application/json]
      Accept-Encoding: ['gzip, deflate']
      CommandName: [hdinsight create]
      Connection: [keep-alive]
      ParameterSetName: [-n -g -l -p -t --storage-account --storage-default-container
          --ssh-user --ssh-password]
      User-Agent: [python/3.7.1 (Windows-10-10.0.14393-SP0) msrest/0.6.1 msrest_azure/0.4.34
          azure-mgmt-hdinsight/0.2.0 Azure-SDK-For-Python AZURECLI/2.0.55]
    method: GET
    uri: https://management.azure.com/subscriptions/00000000-0000-0000-0000-000000000000/resourceGroups/hdicli-000001/providers/Microsoft.HDInsight/clusters/hdicli-000003/azureasyncoperations/create?api-version=2018-06-01-preview
  response:
    body: {string: '{"status":"InProgress"}'}
    headers:
      cache-control: [no-cache]
      content-length: ['23']
      content-type: [application/json; charset=utf-8]
      date: ['Fri, 18 Jan 2019 08:14:53 GMT']
      expires: ['-1']
      pragma: [no-cache]
      strict-transport-security: [max-age=31536000; includeSubDomains]
      transfer-encoding: [chunked]
      vary: [Accept-Encoding]
      x-content-type-options: [nosniff]
      x-ms-hdi-served-by: [global]
    status: {code: 200, message: OK}
- request:
    body: null
    headers:
      Accept: [application/json]
      Accept-Encoding: ['gzip, deflate']
      CommandName: [hdinsight create]
      Connection: [keep-alive]
      ParameterSetName: [-n -g -l -p -t --storage-account --storage-default-container
          --ssh-user --ssh-password]
      User-Agent: [python/3.7.1 (Windows-10-10.0.14393-SP0) msrest/0.6.1 msrest_azure/0.4.34
          azure-mgmt-hdinsight/0.2.0 Azure-SDK-For-Python AZURECLI/2.0.55]
    method: GET
    uri: https://management.azure.com/subscriptions/00000000-0000-0000-0000-000000000000/resourceGroups/hdicli-000001/providers/Microsoft.HDInsight/clusters/hdicli-000003/azureasyncoperations/create?api-version=2018-06-01-preview
  response:
    body: {string: '{"status":"InProgress"}'}
    headers:
      cache-control: [no-cache]
      content-length: ['23']
      content-type: [application/json; charset=utf-8]
      date: ['Fri, 18 Jan 2019 08:15:24 GMT']
      expires: ['-1']
      pragma: [no-cache]
      strict-transport-security: [max-age=31536000; includeSubDomains]
      transfer-encoding: [chunked]
      vary: [Accept-Encoding]
      x-content-type-options: [nosniff]
      x-ms-hdi-served-by: [global]
    status: {code: 200, message: OK}
- request:
    body: null
    headers:
      Accept: [application/json]
      Accept-Encoding: ['gzip, deflate']
      CommandName: [hdinsight create]
      Connection: [keep-alive]
      ParameterSetName: [-n -g -l -p -t --storage-account --storage-default-container
          --ssh-user --ssh-password]
      User-Agent: [python/3.7.1 (Windows-10-10.0.14393-SP0) msrest/0.6.1 msrest_azure/0.4.34
          azure-mgmt-hdinsight/0.2.0 Azure-SDK-For-Python AZURECLI/2.0.55]
    method: GET
    uri: https://management.azure.com/subscriptions/00000000-0000-0000-0000-000000000000/resourceGroups/hdicli-000001/providers/Microsoft.HDInsight/clusters/hdicli-000003/azureasyncoperations/create?api-version=2018-06-01-preview
  response:
    body: {string: '{"status":"InProgress"}'}
    headers:
      cache-control: [no-cache]
      content-length: ['23']
      content-type: [application/json; charset=utf-8]
      date: ['Fri, 18 Jan 2019 08:15:55 GMT']
      expires: ['-1']
      pragma: [no-cache]
      strict-transport-security: [max-age=31536000; includeSubDomains]
      transfer-encoding: [chunked]
      vary: [Accept-Encoding]
      x-content-type-options: [nosniff]
      x-ms-hdi-served-by: [global]
    status: {code: 200, message: OK}
- request:
    body: null
    headers:
      Accept: [application/json]
      Accept-Encoding: ['gzip, deflate']
      CommandName: [hdinsight create]
      Connection: [keep-alive]
      ParameterSetName: [-n -g -l -p -t --storage-account --storage-default-container
          --ssh-user --ssh-password]
      User-Agent: [python/3.7.1 (Windows-10-10.0.14393-SP0) msrest/0.6.1 msrest_azure/0.4.34
          azure-mgmt-hdinsight/0.2.0 Azure-SDK-For-Python AZURECLI/2.0.55]
    method: GET
    uri: https://management.azure.com/subscriptions/00000000-0000-0000-0000-000000000000/resourceGroups/hdicli-000001/providers/Microsoft.HDInsight/clusters/hdicli-000003/azureasyncoperations/create?api-version=2018-06-01-preview
  response:
    body: {string: '{"status":"InProgress"}'}
    headers:
      cache-control: [no-cache]
      content-length: ['23']
      content-type: [application/json; charset=utf-8]
      date: ['Fri, 18 Jan 2019 08:16:26 GMT']
      expires: ['-1']
      pragma: [no-cache]
      strict-transport-security: [max-age=31536000; includeSubDomains]
      transfer-encoding: [chunked]
      vary: [Accept-Encoding]
      x-content-type-options: [nosniff]
      x-ms-hdi-served-by: [global]
    status: {code: 200, message: OK}
- request:
    body: null
    headers:
      Accept: [application/json]
      Accept-Encoding: ['gzip, deflate']
      CommandName: [hdinsight create]
      Connection: [keep-alive]
      ParameterSetName: [-n -g -l -p -t --storage-account --storage-default-container
          --ssh-user --ssh-password]
      User-Agent: [python/3.7.1 (Windows-10-10.0.14393-SP0) msrest/0.6.1 msrest_azure/0.4.34
          azure-mgmt-hdinsight/0.2.0 Azure-SDK-For-Python AZURECLI/2.0.55]
    method: GET
    uri: https://management.azure.com/subscriptions/00000000-0000-0000-0000-000000000000/resourceGroups/hdicli-000001/providers/Microsoft.HDInsight/clusters/hdicli-000003/azureasyncoperations/create?api-version=2018-06-01-preview
  response:
    body: {string: '{"status":"InProgress"}'}
    headers:
      cache-control: [no-cache]
      content-length: ['23']
      content-type: [application/json; charset=utf-8]
      date: ['Fri, 18 Jan 2019 08:16:57 GMT']
      expires: ['-1']
      pragma: [no-cache]
      strict-transport-security: [max-age=31536000; includeSubDomains]
      transfer-encoding: [chunked]
      vary: [Accept-Encoding]
      x-content-type-options: [nosniff]
      x-ms-hdi-served-by: [global]
    status: {code: 200, message: OK}
- request:
    body: null
    headers:
      Accept: [application/json]
      Accept-Encoding: ['gzip, deflate']
      CommandName: [hdinsight create]
      Connection: [keep-alive]
      ParameterSetName: [-n -g -l -p -t --storage-account --storage-default-container
          --ssh-user --ssh-password]
      User-Agent: [python/3.7.1 (Windows-10-10.0.14393-SP0) msrest/0.6.1 msrest_azure/0.4.34
          azure-mgmt-hdinsight/0.2.0 Azure-SDK-For-Python AZURECLI/2.0.55]
    method: GET
    uri: https://management.azure.com/subscriptions/00000000-0000-0000-0000-000000000000/resourceGroups/hdicli-000001/providers/Microsoft.HDInsight/clusters/hdicli-000003/azureasyncoperations/create?api-version=2018-06-01-preview
  response:
    body: {string: '{"status":"InProgress"}'}
    headers:
      cache-control: [no-cache]
      content-length: ['23']
      content-type: [application/json; charset=utf-8]
      date: ['Fri, 18 Jan 2019 08:17:28 GMT']
      expires: ['-1']
      pragma: [no-cache]
      strict-transport-security: [max-age=31536000; includeSubDomains]
      transfer-encoding: [chunked]
      vary: [Accept-Encoding]
      x-content-type-options: [nosniff]
      x-ms-hdi-served-by: [global]
    status: {code: 200, message: OK}
- request:
    body: null
    headers:
      Accept: [application/json]
      Accept-Encoding: ['gzip, deflate']
      CommandName: [hdinsight create]
      Connection: [keep-alive]
      ParameterSetName: [-n -g -l -p -t --storage-account --storage-default-container
          --ssh-user --ssh-password]
      User-Agent: [python/3.7.1 (Windows-10-10.0.14393-SP0) msrest/0.6.1 msrest_azure/0.4.34
          azure-mgmt-hdinsight/0.2.0 Azure-SDK-For-Python AZURECLI/2.0.55]
    method: GET
    uri: https://management.azure.com/subscriptions/00000000-0000-0000-0000-000000000000/resourceGroups/hdicli-000001/providers/Microsoft.HDInsight/clusters/hdicli-000003/azureasyncoperations/create?api-version=2018-06-01-preview
  response:
    body: {string: '{"status":"InProgress"}'}
    headers:
      cache-control: [no-cache]
      content-length: ['23']
      content-type: [application/json; charset=utf-8]
      date: ['Fri, 18 Jan 2019 08:17:59 GMT']
      expires: ['-1']
      pragma: [no-cache]
      strict-transport-security: [max-age=31536000; includeSubDomains]
      transfer-encoding: [chunked]
      vary: [Accept-Encoding]
      x-content-type-options: [nosniff]
      x-ms-hdi-served-by: [global]
    status: {code: 200, message: OK}
- request:
    body: null
    headers:
      Accept: [application/json]
      Accept-Encoding: ['gzip, deflate']
      CommandName: [hdinsight create]
      Connection: [keep-alive]
      ParameterSetName: [-n -g -l -p -t --storage-account --storage-default-container
          --ssh-user --ssh-password]
      User-Agent: [python/3.7.1 (Windows-10-10.0.14393-SP0) msrest/0.6.1 msrest_azure/0.4.34
          azure-mgmt-hdinsight/0.2.0 Azure-SDK-For-Python AZURECLI/2.0.55]
    method: GET
    uri: https://management.azure.com/subscriptions/00000000-0000-0000-0000-000000000000/resourceGroups/hdicli-000001/providers/Microsoft.HDInsight/clusters/hdicli-000003/azureasyncoperations/create?api-version=2018-06-01-preview
  response:
    body: {string: '{"status":"InProgress"}'}
    headers:
      cache-control: [no-cache]
      content-length: ['23']
      content-type: [application/json; charset=utf-8]
      date: ['Fri, 18 Jan 2019 08:18:30 GMT']
      expires: ['-1']
      pragma: [no-cache]
      strict-transport-security: [max-age=31536000; includeSubDomains]
      transfer-encoding: [chunked]
      vary: [Accept-Encoding]
      x-content-type-options: [nosniff]
      x-ms-hdi-served-by: [global]
    status: {code: 200, message: OK}
- request:
    body: null
    headers:
      Accept: [application/json]
      Accept-Encoding: ['gzip, deflate']
      CommandName: [hdinsight create]
      Connection: [keep-alive]
      ParameterSetName: [-n -g -l -p -t --storage-account --storage-default-container
          --ssh-user --ssh-password]
      User-Agent: [python/3.7.1 (Windows-10-10.0.14393-SP0) msrest/0.6.1 msrest_azure/0.4.34
          azure-mgmt-hdinsight/0.2.0 Azure-SDK-For-Python AZURECLI/2.0.55]
    method: GET
    uri: https://management.azure.com/subscriptions/00000000-0000-0000-0000-000000000000/resourceGroups/hdicli-000001/providers/Microsoft.HDInsight/clusters/hdicli-000003/azureasyncoperations/create?api-version=2018-06-01-preview
  response:
    body: {string: '{"status":"InProgress"}'}
    headers:
      cache-control: [no-cache]
      content-length: ['23']
      content-type: [application/json; charset=utf-8]
      date: ['Fri, 18 Jan 2019 08:19:01 GMT']
      expires: ['-1']
      pragma: [no-cache]
      strict-transport-security: [max-age=31536000; includeSubDomains]
      transfer-encoding: [chunked]
      vary: [Accept-Encoding]
      x-content-type-options: [nosniff]
      x-ms-hdi-served-by: [global]
    status: {code: 200, message: OK}
- request:
    body: null
    headers:
      Accept: [application/json]
      Accept-Encoding: ['gzip, deflate']
      CommandName: [hdinsight create]
      Connection: [keep-alive]
      ParameterSetName: [-n -g -l -p -t --storage-account --storage-default-container
          --ssh-user --ssh-password]
      User-Agent: [python/3.7.1 (Windows-10-10.0.14393-SP0) msrest/0.6.1 msrest_azure/0.4.34
          azure-mgmt-hdinsight/0.2.0 Azure-SDK-For-Python AZURECLI/2.0.55]
    method: GET
    uri: https://management.azure.com/subscriptions/00000000-0000-0000-0000-000000000000/resourceGroups/hdicli-000001/providers/Microsoft.HDInsight/clusters/hdicli-000003/azureasyncoperations/create?api-version=2018-06-01-preview
  response:
    body: {string: '{"status":"Succeeded"}'}
    headers:
      cache-control: [no-cache]
      content-length: ['22']
      content-type: [application/json; charset=utf-8]
      date: ['Fri, 18 Jan 2019 08:19:32 GMT']
      expires: ['-1']
      pragma: [no-cache]
      strict-transport-security: [max-age=31536000; includeSubDomains]
      transfer-encoding: [chunked]
      vary: [Accept-Encoding]
      x-content-type-options: [nosniff]
      x-ms-hdi-served-by: [global]
    status: {code: 200, message: OK}
- request:
    body: null
    headers:
      Accept: [application/json]
      Accept-Encoding: ['gzip, deflate']
      CommandName: [hdinsight create]
      Connection: [keep-alive]
      ParameterSetName: [-n -g -l -p -t --storage-account --storage-default-container
          --ssh-user --ssh-password]
      User-Agent: [python/3.7.1 (Windows-10-10.0.14393-SP0) msrest/0.6.1 msrest_azure/0.4.34
          azure-mgmt-hdinsight/0.2.0 Azure-SDK-For-Python AZURECLI/2.0.55]
    method: GET
    uri: https://management.azure.com/subscriptions/00000000-0000-0000-0000-000000000000/resourceGroups/hdicli-000001/providers/Microsoft.HDInsight/clusters/hdicli-000003?api-version=2018-06-01-preview
  response:
    body: {string: '{"id":"/subscriptions/00000000-0000-0000-0000-000000000000/resourceGroups/hdicli-000001/providers/Microsoft.HDInsight/clusters/hdicli-000003","name":"hdicli-000003","type":"Microsoft.HDInsight/clusters","location":"East
        US 2","etag":"33da797a-5873-42fd-9344-a6f82c739042","tags":null,"properties":{"clusterVersion":"3.6.1000.67","clusterHdpVersion":"2.6.5.3005-27","osType":"Linux","clusterDefinition":{"blueprint":"https://blueprints.azurehdinsight.net/spark-3.6.1000.67.1812120705.json","kind":"spark","componentVersion":{"spark":"2.3"}},"computeProfile":{"roles":[{"name":"headnode","targetInstanceCount":2,"hardwareProfile":{"vmSize":"large"},"osProfile":{"linuxOperatingSystemProfile":{"username":"sshuser"}},"encryptDataDisks":false},{"name":"workernode","targetInstanceCount":3,"hardwareProfile":{"vmSize":"large"},"osProfile":{"linuxOperatingSystemProfile":{"username":"sshuser"}},"encryptDataDisks":false},{"name":"zookeepernode","targetInstanceCount":3,"hardwareProfile":{"vmSize":"Medium"},"osProfile":{"linuxOperatingSystemProfile":{"username":"sshuser"}},"encryptDataDisks":false}]},"provisioningState":"Succeeded","clusterState":"Running","createdDate":"2019-01-18T07:57:45.333","quotaInfo":{"coresUsed":20},"connectivityEndpoints":[{"name":"SSH","protocol":"TCP","location":"hdicli-000003-ssh.azurehdinsight.net","port":22},{"name":"HTTPS","protocol":"TCP","location":"hdicli-000003.azurehdinsight.net","port":443}],"tier":"standard"},"identity":{"type":"SystemAssigned","principalId":"4c278a1e-74b9-4981-932b-8cbc20a9f851","tenantId":"72f988bf-86f1-41af-91ab-2d7cd011db47","userAssignedIdentities":{}}}'}
    headers:
      cache-control: [no-cache]
      content-length: ['1629']
      content-type: [application/json; charset=utf-8]
      date: ['Fri, 18 Jan 2019 08:19:34 GMT']
      expires: ['-1']
      pragma: [no-cache]
      strict-transport-security: [max-age=31536000; includeSubDomains]
      transfer-encoding: [chunked]
      vary: [Accept-Encoding]
      x-content-type-options: [nosniff]
      x-ms-hdi-served-by: [global]
    status: {code: 200, message: OK}
- request:
    body: null
    headers:
      Accept: [application/json]
      Accept-Encoding: ['gzip, deflate']
      CommandName: [hdinsight show]
      Connection: [keep-alive]
      ParameterSetName: [-n -g]
      User-Agent: [python/3.7.1 (Windows-10-10.0.14393-SP0) msrest/0.6.1 msrest_azure/0.4.34
          azure-mgmt-hdinsight/0.2.0 Azure-SDK-For-Python AZURECLI/2.0.55]
      accept-language: [en-US]
    method: GET
    uri: https://management.azure.com/subscriptions/00000000-0000-0000-0000-000000000000/resourceGroups/hdicli-000001/providers/Microsoft.HDInsight/clusters/hdicli-000003?api-version=2018-06-01-preview
  response:
    body: {string: '{"id":"/subscriptions/00000000-0000-0000-0000-000000000000/resourceGroups/hdicli-000001/providers/Microsoft.HDInsight/clusters/hdicli-000003","name":"hdicli-000003","type":"Microsoft.HDInsight/clusters","location":"East
        US 2","etag":"33da797a-5873-42fd-9344-a6f82c739042","tags":null,"properties":{"clusterVersion":"3.6.1000.67","clusterHdpVersion":"2.6.5.3005-27","osType":"Linux","clusterDefinition":{"blueprint":"https://blueprints.azurehdinsight.net/spark-3.6.1000.67.1812120705.json","kind":"spark","componentVersion":{"spark":"2.3"}},"computeProfile":{"roles":[{"name":"headnode","targetInstanceCount":2,"hardwareProfile":{"vmSize":"large"},"osProfile":{"linuxOperatingSystemProfile":{"username":"sshuser"}},"encryptDataDisks":false},{"name":"workernode","targetInstanceCount":3,"hardwareProfile":{"vmSize":"large"},"osProfile":{"linuxOperatingSystemProfile":{"username":"sshuser"}},"encryptDataDisks":false},{"name":"zookeepernode","targetInstanceCount":3,"hardwareProfile":{"vmSize":"Medium"},"osProfile":{"linuxOperatingSystemProfile":{"username":"sshuser"}},"encryptDataDisks":false}]},"provisioningState":"Succeeded","clusterState":"Running","createdDate":"2019-01-18T07:57:45.333","quotaInfo":{"coresUsed":20},"connectivityEndpoints":[{"name":"SSH","protocol":"TCP","location":"hdicli-000003-ssh.azurehdinsight.net","port":22},{"name":"HTTPS","protocol":"TCP","location":"hdicli-000003.azurehdinsight.net","port":443}],"tier":"standard"},"identity":{"type":"SystemAssigned","principalId":"4c278a1e-74b9-4981-932b-8cbc20a9f851","tenantId":"72f988bf-86f1-41af-91ab-2d7cd011db47","userAssignedIdentities":{}}}'}
    headers:
      cache-control: [no-cache]
      content-length: ['1629']
      content-type: [application/json; charset=utf-8]
      date: ['Fri, 18 Jan 2019 08:19:36 GMT']
      expires: ['-1']
      pragma: [no-cache]
      strict-transport-security: [max-age=31536000; includeSubDomains]
      transfer-encoding: [chunked]
      vary: [Accept-Encoding]
      x-content-type-options: [nosniff]
      x-ms-hdi-served-by: [global]
    status: {code: 200, message: OK}
- request:
    body: null
    headers:
      Accept: [application/json]
      Accept-Encoding: ['gzip, deflate']
      CommandName: [hdinsight oms show]
      Connection: [keep-alive]
      ParameterSetName: [-g -n]
      User-Agent: [python/3.7.1 (Windows-10-10.0.14393-SP0) msrest/0.6.1 msrest_azure/0.4.34
          azure-mgmt-hdinsight/0.2.0 Azure-SDK-For-Python AZURECLI/2.0.55]
      accept-language: [en-US]
    method: GET
    uri: https://management.azure.com/subscriptions/00000000-0000-0000-0000-000000000000/resourceGroups/hdicli-000001/providers/Microsoft.HDInsight/clusters/hdicli-000003/extensions/clustermonitoring?api-version=2018-06-01-preview
  response:
    body: {string: '{"clusterMonitoringEnabled":false,"workspaceId":null}'}
    headers:
      cache-control: [no-cache]
      content-length: ['53']
      content-type: [application/json; charset=utf-8]
      date: ['Fri, 18 Jan 2019 08:19:38 GMT']
      expires: ['-1']
      pragma: [no-cache]
      strict-transport-security: [max-age=31536000; includeSubDomains]
      transfer-encoding: [chunked]
      vary: [Accept-Encoding]
      x-content-type-options: [nosniff]
      x-ms-hdi-served-by: [global]
    status: {code: 200, message: OK}
- request:
    body: '{"workspaceId": "1d364e89-bb71-4503-aa3d-a23535aea7bd"}'
    headers:
      Accept: [application/json]
      Accept-Encoding: ['gzip, deflate']
      CommandName: [hdinsight oms enable]
      Connection: [keep-alive]
      Content-Length: ['55']
      Content-Type: [application/json; charset=utf-8]
      ParameterSetName: [-g -n --workspace-id]
      User-Agent: [python/3.7.1 (Windows-10-10.0.14393-SP0) msrest/0.6.1 msrest_azure/0.4.34
          azure-mgmt-hdinsight/0.2.0 Azure-SDK-For-Python AZURECLI/2.0.55]
      accept-language: [en-US]
    method: PUT
    uri: https://management.azure.com/subscriptions/00000000-0000-0000-0000-000000000000/resourceGroups/hdicli-000001/providers/Microsoft.HDInsight/clusters/hdicli-000003/extensions/clustermonitoring?api-version=2018-06-01-preview
  response:
    body: {string: ''}
    headers:
      azure-asyncoperation: ['https://management.azure.com:443/subscriptions/00000000-0000-0000-0000-000000000000/resourceGroups/hdicli-000001/providers/Microsoft.HDInsight/clusters/hdicli-000003/azureasyncoperations/ceed5af0-eaf6-40d3-8d96-cfe059bd3a85-0?api-version=2018-06-01-preview']
      cache-control: [no-cache]
      content-length: ['0']
      date: ['Fri, 18 Jan 2019 08:19:41 GMT']
      expires: ['-1']
      location: ['https://management.azure.com/subscriptions/00000000-0000-0000-0000-000000000000/resourceGroups/hdicli-000001/providers/Microsoft.HDInsight/clusters/hdicli-000003/operationresults/ceed5af0-eaf6-40d3-8d96-cfe059bd3a85-0?api-version=2018-06-01-preview']
      pragma: [no-cache]
      strict-transport-security: [max-age=31536000; includeSubDomains]
      x-content-type-options: [nosniff]
      x-ms-hdi-served-by: [global]
      x-ms-ratelimit-remaining-subscription-writes: ['1199']
    status: {code: 202, message: Accepted}
- request:
    body: null
    headers:
      Accept: [application/json]
      Accept-Encoding: ['gzip, deflate']
      CommandName: [hdinsight oms enable]
      Connection: [keep-alive]
      ParameterSetName: [-g -n --workspace-id]
      User-Agent: [python/3.7.1 (Windows-10-10.0.14393-SP0) msrest/0.6.1 msrest_azure/0.4.34
          azure-mgmt-hdinsight/0.2.0 Azure-SDK-For-Python AZURECLI/2.0.55]
    method: GET
    uri: https://management.azure.com/subscriptions/00000000-0000-0000-0000-000000000000/resourceGroups/hdicli-000001/providers/Microsoft.HDInsight/clusters/hdicli-000003/azureasyncoperations/ceed5af0-eaf6-40d3-8d96-cfe059bd3a85-0?api-version=2018-06-01-preview
  response:
    body: {string: '{"status":"InProgress"}'}
    headers:
      cache-control: [no-cache]
      content-length: ['23']
      content-type: [application/json; charset=utf-8]
      date: ['Fri, 18 Jan 2019 08:20:42 GMT']
      expires: ['-1']
      pragma: [no-cache]
      strict-transport-security: [max-age=31536000; includeSubDomains]
      transfer-encoding: [chunked]
      vary: [Accept-Encoding]
      x-content-type-options: [nosniff]
      x-ms-hdi-served-by: [global]
    status: {code: 200, message: OK}
- request:
    body: null
    headers:
      Accept: [application/json]
      Accept-Encoding: ['gzip, deflate']
      CommandName: [hdinsight oms enable]
      Connection: [keep-alive]
      ParameterSetName: [-g -n --workspace-id]
      User-Agent: [python/3.7.1 (Windows-10-10.0.14393-SP0) msrest/0.6.1 msrest_azure/0.4.34
          azure-mgmt-hdinsight/0.2.0 Azure-SDK-For-Python AZURECLI/2.0.55]
    method: GET
    uri: https://management.azure.com/subscriptions/00000000-0000-0000-0000-000000000000/resourceGroups/hdicli-000001/providers/Microsoft.HDInsight/clusters/hdicli-000003/azureasyncoperations/ceed5af0-eaf6-40d3-8d96-cfe059bd3a85-0?api-version=2018-06-01-preview
  response:
    body: {string: '{"status":"InProgress"}'}
    headers:
      cache-control: [no-cache]
      content-length: ['23']
      content-type: [application/json; charset=utf-8]
      date: ['Fri, 18 Jan 2019 08:21:12 GMT']
      expires: ['-1']
      pragma: [no-cache]
      strict-transport-security: [max-age=31536000; includeSubDomains]
      transfer-encoding: [chunked]
      vary: [Accept-Encoding]
      x-content-type-options: [nosniff]
      x-ms-hdi-served-by: [global]
    status: {code: 200, message: OK}
- request:
    body: null
    headers:
      Accept: [application/json]
      Accept-Encoding: ['gzip, deflate']
      CommandName: [hdinsight oms enable]
      Connection: [keep-alive]
      ParameterSetName: [-g -n --workspace-id]
      User-Agent: [python/3.7.1 (Windows-10-10.0.14393-SP0) msrest/0.6.1 msrest_azure/0.4.34
          azure-mgmt-hdinsight/0.2.0 Azure-SDK-For-Python AZURECLI/2.0.55]
    method: GET
    uri: https://management.azure.com/subscriptions/00000000-0000-0000-0000-000000000000/resourceGroups/hdicli-000001/providers/Microsoft.HDInsight/clusters/hdicli-000003/azureasyncoperations/ceed5af0-eaf6-40d3-8d96-cfe059bd3a85-0?api-version=2018-06-01-preview
  response:
    body: {string: '{"status":"InProgress"}'}
    headers:
      cache-control: [no-cache]
      content-length: ['23']
      content-type: [application/json; charset=utf-8]
      date: ['Fri, 18 Jan 2019 08:21:42 GMT']
      expires: ['-1']
      pragma: [no-cache]
      strict-transport-security: [max-age=31536000; includeSubDomains]
      transfer-encoding: [chunked]
      vary: [Accept-Encoding]
      x-content-type-options: [nosniff]
      x-ms-hdi-served-by: [global]
    status: {code: 200, message: OK}
- request:
    body: null
    headers:
      Accept: [application/json]
      Accept-Encoding: ['gzip, deflate']
      CommandName: [hdinsight oms enable]
      Connection: [keep-alive]
      ParameterSetName: [-g -n --workspace-id]
      User-Agent: [python/3.7.1 (Windows-10-10.0.14393-SP0) msrest/0.6.1 msrest_azure/0.4.34
          azure-mgmt-hdinsight/0.2.0 Azure-SDK-For-Python AZURECLI/2.0.55]
    method: GET
    uri: https://management.azure.com/subscriptions/00000000-0000-0000-0000-000000000000/resourceGroups/hdicli-000001/providers/Microsoft.HDInsight/clusters/hdicli-000003/azureasyncoperations/ceed5af0-eaf6-40d3-8d96-cfe059bd3a85-0?api-version=2018-06-01-preview
  response:
    body: {string: '{"status":"InProgress"}'}
    headers:
      cache-control: [no-cache]
      content-length: ['23']
      content-type: [application/json; charset=utf-8]
      date: ['Fri, 18 Jan 2019 08:22:13 GMT']
      expires: ['-1']
      pragma: [no-cache]
      strict-transport-security: [max-age=31536000; includeSubDomains]
      transfer-encoding: [chunked]
      vary: [Accept-Encoding]
      x-content-type-options: [nosniff]
      x-ms-hdi-served-by: [global]
    status: {code: 200, message: OK}
- request:
    body: null
    headers:
      Accept: [application/json]
      Accept-Encoding: ['gzip, deflate']
      CommandName: [hdinsight oms enable]
      Connection: [keep-alive]
      ParameterSetName: [-g -n --workspace-id]
      User-Agent: [python/3.7.1 (Windows-10-10.0.14393-SP0) msrest/0.6.1 msrest_azure/0.4.34
          azure-mgmt-hdinsight/0.2.0 Azure-SDK-For-Python AZURECLI/2.0.55]
    method: GET
    uri: https://management.azure.com/subscriptions/00000000-0000-0000-0000-000000000000/resourceGroups/hdicli-000001/providers/Microsoft.HDInsight/clusters/hdicli-000003/azureasyncoperations/ceed5af0-eaf6-40d3-8d96-cfe059bd3a85-0?api-version=2018-06-01-preview
  response:
    body: {string: '{"status":"InProgress"}'}
    headers:
      cache-control: [no-cache]
      content-length: ['23']
      content-type: [application/json; charset=utf-8]
      date: ['Fri, 18 Jan 2019 08:22:44 GMT']
      expires: ['-1']
      pragma: [no-cache]
      strict-transport-security: [max-age=31536000; includeSubDomains]
      transfer-encoding: [chunked]
      vary: [Accept-Encoding]
      x-content-type-options: [nosniff]
      x-ms-hdi-served-by: [global]
    status: {code: 200, message: OK}
- request:
    body: null
    headers:
      Accept: [application/json]
      Accept-Encoding: ['gzip, deflate']
      CommandName: [hdinsight oms enable]
      Connection: [keep-alive]
      ParameterSetName: [-g -n --workspace-id]
      User-Agent: [python/3.7.1 (Windows-10-10.0.14393-SP0) msrest/0.6.1 msrest_azure/0.4.34
          azure-mgmt-hdinsight/0.2.0 Azure-SDK-For-Python AZURECLI/2.0.55]
    method: GET
    uri: https://management.azure.com/subscriptions/00000000-0000-0000-0000-000000000000/resourceGroups/hdicli-000001/providers/Microsoft.HDInsight/clusters/hdicli-000003/azureasyncoperations/ceed5af0-eaf6-40d3-8d96-cfe059bd3a85-0?api-version=2018-06-01-preview
  response:
    body: {string: '{"status":"InProgress"}'}
    headers:
      cache-control: [no-cache]
      content-length: ['23']
      content-type: [application/json; charset=utf-8]
      date: ['Fri, 18 Jan 2019 08:23:14 GMT']
      expires: ['-1']
      pragma: [no-cache]
      strict-transport-security: [max-age=31536000; includeSubDomains]
      transfer-encoding: [chunked]
      vary: [Accept-Encoding]
      x-content-type-options: [nosniff]
      x-ms-hdi-served-by: [global]
    status: {code: 200, message: OK}
- request:
    body: null
    headers:
      Accept: [application/json]
      Accept-Encoding: ['gzip, deflate']
      CommandName: [hdinsight oms enable]
      Connection: [keep-alive]
      ParameterSetName: [-g -n --workspace-id]
      User-Agent: [python/3.7.1 (Windows-10-10.0.14393-SP0) msrest/0.6.1 msrest_azure/0.4.34
          azure-mgmt-hdinsight/0.2.0 Azure-SDK-For-Python AZURECLI/2.0.55]
    method: GET
    uri: https://management.azure.com/subscriptions/00000000-0000-0000-0000-000000000000/resourceGroups/hdicli-000001/providers/Microsoft.HDInsight/clusters/hdicli-000003/azureasyncoperations/ceed5af0-eaf6-40d3-8d96-cfe059bd3a85-0?api-version=2018-06-01-preview
  response:
    body: {string: '{"status":"InProgress"}'}
    headers:
      cache-control: [no-cache]
      content-length: ['23']
      content-type: [application/json; charset=utf-8]
      date: ['Fri, 18 Jan 2019 08:23:45 GMT']
      expires: ['-1']
      pragma: [no-cache]
      strict-transport-security: [max-age=31536000; includeSubDomains]
      transfer-encoding: [chunked]
      vary: [Accept-Encoding]
      x-content-type-options: [nosniff]
      x-ms-hdi-served-by: [global]
    status: {code: 200, message: OK}
- request:
    body: null
    headers:
      Accept: [application/json]
      Accept-Encoding: ['gzip, deflate']
      CommandName: [hdinsight oms enable]
      Connection: [keep-alive]
      ParameterSetName: [-g -n --workspace-id]
      User-Agent: [python/3.7.1 (Windows-10-10.0.14393-SP0) msrest/0.6.1 msrest_azure/0.4.34
          azure-mgmt-hdinsight/0.2.0 Azure-SDK-For-Python AZURECLI/2.0.55]
    method: GET
    uri: https://management.azure.com/subscriptions/00000000-0000-0000-0000-000000000000/resourceGroups/hdicli-000001/providers/Microsoft.HDInsight/clusters/hdicli-000003/azureasyncoperations/ceed5af0-eaf6-40d3-8d96-cfe059bd3a85-0?api-version=2018-06-01-preview
  response:
    body: {string: '{"status":"InProgress"}'}
    headers:
      cache-control: [no-cache]
      content-length: ['23']
      content-type: [application/json; charset=utf-8]
      date: ['Fri, 18 Jan 2019 08:24:16 GMT']
      expires: ['-1']
      pragma: [no-cache]
      strict-transport-security: [max-age=31536000; includeSubDomains]
      transfer-encoding: [chunked]
      vary: [Accept-Encoding]
      x-content-type-options: [nosniff]
      x-ms-hdi-served-by: [global]
    status: {code: 200, message: OK}
- request:
    body: null
    headers:
      Accept: [application/json]
      Accept-Encoding: ['gzip, deflate']
      CommandName: [hdinsight oms enable]
      Connection: [keep-alive]
      ParameterSetName: [-g -n --workspace-id]
      User-Agent: [python/3.7.1 (Windows-10-10.0.14393-SP0) msrest/0.6.1 msrest_azure/0.4.34
          azure-mgmt-hdinsight/0.2.0 Azure-SDK-For-Python AZURECLI/2.0.55]
    method: GET
    uri: https://management.azure.com/subscriptions/00000000-0000-0000-0000-000000000000/resourceGroups/hdicli-000001/providers/Microsoft.HDInsight/clusters/hdicli-000003/azureasyncoperations/ceed5af0-eaf6-40d3-8d96-cfe059bd3a85-0?api-version=2018-06-01-preview
  response:
    body: {string: '{"status":"InProgress"}'}
    headers:
      cache-control: [no-cache]
      content-length: ['23']
      content-type: [application/json; charset=utf-8]
      date: ['Fri, 18 Jan 2019 08:24:47 GMT']
      expires: ['-1']
      pragma: [no-cache]
      strict-transport-security: [max-age=31536000; includeSubDomains]
      transfer-encoding: [chunked]
      vary: [Accept-Encoding]
      x-content-type-options: [nosniff]
      x-ms-hdi-served-by: [global]
    status: {code: 200, message: OK}
- request:
    body: null
    headers:
      Accept: [application/json]
      Accept-Encoding: ['gzip, deflate']
      CommandName: [hdinsight oms enable]
      Connection: [keep-alive]
      ParameterSetName: [-g -n --workspace-id]
      User-Agent: [python/3.7.1 (Windows-10-10.0.14393-SP0) msrest/0.6.1 msrest_azure/0.4.34
          azure-mgmt-hdinsight/0.2.0 Azure-SDK-For-Python AZURECLI/2.0.55]
    method: GET
    uri: https://management.azure.com/subscriptions/00000000-0000-0000-0000-000000000000/resourceGroups/hdicli-000001/providers/Microsoft.HDInsight/clusters/hdicli-000003/azureasyncoperations/ceed5af0-eaf6-40d3-8d96-cfe059bd3a85-0?api-version=2018-06-01-preview
  response:
    body: {string: '{"status":"Succeeded"}'}
    headers:
      cache-control: [no-cache]
      content-length: ['22']
      content-type: [application/json; charset=utf-8]
      date: ['Fri, 18 Jan 2019 08:25:18 GMT']
      expires: ['-1']
      pragma: [no-cache]
      strict-transport-security: [max-age=31536000; includeSubDomains]
      transfer-encoding: [chunked]
      vary: [Accept-Encoding]
      x-content-type-options: [nosniff]
      x-ms-hdi-served-by: [global]
    status: {code: 200, message: OK}
- request:
    body: null
    headers:
      Accept: [application/json]
      Accept-Encoding: ['gzip, deflate']
      CommandName: [hdinsight oms enable]
      Connection: [keep-alive]
      ParameterSetName: [-g -n --workspace-id]
      User-Agent: [python/3.7.1 (Windows-10-10.0.14393-SP0) msrest/0.6.1 msrest_azure/0.4.34
          azure-mgmt-hdinsight/0.2.0 Azure-SDK-For-Python AZURECLI/2.0.55]
    method: GET
    uri: https://management.azure.com/subscriptions/00000000-0000-0000-0000-000000000000/resourceGroups/hdicli-000001/providers/Microsoft.HDInsight/clusters/hdicli-000003/extensions/clustermonitoring?api-version=2018-06-01-preview
  response:
    body: {string: '{"clusterMonitoringEnabled":true,"workspaceId":"1d364e89-bb71-4503-aa3d-a23535aea7bd"}'}
    headers:
      cache-control: [no-cache]
      content-length: ['86']
      content-type: [application/json; charset=utf-8]
      date: ['Fri, 18 Jan 2019 08:25:19 GMT']
      expires: ['-1']
      pragma: [no-cache]
      strict-transport-security: [max-age=31536000; includeSubDomains]
      transfer-encoding: [chunked]
      vary: [Accept-Encoding]
      x-content-type-options: [nosniff]
      x-ms-hdi-served-by: [global]
    status: {code: 200, message: OK}
- request:
    body: null
    headers:
      Accept: [application/json]
      Accept-Encoding: ['gzip, deflate']
      CommandName: [hdinsight oms show]
      Connection: [keep-alive]
      ParameterSetName: [-g -n]
      User-Agent: [python/3.7.1 (Windows-10-10.0.14393-SP0) msrest/0.6.1 msrest_azure/0.4.34
          azure-mgmt-hdinsight/0.2.0 Azure-SDK-For-Python AZURECLI/2.0.55]
      accept-language: [en-US]
    method: GET
    uri: https://management.azure.com/subscriptions/00000000-0000-0000-0000-000000000000/resourceGroups/hdicli-000001/providers/Microsoft.HDInsight/clusters/hdicli-000003/extensions/clustermonitoring?api-version=2018-06-01-preview
  response:
    body: {string: '{"clusterMonitoringEnabled":true,"workspaceId":"1d364e89-bb71-4503-aa3d-a23535aea7bd"}'}
    headers:
      cache-control: [no-cache]
      content-length: ['86']
      content-type: [application/json; charset=utf-8]
      date: ['Fri, 18 Jan 2019 08:25:21 GMT']
      expires: ['-1']
      pragma: [no-cache]
      strict-transport-security: [max-age=31536000; includeSubDomains]
      transfer-encoding: [chunked]
      vary: [Accept-Encoding]
      x-content-type-options: [nosniff]
      x-ms-hdi-served-by: [global]
    status: {code: 200, message: OK}
- request:
    body: null
    headers:
      Accept: [application/json]
      Accept-Encoding: ['gzip, deflate']
      CommandName: [hdinsight oms disable]
      Connection: [keep-alive]
      Content-Length: ['0']
      ParameterSetName: [-g -n]
      User-Agent: [python/3.7.1 (Windows-10-10.0.14393-SP0) msrest/0.6.1 msrest_azure/0.4.34
          azure-mgmt-hdinsight/0.2.0 Azure-SDK-For-Python AZURECLI/2.0.55]
      accept-language: [en-US]
    method: DELETE
    uri: https://management.azure.com/subscriptions/00000000-0000-0000-0000-000000000000/resourceGroups/hdicli-000001/providers/Microsoft.HDInsight/clusters/hdicli-000003/extensions/clustermonitoring?api-version=2018-06-01-preview
  response:
    body: {string: ''}
    headers:
      azure-asyncoperation: ['https://management.azure.com:443/subscriptions/00000000-0000-0000-0000-000000000000/resourceGroups/hdicli-000001/providers/Microsoft.HDInsight/clusters/hdicli-000003/azureasyncoperations/5c1bbef1-78a8-413e-b66d-bb85fc1ec44c-0?api-version=2018-06-01-preview']
      cache-control: [no-cache]
      content-length: ['0']
      date: ['Fri, 18 Jan 2019 08:25:24 GMT']
      expires: ['-1']
      location: ['https://management.azure.com/subscriptions/00000000-0000-0000-0000-000000000000/resourceGroups/hdicli-000001/providers/Microsoft.HDInsight/clusters/hdicli-000003/operationresults/5c1bbef1-78a8-413e-b66d-bb85fc1ec44c-0?api-version=2018-06-01-preview']
      pragma: [no-cache]
      strict-transport-security: [max-age=31536000; includeSubDomains]
      x-content-type-options: [nosniff]
      x-ms-hdi-served-by: [global]
      x-ms-ratelimit-remaining-subscription-deletes: ['14999']
    status: {code: 202, message: Accepted}
- request:
    body: null
    headers:
      Accept: [application/json]
      Accept-Encoding: ['gzip, deflate']
      CommandName: [hdinsight oms disable]
      Connection: [keep-alive]
      ParameterSetName: [-g -n]
      User-Agent: [python/3.7.1 (Windows-10-10.0.14393-SP0) msrest/0.6.1 msrest_azure/0.4.34
          azure-mgmt-hdinsight/0.2.0 Azure-SDK-For-Python AZURECLI/2.0.55]
    method: GET
    uri: https://management.azure.com/subscriptions/00000000-0000-0000-0000-000000000000/resourceGroups/hdicli-000001/providers/Microsoft.HDInsight/clusters/hdicli-000003/azureasyncoperations/5c1bbef1-78a8-413e-b66d-bb85fc1ec44c-0?api-version=2018-06-01-preview
  response:
    body: {string: '{"status":"Succeeded"}'}
    headers:
      cache-control: [no-cache]
      content-length: ['22']
      content-type: [application/json; charset=utf-8]
      date: ['Fri, 18 Jan 2019 08:26:24 GMT']
      expires: ['-1']
      pragma: [no-cache]
      strict-transport-security: [max-age=31536000; includeSubDomains]
      transfer-encoding: [chunked]
      vary: [Accept-Encoding]
      x-content-type-options: [nosniff]
      x-ms-hdi-served-by: [global]
    status: {code: 200, message: OK}
- request:
    body: null
    headers:
      Accept: [application/json]
      Accept-Encoding: ['gzip, deflate']
      CommandName: [hdinsight oms show]
      Connection: [keep-alive]
      ParameterSetName: [-g -n]
      User-Agent: [python/3.7.1 (Windows-10-10.0.14393-SP0) msrest/0.6.1 msrest_azure/0.4.34
          azure-mgmt-hdinsight/0.2.0 Azure-SDK-For-Python AZURECLI/2.0.55]
      accept-language: [en-US]
    method: GET
    uri: https://management.azure.com/subscriptions/00000000-0000-0000-0000-000000000000/resourceGroups/hdicli-000001/providers/Microsoft.HDInsight/clusters/hdicli-000003/extensions/clustermonitoring?api-version=2018-06-01-preview
  response:
    body: {string: '{"clusterMonitoringEnabled":false,"workspaceId":null}'}
    headers:
      cache-control: [no-cache]
      content-length: ['53']
      content-type: [application/json; charset=utf-8]
      date: ['Fri, 18 Jan 2019 08:26:27 GMT']
      expires: ['-1']
      pragma: [no-cache]
      strict-transport-security: [max-age=31536000; includeSubDomains]
      transfer-encoding: [chunked]
      vary: [Accept-Encoding]
      x-content-type-options: [nosniff]
      x-ms-hdi-served-by: [global]
    status: {code: 200, message: OK}
- request:
    body: null
    headers:
      Accept: [application/json]
      Accept-Encoding: ['gzip, deflate']
      CommandName: [group delete]
      Connection: [keep-alive]
      Content-Length: ['0']
      Content-Type: [application/json; charset=utf-8]
      ParameterSetName: [--name --yes --no-wait]
      User-Agent: [python/3.7.1 (Windows-10-10.0.14393-SP0) msrest/0.6.1 msrest_azure/0.4.34
          resourcemanagementclient/2.0.0 Azure-SDK-For-Python AZURECLI/2.0.55]
      accept-language: [en-US]
    method: DELETE
    uri: https://management.azure.com/subscriptions/00000000-0000-0000-0000-000000000000/resourcegroups/hdicli-000001?api-version=2018-05-01
  response:
    body: {string: ''}
    headers:
      cache-control: [no-cache]
      content-length: ['0']
      date: ['Fri, 18 Jan 2019 08:26:29 GMT']
      expires: ['-1']
      location: ['https://management.azure.com/subscriptions/00000000-0000-0000-0000-000000000000/operationresults/eyJqb2JJZCI6IlJFU09VUkNFR1JPVVBERUxFVElPTkpPQi1IRElDTEk6MkRLUjRNMi1FQVNUVVMyIiwiam9iTG9jYXRpb24iOiJlYXN0dXMyIn0?api-version=2018-05-01']
      pragma: [no-cache]
      strict-transport-security: [max-age=31536000; includeSubDomains]
      x-content-type-options: [nosniff]
      x-ms-ratelimit-remaining-subscription-deletes: ['14999']
    status: {code: 202, message: Accepted}
version: 1
