interactions:
- request:
    body: '{"location": "eastus2", "tags": {"product": "azurecli", "cause": "automation",
      "date": "2019-01-17T13:32:02Z"}}'
    headers:
      Accept: [application/json]
      Accept-Encoding: ['gzip, deflate']
      CommandName: [group create]
      Connection: [keep-alive]
      Content-Length: ['111']
      Content-Type: [application/json; charset=utf-8]
      ParameterSetName: [--location --name --tag]
      User-Agent: [python/3.7.1 (Windows-10-10.0.14393-SP0) msrest/0.6.1 msrest_azure/0.4.34
          resourcemanagementclient/2.0.0 Azure-SDK-For-Python AZURECLI/2.0.55]
      accept-language: [en-US]
    method: PUT
    uri: https://management.azure.com/subscriptions/00000000-0000-0000-0000-000000000000/resourcegroups/hdicli-000001?api-version=2018-05-01
  response:
    body: {string: '{"id":"/subscriptions/00000000-0000-0000-0000-000000000000/resourceGroups/hdicli-000001","name":"hdicli-000001","location":"eastus2","tags":{"product":"azurecli","cause":"automation","date":"2019-01-17T13:32:02Z"},"properties":{"provisioningState":"Succeeded"}}'}
    headers:
      cache-control: [no-cache]
      content-length: ['259']
      content-type: [application/json; charset=utf-8]
      date: ['Thu, 17 Jan 2019 13:32:08 GMT']
      expires: ['-1']
      pragma: [no-cache]
      strict-transport-security: [max-age=31536000; includeSubDomains]
      x-content-type-options: [nosniff]
      x-ms-ratelimit-remaining-subscription-writes: ['1198']
    status: {code: 201, message: Created}
- request:
    body: '{"sku": {"name": "Standard_LRS"}, "kind": "Storage", "location": "eastus2"}'
    headers:
      Accept: [application/json]
      Accept-Encoding: ['gzip, deflate']
      CommandName: [storage account create]
      Connection: [keep-alive]
      Content-Length: ['75']
      Content-Type: [application/json; charset=utf-8]
      ParameterSetName: [-n -g -l --sku]
      User-Agent: [python/3.7.1 (Windows-10-10.0.14393-SP0) msrest/0.6.1 msrest_azure/0.4.34
          azure-mgmt-storage/3.1.0 Azure-SDK-For-Python AZURECLI/2.0.55]
      accept-language: [en-US]
    method: PUT
    uri: https://management.azure.com/subscriptions/00000000-0000-0000-0000-000000000000/resourceGroups/hdicli-000001/providers/Microsoft.Storage/storageAccounts/hdicli000002?api-version=2018-07-01
  response:
    body: {string: ''}
    headers:
      cache-control: [no-cache]
      content-length: ['0']
      content-type: [text/plain; charset=utf-8]
      date: ['Thu, 17 Jan 2019 13:32:11 GMT']
      expires: ['-1']
      location: ['https://management.azure.com/subscriptions/00000000-0000-0000-0000-000000000000/providers/Microsoft.Storage/locations/eastus2/asyncoperations/c5c87230-9a41-4e23-9a29-e1d4b4d6fea4?monitor=true&api-version=2018-07-01']
      pragma: [no-cache]
      server: ['Microsoft-Azure-Storage-Resource-Provider/1.0,Microsoft-HTTPAPI/2.0
          Microsoft-HTTPAPI/2.0']
      strict-transport-security: [max-age=31536000; includeSubDomains]
      x-content-type-options: [nosniff]
      x-ms-ratelimit-remaining-subscription-writes: ['1199']
    status: {code: 202, message: Accepted}
- request:
    body: null
    headers:
      Accept: [application/json]
      Accept-Encoding: ['gzip, deflate']
      CommandName: [storage account create]
      Connection: [keep-alive]
      ParameterSetName: [-n -g -l --sku]
      User-Agent: [python/3.7.1 (Windows-10-10.0.14393-SP0) msrest/0.6.1 msrest_azure/0.4.34
          azure-mgmt-storage/3.1.0 Azure-SDK-For-Python AZURECLI/2.0.55]
    method: GET
    uri: https://management.azure.com/subscriptions/00000000-0000-0000-0000-000000000000/providers/Microsoft.Storage/locations/eastus2/asyncoperations/c5c87230-9a41-4e23-9a29-e1d4b4d6fea4?monitor=true&api-version=2018-07-01
  response:
    body: {string: '{"sku":{"name":"Standard_LRS","tier":"Standard"},"kind":"Storage","id":"/subscriptions/00000000-0000-0000-0000-000000000000/resourceGroups/hdicli-000001/providers/Microsoft.Storage/storageAccounts/hdicli000002","name":"hdicli000002","type":"Microsoft.Storage/storageAccounts","location":"eastus2","tags":{},"properties":{"networkAcls":{"bypass":"AzureServices","virtualNetworkRules":[],"ipRules":[],"defaultAction":"Allow"},"supportsHttpsTrafficOnly":false,"encryption":{"services":{"file":{"enabled":true,"lastEnabledTime":"2019-01-17T13:32:11.3051967Z"},"blob":{"enabled":true,"lastEnabledTime":"2019-01-17T13:32:11.3051967Z"}},"keySource":"Microsoft.Storage"},"provisioningState":"Succeeded","creationTime":"2019-01-17T13:32:11.1333019Z","primaryEndpoints":{"blob":"https://hdicli000002.blob.core.windows.net/","queue":"https://hdicli000002.queue.core.windows.net/","table":"https://hdicli000002.table.core.windows.net/","file":"https://hdicli000002.file.core.windows.net/"},"primaryLocation":"eastus2","statusOfPrimary":"available"}}'}
    headers:
      cache-control: [no-cache]
      content-length: ['1108']
      content-type: [application/json]
      date: ['Thu, 17 Jan 2019 13:32:28 GMT']
      expires: ['-1']
      pragma: [no-cache]
      server: ['Microsoft-Azure-Storage-Resource-Provider/1.0,Microsoft-HTTPAPI/2.0
          Microsoft-HTTPAPI/2.0']
      strict-transport-security: [max-age=31536000; includeSubDomains]
      transfer-encoding: [chunked]
      vary: [Accept-Encoding]
      x-content-type-options: [nosniff]
    status: {code: 200, message: OK}
- request:
    body: null
    headers:
      Accept: [application/json]
      Accept-Encoding: ['gzip, deflate']
      CommandName: [storage account keys list]
      Connection: [keep-alive]
      Content-Length: ['0']
      ParameterSetName: [-n -g --query -o]
      User-Agent: [python/3.7.1 (Windows-10-10.0.14393-SP0) msrest/0.6.1 msrest_azure/0.4.34
          azure-mgmt-storage/3.1.0 Azure-SDK-For-Python AZURECLI/2.0.55]
      accept-language: [en-US]
    method: POST
    uri: https://management.azure.com/subscriptions/00000000-0000-0000-0000-000000000000/resourceGroups/hdicli-000001/providers/Microsoft.Storage/storageAccounts/hdicli000002/listKeys?api-version=2018-07-01
  response:
    body: {string: '{"keys":[{"keyName":"key1","value":"veryFakedStorageAccountKey==","permissions":"FULL"},{"keyName":"key2","value":"veryFakedStorageAccountKey==","permissions":"FULL"}]}'}
    headers:
      cache-control: [no-cache]
      content-length: ['288']
      content-type: [application/json]
      date: ['Thu, 17 Jan 2019 13:32:29 GMT']
      expires: ['-1']
      pragma: [no-cache]
      server: ['Microsoft-Azure-Storage-Resource-Provider/1.0,Microsoft-HTTPAPI/2.0
          Microsoft-HTTPAPI/2.0']
      strict-transport-security: [max-age=31536000; includeSubDomains]
      transfer-encoding: [chunked]
      vary: [Accept-Encoding]
      x-content-type-options: [nosniff]
      x-ms-ratelimit-remaining-subscription-writes: ['1199']
    status: {code: 200, message: OK}
- request:
    body: null
    headers:
      Accept: [application/json]
      Accept-Encoding: ['gzip, deflate']
      CommandName: [hdinsight create]
      Connection: [keep-alive]
      ParameterSetName: [-n -g -l -p -t --storage-account --storage-default-container
          -t --component-version]
      User-Agent: [python/3.7.1 (Windows-10-10.0.14393-SP0) msrest/0.6.1 msrest_azure/0.4.34
          azure-mgmt-storage/3.1.0 Azure-SDK-For-Python AZURECLI/2.0.55]
      accept-language: [en-US]
    method: GET
    uri: https://management.azure.com/subscriptions/00000000-0000-0000-0000-000000000000/resourceGroups/hdicli-000001/providers/Microsoft.Storage/storageAccounts/hdicli000002?api-version=2018-07-01
  response:
    body: {string: '{"sku":{"name":"Standard_LRS","tier":"Standard"},"kind":"Storage","id":"/subscriptions/00000000-0000-0000-0000-000000000000/resourceGroups/hdicli-000001/providers/Microsoft.Storage/storageAccounts/hdicli000002","name":"hdicli000002","type":"Microsoft.Storage/storageAccounts","location":"eastus2","tags":{},"properties":{"networkAcls":{"bypass":"AzureServices","virtualNetworkRules":[],"ipRules":[],"defaultAction":"Allow"},"supportsHttpsTrafficOnly":false,"encryption":{"services":{"file":{"enabled":true,"lastEnabledTime":"2019-01-17T13:32:11.3051967Z"},"blob":{"enabled":true,"lastEnabledTime":"2019-01-17T13:32:11.3051967Z"}},"keySource":"Microsoft.Storage"},"provisioningState":"Succeeded","creationTime":"2019-01-17T13:32:11.1333019Z","primaryEndpoints":{"blob":"https://hdicli000002.blob.core.windows.net/","queue":"https://hdicli000002.queue.core.windows.net/","table":"https://hdicli000002.table.core.windows.net/","file":"https://hdicli000002.file.core.windows.net/"},"primaryLocation":"eastus2","statusOfPrimary":"available"}}'}
    headers:
      cache-control: [no-cache]
      content-length: ['1108']
      content-type: [application/json]
      date: ['Thu, 17 Jan 2019 13:32:31 GMT']
      expires: ['-1']
      pragma: [no-cache]
      server: ['Microsoft-Azure-Storage-Resource-Provider/1.0,Microsoft-HTTPAPI/2.0
          Microsoft-HTTPAPI/2.0']
      strict-transport-security: [max-age=31536000; includeSubDomains]
      transfer-encoding: [chunked]
      vary: [Accept-Encoding]
      x-content-type-options: [nosniff]
    status: {code: 200, message: OK}
- request:
    body: null
    headers:
      Accept: [application/json]
      Accept-Encoding: ['gzip, deflate']
      CommandName: [hdinsight create]
      Connection: [keep-alive]
      Content-Length: ['0']
      ParameterSetName: [-n -g -l -p -t --storage-account --storage-default-container
          -t --component-version]
      User-Agent: [python/3.7.1 (Windows-10-10.0.14393-SP0) msrest/0.6.1 msrest_azure/0.4.34
          azure-mgmt-storage/3.1.0 Azure-SDK-For-Python AZURECLI/2.0.55]
      accept-language: [en-US]
    method: POST
    uri: https://management.azure.com/subscriptions/00000000-0000-0000-0000-000000000000/resourceGroups/hdicli-000001/providers/Microsoft.Storage/storageAccounts/hdicli000002/listKeys?api-version=2018-07-01
  response:
    body: {string: '{"keys":[{"keyName":"key1","value":"veryFakedStorageAccountKey==","permissions":"FULL"},{"keyName":"key2","value":"veryFakedStorageAccountKey==","permissions":"FULL"}]}'}
    headers:
      cache-control: [no-cache]
      content-length: ['288']
      content-type: [application/json]
      date: ['Thu, 17 Jan 2019 13:32:32 GMT']
      expires: ['-1']
      pragma: [no-cache]
      server: ['Microsoft-Azure-Storage-Resource-Provider/1.0,Microsoft-HTTPAPI/2.0
          Microsoft-HTTPAPI/2.0']
      strict-transport-security: [max-age=31536000; includeSubDomains]
      transfer-encoding: [chunked]
      vary: [Accept-Encoding]
      x-content-type-options: [nosniff]
      x-ms-ratelimit-remaining-subscription-writes: ['1198']
    status: {code: 200, message: OK}
- request:
    body: 'b''{"location": "eastus2", "properties": {"clusterVersion": "default",
      "osType": "Linux", "clusterDefinition": {"kind": "spark", "componentVersion":
      {"spark": "2.2"}, "configurations": {"gateway": {"restAuthCredential.isEnabled":
      "true", "restAuthCredential.username": "admin", "restAuthCredential.password":
      "Password1!"}}}, "computeProfile": {"roles": [{"name": "headnode", "targetInstanceCount":
      2, "hardwareProfile": {"vmSize": "large"}, "osProfile": {"linuxOperatingSystemProfile":
      {"username": "sshuser", "password": "Password1!"}}}, {"name": "workernode",
      "targetInstanceCount": 3, "hardwareProfile": {"vmSize": "large"}, "osProfile":
      {"linuxOperatingSystemProfile": {"username": "sshuser", "password": "Password1!"}}}]},
      "storageProfile": {"storageaccounts": [{"name": "hdicli000002.blob.core.windows.net",
      "isDefault": true, "container": "default", "key": "veryFakedStorageAccountKey=="}]}},
      "identity": {"type": "SystemAssigned"}}'''
    headers:
      Accept: [application/json]
      Accept-Encoding: ['gzip, deflate']
      CommandName: [hdinsight create]
      Connection: [keep-alive]
      Content-Length: ['1009']
      Content-Type: [application/json; charset=utf-8]
      ParameterSetName: [-n -g -l -p -t --storage-account --storage-default-container
          -t --component-version]
      User-Agent: [python/3.7.1 (Windows-10-10.0.14393-SP0) msrest/0.6.1 msrest_azure/0.4.34
          azure-mgmt-hdinsight/0.2.0 Azure-SDK-For-Python AZURECLI/2.0.55]
      accept-language: [en-US]
    method: PUT
    uri: https://management.azure.com/subscriptions/00000000-0000-0000-0000-000000000000/resourceGroups/hdicli-000001/providers/Microsoft.HDInsight/clusters/hdicli-000003?api-version=2018-06-01-preview
  response:
    body: {string: '{"id":"/subscriptions/00000000-0000-0000-0000-000000000000/resourceGroups/hdicli-000001/providers/Microsoft.HDInsight/clusters/hdicli-000003","name":"hdicli-000003","type":"Microsoft.HDInsight/clusters","location":"East
        US 2","etag":"ef7692dd-f162-4ad9-b8a6-ffa5784af171","tags":null,"properties":{"clusterVersion":"3.6.1000.3","clusterHdpVersion":"","osType":"Linux","clusterDefinition":{"blueprint":"https://blueprints.azurehdinsight.net/spark-3.6.1000.3.1810270004.json","kind":"spark","componentVersion":{"spark":"2.2"}},"computeProfile":{"roles":[{"name":"headnode","targetInstanceCount":2,"hardwareProfile":{"vmSize":"large"},"osProfile":{"linuxOperatingSystemProfile":{"username":"sshuser"}},"encryptDataDisks":false},{"name":"workernode","targetInstanceCount":3,"hardwareProfile":{"vmSize":"large"},"osProfile":{"linuxOperatingSystemProfile":{"username":"sshuser"}},"encryptDataDisks":false}]},"provisioningState":"InProgress","clusterState":"Accepted","createdDate":"2019-01-17T13:32:39.683","quotaInfo":{"coresUsed":20},"tier":"standard"},"identity":{"type":"SystemAssigned","principalId":"6c590f05-0d0f-4155-a75d-62a016d8a621","tenantId":"0cd3df99-e02f-4fd8-a7d8-3b19eeadaba5","userAssignedIdentities":{}}}'}
    headers:
      azure-asyncoperation: ['https://management.azure.com:443/subscriptions/00000000-0000-0000-0000-000000000000/resourceGroups/hdicli-000001/providers/Microsoft.HDInsight/clusters/hdicli-000003/azureasyncoperations/create?api-version=2018-06-01-preview']
      cache-control: [no-cache]
      content-length: ['1222']
      content-type: [application/json; charset=utf-8]
      date: ['Thu, 17 Jan 2019 13:32:39 GMT']
      etag: ['"ef7692dd-f162-4ad9-b8a6-ffa5784af171"']
      expires: ['-1']
      pragma: [no-cache]
      strict-transport-security: [max-age=31536000; includeSubDomains]
      transfer-encoding: [chunked]
      vary: [Accept-Encoding]
      x-content-type-options: [nosniff]
      x-ms-hdi-clusteruri: ['https://management.azure.com/subscriptions/f5d3a199-7c91-4db1-b074-8b45561beadb/resourceGroups/hdicli-ak35f/providers/Microsoft.HDInsight/clusters/hdicli-h4pxoo2my?api-version=2018-06-01-preview']
      x-ms-hdi-served-by: [southcentralus]
      x-ms-ratelimit-remaining-subscription-writes: ['1198']
    status: {code: 200, message: OK}
- request:
    body: null
    headers:
      Accept: [application/json]
      Accept-Encoding: ['gzip, deflate']
      CommandName: [hdinsight create]
      Connection: [keep-alive]
      ParameterSetName: [-n -g -l -p -t --storage-account --storage-default-container
          -t --component-version]
      User-Agent: [python/3.7.1 (Windows-10-10.0.14393-SP0) msrest/0.6.1 msrest_azure/0.4.34
          azure-mgmt-hdinsight/0.2.0 Azure-SDK-For-Python AZURECLI/2.0.55]
    method: GET
    uri: https://management.azure.com/subscriptions/00000000-0000-0000-0000-000000000000/resourceGroups/hdicli-000001/providers/Microsoft.HDInsight/clusters/hdicli-000003/azureasyncoperations/create?api-version=2018-06-01-preview
  response:
    body: {string: '{"status":"InProgress"}'}
    headers:
      cache-control: [no-cache]
      content-length: ['23']
      content-type: [application/json; charset=utf-8]
      date: ['Thu, 17 Jan 2019 13:33:11 GMT']
      expires: ['-1']
      pragma: [no-cache]
      strict-transport-security: [max-age=31536000; includeSubDomains]
      transfer-encoding: [chunked]
      vary: [Accept-Encoding]
      x-content-type-options: [nosniff]
      x-ms-hdi-served-by: [southcentralus]
    status: {code: 200, message: OK}
- request:
    body: null
    headers:
      Accept: [application/json]
      Accept-Encoding: ['gzip, deflate']
      CommandName: [hdinsight create]
      Connection: [keep-alive]
      ParameterSetName: [-n -g -l -p -t --storage-account --storage-default-container
          -t --component-version]
      User-Agent: [python/3.7.1 (Windows-10-10.0.14393-SP0) msrest/0.6.1 msrest_azure/0.4.34
          azure-mgmt-hdinsight/0.2.0 Azure-SDK-For-Python AZURECLI/2.0.55]
    method: GET
    uri: https://management.azure.com/subscriptions/00000000-0000-0000-0000-000000000000/resourceGroups/hdicli-000001/providers/Microsoft.HDInsight/clusters/hdicli-000003/azureasyncoperations/create?api-version=2018-06-01-preview
  response:
    body: {string: '{"status":"InProgress"}'}
    headers:
      cache-control: [no-cache]
      content-length: ['23']
      content-type: [application/json; charset=utf-8]
      date: ['Thu, 17 Jan 2019 13:33:42 GMT']
      expires: ['-1']
      pragma: [no-cache]
      strict-transport-security: [max-age=31536000; includeSubDomains]
      transfer-encoding: [chunked]
      vary: [Accept-Encoding]
      x-content-type-options: [nosniff]
      x-ms-hdi-served-by: [southcentralus]
    status: {code: 200, message: OK}
- request:
    body: null
    headers:
      Accept: [application/json]
      Accept-Encoding: ['gzip, deflate']
      CommandName: [hdinsight create]
      Connection: [keep-alive]
      ParameterSetName: [-n -g -l -p -t --storage-account --storage-default-container
          -t --component-version]
      User-Agent: [python/3.7.1 (Windows-10-10.0.14393-SP0) msrest/0.6.1 msrest_azure/0.4.34
          azure-mgmt-hdinsight/0.2.0 Azure-SDK-For-Python AZURECLI/2.0.55]
    method: GET
    uri: https://management.azure.com/subscriptions/00000000-0000-0000-0000-000000000000/resourceGroups/hdicli-000001/providers/Microsoft.HDInsight/clusters/hdicli-000003/azureasyncoperations/create?api-version=2018-06-01-preview
  response:
    body: {string: '{"status":"InProgress"}'}
    headers:
      cache-control: [no-cache]
      content-length: ['23']
      content-type: [application/json; charset=utf-8]
      date: ['Thu, 17 Jan 2019 13:34:14 GMT']
      expires: ['-1']
      pragma: [no-cache]
      strict-transport-security: [max-age=31536000; includeSubDomains]
      transfer-encoding: [chunked]
      vary: [Accept-Encoding]
      x-content-type-options: [nosniff]
      x-ms-hdi-served-by: [southcentralus]
    status: {code: 200, message: OK}
- request:
    body: null
    headers:
      Accept: [application/json]
      Accept-Encoding: ['gzip, deflate']
      CommandName: [hdinsight create]
      Connection: [keep-alive]
      ParameterSetName: [-n -g -l -p -t --storage-account --storage-default-container
          -t --component-version]
      User-Agent: [python/3.7.1 (Windows-10-10.0.14393-SP0) msrest/0.6.1 msrest_azure/0.4.34
          azure-mgmt-hdinsight/0.2.0 Azure-SDK-For-Python AZURECLI/2.0.55]
    method: GET
    uri: https://management.azure.com/subscriptions/00000000-0000-0000-0000-000000000000/resourceGroups/hdicli-000001/providers/Microsoft.HDInsight/clusters/hdicli-000003/azureasyncoperations/create?api-version=2018-06-01-preview
  response:
    body: {string: '{"status":"InProgress"}'}
    headers:
      cache-control: [no-cache]
      content-length: ['23']
      content-type: [application/json; charset=utf-8]
      date: ['Thu, 17 Jan 2019 13:34:45 GMT']
      expires: ['-1']
      pragma: [no-cache]
      strict-transport-security: [max-age=31536000; includeSubDomains]
      transfer-encoding: [chunked]
      vary: [Accept-Encoding]
      x-content-type-options: [nosniff]
      x-ms-hdi-served-by: [southcentralus]
    status: {code: 200, message: OK}
- request:
    body: null
    headers:
      Accept: [application/json]
      Accept-Encoding: ['gzip, deflate']
      CommandName: [hdinsight create]
      Connection: [keep-alive]
      ParameterSetName: [-n -g -l -p -t --storage-account --storage-default-container
          -t --component-version]
      User-Agent: [python/3.7.1 (Windows-10-10.0.14393-SP0) msrest/0.6.1 msrest_azure/0.4.34
          azure-mgmt-hdinsight/0.2.0 Azure-SDK-For-Python AZURECLI/2.0.55]
    method: GET
    uri: https://management.azure.com/subscriptions/00000000-0000-0000-0000-000000000000/resourceGroups/hdicli-000001/providers/Microsoft.HDInsight/clusters/hdicli-000003/azureasyncoperations/create?api-version=2018-06-01-preview
  response:
    body: {string: '{"status":"InProgress"}'}
    headers:
      cache-control: [no-cache]
      content-length: ['23']
      content-type: [application/json; charset=utf-8]
      date: ['Thu, 17 Jan 2019 13:35:17 GMT']
      expires: ['-1']
      pragma: [no-cache]
      strict-transport-security: [max-age=31536000; includeSubDomains]
      transfer-encoding: [chunked]
      vary: [Accept-Encoding]
      x-content-type-options: [nosniff]
      x-ms-hdi-served-by: [southcentralus]
    status: {code: 200, message: OK}
- request:
    body: null
    headers:
      Accept: [application/json]
      Accept-Encoding: ['gzip, deflate']
      CommandName: [hdinsight create]
      Connection: [keep-alive]
      ParameterSetName: [-n -g -l -p -t --storage-account --storage-default-container
          -t --component-version]
      User-Agent: [python/3.7.1 (Windows-10-10.0.14393-SP0) msrest/0.6.1 msrest_azure/0.4.34
          azure-mgmt-hdinsight/0.2.0 Azure-SDK-For-Python AZURECLI/2.0.55]
    method: GET
    uri: https://management.azure.com/subscriptions/00000000-0000-0000-0000-000000000000/resourceGroups/hdicli-000001/providers/Microsoft.HDInsight/clusters/hdicli-000003/azureasyncoperations/create?api-version=2018-06-01-preview
  response:
    body: {string: '{"status":"InProgress"}'}
    headers:
      cache-control: [no-cache]
      content-length: ['23']
      content-type: [application/json; charset=utf-8]
      date: ['Thu, 17 Jan 2019 13:35:47 GMT']
      expires: ['-1']
      pragma: [no-cache]
      strict-transport-security: [max-age=31536000; includeSubDomains]
      transfer-encoding: [chunked]
      vary: [Accept-Encoding]
      x-content-type-options: [nosniff]
      x-ms-hdi-served-by: [southcentralus]
    status: {code: 200, message: OK}
- request:
    body: null
    headers:
      Accept: [application/json]
      Accept-Encoding: ['gzip, deflate']
      CommandName: [hdinsight create]
      Connection: [keep-alive]
      ParameterSetName: [-n -g -l -p -t --storage-account --storage-default-container
          -t --component-version]
      User-Agent: [python/3.7.1 (Windows-10-10.0.14393-SP0) msrest/0.6.1 msrest_azure/0.4.34
          azure-mgmt-hdinsight/0.2.0 Azure-SDK-For-Python AZURECLI/2.0.55]
    method: GET
    uri: https://management.azure.com/subscriptions/00000000-0000-0000-0000-000000000000/resourceGroups/hdicli-000001/providers/Microsoft.HDInsight/clusters/hdicli-000003/azureasyncoperations/create?api-version=2018-06-01-preview
  response:
    body: {string: '{"status":"InProgress"}'}
    headers:
      cache-control: [no-cache]
      content-length: ['23']
      content-type: [application/json; charset=utf-8]
      date: ['Thu, 17 Jan 2019 13:36:18 GMT']
      expires: ['-1']
      pragma: [no-cache]
      strict-transport-security: [max-age=31536000; includeSubDomains]
      transfer-encoding: [chunked]
      vary: [Accept-Encoding]
      x-content-type-options: [nosniff]
      x-ms-hdi-served-by: [southcentralus]
    status: {code: 200, message: OK}
- request:
    body: null
    headers:
      Accept: [application/json]
      Accept-Encoding: ['gzip, deflate']
      CommandName: [hdinsight create]
      Connection: [keep-alive]
      ParameterSetName: [-n -g -l -p -t --storage-account --storage-default-container
          -t --component-version]
      User-Agent: [python/3.7.1 (Windows-10-10.0.14393-SP0) msrest/0.6.1 msrest_azure/0.4.34
          azure-mgmt-hdinsight/0.2.0 Azure-SDK-For-Python AZURECLI/2.0.55]
    method: GET
    uri: https://management.azure.com/subscriptions/00000000-0000-0000-0000-000000000000/resourceGroups/hdicli-000001/providers/Microsoft.HDInsight/clusters/hdicli-000003/azureasyncoperations/create?api-version=2018-06-01-preview
  response:
    body: {string: '{"status":"InProgress"}'}
    headers:
      cache-control: [no-cache]
      content-length: ['23']
      content-type: [application/json; charset=utf-8]
      date: ['Thu, 17 Jan 2019 13:36:51 GMT']
      expires: ['-1']
      pragma: [no-cache]
      strict-transport-security: [max-age=31536000; includeSubDomains]
      transfer-encoding: [chunked]
      vary: [Accept-Encoding]
      x-content-type-options: [nosniff]
      x-ms-hdi-served-by: [southcentralus]
    status: {code: 200, message: OK}
- request:
    body: null
    headers:
      Accept: [application/json]
      Accept-Encoding: ['gzip, deflate']
      CommandName: [hdinsight create]
      Connection: [keep-alive]
      ParameterSetName: [-n -g -l -p -t --storage-account --storage-default-container
          -t --component-version]
      User-Agent: [python/3.7.1 (Windows-10-10.0.14393-SP0) msrest/0.6.1 msrest_azure/0.4.34
          azure-mgmt-hdinsight/0.2.0 Azure-SDK-For-Python AZURECLI/2.0.55]
    method: GET
    uri: https://management.azure.com/subscriptions/00000000-0000-0000-0000-000000000000/resourceGroups/hdicli-000001/providers/Microsoft.HDInsight/clusters/hdicli-000003/azureasyncoperations/create?api-version=2018-06-01-preview
  response:
    body: {string: '{"status":"InProgress"}'}
    headers:
      cache-control: [no-cache]
      content-length: ['23']
      content-type: [application/json; charset=utf-8]
      date: ['Thu, 17 Jan 2019 13:37:22 GMT']
      expires: ['-1']
      pragma: [no-cache]
      strict-transport-security: [max-age=31536000; includeSubDomains]
      transfer-encoding: [chunked]
      vary: [Accept-Encoding]
      x-content-type-options: [nosniff]
      x-ms-hdi-served-by: [southcentralus]
    status: {code: 200, message: OK}
- request:
    body: null
    headers:
      Accept: [application/json]
      Accept-Encoding: ['gzip, deflate']
      CommandName: [hdinsight create]
      Connection: [keep-alive]
      ParameterSetName: [-n -g -l -p -t --storage-account --storage-default-container
          -t --component-version]
      User-Agent: [python/3.7.1 (Windows-10-10.0.14393-SP0) msrest/0.6.1 msrest_azure/0.4.34
          azure-mgmt-hdinsight/0.2.0 Azure-SDK-For-Python AZURECLI/2.0.55]
    method: GET
    uri: https://management.azure.com/subscriptions/00000000-0000-0000-0000-000000000000/resourceGroups/hdicli-000001/providers/Microsoft.HDInsight/clusters/hdicli-000003/azureasyncoperations/create?api-version=2018-06-01-preview
  response:
    body: {string: '{"status":"InProgress"}'}
    headers:
      cache-control: [no-cache]
      content-length: ['23']
      content-type: [application/json; charset=utf-8]
      date: ['Thu, 17 Jan 2019 13:37:53 GMT']
      expires: ['-1']
      pragma: [no-cache]
      strict-transport-security: [max-age=31536000; includeSubDomains]
      transfer-encoding: [chunked]
      vary: [Accept-Encoding]
      x-content-type-options: [nosniff]
      x-ms-hdi-served-by: [southcentralus]
    status: {code: 200, message: OK}
- request:
    body: null
    headers:
      Accept: [application/json]
      Accept-Encoding: ['gzip, deflate']
      CommandName: [hdinsight create]
      Connection: [keep-alive]
      ParameterSetName: [-n -g -l -p -t --storage-account --storage-default-container
          -t --component-version]
      User-Agent: [python/3.7.1 (Windows-10-10.0.14393-SP0) msrest/0.6.1 msrest_azure/0.4.34
          azure-mgmt-hdinsight/0.2.0 Azure-SDK-For-Python AZURECLI/2.0.55]
    method: GET
    uri: https://management.azure.com/subscriptions/00000000-0000-0000-0000-000000000000/resourceGroups/hdicli-000001/providers/Microsoft.HDInsight/clusters/hdicli-000003/azureasyncoperations/create?api-version=2018-06-01-preview
  response:
    body: {string: '{"status":"InProgress"}'}
    headers:
      cache-control: [no-cache]
      content-length: ['23']
      content-type: [application/json; charset=utf-8]
      date: ['Thu, 17 Jan 2019 13:38:24 GMT']
      expires: ['-1']
      pragma: [no-cache]
      strict-transport-security: [max-age=31536000; includeSubDomains]
      transfer-encoding: [chunked]
      vary: [Accept-Encoding]
      x-content-type-options: [nosniff]
      x-ms-hdi-served-by: [southcentralus]
    status: {code: 200, message: OK}
- request:
    body: null
    headers:
      Accept: [application/json]
      Accept-Encoding: ['gzip, deflate']
      CommandName: [hdinsight create]
      Connection: [keep-alive]
      ParameterSetName: [-n -g -l -p -t --storage-account --storage-default-container
          -t --component-version]
      User-Agent: [python/3.7.1 (Windows-10-10.0.14393-SP0) msrest/0.6.1 msrest_azure/0.4.34
          azure-mgmt-hdinsight/0.2.0 Azure-SDK-For-Python AZURECLI/2.0.55]
    method: GET
    uri: https://management.azure.com/subscriptions/00000000-0000-0000-0000-000000000000/resourceGroups/hdicli-000001/providers/Microsoft.HDInsight/clusters/hdicli-000003/azureasyncoperations/create?api-version=2018-06-01-preview
  response:
    body: {string: '{"status":"InProgress"}'}
    headers:
      cache-control: [no-cache]
      content-length: ['23']
      content-type: [application/json; charset=utf-8]
      date: ['Thu, 17 Jan 2019 13:38:55 GMT']
      expires: ['-1']
      pragma: [no-cache]
      strict-transport-security: [max-age=31536000; includeSubDomains]
      transfer-encoding: [chunked]
      vary: [Accept-Encoding]
      x-content-type-options: [nosniff]
      x-ms-hdi-served-by: [southcentralus]
    status: {code: 200, message: OK}
- request:
    body: null
    headers:
      Accept: [application/json]
      Accept-Encoding: ['gzip, deflate']
      CommandName: [hdinsight create]
      Connection: [keep-alive]
      ParameterSetName: [-n -g -l -p -t --storage-account --storage-default-container
          -t --component-version]
      User-Agent: [python/3.7.1 (Windows-10-10.0.14393-SP0) msrest/0.6.1 msrest_azure/0.4.34
          azure-mgmt-hdinsight/0.2.0 Azure-SDK-For-Python AZURECLI/2.0.55]
    method: GET
    uri: https://management.azure.com/subscriptions/00000000-0000-0000-0000-000000000000/resourceGroups/hdicli-000001/providers/Microsoft.HDInsight/clusters/hdicli-000003/azureasyncoperations/create?api-version=2018-06-01-preview
  response:
    body: {string: '{"status":"InProgress"}'}
    headers:
      cache-control: [no-cache]
      content-length: ['23']
      content-type: [application/json; charset=utf-8]
      date: ['Thu, 17 Jan 2019 13:39:26 GMT']
      expires: ['-1']
      pragma: [no-cache]
      strict-transport-security: [max-age=31536000; includeSubDomains]
      transfer-encoding: [chunked]
      vary: [Accept-Encoding]
      x-content-type-options: [nosniff]
      x-ms-hdi-served-by: [southcentralus]
    status: {code: 200, message: OK}
- request:
    body: null
    headers:
      Accept: [application/json]
      Accept-Encoding: ['gzip, deflate']
      CommandName: [hdinsight create]
      Connection: [keep-alive]
      ParameterSetName: [-n -g -l -p -t --storage-account --storage-default-container
          -t --component-version]
      User-Agent: [python/3.7.1 (Windows-10-10.0.14393-SP0) msrest/0.6.1 msrest_azure/0.4.34
          azure-mgmt-hdinsight/0.2.0 Azure-SDK-For-Python AZURECLI/2.0.55]
    method: GET
    uri: https://management.azure.com/subscriptions/00000000-0000-0000-0000-000000000000/resourceGroups/hdicli-000001/providers/Microsoft.HDInsight/clusters/hdicli-000003/azureasyncoperations/create?api-version=2018-06-01-preview
  response:
    body: {string: '{"status":"InProgress"}'}
    headers:
      cache-control: [no-cache]
      content-length: ['23']
      content-type: [application/json; charset=utf-8]
      date: ['Thu, 17 Jan 2019 13:39:58 GMT']
      expires: ['-1']
      pragma: [no-cache]
      strict-transport-security: [max-age=31536000; includeSubDomains]
      transfer-encoding: [chunked]
      vary: [Accept-Encoding]
      x-content-type-options: [nosniff]
      x-ms-hdi-served-by: [southcentralus]
    status: {code: 200, message: OK}
- request:
    body: null
    headers:
      Accept: [application/json]
      Accept-Encoding: ['gzip, deflate']
      CommandName: [hdinsight create]
      Connection: [keep-alive]
      ParameterSetName: [-n -g -l -p -t --storage-account --storage-default-container
          -t --component-version]
      User-Agent: [python/3.7.1 (Windows-10-10.0.14393-SP0) msrest/0.6.1 msrest_azure/0.4.34
          azure-mgmt-hdinsight/0.2.0 Azure-SDK-For-Python AZURECLI/2.0.55]
    method: GET
    uri: https://management.azure.com/subscriptions/00000000-0000-0000-0000-000000000000/resourceGroups/hdicli-000001/providers/Microsoft.HDInsight/clusters/hdicli-000003/azureasyncoperations/create?api-version=2018-06-01-preview
  response:
    body: {string: '{"status":"InProgress"}'}
    headers:
      cache-control: [no-cache]
      content-length: ['23']
      content-type: [application/json; charset=utf-8]
      date: ['Thu, 17 Jan 2019 13:40:29 GMT']
      expires: ['-1']
      pragma: [no-cache]
      strict-transport-security: [max-age=31536000; includeSubDomains]
      transfer-encoding: [chunked]
      vary: [Accept-Encoding]
      x-content-type-options: [nosniff]
      x-ms-hdi-served-by: [southcentralus]
    status: {code: 200, message: OK}
- request:
    body: null
    headers:
      Accept: [application/json]
      Accept-Encoding: ['gzip, deflate']
      CommandName: [hdinsight create]
      Connection: [keep-alive]
      ParameterSetName: [-n -g -l -p -t --storage-account --storage-default-container
          -t --component-version]
      User-Agent: [python/3.7.1 (Windows-10-10.0.14393-SP0) msrest/0.6.1 msrest_azure/0.4.34
          azure-mgmt-hdinsight/0.2.0 Azure-SDK-For-Python AZURECLI/2.0.55]
    method: GET
    uri: https://management.azure.com/subscriptions/00000000-0000-0000-0000-000000000000/resourceGroups/hdicli-000001/providers/Microsoft.HDInsight/clusters/hdicli-000003/azureasyncoperations/create?api-version=2018-06-01-preview
  response:
    body: {string: '{"status":"InProgress"}'}
    headers:
      cache-control: [no-cache]
      content-length: ['23']
      content-type: [application/json; charset=utf-8]
      date: ['Thu, 17 Jan 2019 13:41:00 GMT']
      expires: ['-1']
      pragma: [no-cache]
      strict-transport-security: [max-age=31536000; includeSubDomains]
      transfer-encoding: [chunked]
      vary: [Accept-Encoding]
      x-content-type-options: [nosniff]
      x-ms-hdi-served-by: [southcentralus]
    status: {code: 200, message: OK}
- request:
    body: null
    headers:
      Accept: [application/json]
      Accept-Encoding: ['gzip, deflate']
      CommandName: [hdinsight create]
      Connection: [keep-alive]
      ParameterSetName: [-n -g -l -p -t --storage-account --storage-default-container
          -t --component-version]
      User-Agent: [python/3.7.1 (Windows-10-10.0.14393-SP0) msrest/0.6.1 msrest_azure/0.4.34
          azure-mgmt-hdinsight/0.2.0 Azure-SDK-For-Python AZURECLI/2.0.55]
    method: GET
    uri: https://management.azure.com/subscriptions/00000000-0000-0000-0000-000000000000/resourceGroups/hdicli-000001/providers/Microsoft.HDInsight/clusters/hdicli-000003/azureasyncoperations/create?api-version=2018-06-01-preview
  response:
    body: {string: '{"status":"InProgress"}'}
    headers:
      cache-control: [no-cache]
      content-length: ['23']
      content-type: [application/json; charset=utf-8]
      date: ['Thu, 17 Jan 2019 13:41:31 GMT']
      expires: ['-1']
      pragma: [no-cache]
      strict-transport-security: [max-age=31536000; includeSubDomains]
      transfer-encoding: [chunked]
      vary: [Accept-Encoding]
      x-content-type-options: [nosniff]
      x-ms-hdi-served-by: [southcentralus]
    status: {code: 200, message: OK}
- request:
    body: null
    headers:
      Accept: [application/json]
      Accept-Encoding: ['gzip, deflate']
      CommandName: [hdinsight create]
      Connection: [keep-alive]
      ParameterSetName: [-n -g -l -p -t --storage-account --storage-default-container
          -t --component-version]
      User-Agent: [python/3.7.1 (Windows-10-10.0.14393-SP0) msrest/0.6.1 msrest_azure/0.4.34
          azure-mgmt-hdinsight/0.2.0 Azure-SDK-For-Python AZURECLI/2.0.55]
    method: GET
    uri: https://management.azure.com/subscriptions/00000000-0000-0000-0000-000000000000/resourceGroups/hdicli-000001/providers/Microsoft.HDInsight/clusters/hdicli-000003/azureasyncoperations/create?api-version=2018-06-01-preview
  response:
    body: {string: '{"status":"InProgress"}'}
    headers:
      cache-control: [no-cache]
      content-length: ['23']
      content-type: [application/json; charset=utf-8]
      date: ['Thu, 17 Jan 2019 13:42:03 GMT']
      expires: ['-1']
      pragma: [no-cache]
      strict-transport-security: [max-age=31536000; includeSubDomains]
      transfer-encoding: [chunked]
      vary: [Accept-Encoding]
      x-content-type-options: [nosniff]
      x-ms-hdi-served-by: [southcentralus]
    status: {code: 200, message: OK}
- request:
    body: null
    headers:
      Accept: [application/json]
      Accept-Encoding: ['gzip, deflate']
      CommandName: [hdinsight create]
      Connection: [keep-alive]
      ParameterSetName: [-n -g -l -p -t --storage-account --storage-default-container
          -t --component-version]
      User-Agent: [python/3.7.1 (Windows-10-10.0.14393-SP0) msrest/0.6.1 msrest_azure/0.4.34
          azure-mgmt-hdinsight/0.2.0 Azure-SDK-For-Python AZURECLI/2.0.55]
    method: GET
    uri: https://management.azure.com/subscriptions/00000000-0000-0000-0000-000000000000/resourceGroups/hdicli-000001/providers/Microsoft.HDInsight/clusters/hdicli-000003/azureasyncoperations/create?api-version=2018-06-01-preview
  response:
    body: {string: '{"status":"InProgress"}'}
    headers:
      cache-control: [no-cache]
      content-length: ['23']
      content-type: [application/json; charset=utf-8]
      date: ['Thu, 17 Jan 2019 13:42:35 GMT']
      expires: ['-1']
      pragma: [no-cache]
      strict-transport-security: [max-age=31536000; includeSubDomains]
      transfer-encoding: [chunked]
      vary: [Accept-Encoding]
      x-content-type-options: [nosniff]
      x-ms-hdi-served-by: [southcentralus]
    status: {code: 200, message: OK}
- request:
    body: null
    headers:
      Accept: [application/json]
      Accept-Encoding: ['gzip, deflate']
      CommandName: [hdinsight create]
      Connection: [keep-alive]
      ParameterSetName: [-n -g -l -p -t --storage-account --storage-default-container
          -t --component-version]
      User-Agent: [python/3.7.1 (Windows-10-10.0.14393-SP0) msrest/0.6.1 msrest_azure/0.4.34
          azure-mgmt-hdinsight/0.2.0 Azure-SDK-For-Python AZURECLI/2.0.55]
    method: GET
    uri: https://management.azure.com/subscriptions/00000000-0000-0000-0000-000000000000/resourceGroups/hdicli-000001/providers/Microsoft.HDInsight/clusters/hdicli-000003/azureasyncoperations/create?api-version=2018-06-01-preview
  response:
    body: {string: '{"status":"InProgress"}'}
    headers:
      cache-control: [no-cache]
      content-length: ['23']
      content-type: [application/json; charset=utf-8]
      date: ['Thu, 17 Jan 2019 13:43:05 GMT']
      expires: ['-1']
      pragma: [no-cache]
      strict-transport-security: [max-age=31536000; includeSubDomains]
      transfer-encoding: [chunked]
      vary: [Accept-Encoding]
      x-content-type-options: [nosniff]
      x-ms-hdi-served-by: [southcentralus]
    status: {code: 200, message: OK}
- request:
    body: null
    headers:
      Accept: [application/json]
      Accept-Encoding: ['gzip, deflate']
      CommandName: [hdinsight create]
      Connection: [keep-alive]
      ParameterSetName: [-n -g -l -p -t --storage-account --storage-default-container
          -t --component-version]
      User-Agent: [python/3.7.1 (Windows-10-10.0.14393-SP0) msrest/0.6.1 msrest_azure/0.4.34
          azure-mgmt-hdinsight/0.2.0 Azure-SDK-For-Python AZURECLI/2.0.55]
    method: GET
    uri: https://management.azure.com/subscriptions/00000000-0000-0000-0000-000000000000/resourceGroups/hdicli-000001/providers/Microsoft.HDInsight/clusters/hdicli-000003/azureasyncoperations/create?api-version=2018-06-01-preview
  response:
    body: {string: '{"status":"InProgress"}'}
    headers:
      cache-control: [no-cache]
      content-length: ['23']
      content-type: [application/json; charset=utf-8]
      date: ['Thu, 17 Jan 2019 13:43:37 GMT']
      expires: ['-1']
      pragma: [no-cache]
      strict-transport-security: [max-age=31536000; includeSubDomains]
      transfer-encoding: [chunked]
      vary: [Accept-Encoding]
      x-content-type-options: [nosniff]
      x-ms-hdi-served-by: [southcentralus]
    status: {code: 200, message: OK}
- request:
    body: null
    headers:
      Accept: [application/json]
      Accept-Encoding: ['gzip, deflate']
      CommandName: [hdinsight create]
      Connection: [keep-alive]
      ParameterSetName: [-n -g -l -p -t --storage-account --storage-default-container
          -t --component-version]
      User-Agent: [python/3.7.1 (Windows-10-10.0.14393-SP0) msrest/0.6.1 msrest_azure/0.4.34
          azure-mgmt-hdinsight/0.2.0 Azure-SDK-For-Python AZURECLI/2.0.55]
    method: GET
    uri: https://management.azure.com/subscriptions/00000000-0000-0000-0000-000000000000/resourceGroups/hdicli-000001/providers/Microsoft.HDInsight/clusters/hdicli-000003/azureasyncoperations/create?api-version=2018-06-01-preview
  response:
    body: {string: '{"status":"InProgress"}'}
    headers:
      cache-control: [no-cache]
      content-length: ['23']
      content-type: [application/json; charset=utf-8]
      date: ['Thu, 17 Jan 2019 13:44:08 GMT']
      expires: ['-1']
      pragma: [no-cache]
      strict-transport-security: [max-age=31536000; includeSubDomains]
      transfer-encoding: [chunked]
      vary: [Accept-Encoding]
      x-content-type-options: [nosniff]
      x-ms-hdi-served-by: [southcentralus]
    status: {code: 200, message: OK}
- request:
    body: null
    headers:
      Accept: [application/json]
      Accept-Encoding: ['gzip, deflate']
      CommandName: [hdinsight create]
      Connection: [keep-alive]
      ParameterSetName: [-n -g -l -p -t --storage-account --storage-default-container
          -t --component-version]
      User-Agent: [python/3.7.1 (Windows-10-10.0.14393-SP0) msrest/0.6.1 msrest_azure/0.4.34
          azure-mgmt-hdinsight/0.2.0 Azure-SDK-For-Python AZURECLI/2.0.55]
    method: GET
    uri: https://management.azure.com/subscriptions/00000000-0000-0000-0000-000000000000/resourceGroups/hdicli-000001/providers/Microsoft.HDInsight/clusters/hdicli-000003/azureasyncoperations/create?api-version=2018-06-01-preview
  response:
    body: {string: '{"status":"InProgress"}'}
    headers:
      cache-control: [no-cache]
      content-length: ['23']
      content-type: [application/json; charset=utf-8]
      date: ['Thu, 17 Jan 2019 13:44:40 GMT']
      expires: ['-1']
      pragma: [no-cache]
      strict-transport-security: [max-age=31536000; includeSubDomains]
      transfer-encoding: [chunked]
      vary: [Accept-Encoding]
      x-content-type-options: [nosniff]
      x-ms-hdi-served-by: [southcentralus]
    status: {code: 200, message: OK}
- request:
    body: null
    headers:
      Accept: [application/json]
      Accept-Encoding: ['gzip, deflate']
      CommandName: [hdinsight create]
      Connection: [keep-alive]
      ParameterSetName: [-n -g -l -p -t --storage-account --storage-default-container
          -t --component-version]
      User-Agent: [python/3.7.1 (Windows-10-10.0.14393-SP0) msrest/0.6.1 msrest_azure/0.4.34
          azure-mgmt-hdinsight/0.2.0 Azure-SDK-For-Python AZURECLI/2.0.55]
    method: GET
    uri: https://management.azure.com/subscriptions/00000000-0000-0000-0000-000000000000/resourceGroups/hdicli-000001/providers/Microsoft.HDInsight/clusters/hdicli-000003/azureasyncoperations/create?api-version=2018-06-01-preview
  response:
    body: {string: '{"status":"InProgress"}'}
    headers:
      cache-control: [no-cache]
      content-length: ['23']
      content-type: [application/json; charset=utf-8]
      date: ['Thu, 17 Jan 2019 13:45:10 GMT']
      expires: ['-1']
      pragma: [no-cache]
      strict-transport-security: [max-age=31536000; includeSubDomains]
      transfer-encoding: [chunked]
      vary: [Accept-Encoding]
      x-content-type-options: [nosniff]
      x-ms-hdi-served-by: [southcentralus]
    status: {code: 200, message: OK}
- request:
    body: null
    headers:
      Accept: [application/json]
      Accept-Encoding: ['gzip, deflate']
      CommandName: [hdinsight create]
      Connection: [keep-alive]
      ParameterSetName: [-n -g -l -p -t --storage-account --storage-default-container
          -t --component-version]
      User-Agent: [python/3.7.1 (Windows-10-10.0.14393-SP0) msrest/0.6.1 msrest_azure/0.4.34
          azure-mgmt-hdinsight/0.2.0 Azure-SDK-For-Python AZURECLI/2.0.55]
    method: GET
    uri: https://management.azure.com/subscriptions/00000000-0000-0000-0000-000000000000/resourceGroups/hdicli-000001/providers/Microsoft.HDInsight/clusters/hdicli-000003/azureasyncoperations/create?api-version=2018-06-01-preview
  response:
    body: {string: '{"status":"InProgress"}'}
    headers:
      cache-control: [no-cache]
      content-length: ['23']
      content-type: [application/json; charset=utf-8]
      date: ['Thu, 17 Jan 2019 13:45:42 GMT']
      expires: ['-1']
      pragma: [no-cache]
      strict-transport-security: [max-age=31536000; includeSubDomains]
      transfer-encoding: [chunked]
      vary: [Accept-Encoding]
      x-content-type-options: [nosniff]
      x-ms-hdi-served-by: [southcentralus]
    status: {code: 200, message: OK}
- request:
    body: null
    headers:
      Accept: [application/json]
      Accept-Encoding: ['gzip, deflate']
      CommandName: [hdinsight create]
      Connection: [keep-alive]
      ParameterSetName: [-n -g -l -p -t --storage-account --storage-default-container
          -t --component-version]
      User-Agent: [python/3.7.1 (Windows-10-10.0.14393-SP0) msrest/0.6.1 msrest_azure/0.4.34
          azure-mgmt-hdinsight/0.2.0 Azure-SDK-For-Python AZURECLI/2.0.55]
    method: GET
    uri: https://management.azure.com/subscriptions/00000000-0000-0000-0000-000000000000/resourceGroups/hdicli-000001/providers/Microsoft.HDInsight/clusters/hdicli-000003/azureasyncoperations/create?api-version=2018-06-01-preview
  response:
    body: {string: '{"status":"InProgress"}'}
    headers:
      cache-control: [no-cache]
      content-length: ['23']
      content-type: [application/json; charset=utf-8]
      date: ['Thu, 17 Jan 2019 13:46:13 GMT']
      expires: ['-1']
      pragma: [no-cache]
      strict-transport-security: [max-age=31536000; includeSubDomains]
      transfer-encoding: [chunked]
      vary: [Accept-Encoding]
      x-content-type-options: [nosniff]
      x-ms-hdi-served-by: [southcentralus]
    status: {code: 200, message: OK}
- request:
    body: null
    headers:
      Accept: [application/json]
      Accept-Encoding: ['gzip, deflate']
      CommandName: [hdinsight create]
      Connection: [keep-alive]
      ParameterSetName: [-n -g -l -p -t --storage-account --storage-default-container
          -t --component-version]
      User-Agent: [python/3.7.1 (Windows-10-10.0.14393-SP0) msrest/0.6.1 msrest_azure/0.4.34
          azure-mgmt-hdinsight/0.2.0 Azure-SDK-For-Python AZURECLI/2.0.55]
    method: GET
    uri: https://management.azure.com/subscriptions/00000000-0000-0000-0000-000000000000/resourceGroups/hdicli-000001/providers/Microsoft.HDInsight/clusters/hdicli-000003/azureasyncoperations/create?api-version=2018-06-01-preview
  response:
    body: {string: '{"status":"InProgress"}'}
    headers:
      cache-control: [no-cache]
      content-length: ['23']
      content-type: [application/json; charset=utf-8]
      date: ['Thu, 17 Jan 2019 13:46:45 GMT']
      expires: ['-1']
      pragma: [no-cache]
      strict-transport-security: [max-age=31536000; includeSubDomains]
      transfer-encoding: [chunked]
      vary: [Accept-Encoding]
      x-content-type-options: [nosniff]
      x-ms-hdi-served-by: [southcentralus]
    status: {code: 200, message: OK}
- request:
    body: null
    headers:
      Accept: [application/json]
      Accept-Encoding: ['gzip, deflate']
      CommandName: [hdinsight create]
      Connection: [keep-alive]
      ParameterSetName: [-n -g -l -p -t --storage-account --storage-default-container
          -t --component-version]
      User-Agent: [python/3.7.1 (Windows-10-10.0.14393-SP0) msrest/0.6.1 msrest_azure/0.4.34
          azure-mgmt-hdinsight/0.2.0 Azure-SDK-For-Python AZURECLI/2.0.55]
    method: GET
    uri: https://management.azure.com/subscriptions/00000000-0000-0000-0000-000000000000/resourceGroups/hdicli-000001/providers/Microsoft.HDInsight/clusters/hdicli-000003/azureasyncoperations/create?api-version=2018-06-01-preview
  response:
    body: {string: '{"status":"InProgress"}'}
    headers:
      cache-control: [no-cache]
      content-length: ['23']
      content-type: [application/json; charset=utf-8]
      date: ['Thu, 17 Jan 2019 13:47:15 GMT']
      expires: ['-1']
      pragma: [no-cache]
      strict-transport-security: [max-age=31536000; includeSubDomains]
      transfer-encoding: [chunked]
      vary: [Accept-Encoding]
      x-content-type-options: [nosniff]
      x-ms-hdi-served-by: [southcentralus]
    status: {code: 200, message: OK}
- request:
    body: null
    headers:
      Accept: [application/json]
      Accept-Encoding: ['gzip, deflate']
      CommandName: [hdinsight create]
      Connection: [keep-alive]
      ParameterSetName: [-n -g -l -p -t --storage-account --storage-default-container
          -t --component-version]
      User-Agent: [python/3.7.1 (Windows-10-10.0.14393-SP0) msrest/0.6.1 msrest_azure/0.4.34
          azure-mgmt-hdinsight/0.2.0 Azure-SDK-For-Python AZURECLI/2.0.55]
    method: GET
    uri: https://management.azure.com/subscriptions/00000000-0000-0000-0000-000000000000/resourceGroups/hdicli-000001/providers/Microsoft.HDInsight/clusters/hdicli-000003/azureasyncoperations/create?api-version=2018-06-01-preview
  response:
    body: {string: '{"status":"InProgress"}'}
    headers:
      cache-control: [no-cache]
      content-length: ['23']
      content-type: [application/json; charset=utf-8]
      date: ['Thu, 17 Jan 2019 13:47:47 GMT']
      expires: ['-1']
      pragma: [no-cache]
      strict-transport-security: [max-age=31536000; includeSubDomains]
      transfer-encoding: [chunked]
      vary: [Accept-Encoding]
      x-content-type-options: [nosniff]
      x-ms-hdi-served-by: [southcentralus]
    status: {code: 200, message: OK}
- request:
    body: null
    headers:
      Accept: [application/json]
      Accept-Encoding: ['gzip, deflate']
      CommandName: [hdinsight create]
      Connection: [keep-alive]
      ParameterSetName: [-n -g -l -p -t --storage-account --storage-default-container
          -t --component-version]
      User-Agent: [python/3.7.1 (Windows-10-10.0.14393-SP0) msrest/0.6.1 msrest_azure/0.4.34
          azure-mgmt-hdinsight/0.2.0 Azure-SDK-For-Python AZURECLI/2.0.55]
    method: GET
    uri: https://management.azure.com/subscriptions/00000000-0000-0000-0000-000000000000/resourceGroups/hdicli-000001/providers/Microsoft.HDInsight/clusters/hdicli-000003/azureasyncoperations/create?api-version=2018-06-01-preview
  response:
    body: {string: '{"status":"InProgress"}'}
    headers:
      cache-control: [no-cache]
      content-length: ['23']
      content-type: [application/json; charset=utf-8]
      date: ['Thu, 17 Jan 2019 13:48:19 GMT']
      expires: ['-1']
      pragma: [no-cache]
      strict-transport-security: [max-age=31536000; includeSubDomains]
      transfer-encoding: [chunked]
      vary: [Accept-Encoding]
      x-content-type-options: [nosniff]
      x-ms-hdi-served-by: [southcentralus]
    status: {code: 200, message: OK}
- request:
    body: null
    headers:
      Accept: [application/json]
      Accept-Encoding: ['gzip, deflate']
      CommandName: [hdinsight create]
      Connection: [keep-alive]
      ParameterSetName: [-n -g -l -p -t --storage-account --storage-default-container
          -t --component-version]
      User-Agent: [python/3.7.1 (Windows-10-10.0.14393-SP0) msrest/0.6.1 msrest_azure/0.4.34
          azure-mgmt-hdinsight/0.2.0 Azure-SDK-For-Python AZURECLI/2.0.55]
    method: GET
    uri: https://management.azure.com/subscriptions/00000000-0000-0000-0000-000000000000/resourceGroups/hdicli-000001/providers/Microsoft.HDInsight/clusters/hdicli-000003/azureasyncoperations/create?api-version=2018-06-01-preview
  response:
    body: {string: '{"status":"InProgress"}'}
    headers:
      cache-control: [no-cache]
      content-length: ['23']
      content-type: [application/json; charset=utf-8]
      date: ['Thu, 17 Jan 2019 13:48:49 GMT']
      expires: ['-1']
      pragma: [no-cache]
      strict-transport-security: [max-age=31536000; includeSubDomains]
      transfer-encoding: [chunked]
      vary: [Accept-Encoding]
      x-content-type-options: [nosniff]
      x-ms-hdi-served-by: [southcentralus]
    status: {code: 200, message: OK}
- request:
    body: null
    headers:
      Accept: [application/json]
      Accept-Encoding: ['gzip, deflate']
      CommandName: [hdinsight create]
      Connection: [keep-alive]
      ParameterSetName: [-n -g -l -p -t --storage-account --storage-default-container
          -t --component-version]
      User-Agent: [python/3.7.1 (Windows-10-10.0.14393-SP0) msrest/0.6.1 msrest_azure/0.4.34
          azure-mgmt-hdinsight/0.2.0 Azure-SDK-For-Python AZURECLI/2.0.55]
    method: GET
    uri: https://management.azure.com/subscriptions/00000000-0000-0000-0000-000000000000/resourceGroups/hdicli-000001/providers/Microsoft.HDInsight/clusters/hdicli-000003/azureasyncoperations/create?api-version=2018-06-01-preview
  response:
    body: {string: '{"status":"InProgress"}'}
    headers:
      cache-control: [no-cache]
      content-length: ['23']
      content-type: [application/json; charset=utf-8]
      date: ['Thu, 17 Jan 2019 13:49:21 GMT']
      expires: ['-1']
      pragma: [no-cache]
      strict-transport-security: [max-age=31536000; includeSubDomains]
      transfer-encoding: [chunked]
      vary: [Accept-Encoding]
      x-content-type-options: [nosniff]
      x-ms-hdi-served-by: [southcentralus]
    status: {code: 200, message: OK}
- request:
    body: null
    headers:
      Accept: [application/json]
      Accept-Encoding: ['gzip, deflate']
      CommandName: [hdinsight create]
      Connection: [keep-alive]
      ParameterSetName: [-n -g -l -p -t --storage-account --storage-default-container
          -t --component-version]
      User-Agent: [python/3.7.1 (Windows-10-10.0.14393-SP0) msrest/0.6.1 msrest_azure/0.4.34
          azure-mgmt-hdinsight/0.2.0 Azure-SDK-For-Python AZURECLI/2.0.55]
    method: GET
    uri: https://management.azure.com/subscriptions/00000000-0000-0000-0000-000000000000/resourceGroups/hdicli-000001/providers/Microsoft.HDInsight/clusters/hdicli-000003/azureasyncoperations/create?api-version=2018-06-01-preview
  response:
    body: {string: '{"status":"Succeeded"}'}
    headers:
      cache-control: [no-cache]
      content-length: ['22']
      content-type: [application/json; charset=utf-8]
      date: ['Thu, 17 Jan 2019 13:49:52 GMT']
      expires: ['-1']
      pragma: [no-cache]
      strict-transport-security: [max-age=31536000; includeSubDomains]
      transfer-encoding: [chunked]
      vary: [Accept-Encoding]
      x-content-type-options: [nosniff]
      x-ms-hdi-served-by: [southcentralus]
    status: {code: 200, message: OK}
- request:
    body: null
    headers:
      Accept: [application/json]
      Accept-Encoding: ['gzip, deflate']
      CommandName: [hdinsight create]
      Connection: [keep-alive]
      ParameterSetName: [-n -g -l -p -t --storage-account --storage-default-container
          -t --component-version]
      User-Agent: [python/3.7.1 (Windows-10-10.0.14393-SP0) msrest/0.6.1 msrest_azure/0.4.34
          azure-mgmt-hdinsight/0.2.0 Azure-SDK-For-Python AZURECLI/2.0.55]
    method: GET
    uri: https://management.azure.com/subscriptions/00000000-0000-0000-0000-000000000000/resourceGroups/hdicli-000001/providers/Microsoft.HDInsight/clusters/hdicli-000003?api-version=2018-06-01-preview
  response:
    body: {string: '{"id":"/subscriptions/00000000-0000-0000-0000-000000000000/resourceGroups/hdicli-000001/providers/Microsoft.HDInsight/clusters/hdicli-000003","name":"hdicli-000003","type":"Microsoft.HDInsight/clusters","location":"East
        US 2","etag":"ef7692dd-f162-4ad9-b8a6-ffa5784af171","tags":null,"properties":{"clusterVersion":"3.6.1000.3","clusterHdpVersion":"2.6.3.84-1","osType":"Linux","clusterDefinition":{"blueprint":"https://blueprints.azurehdinsight.net/spark-3.6.1000.3.1810270004.json","kind":"spark","componentVersion":{"spark":"2.2"}},"computeProfile":{"roles":[{"name":"headnode","targetInstanceCount":2,"hardwareProfile":{"vmSize":"large"},"osProfile":{"linuxOperatingSystemProfile":{"username":"sshuser"}},"encryptDataDisks":false},{"name":"workernode","targetInstanceCount":3,"hardwareProfile":{"vmSize":"large"},"osProfile":{"linuxOperatingSystemProfile":{"username":"sshuser"}},"encryptDataDisks":false},{"name":"zookeepernode","targetInstanceCount":3,"hardwareProfile":{"vmSize":"Medium"},"osProfile":{"linuxOperatingSystemProfile":{"username":"sshuser"}},"encryptDataDisks":false}]},"provisioningState":"Succeeded","clusterState":"Running","createdDate":"2019-01-17T13:32:39.683","quotaInfo":{"coresUsed":20},"connectivityEndpoints":[{"name":"SSH","protocol":"TCP","location":"hdicli-000003-ssh.azurehdinsight.net","port":22},{"name":"HTTPS","protocol":"TCP","location":"hdicli-000003.azurehdinsight.net","port":443}],"tier":"standard"},"identity":{"type":"SystemAssigned","principalId":"de4dc649-af66-4a05-b2cc-4e2bfe36b591","tenantId":"0cd3df99-e02f-4fd8-a7d8-3b19eeadaba5","userAssignedIdentities":{}}}'}
    headers:
      cache-control: [no-cache]
      content-length: ['1624']
      content-type: [application/json; charset=utf-8]
      date: ['Thu, 17 Jan 2019 13:49:54 GMT']
      expires: ['-1']
      pragma: [no-cache]
      strict-transport-security: [max-age=31536000; includeSubDomains]
      transfer-encoding: [chunked]
      vary: [Accept-Encoding]
      x-content-type-options: [nosniff]
      x-ms-hdi-served-by: [southcentralus]
    status: {code: 200, message: OK}
- request:
    body: null
    headers:
      Accept: [application/json]
      Accept-Encoding: ['gzip, deflate']
      CommandName: [hdinsight show]
      Connection: [keep-alive]
      ParameterSetName: [-n -g]
      User-Agent: [python/3.7.1 (Windows-10-10.0.14393-SP0) msrest/0.6.1 msrest_azure/0.4.34
          azure-mgmt-hdinsight/0.2.0 Azure-SDK-For-Python AZURECLI/2.0.55]
      accept-language: [en-US]
    method: GET
    uri: https://management.azure.com/subscriptions/00000000-0000-0000-0000-000000000000/resourceGroups/hdicli-000001/providers/Microsoft.HDInsight/clusters/hdicli-000003?api-version=2018-06-01-preview
  response:
    body: {string: '{"id":"/subscriptions/00000000-0000-0000-0000-000000000000/resourceGroups/hdicli-000001/providers/Microsoft.HDInsight/clusters/hdicli-000003","name":"hdicli-000003","type":"Microsoft.HDInsight/clusters","location":"East
        US 2","etag":"ef7692dd-f162-4ad9-b8a6-ffa5784af171","tags":null,"properties":{"clusterVersion":"3.6.1000.3","clusterHdpVersion":"2.6.3.84-1","osType":"Linux","clusterDefinition":{"blueprint":"https://blueprints.azurehdinsight.net/spark-3.6.1000.3.1810270004.json","kind":"spark","componentVersion":{"spark":"2.2"}},"computeProfile":{"roles":[{"name":"headnode","targetInstanceCount":2,"hardwareProfile":{"vmSize":"large"},"osProfile":{"linuxOperatingSystemProfile":{"username":"sshuser"}},"encryptDataDisks":false},{"name":"workernode","targetInstanceCount":3,"hardwareProfile":{"vmSize":"large"},"osProfile":{"linuxOperatingSystemProfile":{"username":"sshuser"}},"encryptDataDisks":false},{"name":"zookeepernode","targetInstanceCount":3,"hardwareProfile":{"vmSize":"Medium"},"osProfile":{"linuxOperatingSystemProfile":{"username":"sshuser"}},"encryptDataDisks":false}]},"provisioningState":"Succeeded","clusterState":"Running","createdDate":"2019-01-17T13:32:39.683","quotaInfo":{"coresUsed":20},"connectivityEndpoints":[{"name":"SSH","protocol":"TCP","location":"hdicli-000003-ssh.azurehdinsight.net","port":22},{"name":"HTTPS","protocol":"TCP","location":"hdicli-000003.azurehdinsight.net","port":443}],"tier":"standard"},"identity":{"type":"SystemAssigned","principalId":"de4dc649-af66-4a05-b2cc-4e2bfe36b591","tenantId":"0cd3df99-e02f-4fd8-a7d8-3b19eeadaba5","userAssignedIdentities":{}}}'}
    headers:
      cache-control: [no-cache]
      content-length: ['1624']
      content-type: [application/json; charset=utf-8]
      date: ['Thu, 17 Jan 2019 13:49:55 GMT']
      expires: ['-1']
      pragma: [no-cache]
      strict-transport-security: [max-age=31536000; includeSubDomains]
      transfer-encoding: [chunked]
      vary: [Accept-Encoding]
      x-content-type-options: [nosniff]
      x-ms-hdi-served-by: [southcentralus]
    status: {code: 200, message: OK}
- request:
    body: null
    headers:
      Accept: [application/json]
      Accept-Encoding: ['gzip, deflate']
      CommandName: [group delete]
      Connection: [keep-alive]
      Content-Length: ['0']
      Content-Type: [application/json; charset=utf-8]
      ParameterSetName: [--name --yes --no-wait]
      User-Agent: [python/3.7.1 (Windows-10-10.0.14393-SP0) msrest/0.6.1 msrest_azure/0.4.34
          resourcemanagementclient/2.0.0 Azure-SDK-For-Python AZURECLI/2.0.55]
      accept-language: [en-US]
    method: DELETE
    uri: https://management.azure.com/subscriptions/00000000-0000-0000-0000-000000000000/resourcegroups/hdicli-000001?api-version=2018-05-01
  response:
    body: {string: ''}
    headers:
      cache-control: [no-cache]
      content-length: ['0']
      date: ['Thu, 17 Jan 2019 13:49:58 GMT']
      expires: ['-1']
      location: ['https://management.azure.com/subscriptions/00000000-0000-0000-0000-000000000000/operationresults/eyJqb2JJZCI6IlJFU09VUkNFR1JPVVBERUxFVElPTkpPQi1IRElDTEk6MkRBSzM1Ri1FQVNUVVMyIiwiam9iTG9jYXRpb24iOiJlYXN0dXMyIn0?api-version=2018-05-01']
      pragma: [no-cache]
      strict-transport-security: [max-age=31536000; includeSubDomains]
      x-content-type-options: [nosniff]
      x-ms-ratelimit-remaining-subscription-deletes: ['14999']
    status: {code: 202, message: Accepted}
version: 1
