interactions:
- request:
    body: !!python/unicode '{"location": "westus", "tags": {"use": "az-test"}}'
    headers:
      Accept: [application/json]
      Accept-Encoding: ['gzip, deflate']
      CommandName: [group create]
      Connection: [keep-alive]
      Content-Length: ['50']
      Content-Type: [application/json; charset=utf-8]
      User-Agent: [python/2.7.13 (Darwin-16.5.0-x86_64-i386-64bit) requests/2.9.1
          msrest/0.4.7 msrest_azure/0.4.7 resourcemanagementclient/1.0.0rc3 Azure-SDK-For-Python
          AZURECLI/2.0.4+dev]
      accept-language: [en-US]
    method: PUT
    uri: https://management.azure.com/subscriptions/00000000-0000-0000-0000-000000000000/resourcegroups/clitest.rg000001?api-version=2016-09-01
  response:
    body: {string: !!python/unicode '{"id":"/subscriptions/00000000-0000-0000-0000-000000000000/resourceGroups/clitest.rg000001","name":"clitest.rg000001","location":"westus","tags":{"use":"az-test"},"properties":{"provisioningState":"Succeeded"}}'}
    headers:
      cache-control: [no-cache]
      content-length: ['328']
      content-type: [application/json; charset=utf-8]
      date: ['Fri, 05 May 2017 22:15:16 GMT']
      expires: ['-1']
      pragma: [no-cache]
      strict-transport-security: [max-age=31536000; includeSubDomains]
      x-ms-ratelimit-remaining-subscription-writes: ['1194']
    status: {code: 201, message: Created}
- request:
    body: !!python/unicode '{"sku": {"name": "Standard_LRS"}, "kind": "Storage", "location":
      "westus"}'
    headers:
      Accept: [application/json]
      Accept-Encoding: ['gzip, deflate']
      CommandName: [storage account create]
      Connection: [keep-alive]
      Content-Length: ['74']
      Content-Type: [application/json; charset=utf-8]
      User-Agent: [python/2.7.13 (Darwin-16.5.0-x86_64-i386-64bit) requests/2.9.1
          msrest/0.4.7 msrest_azure/0.4.7 storagemanagementclient/1.0.0rc1 Azure-SDK-For-Python
          AZURECLI/2.0.4+dev]
      accept-language: [en-US]
    method: PUT
    uri: https://management.azure.com/subscriptions/00000000-0000-0000-0000-000000000000/resourceGroups/clitest.rg000001/providers/Microsoft.Storage/storageAccounts/clitest000002?api-version=2016-12-01
  response:
    body: {string: !!python/unicode ''}
    headers:
      cache-control: [no-cache]
      content-length: ['0']
      date: ['Fri, 05 May 2017 22:15:17 GMT']
      expires: ['-1']
      location: ['https://management.azure.com/subscriptions/00000000-0000-0000-0000-000000000000/providers/Microsoft.Storage/operations/001e79ed-1e25-4be7-aead-22ec0c8b84fd?monitor=true&api-version=2016-12-01']
      pragma: [no-cache]
      retry-after: ['17']
      server: [Microsoft-Azure-Storage-Resource-Provider/1.0, Microsoft-HTTPAPI/2.0]
      strict-transport-security: [max-age=31536000; includeSubDomains]
      x-ms-ratelimit-remaining-subscription-writes: ['1195']
    status: {code: 202, message: Accepted}
- request:
    body: null
    headers:
      Accept: [application/json]
      Accept-Encoding: ['gzip, deflate']
      CommandName: [storage account create]
      Connection: [keep-alive]
      Content-Type: [application/json; charset=utf-8]
      User-Agent: [python/2.7.13 (Darwin-16.5.0-x86_64-i386-64bit) requests/2.9.1
          msrest/0.4.7 msrest_azure/0.4.7 storagemanagementclient/1.0.0rc1 Azure-SDK-For-Python
          AZURECLI/2.0.4+dev]
      accept-language: [en-US]
    method: GET
    uri: https://management.azure.com/subscriptions/00000000-0000-0000-0000-000000000000/providers/Microsoft.Storage/operations/001e79ed-1e25-4be7-aead-22ec0c8b84fd?monitor=true&api-version=2016-12-01
  response:
    body: {string: !!python/unicode '{"id":"/subscriptions/00000000-0000-0000-0000-000000000000/resourceGroups/clitest.rg000001/providers/Microsoft.Storage/storageAccounts/clitest000002","kind":"Storage","location":"westus","name":"clitest000002","properties":{"creationTime":"2017-05-05T22:15:17.5951683Z","primaryEndpoints":{"blob":"https://clitest000002.blob.core.windows.net/","file":"https://clitest000002.file.core.windows.net/","queue":"https://clitest000002.queue.core.windows.net/","table":"https://clitest000002.table.core.windows.net/"},"primaryLocation":"westus","provisioningState":"Succeeded","statusOfPrimary":"available","supportsHttpsTrafficOnly":false},"sku":{"name":"Standard_LRS","tier":"Standard"},"tags":{},"type":"Microsoft.Storage/storageAccounts"}

'}
    headers:
      cache-control: [no-cache]
      content-length: ['861']
      content-type: [application/json]
      date: ['Fri, 05 May 2017 22:15:35 GMT']
      expires: ['-1']
      pragma: [no-cache]
      server: [Microsoft-Azure-Storage-Resource-Provider/1.0, Microsoft-HTTPAPI/2.0]
      strict-transport-security: [max-age=31536000; includeSubDomains]
      transfer-encoding: [chunked]
      vary: [Accept-Encoding]
    status: {code: 200, message: OK}
- request:
    body: null
    headers:
      Accept: [application/json]
      Accept-Encoding: ['gzip, deflate']
      CommandName: [storage account keys list]
      Connection: [keep-alive]
      Content-Length: ['0']
      Content-Type: [application/json; charset=utf-8]
      User-Agent: [python/2.7.13 (Darwin-16.5.0-x86_64-i386-64bit) requests/2.9.1
          msrest/0.4.7 msrest_azure/0.4.7 storagemanagementclient/1.0.0rc1 Azure-SDK-For-Python
          AZURECLI/2.0.4+dev]
      accept-language: [en-US]
    method: POST
    uri: https://management.azure.com/subscriptions/00000000-0000-0000-0000-000000000000/resourceGroups/clitest.rg000001/providers/Microsoft.Storage/storageAccounts/clitest000002/listKeys?api-version=2016-12-01
  response:
    body: {string: !!python/unicode '{"keys":[{"keyName":"key1","permissions":"Full","value":"cOe+GQpVuExCpNIIyO1mAas9sH9Ef6Y+bw0xcyRLMXRd/b2KncbWn4MOyhV1yDm2gnqezhUTexUfEak3vjqUtg=="},{"keyName":"key2","permissions":"Full","value":"r/xbRS3UhxSRTuYh56y056Hj5UMq+3wwvw7msbNk2NPSELabLa1cUpWB7kSKMYkDMI41cgj9OTXSd9NemaXgaA=="}]}

'}
    headers:
      cache-control: [no-cache]
      content-length: ['289']
      content-type: [application/json]
      date: ['Fri, 05 May 2017 22:15:35 GMT']
      expires: ['-1']
      pragma: [no-cache]
      server: [Microsoft-Azure-Storage-Resource-Provider/1.0, Microsoft-HTTPAPI/2.0]
      strict-transport-security: [max-age=31536000; includeSubDomains]
      transfer-encoding: [chunked]
      vary: [Accept-Encoding]
      x-ms-ratelimit-remaining-subscription-writes: ['1197']
    status: {code: 200, message: OK}
- request:
    body: !!python/unicode '{"type": "Microsoft.ContainerRegistry/registries", "name":
      "clireg000003"}'
    headers:
      Accept: [application/json]
      Accept-Encoding: ['gzip, deflate']
      CommandName: [acr create]
      Connection: [keep-alive]
      Content-Length: ['112']
      Content-Type: [application/json; charset=utf-8]
      User-Agent: [python/2.7.13 (Darwin-16.5.0-x86_64-i386-64bit) requests/2.9.1
          msrest/0.4.7 msrest_azure/0.4.7 containerregistrymanagementclient/0.2.1
          Azure-SDK-For-Python AZURECLI/2.0.4+dev]
      accept-language: [en-US]
    method: POST
    uri: https://management.azure.com/subscriptions/00000000-0000-0000-0000-000000000000/providers/Microsoft.ContainerRegistry/checkNameAvailability?api-version=2017-03-01
  response:
    body: {string: !!python/unicode '{"nameAvailable":true}'}
    headers:
      cache-control: [no-cache]
      content-length: ['22']
      content-type: [application/json; charset=utf-8]
      date: ['Fri, 05 May 2017 22:15:36 GMT']
      expires: ['-1']
      pragma: [no-cache]
      server: [Microsoft-HTTPAPI/2.0]
      strict-transport-security: [max-age=31536000; includeSubDomains]
      transfer-encoding: [chunked]
      vary: [Accept-Encoding]
    status: {code: 200, message: OK}
- request:
    body: !!python/unicode '{"type": "Microsoft.Storage/storageAccounts", "name":
      "cliregqfvz5ux5ngpi221537"}'
    headers:
      Accept: [application/json]
      Accept-Encoding: ['gzip, deflate']
      CommandName: [acr create]
      Connection: [keep-alive]
      Content-Length: ['81']
      Content-Type: [application/json; charset=utf-8]
      User-Agent: [python/2.7.13 (Darwin-16.5.0-x86_64-i386-64bit) requests/2.9.1
          msrest/0.4.7 msrest_azure/0.4.7 storagemanagementclient/1.0.0rc1 Azure-SDK-For-Python
          AZURECLI/2.0.4+dev]
      accept-language: [en-US]
    method: POST
    uri: https://management.azure.com/subscriptions/00000000-0000-0000-0000-000000000000/providers/Microsoft.Storage/checkNameAvailability?api-version=2016-12-01
  response:
    body: {string: !!python/unicode '{"nameAvailable":true}

'}
    headers:
      cache-control: [no-cache]
      content-length: ['23']
      content-type: [application/json]
      date: ['Fri, 05 May 2017 22:15:37 GMT']
      expires: ['-1']
      pragma: [no-cache]
      server: [Microsoft-Azure-Storage-Resource-Provider/1.0, Microsoft-HTTPAPI/2.0]
      strict-transport-security: [max-age=31536000; includeSubDomains]
      transfer-encoding: [chunked]
      vary: [Accept-Encoding]
    status: {code: 200, message: OK}
- request:
    body: !!python/unicode '{"properties": {"mode": "Incremental", "parameters": {"registryName":
      {"value": "clireg000003"}, "registryLocation": {"value": "westus"}, "registrySku":
      {"value": "Basic"}, "adminUserEnabled": {"value": false}, "storageAccountName":
      {"value": "cliregqfvz5ux5ngpi221537"}}, "template": {"$schema": "https://schema.management.azure.com/schemas/2015-01-01/deploymentTemplate.json#",
      "contentVersion": "1.0.0.0", "parameters": {"registryLocation": {"type": "string",
      "metadata": {"description": "Location of the container registry"}}, "adminUserEnabled":
      {"defaultValue": false, "type": "bool", "metadata": {"description": "Enable
      admin user"}}, "registrySku": {"defaultValue": "Basic", "type": "string", "metadata":
      {"description": "Sku of the container registry"}}, "registryName": {"type":
      "string", "metadata": {"description": "Name of the container registry"}}, "storageAccountSku":
      {"defaultValue": "Standard_LRS", "type": "string", "metadata": {"description":
      "Sku of the storage account"}}, "storageAccountName": {"type": "string", "metadata":
      {"description": "Name of the storage account"}}, "registryApiVersion": {"defaultValue":
      "2017-03-01", "type": "string", "metadata": {"description": "Api version of
      the container registry"}}}, "resources": [{"sku": {"name": "[parameters(''storageAccountSku'')]"},
      "kind": "Storage", "name": "[parameters(''storageAccountName'')]", "tags": {"containerregistry":
      "[parameters(''registryName'')]"}, "apiVersion": "2016-12-01", "location": "[parameters(''registryLocation'')]",
      "type": "Microsoft.Storage/storageAccounts", "properties": {"encryption": {"services":
      {"blob": {"enabled": true}}, "keySource": "Microsoft.Storage"}}}, {"sku": {"name":
      "[parameters(''registrySku'')]"}, "name": "[parameters(''registryName'')]",
      "apiVersion": "[parameters(''registryApiVersion'')]", "location": "[parameters(''registryLocation'')]",
      "dependsOn": ["[resourceId(''Microsoft.Storage/storageAccounts'', parameters(''storageAccountName''))]"],
      "type": "Microsoft.ContainerRegistry/registries", "properties": {"storageAccount":
      {"accessKey": "[listKeys(resourceId(''Microsoft.Storage/storageAccounts'', parameters(''storageAccountName'')),
      ''2016-12-01'').keys[0].value]", "name": "[parameters(''storageAccountName'')]"},
      "adminUserEnabled": "[parameters(''adminUserEnabled'')]"}}]}}}'
    headers:
      Accept: [application/json]
      Accept-Encoding: ['gzip, deflate']
      CommandName: [acr create]
      Connection: [keep-alive]
      Content-Length: ['2324']
      Content-Type: [application/json; charset=utf-8]
      User-Agent: [python/2.7.13 (Darwin-16.5.0-x86_64-i386-64bit) requests/2.9.1
          msrest/0.4.7 msrest_azure/0.4.7 resourcemanagementclient/1.0.0rc3 Azure-SDK-For-Python
          AZURECLI/2.0.4+dev]
      accept-language: [en-US]
    method: PUT
    uri: https://management.azure.com/subscriptions/00000000-0000-0000-0000-000000000000/resourcegroups/clitest.rg000001/providers/Microsoft.Resources/deployments/mock-deployment?api-version=2016-09-01
  response:
    body: {string: !!python/unicode '{"id":"/subscriptions/00000000-0000-0000-0000-000000000000/resourceGroups/clitest.rg000001/providers/Microsoft.Resources/deployments/Microsoft.ContainerRegistry","name":"Microsoft.ContainerRegistry","properties":{"templateHash":"18340797219872520453","parameters":{"registryLocation":{"type":"String","value":"westus"},"adminUserEnabled":{"type":"Bool","value":false},"registrySku":{"type":"String","value":"Basic"},"registryName":{"type":"String","value":"clireg000003"},"storageAccountSku":{"type":"String","value":"Standard_LRS"},"storageAccountName":{"type":"String","value":"cliregqfvz5ux5ngpi221537"},"registryApiVersion":{"type":"String","value":"2017-03-01"}},"mode":"Incremental","provisioningState":"Accepted","timestamp":"2017-05-05T22:15:38.8838342Z","duration":"PT0.3992043S","correlationId":"62110340-f0a8-40e1-bbae-040b4f9b375e","providers":[{"namespace":"Microsoft.Storage","resourceTypes":[{"resourceType":"storageAccounts","locations":["westus"]}]},{"namespace":"Microsoft.ContainerRegistry","resourceTypes":[{"resourceType":"registries","locations":["westus"]}]}],"dependencies":[{"dependsOn":[{"id":"/subscriptions/00000000-0000-0000-0000-000000000000/resourceGroups/clitest.rg000001/providers/Microsoft.Storage/storageAccounts/cliregqfvz5ux5ngpi221537","resourceType":"Microsoft.Storage/storageAccounts","resourceName":"cliregqfvz5ux5ngpi221537"},{"id":"/subscriptions/00000000-0000-0000-0000-000000000000/resourceGroups/clitest.rg000001/providers/Microsoft.Storage/storageAccounts/cliregqfvz5ux5ngpi221537","resourceType":"Microsoft.Storage/storageAccounts","resourceName":"cliregqfvz5ux5ngpi221537","actionName":"listKeys","apiVersion":"2016-12-01"}],"id":"/subscriptions/00000000-0000-0000-0000-000000000000/resourceGroups/clitest.rg000001/providers/Microsoft.ContainerRegistry/registries/clireg000003","resourceType":"Microsoft.ContainerRegistry/registries","resourceName":"clireg000003"}]}}'}
    headers:
      azure-asyncoperation: ['https://management.azure.com/subscriptions/00000000-0000-0000-0000-000000000000/resourcegroups/clitest.rg000001/providers/Microsoft.Resources/deployments/Microsoft.ContainerRegistry/operationStatuses/08587075843469929914?api-version=2016-09-01']
      cache-control: [no-cache]
      content-length: ['2266']
      content-type: [application/json; charset=utf-8]
      date: ['Fri, 05 May 2017 22:15:38 GMT']
      expires: ['-1']
      pragma: [no-cache]
      strict-transport-security: [max-age=31536000; includeSubDomains]
      x-ms-ratelimit-remaining-subscription-writes: ['1195']
    status: {code: 201, message: Created}
- request:
    body: null
    headers:
      Accept: [application/json]
      Accept-Encoding: ['gzip, deflate']
      CommandName: [acr create]
      Connection: [keep-alive]
      Content-Type: [application/json; charset=utf-8]
      User-Agent: [python/2.7.13 (Darwin-16.5.0-x86_64-i386-64bit) requests/2.9.1
          msrest/0.4.7 msrest_azure/0.4.7 resourcemanagementclient/1.0.0rc3 Azure-SDK-For-Python
          AZURECLI/2.0.4+dev]
      accept-language: [en-US]
    method: GET
    uri: https://management.azure.com/subscriptions/00000000-0000-0000-0000-000000000000/resourcegroups/clitest.rg000001/providers/Microsoft.Resources/deployments/mock-deployment/operationStatuses/08587075843469929914?api-version=2016-09-01
  response:
    body: {string: !!python/unicode '{"status":"Running"}'}
    headers:
      cache-control: [no-cache]
      content-length: ['20']
      content-type: [application/json; charset=utf-8]
      date: ['Fri, 05 May 2017 22:16:09 GMT']
      expires: ['-1']
      pragma: [no-cache]
      strict-transport-security: [max-age=31536000; includeSubDomains]
      vary: [Accept-Encoding]
    status: {code: 200, message: OK}
- request:
    body: null
    headers:
      Accept: [application/json]
      Accept-Encoding: ['gzip, deflate']
      CommandName: [acr create]
      Connection: [keep-alive]
      Content-Type: [application/json; charset=utf-8]
      User-Agent: [python/2.7.13 (Darwin-16.5.0-x86_64-i386-64bit) requests/2.9.1
          msrest/0.4.7 msrest_azure/0.4.7 resourcemanagementclient/1.0.0rc3 Azure-SDK-For-Python
          AZURECLI/2.0.4+dev]
      accept-language: [en-US]
    method: GET
    uri: https://management.azure.com/subscriptions/00000000-0000-0000-0000-000000000000/resourcegroups/clitest.rg000001/providers/Microsoft.Resources/deployments/mock-deployment/operationStatuses/08587075843469929914?api-version=2016-09-01
  response:
    body: {string: !!python/unicode '{"status":"Succeeded"}'}
    headers:
      cache-control: [no-cache]
      content-length: ['22']
      content-type: [application/json; charset=utf-8]
      date: ['Fri, 05 May 2017 22:16:38 GMT']
      expires: ['-1']
      pragma: [no-cache]
      strict-transport-security: [max-age=31536000; includeSubDomains]
      vary: [Accept-Encoding]
    status: {code: 200, message: OK}
- request:
    body: null
    headers:
      Accept: [application/json]
      Accept-Encoding: ['gzip, deflate']
      CommandName: [acr create]
      Connection: [keep-alive]
      Content-Type: [application/json; charset=utf-8]
      User-Agent: [python/2.7.13 (Darwin-16.5.0-x86_64-i386-64bit) requests/2.9.1
          msrest/0.4.7 msrest_azure/0.4.7 resourcemanagementclient/1.0.0rc3 Azure-SDK-For-Python
          AZURECLI/2.0.4+dev]
      accept-language: [en-US]
    method: GET
    uri: https://management.azure.com/subscriptions/00000000-0000-0000-0000-000000000000/resourcegroups/clitest.rg000001/providers/Microsoft.Resources/deployments/mock-deployment?api-version=2016-09-01
  response:
    body: {string: !!python/unicode '{"id":"/subscriptions/00000000-0000-0000-0000-000000000000/resourceGroups/clitest.rg000001/providers/Microsoft.Resources/deployments/Microsoft.ContainerRegistry","name":"Microsoft.ContainerRegistry","properties":{"templateHash":"18340797219872520453","parameters":{"registryLocation":{"type":"String","value":"westus"},"adminUserEnabled":{"type":"Bool","value":false},"registrySku":{"type":"String","value":"Basic"},"registryName":{"type":"String","value":"clireg000003"},"storageAccountSku":{"type":"String","value":"Standard_LRS"},"storageAccountName":{"type":"String","value":"cliregqfvz5ux5ngpi221537"},"registryApiVersion":{"type":"String","value":"2017-03-01"}},"mode":"Incremental","provisioningState":"Succeeded","timestamp":"2017-05-05T22:16:16.988557Z","duration":"PT38.5039271S","correlationId":"62110340-f0a8-40e1-bbae-040b4f9b375e","providers":[{"namespace":"Microsoft.Storage","resourceTypes":[{"resourceType":"storageAccounts","locations":["westus"]}]},{"namespace":"Microsoft.ContainerRegistry","resourceTypes":[{"resourceType":"registries","locations":["westus"]}]}],"dependencies":[{"dependsOn":[{"id":"/subscriptions/00000000-0000-0000-0000-000000000000/resourceGroups/clitest.rg000001/providers/Microsoft.Storage/storageAccounts/cliregqfvz5ux5ngpi221537","resourceType":"Microsoft.Storage/storageAccounts","resourceName":"cliregqfvz5ux5ngpi221537"},{"id":"/subscriptions/00000000-0000-0000-0000-000000000000/resourceGroups/clitest.rg000001/providers/Microsoft.Storage/storageAccounts/cliregqfvz5ux5ngpi221537","resourceType":"Microsoft.Storage/storageAccounts","resourceName":"cliregqfvz5ux5ngpi221537","actionName":"listKeys","apiVersion":"2016-12-01"}],"id":"/subscriptions/00000000-0000-0000-0000-000000000000/resourceGroups/clitest.rg000001/providers/Microsoft.ContainerRegistry/registries/clireg000003","resourceType":"Microsoft.ContainerRegistry/registries","resourceName":"clireg000003"}],"outputResources":[{"id":"Microsoft.ContainerRegistry/registries/clireg000003"},{"id":"Microsoft.Storage/storageAccounts/cliregqfvz5ux5ngpi221537"}]}}'}
    headers:
      cache-control: [no-cache]
      content-length: ['2454']
      content-type: [application/json; charset=utf-8]
      date: ['Fri, 05 May 2017 22:16:39 GMT']
      expires: ['-1']
      pragma: [no-cache]
      strict-transport-security: [max-age=31536000; includeSubDomains]
      vary: [Accept-Encoding]
    status: {code: 200, message: OK}
- request:
    body: null
    headers:
      Accept: [application/json]
      Accept-Encoding: ['gzip, deflate']
      CommandName: [acr create]
      Connection: [keep-alive]
      Content-Type: [application/json; charset=utf-8]
      User-Agent: [python/2.7.13 (Darwin-16.5.0-x86_64-i386-64bit) requests/2.9.1
          msrest/0.4.7 msrest_azure/0.4.7 containerregistrymanagementclient/0.2.1
          Azure-SDK-For-Python AZURECLI/2.0.4+dev]
      accept-language: [en-US]
    method: GET
    uri: https://management.azure.com/subscriptions/00000000-0000-0000-0000-000000000000/resourceGroups/clitest.rg000001/providers/Microsoft.ContainerRegistry/registries/clireg000003?api-version=2017-03-01
  response:
    body: {string: !!python/unicode '{"sku":{"name":"Basic","tier":"Basic"},"type":"Microsoft.ContainerRegistry/registries","id":"/subscriptions/00000000-0000-0000-0000-000000000000/resourcegroups/clitest.rg000001/providers/Microsoft.ContainerRegistry/registries/clireg000003","name":"clireg000003","location":"westus","tags":{},"properties":{"loginServer":"clireg000003.azurecr.io","creationDate":"2017-05-05T22:16:13.3488657Z","provisioningState":"Succeeded","adminUserEnabled":false,"storageAccount":{"name":"cliregqfvz5ux5ngpi221537"}}}'}
    headers:
      cache-control: [no-cache]
      content-length: ['676']
      content-type: [application/json; charset=utf-8]
      date: ['Fri, 05 May 2017 22:16:41 GMT']
      expires: ['-1']
      pragma: [no-cache]
      server: [Microsoft-HTTPAPI/2.0]
      strict-transport-security: [max-age=31536000; includeSubDomains]
      transfer-encoding: [chunked]
      vary: [Accept-Encoding]
    status: {code: 200, message: OK}
- request:
    body: !!python/unicode '{"type": "Microsoft.ContainerRegistry/registries", "name":
      "clireg000003"}'
    headers:
      Accept: [application/json]
      Accept-Encoding: ['gzip, deflate']
      CommandName: [acr check-name]
      Connection: [keep-alive]
      Content-Length: ['112']
      Content-Type: [application/json; charset=utf-8]
      User-Agent: [python/2.7.13 (Darwin-16.5.0-x86_64-i386-64bit) requests/2.9.1
          msrest/0.4.7 msrest_azure/0.4.7 containerregistrymanagementclient/0.2.1
          Azure-SDK-For-Python AZURECLI/2.0.4+dev]
      accept-language: [en-US]
    method: POST
    uri: https://management.azure.com/subscriptions/00000000-0000-0000-0000-000000000000/providers/Microsoft.ContainerRegistry/checkNameAvailability?api-version=2017-03-01
  response:
    body: {string: !!python/unicode '{"nameAvailable":false,"reason":"AlreadyExists","message":"The
        registry clireg000003 is already in use."}'}
    headers:
      cache-control: [no-cache]
      content-length: ['143']
      content-type: [application/json; charset=utf-8]
      date: ['Fri, 05 May 2017 22:16:41 GMT']
      expires: ['-1']
      pragma: [no-cache]
      server: [Microsoft-HTTPAPI/2.0]
      strict-transport-security: [max-age=31536000; includeSubDomains]
      transfer-encoding: [chunked]
      vary: [Accept-Encoding]
    status: {code: 200, message: OK}
- request:
    body: null
    headers:
      Accept: [application/json]
      Accept-Encoding: ['gzip, deflate']
      CommandName: [acr list]
      Connection: [keep-alive]
      Content-Type: [application/json; charset=utf-8]
      User-Agent: [python/2.7.13 (Darwin-16.5.0-x86_64-i386-64bit) requests/2.9.1
          msrest/0.4.7 msrest_azure/0.4.7 containerregistrymanagementclient/0.2.1
          Azure-SDK-For-Python AZURECLI/2.0.4+dev]
      accept-language: [en-US]
    method: GET
    uri: https://management.azure.com/subscriptions/00000000-0000-0000-0000-000000000000/resourceGroups/clitest.rg000001/providers/Microsoft.ContainerRegistry/registries?api-version=2017-03-01
  response:
    body: {string: !!python/unicode '{"value":[{"sku":{"name":"Basic","tier":"Basic"},"type":"Microsoft.ContainerRegistry/registries","id":"/subscriptions/00000000-0000-0000-0000-000000000000/resourcegroups/clitest.rg000001/providers/Microsoft.ContainerRegistry/registries/clireg000003","name":"clireg000003","location":"westus","tags":{},"properties":{"loginServer":"clireg000003.azurecr.io","creationDate":"2017-05-05T22:16:13.3488657Z","provisioningState":"Succeeded","adminUserEnabled":false,"storageAccount":{"name":"cliregqfvz5ux5ngpi221537"}}}]}'}
    headers:
      cache-control: [no-cache]
      content-length: ['688']
      content-type: [application/json; charset=utf-8]
      date: ['Fri, 05 May 2017 22:16:41 GMT']
      expires: ['-1']
      pragma: [no-cache]
      server: [Microsoft-HTTPAPI/2.0]
      strict-transport-security: [max-age=31536000; includeSubDomains]
      transfer-encoding: [chunked]
      vary: [Accept-Encoding]
    status: {code: 200, message: OK}
- request:
    body: null
    headers:
      Accept: [application/json]
      Accept-Encoding: ['gzip, deflate']
      CommandName: [acr show]
      Connection: [keep-alive]
      Content-Type: [application/json; charset=utf-8]
      User-Agent: [python/2.7.13 (Darwin-16.5.0-x86_64-i386-64bit) requests/2.9.1
          msrest/0.4.7 msrest_azure/0.4.7 containerregistrymanagementclient/0.2.1
          Azure-SDK-For-Python AZURECLI/2.0.4+dev]
      accept-language: [en-US]
    method: GET
    uri: https://management.azure.com/subscriptions/00000000-0000-0000-0000-000000000000/resourceGroups/clitest.rg000001/providers/Microsoft.ContainerRegistry/registries/clireg000003?api-version=2017-03-01
  response:
    body: {string: !!python/unicode '{"sku":{"name":"Basic","tier":"Basic"},"type":"Microsoft.ContainerRegistry/registries","id":"/subscriptions/00000000-0000-0000-0000-000000000000/resourcegroups/clitest.rg000001/providers/Microsoft.ContainerRegistry/registries/clireg000003","name":"clireg000003","location":"westus","tags":{},"properties":{"loginServer":"clireg000003.azurecr.io","creationDate":"2017-05-05T22:16:13.3488657Z","provisioningState":"Succeeded","adminUserEnabled":false,"storageAccount":{"name":"cliregqfvz5ux5ngpi221537"}}}'}
    headers:
      cache-control: [no-cache]
      content-length: ['676']
      content-type: [application/json; charset=utf-8]
      date: ['Fri, 05 May 2017 22:16:42 GMT']
      expires: ['-1']
      pragma: [no-cache]
      server: [Microsoft-HTTPAPI/2.0]
      strict-transport-security: [max-age=31536000; includeSubDomains]
      transfer-encoding: [chunked]
      vary: [Accept-Encoding]
    status: {code: 200, message: OK}
- request:
    body: null
    headers:
      Accept: [application/json]
      Accept-Encoding: ['gzip, deflate']
      CommandName: [acr update]
      Connection: [keep-alive]
      Content-Type: [application/json; charset=utf-8]
      User-Agent: [python/2.7.13 (Darwin-16.5.0-x86_64-i386-64bit) requests/2.9.1
          msrest/0.4.7 msrest_azure/0.4.7 containerregistrymanagementclient/0.2.1
          Azure-SDK-For-Python AZURECLI/2.0.4+dev]
      accept-language: [en-US]
    method: GET
    uri: https://management.azure.com/subscriptions/00000000-0000-0000-0000-000000000000/resourceGroups/clitest.rg000001/providers/Microsoft.ContainerRegistry/registries/clireg000003?api-version=2017-03-01
  response:
    body: {string: !!python/unicode '{"sku":{"name":"Basic","tier":"Basic"},"type":"Microsoft.ContainerRegistry/registries","id":"/subscriptions/00000000-0000-0000-0000-000000000000/resourcegroups/clitest.rg000001/providers/Microsoft.ContainerRegistry/registries/clireg000003","name":"clireg000003","location":"westus","tags":{},"properties":{"loginServer":"clireg000003.azurecr.io","creationDate":"2017-05-05T22:16:13.3488657Z","provisioningState":"Succeeded","adminUserEnabled":false,"storageAccount":{"name":"cliregqfvz5ux5ngpi221537"}}}'}
    headers:
      cache-control: [no-cache]
      content-length: ['676']
      content-type: [application/json; charset=utf-8]
      date: ['Fri, 05 May 2017 22:16:43 GMT']
      expires: ['-1']
      pragma: [no-cache]
      server: [Microsoft-HTTPAPI/2.0]
      strict-transport-security: [max-age=31536000; includeSubDomains]
      transfer-encoding: [chunked]
      vary: [Accept-Encoding]
    status: {code: 200, message: OK}
- request:
    body: !!python/unicode '{"properties": {"adminUserEnabled": true}, "tags": {}}'
    headers:
      Accept: [application/json]
      Accept-Encoding: ['gzip, deflate']
      CommandName: [acr update]
      Connection: [keep-alive]
      Content-Length: ['54']
      Content-Type: [application/json; charset=utf-8]
      User-Agent: [python/2.7.13 (Darwin-16.5.0-x86_64-i386-64bit) requests/2.9.1
          msrest/0.4.7 msrest_azure/0.4.7 containerregistrymanagementclient/0.2.1
          Azure-SDK-For-Python AZURECLI/2.0.4+dev]
      accept-language: [en-US]
    method: PATCH
    uri: https://management.azure.com/subscriptions/00000000-0000-0000-0000-000000000000/resourceGroups/clitest.rg000001/providers/Microsoft.ContainerRegistry/registries/clireg000003?api-version=2017-03-01
  response:
    body: {string: !!python/unicode '{"sku":{"name":"Basic","tier":"Basic"},"type":"Microsoft.ContainerRegistry/registries","id":"/subscriptions/00000000-0000-0000-0000-000000000000/resourcegroups/clitest.rg000001/providers/Microsoft.ContainerRegistry/registries/clireg000003","name":"clireg000003","location":"westus","tags":{},"properties":{"loginServer":"clireg000003.azurecr.io","creationDate":"2017-05-05T22:16:13.3488657Z","provisioningState":"Succeeded","adminUserEnabled":true,"storageAccount":{"name":"cliregqfvz5ux5ngpi221537"}}}'}
    headers:
      cache-control: [no-cache]
      content-length: ['675']
      content-type: [application/json; charset=utf-8]
      date: ['Fri, 05 May 2017 22:16:44 GMT']
      expires: ['-1']
      pragma: [no-cache]
      server: [Microsoft-HTTPAPI/2.0]
      strict-transport-security: [max-age=31536000; includeSubDomains]
      transfer-encoding: [chunked]
      vary: [Accept-Encoding]
      x-ms-ratelimit-remaining-subscription-writes: ['1198']
    status: {code: 200, message: OK}
- request:
    body: null
    headers:
      Accept: [application/json]
      Accept-Encoding: ['gzip, deflate']
      CommandName: [acr credential show]
      Connection: [keep-alive]
      Content-Type: [application/json; charset=utf-8]
      User-Agent: [python/2.7.13 (Darwin-16.5.0-x86_64-i386-64bit) requests/2.9.1
          msrest/0.4.7 msrest_azure/0.4.7 containerregistrymanagementclient/0.2.1
          Azure-SDK-For-Python AZURECLI/2.0.4+dev]
      accept-language: [en-US]
    method: GET
    uri: https://management.azure.com/subscriptions/00000000-0000-0000-0000-000000000000/resourceGroups/clitest.rg000001/providers/Microsoft.ContainerRegistry/registries/clireg000003?api-version=2017-03-01
  response:
    body: {string: !!python/unicode '{"sku":{"name":"Basic","tier":"Basic"},"type":"Microsoft.ContainerRegistry/registries","id":"/subscriptions/00000000-0000-0000-0000-000000000000/resourcegroups/clitest.rg000001/providers/Microsoft.ContainerRegistry/registries/clireg000003","name":"clireg000003","location":"westus","tags":{},"properties":{"loginServer":"clireg000003.azurecr.io","creationDate":"2017-05-05T22:16:44.4769946Z","provisioningState":"Succeeded","adminUserEnabled":true,"storageAccount":{"name":"cliregqfvz5ux5ngpi221537"}}}'}
    headers:
      cache-control: [no-cache]
      content-length: ['675']
      content-type: [application/json; charset=utf-8]
      date: ['Fri, 05 May 2017 22:16:44 GMT']
      expires: ['-1']
      pragma: [no-cache]
      server: [Microsoft-HTTPAPI/2.0]
      strict-transport-security: [max-age=31536000; includeSubDomains]
      transfer-encoding: [chunked]
      vary: [Accept-Encoding]
    status: {code: 200, message: OK}
- request:
    body: null
    headers:
      Accept: [application/json]
      Accept-Encoding: ['gzip, deflate']
      CommandName: [acr credential show]
      Connection: [keep-alive]
      Content-Length: ['0']
      Content-Type: [application/json; charset=utf-8]
      User-Agent: [python/2.7.13 (Darwin-16.5.0-x86_64-i386-64bit) requests/2.9.1
          msrest/0.4.7 msrest_azure/0.4.7 containerregistrymanagementclient/0.2.1
          Azure-SDK-For-Python AZURECLI/2.0.4+dev]
      accept-language: [en-US]
    method: POST
    uri: https://management.azure.com/subscriptions/00000000-0000-0000-0000-000000000000/resourceGroups/clitest.rg000001/providers/Microsoft.ContainerRegistry/registries/clireg000003/listCredentials?api-version=2017-03-01
  response:
    body: {string: !!python/unicode '{"username":"clireg000003","passwords":[{"name":"password","value":"/Kcy7=+j+==xn/+DbF/+C76+5=M/iOjV"},{"name":"password2","value":"HETb+HuHuh2P/xgfMKdfsPYhIwQTx4p8"}]}'}
    headers:
      cache-control: [no-cache]
      content-length: ['206']
      content-type: [application/json; charset=utf-8]
      date: ['Fri, 05 May 2017 22:16:44 GMT']
      expires: ['-1']
      pragma: [no-cache]
      server: [Microsoft-HTTPAPI/2.0]
      strict-transport-security: [max-age=31536000; includeSubDomains]
      transfer-encoding: [chunked]
      vary: [Accept-Encoding]
      x-ms-ratelimit-remaining-subscription-writes: ['1193']
    status: {code: 200, message: OK}
- request:
    body: null
    headers:
      Accept: [application/json]
      Accept-Encoding: ['gzip, deflate']
      CommandName: [acr credential renew]
      Connection: [keep-alive]
      Content-Type: [application/json; charset=utf-8]
      User-Agent: [python/2.7.13 (Darwin-16.5.0-x86_64-i386-64bit) requests/2.9.1
          msrest/0.4.7 msrest_azure/0.4.7 containerregistrymanagementclient/0.2.1
          Azure-SDK-For-Python AZURECLI/2.0.4+dev]
      accept-language: [en-US]
    method: GET
    uri: https://management.azure.com/subscriptions/00000000-0000-0000-0000-000000000000/resourceGroups/clitest.rg000001/providers/Microsoft.ContainerRegistry/registries/clireg000003?api-version=2017-03-01
  response:
    body: {string: !!python/unicode '{"sku":{"name":"Basic","tier":"Basic"},"type":"Microsoft.ContainerRegistry/registries","id":"/subscriptions/00000000-0000-0000-0000-000000000000/resourcegroups/clitest.rg000001/providers/Microsoft.ContainerRegistry/registries/clireg000003","name":"clireg000003","location":"westus","tags":{},"properties":{"loginServer":"clireg000003.azurecr.io","creationDate":"2017-05-05T22:16:44.4769946Z","provisioningState":"Succeeded","adminUserEnabled":true,"storageAccount":{"name":"cliregqfvz5ux5ngpi221537"}}}'}
    headers:
      cache-control: [no-cache]
      content-length: ['675']
      content-type: [application/json; charset=utf-8]
      date: ['Fri, 05 May 2017 22:16:45 GMT']
      expires: ['-1']
      pragma: [no-cache]
      server: [Microsoft-HTTPAPI/2.0]
      strict-transport-security: [max-age=31536000; includeSubDomains]
      transfer-encoding: [chunked]
      vary: [Accept-Encoding]
    status: {code: 200, message: OK}
- request:
    body: !!python/unicode '{"name": "password"}'
    headers:
      Accept: [application/json]
      Accept-Encoding: ['gzip, deflate']
      CommandName: [acr credential renew]
      Connection: [keep-alive]
      Content-Length: ['20']
      Content-Type: [application/json; charset=utf-8]
      User-Agent: [python/2.7.13 (Darwin-16.5.0-x86_64-i386-64bit) requests/2.9.1
          msrest/0.4.7 msrest_azure/0.4.7 containerregistrymanagementclient/0.2.1
          Azure-SDK-For-Python AZURECLI/2.0.4+dev]
      accept-language: [en-US]
    method: POST
    uri: https://management.azure.com/subscriptions/00000000-0000-0000-0000-000000000000/resourceGroups/clitest.rg000001/providers/Microsoft.ContainerRegistry/registries/clireg000003/regenerateCredential?api-version=2017-03-01
  response:
    body: {string: !!python/unicode '{"username":"clireg000003","passwords":[{"name":"password","value":"R=++/oN=/nM===P+/i9pNgC43lqHWJ+o"},{"name":"password2","value":"HETb+HuHuh2P/xgfMKdfsPYhIwQTx4p8"}]}'}
    headers:
      cache-control: [no-cache]
      content-length: ['206']
      content-type: [application/json; charset=utf-8]
      date: ['Fri, 05 May 2017 22:16:45 GMT']
      expires: ['-1']
      pragma: [no-cache]
      server: [Microsoft-HTTPAPI/2.0]
      strict-transport-security: [max-age=31536000; includeSubDomains]
      transfer-encoding: [chunked]
      vary: [Accept-Encoding]
      x-ms-ratelimit-remaining-subscription-writes: ['1196']
    status: {code: 200, message: OK}
- request:
    body: null
    headers:
      Accept: [application/json]
      Accept-Encoding: ['gzip, deflate']
      CommandName: [acr credential renew]
      Connection: [keep-alive]
      Content-Type: [application/json; charset=utf-8]
      User-Agent: [python/2.7.13 (Darwin-16.5.0-x86_64-i386-64bit) requests/2.9.1
          msrest/0.4.7 msrest_azure/0.4.7 containerregistrymanagementclient/0.2.1
          Azure-SDK-For-Python AZURECLI/2.0.4+dev]
      accept-language: [en-US]
    method: GET
    uri: https://management.azure.com/subscriptions/00000000-0000-0000-0000-000000000000/resourceGroups/clitest.rg000001/providers/Microsoft.ContainerRegistry/registries/clireg000003?api-version=2017-03-01
  response:
    body: {string: !!python/unicode '{"sku":{"name":"Basic","tier":"Basic"},"type":"Microsoft.ContainerRegistry/registries","id":"/subscriptions/00000000-0000-0000-0000-000000000000/resourcegroups/clitest.rg000001/providers/Microsoft.ContainerRegistry/registries/clireg000003","name":"clireg000003","location":"westus","tags":{},"properties":{"loginServer":"clireg000003.azurecr.io","creationDate":"2017-05-05T22:16:46.4613684Z","provisioningState":"Succeeded","adminUserEnabled":true,"storageAccount":{"name":"cliregqfvz5ux5ngpi221537"}}}'}
    headers:
      cache-control: [no-cache]
      content-length: ['675']
      content-type: [application/json; charset=utf-8]
      date: ['Fri, 05 May 2017 22:16:46 GMT']
      expires: ['-1']
      pragma: [no-cache]
      server: [Microsoft-HTTPAPI/2.0]
      strict-transport-security: [max-age=31536000; includeSubDomains]
      transfer-encoding: [chunked]
      vary: [Accept-Encoding]
    status: {code: 200, message: OK}
- request:
    body: !!python/unicode '{"name": "password2"}'
    headers:
      Accept: [application/json]
      Accept-Encoding: ['gzip, deflate']
      CommandName: [acr credential renew]
      Connection: [keep-alive]
      Content-Length: ['21']
      Content-Type: [application/json; charset=utf-8]
      User-Agent: [python/2.7.13 (Darwin-16.5.0-x86_64-i386-64bit) requests/2.9.1
          msrest/0.4.7 msrest_azure/0.4.7 containerregistrymanagementclient/0.2.1
          Azure-SDK-For-Python AZURECLI/2.0.4+dev]
      accept-language: [en-US]
    method: POST
    uri: https://management.azure.com/subscriptions/00000000-0000-0000-0000-000000000000/resourceGroups/clitest.rg000001/providers/Microsoft.ContainerRegistry/registries/clireg000003/regenerateCredential?api-version=2017-03-01
  response:
    body: {string: !!python/unicode '{"username":"clireg000003","passwords":[{"name":"password","value":"R=++/oN=/nM===P+/i9pNgC43lqHWJ+o"},{"name":"password2","value":"HZ=Istgqh36LavAyXsRKHuIabamPzMkL"}]}'}
    headers:
      cache-control: [no-cache]
      content-length: ['206']
      content-type: [application/json; charset=utf-8]
      date: ['Fri, 05 May 2017 22:16:47 GMT']
      expires: ['-1']
      pragma: [no-cache]
      server: [Microsoft-HTTPAPI/2.0]
      strict-transport-security: [max-age=31536000; includeSubDomains]
      transfer-encoding: [chunked]
      vary: [Accept-Encoding]
      x-ms-ratelimit-remaining-subscription-writes: ['1196']
    status: {code: 200, message: OK}
- request:
    body: null
    headers:
      Accept: [application/json]
      Accept-Encoding: ['gzip, deflate']
      CommandName: [acr show]
      Connection: [keep-alive]
      Content-Type: [application/json; charset=utf-8]
      User-Agent: [python/2.7.13 (Darwin-16.5.0-x86_64-i386-64bit) requests/2.9.1
          msrest/0.4.7 msrest_azure/0.4.7 containerregistrymanagementclient/0.2.1
          Azure-SDK-For-Python AZURECLI/2.0.4+dev]
      accept-language: [en-US]
    method: GET
    uri: https://management.azure.com/subscriptions/00000000-0000-0000-0000-000000000000/resourceGroups/clitest.rg000001/providers/Microsoft.ContainerRegistry/registries/clireg000003?api-version=2017-03-01
  response:
    body: {string: !!python/unicode '{"sku":{"name":"Basic","tier":"Basic"},"type":"Microsoft.ContainerRegistry/registries","id":"/subscriptions/00000000-0000-0000-0000-000000000000/resourcegroups/clitest.rg000001/providers/Microsoft.ContainerRegistry/registries/clireg000003","name":"clireg000003","location":"westus","tags":{},"properties":{"loginServer":"clireg000003.azurecr.io","creationDate":"2017-05-05T22:16:47.48107Z","provisioningState":"Succeeded","adminUserEnabled":true,"storageAccount":{"name":"cliregqfvz5ux5ngpi221537"}}}'}
    headers:
      cache-control: [no-cache]
      content-length: ['673']
      content-type: [application/json; charset=utf-8]
      date: ['Fri, 05 May 2017 22:16:47 GMT']
      expires: ['-1']
      pragma: [no-cache]
      server: [Microsoft-HTTPAPI/2.0]
      strict-transport-security: [max-age=31536000; includeSubDomains]
      transfer-encoding: [chunked]
      vary: [Accept-Encoding]
    status: {code: 200, message: OK}
- request:
    body: null
    headers:
      Accept: [application/json]
      Accept-Encoding: ['gzip, deflate']
      CommandName: [acr repository list]
      Connection: [keep-alive]
      Content-Type: [application/json; charset=utf-8]
      User-Agent: [python/2.7.13 (Darwin-16.5.0-x86_64-i386-64bit) requests/2.9.1
          msrest/0.4.7 msrest_azure/0.4.7 resourcemanagementclient/1.0.0rc3 Azure-SDK-For-Python
          AZURECLI/2.0.4+dev]
      accept-language: [en-US]
    method: GET
    uri: https://management.azure.com/subscriptions/00000000-0000-0000-0000-000000000000/resources?api-version=2016-09-01&$filter=resourceType%20eq%20%27Microsoft.ContainerRegistry%2Fregistries%27
  response:
    body: {string: !!python/unicode '{"value":[{"id":"/subscriptions/00000000-0000-0000-0000-000000000000/resourceGroups/clitest.rg000001/providers/Microsoft.ContainerRegistry/registries/clireg000003","name":"clireg000003","type":"Microsoft.ContainerRegistry/registries","sku":{"name":"Basic","tier":"Basic"},"location":"westus","tags":{}}]}'}
    headers:
      cache-control: [no-cache]
      content-length: ['439']
      content-type: [application/json; charset=utf-8]
      date: ['Fri, 05 May 2017 22:16:48 GMT']
      expires: ['-1']
      pragma: [no-cache]
      strict-transport-security: [max-age=31536000; includeSubDomains]
      vary: [Accept-Encoding]
    status: {code: 200, message: OK}
- request:
    body: null
    headers:
      Accept: [application/json]
      Accept-Encoding: ['gzip, deflate']
      CommandName: [acr repository list]
      Connection: [keep-alive]
      Content-Type: [application/json; charset=utf-8]
      User-Agent: [python/2.7.13 (Darwin-16.5.0-x86_64-i386-64bit) requests/2.9.1
          msrest/0.4.7 msrest_azure/0.4.7 containerregistrymanagementclient/0.2.1
          Azure-SDK-For-Python AZURECLI/2.0.4+dev]
      accept-language: [en-US]
    method: GET
    uri: https://management.azure.com/subscriptions/00000000-0000-0000-0000-000000000000/resourceGroups/clitest.rg000001/providers/Microsoft.ContainerRegistry/registries/clireg000003?api-version=2017-03-01
  response:
    body: {string: !!python/unicode '{"sku":{"name":"Basic","tier":"Basic"},"type":"Microsoft.ContainerRegistry/registries","id":"/subscriptions/00000000-0000-0000-0000-000000000000/resourcegroups/clitest.rg000001/providers/Microsoft.ContainerRegistry/registries/clireg000003","name":"clireg000003","location":"westus","tags":{},"properties":{"loginServer":"clireg000003.azurecr.io","creationDate":"2017-05-05T22:16:47.48107Z","provisioningState":"Succeeded","adminUserEnabled":true,"storageAccount":{"name":"cliregqfvz5ux5ngpi221537"}}}'}
    headers:
      cache-control: [no-cache]
      content-length: ['673']
      content-type: [application/json; charset=utf-8]
      date: ['Fri, 05 May 2017 22:16:48 GMT']
      expires: ['-1']
      pragma: [no-cache]
      server: [Microsoft-HTTPAPI/2.0]
      strict-transport-security: [max-age=31536000; includeSubDomains]
      transfer-encoding: [chunked]
      vary: [Accept-Encoding]
    status: {code: 200, message: OK}
- request:
    body: null
    headers:
      Accept: [application/json]
      Accept-Encoding: ['gzip, deflate']
      CommandName: [acr repository list]
      Connection: [keep-alive]
      Content-Type: [application/json; charset=utf-8]
      User-Agent: [python/2.7.13 (Darwin-16.5.0-x86_64-i386-64bit) requests/2.9.1
          msrest/0.4.7 msrest_azure/0.4.7 resourcemanagementclient/1.0.0rc3 Azure-SDK-For-Python
          AZURECLI/2.0.4+dev]
      accept-language: [en-US]
    method: GET
    uri: https://management.azure.com/subscriptions/00000000-0000-0000-0000-000000000000/resources?api-version=2016-09-01&$filter=resourceType%20eq%20%27Microsoft.ContainerRegistry%2Fregistries%27
  response:
    body: {string: !!python/unicode '{"value":[{"id":"/subscriptions/00000000-0000-0000-0000-000000000000/resourceGroups/clitest.rg000001/providers/Microsoft.ContainerRegistry/registries/clireg000003","name":"clireg000003","type":"Microsoft.ContainerRegistry/registries","sku":{"name":"Basic","tier":"Basic"},"location":"westus","tags":{}}]}'}
    headers:
      cache-control: [no-cache]
      content-length: ['439']
      content-type: [application/json; charset=utf-8]
      date: ['Fri, 05 May 2017 22:16:47 GMT']
      expires: ['-1']
      pragma: [no-cache]
      strict-transport-security: [max-age=31536000; includeSubDomains]
      vary: [Accept-Encoding]
    status: {code: 200, message: OK}
- request:
    body: null
    headers:
      Accept: [application/json]
      Accept-Encoding: ['gzip, deflate']
      CommandName: [acr repository list]
      Connection: [keep-alive]
      Content-Type: [application/json; charset=utf-8]
      User-Agent: [python/2.7.13 (Darwin-16.5.0-x86_64-i386-64bit) requests/2.9.1
          msrest/0.4.7 msrest_azure/0.4.7 containerregistrymanagementclient/0.2.1
          Azure-SDK-For-Python AZURECLI/2.0.4+dev]
      accept-language: [en-US]
    method: GET
    uri: https://management.azure.com/subscriptions/00000000-0000-0000-0000-000000000000/resourceGroups/clitest.rg000001/providers/Microsoft.ContainerRegistry/registries/clireg000003?api-version=2017-03-01
  response:
    body: {string: !!python/unicode '{"sku":{"name":"Basic","tier":"Basic"},"type":"Microsoft.ContainerRegistry/registries","id":"/subscriptions/00000000-0000-0000-0000-000000000000/resourcegroups/clitest.rg000001/providers/Microsoft.ContainerRegistry/registries/clireg000003","name":"clireg000003","location":"westus","tags":{},"properties":{"loginServer":"clireg000003.azurecr.io","creationDate":"2017-05-05T22:16:47.48107Z","provisioningState":"Succeeded","adminUserEnabled":true,"storageAccount":{"name":"cliregqfvz5ux5ngpi221537"}}}'}
    headers:
      cache-control: [no-cache]
      content-length: ['673']
      content-type: [application/json; charset=utf-8]
      date: ['Fri, 05 May 2017 22:16:48 GMT']
      expires: ['-1']
      pragma: [no-cache]
      server: [Microsoft-HTTPAPI/2.0]
      strict-transport-security: [max-age=31536000; includeSubDomains]
      transfer-encoding: [chunked]
      vary: [Accept-Encoding]
    status: {code: 200, message: OK}
- request:
    body: null
    headers:
      Accept: [application/json]
      Accept-Encoding: ['gzip, deflate']
      CommandName: [acr repository list]
      Connection: [keep-alive]
      Content-Length: ['0']
      Content-Type: [application/json; charset=utf-8]
      User-Agent: [python/2.7.13 (Darwin-16.5.0-x86_64-i386-64bit) requests/2.9.1
          msrest/0.4.7 msrest_azure/0.4.7 containerregistrymanagementclient/0.2.1
          Azure-SDK-For-Python AZURECLI/2.0.4+dev]
      accept-language: [en-US]
    method: POST
    uri: https://management.azure.com/subscriptions/00000000-0000-0000-0000-000000000000/resourceGroups/clitest.rg000001/providers/Microsoft.ContainerRegistry/registries/clireg000003/listCredentials?api-version=2017-03-01
  response:
    body: {string: !!python/unicode '{"username":"clireg000003","passwords":[{"name":"password","value":"R=++/oN=/nM===P+/i9pNgC43lqHWJ+o"},{"name":"password2","value":"HZ=Istgqh36LavAyXsRKHuIabamPzMkL"}]}'}
    headers:
      cache-control: [no-cache]
      content-length: ['206']
      content-type: [application/json; charset=utf-8]
      date: ['Fri, 05 May 2017 22:16:49 GMT']
      expires: ['-1']
      pragma: [no-cache]
      server: [Microsoft-HTTPAPI/2.0]
      strict-transport-security: [max-age=31536000; includeSubDomains]
      transfer-encoding: [chunked]
      vary: [Accept-Encoding]
      x-ms-ratelimit-remaining-subscription-writes: ['1194']
    status: {code: 200, message: OK}
- request:
    body: null
    headers:
      Accept: ['*/*']
      Accept-Encoding: ['gzip, deflate']
      Connection: [keep-alive]
      User-Agent: [python-requests/2.9.1]
    method: GET
    uri: https://clireg000003.azurecr.io/v2/_catalog
  response:
    body: {string: !!python/unicode '{"repositories":[]}

'}
    headers:
      connection: [keep-alive]
      content-length: ['20']
      content-type: [application/json; charset=utf-8]
      date: ['Fri, 05 May 2017 22:16:50 GMT']
      docker-distribution-api-version: [registry/2.0]
      server: [nginx/1.11.10]
      strict-transport-security: [max-age=31536000; includeSubDomains, max-age=31536000;
          includeSubDomains]
      x-content-type-options: [nosniff]
    status: {code: 200, message: OK}
- request:
    body: null
    headers:
      Accept: [application/json]
      Accept-Encoding: ['gzip, deflate']
      CommandName: [acr update]
      Connection: [keep-alive]
      Content-Type: [application/json; charset=utf-8]
      User-Agent: [python/2.7.13 (Darwin-16.5.0-x86_64-i386-64bit) requests/2.9.1
          msrest/0.4.7 msrest_azure/0.4.7 containerregistrymanagementclient/0.2.1
          Azure-SDK-For-Python AZURECLI/2.0.4+dev]
      accept-language: [en-US]
    method: GET
    uri: https://management.azure.com/subscriptions/00000000-0000-0000-0000-000000000000/resourceGroups/clitest.rg000001/providers/Microsoft.ContainerRegistry/registries/clireg000003?api-version=2017-03-01
  response:
    body: {string: !!python/unicode '{"sku":{"name":"Basic","tier":"Basic"},"type":"Microsoft.ContainerRegistry/registries","id":"/subscriptions/00000000-0000-0000-0000-000000000000/resourcegroups/clitest.rg000001/providers/Microsoft.ContainerRegistry/registries/clireg000003","name":"clireg000003","location":"westus","tags":{},"properties":{"loginServer":"clireg000003.azurecr.io","creationDate":"2017-05-05T22:16:47.48107Z","provisioningState":"Succeeded","adminUserEnabled":true,"storageAccount":{"name":"cliregqfvz5ux5ngpi221537"}}}'}
    headers:
      cache-control: [no-cache]
      content-length: ['673']
      content-type: [application/json; charset=utf-8]
      date: ['Fri, 05 May 2017 22:16:49 GMT']
      expires: ['-1']
      pragma: [no-cache]
      server: [Microsoft-HTTPAPI/2.0]
      strict-transport-security: [max-age=31536000; includeSubDomains]
      transfer-encoding: [chunked]
      vary: [Accept-Encoding]
    status: {code: 200, message: OK}
- request:
    body: null
    headers:
      Accept: [application/json]
      Accept-Encoding: ['gzip, deflate']
      CommandName: [acr update]
      Connection: [keep-alive]
      Content-Type: [application/json; charset=utf-8]
      User-Agent: [python/2.7.13 (Darwin-16.5.0-x86_64-i386-64bit) requests/2.9.1
          msrest/0.4.7 msrest_azure/0.4.7 resourcemanagementclient/1.0.0rc3 Azure-SDK-For-Python
          AZURECLI/2.0.4+dev]
      accept-language: [en-US]
    method: GET
    uri: https://management.azure.com/subscriptions/00000000-0000-0000-0000-000000000000/resources?api-version=2016-09-01&$filter=resourceType%20eq%20%27Microsoft.Storage%2FstorageAccounts%27
  response:
    body: {string: !!python/unicode '{"value":[{"id":"/subscriptions/00000000-0000-0000-0000-000000000000/resourceGroups/clitest.rg000001/providers/Microsoft.Storage/storageAccounts/cliregqfvz5ux5ngpi221537","name":"cliregqfvz5ux5ngpi221537","type":"Microsoft.Storage/storageAccounts","sku":{"name":"Standard_LRS","tier":"Standard"},"kind":"Storage","location":"westus","tags":{"containerregistry":"clireg000003"}},{"id":"/subscriptions/00000000-0000-0000-0000-000000000000/resourceGroups/clitest.rg000001/providers/Microsoft.Storage/storageAccounts/clitest000002","name":"clitest000002","type":"Microsoft.Storage/storageAccounts","sku":{"name":"Standard_LRS","tier":"Standard"},"kind":"Storage","location":"westus","tags":{}},{"id":"/subscriptions/00000000-0000-0000-0000-000000000000/resourceGroups/clitest.rgmffyolmzlblfhpxbuxa3fhz45j4crlhvixippegk6qtt3av26xbkaa2yyddonna52/providers/Microsoft.Storage/storageAccounts/clitestu34x5x4awbq7zzwny","name":"clitestu34x5x4awbq7zzwny","type":"Microsoft.Storage/storageAccounts","sku":{"name":"Standard_RAGRS","tier":"Standard"},"kind":"Storage","location":"westus","tags":{}},{"id":"/subscriptions/00000000-0000-0000-0000-000000000000/resourceGroups/clitest.rgoggwlopsmnlb37hjarlqqbzf4b2r2ts37lp4wpuzhnahpgc2zrlmpnh4ztekm5akg/providers/Microsoft.Storage/storageAccounts/clitestkwxs34bvp2co7m63p","name":"clitestkwxs34bvp2co7m63p","type":"Microsoft.Storage/storageAccounts","sku":{"name":"Standard_RAGRS","tier":"Standard"},"kind":"Storage","location":"westus","tags":{}},{"id":"/subscriptions/00000000-0000-0000-0000-000000000000/resourceGroups/clitest.rgspadlgkas34eztqbqx7dzamwy6rxz5764jyrxxwl7kd65fuffoex2rwkjwfv4d2kr/providers/Microsoft.Storage/storageAccounts/clitest2ajjqjxlpckzfgaim","name":"clitest2ajjqjxlpckzfgaim","type":"Microsoft.Storage/storageAccounts","sku":{"name":"Standard_RAGRS","tier":"Standard"},"kind":"Storage","location":"westus","tags":{}},{"id":"/subscriptions/00000000-0000-0000-0000-000000000000/resourceGroups/clitest.rgxvpe3j7oeguezgo2wnpuzwwfqp7buzlrwmdli5sqvngwggl6a2toxox5axkub76jy/providers/Microsoft.Storage/storageAccounts/clitest2zhcf2nw4xr5g44ba","name":"clitest2zhcf2nw4xr5g44ba","type":"Microsoft.Storage/storageAccounts","sku":{"name":"Standard_LRS","tier":"Standard"},"kind":"Storage","location":"westus","tags":{}},{"id":"/subscriptions/00000000-0000-0000-0000-000000000000/resourceGroups/trdai-permanent/providers/Microsoft.Storage/storageAccounts/trdaipermanentdiag823","name":"trdaipermanentdiag823","type":"Microsoft.Storage/storageAccounts","sku":{"name":"Standard_LRS","tier":"Standard"},"kind":"Storage","location":"westus","tags":{}},{"id":"/subscriptions/00000000-0000-0000-0000-000000000000/resourceGroups/trdai-permanent/providers/Microsoft.Storage/storageAccounts/trdaitest01","name":"trdaitest01","type":"Microsoft.Storage/storageAccounts","sku":{"name":"Standard_LRS","tier":"Standard"},"kind":"Storage","location":"westus","tags":{}},{"id":"/subscriptions/00000000-0000-0000-0000-000000000000/resourceGroups/trdai-permanent/providers/Microsoft.Storage/storageAccounts/vhdstorage4d8qs3gwhahq2d","name":"vhdstorage4d8qs3gwhahq2d","type":"Microsoft.Storage/storageAccounts","sku":{"name":"Premium_LRS","tier":"Premium"},"kind":"Storage","location":"westus","tags":{}},{"id":"/subscriptions/00000000-0000-0000-0000-000000000000/resourceGroups/ziTest/providers/Microsoft.Storage/storageAccounts/foostore102","name":"foostore102","type":"Microsoft.Storage/storageAccounts","sku":{"name":"Standard_ZRS","tier":"Standard"},"kind":"Storage","location":"westus","tags":{}},{"id":"/subscriptions/00000000-0000-0000-0000-000000000000/resourceGroups/ziTest/providers/Microsoft.Storage/storageAccounts/foostore103","name":"foostore103","type":"Microsoft.Storage/storageAccounts","sku":{"name":"Standard_ZRS","tier":"Standard"},"kind":"Storage","location":"westus","tags":{}},{"id":"/subscriptions/00000000-0000-0000-0000-000000000000/resourceGroups/ziTest/providers/Microsoft.Storage/storageAccounts/foostore12978","name":"foostore12978","type":"Microsoft.Storage/storageAccounts","sku":{"name":"Standard_LRS","tier":"Standard"},"kind":"Storage","location":"westeurope","tags":{}},{"id":"/subscriptions/00000000-0000-0000-0000-000000000000/resourceGroups/ZiTest/providers/Microsoft.Storage/storageAccounts/testacc209","name":"testacc209","type":"Microsoft.Storage/storageAccounts","sku":{"name":"Standard_LRS","tier":"Standard"},"kind":"Storage","location":"westus","tags":{}},{"id":"/subscriptions/00000000-0000-0000-0000-000000000000/resourceGroups/zitest/providers/Microsoft.Storage/storageAccounts/zitest","name":"zitest","type":"Microsoft.Storage/storageAccounts","sku":{"name":"Standard_LRS","tier":"Standard"},"kind":"Storage","location":"westus","tags":{}},{"id":"/subscriptions/00000000-0000-0000-0000-000000000000/resourceGroups/zitest/providers/Microsoft.Storage/storageAccounts/zitesta21","name":"zitesta21","type":"Microsoft.Storage/storageAccounts","sku":{"name":"Standard_LRS","tier":"Standard"},"kind":"Storage","location":"westus","tags":{}},{"id":"/subscriptions/00000000-0000-0000-0000-000000000000/resourceGroups/zitest/providers/Microsoft.Storage/storageAccounts/zitestb21","name":"zitestb21","type":"Microsoft.Storage/storageAccounts","sku":{"name":"Standard_LRS","tier":"Standard"},"kind":"Storage","location":"westus","tags":{}},{"id":"/subscriptions/00000000-0000-0000-0000-000000000000/resourceGroups/zitest/providers/Microsoft.Storage/storageAccounts/zitesty21","name":"zitesty21","type":"Microsoft.Storage/storageAccounts","sku":{"name":"Standard_LRS","tier":"Standard"},"kind":"Storage","location":"westus","tags":{}}]}'}
    headers:
      cache-control: [no-cache]
      content-length: ['5780']
      content-type: [application/json; charset=utf-8]
      date: ['Fri, 05 May 2017 22:16:50 GMT']
      expires: ['-1']
      pragma: [no-cache]
      strict-transport-security: [max-age=31536000; includeSubDomains]
      vary: [Accept-Encoding]
    status: {code: 200, message: OK}
- request:
    body: null
    headers:
      Accept: [application/json]
      Accept-Encoding: ['gzip, deflate']
      CommandName: [acr update]
      Connection: [keep-alive]
      Content-Length: ['0']
      Content-Type: [application/json; charset=utf-8]
      User-Agent: [python/2.7.13 (Darwin-16.5.0-x86_64-i386-64bit) requests/2.9.1
          msrest/0.4.7 msrest_azure/0.4.7 storagemanagementclient/1.0.0rc1 Azure-SDK-For-Python
          AZURECLI/2.0.4+dev]
      accept-language: [en-US]
    method: POST
    uri: https://management.azure.com/subscriptions/00000000-0000-0000-0000-000000000000/resourceGroups/clitest.rg000001/providers/Microsoft.Storage/storageAccounts/clitest000002/listKeys?api-version=2016-12-01
  response:
    body: {string: !!python/unicode '{"keys":[{"keyName":"key1","permissions":"Full","value":"cOe+GQpVuExCpNIIyO1mAas9sH9Ef6Y+bw0xcyRLMXRd/b2KncbWn4MOyhV1yDm2gnqezhUTexUfEak3vjqUtg=="},{"keyName":"key2","permissions":"Full","value":"r/xbRS3UhxSRTuYh56y056Hj5UMq+3wwvw7msbNk2NPSELabLa1cUpWB7kSKMYkDMI41cgj9OTXSd9NemaXgaA=="}]}

'}
    headers:
      cache-control: [no-cache]
      content-length: ['289']
      content-type: [application/json]
      date: ['Fri, 05 May 2017 22:16:50 GMT']
      expires: ['-1']
      pragma: [no-cache]
      server: [Microsoft-Azure-Storage-Resource-Provider/1.0, Microsoft-HTTPAPI/2.0]
      strict-transport-security: [max-age=31536000; includeSubDomains]
      transfer-encoding: [chunked]
      vary: [Accept-Encoding]
      x-ms-ratelimit-remaining-subscription-writes: ['1194']
    status: {code: 200, message: OK}
- request:
    body: !!python/unicode '{"properties": {"storageAccount": {"accessKey": "cOe+GQpVuExCpNIIyO1mAas9sH9Ef6Y+bw0xcyRLMXRd/b2KncbWn4MOyhV1yDm2gnqezhUTexUfEak3vjqUtg==",
      "name": "clitest000002"}, "adminUserEnabled": false}, "tags": {"foo": "bar",
      "cat": ""}}'
    headers:
      Accept: [application/json]
      Accept-Encoding: ['gzip, deflate']
      CommandName: [acr update]
      Connection: [keep-alive]
      Content-Length: ['239']
      Content-Type: [application/json; charset=utf-8]
      User-Agent: [python/2.7.13 (Darwin-16.5.0-x86_64-i386-64bit) requests/2.9.1
          msrest/0.4.7 msrest_azure/0.4.7 containerregistrymanagementclient/0.2.1
          Azure-SDK-For-Python AZURECLI/2.0.4+dev]
      accept-language: [en-US]
    method: PATCH
    uri: https://management.azure.com/subscriptions/00000000-0000-0000-0000-000000000000/resourceGroups/clitest.rg000001/providers/Microsoft.ContainerRegistry/registries/clireg000003?api-version=2017-03-01
  response:
    body: {string: !!python/unicode '{"sku":{"name":"Basic","tier":"Basic"},"type":"Microsoft.ContainerRegistry/registries","id":"/subscriptions/00000000-0000-0000-0000-000000000000/resourcegroups/clitest.rg000001/providers/Microsoft.ContainerRegistry/registries/clireg000003","name":"clireg000003","location":"westus","tags":{"foo":"bar","cat":""},"properties":{"loginServer":"clireg000003.azurecr.io","creationDate":"2017-05-05T22:16:47.48107Z","provisioningState":"Succeeded","adminUserEnabled":false,"storageAccount":{"name":"clitest000002"}}}'}
    headers:
      cache-control: [no-cache]
      content-length: ['694']
      content-type: [application/json; charset=utf-8]
      date: ['Fri, 05 May 2017 22:16:51 GMT']
      expires: ['-1']
      pragma: [no-cache]
      server: [Microsoft-HTTPAPI/2.0]
      strict-transport-security: [max-age=31536000; includeSubDomains]
      transfer-encoding: [chunked]
      vary: [Accept-Encoding]
      x-ms-ratelimit-remaining-subscription-writes: ['1197']
    status: {code: 200, message: OK}
- request:
    body: null
    headers:
      Accept: [application/json]
      Accept-Encoding: ['gzip, deflate']
      CommandName: [acr delete]
      Connection: [keep-alive]
      Content-Length: ['0']
      Content-Type: [application/json; charset=utf-8]
      User-Agent: [python/2.7.13 (Darwin-16.5.0-x86_64-i386-64bit) requests/2.9.1
          msrest/0.4.7 msrest_azure/0.4.7 containerregistrymanagementclient/0.2.1
          Azure-SDK-For-Python AZURECLI/2.0.4+dev]
      accept-language: [en-US]
    method: DELETE
    uri: https://management.azure.com/subscriptions/00000000-0000-0000-0000-000000000000/resourceGroups/clitest.rg000001/providers/Microsoft.ContainerRegistry/registries/clireg000003?api-version=2017-03-01
  response:
    body: {string: !!python/unicode ''}
    headers:
      cache-control: [no-cache]
      content-length: ['0']
      date: ['Fri, 05 May 2017 22:16:54 GMT']
      expires: ['-1']
      pragma: [no-cache]
      server: [Microsoft-HTTPAPI/2.0]
      strict-transport-security: [max-age=31536000; includeSubDomains]
      x-ms-ratelimit-remaining-subscription-writes: ['1191']
    status: {code: 200, message: OK}
- request:
    body: null
    headers:
      Accept: [application/json]
      Accept-Encoding: ['gzip, deflate']
      CommandName: [group delete]
      Connection: [keep-alive]
      Content-Length: ['0']
      Content-Type: [application/json; charset=utf-8]
      User-Agent: [python/2.7.13 (Darwin-16.5.0-x86_64-i386-64bit) requests/2.9.1
          msrest/0.4.7 msrest_azure/0.4.7 resourcemanagementclient/1.0.0rc3 Azure-SDK-For-Python
          AZURECLI/2.0.4+dev]
      accept-language: [en-US]
    method: DELETE
    uri: https://management.azure.com/subscriptions/00000000-0000-0000-0000-000000000000/resourcegroups/clitest.rg000001?api-version=2016-09-01
  response:
    body: {string: !!python/unicode ''}
    headers:
      cache-control: [no-cache]
      content-length: ['0']
      date: ['Fri, 05 May 2017 22:16:54 GMT']
      expires: ['-1']
      location: ['https://management.azure.com/subscriptions/00000000-0000-0000-0000-000000000000/operationresults/eyJqb2JJZCI6IlJFU09VUkNFR1JPVVBERUxFVElPTkpPQi1DTElURVNUOjJFUkdCSk9MUTIzWDQ1M1kyWFpFWlZWRlZJU0lIVkRCTU1LT0hLRXxEMDQzNUQ0OTUxNDZGMDIwLVdFU1RVUyIsImpvYkxvY2F0aW9uIjoid2VzdHVzIn0?api-version=2016-09-01']
      pragma: [no-cache]
      retry-after: ['15']
      strict-transport-security: [max-age=31536000; includeSubDomains]
      x-ms-ratelimit-remaining-subscription-writes: ['1192']
    status: {code: 202, message: Accepted}
version: 1
