interactions:
- request:
    body: null
    headers:
      Accept:
      - application/json
      Accept-Encoding:
      - gzip, deflate
      CommandName:
      - storage account keys list
      Connection:
      - keep-alive
      Content-Length:
      - '0'
      ParameterSetName:
      - -n -g --query -o
      User-Agent:
      - python/3.7.7 (Windows-10-10.0.18362-SP0) msrest/0.6.13 msrest_azure/0.6.3
        azure-mgmt-storage/9.0.0 Azure-SDK-For-Python AZURECLI/2.7.0
      accept-language:
      - en-US
    method: POST
    uri: https://management.azure.com/subscriptions/00000000-0000-0000-0000-000000000000/resourceGroups/clitest.rg000001/providers/Microsoft.Storage/storageAccounts/clitest000002/listKeys?api-version=2017-10-01
  response:
    body:
      string: '{"keys":[{"keyName":"key1","value":"veryFakedStorageAccountKey==","permissions":"FULL"},{"keyName":"key2","value":"veryFakedStorageAccountKey==","permissions":"FULL"}]}'
    headers:
      cache-control:
      - no-cache
      content-length:
      - '288'
      content-type:
      - application/json
      date:
      - Thu, 18 Jun 2020 03:52:51 GMT
      expires:
      - '-1'
      pragma:
      - no-cache
      server:
      - Microsoft-Azure-Storage-Resource-Provider/1.0,Microsoft-HTTPAPI/2.0 Microsoft-HTTPAPI/2.0
      strict-transport-security:
      - max-age=31536000; includeSubDomains
      transfer-encoding:
      - chunked
      vary:
      - Accept-Encoding
      x-content-type-options:
      - nosniff
      x-ms-ratelimit-remaining-subscription-resource-requests:
      - '11998'
    status:
      code: 200
      message: OK
- request:
    body: null
    headers:
      Connection:
      - keep-alive
      Content-Length:
      - '0'
      User-Agent:
      - Azure-Storage/1.2.0rc1-1.2.0rc1 (Python CPython 3.7.7; Windows 10) AZURECLI/2.7.0
      x-ms-date:
      - Thu, 18 Jun 2020 03:52:51 GMT
      x-ms-version:
      - '2017-11-09'
    method: PUT
    uri: https://clitest000002.blob.core.windows.net/cont000003?restype=container
  response:
    body:
      string: ''
    headers:
      content-length:
      - '0'
      date:
      - Thu, 18 Jun 2020 03:52:52 GMT
      etag:
      - '"0x8D8133B13B7F858"'
      last-modified:
      - Thu, 18 Jun 2020 03:52:52 GMT
      server:
      - Windows-Azure-Blob/1.0 Microsoft-HTTPAPI/2.0
      x-ms-version:
      - '2017-11-09'
    status:
      code: 201
      message: Created
- request:
    body: null
    headers:
      Connection:
      - keep-alive
      User-Agent:
      - Azure-Storage/1.2.0rc1-1.2.0rc1 (Python CPython 3.7.7; Windows 10) AZURECLI/2.7.0
      x-ms-date:
      - Thu, 18 Jun 2020 03:52:53 GMT
      x-ms-version:
      - '2017-11-09'
    method: GET
    uri: https://clitest000002.blob.core.windows.net/cont000003?restype=container
  response:
    body:
      string: ''
    headers:
      content-length:
      - '0'
      date:
      - Thu, 18 Jun 2020 03:52:53 GMT
      etag:
      - '"0x8D8133B13B7F858"'
      last-modified:
      - Thu, 18 Jun 2020 03:52:52 GMT
      server:
      - Windows-Azure-Blob/1.0 Microsoft-HTTPAPI/2.0
      x-ms-has-immutability-policy:
      - 'false'
      x-ms-has-legal-hold:
      - 'false'
      x-ms-lease-state:
      - available
      x-ms-lease-status:
      - unlocked
      x-ms-version:
      - '2017-11-09'
    status:
      code: 200
      message: OK
- request:
    body: null
    headers:
      Connection:
      - keep-alive
      User-Agent:
      - Azure-Storage/1.2.0rc1-1.2.0rc1 (Python CPython 3.7.7; Windows 10) AZURECLI/2.7.0
      x-ms-date:
      - Thu, 18 Jun 2020 03:52:54 GMT
      x-ms-version:
      - '2017-11-09'
    method: GET
    uri: https://clitest000002.blob.core.windows.net/cont000003?restype=container&comp=acl
  response:
    body:
      string: "\uFEFF<?xml version=\"1.0\" encoding=\"utf-8\"?><SignedIdentifiers
        />"
    headers:
      content-type:
      - application/xml
      date:
      - Thu, 18 Jun 2020 03:52:54 GMT
      etag:
      - '"0x8D8133B13B7F858"'
      last-modified:
      - Thu, 18 Jun 2020 03:52:52 GMT
      server:
      - Windows-Azure-Blob/1.0 Microsoft-HTTPAPI/2.0
      transfer-encoding:
      - chunked
      x-ms-version:
      - '2017-11-09'
    status:
      code: 200
      message: OK
- request:
    body: '<?xml version=''1.0'' encoding=''utf-8''?>

      <SignedIdentifiers />'
    headers:
      Connection:
      - keep-alive
      Content-Length:
      - '60'
      User-Agent:
      - Azure-Storage/1.2.0rc1-1.2.0rc1 (Python CPython 3.7.7; Windows 10) AZURECLI/2.7.0
      x-ms-blob-public-access:
      - blob
      x-ms-date:
      - Thu, 18 Jun 2020 03:52:55 GMT
      x-ms-version:
      - '2017-11-09'
    method: PUT
    uri: https://clitest000002.blob.core.windows.net/cont000003?restype=container&comp=acl
  response:
    body:
      string: ''
    headers:
      content-length:
      - '0'
      date:
      - Thu, 18 Jun 2020 03:52:55 GMT
      etag:
      - '"0x8D8133B15CA240F"'
      last-modified:
      - Thu, 18 Jun 2020 03:52:56 GMT
      server:
      - Windows-Azure-Blob/1.0 Microsoft-HTTPAPI/2.0
      x-ms-version:
      - '2017-11-09'
    status:
      code: 200
      message: OK
- request:
    body: null
    headers:
      Connection:
      - keep-alive
      User-Agent:
      - Azure-Storage/1.2.0rc1-1.2.0rc1 (Python CPython 3.7.7; Windows 10) AZURECLI/2.7.0
      x-ms-date:
      - Thu, 18 Jun 2020 03:52:56 GMT
      x-ms-version:
      - '2017-11-09'
    method: GET
    uri: https://clitest000002.blob.core.windows.net/cont000003?restype=container&comp=acl
  response:
    body:
      string: "\uFEFF<?xml version=\"1.0\" encoding=\"utf-8\"?><SignedIdentifiers
        />"
    headers:
      content-type:
      - application/xml
      date:
      - Thu, 18 Jun 2020 03:52:56 GMT
      etag:
      - '"0x8D8133B15CA240F"'
      last-modified:
      - Thu, 18 Jun 2020 03:52:56 GMT
      server:
      - Windows-Azure-Blob/1.0 Microsoft-HTTPAPI/2.0
      transfer-encoding:
      - chunked
      x-ms-blob-public-access:
      - blob
      x-ms-version:
      - '2017-11-09'
    status:
      code: 200
      message: OK
- request:
    body: null
    headers:
      Connection:
      - keep-alive
      User-Agent:
      - Azure-Storage/1.2.0rc1-1.2.0rc1 (Python CPython 3.7.7; Windows 10) AZURECLI/2.7.0
      x-ms-date:
      - Thu, 18 Jun 2020 03:52:57 GMT
      x-ms-version:
      - '2017-11-09'
    method: GET
    uri: https://clitest000002.blob.core.windows.net/cont000003?restype=container&comp=acl
  response:
    body:
      string: "\uFEFF<?xml version=\"1.0\" encoding=\"utf-8\"?><SignedIdentifiers
        />"
    headers:
      content-type:
      - application/xml
      date:
      - Thu, 18 Jun 2020 03:52:58 GMT
      etag:
      - '"0x8D8133B15CA240F"'
      last-modified:
      - Thu, 18 Jun 2020 03:52:56 GMT
      server:
      - Windows-Azure-Blob/1.0 Microsoft-HTTPAPI/2.0
      transfer-encoding:
      - chunked
      x-ms-blob-public-access:
      - blob
      x-ms-version:
      - '2017-11-09'
    status:
      code: 200
      message: OK
- request:
    body: '<?xml version=''1.0'' encoding=''utf-8''?>

      <SignedIdentifiers />'
    headers:
      Connection:
      - keep-alive
      Content-Length:
      - '60'
      User-Agent:
      - Azure-Storage/1.2.0rc1-1.2.0rc1 (Python CPython 3.7.7; Windows 10) AZURECLI/2.7.0
      x-ms-date:
      - Thu, 18 Jun 2020 03:52:58 GMT
      x-ms-version:
      - '2017-11-09'
    method: PUT
    uri: https://clitest000002.blob.core.windows.net/cont000003?restype=container&comp=acl
  response:
    body:
      string: ''
    headers:
      content-length:
      - '0'
      date:
      - Thu, 18 Jun 2020 03:52:59 GMT
      etag:
      - '"0x8D8133B17DE93BD"'
      last-modified:
      - Thu, 18 Jun 2020 03:52:59 GMT
      server:
      - Windows-Azure-Blob/1.0 Microsoft-HTTPAPI/2.0
      x-ms-version:
      - '2017-11-09'
    status:
      code: 200
      message: OK
- request:
    body: null
    headers:
      Connection:
      - keep-alive
      User-Agent:
      - Azure-Storage/1.2.0rc1-1.2.0rc1 (Python CPython 3.7.7; Windows 10) AZURECLI/2.7.0
      x-ms-date:
      - Thu, 18 Jun 2020 03:52:59 GMT
      x-ms-version:
      - '2017-11-09'
    method: GET
    uri: https://clitest000002.blob.core.windows.net/cont000003?restype=container&comp=acl
  response:
    body:
      string: "\uFEFF<?xml version=\"1.0\" encoding=\"utf-8\"?><SignedIdentifiers
        />"
    headers:
      content-type:
      - application/xml
      date:
      - Thu, 18 Jun 2020 03:53:00 GMT
      etag:
      - '"0x8D8133B17DE93BD"'
      last-modified:
      - Thu, 18 Jun 2020 03:52:59 GMT
      server:
      - Windows-Azure-Blob/1.0 Microsoft-HTTPAPI/2.0
      transfer-encoding:
      - chunked
      x-ms-version:
      - '2017-11-09'
    status:
      code: 200
      message: OK
- request:
    body: null
    headers:
      Connection:
      - keep-alive
      User-Agent:
      - Azure-Storage/1.2.0rc1-1.2.0rc1 (Python CPython 3.7.7; Windows 10) AZURECLI/2.7.0
      x-ms-date:
      - Thu, 18 Jun 2020 03:53:01 GMT
      x-ms-version:
      - '2017-11-09'
    method: GET
    uri: https://clitest000002.blob.core.windows.net/cont000003?restype=container
  response:
    body:
      string: ''
    headers:
      content-length:
      - '0'
      date:
      - Thu, 18 Jun 2020 03:53:01 GMT
      etag:
      - '"0x8D8133B17DE93BD"'
      last-modified:
      - Thu, 18 Jun 2020 03:52:59 GMT
      server:
      - Windows-Azure-Blob/1.0 Microsoft-HTTPAPI/2.0
      x-ms-has-immutability-policy:
      - 'false'
      x-ms-has-legal-hold:
      - 'false'
      x-ms-lease-state:
      - available
      x-ms-lease-status:
      - unlocked
      x-ms-version:
      - '2017-11-09'
    status:
      code: 200
      message: OK
- request:
    body: null
    headers:
      Connection:
      - keep-alive
      User-Agent:
      - Azure-Storage/1.2.0rc1-1.2.0rc1 (Python CPython 3.7.7; Windows 10) AZURECLI/2.7.0
      x-ms-date:
      - Thu, 18 Jun 2020 03:53:02 GMT
      x-ms-version:
      - '2017-11-09'
    method: GET
    uri: https://clitest000002.blob.core.windows.net/?comp=list&maxresults=5000
  response:
    body:
      string: "\uFEFF<?xml version=\"1.0\" encoding=\"utf-8\"?><EnumerationResults
        ServiceEndpoint=\"https://clitest000002.blob.core.windows.net/\"><MaxResults>5000</MaxResults><Containers><Container><Name>cont000003</Name><Properties><Last-Modified>Thu,
        18 Jun 2020 03:52:59 GMT</Last-Modified><Etag>\"0x8D8133B17DE93BD\"</Etag><LeaseStatus>unlocked</LeaseStatus><LeaseState>available</LeaseState><HasImmutabilityPolicy>false</HasImmutabilityPolicy><HasLegalHold>false</HasLegalHold></Properties></Container></Containers><NextMarker
        /></EnumerationResults>"
    headers:
      content-type:
      - application/xml
      date:
      - Thu, 18 Jun 2020 03:53:03 GMT
      server:
      - Windows-Azure-Blob/1.0 Microsoft-HTTPAPI/2.0
      transfer-encoding:
      - chunked
      x-ms-version:
      - '2017-11-09'
    status:
      code: 200
      message: OK
- request:
    body: null
    headers:
      Connection:
      - keep-alive
      Content-Length:
      - '0'
      User-Agent:
      - Azure-Storage/1.2.0rc1-1.2.0rc1 (Python CPython 3.7.7; Windows 10) AZURECLI/2.7.0
      x-ms-date:
      - Thu, 18 Jun 2020 03:53:03 GMT
      x-ms-meta-foo:
      - bar
      x-ms-meta-moo:
      - bak
      x-ms-version:
      - '2017-11-09'
    method: PUT
    uri: https://clitest000002.blob.core.windows.net/cont000003?restype=container&comp=metadata
  response:
    body:
      string: ''
    headers:
      content-length:
      - '0'
      date:
      - Thu, 18 Jun 2020 03:53:04 GMT
      etag:
      - '"0x8D8133B1AD2DB30"'
      last-modified:
      - Thu, 18 Jun 2020 03:53:04 GMT
      server:
      - Windows-Azure-Blob/1.0 Microsoft-HTTPAPI/2.0
      x-ms-version:
      - '2017-11-09'
    status:
      code: 200
      message: OK
- request:
    body: null
    headers:
      Connection:
      - keep-alive
      User-Agent:
      - Azure-Storage/1.2.0rc1-1.2.0rc1 (Python CPython 3.7.7; Windows 10) AZURECLI/2.7.0
      x-ms-date:
      - Thu, 18 Jun 2020 03:53:04 GMT
      x-ms-version:
      - '2017-11-09'
    method: GET
    uri: https://clitest000002.blob.core.windows.net/cont000003?restype=container&comp=metadata
  response:
    body:
      string: ''
    headers:
      content-length:
      - '0'
      date:
      - Thu, 18 Jun 2020 03:53:05 GMT
      etag:
      - '"0x8D8133B1AD2DB30"'
      last-modified:
      - Thu, 18 Jun 2020 03:53:04 GMT
      server:
      - Windows-Azure-Blob/1.0 Microsoft-HTTPAPI/2.0
      x-ms-meta-foo:
      - bar
      x-ms-meta-moo:
      - bak
      x-ms-version:
      - '2017-11-09'
    status:
      code: 200
      message: OK
- request:
    body: null
    headers:
      Connection:
      - keep-alive
      Content-Length:
      - '0'
      User-Agent:
      - Azure-Storage/1.2.0rc1-1.2.0rc1 (Python CPython 3.7.7; Windows 10) AZURECLI/2.7.0
      x-ms-date:
      - Thu, 18 Jun 2020 03:53:06 GMT
      x-ms-version:
      - '2017-11-09'
    method: PUT
    uri: https://clitest000002.blob.core.windows.net/cont000003?restype=container&comp=metadata
  response:
    body:
      string: ''
    headers:
      content-length:
      - '0'
      date:
      - Thu, 18 Jun 2020 03:53:07 GMT
      etag:
      - '"0x8D8133B1C5885E7"'
      last-modified:
      - Thu, 18 Jun 2020 03:53:07 GMT
      server:
      - Windows-Azure-Blob/1.0 Microsoft-HTTPAPI/2.0
      x-ms-version:
      - '2017-11-09'
    status:
      code: 200
      message: OK
- request:
    body: null
    headers:
      Connection:
      - keep-alive
      User-Agent:
      - Azure-Storage/1.2.0rc1-1.2.0rc1 (Python CPython 3.7.7; Windows 10) AZURECLI/2.7.0
      x-ms-date:
      - Thu, 18 Jun 2020 03:53:07 GMT
      x-ms-version:
      - '2017-11-09'
    method: GET
    uri: https://clitest000002.blob.core.windows.net/cont000003?restype=container&comp=metadata
  response:
    body:
      string: ''
    headers:
      content-length:
      - '0'
      date:
      - Thu, 18 Jun 2020 03:53:08 GMT
      etag:
      - '"0x8D8133B1C5885E7"'
      last-modified:
      - Thu, 18 Jun 2020 03:53:07 GMT
      server:
      - Windows-Azure-Blob/1.0 Microsoft-HTTPAPI/2.0
      x-ms-version:
      - '2017-11-09'
    status:
      code: 200
      message: OK
- request:
    body: null
    headers:
      Connection:
      - keep-alive
      Content-Length:
      - '0'
      If-Modified-Since:
      - Fri, 01 Apr 2016 12:00:00 GMT
      User-Agent:
      - Azure-Storage/1.2.0rc1-1.2.0rc1 (Python CPython 3.7.7; Windows 10) AZURECLI/2.7.0
      x-ms-date:
      - Thu, 18 Jun 2020 03:53:08 GMT
      x-ms-lease-action:
      - acquire
      x-ms-lease-duration:
      - '60'
      x-ms-proposed-lease-id:
      - abcdabcd-abcd-abcd-abcd-abcdabcdabcd
      x-ms-version:
      - '2017-11-09'
    method: PUT
    uri: https://clitest000002.blob.core.windows.net/cont000003?restype=container&comp=lease
  response:
    body:
      string: ''
    headers:
      content-length:
      - '0'
      date:
      - Thu, 18 Jun 2020 03:53:09 GMT
      etag:
      - '"0x8D8133B1C5885E7"'
      last-modified:
      - Thu, 18 Jun 2020 03:53:07 GMT
      server:
      - Windows-Azure-Blob/1.0 Microsoft-HTTPAPI/2.0
      x-ms-lease-id:
      - abcdabcd-abcd-abcd-abcd-abcdabcdabcd
      x-ms-version:
      - '2017-11-09'
    status:
      code: 201
      message: Created
- request:
    body: null
    headers:
      Connection:
      - keep-alive
      User-Agent:
      - Azure-Storage/1.2.0rc1-1.2.0rc1 (Python CPython 3.7.7; Windows 10) AZURECLI/2.7.0
      x-ms-date:
      - Thu, 18 Jun 2020 03:53:10 GMT
      x-ms-version:
      - '2017-11-09'
    method: GET
    uri: https://clitest000002.blob.core.windows.net/cont000003?restype=container
  response:
    body:
      string: ''
    headers:
      content-length:
      - '0'
      date:
      - Thu, 18 Jun 2020 03:53:11 GMT
      etag:
      - '"0x8D8133B1C5885E7"'
      last-modified:
      - Thu, 18 Jun 2020 03:53:07 GMT
      server:
      - Windows-Azure-Blob/1.0 Microsoft-HTTPAPI/2.0
      x-ms-has-immutability-policy:
      - 'false'
      x-ms-has-legal-hold:
      - 'false'
      x-ms-lease-duration:
      - fixed
      x-ms-lease-state:
      - leased
      x-ms-lease-status:
      - locked
      x-ms-version:
      - '2017-11-09'
    status:
      code: 200
      message: OK
- request:
    body: null
    headers:
      Connection:
      - keep-alive
      Content-Length:
      - '0'
      User-Agent:
      - Azure-Storage/1.2.0rc1-1.2.0rc1 (Python CPython 3.7.7; Windows 10) AZURECLI/2.7.0
      x-ms-date:
      - Thu, 18 Jun 2020 03:53:11 GMT
      x-ms-lease-action:
      - change
      x-ms-lease-id:
      - abcdabcd-abcd-abcd-abcd-abcdabcdabcd
      x-ms-proposed-lease-id:
      - dcbadcba-dcba-dcba-dcba-dcbadcbadcba
      x-ms-version:
      - '2017-11-09'
    method: PUT
    uri: https://clitest000002.blob.core.windows.net/cont000003?restype=container&comp=lease
  response:
    body:
      string: ''
    headers:
      content-length:
      - '0'
      date:
      - Thu, 18 Jun 2020 03:53:12 GMT
      etag:
      - '"0x8D8133B1C5885E7"'
      last-modified:
      - Thu, 18 Jun 2020 03:53:07 GMT
      server:
      - Windows-Azure-Blob/1.0 Microsoft-HTTPAPI/2.0
      x-ms-lease-id:
      - dcbadcba-dcba-dcba-dcba-dcbadcbadcba
      x-ms-version:
      - '2017-11-09'
    status:
      code: 200
      message: OK
- request:
    body: null
    headers:
      Connection:
      - keep-alive
      Content-Length:
      - '0'
      User-Agent:
      - Azure-Storage/1.2.0rc1-1.2.0rc1 (Python CPython 3.7.7; Windows 10) AZURECLI/2.7.0
      x-ms-date:
      - Thu, 18 Jun 2020 03:53:12 GMT
      x-ms-lease-action:
      - renew
      x-ms-lease-id:
      - dcbadcba-dcba-dcba-dcba-dcbadcbadcba
      x-ms-version:
      - '2017-11-09'
    method: PUT
    uri: https://clitest000002.blob.core.windows.net/cont000003?restype=container&comp=lease
  response:
    body:
      string: ''
    headers:
      content-length:
      - '0'
      date:
      - Thu, 18 Jun 2020 03:53:13 GMT
      etag:
      - '"0x8D8133B1C5885E7"'
      last-modified:
      - Thu, 18 Jun 2020 03:53:07 GMT
      server:
      - Windows-Azure-Blob/1.0 Microsoft-HTTPAPI/2.0
      x-ms-lease-id:
      - dcbadcba-dcba-dcba-dcba-dcbadcbadcba
      x-ms-version:
      - '2017-11-09'
    status:
      code: 200
      message: OK
- request:
    body: null
    headers:
      Connection:
      - keep-alive
      User-Agent:
      - Azure-Storage/1.2.0rc1-1.2.0rc1 (Python CPython 3.7.7; Windows 10) AZURECLI/2.7.0
      x-ms-date:
      - Thu, 18 Jun 2020 03:53:14 GMT
      x-ms-version:
      - '2017-11-09'
    method: GET
    uri: https://clitest000002.blob.core.windows.net/cont000003?restype=container
  response:
    body:
      string: ''
    headers:
      content-length:
      - '0'
      date:
      - Thu, 18 Jun 2020 03:53:15 GMT
      etag:
      - '"0x8D8133B1C5885E7"'
      last-modified:
      - Thu, 18 Jun 2020 03:53:07 GMT
      server:
      - Windows-Azure-Blob/1.0 Microsoft-HTTPAPI/2.0
      x-ms-has-immutability-policy:
      - 'false'
      x-ms-has-legal-hold:
      - 'false'
      x-ms-lease-duration:
      - fixed
      x-ms-lease-state:
      - leased
      x-ms-lease-status:
      - locked
      x-ms-version:
      - '2017-11-09'
    status:
      code: 200
      message: OK
- request:
    body: null
    headers:
      Connection:
      - keep-alive
      Content-Length:
      - '0'
      User-Agent:
      - Azure-Storage/1.2.0rc1-1.2.0rc1 (Python CPython 3.7.7; Windows 10) AZURECLI/2.7.0
      x-ms-date:
      - Thu, 18 Jun 2020 03:53:15 GMT
      x-ms-lease-action:
      - break
      x-ms-lease-break-period:
      - '30'
      x-ms-version:
      - '2017-11-09'
    method: PUT
    uri: https://clitest000002.blob.core.windows.net/cont000003?restype=container&comp=lease
  response:
    body:
      string: ''
    headers:
      content-length:
      - '0'
      date:
      - Thu, 18 Jun 2020 03:53:16 GMT
      etag:
      - '"0x8D8133B1C5885E7"'
      last-modified:
      - Thu, 18 Jun 2020 03:53:07 GMT
      server:
      - Windows-Azure-Blob/1.0 Microsoft-HTTPAPI/2.0
      x-ms-lease-time:
      - '30'
      x-ms-version:
      - '2017-11-09'
    status:
      code: 202
      message: Accepted
- request:
    body: null
    headers:
      Connection:
      - keep-alive
      User-Agent:
      - Azure-Storage/1.2.0rc1-1.2.0rc1 (Python CPython 3.7.7; Windows 10) AZURECLI/2.7.0
      x-ms-date:
      - Thu, 18 Jun 2020 03:53:16 GMT
      x-ms-version:
      - '2017-11-09'
    method: GET
    uri: https://clitest000002.blob.core.windows.net/cont000003?restype=container
  response:
    body:
      string: ''
    headers:
      content-length:
      - '0'
      date:
      - Thu, 18 Jun 2020 03:53:17 GMT
      etag:
      - '"0x8D8133B1C5885E7"'
      last-modified:
      - Thu, 18 Jun 2020 03:53:07 GMT
      server:
      - Windows-Azure-Blob/1.0 Microsoft-HTTPAPI/2.0
      x-ms-has-immutability-policy:
      - 'false'
      x-ms-has-legal-hold:
      - 'false'
      x-ms-lease-state:
      - breaking
      x-ms-lease-status:
      - locked
      x-ms-version:
      - '2017-11-09'
    status:
      code: 200
      message: OK
- request:
    body: null
    headers:
      Connection:
      - keep-alive
      Content-Length:
      - '0'
      User-Agent:
      - Azure-Storage/1.2.0rc1-1.2.0rc1 (Python CPython 3.7.7; Windows 10) AZURECLI/2.7.0
      x-ms-date:
      - Thu, 18 Jun 2020 03:53:18 GMT
      x-ms-lease-action:
      - release
      x-ms-lease-id:
      - dcbadcba-dcba-dcba-dcba-dcbadcbadcba
      x-ms-version:
      - '2017-11-09'
    method: PUT
    uri: https://clitest000002.blob.core.windows.net/cont000003?restype=container&comp=lease
  response:
    body:
      string: ''
    headers:
      content-length:
      - '0'
      date:
      - Thu, 18 Jun 2020 03:53:18 GMT
      etag:
      - '"0x8D8133B1C5885E7"'
      last-modified:
      - Thu, 18 Jun 2020 03:53:07 GMT
      server:
      - Windows-Azure-Blob/1.0 Microsoft-HTTPAPI/2.0
      x-ms-version:
      - '2017-11-09'
    status:
      code: 200
      message: OK
- request:
    body: null
    headers:
      Connection:
      - keep-alive
      User-Agent:
      - Azure-Storage/1.2.0rc1-1.2.0rc1 (Python CPython 3.7.7; Windows 10) AZURECLI/2.7.0
      x-ms-date:
      - Thu, 18 Jun 2020 03:53:19 GMT
      x-ms-version:
      - '2017-11-09'
    method: GET
    uri: https://clitest000002.blob.core.windows.net/cont000003?restype=container
  response:
    body:
      string: ''
    headers:
      content-length:
      - '0'
      date:
      - Thu, 18 Jun 2020 03:53:20 GMT
      etag:
      - '"0x8D8133B1C5885E7"'
      last-modified:
      - Thu, 18 Jun 2020 03:53:07 GMT
      server:
      - Windows-Azure-Blob/1.0 Microsoft-HTTPAPI/2.0
      x-ms-has-immutability-policy:
      - 'false'
      x-ms-has-legal-hold:
      - 'false'
      x-ms-lease-state:
      - available
      x-ms-lease-status:
      - unlocked
      x-ms-version:
      - '2017-11-09'
    status:
      code: 200
      message: OK
- request:
    body: null
    headers:
      Connection:
      - keep-alive
      Content-Length:
      - '0'
      User-Agent:
      - Azure-Storage/1.2.0rc1-1.2.0rc1 (Python CPython 3.7.7; Windows 10) AZURECLI/2.7.0
      x-ms-date:
      - Thu, 18 Jun 2020 03:53:21 GMT
      x-ms-version:
      - '2017-11-09'
    method: DELETE
    uri: https://clitest000002.blob.core.windows.net/cont000003?restype=container
  response:
    body:
      string: ''
    headers:
      content-length:
      - '0'
      date:
      - Thu, 18 Jun 2020 03:53:22 GMT
      server:
      - Windows-Azure-Blob/1.0 Microsoft-HTTPAPI/2.0
      x-ms-version:
      - '2017-11-09'
    status:
      code: 202
      message: Accepted
- request:
    body: null
    headers:
      Connection:
      - keep-alive
      User-Agent:
      - Azure-Storage/1.2.0rc1-1.2.0rc1 (Python CPython 3.7.7; Windows 10) AZURECLI/2.7.0
      x-ms-date:
      - Thu, 18 Jun 2020 03:53:22 GMT
      x-ms-version:
      - '2017-11-09'
    method: GET
    uri: https://clitest000002.blob.core.windows.net/cont000003?restype=container
  response:
    body:
      string: "\uFEFF<?xml version=\"1.0\" encoding=\"utf-8\"?><Error><Code>ContainerNotFound</Code><Message>The
        specified container does not exist.\nRequestId:4f925bba-201e-0002-5124-456d52000000\nTime:2020-06-18T03:53:23.6616810Z</Message></Error>"
    headers:
      content-length:
      - '225'
      content-type:
      - application/xml
      date:
      - Thu, 18 Jun 2020 03:53:23 GMT
      server:
      - Windows-Azure-Blob/1.0 Microsoft-HTTPAPI/2.0
      x-ms-error-code:
      - ContainerNotFound
      x-ms-version:
      - '2017-11-09'
    status:
      code: 404
      message: The specified container does not exist.
version: 1
