interactions:
- request:
    body: null
    headers:
      Accept:
      - application/json
      Accept-Encoding:
      - gzip, deflate
      CommandName:
      - reservations reservation show
      Connection:
      - keep-alive
      ParameterSetName:
      - --reservation-order-id --reservation-id
      User-Agent:
      - python/3.7.5 (Windows-10-10.0.18362-SP0) msrest/0.6.10 msrest_azure/0.6.2
        azure-mgmt-reservations/0.6.0 Azure-SDK-For-Python AZURECLI/2.0.76
      accept-language:
      - en-US
    method: GET
    uri: https://management.azure.com/providers/Microsoft.Capacity/reservationOrders/0a47417c-cd30-4f67-add6-d631583e09f3/reservations/ae1fbdad-6333-4964-9f4c-83f7e2b7f44f?api-version=2019-04-01
  response:
    body:
      string: '{"sku":{"name":"Standard_D1"},"id":"/providers/microsoft.capacity/reservationOrders/0a47417c-cd30-4f67-add6-d631583e09f3/reservations/ae1fbdad-6333-4964-9f4c-83f7e2b7f44f","type":"Microsoft.Capacity/reservationOrders/reservations","name":"0a47417c-cd30-4f67-add6-d631583e09f3/ae1fbdad-6333-4964-9f4c-83f7e2b7f44f","etag":6,"location":"westus","properties":{"appliedScopeType":"Shared","quantity":3,"provisioningState":"Succeeded","expiryDate":"2020-08-23","displayName":"TestPurchaseReservation","effectiveDateTime":"2019-11-08T04:56:57.4087645Z","lastUpdatedDateTime":"2019-11-08T04:56:59.3775643Z","reservedResourceType":"VirtualMachines","instanceFlexibility":"Off","skuDescription":"Reserved
        VM Instance, Standard_D1, US West, 1 Year","mergeProperties":{"mergeSources":["/providers/microsoft.capacity/reservationOrders/0a47417c-cd30-4f67-add6-d631583e09f3/reservations/8a835b02-2dac-4c48-928d-403ea989ab2f","/providers/microsoft.capacity/reservationOrders/0a47417c-cd30-4f67-add6-d631583e09f3/reservations/56a3ec1d-3b6e-4639-b8dd-8f9b0a0edda6"]},"capabilities":"ApiReturnEnabled,
        ApiExchangeEnabled","renew":false,"term":"P1Y","billingScopeId":"/subscriptions/00000000-0000-0000-0000-000000000000","billingPlan":"Upfront"}}'
    headers:
      cache-control:
      - no-cache
      content-length:
      - '1227'
      content-type:
      - application/json; charset=utf-8
      date:
      - Fri, 08 Nov 2019 04:58:39 GMT
      expires:
      - '-1'
      pragma:
      - no-cache
      server:
      - Microsoft-IIS/10.0
      strict-transport-security:
      - max-age=31536000; includeSubDomains
      transfer-encoding:
      - chunked
      vary:
      - Accept-Encoding,Accept-Encoding
      x-content-type-options:
      - nosniff
    status:
      code: 200
      message: OK
- request:
    body: '{"properties": {"quantities": [1, 2], "reservationId": "/providers/Microsoft.Capacity/reservationOrders/0a47417c-cd30-4f67-add6-d631583e09f3/reservations/ae1fbdad-6333-4964-9f4c-83f7e2b7f44f"}}'
    headers:
      Accept:
      - application/json
      Accept-Encoding:
      - gzip, deflate
      CommandName:
      - reservations reservation split
      Connection:
      - keep-alive
      Content-Length:
      - '193'
      Content-Type:
      - application/json; charset=utf-8
      ParameterSetName:
      - --reservation-order-id --reservation-id -1 -2
      User-Agent:
      - python/3.7.5 (Windows-10-10.0.18362-SP0) msrest/0.6.10 msrest_azure/0.6.2
        azure-mgmt-reservations/0.6.0 Azure-SDK-For-Python AZURECLI/2.0.76
      accept-language:
      - en-US
    method: POST
    uri: https://management.azure.com/providers/Microsoft.Capacity/reservationOrders/0a47417c-cd30-4f67-add6-d631583e09f3/split?api-version=2019-04-01
  response:
    body:
      string: '[{"sku":{"name":"Standard_D1"},"id":"/providers/microsoft.capacity/reservationOrders/0a47417c-cd30-4f67-add6-d631583e09f3/reservations/d2bf57b5-f3b1-455f-9fc1-1a1b761662b4","type":"Microsoft.Capacity/reservationOrders/reservations","name":"0a47417c-cd30-4f67-add6-d631583e09f3/d2bf57b5-f3b1-455f-9fc1-1a1b761662b4","etag":2,"location":"westus","properties":{"appliedScopeType":"Shared","quantity":1,"provisioningState":"Succeeded","expiryDate":"2020-08-23","displayName":"TestPurchaseReservation","effectiveDateTime":"2019-11-08T04:58:40.9726618Z","lastUpdatedDateTime":"2019-11-08T04:58:43.4518889Z","reservedResourceType":"VirtualMachines","instanceFlexibility":"Off","skuDescription":"Reserved
        VM Instance, Standard_D1, US West, 1 Year","splitProperties":{"splitSource":"/providers/microsoft.capacity/reservationOrders/0a47417c-cd30-4f67-add6-d631583e09f3/reservations/ae1fbdad-6333-4964-9f4c-83f7e2b7f44f"},"renew":false}},{"sku":{"name":"Standard_D1"},"id":"/providers/microsoft.capacity/reservationOrders/0a47417c-cd30-4f67-add6-d631583e09f3/reservations/e35514c8-588a-4c38-bbec-5b43d5a4206e","type":"Microsoft.Capacity/reservationOrders/reservations","name":"0a47417c-cd30-4f67-add6-d631583e09f3/e35514c8-588a-4c38-bbec-5b43d5a4206e","etag":2,"location":"westus","properties":{"appliedScopeType":"Shared","quantity":2,"provisioningState":"Succeeded","expiryDate":"2020-08-23","displayName":"TestPurchaseReservation","effectiveDateTime":"2019-11-08T04:58:40.9726618Z","lastUpdatedDateTime":"2019-11-08T04:58:43.4518889Z","reservedResourceType":"VirtualMachines","instanceFlexibility":"Off","skuDescription":"Reserved
        VM Instance, Standard_D1, US West, 1 Year","splitProperties":{"splitSource":"/providers/microsoft.capacity/reservationOrders/0a47417c-cd30-4f67-add6-d631583e09f3/reservations/ae1fbdad-6333-4964-9f4c-83f7e2b7f44f"},"renew":false}},{"sku":{"name":"Standard_D1"},"id":"/providers/microsoft.capacity/reservationOrders/0a47417c-cd30-4f67-add6-d631583e09f3/reservations/ae1fbdad-6333-4964-9f4c-83f7e2b7f44f","type":"Microsoft.Capacity/reservationOrders/reservations","name":"0a47417c-cd30-4f67-add6-d631583e09f3/ae1fbdad-6333-4964-9f4c-83f7e2b7f44f","etag":9,"location":"westus","properties":{"appliedScopeType":"Shared","quantity":3,"provisioningState":"Cancelled","expiryDate":"2020-08-23","displayName":"TestPurchaseReservation","effectiveDateTime":"2019-11-08T04:58:40.9726618Z","extendedStatusInfo":{"statusCode":"Split","message":"This
        reservation was split and is no longer active"},"lastUpdatedDateTime":"2019-11-08T04:58:43.4518889Z","reservedResourceType":"VirtualMachines","instanceFlexibility":"Off","skuDescription":"Reserved
        VM Instance, Standard_D1, US West, 1 Year","splitProperties":{"splitDestinations":["/providers/microsoft.capacity/reservationOrders/0a47417c-cd30-4f67-add6-d631583e09f3/reservations/d2bf57b5-f3b1-455f-9fc1-1a1b761662b4","/providers/microsoft.capacity/reservationOrders/0a47417c-cd30-4f67-add6-d631583e09f3/reservations/e35514c8-588a-4c38-bbec-5b43d5a4206e"]},"mergeProperties":{"mergeSources":["/providers/microsoft.capacity/reservationOrders/0a47417c-cd30-4f67-add6-d631583e09f3/reservations/8a835b02-2dac-4c48-928d-403ea989ab2f","/providers/microsoft.capacity/reservationOrders/0a47417c-cd30-4f67-add6-d631583e09f3/reservations/56a3ec1d-3b6e-4639-b8dd-8f9b0a0edda6"]},"renew":false}}]'
    headers:
      cache-control:
      - no-cache
      content-length:
      - '3342'
      content-type:
      - application/json; charset=utf-8
      date:
      - Fri, 08 Nov 2019 04:58:43 GMT
      expires:
      - '-1'
      location:
      - https://management.azure.com/providers/Microsoft.Capacity/reservationorders/0a47417c-cd30-4f67-add6-d631583e09f3/splitoperationresults/ae1fbdad-6333-4964-9f4c-83f7e2b7f44f_7?api-version=2019-04-01
      pragma:
      - no-cache
      server:
      - Microsoft-IIS/10.0
      strict-transport-security:
      - max-age=31536000; includeSubDomains
      transfer-encoding:
      - chunked
      vary:
      - Accept-Encoding,Accept-Encoding
      x-content-type-options:
      - nosniff
      x-ms-ratelimit-remaining-tenant-writes:
      - '1199'
      x-ms-test:
      - '{"contact":"kgautam","scenarios":"RITesting","retention":"11/21/2019 4:08:12
        AM"}'
    status:
      code: 200
      message: OK
- request:
    body: null
    headers:
      Accept:
      - application/json
      Accept-Encoding:
      - gzip, deflate
      CommandName:
      - reservations reservation split
      Connection:
      - keep-alive
      ParameterSetName:
      - --reservation-order-id --reservation-id -1 -2
      User-Agent:
      - python/3.7.5 (Windows-10-10.0.18362-SP0) msrest/0.6.10 msrest_azure/0.6.2
        azure-mgmt-reservations/0.6.0 Azure-SDK-For-Python AZURECLI/2.0.76
    method: GET
    uri: https://management.azure.com/providers/Microsoft.Capacity/reservationorders/0a47417c-cd30-4f67-add6-d631583e09f3/splitoperationresults/ae1fbdad-6333-4964-9f4c-83f7e2b7f44f_7?api-version=2019-04-01
  response:
    body:
      string: '[{"sku":{"name":"Standard_D1"},"id":"/providers/microsoft.capacity/reservationOrders/0a47417c-cd30-4f67-add6-d631583e09f3/reservations/d2bf57b5-f3b1-455f-9fc1-1a1b761662b4","type":"Microsoft.Capacity/reservationOrders/reservations","name":"0a47417c-cd30-4f67-add6-d631583e09f3/d2bf57b5-f3b1-455f-9fc1-1a1b761662b4","etag":2,"location":"westus","properties":{"appliedScopeType":"Shared","quantity":1,"provisioningState":"Succeeded","expiryDate":"2020-08-23","displayName":"TestPurchaseReservation","effectiveDateTime":"2019-11-08T04:58:40.9726618Z","lastUpdatedDateTime":"2019-11-08T04:58:43.4518889Z","reservedResourceType":"VirtualMachines","instanceFlexibility":"Off","skuDescription":"Reserved
        VM Instance, Standard_D1, US West, 1 Year","splitProperties":{"splitSource":"/providers/microsoft.capacity/reservationOrders/0a47417c-cd30-4f67-add6-d631583e09f3/reservations/ae1fbdad-6333-4964-9f4c-83f7e2b7f44f"},"renew":false}},{"sku":{"name":"Standard_D1"},"id":"/providers/microsoft.capacity/reservationOrders/0a47417c-cd30-4f67-add6-d631583e09f3/reservations/e35514c8-588a-4c38-bbec-5b43d5a4206e","type":"Microsoft.Capacity/reservationOrders/reservations","name":"0a47417c-cd30-4f67-add6-d631583e09f3/e35514c8-588a-4c38-bbec-5b43d5a4206e","etag":2,"location":"westus","properties":{"appliedScopeType":"Shared","quantity":2,"provisioningState":"Succeeded","expiryDate":"2020-08-23","displayName":"TestPurchaseReservation","effectiveDateTime":"2019-11-08T04:58:40.9726618Z","lastUpdatedDateTime":"2019-11-08T04:58:43.4518889Z","reservedResourceType":"VirtualMachines","instanceFlexibility":"Off","skuDescription":"Reserved
        VM Instance, Standard_D1, US West, 1 Year","splitProperties":{"splitSource":"/providers/microsoft.capacity/reservationOrders/0a47417c-cd30-4f67-add6-d631583e09f3/reservations/ae1fbdad-6333-4964-9f4c-83f7e2b7f44f"},"renew":false}},{"sku":{"name":"Standard_D1"},"id":"/providers/microsoft.capacity/reservationOrders/0a47417c-cd30-4f67-add6-d631583e09f3/reservations/ae1fbdad-6333-4964-9f4c-83f7e2b7f44f","type":"Microsoft.Capacity/reservationOrders/reservations","name":"0a47417c-cd30-4f67-add6-d631583e09f3/ae1fbdad-6333-4964-9f4c-83f7e2b7f44f","etag":9,"location":"westus","properties":{"appliedScopeType":"Shared","quantity":3,"provisioningState":"Cancelled","expiryDate":"2020-08-23","displayName":"TestPurchaseReservation","effectiveDateTime":"2019-11-08T04:58:40.9726618Z","extendedStatusInfo":{"statusCode":"Split","message":"This
        reservation was split and is no longer active"},"lastUpdatedDateTime":"2019-11-08T04:58:43.4518889Z","reservedResourceType":"VirtualMachines","instanceFlexibility":"Off","skuDescription":"Reserved
        VM Instance, Standard_D1, US West, 1 Year","splitProperties":{"splitDestinations":["/providers/microsoft.capacity/reservationOrders/0a47417c-cd30-4f67-add6-d631583e09f3/reservations/d2bf57b5-f3b1-455f-9fc1-1a1b761662b4","/providers/microsoft.capacity/reservationOrders/0a47417c-cd30-4f67-add6-d631583e09f3/reservations/e35514c8-588a-4c38-bbec-5b43d5a4206e"]},"mergeProperties":{"mergeSources":["/providers/microsoft.capacity/reservationOrders/0a47417c-cd30-4f67-add6-d631583e09f3/reservations/8a835b02-2dac-4c48-928d-403ea989ab2f","/providers/microsoft.capacity/reservationOrders/0a47417c-cd30-4f67-add6-d631583e09f3/reservations/56a3ec1d-3b6e-4639-b8dd-8f9b0a0edda6"]},"renew":false}}]'
    headers:
      cache-control:
      - no-cache
      content-length:
      - '3342'
      content-type:
      - application/json; charset=utf-8
      date:
      - Fri, 08 Nov 2019 04:58:53 GMT
      expires:
      - '-1'
      pragma:
      - no-cache
      server:
      - Microsoft-IIS/10.0
      strict-transport-security:
      - max-age=31536000; includeSubDomains
      transfer-encoding:
      - chunked
      vary:
      - Accept-Encoding,Accept-Encoding
      x-content-type-options:
      - nosniff
    status:
      code: 200
      message: OK
- request:
    body: '{"properties": {"sources": ["/providers/Microsoft.Capacity/reservationOrders/0a47417c-cd30-4f67-add6-d631583e09f3/reservations/d2bf57b5-f3b1-455f-9fc1-1a1b761662b4",
      "/providers/Microsoft.Capacity/reservationOrders/0a47417c-cd30-4f67-add6-d631583e09f3/reservations/e35514c8-588a-4c38-bbec-5b43d5a4206e"]}}'
    headers:
      Accept:
      - application/json
      Accept-Encoding:
      - gzip, deflate
      CommandName:
      - reservations reservation merge
      Connection:
      - keep-alive
      Content-Length:
      - '305'
      Content-Type:
      - application/json; charset=utf-8
      ParameterSetName:
      - --reservation-order-id -1 -2
      User-Agent:
      - python/3.7.5 (Windows-10-10.0.18362-SP0) msrest/0.6.10 msrest_azure/0.6.2
        azure-mgmt-reservations/0.6.0 Azure-SDK-For-Python AZURECLI/2.0.76
      accept-language:
      - en-US
    method: POST
    uri: https://management.azure.com/providers/Microsoft.Capacity/reservationOrders/0a47417c-cd30-4f67-add6-d631583e09f3/merge?api-version=2019-04-01
  response:
    body:
      string: '[{"sku":{"name":"Standard_D1"},"id":"/providers/microsoft.capacity/reservationOrders/0a47417c-cd30-4f67-add6-d631583e09f3/reservations/d2bf57b5-f3b1-455f-9fc1-1a1b761662b4","type":"Microsoft.Capacity/reservationOrders/reservations","name":"0a47417c-cd30-4f67-add6-d631583e09f3/d2bf57b5-f3b1-455f-9fc1-1a1b761662b4","etag":5,"location":"westus","properties":{"appliedScopeType":"Shared","quantity":1,"provisioningState":"Cancelled","expiryDate":"2020-08-23","displayName":"TestPurchaseReservation","effectiveDateTime":"2019-11-08T04:58:58.8094848Z","extendedStatusInfo":{"statusCode":"Merged","message":"This
        reservation was merged and is no longer active"},"lastUpdatedDateTime":"2019-11-08T04:58:58.8094848Z","reservedResourceType":"VirtualMachines","instanceFlexibility":"Off","skuDescription":"Reserved
        VM Instance, Standard_D1, US West, 1 Year","splitProperties":{"splitSource":"/providers/microsoft.capacity/reservationOrders/0a47417c-cd30-4f67-add6-d631583e09f3/reservations/ae1fbdad-6333-4964-9f4c-83f7e2b7f44f"},"mergeProperties":{"mergeDestination":"/providers/microsoft.capacity/reservationOrders/0a47417c-cd30-4f67-add6-d631583e09f3/reservations/38046576-be5d-4732-9909-990ea019fbbd"},"renew":false}},{"sku":{"name":"Standard_D1"},"id":"/providers/microsoft.capacity/reservationOrders/0a47417c-cd30-4f67-add6-d631583e09f3/reservations/e35514c8-588a-4c38-bbec-5b43d5a4206e","type":"Microsoft.Capacity/reservationOrders/reservations","name":"0a47417c-cd30-4f67-add6-d631583e09f3/e35514c8-588a-4c38-bbec-5b43d5a4206e","etag":4,"location":"westus","properties":{"appliedScopeType":"Shared","quantity":2,"provisioningState":"Cancelled","expiryDate":"2020-08-23","displayName":"TestPurchaseReservation","effectiveDateTime":"2019-11-08T04:58:58.8094848Z","extendedStatusInfo":{"statusCode":"Merged","message":"This
        reservation was merged and is no longer active"},"lastUpdatedDateTime":"2019-11-08T04:58:58.8094848Z","reservedResourceType":"VirtualMachines","instanceFlexibility":"Off","skuDescription":"Reserved
        VM Instance, Standard_D1, US West, 1 Year","splitProperties":{"splitSource":"/providers/microsoft.capacity/reservationOrders/0a47417c-cd30-4f67-add6-d631583e09f3/reservations/ae1fbdad-6333-4964-9f4c-83f7e2b7f44f"},"mergeProperties":{"mergeDestination":"/providers/microsoft.capacity/reservationOrders/0a47417c-cd30-4f67-add6-d631583e09f3/reservations/38046576-be5d-4732-9909-990ea019fbbd"},"renew":false}},{"sku":{"name":"Standard_D1"},"id":"/providers/microsoft.capacity/reservationOrders/0a47417c-cd30-4f67-add6-d631583e09f3/reservations/38046576-be5d-4732-9909-990ea019fbbd","type":"Microsoft.Capacity/reservationOrders/reservations","name":"0a47417c-cd30-4f67-add6-d631583e09f3/38046576-be5d-4732-9909-990ea019fbbd","etag":2,"location":"westus","properties":{"appliedScopeType":"Shared","quantity":3,"provisioningState":"Succeeded","expiryDate":"2020-08-23","displayName":"TestPurchaseReservation","effectiveDateTime":"2019-11-08T04:58:58.8094848Z","lastUpdatedDateTime":"2019-11-08T04:58:58.8094848Z","reservedResourceType":"VirtualMachines","instanceFlexibility":"Off","skuDescription":"Reserved
        VM Instance, Standard_D1, US West, 1 Year","mergeProperties":{"mergeSources":["/providers/microsoft.capacity/reservationOrders/0a47417c-cd30-4f67-add6-d631583e09f3/reservations/d2bf57b5-f3b1-455f-9fc1-1a1b761662b4","/providers/microsoft.capacity/reservationOrders/0a47417c-cd30-4f67-add6-d631583e09f3/reservations/e35514c8-588a-4c38-bbec-5b43d5a4206e"]},"renew":false}}]'
    headers:
      cache-control:
      - no-cache
      content-length:
      - '3489'
      content-type:
      - application/json; charset=utf-8
      date:
      - Fri, 08 Nov 2019 04:58:58 GMT
      expires:
      - '-1'
      location:
      - https://management.azure.com/providers/Microsoft.Capacity/reservationorders/0a47417c-cd30-4f67-add6-d631583e09f3/mergeoperationresults/d2bf57b5-f3b1-455f-9fc1-1a1b761662b4_3?api-version=2019-04-01
      pragma:
      - no-cache
      server:
      - Microsoft-IIS/10.0
      strict-transport-security:
      - max-age=31536000; includeSubDomains
      transfer-encoding:
      - chunked
      vary:
      - Accept-Encoding,Accept-Encoding
      x-content-type-options:
      - nosniff
      x-ms-ratelimit-remaining-tenant-writes:
      - '1199'
      x-ms-test:
      - '{"contact":"kgautam","scenarios":"RITesting","retention":"11/21/2019 4:08:12
        AM"}'
    status:
      code: 200
      message: OK
- request:
    body: null
    headers:
      Accept:
      - application/json
      Accept-Encoding:
      - gzip, deflate
      CommandName:
      - reservations reservation merge
      Connection:
      - keep-alive
      ParameterSetName:
      - --reservation-order-id -1 -2
      User-Agent:
      - python/3.7.5 (Windows-10-10.0.18362-SP0) msrest/0.6.10 msrest_azure/0.6.2
        azure-mgmt-reservations/0.6.0 Azure-SDK-For-Python AZURECLI/2.0.76
    method: GET
    uri: https://management.azure.com/providers/Microsoft.Capacity/reservationorders/0a47417c-cd30-4f67-add6-d631583e09f3/mergeoperationresults/d2bf57b5-f3b1-455f-9fc1-1a1b761662b4_3?api-version=2019-04-01
  response:
    body:
      string: '[{"sku":{"name":"Standard_D1"},"id":"/providers/microsoft.capacity/reservationOrders/0a47417c-cd30-4f67-add6-d631583e09f3/reservations/d2bf57b5-f3b1-455f-9fc1-1a1b761662b4","type":"Microsoft.Capacity/reservationOrders/reservations","name":"0a47417c-cd30-4f67-add6-d631583e09f3/d2bf57b5-f3b1-455f-9fc1-1a1b761662b4","etag":5,"location":"westus","properties":{"appliedScopeType":"Shared","quantity":1,"provisioningState":"Cancelled","expiryDate":"2020-08-23","displayName":"TestPurchaseReservation","effectiveDateTime":"2019-11-08T04:58:58.8094848Z","extendedStatusInfo":{"statusCode":"Merged","message":"This
        reservation was merged and is no longer active"},"lastUpdatedDateTime":"2019-11-08T04:58:58.8094848Z","reservedResourceType":"VirtualMachines","instanceFlexibility":"Off","skuDescription":"Reserved
        VM Instance, Standard_D1, US West, 1 Year","splitProperties":{"splitSource":"/providers/microsoft.capacity/reservationOrders/0a47417c-cd30-4f67-add6-d631583e09f3/reservations/ae1fbdad-6333-4964-9f4c-83f7e2b7f44f"},"mergeProperties":{"mergeDestination":"/providers/microsoft.capacity/reservationOrders/0a47417c-cd30-4f67-add6-d631583e09f3/reservations/38046576-be5d-4732-9909-990ea019fbbd"},"renew":false}},{"sku":{"name":"Standard_D1"},"id":"/providers/microsoft.capacity/reservationOrders/0a47417c-cd30-4f67-add6-d631583e09f3/reservations/e35514c8-588a-4c38-bbec-5b43d5a4206e","type":"Microsoft.Capacity/reservationOrders/reservations","name":"0a47417c-cd30-4f67-add6-d631583e09f3/e35514c8-588a-4c38-bbec-5b43d5a4206e","etag":4,"location":"westus","properties":{"appliedScopeType":"Shared","quantity":2,"provisioningState":"Cancelled","expiryDate":"2020-08-23","displayName":"TestPurchaseReservation","effectiveDateTime":"2019-11-08T04:58:58.8094848Z","extendedStatusInfo":{"statusCode":"Merged","message":"This
        reservation was merged and is no longer active"},"lastUpdatedDateTime":"2019-11-08T04:58:58.8094848Z","reservedResourceType":"VirtualMachines","instanceFlexibility":"Off","skuDescription":"Reserved
        VM Instance, Standard_D1, US West, 1 Year","splitProperties":{"splitSource":"/providers/microsoft.capacity/reservationOrders/0a47417c-cd30-4f67-add6-d631583e09f3/reservations/ae1fbdad-6333-4964-9f4c-83f7e2b7f44f"},"mergeProperties":{"mergeDestination":"/providers/microsoft.capacity/reservationOrders/0a47417c-cd30-4f67-add6-d631583e09f3/reservations/38046576-be5d-4732-9909-990ea019fbbd"},"renew":false}},{"sku":{"name":"Standard_D1"},"id":"/providers/microsoft.capacity/reservationOrders/0a47417c-cd30-4f67-add6-d631583e09f3/reservations/38046576-be5d-4732-9909-990ea019fbbd","type":"Microsoft.Capacity/reservationOrders/reservations","name":"0a47417c-cd30-4f67-add6-d631583e09f3/38046576-be5d-4732-9909-990ea019fbbd","etag":2,"location":"westus","properties":{"appliedScopeType":"Shared","quantity":3,"provisioningState":"Succeeded","expiryDate":"2020-08-23","displayName":"TestPurchaseReservation","effectiveDateTime":"2019-11-08T04:58:58.8094848Z","lastUpdatedDateTime":"2019-11-08T04:58:58.8094848Z","reservedResourceType":"VirtualMachines","instanceFlexibility":"Off","skuDescription":"Reserved
        VM Instance, Standard_D1, US West, 1 Year","mergeProperties":{"mergeSources":["/providers/microsoft.capacity/reservationOrders/0a47417c-cd30-4f67-add6-d631583e09f3/reservations/d2bf57b5-f3b1-455f-9fc1-1a1b761662b4","/providers/microsoft.capacity/reservationOrders/0a47417c-cd30-4f67-add6-d631583e09f3/reservations/e35514c8-588a-4c38-bbec-5b43d5a4206e"]},"renew":false}}]'
    headers:
      cache-control:
      - no-cache
      content-length:
      - '3489'
      content-type:
      - application/json; charset=utf-8
      date:
      - Fri, 08 Nov 2019 04:59:09 GMT
      expires:
      - '-1'
      pragma:
      - no-cache
      server:
      - Microsoft-IIS/10.0
      strict-transport-security:
      - max-age=31536000; includeSubDomains
      transfer-encoding:
      - chunked
      vary:
      - Accept-Encoding,Accept-Encoding
      x-content-type-options:
      - nosniff
    status:
      code: 200
      message: OK
version: 1
