interactions:
- request:
    body: '{"location": "westus", "tags": {"product": "azurecli", "cause": "automation",
      "date": "2018-10-18T00:14:09Z"}}'
    headers:
      Accept: [application/json]
      Accept-Encoding: ['gzip, deflate']
      CommandName: [group create]
      Connection: [keep-alive]
      Content-Length: ['110']
      Content-Type: [application/json; charset=utf-8]
      User-Agent: [python/3.6.2 (Windows-10-10.0.17763-SP0) requests/2.19.1 msrest/0.5.5
          msrest_azure/0.4.34 resourcemanagementclient/2.0.0 Azure-SDK-For-Python
          AZURECLI/2.0.49]
      accept-language: [en-US]
    method: PUT
    uri: https://management.azure.com/subscriptions/00000000-0000-0000-0000-000000000000/resourcegroups/clitest.rg000001?api-version=2018-05-01
  response:
    body: {string: '{"id":"/subscriptions/00000000-0000-0000-0000-000000000000/resourceGroups/clitest.rg000001","name":"clitest.rg000001","location":"westus","tags":{"product":"azurecli","cause":"automation","date":"2018-10-18T00:14:09Z"},"properties":{"provisioningState":"Succeeded"}}'}
    headers:
      cache-control: [no-cache]
      content-length: ['384']
      content-type: [application/json; charset=utf-8]
      date: ['Thu, 18 Oct 2018 00:14:13 GMT']
      expires: ['-1']
      pragma: [no-cache]
      strict-transport-security: [max-age=31536000; includeSubDomains]
      x-content-type-options: [nosniff]
      x-ms-ratelimit-remaining-subscription-writes: ['1198']
    status: {code: 201, message: Created}
- request:
    body: null
    headers:
      Accept: [application/json]
      Accept-Encoding: ['gzip, deflate']
      CommandName: [container create]
      Connection: [keep-alive]
      Content-Type: [application/json; charset=utf-8]
      User-Agent: [python/3.6.2 (Windows-10-10.0.17763-SP0) requests/2.19.1 msrest/0.5.5
          msrest_azure/0.4.34 resourcemanagementclient/2.0.0 Azure-SDK-For-Python
          AZURECLI/2.0.49]
      accept-language: [en-US]
    method: GET
    uri: https://management.azure.com/subscriptions/00000000-0000-0000-0000-000000000000/resourcegroups/clitest.rg000001?api-version=2018-05-01
  response:
    body: {string: '{"id":"/subscriptions/00000000-0000-0000-0000-000000000000/resourceGroups/clitest.rg000001","name":"clitest.rg000001","location":"westus","tags":{"product":"azurecli","cause":"automation","date":"2018-10-18T00:14:09Z"},"properties":{"provisioningState":"Succeeded"}}'}
    headers:
      cache-control: [no-cache]
      content-length: ['384']
      content-type: [application/json; charset=utf-8]
      date: ['Thu, 18 Oct 2018 00:14:13 GMT']
      expires: ['-1']
      pragma: [no-cache]
      strict-transport-security: [max-age=31536000; includeSubDomains]
      vary: [Accept-Encoding]
      x-content-type-options: [nosniff]
    status: {code: 200, message: OK}
- request:
    body: 'b''{"location": "westus", "tags": {}, "properties": {"containers": [{"name":
      "clicontainer000002", "properties": {"image": "alpine:latest", "command": ["/bin/sh",
      "-c", "while true; do echo hello; sleep 20; done"], "ports": [{"protocol": "TCP",
      "port": 8000}, {"protocol": "TCP", "port": 8001}], "environmentVariables": [{"name":
      "KEY1", "value": "VALUE1"}, {"name": "KEY2", "value": "FOO=BAR="}], "resources":
      {"requests": {"memoryInGB": 1.0, "cpu": 1.0}}, "volumeMounts": [{"name": "secrets",
      "mountPath": "/s"}]}}], "restartPolicy": "Never", "ipAddress": {"ports": [{"protocol":
      "TCP", "port": 8000}, {"protocol": "TCP", "port": 8001}], "type": "Public",
      "dnsNameLabel": "clicontainer000002"}, "osType": "Linux", "volumes": [{"name":
      "secrets", "secret": {"secret1": "c3VwZXJhd2Vzb21lc2VjcmV0", "secret2": "bm90aGluZyB0byBzZWU="}}]}}'''
    headers:
      Accept: [application/json]
      Accept-Encoding: ['gzip, deflate']
      CommandName: [container create]
      Connection: [keep-alive]
      Content-Length: ['829']
      Content-Type: [application/json; charset=utf-8]
      User-Agent: [python/3.6.2 (Windows-10-10.0.17763-SP0) requests/2.19.1 msrest/0.5.5
          msrest_azure/0.4.34 azure-mgmt-containerinstance/1.2.0 Azure-SDK-For-Python
          AZURECLI/2.0.49]
      accept-language: [en-US]
    method: PUT
    uri: https://management.azure.com/subscriptions/00000000-0000-0000-0000-000000000000/resourceGroups/clitest.rg000001/providers/Microsoft.ContainerInstance/containerGroups/clicontainer000002?api-version=2018-10-01
  response:
    body: {string: '{"properties":{"provisioningState":"Pending","containers":[{"name":"clicontainer000002","properties":{"image":"alpine:latest","command":["/bin/sh","-c","while
        true; do echo hello; sleep 20; done"],"ports":[{"protocol":"TCP","port":8000},{"protocol":"TCP","port":8001}],"environmentVariables":[{"name":"KEY1","value":"VALUE1"},{"name":"KEY2","value":"FOO=BAR="}],"instanceView":{"restartCount":0,"currentState":{"state":"Waiting","detailStatus":"ContainerCreating"}},"resources":{"requests":{"memoryInGB":1.0,"cpu":1.0}},"volumeMounts":[{"name":"secrets","mountPath":"/s"}]}}],"restartPolicy":"Never","ipAddress":{"ports":[{"protocol":"TCP","port":8000},{"protocol":"TCP","port":8001}],"ip":"40.78.53.223","type":"Public","dnsNameLabel":"clicontainer000002","fqdn":"clicontainer000002.westus.azurecontainer.io"},"osType":"Linux","volumes":[{"name":"secrets","secret":{}}],"instanceView":{"state":"Pending"}},"identity":{"type":"None"},"id":"/subscriptions/00000000-0000-0000-0000-000000000000/resourceGroups/clitest.rg000001/providers/Microsoft.ContainerInstance/containerGroups/clicontainer000002","name":"clicontainer000002","type":"Microsoft.ContainerInstance/containerGroups","location":"westus","tags":{}}'}
    headers:
      azure-asyncoperation: ['https://management.azure.com/subscriptions/00000000-0000-0000-0000-000000000000/providers/Microsoft.ContainerInstance/locations/westus/operations/b3ab9b00-2f70-4988-a18b-fbe8e4737277?api-version=2018-06-01']
      cache-control: [no-cache]
      content-length: ['1258']
      content-type: [application/json; charset=utf-8]
      date: ['Thu, 18 Oct 2018 00:14:18 GMT']
      expires: ['-1']
      pragma: [no-cache]
      strict-transport-security: [max-age=31536000; includeSubDomains]
      x-content-type-options: [nosniff]
      x-ms-ratelimit-remaining-subscription-resource-requests-pt1h: ['86']
      x-ms-ratelimit-remaining-subscription-resource-requests-pt5m: ['99']
      x-ms-ratelimit-remaining-subscription-writes: ['1197']
    status: {code: 201, message: Created}
- request:
    body: null
    headers:
      Accept: [application/json]
      Accept-Encoding: ['gzip, deflate']
      CommandName: [container create]
      Connection: [keep-alive]
      User-Agent: [python/3.6.2 (Windows-10-10.0.17763-SP0) requests/2.19.1 msrest/0.5.5
          msrest_azure/0.4.34 azure-mgmt-containerinstance/1.2.0 Azure-SDK-For-Python
          AZURECLI/2.0.49]
    method: GET
    uri: https://management.azure.com/subscriptions/00000000-0000-0000-0000-000000000000/providers/Microsoft.ContainerInstance/locations/westus/operations/b3ab9b00-2f70-4988-a18b-fbe8e4737277?api-version=2018-06-01
  response:
    body: {string: '{"id":"/subscriptions/00000000-0000-0000-0000-000000000000/resourceGroups/clitest.rg000001/providers/Microsoft.ContainerInstance/containerGroups/clicontainer000002","status":"Succeeded","startTime":"2018-10-18T00:14:18.048917Z","properties":{"events":[{"count":1,"firstTimestamp":"2018-10-18T00:14:20Z","lastTimestamp":"2018-10-18T00:14:20Z","name":"Pulling","message":"pulling
        image \"alpine:latest\"","type":"Normal"},{"count":1,"firstTimestamp":"2018-10-18T00:14:22Z","lastTimestamp":"2018-10-18T00:14:22Z","name":"Pulled","message":"Successfully
        pulled image \"alpine:latest\"","type":"Normal"},{"count":1,"firstTimestamp":"2018-10-18T00:14:22Z","lastTimestamp":"2018-10-18T00:14:22Z","name":"Created","message":"Created
        container with id 4803e8035713583eca044ffef3e90d7fb3fe54b48d59151186d3cd3934c9987c","type":"Normal"},{"count":1,"firstTimestamp":"2018-10-18T00:14:22Z","lastTimestamp":"2018-10-18T00:14:22Z","name":"Started","message":"Started
        container with id 4803e8035713583eca044ffef3e90d7fb3fe54b48d59151186d3cd3934c9987c","type":"Normal"}]}}'}
    headers:
      cache-control: [no-cache]
      content-length: ['1112']
      content-type: [application/json; charset=utf-8]
      date: ['Thu, 18 Oct 2018 00:14:48 GMT']
      expires: ['-1']
      pragma: [no-cache]
      strict-transport-security: [max-age=31536000; includeSubDomains]
      transfer-encoding: [chunked]
      vary: ['Accept-Encoding,Accept-Encoding']
      x-content-type-options: [nosniff]
    status: {code: 200, message: OK}
- request:
    body: null
    headers:
      Accept: [application/json]
      Accept-Encoding: ['gzip, deflate']
      CommandName: [container create]
      Connection: [keep-alive]
      User-Agent: [python/3.6.2 (Windows-10-10.0.17763-SP0) requests/2.19.1 msrest/0.5.5
          msrest_azure/0.4.34 azure-mgmt-containerinstance/1.2.0 Azure-SDK-For-Python
          AZURECLI/2.0.49]
    method: GET
    uri: https://management.azure.com/subscriptions/00000000-0000-0000-0000-000000000000/resourceGroups/clitest.rg000001/providers/Microsoft.ContainerInstance/containerGroups/clicontainer000002?api-version=2018-10-01
  response:
    body: {string: '{"properties":{"provisioningState":"Succeeded","containers":[{"name":"clicontainer000002","properties":{"image":"alpine:latest","command":["/bin/sh","-c","while
        true; do echo hello; sleep 20; done"],"ports":[{"protocol":"TCP","port":8000},{"protocol":"TCP","port":8001}],"environmentVariables":[{"name":"KEY1","value":"VALUE1"},{"name":"KEY2","value":"FOO=BAR="}],"instanceView":{"restartCount":0,"currentState":{"state":"Running","startTime":"2018-10-18T00:14:22Z","detailStatus":""},"events":[{"count":1,"firstTimestamp":"2018-10-18T00:14:20Z","lastTimestamp":"2018-10-18T00:14:20Z","name":"Pulling","message":"pulling
        image \"alpine:latest\"","type":"Normal"},{"count":1,"firstTimestamp":"2018-10-18T00:14:22Z","lastTimestamp":"2018-10-18T00:14:22Z","name":"Pulled","message":"Successfully
        pulled image \"alpine:latest\"","type":"Normal"},{"count":1,"firstTimestamp":"2018-10-18T00:14:22Z","lastTimestamp":"2018-10-18T00:14:22Z","name":"Created","message":"Created
        container with id 4803e8035713583eca044ffef3e90d7fb3fe54b48d59151186d3cd3934c9987c","type":"Normal"},{"count":1,"firstTimestamp":"2018-10-18T00:14:22Z","lastTimestamp":"2018-10-18T00:14:22Z","name":"Started","message":"Started
        container with id 4803e8035713583eca044ffef3e90d7fb3fe54b48d59151186d3cd3934c9987c","type":"Normal"}]},"resources":{"requests":{"memoryInGB":1.0,"cpu":1.0}},"volumeMounts":[{"name":"secrets","mountPath":"/s"}]}}],"restartPolicy":"Never","ipAddress":{"ports":[{"protocol":"TCP","port":8000},{"protocol":"TCP","port":8001}],"ip":"40.78.53.223","type":"Public","dnsNameLabel":"clicontainer000002","fqdn":"clicontainer000002.westus.azurecontainer.io"},"osType":"Linux","volumes":[{"name":"secrets","secret":{}}],"instanceView":{"events":[],"state":"Running"}},"identity":{"type":"None"},"id":"/subscriptions/00000000-0000-0000-0000-000000000000/resourceGroups/clitest.rg000001/providers/Microsoft.ContainerInstance/containerGroups/clicontainer000002","name":"clicontainer000002","type":"Microsoft.ContainerInstance/containerGroups","location":"westus","tags":{}}'}
    headers:
      cache-control: [no-cache]
      content-length: ['2102']
      content-type: [application/json; charset=utf-8]
      date: ['Thu, 18 Oct 2018 00:14:49 GMT']
      expires: ['-1']
      pragma: [no-cache]
      strict-transport-security: [max-age=31536000; includeSubDomains]
      transfer-encoding: [chunked]
      vary: ['Accept-Encoding,Accept-Encoding']
      x-content-type-options: [nosniff]
    status: {code: 200, message: OK}
- request:
    body: null
    headers:
      Accept: [application/json]
      Accept-Encoding: ['gzip, deflate']
      CommandName: [container show]
      Connection: [keep-alive]
      User-Agent: [python/3.6.2 (Windows-10-10.0.17763-SP0) requests/2.19.1 msrest/0.5.5
          msrest_azure/0.4.34 azure-mgmt-containerinstance/1.2.0 Azure-SDK-For-Python
          AZURECLI/2.0.49]
      accept-language: [en-US]
    method: GET
    uri: https://management.azure.com/subscriptions/00000000-0000-0000-0000-000000000000/resourceGroups/clitest.rg000001/providers/Microsoft.ContainerInstance/containerGroups/clicontainer000002?api-version=2018-10-01
  response:
    body: {string: '{"properties":{"provisioningState":"Succeeded","containers":[{"name":"clicontainer000002","properties":{"image":"alpine:latest","command":["/bin/sh","-c","while
        true; do echo hello; sleep 20; done"],"ports":[{"protocol":"TCP","port":8000},{"protocol":"TCP","port":8001}],"environmentVariables":[{"name":"KEY1","value":"VALUE1"},{"name":"KEY2","value":"FOO=BAR="}],"instanceView":{"restartCount":0,"currentState":{"state":"Running","startTime":"2018-10-18T00:14:22Z","detailStatus":""},"events":[{"count":1,"firstTimestamp":"2018-10-18T00:14:20Z","lastTimestamp":"2018-10-18T00:14:20Z","name":"Pulling","message":"pulling
        image \"alpine:latest\"","type":"Normal"},{"count":1,"firstTimestamp":"2018-10-18T00:14:22Z","lastTimestamp":"2018-10-18T00:14:22Z","name":"Pulled","message":"Successfully
        pulled image \"alpine:latest\"","type":"Normal"},{"count":1,"firstTimestamp":"2018-10-18T00:14:22Z","lastTimestamp":"2018-10-18T00:14:22Z","name":"Created","message":"Created
        container with id 4803e8035713583eca044ffef3e90d7fb3fe54b48d59151186d3cd3934c9987c","type":"Normal"},{"count":1,"firstTimestamp":"2018-10-18T00:14:22Z","lastTimestamp":"2018-10-18T00:14:22Z","name":"Started","message":"Started
        container with id 4803e8035713583eca044ffef3e90d7fb3fe54b48d59151186d3cd3934c9987c","type":"Normal"}]},"resources":{"requests":{"memoryInGB":1.0,"cpu":1.0}},"volumeMounts":[{"name":"secrets","mountPath":"/s"}]}}],"restartPolicy":"Never","ipAddress":{"ports":[{"protocol":"TCP","port":8000},{"protocol":"TCP","port":8001}],"ip":"40.78.53.223","type":"Public","dnsNameLabel":"clicontainer000002","fqdn":"clicontainer000002.westus.azurecontainer.io"},"osType":"Linux","volumes":[{"name":"secrets","secret":{}}],"instanceView":{"events":[],"state":"Running"}},"identity":{"type":"None"},"id":"/subscriptions/00000000-0000-0000-0000-000000000000/resourceGroups/clitest.rg000001/providers/Microsoft.ContainerInstance/containerGroups/clicontainer000002","name":"clicontainer000002","type":"Microsoft.ContainerInstance/containerGroups","location":"westus","tags":{}}'}
    headers:
      cache-control: [no-cache]
      content-length: ['2102']
      content-type: [application/json; charset=utf-8]
      date: ['Thu, 18 Oct 2018 00:14:50 GMT']
      expires: ['-1']
      pragma: [no-cache]
      strict-transport-security: [max-age=31536000; includeSubDomains]
      transfer-encoding: [chunked]
      vary: ['Accept-Encoding,Accept-Encoding']
      x-content-type-options: [nosniff]
    status: {code: 200, message: OK}
- request:
    body: null
    headers:
      Accept: [application/json]
      Accept-Encoding: ['gzip, deflate']
      CommandName: [container list]
      Connection: [keep-alive]
      User-Agent: [python/3.6.2 (Windows-10-10.0.17763-SP0) requests/2.19.1 msrest/0.5.5
          msrest_azure/0.4.34 azure-mgmt-containerinstance/1.2.0 Azure-SDK-For-Python
          AZURECLI/2.0.49]
      accept-language: [en-US]
    method: GET
    uri: https://management.azure.com/subscriptions/00000000-0000-0000-0000-000000000000/resourceGroups/clitest.rg000001/providers/Microsoft.ContainerInstance/containerGroups?api-version=2018-10-01
  response:
    body: {string: '{"value":[{"properties":{"provisioningState":"Succeeded","containers":[{"name":"clicontainer000002","properties":{"image":"alpine:latest","command":["/bin/sh","-c","while
        true; do echo hello; sleep 20; done"],"ports":[{"protocol":"TCP","port":8000},{"protocol":"TCP","port":8001}],"environmentVariables":[{"name":"KEY1","value":"VALUE1"},{"name":"KEY2","value":"FOO=BAR="}],"resources":{"requests":{"memoryInGB":1.0,"cpu":1.0}},"volumeMounts":[{"name":"secrets","mountPath":"/s"}]}}],"restartPolicy":"Never","ipAddress":{"ports":[{"protocol":"TCP","port":8000},{"protocol":"TCP","port":8001}],"ip":"40.78.53.223","type":"Public","dnsNameLabel":"clicontainer000002","fqdn":"clicontainer000002.westus.azurecontainer.io"},"osType":"Linux","volumes":[{"name":"secrets","secret":{}}]},"identity":{"type":"None"},"id":"/subscriptions/00000000-0000-0000-0000-000000000000/resourceGroups/clitest.rg000001/providers/Microsoft.ContainerInstance/containerGroups/clicontainer000002","name":"clicontainer000002","type":"Microsoft.ContainerInstance/containerGroups","location":"westus","tags":{}}]}'}
    headers:
      cache-control: [no-cache]
      content-length: ['1133']
      content-type: [application/json; charset=utf-8]
      date: ['Thu, 18 Oct 2018 00:14:50 GMT']
      expires: ['-1']
      pragma: [no-cache]
      strict-transport-security: [max-age=31536000; includeSubDomains]
      transfer-encoding: [chunked]
      vary: ['Accept-Encoding,Accept-Encoding']
      x-content-type-options: [nosniff]
    status: {code: 200, message: OK}
- request:
    body: null
    headers:
      Accept: [application/json]
      Accept-Encoding: ['gzip, deflate']
      CommandName: [group delete]
      Connection: [keep-alive]
      Content-Length: ['0']
      Content-Type: [application/json; charset=utf-8]
      User-Agent: [python/3.6.2 (Windows-10-10.0.17763-SP0) requests/2.19.1 msrest/0.5.5
          msrest_azure/0.4.34 resourcemanagementclient/2.0.0 Azure-SDK-For-Python
          AZURECLI/2.0.49]
      accept-language: [en-US]
    method: DELETE
    uri: https://management.azure.com/subscriptions/00000000-0000-0000-0000-000000000000/resourcegroups/clitest.rg000001?api-version=2018-05-01
  response:
    body: {string: ''}
    headers:
      cache-control: [no-cache]
      content-length: ['0']
      date: ['Thu, 18 Oct 2018 00:14:52 GMT']
      expires: ['-1']
      location: ['https://management.azure.com/subscriptions/00000000-0000-0000-0000-000000000000/operationresults/eyJqb2JJZCI6IlJFU09VUkNFR1JPVVBERUxFVElPTkpPQi1DTElURVNUOjJFUkdUQ1E3QkZNRklJSTRFQkNFWUFQUDZHWlVLS0w0R1ZXNFc2N3xBQjdDNEYzRDA4RUUzNDY3LVdFU1RVUyIsImpvYkxvY2F0aW9uIjoid2VzdHVzIn0?api-version=2018-05-01']
      pragma: [no-cache]
      strict-transport-security: [max-age=31536000; includeSubDomains]
      x-content-type-options: [nosniff]
      x-ms-ratelimit-remaining-subscription-deletes: ['14999']
    status: {code: 202, message: Accepted}
version: 1
