interactions:
- request:
    body: '{"location": "westus2"}'
    headers:
      Accept:
      - application/json
      Accept-Encoding:
      - gzip, deflate
      CommandName:
      - netappfiles account create
      Connection:
      - keep-alive
      Content-Length:
      - '23'
      Content-Type:
      - application/json
      ParameterSetName:
      - -g -a -l
      User-Agent:
      - AZURECLI/2.48.0 azsdk-python-mgmt-netapp/10.0.0 Python/3.8.3 (Windows-10-10.0.22000-SP0)
    method: PUT
    uri: https://management.azure.com/subscriptions/00000000-0000-0000-0000-000000000000/resourceGroups/cli_netappfiles_test_backup_policy_000001/providers/Microsoft.NetApp/netAppAccounts/cli-acc-000002?api-version=2022-09-01
  response:
    body:
      string: '{"id":"/subscriptions/00000000-0000-0000-0000-000000000000/resourceGroups/cli_netappfiles_test_backup_policy_000001/providers/Microsoft.NetApp/netAppAccounts/cli-acc-000002","name":"cli-acc-000002","type":"Microsoft.NetApp/netAppAccounts","etag":"W/\"datetime''2023-04-27T13%3A56%3A50.0434962Z''\"","location":"westus2","tags":{"CreatedOnDate":"2023-04-27T13:56:46.9776189Z"},"properties":{"provisioningState":"Creating"},"systemData":{"createdBy":"c6c4faba-2b22-44d9-80a4-71ff5b71f811","createdByType":"Application","createdAt":"2023-04-27T13:56:49.1073215Z","lastModifiedBy":"c6c4faba-2b22-44d9-80a4-71ff5b71f811","lastModifiedByType":"Application","lastModifiedAt":"2023-04-27T13:56:49.1073215Z"}}'
    headers:
      azure-asyncoperation:
      - https://management.azure.com/subscriptions/00000000-0000-0000-0000-000000000000/providers/Microsoft.NetApp/locations/westus2/operationResults/36a5427b-763f-4fc8-9431-0c16cd5d2059?api-version=2022-09-01
      cache-control:
      - no-cache
      content-length:
      - '698'
      content-type:
      - application/json; charset=utf-8
      date:
      - Thu, 27 Apr 2023 13:56:51 GMT
      etag:
      - W/"datetime'2023-04-27T13%3A56%3A50.0434962Z'"
      expires:
      - '-1'
      pragma:
      - no-cache
      server:
      - Microsoft-IIS/10.0
      strict-transport-security:
      - max-age=31536000; includeSubDomains
      x-content-type-options:
      - nosniff
      x-ms-ratelimit-remaining-subscription-writes:
      - '1199'
      x-powered-by:
      - ASP.NET
    status:
      code: 201
      message: Created
- request:
    body: null
    headers:
      Accept:
      - '*/*'
      Accept-Encoding:
      - gzip, deflate
      CommandName:
      - netappfiles account create
      Connection:
      - keep-alive
      ParameterSetName:
      - -g -a -l
      User-Agent:
      - AZURECLI/2.48.0 azsdk-python-mgmt-netapp/10.0.0 Python/3.8.3 (Windows-10-10.0.22000-SP0)
    method: GET
    uri: https://management.azure.com/subscriptions/00000000-0000-0000-0000-000000000000/providers/Microsoft.NetApp/locations/westus2/operationResults/36a5427b-763f-4fc8-9431-0c16cd5d2059?api-version=2022-09-01
  response:
    body:
      string: '{"id":"/subscriptions/00000000-0000-0000-0000-000000000000/providers/Microsoft.NetApp/locations/westus2/operationResults/36a5427b-763f-4fc8-9431-0c16cd5d2059","name":"36a5427b-763f-4fc8-9431-0c16cd5d2059","status":"Succeeded","startTime":"2023-04-27T13:56:50.0442291Z","endTime":"2023-04-27T13:56:50.0940437Z","percentComplete":100.0,"properties":{"resourceName":"/subscriptions/00000000-0000-0000-0000-000000000000/resourceGroups/cli_netappfiles_test_backup_policy_000001/providers/Microsoft.NetApp/netAppAccounts/cli-acc-000002","action":"CREATE"}}'
    headers:
      cache-control:
      - no-cache
      content-length:
      - '550'
      content-type:
      - application/json; charset=utf-8
      date:
      - Thu, 27 Apr 2023 13:56:51 GMT
      expires:
      - '-1'
      pragma:
      - no-cache
      server:
      - Microsoft-IIS/10.0
      strict-transport-security:
      - max-age=31536000; includeSubDomains
      transfer-encoding:
      - chunked
      vary:
      - Accept-Encoding
      x-content-type-options:
      - nosniff
      x-powered-by:
      - ASP.NET
    status:
      code: 200
      message: OK
- request:
    body: null
    headers:
      Accept:
      - '*/*'
      Accept-Encoding:
      - gzip, deflate
      CommandName:
      - netappfiles account create
      Connection:
      - keep-alive
      ParameterSetName:
      - -g -a -l
      User-Agent:
      - AZURECLI/2.48.0 azsdk-python-mgmt-netapp/10.0.0 Python/3.8.3 (Windows-10-10.0.22000-SP0)
    method: GET
    uri: https://management.azure.com/subscriptions/00000000-0000-0000-0000-000000000000/resourceGroups/cli_netappfiles_test_backup_policy_000001/providers/Microsoft.NetApp/netAppAccounts/cli-acc-000002?api-version=2022-09-01
  response:
    body:
      string: '{"id":"/subscriptions/00000000-0000-0000-0000-000000000000/resourceGroups/cli_netappfiles_test_backup_policy_000001/providers/Microsoft.NetApp/netAppAccounts/cli-acc-000002","name":"cli-acc-000002","type":"Microsoft.NetApp/netAppAccounts","etag":"W/\"datetime''2023-04-27T13%3A56%3A50.0885429Z''\"","location":"westus2","tags":{"CreatedOnDate":"2023-04-27T13:56:46.9776189Z"},"properties":{"activeDirectories":[{"activeDirectoryId":"09ef3da0-c3dd-8e10-a69c-04a84d8ebc85","username":"sdkuser","password":"****************","domain":"sdkdomain","dns":"192.0.2.2","status":"Created","smbServerName":"PSSMBSName","organizationalUnit":"CN=Computers","adName":"ps1792","aesEncryption":false,"ldapSigning":false,"ldapOverTLS":false,"allowLocalNfsUsersWithLdap":false,"encryptDCConnections":false,"ldapSearchScope":{}}],"encryption":{"keySource":"Microsoft.NetApp"},"provisioningState":"Succeeded"},"systemData":{"createdBy":"c6c4faba-2b22-44d9-80a4-71ff5b71f811","createdByType":"Application","createdAt":"2023-04-27T13:56:49.1073215Z","lastModifiedBy":"c6c4faba-2b22-44d9-80a4-71ff5b71f811","lastModifiedByType":"Application","lastModifiedAt":"2023-04-27T13:56:49.1073215Z"}}'
    headers:
      cache-control:
      - no-cache
      content-length:
      - '1167'
      content-type:
      - application/json; charset=utf-8
      date:
      - Thu, 27 Apr 2023 13:56:51 GMT
      etag:
      - W/"datetime'2023-04-27T13%3A56%3A50.0885429Z'"
      expires:
      - '-1'
      pragma:
      - no-cache
      server:
      - Microsoft-IIS/10.0
      strict-transport-security:
      - max-age=31536000; includeSubDomains
      transfer-encoding:
      - chunked
      vary:
      - Accept-Encoding
      x-content-type-options:
      - nosniff
      x-powered-by:
      - ASP.NET
    status:
      code: 200
      message: OK
- request:
    body: '{"location": "westus2", "properties": {"dailyBackupsToKeep": 2, "enabled":
      true}}'
    headers:
      Accept:
      - application/json
      Accept-Encoding:
      - gzip, deflate
      CommandName:
      - netappfiles account backup-policy create
      Connection:
      - keep-alive
      Content-Length:
      - '81'
      Content-Type:
      - application/json
      ParameterSetName:
      - -g -a --backup-policy-name -l --daily-backups --enabled
      User-Agent:
      - AZURECLI/2.48.0 azsdk-python-mgmt-netapp/10.0.0 Python/3.8.3 (Windows-10-10.0.22000-SP0)
    method: PUT
    uri: https://management.azure.com/subscriptions/00000000-0000-0000-0000-000000000000/resourceGroups/cli_netappfiles_test_backup_policy_000001/providers/Microsoft.NetApp/netAppAccounts/cli-acc-000002/backupPolicies/cli-ba-pol-000005?api-version=2022-09-01
  response:
    body:
      string: '{"id":"/subscriptions/00000000-0000-0000-0000-000000000000/resourceGroups/cli_netappfiles_test_backup_policy_000001/providers/Microsoft.NetApp/netAppAccounts/cli-acc-000002/backupPolicies/cli-ba-pol-000005","name":"cli-acc-000002/cli-ba-pol-000005","type":"Microsoft.NetApp/netAppAccounts/backupPolicies","etag":"W/\"datetime''2023-04-27T13%3A56%3A56.600155Z''\"","location":"westus2","tags":{"CreatedOnDate":"2023-04-27T13:56:53.2779611Z"},"properties":{"enabled":true,"dailyBackupsToKeep":2,"provisioningState":"Creating"},"systemData":{"createdBy":"c6c4faba-2b22-44d9-80a4-71ff5b71f811","createdByType":"Application","createdAt":"2023-04-27T13:56:55.7350402Z","lastModifiedBy":"c6c4faba-2b22-44d9-80a4-71ff5b71f811","lastModifiedByType":"Application","lastModifiedAt":"2023-04-27T13:56:55.7350402Z"}}'
    headers:
      azure-asyncoperation:
      - https://management.azure.com/subscriptions/00000000-0000-0000-0000-000000000000/providers/Microsoft.NetApp/locations/westus2/operationResults/faebfb01-7441-4dfb-8d23-d614bdfd41a0?api-version=2022-09-01
      cache-control:
      - no-cache
      content-length:
      - '801'
      content-type:
      - application/json; charset=utf-8
      date:
      - Thu, 27 Apr 2023 13:56:57 GMT
      etag:
      - W/"datetime'2023-04-27T13%3A56%3A56.600155Z'"
      expires:
      - '-1'
      pragma:
      - no-cache
      server:
      - Microsoft-IIS/10.0
      strict-transport-security:
      - max-age=31536000; includeSubDomains
      x-content-type-options:
      - nosniff
      x-ms-ratelimit-remaining-subscription-writes:
      - '1199'
      x-powered-by:
      - ASP.NET
    status:
      code: 201
      message: Created
- request:
    body: null
    headers:
      Accept:
      - '*/*'
      Accept-Encoding:
      - gzip, deflate
      CommandName:
      - netappfiles account backup-policy create
      Connection:
      - keep-alive
      ParameterSetName:
      - -g -a --backup-policy-name -l --daily-backups --enabled
      User-Agent:
      - AZURECLI/2.48.0 azsdk-python-mgmt-netapp/10.0.0 Python/3.8.3 (Windows-10-10.0.22000-SP0)
    method: GET
    uri: https://management.azure.com/subscriptions/00000000-0000-0000-0000-000000000000/providers/Microsoft.NetApp/locations/westus2/operationResults/faebfb01-7441-4dfb-8d23-d614bdfd41a0?api-version=2022-09-01
  response:
    body:
      string: '{"id":"/subscriptions/00000000-0000-0000-0000-000000000000/providers/Microsoft.NetApp/locations/westus2/operationResults/faebfb01-7441-4dfb-8d23-d614bdfd41a0","name":"faebfb01-7441-4dfb-8d23-d614bdfd41a0","status":"Succeeded","startTime":"2023-04-27T13:56:56.6011165Z","endTime":"2023-04-27T13:56:56.9235305Z","percentComplete":100.0,"properties":{"resourceName":"/subscriptions/00000000-0000-0000-0000-000000000000/resourceGroups/cli_netappfiles_test_backup_policy_000001/providers/Microsoft.NetApp/netAppAccounts/cli-acc-000002/backupPolicies/cli-ba-pol-000005","action":"CREATE"}}'
    headers:
      cache-control:
      - no-cache
      content-length:
      - '583'
      content-type:
      - application/json; charset=utf-8
      date:
      - Thu, 27 Apr 2023 13:56:57 GMT
      expires:
      - '-1'
      pragma:
      - no-cache
      server:
      - Microsoft-IIS/10.0
      strict-transport-security:
      - max-age=31536000; includeSubDomains
      transfer-encoding:
      - chunked
      vary:
      - Accept-Encoding
      x-content-type-options:
      - nosniff
      x-powered-by:
      - ASP.NET
    status:
      code: 200
      message: OK
- request:
    body: null
    headers:
      Accept:
      - '*/*'
      Accept-Encoding:
      - gzip, deflate
      CommandName:
      - netappfiles account backup-policy create
      Connection:
      - keep-alive
      ParameterSetName:
      - -g -a --backup-policy-name -l --daily-backups --enabled
      User-Agent:
      - AZURECLI/2.48.0 azsdk-python-mgmt-netapp/10.0.0 Python/3.8.3 (Windows-10-10.0.22000-SP0)
    method: GET
    uri: https://management.azure.com/subscriptions/00000000-0000-0000-0000-000000000000/resourceGroups/cli_netappfiles_test_backup_policy_000001/providers/Microsoft.NetApp/netAppAccounts/cli-acc-000002/backupPolicies/cli-ba-pol-000005?api-version=2022-09-01
  response:
    body:
      string: '{"id":"/subscriptions/00000000-0000-0000-0000-000000000000/resourceGroups/cli_netappfiles_test_backup_policy_000001/providers/Microsoft.NetApp/netAppAccounts/cli-acc-000002/backupPolicies/cli-ba-pol-000005","name":"cli-acc-000002/cli-ba-pol-000005","type":"Microsoft.NetApp/netAppAccounts/backupPolicies","etag":"W/\"datetime''2023-04-27T13%3A56%3A56.9225568Z''\"","location":"westus2","tags":{"CreatedOnDate":"2023-04-27T13:56:53.2779611Z"},"properties":{"enabled":true,"backupPolicyId":"5f8caa51-e503-11ed-986b-7ee19989a337","dailyBackupsToKeep":2,"weeklyBackupsToKeep":0,"monthlyBackupsToKeep":0,"volumesAssigned":0,"provisioningState":"Succeeded"},"systemData":{"createdBy":"c6c4faba-2b22-44d9-80a4-71ff5b71f811","createdByType":"Application","createdAt":"2023-04-27T13:56:55.7350402Z","lastModifiedBy":"c6c4faba-2b22-44d9-80a4-71ff5b71f811","lastModifiedByType":"Application","lastModifiedAt":"2023-04-27T13:56:55.7350402Z"}}'
    headers:
      cache-control:
      - no-cache
      content-length:
      - '928'
      content-type:
      - application/json; charset=utf-8
      date:
      - Thu, 27 Apr 2023 13:56:57 GMT
      etag:
      - W/"datetime'2023-04-27T13%3A56%3A56.9225568Z'"
      expires:
      - '-1'
      pragma:
      - no-cache
      server:
      - Microsoft-IIS/10.0
      strict-transport-security:
      - max-age=31536000; includeSubDomains
      transfer-encoding:
      - chunked
      vary:
      - Accept-Encoding
      x-content-type-options:
      - nosniff
      x-powered-by:
      - ASP.NET
    status:
      code: 200
      message: OK
- request:
    body: null
    headers:
      Accept:
      - application/json
      Accept-Encoding:
      - gzip, deflate
      CommandName:
      - netappfiles account backup-policy show
      Connection:
      - keep-alive
      ParameterSetName:
      - -g -a --backup-policy-name
      User-Agent:
      - AZURECLI/2.48.0 azsdk-python-mgmt-netapp/10.0.0 Python/3.8.3 (Windows-10-10.0.22000-SP0)
    method: GET
    uri: https://management.azure.com/subscriptions/00000000-0000-0000-0000-000000000000/resourceGroups/cli_netappfiles_test_backup_policy_000001/providers/Microsoft.NetApp/netAppAccounts/cli-acc-000002/backupPolicies/cli-ba-pol-000005?api-version=2022-09-01
  response:
    body:
      string: '{"id":"/subscriptions/00000000-0000-0000-0000-000000000000/resourceGroups/cli_netappfiles_test_backup_policy_000001/providers/Microsoft.NetApp/netAppAccounts/cli-acc-000002/backupPolicies/cli-ba-pol-000005","name":"cli-acc-000002/cli-ba-pol-000005","type":"Microsoft.NetApp/netAppAccounts/backupPolicies","etag":"W/\"datetime''2023-04-27T13%3A56%3A56.9225568Z''\"","location":"westus2","tags":{"CreatedOnDate":"2023-04-27T13:56:53.2779611Z"},"properties":{"enabled":true,"backupPolicyId":"5f8caa51-e503-11ed-986b-7ee19989a337","dailyBackupsToKeep":2,"weeklyBackupsToKeep":0,"monthlyBackupsToKeep":0,"volumesAssigned":0,"provisioningState":"Succeeded"},"systemData":{"createdBy":"c6c4faba-2b22-44d9-80a4-71ff5b71f811","createdByType":"Application","createdAt":"2023-04-27T13:56:55.7350402Z","lastModifiedBy":"c6c4faba-2b22-44d9-80a4-71ff5b71f811","lastModifiedByType":"Application","lastModifiedAt":"2023-04-27T13:56:55.7350402Z"}}'
    headers:
      cache-control:
      - no-cache
      content-length:
      - '928'
      content-type:
      - application/json; charset=utf-8
      date:
      - Thu, 27 Apr 2023 13:57:00 GMT
      etag:
      - W/"datetime'2023-04-27T13%3A56%3A56.9225568Z'"
      expires:
      - '-1'
      pragma:
      - no-cache
      server:
      - Microsoft-IIS/10.0
      strict-transport-security:
      - max-age=31536000; includeSubDomains
      transfer-encoding:
      - chunked
      vary:
      - Accept-Encoding
      x-content-type-options:
      - nosniff
      x-powered-by:
      - ASP.NET
    status:
      code: 200
      message: OK
- request:
    body: null
    headers:
      Accept:
      - application/json
      Accept-Encoding:
      - gzip, deflate
      CommandName:
      - netappfiles account backup-policy show
      Connection:
      - keep-alive
      ParameterSetName:
      - --ids
      User-Agent:
      - AZURECLI/2.48.0 azsdk-python-mgmt-netapp/10.0.0 Python/3.8.3 (Windows-10-10.0.22000-SP0)
    method: GET
    uri: https://management.azure.com/subscriptions/00000000-0000-0000-0000-000000000000/resourceGroups/cli_netappfiles_test_backup_policy_000001/providers/Microsoft.NetApp/netAppAccounts/cli-acc-000002/backupPolicies/cli-ba-pol-000005?api-version=2022-09-01
  response:
    body:
      string: '{"id":"/subscriptions/00000000-0000-0000-0000-000000000000/resourceGroups/cli_netappfiles_test_backup_policy_000001/providers/Microsoft.NetApp/netAppAccounts/cli-acc-000002/backupPolicies/cli-ba-pol-000005","name":"cli-acc-000002/cli-ba-pol-000005","type":"Microsoft.NetApp/netAppAccounts/backupPolicies","etag":"W/\"datetime''2023-04-27T13%3A56%3A56.9225568Z''\"","location":"westus2","tags":{"CreatedOnDate":"2023-04-27T13:56:53.2779611Z"},"properties":{"enabled":true,"backupPolicyId":"5f8caa51-e503-11ed-986b-7ee19989a337","dailyBackupsToKeep":2,"weeklyBackupsToKeep":0,"monthlyBackupsToKeep":0,"volumesAssigned":0,"provisioningState":"Succeeded"},"systemData":{"createdBy":"c6c4faba-2b22-44d9-80a4-71ff5b71f811","createdByType":"Application","createdAt":"2023-04-27T13:56:55.7350402Z","lastModifiedBy":"c6c4faba-2b22-44d9-80a4-71ff5b71f811","lastModifiedByType":"Application","lastModifiedAt":"2023-04-27T13:56:55.7350402Z"}}'
    headers:
      cache-control:
      - no-cache
      content-length:
      - '928'
      content-type:
      - application/json; charset=utf-8
      date:
      - Thu, 27 Apr 2023 13:57:04 GMT
      etag:
      - W/"datetime'2023-04-27T13%3A56%3A56.9225568Z'"
      expires:
      - '-1'
      pragma:
      - no-cache
      server:
      - Microsoft-IIS/10.0
      strict-transport-security:
      - max-age=31536000; includeSubDomains
      transfer-encoding:
      - chunked
      vary:
      - Accept-Encoding
      x-content-type-options:
      - nosniff
      x-powered-by:
      - ASP.NET
    status:
      code: 200
      message: OK
- request:
    body: '{"location": "westus2", "properties": {"addressSpace": {"addressPrefixes":
      ["10.5.0.0/16"]}, "enableDdosProtection": false, "enableVmProtection": false}}'
    headers:
      Accept:
      - application/json
      Accept-Encoding:
      - gzip, deflate
      CommandName:
      - network vnet create
      Connection:
      - keep-alive
      Content-Length:
      - '153'
      Content-Type:
      - application/json
      ParameterSetName:
      - -n -g -l --address-prefix
      User-Agent:
      - AZURECLI/2.48.0 (AAZ) azsdk-python-core/1.26.0 Python/3.8.3 (Windows-10-10.0.22000-SP0)
    method: PUT
    uri: https://management.azure.com/subscriptions/00000000-0000-0000-0000-000000000000/resourceGroups/cli_netappfiles_test_backup_policy_000001/providers/Microsoft.Network/virtualNetworks/cli-vnet-backup000006?api-version=2022-01-01
  response:
    body:
      string: "{\r\n  \"name\": \"cli-vnet-backup000006\",\r\n  \"id\": \"/subscriptions/00000000-0000-0000-0000-000000000000/resourceGroups/cli_netappfiles_test_backup_policy_000001/providers/Microsoft.Network/virtualNetworks/cli-vnet-backup000006\",\r\n
        \ \"etag\": \"W/\\\"8e4c7cda-0de8-4fcf-a942-8b184d408802\\\"\",\r\n  \"type\":
        \"Microsoft.Network/virtualNetworks\",\r\n  \"location\": \"westus2\",\r\n
        \ \"tags\": {\r\n    \"CreatedOnDate\": \"2023-04-27T13:57:05.9071711Z\"\r\n
        \ },\r\n  \"properties\": {\r\n    \"provisioningState\": \"Updating\",\r\n
        \   \"resourceGuid\": \"b13f5543-1dae-4f14-91c4-3562f00ec8d2\",\r\n    \"addressSpace\":
        {\r\n      \"addressPrefixes\": [\r\n        \"10.5.0.0/16\"\r\n      ]\r\n
        \   },\r\n    \"subnets\": [],\r\n    \"virtualNetworkPeerings\": [],\r\n
        \   \"enableDdosProtection\": false\r\n  }\r\n}"
    headers:
      azure-asyncnotification:
      - Enabled
      azure-asyncoperation:
      - https://management.azure.com/subscriptions/00000000-0000-0000-0000-000000000000/providers/Microsoft.Network/locations/westus2/operations/9ab0b216-e4de-4aa5-a004-45a63683ad80?api-version=2022-01-01
      cache-control:
      - no-cache
      content-length:
      - '734'
      content-type:
      - application/json; charset=utf-8
      date:
      - Thu, 27 Apr 2023 13:57:11 GMT
      expires:
      - '-1'
      pragma:
      - no-cache
      server:
      - Microsoft-HTTPAPI/2.0
      - Microsoft-HTTPAPI/2.0
      strict-transport-security:
      - max-age=31536000; includeSubDomains
      x-content-type-options:
      - nosniff
      x-ms-arm-service-request-id:
      - ce793f66-1631-44a1-bee0-8bd836096f9e
      x-ms-ratelimit-remaining-subscription-writes:
      - '1199'
    status:
      code: 201
      message: Created
- request:
    body: null
    headers:
      Accept:
      - '*/*'
      Accept-Encoding:
      - gzip, deflate
      CommandName:
      - network vnet create
      Connection:
      - keep-alive
      ParameterSetName:
      - -n -g -l --address-prefix
      User-Agent:
      - AZURECLI/2.48.0 (AAZ) azsdk-python-core/1.26.0 Python/3.8.3 (Windows-10-10.0.22000-SP0)
    method: GET
    uri: https://management.azure.com/subscriptions/00000000-0000-0000-0000-000000000000/providers/Microsoft.Network/locations/westus2/operations/9ab0b216-e4de-4aa5-a004-45a63683ad80?api-version=2022-01-01
  response:
    body:
      string: "{\r\n  \"status\": \"Succeeded\"\r\n}"
    headers:
      cache-control:
      - no-cache
      content-length:
      - '29'
      content-type:
      - application/json; charset=utf-8
      date:
      - Thu, 27 Apr 2023 13:57:11 GMT
      expires:
      - '-1'
      pragma:
      - no-cache
      server:
      - Microsoft-HTTPAPI/2.0
      - Microsoft-HTTPAPI/2.0
      strict-transport-security:
      - max-age=31536000; includeSubDomains
      transfer-encoding:
      - chunked
      vary:
      - Accept-Encoding
      x-content-type-options:
      - nosniff
      x-ms-arm-service-request-id:
      - 7269b78b-6268-4170-b977-0a290037a154
    status:
      code: 200
      message: OK
- request:
    body: null
    headers:
      Accept:
      - '*/*'
      Accept-Encoding:
      - gzip, deflate
      CommandName:
      - network vnet create
      Connection:
      - keep-alive
      ParameterSetName:
      - -n -g -l --address-prefix
      User-Agent:
      - AZURECLI/2.48.0 (AAZ) azsdk-python-core/1.26.0 Python/3.8.3 (Windows-10-10.0.22000-SP0)
    method: GET
    uri: https://management.azure.com/subscriptions/00000000-0000-0000-0000-000000000000/resourceGroups/cli_netappfiles_test_backup_policy_000001/providers/Microsoft.Network/virtualNetworks/cli-vnet-backup000006?api-version=2022-01-01
  response:
    body:
      string: "{\r\n  \"name\": \"cli-vnet-backup000006\",\r\n  \"id\": \"/subscriptions/00000000-0000-0000-0000-000000000000/resourceGroups/cli_netappfiles_test_backup_policy_000001/providers/Microsoft.Network/virtualNetworks/cli-vnet-backup000006\",\r\n
        \ \"etag\": \"W/\\\"3cfd3bdd-930b-4603-9104-970aaca5e7f0\\\"\",\r\n  \"type\":
        \"Microsoft.Network/virtualNetworks\",\r\n  \"location\": \"westus2\",\r\n
        \ \"tags\": {\r\n    \"CreatedOnDate\": \"2023-04-27T13:57:05.9071711Z\"\r\n
        \ },\r\n  \"properties\": {\r\n    \"provisioningState\": \"Succeeded\",\r\n
        \   \"resourceGuid\": \"b13f5543-1dae-4f14-91c4-3562f00ec8d2\",\r\n    \"addressSpace\":
        {\r\n      \"addressPrefixes\": [\r\n        \"10.5.0.0/16\"\r\n      ]\r\n
        \   },\r\n    \"subnets\": [],\r\n    \"virtualNetworkPeerings\": [],\r\n
        \   \"enableDdosProtection\": false\r\n  }\r\n}"
    headers:
      cache-control:
      - no-cache
      content-length:
      - '735'
      content-type:
      - application/json; charset=utf-8
      date:
      - Thu, 27 Apr 2023 13:57:11 GMT
      etag:
      - W/"3cfd3bdd-930b-4603-9104-970aaca5e7f0"
      expires:
      - '-1'
      pragma:
      - no-cache
      server:
      - Microsoft-HTTPAPI/2.0
      - Microsoft-HTTPAPI/2.0
      strict-transport-security:
      - max-age=31536000; includeSubDomains
      transfer-encoding:
      - chunked
      vary:
      - Accept-Encoding
      x-content-type-options:
      - nosniff
      x-ms-arm-service-request-id:
      - 14b61921-96a8-4594-959e-a4faa05abed1
    status:
      code: 200
      message: OK
- request:
    body: '{"name": "default", "properties": {"addressPrefix": "10.5.0.0/24", "delegations":
      [{"name": "0", "properties": {"serviceName": "Microsoft.Netapp/volumes"}}]}}'
    headers:
      Accept:
      - application/json
      Accept-Encoding:
      - gzip, deflate
      CommandName:
      - network vnet subnet create
      Connection:
      - keep-alive
      Content-Length:
      - '158'
      Content-Type:
      - application/json
      ParameterSetName:
      - -n --vnet-name --address-prefixes --delegations -g
      User-Agent:
      - AZURECLI/2.48.0 (AAZ) azsdk-python-core/1.26.0 Python/3.8.3 (Windows-10-10.0.22000-SP0)
    method: PUT
    uri: https://management.azure.com/subscriptions/00000000-0000-0000-0000-000000000000/resourceGroups/cli_netappfiles_test_backup_policy_000001/providers/Microsoft.Network/virtualNetworks/cli-vnet-backup000006/subnets/default?api-version=2022-01-01
  response:
    body:
      string: "{\r\n  \"name\": \"default\",\r\n  \"id\": \"/subscriptions/00000000-0000-0000-0000-000000000000/resourceGroups/cli_netappfiles_test_backup_policy_000001/providers/Microsoft.Network/virtualNetworks/cli-vnet-backup000006/subnets/default\",\r\n
        \ \"etag\": \"W/\\\"dee71d90-2cc7-4d8d-93ba-a45827e9d821\\\"\",\r\n  \"properties\":
        {\r\n    \"provisioningState\": \"Updating\",\r\n    \"addressPrefix\": \"10.5.0.0/24\",\r\n
        \   \"delegations\": [\r\n      {\r\n        \"name\": \"0\",\r\n        \"id\":
        \"/subscriptions/00000000-0000-0000-0000-000000000000/resourceGroups/cli_netappfiles_test_backup_policy_000001/providers/Microsoft.Network/virtualNetworks/cli-vnet-backup000006/subnets/default/delegations/0\",\r\n
        \       \"etag\": \"W/\\\"dee71d90-2cc7-4d8d-93ba-a45827e9d821\\\"\",\r\n
        \       \"properties\": {\r\n          \"provisioningState\": \"Succeeded\",\r\n
        \         \"serviceName\": \"Microsoft.Netapp/volumes\",\r\n          \"actions\":
        [\r\n            \"Microsoft.Network/networkinterfaces/*\",\r\n            \"Microsoft.Network/virtualNetworks/subnets/join/action\"\r\n
        \         ]\r\n        },\r\n        \"type\": \"Microsoft.Network/virtualNetworks/subnets/delegations\"\r\n
        \     }\r\n    ],\r\n    \"purpose\": \"HostedWorkloads\",\r\n    \"privateEndpointNetworkPolicies\":
        \"Disabled\",\r\n    \"privateLinkServiceNetworkPolicies\": \"Enabled\"\r\n
        \ },\r\n  \"type\": \"Microsoft.Network/virtualNetworks/subnets\"\r\n}"
    headers:
      azure-asyncnotification:
      - Enabled
      azure-asyncoperation:
      - https://management.azure.com/subscriptions/00000000-0000-0000-0000-000000000000/providers/Microsoft.Network/locations/westus2/operations/52f03f9e-d5cf-4333-980e-b07ac9904dcd?api-version=2022-01-01
      cache-control:
      - no-cache
      content-length:
      - '1304'
      content-type:
      - application/json; charset=utf-8
      date:
      - Thu, 27 Apr 2023 13:57:14 GMT
      expires:
      - '-1'
      pragma:
      - no-cache
      server:
      - Microsoft-HTTPAPI/2.0
      - Microsoft-HTTPAPI/2.0
      strict-transport-security:
      - max-age=31536000; includeSubDomains
      x-content-type-options:
      - nosniff
      x-ms-arm-service-request-id:
      - de7321a0-8b83-400b-8270-2888166137d7
      x-ms-ratelimit-remaining-subscription-writes:
      - '1199'
    status:
      code: 201
      message: Created
- request:
    body: null
    headers:
      Accept:
      - '*/*'
      Accept-Encoding:
      - gzip, deflate
      CommandName:
      - network vnet subnet create
      Connection:
      - keep-alive
      ParameterSetName:
      - -n --vnet-name --address-prefixes --delegations -g
      User-Agent:
      - AZURECLI/2.48.0 (AAZ) azsdk-python-core/1.26.0 Python/3.8.3 (Windows-10-10.0.22000-SP0)
    method: GET
    uri: https://management.azure.com/subscriptions/00000000-0000-0000-0000-000000000000/providers/Microsoft.Network/locations/westus2/operations/52f03f9e-d5cf-4333-980e-b07ac9904dcd?api-version=2022-01-01
  response:
    body:
      string: "{\r\n  \"status\": \"Succeeded\"\r\n}"
    headers:
      cache-control:
      - no-cache
      content-length:
      - '29'
      content-type:
      - application/json; charset=utf-8
      date:
      - Thu, 27 Apr 2023 13:57:14 GMT
      expires:
      - '-1'
      pragma:
      - no-cache
      server:
      - Microsoft-HTTPAPI/2.0
      - Microsoft-HTTPAPI/2.0
      strict-transport-security:
      - max-age=31536000; includeSubDomains
      transfer-encoding:
      - chunked
      vary:
      - Accept-Encoding
      x-content-type-options:
      - nosniff
      x-ms-arm-service-request-id:
      - c0eec433-80fa-4c3f-aef0-a14dba202f46
    status:
      code: 200
      message: OK
- request:
    body: null
    headers:
      Accept:
      - '*/*'
      Accept-Encoding:
      - gzip, deflate
      CommandName:
      - network vnet subnet create
      Connection:
      - keep-alive
      ParameterSetName:
      - -n --vnet-name --address-prefixes --delegations -g
      User-Agent:
      - AZURECLI/2.48.0 (AAZ) azsdk-python-core/1.26.0 Python/3.8.3 (Windows-10-10.0.22000-SP0)
    method: GET
    uri: https://management.azure.com/subscriptions/00000000-0000-0000-0000-000000000000/resourceGroups/cli_netappfiles_test_backup_policy_000001/providers/Microsoft.Network/virtualNetworks/cli-vnet-backup000006/subnets/default?api-version=2022-01-01
  response:
    body:
      string: "{\r\n  \"name\": \"default\",\r\n  \"id\": \"/subscriptions/00000000-0000-0000-0000-000000000000/resourceGroups/cli_netappfiles_test_backup_policy_000001/providers/Microsoft.Network/virtualNetworks/cli-vnet-backup000006/subnets/default\",\r\n
        \ \"etag\": \"W/\\\"b9415d51-2de1-4716-9127-d7bfaa43e0cf\\\"\",\r\n  \"properties\":
        {\r\n    \"provisioningState\": \"Succeeded\",\r\n    \"addressPrefix\": \"10.5.0.0/24\",\r\n
        \   \"delegations\": [\r\n      {\r\n        \"name\": \"0\",\r\n        \"id\":
        \"/subscriptions/00000000-0000-0000-0000-000000000000/resourceGroups/cli_netappfiles_test_backup_policy_000001/providers/Microsoft.Network/virtualNetworks/cli-vnet-backup000006/subnets/default/delegations/0\",\r\n
        \       \"etag\": \"W/\\\"b9415d51-2de1-4716-9127-d7bfaa43e0cf\\\"\",\r\n
        \       \"properties\": {\r\n          \"provisioningState\": \"Succeeded\",\r\n
        \         \"serviceName\": \"Microsoft.Netapp/volumes\",\r\n          \"actions\":
        [\r\n            \"Microsoft.Network/networkinterfaces/*\",\r\n            \"Microsoft.Network/virtualNetworks/subnets/join/action\"\r\n
        \         ]\r\n        },\r\n        \"type\": \"Microsoft.Network/virtualNetworks/subnets/delegations\"\r\n
        \     }\r\n    ],\r\n    \"purpose\": \"HostedWorkloads\",\r\n    \"privateEndpointNetworkPolicies\":
        \"Disabled\",\r\n    \"privateLinkServiceNetworkPolicies\": \"Enabled\"\r\n
        \ },\r\n  \"type\": \"Microsoft.Network/virtualNetworks/subnets\"\r\n}"
    headers:
      cache-control:
      - no-cache
      content-length:
      - '1305'
      content-type:
      - application/json; charset=utf-8
      date:
      - Thu, 27 Apr 2023 13:57:15 GMT
      etag:
      - W/"b9415d51-2de1-4716-9127-d7bfaa43e0cf"
      expires:
      - '-1'
      pragma:
      - no-cache
      server:
      - Microsoft-HTTPAPI/2.0
      - Microsoft-HTTPAPI/2.0
      strict-transport-security:
      - max-age=31536000; includeSubDomains
      transfer-encoding:
      - chunked
      vary:
      - Accept-Encoding
      x-content-type-options:
      - nosniff
      x-ms-arm-service-request-id:
      - 725d79f9-794b-41bf-87fe-bd29de2ac3a8
    status:
      code: 200
      message: ''
- request:
    body: '{"location": "westus2"}'
    headers:
      Accept:
      - application/json
      Accept-Encoding:
      - gzip, deflate
      CommandName:
      - netappfiles account create
      Connection:
      - keep-alive
      Content-Length:
      - '23'
      Content-Type:
      - application/json
      ParameterSetName:
      - -g -a -l
      User-Agent:
      - AZURECLI/2.48.0 azsdk-python-mgmt-netapp/10.0.0 Python/3.8.3 (Windows-10-10.0.22000-SP0)
    method: PUT
    uri: https://management.azure.com/subscriptions/00000000-0000-0000-0000-000000000000/resourceGroups/cli_netappfiles_test_backup_policy_000001/providers/Microsoft.NetApp/netAppAccounts/cli-acc-000002?api-version=2022-09-01
  response:
    body:
      string: '{"id":"/subscriptions/00000000-0000-0000-0000-000000000000/resourceGroups/cli_netappfiles_test_backup_policy_000001/providers/Microsoft.NetApp/netAppAccounts/cli-acc-000002","name":"cli-acc-000002","type":"Microsoft.NetApp/netAppAccounts","etag":"W/\"datetime''2023-04-27T13%3A57%3A19.2575298Z''\"","location":"westus2","tags":{"CreatedOnDate":"2023-04-27T13:56:46.9776189Z"},"properties":{"provisioningState":"Updating","activeDirectories":[{"activeDirectoryId":"09ef3da0-c3dd-8e10-a69c-04a84d8ebc85","username":"sdkuser","password":"****************","domain":"sdkdomain","dns":"192.0.2.2","status":"Created","smbServerName":"PSSMBSName","organizationalUnit":"CN=Computers","adName":"ps1792","aesEncryption":false,"ldapSigning":false,"ldapOverTLS":false,"allowLocalNfsUsersWithLdap":false,"encryptDCConnections":false,"ldapSearchScope":{}}],"encryption":{"keySource":"Microsoft.NetApp"}},"systemData":{"createdBy":"c6c4faba-2b22-44d9-80a4-71ff5b71f811","createdByType":"Application","createdAt":"2023-04-27T13:56:49.1073215Z","lastModifiedBy":"c6c4faba-2b22-44d9-80a4-71ff5b71f811","lastModifiedByType":"Application","lastModifiedAt":"2023-04-27T13:56:49.1073215Z"}}'
    headers:
      azure-asyncoperation:
      - https://management.azure.com/subscriptions/00000000-0000-0000-0000-000000000000/providers/Microsoft.NetApp/locations/westus2/operationResults/a1e86582-d1ba-43d1-80d8-da6efbc3a54b?api-version=2022-09-01
      cache-control:
      - no-cache
      content-length:
      - '1166'
      content-type:
      - application/json; charset=utf-8
      date:
      - Thu, 27 Apr 2023 13:57:21 GMT
      etag:
      - W/"datetime'2023-04-27T13%3A57%3A19.2575298Z'"
      expires:
      - '-1'
      pragma:
      - no-cache
      server:
      - Microsoft-IIS/10.0
      strict-transport-security:
      - max-age=31536000; includeSubDomains
      transfer-encoding:
      - chunked
      vary:
      - Accept-Encoding
      x-content-type-options:
      - nosniff
      x-ms-ratelimit-remaining-subscription-writes:
      - '1199'
      x-powered-by:
      - ASP.NET
    status:
      code: 200
      message: OK
- request:
    body: null
    headers:
      Accept:
      - '*/*'
      Accept-Encoding:
      - gzip, deflate
      CommandName:
      - netappfiles account create
      Connection:
      - keep-alive
      ParameterSetName:
      - -g -a -l
      User-Agent:
      - AZURECLI/2.48.0 azsdk-python-mgmt-netapp/10.0.0 Python/3.8.3 (Windows-10-10.0.22000-SP0)
    method: GET
    uri: https://management.azure.com/subscriptions/00000000-0000-0000-0000-000000000000/providers/Microsoft.NetApp/locations/westus2/operationResults/a1e86582-d1ba-43d1-80d8-da6efbc3a54b?api-version=2022-09-01
  response:
    body:
      string: '{"id":"/subscriptions/00000000-0000-0000-0000-000000000000/providers/Microsoft.NetApp/locations/westus2/operationResults/a1e86582-d1ba-43d1-80d8-da6efbc3a54b","name":"a1e86582-d1ba-43d1-80d8-da6efbc3a54b","status":"Succeeded","startTime":"2023-04-27T13:57:19.2641238Z","endTime":"2023-04-27T13:57:19.9284419Z","percentComplete":100.0,"properties":{"resourceName":"/subscriptions/00000000-0000-0000-0000-000000000000/resourceGroups/cli_netappfiles_test_backup_policy_000001/providers/Microsoft.NetApp/netAppAccounts/cli-acc-000002","action":"UPDATE"}}'
    headers:
      cache-control:
      - no-cache
      content-length:
      - '550'
      content-type:
      - application/json; charset=utf-8
      date:
      - Thu, 27 Apr 2023 13:57:21 GMT
      expires:
      - '-1'
      pragma:
      - no-cache
      server:
      - Microsoft-IIS/10.0
      strict-transport-security:
      - max-age=31536000; includeSubDomains
      transfer-encoding:
      - chunked
      vary:
      - Accept-Encoding
      x-content-type-options:
      - nosniff
      x-powered-by:
      - ASP.NET
    status:
      code: 200
      message: OK
- request:
    body: null
    headers:
      Accept:
      - '*/*'
      Accept-Encoding:
      - gzip, deflate
      CommandName:
      - netappfiles account create
      Connection:
      - keep-alive
      ParameterSetName:
      - -g -a -l
      User-Agent:
      - AZURECLI/2.48.0 azsdk-python-mgmt-netapp/10.0.0 Python/3.8.3 (Windows-10-10.0.22000-SP0)
    method: GET
    uri: https://management.azure.com/subscriptions/00000000-0000-0000-0000-000000000000/resourceGroups/cli_netappfiles_test_backup_policy_000001/providers/Microsoft.NetApp/netAppAccounts/cli-acc-000002?api-version=2022-09-01
  response:
    body:
      string: '{"id":"/subscriptions/00000000-0000-0000-0000-000000000000/resourceGroups/cli_netappfiles_test_backup_policy_000001/providers/Microsoft.NetApp/netAppAccounts/cli-acc-000002","name":"cli-acc-000002","type":"Microsoft.NetApp/netAppAccounts","etag":"W/\"datetime''2023-04-27T13%3A57%3A19.9221416Z''\"","location":"westus2","properties":{"provisioningState":"Succeeded","activeDirectories":[{"activeDirectoryId":"09ef3da0-c3dd-8e10-a69c-04a84d8ebc85","username":"sdkuser","password":"****************","domain":"sdkdomain","dns":"192.0.2.2","status":"Created","smbServerName":"PSSMBSName","organizationalUnit":"CN=Computers","adName":"ps1792","aesEncryption":false,"ldapSigning":false,"ldapOverTLS":false,"allowLocalNfsUsersWithLdap":false,"encryptDCConnections":false,"ldapSearchScope":{}}],"encryption":{"keySource":"Microsoft.NetApp"}},"systemData":{"createdBy":"c6c4faba-2b22-44d9-80a4-71ff5b71f811","createdByType":"Application","createdAt":"2023-04-27T13:56:49.1073215Z","lastModifiedBy":"c6c4faba-2b22-44d9-80a4-71ff5b71f811","lastModifiedByType":"Application","lastModifiedAt":"2023-04-27T13:57:18.3861338Z"}}'
    headers:
      cache-control:
      - no-cache
      content-length:
      - '1111'
      content-type:
      - application/json; charset=utf-8
      date:
      - Thu, 27 Apr 2023 13:57:22 GMT
      etag:
      - W/"datetime'2023-04-27T13%3A57%3A19.9221416Z'"
      expires:
      - '-1'
      pragma:
      - no-cache
      server:
      - Microsoft-IIS/10.0
      strict-transport-security:
      - max-age=31536000; includeSubDomains
      transfer-encoding:
      - chunked
      vary:
      - Accept-Encoding
      x-content-type-options:
      - nosniff
      x-powered-by:
      - ASP.NET
    status:
      code: 200
      message: OK
- request:
    body: '{"location": "westus2", "properties": {"size": 4398046511104, "serviceLevel":
      "Premium"}}'
    headers:
      Accept:
      - application/json
      Accept-Encoding:
      - gzip, deflate
      CommandName:
      - netappfiles pool create
      Connection:
      - keep-alive
      Content-Length:
      - '89'
      Content-Type:
      - application/json
      ParameterSetName:
      - -g -a -p -l --service-level --size
      User-Agent:
      - AZURECLI/2.48.0 azsdk-python-mgmt-netapp/10.0.0 Python/3.8.3 (Windows-10-10.0.22000-SP0)
    method: PUT
    uri: https://management.azure.com/subscriptions/00000000-0000-0000-0000-000000000000/resourceGroups/cli_netappfiles_test_backup_policy_000001/providers/Microsoft.NetApp/netAppAccounts/cli-acc-000002/capacityPools/cli-pool-000003?api-version=2022-09-01
  response:
    body:
      string: '{"id":"/subscriptions/00000000-0000-0000-0000-000000000000/resourceGroups/cli_netappfiles_test_backup_policy_000001/providers/Microsoft.NetApp/netAppAccounts/cli-acc-000002/capacityPools/cli-pool-000003","name":"cli-acc-000002/cli-pool-000003","type":"Microsoft.NetApp/netAppAccounts/capacityPools","etag":"W/\"datetime''2023-04-27T13%3A57%3A27.3085665Z''\"","location":"westus2","tags":{"CreatedOnDate":"2023-04-27T13:57:23.1238077Z"},"properties":{"serviceLevel":"Premium","size":4398046511104,"totalThroughputMibps":0.0,"utilizedThroughputMibps":0.0,"provisioningState":"Creating"},"systemData":{"createdBy":"c6c4faba-2b22-44d9-80a4-71ff5b71f811","createdByType":"Application","createdAt":"2023-04-27T13:57:26.2854268Z","lastModifiedBy":"c6c4faba-2b22-44d9-80a4-71ff5b71f811","lastModifiedByType":"Application","lastModifiedAt":"2023-04-27T13:57:26.2854268Z"}}'
    headers:
      azure-asyncoperation:
      - https://management.azure.com/subscriptions/00000000-0000-0000-0000-000000000000/providers/Microsoft.NetApp/locations/westus2/operationResults/fcb71171-d28d-4402-9398-029d2837eaf6?api-version=2022-09-01
      cache-control:
      - no-cache
      content-length:
      - '861'
      content-type:
      - application/json; charset=utf-8
      date:
      - Thu, 27 Apr 2023 13:57:29 GMT
      etag:
      - W/"datetime'2023-04-27T13%3A57%3A27.3085665Z'"
      expires:
      - '-1'
      pragma:
      - no-cache
      server:
      - Microsoft-IIS/10.0
      strict-transport-security:
      - max-age=31536000; includeSubDomains
      x-content-type-options:
      - nosniff
      x-ms-ratelimit-remaining-subscription-writes:
      - '1199'
      x-powered-by:
      - ASP.NET
    status:
      code: 201
      message: Created
- request:
    body: null
    headers:
      Accept:
      - '*/*'
      Accept-Encoding:
      - gzip, deflate
      CommandName:
      - netappfiles pool create
      Connection:
      - keep-alive
      ParameterSetName:
      - -g -a -p -l --service-level --size
      User-Agent:
      - AZURECLI/2.48.0 azsdk-python-mgmt-netapp/10.0.0 Python/3.8.3 (Windows-10-10.0.22000-SP0)
    method: GET
    uri: https://management.azure.com/subscriptions/00000000-0000-0000-0000-000000000000/providers/Microsoft.NetApp/locations/westus2/operationResults/fcb71171-d28d-4402-9398-029d2837eaf6?api-version=2022-09-01
  response:
    body:
      string: '{"id":"/subscriptions/00000000-0000-0000-0000-000000000000/providers/Microsoft.NetApp/locations/westus2/operationResults/fcb71171-d28d-4402-9398-029d2837eaf6","name":"fcb71171-d28d-4402-9398-029d2837eaf6","status":"Succeeded","startTime":"2023-04-27T13:57:27.3094171Z","endTime":"2023-04-27T13:57:27.6913106Z","percentComplete":100.0,"properties":{"resourceName":"/subscriptions/00000000-0000-0000-0000-000000000000/resourceGroups/cli_netappfiles_test_backup_policy_000001/providers/Microsoft.NetApp/netAppAccounts/cli-acc-000002/capacityPools/cli-pool-000003","action":"CREATE"}}'
    headers:
      cache-control:
      - no-cache
      content-length:
      - '580'
      content-type:
      - application/json; charset=utf-8
      date:
      - Thu, 27 Apr 2023 13:57:29 GMT
      expires:
      - '-1'
      pragma:
      - no-cache
      server:
      - Microsoft-IIS/10.0
      strict-transport-security:
      - max-age=31536000; includeSubDomains
      transfer-encoding:
      - chunked
      vary:
      - Accept-Encoding
      x-content-type-options:
      - nosniff
      x-powered-by:
      - ASP.NET
    status:
      code: 200
      message: OK
- request:
    body: null
    headers:
      Accept:
      - '*/*'
      Accept-Encoding:
      - gzip, deflate
      CommandName:
      - netappfiles pool create
      Connection:
      - keep-alive
      ParameterSetName:
      - -g -a -p -l --service-level --size
      User-Agent:
      - AZURECLI/2.48.0 azsdk-python-mgmt-netapp/10.0.0 Python/3.8.3 (Windows-10-10.0.22000-SP0)
    method: GET
    uri: https://management.azure.com/subscriptions/00000000-0000-0000-0000-000000000000/resourceGroups/cli_netappfiles_test_backup_policy_000001/providers/Microsoft.NetApp/netAppAccounts/cli-acc-000002/capacityPools/cli-pool-000003?api-version=2022-09-01
  response:
    body:
      string: '{"id":"/subscriptions/00000000-0000-0000-0000-000000000000/resourceGroups/cli_netappfiles_test_backup_policy_000001/providers/Microsoft.NetApp/netAppAccounts/cli-acc-000002/capacityPools/cli-pool-000003","name":"cli-acc-000002/cli-pool-000003","type":"Microsoft.NetApp/netAppAccounts/capacityPools","etag":"W/\"datetime''2023-04-27T13%3A57%3A27.6866123Z''\"","location":"westus2","tags":{"CreatedOnDate":"2023-04-27T13:57:23.1238077Z"},"properties":{"poolId":"74af8f4a-aad2-dd40-1c28-ab8b1bdfe427","serviceLevel":"Premium","size":4398046511104,"qosType":"Auto","totalThroughputMibps":256.0,"utilizedThroughputMibps":0.0,"encryptionType":"Single","coolAccess":false,"provisioningState":"Succeeded"},"systemData":{"createdBy":"c6c4faba-2b22-44d9-80a4-71ff5b71f811","createdByType":"Application","createdAt":"2023-04-27T13:57:26.2854268Z","lastModifiedBy":"c6c4faba-2b22-44d9-80a4-71ff5b71f811","lastModifiedByType":"Application","lastModifiedAt":"2023-04-27T13:57:26.2854268Z"}}'
    headers:
      cache-control:
      - no-cache
      content-length:
      - '974'
      content-type:
      - application/json; charset=utf-8
      date:
      - Thu, 27 Apr 2023 13:57:29 GMT
      etag:
      - W/"datetime'2023-04-27T13%3A57%3A27.6866123Z'"
      expires:
      - '-1'
      pragma:
      - no-cache
      server:
      - Microsoft-IIS/10.0
      strict-transport-security:
      - max-age=31536000; includeSubDomains
      transfer-encoding:
      - chunked
      vary:
      - Accept-Encoding
      x-content-type-options:
      - nosniff
      x-powered-by:
      - ASP.NET
    status:
      code: 200
      message: OK
- request:
    body: '{"location": "westus2", "properties": {"creationToken": "cli-vol-000004",
      "usageThreshold": 107374182400, "subnetId": "/subscriptions/00000000-0000-0000-0000-000000000000/resourceGroups/cli_netappfiles_test_backup_policy_000001/providers/Microsoft.Network/virtualNetworks/cli-vnet-backup000006/subnets/default",
      "isLargeVolume": false}}'
    headers:
      Accept:
      - application/json
      Accept-Encoding:
      - gzip, deflate
      CommandName:
      - netappfiles volume create
      Connection:
      - keep-alive
      Content-Length:
      - '336'
      Content-Type:
      - application/json
      ParameterSetName:
      - -g -a -p -v -l --vnet --subnet --file-path --usage-threshold
      User-Agent:
      - AZURECLI/2.48.0 azsdk-python-mgmt-netapp/10.0.0 Python/3.8.3 (Windows-10-10.0.22000-SP0)
    method: PUT
    uri: https://management.azure.com/subscriptions/00000000-0000-0000-0000-000000000000/resourceGroups/cli_netappfiles_test_backup_policy_000001/providers/Microsoft.NetApp/netAppAccounts/cli-acc-000002/capacityPools/cli-pool-000003/volumes/cli-vol-000004?api-version=2022-09-01
  response:
    body:
      string: '{"id":"/subscriptions/00000000-0000-0000-0000-000000000000/resourceGroups/cli_netappfiles_test_backup_policy_000001/providers/Microsoft.NetApp/netAppAccounts/cli-acc-000002/capacityPools/cli-pool-000003/volumes/cli-vol-000004","name":"cli-acc-000002/cli-pool-000003/cli-vol-000004","type":"Microsoft.NetApp/netAppAccounts/capacityPools/volumes","etag":"W/\"datetime''2023-04-27T13%3A57%3A35.1201533Z''\"","location":"westus2","tags":{"CreatedOnDate":"2023-04-27T13:57:30.6877831Z"},"properties":{"serviceLevel":"Premium","creationToken":"cli-vol-000004","usageThreshold":107374182400,"subnetId":"/subscriptions/00000000-0000-0000-0000-000000000000/resourceGroups/cli_netappfiles_test_backup_policy_000001/providers/Microsoft.Network/virtualNetworks/cli-vnet-backup000006/subnets/default","maximumNumberOfFiles":100000000,"isLargeVolume":false,"provisioningState":"Creating"},"systemData":{"createdBy":"c6c4faba-2b22-44d9-80a4-71ff5b71f811","createdByType":"Application","createdAt":"2023-04-27T13:57:33.9491125Z","lastModifiedBy":"c6c4faba-2b22-44d9-80a4-71ff5b71f811","lastModifiedByType":"Application","lastModifiedAt":"2023-04-27T13:57:33.9491125Z"}}'
    headers:
      azure-asyncoperation:
      - https://management.azure.com/subscriptions/00000000-0000-0000-0000-000000000000/providers/Microsoft.NetApp/locations/westus2/operationResults/c7028fa2-3491-4914-aa1e-1a64b8fa9844?api-version=2022-09-01
      cache-control:
      - no-cache
      content-length:
      - '1151'
      content-type:
      - application/json; charset=utf-8
      date:
      - Thu, 27 Apr 2023 13:57:35 GMT
      etag:
      - W/"datetime'2023-04-27T13%3A57%3A35.1201533Z'"
      expires:
      - '-1'
      pragma:
      - no-cache
      server:
      - Microsoft-IIS/10.0
      strict-transport-security:
      - max-age=31536000; includeSubDomains
      x-content-type-options:
      - nosniff
      x-ms-ratelimit-remaining-subscription-writes:
      - '1199'
      x-powered-by:
      - ASP.NET
    status:
      code: 201
      message: Created
- request:
    body: null
    headers:
      Accept:
      - '*/*'
      Accept-Encoding:
      - gzip, deflate
      CommandName:
      - netappfiles volume create
      Connection:
      - keep-alive
      ParameterSetName:
      - -g -a -p -v -l --vnet --subnet --file-path --usage-threshold
      User-Agent:
      - AZURECLI/2.48.0 azsdk-python-mgmt-netapp/10.0.0 Python/3.8.3 (Windows-10-10.0.22000-SP0)
    method: GET
    uri: https://management.azure.com/subscriptions/00000000-0000-0000-0000-000000000000/providers/Microsoft.NetApp/locations/westus2/operationResults/c7028fa2-3491-4914-aa1e-1a64b8fa9844?api-version=2022-09-01
  response:
    body:
      string: '{"id":"/subscriptions/00000000-0000-0000-0000-000000000000/providers/Microsoft.NetApp/locations/westus2/operationResults/c7028fa2-3491-4914-aa1e-1a64b8fa9844","name":"c7028fa2-3491-4914-aa1e-1a64b8fa9844","status":"Creating","startTime":"2023-04-27T13:57:35.1293464Z","endTime":"0001-01-01T00:00:00Z","percentComplete":0.0,"properties":{"resourceName":"/subscriptions/00000000-0000-0000-0000-000000000000/resourceGroups/cli_netappfiles_test_backup_policy_000001/providers/Microsoft.NetApp/netAppAccounts/cli-acc-000002/capacityPools/cli-pool-000003/volumes/cli-vol-000004","action":"CREATE"}}'
    headers:
      cache-control:
      - no-cache
      content-length:
      - '592'
      content-type:
      - application/json; charset=utf-8
      date:
      - Thu, 27 Apr 2023 13:57:35 GMT
      expires:
      - '-1'
      pragma:
      - no-cache
      server:
      - Microsoft-IIS/10.0
      strict-transport-security:
      - max-age=31536000; includeSubDomains
      transfer-encoding:
      - chunked
      vary:
      - Accept-Encoding
      x-content-type-options:
      - nosniff
      x-powered-by:
      - ASP.NET
    status:
      code: 200
      message: OK
- request:
    body: null
    headers:
      Accept:
      - '*/*'
      Accept-Encoding:
      - gzip, deflate
      CommandName:
      - netappfiles volume create
      Connection:
      - keep-alive
      ParameterSetName:
      - -g -a -p -v -l --vnet --subnet --file-path --usage-threshold
      User-Agent:
      - AZURECLI/2.48.0 azsdk-python-mgmt-netapp/10.0.0 Python/3.8.3 (Windows-10-10.0.22000-SP0)
    method: GET
    uri: https://management.azure.com/subscriptions/00000000-0000-0000-0000-000000000000/providers/Microsoft.NetApp/locations/westus2/operationResults/c7028fa2-3491-4914-aa1e-1a64b8fa9844?api-version=2022-09-01
  response:
    body:
      string: '{"id":"/subscriptions/00000000-0000-0000-0000-000000000000/providers/Microsoft.NetApp/locations/westus2/operationResults/c7028fa2-3491-4914-aa1e-1a64b8fa9844","name":"c7028fa2-3491-4914-aa1e-1a64b8fa9844","status":"Creating","startTime":"2023-04-27T13:57:35.1293464Z","endTime":"0001-01-01T00:00:00Z","percentComplete":0.0,"properties":{"resourceName":"/subscriptions/00000000-0000-0000-0000-000000000000/resourceGroups/cli_netappfiles_test_backup_policy_000001/providers/Microsoft.NetApp/netAppAccounts/cli-acc-000002/capacityPools/cli-pool-000003/volumes/cli-vol-000004","action":"CREATE"}}'
    headers:
      cache-control:
      - no-cache
      content-length:
      - '592'
      content-type:
      - application/json; charset=utf-8
      date:
      - Thu, 27 Apr 2023 13:58:06 GMT
      expires:
      - '-1'
      pragma:
      - no-cache
      server:
      - Microsoft-IIS/10.0
      strict-transport-security:
      - max-age=31536000; includeSubDomains
      transfer-encoding:
      - chunked
      vary:
      - Accept-Encoding
      x-content-type-options:
      - nosniff
      x-powered-by:
      - ASP.NET
    status:
      code: 200
      message: OK
- request:
    body: null
    headers:
      Accept:
      - '*/*'
      Accept-Encoding:
      - gzip, deflate
      CommandName:
      - netappfiles volume create
      Connection:
      - keep-alive
      ParameterSetName:
      - -g -a -p -v -l --vnet --subnet --file-path --usage-threshold
      User-Agent:
      - AZURECLI/2.48.0 azsdk-python-mgmt-netapp/10.0.0 Python/3.8.3 (Windows-10-10.0.22000-SP0)
    method: GET
    uri: https://management.azure.com/subscriptions/00000000-0000-0000-0000-000000000000/providers/Microsoft.NetApp/locations/westus2/operationResults/c7028fa2-3491-4914-aa1e-1a64b8fa9844?api-version=2022-09-01
  response:
    body:
      string: '{"id":"/subscriptions/00000000-0000-0000-0000-000000000000/providers/Microsoft.NetApp/locations/westus2/operationResults/c7028fa2-3491-4914-aa1e-1a64b8fa9844","name":"c7028fa2-3491-4914-aa1e-1a64b8fa9844","status":"Creating","startTime":"2023-04-27T13:57:35.1293464Z","endTime":"0001-01-01T00:00:00Z","percentComplete":0.0,"properties":{"resourceName":"/subscriptions/00000000-0000-0000-0000-000000000000/resourceGroups/cli_netappfiles_test_backup_policy_000001/providers/Microsoft.NetApp/netAppAccounts/cli-acc-000002/capacityPools/cli-pool-000003/volumes/cli-vol-000004","action":"CREATE"}}'
    headers:
      cache-control:
      - no-cache
      content-length:
      - '592'
      content-type:
      - application/json; charset=utf-8
      date:
      - Thu, 27 Apr 2023 13:58:37 GMT
      expires:
      - '-1'
      pragma:
      - no-cache
      server:
      - Microsoft-IIS/10.0
      strict-transport-security:
      - max-age=31536000; includeSubDomains
      transfer-encoding:
      - chunked
      vary:
      - Accept-Encoding
      x-content-type-options:
      - nosniff
      x-powered-by:
      - ASP.NET
    status:
      code: 200
      message: OK
- request:
    body: null
    headers:
      Accept:
      - '*/*'
      Accept-Encoding:
      - gzip, deflate
      CommandName:
      - netappfiles volume create
      Connection:
      - keep-alive
      ParameterSetName:
      - -g -a -p -v -l --vnet --subnet --file-path --usage-threshold
      User-Agent:
      - AZURECLI/2.48.0 azsdk-python-mgmt-netapp/10.0.0 Python/3.8.3 (Windows-10-10.0.22000-SP0)
    method: GET
    uri: https://management.azure.com/subscriptions/00000000-0000-0000-0000-000000000000/providers/Microsoft.NetApp/locations/westus2/operationResults/c7028fa2-3491-4914-aa1e-1a64b8fa9844?api-version=2022-09-01
  response:
    body:
      string: '{"id":"/subscriptions/00000000-0000-0000-0000-000000000000/providers/Microsoft.NetApp/locations/westus2/operationResults/c7028fa2-3491-4914-aa1e-1a64b8fa9844","name":"c7028fa2-3491-4914-aa1e-1a64b8fa9844","status":"Creating","startTime":"2023-04-27T13:57:35.1293464Z","endTime":"0001-01-01T00:00:00Z","percentComplete":0.0,"properties":{"resourceName":"/subscriptions/00000000-0000-0000-0000-000000000000/resourceGroups/cli_netappfiles_test_backup_policy_000001/providers/Microsoft.NetApp/netAppAccounts/cli-acc-000002/capacityPools/cli-pool-000003/volumes/cli-vol-000004","action":"CREATE"}}'
    headers:
      cache-control:
      - no-cache
      content-length:
      - '592'
      content-type:
      - application/json; charset=utf-8
      date:
      - Thu, 27 Apr 2023 13:59:07 GMT
      expires:
      - '-1'
      pragma:
      - no-cache
      server:
      - Microsoft-IIS/10.0
      strict-transport-security:
      - max-age=31536000; includeSubDomains
      transfer-encoding:
      - chunked
      vary:
      - Accept-Encoding
      x-content-type-options:
      - nosniff
      x-powered-by:
      - ASP.NET
    status:
      code: 200
      message: OK
- request:
    body: null
    headers:
      Accept:
      - '*/*'
      Accept-Encoding:
      - gzip, deflate
      CommandName:
      - netappfiles volume create
      Connection:
      - keep-alive
      ParameterSetName:
      - -g -a -p -v -l --vnet --subnet --file-path --usage-threshold
      User-Agent:
      - AZURECLI/2.48.0 azsdk-python-mgmt-netapp/10.0.0 Python/3.8.3 (Windows-10-10.0.22000-SP0)
    method: GET
    uri: https://management.azure.com/subscriptions/00000000-0000-0000-0000-000000000000/providers/Microsoft.NetApp/locations/westus2/operationResults/c7028fa2-3491-4914-aa1e-1a64b8fa9844?api-version=2022-09-01
  response:
    body:
      string: '{"id":"/subscriptions/00000000-0000-0000-0000-000000000000/providers/Microsoft.NetApp/locations/westus2/operationResults/c7028fa2-3491-4914-aa1e-1a64b8fa9844","name":"c7028fa2-3491-4914-aa1e-1a64b8fa9844","status":"Creating","startTime":"2023-04-27T13:57:35.1293464Z","endTime":"0001-01-01T00:00:00Z","percentComplete":0.0,"properties":{"resourceName":"/subscriptions/00000000-0000-0000-0000-000000000000/resourceGroups/cli_netappfiles_test_backup_policy_000001/providers/Microsoft.NetApp/netAppAccounts/cli-acc-000002/capacityPools/cli-pool-000003/volumes/cli-vol-000004","action":"CREATE"}}'
    headers:
      cache-control:
      - no-cache
      content-length:
      - '592'
      content-type:
      - application/json; charset=utf-8
      date:
      - Thu, 27 Apr 2023 13:59:37 GMT
      expires:
      - '-1'
      pragma:
      - no-cache
      server:
      - Microsoft-IIS/10.0
      strict-transport-security:
      - max-age=31536000; includeSubDomains
      transfer-encoding:
      - chunked
      vary:
      - Accept-Encoding
      x-content-type-options:
      - nosniff
      x-powered-by:
      - ASP.NET
    status:
      code: 200
      message: OK
- request:
    body: null
    headers:
      Accept:
      - '*/*'
      Accept-Encoding:
      - gzip, deflate
      CommandName:
      - netappfiles volume create
      Connection:
      - keep-alive
      ParameterSetName:
      - -g -a -p -v -l --vnet --subnet --file-path --usage-threshold
      User-Agent:
      - AZURECLI/2.48.0 azsdk-python-mgmt-netapp/10.0.0 Python/3.8.3 (Windows-10-10.0.22000-SP0)
    method: GET
    uri: https://management.azure.com/subscriptions/00000000-0000-0000-0000-000000000000/providers/Microsoft.NetApp/locations/westus2/operationResults/c7028fa2-3491-4914-aa1e-1a64b8fa9844?api-version=2022-09-01
  response:
    body:
      string: '{"id":"/subscriptions/00000000-0000-0000-0000-000000000000/providers/Microsoft.NetApp/locations/westus2/operationResults/c7028fa2-3491-4914-aa1e-1a64b8fa9844","name":"c7028fa2-3491-4914-aa1e-1a64b8fa9844","status":"Creating","startTime":"2023-04-27T13:57:35.1293464Z","endTime":"0001-01-01T00:00:00Z","percentComplete":0.0,"properties":{"resourceName":"/subscriptions/00000000-0000-0000-0000-000000000000/resourceGroups/cli_netappfiles_test_backup_policy_000001/providers/Microsoft.NetApp/netAppAccounts/cli-acc-000002/capacityPools/cli-pool-000003/volumes/cli-vol-000004","action":"CREATE"}}'
    headers:
      cache-control:
      - no-cache
      content-length:
      - '592'
      content-type:
      - application/json; charset=utf-8
      date:
      - Thu, 27 Apr 2023 14:00:07 GMT
      expires:
      - '-1'
      pragma:
      - no-cache
      server:
      - Microsoft-IIS/10.0
      strict-transport-security:
      - max-age=31536000; includeSubDomains
      transfer-encoding:
      - chunked
      vary:
      - Accept-Encoding
      x-content-type-options:
      - nosniff
      x-powered-by:
      - ASP.NET
    status:
      code: 200
      message: OK
- request:
    body: null
    headers:
      Accept:
      - '*/*'
      Accept-Encoding:
      - gzip, deflate
      CommandName:
      - netappfiles volume create
      Connection:
      - keep-alive
      ParameterSetName:
      - -g -a -p -v -l --vnet --subnet --file-path --usage-threshold
      User-Agent:
      - AZURECLI/2.48.0 azsdk-python-mgmt-netapp/10.0.0 Python/3.8.3 (Windows-10-10.0.22000-SP0)
    method: GET
    uri: https://management.azure.com/subscriptions/00000000-0000-0000-0000-000000000000/providers/Microsoft.NetApp/locations/westus2/operationResults/c7028fa2-3491-4914-aa1e-1a64b8fa9844?api-version=2022-09-01
  response:
    body:
      string: '{"id":"/subscriptions/00000000-0000-0000-0000-000000000000/providers/Microsoft.NetApp/locations/westus2/operationResults/c7028fa2-3491-4914-aa1e-1a64b8fa9844","name":"c7028fa2-3491-4914-aa1e-1a64b8fa9844","status":"Creating","startTime":"2023-04-27T13:57:35.1293464Z","endTime":"0001-01-01T00:00:00Z","percentComplete":0.0,"properties":{"resourceName":"/subscriptions/00000000-0000-0000-0000-000000000000/resourceGroups/cli_netappfiles_test_backup_policy_000001/providers/Microsoft.NetApp/netAppAccounts/cli-acc-000002/capacityPools/cli-pool-000003/volumes/cli-vol-000004","action":"CREATE"}}'
    headers:
      cache-control:
      - no-cache
      content-length:
      - '592'
      content-type:
      - application/json; charset=utf-8
      date:
      - Thu, 27 Apr 2023 14:00:37 GMT
      expires:
      - '-1'
      pragma:
      - no-cache
      server:
      - Microsoft-IIS/10.0
      strict-transport-security:
      - max-age=31536000; includeSubDomains
      transfer-encoding:
      - chunked
      vary:
      - Accept-Encoding
      x-content-type-options:
      - nosniff
      x-powered-by:
      - ASP.NET
    status:
      code: 200
      message: OK
- request:
    body: null
    headers:
      Accept:
      - '*/*'
      Accept-Encoding:
      - gzip, deflate
      CommandName:
      - netappfiles volume create
      Connection:
      - keep-alive
      ParameterSetName:
      - -g -a -p -v -l --vnet --subnet --file-path --usage-threshold
      User-Agent:
      - AZURECLI/2.48.0 azsdk-python-mgmt-netapp/10.0.0 Python/3.8.3 (Windows-10-10.0.22000-SP0)
    method: GET
    uri: https://management.azure.com/subscriptions/00000000-0000-0000-0000-000000000000/providers/Microsoft.NetApp/locations/westus2/operationResults/c7028fa2-3491-4914-aa1e-1a64b8fa9844?api-version=2022-09-01
  response:
    body:
      string: '{"id":"/subscriptions/00000000-0000-0000-0000-000000000000/providers/Microsoft.NetApp/locations/westus2/operationResults/c7028fa2-3491-4914-aa1e-1a64b8fa9844","name":"c7028fa2-3491-4914-aa1e-1a64b8fa9844","status":"Creating","startTime":"2023-04-27T13:57:35.1293464Z","endTime":"0001-01-01T00:00:00Z","percentComplete":0.0,"properties":{"resourceName":"/subscriptions/00000000-0000-0000-0000-000000000000/resourceGroups/cli_netappfiles_test_backup_policy_000001/providers/Microsoft.NetApp/netAppAccounts/cli-acc-000002/capacityPools/cli-pool-000003/volumes/cli-vol-000004","action":"CREATE"}}'
    headers:
      cache-control:
      - no-cache
      content-length:
      - '592'
      content-type:
      - application/json; charset=utf-8
      date:
      - Thu, 27 Apr 2023 14:01:08 GMT
      expires:
      - '-1'
      pragma:
      - no-cache
      server:
      - Microsoft-IIS/10.0
      strict-transport-security:
      - max-age=31536000; includeSubDomains
      transfer-encoding:
      - chunked
      vary:
      - Accept-Encoding
      x-content-type-options:
      - nosniff
      x-powered-by:
      - ASP.NET
    status:
      code: 200
      message: OK
- request:
    body: null
    headers:
      Accept:
      - '*/*'
      Accept-Encoding:
      - gzip, deflate
      CommandName:
      - netappfiles volume create
      Connection:
      - keep-alive
      ParameterSetName:
      - -g -a -p -v -l --vnet --subnet --file-path --usage-threshold
      User-Agent:
      - AZURECLI/2.48.0 azsdk-python-mgmt-netapp/10.0.0 Python/3.8.3 (Windows-10-10.0.22000-SP0)
    method: GET
    uri: https://management.azure.com/subscriptions/00000000-0000-0000-0000-000000000000/providers/Microsoft.NetApp/locations/westus2/operationResults/c7028fa2-3491-4914-aa1e-1a64b8fa9844?api-version=2022-09-01
  response:
    body:
      string: '{"id":"/subscriptions/00000000-0000-0000-0000-000000000000/providers/Microsoft.NetApp/locations/westus2/operationResults/c7028fa2-3491-4914-aa1e-1a64b8fa9844","name":"c7028fa2-3491-4914-aa1e-1a64b8fa9844","status":"Creating","startTime":"2023-04-27T13:57:35.1293464Z","endTime":"0001-01-01T00:00:00Z","percentComplete":0.0,"properties":{"resourceName":"/subscriptions/00000000-0000-0000-0000-000000000000/resourceGroups/cli_netappfiles_test_backup_policy_000001/providers/Microsoft.NetApp/netAppAccounts/cli-acc-000002/capacityPools/cli-pool-000003/volumes/cli-vol-000004","action":"CREATE"}}'
    headers:
      cache-control:
      - no-cache
      content-length:
      - '592'
      content-type:
      - application/json; charset=utf-8
      date:
      - Thu, 27 Apr 2023 14:01:38 GMT
      expires:
      - '-1'
      pragma:
      - no-cache
      server:
      - Microsoft-IIS/10.0
      strict-transport-security:
      - max-age=31536000; includeSubDomains
      transfer-encoding:
      - chunked
      vary:
      - Accept-Encoding
      x-content-type-options:
      - nosniff
      x-powered-by:
      - ASP.NET
    status:
      code: 200
      message: OK
- request:
    body: null
    headers:
      Accept:
      - '*/*'
      Accept-Encoding:
      - gzip, deflate
      CommandName:
      - netappfiles volume create
      Connection:
      - keep-alive
      ParameterSetName:
      - -g -a -p -v -l --vnet --subnet --file-path --usage-threshold
      User-Agent:
      - AZURECLI/2.48.0 azsdk-python-mgmt-netapp/10.0.0 Python/3.8.3 (Windows-10-10.0.22000-SP0)
    method: GET
    uri: https://management.azure.com/subscriptions/00000000-0000-0000-0000-000000000000/providers/Microsoft.NetApp/locations/westus2/operationResults/c7028fa2-3491-4914-aa1e-1a64b8fa9844?api-version=2022-09-01
  response:
    body:
      string: '{"id":"/subscriptions/00000000-0000-0000-0000-000000000000/providers/Microsoft.NetApp/locations/westus2/operationResults/c7028fa2-3491-4914-aa1e-1a64b8fa9844","name":"c7028fa2-3491-4914-aa1e-1a64b8fa9844","status":"Succeeded","startTime":"2023-04-27T13:57:35.1293464Z","endTime":"2023-04-27T14:01:42.4908326Z","percentComplete":100.0,"properties":{"resourceName":"/subscriptions/00000000-0000-0000-0000-000000000000/resourceGroups/cli_netappfiles_test_backup_policy_000001/providers/Microsoft.NetApp/netAppAccounts/cli-acc-000002/capacityPools/cli-pool-000003/volumes/cli-vol-000004","action":"CREATE"}}'
    headers:
      cache-control:
      - no-cache
      content-length:
      - '603'
      content-type:
      - application/json; charset=utf-8
      date:
      - Thu, 27 Apr 2023 14:02:08 GMT
      expires:
      - '-1'
      pragma:
      - no-cache
      server:
      - Microsoft-IIS/10.0
      strict-transport-security:
      - max-age=31536000; includeSubDomains
      transfer-encoding:
      - chunked
      vary:
      - Accept-Encoding
      x-content-type-options:
      - nosniff
      x-powered-by:
      - ASP.NET
    status:
      code: 200
      message: OK
- request:
    body: null
    headers:
      Accept:
      - '*/*'
      Accept-Encoding:
      - gzip, deflate
      CommandName:
      - netappfiles volume create
      Connection:
      - keep-alive
      ParameterSetName:
      - -g -a -p -v -l --vnet --subnet --file-path --usage-threshold
      User-Agent:
      - AZURECLI/2.48.0 azsdk-python-mgmt-netapp/10.0.0 Python/3.8.3 (Windows-10-10.0.22000-SP0)
    method: GET
    uri: https://management.azure.com/subscriptions/00000000-0000-0000-0000-000000000000/resourceGroups/cli_netappfiles_test_backup_policy_000001/providers/Microsoft.NetApp/netAppAccounts/cli-acc-000002/capacityPools/cli-pool-000003/volumes/cli-vol-000004?api-version=2022-09-01
  response:
    body:
      string: '{"id":"/subscriptions/00000000-0000-0000-0000-000000000000/resourceGroups/cli_netappfiles_test_backup_policy_000001/providers/Microsoft.NetApp/netAppAccounts/cli-acc-000002/capacityPools/cli-pool-000003/volumes/cli-vol-000004","name":"cli-acc-000002/cli-pool-000003/cli-vol-000004","type":"Microsoft.NetApp/netAppAccounts/capacityPools/volumes","etag":"W/\"datetime''2023-04-27T14%3A01%3A42.4769493Z''\"","location":"westus2","tags":{"CreatedOnDate":"2023-04-27T13:57:30.6877831Z"},"properties":{"fileSystemId":"354395f3-8f04-4314-db49-f7737ce20e39","serviceLevel":"Premium","creationToken":"cli-vol-000004","usageThreshold":107374182400,"exportPolicy":{"rules":[{"ruleIndex":1,"unixReadOnly":false,"unixReadWrite":true,"cifs":false,"nfsv3":true,"nfsv41":false,"allowedClients":"0.0.0.0/0","kerberos5ReadOnly":false,"kerberos5ReadWrite":false,"kerberos5iReadOnly":false,"kerberos5iReadWrite":false,"kerberos5pReadOnly":false,"kerberos5pReadWrite":false,"hasRootAccess":true,"chownMode":"Restricted"}]},"protocolTypes":["NFSv3"],"baremetalTenantId":"baremetalTenant_svm_8f82c7b40509489d9e97d719b9b955b4_16b0d606","subnetId":"/subscriptions/00000000-0000-0000-0000-000000000000/resourceGroups/cli_netappfiles_test_backup_policy_000001/providers/Microsoft.Network/virtualNetworks/cli-vnet-backup000006/subnets/default","networkFeatures":"Basic","networkSiblingSetId":"2de55d56-d634-821e-bf40-6e2fef02f435","storageToNetworkProximity":"Default","snapshotDirectoryVisible":true,"kerberosEnabled":false,"securityStyle":"Unix","smbEncryption":false,"smbContinuouslyAvailable":false,"encryptionKeySource":"Microsoft.NetApp","ldapEnabled":false,"unixPermissions":"0770","mountTargets":[{"mountTargetId":"354395f3-8f04-4314-db49-f7737ce20e39","fileSystemId":"354395f3-8f04-4314-db49-f7737ce20e39","ipAddress":"10.5.0.4"}],"throughputMibps":6.25,"coolAccess":false,"avsDataStore":"Disabled","isDefaultQuotaEnabled":false,"defaultUserQuotaInKiBs":0,"defaultGroupQuotaInKiBs":0,"enableSubvolumes":"Disabled","maximumNumberOfFiles":100000000,"smbNonBrowsable":"Disabled","smbAccessBasedEnumeration":"Disabled","isLargeVolume":false,"provisionedAvailabilityZone":"1","provisioningState":"Succeeded"},"systemData":{"createdBy":"c6c4faba-2b22-44d9-80a4-71ff5b71f811","createdByType":"Application","createdAt":"2023-04-27T13:57:33.9491125Z","lastModifiedBy":"c6c4faba-2b22-44d9-80a4-71ff5b71f811","lastModifiedByType":"Application","lastModifiedAt":"2023-04-27T13:57:33.9491125Z"}}'
    headers:
      cache-control:
      - no-cache
      content-length:
      - '2461'
      content-type:
      - application/json; charset=utf-8
      date:
      - Thu, 27 Apr 2023 14:02:09 GMT
      etag:
      - W/"datetime'2023-04-27T14%3A01%3A42.4769493Z'"
      expires:
      - '-1'
      pragma:
      - no-cache
      server:
      - Microsoft-IIS/10.0
      strict-transport-security:
      - max-age=31536000; includeSubDomains
      transfer-encoding:
      - chunked
      vary:
      - Accept-Encoding
      x-content-type-options:
      - nosniff
      x-powered-by:
      - ASP.NET
    status:
      code: 200
      message: OK
- request:
    body: null
    headers:
      Accept:
      - application/json
      Accept-Encoding:
      - gzip, deflate
      CommandName:
      - netappfiles volume update
      Connection:
      - keep-alive
      ParameterSetName:
      - -g -a -p -v --backup-enabled --backup-policy-id
      User-Agent:
      - AZURECLI/2.48.0 azsdk-python-mgmt-netapp/10.0.0 Python/3.8.3 (Windows-10-10.0.22000-SP0)
    method: GET
    uri: https://management.azure.com/subscriptions/00000000-0000-0000-0000-000000000000/resourceGroups/cli_netappfiles_test_backup_policy_000001/providers/Microsoft.NetApp/netAppAccounts/cli-acc-000002/capacityPools/cli-pool-000003/volumes/cli-vol-000004?api-version=2022-09-01
  response:
    body:
      string: '{"id":"/subscriptions/00000000-0000-0000-0000-000000000000/resourceGroups/cli_netappfiles_test_backup_policy_000001/providers/Microsoft.NetApp/netAppAccounts/cli-acc-000002/capacityPools/cli-pool-000003/volumes/cli-vol-000004","name":"cli-acc-000002/cli-pool-000003/cli-vol-000004","type":"Microsoft.NetApp/netAppAccounts/capacityPools/volumes","etag":"W/\"datetime''2023-04-27T14%3A01%3A42.4769493Z''\"","location":"westus2","tags":{"CreatedOnDate":"2023-04-27T13:57:30.6877831Z"},"properties":{"fileSystemId":"354395f3-8f04-4314-db49-f7737ce20e39","serviceLevel":"Premium","creationToken":"cli-vol-000004","usageThreshold":107374182400,"exportPolicy":{"rules":[{"ruleIndex":1,"unixReadOnly":false,"unixReadWrite":true,"cifs":false,"nfsv3":true,"nfsv41":false,"allowedClients":"0.0.0.0/0","kerberos5ReadOnly":false,"kerberos5ReadWrite":false,"kerberos5iReadOnly":false,"kerberos5iReadWrite":false,"kerberos5pReadOnly":false,"kerberos5pReadWrite":false,"hasRootAccess":true,"chownMode":"Restricted"}]},"protocolTypes":["NFSv3"],"baremetalTenantId":"baremetalTenant_svm_8f82c7b40509489d9e97d719b9b955b4_16b0d606","subnetId":"/subscriptions/00000000-0000-0000-0000-000000000000/resourceGroups/cli_netappfiles_test_backup_policy_000001/providers/Microsoft.Network/virtualNetworks/cli-vnet-backup000006/subnets/default","networkFeatures":"Basic","networkSiblingSetId":"2de55d56-d634-821e-bf40-6e2fef02f435","storageToNetworkProximity":"Default","snapshotDirectoryVisible":true,"kerberosEnabled":false,"securityStyle":"Unix","smbEncryption":false,"smbContinuouslyAvailable":false,"encryptionKeySource":"Microsoft.NetApp","ldapEnabled":false,"unixPermissions":"0770","mountTargets":[{"mountTargetId":"354395f3-8f04-4314-db49-f7737ce20e39","fileSystemId":"354395f3-8f04-4314-db49-f7737ce20e39","ipAddress":"10.5.0.4"}],"throughputMibps":6.25,"coolAccess":false,"avsDataStore":"Disabled","isDefaultQuotaEnabled":false,"defaultUserQuotaInKiBs":0,"defaultGroupQuotaInKiBs":0,"enableSubvolumes":"Disabled","maximumNumberOfFiles":100000000,"smbNonBrowsable":"Disabled","smbAccessBasedEnumeration":"Disabled","isLargeVolume":false,"provisionedAvailabilityZone":"1","provisioningState":"Succeeded"},"systemData":{"createdBy":"c6c4faba-2b22-44d9-80a4-71ff5b71f811","createdByType":"Application","createdAt":"2023-04-27T13:57:33.9491125Z","lastModifiedBy":"c6c4faba-2b22-44d9-80a4-71ff5b71f811","lastModifiedByType":"Application","lastModifiedAt":"2023-04-27T13:57:33.9491125Z"}}'
    headers:
      cache-control:
      - no-cache
      content-length:
      - '2461'
      content-type:
      - application/json; charset=utf-8
      date:
      - Thu, 27 Apr 2023 14:02:11 GMT
      etag:
      - W/"datetime'2023-04-27T14%3A01%3A42.4769493Z'"
      expires:
      - '-1'
      pragma:
      - no-cache
      server:
      - Microsoft-IIS/10.0
      strict-transport-security:
      - max-age=31536000; includeSubDomains
      transfer-encoding:
      - chunked
      vary:
      - Accept-Encoding
      x-content-type-options:
      - nosniff
      x-powered-by:
      - ASP.NET
    status:
      code: 200
      message: OK
- request:
    body: '{"tags": {"CreatedOnDate": "2023-04-27T13:57:30.6877831Z"}, "properties":
      {"serviceLevel": "Premium", "usageThreshold": 107374182400, "dataProtection":
      {"backup": {"backupPolicyId": "/subscriptions/00000000-0000-0000-0000-000000000000/resourceGroups/cli_netappfiles_test_backup_policy_000001/providers/Microsoft.NetApp/netAppAccounts/cli-acc-000002/backupPolicies/cli-ba-pol-000005",
      "backupEnabled": true}}}}'
    headers:
      Accept:
      - application/json
      Accept-Encoding:
      - gzip, deflate
      CommandName:
      - netappfiles volume update
      Connection:
      - keep-alive
      Content-Length:
      - '409'
      Content-Type:
      - application/json
      ParameterSetName:
      - -g -a -p -v --backup-enabled --backup-policy-id
      User-Agent:
      - AZURECLI/2.48.0 azsdk-python-mgmt-netapp/10.0.0 Python/3.8.3 (Windows-10-10.0.22000-SP0)
    method: PATCH
    uri: https://management.azure.com/subscriptions/00000000-0000-0000-0000-000000000000/resourceGroups/cli_netappfiles_test_backup_policy_000001/providers/Microsoft.NetApp/netAppAccounts/cli-acc-000002/capacityPools/cli-pool-000003/volumes/cli-vol-000004?api-version=2022-09-01
  response:
    body:
      string: '{"id":"/subscriptions/00000000-0000-0000-0000-000000000000/resourceGroups/cli_netappfiles_test_backup_policy_000001/providers/Microsoft.NetApp/netAppAccounts/cli-acc-000002/capacityPools/cli-pool-000003/volumes/cli-vol-000004","name":"cli-acc-000002/cli-pool-000003/cli-vol-000004","type":"Microsoft.NetApp/netAppAccounts/capacityPools/volumes","etag":"W/\"datetime''2023-04-27T14%3A02%3A13.9805638Z''\"","location":"westus2","tags":{"CreatedOnDate":"2023-04-27T13:57:30.6877831Z"},"properties":{"provisioningState":"Patching","fileSystemId":"354395f3-8f04-4314-db49-f7737ce20e39","serviceLevel":"Premium","creationToken":"cli-vol-000004","usageThreshold":107374182400,"exportPolicy":{"rules":[{"ruleIndex":1,"unixReadOnly":false,"unixReadWrite":true,"cifs":false,"nfsv3":true,"nfsv41":false,"allowedClients":"0.0.0.0/0","kerberos5ReadOnly":false,"kerberos5ReadWrite":false,"kerberos5iReadOnly":false,"kerberos5iReadWrite":false,"kerberos5pReadOnly":false,"kerberos5pReadWrite":false,"hasRootAccess":true,"chownMode":"Restricted"}]},"protocolTypes":["NFSv3"],"baremetalTenantId":"baremetalTenant_svm_8f82c7b40509489d9e97d719b9b955b4_16b0d606","subnetId":"/subscriptions/00000000-0000-0000-0000-000000000000/resourceGroups/cli_netappfiles_test_backup_policy_000001/providers/Microsoft.Network/virtualNetworks/cli-vnet-backup000006/subnets/default","networkFeatures":"Basic","networkSiblingSetId":"2de55d56-d634-821e-bf40-6e2fef02f435","storageToNetworkProximity":"Default","snapshotDirectoryVisible":true,"kerberosEnabled":false,"securityStyle":"Unix","smbEncryption":false,"smbContinuouslyAvailable":false,"encryptionKeySource":"Microsoft.NetApp","ldapEnabled":false,"unixPermissions":"0770","mountTargets":[{"mountTargetId":"354395f3-8f04-4314-db49-f7737ce20e39","fileSystemId":"354395f3-8f04-4314-db49-f7737ce20e39","ipAddress":"10.5.0.4"}],"throughputMibps":6.25,"coolAccess":false,"avsDataStore":"Disabled","isDefaultQuotaEnabled":false,"defaultUserQuotaInKiBs":0,"defaultGroupQuotaInKiBs":0,"enableSubvolumes":"Disabled","maximumNumberOfFiles":100000000,"smbNonBrowsable":"Disabled","smbAccessBasedEnumeration":"Disabled","isLargeVolume":false,"provisionedAvailabilityZone":"1"},"systemData":{"createdBy":"c6c4faba-2b22-44d9-80a4-71ff5b71f811","createdByType":"Application","createdAt":"2023-04-27T13:57:33.9491125Z","lastModifiedBy":"c6c4faba-2b22-44d9-80a4-71ff5b71f811","lastModifiedByType":"Application","lastModifiedAt":"2023-04-27T13:57:33.9491125Z"}}'
    headers:
      azure-asyncoperation:
      - https://management.azure.com/subscriptions/00000000-0000-0000-0000-000000000000/providers/Microsoft.NetApp/locations/westus2/operationResults/2dac2982-26f5-4554-b6e0-9dfdf9f9f74b?api-version=2022-09-01
      cache-control:
      - no-cache
      content-length:
      - '2460'
      content-type:
      - application/json; charset=utf-8
      date:
      - Thu, 27 Apr 2023 14:02:13 GMT
      etag:
      - W/"datetime'2023-04-27T14%3A02%3A13.9805638Z'"
      expires:
      - '-1'
      location:
      - https://management.azure.com/subscriptions/00000000-0000-0000-0000-000000000000/providers/Microsoft.NetApp/locations/westus2/operationResults/2dac2982-26f5-4554-b6e0-9dfdf9f9f74b?api-version=2022-09-01&operationResultResponseType=Location
      pragma:
      - no-cache
      server:
      - Microsoft-IIS/10.0
      strict-transport-security:
      - max-age=31536000; includeSubDomains
      x-content-type-options:
      - nosniff
      x-ms-ratelimit-remaining-subscription-writes:
      - '1199'
      x-powered-by:
      - ASP.NET
    status:
      code: 202
      message: Accepted
- request:
    body: null
    headers:
      Accept:
      - '*/*'
      Accept-Encoding:
      - gzip, deflate
      CommandName:
      - netappfiles volume update
      Connection:
      - keep-alive
      ParameterSetName:
      - -g -a -p -v --backup-enabled --backup-policy-id
      User-Agent:
      - AZURECLI/2.48.0 azsdk-python-mgmt-netapp/10.0.0 Python/3.8.3 (Windows-10-10.0.22000-SP0)
    method: GET
    uri: https://management.azure.com/subscriptions/00000000-0000-0000-0000-000000000000/providers/Microsoft.NetApp/locations/westus2/operationResults/2dac2982-26f5-4554-b6e0-9dfdf9f9f74b?api-version=2022-09-01
  response:
    body:
      string: '{"id":"/subscriptions/00000000-0000-0000-0000-000000000000/providers/Microsoft.NetApp/locations/westus2/operationResults/2dac2982-26f5-4554-b6e0-9dfdf9f9f74b","name":"2dac2982-26f5-4554-b6e0-9dfdf9f9f74b","status":"Patching","startTime":"2023-04-27T14:02:13.927111Z","endTime":"0001-01-01T00:00:00Z","percentComplete":0.0,"properties":{"resourceName":"/subscriptions/00000000-0000-0000-0000-000000000000/resourceGroups/cli_netappfiles_test_backup_policy_000001/providers/Microsoft.NetApp/netAppAccounts/cli-acc-000002/capacityPools/cli-pool-000003/volumes/cli-vol-000004","action":"PATCH"}}'
    headers:
      cache-control:
      - no-cache
      content-length:
      - '590'
      content-type:
      - application/json; charset=utf-8
      date:
      - Thu, 27 Apr 2023 14:02:13 GMT
      expires:
      - '-1'
      pragma:
      - no-cache
      server:
      - Microsoft-IIS/10.0
      strict-transport-security:
      - max-age=31536000; includeSubDomains
      transfer-encoding:
      - chunked
      vary:
      - Accept-Encoding
      x-content-type-options:
      - nosniff
      x-powered-by:
      - ASP.NET
    status:
      code: 200
      message: OK
- request:
    body: null
    headers:
      Accept:
      - '*/*'
      Accept-Encoding:
      - gzip, deflate
      CommandName:
      - netappfiles volume update
      Connection:
      - keep-alive
      ParameterSetName:
      - -g -a -p -v --backup-enabled --backup-policy-id
      User-Agent:
      - AZURECLI/2.48.0 azsdk-python-mgmt-netapp/10.0.0 Python/3.8.3 (Windows-10-10.0.22000-SP0)
    method: GET
    uri: https://management.azure.com/subscriptions/00000000-0000-0000-0000-000000000000/providers/Microsoft.NetApp/locations/westus2/operationResults/2dac2982-26f5-4554-b6e0-9dfdf9f9f74b?api-version=2022-09-01
  response:
    body:
      string: '{"id":"/subscriptions/00000000-0000-0000-0000-000000000000/providers/Microsoft.NetApp/locations/westus2/operationResults/2dac2982-26f5-4554-b6e0-9dfdf9f9f74b","name":"2dac2982-26f5-4554-b6e0-9dfdf9f9f74b","status":"Succeeded","startTime":"2023-04-27T14:02:13.927111Z","endTime":"2023-04-27T14:02:18.0230015Z","percentComplete":100.0,"properties":{"resourceName":"/subscriptions/00000000-0000-0000-0000-000000000000/resourceGroups/cli_netappfiles_test_backup_policy_000001/providers/Microsoft.NetApp/netAppAccounts/cli-acc-000002/capacityPools/cli-pool-000003/volumes/cli-vol-000004","action":"PATCH"}}'
    headers:
      cache-control:
      - no-cache
      content-length:
      - '601'
      content-type:
      - application/json; charset=utf-8
      date:
      - Thu, 27 Apr 2023 14:02:43 GMT
      expires:
      - '-1'
      pragma:
      - no-cache
      server:
      - Microsoft-IIS/10.0
      strict-transport-security:
      - max-age=31536000; includeSubDomains
      transfer-encoding:
      - chunked
      vary:
      - Accept-Encoding
      x-content-type-options:
      - nosniff
      x-powered-by:
      - ASP.NET
    status:
      code: 200
      message: OK
- request:
    body: null
    headers:
      Accept:
      - '*/*'
      Accept-Encoding:
      - gzip, deflate
      CommandName:
      - netappfiles volume update
      Connection:
      - keep-alive
      ParameterSetName:
      - -g -a -p -v --backup-enabled --backup-policy-id
      User-Agent:
      - AZURECLI/2.48.0 azsdk-python-mgmt-netapp/10.0.0 Python/3.8.3 (Windows-10-10.0.22000-SP0)
    method: GET
    uri: https://management.azure.com/subscriptions/00000000-0000-0000-0000-000000000000/providers/Microsoft.NetApp/locations/westus2/operationResults/2dac2982-26f5-4554-b6e0-9dfdf9f9f74b?api-version=2022-09-01&operationResultResponseType=Location
  response:
    body:
      string: '{"id":"/subscriptions/00000000-0000-0000-0000-000000000000/resourceGroups/cli_netappfiles_test_backup_policy_000001/providers/Microsoft.NetApp/netAppAccounts/cli-acc-000002/capacityPools/cli-pool-000003/volumes/cli-vol-000004","name":"cli-acc-000002/cli-pool-000003/cli-vol-000004","type":"Microsoft.NetApp/netAppAccounts/capacityPools/volumes","etag":"W/\"datetime''2023-04-27T14%3A02%3A18.0761736Z''\"","location":"westus2","tags":{"CreatedOnDate":"2023-04-27T13:57:30.6877831Z"},"properties":{"dataProtection":{"backup":{"backupEnabled":true,"policyEnforced":false,"backupPolicyId":"/subscriptions/00000000-0000-0000-0000-000000000000/resourceGroups/cli_netappfiles_test_backup_policy_000001/providers/Microsoft.NetApp/netAppAccounts/cli-acc-000002/backupPolicies/cli-ba-pol-000005"}},"fileSystemId":"354395f3-8f04-4314-db49-f7737ce20e39","serviceLevel":"Premium","creationToken":"cli-vol-000004","ownerId":"8f82c7b4-0509-489d-9e97-d719b9b955b4","usageThreshold":107374182400,"usedBytes":0,"exportPolicy":{"rules":[{"ruleIndex":1,"unixReadOnly":false,"unixReadWrite":true,"cifs":false,"nfsv3":true,"nfsv4":false,"nfsv41":false,"allowedClients":"0.0.0.0/0","kerberos5ReadOnly":false,"kerberos5ReadWrite":false,"kerberos5iReadOnly":false,"kerberos5iReadWrite":false,"kerberos5pReadOnly":false,"kerberos5pReadWrite":false,"hasRootAccess":true,"chownMode":"Restricted"}]},"protocolTypes":["NFSv3"],"baremetalTenantId":"baremetalTenant_svm_8f82c7b40509489d9e97d719b9b955b4_16b0d606","subnetId":"/subscriptions/00000000-0000-0000-0000-000000000000/resourceGroups/cli_netappfiles_test_backup_policy_000001/providers/Microsoft.Network/virtualNetworks/cli-vnet-backup000006/subnets/default","networkFeatures":"Basic","networkSiblingSetId":"2de55d56-d634-821e-bf40-6e2fef02f435","storageToNetworkProximity":"Default","snapshotDirectoryVisible":true,"provisionedAvailabilityZone":"1","vendorID":"/subscriptions/00000000-0000-0000-0000-000000000000/resourceGroups/cli_netappfiles_test_backup_policy_000001/providers/Microsoft.NetApp/netAppAccounts/cli-acc-000002/capacityPools/cli-pool-000003/volumes/cli-vol-000004","poolId":"74af8f4a-aad2-dd40-1c28-ab8b1bdfe427","mountTargets":[{"provisioningState":"","mountTargetId":"354395f3-8f04-4314-db49-f7737ce20e39","fileSystemId":"354395f3-8f04-4314-db49-f7737ce20e39","startIp":"","endIp":"","gateway":"","netmask":"","subnet":"","ipAddress":"10.5.0.4"}],"throughputMibps":0.0,"kerberosEnabled":false,"securityStyle":"Unix","smbEncryption":false,"smbContinuouslyAvailable":false,"ldapEnabled":false,"unixPermissions":"0770","encryptionKeySource":"Microsoft.NetApp","coolAccess":false,"avsDataStore":"Disabled","isDefaultQuotaEnabled":false,"defaultUserQuotaInKiBs":0,"defaultGroupQuotaInKiBs":0,"enableSubvolumes":"Disabled","encrypted":true,"smbAccessBasedEnumeration":"Disabled","smbNonBrowsable":"Disabled","isLargeVolume":false,"actualThroughputMibps":6.25,"provisioningState":"Succeeded"},"systemData":{"createdBy":"c6c4faba-2b22-44d9-80a4-71ff5b71f811","createdByType":"Application","createdAt":"2023-04-27T13:57:33.9491125Z","lastModifiedBy":"c6c4faba-2b22-44d9-80a4-71ff5b71f811","lastModifiedByType":"Application","lastModifiedAt":"2023-04-27T14:02:13.0937954Z"}}'
    headers:
      cache-control:
      - no-cache
      content-length:
      - '3207'
      content-type:
      - application/json; charset=utf-8
      date:
      - Thu, 27 Apr 2023 14:02:44 GMT
      expires:
      - '-1'
      pragma:
      - no-cache
      server:
      - Microsoft-IIS/10.0
      strict-transport-security:
      - max-age=31536000; includeSubDomains
      transfer-encoding:
      - chunked
      vary:
      - Accept-Encoding
      x-content-type-options:
      - nosniff
      x-powered-by:
      - ASP.NET
    status:
      code: 200
      message: OK
- request:
    body: null
    headers:
      Accept:
      - application/json
      Accept-Encoding:
      - gzip, deflate
      CommandName:
      - netappfiles volume show
      Connection:
      - keep-alive
      ParameterSetName:
      - --resource-group -a -p -v
      User-Agent:
      - AZURECLI/2.48.0 azsdk-python-mgmt-netapp/10.0.0 Python/3.8.3 (Windows-10-10.0.22000-SP0)
    method: GET
    uri: https://management.azure.com/subscriptions/00000000-0000-0000-0000-000000000000/resourceGroups/cli_netappfiles_test_backup_policy_000001/providers/Microsoft.NetApp/netAppAccounts/cli-acc-000002/capacityPools/cli-pool-000003/volumes/cli-vol-000004?api-version=2022-09-01
  response:
    body:
      string: '{"id":"/subscriptions/00000000-0000-0000-0000-000000000000/resourceGroups/cli_netappfiles_test_backup_policy_000001/providers/Microsoft.NetApp/netAppAccounts/cli-acc-000002/capacityPools/cli-pool-000003/volumes/cli-vol-000004","name":"cli-acc-000002/cli-pool-000003/cli-vol-000004","type":"Microsoft.NetApp/netAppAccounts/capacityPools/volumes","etag":"W/\"datetime''2023-04-27T14%3A02%3A18.0761736Z''\"","location":"westus2","tags":{"CreatedOnDate":"2023-04-27T13:57:30.6877831Z"},"properties":{"dataProtection":{"backup":{"backupEnabled":true,"policyEnforced":false,"backupPolicyId":"/subscriptions/00000000-0000-0000-0000-000000000000/resourceGroups/cli_netappfiles_test_backup_policy_000001/providers/Microsoft.NetApp/netAppAccounts/cli-acc-000002/backupPolicies/cli-ba-pol-000005"}},"provisioningState":"Succeeded","fileSystemId":"354395f3-8f04-4314-db49-f7737ce20e39","serviceLevel":"Premium","creationToken":"cli-vol-000004","usageThreshold":107374182400,"exportPolicy":{"rules":[{"ruleIndex":1,"unixReadOnly":false,"unixReadWrite":true,"cifs":false,"nfsv3":true,"nfsv41":false,"allowedClients":"0.0.0.0/0","kerberos5ReadOnly":false,"kerberos5ReadWrite":false,"kerberos5iReadOnly":false,"kerberos5iReadWrite":false,"kerberos5pReadOnly":false,"kerberos5pReadWrite":false,"hasRootAccess":true,"chownMode":"Restricted"}]},"protocolTypes":["NFSv3"],"baremetalTenantId":"baremetalTenant_svm_8f82c7b40509489d9e97d719b9b955b4_16b0d606","subnetId":"/subscriptions/00000000-0000-0000-0000-000000000000/resourceGroups/cli_netappfiles_test_backup_policy_000001/providers/Microsoft.Network/virtualNetworks/cli-vnet-backup000006/subnets/default","networkFeatures":"Basic","networkSiblingSetId":"2de55d56-d634-821e-bf40-6e2fef02f435","storageToNetworkProximity":"Default","snapshotDirectoryVisible":true,"kerberosEnabled":false,"securityStyle":"Unix","smbEncryption":false,"smbContinuouslyAvailable":false,"encryptionKeySource":"Microsoft.NetApp","ldapEnabled":false,"unixPermissions":"0770","mountTargets":[{"mountTargetId":"354395f3-8f04-4314-db49-f7737ce20e39","fileSystemId":"354395f3-8f04-4314-db49-f7737ce20e39","ipAddress":"10.5.0.4"}],"throughputMibps":6.25,"coolAccess":false,"avsDataStore":"Disabled","isDefaultQuotaEnabled":false,"defaultUserQuotaInKiBs":0,"defaultGroupQuotaInKiBs":0,"enableSubvolumes":"Disabled","maximumNumberOfFiles":100000000,"smbNonBrowsable":"Disabled","smbAccessBasedEnumeration":"Disabled","isLargeVolume":false,"provisionedAvailabilityZone":"1"},"systemData":{"createdBy":"c6c4faba-2b22-44d9-80a4-71ff5b71f811","createdByType":"Application","createdAt":"2023-04-27T13:57:33.9491125Z","lastModifiedBy":"c6c4faba-2b22-44d9-80a4-71ff5b71f811","lastModifiedByType":"Application","lastModifiedAt":"2023-04-27T14:02:13.0937954Z"}}'
    headers:
      cache-control:
      - no-cache
      content-length:
      - '2753'
      content-type:
      - application/json; charset=utf-8
      date:
      - Thu, 27 Apr 2023 14:02:46 GMT
      etag:
      - W/"datetime'2023-04-27T14%3A02%3A18.0761736Z'"
      expires:
      - '-1'
      pragma:
      - no-cache
      server:
      - Microsoft-IIS/10.0
      strict-transport-security:
      - max-age=31536000; includeSubDomains
      transfer-encoding:
      - chunked
      vary:
      - Accept-Encoding
      x-content-type-options:
      - nosniff
      x-powered-by:
      - ASP.NET
    status:
      code: 200
      message: OK
version: 1
