interactions:
- request:
    body: '{"location": "eastus2", "tags": {"Tag1": "Value1"}}'
    headers:
      Accept:
      - application/json
      Accept-Encoding:
      - gzip, deflate
      CommandName:
      - netappfiles account create
      Connection:
      - keep-alive
      Content-Length:
      - '51'
      Content-Type:
      - application/json
      ParameterSetName:
      - -g -a -l --tags
      User-Agent:
      - AZURECLI/2.37.0 azsdk-python-mgmt-netapp/7.0.0 Python/3.9.5 (Windows-10-10.0.19044-SP0)
    method: PUT
    uri: https://management.azure.com/subscriptions/00000000-0000-0000-0000-000000000000/resourceGroups/cli_netappfiles_test_account_000001/providers/Microsoft.NetApp/netAppAccounts/cli-acc-000002?api-version=2021-10-01
  response:
    body:
      string: '{"id":"/subscriptions/00000000-0000-0000-0000-000000000000/resourceGroups/cli_netappfiles_test_account_000001/providers/Microsoft.NetApp/netAppAccounts/cli-acc-000002","name":"cli-acc-000002","type":"Microsoft.NetApp/netAppAccounts","etag":"W/\"datetime''2022-05-26T08%3A43%3A41.7211729Z''\"","location":"eastus2","tags":{"Tag1":"Value1"},"properties":{"provisioningState":"Creating"},"systemData":{"createdBy":"v-taoxuzeng@microsoft.com","createdAt":"2022-05-26T08:43:40.4989125Z","createdByType":"User","lastModifiedBy":"v-taoxuzeng@microsoft.com","lastModifiedAt":"2022-05-26T08:43:40.4989125Z","lastModifiedByType":"User"}}'
    headers:
      azure-asyncoperation:
      - https://management.azure.com/subscriptions/00000000-0000-0000-0000-000000000000/providers/Microsoft.NetApp/locations/eastus2/operationResults/2488a5bd-bc79-42cd-8c9c-61ee0c6a31ef?api-version=2021-10-01
      cache-control:
      - no-cache
      content-length:
      - '625'
      content-type:
      - application/json; charset=utf-8
      date:
      - Thu, 26 May 2022 08:43:42 GMT
      etag:
      - W/"datetime'2022-05-26T08%3A43%3A41.7211729Z'"
      expires:
      - '-1'
      pragma:
      - no-cache
      server:
      - Microsoft-IIS/10.0
      strict-transport-security:
      - max-age=31536000; includeSubDomains
      x-content-type-options:
      - nosniff
      x-ms-ratelimit-remaining-subscription-writes:
      - '1154'
      x-powered-by:
      - ASP.NET
    status:
      code: 201
      message: Created
- request:
    body: null
    headers:
      Accept:
      - '*/*'
      Accept-Encoding:
      - gzip, deflate
      CommandName:
      - netappfiles account create
      Connection:
      - keep-alive
      ParameterSetName:
      - -g -a -l --tags
      User-Agent:
      - AZURECLI/2.37.0 azsdk-python-mgmt-netapp/7.0.0 Python/3.9.5 (Windows-10-10.0.19044-SP0)
    method: GET
    uri: https://management.azure.com/subscriptions/00000000-0000-0000-0000-000000000000/providers/Microsoft.NetApp/locations/eastus2/operationResults/2488a5bd-bc79-42cd-8c9c-61ee0c6a31ef?api-version=2021-10-01
  response:
    body:
      string: '{"id":"/subscriptions/00000000-0000-0000-0000-000000000000/providers/Microsoft.NetApp/locations/eastus2/operationResults/2488a5bd-bc79-42cd-8c9c-61ee0c6a31ef","name":"2488a5bd-bc79-42cd-8c9c-61ee0c6a31ef","status":"Succeeded","startTime":"2022-05-26T08:43:41.7287907Z","endTime":"2022-05-26T08:43:41.8069725Z","percentComplete":100.0,"properties":{"resourceName":"/subscriptions/00000000-0000-0000-0000-000000000000/resourceGroups/cli_netappfiles_test_account_000001/providers/Microsoft.NetApp/netAppAccounts/cli-acc-000002"}}'
    headers:
      cache-control:
      - no-cache
      content-length:
      - '526'
      content-type:
      - application/json; charset=utf-8
      date:
      - Thu, 26 May 2022 08:44:12 GMT
      expires:
      - '-1'
      pragma:
      - no-cache
      server:
      - Microsoft-IIS/10.0
      strict-transport-security:
      - max-age=31536000; includeSubDomains
      transfer-encoding:
      - chunked
      vary:
      - Accept-Encoding
      x-content-type-options:
      - nosniff
      x-powered-by:
      - ASP.NET
    status:
      code: 200
      message: OK
- request:
    body: null
    headers:
      Accept:
      - '*/*'
      Accept-Encoding:
      - gzip, deflate
      CommandName:
      - netappfiles account create
      Connection:
      - keep-alive
      ParameterSetName:
      - -g -a -l --tags
      User-Agent:
      - AZURECLI/2.37.0 azsdk-python-mgmt-netapp/7.0.0 Python/3.9.5 (Windows-10-10.0.19044-SP0)
    method: GET
    uri: https://management.azure.com/subscriptions/00000000-0000-0000-0000-000000000000/resourceGroups/cli_netappfiles_test_account_000001/providers/Microsoft.NetApp/netAppAccounts/cli-acc-000002?api-version=2021-10-01
  response:
    body:
      string: '{"id":"/subscriptions/00000000-0000-0000-0000-000000000000/resourceGroups/cli_netappfiles_test_account_000001/providers/Microsoft.NetApp/netAppAccounts/cli-acc-000002","name":"cli-acc-000002","type":"Microsoft.NetApp/netAppAccounts","etag":"W/\"datetime''2022-05-26T08%3A43%3A41.8056223Z''\"","location":"eastus2","tags":{"Tag1":"Value1"},"properties":{"encryption":{"keySource":"Microsoft.NetApp"},"provisioningState":"Succeeded"},"systemData":{"createdBy":"v-taoxuzeng@microsoft.com","createdAt":"2022-05-26T08:43:40.4989125Z","createdByType":"User","lastModifiedBy":"v-taoxuzeng@microsoft.com","lastModifiedAt":"2022-05-26T08:43:40.4989125Z","lastModifiedByType":"User"}}'
    headers:
      cache-control:
      - no-cache
      content-length:
      - '672'
      content-type:
      - application/json; charset=utf-8
      date:
      - Thu, 26 May 2022 08:44:13 GMT
      etag:
      - W/"datetime'2022-05-26T08%3A43%3A41.8056223Z'"
      expires:
      - '-1'
      pragma:
      - no-cache
      server:
      - Microsoft-IIS/10.0
      strict-transport-security:
      - max-age=31536000; includeSubDomains
      transfer-encoding:
      - chunked
      vary:
      - Accept-Encoding
      x-content-type-options:
      - nosniff
      x-powered-by:
      - ASP.NET
    status:
      code: 200
      message: OK
- request:
    body: null
    headers:
      Accept:
      - application/json
      Accept-Encoding:
      - gzip, deflate
      CommandName:
      - netappfiles account ad add
      Connection:
      - keep-alive
      ParameterSetName:
      - -g -n --username --password --smb-server-name --dns --domain --ad-name --kdc-ip
        --ldap-signing --allow-local-ldap-users
      User-Agent:
      - AZURECLI/2.37.0 azsdk-python-mgmt-netapp/7.0.0 Python/3.9.5 (Windows-10-10.0.19044-SP0)
    method: GET
    uri: https://management.azure.com/subscriptions/00000000-0000-0000-0000-000000000000/resourceGroups/cli_netappfiles_test_account_000001/providers/Microsoft.NetApp/netAppAccounts/cli-acc-000002?api-version=2021-10-01
  response:
    body:
      string: '{"id":"/subscriptions/00000000-0000-0000-0000-000000000000/resourceGroups/cli_netappfiles_test_account_000001/providers/Microsoft.NetApp/netAppAccounts/cli-acc-000002","name":"cli-acc-000002","type":"Microsoft.NetApp/netAppAccounts","etag":"W/\"datetime''2022-05-26T08%3A43%3A41.8056223Z''\"","location":"eastus2","tags":{"Tag1":"Value1"},"properties":{"encryption":{"keySource":"Microsoft.NetApp"},"provisioningState":"Succeeded"},"systemData":{"createdBy":"v-taoxuzeng@microsoft.com","createdAt":"2022-05-26T08:43:40.4989125Z","createdByType":"User","lastModifiedBy":"v-taoxuzeng@microsoft.com","lastModifiedAt":"2022-05-26T08:43:40.4989125Z","lastModifiedByType":"User"}}'
    headers:
      cache-control:
      - no-cache
      content-length:
      - '672'
      content-type:
      - application/json; charset=utf-8
      date:
      - Thu, 26 May 2022 08:44:15 GMT
      etag:
      - W/"datetime'2022-05-26T08%3A43%3A41.8056223Z'"
      expires:
      - '-1'
      pragma:
      - no-cache
      server:
      - Microsoft-IIS/10.0
      strict-transport-security:
      - max-age=31536000; includeSubDomains
      transfer-encoding:
      - chunked
      vary:
      - Accept-Encoding
      x-content-type-options:
      - nosniff
      x-powered-by:
      - ASP.NET
    status:
      code: 200
      message: OK
- request:
    body: '{"properties": {"activeDirectories": [{"username": "ad_user", "password":
      "ad_user", "domain": "eastus2", "dns": "1.2.3.4", "smbServerName": "SMBSERVER",
      "kdcIP": "172.16.254.1", "adName": "cli-ad-name", "ldapSigning": true, "allowLocalNfsUsersWithLdap":
      true, "ldapSearchScope": {}}]}}'
    headers:
      Accept:
      - application/json
      Accept-Encoding:
      - gzip, deflate
      CommandName:
      - netappfiles account ad add
      Connection:
      - keep-alive
      Content-Length:
      - '286'
      Content-Type:
      - application/json
      ParameterSetName:
      - -g -n --username --password --smb-server-name --dns --domain --ad-name --kdc-ip
        --ldap-signing --allow-local-ldap-users
      User-Agent:
      - AZURECLI/2.37.0 azsdk-python-mgmt-netapp/7.0.0 Python/3.9.5 (Windows-10-10.0.19044-SP0)
    method: PATCH
    uri: https://management.azure.com/subscriptions/00000000-0000-0000-0000-000000000000/resourceGroups/cli_netappfiles_test_account_000001/providers/Microsoft.NetApp/netAppAccounts/cli-acc-000002?api-version=2021-10-01
  response:
    body:
      string: '{"id":"/subscriptions/00000000-0000-0000-0000-000000000000/resourceGroups/cli_netappfiles_test_account_000001/providers/Microsoft.NetApp/netAppAccounts/cli-acc-000002","name":"cli-acc-000002","type":"Microsoft.NetApp/netAppAccounts","etag":"W/\"datetime''2022-05-26T08%3A44%3A17.8640485Z''\"","location":"eastus2","tags":{"Tag1":"Value1"},"properties":{"provisioningState":"Patching","encryption":{"keySource":"Microsoft.NetApp"}},"systemData":{"createdBy":"v-taoxuzeng@microsoft.com","createdAt":"2022-05-26T08:43:40.4989125Z","createdByType":"User","lastModifiedBy":"v-taoxuzeng@microsoft.com","lastModifiedAt":"2022-05-26T08:43:40.4989125Z","lastModifiedByType":"User"}}'
    headers:
      azure-asyncoperation:
      - https://management.azure.com/subscriptions/00000000-0000-0000-0000-000000000000/providers/Microsoft.NetApp/locations/eastus2/operationResults/a1816dd3-f9b9-4e86-8f00-a53f7ebe9869?api-version=2021-10-01
      cache-control:
      - no-cache
      content-length:
      - '671'
      content-type:
      - application/json; charset=utf-8
      date:
      - Thu, 26 May 2022 08:44:17 GMT
      etag:
      - W/"datetime'2022-05-26T08%3A44%3A17.8640485Z'"
      expires:
      - '-1'
      location:
      - https://management.azure.com/subscriptions/00000000-0000-0000-0000-000000000000/providers/Microsoft.NetApp/locations/eastus2/operationResults/a1816dd3-f9b9-4e86-8f00-a53f7ebe9869?api-version=2021-10-01&operationResultResponseType=Location
      pragma:
      - no-cache
      server:
      - Microsoft-IIS/10.0
      strict-transport-security:
      - max-age=31536000; includeSubDomains
      x-content-type-options:
      - nosniff
      x-ms-ratelimit-remaining-subscription-writes:
      - '1160'
      x-powered-by:
      - ASP.NET
    status:
      code: 202
      message: Accepted
- request:
    body: null
    headers:
      Accept:
      - '*/*'
      Accept-Encoding:
      - gzip, deflate
      CommandName:
      - netappfiles account ad add
      Connection:
      - keep-alive
      ParameterSetName:
      - -g -n --username --password --smb-server-name --dns --domain --ad-name --kdc-ip
        --ldap-signing --allow-local-ldap-users
      User-Agent:
      - AZURECLI/2.37.0 azsdk-python-mgmt-netapp/7.0.0 Python/3.9.5 (Windows-10-10.0.19044-SP0)
    method: GET
    uri: https://management.azure.com/subscriptions/00000000-0000-0000-0000-000000000000/providers/Microsoft.NetApp/locations/eastus2/operationResults/a1816dd3-f9b9-4e86-8f00-a53f7ebe9869?api-version=2021-10-01
  response:
    body:
      string: '{"id":"/subscriptions/00000000-0000-0000-0000-000000000000/providers/Microsoft.NetApp/locations/eastus2/operationResults/a1816dd3-f9b9-4e86-8f00-a53f7ebe9869","name":"a1816dd3-f9b9-4e86-8f00-a53f7ebe9869","status":"Succeeded","startTime":"2022-05-26T08:44:17.8713243Z","endTime":"2022-05-26T08:44:18.3712936Z","percentComplete":100.0,"properties":{"resourceName":"/subscriptions/00000000-0000-0000-0000-000000000000/resourceGroups/cli_netappfiles_test_account_000001/providers/Microsoft.NetApp/netAppAccounts/cli-acc-000002"}}'
    headers:
      cache-control:
      - no-cache
      content-length:
      - '526'
      content-type:
      - application/json; charset=utf-8
      date:
      - Thu, 26 May 2022 08:44:48 GMT
      expires:
      - '-1'
      pragma:
      - no-cache
      server:
      - Microsoft-IIS/10.0
      strict-transport-security:
      - max-age=31536000; includeSubDomains
      transfer-encoding:
      - chunked
      vary:
      - Accept-Encoding
      x-content-type-options:
      - nosniff
      x-powered-by:
      - ASP.NET
    status:
      code: 200
      message: OK
- request:
    body: null
    headers:
      Accept:
      - '*/*'
      Accept-Encoding:
      - gzip, deflate
      CommandName:
      - netappfiles account ad add
      Connection:
      - keep-alive
      ParameterSetName:
      - -g -n --username --password --smb-server-name --dns --domain --ad-name --kdc-ip
        --ldap-signing --allow-local-ldap-users
      User-Agent:
      - AZURECLI/2.37.0 azsdk-python-mgmt-netapp/7.0.0 Python/3.9.5 (Windows-10-10.0.19044-SP0)
    method: GET
    uri: https://management.azure.com/subscriptions/00000000-0000-0000-0000-000000000000/providers/Microsoft.NetApp/locations/eastus2/operationResults/a1816dd3-f9b9-4e86-8f00-a53f7ebe9869?api-version=2021-10-01&operationResultResponseType=Location
  response:
    body:
      string: '{"id":"/subscriptions/00000000-0000-0000-0000-000000000000/resourceGroups/cli_netappfiles_test_account_000001/providers/Microsoft.NetApp/netAppAccounts/cli-acc-000002","name":"cli-acc-000002","type":"Microsoft.NetApp/netAppAccounts","etag":"W/\"datetime''2022-05-26T08%3A44%3A18.3588715Z''\"","location":"eastus2","tags":{"Tag1":"Value1"},"properties":{"encryption":{"keySource":"Microsoft.NetApp"},"activeDirectories":[{"activeDirectoryId":"1e7fcff2-961c-4445-1e35-9ebbd713a825","username":"ad_user","password":"******************","domain":"eastus2","dns":"1.2.3.4","status":"Created","smbServerName":"SMBSERVER","organizationalUnit":"CN=Computers","kdcIP":"172.16.254.1","adName":"cli-ad-name","aesEncryption":false,"ldapSigning":true,"allowLocalNFSUsersWithLdap":true,"ldapOverTLS":false,"encryptDCConnections":false,"ldapSearchScope":{}}],"provisioningState":"Succeeded"},"systemData":{"createdBy":"v-taoxuzeng@microsoft.com","createdAt":"2022-05-26T08:43:40.4989125Z","createdByType":"User","lastModifiedBy":"v-taoxuzeng@microsoft.com","lastModifiedAt":"2022-05-26T08:44:16.7521921Z","lastModifiedByType":"User"}}'
    headers:
      cache-control:
      - no-cache
      content-length:
      - '1117'
      content-type:
      - application/json; charset=utf-8
      date:
      - Thu, 26 May 2022 08:44:48 GMT
      expires:
      - '-1'
      pragma:
      - no-cache
      server:
      - Microsoft-IIS/10.0
      strict-transport-security:
      - max-age=31536000; includeSubDomains
      transfer-encoding:
      - chunked
      vary:
      - Accept-Encoding
      x-content-type-options:
      - nosniff
      x-powered-by:
      - ASP.NET
    status:
      code: 200
      message: OK
- request:
    body: null
    headers:
      Accept:
      - application/json
      Accept-Encoding:
      - gzip, deflate
      CommandName:
      - netappfiles account ad list
      Connection:
      - keep-alive
      ParameterSetName:
      - -g -n
      User-Agent:
      - AZURECLI/2.37.0 azsdk-python-mgmt-netapp/7.0.0 Python/3.9.5 (Windows-10-10.0.19044-SP0)
    method: GET
    uri: https://management.azure.com/subscriptions/00000000-0000-0000-0000-000000000000/resourceGroups/cli_netappfiles_test_account_000001/providers/Microsoft.NetApp/netAppAccounts/cli-acc-000002?api-version=2021-10-01
  response:
    body:
      string: '{"id":"/subscriptions/00000000-0000-0000-0000-000000000000/resourceGroups/cli_netappfiles_test_account_000001/providers/Microsoft.NetApp/netAppAccounts/cli-acc-000002","name":"cli-acc-000002","type":"Microsoft.NetApp/netAppAccounts","etag":"W/\"datetime''2022-05-26T08%3A44%3A18.3588715Z''\"","location":"eastus2","tags":{"Tag1":"Value1"},"properties":{"provisioningState":"Succeeded","activeDirectories":[{"activeDirectoryId":"1e7fcff2-961c-4445-1e35-9ebbd713a825","username":"ad_user","password":"****************","domain":"eastus2","dns":"1.2.3.4","status":"Created","smbServerName":"SMBSERVER","organizationalUnit":"CN=Computers","kdcIP":"172.16.254.1","adName":"cli-ad-name","aesEncryption":false,"ldapSigning":true,"ldapOverTLS":false,"allowLocalNFSUsersWithLdap":true,"encryptDCConnections":false,"ldapSearchScope":{}}],"encryption":{"keySource":"Microsoft.NetApp"}},"systemData":{"createdBy":"v-taoxuzeng@microsoft.com","createdAt":"2022-05-26T08:43:40.4989125Z","createdByType":"User","lastModifiedBy":"v-taoxuzeng@microsoft.com","lastModifiedAt":"2022-05-26T08:44:16.7521921Z","lastModifiedByType":"User"}}'
    headers:
      cache-control:
      - no-cache
      content-length:
      - '1115'
      content-type:
      - application/json; charset=utf-8
      date:
      - Thu, 26 May 2022 08:44:50 GMT
      etag:
      - W/"datetime'2022-05-26T08%3A44%3A18.3588715Z'"
      expires:
      - '-1'
      pragma:
      - no-cache
      server:
      - Microsoft-IIS/10.0
      strict-transport-security:
      - max-age=31536000; includeSubDomains
      transfer-encoding:
      - chunked
      vary:
      - Accept-Encoding
      x-content-type-options:
      - nosniff
      x-powered-by:
      - ASP.NET
    status:
      code: 200
      message: OK
- request:
    body: null
    headers:
      Accept:
      - application/json
      Accept-Encoding:
      - gzip, deflate
      CommandName:
      - netappfiles account ad update
      Connection:
      - keep-alive
      ParameterSetName:
      - -g -n --active-directory-id --password --username --smb-server-name --dns
        --domain --ad-name --kdc-ip --ldap-signing --allow-local-ldap-users
      User-Agent:
      - AZURECLI/2.37.0 azsdk-python-mgmt-netapp/7.0.0 Python/3.9.5 (Windows-10-10.0.19044-SP0)
    method: GET
    uri: https://management.azure.com/subscriptions/00000000-0000-0000-0000-000000000000/resourceGroups/cli_netappfiles_test_account_000001/providers/Microsoft.NetApp/netAppAccounts/cli-acc-000002?api-version=2021-10-01
  response:
    body:
      string: '{"id":"/subscriptions/00000000-0000-0000-0000-000000000000/resourceGroups/cli_netappfiles_test_account_000001/providers/Microsoft.NetApp/netAppAccounts/cli-acc-000002","name":"cli-acc-000002","type":"Microsoft.NetApp/netAppAccounts","etag":"W/\"datetime''2022-05-26T08%3A44%3A18.3588715Z''\"","location":"eastus2","tags":{"Tag1":"Value1"},"properties":{"provisioningState":"Succeeded","activeDirectories":[{"activeDirectoryId":"1e7fcff2-961c-4445-1e35-9ebbd713a825","username":"ad_user","password":"****************","domain":"eastus2","dns":"1.2.3.4","status":"Created","smbServerName":"SMBSERVER","organizationalUnit":"CN=Computers","kdcIP":"172.16.254.1","adName":"cli-ad-name","aesEncryption":false,"ldapSigning":true,"ldapOverTLS":false,"allowLocalNFSUsersWithLdap":true,"encryptDCConnections":false,"ldapSearchScope":{}}],"encryption":{"keySource":"Microsoft.NetApp"}},"systemData":{"createdBy":"v-taoxuzeng@microsoft.com","createdAt":"2022-05-26T08:43:40.4989125Z","createdByType":"User","lastModifiedBy":"v-taoxuzeng@microsoft.com","lastModifiedAt":"2022-05-26T08:44:16.7521921Z","lastModifiedByType":"User"}}'
    headers:
      cache-control:
      - no-cache
      content-length:
      - '1115'
      content-type:
      - application/json; charset=utf-8
      date:
      - Thu, 26 May 2022 08:44:52 GMT
      etag:
      - W/"datetime'2022-05-26T08%3A44%3A18.3588715Z'"
      expires:
      - '-1'
      pragma:
      - no-cache
      server:
      - Microsoft-IIS/10.0
      strict-transport-security:
      - max-age=31536000; includeSubDomains
      transfer-encoding:
      - chunked
      vary:
      - Accept-Encoding
      x-content-type-options:
      - nosniff
      x-powered-by:
      - ASP.NET
    status:
      code: 200
      message: OK
- request:
    body: '{"properties": {"activeDirectories": [{"activeDirectoryId": "1e7fcff2-961c-4445-1e35-9ebbd713a825",
      "username": "ad_user", "password": "ad_user", "domain": "eastus2", "dns": "1.2.3.5",
      "smbServerName": "SMBSERVER", "kdcIP": "172.16.254.1", "adName": "cli-ad-name",
      "ldapSigning": true, "allowLocalNfsUsersWithLdap": true, "ldapSearchScope":
      {}}]}}'
    headers:
      Accept:
      - application/json
      Accept-Encoding:
      - gzip, deflate
      CommandName:
      - netappfiles account ad update
      Connection:
      - keep-alive
      Content-Length:
      - '347'
      Content-Type:
      - application/json
      ParameterSetName:
      - -g -n --active-directory-id --password --username --smb-server-name --dns
        --domain --ad-name --kdc-ip --ldap-signing --allow-local-ldap-users
      User-Agent:
      - AZURECLI/2.37.0 azsdk-python-mgmt-netapp/7.0.0 Python/3.9.5 (Windows-10-10.0.19044-SP0)
    method: PATCH
    uri: https://management.azure.com/subscriptions/00000000-0000-0000-0000-000000000000/resourceGroups/cli_netappfiles_test_account_000001/providers/Microsoft.NetApp/netAppAccounts/cli-acc-000002?api-version=2021-10-01
  response:
    body:
      string: '{"id":"/subscriptions/00000000-0000-0000-0000-000000000000/resourceGroups/cli_netappfiles_test_account_000001/providers/Microsoft.NetApp/netAppAccounts/cli-acc-000002","name":"cli-acc-000002","type":"Microsoft.NetApp/netAppAccounts","etag":"W/\"datetime''2022-05-26T08%3A44%3A54.4113182Z''\"","location":"eastus2","tags":{"Tag1":"Value1"},"properties":{"provisioningState":"Patching","activeDirectories":[{"activeDirectoryId":"1e7fcff2-961c-4445-1e35-9ebbd713a825","username":"ad_user","password":"****************","domain":"eastus2","dns":"1.2.3.4","status":"Created","smbServerName":"SMBSERVER","organizationalUnit":"CN=Computers","kdcIP":"172.16.254.1","adName":"cli-ad-name","aesEncryption":false,"ldapSigning":true,"ldapOverTLS":false,"allowLocalNFSUsersWithLdap":true,"encryptDCConnections":false,"ldapSearchScope":{}}],"encryption":{"keySource":"Microsoft.NetApp"}},"systemData":{"createdBy":"v-taoxuzeng@microsoft.com","createdAt":"2022-05-26T08:43:40.4989125Z","createdByType":"User","lastModifiedBy":"v-taoxuzeng@microsoft.com","lastModifiedAt":"2022-05-26T08:44:16.7521921Z","lastModifiedByType":"User"}}'
    headers:
      azure-asyncoperation:
      - https://management.azure.com/subscriptions/00000000-0000-0000-0000-000000000000/providers/Microsoft.NetApp/locations/eastus2/operationResults/695c80d4-e2c9-4d9c-8d25-df58fb286124?api-version=2021-10-01
      cache-control:
      - no-cache
      content-length:
      - '1114'
      content-type:
      - application/json; charset=utf-8
      date:
      - Thu, 26 May 2022 08:44:54 GMT
      etag:
      - W/"datetime'2022-05-26T08%3A44%3A54.4113182Z'"
      expires:
      - '-1'
      location:
      - https://management.azure.com/subscriptions/00000000-0000-0000-0000-000000000000/providers/Microsoft.NetApp/locations/eastus2/operationResults/695c80d4-e2c9-4d9c-8d25-df58fb286124?api-version=2021-10-01&operationResultResponseType=Location
      pragma:
      - no-cache
      server:
      - Microsoft-IIS/10.0
      strict-transport-security:
      - max-age=31536000; includeSubDomains
      x-content-type-options:
      - nosniff
      x-ms-ratelimit-remaining-subscription-writes:
      - '1192'
      x-powered-by:
      - ASP.NET
    status:
      code: 202
      message: Accepted
- request:
    body: null
    headers:
      Accept:
      - '*/*'
      Accept-Encoding:
      - gzip, deflate
      CommandName:
      - netappfiles account ad update
      Connection:
      - keep-alive
      ParameterSetName:
      - -g -n --active-directory-id --password --username --smb-server-name --dns
        --domain --ad-name --kdc-ip --ldap-signing --allow-local-ldap-users
      User-Agent:
      - AZURECLI/2.37.0 azsdk-python-mgmt-netapp/7.0.0 Python/3.9.5 (Windows-10-10.0.19044-SP0)
    method: GET
    uri: https://management.azure.com/subscriptions/00000000-0000-0000-0000-000000000000/providers/Microsoft.NetApp/locations/eastus2/operationResults/695c80d4-e2c9-4d9c-8d25-df58fb286124?api-version=2021-10-01
  response:
    body:
      string: '{"id":"/subscriptions/00000000-0000-0000-0000-000000000000/providers/Microsoft.NetApp/locations/eastus2/operationResults/695c80d4-e2c9-4d9c-8d25-df58fb286124","name":"695c80d4-e2c9-4d9c-8d25-df58fb286124","status":"Succeeded","startTime":"2022-05-26T08:44:54.4183269Z","endTime":"2022-05-26T08:44:55.0278269Z","percentComplete":100.0,"properties":{"resourceName":"/subscriptions/00000000-0000-0000-0000-000000000000/resourceGroups/cli_netappfiles_test_account_000001/providers/Microsoft.NetApp/netAppAccounts/cli-acc-000002"}}'
    headers:
      cache-control:
      - no-cache
      content-length:
      - '526'
      content-type:
      - application/json; charset=utf-8
      date:
      - Thu, 26 May 2022 08:45:24 GMT
      expires:
      - '-1'
      pragma:
      - no-cache
      server:
      - Microsoft-IIS/10.0
      strict-transport-security:
      - max-age=31536000; includeSubDomains
      transfer-encoding:
      - chunked
      vary:
      - Accept-Encoding
      x-content-type-options:
      - nosniff
      x-powered-by:
      - ASP.NET
    status:
      code: 200
      message: OK
- request:
    body: null
    headers:
      Accept:
      - '*/*'
      Accept-Encoding:
      - gzip, deflate
      CommandName:
      - netappfiles account ad update
      Connection:
      - keep-alive
      ParameterSetName:
      - -g -n --active-directory-id --password --username --smb-server-name --dns
        --domain --ad-name --kdc-ip --ldap-signing --allow-local-ldap-users
      User-Agent:
      - AZURECLI/2.37.0 azsdk-python-mgmt-netapp/7.0.0 Python/3.9.5 (Windows-10-10.0.19044-SP0)
    method: GET
    uri: https://management.azure.com/subscriptions/00000000-0000-0000-0000-000000000000/providers/Microsoft.NetApp/locations/eastus2/operationResults/695c80d4-e2c9-4d9c-8d25-df58fb286124?api-version=2021-10-01&operationResultResponseType=Location
  response:
    body:
      string: '{"id":"/subscriptions/00000000-0000-0000-0000-000000000000/resourceGroups/cli_netappfiles_test_account_000001/providers/Microsoft.NetApp/netAppAccounts/cli-acc-000002","name":"cli-acc-000002","type":"Microsoft.NetApp/netAppAccounts","etag":"W/\"datetime''2022-05-26T08%3A44%3A55.0166556Z''\"","location":"eastus2","tags":{"Tag1":"Value1"},"properties":{"encryption":{"keySource":"Microsoft.NetApp"},"activeDirectories":[{"activeDirectoryId":"1e7fcff2-961c-4445-1e35-9ebbd713a825","username":"ad_user","password":"******************","domain":"eastus2","dns":"1.2.3.5","status":"Created","smbServerName":"SMBSERVER","organizationalUnit":"CN=Computers","kdcIP":"172.16.254.1","adName":"cli-ad-name","aesEncryption":false,"ldapSigning":true,"allowLocalNFSUsersWithLdap":true,"ldapOverTLS":false,"encryptDCConnections":false,"ldapSearchScope":{}}],"provisioningState":"Succeeded"},"systemData":{"createdBy":"v-taoxuzeng@microsoft.com","createdAt":"2022-05-26T08:43:40.4989125Z","createdByType":"User","lastModifiedBy":"v-taoxuzeng@microsoft.com","lastModifiedAt":"2022-05-26T08:44:53.3444377Z","lastModifiedByType":"User"}}'
    headers:
      cache-control:
      - no-cache
      content-length:
      - '1117'
      content-type:
      - application/json; charset=utf-8
      date:
      - Thu, 26 May 2022 08:45:24 GMT
      expires:
      - '-1'
      pragma:
      - no-cache
      server:
      - Microsoft-IIS/10.0
      strict-transport-security:
      - max-age=31536000; includeSubDomains
      transfer-encoding:
      - chunked
      vary:
      - Accept-Encoding
      x-content-type-options:
      - nosniff
      x-powered-by:
      - ASP.NET
    status:
      code: 200
      message: OK
- request:
    body: null
    headers:
      Accept:
      - application/json
      Accept-Encoding:
      - gzip, deflate
      CommandName:
      - netappfiles account ad remove
      Connection:
      - keep-alive
      ParameterSetName:
      - -g -n --active-directory
      User-Agent:
      - AZURECLI/2.37.0 azsdk-python-mgmt-netapp/7.0.0 Python/3.9.5 (Windows-10-10.0.19044-SP0)
    method: GET
    uri: https://management.azure.com/subscriptions/00000000-0000-0000-0000-000000000000/resourceGroups/cli_netappfiles_test_account_000001/providers/Microsoft.NetApp/netAppAccounts/cli-acc-000002?api-version=2021-10-01
  response:
    body:
      string: '{"id":"/subscriptions/00000000-0000-0000-0000-000000000000/resourceGroups/cli_netappfiles_test_account_000001/providers/Microsoft.NetApp/netAppAccounts/cli-acc-000002","name":"cli-acc-000002","type":"Microsoft.NetApp/netAppAccounts","etag":"W/\"datetime''2022-05-26T08%3A44%3A55.0166556Z''\"","location":"eastus2","tags":{"Tag1":"Value1"},"properties":{"provisioningState":"Succeeded","activeDirectories":[{"activeDirectoryId":"1e7fcff2-961c-4445-1e35-9ebbd713a825","username":"ad_user","password":"****************","domain":"eastus2","dns":"1.2.3.5","status":"Created","smbServerName":"SMBSERVER","organizationalUnit":"CN=Computers","kdcIP":"172.16.254.1","adName":"cli-ad-name","aesEncryption":false,"ldapSigning":true,"ldapOverTLS":false,"allowLocalNFSUsersWithLdap":true,"encryptDCConnections":false,"ldapSearchScope":{}}],"encryption":{"keySource":"Microsoft.NetApp"}},"systemData":{"createdBy":"v-taoxuzeng@microsoft.com","createdAt":"2022-05-26T08:43:40.4989125Z","createdByType":"User","lastModifiedBy":"v-taoxuzeng@microsoft.com","lastModifiedAt":"2022-05-26T08:44:53.3444377Z","lastModifiedByType":"User"}}'
    headers:
      cache-control:
      - no-cache
      content-length:
      - '1115'
      content-type:
      - application/json; charset=utf-8
      date:
      - Thu, 26 May 2022 08:45:25 GMT
      etag:
      - W/"datetime'2022-05-26T08%3A44%3A55.0166556Z'"
      expires:
      - '-1'
      pragma:
      - no-cache
      server:
      - Microsoft-IIS/10.0
      strict-transport-security:
      - max-age=31536000; includeSubDomains
      transfer-encoding:
      - chunked
      vary:
      - Accept-Encoding
      x-content-type-options:
      - nosniff
      x-powered-by:
      - ASP.NET
    status:
      code: 200
      message: OK
- request:
    body: '{"location": "eastus2", "tags": {"Tag1": "Value1"}, "properties": {"activeDirectories":
      []}}'
    headers:
      Accept:
      - application/json
      Accept-Encoding:
      - gzip, deflate
      CommandName:
      - netappfiles account ad remove
      Connection:
      - keep-alive
      Content-Length:
      - '92'
      Content-Type:
      - application/json
      ParameterSetName:
      - -g -n --active-directory
      User-Agent:
      - AZURECLI/2.37.0 azsdk-python-mgmt-netapp/7.0.0 Python/3.9.5 (Windows-10-10.0.19044-SP0)
    method: PUT
    uri: https://management.azure.com/subscriptions/00000000-0000-0000-0000-000000000000/resourceGroups/cli_netappfiles_test_account_000001/providers/Microsoft.NetApp/netAppAccounts/cli-acc-000002?api-version=2021-10-01
  response:
    body:
      string: '{"id":"/subscriptions/00000000-0000-0000-0000-000000000000/resourceGroups/cli_netappfiles_test_account_000001/providers/Microsoft.NetApp/netAppAccounts/cli-acc-000002","name":"cli-acc-000002","type":"Microsoft.NetApp/netAppAccounts","etag":"W/\"datetime''2022-05-26T08%3A45%3A26.5619181Z''\"","location":"eastus2","tags":{"Tag1":"Value1"},"properties":{"provisioningState":"Updating","activeDirectories":[{"activeDirectoryId":"1e7fcff2-961c-4445-1e35-9ebbd713a825","username":"ad_user","password":"****************","domain":"eastus2","dns":"1.2.3.5","status":"Created","smbServerName":"SMBSERVER","organizationalUnit":"CN=Computers","kdcIP":"172.16.254.1","adName":"cli-ad-name","aesEncryption":false,"ldapSigning":true,"ldapOverTLS":false,"allowLocalNFSUsersWithLdap":true,"encryptDCConnections":false,"ldapSearchScope":{}}],"encryption":{"keySource":"Microsoft.NetApp"}},"systemData":{"createdBy":"v-taoxuzeng@microsoft.com","createdAt":"2022-05-26T08:43:40.4989125Z","createdByType":"User","lastModifiedBy":"v-taoxuzeng@microsoft.com","lastModifiedAt":"2022-05-26T08:44:53.3444377Z","lastModifiedByType":"User"}}'
    headers:
      azure-asyncoperation:
      - https://management.azure.com/subscriptions/00000000-0000-0000-0000-000000000000/providers/Microsoft.NetApp/locations/eastus2/operationResults/6ffed84c-289e-4f00-a610-717e0131dccc?api-version=2021-10-01
      cache-control:
      - no-cache
      content-length:
      - '1114'
      content-type:
      - application/json; charset=utf-8
      date:
      - Thu, 26 May 2022 08:45:25 GMT
      etag:
      - W/"datetime'2022-05-26T08%3A45%3A26.5619181Z'"
      expires:
      - '-1'
      pragma:
      - no-cache
      server:
      - Microsoft-IIS/10.0
      strict-transport-security:
      - max-age=31536000; includeSubDomains
      transfer-encoding:
      - chunked
      vary:
      - Accept-Encoding
      x-content-type-options:
      - nosniff
      x-ms-ratelimit-remaining-subscription-writes:
      - '1163'
      x-powered-by:
      - ASP.NET
    status:
      code: 200
      message: OK
- request:
    body: null
    headers:
      Accept:
      - '*/*'
      Accept-Encoding:
      - gzip, deflate
      CommandName:
      - netappfiles account ad remove
      Connection:
      - keep-alive
      ParameterSetName:
      - -g -n --active-directory
      User-Agent:
      - AZURECLI/2.37.0 azsdk-python-mgmt-netapp/7.0.0 Python/3.9.5 (Windows-10-10.0.19044-SP0)
    method: GET
    uri: https://management.azure.com/subscriptions/00000000-0000-0000-0000-000000000000/providers/Microsoft.NetApp/locations/eastus2/operationResults/6ffed84c-289e-4f00-a610-717e0131dccc?api-version=2021-10-01
  response:
    body:
      string: '{"id":"/subscriptions/00000000-0000-0000-0000-000000000000/providers/Microsoft.NetApp/locations/eastus2/operationResults/6ffed84c-289e-4f00-a610-717e0131dccc","name":"6ffed84c-289e-4f00-a610-717e0131dccc","status":"Succeeded","startTime":"2022-05-26T08:45:26.5685451Z","endTime":"2022-05-26T08:45:26.9907075Z","percentComplete":100.0,"properties":{"resourceName":"/subscriptions/00000000-0000-0000-0000-000000000000/resourceGroups/cli_netappfiles_test_account_000001/providers/Microsoft.NetApp/netAppAccounts/cli-acc-000002"}}'
    headers:
      cache-control:
      - no-cache
      content-length:
      - '526'
      content-type:
      - application/json; charset=utf-8
      date:
      - Thu, 26 May 2022 08:45:56 GMT
      expires:
      - '-1'
      pragma:
      - no-cache
      server:
      - Microsoft-IIS/10.0
      strict-transport-security:
      - max-age=31536000; includeSubDomains
      transfer-encoding:
      - chunked
      vary:
      - Accept-Encoding
      x-content-type-options:
      - nosniff
      x-powered-by:
      - ASP.NET
    status:
      code: 200
      message: OK
- request:
    body: null
    headers:
      Accept:
      - '*/*'
      Accept-Encoding:
      - gzip, deflate
      CommandName:
      - netappfiles account ad remove
      Connection:
      - keep-alive
      ParameterSetName:
      - -g -n --active-directory
      User-Agent:
      - AZURECLI/2.37.0 azsdk-python-mgmt-netapp/7.0.0 Python/3.9.5 (Windows-10-10.0.19044-SP0)
    method: GET
    uri: https://management.azure.com/subscriptions/00000000-0000-0000-0000-000000000000/resourceGroups/cli_netappfiles_test_account_000001/providers/Microsoft.NetApp/netAppAccounts/cli-acc-000002?api-version=2021-10-01
  response:
    body:
      string: '{"id":"/subscriptions/00000000-0000-0000-0000-000000000000/resourceGroups/cli_netappfiles_test_account_000001/providers/Microsoft.NetApp/netAppAccounts/cli-acc-000002","name":"cli-acc-000002","type":"Microsoft.NetApp/netAppAccounts","etag":"W/\"datetime''2022-05-26T08%3A45%3A26.986054Z''\"","location":"eastus2","tags":{"Tag1":"Value1"},"properties":{"provisioningState":"Succeeded","encryption":{"keySource":"Microsoft.NetApp"}},"systemData":{"createdBy":"v-taoxuzeng@microsoft.com","createdAt":"2022-05-26T08:43:40.4989125Z","createdByType":"User","lastModifiedBy":"v-taoxuzeng@microsoft.com","lastModifiedAt":"2022-05-26T08:45:26.4223006Z","lastModifiedByType":"User"}}'
    headers:
      cache-control:
      - no-cache
      content-length:
      - '671'
      content-type:
      - application/json; charset=utf-8
      date:
      - Thu, 26 May 2022 08:45:57 GMT
      etag:
      - W/"datetime'2022-05-26T08%3A45%3A26.986054Z'"
      expires:
      - '-1'
      pragma:
      - no-cache
      server:
      - Microsoft-IIS/10.0
      strict-transport-security:
      - max-age=31536000; includeSubDomains
      transfer-encoding:
      - chunked
      vary:
      - Accept-Encoding
      x-content-type-options:
      - nosniff
      x-powered-by:
      - ASP.NET
    status:
      code: 200
      message: OK
- request:
    body: null
    headers:
      Accept:
      - application/json
      Accept-Encoding:
      - gzip, deflate
      CommandName:
      - netappfiles account show
      Connection:
      - keep-alive
      ParameterSetName:
      - -g -n
      User-Agent:
      - AZURECLI/2.37.0 azsdk-python-mgmt-netapp/7.0.0 Python/3.9.5 (Windows-10-10.0.19044-SP0)
    method: GET
    uri: https://management.azure.com/subscriptions/00000000-0000-0000-0000-000000000000/resourceGroups/cli_netappfiles_test_account_000001/providers/Microsoft.NetApp/netAppAccounts/cli-acc-000002?api-version=2021-10-01
  response:
    body:
      string: '{"id":"/subscriptions/00000000-0000-0000-0000-000000000000/resourceGroups/cli_netappfiles_test_account_000001/providers/Microsoft.NetApp/netAppAccounts/cli-acc-000002","name":"cli-acc-000002","type":"Microsoft.NetApp/netAppAccounts","etag":"W/\"datetime''2022-05-26T08%3A45%3A26.986054Z''\"","location":"eastus2","tags":{"Tag1":"Value1"},"properties":{"provisioningState":"Succeeded","encryption":{"keySource":"Microsoft.NetApp"}},"systemData":{"createdBy":"v-taoxuzeng@microsoft.com","createdAt":"2022-05-26T08:43:40.4989125Z","createdByType":"User","lastModifiedBy":"v-taoxuzeng@microsoft.com","lastModifiedAt":"2022-05-26T08:45:26.4223006Z","lastModifiedByType":"User"}}'
    headers:
      cache-control:
      - no-cache
      content-length:
      - '671'
      content-type:
      - application/json; charset=utf-8
      date:
      - Thu, 26 May 2022 08:45:59 GMT
      etag:
      - W/"datetime'2022-05-26T08%3A45%3A26.986054Z'"
      expires:
      - '-1'
      pragma:
      - no-cache
      server:
      - Microsoft-IIS/10.0
      strict-transport-security:
      - max-age=31536000; includeSubDomains
      transfer-encoding:
      - chunked
      vary:
      - Accept-Encoding
      x-content-type-options:
      - nosniff
      x-powered-by:
      - ASP.NET
    status:
      code: 200
      message: OK
version: 1
