interactions:
- request:
    body: '{"location": "southcentralusstage"}'
    headers:
      Accept:
      - application/json
      Accept-Encoding:
      - gzip, deflate
      CommandName:
      - netappfiles account create
      Connection:
      - keep-alive
      Content-Length:
      - '35'
      Content-Type:
      - application/json
      ParameterSetName:
      - -g -a -l
      User-Agent:
      - AZURECLI/2.34.1 azsdk-python-mgmt-netapp/7.0.0 Python/3.8.10 (macOS-12.2-x86_64-i386-64bit)
    method: PUT
    uri: https://management.azure.com/subscriptions/00000000-0000-0000-0000-000000000000/resourceGroups/cli_netappfiles_test_snapshot_policy_000001/providers/Microsoft.NetApp/netAppAccounts/cli-acc-000002?api-version=2021-10-01
  response:
    body:
      string: '{"id":"/subscriptions/00000000-0000-0000-0000-000000000000/resourceGroups/cli_netappfiles_test_snapshot_policy_000001/providers/Microsoft.NetApp/netAppAccounts/cli-acc-000002","name":"cli-acc-000002","type":"Microsoft.NetApp/netAppAccounts","etag":"W/\"datetime''2022-03-15T11%3A20%3A54.4845133Z''\"","location":"southcentralusstage","tags":{"CreatedOnDate":"2022-03-15T11:20:49.0535456Z"},"properties":{"provisioningState":"Creating"},"systemData":{"createdBy":"c6c4faba-2b22-44d9-80a4-71ff5b71f811","createdByType":"Application","createdAt":"2022-03-15T11:20:53.757028Z","lastModifiedBy":"c6c4faba-2b22-44d9-80a4-71ff5b71f811","lastModifiedByType":"Application","lastModifiedAt":"2022-03-15T11:20:53.757028Z"}}'
    headers:
      azure-asyncoperation:
      - https://management.azure.com/subscriptions/00000000-0000-0000-0000-000000000000/providers/Microsoft.NetApp/locations/southcentralusstage/operationResults/10f82b51-f052-4027-b8c4-e28b34c0a813?api-version=2021-10-01
      cache-control:
      - no-cache
      content-length:
      - '710'
      content-type:
      - application/json; charset=utf-8
      date:
      - Tue, 15 Mar 2022 11:20:55 GMT
      etag:
      - W/"datetime'2022-03-15T11%3A20%3A54.4845133Z'"
      expires:
      - '-1'
      pragma:
      - no-cache
      server:
      - Microsoft-IIS/10.0
      strict-transport-security:
      - max-age=31536000; includeSubDomains
      x-content-type-options:
      - nosniff
      x-ms-ratelimit-remaining-subscription-writes:
      - '1199'
      x-powered-by:
      - ASP.NET
    status:
      code: 201
      message: Created
- request:
    body: null
    headers:
      Accept:
      - '*/*'
      Accept-Encoding:
      - gzip, deflate
      CommandName:
      - netappfiles account create
      Connection:
      - keep-alive
      ParameterSetName:
      - -g -a -l
      User-Agent:
      - AZURECLI/2.34.1 azsdk-python-mgmt-netapp/7.0.0 Python/3.8.10 (macOS-12.2-x86_64-i386-64bit)
    method: GET
    uri: https://management.azure.com/subscriptions/00000000-0000-0000-0000-000000000000/providers/Microsoft.NetApp/locations/southcentralusstage/operationResults/10f82b51-f052-4027-b8c4-e28b34c0a813?api-version=2021-10-01
  response:
    body:
      string: '{"id":"/subscriptions/00000000-0000-0000-0000-000000000000/providers/Microsoft.NetApp/locations/southcentralusstage/operationResults/10f82b51-f052-4027-b8c4-e28b34c0a813","name":"10f82b51-f052-4027-b8c4-e28b34c0a813","status":"Succeeded","startTime":"2022-03-15T11:20:54.4852831Z","endTime":"2022-03-15T11:20:54.5322112Z","percentComplete":100.0,"properties":{"resourceName":"/subscriptions/00000000-0000-0000-0000-000000000000/resourceGroups/cli_netappfiles_test_snapshot_policy_000001/providers/Microsoft.NetApp/netAppAccounts/cli-acc-000002"}}'
    headers:
      cache-control:
      - no-cache
      content-length:
      - '546'
      content-type:
      - application/json; charset=utf-8
      date:
      - Tue, 15 Mar 2022 11:21:25 GMT
      expires:
      - '-1'
      pragma:
      - no-cache
      server:
      - Microsoft-IIS/10.0
      strict-transport-security:
      - max-age=31536000; includeSubDomains
      transfer-encoding:
      - chunked
      vary:
      - Accept-Encoding
      x-content-type-options:
      - nosniff
      x-powered-by:
      - ASP.NET
    status:
      code: 200
      message: OK
- request:
    body: null
    headers:
      Accept:
      - '*/*'
      Accept-Encoding:
      - gzip, deflate
      CommandName:
      - netappfiles account create
      Connection:
      - keep-alive
      ParameterSetName:
      - -g -a -l
      User-Agent:
      - AZURECLI/2.34.1 azsdk-python-mgmt-netapp/7.0.0 Python/3.8.10 (macOS-12.2-x86_64-i386-64bit)
    method: GET
    uri: https://management.azure.com/subscriptions/00000000-0000-0000-0000-000000000000/resourceGroups/cli_netappfiles_test_snapshot_policy_000001/providers/Microsoft.NetApp/netAppAccounts/cli-acc-000002?api-version=2021-10-01
  response:
    body:
      string: '{"id":"/subscriptions/00000000-0000-0000-0000-000000000000/resourceGroups/cli_netappfiles_test_snapshot_policy_000001/providers/Microsoft.NetApp/netAppAccounts/cli-acc-000002","name":"cli-acc-000002","type":"Microsoft.NetApp/netAppAccounts","etag":"W/\"datetime''2022-03-15T11%3A20%3A54.5366128Z''\"","location":"southcentralusstage","tags":{"CreatedOnDate":"2022-03-15T11:20:49.0535456Z"},"properties":{"activeDirectories":[{"activeDirectoryId":"6411f198-b5fc-ad07-113d-56dd4da0e462","username":"testadmin","password":"****************","domain":"testdomain.local","dns":"10.0.2.4,10.0.2.5","status":"Created","smbServerName":"testsmb","organizationalUnit":"CN=Computers","aesEncryption":false,"ldapSigning":false,"ldapOverTLS":false,"allowLocalNFSUsersWithLdap":false,"encryptDCConnections":false,"ldapSearchScope":{}}],"encryption":{"keySource":"Microsoft.NetApp"},"provisioningState":"Succeeded"},"systemData":{"createdBy":"c6c4faba-2b22-44d9-80a4-71ff5b71f811","createdByType":"Application","createdAt":"2022-03-15T11:20:53.757028Z","lastModifiedBy":"c6c4faba-2b22-44d9-80a4-71ff5b71f811","lastModifiedByType":"Application","lastModifiedAt":"2022-03-15T11:20:53.757028Z"}}'
    headers:
      cache-control:
      - no-cache
      content-length:
      - '1175'
      content-type:
      - application/json; charset=utf-8
      date:
      - Tue, 15 Mar 2022 11:21:26 GMT
      etag:
      - W/"datetime'2022-03-15T11%3A20%3A54.5366128Z'"
      expires:
      - '-1'
      pragma:
      - no-cache
      server:
      - Microsoft-IIS/10.0
      strict-transport-security:
      - max-age=31536000; includeSubDomains
      transfer-encoding:
      - chunked
      vary:
      - Accept-Encoding
      x-content-type-options:
      - nosniff
      x-powered-by:
      - ASP.NET
    status:
      code: 200
      message: OK
- request:
    body: '{"location": "southcentralusstage", "tags": {"Tag1": "Value1"}, "properties":
      {"hourlySchedule": {"snapshotsToKeep": 1, "minute": 10}, "dailySchedule": {"snapshotsToKeep":
      2, "hour": 2, "minute": 20}, "weeklySchedule": {"snapshotsToKeep": 3, "day":
      "Monday", "hour": 3, "minute": 30}, "monthlySchedule": {"snapshotsToKeep": 4,
      "daysOfMonth": "2,5,30", "hour": 4, "minute": 40}, "enabled": true}}'
    headers:
      Accept:
      - application/json
      Accept-Encoding:
      - gzip, deflate
      CommandName:
      - netappfiles snapshot policy create
      Connection:
      - keep-alive
      Content-Length:
      - '395'
      Content-Type:
      - application/json
      ParameterSetName:
      - -g -a --snapshot-policy-name -l -u -d -w -m --hourly-minute --daily-minute
        --weekly-minute --monthly-minute --daily-hour --weekly-hour --monthly-hour
        --weekly-day --monthly-days --enabled --tags
      User-Agent:
      - AZURECLI/2.34.1 azsdk-python-mgmt-netapp/7.0.0 Python/3.8.10 (macOS-12.2-x86_64-i386-64bit)
    method: PUT
    uri: https://management.azure.com/subscriptions/00000000-0000-0000-0000-000000000000/resourceGroups/cli_netappfiles_test_snapshot_policy_000001/providers/Microsoft.NetApp/netAppAccounts/cli-acc-000002/snapshotPolicies/cli-sn-pol-000003?api-version=2021-10-01
  response:
    body:
      string: '{"id":"/subscriptions/00000000-0000-0000-0000-000000000000/resourceGroups/cli_netappfiles_test_snapshot_policy_000001/providers/Microsoft.NetApp/netAppAccounts/cli-acc-000002/snapshotPolicies/cli-sn-pol-000003","name":"cli-acc-000002/cli-sn-pol-000003","type":"Microsoft.NetApp/netAppAccounts/snapshotPolicies","etag":"W/\"datetime''2022-03-15T11%3A21%3A32.7113959Z''\"","location":"southcentralusstage","tags":{"Tag1":"Value1","CreatedOnDate":"2022-03-15T11:21:26.8126439Z"},"properties":{"enabled":true,"hourlySchedule":{"snapshotsToKeep":1,"minute":10},"dailySchedule":{"snapshotsToKeep":2,"hour":2,"minute":20},"weeklySchedule":{"snapshotsToKeep":3,"day":"Monday","hour":3,"minute":30},"monthlySchedule":{"snapshotsToKeep":4,"daysOfMonth":"2,5,30","hour":4,"minute":40},"provisioningState":"Creating"},"systemData":{"createdBy":"c6c4faba-2b22-44d9-80a4-71ff5b71f811","createdByType":"Application","createdAt":"2022-03-15T11:21:31.9463902Z","lastModifiedBy":"c6c4faba-2b22-44d9-80a4-71ff5b71f811","lastModifiedByType":"Application","lastModifiedAt":"2022-03-15T11:21:31.9463902Z"}}'
    headers:
      azure-asyncoperation:
      - https://management.azure.com/subscriptions/00000000-0000-0000-0000-000000000000/providers/Microsoft.NetApp/locations/southcentralusstage/operationResults/21cb55ba-7f9e-4d96-b9cd-be1239278755?api-version=2021-10-01
      cache-control:
      - no-cache
      content-length:
      - '1082'
      content-type:
      - application/json; charset=utf-8
      date:
      - Tue, 15 Mar 2022 11:21:34 GMT
      etag:
      - W/"datetime'2022-03-15T11%3A21%3A32.7113959Z'"
      expires:
      - '-1'
      pragma:
      - no-cache
      server:
      - Microsoft-IIS/10.0
      strict-transport-security:
      - max-age=31536000; includeSubDomains
      x-content-type-options:
      - nosniff
      x-ms-ratelimit-remaining-subscription-writes:
      - '1198'
      x-powered-by:
      - ASP.NET
    status:
      code: 201
      message: Created
- request:
    body: '{"location": "southcentralusstage", "properties": {"hourlySchedule": {"snapshotsToKeep":
      5, "minute": 50}, "dailySchedule": {"snapshotsToKeep": 6, "hour": 6, "minute":
      0}, "weeklySchedule": {"snapshotsToKeep": 7, "day": "Wednesday", "hour": 7,
      "minute": 10}, "monthlySchedule": {"snapshotsToKeep": 8, "daysOfMonth": "1,2,20",
      "hour": 8, "minute": 20}, "enabled": false}}'
    headers:
      Accept:
      - application/json
      Accept-Encoding:
      - gzip, deflate
      CommandName:
      - netappfiles snapshot policy update
      Connection:
      - keep-alive
      Content-Length:
      - '370'
      Content-Type:
      - application/json
      ParameterSetName:
      - -g -a --snapshot-policy-name -l -u -d -w -m --hourly-minute --daily-minute
        --weekly-minute --monthly-minute --daily-hour --weekly-hour --monthly-hour
        --weekly-day --monthly-days --enabled
      User-Agent:
      - AZURECLI/2.34.1 azsdk-python-mgmt-netapp/7.0.0 Python/3.8.10 (macOS-12.2-x86_64-i386-64bit)
    method: PATCH
    uri: https://management.azure.com/subscriptions/00000000-0000-0000-0000-000000000000/resourceGroups/cli_netappfiles_test_snapshot_policy_000001/providers/Microsoft.NetApp/netAppAccounts/cli-acc-000002/snapshotPolicies/cli-sn-pol-000003?api-version=2021-10-01
  response:
    body:
      string: '{"id":"/subscriptions/00000000-0000-0000-0000-000000000000/resourceGroups/cli_netappfiles_test_snapshot_policy_000001/providers/Microsoft.NetApp/netAppAccounts/cli-acc-000002/snapshotPolicies/cli-sn-pol-000003","name":"cli-acc-000002/cli-sn-pol-000003","type":"Microsoft.NetApp/netAppAccounts/snapshotPolicies","etag":"W/\"datetime''2022-03-15T11%3A21%3A39.739481Z''\"","location":"southcentralusstage","tags":{"Tag1":"Value1","CreatedOnDate":"2022-03-15T11:21:26.8126439Z"},"properties":{"provisioningState":"Patching","enabled":true,"hourlySchedule":{"snapshotsToKeep":1,"minute":10},"dailySchedule":{"snapshotsToKeep":2,"hour":2,"minute":20},"weeklySchedule":{"snapshotsToKeep":3,"day":"Monday","hour":3,"minute":30},"monthlySchedule":{"snapshotsToKeep":4,"daysOfMonth":"2,5,30","hour":4,"minute":40}},"systemData":{"createdBy":"c6c4faba-2b22-44d9-80a4-71ff5b71f811","createdByType":"Application","createdAt":"2022-03-15T11:21:31.9463902Z","lastModifiedBy":"c6c4faba-2b22-44d9-80a4-71ff5b71f811","lastModifiedByType":"Application","lastModifiedAt":"2022-03-15T11:21:31.9463902Z"}}'
    headers:
      azure-asyncoperation:
      - https://management.azure.com/subscriptions/00000000-0000-0000-0000-000000000000/providers/Microsoft.NetApp/locations/southcentralusstage/operationResults/0e35d4b3-6e98-4ee7-90b3-1802d56f9f34?api-version=2021-10-01
      cache-control:
      - no-cache
      content-length:
      - '1081'
      content-type:
      - application/json; charset=utf-8
      date:
      - Tue, 15 Mar 2022 11:21:39 GMT
      etag:
      - W/"datetime'2022-03-15T11%3A21%3A39.739481Z'"
      expires:
      - '-1'
      location:
      - https://management.azure.com/subscriptions/00000000-0000-0000-0000-000000000000/providers/Microsoft.NetApp/locations/southcentralusstage/operationResults/0e35d4b3-6e98-4ee7-90b3-1802d56f9f34?api-version=2021-10-01&operationResultResponseType=Location
      pragma:
      - no-cache
      server:
      - Microsoft-IIS/10.0
      strict-transport-security:
      - max-age=31536000; includeSubDomains
      x-content-type-options:
      - nosniff
      x-ms-ratelimit-remaining-subscription-writes:
      - '1199'
      x-powered-by:
      - ASP.NET
    status:
      code: 202
      message: Accepted
- request:
    body: null
    headers:
      Accept:
      - '*/*'
      Accept-Encoding:
      - gzip, deflate
      CommandName:
      - netappfiles snapshot policy update
      Connection:
      - keep-alive
      ParameterSetName:
      - -g -a --snapshot-policy-name -l -u -d -w -m --hourly-minute --daily-minute
        --weekly-minute --monthly-minute --daily-hour --weekly-hour --monthly-hour
        --weekly-day --monthly-days --enabled
      User-Agent:
      - AZURECLI/2.34.1 azsdk-python-mgmt-netapp/7.0.0 Python/3.8.10 (macOS-12.2-x86_64-i386-64bit)
    method: GET
    uri: https://management.azure.com/subscriptions/00000000-0000-0000-0000-000000000000/providers/Microsoft.NetApp/locations/southcentralusstage/operationResults/0e35d4b3-6e98-4ee7-90b3-1802d56f9f34?api-version=2021-10-01
  response:
    body:
      string: '{"id":"/subscriptions/00000000-0000-0000-0000-000000000000/providers/Microsoft.NetApp/locations/southcentralusstage/operationResults/0e35d4b3-6e98-4ee7-90b3-1802d56f9f34","name":"0e35d4b3-6e98-4ee7-90b3-1802d56f9f34","status":"Succeeded","startTime":"2022-03-15T11:21:39.7314669Z","endTime":"2022-03-15T11:21:39.8263148Z","percentComplete":100.0,"properties":{"resourceName":"/subscriptions/00000000-0000-0000-0000-000000000000/resourceGroups/cli_netappfiles_test_snapshot_policy_000001/providers/Microsoft.NetApp/netAppAccounts/cli-acc-000002/snapshotPolicies/cli-sn-pol-000003"}}'
    headers:
      cache-control:
      - no-cache
      content-length:
      - '581'
      content-type:
      - application/json; charset=utf-8
      date:
      - Tue, 15 Mar 2022 11:22:09 GMT
      expires:
      - '-1'
      pragma:
      - no-cache
      server:
      - Microsoft-IIS/10.0
      strict-transport-security:
      - max-age=31536000; includeSubDomains
      x-content-type-options:
      - nosniff
      x-powered-by:
      - ASP.NET
    status:
      code: 200
      message: OK
- request:
    body: null
    headers:
      Accept:
      - '*/*'
      Accept-Encoding:
      - gzip, deflate
      CommandName:
      - netappfiles snapshot policy update
      Connection:
      - keep-alive
      ParameterSetName:
      - -g -a --snapshot-policy-name -l -u -d -w -m --hourly-minute --daily-minute
        --weekly-minute --monthly-minute --daily-hour --weekly-hour --monthly-hour
        --weekly-day --monthly-days --enabled
      User-Agent:
      - AZURECLI/2.34.1 azsdk-python-mgmt-netapp/7.0.0 Python/3.8.10 (macOS-12.2-x86_64-i386-64bit)
    method: GET
    uri: https://management.azure.com/subscriptions/00000000-0000-0000-0000-000000000000/resourceGroups/cli_netappfiles_test_snapshot_policy_000001/providers/Microsoft.NetApp/netAppAccounts/cli-acc-000002/snapshotPolicies/cli-sn-pol-000003?api-version=2021-10-01
  response:
    body:
      string: '{"id":"/subscriptions/00000000-0000-0000-0000-000000000000/resourceGroups/cli_netappfiles_test_snapshot_policy_000001/providers/Microsoft.NetApp/netAppAccounts/cli-acc-000002/snapshotPolicies/cli-sn-pol-000003","name":"cli-acc-000002/cli-sn-pol-000003","type":"Microsoft.NetApp/netAppAccounts/snapshotPolicies","etag":"W/\"datetime''2022-03-15T11%3A21%3A39.8254316Z''\"","location":"southcentralusstage","tags":{"Tag1":"Value1","CreatedOnDate":"2022-03-15T11:21:26.8126439Z"},"properties":{"provisioningState":"Succeeded","enabled":false,"hourlySchedule":{"snapshotsToKeep":5,"minute":50},"dailySchedule":{"snapshotsToKeep":6,"hour":6,"minute":0},"weeklySchedule":{"snapshotsToKeep":7,"day":"Wednesday","hour":7,"minute":10},"monthlySchedule":{"snapshotsToKeep":8,"daysOfMonth":"1,2,20","hour":8,"minute":20}},"systemData":{"createdBy":"c6c4faba-2b22-44d9-80a4-71ff5b71f811","createdByType":"Application","createdAt":"2022-03-15T11:21:31.9463902Z","lastModifiedBy":"c6c4faba-2b22-44d9-80a4-71ff5b71f811","lastModifiedByType":"Application","lastModifiedAt":"2022-03-15T11:21:38.4776044Z"}}'
    headers:
      cache-control:
      - no-cache
      content-length:
      - '1086'
      content-type:
      - application/json; charset=utf-8
      date:
      - Tue, 15 Mar 2022 11:22:10 GMT
      etag:
      - W/"datetime'2022-03-15T11%3A21%3A39.8254316Z'"
      expires:
      - '-1'
      pragma:
      - no-cache
      server:
      - Microsoft-IIS/10.0
      strict-transport-security:
      - max-age=31536000; includeSubDomains
      x-content-type-options:
      - nosniff
      x-powered-by:
      - ASP.NET
    status:
      code: 200
      message: OK
- request:
    body: null
    headers:
      Accept:
      - application/json
      Accept-Encoding:
      - gzip, deflate
      CommandName:
      - netappfiles snapshot policy show
      Connection:
      - keep-alive
      ParameterSetName:
      - -g -a --snapshot-policy-name
      User-Agent:
      - AZURECLI/2.34.1 azsdk-python-mgmt-netapp/7.0.0 Python/3.8.10 (macOS-12.2-x86_64-i386-64bit)
    method: GET
    uri: https://management.azure.com/subscriptions/00000000-0000-0000-0000-000000000000/resourceGroups/cli_netappfiles_test_snapshot_policy_000001/providers/Microsoft.NetApp/netAppAccounts/cli-acc-000002/snapshotPolicies/cli-sn-pol-000003?api-version=2021-10-01
  response:
    body:
      string: '{"id":"/subscriptions/00000000-0000-0000-0000-000000000000/resourceGroups/cli_netappfiles_test_snapshot_policy_000001/providers/Microsoft.NetApp/netAppAccounts/cli-acc-000002/snapshotPolicies/cli-sn-pol-000003","name":"cli-acc-000002/cli-sn-pol-000003","type":"Microsoft.NetApp/netAppAccounts/snapshotPolicies","etag":"W/\"datetime''2022-03-15T11%3A21%3A39.8254316Z''\"","location":"southcentralusstage","tags":{"Tag1":"Value1","CreatedOnDate":"2022-03-15T11:21:26.8126439Z"},"properties":{"provisioningState":"Succeeded","enabled":false,"hourlySchedule":{"snapshotsToKeep":5,"minute":50},"dailySchedule":{"snapshotsToKeep":6,"hour":6,"minute":0},"weeklySchedule":{"snapshotsToKeep":7,"day":"Wednesday","hour":7,"minute":10},"monthlySchedule":{"snapshotsToKeep":8,"daysOfMonth":"1,2,20","hour":8,"minute":20}},"systemData":{"createdBy":"c6c4faba-2b22-44d9-80a4-71ff5b71f811","createdByType":"Application","createdAt":"2022-03-15T11:21:31.9463902Z","lastModifiedBy":"c6c4faba-2b22-44d9-80a4-71ff5b71f811","lastModifiedByType":"Application","lastModifiedAt":"2022-03-15T11:21:38.4776044Z"}}'
    headers:
      cache-control:
      - no-cache
      content-length:
      - '1086'
      content-type:
      - application/json; charset=utf-8
      date:
      - Tue, 15 Mar 2022 11:22:12 GMT
      etag:
      - W/"datetime'2022-03-15T11%3A21%3A39.8254316Z'"
      expires:
      - '-1'
      pragma:
      - no-cache
      server:
      - Microsoft-IIS/10.0
      strict-transport-security:
      - max-age=31536000; includeSubDomains
      transfer-encoding:
      - chunked
      vary:
      - Accept-Encoding
      x-content-type-options:
      - nosniff
      x-powered-by:
      - ASP.NET
    status:
      code: 200
      message: OK
version: 1
