interactions:
- request:
    body: '{"location": "southcentralus", "tags": {}, "properties": {"addressSpace":
      {"addressPrefixes": ["10.0.0.0/16"]}, "dhcpOptions": {}}}'
    headers:
      Accept:
      - application/json
      Accept-Encoding:
      - gzip, deflate
      CommandName:
      - network vnet create
      Connection:
      - keep-alive
      Content-Length:
      - '131'
      Content-Type:
      - application/json
      ParameterSetName:
      - -n --resource-group -l --address-prefix
      User-Agent:
      - AZURECLI/2.39.0 azsdk-python-azure-mgmt-network/20.0.0 Python/3.8.3 (Windows-10-10.0.19041-SP0)
    method: PUT
    uri: https://management.azure.com/subscriptions/00000000-0000-0000-0000-000000000000/resourceGroups/cli_netappfiles_test_volume_000001/providers/Microsoft.Network/virtualNetworks/cli-vnet-000006?api-version=2021-08-01
  response:
    body:
      string: "{\r\n  \"name\": \"cli-vnet-000006\",\r\n  \"id\": \"/subscriptions/00000000-0000-0000-0000-000000000000/resourceGroups/cli_netappfiles_test_volume_000001/providers/Microsoft.Network/virtualNetworks/cli-vnet-000006\",\r\n
        \ \"etag\": \"W/\\\"d18f4020-0aa1-4f47-b1de-0f11af92656b\\\"\",\r\n  \"type\":
        \"Microsoft.Network/virtualNetworks\",\r\n  \"location\": \"southcentralus\",\r\n
        \ \"tags\": {\r\n    \"CreatedOnDate\": \"2022-08-04T11:09:02.3083546Z\"\r\n
        \ },\r\n  \"properties\": {\r\n    \"provisioningState\": \"Updating\",\r\n
        \   \"resourceGuid\": \"76696ed1-ad95-42a9-9ade-56b4898bd0c6\",\r\n    \"addressSpace\":
        {\r\n      \"addressPrefixes\": [\r\n        \"10.0.0.0/16\"\r\n      ]\r\n
        \   },\r\n    \"dhcpOptions\": {\r\n      \"dnsServers\": []\r\n    },\r\n
        \   \"subnets\": [],\r\n    \"virtualNetworkPeerings\": [],\r\n    \"enableDdosProtection\":
        false\r\n  }\r\n}"
    headers:
      azure-asyncnotification:
      - Enabled
      azure-asyncoperation:
      - https://management.azure.com/subscriptions/00000000-0000-0000-0000-000000000000/providers/Microsoft.Network/locations/southcentralus/operations/455b0f60-f84b-4d1b-87c3-66dca2cd9a87?api-version=2021-08-01
      cache-control:
      - no-cache
      content-length:
      - '776'
      content-type:
      - application/json; charset=utf-8
      date:
      - Thu, 04 Aug 2022 11:09:10 GMT
      expires:
      - '-1'
      pragma:
      - no-cache
      server:
      - Microsoft-HTTPAPI/2.0
      - Microsoft-HTTPAPI/2.0
      strict-transport-security:
      - max-age=31536000; includeSubDomains
      x-content-type-options:
      - nosniff
      x-ms-arm-service-request-id:
      - 0c7ab52d-2900-4577-a7d6-8f5cbfc5943e
      x-ms-ratelimit-remaining-subscription-writes:
      - '1199'
    status:
      code: 201
      message: Created
- request:
    body: null
    headers:
      Accept:
      - '*/*'
      Accept-Encoding:
      - gzip, deflate
      CommandName:
      - network vnet create
      Connection:
      - keep-alive
      ParameterSetName:
      - -n --resource-group -l --address-prefix
      User-Agent:
      - AZURECLI/2.39.0 azsdk-python-azure-mgmt-network/20.0.0 Python/3.8.3 (Windows-10-10.0.19041-SP0)
    method: GET
    uri: https://management.azure.com/subscriptions/00000000-0000-0000-0000-000000000000/providers/Microsoft.Network/locations/southcentralus/operations/455b0f60-f84b-4d1b-87c3-66dca2cd9a87?api-version=2021-08-01
  response:
    body:
      string: "{\r\n  \"status\": \"Succeeded\"\r\n}"
    headers:
      cache-control:
      - no-cache
      content-length:
      - '29'
      content-type:
      - application/json; charset=utf-8
      date:
      - Thu, 04 Aug 2022 11:09:13 GMT
      expires:
      - '-1'
      pragma:
      - no-cache
      server:
      - Microsoft-HTTPAPI/2.0
      - Microsoft-HTTPAPI/2.0
      strict-transport-security:
      - max-age=31536000; includeSubDomains
      transfer-encoding:
      - chunked
      vary:
      - Accept-Encoding
      x-content-type-options:
      - nosniff
      x-ms-arm-service-request-id:
      - 46af5c6e-c291-4178-9e9f-2a4b0cbc1c80
    status:
      code: 200
      message: OK
- request:
    body: null
    headers:
      Accept:
      - '*/*'
      Accept-Encoding:
      - gzip, deflate
      CommandName:
      - network vnet create
      Connection:
      - keep-alive
      ParameterSetName:
      - -n --resource-group -l --address-prefix
      User-Agent:
      - AZURECLI/2.39.0 azsdk-python-azure-mgmt-network/20.0.0 Python/3.8.3 (Windows-10-10.0.19041-SP0)
    method: GET
    uri: https://management.azure.com/subscriptions/00000000-0000-0000-0000-000000000000/resourceGroups/cli_netappfiles_test_volume_000001/providers/Microsoft.Network/virtualNetworks/cli-vnet-000006?api-version=2021-08-01
  response:
    body:
      string: "{\r\n  \"name\": \"cli-vnet-000006\",\r\n  \"id\": \"/subscriptions/00000000-0000-0000-0000-000000000000/resourceGroups/cli_netappfiles_test_volume_000001/providers/Microsoft.Network/virtualNetworks/cli-vnet-000006\",\r\n
        \ \"etag\": \"W/\\\"9ffff299-0f30-4807-9cc6-7570864f3641\\\"\",\r\n  \"type\":
        \"Microsoft.Network/virtualNetworks\",\r\n  \"location\": \"southcentralus\",\r\n
        \ \"tags\": {\r\n    \"CreatedOnDate\": \"2022-08-04T11:09:02.3083546Z\"\r\n
        \ },\r\n  \"properties\": {\r\n    \"provisioningState\": \"Succeeded\",\r\n
        \   \"resourceGuid\": \"76696ed1-ad95-42a9-9ade-56b4898bd0c6\",\r\n    \"addressSpace\":
        {\r\n      \"addressPrefixes\": [\r\n        \"10.0.0.0/16\"\r\n      ]\r\n
        \   },\r\n    \"dhcpOptions\": {\r\n      \"dnsServers\": []\r\n    },\r\n
        \   \"subnets\": [],\r\n    \"virtualNetworkPeerings\": [],\r\n    \"enableDdosProtection\":
        false\r\n  }\r\n}"
    headers:
      cache-control:
      - no-cache
      content-length:
      - '777'
      content-type:
      - application/json; charset=utf-8
      date:
      - Thu, 04 Aug 2022 11:09:14 GMT
      etag:
      - W/"9ffff299-0f30-4807-9cc6-7570864f3641"
      expires:
      - '-1'
      pragma:
      - no-cache
      server:
      - Microsoft-HTTPAPI/2.0
      - Microsoft-HTTPAPI/2.0
      strict-transport-security:
      - max-age=31536000; includeSubDomains
      transfer-encoding:
      - chunked
      vary:
      - Accept-Encoding
      x-content-type-options:
      - nosniff
      x-ms-arm-service-request-id:
      - ce17f768-d650-42b5-abbd-9f34a1589db8
    status:
      code: 200
      message: OK
- request:
    body: null
    headers:
      Accept:
      - application/json
      Accept-Encoding:
      - gzip, deflate
      CommandName:
      - network vnet subnet create
      Connection:
      - keep-alive
      ParameterSetName:
      - -n -g --vnet-name --address-prefixes --delegations
      User-Agent:
      - AZURECLI/2.39.0 azsdk-python-azure-mgmt-network/20.0.0 Python/3.8.3 (Windows-10-10.0.19041-SP0)
    method: GET
    uri: https://management.azure.com/subscriptions/00000000-0000-0000-0000-000000000000/resourceGroups/cli_netappfiles_test_volume_000001/providers/Microsoft.Network/virtualNetworks/cli-vnet-000006?api-version=2021-08-01
  response:
    body:
      string: "{\r\n  \"name\": \"cli-vnet-000006\",\r\n  \"id\": \"/subscriptions/00000000-0000-0000-0000-000000000000/resourceGroups/cli_netappfiles_test_volume_000001/providers/Microsoft.Network/virtualNetworks/cli-vnet-000006\",\r\n
        \ \"etag\": \"W/\\\"9ffff299-0f30-4807-9cc6-7570864f3641\\\"\",\r\n  \"type\":
        \"Microsoft.Network/virtualNetworks\",\r\n  \"location\": \"southcentralus\",\r\n
        \ \"tags\": {\r\n    \"CreatedOnDate\": \"2022-08-04T11:09:02.3083546Z\"\r\n
        \ },\r\n  \"properties\": {\r\n    \"provisioningState\": \"Succeeded\",\r\n
        \   \"resourceGuid\": \"76696ed1-ad95-42a9-9ade-56b4898bd0c6\",\r\n    \"addressSpace\":
        {\r\n      \"addressPrefixes\": [\r\n        \"10.0.0.0/16\"\r\n      ]\r\n
        \   },\r\n    \"dhcpOptions\": {\r\n      \"dnsServers\": []\r\n    },\r\n
        \   \"subnets\": [],\r\n    \"virtualNetworkPeerings\": [],\r\n    \"enableDdosProtection\":
        false\r\n  }\r\n}"
    headers:
      cache-control:
      - no-cache
      content-length:
      - '777'
      content-type:
      - application/json; charset=utf-8
      date:
      - Thu, 04 Aug 2022 11:09:16 GMT
      etag:
      - W/"9ffff299-0f30-4807-9cc6-7570864f3641"
      expires:
      - '-1'
      pragma:
      - no-cache
      server:
      - Microsoft-HTTPAPI/2.0
      - Microsoft-HTTPAPI/2.0
      strict-transport-security:
      - max-age=31536000; includeSubDomains
      transfer-encoding:
      - chunked
      vary:
      - Accept-Encoding
      x-content-type-options:
      - nosniff
      x-ms-arm-service-request-id:
      - 64dbd32d-ca6c-40a5-a3dc-d095844a482d
    status:
      code: 200
      message: OK
- request:
    body: '{"id": "/subscriptions/00000000-0000-0000-0000-000000000000/resourceGroups/cli_netappfiles_test_volume_000001/providers/Microsoft.Network/virtualNetworks/cli-vnet-000006",
      "location": "southcentralus", "tags": {"CreatedOnDate": "2022-08-04T11:09:02.3083546Z"},
      "properties": {"addressSpace": {"addressPrefixes": ["10.0.0.0/16"]}, "dhcpOptions":
      {"dnsServers": []}, "subnets": [{"name": "cli-subnet-000007", "properties":
      {"addressPrefix": "10.0.0.0/24", "delegations": [{"name": "0", "properties":
      {"serviceName": "Microsoft.Netapp/volumes"}}], "privateEndpointNetworkPolicies":
      "Disabled", "privateLinkServiceNetworkPolicies": "Enabled"}}], "virtualNetworkPeerings":
      [], "enableDdosProtection": false}}'
    headers:
      Accept:
      - application/json
      Accept-Encoding:
      - gzip, deflate
      CommandName:
      - network vnet subnet create
      Connection:
      - keep-alive
      Content-Length:
      - '703'
      Content-Type:
      - application/json
      ParameterSetName:
      - -n -g --vnet-name --address-prefixes --delegations
      User-Agent:
      - AZURECLI/2.39.0 azsdk-python-azure-mgmt-network/20.0.0 Python/3.8.3 (Windows-10-10.0.19041-SP0)
    method: PUT
    uri: https://management.azure.com/subscriptions/00000000-0000-0000-0000-000000000000/resourceGroups/cli_netappfiles_test_volume_000001/providers/Microsoft.Network/virtualNetworks/cli-vnet-000006?api-version=2021-08-01
  response:
    body:
      string: "{\r\n  \"name\": \"cli-vnet-000006\",\r\n  \"id\": \"/subscriptions/00000000-0000-0000-0000-000000000000/resourceGroups/cli_netappfiles_test_volume_000001/providers/Microsoft.Network/virtualNetworks/cli-vnet-000006\",\r\n
        \ \"etag\": \"W/\\\"86bd18ea-9af6-4a3f-a845-0e850b765997\\\"\",\r\n  \"type\":
        \"Microsoft.Network/virtualNetworks\",\r\n  \"location\": \"southcentralus\",\r\n
        \ \"tags\": {\r\n    \"CreatedOnDate\": \"2022-08-04T11:09:02.3083546Z\"\r\n
        \ },\r\n  \"properties\": {\r\n    \"provisioningState\": \"Updating\",\r\n
        \   \"resourceGuid\": \"76696ed1-ad95-42a9-9ade-56b4898bd0c6\",\r\n    \"addressSpace\":
        {\r\n      \"addressPrefixes\": [\r\n        \"10.0.0.0/16\"\r\n      ]\r\n
        \   },\r\n    \"dhcpOptions\": {\r\n      \"dnsServers\": []\r\n    },\r\n
        \   \"subnets\": [\r\n      {\r\n        \"name\": \"cli-subnet-000007\",\r\n
        \       \"id\": \"/subscriptions/00000000-0000-0000-0000-000000000000/resourceGroups/cli_netappfiles_test_volume_000001/providers/Microsoft.Network/virtualNetworks/cli-vnet-000006/subnets/cli-subnet-000007\",\r\n
        \       \"etag\": \"W/\\\"86bd18ea-9af6-4a3f-a845-0e850b765997\\\"\",\r\n
        \       \"properties\": {\r\n          \"provisioningState\": \"Updating\",\r\n
        \         \"addressPrefix\": \"10.0.0.0/24\",\r\n          \"delegations\":
        [\r\n            {\r\n              \"name\": \"0\",\r\n              \"id\":
        \"/subscriptions/00000000-0000-0000-0000-000000000000/resourceGroups/cli_netappfiles_test_volume_000001/providers/Microsoft.Network/virtualNetworks/cli-vnet-000006/subnets/cli-subnet-000007/delegations/0\",\r\n
        \             \"etag\": \"W/\\\"86bd18ea-9af6-4a3f-a845-0e850b765997\\\"\",\r\n
        \             \"properties\": {\r\n                \"provisioningState\":
        \"Succeeded\",\r\n                \"serviceName\": \"Microsoft.Netapp/volumes\",\r\n
        \               \"actions\": [\r\n                  \"Microsoft.Network/networkinterfaces/*\",\r\n
        \                 \"Microsoft.Network/virtualNetworks/subnets/join/action\"\r\n
        \               ]\r\n              },\r\n              \"type\": \"Microsoft.Network/virtualNetworks/subnets/delegations\"\r\n
        \           }\r\n          ],\r\n          \"purpose\": \"HostedWorkloads\",\r\n
        \         \"privateEndpointNetworkPolicies\": \"Disabled\",\r\n          \"privateLinkServiceNetworkPolicies\":
        \"Enabled\"\r\n        },\r\n        \"type\": \"Microsoft.Network/virtualNetworks/subnets\"\r\n
        \     }\r\n    ],\r\n    \"virtualNetworkPeerings\": [],\r\n    \"enableDdosProtection\":
        false\r\n  }\r\n}"
    headers:
      azure-asyncnotification:
      - Enabled
      azure-asyncoperation:
      - https://management.azure.com/subscriptions/00000000-0000-0000-0000-000000000000/providers/Microsoft.Network/locations/southcentralus/operations/323b8424-c499-40a4-87cb-0511ae15750e?api-version=2021-08-01
      cache-control:
      - no-cache
      content-length:
      - '2266'
      content-type:
      - application/json; charset=utf-8
      date:
      - Thu, 04 Aug 2022 11:09:19 GMT
      expires:
      - '-1'
      pragma:
      - no-cache
      server:
      - Microsoft-HTTPAPI/2.0
      - Microsoft-HTTPAPI/2.0
      strict-transport-security:
      - max-age=31536000; includeSubDomains
      transfer-encoding:
      - chunked
      vary:
      - Accept-Encoding
      x-content-type-options:
      - nosniff
      x-ms-arm-service-request-id:
      - daaa360b-4dc3-4dbe-9998-82a5ec1d4a6e
      x-ms-ratelimit-remaining-subscription-writes:
      - '1199'
    status:
      code: 200
      message: OK
- request:
    body: null
    headers:
      Accept:
      - '*/*'
      Accept-Encoding:
      - gzip, deflate
      CommandName:
      - network vnet subnet create
      Connection:
      - keep-alive
      ParameterSetName:
      - -n -g --vnet-name --address-prefixes --delegations
      User-Agent:
      - AZURECLI/2.39.0 azsdk-python-azure-mgmt-network/20.0.0 Python/3.8.3 (Windows-10-10.0.19041-SP0)
    method: GET
    uri: https://management.azure.com/subscriptions/00000000-0000-0000-0000-000000000000/providers/Microsoft.Network/locations/southcentralus/operations/323b8424-c499-40a4-87cb-0511ae15750e?api-version=2021-08-01
  response:
    body:
      string: "{\r\n  \"status\": \"Succeeded\"\r\n}"
    headers:
      cache-control:
      - no-cache
      content-length:
      - '29'
      content-type:
      - application/json; charset=utf-8
      date:
      - Thu, 04 Aug 2022 11:09:22 GMT
      expires:
      - '-1'
      pragma:
      - no-cache
      server:
      - Microsoft-HTTPAPI/2.0
      - Microsoft-HTTPAPI/2.0
      strict-transport-security:
      - max-age=31536000; includeSubDomains
      transfer-encoding:
      - chunked
      vary:
      - Accept-Encoding
      x-content-type-options:
      - nosniff
      x-ms-arm-service-request-id:
      - 6070078d-81be-4e1e-8dac-ba1ccee4f85a
    status:
      code: 200
      message: OK
- request:
    body: null
    headers:
      Accept:
      - '*/*'
      Accept-Encoding:
      - gzip, deflate
      CommandName:
      - network vnet subnet create
      Connection:
      - keep-alive
      ParameterSetName:
      - -n -g --vnet-name --address-prefixes --delegations
      User-Agent:
      - AZURECLI/2.39.0 azsdk-python-azure-mgmt-network/20.0.0 Python/3.8.3 (Windows-10-10.0.19041-SP0)
    method: GET
    uri: https://management.azure.com/subscriptions/00000000-0000-0000-0000-000000000000/resourceGroups/cli_netappfiles_test_volume_000001/providers/Microsoft.Network/virtualNetworks/cli-vnet-000006?api-version=2021-08-01
  response:
    body:
      string: "{\r\n  \"name\": \"cli-vnet-000006\",\r\n  \"id\": \"/subscriptions/00000000-0000-0000-0000-000000000000/resourceGroups/cli_netappfiles_test_volume_000001/providers/Microsoft.Network/virtualNetworks/cli-vnet-000006\",\r\n
        \ \"etag\": \"W/\\\"71606ef6-421e-4fce-a361-45fdfea2aed2\\\"\",\r\n  \"type\":
        \"Microsoft.Network/virtualNetworks\",\r\n  \"location\": \"southcentralus\",\r\n
        \ \"tags\": {\r\n    \"CreatedOnDate\": \"2022-08-04T11:09:02.3083546Z\"\r\n
        \ },\r\n  \"properties\": {\r\n    \"provisioningState\": \"Succeeded\",\r\n
        \   \"resourceGuid\": \"76696ed1-ad95-42a9-9ade-56b4898bd0c6\",\r\n    \"addressSpace\":
        {\r\n      \"addressPrefixes\": [\r\n        \"10.0.0.0/16\"\r\n      ]\r\n
        \   },\r\n    \"dhcpOptions\": {\r\n      \"dnsServers\": []\r\n    },\r\n
        \   \"subnets\": [\r\n      {\r\n        \"name\": \"cli-subnet-000007\",\r\n
        \       \"id\": \"/subscriptions/00000000-0000-0000-0000-000000000000/resourceGroups/cli_netappfiles_test_volume_000001/providers/Microsoft.Network/virtualNetworks/cli-vnet-000006/subnets/cli-subnet-000007\",\r\n
        \       \"etag\": \"W/\\\"71606ef6-421e-4fce-a361-45fdfea2aed2\\\"\",\r\n
        \       \"properties\": {\r\n          \"provisioningState\": \"Succeeded\",\r\n
        \         \"addressPrefix\": \"10.0.0.0/24\",\r\n          \"delegations\":
        [\r\n            {\r\n              \"name\": \"0\",\r\n              \"id\":
        \"/subscriptions/00000000-0000-0000-0000-000000000000/resourceGroups/cli_netappfiles_test_volume_000001/providers/Microsoft.Network/virtualNetworks/cli-vnet-000006/subnets/cli-subnet-000007/delegations/0\",\r\n
        \             \"etag\": \"W/\\\"71606ef6-421e-4fce-a361-45fdfea2aed2\\\"\",\r\n
        \             \"properties\": {\r\n                \"provisioningState\":
        \"Succeeded\",\r\n                \"serviceName\": \"Microsoft.Netapp/volumes\",\r\n
        \               \"actions\": [\r\n                  \"Microsoft.Network/networkinterfaces/*\",\r\n
        \                 \"Microsoft.Network/virtualNetworks/subnets/join/action\"\r\n
        \               ]\r\n              },\r\n              \"type\": \"Microsoft.Network/virtualNetworks/subnets/delegations\"\r\n
        \           }\r\n          ],\r\n          \"purpose\": \"HostedWorkloads\",\r\n
        \         \"privateEndpointNetworkPolicies\": \"Disabled\",\r\n          \"privateLinkServiceNetworkPolicies\":
        \"Enabled\"\r\n        },\r\n        \"type\": \"Microsoft.Network/virtualNetworks/subnets\"\r\n
        \     }\r\n    ],\r\n    \"virtualNetworkPeerings\": [],\r\n    \"enableDdosProtection\":
        false\r\n  }\r\n}"
    headers:
      cache-control:
      - no-cache
      content-length:
      - '2268'
      content-type:
      - application/json; charset=utf-8
      date:
      - Thu, 04 Aug 2022 11:09:24 GMT
      etag:
      - W/"71606ef6-421e-4fce-a361-45fdfea2aed2"
      expires:
      - '-1'
      pragma:
      - no-cache
      server:
      - Microsoft-HTTPAPI/2.0
      - Microsoft-HTTPAPI/2.0
      strict-transport-security:
      - max-age=31536000; includeSubDomains
      transfer-encoding:
      - chunked
      vary:
      - Accept-Encoding
      x-content-type-options:
      - nosniff
      x-ms-arm-service-request-id:
      - 03a2643a-3faa-4d86-8e3e-93be3b46a7d3
    status:
      code: 200
      message: OK
- request:
    body: '{"location": "southcentralusstage"}'
    headers:
      Accept:
      - application/json
      Accept-Encoding:
      - gzip, deflate
      CommandName:
      - netappfiles account create
      Connection:
      - keep-alive
      Content-Length:
      - '35'
      Content-Type:
      - application/json
      ParameterSetName:
      - -g -a -l
      User-Agent:
      - AZURECLI/2.39.0 azsdk-python-mgmt-netapp/8.1.0 Python/3.8.3 (Windows-10-10.0.19041-SP0)
    method: PUT
    uri: https://management.azure.com/subscriptions/00000000-0000-0000-0000-000000000000/resourceGroups/cli_netappfiles_test_volume_000001/providers/Microsoft.NetApp/netAppAccounts/cli-acc-000002?api-version=2022-03-01
  response:
    body:
      string: '{"id":"/subscriptions/00000000-0000-0000-0000-000000000000/resourceGroups/cli_netappfiles_test_volume_000001/providers/Microsoft.NetApp/netAppAccounts/cli-acc-000002","name":"cli-acc-000002","type":"Microsoft.NetApp/netAppAccounts","etag":"W/\"datetime''2022-08-04T11%3A09%3A31.9617697Z''\"","location":"southcentralusstage","tags":{"CreatedOnDate":"2022-08-04T11:09:26.8926387Z"},"properties":{"provisioningState":"Creating"},"systemData":{"createdBy":"c6c4faba-2b22-44d9-80a4-71ff5b71f811","createdByType":"Application","createdAt":"2022-08-04T11:09:31.194551Z","lastModifiedBy":"c6c4faba-2b22-44d9-80a4-71ff5b71f811","lastModifiedByType":"Application","lastModifiedAt":"2022-08-04T11:09:31.194551Z"}}'
    headers:
      azure-asyncoperation:
      - https://management.azure.com/subscriptions/00000000-0000-0000-0000-000000000000/providers/Microsoft.NetApp/locations/southcentralusstage/operationResults/ccd6b8f8-a52a-4fbe-927d-9eb957821d55?api-version=2022-03-01
      cache-control:
      - no-cache
      content-length:
      - '701'
      content-type:
      - application/json; charset=utf-8
      date:
      - Thu, 04 Aug 2022 11:09:33 GMT
      etag:
      - W/"datetime'2022-08-04T11%3A09%3A31.9617697Z'"
      expires:
      - '-1'
      pragma:
      - no-cache
      server:
      - Microsoft-IIS/10.0
      strict-transport-security:
      - max-age=31536000; includeSubDomains
      x-content-type-options:
      - nosniff
      x-ms-ratelimit-remaining-subscription-writes:
      - '1199'
      x-powered-by:
      - ASP.NET
    status:
      code: 201
      message: Created
- request:
    body: null
    headers:
      Accept:
      - '*/*'
      Accept-Encoding:
      - gzip, deflate
      CommandName:
      - netappfiles account create
      Connection:
      - keep-alive
      ParameterSetName:
      - -g -a -l
      User-Agent:
      - AZURECLI/2.39.0 azsdk-python-mgmt-netapp/8.1.0 Python/3.8.3 (Windows-10-10.0.19041-SP0)
    method: GET
    uri: https://management.azure.com/subscriptions/00000000-0000-0000-0000-000000000000/providers/Microsoft.NetApp/locations/southcentralusstage/operationResults/ccd6b8f8-a52a-4fbe-927d-9eb957821d55?api-version=2022-03-01
  response:
    body:
      string: '{"id":"/subscriptions/00000000-0000-0000-0000-000000000000/providers/Microsoft.NetApp/locations/southcentralusstage/operationResults/ccd6b8f8-a52a-4fbe-927d-9eb957821d55","name":"ccd6b8f8-a52a-4fbe-927d-9eb957821d55","status":"Succeeded","startTime":"2022-08-04T11:09:31.9678524Z","endTime":"2022-08-04T11:09:31.9977304Z","percentComplete":100.0,"properties":{"resourceName":"/subscriptions/00000000-0000-0000-0000-000000000000/resourceGroups/cli_netappfiles_test_volume_000001/providers/Microsoft.NetApp/netAppAccounts/cli-acc-000002","action":"CREATE"}}'
    headers:
      cache-control:
      - no-cache
      content-length:
      - '555'
      content-type:
      - application/json; charset=utf-8
      date:
      - Thu, 04 Aug 2022 11:10:13 GMT
      expires:
      - '-1'
      pragma:
      - no-cache
      server:
      - Microsoft-IIS/10.0
      strict-transport-security:
      - max-age=31536000; includeSubDomains
      transfer-encoding:
      - chunked
      vary:
      - Accept-Encoding
      x-content-type-options:
      - nosniff
      x-powered-by:
      - ASP.NET
    status:
      code: 200
      message: OK
- request:
    body: null
    headers:
      Accept:
      - '*/*'
      Accept-Encoding:
      - gzip, deflate
      CommandName:
      - netappfiles account create
      Connection:
      - keep-alive
      ParameterSetName:
      - -g -a -l
      User-Agent:
      - AZURECLI/2.39.0 azsdk-python-mgmt-netapp/8.1.0 Python/3.8.3 (Windows-10-10.0.19041-SP0)
    method: GET
    uri: https://management.azure.com/subscriptions/00000000-0000-0000-0000-000000000000/resourceGroups/cli_netappfiles_test_volume_000001/providers/Microsoft.NetApp/netAppAccounts/cli-acc-000002?api-version=2022-03-01
  response:
    body:
      string: '{"id":"/subscriptions/00000000-0000-0000-0000-000000000000/resourceGroups/cli_netappfiles_test_volume_000001/providers/Microsoft.NetApp/netAppAccounts/cli-acc-000002","name":"cli-acc-000002","type":"Microsoft.NetApp/netAppAccounts","etag":"W/\"datetime''2022-08-04T11%3A09%3A31.9927828Z''\"","location":"southcentralusstage","tags":{"CreatedOnDate":"2022-08-04T11:09:26.8926387Z"},"properties":{"encryption":{"keySource":"Microsoft.NetApp"},"provisioningState":"Succeeded"},"systemData":{"createdBy":"c6c4faba-2b22-44d9-80a4-71ff5b71f811","createdByType":"Application","createdAt":"2022-08-04T11:09:31.194551Z","lastModifiedBy":"c6c4faba-2b22-44d9-80a4-71ff5b71f811","lastModifiedByType":"Application","lastModifiedAt":"2022-08-04T11:09:31.194551Z"}}'
    headers:
      cache-control:
      - no-cache
      content-length:
      - '748'
      content-type:
      - application/json; charset=utf-8
      date:
      - Thu, 04 Aug 2022 11:10:14 GMT
      etag:
      - W/"datetime'2022-08-04T11%3A09%3A31.9927828Z'"
      expires:
      - '-1'
      pragma:
      - no-cache
      server:
      - Microsoft-IIS/10.0
      strict-transport-security:
      - max-age=31536000; includeSubDomains
      transfer-encoding:
      - chunked
      vary:
      - Accept-Encoding
      x-content-type-options:
      - nosniff
      x-powered-by:
      - ASP.NET
    status:
      code: 200
      message: OK
- request:
    body: '{"location": "southcentralusstage", "properties": {"size": 4398046511104,
      "serviceLevel": "Premium"}}'
    headers:
      Accept:
      - application/json
      Accept-Encoding:
      - gzip, deflate
      CommandName:
      - netappfiles pool create
      Connection:
      - keep-alive
      Content-Length:
      - '101'
      Content-Type:
      - application/json
      ParameterSetName:
      - -g -a -p -l --service-level --size
      User-Agent:
      - AZURECLI/2.39.0 azsdk-python-mgmt-netapp/8.1.0 Python/3.8.3 (Windows-10-10.0.19041-SP0)
    method: PUT
    uri: https://management.azure.com/subscriptions/00000000-0000-0000-0000-000000000000/resourceGroups/cli_netappfiles_test_volume_000001/providers/Microsoft.NetApp/netAppAccounts/cli-acc-000002/capacityPools/cli-pool-000003?api-version=2022-03-01
  response:
    body:
      string: '{"id":"/subscriptions/00000000-0000-0000-0000-000000000000/resourceGroups/cli_netappfiles_test_volume_000001/providers/Microsoft.NetApp/netAppAccounts/cli-acc-000002/capacityPools/cli-pool-000003","name":"cli-acc-000002/cli-pool-000003","type":"Microsoft.NetApp/netAppAccounts/capacityPools","etag":"W/\"datetime''2022-08-04T11%3A10%3A24.6729594Z''\"","location":"southcentralusstage","tags":{"CreatedOnDate":"2022-08-04T11:10:19.2802577Z"},"properties":{"serviceLevel":"Premium","size":4398046511104,"totalThroughputMibps":0.0,"utilizedThroughputMibps":0.0,"provisioningState":"Creating"},"systemData":{"createdBy":"c6c4faba-2b22-44d9-80a4-71ff5b71f811","createdByType":"Application","createdAt":"2022-08-04T11:10:23.8644168Z","lastModifiedBy":"c6c4faba-2b22-44d9-80a4-71ff5b71f811","lastModifiedByType":"Application","lastModifiedAt":"2022-08-04T11:10:23.8644168Z"}}'
    headers:
      azure-asyncoperation:
      - https://management.azure.com/subscriptions/00000000-0000-0000-0000-000000000000/providers/Microsoft.NetApp/locations/southcentralusstage/operationResults/2231db84-edc0-46dc-a830-8443688b6af7?api-version=2022-03-01
      cache-control:
      - no-cache
      content-length:
      - '866'
      content-type:
      - application/json; charset=utf-8
      date:
      - Thu, 04 Aug 2022 11:10:26 GMT
      etag:
      - W/"datetime'2022-08-04T11%3A10%3A24.6729594Z'"
      expires:
      - '-1'
      pragma:
      - no-cache
      server:
      - Microsoft-IIS/10.0
      strict-transport-security:
      - max-age=31536000; includeSubDomains
      x-content-type-options:
      - nosniff
      x-ms-ratelimit-remaining-subscription-writes:
      - '1199'
      x-powered-by:
      - ASP.NET
    status:
      code: 201
      message: Created
- request:
    body: null
    headers:
      Accept:
      - '*/*'
      Accept-Encoding:
      - gzip, deflate
      CommandName:
      - netappfiles pool create
      Connection:
      - keep-alive
      ParameterSetName:
      - -g -a -p -l --service-level --size
      User-Agent:
      - AZURECLI/2.39.0 azsdk-python-mgmt-netapp/8.1.0 Python/3.8.3 (Windows-10-10.0.19041-SP0)
    method: GET
    uri: https://management.azure.com/subscriptions/00000000-0000-0000-0000-000000000000/providers/Microsoft.NetApp/locations/southcentralusstage/operationResults/2231db84-edc0-46dc-a830-8443688b6af7?api-version=2022-03-01
  response:
    body:
      string: '{"id":"/subscriptions/00000000-0000-0000-0000-000000000000/providers/Microsoft.NetApp/locations/southcentralusstage/operationResults/2231db84-edc0-46dc-a830-8443688b6af7","name":"2231db84-edc0-46dc-a830-8443688b6af7","status":"Succeeded","startTime":"2022-08-04T11:10:24.6775804Z","endTime":"2022-08-04T11:10:25.3934477Z","percentComplete":100.0,"properties":{"resourceName":"/subscriptions/00000000-0000-0000-0000-000000000000/resourceGroups/cli_netappfiles_test_volume_000001/providers/Microsoft.NetApp/netAppAccounts/cli-acc-000002/capacityPools/cli-pool-000003","action":"CREATE"}}'
    headers:
      cache-control:
      - no-cache
      content-length:
      - '585'
      content-type:
      - application/json; charset=utf-8
      date:
      - Thu, 04 Aug 2022 11:10:55 GMT
      expires:
      - '-1'
      pragma:
      - no-cache
      server:
      - Microsoft-IIS/10.0
      strict-transport-security:
      - max-age=31536000; includeSubDomains
      transfer-encoding:
      - chunked
      vary:
      - Accept-Encoding
      x-content-type-options:
      - nosniff
      x-powered-by:
      - ASP.NET
    status:
      code: 200
      message: OK
- request:
    body: null
    headers:
      Accept:
      - '*/*'
      Accept-Encoding:
      - gzip, deflate
      CommandName:
      - netappfiles pool create
      Connection:
      - keep-alive
      ParameterSetName:
      - -g -a -p -l --service-level --size
      User-Agent:
      - AZURECLI/2.39.0 azsdk-python-mgmt-netapp/8.1.0 Python/3.8.3 (Windows-10-10.0.19041-SP0)
    method: GET
    uri: https://management.azure.com/subscriptions/00000000-0000-0000-0000-000000000000/resourceGroups/cli_netappfiles_test_volume_000001/providers/Microsoft.NetApp/netAppAccounts/cli-acc-000002/capacityPools/cli-pool-000003?api-version=2022-03-01
  response:
    body:
      string: '{"id":"/subscriptions/00000000-0000-0000-0000-000000000000/resourceGroups/cli_netappfiles_test_volume_000001/providers/Microsoft.NetApp/netAppAccounts/cli-acc-000002/capacityPools/cli-pool-000003","name":"cli-acc-000002/cli-pool-000003","type":"Microsoft.NetApp/netAppAccounts/capacityPools","etag":"W/\"datetime''2022-08-04T11%3A10%3A25.3858006Z''\"","location":"southcentralusstage","tags":{"CreatedOnDate":"2022-08-04T11:10:19.2802577Z"},"properties":{"poolId":"f392919f-a7ea-4e9a-22b8-751e76a66807","serviceLevel":"Premium","size":4398046511104,"qosType":"Auto","totalThroughputMibps":256.0,"utilizedThroughputMibps":0.0,"encryptionType":"Single","coolAccess":false,"provisioningState":"Succeeded"},"systemData":{"createdBy":"c6c4faba-2b22-44d9-80a4-71ff5b71f811","createdByType":"Application","createdAt":"2022-08-04T11:10:23.8644168Z","lastModifiedBy":"c6c4faba-2b22-44d9-80a4-71ff5b71f811","lastModifiedByType":"Application","lastModifiedAt":"2022-08-04T11:10:23.8644168Z"}}'
    headers:
      cache-control:
      - no-cache
      content-length:
      - '979'
      content-type:
      - application/json; charset=utf-8
      date:
      - Thu, 04 Aug 2022 11:10:56 GMT
      etag:
      - W/"datetime'2022-08-04T11%3A10%3A25.3858006Z'"
      expires:
      - '-1'
      pragma:
      - no-cache
      server:
      - Microsoft-IIS/10.0
      strict-transport-security:
      - max-age=31536000; includeSubDomains
      transfer-encoding:
      - chunked
      vary:
      - Accept-Encoding
      x-content-type-options:
      - nosniff
      x-powered-by:
      - ASP.NET
    status:
      code: 200
      message: OK
- request:
    body: '{"location": "southcentralusstage", "properties": {"creationToken": "cli-vol-000004",
      "serviceLevel": "Premium", "usageThreshold": 107374182400, "subnetId": "/subscriptions/00000000-0000-0000-0000-000000000000/resourceGroups/cli_netappfiles_test_volume_000001/providers/Microsoft.Network/virtualNetworks/cli-vnet-000006/subnets/cli-subnet-000007"}}'
    headers:
      Accept:
      - application/json
      Accept-Encoding:
      - gzip, deflate
      CommandName:
      - netappfiles volume create
      Connection:
      - keep-alive
      Content-Length:
      - '348'
      Content-Type:
      - application/json
      ParameterSetName:
      - --resource-group --account-name --pool-name --volume-name -l --service-level
        --usage-threshold --file-path --vnet --subnet --rule-index --allowed-clients
      User-Agent:
      - AZURECLI/2.39.0 azsdk-python-mgmt-netapp/8.1.0 Python/3.8.3 (Windows-10-10.0.19041-SP0)
    method: PUT
    uri: https://management.azure.com/subscriptions/00000000-0000-0000-0000-000000000000/resourceGroups/cli_netappfiles_test_volume_000001/providers/Microsoft.NetApp/netAppAccounts/cli-acc-000002/capacityPools/cli-pool-000003/volumes/cli-vol-000004?api-version=2022-03-01
  response:
    body:
      string: '{"id":"/subscriptions/00000000-0000-0000-0000-000000000000/resourceGroups/cli_netappfiles_test_volume_000001/providers/Microsoft.NetApp/netAppAccounts/cli-acc-000002/capacityPools/cli-pool-000003/volumes/cli-vol-000004","name":"cli-acc-000002/cli-pool-000003/cli-vol-000004","type":"Microsoft.NetApp/netAppAccounts/capacityPools/volumes","etag":"W/\"datetime''2022-08-04T11%3A11%3A10.6037967Z''\"","location":"southcentralusstage","tags":{"CreatedOnDate":"2022-08-04T11:11:00.5287064Z"},"properties":{"serviceLevel":"Premium","creationToken":"cli-vol-000004","usageThreshold":107374182400,"subnetId":"/subscriptions/00000000-0000-0000-0000-000000000000/resourceGroups/cli_netappfiles_test_volume_000001/providers/Microsoft.Network/virtualNetworks/cli-vnet-000006/subnets/cli-subnet-000007","maximumNumberOfFiles":100000000,"provisioningState":"Creating"},"systemData":{"createdBy":"c6c4faba-2b22-44d9-80a4-71ff5b71f811","createdByType":"Application","createdAt":"2022-08-04T11:11:04.3166647Z","lastModifiedBy":"c6c4faba-2b22-44d9-80a4-71ff5b71f811","lastModifiedByType":"Application","lastModifiedAt":"2022-08-04T11:11:04.3166647Z"}}'
    headers:
      azure-asyncoperation:
      - https://management.azure.com/subscriptions/00000000-0000-0000-0000-000000000000/providers/Microsoft.NetApp/locations/southcentralusstage/operationResults/c3cebc3f-22ea-4c72-8c1b-080c4cdeef27?api-version=2022-03-01
      cache-control:
      - no-cache
      content-length:
      - '1131'
      content-type:
      - application/json; charset=utf-8
      date:
      - Thu, 04 Aug 2022 11:11:11 GMT
      etag:
      - W/"datetime'2022-08-04T11%3A11%3A10.6037967Z'"
      expires:
      - '-1'
      pragma:
      - no-cache
      server:
      - Microsoft-IIS/10.0
      strict-transport-security:
      - max-age=31536000; includeSubDomains
      x-content-type-options:
      - nosniff
      x-ms-ratelimit-remaining-subscription-writes:
      - '1199'
      x-powered-by:
      - ASP.NET
    status:
      code: 201
      message: Created
- request:
    body: null
    headers:
      Accept:
      - '*/*'
      Accept-Encoding:
      - gzip, deflate
      CommandName:
      - netappfiles volume create
      Connection:
      - keep-alive
      ParameterSetName:
      - --resource-group --account-name --pool-name --volume-name -l --service-level
        --usage-threshold --file-path --vnet --subnet --rule-index --allowed-clients
      User-Agent:
      - AZURECLI/2.39.0 azsdk-python-mgmt-netapp/8.1.0 Python/3.8.3 (Windows-10-10.0.19041-SP0)
    method: GET
    uri: https://management.azure.com/subscriptions/00000000-0000-0000-0000-000000000000/providers/Microsoft.NetApp/locations/southcentralusstage/operationResults/c3cebc3f-22ea-4c72-8c1b-080c4cdeef27?api-version=2022-03-01
  response:
    body:
      string: '{"id":"/subscriptions/00000000-0000-0000-0000-000000000000/providers/Microsoft.NetApp/locations/southcentralusstage/operationResults/c3cebc3f-22ea-4c72-8c1b-080c4cdeef27","name":"c3cebc3f-22ea-4c72-8c1b-080c4cdeef27","status":"Creating","startTime":"2022-08-04T11:11:10.6099012Z","endTime":"0001-01-01T00:00:00Z","percentComplete":0.0,"properties":{"resourceName":"/subscriptions/00000000-0000-0000-0000-000000000000/resourceGroups/cli_netappfiles_test_volume_000001/providers/Microsoft.NetApp/netAppAccounts/cli-acc-000002/capacityPools/cli-pool-000003/volumes/cli-vol-000004","action":"CREATE"}}'
    headers:
      cache-control:
      - no-cache
      content-length:
      - '597'
      content-type:
      - application/json; charset=utf-8
      date:
      - Thu, 04 Aug 2022 11:11:41 GMT
      expires:
      - '-1'
      pragma:
      - no-cache
      server:
      - Microsoft-IIS/10.0
      strict-transport-security:
      - max-age=31536000; includeSubDomains
      transfer-encoding:
      - chunked
      vary:
      - Accept-Encoding
      x-content-type-options:
      - nosniff
      x-powered-by:
      - ASP.NET
    status:
      code: 200
      message: OK
- request:
    body: null
    headers:
      Accept:
      - '*/*'
      Accept-Encoding:
      - gzip, deflate
      CommandName:
      - netappfiles volume create
      Connection:
      - keep-alive
      ParameterSetName:
      - --resource-group --account-name --pool-name --volume-name -l --service-level
        --usage-threshold --file-path --vnet --subnet --rule-index --allowed-clients
      User-Agent:
      - AZURECLI/2.39.0 azsdk-python-mgmt-netapp/8.1.0 Python/3.8.3 (Windows-10-10.0.19041-SP0)
    method: GET
    uri: https://management.azure.com/subscriptions/00000000-0000-0000-0000-000000000000/providers/Microsoft.NetApp/locations/southcentralusstage/operationResults/c3cebc3f-22ea-4c72-8c1b-080c4cdeef27?api-version=2022-03-01
  response:
    body:
      string: '{"id":"/subscriptions/00000000-0000-0000-0000-000000000000/providers/Microsoft.NetApp/locations/southcentralusstage/operationResults/c3cebc3f-22ea-4c72-8c1b-080c4cdeef27","name":"c3cebc3f-22ea-4c72-8c1b-080c4cdeef27","status":"Creating","startTime":"2022-08-04T11:11:10.6099012Z","endTime":"0001-01-01T00:00:00Z","percentComplete":0.0,"properties":{"resourceName":"/subscriptions/00000000-0000-0000-0000-000000000000/resourceGroups/cli_netappfiles_test_volume_000001/providers/Microsoft.NetApp/netAppAccounts/cli-acc-000002/capacityPools/cli-pool-000003/volumes/cli-vol-000004","action":"CREATE"}}'
    headers:
      cache-control:
      - no-cache
      content-length:
      - '597'
      content-type:
      - application/json; charset=utf-8
      date:
      - Thu, 04 Aug 2022 11:12:12 GMT
      expires:
      - '-1'
      pragma:
      - no-cache
      server:
      - Microsoft-IIS/10.0
      strict-transport-security:
      - max-age=31536000; includeSubDomains
      transfer-encoding:
      - chunked
      vary:
      - Accept-Encoding
      x-content-type-options:
      - nosniff
      x-powered-by:
      - ASP.NET
    status:
      code: 200
      message: OK
- request:
    body: null
    headers:
      Accept:
      - '*/*'
      Accept-Encoding:
      - gzip, deflate
      CommandName:
      - netappfiles volume create
      Connection:
      - keep-alive
      ParameterSetName:
      - --resource-group --account-name --pool-name --volume-name -l --service-level
        --usage-threshold --file-path --vnet --subnet --rule-index --allowed-clients
      User-Agent:
      - AZURECLI/2.39.0 azsdk-python-mgmt-netapp/8.1.0 Python/3.8.3 (Windows-10-10.0.19041-SP0)
    method: GET
    uri: https://management.azure.com/subscriptions/00000000-0000-0000-0000-000000000000/providers/Microsoft.NetApp/locations/southcentralusstage/operationResults/c3cebc3f-22ea-4c72-8c1b-080c4cdeef27?api-version=2022-03-01
  response:
    body:
      string: '{"id":"/subscriptions/00000000-0000-0000-0000-000000000000/providers/Microsoft.NetApp/locations/southcentralusstage/operationResults/c3cebc3f-22ea-4c72-8c1b-080c4cdeef27","name":"c3cebc3f-22ea-4c72-8c1b-080c4cdeef27","status":"Creating","startTime":"2022-08-04T11:11:10.6099012Z","endTime":"0001-01-01T00:00:00Z","percentComplete":0.0,"properties":{"resourceName":"/subscriptions/00000000-0000-0000-0000-000000000000/resourceGroups/cli_netappfiles_test_volume_000001/providers/Microsoft.NetApp/netAppAccounts/cli-acc-000002/capacityPools/cli-pool-000003/volumes/cli-vol-000004","action":"CREATE"}}'
    headers:
      cache-control:
      - no-cache
      content-length:
      - '597'
      content-type:
      - application/json; charset=utf-8
      date:
      - Thu, 04 Aug 2022 11:12:42 GMT
      expires:
      - '-1'
      pragma:
      - no-cache
      server:
      - Microsoft-IIS/10.0
      strict-transport-security:
      - max-age=31536000; includeSubDomains
      transfer-encoding:
      - chunked
      vary:
      - Accept-Encoding
      x-content-type-options:
      - nosniff
      x-powered-by:
      - ASP.NET
    status:
      code: 200
      message: OK
- request:
    body: null
    headers:
      Accept:
      - '*/*'
      Accept-Encoding:
      - gzip, deflate
      CommandName:
      - netappfiles volume create
      Connection:
      - keep-alive
      ParameterSetName:
      - --resource-group --account-name --pool-name --volume-name -l --service-level
        --usage-threshold --file-path --vnet --subnet --rule-index --allowed-clients
      User-Agent:
      - AZURECLI/2.39.0 azsdk-python-mgmt-netapp/8.1.0 Python/3.8.3 (Windows-10-10.0.19041-SP0)
    method: GET
    uri: https://management.azure.com/subscriptions/00000000-0000-0000-0000-000000000000/providers/Microsoft.NetApp/locations/southcentralusstage/operationResults/c3cebc3f-22ea-4c72-8c1b-080c4cdeef27?api-version=2022-03-01
  response:
    body:
      string: '{"id":"/subscriptions/00000000-0000-0000-0000-000000000000/providers/Microsoft.NetApp/locations/southcentralusstage/operationResults/c3cebc3f-22ea-4c72-8c1b-080c4cdeef27","name":"c3cebc3f-22ea-4c72-8c1b-080c4cdeef27","status":"Creating","startTime":"2022-08-04T11:11:10.6099012Z","endTime":"0001-01-01T00:00:00Z","percentComplete":0.0,"properties":{"resourceName":"/subscriptions/00000000-0000-0000-0000-000000000000/resourceGroups/cli_netappfiles_test_volume_000001/providers/Microsoft.NetApp/netAppAccounts/cli-acc-000002/capacityPools/cli-pool-000003/volumes/cli-vol-000004","action":"CREATE"}}'
    headers:
      cache-control:
      - no-cache
      content-length:
      - '597'
      content-type:
      - application/json; charset=utf-8
      date:
      - Thu, 04 Aug 2022 11:13:13 GMT
      expires:
      - '-1'
      pragma:
      - no-cache
      server:
      - Microsoft-IIS/10.0
      strict-transport-security:
      - max-age=31536000; includeSubDomains
      transfer-encoding:
      - chunked
      vary:
      - Accept-Encoding
      x-content-type-options:
      - nosniff
      x-powered-by:
      - ASP.NET
    status:
      code: 200
      message: OK
- request:
    body: null
    headers:
      Accept:
      - '*/*'
      Accept-Encoding:
      - gzip, deflate
      CommandName:
      - netappfiles volume create
      Connection:
      - keep-alive
      ParameterSetName:
      - --resource-group --account-name --pool-name --volume-name -l --service-level
        --usage-threshold --file-path --vnet --subnet --rule-index --allowed-clients
      User-Agent:
      - AZURECLI/2.39.0 azsdk-python-mgmt-netapp/8.1.0 Python/3.8.3 (Windows-10-10.0.19041-SP0)
    method: GET
    uri: https://management.azure.com/subscriptions/00000000-0000-0000-0000-000000000000/providers/Microsoft.NetApp/locations/southcentralusstage/operationResults/c3cebc3f-22ea-4c72-8c1b-080c4cdeef27?api-version=2022-03-01
  response:
    body:
      string: '{"id":"/subscriptions/00000000-0000-0000-0000-000000000000/providers/Microsoft.NetApp/locations/southcentralusstage/operationResults/c3cebc3f-22ea-4c72-8c1b-080c4cdeef27","name":"c3cebc3f-22ea-4c72-8c1b-080c4cdeef27","status":"Creating","startTime":"2022-08-04T11:11:10.6099012Z","endTime":"0001-01-01T00:00:00Z","percentComplete":0.0,"properties":{"resourceName":"/subscriptions/00000000-0000-0000-0000-000000000000/resourceGroups/cli_netappfiles_test_volume_000001/providers/Microsoft.NetApp/netAppAccounts/cli-acc-000002/capacityPools/cli-pool-000003/volumes/cli-vol-000004","action":"CREATE"}}'
    headers:
      cache-control:
      - no-cache
      content-length:
      - '597'
      content-type:
      - application/json; charset=utf-8
      date:
      - Thu, 04 Aug 2022 11:13:42 GMT
      expires:
      - '-1'
      pragma:
      - no-cache
      server:
      - Microsoft-IIS/10.0
      strict-transport-security:
      - max-age=31536000; includeSubDomains
      transfer-encoding:
      - chunked
      vary:
      - Accept-Encoding
      x-content-type-options:
      - nosniff
      x-powered-by:
      - ASP.NET
    status:
      code: 200
      message: OK
version: 1
