interactions:
- request:
    body: '{"location": "southcentralusstage"}'
    headers:
      Accept:
      - application/json
      Accept-Encoding:
      - gzip, deflate
      CommandName:
      - netappfiles account create
      Connection:
      - keep-alive
      Content-Length:
      - '35'
      Content-Type:
      - application/json
      ParameterSetName:
      - -g -a -l
      User-Agent:
      - AZURECLI/2.37.0 azsdk-python-mgmt-netapp/8.0.0 Python/3.8.10 (macOS-12.4-x86_64-i386-64bit)
    method: PUT
    uri: https://management.azure.com/subscriptions/00000000-0000-0000-0000-000000000000/resourceGroups/cli_netappfiles_test_snapshot_policy_000001/providers/Microsoft.NetApp/netAppAccounts/cli-acc-000002?api-version=2022-01-01
  response:
    body:
      string: '{"id":"/subscriptions/00000000-0000-0000-0000-000000000000/resourceGroups/cli_netappfiles_test_snapshot_policy_000001/providers/Microsoft.NetApp/netAppAccounts/cli-acc-000002","name":"cli-acc-000002","type":"Microsoft.NetApp/netAppAccounts","etag":"W/\"datetime''2022-06-21T11%3A33%3A07.7443793Z''\"","location":"southcentralusstage","tags":{"CreatedOnDate":"2022-06-21T11:33:03.4788214Z"},"properties":{"provisioningState":"Creating"},"systemData":{"createdBy":"c6c4faba-2b22-44d9-80a4-71ff5b71f811","createdByType":"Application","createdAt":"2022-06-21T11:33:07.0086769Z","lastModifiedBy":"c6c4faba-2b22-44d9-80a4-71ff5b71f811","lastModifiedByType":"Application","lastModifiedAt":"2022-06-21T11:33:07.0086769Z"}}'
    headers:
      azure-asyncoperation:
      - https://management.azure.com/subscriptions/00000000-0000-0000-0000-000000000000/providers/Microsoft.NetApp/locations/southcentralusstage/operationResults/8cbcf3b8-fe86-46aa-893b-b39f8f9214d9?api-version=2022-01-01
      cache-control:
      - no-cache
      content-length:
      - '712'
      content-type:
      - application/json; charset=utf-8
      date:
      - Tue, 21 Jun 2022 11:33:08 GMT
      etag:
      - W/"datetime'2022-06-21T11%3A33%3A07.7443793Z'"
      expires:
      - '-1'
      pragma:
      - no-cache
      server:
      - Microsoft-IIS/10.0
      strict-transport-security:
      - max-age=31536000; includeSubDomains
      x-content-type-options:
      - nosniff
      x-ms-ratelimit-remaining-subscription-writes:
      - '1198'
      x-powered-by:
      - ASP.NET
    status:
      code: 201
      message: Created
- request:
    body: null
    headers:
      Accept:
      - '*/*'
      Accept-Encoding:
      - gzip, deflate
      CommandName:
      - netappfiles account create
      Connection:
      - keep-alive
      ParameterSetName:
      - -g -a -l
      User-Agent:
      - AZURECLI/2.37.0 azsdk-python-mgmt-netapp/8.0.0 Python/3.8.10 (macOS-12.4-x86_64-i386-64bit)
    method: GET
    uri: https://management.azure.com/subscriptions/00000000-0000-0000-0000-000000000000/providers/Microsoft.NetApp/locations/southcentralusstage/operationResults/8cbcf3b8-fe86-46aa-893b-b39f8f9214d9?api-version=2022-01-01
  response:
    body:
      string: '{"id":"/subscriptions/00000000-0000-0000-0000-000000000000/providers/Microsoft.NetApp/locations/southcentralusstage/operationResults/8cbcf3b8-fe86-46aa-893b-b39f8f9214d9","name":"8cbcf3b8-fe86-46aa-893b-b39f8f9214d9","status":"Succeeded","startTime":"2022-06-21T11:33:07.7458558Z","endTime":"2022-06-21T11:33:07.7771103Z","percentComplete":100.0,"properties":{"resourceName":"/subscriptions/00000000-0000-0000-0000-000000000000/resourceGroups/cli_netappfiles_test_snapshot_policy_000001/providers/Microsoft.NetApp/netAppAccounts/cli-acc-000002"}}'
    headers:
      cache-control:
      - no-cache
      content-length:
      - '546'
      content-type:
      - application/json; charset=utf-8
      date:
      - Tue, 21 Jun 2022 11:33:39 GMT
      expires:
      - '-1'
      pragma:
      - no-cache
      server:
      - Microsoft-IIS/10.0
      strict-transport-security:
      - max-age=31536000; includeSubDomains
      transfer-encoding:
      - chunked
      vary:
      - Accept-Encoding
      x-content-type-options:
      - nosniff
      x-powered-by:
      - ASP.NET
    status:
      code: 200
      message: OK
- request:
    body: null
    headers:
      Accept:
      - '*/*'
      Accept-Encoding:
      - gzip, deflate
      CommandName:
      - netappfiles account create
      Connection:
      - keep-alive
      ParameterSetName:
      - -g -a -l
      User-Agent:
      - AZURECLI/2.37.0 azsdk-python-mgmt-netapp/8.0.0 Python/3.8.10 (macOS-12.4-x86_64-i386-64bit)
    method: GET
    uri: https://management.azure.com/subscriptions/00000000-0000-0000-0000-000000000000/resourceGroups/cli_netappfiles_test_snapshot_policy_000001/providers/Microsoft.NetApp/netAppAccounts/cli-acc-000002?api-version=2022-01-01
  response:
    body:
      string: '{"id":"/subscriptions/00000000-0000-0000-0000-000000000000/resourceGroups/cli_netappfiles_test_snapshot_policy_000001/providers/Microsoft.NetApp/netAppAccounts/cli-acc-000002","name":"cli-acc-000002","type":"Microsoft.NetApp/netAppAccounts","etag":"W/\"datetime''2022-06-21T11%3A33%3A07.7831235Z''\"","location":"southcentralusstage","tags":{"CreatedOnDate":"2022-06-21T11:33:03.4788214Z"},"properties":{"activeDirectories":[{"activeDirectoryId":"6411f198-b5fc-ad07-113d-56dd4da0e462","username":"testadmin","password":"****************","domain":"testdomain.local","dns":"10.0.2.4,10.0.2.5","status":"Created","smbServerName":"testsmb","organizationalUnit":"CN=Computers","aesEncryption":false,"ldapSigning":false,"ldapOverTLS":false,"allowLocalNfsUsersWithLdap":false,"encryptDCConnections":false,"ldapSearchScope":{}}],"encryption":{"keySource":"Microsoft.NetApp"},"provisioningState":"Succeeded"},"systemData":{"createdBy":"c6c4faba-2b22-44d9-80a4-71ff5b71f811","createdByType":"Application","createdAt":"2022-06-21T11:33:07.0086769Z","lastModifiedBy":"c6c4faba-2b22-44d9-80a4-71ff5b71f811","lastModifiedByType":"Application","lastModifiedAt":"2022-06-21T11:33:07.0086769Z"}}'
    headers:
      cache-control:
      - no-cache
      content-length:
      - '1177'
      content-type:
      - application/json; charset=utf-8
      date:
      - Tue, 21 Jun 2022 11:33:39 GMT
      etag:
      - W/"datetime'2022-06-21T11%3A33%3A07.7831235Z'"
      expires:
      - '-1'
      pragma:
      - no-cache
      server:
      - Microsoft-IIS/10.0
      strict-transport-security:
      - max-age=31536000; includeSubDomains
      transfer-encoding:
      - chunked
      vary:
      - Accept-Encoding
      x-content-type-options:
      - nosniff
      x-powered-by:
      - ASP.NET
    status:
      code: 200
      message: OK
- request:
    body: '{"tags": {"Tag1": "Value1"}, "location": "southcentralusstage", "properties":
      {"hourlySchedule": {"snapshotsToKeep": 1, "minute": 10}, "dailySchedule": {"snapshotsToKeep":
      2, "hour": 2, "minute": 20}, "weeklySchedule": {"snapshotsToKeep": 3, "day":
      "Monday", "hour": 3, "minute": 30}, "monthlySchedule": {"snapshotsToKeep": 4,
      "daysOfMonth": "1,3,20", "hour": 4, "minute": 40}, "enabled": true}}'
    headers:
      Accept:
      - application/json
      Accept-Encoding:
      - gzip, deflate
      CommandName:
      - netappfiles snapshot policy create
      Connection:
      - keep-alive
      Content-Length:
      - '395'
      Content-Type:
      - application/json
      ParameterSetName:
      - -g -a --snapshot-policy-name --location --hourly-snapshots --daily-snapshots
        --weekly-snapshots --monthly-snapshots --hourly-minute --daily-minute --weekly-minute
        --monthly-minute --daily-hour --weekly-hour --monthly-hour --weekly-day --monthly-days
        --enabled --tags
      User-Agent:
      - AZURECLI/2.37.0 azsdk-python-mgmt-netapp/8.0.0 Python/3.8.10 (macOS-12.4-x86_64-i386-64bit)
    method: PUT
    uri: https://management.azure.com/subscriptions/00000000-0000-0000-0000-000000000000/resourceGroups/cli_netappfiles_test_snapshot_policy_000001/providers/Microsoft.NetApp/netAppAccounts/cli-acc-000002/snapshotPolicies/cli-sn-pol-000003?api-version=2022-01-01
  response:
    body:
      string: '{"id":"/subscriptions/00000000-0000-0000-0000-000000000000/resourceGroups/cli_netappfiles_test_snapshot_policy_000001/providers/Microsoft.NetApp/netAppAccounts/cli-acc-000002/snapshotPolicies/cli-sn-pol-000003","name":"cli-acc-000002/cli-sn-pol-000003","type":"Microsoft.NetApp/netAppAccounts/snapshotPolicies","etag":"W/\"datetime''2022-06-21T11%3A33%3A43.1675741Z''\"","location":"southcentralusstage","tags":{"Tag1":"Value1","CreatedOnDate":"2022-06-21T11:33:40.5348664Z"},"properties":{"enabled":true,"hourlySchedule":{"snapshotsToKeep":1,"minute":10},"dailySchedule":{"snapshotsToKeep":2,"hour":2,"minute":20},"weeklySchedule":{"snapshotsToKeep":3,"day":"Monday","hour":3,"minute":30},"monthlySchedule":{"snapshotsToKeep":4,"daysOfMonth":"1,3,20","hour":4,"minute":40},"provisioningState":"Creating"},"systemData":{"createdBy":"c6c4faba-2b22-44d9-80a4-71ff5b71f811","createdByType":"Application","createdAt":"2022-06-21T11:33:43.0240725Z","lastModifiedBy":"c6c4faba-2b22-44d9-80a4-71ff5b71f811","lastModifiedByType":"Application","lastModifiedAt":"2022-06-21T11:33:43.0240725Z"}}'
    headers:
      azure-asyncoperation:
      - https://management.azure.com/subscriptions/00000000-0000-0000-0000-000000000000/providers/Microsoft.NetApp/locations/southcentralusstage/operationResults/62228dcf-e896-435d-9b04-7fae5e38853d?api-version=2022-01-01
      cache-control:
      - no-cache
      content-length:
      - '1082'
      content-type:
      - application/json; charset=utf-8
      date:
      - Tue, 21 Jun 2022 11:33:44 GMT
      etag:
      - W/"datetime'2022-06-21T11%3A33%3A43.1675741Z'"
      expires:
      - '-1'
      pragma:
      - no-cache
      server:
      - Microsoft-IIS/10.0
      strict-transport-security:
      - max-age=31536000; includeSubDomains
      x-content-type-options:
      - nosniff
      x-ms-ratelimit-remaining-subscription-writes:
      - '1197'
      x-powered-by:
      - ASP.NET
    status:
      code: 201
      message: Created
- request:
    body: null
    headers:
      Accept:
      - application/json
      Accept-Encoding:
      - gzip, deflate
      CommandName:
      - netappfiles snapshot policy list
      Connection:
      - keep-alive
      ParameterSetName:
      - -g -a
      User-Agent:
      - AZURECLI/2.37.0 azsdk-python-mgmt-netapp/8.0.0 Python/3.8.10 (macOS-12.4-x86_64-i386-64bit)
    method: GET
    uri: https://management.azure.com/subscriptions/00000000-0000-0000-0000-000000000000/resourceGroups/cli_netappfiles_test_snapshot_policy_000001/providers/Microsoft.NetApp/netAppAccounts/cli-acc-000002/snapshotPolicies?api-version=2022-01-01
  response:
    body:
      string: '{"value":[{"id":"/subscriptions/00000000-0000-0000-0000-000000000000/resourceGroups/cli_netappfiles_test_snapshot_policy_000001/providers/Microsoft.NetApp/netAppAccounts/cli-acc-000002/snapshotPolicies/cli-sn-pol-000003","name":"cli-acc-000002/cli-sn-pol-000003","type":"Microsoft.NetApp/netAppAccounts/snapshotPolicies","etag":"W/\"datetime''2022-06-21T11%3A33%3A43.2117507Z''\"","location":"southcentralusstage","tags":{"Tag1":"Value1","CreatedOnDate":"2022-06-21T11:33:40.5348664Z"},"properties":{"enabled":true,"hourlySchedule":{"snapshotsToKeep":1,"minute":10},"dailySchedule":{"snapshotsToKeep":2,"hour":2,"minute":20},"weeklySchedule":{"snapshotsToKeep":3,"day":"Monday","hour":3,"minute":30},"monthlySchedule":{"snapshotsToKeep":4,"daysOfMonth":"1,3,20","hour":4,"minute":40},"provisioningState":"Succeeded"},"systemData":{"createdBy":"c6c4faba-2b22-44d9-80a4-71ff5b71f811","createdByType":"Application","createdAt":"2022-06-21T11:33:43.0240725Z","lastModifiedBy":"c6c4faba-2b22-44d9-80a4-71ff5b71f811","lastModifiedByType":"Application","lastModifiedAt":"2022-06-21T11:33:43.0240725Z"}}]}'
    headers:
      cache-control:
      - no-cache
      content-length:
      - '1095'
      content-type:
      - application/json; charset=utf-8
      date:
      - Tue, 21 Jun 2022 11:33:45 GMT
      expires:
      - '-1'
      pragma:
      - no-cache
      server:
      - Microsoft-IIS/10.0
      strict-transport-security:
      - max-age=31536000; includeSubDomains
      transfer-encoding:
      - chunked
      vary:
      - Accept-Encoding
      x-content-type-options:
      - nosniff
      x-powered-by:
      - ASP.NET
    status:
      code: 200
      message: OK
- request:
    body: null
    headers:
      Accept:
      - '*/*'
      Accept-Encoding:
      - gzip, deflate
      CommandName:
      - netappfiles snapshot policy delete
      Connection:
      - keep-alive
      Content-Length:
      - '0'
      ParameterSetName:
      - -g -a --snapshot-policy-name
      User-Agent:
      - AZURECLI/2.37.0 azsdk-python-mgmt-netapp/8.0.0 Python/3.8.10 (macOS-12.4-x86_64-i386-64bit)
    method: DELETE
    uri: https://management.azure.com/subscriptions/00000000-0000-0000-0000-000000000000/resourceGroups/cli_netappfiles_test_snapshot_policy_000001/providers/Microsoft.NetApp/netAppAccounts/cli-acc-000002/snapshotPolicies/cli-sn-pol-000003?api-version=2022-01-01
  response:
    body:
      string: ''
    headers:
      azure-asyncoperation:
      - https://management.azure.com/subscriptions/00000000-0000-0000-0000-000000000000/providers/Microsoft.NetApp/locations/southcentralusstage/operationResults/2d6bfe23-47f1-4b73-9a9a-a6e094d1d68e?api-version=2022-01-01
      cache-control:
      - no-cache
      content-length:
      - '0'
      date:
      - Tue, 21 Jun 2022 11:33:48 GMT
      expires:
      - '-1'
      location:
      - https://management.azure.com/subscriptions/00000000-0000-0000-0000-000000000000/providers/Microsoft.NetApp/locations/southcentralusstage/operationResults/2d6bfe23-47f1-4b73-9a9a-a6e094d1d68e?api-version=2022-01-01&operationResultResponseType=Location
      pragma:
      - no-cache
      server:
      - Microsoft-IIS/10.0
      strict-transport-security:
      - max-age=31536000; includeSubDomains
      x-content-type-options:
      - nosniff
      x-ms-ratelimit-remaining-subscription-deletes:
      - '14999'
      x-powered-by:
      - ASP.NET
    status:
      code: 202
      message: Accepted
- request:
    body: null
    headers:
      Accept:
      - '*/*'
      Accept-Encoding:
      - gzip, deflate
      CommandName:
      - netappfiles snapshot policy delete
      Connection:
      - keep-alive
      ParameterSetName:
      - -g -a --snapshot-policy-name
      User-Agent:
      - AZURECLI/2.37.0 azsdk-python-mgmt-netapp/8.0.0 Python/3.8.10 (macOS-12.4-x86_64-i386-64bit)
    method: GET
    uri: https://management.azure.com/subscriptions/00000000-0000-0000-0000-000000000000/providers/Microsoft.NetApp/locations/southcentralusstage/operationResults/2d6bfe23-47f1-4b73-9a9a-a6e094d1d68e?api-version=2022-01-01
  response:
    body:
      string: '{"id":"/subscriptions/00000000-0000-0000-0000-000000000000/providers/Microsoft.NetApp/locations/southcentralusstage/operationResults/2d6bfe23-47f1-4b73-9a9a-a6e094d1d68e","name":"2d6bfe23-47f1-4b73-9a9a-a6e094d1d68e","status":"Succeeded","startTime":"2022-06-21T11:33:48.7906054Z","endTime":"2022-06-21T11:33:48.8218549Z","percentComplete":100.0,"properties":{"resourceName":"/subscriptions/00000000-0000-0000-0000-000000000000/resourceGroups/cli_netappfiles_test_snapshot_policy_000001/providers/Microsoft.NetApp/netAppAccounts/cli-acc-000002/snapshotPolicies/cli-sn-pol-000003","action":"DELETE"}}'
    headers:
      cache-control:
      - no-cache
      content-length:
      - '599'
      content-type:
      - application/json; charset=utf-8
      date:
      - Tue, 21 Jun 2022 11:34:18 GMT
      expires:
      - '-1'
      pragma:
      - no-cache
      server:
      - Microsoft-IIS/10.0
      strict-transport-security:
      - max-age=31536000; includeSubDomains
      transfer-encoding:
      - chunked
      vary:
      - Accept-Encoding
      x-content-type-options:
      - nosniff
      x-powered-by:
      - ASP.NET
    status:
      code: 200
      message: OK
- request:
    body: null
    headers:
      Accept:
      - '*/*'
      Accept-Encoding:
      - gzip, deflate
      CommandName:
      - netappfiles snapshot policy delete
      Connection:
      - keep-alive
      ParameterSetName:
      - -g -a --snapshot-policy-name
      User-Agent:
      - AZURECLI/2.37.0 azsdk-python-mgmt-netapp/8.0.0 Python/3.8.10 (macOS-12.4-x86_64-i386-64bit)
    method: GET
    uri: https://management.azure.com/subscriptions/00000000-0000-0000-0000-000000000000/providers/Microsoft.NetApp/locations/southcentralusstage/operationResults/2d6bfe23-47f1-4b73-9a9a-a6e094d1d68e?api-version=2022-01-01&operationResultResponseType=Location
  response:
    body:
      string: '{"id":"/subscriptions/00000000-0000-0000-0000-000000000000/resourceGroups/cli_netappfiles_test_snapshot_policy_000001/providers/Microsoft.NetApp/netAppAccounts/cli-acc-000002/snapshotPolicies/cli-sn-pol-000003","name":"cli-acc-000002/cli-sn-pol-000003","type":"Microsoft.NetApp/netAppAccounts/snapshotPolicies","etag":"W/\"datetime''2022-06-21T11%3A33%3A48.7705571Z''\"","location":"southcentralusstage","tags":{"Tag1":"Value1","CreatedOnDate":"2022-06-21T11:33:40.5348664Z"},"properties":{"enabled":true,"hourlySchedule":{"snapshotsToKeep":1,"minute":10},"dailySchedule":{"snapshotsToKeep":2,"hour":2,"minute":20},"weeklySchedule":{"snapshotsToKeep":3,"day":"Monday","hour":3,"minute":30},"monthlySchedule":{"snapshotsToKeep":4,"daysOfMonth":"1,3,20","hour":4,"minute":40},"provisioningState":"Deleting"},"systemData":{"createdBy":"c6c4faba-2b22-44d9-80a4-71ff5b71f811","createdByType":"Application","createdAt":"2022-06-21T11:33:43.0240725Z","lastModifiedBy":"c6c4faba-2b22-44d9-80a4-71ff5b71f811","lastModifiedByType":"Application","lastModifiedAt":"2022-06-21T11:33:43.0240725Z"}}'
    headers:
      cache-control:
      - no-cache
      content-length:
      - '1082'
      content-type:
      - application/json; charset=utf-8
      date:
      - Tue, 21 Jun 2022 11:34:18 GMT
      expires:
      - '-1'
      pragma:
      - no-cache
      server:
      - Microsoft-IIS/10.0
      strict-transport-security:
      - max-age=31536000; includeSubDomains
      transfer-encoding:
      - chunked
      vary:
      - Accept-Encoding
      x-content-type-options:
      - nosniff
      x-powered-by:
      - ASP.NET
    status:
      code: 200
      message: OK
- request:
    body: '{"tags": {"Tag1": "Value1"}, "location": "southcentralusstage", "properties":
      {"hourlySchedule": {"snapshotsToKeep": 1, "minute": 10}, "dailySchedule": {"snapshotsToKeep":
      2, "hour": 2, "minute": 20}, "weeklySchedule": {"snapshotsToKeep": 3, "day":
      "Monday", "hour": 3, "minute": 30}, "monthlySchedule": {"snapshotsToKeep": 4,
      "daysOfMonth": "1,3,20", "hour": 4, "minute": 40}, "enabled": true}}'
    headers:
      Accept:
      - application/json
      Accept-Encoding:
      - gzip, deflate
      CommandName:
      - netappfiles snapshot policy create
      Connection:
      - keep-alive
      Content-Length:
      - '395'
      Content-Type:
      - application/json
      ParameterSetName:
      - -g -a --snapshot-policy-name -l -u -d -w -m --hourly-minute --daily-minute
        --weekly-minute --monthly-minute --daily-hour --weekly-hour --monthly-hour
        --weekly-day --monthly-days --enabled --tags
      User-Agent:
      - AZURECLI/2.37.0 azsdk-python-mgmt-netapp/8.0.0 Python/3.8.10 (macOS-12.4-x86_64-i386-64bit)
    method: PUT
    uri: https://management.azure.com/subscriptions/00000000-0000-0000-0000-000000000000/resourceGroups/cli_netappfiles_test_snapshot_policy_000001/providers/Microsoft.NetApp/netAppAccounts/cli-acc-000002/snapshotPolicies/cli-sn-pol-000003?api-version=2022-01-01
  response:
    body:
      string: '{"id":"/subscriptions/00000000-0000-0000-0000-000000000000/resourceGroups/cli_netappfiles_test_snapshot_policy_000001/providers/Microsoft.NetApp/netAppAccounts/cli-acc-000002/snapshotPolicies/cli-sn-pol-000003","name":"cli-acc-000002/cli-sn-pol-000003","type":"Microsoft.NetApp/netAppAccounts/snapshotPolicies","etag":"W/\"datetime''2022-06-21T11%3A34%3A23.115137Z''\"","location":"southcentralusstage","tags":{"Tag1":"Value1","CreatedOnDate":"2022-06-21T11:34:20.4322902Z"},"properties":{"enabled":true,"hourlySchedule":{"snapshotsToKeep":1,"minute":10},"dailySchedule":{"snapshotsToKeep":2,"hour":2,"minute":20},"weeklySchedule":{"snapshotsToKeep":3,"day":"Monday","hour":3,"minute":30},"monthlySchedule":{"snapshotsToKeep":4,"daysOfMonth":"1,3,20","hour":4,"minute":40},"provisioningState":"Creating"},"systemData":{"createdBy":"c6c4faba-2b22-44d9-80a4-71ff5b71f811","createdByType":"Application","createdAt":"2022-06-21T11:34:22.3706142Z","lastModifiedBy":"c6c4faba-2b22-44d9-80a4-71ff5b71f811","lastModifiedByType":"Application","lastModifiedAt":"2022-06-21T11:34:22.3706142Z"}}'
    headers:
      azure-asyncoperation:
      - https://management.azure.com/subscriptions/00000000-0000-0000-0000-000000000000/providers/Microsoft.NetApp/locations/southcentralusstage/operationResults/d7b6cd0a-9f9b-45dc-a5eb-f603af186b2e?api-version=2022-01-01
      cache-control:
      - no-cache
      content-length:
      - '1081'
      content-type:
      - application/json; charset=utf-8
      date:
      - Tue, 21 Jun 2022 11:34:23 GMT
      etag:
      - W/"datetime'2022-06-21T11%3A34%3A23.115137Z'"
      expires:
      - '-1'
      pragma:
      - no-cache
      server:
      - Microsoft-IIS/10.0
      strict-transport-security:
      - max-age=31536000; includeSubDomains
      x-content-type-options:
      - nosniff
      x-ms-ratelimit-remaining-subscription-writes:
      - '1199'
      x-powered-by:
      - ASP.NET
    status:
      code: 201
      message: Created
- request:
    body: null
    headers:
      Accept:
      - '*/*'
      Accept-Encoding:
      - gzip, deflate
      CommandName:
      - netappfiles snapshot policy delete
      Connection:
      - keep-alive
      Content-Length:
      - '0'
      ParameterSetName:
      - -g -a --snapshot-policy-name
      User-Agent:
      - AZURECLI/2.37.0 azsdk-python-mgmt-netapp/8.0.0 Python/3.8.10 (macOS-12.4-x86_64-i386-64bit)
    method: DELETE
    uri: https://management.azure.com/subscriptions/00000000-0000-0000-0000-000000000000/resourceGroups/cli_netappfiles_test_snapshot_policy_000001/providers/Microsoft.NetApp/netAppAccounts/cli-acc-000002/snapshotPolicies/cli-sn-pol-000003?api-version=2022-01-01
  response:
    body:
      string: ''
    headers:
      azure-asyncoperation:
      - https://management.azure.com/subscriptions/00000000-0000-0000-0000-000000000000/providers/Microsoft.NetApp/locations/southcentralusstage/operationResults/76196441-8cbd-4956-bf17-3c74cea3d831?api-version=2022-01-01
      cache-control:
      - no-cache
      content-length:
      - '0'
      date:
      - Tue, 21 Jun 2022 11:34:26 GMT
      expires:
      - '-1'
      location:
      - https://management.azure.com/subscriptions/00000000-0000-0000-0000-000000000000/providers/Microsoft.NetApp/locations/southcentralusstage/operationResults/76196441-8cbd-4956-bf17-3c74cea3d831?api-version=2022-01-01&operationResultResponseType=Location
      pragma:
      - no-cache
      server:
      - Microsoft-IIS/10.0
      strict-transport-security:
      - max-age=31536000; includeSubDomains
      x-content-type-options:
      - nosniff
      x-ms-ratelimit-remaining-subscription-deletes:
      - '14999'
      x-powered-by:
      - ASP.NET
    status:
      code: 202
      message: Accepted
- request:
    body: null
    headers:
      Accept:
      - '*/*'
      Accept-Encoding:
      - gzip, deflate
      CommandName:
      - netappfiles snapshot policy delete
      Connection:
      - keep-alive
      ParameterSetName:
      - -g -a --snapshot-policy-name
      User-Agent:
      - AZURECLI/2.37.0 azsdk-python-mgmt-netapp/8.0.0 Python/3.8.10 (macOS-12.4-x86_64-i386-64bit)
    method: GET
    uri: https://management.azure.com/subscriptions/00000000-0000-0000-0000-000000000000/providers/Microsoft.NetApp/locations/southcentralusstage/operationResults/76196441-8cbd-4956-bf17-3c74cea3d831?api-version=2022-01-01
  response:
    body:
      string: '{"id":"/subscriptions/00000000-0000-0000-0000-000000000000/providers/Microsoft.NetApp/locations/southcentralusstage/operationResults/76196441-8cbd-4956-bf17-3c74cea3d831","name":"76196441-8cbd-4956-bf17-3c74cea3d831","status":"Succeeded","startTime":"2022-06-21T11:34:27.0584868Z","endTime":"2022-06-21T11:34:27.074114Z","percentComplete":100.0,"properties":{"resourceName":"/subscriptions/00000000-0000-0000-0000-000000000000/resourceGroups/cli_netappfiles_test_snapshot_policy_000001/providers/Microsoft.NetApp/netAppAccounts/cli-acc-000002/snapshotPolicies/cli-sn-pol-000003","action":"DELETE"}}'
    headers:
      cache-control:
      - no-cache
      content-length:
      - '598'
      content-type:
      - application/json; charset=utf-8
      date:
      - Tue, 21 Jun 2022 11:34:56 GMT
      expires:
      - '-1'
      pragma:
      - no-cache
      server:
      - Microsoft-IIS/10.0
      strict-transport-security:
      - max-age=31536000; includeSubDomains
      transfer-encoding:
      - chunked
      vary:
      - Accept-Encoding
      x-content-type-options:
      - nosniff
      x-powered-by:
      - ASP.NET
    status:
      code: 200
      message: OK
- request:
    body: null
    headers:
      Accept:
      - '*/*'
      Accept-Encoding:
      - gzip, deflate
      CommandName:
      - netappfiles snapshot policy delete
      Connection:
      - keep-alive
      ParameterSetName:
      - -g -a --snapshot-policy-name
      User-Agent:
      - AZURECLI/2.37.0 azsdk-python-mgmt-netapp/8.0.0 Python/3.8.10 (macOS-12.4-x86_64-i386-64bit)
    method: GET
    uri: https://management.azure.com/subscriptions/00000000-0000-0000-0000-000000000000/providers/Microsoft.NetApp/locations/southcentralusstage/operationResults/76196441-8cbd-4956-bf17-3c74cea3d831?api-version=2022-01-01&operationResultResponseType=Location
  response:
    body:
      string: '{"id":"/subscriptions/00000000-0000-0000-0000-000000000000/resourceGroups/cli_netappfiles_test_snapshot_policy_000001/providers/Microsoft.NetApp/netAppAccounts/cli-acc-000002/snapshotPolicies/cli-sn-pol-000003","name":"cli-acc-000002/cli-sn-pol-000003","type":"Microsoft.NetApp/netAppAccounts/snapshotPolicies","etag":"W/\"datetime''2022-06-21T11%3A34%3A27.0465737Z''\"","location":"southcentralusstage","tags":{"Tag1":"Value1","CreatedOnDate":"2022-06-21T11:34:20.4322902Z"},"properties":{"enabled":true,"hourlySchedule":{"snapshotsToKeep":1,"minute":10},"dailySchedule":{"snapshotsToKeep":2,"hour":2,"minute":20},"weeklySchedule":{"snapshotsToKeep":3,"day":"Monday","hour":3,"minute":30},"monthlySchedule":{"snapshotsToKeep":4,"daysOfMonth":"1,3,20","hour":4,"minute":40},"provisioningState":"Deleting"},"systemData":{"createdBy":"c6c4faba-2b22-44d9-80a4-71ff5b71f811","createdByType":"Application","createdAt":"2022-06-21T11:34:22.3706142Z","lastModifiedBy":"c6c4faba-2b22-44d9-80a4-71ff5b71f811","lastModifiedByType":"Application","lastModifiedAt":"2022-06-21T11:34:22.3706142Z"}}'
    headers:
      cache-control:
      - no-cache
      content-length:
      - '1082'
      content-type:
      - application/json; charset=utf-8
      date:
      - Tue, 21 Jun 2022 11:34:56 GMT
      expires:
      - '-1'
      pragma:
      - no-cache
      server:
      - Microsoft-IIS/10.0
      strict-transport-security:
      - max-age=31536000; includeSubDomains
      transfer-encoding:
      - chunked
      vary:
      - Accept-Encoding
      x-content-type-options:
      - nosniff
      x-powered-by:
      - ASP.NET
    status:
      code: 200
      message: OK
- request:
    body: null
    headers:
      Accept:
      - application/json
      Accept-Encoding:
      - gzip, deflate
      CommandName:
      - netappfiles snapshot policy list
      Connection:
      - keep-alive
      ParameterSetName:
      - -g -a
      User-Agent:
      - AZURECLI/2.37.0 azsdk-python-mgmt-netapp/8.0.0 Python/3.8.10 (macOS-12.4-x86_64-i386-64bit)
    method: GET
    uri: https://management.azure.com/subscriptions/00000000-0000-0000-0000-000000000000/resourceGroups/cli_netappfiles_test_snapshot_policy_000001/providers/Microsoft.NetApp/netAppAccounts/cli-acc-000002/snapshotPolicies?api-version=2022-01-01
  response:
    body:
      string: '{"value":[]}'
    headers:
      cache-control:
      - no-cache
      content-length:
      - '12'
      content-type:
      - application/json; charset=utf-8
      date:
      - Tue, 21 Jun 2022 11:34:59 GMT
      expires:
      - '-1'
      pragma:
      - no-cache
      server:
      - Microsoft-IIS/10.0
      strict-transport-security:
      - max-age=31536000; includeSubDomains
      transfer-encoding:
      - chunked
      vary:
      - Accept-Encoding
      x-content-type-options:
      - nosniff
      x-powered-by:
      - ASP.NET
    status:
      code: 200
      message: OK
version: 1
