interactions:
- request:
    body: '{"location": "westus2", "tags": {}, "properties": {"addressSpace": {"addressPrefixes":
      ["10.5.0.0/16"]}, "dhcpOptions": {}}}'
    headers:
      Accept:
      - application/json
      Accept-Encoding:
      - gzip, deflate
      CommandName:
      - network vnet create
      Connection:
      - keep-alive
      Content-Length:
      - '124'
      Content-Type:
      - application/json; charset=utf-8
      ParameterSetName:
      - -n --resource-group -l --address-prefix
      User-Agent:
      - python/3.8.5 (macOS-10.15.7-x86_64-i386-64bit) msrest/0.6.18 msrest_azure/0.6.3
        azure-mgmt-network/12.0.0 Azure-SDK-For-Python AZURECLI/2.13.0
      accept-language:
      - en-US
    method: PUT
    uri: https://management.azure.com/subscriptions/00000000-0000-0000-0000-000000000000/resourceGroups/cli_netapp_test_snap_000001/providers/Microsoft.Network/virtualNetworks/cli-vnet-lefr-02?api-version=2020-07-01
  response:
    body:
      string: "{\r\n  \"name\": \"cli-vnet-lefr-02\",\r\n  \"id\": \"/subscriptions/00000000-0000-0000-0000-000000000000/resourceGroups/cli_netapp_test_snap_000001/providers/Microsoft.Network/virtualNetworks/cli-vnet-lefr-02\"\
        ,\r\n  \"etag\": \"W/\\\"abeb0b4c-d739-4055-ac61-20ce285f244e\\\"\",\r\n \
        \ \"type\": \"Microsoft.Network/virtualNetworks\",\r\n  \"location\": \"westus2\"\
        ,\r\n  \"tags\": {},\r\n  \"properties\": {\r\n    \"provisioningState\":\
        \ \"Updating\",\r\n    \"resourceGuid\": \"fb61845d-64e9-4736-852d-f6b4adfa8e5e\"\
        ,\r\n    \"addressSpace\": {\r\n      \"addressPrefixes\": [\r\n        \"\
        10.5.0.0/16\"\r\n      ]\r\n    },\r\n    \"dhcpOptions\": {\r\n      \"dnsServers\"\
        : []\r\n    },\r\n    \"subnets\": [],\r\n    \"virtualNetworkPeerings\":\
        \ [],\r\n    \"enableDdosProtection\": false,\r\n    \"enableVmProtection\"\
        : false\r\n  }\r\n}"
    headers:
      azure-asyncnotification:
      - Enabled
      azure-asyncoperation:
      - https://management.azure.com/subscriptions/00000000-0000-0000-0000-000000000000/providers/Microsoft.Network/locations/westus2/operations/773888a6-836a-4364-8170-0a10ed70f77a?api-version=2020-06-01
      cache-control:
      - no-cache
      content-length:
      - '789'
      content-type:
      - application/json; charset=utf-8
      date:
      - Tue, 03 Nov 2020 11:47:06 GMT
      expires:
      - '-1'
      pragma:
      - no-cache
      server:
      - Microsoft-HTTPAPI/2.0
      - Microsoft-HTTPAPI/2.0
      strict-transport-security:
      - max-age=31536000; includeSubDomains
      x-content-type-options:
      - nosniff
      x-ms-arm-service-request-id:
      - 3fd142d2-305c-422b-9632-ec0e83995b89
      x-ms-ratelimit-remaining-subscription-writes:
      - '1198'
    status:
      code: 201
      message: Created
- request:
    body: null
    headers:
      Accept:
      - application/json
      Accept-Encoding:
      - gzip, deflate
      CommandName:
      - network vnet create
      Connection:
      - keep-alive
      ParameterSetName:
      - -n --resource-group -l --address-prefix
      User-Agent:
      - python/3.8.5 (macOS-10.15.7-x86_64-i386-64bit) msrest/0.6.18 msrest_azure/0.6.3
        azure-mgmt-network/12.0.0 Azure-SDK-For-Python AZURECLI/2.13.0
    method: GET
    uri: https://management.azure.com/subscriptions/00000000-0000-0000-0000-000000000000/providers/Microsoft.Network/locations/westus2/operations/773888a6-836a-4364-8170-0a10ed70f77a?api-version=2020-06-01
  response:
    body:
      string: "{\r\n  \"status\": \"Succeeded\"\r\n}"
    headers:
      cache-control:
      - no-cache
      content-length:
      - '29'
      content-type:
      - application/json; charset=utf-8
      date:
      - Tue, 03 Nov 2020 11:47:11 GMT
      expires:
      - '-1'
      pragma:
      - no-cache
      server:
      - Microsoft-HTTPAPI/2.0
      - Microsoft-HTTPAPI/2.0
      strict-transport-security:
      - max-age=31536000; includeSubDomains
      transfer-encoding:
      - chunked
      vary:
      - Accept-Encoding
      x-content-type-options:
      - nosniff
      x-ms-arm-service-request-id:
      - 6ad0ab47-b693-48ba-b13d-950351bb63a7
    status:
      code: 200
      message: OK
- request:
    body: null
    headers:
      Accept:
      - application/json
      Accept-Encoding:
      - gzip, deflate
      CommandName:
      - network vnet create
      Connection:
      - keep-alive
      ParameterSetName:
      - -n --resource-group -l --address-prefix
      User-Agent:
      - python/3.8.5 (macOS-10.15.7-x86_64-i386-64bit) msrest/0.6.18 msrest_azure/0.6.3
        azure-mgmt-network/12.0.0 Azure-SDK-For-Python AZURECLI/2.13.0
    method: GET
    uri: https://management.azure.com/subscriptions/00000000-0000-0000-0000-000000000000/resourceGroups/cli_netapp_test_snap_000001/providers/Microsoft.Network/virtualNetworks/cli-vnet-lefr-02?api-version=2020-07-01
  response:
    body:
      string: "{\r\n  \"name\": \"cli-vnet-lefr-02\",\r\n  \"id\": \"/subscriptions/00000000-0000-0000-0000-000000000000/resourceGroups/cli_netapp_test_snap_000001/providers/Microsoft.Network/virtualNetworks/cli-vnet-lefr-02\"\
        ,\r\n  \"etag\": \"W/\\\"5c0fe039-6171-4250-8503-1446de6f4ea9\\\"\",\r\n \
        \ \"type\": \"Microsoft.Network/virtualNetworks\",\r\n  \"location\": \"westus2\"\
        ,\r\n  \"tags\": {},\r\n  \"properties\": {\r\n    \"provisioningState\":\
        \ \"Succeeded\",\r\n    \"resourceGuid\": \"fb61845d-64e9-4736-852d-f6b4adfa8e5e\"\
        ,\r\n    \"addressSpace\": {\r\n      \"addressPrefixes\": [\r\n        \"\
        10.5.0.0/16\"\r\n      ]\r\n    },\r\n    \"dhcpOptions\": {\r\n      \"dnsServers\"\
        : []\r\n    },\r\n    \"subnets\": [],\r\n    \"virtualNetworkPeerings\":\
        \ [],\r\n    \"enableDdosProtection\": false,\r\n    \"enableVmProtection\"\
        : false\r\n  }\r\n}"
    headers:
      cache-control:
      - no-cache
      content-length:
      - '790'
      content-type:
      - application/json; charset=utf-8
      date:
      - Tue, 03 Nov 2020 11:47:12 GMT
      etag:
      - W/"5c0fe039-6171-4250-8503-1446de6f4ea9"
      expires:
      - '-1'
      pragma:
      - no-cache
      server:
      - Microsoft-HTTPAPI/2.0
      - Microsoft-HTTPAPI/2.0
      strict-transport-security:
      - max-age=31536000; includeSubDomains
      transfer-encoding:
      - chunked
      vary:
      - Accept-Encoding
      x-content-type-options:
      - nosniff
      x-ms-arm-service-request-id:
      - a8fefcfa-60a4-4a82-b432-37c12fb3de23
    status:
      code: 200
      message: OK
- request:
    body: null
    headers:
      Accept:
      - application/json
      Accept-Encoding:
      - gzip, deflate
      CommandName:
      - network vnet subnet create
      Connection:
      - keep-alive
      ParameterSetName:
      - -n --vnet-name --address-prefixes --delegations -g
      User-Agent:
      - python/3.8.5 (macOS-10.15.7-x86_64-i386-64bit) msrest/0.6.18 msrest_azure/0.6.3
        azure-mgmt-network/12.0.0 Azure-SDK-For-Python AZURECLI/2.13.0
      accept-language:
      - en-US
    method: GET
    uri: https://management.azure.com/subscriptions/00000000-0000-0000-0000-000000000000/resourceGroups/cli_netapp_test_snap_000001/providers/Microsoft.Network/virtualNetworks/cli-vnet-lefr-02?api-version=2020-07-01
  response:
    body:
      string: "{\r\n  \"name\": \"cli-vnet-lefr-02\",\r\n  \"id\": \"/subscriptions/00000000-0000-0000-0000-000000000000/resourceGroups/cli_netapp_test_snap_000001/providers/Microsoft.Network/virtualNetworks/cli-vnet-lefr-02\"\
        ,\r\n  \"etag\": \"W/\\\"5c0fe039-6171-4250-8503-1446de6f4ea9\\\"\",\r\n \
        \ \"type\": \"Microsoft.Network/virtualNetworks\",\r\n  \"location\": \"westus2\"\
        ,\r\n  \"tags\": {},\r\n  \"properties\": {\r\n    \"provisioningState\":\
        \ \"Succeeded\",\r\n    \"resourceGuid\": \"fb61845d-64e9-4736-852d-f6b4adfa8e5e\"\
        ,\r\n    \"addressSpace\": {\r\n      \"addressPrefixes\": [\r\n        \"\
        10.5.0.0/16\"\r\n      ]\r\n    },\r\n    \"dhcpOptions\": {\r\n      \"dnsServers\"\
        : []\r\n    },\r\n    \"subnets\": [],\r\n    \"virtualNetworkPeerings\":\
        \ [],\r\n    \"enableDdosProtection\": false,\r\n    \"enableVmProtection\"\
        : false\r\n  }\r\n}"
    headers:
      cache-control:
      - no-cache
      content-length:
      - '790'
      content-type:
      - application/json; charset=utf-8
      date:
      - Tue, 03 Nov 2020 11:47:12 GMT
      etag:
      - W/"5c0fe039-6171-4250-8503-1446de6f4ea9"
      expires:
      - '-1'
      pragma:
      - no-cache
      server:
      - Microsoft-HTTPAPI/2.0
      - Microsoft-HTTPAPI/2.0
      strict-transport-security:
      - max-age=31536000; includeSubDomains
      transfer-encoding:
      - chunked
      vary:
      - Accept-Encoding
      x-content-type-options:
      - nosniff
      x-ms-arm-service-request-id:
      - 1eb8b121-5e42-46f6-a103-c5a017e536c8
    status:
      code: 200
      message: OK
- request:
    body: '{"id": "/subscriptions/00000000-0000-0000-0000-000000000000/resourceGroups/cli_netapp_test_snap_000001/providers/Microsoft.Network/virtualNetworks/cli-vnet-lefr-02",
      "location": "westus2", "tags": {}, "properties": {"addressSpace": {"addressPrefixes":
      ["10.5.0.0/16"]}, "dhcpOptions": {"dnsServers": []}, "subnets": [{"properties":
      {"addressPrefix": "10.5.0.0/24", "delegations": [{"properties": {"serviceName":
      "Microsoft.Netapp/volumes"}, "name": "0"}]}, "name": "cli-subnet-lefr-02"}],
      "virtualNetworkPeerings": [], "enableDdosProtection": false, "enableVmProtection":
      false}}'
    headers:
      Accept:
      - application/json
      Accept-Encoding:
      - gzip, deflate
      CommandName:
      - network vnet subnet create
      Connection:
      - keep-alive
      Content-Length:
      - '627'
      Content-Type:
      - application/json; charset=utf-8
      ParameterSetName:
      - -n --vnet-name --address-prefixes --delegations -g
      User-Agent:
      - python/3.8.5 (macOS-10.15.7-x86_64-i386-64bit) msrest/0.6.18 msrest_azure/0.6.3
        azure-mgmt-network/12.0.0 Azure-SDK-For-Python AZURECLI/2.13.0
      accept-language:
      - en-US
    method: PUT
    uri: https://management.azure.com/subscriptions/00000000-0000-0000-0000-000000000000/resourceGroups/cli_netapp_test_snap_000001/providers/Microsoft.Network/virtualNetworks/cli-vnet-lefr-02?api-version=2020-07-01
  response:
    body:
      string: "{\r\n  \"name\": \"cli-vnet-lefr-02\",\r\n  \"id\": \"/subscriptions/00000000-0000-0000-0000-000000000000/resourceGroups/cli_netapp_test_snap_000001/providers/Microsoft.Network/virtualNetworks/cli-vnet-lefr-02\"\
        ,\r\n  \"etag\": \"W/\\\"25ba3a62-d5d0-4d71-9fca-b671212aab8f\\\"\",\r\n \
        \ \"type\": \"Microsoft.Network/virtualNetworks\",\r\n  \"location\": \"westus2\"\
        ,\r\n  \"tags\": {},\r\n  \"properties\": {\r\n    \"provisioningState\":\
        \ \"Updating\",\r\n    \"resourceGuid\": \"fb61845d-64e9-4736-852d-f6b4adfa8e5e\"\
        ,\r\n    \"addressSpace\": {\r\n      \"addressPrefixes\": [\r\n        \"\
        10.5.0.0/16\"\r\n      ]\r\n    },\r\n    \"dhcpOptions\": {\r\n      \"dnsServers\"\
        : []\r\n    },\r\n    \"subnets\": [\r\n      {\r\n        \"name\": \"cli-subnet-lefr-02\"\
        ,\r\n        \"id\": \"/subscriptions/00000000-0000-0000-0000-000000000000/resourceGroups/cli_netapp_test_snap_000001/providers/Microsoft.Network/virtualNetworks/cli-vnet-lefr-02/subnets/cli-subnet-lefr-02\"\
        ,\r\n        \"etag\": \"W/\\\"25ba3a62-d5d0-4d71-9fca-b671212aab8f\\\"\"\
        ,\r\n        \"properties\": {\r\n          \"provisioningState\": \"Updating\"\
        ,\r\n          \"addressPrefix\": \"10.5.0.0/24\",\r\n          \"delegations\"\
        : [\r\n            {\r\n              \"name\": \"0\",\r\n              \"\
        id\": \"/subscriptions/00000000-0000-0000-0000-000000000000/resourceGroups/cli_netapp_test_snap_000001/providers/Microsoft.Network/virtualNetworks/cli-vnet-lefr-02/subnets/cli-subnet-lefr-02/delegations/0\"\
        ,\r\n              \"etag\": \"W/\\\"25ba3a62-d5d0-4d71-9fca-b671212aab8f\\\
        \"\",\r\n              \"properties\": {\r\n                \"provisioningState\"\
        : \"Succeeded\",\r\n                \"serviceName\": \"Microsoft.Netapp/volumes\"\
        ,\r\n                \"actions\": [\r\n                  \"Microsoft.Network/networkinterfaces/*\"\
        ,\r\n                  \"Microsoft.Network/virtualNetworks/subnets/join/action\"\
        \r\n                ]\r\n              },\r\n              \"type\": \"Microsoft.Network/virtualNetworks/subnets/delegations\"\
        \r\n            }\r\n          ],\r\n          \"purpose\": \"HostedWorkloads\"\
        ,\r\n          \"privateEndpointNetworkPolicies\": \"Enabled\",\r\n      \
        \    \"privateLinkServiceNetworkPolicies\": \"Enabled\"\r\n        },\r\n\
        \        \"type\": \"Microsoft.Network/virtualNetworks/subnets\"\r\n     \
        \ }\r\n    ],\r\n    \"virtualNetworkPeerings\": [],\r\n    \"enableDdosProtection\"\
        : false,\r\n    \"enableVmProtection\": false\r\n  }\r\n}"
    headers:
      azure-asyncoperation:
      - https://management.azure.com/subscriptions/00000000-0000-0000-0000-000000000000/providers/Microsoft.Network/locations/westus2/operations/f0eef680-7bd0-4e4a-9594-a94755b61495?api-version=2020-06-01
      cache-control:
      - no-cache
      content-length:
      - '2365'
      content-type:
      - application/json; charset=utf-8
      date:
      - Tue, 03 Nov 2020 11:47:14 GMT
      expires:
      - '-1'
      pragma:
      - no-cache
      server:
      - Microsoft-HTTPAPI/2.0
      - Microsoft-HTTPAPI/2.0
      strict-transport-security:
      - max-age=31536000; includeSubDomains
      transfer-encoding:
      - chunked
      vary:
      - Accept-Encoding
      x-content-type-options:
      - nosniff
      x-ms-arm-service-request-id:
      - 48345206-73d7-4b66-acc6-a0f15508eb22
      x-ms-ratelimit-remaining-subscription-writes:
      - '1196'
    status:
      code: 200
      message: OK
- request:
    body: null
    headers:
      Accept:
      - application/json
      Accept-Encoding:
      - gzip, deflate
      CommandName:
      - network vnet subnet create
      Connection:
      - keep-alive
      ParameterSetName:
      - -n --vnet-name --address-prefixes --delegations -g
      User-Agent:
      - python/3.8.5 (macOS-10.15.7-x86_64-i386-64bit) msrest/0.6.18 msrest_azure/0.6.3
        azure-mgmt-network/12.0.0 Azure-SDK-For-Python AZURECLI/2.13.0
    method: GET
    uri: https://management.azure.com/subscriptions/00000000-0000-0000-0000-000000000000/providers/Microsoft.Network/locations/westus2/operations/f0eef680-7bd0-4e4a-9594-a94755b61495?api-version=2020-06-01
  response:
    body:
      string: "{\r\n  \"status\": \"Succeeded\"\r\n}"
    headers:
      cache-control:
      - no-cache
      content-length:
      - '29'
      content-type:
      - application/json; charset=utf-8
      date:
      - Tue, 03 Nov 2020 11:47:18 GMT
      expires:
      - '-1'
      pragma:
      - no-cache
      server:
      - Microsoft-HTTPAPI/2.0
      - Microsoft-HTTPAPI/2.0
      strict-transport-security:
      - max-age=31536000; includeSubDomains
      transfer-encoding:
      - chunked
      vary:
      - Accept-Encoding
      x-content-type-options:
      - nosniff
      x-ms-arm-service-request-id:
      - f29ce839-8655-438b-9e84-dae16ec7befb
    status:
      code: 200
      message: OK
- request:
    body: null
    headers:
      Accept:
      - application/json
      Accept-Encoding:
      - gzip, deflate
      CommandName:
      - network vnet subnet create
      Connection:
      - keep-alive
      ParameterSetName:
      - -n --vnet-name --address-prefixes --delegations -g
      User-Agent:
      - python/3.8.5 (macOS-10.15.7-x86_64-i386-64bit) msrest/0.6.18 msrest_azure/0.6.3
        azure-mgmt-network/12.0.0 Azure-SDK-For-Python AZURECLI/2.13.0
    method: GET
    uri: https://management.azure.com/subscriptions/00000000-0000-0000-0000-000000000000/resourceGroups/cli_netapp_test_snap_000001/providers/Microsoft.Network/virtualNetworks/cli-vnet-lefr-02?api-version=2020-07-01
  response:
    body:
      string: "{\r\n  \"name\": \"cli-vnet-lefr-02\",\r\n  \"id\": \"/subscriptions/00000000-0000-0000-0000-000000000000/resourceGroups/cli_netapp_test_snap_000001/providers/Microsoft.Network/virtualNetworks/cli-vnet-lefr-02\"\
        ,\r\n  \"etag\": \"W/\\\"000f1ef4-0df8-4cc0-9d95-200df0f41d01\\\"\",\r\n \
        \ \"type\": \"Microsoft.Network/virtualNetworks\",\r\n  \"location\": \"westus2\"\
        ,\r\n  \"tags\": {},\r\n  \"properties\": {\r\n    \"provisioningState\":\
        \ \"Succeeded\",\r\n    \"resourceGuid\": \"fb61845d-64e9-4736-852d-f6b4adfa8e5e\"\
        ,\r\n    \"addressSpace\": {\r\n      \"addressPrefixes\": [\r\n        \"\
        10.5.0.0/16\"\r\n      ]\r\n    },\r\n    \"dhcpOptions\": {\r\n      \"dnsServers\"\
        : []\r\n    },\r\n    \"subnets\": [\r\n      {\r\n        \"name\": \"cli-subnet-lefr-02\"\
        ,\r\n        \"id\": \"/subscriptions/00000000-0000-0000-0000-000000000000/resourceGroups/cli_netapp_test_snap_000001/providers/Microsoft.Network/virtualNetworks/cli-vnet-lefr-02/subnets/cli-subnet-lefr-02\"\
        ,\r\n        \"etag\": \"W/\\\"000f1ef4-0df8-4cc0-9d95-200df0f41d01\\\"\"\
        ,\r\n        \"properties\": {\r\n          \"provisioningState\": \"Succeeded\"\
        ,\r\n          \"addressPrefix\": \"10.5.0.0/24\",\r\n          \"delegations\"\
        : [\r\n            {\r\n              \"name\": \"0\",\r\n              \"\
        id\": \"/subscriptions/00000000-0000-0000-0000-000000000000/resourceGroups/cli_netapp_test_snap_000001/providers/Microsoft.Network/virtualNetworks/cli-vnet-lefr-02/subnets/cli-subnet-lefr-02/delegations/0\"\
        ,\r\n              \"etag\": \"W/\\\"000f1ef4-0df8-4cc0-9d95-200df0f41d01\\\
        \"\",\r\n              \"properties\": {\r\n                \"provisioningState\"\
        : \"Succeeded\",\r\n                \"serviceName\": \"Microsoft.Netapp/volumes\"\
        ,\r\n                \"actions\": [\r\n                  \"Microsoft.Network/networkinterfaces/*\"\
        ,\r\n                  \"Microsoft.Network/virtualNetworks/subnets/join/action\"\
        \r\n                ]\r\n              },\r\n              \"type\": \"Microsoft.Network/virtualNetworks/subnets/delegations\"\
        \r\n            }\r\n          ],\r\n          \"purpose\": \"HostedWorkloads\"\
        ,\r\n          \"privateEndpointNetworkPolicies\": \"Enabled\",\r\n      \
        \    \"privateLinkServiceNetworkPolicies\": \"Enabled\"\r\n        },\r\n\
        \        \"type\": \"Microsoft.Network/virtualNetworks/subnets\"\r\n     \
        \ }\r\n    ],\r\n    \"virtualNetworkPeerings\": [],\r\n    \"enableDdosProtection\"\
        : false,\r\n    \"enableVmProtection\": false\r\n  }\r\n}"
    headers:
      cache-control:
      - no-cache
      content-length:
      - '2367'
      content-type:
      - application/json; charset=utf-8
      date:
      - Tue, 03 Nov 2020 11:47:18 GMT
      etag:
      - W/"000f1ef4-0df8-4cc0-9d95-200df0f41d01"
      expires:
      - '-1'
      pragma:
      - no-cache
      server:
      - Microsoft-HTTPAPI/2.0
      - Microsoft-HTTPAPI/2.0
      strict-transport-security:
      - max-age=31536000; includeSubDomains
      transfer-encoding:
      - chunked
      vary:
      - Accept-Encoding
      x-content-type-options:
      - nosniff
      x-ms-arm-service-request-id:
      - 3b93a058-0057-49bf-97f8-bc51c30dac9b
    status:
      code: 200
      message: OK
- request:
    body: '{"location": "westus2"}'
    headers:
      Accept:
      - application/json
      Accept-Encoding:
      - gzip, deflate
      CommandName:
      - netappfiles account create
      Connection:
      - keep-alive
      Content-Length:
      - '23'
      Content-Type:
      - application/json; charset=utf-8
      ParameterSetName:
      - -g -a -l
      User-Agent:
      - python/3.8.5 (macOS-10.15.7-x86_64-i386-64bit) msrest/0.6.18 msrest_azure/0.6.3
        azure-mgmt-netapp/0.14.0 Azure-SDK-For-Python AZURECLI/2.13.0
      accept-language:
      - en-US
    method: PUT
    uri: https://management.azure.com/subscriptions/00000000-0000-0000-0000-000000000000/resourceGroups/cli_netapp_test_snap_000001/providers/Microsoft.NetApp/netAppAccounts/cli-acc-000002?api-version=2020-07-01
  response:
    body:
      string: '{"id":"/subscriptions/00000000-0000-0000-0000-000000000000/resourceGroups/cli_netapp_test_snap_000001/providers/Microsoft.NetApp/netAppAccounts/cli-acc-000002","name":"cli-acc-000002","type":"Microsoft.NetApp/netAppAccounts","etag":"W/\"datetime''2020-11-03T11%3A47%3A25.6369288Z''\"","location":"westus2","properties":{"provisioningState":"Creating"}}'
    headers:
      access-control-expose-headers:
      - Request-Context
      azure-asyncoperation:
      - https://management.azure.com/subscriptions/00000000-0000-0000-0000-000000000000/providers/Microsoft.NetApp/locations/westus2/operationResults/884d7a43-891d-4a4b-8185-a031a8a8ad12?api-version=2020-07-01
      cache-control:
      - no-cache
      content-length:
      - '418'
      content-type:
      - application/json; charset=utf-8
      date:
      - Tue, 03 Nov 2020 11:47:27 GMT
      etag:
      - W/"datetime'2020-11-03T11%3A47%3A25.6369288Z'"
      expires:
      - '-1'
      pragma:
      - no-cache
      request-context:
      - appId=cid-v1:2c4cb680-0a1f-424d-bb8d-8e650ba68d53
      server:
      - Microsoft-IIS/10.0
      strict-transport-security:
      - max-age=31536000; includeSubDomains
      x-content-type-options:
      - nosniff
      x-ms-ratelimit-remaining-subscription-writes:
      - '1198'
      x-powered-by:
      - ASP.NET
    status:
      code: 201
      message: Created
- request:
    body: null
    headers:
      Accept:
      - application/json
      Accept-Encoding:
      - gzip, deflate
      CommandName:
      - netappfiles account create
      Connection:
      - keep-alive
      ParameterSetName:
      - -g -a -l
      User-Agent:
      - python/3.8.5 (macOS-10.15.7-x86_64-i386-64bit) msrest/0.6.18 msrest_azure/0.6.3
        azure-mgmt-netapp/0.14.0 Azure-SDK-For-Python AZURECLI/2.13.0
    method: GET
    uri: https://management.azure.com/subscriptions/00000000-0000-0000-0000-000000000000/providers/Microsoft.NetApp/locations/westus2/operationResults/884d7a43-891d-4a4b-8185-a031a8a8ad12?api-version=2020-07-01
  response:
    body:
      string: '{"id":"/subscriptions/00000000-0000-0000-0000-000000000000/providers/Microsoft.NetApp/locations/westus2/operationResults/884d7a43-891d-4a4b-8185-a031a8a8ad12","name":"884d7a43-891d-4a4b-8185-a031a8a8ad12","status":"Succeeded","startTime":"2020-11-03T11:47:25.5769053Z","endTime":"2020-11-03T11:47:25.7080332Z","percentComplete":100.0,"properties":{"resourceName":"/subscriptions/00000000-0000-0000-0000-000000000000/resourceGroups/cli_netapp_test_snap_000001/providers/Microsoft.NetApp/netAppAccounts/cli-acc-000002"}}'
    headers:
      access-control-expose-headers:
      - Request-Context
      cache-control:
      - no-cache
      content-length:
      - '576'
      content-type:
      - application/json; charset=utf-8
      date:
      - Tue, 03 Nov 2020 11:47:58 GMT
      expires:
      - '-1'
      pragma:
      - no-cache
      request-context:
      - appId=cid-v1:2c4cb680-0a1f-424d-bb8d-8e650ba68d53
      server:
      - Microsoft-IIS/10.0
      strict-transport-security:
      - max-age=31536000; includeSubDomains
      transfer-encoding:
      - chunked
      vary:
      - Accept-Encoding
      x-content-type-options:
      - nosniff
      x-powered-by:
      - ASP.NET
    status:
      code: 200
      message: OK
- request:
    body: null
    headers:
      Accept:
      - application/json
      Accept-Encoding:
      - gzip, deflate
      CommandName:
      - netappfiles account create
      Connection:
      - keep-alive
      ParameterSetName:
      - -g -a -l
      User-Agent:
      - python/3.8.5 (macOS-10.15.7-x86_64-i386-64bit) msrest/0.6.18 msrest_azure/0.6.3
        azure-mgmt-netapp/0.14.0 Azure-SDK-For-Python AZURECLI/2.13.0
    method: GET
    uri: https://management.azure.com/subscriptions/00000000-0000-0000-0000-000000000000/resourceGroups/cli_netapp_test_snap_000001/providers/Microsoft.NetApp/netAppAccounts/cli-acc-000002?api-version=2020-07-01
  response:
    body:
      string: '{"id":"/subscriptions/00000000-0000-0000-0000-000000000000/resourceGroups/cli_netapp_test_snap_000001/providers/Microsoft.NetApp/netAppAccounts/cli-acc-000002","name":"cli-acc-000002","type":"Microsoft.NetApp/netAppAccounts","etag":"W/\"datetime''2020-11-03T11%3A47%3A25.7109824Z''\"","location":"westus2","properties":{"provisioningState":"Succeeded"}}'
    headers:
      access-control-expose-headers:
      - Request-Context
      cache-control:
      - no-cache
      content-length:
      - '419'
      content-type:
      - application/json; charset=utf-8
      date:
      - Tue, 03 Nov 2020 11:47:59 GMT
      etag:
      - W/"datetime'2020-11-03T11%3A47%3A25.7109824Z'"
      expires:
      - '-1'
      pragma:
      - no-cache
      request-context:
      - appId=cid-v1:2c4cb680-0a1f-424d-bb8d-8e650ba68d53
      server:
      - Microsoft-IIS/10.0
      strict-transport-security:
      - max-age=31536000; includeSubDomains
      transfer-encoding:
      - chunked
      vary:
      - Accept-Encoding
      x-content-type-options:
      - nosniff
      x-powered-by:
      - ASP.NET
    status:
      code: 200
      message: OK
- request:
    body: '{"location": "westus2", "properties": {"size": 4398046511104, "serviceLevel":
      "Premium"}}'
    headers:
      Accept:
      - application/json
      Accept-Encoding:
      - gzip, deflate
      CommandName:
      - netappfiles pool create
      Connection:
      - keep-alive
      Content-Length:
      - '89'
      Content-Type:
      - application/json; charset=utf-8
      ParameterSetName:
      - -g -a -p -l --service-level --size
      User-Agent:
      - python/3.8.5 (macOS-10.15.7-x86_64-i386-64bit) msrest/0.6.18 msrest_azure/0.6.3
        azure-mgmt-netapp/0.14.0 Azure-SDK-For-Python AZURECLI/2.13.0
      accept-language:
      - en-US
    method: PUT
    uri: https://management.azure.com/subscriptions/00000000-0000-0000-0000-000000000000/resourceGroups/cli_netapp_test_snap_000001/providers/Microsoft.NetApp/netAppAccounts/cli-acc-000002/capacityPools/cli-pool-000003?api-version=2020-07-01
  response:
    body:
      string: '{"id":"/subscriptions/00000000-0000-0000-0000-000000000000/resourceGroups/cli_netapp_test_snap_000001/providers/Microsoft.NetApp/netAppAccounts/cli-acc-000002/capacityPools/cli-pool-000003","name":"cli-acc-000002/cli-pool-000003","type":"Microsoft.NetApp/netAppAccounts/capacityPools","etag":"W/\"datetime''2020-11-03T11%3A48%3A07.8092204Z''\"","location":"westus2","properties":{"serviceLevel":"Premium","size":4398046511104,"totalThroughputMibps":0.0,"utilizedThroughputMibps":0.0,"provisioningState":"Creating"}}'
    headers:
      access-control-expose-headers:
      - Request-Context
      azure-asyncoperation:
      - https://management.azure.com/subscriptions/00000000-0000-0000-0000-000000000000/providers/Microsoft.NetApp/locations/westus2/operationResults/2657f623-e5d9-4799-8ba5-1525a2948137?api-version=2020-07-01
      cache-control:
      - no-cache
      content-length:
      - '599'
      content-type:
      - application/json; charset=utf-8
      date:
      - Tue, 03 Nov 2020 11:48:08 GMT
      etag:
      - W/"datetime'2020-11-03T11%3A48%3A07.8092204Z'"
      expires:
      - '-1'
      pragma:
      - no-cache
      request-context:
      - appId=cid-v1:2c4cb680-0a1f-424d-bb8d-8e650ba68d53
      server:
      - Microsoft-IIS/10.0
      strict-transport-security:
      - max-age=31536000; includeSubDomains
      x-content-type-options:
      - nosniff
      x-ms-ratelimit-remaining-subscription-writes:
      - '1198'
      x-powered-by:
      - ASP.NET
    status:
      code: 201
      message: Created
- request:
    body: null
    headers:
      Accept:
      - application/json
      Accept-Encoding:
      - gzip, deflate
      CommandName:
      - netappfiles pool create
      Connection:
      - keep-alive
      ParameterSetName:
      - -g -a -p -l --service-level --size
      User-Agent:
      - python/3.8.5 (macOS-10.15.7-x86_64-i386-64bit) msrest/0.6.18 msrest_azure/0.6.3
        azure-mgmt-netapp/0.14.0 Azure-SDK-For-Python AZURECLI/2.13.0
    method: GET
    uri: https://management.azure.com/subscriptions/00000000-0000-0000-0000-000000000000/providers/Microsoft.NetApp/locations/westus2/operationResults/2657f623-e5d9-4799-8ba5-1525a2948137?api-version=2020-07-01
  response:
    body:
      string: '{"id":"/subscriptions/00000000-0000-0000-0000-000000000000/providers/Microsoft.NetApp/locations/westus2/operationResults/2657f623-e5d9-4799-8ba5-1525a2948137","name":"2657f623-e5d9-4799-8ba5-1525a2948137","status":"Succeeded","startTime":"2020-11-03T11:48:07.723711Z","endTime":"2020-11-03T11:48:08.0049547Z","percentComplete":100.0,"properties":{"resourceName":"/subscriptions/00000000-0000-0000-0000-000000000000/resourceGroups/cli_netapp_test_snap_000001/providers/Microsoft.NetApp/netAppAccounts/cli-acc-000002/capacityPools/cli-pool-000003"}}'
    headers:
      access-control-expose-headers:
      - Request-Context
      cache-control:
      - no-cache
      content-length:
      - '614'
      content-type:
      - application/json; charset=utf-8
      date:
      - Tue, 03 Nov 2020 11:48:40 GMT
      expires:
      - '-1'
      pragma:
      - no-cache
      request-context:
      - appId=cid-v1:2c4cb680-0a1f-424d-bb8d-8e650ba68d53
      server:
      - Microsoft-IIS/10.0
      strict-transport-security:
      - max-age=31536000; includeSubDomains
      transfer-encoding:
      - chunked
      vary:
      - Accept-Encoding
      x-content-type-options:
      - nosniff
      x-powered-by:
      - ASP.NET
    status:
      code: 200
      message: OK
- request:
    body: null
    headers:
      Accept:
      - application/json
      Accept-Encoding:
      - gzip, deflate
      CommandName:
      - netappfiles pool create
      Connection:
      - keep-alive
      ParameterSetName:
      - -g -a -p -l --service-level --size
      User-Agent:
      - python/3.8.5 (macOS-10.15.7-x86_64-i386-64bit) msrest/0.6.18 msrest_azure/0.6.3
        azure-mgmt-netapp/0.14.0 Azure-SDK-For-Python AZURECLI/2.13.0
    method: GET
    uri: https://management.azure.com/subscriptions/00000000-0000-0000-0000-000000000000/resourceGroups/cli_netapp_test_snap_000001/providers/Microsoft.NetApp/netAppAccounts/cli-acc-000002/capacityPools/cli-pool-000003?api-version=2020-07-01
  response:
    body:
      string: '{"id":"/subscriptions/00000000-0000-0000-0000-000000000000/resourceGroups/cli_netapp_test_snap_000001/providers/Microsoft.NetApp/netAppAccounts/cli-acc-000002/capacityPools/cli-pool-000003","name":"cli-acc-000002/cli-pool-000003","type":"Microsoft.NetApp/netAppAccounts/capacityPools","etag":"W/\"datetime''2020-11-03T11%3A48%3A08.0003576Z''\"","location":"westus2","properties":{"poolId":"94016c1e-ea60-7ab1-7809-bdf619392504","serviceLevel":"Premium","size":4398046511104,"qosType":"Auto","totalThroughputMibps":262.144,"utilizedThroughputMibps":0.0,"encryptionType":"Single","provisioningState":"Succeeded"}}'
    headers:
      access-control-expose-headers:
      - Request-Context
      cache-control:
      - no-cache
      content-length:
      - '695'
      content-type:
      - application/json; charset=utf-8
      date:
      - Tue, 03 Nov 2020 11:48:41 GMT
      etag:
      - W/"datetime'2020-11-03T11%3A48%3A08.0003576Z'"
      expires:
      - '-1'
      pragma:
      - no-cache
      request-context:
      - appId=cid-v1:2c4cb680-0a1f-424d-bb8d-8e650ba68d53
      server:
      - Microsoft-IIS/10.0
      strict-transport-security:
      - max-age=31536000; includeSubDomains
      transfer-encoding:
      - chunked
      vary:
      - Accept-Encoding
      x-content-type-options:
      - nosniff
      x-powered-by:
      - ASP.NET
    status:
      code: 200
      message: OK
- request:
    body: '{"location": "westus2", "properties": {"creationToken": "cli-vol-000004",
      "serviceLevel": "Premium", "usageThreshold": 107374182400, "subnetId": "/subscriptions/00000000-0000-0000-0000-000000000000/resourceGroups/cli_netapp_test_snap_000001/providers/Microsoft.Network/virtualNetworks/cli-vnet-lefr-02/subnets/cli-subnet-lefr-02"}}'
    headers:
      Accept:
      - application/json
      Accept-Encoding:
      - gzip, deflate
      CommandName:
      - netappfiles volume create
      Connection:
      - keep-alive
      Content-Length:
      - '389'
      Content-Type:
      - application/json; charset=utf-8
      ParameterSetName:
      - --resource-group --account-name --pool-name --volume-name -l --service-level
        --usage-threshold --file-path --vnet --subnet
      User-Agent:
      - python/3.8.5 (macOS-10.15.7-x86_64-i386-64bit) msrest/0.6.18 msrest_azure/0.6.3
        azure-mgmt-netapp/0.14.0 Azure-SDK-For-Python AZURECLI/2.13.0
      accept-language:
      - en-US
    method: PUT
    uri: https://management.azure.com/subscriptions/00000000-0000-0000-0000-000000000000/resourceGroups/cli_netapp_test_snap_000001/providers/Microsoft.NetApp/netAppAccounts/cli-acc-000002/capacityPools/cli-pool-000003/volumes/cli-vol-000004?api-version=2020-07-01
  response:
    body:
      string: '{"id":"/subscriptions/00000000-0000-0000-0000-000000000000/resourceGroups/cli_netapp_test_snap_000001/providers/Microsoft.NetApp/netAppAccounts/cli-acc-000002/capacityPools/cli-pool-000003/volumes/cli-vol-000004","name":"cli-acc-000002/cli-pool-000003/cli-vol-000004","type":"Microsoft.NetApp/netAppAccounts/capacityPools/volumes","etag":"W/\"datetime''2020-11-03T11%3A48%3A48.4624156Z''\"","location":"westus2","properties":{"serviceLevel":"Premium","creationToken":"cli-vol-000004","usageThreshold":107374182400,"subnetId":"/subscriptions/00000000-0000-0000-0000-000000000000/resourceGroups/cli_netapp_test_snap_000001/providers/Microsoft.Network/virtualNetworks/cli-vnet-lefr-02/subnets/cli-subnet-lefr-02","provisioningState":"Creating"}}'
    headers:
      access-control-expose-headers:
      - Request-Context
      azure-asyncoperation:
      - https://management.azure.com/subscriptions/00000000-0000-0000-0000-000000000000/providers/Microsoft.NetApp/locations/westus2/operationResults/97095072-6ff2-441e-af2a-6c7da0caaa57?api-version=2020-07-01
      cache-control:
      - no-cache
      content-length:
      - '904'
      content-type:
      - application/json; charset=utf-8
      date:
      - Tue, 03 Nov 2020 11:48:50 GMT
      etag:
      - W/"datetime'2020-11-03T11%3A48%3A48.4624156Z'"
      expires:
      - '-1'
      pragma:
      - no-cache
      request-context:
      - appId=cid-v1:2c4cb680-0a1f-424d-bb8d-8e650ba68d53
      server:
      - Microsoft-IIS/10.0
      strict-transport-security:
      - max-age=31536000; includeSubDomains
      x-content-type-options:
      - nosniff
      x-ms-ratelimit-remaining-subscription-writes:
      - '1198'
      x-powered-by:
      - ASP.NET
    status:
      code: 201
      message: Created
- request:
    body: null
    headers:
      Accept:
      - application/json
      Accept-Encoding:
      - gzip, deflate
      CommandName:
      - netappfiles volume create
      Connection:
      - keep-alive
      ParameterSetName:
      - --resource-group --account-name --pool-name --volume-name -l --service-level
        --usage-threshold --file-path --vnet --subnet
      User-Agent:
      - python/3.8.5 (macOS-10.15.7-x86_64-i386-64bit) msrest/0.6.18 msrest_azure/0.6.3
        azure-mgmt-netapp/0.14.0 Azure-SDK-For-Python AZURECLI/2.13.0
    method: GET
    uri: https://management.azure.com/subscriptions/00000000-0000-0000-0000-000000000000/providers/Microsoft.NetApp/locations/westus2/operationResults/97095072-6ff2-441e-af2a-6c7da0caaa57?api-version=2020-07-01
  response:
    body:
      string: '{"id":"/subscriptions/00000000-0000-0000-0000-000000000000/providers/Microsoft.NetApp/locations/westus2/operationResults/97095072-6ff2-441e-af2a-6c7da0caaa57","name":"97095072-6ff2-441e-af2a-6c7da0caaa57","status":"Creating","startTime":"2020-11-03T11:48:48.3989359Z","endTime":"0001-01-01T00:00:00Z","percentComplete":0.0,"properties":{"resourceName":"/subscriptions/00000000-0000-0000-0000-000000000000/resourceGroups/cli_netapp_test_snap_000001/providers/Microsoft.NetApp/netAppAccounts/cli-acc-000002/capacityPools/cli-pool-000003/volumes/cli-vol-000004"}}'
    headers:
      access-control-expose-headers:
      - Request-Context
      cache-control:
      - no-cache
      content-length:
      - '637'
      content-type:
      - application/json; charset=utf-8
      date:
      - Tue, 03 Nov 2020 11:49:21 GMT
      expires:
      - '-1'
      pragma:
      - no-cache
      request-context:
      - appId=cid-v1:2c4cb680-0a1f-424d-bb8d-8e650ba68d53
      server:
      - Microsoft-IIS/10.0
      strict-transport-security:
      - max-age=31536000; includeSubDomains
      transfer-encoding:
      - chunked
      vary:
      - Accept-Encoding
      x-content-type-options:
      - nosniff
      x-powered-by:
      - ASP.NET
    status:
      code: 200
      message: OK
- request:
    body: null
    headers:
      Accept:
      - application/json
      Accept-Encoding:
      - gzip, deflate
      CommandName:
      - netappfiles volume create
      Connection:
      - keep-alive
      ParameterSetName:
      - --resource-group --account-name --pool-name --volume-name -l --service-level
        --usage-threshold --file-path --vnet --subnet
      User-Agent:
      - python/3.8.5 (macOS-10.15.7-x86_64-i386-64bit) msrest/0.6.18 msrest_azure/0.6.3
        azure-mgmt-netapp/0.14.0 Azure-SDK-For-Python AZURECLI/2.13.0
    method: GET
    uri: https://management.azure.com/subscriptions/00000000-0000-0000-0000-000000000000/providers/Microsoft.NetApp/locations/westus2/operationResults/97095072-6ff2-441e-af2a-6c7da0caaa57?api-version=2020-07-01
  response:
    body:
      string: '{"id":"/subscriptions/00000000-0000-0000-0000-000000000000/providers/Microsoft.NetApp/locations/westus2/operationResults/97095072-6ff2-441e-af2a-6c7da0caaa57","name":"97095072-6ff2-441e-af2a-6c7da0caaa57","status":"Creating","startTime":"2020-11-03T11:48:48.3989359Z","endTime":"0001-01-01T00:00:00Z","percentComplete":0.0,"properties":{"resourceName":"/subscriptions/00000000-0000-0000-0000-000000000000/resourceGroups/cli_netapp_test_snap_000001/providers/Microsoft.NetApp/netAppAccounts/cli-acc-000002/capacityPools/cli-pool-000003/volumes/cli-vol-000004"}}'
    headers:
      access-control-expose-headers:
      - Request-Context
      cache-control:
      - no-cache
      content-length:
      - '637'
      content-type:
      - application/json; charset=utf-8
      date:
      - Tue, 03 Nov 2020 11:49:53 GMT
      expires:
      - '-1'
      pragma:
      - no-cache
      request-context:
      - appId=cid-v1:2c4cb680-0a1f-424d-bb8d-8e650ba68d53
      server:
      - Microsoft-IIS/10.0
      strict-transport-security:
      - max-age=31536000; includeSubDomains
      transfer-encoding:
      - chunked
      vary:
      - Accept-Encoding
      x-content-type-options:
      - nosniff
      x-powered-by:
      - ASP.NET
    status:
      code: 200
      message: OK
- request:
    body: null
    headers:
      Accept:
      - application/json
      Accept-Encoding:
      - gzip, deflate
      CommandName:
      - netappfiles volume create
      Connection:
      - keep-alive
      ParameterSetName:
      - --resource-group --account-name --pool-name --volume-name -l --service-level
        --usage-threshold --file-path --vnet --subnet
      User-Agent:
      - python/3.8.5 (macOS-10.15.7-x86_64-i386-64bit) msrest/0.6.18 msrest_azure/0.6.3
        azure-mgmt-netapp/0.14.0 Azure-SDK-For-Python AZURECLI/2.13.0
    method: GET
    uri: https://management.azure.com/subscriptions/00000000-0000-0000-0000-000000000000/providers/Microsoft.NetApp/locations/westus2/operationResults/97095072-6ff2-441e-af2a-6c7da0caaa57?api-version=2020-07-01
  response:
    body:
      string: '{"id":"/subscriptions/00000000-0000-0000-0000-000000000000/providers/Microsoft.NetApp/locations/westus2/operationResults/97095072-6ff2-441e-af2a-6c7da0caaa57","name":"97095072-6ff2-441e-af2a-6c7da0caaa57","status":"Creating","startTime":"2020-11-03T11:48:48.3989359Z","endTime":"0001-01-01T00:00:00Z","percentComplete":0.0,"properties":{"resourceName":"/subscriptions/00000000-0000-0000-0000-000000000000/resourceGroups/cli_netapp_test_snap_000001/providers/Microsoft.NetApp/netAppAccounts/cli-acc-000002/capacityPools/cli-pool-000003/volumes/cli-vol-000004"}}'
    headers:
      access-control-expose-headers:
      - Request-Context
      cache-control:
      - no-cache
      content-length:
      - '637'
      content-type:
      - application/json; charset=utf-8
      date:
      - Tue, 03 Nov 2020 11:50:23 GMT
      expires:
      - '-1'
      pragma:
      - no-cache
      request-context:
      - appId=cid-v1:2c4cb680-0a1f-424d-bb8d-8e650ba68d53
      server:
      - Microsoft-IIS/10.0
      strict-transport-security:
      - max-age=31536000; includeSubDomains
      transfer-encoding:
      - chunked
      vary:
      - Accept-Encoding
      x-content-type-options:
      - nosniff
      x-powered-by:
      - ASP.NET
    status:
      code: 200
      message: OK
- request:
    body: null
    headers:
      Accept:
      - application/json
      Accept-Encoding:
      - gzip, deflate
      CommandName:
      - netappfiles volume create
      Connection:
      - keep-alive
      ParameterSetName:
      - --resource-group --account-name --pool-name --volume-name -l --service-level
        --usage-threshold --file-path --vnet --subnet
      User-Agent:
      - python/3.8.5 (macOS-10.15.7-x86_64-i386-64bit) msrest/0.6.18 msrest_azure/0.6.3
        azure-mgmt-netapp/0.14.0 Azure-SDK-For-Python AZURECLI/2.13.0
    method: GET
    uri: https://management.azure.com/subscriptions/00000000-0000-0000-0000-000000000000/providers/Microsoft.NetApp/locations/westus2/operationResults/97095072-6ff2-441e-af2a-6c7da0caaa57?api-version=2020-07-01
  response:
    body:
      string: '{"id":"/subscriptions/00000000-0000-0000-0000-000000000000/providers/Microsoft.NetApp/locations/westus2/operationResults/97095072-6ff2-441e-af2a-6c7da0caaa57","name":"97095072-6ff2-441e-af2a-6c7da0caaa57","status":"Creating","startTime":"2020-11-03T11:48:48.3989359Z","endTime":"0001-01-01T00:00:00Z","percentComplete":0.0,"properties":{"resourceName":"/subscriptions/00000000-0000-0000-0000-000000000000/resourceGroups/cli_netapp_test_snap_000001/providers/Microsoft.NetApp/netAppAccounts/cli-acc-000002/capacityPools/cli-pool-000003/volumes/cli-vol-000004"}}'
    headers:
      access-control-expose-headers:
      - Request-Context
      cache-control:
      - no-cache
      content-length:
      - '637'
      content-type:
      - application/json; charset=utf-8
      date:
      - Tue, 03 Nov 2020 11:50:55 GMT
      expires:
      - '-1'
      pragma:
      - no-cache
      request-context:
      - appId=cid-v1:2c4cb680-0a1f-424d-bb8d-8e650ba68d53
      server:
      - Microsoft-IIS/10.0
      strict-transport-security:
      - max-age=31536000; includeSubDomains
      transfer-encoding:
      - chunked
      vary:
      - Accept-Encoding
      x-content-type-options:
      - nosniff
      x-powered-by:
      - ASP.NET
    status:
      code: 200
      message: OK
- request:
    body: null
    headers:
      Accept:
      - application/json
      Accept-Encoding:
      - gzip, deflate
      CommandName:
      - netappfiles volume create
      Connection:
      - keep-alive
      ParameterSetName:
      - --resource-group --account-name --pool-name --volume-name -l --service-level
        --usage-threshold --file-path --vnet --subnet
      User-Agent:
      - python/3.8.5 (macOS-10.15.7-x86_64-i386-64bit) msrest/0.6.18 msrest_azure/0.6.3
        azure-mgmt-netapp/0.14.0 Azure-SDK-For-Python AZURECLI/2.13.0
    method: GET
    uri: https://management.azure.com/subscriptions/00000000-0000-0000-0000-000000000000/providers/Microsoft.NetApp/locations/westus2/operationResults/97095072-6ff2-441e-af2a-6c7da0caaa57?api-version=2020-07-01
  response:
    body:
      string: '{"id":"/subscriptions/00000000-0000-0000-0000-000000000000/providers/Microsoft.NetApp/locations/westus2/operationResults/97095072-6ff2-441e-af2a-6c7da0caaa57","name":"97095072-6ff2-441e-af2a-6c7da0caaa57","status":"Creating","startTime":"2020-11-03T11:48:48.3989359Z","endTime":"0001-01-01T00:00:00Z","percentComplete":0.0,"properties":{"resourceName":"/subscriptions/00000000-0000-0000-0000-000000000000/resourceGroups/cli_netapp_test_snap_000001/providers/Microsoft.NetApp/netAppAccounts/cli-acc-000002/capacityPools/cli-pool-000003/volumes/cli-vol-000004"}}'
    headers:
      access-control-expose-headers:
      - Request-Context
      cache-control:
      - no-cache
      content-length:
      - '637'
      content-type:
      - application/json; charset=utf-8
      date:
      - Tue, 03 Nov 2020 11:51:25 GMT
      expires:
      - '-1'
      pragma:
      - no-cache
      request-context:
      - appId=cid-v1:2c4cb680-0a1f-424d-bb8d-8e650ba68d53
      server:
      - Microsoft-IIS/10.0
      strict-transport-security:
      - max-age=31536000; includeSubDomains
      transfer-encoding:
      - chunked
      vary:
      - Accept-Encoding
      x-content-type-options:
      - nosniff
      x-powered-by:
      - ASP.NET
    status:
      code: 200
      message: OK
- request:
    body: null
    headers:
      Accept:
      - application/json
      Accept-Encoding:
      - gzip, deflate
      CommandName:
      - netappfiles volume create
      Connection:
      - keep-alive
      ParameterSetName:
      - --resource-group --account-name --pool-name --volume-name -l --service-level
        --usage-threshold --file-path --vnet --subnet
      User-Agent:
      - python/3.8.5 (macOS-10.15.7-x86_64-i386-64bit) msrest/0.6.18 msrest_azure/0.6.3
        azure-mgmt-netapp/0.14.0 Azure-SDK-For-Python AZURECLI/2.13.0
    method: GET
    uri: https://management.azure.com/subscriptions/00000000-0000-0000-0000-000000000000/providers/Microsoft.NetApp/locations/westus2/operationResults/97095072-6ff2-441e-af2a-6c7da0caaa57?api-version=2020-07-01
  response:
    body:
      string: '{"id":"/subscriptions/00000000-0000-0000-0000-000000000000/providers/Microsoft.NetApp/locations/westus2/operationResults/97095072-6ff2-441e-af2a-6c7da0caaa57","name":"97095072-6ff2-441e-af2a-6c7da0caaa57","status":"Creating","startTime":"2020-11-03T11:48:48.3989359Z","endTime":"0001-01-01T00:00:00Z","percentComplete":0.0,"properties":{"resourceName":"/subscriptions/00000000-0000-0000-0000-000000000000/resourceGroups/cli_netapp_test_snap_000001/providers/Microsoft.NetApp/netAppAccounts/cli-acc-000002/capacityPools/cli-pool-000003/volumes/cli-vol-000004"}}'
    headers:
      access-control-expose-headers:
      - Request-Context
      cache-control:
      - no-cache
      content-length:
      - '637'
      content-type:
      - application/json; charset=utf-8
      date:
      - Tue, 03 Nov 2020 11:51:56 GMT
      expires:
      - '-1'
      pragma:
      - no-cache
      request-context:
      - appId=cid-v1:2c4cb680-0a1f-424d-bb8d-8e650ba68d53
      server:
      - Microsoft-IIS/10.0
      strict-transport-security:
      - max-age=31536000; includeSubDomains
      transfer-encoding:
      - chunked
      vary:
      - Accept-Encoding
      x-content-type-options:
      - nosniff
      x-powered-by:
      - ASP.NET
    status:
      code: 200
      message: OK
- request:
    body: null
    headers:
      Accept:
      - application/json
      Accept-Encoding:
      - gzip, deflate
      CommandName:
      - netappfiles volume create
      Connection:
      - keep-alive
      ParameterSetName:
      - --resource-group --account-name --pool-name --volume-name -l --service-level
        --usage-threshold --file-path --vnet --subnet
      User-Agent:
      - python/3.8.5 (macOS-10.15.7-x86_64-i386-64bit) msrest/0.6.18 msrest_azure/0.6.3
        azure-mgmt-netapp/0.14.0 Azure-SDK-For-Python AZURECLI/2.13.0
    method: GET
    uri: https://management.azure.com/subscriptions/00000000-0000-0000-0000-000000000000/providers/Microsoft.NetApp/locations/westus2/operationResults/97095072-6ff2-441e-af2a-6c7da0caaa57?api-version=2020-07-01
  response:
    body:
      string: '{"id":"/subscriptions/00000000-0000-0000-0000-000000000000/providers/Microsoft.NetApp/locations/westus2/operationResults/97095072-6ff2-441e-af2a-6c7da0caaa57","name":"97095072-6ff2-441e-af2a-6c7da0caaa57","status":"Succeeded","startTime":"2020-11-03T11:48:48.3989359Z","endTime":"2020-11-03T11:52:02.5762082Z","percentComplete":100.0,"properties":{"resourceName":"/subscriptions/00000000-0000-0000-0000-000000000000/resourceGroups/cli_netapp_test_snap_000001/providers/Microsoft.NetApp/netAppAccounts/cli-acc-000002/capacityPools/cli-pool-000003/volumes/cli-vol-000004"}}'
    headers:
      access-control-expose-headers:
      - Request-Context
      cache-control:
      - no-cache
      content-length:
      - '648'
      content-type:
      - application/json; charset=utf-8
      date:
      - Tue, 03 Nov 2020 11:52:27 GMT
      expires:
      - '-1'
      pragma:
      - no-cache
      request-context:
      - appId=cid-v1:2c4cb680-0a1f-424d-bb8d-8e650ba68d53
      server:
      - Microsoft-IIS/10.0
      strict-transport-security:
      - max-age=31536000; includeSubDomains
      transfer-encoding:
      - chunked
      vary:
      - Accept-Encoding
      x-content-type-options:
      - nosniff
      x-powered-by:
      - ASP.NET
    status:
      code: 200
      message: OK
- request:
    body: null
    headers:
      Accept:
      - application/json
      Accept-Encoding:
      - gzip, deflate
      CommandName:
      - netappfiles volume create
      Connection:
      - keep-alive
      ParameterSetName:
      - --resource-group --account-name --pool-name --volume-name -l --service-level
        --usage-threshold --file-path --vnet --subnet
      User-Agent:
      - python/3.8.5 (macOS-10.15.7-x86_64-i386-64bit) msrest/0.6.18 msrest_azure/0.6.3
        azure-mgmt-netapp/0.14.0 Azure-SDK-For-Python AZURECLI/2.13.0
    method: GET
    uri: https://management.azure.com/subscriptions/00000000-0000-0000-0000-000000000000/resourceGroups/cli_netapp_test_snap_000001/providers/Microsoft.NetApp/netAppAccounts/cli-acc-000002/capacityPools/cli-pool-000003/volumes/cli-vol-000004?api-version=2020-07-01
  response:
    body:
      string: '{"id":"/subscriptions/00000000-0000-0000-0000-000000000000/resourceGroups/cli_netapp_test_snap_000001/providers/Microsoft.NetApp/netAppAccounts/cli-acc-000002/capacityPools/cli-pool-000003/volumes/cli-vol-000004","name":"cli-acc-000002/cli-pool-000003/cli-vol-000004","type":"Microsoft.NetApp/netAppAccounts/capacityPools/volumes","etag":"W/\"datetime''2020-11-03T11%3A52%3A02.5608137Z''\"","location":"westus2","properties":{"mountTargets":[{"mountTargetId":"476063e6-2472-c610-4efc-69788b24aaf4","fileSystemId":"476063e6-2472-c610-4efc-69788b24aaf4","ipAddress":"10.5.0.4","smbServerFQDN":""}],"throughputMibps":0.0,"provisioningState":"Succeeded","fileSystemId":"476063e6-2472-c610-4efc-69788b24aaf4","name":"cli-vol-000004","serviceLevel":"Premium","creationToken":"cli-vol-000004","usageThreshold":107374182400,"exportPolicy":{"rules":[{"ruleIndex":1,"unixReadOnly":false,"unixReadWrite":true,"cifs":false,"nfsv3":true,"nfsv41":false,"allowedClients":"0.0.0.0/0","kerberos5ReadOnly":false,"kerberos5ReadWrite":false,"kerberos5iReadOnly":false,"kerberos5iReadWrite":false,"kerberos5pReadOnly":false,"kerberos5pReadWrite":false,"hasRootAccess":true}]},"protocolTypes":["NFSv3"],"baremetalTenantId":"baremetalTenant_svm_8f82c7b40509489d9e97d719b9b955b4_b8aa4884","subnetId":"/subscriptions/00000000-0000-0000-0000-000000000000/resourceGroups/cli_netapp_test_snap_000001/providers/Microsoft.Network/virtualNetworks/cli-vnet-lefr-02/subnets/cli-subnet-lefr-02","snapshotDirectoryVisible":true,"kerberosEnabled":false,"securityStyle":"Unix"}}'
    headers:
      access-control-expose-headers:
      - Request-Context
      cache-control:
      - no-cache
      content-length:
      - '1713'
      content-type:
      - application/json; charset=utf-8
      date:
      - Tue, 03 Nov 2020 11:52:28 GMT
      etag:
      - W/"datetime'2020-11-03T11%3A52%3A02.5608137Z'"
      expires:
      - '-1'
      pragma:
      - no-cache
      request-context:
      - appId=cid-v1:2c4cb680-0a1f-424d-bb8d-8e650ba68d53
      server:
      - Microsoft-IIS/10.0
      strict-transport-security:
      - max-age=31536000; includeSubDomains
      transfer-encoding:
      - chunked
      vary:
      - Accept-Encoding
      x-content-type-options:
      - nosniff
      x-powered-by:
      - ASP.NET
    status:
      code: 200
      message: OK
- request:
    body: '{"location": "westus2"}'
    headers:
      Accept:
      - application/json
      Accept-Encoding:
      - gzip, deflate
      CommandName:
      - netappfiles snapshot create
      Connection:
      - keep-alive
      Content-Length:
      - '23'
      Content-Type:
      - application/json; charset=utf-8
      ParameterSetName:
      - -g -a -p -v -s -l
      User-Agent:
      - python/3.8.5 (macOS-10.15.7-x86_64-i386-64bit) msrest/0.6.18 msrest_azure/0.6.3
        azure-mgmt-netapp/0.14.0 Azure-SDK-For-Python AZURECLI/2.13.0
      accept-language:
      - en-US
    method: PUT
    uri: https://management.azure.com/subscriptions/00000000-0000-0000-0000-000000000000/resourceGroups/cli_netapp_test_snap_000001/providers/Microsoft.NetApp/netAppAccounts/cli-acc-000002/capacityPools/cli-pool-000003/volumes/cli-vol-000004/snapshots/cli-sn-000006?api-version=2020-07-01
  response:
    body:
      string: '{"id":"/subscriptions/00000000-0000-0000-0000-000000000000/resourceGroups/cli_netapp_test_snap_000001/providers/Microsoft.NetApp/netAppAccounts/cli-acc-000002/capacityPools/cli-pool-000003/volumes/cli-vol-000004/snapshots/cli-sn-000006","name":"cli-acc-000002/cli-pool-000003/cli-vol-000004/cli-sn-000006","type":"Microsoft.NetApp/netAppAccounts/capacityPools/volumes/snapshots","location":"westus2","properties":{"provisioningState":"Creating","fileSystemId":"476063e6-2472-c610-4efc-69788b24aaf4","name":"cli-sn-000006"}}'
    headers:
      access-control-expose-headers:
      - Request-Context
      azure-asyncoperation:
      - https://management.azure.com/subscriptions/00000000-0000-0000-0000-000000000000/providers/Microsoft.NetApp/locations/westus2/operationResults/c1db8078-7728-403e-9f79-77befdb52a0d?api-version=2020-07-01
      cache-control:
      - no-cache
      content-length:
      - '662'
      content-type:
      - application/json; charset=utf-8
      date:
      - Tue, 03 Nov 2020 11:52:31 GMT
      expires:
      - '-1'
      location:
      - https://management.azure.com/subscriptions/00000000-0000-0000-0000-000000000000/providers/Microsoft.NetApp/locations/westus2/operationResults/c1db8078-7728-403e-9f79-77befdb52a0d?api-version=2020-07-01&operationResultResponseType=Location
      pragma:
      - no-cache
      request-context:
      - appId=cid-v1:2c4cb680-0a1f-424d-bb8d-8e650ba68d53
      server:
      - Microsoft-IIS/10.0
      strict-transport-security:
      - max-age=31536000; includeSubDomains
      x-content-type-options:
      - nosniff
      x-ms-ratelimit-remaining-subscription-writes:
      - '1197'
      x-powered-by:
      - ASP.NET
    status:
      code: 201
      message: Created
- request:
    body: null
    headers:
      Accept:
      - application/json
      Accept-Encoding:
      - gzip, deflate
      CommandName:
      - netappfiles snapshot create
      Connection:
      - keep-alive
      ParameterSetName:
      - -g -a -p -v -s -l
      User-Agent:
      - python/3.8.5 (macOS-10.15.7-x86_64-i386-64bit) msrest/0.6.18 msrest_azure/0.6.3
        azure-mgmt-netapp/0.14.0 Azure-SDK-For-Python AZURECLI/2.13.0
    method: GET
    uri: https://management.azure.com/subscriptions/00000000-0000-0000-0000-000000000000/providers/Microsoft.NetApp/locations/westus2/operationResults/c1db8078-7728-403e-9f79-77befdb52a0d?api-version=2020-07-01
  response:
    body:
      string: '{"id":"/subscriptions/00000000-0000-0000-0000-000000000000/providers/Microsoft.NetApp/locations/westus2/operationResults/c1db8078-7728-403e-9f79-77befdb52a0d","name":"c1db8078-7728-403e-9f79-77befdb52a0d","status":"Succeeded","startTime":"2020-11-03T11:52:31.3877951Z","endTime":"2020-11-03T11:52:33.6226454Z","percentComplete":100.0,"properties":{"resourceName":"/subscriptions/00000000-0000-0000-0000-000000000000/resourceGroups/cli_netapp_test_snap_000001/providers/Microsoft.NetApp/netAppAccounts/cli-acc-000002/capacityPools/cli-pool-000003/volumes/cli-vol-000004/snapshots/cli-sn-000006"}}'
    headers:
      access-control-expose-headers:
      - Request-Context
      cache-control:
      - no-cache
      content-length:
      - '683'
      content-type:
      - application/json; charset=utf-8
      date:
      - Tue, 03 Nov 2020 11:53:03 GMT
      expires:
      - '-1'
      pragma:
      - no-cache
      request-context:
      - appId=cid-v1:2c4cb680-0a1f-424d-bb8d-8e650ba68d53
      server:
      - Microsoft-IIS/10.0
      strict-transport-security:
      - max-age=31536000; includeSubDomains
      transfer-encoding:
      - chunked
      vary:
      - Accept-Encoding
      x-content-type-options:
      - nosniff
      x-powered-by:
      - ASP.NET
    status:
      code: 200
      message: OK
- request:
    body: null
    headers:
      Accept:
      - application/json
      Accept-Encoding:
      - gzip, deflate
      CommandName:
      - netappfiles snapshot create
      Connection:
      - keep-alive
      ParameterSetName:
      - -g -a -p -v -s -l
      User-Agent:
      - python/3.8.5 (macOS-10.15.7-x86_64-i386-64bit) msrest/0.6.18 msrest_azure/0.6.3
        azure-mgmt-netapp/0.14.0 Azure-SDK-For-Python AZURECLI/2.13.0
    method: GET
    uri: https://management.azure.com/subscriptions/00000000-0000-0000-0000-000000000000/resourceGroups/cli_netapp_test_snap_000001/providers/Microsoft.NetApp/netAppAccounts/cli-acc-000002/capacityPools/cli-pool-000003/volumes/cli-vol-000004/snapshots/cli-sn-000006?api-version=2020-07-01
  response:
    body:
      string: '{"id":"/subscriptions/00000000-0000-0000-0000-000000000000/resourceGroups/cli_netapp_test_snap_000001/providers/Microsoft.NetApp/netAppAccounts/cli-acc-000002/capacityPools/cli-pool-000003/volumes/cli-vol-000004/snapshots/cli-sn-000006","name":"cli-acc-000002/cli-pool-000003/cli-vol-000004/cli-sn-000006","type":"Microsoft.NetApp/netAppAccounts/capacityPools/volumes/snapshots","location":"westus2","properties":{"provisioningState":"Succeeded","snapshotId":"7ad230ff-e0c0-62b3-3ef4-9d8554c3536b","name":"cli-sn-000006","created":"2020-11-03T11:52:31Z"}}'
    headers:
      access-control-expose-headers:
      - Request-Context
      cache-control:
      - no-cache
      content-length:
      - '694'
      content-type:
      - application/json; charset=utf-8
      date:
      - Tue, 03 Nov 2020 11:53:03 GMT
      expires:
      - '-1'
      pragma:
      - no-cache
      request-context:
      - appId=cid-v1:2c4cb680-0a1f-424d-bb8d-8e650ba68d53
      server:
      - Microsoft-IIS/10.0
      strict-transport-security:
      - max-age=31536000; includeSubDomains
      transfer-encoding:
      - chunked
      vary:
      - Accept-Encoding
      x-content-type-options:
      - nosniff
      x-powered-by:
      - ASP.NET
    status:
      code: 200
      message: OK
- request:
    body: null
    headers:
      Accept:
      - application/json
      Accept-Encoding:
      - gzip, deflate
      CommandName:
      - netappfiles snapshot list
      Connection:
      - keep-alive
      ParameterSetName:
      - --resource-group --account-name --pool-name --volume-name
      User-Agent:
      - python/3.8.5 (macOS-10.15.7-x86_64-i386-64bit) msrest/0.6.18 msrest_azure/0.6.3
        azure-mgmt-netapp/0.14.0 Azure-SDK-For-Python AZURECLI/2.13.0
      accept-language:
      - en-US
    method: GET
    uri: https://management.azure.com/subscriptions/00000000-0000-0000-0000-000000000000/resourceGroups/cli_netapp_test_snap_000001/providers/Microsoft.NetApp/netAppAccounts/cli-acc-000002/capacityPools/cli-pool-000003/volumes/cli-vol-000004/snapshots?api-version=2020-07-01
  response:
    body:
      string: '{"value":[{"id":"/subscriptions/00000000-0000-0000-0000-000000000000/resourceGroups/cli_netapp_test_snap_000001/providers/Microsoft.NetApp/netAppAccounts/cli-acc-000002/capacityPools/cli-pool-000003/volumes/cli-vol-000004/snapshots/cli-sn-000006","name":"cli-acc-000002/cli-pool-000003/cli-vol-000004/cli-sn-000006","type":"Microsoft.NetApp/netAppAccounts/capacityPools/volumes/snapshots","location":"westus2","properties":{"provisioningState":"Succeeded","snapshotId":"7ad230ff-e0c0-62b3-3ef4-9d8554c3536b","fileSystemId":"476063e6-2472-c610-4efc-69788b24aaf4","name":"cli-sn-000006","created":"2020-11-03T11:52:31Z"}}]}'
    headers:
      access-control-expose-headers:
      - Request-Context
      cache-control:
      - no-cache
      content-length:
      - '760'
      content-type:
      - application/json; charset=utf-8
      date:
      - Tue, 03 Nov 2020 11:53:05 GMT
      expires:
      - '-1'
      pragma:
      - no-cache
      request-context:
      - appId=cid-v1:2c4cb680-0a1f-424d-bb8d-8e650ba68d53
      server:
      - Microsoft-IIS/10.0
      strict-transport-security:
      - max-age=31536000; includeSubDomains
      transfer-encoding:
      - chunked
      vary:
      - Accept-Encoding
      x-content-type-options:
      - nosniff
      x-powered-by:
      - ASP.NET
    status:
      code: 200
      message: OK
- request:
    body: null
    headers:
      Accept:
      - application/json
      Accept-Encoding:
      - gzip, deflate
      CommandName:
      - netappfiles snapshot show
      Connection:
      - keep-alive
      ParameterSetName:
      - -g -a -p -v -s
      User-Agent:
      - python/3.8.5 (macOS-10.15.7-x86_64-i386-64bit) msrest/0.6.18 msrest_azure/0.6.3
        azure-mgmt-netapp/0.14.0 Azure-SDK-For-Python AZURECLI/2.13.0
      accept-language:
      - en-US
    method: GET
    uri: https://management.azure.com/subscriptions/00000000-0000-0000-0000-000000000000/resourceGroups/cli_netapp_test_snap_000001/providers/Microsoft.NetApp/netAppAccounts/cli-acc-000002/capacityPools/cli-pool-000003/volumes/cli-vol-000004/snapshots/cli-sn-000006?api-version=2020-07-01
  response:
    body:
      string: '{"id":"/subscriptions/00000000-0000-0000-0000-000000000000/resourceGroups/cli_netapp_test_snap_000001/providers/Microsoft.NetApp/netAppAccounts/cli-acc-000002/capacityPools/cli-pool-000003/volumes/cli-vol-000004/snapshots/cli-sn-000006","name":"cli-acc-000002/cli-pool-000003/cli-vol-000004/cli-sn-000006","type":"Microsoft.NetApp/netAppAccounts/capacityPools/volumes/snapshots","location":"westus2","properties":{"provisioningState":"Succeeded","snapshotId":"7ad230ff-e0c0-62b3-3ef4-9d8554c3536b","name":"cli-sn-000006","created":"2020-11-03T11:52:31Z"}}'
    headers:
      access-control-expose-headers:
      - Request-Context
      cache-control:
      - no-cache
      content-length:
      - '694'
      content-type:
      - application/json; charset=utf-8
      date:
      - Tue, 03 Nov 2020 11:53:07 GMT
      expires:
      - '-1'
      pragma:
      - no-cache
      request-context:
      - appId=cid-v1:2c4cb680-0a1f-424d-bb8d-8e650ba68d53
      server:
      - Microsoft-IIS/10.0
      strict-transport-security:
      - max-age=31536000; includeSubDomains
      transfer-encoding:
      - chunked
      vary:
      - Accept-Encoding
      x-content-type-options:
      - nosniff
      x-powered-by:
      - ASP.NET
    status:
      code: 200
      message: OK
- request:
    body: '{"location": "westus2", "properties": {"creationToken": "cli-sn-2000007",
      "serviceLevel": "Premium", "usageThreshold": 107374182400, "snapshotId": "7ad230ff-e0c0-62b3-3ef4-9d8554c3536b",
      "subnetId": "/subscriptions/00000000-0000-0000-0000-000000000000/resourceGroups/cli_netapp_test_snap_000001/providers/Microsoft.Network/virtualNetworks/cli-vnet-lefr-02/subnets/cli-subnet-lefr-02"}}'
    headers:
      Accept:
      - application/json
      Accept-Encoding:
      - gzip, deflate
      CommandName:
      - netappfiles volume create
      Connection:
      - keep-alive
      Content-Length:
      - '443'
      Content-Type:
      - application/json; charset=utf-8
      ParameterSetName:
      - --resource-group --account-name --pool-name --volume-name -l --service-level
        --usage-threshold --file-path --vnet --subnet --snapshot-id
      User-Agent:
      - python/3.8.5 (macOS-10.15.7-x86_64-i386-64bit) msrest/0.6.18 msrest_azure/0.6.3
        azure-mgmt-netapp/0.14.0 Azure-SDK-For-Python AZURECLI/2.13.0
      accept-language:
      - en-US
    method: PUT
    uri: https://management.azure.com/subscriptions/00000000-0000-0000-0000-000000000000/resourceGroups/cli_netapp_test_snap_000001/providers/Microsoft.NetApp/netAppAccounts/cli-acc-000002/capacityPools/cli-pool-000003/volumes/cli-sn-2000007?api-version=2020-07-01
  response:
    body:
      string: '{"id":"/subscriptions/00000000-0000-0000-0000-000000000000/resourceGroups/cli_netapp_test_snap_000001/providers/Microsoft.NetApp/netAppAccounts/cli-acc-000002/capacityPools/cli-pool-000003/volumes/cli-sn-2000007","name":"cli-acc-000002/cli-pool-000003/cli-sn-2000007","type":"Microsoft.NetApp/netAppAccounts/capacityPools/volumes","etag":"W/\"datetime''2020-11-03T11%3A53%3A15.4601658Z''\"","location":"westus2","properties":{"serviceLevel":"Premium","creationToken":"cli-sn-2000007","usageThreshold":107374182400,"snapshotId":"7ad230ff-e0c0-62b3-3ef4-9d8554c3536b","subnetId":"/subscriptions/00000000-0000-0000-0000-000000000000/resourceGroups/cli_netapp_test_snap_000001/providers/Microsoft.Network/virtualNetworks/cli-vnet-lefr-02/subnets/cli-subnet-lefr-02","provisioningState":"Creating"}}'
    headers:
      access-control-expose-headers:
      - Request-Context
      azure-asyncoperation:
      - https://management.azure.com/subscriptions/00000000-0000-0000-0000-000000000000/providers/Microsoft.NetApp/locations/westus2/operationResults/45a4c814-db32-4e5e-a44d-bb5889f32b9b?api-version=2020-07-01
      cache-control:
      - no-cache
      content-length:
      - '956'
      content-type:
      - application/json; charset=utf-8
      date:
      - Tue, 03 Nov 2020 11:53:17 GMT
      etag:
      - W/"datetime'2020-11-03T11%3A53%3A15.4601658Z'"
      expires:
      - '-1'
      pragma:
      - no-cache
      request-context:
      - appId=cid-v1:2c4cb680-0a1f-424d-bb8d-8e650ba68d53
      server:
      - Microsoft-IIS/10.0
      strict-transport-security:
      - max-age=31536000; includeSubDomains
      x-content-type-options:
      - nosniff
      x-ms-ratelimit-remaining-subscription-writes:
      - '1198'
      x-powered-by:
      - ASP.NET
    status:
      code: 201
      message: Created
- request:
    body: null
    headers:
      Accept:
      - application/json
      Accept-Encoding:
      - gzip, deflate
      CommandName:
      - netappfiles volume create
      Connection:
      - keep-alive
      ParameterSetName:
      - --resource-group --account-name --pool-name --volume-name -l --service-level
        --usage-threshold --file-path --vnet --subnet --snapshot-id
      User-Agent:
      - python/3.8.5 (macOS-10.15.7-x86_64-i386-64bit) msrest/0.6.18 msrest_azure/0.6.3
        azure-mgmt-netapp/0.14.0 Azure-SDK-For-Python AZURECLI/2.13.0
    method: GET
    uri: https://management.azure.com/subscriptions/00000000-0000-0000-0000-000000000000/providers/Microsoft.NetApp/locations/westus2/operationResults/45a4c814-db32-4e5e-a44d-bb5889f32b9b?api-version=2020-07-01
  response:
    body:
      string: '{"id":"/subscriptions/00000000-0000-0000-0000-000000000000/providers/Microsoft.NetApp/locations/westus2/operationResults/45a4c814-db32-4e5e-a44d-bb5889f32b9b","name":"45a4c814-db32-4e5e-a44d-bb5889f32b9b","status":"Succeeded","startTime":"2020-11-03T11:53:15.3571286Z","endTime":"2020-11-03T11:53:28.4366515Z","percentComplete":100.0,"properties":{"resourceName":"/subscriptions/00000000-0000-0000-0000-000000000000/resourceGroups/cli_netapp_test_snap_000001/providers/Microsoft.NetApp/netAppAccounts/cli-acc-000002/capacityPools/cli-pool-000003/volumes/cli-sn-2000007"}}'
    headers:
      access-control-expose-headers:
      - Request-Context
      cache-control:
      - no-cache
      content-length:
      - '648'
      content-type:
      - application/json; charset=utf-8
      date:
      - Tue, 03 Nov 2020 11:53:48 GMT
      expires:
      - '-1'
      pragma:
      - no-cache
      request-context:
      - appId=cid-v1:2c4cb680-0a1f-424d-bb8d-8e650ba68d53
      server:
      - Microsoft-IIS/10.0
      strict-transport-security:
      - max-age=31536000; includeSubDomains
      transfer-encoding:
      - chunked
      vary:
      - Accept-Encoding
      x-content-type-options:
      - nosniff
      x-powered-by:
      - ASP.NET
    status:
      code: 200
      message: OK
- request:
    body: null
    headers:
      Accept:
      - application/json
      Accept-Encoding:
      - gzip, deflate
      CommandName:
      - netappfiles volume create
      Connection:
      - keep-alive
      ParameterSetName:
      - --resource-group --account-name --pool-name --volume-name -l --service-level
        --usage-threshold --file-path --vnet --subnet --snapshot-id
      User-Agent:
      - python/3.8.5 (macOS-10.15.7-x86_64-i386-64bit) msrest/0.6.18 msrest_azure/0.6.3
        azure-mgmt-netapp/0.14.0 Azure-SDK-For-Python AZURECLI/2.13.0
    method: GET
    uri: https://management.azure.com/subscriptions/00000000-0000-0000-0000-000000000000/resourceGroups/cli_netapp_test_snap_000001/providers/Microsoft.NetApp/netAppAccounts/cli-acc-000002/capacityPools/cli-pool-000003/volumes/cli-sn-2000007?api-version=2020-07-01
  response:
    body:
      string: '{"id":"/subscriptions/00000000-0000-0000-0000-000000000000/resourceGroups/cli_netapp_test_snap_000001/providers/Microsoft.NetApp/netAppAccounts/cli-acc-000002/capacityPools/cli-pool-000003/volumes/cli-sn-2000007","name":"cli-acc-000002/cli-pool-000003/cli-sn-2000007","type":"Microsoft.NetApp/netAppAccounts/capacityPools/volumes","etag":"W/\"datetime''2020-11-03T11%3A53%3A28.4284837Z''\"","location":"westus2","properties":{"mountTargets":[{"mountTargetId":"a1d5157f-2e47-b809-5cd7-c2f091b9a61b","fileSystemId":"a1d5157f-2e47-b809-5cd7-c2f091b9a61b","ipAddress":"10.5.0.4","smbServerFQDN":""}],"throughputMibps":0.0,"provisioningState":"Succeeded","fileSystemId":"a1d5157f-2e47-b809-5cd7-c2f091b9a61b","name":"cli-sn-2000007","serviceLevel":"Premium","creationToken":"cli-sn-2000007","usageThreshold":107374182400,"exportPolicy":{"rules":[{"ruleIndex":1,"unixReadOnly":false,"unixReadWrite":true,"cifs":false,"nfsv3":true,"nfsv41":false,"allowedClients":"0.0.0.0/0","kerberos5ReadOnly":false,"kerberos5ReadWrite":false,"kerberos5iReadOnly":false,"kerberos5iReadWrite":false,"kerberos5pReadOnly":false,"kerberos5pReadWrite":false,"hasRootAccess":true}]},"protocolTypes":["NFSv3"],"baremetalTenantId":"baremetalTenant_svm_8f82c7b40509489d9e97d719b9b955b4_b8aa4884","subnetId":"/subscriptions/00000000-0000-0000-0000-000000000000/resourceGroups/cli_netapp_test_snap_000001/providers/Microsoft.Network/virtualNetworks/cli-vnet-lefr-02/subnets/cli-subnet-lefr-02","snapshotDirectoryVisible":true,"kerberosEnabled":false,"securityStyle":"Unix"}}'
    headers:
      access-control-expose-headers:
      - Request-Context
      cache-control:
      - no-cache
      content-length:
      - '1713'
      content-type:
      - application/json; charset=utf-8
      date:
      - Tue, 03 Nov 2020 11:53:49 GMT
      etag:
      - W/"datetime'2020-11-03T11%3A53%3A28.4284837Z'"
      expires:
      - '-1'
      pragma:
      - no-cache
      request-context:
      - appId=cid-v1:2c4cb680-0a1f-424d-bb8d-8e650ba68d53
      server:
      - Microsoft-IIS/10.0
      strict-transport-security:
      - max-age=31536000; includeSubDomains
      transfer-encoding:
      - chunked
      vary:
      - Accept-Encoding
      x-content-type-options:
      - nosniff
      x-powered-by:
      - ASP.NET
    status:
      code: 200
      message: OK
version: 1
