interactions:
- request:
    body: '{"location": "westus2", "properties": {"encryption": {}}}'
    headers:
      Accept:
      - application/json
      Accept-Encoding:
      - gzip, deflate
      CommandName:
      - netappfiles account create
      Connection:
      - keep-alive
      Content-Length:
      - '57'
      Content-Type:
      - application/json; charset=utf-8
      ParameterSetName:
      - -g -a -l
      User-Agent:
      - python/3.8.7 (macOS-11.0.1-x86_64-i386-64bit) msrest/0.6.21 msrest_azure/0.6.3
        azure-mgmt-netapp/0.16.0 Azure-SDK-For-Python AZURECLI/2.20.0
      accept-language:
      - en-US
    method: PUT
    uri: https://management.azure.com/subscriptions/00000000-0000-0000-0000-000000000000/resourceGroups/cli_netappfiles_test_account_000001/providers/Microsoft.NetApp/netAppAccounts/cli000002?api-version=2020-11-01
  response:
    body:
      string: '{"id":"/subscriptions/00000000-0000-0000-0000-000000000000/resourceGroups/cli_netappfiles_test_account_000001/providers/Microsoft.NetApp/netAppAccounts/cli000002","name":"cli000002","type":"Microsoft.NetApp/netAppAccounts","etag":"W/\"datetime''2021-03-01T15%3A33%3A58.211492Z''\"","location":"westus2","properties":{"encryption":{},"provisioningState":"Creating"}}'
    headers:
      access-control-expose-headers:
      - Request-Context
      azure-asyncoperation:
      - https://management.azure.com/subscriptions/00000000-0000-0000-0000-000000000000/providers/Microsoft.NetApp/locations/westus2/operationResults/dde8c3c3-25cb-4482-ae6d-8e6f6bb0a5cb?api-version=2020-11-01
      cache-control:
      - no-cache
      content-length:
      - '433'
      content-type:
      - application/json; charset=utf-8
      date:
      - Mon, 01 Mar 2021 15:33:59 GMT
      etag:
      - W/"datetime'2021-03-01T15%3A33%3A58.211492Z'"
      expires:
      - '-1'
      pragma:
      - no-cache
      request-context:
      - appId=cid-v1:2c4cb680-0a1f-424d-bb8d-8e650ba68d53
      server:
      - Microsoft-IIS/10.0
      strict-transport-security:
      - max-age=31536000; includeSubDomains
      x-content-type-options:
      - nosniff
      x-ms-ratelimit-remaining-subscription-writes:
      - '1199'
      x-powered-by:
      - ASP.NET
    status:
      code: 201
      message: Created
- request:
    body: null
    headers:
      Accept:
      - application/json
      Accept-Encoding:
      - gzip, deflate
      CommandName:
      - netappfiles account create
      Connection:
      - keep-alive
      ParameterSetName:
      - -g -a -l
      User-Agent:
      - python/3.8.7 (macOS-11.0.1-x86_64-i386-64bit) msrest/0.6.21 msrest_azure/0.6.3
        azure-mgmt-netapp/0.16.0 Azure-SDK-For-Python AZURECLI/2.20.0
    method: GET
    uri: https://management.azure.com/subscriptions/00000000-0000-0000-0000-000000000000/providers/Microsoft.NetApp/locations/westus2/operationResults/dde8c3c3-25cb-4482-ae6d-8e6f6bb0a5cb?api-version=2020-11-01
  response:
    body:
      string: '{"id":"/subscriptions/00000000-0000-0000-0000-000000000000/providers/Microsoft.NetApp/locations/westus2/operationResults/dde8c3c3-25cb-4482-ae6d-8e6f6bb0a5cb","name":"dde8c3c3-25cb-4482-ae6d-8e6f6bb0a5cb","status":"Succeeded","startTime":"2021-03-01T15:33:58.1408211Z","endTime":"2021-03-01T15:33:58.2917795Z","percentComplete":100.0,"properties":{"resourceName":"/subscriptions/00000000-0000-0000-0000-000000000000/resourceGroups/cli_netappfiles_test_account_000001/providers/Microsoft.NetApp/netAppAccounts/cli000002"}}'
    headers:
      access-control-expose-headers:
      - Request-Context
      cache-control:
      - no-cache
      content-length:
      - '576'
      content-type:
      - application/json; charset=utf-8
      date:
      - Mon, 01 Mar 2021 15:34:30 GMT
      expires:
      - '-1'
      pragma:
      - no-cache
      request-context:
      - appId=cid-v1:2c4cb680-0a1f-424d-bb8d-8e650ba68d53
      server:
      - Microsoft-IIS/10.0
      strict-transport-security:
      - max-age=31536000; includeSubDomains
      transfer-encoding:
      - chunked
      vary:
      - Accept-Encoding
      x-content-type-options:
      - nosniff
      x-powered-by:
      - ASP.NET
    status:
      code: 200
      message: OK
- request:
    body: null
    headers:
      Accept:
      - application/json
      Accept-Encoding:
      - gzip, deflate
      CommandName:
      - netappfiles account create
      Connection:
      - keep-alive
      ParameterSetName:
      - -g -a -l
      User-Agent:
      - python/3.8.7 (macOS-11.0.1-x86_64-i386-64bit) msrest/0.6.21 msrest_azure/0.6.3
        azure-mgmt-netapp/0.16.0 Azure-SDK-For-Python AZURECLI/2.20.0
    method: GET
    uri: https://management.azure.com/subscriptions/00000000-0000-0000-0000-000000000000/resourceGroups/cli_netappfiles_test_account_000001/providers/Microsoft.NetApp/netAppAccounts/cli000002?api-version=2020-11-01
  response:
    body:
      string: '{"id":"/subscriptions/00000000-0000-0000-0000-000000000000/resourceGroups/cli_netappfiles_test_account_000001/providers/Microsoft.NetApp/netAppAccounts/cli000002","name":"cli000002","type":"Microsoft.NetApp/netAppAccounts","etag":"W/\"datetime''2021-03-01T15%3A33%3A58.2845435Z''\"","location":"westus2","properties":{"provisioningState":"Succeeded","encryption":{}}}'
    headers:
      access-control-expose-headers:
      - Request-Context
      cache-control:
      - no-cache
      content-length:
      - '435'
      content-type:
      - application/json; charset=utf-8
      date:
      - Mon, 01 Mar 2021 15:34:31 GMT
      etag:
      - W/"datetime'2021-03-01T15%3A33%3A58.2845435Z'"
      expires:
      - '-1'
      pragma:
      - no-cache
      request-context:
      - appId=cid-v1:2c4cb680-0a1f-424d-bb8d-8e650ba68d53
      server:
      - Microsoft-IIS/10.0
      strict-transport-security:
      - max-age=31536000; includeSubDomains
      transfer-encoding:
      - chunked
      vary:
      - Accept-Encoding
      x-content-type-options:
      - nosniff
      x-powered-by:
      - ASP.NET
    status:
      code: 200
      message: OK
- request:
    body: null
    headers:
      Accept:
      - application/json
      Accept-Encoding:
      - gzip, deflate
      CommandName:
      - netappfiles account update
      Connection:
      - keep-alive
      ParameterSetName:
      - --resource-group -a --tags
      User-Agent:
      - python/3.8.7 (macOS-11.0.1-x86_64-i386-64bit) msrest/0.6.21 msrest_azure/0.6.3
        azure-mgmt-netapp/0.16.0 Azure-SDK-For-Python AZURECLI/2.20.0
      accept-language:
      - en-US
    method: GET
    uri: https://management.azure.com/subscriptions/00000000-0000-0000-0000-000000000000/resourceGroups/cli_netappfiles_test_account_000001/providers/Microsoft.NetApp/netAppAccounts/cli000002?api-version=2020-11-01
  response:
    body:
      string: '{"id":"/subscriptions/00000000-0000-0000-0000-000000000000/resourceGroups/cli_netappfiles_test_account_000001/providers/Microsoft.NetApp/netAppAccounts/cli000002","name":"cli000002","type":"Microsoft.NetApp/netAppAccounts","etag":"W/\"datetime''2021-03-01T15%3A33%3A58.2845435Z''\"","location":"westus2","properties":{"provisioningState":"Succeeded","encryption":{}}}'
    headers:
      access-control-expose-headers:
      - Request-Context
      cache-control:
      - no-cache
      content-length:
      - '435'
      content-type:
      - application/json; charset=utf-8
      date:
      - Mon, 01 Mar 2021 15:34:33 GMT
      etag:
      - W/"datetime'2021-03-01T15%3A33%3A58.2845435Z'"
      expires:
      - '-1'
      pragma:
      - no-cache
      request-context:
      - appId=cid-v1:2c4cb680-0a1f-424d-bb8d-8e650ba68d53
      server:
      - Microsoft-IIS/10.0
      strict-transport-security:
      - max-age=31536000; includeSubDomains
      transfer-encoding:
      - chunked
      vary:
      - Accept-Encoding
      x-content-type-options:
      - nosniff
      x-powered-by:
      - ASP.NET
    status:
      code: 200
      message: OK
- request:
    body: '{"tags": {"Tag1": "Value1"}, "properties": {"encryption": {}}}'
    headers:
      Accept:
      - application/json
      Accept-Encoding:
      - gzip, deflate
      CommandName:
      - netappfiles account update
      Connection:
      - keep-alive
      Content-Length:
      - '62'
      Content-Type:
      - application/json; charset=utf-8
      ParameterSetName:
      - --resource-group -a --tags
      User-Agent:
      - python/3.8.7 (macOS-11.0.1-x86_64-i386-64bit) msrest/0.6.21 msrest_azure/0.6.3
        azure-mgmt-netapp/0.16.0 Azure-SDK-For-Python AZURECLI/2.20.0
      accept-language:
      - en-US
    method: PATCH
    uri: https://management.azure.com/subscriptions/00000000-0000-0000-0000-000000000000/resourceGroups/cli_netappfiles_test_account_000001/providers/Microsoft.NetApp/netAppAccounts/cli000002?api-version=2020-11-01
  response:
    body:
      string: '{"id":"/subscriptions/00000000-0000-0000-0000-000000000000/resourceGroups/cli_netappfiles_test_account_000001/providers/Microsoft.NetApp/netAppAccounts/cli000002","name":"cli000002","type":"Microsoft.NetApp/netAppAccounts","etag":"W/\"datetime''2021-03-01T15%3A34%3A37.4971366Z''\"","location":"westus2","properties":{"provisioningState":"Patching","encryption":{}}}'
    headers:
      access-control-expose-headers:
      - Request-Context
      azure-asyncoperation:
      - https://management.azure.com/subscriptions/00000000-0000-0000-0000-000000000000/providers/Microsoft.NetApp/locations/westus2/operationResults/3d888b9f-aded-4f5d-bdfa-1857fe79e6a5?api-version=2020-11-01
      cache-control:
      - no-cache
      content-length:
      - '434'
      content-type:
      - application/json; charset=utf-8
      date:
      - Mon, 01 Mar 2021 15:34:36 GMT
      etag:
      - W/"datetime'2021-03-01T15%3A34%3A37.4971366Z'"
      expires:
      - '-1'
      location:
      - https://management.azure.com/subscriptions/00000000-0000-0000-0000-000000000000/providers/Microsoft.NetApp/locations/westus2/operationResults/3d888b9f-aded-4f5d-bdfa-1857fe79e6a5?api-version=2020-11-01&operationResultResponseType=Location
      pragma:
      - no-cache
      request-context:
      - appId=cid-v1:2c4cb680-0a1f-424d-bb8d-8e650ba68d53
      server:
      - Microsoft-IIS/10.0
      strict-transport-security:
      - max-age=31536000; includeSubDomains
      x-content-type-options:
      - nosniff
      x-ms-ratelimit-remaining-subscription-writes:
      - '1199'
      x-powered-by:
      - ASP.NET
    status:
      code: 202
      message: Accepted
- request:
    body: null
    headers:
      Accept:
      - application/json
      Accept-Encoding:
      - gzip, deflate
      CommandName:
      - netappfiles account update
      Connection:
      - keep-alive
      ParameterSetName:
      - --resource-group -a --tags
      User-Agent:
      - python/3.8.7 (macOS-11.0.1-x86_64-i386-64bit) msrest/0.6.21 msrest_azure/0.6.3
        azure-mgmt-netapp/0.16.0 Azure-SDK-For-Python AZURECLI/2.20.0
    method: GET
    uri: https://management.azure.com/subscriptions/00000000-0000-0000-0000-000000000000/providers/Microsoft.NetApp/locations/westus2/operationResults/3d888b9f-aded-4f5d-bdfa-1857fe79e6a5?api-version=2020-11-01
  response:
    body:
      string: '{"id":"/subscriptions/00000000-0000-0000-0000-000000000000/providers/Microsoft.NetApp/locations/westus2/operationResults/3d888b9f-aded-4f5d-bdfa-1857fe79e6a5","name":"3d888b9f-aded-4f5d-bdfa-1857fe79e6a5","status":"Succeeded","startTime":"2021-03-01T15:34:37.4440479Z","endTime":"2021-03-01T15:34:37.6991169Z","percentComplete":100.0,"properties":{"resourceName":"/subscriptions/00000000-0000-0000-0000-000000000000/resourceGroups/cli_netappfiles_test_account_000001/providers/Microsoft.NetApp/netAppAccounts/cli000002"}}'
    headers:
      access-control-expose-headers:
      - Request-Context
      cache-control:
      - no-cache
      content-length:
      - '576'
      content-type:
      - application/json; charset=utf-8
      date:
      - Mon, 01 Mar 2021 15:35:08 GMT
      expires:
      - '-1'
      pragma:
      - no-cache
      request-context:
      - appId=cid-v1:2c4cb680-0a1f-424d-bb8d-8e650ba68d53
      server:
      - Microsoft-IIS/10.0
      strict-transport-security:
      - max-age=31536000; includeSubDomains
      transfer-encoding:
      - chunked
      vary:
      - Accept-Encoding
      x-content-type-options:
      - nosniff
      x-powered-by:
      - ASP.NET
    status:
      code: 200
      message: OK
- request:
    body: null
    headers:
      Accept:
      - application/json
      Accept-Encoding:
      - gzip, deflate
      CommandName:
      - netappfiles account update
      Connection:
      - keep-alive
      ParameterSetName:
      - --resource-group -a --tags
      User-Agent:
      - python/3.8.7 (macOS-11.0.1-x86_64-i386-64bit) msrest/0.6.21 msrest_azure/0.6.3
        azure-mgmt-netapp/0.16.0 Azure-SDK-For-Python AZURECLI/2.20.0
    method: GET
    uri: https://management.azure.com/subscriptions/00000000-0000-0000-0000-000000000000/resourceGroups/cli_netappfiles_test_account_000001/providers/Microsoft.NetApp/netAppAccounts/cli000002?api-version=2020-11-01
  response:
    body:
      string: '{"id":"/subscriptions/00000000-0000-0000-0000-000000000000/resourceGroups/cli_netappfiles_test_account_000001/providers/Microsoft.NetApp/netAppAccounts/cli000002","name":"cli000002","type":"Microsoft.NetApp/netAppAccounts","etag":"W/\"datetime''2021-03-01T15%3A34%3A37.6942741Z''\"","location":"westus2","tags":{"Tag1":"Value1"},"properties":{"provisioningState":"Succeeded","encryption":{"keySource":"Microsoft.NetApp"}}}'
    headers:
      access-control-expose-headers:
      - Request-Context
      cache-control:
      - no-cache
      content-length:
      - '490'
      content-type:
      - application/json; charset=utf-8
      date:
      - Mon, 01 Mar 2021 15:35:09 GMT
      etag:
      - W/"datetime'2021-03-01T15%3A34%3A37.6942741Z'"
      expires:
      - '-1'
      pragma:
      - no-cache
      request-context:
      - appId=cid-v1:2c4cb680-0a1f-424d-bb8d-8e650ba68d53
      server:
      - Microsoft-IIS/10.0
      strict-transport-security:
      - max-age=31536000; includeSubDomains
      transfer-encoding:
      - chunked
      vary:
      - Accept-Encoding
      x-content-type-options:
      - nosniff
      x-powered-by:
      - ASP.NET
    status:
      code: 200
      message: OK
version: 1
