interactions:
- request:
    body: '{"location": "southcentralusstage"}'
    headers:
      Accept:
      - application/json
      Accept-Encoding:
      - gzip, deflate
      CommandName:
      - netappfiles account create
      Connection:
      - keep-alive
      Content-Length:
      - '35'
      Content-Type:
      - application/json
      ParameterSetName:
      - -g -a -l
      User-Agent:
      - AZURECLI/2.25.0 azsdk-python-mgmt-netapp/4.0.0 Python/3.8.10 (macOS-11.3.1-x86_64-i386-64bit)
    method: PUT
    uri: https://management.azure.com/subscriptions/00000000-0000-0000-0000-000000000000/resourceGroups/cli_netappfiles_test_snapshot_policy_000001/providers/Microsoft.NetApp/netAppAccounts/cli-acc-000002?api-version=2021-04-01
  response:
    body:
      string: '{"id":"/subscriptions/00000000-0000-0000-0000-000000000000/resourceGroups/cli_netappfiles_test_snapshot_policy_000001/providers/Microsoft.NetApp/netAppAccounts/cli-acc-000002","name":"cli-acc-000002","type":"Microsoft.NetApp/netAppAccounts","etag":"W/\"datetime''2021-06-21T13%3A37%3A41.3380023Z''\"","location":"southcentralusstage","properties":{"provisioningState":"Creating"}}'
    headers:
      azure-asyncoperation:
      - https://management.azure.com/subscriptions/00000000-0000-0000-0000-000000000000/providers/Microsoft.NetApp/locations/southcentralusstage/operationResults/b57bc362-f95c-450e-9677-ea1aeda2bcb0?api-version=2021-04-01
      cache-control:
      - no-cache
      content-length:
      - '430'
      content-type:
      - application/json; charset=utf-8
      date:
      - Mon, 21 Jun 2021 13:37:41 GMT
      etag:
      - W/"datetime'2021-06-21T13%3A37%3A41.3380023Z'"
      expires:
      - '-1'
      pragma:
      - no-cache
      server:
      - Microsoft-IIS/10.0
      strict-transport-security:
      - max-age=31536000; includeSubDomains
      x-content-type-options:
      - nosniff
      x-ms-ratelimit-remaining-subscription-writes:
      - '1197'
      x-powered-by:
      - ASP.NET
    status:
      code: 201
      message: Created
- request:
    body: null
    headers:
      Accept:
      - '*/*'
      Accept-Encoding:
      - gzip, deflate
      CommandName:
      - netappfiles account create
      Connection:
      - keep-alive
      ParameterSetName:
      - -g -a -l
      User-Agent:
      - AZURECLI/2.25.0 azsdk-python-mgmt-netapp/4.0.0 Python/3.8.10 (macOS-11.3.1-x86_64-i386-64bit)
    method: GET
    uri: https://management.azure.com/subscriptions/00000000-0000-0000-0000-000000000000/providers/Microsoft.NetApp/locations/southcentralusstage/operationResults/b57bc362-f95c-450e-9677-ea1aeda2bcb0?api-version=2021-04-01
  response:
    body:
      string: '{"id":"/subscriptions/00000000-0000-0000-0000-000000000000/providers/Microsoft.NetApp/locations/southcentralusstage/operationResults/b57bc362-f95c-450e-9677-ea1aeda2bcb0","name":"b57bc362-f95c-450e-9677-ea1aeda2bcb0","status":"Succeeded","startTime":"2021-06-21T13:37:41.3390485Z","endTime":"2021-06-21T13:37:41.3700407Z","percentComplete":100.0,"properties":{"resourceName":"/subscriptions/00000000-0000-0000-0000-000000000000/resourceGroups/cli_netappfiles_test_snapshot_policy_000001/providers/Microsoft.NetApp/netAppAccounts/cli-acc-000002"}}'
    headers:
      cache-control:
      - no-cache
      content-length:
      - '588'
      content-type:
      - application/json; charset=utf-8
      date:
      - Mon, 21 Jun 2021 13:38:12 GMT
      expires:
      - '-1'
      pragma:
      - no-cache
      server:
      - Microsoft-IIS/10.0
      strict-transport-security:
      - max-age=31536000; includeSubDomains
      x-content-type-options:
      - nosniff
      x-powered-by:
      - ASP.NET
    status:
      code: 200
      message: OK
- request:
    body: null
    headers:
      Accept:
      - '*/*'
      Accept-Encoding:
      - gzip, deflate
      CommandName:
      - netappfiles account create
      Connection:
      - keep-alive
      ParameterSetName:
      - -g -a -l
      User-Agent:
      - AZURECLI/2.25.0 azsdk-python-mgmt-netapp/4.0.0 Python/3.8.10 (macOS-11.3.1-x86_64-i386-64bit)
    method: GET
    uri: https://management.azure.com/subscriptions/00000000-0000-0000-0000-000000000000/resourceGroups/cli_netappfiles_test_snapshot_policy_000001/providers/Microsoft.NetApp/netAppAccounts/cli-acc-000002?api-version=2021-04-01
  response:
    body:
      string: '{"id":"/subscriptions/00000000-0000-0000-0000-000000000000/resourceGroups/cli_netappfiles_test_snapshot_policy_000001/providers/Microsoft.NetApp/netAppAccounts/cli-acc-000002","name":"cli-acc-000002","type":"Microsoft.NetApp/netAppAccounts","etag":"W/\"datetime''2021-06-21T13%3A37%3A41.3709664Z''\"","location":"southcentralusstage","properties":{"encryption":{"keySource":"Microsoft.NetApp"},"provisioningState":"Succeeded"}}'
    headers:
      cache-control:
      - no-cache
      content-length:
      - '477'
      content-type:
      - application/json; charset=utf-8
      date:
      - Mon, 21 Jun 2021 13:38:12 GMT
      etag:
      - W/"datetime'2021-06-21T13%3A37%3A41.3709664Z'"
      expires:
      - '-1'
      pragma:
      - no-cache
      server:
      - Microsoft-IIS/10.0
      strict-transport-security:
      - max-age=31536000; includeSubDomains
      x-content-type-options:
      - nosniff
      x-powered-by:
      - ASP.NET
    status:
      code: 200
      message: OK
- request:
    body: '{"location": "southcentralusstage", "tags": {"Tag1": "Value1"}, "properties":
      {"hourlySchedule": {"snapshotsToKeep": 1, "minute": 10}, "dailySchedule": {"snapshotsToKeep":
      2, "hour": 2, "minute": 20}, "weeklySchedule": {"snapshotsToKeep": 3, "day":
      "Monday", "hour": 3, "minute": 30}, "monthlySchedule": {"snapshotsToKeep": 4,
      "daysOfMonth": "2,5,30", "hour": 4, "minute": 40}, "enabled": true}}'
    headers:
      Accept:
      - application/json
      Accept-Encoding:
      - gzip, deflate
      CommandName:
      - netappfiles snapshot policy create
      Connection:
      - keep-alive
      Content-Length:
      - '395'
      Content-Type:
      - application/json
      ParameterSetName:
      - -g -a --snapshot-policy-name --location --hourly-snapshots --daily-snapshots
        --weekly-snapshots --monthly-snapshots --hourly-minute --daily-minute --weekly-minute
        --monthly-minute --daily-hour --weekly-hour --monthly-hour --weekly-day --monthly-days
        --enabled --tags
      User-Agent:
      - AZURECLI/2.25.0 azsdk-python-mgmt-netapp/4.0.0 Python/3.8.10 (macOS-11.3.1-x86_64-i386-64bit)
    method: PUT
    uri: https://management.azure.com/subscriptions/00000000-0000-0000-0000-000000000000/resourceGroups/cli_netappfiles_test_snapshot_policy_000001/providers/Microsoft.NetApp/netAppAccounts/cli-acc-000002/snapshotPolicies/cli-sn-pol-000003?api-version=2021-04-01
  response:
    body:
      string: '{"id":"/subscriptions/00000000-0000-0000-0000-000000000000/resourceGroups/cli_netappfiles_test_snapshot_policy_000001/providers/Microsoft.NetApp/netAppAccounts/cli-acc-000002/snapshotPolicies/cli-sn-pol-000003","name":"cli-acc-000002/cli-sn-pol-000003","type":"Microsoft.NetApp/netAppAccounts/snapshotPolicies","etag":"W/\"datetime''2021-06-21T13%3A38%3A18.3987326Z''\"","location":"southcentralusstage","tags":{"Tag1":"Value1"},"properties":{"enabled":true,"hourlySchedule":{"snapshotsToKeep":1,"minute":10},"dailySchedule":{"snapshotsToKeep":2,"hour":2,"minute":20},"weeklySchedule":{"snapshotsToKeep":3,"day":"Monday","hour":3,"minute":30},"monthlySchedule":{"snapshotsToKeep":4,"daysOfMonth":"2,5,30","hour":4,"minute":40},"provisioningState":"Creating"}}'
    headers:
      azure-asyncoperation:
      - https://management.azure.com/subscriptions/00000000-0000-0000-0000-000000000000/providers/Microsoft.NetApp/locations/southcentralusstage/operationResults/66960208-21ea-4640-8147-ccbfe47ad5e4?api-version=2021-04-01
      cache-control:
      - no-cache
      content-length:
      - '807'
      content-type:
      - application/json; charset=utf-8
      date:
      - Mon, 21 Jun 2021 13:38:18 GMT
      etag:
      - W/"datetime'2021-06-21T13%3A38%3A18.3987326Z'"
      expires:
      - '-1'
      pragma:
      - no-cache
      server:
      - Microsoft-IIS/10.0
      strict-transport-security:
      - max-age=31536000; includeSubDomains
      x-content-type-options:
      - nosniff
      x-ms-ratelimit-remaining-subscription-writes:
      - '1199'
      x-powered-by:
      - ASP.NET
    status:
      code: 201
      message: Created
- request:
    body: '{"location": "southcentralusstage", "properties": {"hourlySchedule": {"snapshotsToKeep":
      5, "minute": 50}, "dailySchedule": {"snapshotsToKeep": 6, "hour": 6, "minute":
      0}, "weeklySchedule": {"snapshotsToKeep": 7, "day": "Wednesday", "hour": 7,
      "minute": 10}, "monthlySchedule": {"snapshotsToKeep": 8, "daysOfMonth": "1,2,20",
      "hour": 8, "minute": 20}, "enabled": false}}'
    headers:
      Accept:
      - application/json
      Accept-Encoding:
      - gzip, deflate
      CommandName:
      - netappfiles snapshot policy update
      Connection:
      - keep-alive
      Content-Length:
      - '370'
      Content-Type:
      - application/json
      ParameterSetName:
      - -g -a --snapshot-policy-name --location --hourly-snapshots --daily-snapshots
        --weekly-snapshots --monthly-snapshots --hourly-minute --daily-minute --weekly-minute
        --monthly-minute --daily-hour --weekly-hour --monthly-hour --weekly-day --monthly-days
        --enabled
      User-Agent:
      - AZURECLI/2.25.0 azsdk-python-mgmt-netapp/4.0.0 Python/3.8.10 (macOS-11.3.1-x86_64-i386-64bit)
    method: PATCH
    uri: https://management.azure.com/subscriptions/00000000-0000-0000-0000-000000000000/resourceGroups/cli_netappfiles_test_snapshot_policy_000001/providers/Microsoft.NetApp/netAppAccounts/cli-acc-000002/snapshotPolicies/cli-sn-pol-000003?api-version=2021-04-01
  response:
    body:
      string: '{"id":"/subscriptions/00000000-0000-0000-0000-000000000000/resourceGroups/cli_netappfiles_test_snapshot_policy_000001/providers/Microsoft.NetApp/netAppAccounts/cli-acc-000002/snapshotPolicies/cli-sn-pol-000003","name":"cli-acc-000002/cli-sn-pol-000003","type":"Microsoft.NetApp/netAppAccounts/snapshotPolicies","etag":"W/\"datetime''2021-06-21T13%3A38%3A22.0648444Z''\"","location":"southcentralusstage","tags":{"Tag1":"Value1"},"properties":{"provisioningState":"Patching","enabled":true,"hourlySchedule":{"snapshotsToKeep":1,"minute":10},"dailySchedule":{"snapshotsToKeep":2,"hour":2,"minute":20},"weeklySchedule":{"snapshotsToKeep":3,"day":"Monday","hour":3,"minute":30},"monthlySchedule":{"snapshotsToKeep":4,"daysOfMonth":"2,5,30","hour":4,"minute":40}}}'
    headers:
      azure-asyncoperation:
      - https://management.azure.com/subscriptions/00000000-0000-0000-0000-000000000000/providers/Microsoft.NetApp/locations/southcentralusstage/operationResults/cfb2825b-43f7-4d22-9dba-cdaaba5e60a9?api-version=2021-04-01
      cache-control:
      - no-cache
      content-length:
      - '807'
      content-type:
      - application/json; charset=utf-8
      date:
      - Mon, 21 Jun 2021 13:38:22 GMT
      etag:
      - W/"datetime'2021-06-21T13%3A38%3A22.0648444Z'"
      expires:
      - '-1'
      location:
      - https://management.azure.com/subscriptions/00000000-0000-0000-0000-000000000000/providers/Microsoft.NetApp/locations/southcentralusstage/operationResults/cfb2825b-43f7-4d22-9dba-cdaaba5e60a9?api-version=2021-04-01&operationResultResponseType=Location
      pragma:
      - no-cache
      server:
      - Microsoft-IIS/10.0
      strict-transport-security:
      - max-age=31536000; includeSubDomains
      x-content-type-options:
      - nosniff
      x-ms-ratelimit-remaining-subscription-writes:
      - '1199'
      x-powered-by:
      - ASP.NET
    status:
      code: 202
      message: Accepted
- request:
    body: null
    headers:
      Accept:
      - '*/*'
      Accept-Encoding:
      - gzip, deflate
      CommandName:
      - netappfiles snapshot policy update
      Connection:
      - keep-alive
      ParameterSetName:
      - -g -a --snapshot-policy-name --location --hourly-snapshots --daily-snapshots
        --weekly-snapshots --monthly-snapshots --hourly-minute --daily-minute --weekly-minute
        --monthly-minute --daily-hour --weekly-hour --monthly-hour --weekly-day --monthly-days
        --enabled
      User-Agent:
      - AZURECLI/2.25.0 azsdk-python-mgmt-netapp/4.0.0 Python/3.8.10 (macOS-11.3.1-x86_64-i386-64bit)
    method: GET
    uri: https://management.azure.com/subscriptions/00000000-0000-0000-0000-000000000000/providers/Microsoft.NetApp/locations/southcentralusstage/operationResults/cfb2825b-43f7-4d22-9dba-cdaaba5e60a9?api-version=2021-04-01
  response:
    body:
      string: '{"id":"/subscriptions/00000000-0000-0000-0000-000000000000/providers/Microsoft.NetApp/locations/southcentralusstage/operationResults/cfb2825b-43f7-4d22-9dba-cdaaba5e60a9","name":"cfb2825b-43f7-4d22-9dba-cdaaba5e60a9","status":"Succeeded","startTime":"2021-06-21T13:38:22.0652783Z","endTime":"2021-06-21T13:38:22.166035Z","percentComplete":100.0,"properties":{"resourceName":"/subscriptions/00000000-0000-0000-0000-000000000000/resourceGroups/cli_netappfiles_test_snapshot_policy_000001/providers/Microsoft.NetApp/netAppAccounts/cli-acc-000002/snapshotPolicies/cli-sn-pol-000003"}}'
    headers:
      cache-control:
      - no-cache
      content-length:
      - '621'
      content-type:
      - application/json; charset=utf-8
      date:
      - Mon, 21 Jun 2021 13:38:52 GMT
      expires:
      - '-1'
      pragma:
      - no-cache
      server:
      - Microsoft-IIS/10.0
      strict-transport-security:
      - max-age=31536000; includeSubDomains
      transfer-encoding:
      - chunked
      vary:
      - Accept-Encoding
      x-content-type-options:
      - nosniff
      x-powered-by:
      - ASP.NET
    status:
      code: 200
      message: OK
- request:
    body: null
    headers:
      Accept:
      - '*/*'
      Accept-Encoding:
      - gzip, deflate
      CommandName:
      - netappfiles snapshot policy update
      Connection:
      - keep-alive
      ParameterSetName:
      - -g -a --snapshot-policy-name --location --hourly-snapshots --daily-snapshots
        --weekly-snapshots --monthly-snapshots --hourly-minute --daily-minute --weekly-minute
        --monthly-minute --daily-hour --weekly-hour --monthly-hour --weekly-day --monthly-days
        --enabled
      User-Agent:
      - AZURECLI/2.25.0 azsdk-python-mgmt-netapp/4.0.0 Python/3.8.10 (macOS-11.3.1-x86_64-i386-64bit)
    method: GET
    uri: https://management.azure.com/subscriptions/00000000-0000-0000-0000-000000000000/resourceGroups/cli_netappfiles_test_snapshot_policy_000001/providers/Microsoft.NetApp/netAppAccounts/cli-acc-000002/snapshotPolicies/cli-sn-pol-000003?api-version=2021-04-01
  response:
    body:
      string: '{"id":"/subscriptions/00000000-0000-0000-0000-000000000000/resourceGroups/cli_netappfiles_test_snapshot_policy_000001/providers/Microsoft.NetApp/netAppAccounts/cli-acc-000002/snapshotPolicies/cli-sn-pol-000003","name":"cli-acc-000002/cli-sn-pol-000003","type":"Microsoft.NetApp/netAppAccounts/snapshotPolicies","etag":"W/\"datetime''2021-06-21T13%3A38%3A22.1629151Z''\"","location":"southcentralusstage","tags":{"Tag1":"Value1"},"properties":{"provisioningState":"Succeeded","enabled":false,"hourlySchedule":{"snapshotsToKeep":5,"minute":50},"dailySchedule":{"snapshotsToKeep":6,"hour":6,"minute":0},"weeklySchedule":{"snapshotsToKeep":7,"day":"Wednesday","hour":7,"minute":10},"monthlySchedule":{"snapshotsToKeep":8,"daysOfMonth":"1,2,20","hour":8,"minute":20}}}'
    headers:
      cache-control:
      - no-cache
      content-length:
      - '811'
      content-type:
      - application/json; charset=utf-8
      date:
      - Mon, 21 Jun 2021 13:38:52 GMT
      etag:
      - W/"datetime'2021-06-21T13%3A38%3A22.1629151Z'"
      expires:
      - '-1'
      pragma:
      - no-cache
      server:
      - Microsoft-IIS/10.0
      strict-transport-security:
      - max-age=31536000; includeSubDomains
      transfer-encoding:
      - chunked
      vary:
      - Accept-Encoding
      x-content-type-options:
      - nosniff
      x-powered-by:
      - ASP.NET
    status:
      code: 200
      message: OK
- request:
    body: null
    headers:
      Accept:
      - application/json
      Accept-Encoding:
      - gzip, deflate
      CommandName:
      - netappfiles snapshot policy show
      Connection:
      - keep-alive
      ParameterSetName:
      - -g -a --snapshot-policy-name
      User-Agent:
      - AZURECLI/2.25.0 azsdk-python-mgmt-netapp/4.0.0 Python/3.8.10 (macOS-11.3.1-x86_64-i386-64bit)
    method: GET
    uri: https://management.azure.com/subscriptions/00000000-0000-0000-0000-000000000000/resourceGroups/cli_netappfiles_test_snapshot_policy_000001/providers/Microsoft.NetApp/netAppAccounts/cli-acc-000002/snapshotPolicies/cli-sn-pol-000003?api-version=2021-04-01
  response:
    body:
      string: '{"id":"/subscriptions/00000000-0000-0000-0000-000000000000/resourceGroups/cli_netappfiles_test_snapshot_policy_000001/providers/Microsoft.NetApp/netAppAccounts/cli-acc-000002/snapshotPolicies/cli-sn-pol-000003","name":"cli-acc-000002/cli-sn-pol-000003","type":"Microsoft.NetApp/netAppAccounts/snapshotPolicies","etag":"W/\"datetime''2021-06-21T13%3A38%3A22.1629151Z''\"","location":"southcentralusstage","tags":{"Tag1":"Value1"},"properties":{"provisioningState":"Succeeded","enabled":false,"hourlySchedule":{"snapshotsToKeep":5,"minute":50},"dailySchedule":{"snapshotsToKeep":6,"hour":6,"minute":0},"weeklySchedule":{"snapshotsToKeep":7,"day":"Wednesday","hour":7,"minute":10},"monthlySchedule":{"snapshotsToKeep":8,"daysOfMonth":"1,2,20","hour":8,"minute":20}}}'
    headers:
      cache-control:
      - no-cache
      content-length:
      - '811'
      content-type:
      - application/json; charset=utf-8
      date:
      - Mon, 21 Jun 2021 13:38:53 GMT
      etag:
      - W/"datetime'2021-06-21T13%3A38%3A22.1629151Z'"
      expires:
      - '-1'
      pragma:
      - no-cache
      server:
      - Microsoft-IIS/10.0
      strict-transport-security:
      - max-age=31536000; includeSubDomains
      x-content-type-options:
      - nosniff
      x-powered-by:
      - ASP.NET
    status:
      code: 200
      message: OK
version: 1
