interactions:
- request:
    body: '{"location": "southcentralusstage", "tags": {"Tag1": "Value1"}}'
    headers:
      Accept:
      - application/json
      Accept-Encoding:
      - gzip, deflate
      CommandName:
      - netappfiles account create
      Connection:
      - keep-alive
      Content-Length:
      - '58'
      Content-Type:
      - application/json
      ParameterSetName:
      - -g -a -l --tags
      User-Agent:
      - AZURECLI/2.32.0 azsdk-python-mgmt-netapp/6.0.0 Python/3.8.10 (macOS-12.1-x86_64-i386-64bit)
    method: PUT
    uri: https://management.azure.com/subscriptions/00000000-0000-0000-0000-000000000000/resourceGroups/cli_netappfiles_test_account_000001/providers/Microsoft.NetApp/netAppAccounts/cli-acc-000002?api-version=2021-08-01
  response:
    body:
      string: '{"id":"/subscriptions/00000000-0000-0000-0000-000000000000/resourceGroups/cli_netappfiles_test_account_000001/providers/Microsoft.NetApp/netAppAccounts/cli-acc-000002","name":"cli-acc-000002","type":"Microsoft.NetApp/netAppAccounts","etag":"W/\"datetime''2022-01-19T11%3A36%3A10.2750041Z''\"","location":"southcentralusstage","tags":{"Tag1":"Value1","CreatedOnDate":"2022-01-19T11:36:05.0359815Z"},"properties":{"provisioningState":"Creating"}}'
    headers:
      azure-asyncoperation:
      - https://management.azure.com/subscriptions/00000000-0000-0000-0000-000000000000/providers/Microsoft.NetApp/locations/southcentralusstage/operationResults/a47327a1-c6df-4216-81b1-88a1b0ba9116?api-version=2021-08-01
      cache-control:
      - no-cache
      content-length:
      - '437'
      content-type:
      - application/json; charset=utf-8
      date:
      - Wed, 19 Jan 2022 11:36:11 GMT
      etag:
      - W/"datetime'2022-01-19T11%3A36%3A10.2750041Z'"
      expires:
      - '-1'
      pragma:
      - no-cache
      server:
      - Microsoft-IIS/10.0
      strict-transport-security:
      - max-age=31536000; includeSubDomains
      x-content-type-options:
      - nosniff
      x-ms-ratelimit-remaining-subscription-writes:
      - '1199'
      x-powered-by:
      - ASP.NET
    status:
      code: 201
      message: Created
- request:
    body: null
    headers:
      Accept:
      - '*/*'
      Accept-Encoding:
      - gzip, deflate
      CommandName:
      - netappfiles account create
      Connection:
      - keep-alive
      ParameterSetName:
      - -g -a -l --tags
      User-Agent:
      - AZURECLI/2.32.0 azsdk-python-mgmt-netapp/6.0.0 Python/3.8.10 (macOS-12.1-x86_64-i386-64bit)
    method: GET
    uri: https://management.azure.com/subscriptions/00000000-0000-0000-0000-000000000000/providers/Microsoft.NetApp/locations/southcentralusstage/operationResults/a47327a1-c6df-4216-81b1-88a1b0ba9116?api-version=2021-08-01
  response:
    body:
      string: '{"id":"/subscriptions/00000000-0000-0000-0000-000000000000/providers/Microsoft.NetApp/locations/southcentralusstage/operationResults/a47327a1-c6df-4216-81b1-88a1b0ba9116","name":"a47327a1-c6df-4216-81b1-88a1b0ba9116","status":"Succeeded","startTime":"2022-01-19T11:36:10.2798744Z","endTime":"2022-01-19T11:36:10.3409045Z","percentComplete":100.0,"properties":{"resourceName":"/subscriptions/00000000-0000-0000-0000-000000000000/resourceGroups/cli_netappfiles_test_account_000001/providers/Microsoft.NetApp/netAppAccounts/cli-acc-000002"}}'
    headers:
      cache-control:
      - no-cache
      content-length:
      - '533'
      content-type:
      - application/json; charset=utf-8
      date:
      - Wed, 19 Jan 2022 11:36:41 GMT
      expires:
      - '-1'
      pragma:
      - no-cache
      server:
      - Microsoft-IIS/10.0
      strict-transport-security:
      - max-age=31536000; includeSubDomains
      transfer-encoding:
      - chunked
      vary:
      - Accept-Encoding
      x-content-type-options:
      - nosniff
      x-powered-by:
      - ASP.NET
    status:
      code: 200
      message: OK
- request:
    body: null
    headers:
      Accept:
      - '*/*'
      Accept-Encoding:
      - gzip, deflate
      CommandName:
      - netappfiles account create
      Connection:
      - keep-alive
      ParameterSetName:
      - -g -a -l --tags
      User-Agent:
      - AZURECLI/2.32.0 azsdk-python-mgmt-netapp/6.0.0 Python/3.8.10 (macOS-12.1-x86_64-i386-64bit)
    method: GET
    uri: https://management.azure.com/subscriptions/00000000-0000-0000-0000-000000000000/resourceGroups/cli_netappfiles_test_account_000001/providers/Microsoft.NetApp/netAppAccounts/cli-acc-000002?api-version=2021-08-01
  response:
    body:
      string: '{"id":"/subscriptions/00000000-0000-0000-0000-000000000000/resourceGroups/cli_netappfiles_test_account_000001/providers/Microsoft.NetApp/netAppAccounts/cli-acc-000002","name":"cli-acc-000002","type":"Microsoft.NetApp/netAppAccounts","etag":"W/\"datetime''2022-01-19T11%3A36%3A10.3353538Z''\"","location":"southcentralusstage","tags":{"Tag1":"Value1","CreatedOnDate":"2022-01-19T11:36:05.0359815Z"},"properties":{"encryption":{"keySource":"Microsoft.NetApp"},"provisioningState":"Succeeded"}}'
    headers:
      cache-control:
      - no-cache
      content-length:
      - '484'
      content-type:
      - application/json; charset=utf-8
      date:
      - Wed, 19 Jan 2022 11:36:42 GMT
      etag:
      - W/"datetime'2022-01-19T11%3A36%3A10.3353538Z'"
      expires:
      - '-1'
      pragma:
      - no-cache
      server:
      - Microsoft-IIS/10.0
      strict-transport-security:
      - max-age=31536000; includeSubDomains
      transfer-encoding:
      - chunked
      vary:
      - Accept-Encoding
      x-content-type-options:
      - nosniff
      x-powered-by:
      - ASP.NET
    status:
      code: 200
      message: OK
- request:
    body: null
    headers:
      Accept:
      - application/json
      Accept-Encoding:
      - gzip, deflate
      CommandName:
      - netappfiles account ad add
      Connection:
      - keep-alive
      ParameterSetName:
      - -g -n --username --password --smb-server-name --dns --domain --ad-name --kdc-ip
        --ldap-signing --allow-local-ldap-users
      User-Agent:
      - AZURECLI/2.32.0 azsdk-python-mgmt-netapp/6.0.0 Python/3.8.10 (macOS-12.1-x86_64-i386-64bit)
    method: GET
    uri: https://management.azure.com/subscriptions/00000000-0000-0000-0000-000000000000/resourceGroups/cli_netappfiles_test_account_000001/providers/Microsoft.NetApp/netAppAccounts/cli-acc-000002?api-version=2021-08-01
  response:
    body:
      string: '{"id":"/subscriptions/00000000-0000-0000-0000-000000000000/resourceGroups/cli_netappfiles_test_account_000001/providers/Microsoft.NetApp/netAppAccounts/cli-acc-000002","name":"cli-acc-000002","type":"Microsoft.NetApp/netAppAccounts","etag":"W/\"datetime''2022-01-19T11%3A36%3A10.3353538Z''\"","location":"southcentralusstage","tags":{"Tag1":"Value1","CreatedOnDate":"2022-01-19T11:36:05.0359815Z"},"properties":{"encryption":{"keySource":"Microsoft.NetApp"},"provisioningState":"Succeeded"}}'
    headers:
      cache-control:
      - no-cache
      content-length:
      - '484'
      content-type:
      - application/json; charset=utf-8
      date:
      - Wed, 19 Jan 2022 11:36:43 GMT
      etag:
      - W/"datetime'2022-01-19T11%3A36%3A10.3353538Z'"
      expires:
      - '-1'
      pragma:
      - no-cache
      server:
      - Microsoft-IIS/10.0
      strict-transport-security:
      - max-age=31536000; includeSubDomains
      transfer-encoding:
      - chunked
      vary:
      - Accept-Encoding
      x-content-type-options:
      - nosniff
      x-powered-by:
      - ASP.NET
    status:
      code: 200
      message: OK
- request:
    body: '{"properties": {"activeDirectories": [{"username": "ad_user", "password":
      "ad_user", "domain": "southcentralusstage", "dns": "1.2.3.4", "smbServerName": "SMBSERVER",
      "kdcIP": "172.16.254.1", "adName": "cli-ad-name", "ldapSigning": true, "allowLocalNfsUsersWithLdap":
      true}]}}'
    headers:
      Accept:
      - application/json
      Accept-Encoding:
      - gzip, deflate
      CommandName:
      - netappfiles account ad add
      Connection:
      - keep-alive
      Content-Length:
      - '270'
      Content-Type:
      - application/json
      ParameterSetName:
      - -g -n --username --password --smb-server-name --dns --domain --ad-name --kdc-ip
        --ldap-signing --allow-local-ldap-users
      User-Agent:
      - AZURECLI/2.32.0 azsdk-python-mgmt-netapp/6.0.0 Python/3.8.10 (macOS-12.1-x86_64-i386-64bit)
    method: PATCH
    uri: https://management.azure.com/subscriptions/00000000-0000-0000-0000-000000000000/resourceGroups/cli_netappfiles_test_account_000001/providers/Microsoft.NetApp/netAppAccounts/cli-acc-000002?api-version=2021-08-01
  response:
    body:
      string: '{"id":"/subscriptions/00000000-0000-0000-0000-000000000000/resourceGroups/cli_netappfiles_test_account_000001/providers/Microsoft.NetApp/netAppAccounts/cli-acc-000002","name":"cli-acc-000002","type":"Microsoft.NetApp/netAppAccounts","etag":"W/\"datetime''2022-01-19T11%3A36%3A44.9219792Z''\"","location":"southcentralusstage","tags":{"Tag1":"Value1","CreatedOnDate":"2022-01-19T11:36:05.0359815Z"},"properties":{"provisioningState":"Patching","encryption":{"keySource":"Microsoft.NetApp"}}}'
    headers:
      azure-asyncoperation:
      - https://management.azure.com/subscriptions/00000000-0000-0000-0000-000000000000/providers/Microsoft.NetApp/locations/southcentralusstage/operationResults/9de1abe8-fa35-49b7-bea1-96c5bd70e719?api-version=2021-08-01
      cache-control:
      - no-cache
      content-length:
      - '483'
      content-type:
      - application/json; charset=utf-8
      date:
      - Wed, 19 Jan 2022 11:36:44 GMT
      etag:
      - W/"datetime'2022-01-19T11%3A36%3A44.9219792Z'"
      expires:
      - '-1'
      location:
      - https://management.azure.com/subscriptions/00000000-0000-0000-0000-000000000000/providers/Microsoft.NetApp/locations/southcentralusstage/operationResults/9de1abe8-fa35-49b7-bea1-96c5bd70e719?api-version=2021-08-01&operationResultResponseType=Location
      pragma:
      - no-cache
      server:
      - Microsoft-IIS/10.0
      strict-transport-security:
      - max-age=31536000; includeSubDomains
      x-content-type-options:
      - nosniff
      x-ms-ratelimit-remaining-subscription-writes:
      - '1199'
      x-powered-by:
      - ASP.NET
    status:
      code: 202
      message: Accepted
- request:
    body: null
    headers:
      Accept:
      - '*/*'
      Accept-Encoding:
      - gzip, deflate
      CommandName:
      - netappfiles account ad add
      Connection:
      - keep-alive
      ParameterSetName:
      - -g -n --username --password --smb-server-name --dns --domain --ad-name --kdc-ip
        --ldap-signing --allow-local-ldap-users
      User-Agent:
      - AZURECLI/2.32.0 azsdk-python-mgmt-netapp/6.0.0 Python/3.8.10 (macOS-12.1-x86_64-i386-64bit)
    method: GET
    uri: https://management.azure.com/subscriptions/00000000-0000-0000-0000-000000000000/providers/Microsoft.NetApp/locations/southcentralusstage/operationResults/9de1abe8-fa35-49b7-bea1-96c5bd70e719?api-version=2021-08-01
  response:
    body:
      string: '{"id":"/subscriptions/00000000-0000-0000-0000-000000000000/providers/Microsoft.NetApp/locations/southcentralusstage/operationResults/9de1abe8-fa35-49b7-bea1-96c5bd70e719","name":"9de1abe8-fa35-49b7-bea1-96c5bd70e719","status":"Succeeded","startTime":"2022-01-19T11:36:44.931375Z","endTime":"2022-01-19T11:36:45.4995749Z","percentComplete":100.0,"properties":{"resourceName":"/subscriptions/00000000-0000-0000-0000-000000000000/resourceGroups/cli_netappfiles_test_account_000001/providers/Microsoft.NetApp/netAppAccounts/cli-acc-000002"}}'
    headers:
      cache-control:
      - no-cache
      content-length:
      - '532'
      content-type:
      - application/json; charset=utf-8
      date:
      - Wed, 19 Jan 2022 11:37:14 GMT
      expires:
      - '-1'
      pragma:
      - no-cache
      server:
      - Microsoft-IIS/10.0
      strict-transport-security:
      - max-age=31536000; includeSubDomains
      x-content-type-options:
      - nosniff
      x-powered-by:
      - ASP.NET
    status:
      code: 200
      message: OK
- request:
    body: null
    headers:
      Accept:
      - '*/*'
      Accept-Encoding:
      - gzip, deflate
      CommandName:
      - netappfiles account ad add
      Connection:
      - keep-alive
      ParameterSetName:
      - -g -n --username --password --smb-server-name --dns --domain --ad-name --kdc-ip
        --ldap-signing --allow-local-ldap-users
      User-Agent:
      - AZURECLI/2.32.0 azsdk-python-mgmt-netapp/6.0.0 Python/3.8.10 (macOS-12.1-x86_64-i386-64bit)
    method: GET
    uri: https://management.azure.com/subscriptions/00000000-0000-0000-0000-000000000000/resourceGroups/cli_netappfiles_test_account_000001/providers/Microsoft.NetApp/netAppAccounts/cli-acc-000002?api-version=2021-08-01
  response:
    body:
      string: '{"id":"/subscriptions/00000000-0000-0000-0000-000000000000/resourceGroups/cli_netappfiles_test_account_000001/providers/Microsoft.NetApp/netAppAccounts/cli-acc-000002","name":"cli-acc-000002","type":"Microsoft.NetApp/netAppAccounts","etag":"W/\"datetime''2022-01-19T11%3A36%3A45.4936576Z''\"","location":"southcentralusstage","tags":{"Tag1":"Value1","CreatedOnDate":"2022-01-19T11:36:05.0359815Z"},"properties":{"provisioningState":"Succeeded","activeDirectories":[{"activeDirectoryId":"f632d5cc-619f-de72-9e33-be13feab8d92","username":"ad_user","password":"****************","domain":"southcentralusstage","dns":"1.2.3.4","status":"Created","smbServerName":"SMBSERVER","organizationalUnit":"CN=Computers","kdcIP":"172.16.254.1","adName":"cli-ad-name","aesEncryption":false,"ldapSigning":true,"ldapOverTLS":false,"allowLocalNFSUsersWithLdap":true,"encryptDCConnections":false}],"encryption":{"keySource":"Microsoft.NetApp"}}}'
    headers:
      cache-control:
      - no-cache
      content-length:
      - '913'
      content-type:
      - application/json; charset=utf-8
      date:
      - Wed, 19 Jan 2022 11:37:15 GMT
      etag:
      - W/"datetime'2022-01-19T11%3A36%3A45.4936576Z'"
      expires:
      - '-1'
      pragma:
      - no-cache
      server:
      - Microsoft-IIS/10.0
      strict-transport-security:
      - max-age=31536000; includeSubDomains
      x-content-type-options:
      - nosniff
      x-powered-by:
      - ASP.NET
    status:
      code: 200
      message: OK
- request:
    body: null
    headers:
      Accept:
      - application/json
      Accept-Encoding:
      - gzip, deflate
      CommandName:
      - netappfiles account ad list
      Connection:
      - keep-alive
      ParameterSetName:
      - -g -n
      User-Agent:
      - AZURECLI/2.32.0 azsdk-python-mgmt-netapp/6.0.0 Python/3.8.10 (macOS-12.1-x86_64-i386-64bit)
    method: GET
    uri: https://management.azure.com/subscriptions/00000000-0000-0000-0000-000000000000/resourceGroups/cli_netappfiles_test_account_000001/providers/Microsoft.NetApp/netAppAccounts/cli-acc-000002?api-version=2021-08-01
  response:
    body:
      string: '{"id":"/subscriptions/00000000-0000-0000-0000-000000000000/resourceGroups/cli_netappfiles_test_account_000001/providers/Microsoft.NetApp/netAppAccounts/cli-acc-000002","name":"cli-acc-000002","type":"Microsoft.NetApp/netAppAccounts","etag":"W/\"datetime''2022-01-19T11%3A36%3A45.4936576Z''\"","location":"southcentralusstage","tags":{"Tag1":"Value1","CreatedOnDate":"2022-01-19T11:36:05.0359815Z"},"properties":{"provisioningState":"Succeeded","activeDirectories":[{"activeDirectoryId":"f632d5cc-619f-de72-9e33-be13feab8d92","username":"ad_user","password":"****************","domain":"southcentralusstage","dns":"1.2.3.4","status":"Created","smbServerName":"SMBSERVER","organizationalUnit":"CN=Computers","kdcIP":"172.16.254.1","adName":"cli-ad-name","aesEncryption":false,"ldapSigning":true,"ldapOverTLS":false,"allowLocalNFSUsersWithLdap":true,"encryptDCConnections":false}],"encryption":{"keySource":"Microsoft.NetApp"}}}'
    headers:
      cache-control:
      - no-cache
      content-length:
      - '913'
      content-type:
      - application/json; charset=utf-8
      date:
      - Wed, 19 Jan 2022 11:37:16 GMT
      etag:
      - W/"datetime'2022-01-19T11%3A36%3A45.4936576Z'"
      expires:
      - '-1'
      pragma:
      - no-cache
      server:
      - Microsoft-IIS/10.0
      strict-transport-security:
      - max-age=31536000; includeSubDomains
      x-content-type-options:
      - nosniff
      x-powered-by:
      - ASP.NET
    status:
      code: 200
      message: OK
- request:
    body: null
    headers:
      Accept:
      - application/json
      Accept-Encoding:
      - gzip, deflate
      CommandName:
      - netappfiles account ad update
      Connection:
      - keep-alive
      ParameterSetName:
      - -g -n --active-directory-id --password --username --smb-server-name --dns
        --domain --ad-name --kdc-ip --ldap-signing --allow-local-ldap-users
      User-Agent:
      - AZURECLI/2.32.0 azsdk-python-mgmt-netapp/6.0.0 Python/3.8.10 (macOS-12.1-x86_64-i386-64bit)
    method: GET
    uri: https://management.azure.com/subscriptions/00000000-0000-0000-0000-000000000000/resourceGroups/cli_netappfiles_test_account_000001/providers/Microsoft.NetApp/netAppAccounts/cli-acc-000002?api-version=2021-08-01
  response:
    body:
      string: '{"id":"/subscriptions/00000000-0000-0000-0000-000000000000/resourceGroups/cli_netappfiles_test_account_000001/providers/Microsoft.NetApp/netAppAccounts/cli-acc-000002","name":"cli-acc-000002","type":"Microsoft.NetApp/netAppAccounts","etag":"W/\"datetime''2022-01-19T11%3A36%3A45.4936576Z''\"","location":"southcentralusstage","tags":{"Tag1":"Value1","CreatedOnDate":"2022-01-19T11:36:05.0359815Z"},"properties":{"provisioningState":"Succeeded","activeDirectories":[{"activeDirectoryId":"f632d5cc-619f-de72-9e33-be13feab8d92","username":"ad_user","password":"****************","domain":"southcentralusstage","dns":"1.2.3.4","status":"Created","smbServerName":"SMBSERVER","organizationalUnit":"CN=Computers","kdcIP":"172.16.254.1","adName":"cli-ad-name","aesEncryption":false,"ldapSigning":true,"ldapOverTLS":false,"allowLocalNFSUsersWithLdap":true,"encryptDCConnections":false}],"encryption":{"keySource":"Microsoft.NetApp"}}}'
    headers:
      cache-control:
      - no-cache
      content-length:
      - '913'
      content-type:
      - application/json; charset=utf-8
      date:
      - Wed, 19 Jan 2022 11:37:17 GMT
      etag:
      - W/"datetime'2022-01-19T11%3A36%3A45.4936576Z'"
      expires:
      - '-1'
      pragma:
      - no-cache
      server:
      - Microsoft-IIS/10.0
      strict-transport-security:
      - max-age=31536000; includeSubDomains
      transfer-encoding:
      - chunked
      vary:
      - Accept-Encoding
      x-content-type-options:
      - nosniff
      x-powered-by:
      - ASP.NET
    status:
      code: 200
      message: OK
- request:
    body: '{"properties": {"activeDirectories": [{"activeDirectoryId": "f632d5cc-619f-de72-9e33-be13feab8d92",
      "username": "ad_user", "password": "ad_user", "domain": "southcentralusstage", "dns":
      "1.2.3.5", "smbServerName": "SMBSERVER", "kdcIP": "172.16.254.1", "adName":
      "cli-ad-name", "ldapSigning": true, "allowLocalNfsUsersWithLdap": true}]}}'
    headers:
      Accept:
      - application/json
      Accept-Encoding:
      - gzip, deflate
      CommandName:
      - netappfiles account ad update
      Connection:
      - keep-alive
      Content-Length:
      - '331'
      Content-Type:
      - application/json
      ParameterSetName:
      - -g -n --active-directory-id --password --username --smb-server-name --dns
        --domain --ad-name --kdc-ip --ldap-signing --allow-local-ldap-users
      User-Agent:
      - AZURECLI/2.32.0 azsdk-python-mgmt-netapp/6.0.0 Python/3.8.10 (macOS-12.1-x86_64-i386-64bit)
    method: PATCH
    uri: https://management.azure.com/subscriptions/00000000-0000-0000-0000-000000000000/resourceGroups/cli_netappfiles_test_account_000001/providers/Microsoft.NetApp/netAppAccounts/cli-acc-000002?api-version=2021-08-01
  response:
    body:
      string: '{"id":"/subscriptions/00000000-0000-0000-0000-000000000000/resourceGroups/cli_netappfiles_test_account_000001/providers/Microsoft.NetApp/netAppAccounts/cli-acc-000002","name":"cli-acc-000002","type":"Microsoft.NetApp/netAppAccounts","etag":"W/\"datetime''2022-01-19T11%3A37%3A19.1247758Z''\"","location":"southcentralusstage","tags":{"Tag1":"Value1","CreatedOnDate":"2022-01-19T11:36:05.0359815Z"},"properties":{"provisioningState":"Patching","activeDirectories":[{"activeDirectoryId":"f632d5cc-619f-de72-9e33-be13feab8d92","username":"ad_user","password":"****************","domain":"southcentralusstage","dns":"1.2.3.4","status":"Created","smbServerName":"SMBSERVER","organizationalUnit":"CN=Computers","kdcIP":"172.16.254.1","adName":"cli-ad-name","aesEncryption":false,"ldapSigning":true,"ldapOverTLS":false,"allowLocalNFSUsersWithLdap":true,"encryptDCConnections":false}],"encryption":{"keySource":"Microsoft.NetApp"}}}'
    headers:
      azure-asyncoperation:
      - https://management.azure.com/subscriptions/00000000-0000-0000-0000-000000000000/providers/Microsoft.NetApp/locations/southcentralusstage/operationResults/5d8ab6c6-ad90-4a3d-a040-ceb49fb68ef3?api-version=2021-08-01
      cache-control:
      - no-cache
      content-length:
      - '912'
      content-type:
      - application/json; charset=utf-8
      date:
      - Wed, 19 Jan 2022 11:37:18 GMT
      etag:
      - W/"datetime'2022-01-19T11%3A37%3A19.1247758Z'"
      expires:
      - '-1'
      location:
      - https://management.azure.com/subscriptions/00000000-0000-0000-0000-000000000000/providers/Microsoft.NetApp/locations/southcentralusstage/operationResults/5d8ab6c6-ad90-4a3d-a040-ceb49fb68ef3?api-version=2021-08-01&operationResultResponseType=Location
      pragma:
      - no-cache
      server:
      - Microsoft-IIS/10.0
      strict-transport-security:
      - max-age=31536000; includeSubDomains
      x-content-type-options:
      - nosniff
      x-ms-ratelimit-remaining-subscription-writes:
      - '1198'
      x-powered-by:
      - ASP.NET
    status:
      code: 202
      message: Accepted
- request:
    body: null
    headers:
      Accept:
      - '*/*'
      Accept-Encoding:
      - gzip, deflate
      CommandName:
      - netappfiles account ad update
      Connection:
      - keep-alive
      ParameterSetName:
      - -g -n --active-directory-id --password --username --smb-server-name --dns
        --domain --ad-name --kdc-ip --ldap-signing --allow-local-ldap-users
      User-Agent:
      - AZURECLI/2.32.0 azsdk-python-mgmt-netapp/6.0.0 Python/3.8.10 (macOS-12.1-x86_64-i386-64bit)
    method: GET
    uri: https://management.azure.com/subscriptions/00000000-0000-0000-0000-000000000000/providers/Microsoft.NetApp/locations/southcentralusstage/operationResults/5d8ab6c6-ad90-4a3d-a040-ceb49fb68ef3?api-version=2021-08-01
  response:
    body:
      string: '{"id":"/subscriptions/00000000-0000-0000-0000-000000000000/providers/Microsoft.NetApp/locations/southcentralusstage/operationResults/5d8ab6c6-ad90-4a3d-a040-ceb49fb68ef3","name":"5d8ab6c6-ad90-4a3d-a040-ceb49fb68ef3","status":"Succeeded","startTime":"2022-01-19T11:37:19.1334631Z","endTime":"2022-01-19T11:37:19.5762116Z","percentComplete":100.0,"properties":{"resourceName":"/subscriptions/00000000-0000-0000-0000-000000000000/resourceGroups/cli_netappfiles_test_account_000001/providers/Microsoft.NetApp/netAppAccounts/cli-acc-000002"}}'
    headers:
      cache-control:
      - no-cache
      content-length:
      - '533'
      content-type:
      - application/json; charset=utf-8
      date:
      - Wed, 19 Jan 2022 11:37:49 GMT
      expires:
      - '-1'
      pragma:
      - no-cache
      server:
      - Microsoft-IIS/10.0
      strict-transport-security:
      - max-age=31536000; includeSubDomains
      transfer-encoding:
      - chunked
      vary:
      - Accept-Encoding
      x-content-type-options:
      - nosniff
      x-powered-by:
      - ASP.NET
    status:
      code: 200
      message: OK
- request:
    body: null
    headers:
      Accept:
      - '*/*'
      Accept-Encoding:
      - gzip, deflate
      CommandName:
      - netappfiles account ad update
      Connection:
      - keep-alive
      ParameterSetName:
      - -g -n --active-directory-id --password --username --smb-server-name --dns
        --domain --ad-name --kdc-ip --ldap-signing --allow-local-ldap-users
      User-Agent:
      - AZURECLI/2.32.0 azsdk-python-mgmt-netapp/6.0.0 Python/3.8.10 (macOS-12.1-x86_64-i386-64bit)
    method: GET
    uri: https://management.azure.com/subscriptions/00000000-0000-0000-0000-000000000000/resourceGroups/cli_netappfiles_test_account_000001/providers/Microsoft.NetApp/netAppAccounts/cli-acc-000002?api-version=2021-08-01
  response:
    body:
      string: '{"id":"/subscriptions/00000000-0000-0000-0000-000000000000/resourceGroups/cli_netappfiles_test_account_000001/providers/Microsoft.NetApp/netAppAccounts/cli-acc-000002","name":"cli-acc-000002","type":"Microsoft.NetApp/netAppAccounts","etag":"W/\"datetime''2022-01-19T11%3A37%3A19.5685267Z''\"","location":"southcentralusstage","tags":{"Tag1":"Value1","CreatedOnDate":"2022-01-19T11:36:05.0359815Z"},"properties":{"provisioningState":"Succeeded","activeDirectories":[{"activeDirectoryId":"f632d5cc-619f-de72-9e33-be13feab8d92","username":"ad_user","password":"****************","domain":"southcentralusstage","dns":"1.2.3.5","status":"Created","smbServerName":"SMBSERVER","organizationalUnit":"CN=Computers","kdcIP":"172.16.254.1","adName":"cli-ad-name","aesEncryption":false,"ldapSigning":true,"ldapOverTLS":false,"allowLocalNFSUsersWithLdap":true,"encryptDCConnections":false}],"encryption":{"keySource":"Microsoft.NetApp"}}}'
    headers:
      cache-control:
      - no-cache
      content-length:
      - '913'
      content-type:
      - application/json; charset=utf-8
      date:
      - Wed, 19 Jan 2022 11:37:49 GMT
      etag:
      - W/"datetime'2022-01-19T11%3A37%3A19.5685267Z'"
      expires:
      - '-1'
      pragma:
      - no-cache
      server:
      - Microsoft-IIS/10.0
      strict-transport-security:
      - max-age=31536000; includeSubDomains
      transfer-encoding:
      - chunked
      vary:
      - Accept-Encoding
      x-content-type-options:
      - nosniff
      x-powered-by:
      - ASP.NET
    status:
      code: 200
      message: OK
- request:
    body: null
    headers:
      Accept:
      - application/json
      Accept-Encoding:
      - gzip, deflate
      CommandName:
      - netappfiles account ad remove
      Connection:
      - keep-alive
      ParameterSetName:
      - -g -n --active-directory
      User-Agent:
      - AZURECLI/2.32.0 azsdk-python-mgmt-netapp/6.0.0 Python/3.8.10 (macOS-12.1-x86_64-i386-64bit)
    method: GET
    uri: https://management.azure.com/subscriptions/00000000-0000-0000-0000-000000000000/resourceGroups/cli_netappfiles_test_account_000001/providers/Microsoft.NetApp/netAppAccounts/cli-acc-000002?api-version=2021-08-01
  response:
    body:
      string: '{"id":"/subscriptions/00000000-0000-0000-0000-000000000000/resourceGroups/cli_netappfiles_test_account_000001/providers/Microsoft.NetApp/netAppAccounts/cli-acc-000002","name":"cli-acc-000002","type":"Microsoft.NetApp/netAppAccounts","etag":"W/\"datetime''2022-01-19T11%3A37%3A19.5685267Z''\"","location":"southcentralusstage","tags":{"Tag1":"Value1","CreatedOnDate":"2022-01-19T11:36:05.0359815Z"},"properties":{"provisioningState":"Succeeded","activeDirectories":[{"activeDirectoryId":"f632d5cc-619f-de72-9e33-be13feab8d92","username":"ad_user","password":"****************","domain":"southcentralusstage","dns":"1.2.3.5","status":"Created","smbServerName":"SMBSERVER","organizationalUnit":"CN=Computers","kdcIP":"172.16.254.1","adName":"cli-ad-name","aesEncryption":false,"ldapSigning":true,"ldapOverTLS":false,"allowLocalNFSUsersWithLdap":true,"encryptDCConnections":false}],"encryption":{"keySource":"Microsoft.NetApp"}}}'
    headers:
      cache-control:
      - no-cache
      content-length:
      - '913'
      content-type:
      - application/json; charset=utf-8
      date:
      - Wed, 19 Jan 2022 11:37:50 GMT
      etag:
      - W/"datetime'2022-01-19T11%3A37%3A19.5685267Z'"
      expires:
      - '-1'
      pragma:
      - no-cache
      server:
      - Microsoft-IIS/10.0
      strict-transport-security:
      - max-age=31536000; includeSubDomains
      transfer-encoding:
      - chunked
      vary:
      - Accept-Encoding
      x-content-type-options:
      - nosniff
      x-powered-by:
      - ASP.NET
    status:
      code: 200
      message: OK
- request:
    body: '{"location": "southcentralusstage", "tags": {"Tag1": "Value1", "CreatedOnDate":
      "2022-01-19T11:36:05.0359815Z"}, "properties": {"activeDirectories": []}}'
    headers:
      Accept:
      - application/json
      Accept-Encoding:
      - gzip, deflate
      CommandName:
      - netappfiles account ad remove
      Connection:
      - keep-alive
      Content-Length:
      - '148'
      Content-Type:
      - application/json
      ParameterSetName:
      - -g -n --active-directory
      User-Agent:
      - AZURECLI/2.32.0 azsdk-python-mgmt-netapp/6.0.0 Python/3.8.10 (macOS-12.1-x86_64-i386-64bit)
    method: PUT
    uri: https://management.azure.com/subscriptions/00000000-0000-0000-0000-000000000000/resourceGroups/cli_netappfiles_test_account_000001/providers/Microsoft.NetApp/netAppAccounts/cli-acc-000002?api-version=2021-08-01
  response:
    body:
      string: '{"id":"/subscriptions/00000000-0000-0000-0000-000000000000/resourceGroups/cli_netappfiles_test_account_000001/providers/Microsoft.NetApp/netAppAccounts/cli-acc-000002","name":"cli-acc-000002","type":"Microsoft.NetApp/netAppAccounts","etag":"W/\"datetime''2022-01-19T11%3A37%3A51.18874Z''\"","location":"southcentralusstage","tags":{"Tag1":"Value1","CreatedOnDate":"2022-01-19T11:36:05.0359815Z"},"properties":{"provisioningState":"Updating","activeDirectories":[{"activeDirectoryId":"f632d5cc-619f-de72-9e33-be13feab8d92","username":"ad_user","password":"****************","domain":"southcentralusstage","dns":"1.2.3.5","status":"Created","smbServerName":"SMBSERVER","organizationalUnit":"CN=Computers","kdcIP":"172.16.254.1","adName":"cli-ad-name","aesEncryption":false,"ldapSigning":true,"ldapOverTLS":false,"allowLocalNFSUsersWithLdap":true,"encryptDCConnections":false}],"encryption":{"keySource":"Microsoft.NetApp"}}}'
    headers:
      azure-asyncoperation:
      - https://management.azure.com/subscriptions/00000000-0000-0000-0000-000000000000/providers/Microsoft.NetApp/locations/southcentralusstage/operationResults/f6f7b73d-0bf4-459d-8725-8d1d459efb20?api-version=2021-08-01
      cache-control:
      - no-cache
      content-length:
      - '910'
      content-type:
      - application/json; charset=utf-8
      date:
      - Wed, 19 Jan 2022 11:37:51 GMT
      etag:
      - W/"datetime'2022-01-19T11%3A37%3A51.18874Z'"
      expires:
      - '-1'
      pragma:
      - no-cache
      server:
      - Microsoft-IIS/10.0
      strict-transport-security:
      - max-age=31536000; includeSubDomains
      transfer-encoding:
      - chunked
      vary:
      - Accept-Encoding
      x-content-type-options:
      - nosniff
      x-ms-ratelimit-remaining-subscription-writes:
      - '1199'
      x-powered-by:
      - ASP.NET
    status:
      code: 200
      message: OK
- request:
    body: null
    headers:
      Accept:
      - '*/*'
      Accept-Encoding:
      - gzip, deflate
      CommandName:
      - netappfiles account ad remove
      Connection:
      - keep-alive
      ParameterSetName:
      - -g -n --active-directory
      User-Agent:
      - AZURECLI/2.32.0 azsdk-python-mgmt-netapp/6.0.0 Python/3.8.10 (macOS-12.1-x86_64-i386-64bit)
    method: GET
    uri: https://management.azure.com/subscriptions/00000000-0000-0000-0000-000000000000/providers/Microsoft.NetApp/locations/southcentralusstage/operationResults/f6f7b73d-0bf4-459d-8725-8d1d459efb20?api-version=2021-08-01
  response:
    body:
      string: '{"id":"/subscriptions/00000000-0000-0000-0000-000000000000/providers/Microsoft.NetApp/locations/southcentralusstage/operationResults/f6f7b73d-0bf4-459d-8725-8d1d459efb20","name":"f6f7b73d-0bf4-459d-8725-8d1d459efb20","status":"Succeeded","startTime":"2022-01-19T11:37:51.1956891Z","endTime":"2022-01-19T11:37:51.6929652Z","percentComplete":100.0,"properties":{"resourceName":"/subscriptions/00000000-0000-0000-0000-000000000000/resourceGroups/cli_netappfiles_test_account_000001/providers/Microsoft.NetApp/netAppAccounts/cli-acc-000002"}}'
    headers:
      cache-control:
      - no-cache
      content-length:
      - '533'
      content-type:
      - application/json; charset=utf-8
      date:
      - Wed, 19 Jan 2022 11:38:21 GMT
      expires:
      - '-1'
      pragma:
      - no-cache
      server:
      - Microsoft-IIS/10.0
      strict-transport-security:
      - max-age=31536000; includeSubDomains
      transfer-encoding:
      - chunked
      vary:
      - Accept-Encoding
      x-content-type-options:
      - nosniff
      x-powered-by:
      - ASP.NET
    status:
      code: 200
      message: OK
- request:
    body: null
    headers:
      Accept:
      - '*/*'
      Accept-Encoding:
      - gzip, deflate
      CommandName:
      - netappfiles account ad remove
      Connection:
      - keep-alive
      ParameterSetName:
      - -g -n --active-directory
      User-Agent:
      - AZURECLI/2.32.0 azsdk-python-mgmt-netapp/6.0.0 Python/3.8.10 (macOS-12.1-x86_64-i386-64bit)
    method: GET
    uri: https://management.azure.com/subscriptions/00000000-0000-0000-0000-000000000000/resourceGroups/cli_netappfiles_test_account_000001/providers/Microsoft.NetApp/netAppAccounts/cli-acc-000002?api-version=2021-08-01
  response:
    body:
      string: '{"id":"/subscriptions/00000000-0000-0000-0000-000000000000/resourceGroups/cli_netappfiles_test_account_000001/providers/Microsoft.NetApp/netAppAccounts/cli-acc-000002","name":"cli-acc-000002","type":"Microsoft.NetApp/netAppAccounts","etag":"W/\"datetime''2022-01-19T11%3A37%3A51.6814632Z''\"","location":"southcentralusstage","tags":{"Tag1":"Value1","CreatedOnDate":"2022-01-19T11:36:05.0359815Z"},"properties":{"provisioningState":"Succeeded","encryption":{"keySource":"Microsoft.NetApp"}}}'
    headers:
      cache-control:
      - no-cache
      content-length:
      - '484'
      content-type:
      - application/json; charset=utf-8
      date:
      - Wed, 19 Jan 2022 11:38:21 GMT
      etag:
      - W/"datetime'2022-01-19T11%3A37%3A51.6814632Z'"
      expires:
      - '-1'
      pragma:
      - no-cache
      server:
      - Microsoft-IIS/10.0
      strict-transport-security:
      - max-age=31536000; includeSubDomains
      transfer-encoding:
      - chunked
      vary:
      - Accept-Encoding
      x-content-type-options:
      - nosniff
      x-powered-by:
      - ASP.NET
    status:
      code: 200
      message: OK
- request:
    body: null
    headers:
      Accept:
      - application/json
      Accept-Encoding:
      - gzip, deflate
      CommandName:
      - netappfiles account show
      Connection:
      - keep-alive
      ParameterSetName:
      - -g -n
      User-Agent:
      - AZURECLI/2.32.0 azsdk-python-mgmt-netapp/6.0.0 Python/3.8.10 (macOS-12.1-x86_64-i386-64bit)
    method: GET
    uri: https://management.azure.com/subscriptions/00000000-0000-0000-0000-000000000000/resourceGroups/cli_netappfiles_test_account_000001/providers/Microsoft.NetApp/netAppAccounts/cli-acc-000002?api-version=2021-08-01
  response:
    body:
      string: '{"id":"/subscriptions/00000000-0000-0000-0000-000000000000/resourceGroups/cli_netappfiles_test_account_000001/providers/Microsoft.NetApp/netAppAccounts/cli-acc-000002","name":"cli-acc-000002","type":"Microsoft.NetApp/netAppAccounts","etag":"W/\"datetime''2022-01-19T11%3A37%3A51.6814632Z''\"","location":"southcentralusstage","tags":{"Tag1":"Value1","CreatedOnDate":"2022-01-19T11:36:05.0359815Z"},"properties":{"provisioningState":"Succeeded","encryption":{"keySource":"Microsoft.NetApp"}}}'
    headers:
      cache-control:
      - no-cache
      content-length:
      - '484'
      content-type:
      - application/json; charset=utf-8
      date:
      - Wed, 19 Jan 2022 11:38:22 GMT
      etag:
      - W/"datetime'2022-01-19T11%3A37%3A51.6814632Z'"
      expires:
      - '-1'
      pragma:
      - no-cache
      server:
      - Microsoft-IIS/10.0
      strict-transport-security:
      - max-age=31536000; includeSubDomains
      transfer-encoding:
      - chunked
      vary:
      - Accept-Encoding
      x-content-type-options:
      - nosniff
      x-powered-by:
      - ASP.NET
    status:
      code: 200
      message: OK
version: 1
