interactions:
- request:
    body: '{"location": "eastus2euap", "tags": {}, "properties": {"addressSpace":
      {"addressPrefixes": ["10.5.0.0/16"]}, "dhcpOptions": {}}}'
    headers:
      Accept:
      - application/json
      Accept-Encoding:
      - gzip, deflate
      CommandName:
      - network vnet create
      Connection:
      - keep-alive
      Content-Length:
      - '128'
      Content-Type:
      - application/json
      ParameterSetName:
      - -n -g -l --address-prefix
      User-Agent:
      - AZURECLI/2.19.0 azsdk-python-azure-mgmt-network/17.1.0 Python/3.7.3 (Windows-10-10.0.19041-SP0)
    method: PUT
    uri: https://management.azure.com/subscriptions/00000000-0000-0000-0000-000000000000/resourceGroups/cli_netappfiles_test_account_backup_000001/providers/Microsoft.Network/virtualNetworks/cli-vnet-backup000006?api-version=2020-08-01
  response:
    body:
      string: "{\r\n  \"name\": \"cli-vnet-backup000006\",\r\n  \"id\": \"/subscriptions/00000000-0000-0000-0000-000000000000/resourceGroups/cli_netappfiles_test_account_backup_000001/providers/Microsoft.Network/virtualNetworks/cli-vnet-backup000006\",\r\n
        \ \"etag\": \"W/\\\"8ec3918f-93dd-485b-9ec9-270f395863c3\\\"\",\r\n  \"type\":
        \"Microsoft.Network/virtualNetworks\",\r\n  \"location\": \"eastus2euap\",\r\n
        \ \"tags\": {},\r\n  \"properties\": {\r\n    \"provisioningState\": \"Updating\",\r\n
        \   \"resourceGuid\": \"0c8da190-4e02-41c7-8a7c-b4d7d4c4619d\",\r\n    \"addressSpace\":
        {\r\n      \"addressPrefixes\": [\r\n        \"10.5.0.0/16\"\r\n      ]\r\n
        \   },\r\n    \"dhcpOptions\": {\r\n      \"dnsServers\": []\r\n    },\r\n
        \   \"subnets\": [],\r\n    \"virtualNetworkPeerings\": [],\r\n    \"enableDdosProtection\":
        false\r\n  }\r\n}"
    headers:
      azure-asyncnotification:
      - Enabled
      azure-asyncoperation:
      - https://management.azure.com/subscriptions/00000000-0000-0000-0000-000000000000/providers/Microsoft.Network/locations/eastus2euap/operations/f42dd823-23e7-430c-9f22-c165800bf565?api-version=2020-08-01
      cache-control:
      - no-cache
      content-length:
      - '775'
      content-type:
      - application/json; charset=utf-8
      date:
      - Wed, 10 Feb 2021 12:53:33 GMT
      expires:
      - '-1'
      pragma:
      - no-cache
      server:
      - Microsoft-HTTPAPI/2.0
      - Microsoft-HTTPAPI/2.0
      strict-transport-security:
      - max-age=31536000; includeSubDomains
      x-content-type-options:
      - nosniff
      x-ms-arm-service-request-id:
      - 979e92fa-c7d1-4c4a-9946-be024064c777
      x-ms-ratelimit-remaining-subscription-writes:
      - '1198'
    status:
      code: 201
      message: Created
- request:
    body: null
    headers:
      Accept:
      - '*/*'
      Accept-Encoding:
      - gzip, deflate
      CommandName:
      - network vnet create
      Connection:
      - keep-alive
      ParameterSetName:
      - -n -g -l --address-prefix
      User-Agent:
      - AZURECLI/2.19.0 azsdk-python-azure-mgmt-network/17.1.0 Python/3.7.3 (Windows-10-10.0.19041-SP0)
    method: GET
    uri: https://management.azure.com/subscriptions/00000000-0000-0000-0000-000000000000/providers/Microsoft.Network/locations/eastus2euap/operations/f42dd823-23e7-430c-9f22-c165800bf565?api-version=2020-08-01
  response:
    body:
      string: "{\r\n  \"status\": \"Succeeded\"\r\n}"
    headers:
      cache-control:
      - no-cache
      content-length:
      - '29'
      content-type:
      - application/json; charset=utf-8
      date:
      - Wed, 10 Feb 2021 12:53:36 GMT
      expires:
      - '-1'
      pragma:
      - no-cache
      server:
      - Microsoft-HTTPAPI/2.0
      - Microsoft-HTTPAPI/2.0
      strict-transport-security:
      - max-age=31536000; includeSubDomains
      transfer-encoding:
      - chunked
      vary:
      - Accept-Encoding
      x-content-type-options:
      - nosniff
      x-ms-arm-service-request-id:
      - 2e972fa4-cc16-4a89-a83b-c8a057ac7aaf
    status:
      code: 200
      message: OK
- request:
    body: null
    headers:
      Accept:
      - '*/*'
      Accept-Encoding:
      - gzip, deflate
      CommandName:
      - network vnet create
      Connection:
      - keep-alive
      ParameterSetName:
      - -n -g -l --address-prefix
      User-Agent:
      - AZURECLI/2.19.0 azsdk-python-azure-mgmt-network/17.1.0 Python/3.7.3 (Windows-10-10.0.19041-SP0)
    method: GET
    uri: https://management.azure.com/subscriptions/00000000-0000-0000-0000-000000000000/resourceGroups/cli_netappfiles_test_account_backup_000001/providers/Microsoft.Network/virtualNetworks/cli-vnet-backup000006?api-version=2020-08-01
  response:
    body:
      string: "{\r\n  \"name\": \"cli-vnet-backup000006\",\r\n  \"id\": \"/subscriptions/00000000-0000-0000-0000-000000000000/resourceGroups/cli_netappfiles_test_account_backup_000001/providers/Microsoft.Network/virtualNetworks/cli-vnet-backup000006\",\r\n
        \ \"etag\": \"W/\\\"23b7def4-db83-4ded-97bd-e1211bf6d112\\\"\",\r\n  \"type\":
        \"Microsoft.Network/virtualNetworks\",\r\n  \"location\": \"eastus2euap\",\r\n
        \ \"tags\": {},\r\n  \"properties\": {\r\n    \"provisioningState\": \"Succeeded\",\r\n
        \   \"resourceGuid\": \"0c8da190-4e02-41c7-8a7c-b4d7d4c4619d\",\r\n    \"addressSpace\":
        {\r\n      \"addressPrefixes\": [\r\n        \"10.5.0.0/16\"\r\n      ]\r\n
        \   },\r\n    \"dhcpOptions\": {\r\n      \"dnsServers\": []\r\n    },\r\n
        \   \"subnets\": [],\r\n    \"virtualNetworkPeerings\": [],\r\n    \"enableDdosProtection\":
        false\r\n  }\r\n}"
    headers:
      cache-control:
      - no-cache
      content-length:
      - '776'
      content-type:
      - application/json; charset=utf-8
      date:
      - Wed, 10 Feb 2021 12:53:37 GMT
      etag:
      - W/"23b7def4-db83-4ded-97bd-e1211bf6d112"
      expires:
      - '-1'
      pragma:
      - no-cache
      server:
      - Microsoft-HTTPAPI/2.0
      - Microsoft-HTTPAPI/2.0
      strict-transport-security:
      - max-age=31536000; includeSubDomains
      transfer-encoding:
      - chunked
      vary:
      - Accept-Encoding
      x-content-type-options:
      - nosniff
      x-ms-arm-service-request-id:
      - 6f2fb227-1b5d-4310-b30c-e1203396bc64
    status:
      code: 200
      message: OK
- request:
    body: null
    headers:
      Accept:
      - application/json
      Accept-Encoding:
      - gzip, deflate
      CommandName:
      - network vnet subnet create
      Connection:
      - keep-alive
      ParameterSetName:
      - -n --vnet-name --address-prefixes --delegations -g
      User-Agent:
      - AZURECLI/2.19.0 azsdk-python-azure-mgmt-network/17.1.0 Python/3.7.3 (Windows-10-10.0.19041-SP0)
    method: GET
    uri: https://management.azure.com/subscriptions/00000000-0000-0000-0000-000000000000/resourceGroups/cli_netappfiles_test_account_backup_000001/providers/Microsoft.Network/virtualNetworks/cli-vnet-backup000006?api-version=2020-08-01
  response:
    body:
      string: "{\r\n  \"name\": \"cli-vnet-backup000006\",\r\n  \"id\": \"/subscriptions/00000000-0000-0000-0000-000000000000/resourceGroups/cli_netappfiles_test_account_backup_000001/providers/Microsoft.Network/virtualNetworks/cli-vnet-backup000006\",\r\n
        \ \"etag\": \"W/\\\"23b7def4-db83-4ded-97bd-e1211bf6d112\\\"\",\r\n  \"type\":
        \"Microsoft.Network/virtualNetworks\",\r\n  \"location\": \"eastus2euap\",\r\n
        \ \"tags\": {},\r\n  \"properties\": {\r\n    \"provisioningState\": \"Succeeded\",\r\n
        \   \"resourceGuid\": \"0c8da190-4e02-41c7-8a7c-b4d7d4c4619d\",\r\n    \"addressSpace\":
        {\r\n      \"addressPrefixes\": [\r\n        \"10.5.0.0/16\"\r\n      ]\r\n
        \   },\r\n    \"dhcpOptions\": {\r\n      \"dnsServers\": []\r\n    },\r\n
        \   \"subnets\": [],\r\n    \"virtualNetworkPeerings\": [],\r\n    \"enableDdosProtection\":
        false\r\n  }\r\n}"
    headers:
      cache-control:
      - no-cache
      content-length:
      - '776'
      content-type:
      - application/json; charset=utf-8
      date:
      - Wed, 10 Feb 2021 12:53:38 GMT
      etag:
      - W/"23b7def4-db83-4ded-97bd-e1211bf6d112"
      expires:
      - '-1'
      pragma:
      - no-cache
      server:
      - Microsoft-HTTPAPI/2.0
      - Microsoft-HTTPAPI/2.0
      strict-transport-security:
      - max-age=31536000; includeSubDomains
      transfer-encoding:
      - chunked
      vary:
      - Accept-Encoding
      x-content-type-options:
      - nosniff
      x-ms-arm-service-request-id:
      - 5fb176a8-cfe8-467e-a6f1-bb94ad3d63a0
    status:
      code: 200
      message: OK
- request:
    body: '{"id": "/subscriptions/00000000-0000-0000-0000-000000000000/resourceGroups/cli_netappfiles_test_account_backup_000001/providers/Microsoft.Network/virtualNetworks/cli-vnet-backup000006",
      "location": "eastus2euap", "tags": {}, "properties": {"addressSpace": {"addressPrefixes":
      ["10.5.0.0/16"]}, "dhcpOptions": {"dnsServers": []}, "subnets": [{"name": "default",
      "properties": {"addressPrefix": "10.5.0.0/24", "delegations": [{"name": "0",
      "properties": {"serviceName": "Microsoft.Netapp/volumes"}}]}}], "virtualNetworkPeerings":
      [], "enableDdosProtection": false}}'
    headers:
      Accept:
      - application/json
      Accept-Encoding:
      - gzip, deflate
      CommandName:
      - network vnet subnet create
      Connection:
      - keep-alive
      Content-Length:
      - '599'
      Content-Type:
      - application/json
      ParameterSetName:
      - -n --vnet-name --address-prefixes --delegations -g
      User-Agent:
      - AZURECLI/2.19.0 azsdk-python-azure-mgmt-network/17.1.0 Python/3.7.3 (Windows-10-10.0.19041-SP0)
    method: PUT
    uri: https://management.azure.com/subscriptions/00000000-0000-0000-0000-000000000000/resourceGroups/cli_netappfiles_test_account_backup_000001/providers/Microsoft.Network/virtualNetworks/cli-vnet-backup000006?api-version=2020-08-01
  response:
    body:
      string: "{\r\n  \"name\": \"cli-vnet-backup000006\",\r\n  \"id\": \"/subscriptions/00000000-0000-0000-0000-000000000000/resourceGroups/cli_netappfiles_test_account_backup_000001/providers/Microsoft.Network/virtualNetworks/cli-vnet-backup000006\",\r\n
        \ \"etag\": \"W/\\\"bc3b061f-e13d-4478-a279-c731bbe9d99e\\\"\",\r\n  \"type\":
        \"Microsoft.Network/virtualNetworks\",\r\n  \"location\": \"eastus2euap\",\r\n
        \ \"tags\": {},\r\n  \"properties\": {\r\n    \"provisioningState\": \"Updating\",\r\n
        \   \"resourceGuid\": \"0c8da190-4e02-41c7-8a7c-b4d7d4c4619d\",\r\n    \"addressSpace\":
        {\r\n      \"addressPrefixes\": [\r\n        \"10.5.0.0/16\"\r\n      ]\r\n
        \   },\r\n    \"dhcpOptions\": {\r\n      \"dnsServers\": []\r\n    },\r\n
        \   \"subnets\": [\r\n      {\r\n        \"name\": \"default\",\r\n        \"id\":
        \"/subscriptions/00000000-0000-0000-0000-000000000000/resourceGroups/cli_netappfiles_test_account_backup_000001/providers/Microsoft.Network/virtualNetworks/cli-vnet-backup000006/subnets/default\",\r\n
        \       \"etag\": \"W/\\\"bc3b061f-e13d-4478-a279-c731bbe9d99e\\\"\",\r\n
        \       \"properties\": {\r\n          \"provisioningState\": \"Updating\",\r\n
        \         \"addressPrefix\": \"10.5.0.0/24\",\r\n          \"delegations\":
        [\r\n            {\r\n              \"name\": \"0\",\r\n              \"id\":
        \"/subscriptions/00000000-0000-0000-0000-000000000000/resourceGroups/cli_netappfiles_test_account_backup_000001/providers/Microsoft.Network/virtualNetworks/cli-vnet-backup000006/subnets/default/delegations/0\",\r\n
        \             \"etag\": \"W/\\\"bc3b061f-e13d-4478-a279-c731bbe9d99e\\\"\",\r\n
        \             \"properties\": {\r\n                \"provisioningState\":
        \"Succeeded\",\r\n                \"serviceName\": \"Microsoft.Netapp/volumes\",\r\n
        \               \"actions\": [\r\n                  \"Microsoft.Network/networkinterfaces/*\",\r\n
        \                 \"Microsoft.Network/virtualNetworks/subnets/join/action\"\r\n
        \               ]\r\n              },\r\n              \"type\": \"Microsoft.Network/virtualNetworks/subnets/delegations\"\r\n
        \           }\r\n          ],\r\n          \"purpose\": \"HostedWorkloads\",\r\n
        \         \"privateEndpointNetworkPolicies\": \"Enabled\",\r\n          \"privateLinkServiceNetworkPolicies\":
        \"Enabled\"\r\n        },\r\n        \"type\": \"Microsoft.Network/virtualNetworks/subnets\"\r\n
        \     }\r\n    ],\r\n    \"virtualNetworkPeerings\": [],\r\n    \"enableDdosProtection\":
        false\r\n  }\r\n}"
    headers:
      azure-asyncoperation:
      - https://management.azure.com/subscriptions/00000000-0000-0000-0000-000000000000/providers/Microsoft.Network/locations/eastus2euap/operations/0a6534f5-62b3-403a-b82c-1b6ec6a747fd?api-version=2020-08-01
      cache-control:
      - no-cache
      content-length:
      - '2334'
      content-type:
      - application/json; charset=utf-8
      date:
      - Wed, 10 Feb 2021 12:53:38 GMT
      expires:
      - '-1'
      pragma:
      - no-cache
      server:
      - Microsoft-HTTPAPI/2.0
      - Microsoft-HTTPAPI/2.0
      strict-transport-security:
      - max-age=31536000; includeSubDomains
      transfer-encoding:
      - chunked
      vary:
      - Accept-Encoding
      x-content-type-options:
      - nosniff
      x-ms-arm-service-request-id:
      - d33ffdb5-11db-4989-b99c-41a1c1fb5277
      x-ms-ratelimit-remaining-subscription-writes:
      - '1192'
    status:
      code: 200
      message: OK
- request:
    body: null
    headers:
      Accept:
      - '*/*'
      Accept-Encoding:
      - gzip, deflate
      CommandName:
      - network vnet subnet create
      Connection:
      - keep-alive
      ParameterSetName:
      - -n --vnet-name --address-prefixes --delegations -g
      User-Agent:
      - AZURECLI/2.19.0 azsdk-python-azure-mgmt-network/17.1.0 Python/3.7.3 (Windows-10-10.0.19041-SP0)
    method: GET
    uri: https://management.azure.com/subscriptions/00000000-0000-0000-0000-000000000000/providers/Microsoft.Network/locations/eastus2euap/operations/0a6534f5-62b3-403a-b82c-1b6ec6a747fd?api-version=2020-08-01
  response:
    body:
      string: "{\r\n  \"status\": \"Succeeded\"\r\n}"
    headers:
      cache-control:
      - no-cache
      content-length:
      - '29'
      content-type:
      - application/json; charset=utf-8
      date:
      - Wed, 10 Feb 2021 12:53:42 GMT
      expires:
      - '-1'
      pragma:
      - no-cache
      server:
      - Microsoft-HTTPAPI/2.0
      - Microsoft-HTTPAPI/2.0
      strict-transport-security:
      - max-age=31536000; includeSubDomains
      transfer-encoding:
      - chunked
      vary:
      - Accept-Encoding
      x-content-type-options:
      - nosniff
      x-ms-arm-service-request-id:
      - eb1e97be-2b5d-4cf2-99ef-81a9fe1c961f
    status:
      code: 200
      message: OK
- request:
    body: null
    headers:
      Accept:
      - '*/*'
      Accept-Encoding:
      - gzip, deflate
      CommandName:
      - network vnet subnet create
      Connection:
      - keep-alive
      ParameterSetName:
      - -n --vnet-name --address-prefixes --delegations -g
      User-Agent:
      - AZURECLI/2.19.0 azsdk-python-azure-mgmt-network/17.1.0 Python/3.7.3 (Windows-10-10.0.19041-SP0)
    method: GET
    uri: https://management.azure.com/subscriptions/00000000-0000-0000-0000-000000000000/resourceGroups/cli_netappfiles_test_account_backup_000001/providers/Microsoft.Network/virtualNetworks/cli-vnet-backup000006?api-version=2020-08-01
  response:
    body:
      string: "{\r\n  \"name\": \"cli-vnet-backup000006\",\r\n  \"id\": \"/subscriptions/00000000-0000-0000-0000-000000000000/resourceGroups/cli_netappfiles_test_account_backup_000001/providers/Microsoft.Network/virtualNetworks/cli-vnet-backup000006\",\r\n
        \ \"etag\": \"W/\\\"903c4956-c57e-4f3d-adf7-003352c8c02a\\\"\",\r\n  \"type\":
        \"Microsoft.Network/virtualNetworks\",\r\n  \"location\": \"eastus2euap\",\r\n
        \ \"tags\": {},\r\n  \"properties\": {\r\n    \"provisioningState\": \"Succeeded\",\r\n
        \   \"resourceGuid\": \"0c8da190-4e02-41c7-8a7c-b4d7d4c4619d\",\r\n    \"addressSpace\":
        {\r\n      \"addressPrefixes\": [\r\n        \"10.5.0.0/16\"\r\n      ]\r\n
        \   },\r\n    \"dhcpOptions\": {\r\n      \"dnsServers\": []\r\n    },\r\n
        \   \"subnets\": [\r\n      {\r\n        \"name\": \"default\",\r\n        \"id\":
        \"/subscriptions/00000000-0000-0000-0000-000000000000/resourceGroups/cli_netappfiles_test_account_backup_000001/providers/Microsoft.Network/virtualNetworks/cli-vnet-backup000006/subnets/default\",\r\n
        \       \"etag\": \"W/\\\"903c4956-c57e-4f3d-adf7-003352c8c02a\\\"\",\r\n
        \       \"properties\": {\r\n          \"provisioningState\": \"Succeeded\",\r\n
        \         \"addressPrefix\": \"10.5.0.0/24\",\r\n          \"delegations\":
        [\r\n            {\r\n              \"name\": \"0\",\r\n              \"id\":
        \"/subscriptions/00000000-0000-0000-0000-000000000000/resourceGroups/cli_netappfiles_test_account_backup_000001/providers/Microsoft.Network/virtualNetworks/cli-vnet-backup000006/subnets/default/delegations/0\",\r\n
        \             \"etag\": \"W/\\\"903c4956-c57e-4f3d-adf7-003352c8c02a\\\"\",\r\n
        \             \"properties\": {\r\n                \"provisioningState\":
        \"Succeeded\",\r\n                \"serviceName\": \"Microsoft.Netapp/volumes\",\r\n
        \               \"actions\": [\r\n                  \"Microsoft.Network/networkinterfaces/*\",\r\n
        \                 \"Microsoft.Network/virtualNetworks/subnets/join/action\"\r\n
        \               ]\r\n              },\r\n              \"type\": \"Microsoft.Network/virtualNetworks/subnets/delegations\"\r\n
        \           }\r\n          ],\r\n          \"purpose\": \"HostedWorkloads\",\r\n
        \         \"privateEndpointNetworkPolicies\": \"Enabled\",\r\n          \"privateLinkServiceNetworkPolicies\":
        \"Enabled\"\r\n        },\r\n        \"type\": \"Microsoft.Network/virtualNetworks/subnets\"\r\n
        \     }\r\n    ],\r\n    \"virtualNetworkPeerings\": [],\r\n    \"enableDdosProtection\":
        false\r\n  }\r\n}"
    headers:
      cache-control:
      - no-cache
      content-length:
      - '2336'
      content-type:
      - application/json; charset=utf-8
      date:
      - Wed, 10 Feb 2021 12:53:42 GMT
      etag:
      - W/"903c4956-c57e-4f3d-adf7-003352c8c02a"
      expires:
      - '-1'
      pragma:
      - no-cache
      server:
      - Microsoft-HTTPAPI/2.0
      - Microsoft-HTTPAPI/2.0
      strict-transport-security:
      - max-age=31536000; includeSubDomains
      transfer-encoding:
      - chunked
      vary:
      - Accept-Encoding
      x-content-type-options:
      - nosniff
      x-ms-arm-service-request-id:
      - a4c4c3a8-ce8f-4af8-8eff-2ef6386427e3
    status:
      code: 200
      message: OK
- request:
    body: '{"location": "eastus2euap"}'
    headers:
      Accept:
      - application/json
      Accept-Encoding:
      - gzip, deflate
      CommandName:
      - netappfiles account create
      Connection:
      - keep-alive
      Content-Length:
      - '27'
      Content-Type:
      - application/json; charset=utf-8
      ParameterSetName:
      - -g -a -l
      User-Agent:
      - python/3.7.3 (Windows-10-10.0.19041-SP0) msrest/0.6.18 msrest_azure/0.6.3
        azure-mgmt-netapp/0.15.0 Azure-SDK-For-Python AZURECLI/2.19.0
      accept-language:
      - en-US
    method: PUT
    uri: https://management.azure.com/subscriptions/00000000-0000-0000-0000-000000000000/resourceGroups/cli_netappfiles_test_account_backup_000001/providers/Microsoft.NetApp/netAppAccounts/cli-acc-000002?api-version=2020-09-01
  response:
    body:
      string: '{"error":{"code":"LocationNotAvailableForResourceType","message":"The
        provided location ''eastus2euap'' is not available for resource type ''Microsoft.NetApp/netAppAccounts''.
        List of available regions for the resource type is ''australiaeast,australiasoutheast,canadacentral,canadaeast,centralindia,centralus,centraluseuap,eastus,eastus2,germanynorth,germanywestcentral,japaneast,japanwest,northeurope,southcentralus,southindia,southeastasia,uaecentral,uksouth,ukwest,westeurope,westus,westus2''."}}'
    headers:
      cache-control:
      - no-cache
      content-length:
      - '494'
      content-type:
      - application/json; charset=utf-8
      date:
      - Wed, 10 Feb 2021 12:53:42 GMT
      expires:
      - '-1'
      pragma:
      - no-cache
      strict-transport-security:
      - max-age=31536000; includeSubDomains
      x-content-type-options:
      - nosniff
      x-ms-failure-cause:
      - gateway
    status:
      code: 400
      message: Bad Request
version: 1
