interactions:
- request:
    body: !!python/unicode '{"location": "westcentralus"}'
    headers:
      Accept:
      - application/json
      Accept-Encoding:
      - gzip, deflate
      CommandName:
      - netappfiles account create
      Connection:
      - keep-alive
      Content-Length:
      - '29'
      Content-Type:
      - application/json; charset=utf-8
      ParameterSetName:
      - -g -a -l
      User-Agent:
      - python/2.7.10 (Darwin-17.7.0-x86_64-i386-64bit) msrest/0.6.8 msrest_azure/0.6.1
        azure-mgmt-netapp/0.5.0 Azure-SDK-For-Python AZURECLI/2.0.68
      accept-language:
      - en-US
    method: PUT
    uri: https://management.azure.com/subscriptions/00000000-0000-0000-0000-000000000000/resourceGroups/cli_tests_rg000001/providers/Microsoft.NetApp/netAppAccounts/cli000002?api-version=2019-06-01
  response:
    body:
      string: !!python/unicode '{"id":"/subscriptions/00000000-0000-0000-0000-000000000000/resourceGroups/cli_tests_rg000001/providers/Microsoft.NetApp/netAppAccounts/cli000002","name":"cli000002","type":"Microsoft.NetApp/netAppAccounts","etag":"W/\"datetime''2019-07-12T12%3A54%3A16.7555697Z''\"","location":"westcentralus","properties":{"provisioningState":"Succeeded","name":"cli000002"}}'
    headers:
      access-control-expose-headers:
      - Request-Context
      azure-asyncoperation:
      - https://management.azure.com/subscriptions/00000000-0000-0000-0000-000000000000/providers/Microsoft.NetApp/locations/westcentralus/operationResults/79c34a55-1055-4ab9-b5f3-fdf82420452b?api-version=2019-06-01
      cache-control:
      - no-cache
      content-length:
      - '459'
      content-type:
      - application/json; charset=utf-8
      date:
      - Fri, 12 Jul 2019 12:54:16 GMT
      etag:
      - W/"datetime'2019-07-12T12%3A54%3A16.7555697Z'"
      expires:
      - '-1'
      pragma:
      - no-cache
      request-context:
      - appId=cid-v1:2c4cb680-0a1f-424d-bb8d-8e650ba68d53
      server:
      - Microsoft-IIS/10.0
      strict-transport-security:
      - max-age=31536000; includeSubDomains
      x-content-type-options:
      - nosniff
      x-ms-ratelimit-remaining-subscription-writes:
      - '1199'
      x-powered-by:
      - ASP.NET
    status:
      code: 201
      message: Created
- request:
    body: null
    headers:
      Accept:
      - application/json
      Accept-Encoding:
      - gzip, deflate
      CommandName:
      - netappfiles account create
      Connection:
      - keep-alive
      ParameterSetName:
      - -g -a -l
      User-Agent:
      - python/2.7.10 (Darwin-17.7.0-x86_64-i386-64bit) msrest/0.6.8 msrest_azure/0.6.1
        azure-mgmt-netapp/0.5.0 Azure-SDK-For-Python AZURECLI/2.0.68
    method: GET
    uri: https://management.azure.com/subscriptions/00000000-0000-0000-0000-000000000000/providers/Microsoft.NetApp/locations/westcentralus/operationResults/79c34a55-1055-4ab9-b5f3-fdf82420452b?api-version=2019-06-01
  response:
    body:
      string: !!python/unicode '{"id":"/subscriptions/00000000-0000-0000-0000-000000000000/providers/Microsoft.NetApp/locations/westcentralus/operationResults/79c34a55-1055-4ab9-b5f3-fdf82420452b","name":"79c34a55-1055-4ab9-b5f3-fdf82420452b","status":"Succeeded","startTime":"2019-07-12T12:54:16.6261248Z","endTime":"2019-07-12T12:54:16.8917267Z","percentComplete":100.0,"properties":{"resourceName":"/subscriptions/00000000-0000-0000-0000-000000000000/resourceGroups/cli_tests_rg000001/providers/Microsoft.NetApp/netAppAccounts/cli000002"}}'
    headers:
      access-control-expose-headers:
      - Request-Context
      cache-control:
      - no-cache
      content-length:
      - '582'
      content-type:
      - application/json; charset=utf-8
      date:
      - Fri, 12 Jul 2019 12:54:49 GMT
      expires:
      - '-1'
      pragma:
      - no-cache
      request-context:
      - appId=cid-v1:2c4cb680-0a1f-424d-bb8d-8e650ba68d53
      server:
      - Microsoft-IIS/10.0
      strict-transport-security:
      - max-age=31536000; includeSubDomains
      transfer-encoding:
      - chunked
      vary:
      - Accept-Encoding
      x-content-type-options:
      - nosniff
      x-powered-by:
      - ASP.NET
    status:
      code: 200
      message: OK
- request:
    body: null
    headers:
      Accept:
      - application/json
      Accept-Encoding:
      - gzip, deflate
      CommandName:
      - netappfiles account create
      Connection:
      - keep-alive
      ParameterSetName:
      - -g -a -l
      User-Agent:
      - python/2.7.10 (Darwin-17.7.0-x86_64-i386-64bit) msrest/0.6.8 msrest_azure/0.6.1
        azure-mgmt-netapp/0.5.0 Azure-SDK-For-Python AZURECLI/2.0.68
    method: GET
    uri: https://management.azure.com/subscriptions/00000000-0000-0000-0000-000000000000/resourceGroups/cli_tests_rg000001/providers/Microsoft.NetApp/netAppAccounts/cli000002?api-version=2019-06-01
  response:
    body:
      string: !!python/unicode '{"id":"/subscriptions/00000000-0000-0000-0000-000000000000/resourceGroups/cli_tests_rg000001/providers/Microsoft.NetApp/netAppAccounts/cli000002","name":"cli000002","type":"Microsoft.NetApp/netAppAccounts","etag":"W/\"datetime''2019-07-12T12%3A54%3A16.8796565Z''\"","location":"westcentralus","properties":{"provisioningState":"Succeeded","name":"cli000002"}}'
    headers:
      access-control-expose-headers:
      - Request-Context
      cache-control:
      - no-cache
      content-length:
      - '459'
      content-type:
      - application/json; charset=utf-8
      date:
      - Fri, 12 Jul 2019 12:54:52 GMT
      etag:
      - W/"datetime'2019-07-12T12%3A54%3A16.8796565Z'"
      expires:
      - '-1'
      pragma:
      - no-cache
      request-context:
      - appId=cid-v1:2c4cb680-0a1f-424d-bb8d-8e650ba68d53
      server:
      - Microsoft-IIS/10.0
      strict-transport-security:
      - max-age=31536000; includeSubDomains
      transfer-encoding:
      - chunked
      vary:
      - Accept-Encoding
      x-content-type-options:
      - nosniff
      x-powered-by:
      - ASP.NET
    status:
      code: 200
      message: OK
- request:
    body: !!python/unicode '{"properties": {"serviceLevel": "Premium", "size": 4398046511104},
      "location": "westcentralus", "tags": {"Tag1": "Value1"}}'
    headers:
      Accept:
      - application/json
      Accept-Encoding:
      - gzip, deflate
      CommandName:
      - netappfiles pool create
      Connection:
      - keep-alive
      Content-Length:
      - '123'
      Content-Type:
      - application/json; charset=utf-8
      ParameterSetName:
      - -g -a -p -l --service-level --size --tags
      User-Agent:
      - python/2.7.10 (Darwin-17.7.0-x86_64-i386-64bit) msrest/0.6.8 msrest_azure/0.6.1
        azure-mgmt-netapp/0.5.0 Azure-SDK-For-Python AZURECLI/2.0.68
      accept-language:
      - en-US
    method: PUT
    uri: https://management.azure.com/subscriptions/00000000-0000-0000-0000-000000000000/resourceGroups/cli_tests_rg000001/providers/Microsoft.NetApp/netAppAccounts/cli000002/capacityPools/cli000003?api-version=2019-06-01
  response:
    body:
      string: !!python/unicode '{"id":"/subscriptions/00000000-0000-0000-0000-000000000000/resourceGroups/cli_tests_rg000001/providers/Microsoft.NetApp/netAppAccounts/cli000002/capacityPools/cli000003","name":"cli000002/cli000003","type":"Microsoft.NetApp/netAppAccounts/capacityPools","etag":"W/\"datetime''2019-07-12T12%3A54%3A58.8219537Z''\"","location":"westcentralus","tags":{"Tag1":"Value1"},"properties":{"serviceLevel":"Premium","size":4398046511104,"provisioningState":"Creating"}}'
    headers:
      access-control-expose-headers:
      - Request-Context
      azure-asyncoperation:
      - https://management.azure.com/subscriptions/00000000-0000-0000-0000-000000000000/providers/Microsoft.NetApp/locations/westcentralus/operationResults/6693dd0f-54d6-45e5-b112-15f45457578f?api-version=2019-06-01
      cache-control:
      - no-cache
      content-length:
      - '573'
      content-type:
      - application/json; charset=utf-8
      date:
      - Fri, 12 Jul 2019 12:54:58 GMT
      etag:
      - W/"datetime'2019-07-12T12%3A54%3A58.8219537Z'"
      expires:
      - '-1'
      pragma:
      - no-cache
      request-context:
      - appId=cid-v1:2c4cb680-0a1f-424d-bb8d-8e650ba68d53
      server:
      - Microsoft-IIS/10.0
      strict-transport-security:
      - max-age=31536000; includeSubDomains
      x-content-type-options:
      - nosniff
      x-ms-ratelimit-remaining-subscription-writes:
      - '1198'
      x-powered-by:
      - ASP.NET
    status:
      code: 201
      message: Created
- request:
    body: null
    headers:
      Accept:
      - application/json
      Accept-Encoding:
      - gzip, deflate
      CommandName:
      - netappfiles pool create
      Connection:
      - keep-alive
      ParameterSetName:
      - -g -a -p -l --service-level --size --tags
      User-Agent:
      - python/2.7.10 (Darwin-17.7.0-x86_64-i386-64bit) msrest/0.6.8 msrest_azure/0.6.1
        azure-mgmt-netapp/0.5.0 Azure-SDK-For-Python AZURECLI/2.0.68
    method: GET
    uri: https://management.azure.com/subscriptions/00000000-0000-0000-0000-000000000000/providers/Microsoft.NetApp/locations/westcentralus/operationResults/6693dd0f-54d6-45e5-b112-15f45457578f?api-version=2019-06-01
  response:
    body:
      string: !!python/unicode '{"id":"/subscriptions/00000000-0000-0000-0000-000000000000/providers/Microsoft.NetApp/locations/westcentralus/operationResults/6693dd0f-54d6-45e5-b112-15f45457578f","name":"6693dd0f-54d6-45e5-b112-15f45457578f","status":"Succeeded","startTime":"2019-07-12T12:54:58.6680027Z","endTime":"2019-07-12T12:54:59.2980157Z","percentComplete":100.0,"properties":{"resourceName":"/subscriptions/00000000-0000-0000-0000-000000000000/resourceGroups/cli_tests_rg000001/providers/Microsoft.NetApp/netAppAccounts/cli000002/capacityPools/cli000003"}}'
    headers:
      access-control-expose-headers:
      - Request-Context
      cache-control:
      - no-cache
      content-length:
      - '621'
      content-type:
      - application/json; charset=utf-8
      date:
      - Fri, 12 Jul 2019 12:55:31 GMT
      expires:
      - '-1'
      pragma:
      - no-cache
      request-context:
      - appId=cid-v1:2c4cb680-0a1f-424d-bb8d-8e650ba68d53
      server:
      - Microsoft-IIS/10.0
      strict-transport-security:
      - max-age=31536000; includeSubDomains
      transfer-encoding:
      - chunked
      vary:
      - Accept-Encoding
      x-content-type-options:
      - nosniff
      x-powered-by:
      - ASP.NET
    status:
      code: 200
      message: OK
- request:
    body: null
    headers:
      Accept:
      - application/json
      Accept-Encoding:
      - gzip, deflate
      CommandName:
      - netappfiles pool create
      Connection:
      - keep-alive
      ParameterSetName:
      - -g -a -p -l --service-level --size --tags
      User-Agent:
      - python/2.7.10 (Darwin-17.7.0-x86_64-i386-64bit) msrest/0.6.8 msrest_azure/0.6.1
        azure-mgmt-netapp/0.5.0 Azure-SDK-For-Python AZURECLI/2.0.68
    method: GET
    uri: https://management.azure.com/subscriptions/00000000-0000-0000-0000-000000000000/resourceGroups/cli_tests_rg000001/providers/Microsoft.NetApp/netAppAccounts/cli000002/capacityPools/cli000003?api-version=2019-06-01
  response:
    body:
      string: !!python/unicode '{"id":"/subscriptions/00000000-0000-0000-0000-000000000000/resourceGroups/cli_tests_rg000001/providers/Microsoft.NetApp/netAppAccounts/cli000002/capacityPools/cli000003","name":"cli000002/cli000003","type":"Microsoft.NetApp/netAppAccounts/capacityPools","etag":"W/\"datetime''2019-07-12T12%3A54%3A59.2872776Z''\"","location":"westcentralus","tags":{"Tag1":"Value1"},"properties":{"poolId":"86f57a15-e42e-4e6e-cea2-32b6ee445d7e","name":"cli000002/cli000003","serviceLevel":"Premium","size":4398046511104,"provisioningState":"Succeeded"}}'
    headers:
      access-control-expose-headers:
      - Request-Context
      cache-control:
      - no-cache
      content-length:
      - '681'
      content-type:
      - application/json; charset=utf-8
      date:
      - Fri, 12 Jul 2019 12:55:34 GMT
      etag:
      - W/"datetime'2019-07-12T12%3A54%3A59.2872776Z'"
      expires:
      - '-1'
      pragma:
      - no-cache
      request-context:
      - appId=cid-v1:2c4cb680-0a1f-424d-bb8d-8e650ba68d53
      server:
      - Microsoft-IIS/10.0
      strict-transport-security:
      - max-age=31536000; includeSubDomains
      transfer-encoding:
      - chunked
      vary:
      - Accept-Encoding
      x-content-type-options:
      - nosniff
      x-powered-by:
      - ASP.NET
    status:
      code: 200
      message: OK
- request:
    body: !!python/unicode '{"properties": {"serviceLevel": "Premium", "size": 4398046511104},
      "location": "westcentralus", "tags": {"Tag1": "Value1"}}'
    headers:
      Accept:
      - application/json
      Accept-Encoding:
      - gzip, deflate
      CommandName:
      - netappfiles pool create
      Connection:
      - keep-alive
      Content-Length:
      - '123'
      Content-Type:
      - application/json; charset=utf-8
      ParameterSetName:
      - -g -a -p -l --service-level --size --tags
      User-Agent:
      - python/2.7.10 (Darwin-17.7.0-x86_64-i386-64bit) msrest/0.6.8 msrest_azure/0.6.1
        azure-mgmt-netapp/0.5.0 Azure-SDK-For-Python AZURECLI/2.0.68
      accept-language:
      - en-US
    method: PUT
    uri: https://management.azure.com/subscriptions/00000000-0000-0000-0000-000000000000/resourceGroups/cli_tests_rg000001/providers/Microsoft.NetApp/netAppAccounts/cli000002/capacityPools/cli000004?api-version=2019-06-01
  response:
    body:
      string: !!python/unicode '{"id":"/subscriptions/00000000-0000-0000-0000-000000000000/resourceGroups/cli_tests_rg000001/providers/Microsoft.NetApp/netAppAccounts/cli000002/capacityPools/cli000004","name":"cli000002/cli000004","type":"Microsoft.NetApp/netAppAccounts/capacityPools","etag":"W/\"datetime''2019-07-12T12%3A55%3A39.8115836Z''\"","location":"westcentralus","tags":{"Tag1":"Value1"},"properties":{"serviceLevel":"Premium","size":4398046511104,"provisioningState":"Creating"}}'
    headers:
      access-control-expose-headers:
      - Request-Context
      azure-asyncoperation:
      - https://management.azure.com/subscriptions/00000000-0000-0000-0000-000000000000/providers/Microsoft.NetApp/locations/westcentralus/operationResults/c6e018a2-51bb-4c7b-97d7-b85b1a50f646?api-version=2019-06-01
      cache-control:
      - no-cache
      content-length:
      - '573'
      content-type:
      - application/json; charset=utf-8
      date:
      - Fri, 12 Jul 2019 12:55:40 GMT
      etag:
      - W/"datetime'2019-07-12T12%3A55%3A39.8115836Z'"
      expires:
      - '-1'
      pragma:
      - no-cache
      request-context:
      - appId=cid-v1:2c4cb680-0a1f-424d-bb8d-8e650ba68d53
      server:
      - Microsoft-IIS/10.0
      strict-transport-security:
      - max-age=31536000; includeSubDomains
      x-content-type-options:
      - nosniff
      x-ms-ratelimit-remaining-subscription-writes:
      - '1199'
      x-powered-by:
      - ASP.NET
    status:
      code: 201
      message: Created
- request:
    body: null
    headers:
      Accept:
      - application/json
      Accept-Encoding:
      - gzip, deflate
      CommandName:
      - netappfiles pool create
      Connection:
      - keep-alive
      ParameterSetName:
      - -g -a -p -l --service-level --size --tags
      User-Agent:
      - python/2.7.10 (Darwin-17.7.0-x86_64-i386-64bit) msrest/0.6.8 msrest_azure/0.6.1
        azure-mgmt-netapp/0.5.0 Azure-SDK-For-Python AZURECLI/2.0.68
    method: GET
    uri: https://management.azure.com/subscriptions/00000000-0000-0000-0000-000000000000/providers/Microsoft.NetApp/locations/westcentralus/operationResults/c6e018a2-51bb-4c7b-97d7-b85b1a50f646?api-version=2019-06-01
  response:
    body:
      string: !!python/unicode '{"id":"/subscriptions/00000000-0000-0000-0000-000000000000/providers/Microsoft.NetApp/locations/westcentralus/operationResults/c6e018a2-51bb-4c7b-97d7-b85b1a50f646","name":"c6e018a2-51bb-4c7b-97d7-b85b1a50f646","status":"Succeeded","startTime":"2019-07-12T12:55:39.6755754Z","endTime":"2019-07-12T12:55:40.2849585Z","percentComplete":100.0,"properties":{"resourceName":"/subscriptions/00000000-0000-0000-0000-000000000000/resourceGroups/cli_tests_rg000001/providers/Microsoft.NetApp/netAppAccounts/cli000002/capacityPools/cli000004"}}'
    headers:
      access-control-expose-headers:
      - Request-Context
      cache-control:
      - no-cache
      content-length:
      - '621'
      content-type:
      - application/json; charset=utf-8
      date:
      - Fri, 12 Jul 2019 12:56:11 GMT
      expires:
      - '-1'
      pragma:
      - no-cache
      request-context:
      - appId=cid-v1:2c4cb680-0a1f-424d-bb8d-8e650ba68d53
      server:
      - Microsoft-IIS/10.0
      strict-transport-security:
      - max-age=31536000; includeSubDomains
      transfer-encoding:
      - chunked
      vary:
      - Accept-Encoding
      x-content-type-options:
      - nosniff
      x-powered-by:
      - ASP.NET
    status:
      code: 200
      message: OK
- request:
    body: null
    headers:
      Accept:
      - application/json
      Accept-Encoding:
      - gzip, deflate
      CommandName:
      - netappfiles pool create
      Connection:
      - keep-alive
      ParameterSetName:
      - -g -a -p -l --service-level --size --tags
      User-Agent:
      - python/2.7.10 (Darwin-17.7.0-x86_64-i386-64bit) msrest/0.6.8 msrest_azure/0.6.1
        azure-mgmt-netapp/0.5.0 Azure-SDK-For-Python AZURECLI/2.0.68
    method: GET
    uri: https://management.azure.com/subscriptions/00000000-0000-0000-0000-000000000000/resourceGroups/cli_tests_rg000001/providers/Microsoft.NetApp/netAppAccounts/cli000002/capacityPools/cli000004?api-version=2019-06-01
  response:
    body:
      string: !!python/unicode '{"id":"/subscriptions/00000000-0000-0000-0000-000000000000/resourceGroups/cli_tests_rg000001/providers/Microsoft.NetApp/netAppAccounts/cli000002/capacityPools/cli000004","name":"cli000002/cli000004","type":"Microsoft.NetApp/netAppAccounts/capacityPools","etag":"W/\"datetime''2019-07-12T12%3A55%3A40.2799103Z''\"","location":"westcentralus","tags":{"Tag1":"Value1"},"properties":{"poolId":"eb32aef8-85fc-9a6d-da98-9caf65723500","name":"cli000002/cli000004","serviceLevel":"Premium","size":4398046511104,"provisioningState":"Succeeded"}}'
    headers:
      access-control-expose-headers:
      - Request-Context
      cache-control:
      - no-cache
      content-length:
      - '681'
      content-type:
      - application/json; charset=utf-8
      date:
      - Fri, 12 Jul 2019 12:56:12 GMT
      etag:
      - W/"datetime'2019-07-12T12%3A55%3A40.2799103Z'"
      expires:
      - '-1'
      pragma:
      - no-cache
      request-context:
      - appId=cid-v1:2c4cb680-0a1f-424d-bb8d-8e650ba68d53
      server:
      - Microsoft-IIS/10.0
      strict-transport-security:
      - max-age=31536000; includeSubDomains
      transfer-encoding:
      - chunked
      vary:
      - Accept-Encoding
      x-content-type-options:
      - nosniff
      x-powered-by:
      - ASP.NET
    status:
      code: 200
      message: OK
- request:
    body: null
    headers:
      Accept:
      - application/json
      Accept-Encoding:
      - gzip, deflate
      CommandName:
      - netappfiles pool list
      Connection:
      - keep-alive
      ParameterSetName:
      - -g -a
      User-Agent:
      - python/2.7.10 (Darwin-17.7.0-x86_64-i386-64bit) msrest/0.6.8 msrest_azure/0.6.1
        azure-mgmt-netapp/0.5.0 Azure-SDK-For-Python AZURECLI/2.0.68
      accept-language:
      - en-US
    method: GET
    uri: https://management.azure.com/subscriptions/00000000-0000-0000-0000-000000000000/resourceGroups/cli_tests_rg000001/providers/Microsoft.NetApp/netAppAccounts/cli000002/capacityPools?api-version=2019-06-01
  response:
    body:
      string: !!python/unicode '{"value":[{"id":"/subscriptions/00000000-0000-0000-0000-000000000000/resourceGroups/cli_tests_rg000001/providers/Microsoft.NetApp/netAppAccounts/cli000002/capacityPools/cli000003","name":"cli000002/cli000003","type":"Microsoft.NetApp/netAppAccounts/capacityPools","etag":"W/\"datetime''2019-07-12T12%3A54%3A59.2872776Z''\"","location":"westcentralus","tags":{"Tag1":"Value1"},"properties":{"poolId":"86f57a15-e42e-4e6e-cea2-32b6ee445d7e","name":"cli000002/cli000003","serviceLevel":"Premium","size":4398046511104,"provisioningState":"Succeeded"}},{"id":"/subscriptions/00000000-0000-0000-0000-000000000000/resourceGroups/cli_tests_rg000001/providers/Microsoft.NetApp/netAppAccounts/cli000002/capacityPools/cli000004","name":"cli000002/cli000004","type":"Microsoft.NetApp/netAppAccounts/capacityPools","etag":"W/\"datetime''2019-07-12T12%3A55%3A40.2799103Z''\"","location":"westcentralus","tags":{"Tag1":"Value1"},"properties":{"poolId":"eb32aef8-85fc-9a6d-da98-9caf65723500","name":"cli000002/cli000004","serviceLevel":"Premium","size":4398046511104,"provisioningState":"Succeeded"}}]}'
    headers:
      access-control-expose-headers:
      - Request-Context
      cache-control:
      - no-cache
      content-length:
      - '1375'
      content-type:
      - application/json; charset=utf-8
      date:
      - Fri, 12 Jul 2019 12:56:15 GMT
      expires:
      - '-1'
      pragma:
      - no-cache
      request-context:
      - appId=cid-v1:2c4cb680-0a1f-424d-bb8d-8e650ba68d53
      server:
      - Microsoft-IIS/10.0
      strict-transport-security:
      - max-age=31536000; includeSubDomains
      transfer-encoding:
      - chunked
      vary:
      - Accept-Encoding
      x-content-type-options:
      - nosniff
      x-powered-by:
      - ASP.NET
    status:
      code: 200
      message: OK
- request:
    body: null
    headers:
      Accept:
      - application/json
      Accept-Encoding:
      - gzip, deflate
      CommandName:
      - netappfiles pool delete
      Connection:
      - keep-alive
      Content-Length:
      - '0'
      ParameterSetName:
      - -g -a -p
      User-Agent:
      - python/2.7.10 (Darwin-17.7.0-x86_64-i386-64bit) msrest/0.6.8 msrest_azure/0.6.1
        azure-mgmt-netapp/0.5.0 Azure-SDK-For-Python AZURECLI/2.0.68
      accept-language:
      - en-US
    method: DELETE
    uri: https://management.azure.com/subscriptions/00000000-0000-0000-0000-000000000000/resourceGroups/cli_tests_rg000001/providers/Microsoft.NetApp/netAppAccounts/cli000002/capacityPools/cli000003?api-version=2019-06-01
  response:
    body:
      string: !!python/unicode ''
    headers:
      access-control-expose-headers:
      - Request-Context
      azure-asyncoperation:
      - https://management.azure.com/subscriptions/00000000-0000-0000-0000-000000000000/providers/Microsoft.NetApp/locations/westcentralus/operationResults/b1a76649-759c-4b8d-9355-4f42db9987e1?api-version=2019-06-01
      cache-control:
      - no-cache
      content-length:
      - '0'
      date:
      - Fri, 12 Jul 2019 12:56:17 GMT
      expires:
      - '-1'
      location:
      - https://management.azure.com/subscriptions/00000000-0000-0000-0000-000000000000/providers/Microsoft.NetApp/locations/westcentralus/operationResults/b1a76649-759c-4b8d-9355-4f42db9987e1?api-version=2019-06-01&operationResultResponseType=Location
      pragma:
      - no-cache
      request-context:
      - appId=cid-v1:2c4cb680-0a1f-424d-bb8d-8e650ba68d53
      server:
      - Microsoft-IIS/10.0
      strict-transport-security:
      - max-age=31536000; includeSubDomains
      x-content-type-options:
      - nosniff
      x-ms-ratelimit-remaining-subscription-deletes:
      - '14999'
      x-powered-by:
      - ASP.NET
    status:
      code: 202
      message: Accepted
- request:
    body: null
    headers:
      Accept:
      - application/json
      Accept-Encoding:
      - gzip, deflate
      CommandName:
      - netappfiles pool delete
      Connection:
      - keep-alive
      ParameterSetName:
      - -g -a -p
      User-Agent:
      - python/2.7.10 (Darwin-17.7.0-x86_64-i386-64bit) msrest/0.6.8 msrest_azure/0.6.1
        azure-mgmt-netapp/0.5.0 Azure-SDK-For-Python AZURECLI/2.0.68
    method: GET
    uri: https://management.azure.com/subscriptions/00000000-0000-0000-0000-000000000000/providers/Microsoft.NetApp/locations/westcentralus/operationResults/b1a76649-759c-4b8d-9355-4f42db9987e1?api-version=2019-06-01
  response:
    body:
      string: !!python/unicode '{"id":"/subscriptions/00000000-0000-0000-0000-000000000000/providers/Microsoft.NetApp/locations/westcentralus/operationResults/b1a76649-759c-4b8d-9355-4f42db9987e1","name":"b1a76649-759c-4b8d-9355-4f42db9987e1","status":"Succeeded","startTime":"2019-07-12T12:56:17.8597114Z","endTime":"2019-07-12T12:56:18.3128347Z","percentComplete":100.0,"properties":{"resourceName":"/subscriptions/00000000-0000-0000-0000-000000000000/resourceGroups/cli_tests_rg000001/providers/Microsoft.NetApp/netAppAccounts/cli000002/capacityPools/cli000003"}}'
    headers:
      access-control-expose-headers:
      - Request-Context
      cache-control:
      - no-cache
      content-length:
      - '621'
      content-type:
      - application/json; charset=utf-8
      date:
      - Fri, 12 Jul 2019 12:56:48 GMT
      expires:
      - '-1'
      pragma:
      - no-cache
      request-context:
      - appId=cid-v1:2c4cb680-0a1f-424d-bb8d-8e650ba68d53
      server:
      - Microsoft-IIS/10.0
      strict-transport-security:
      - max-age=31536000; includeSubDomains
      transfer-encoding:
      - chunked
      vary:
      - Accept-Encoding
      x-content-type-options:
      - nosniff
      x-powered-by:
      - ASP.NET
    status:
      code: 200
      message: OK
- request:
    body: null
    headers:
      Accept:
      - application/json
      Accept-Encoding:
      - gzip, deflate
      CommandName:
      - netappfiles pool delete
      Connection:
      - keep-alive
      Content-Length:
      - '0'
      ParameterSetName:
      - -g -a -p
      User-Agent:
      - python/2.7.10 (Darwin-17.7.0-x86_64-i386-64bit) msrest/0.6.8 msrest_azure/0.6.1
        azure-mgmt-netapp/0.5.0 Azure-SDK-For-Python AZURECLI/2.0.68
      accept-language:
      - en-US
    method: DELETE
    uri: https://management.azure.com/subscriptions/00000000-0000-0000-0000-000000000000/resourceGroups/cli_tests_rg000001/providers/Microsoft.NetApp/netAppAccounts/cli000002/capacityPools/cli000004?api-version=2019-06-01
  response:
    body:
      string: !!python/unicode ''
    headers:
      access-control-expose-headers:
      - Request-Context
      azure-asyncoperation:
      - https://management.azure.com/subscriptions/00000000-0000-0000-0000-000000000000/providers/Microsoft.NetApp/locations/westcentralus/operationResults/a333d787-34ef-4234-b78a-265f1cd96a12?api-version=2019-06-01
      cache-control:
      - no-cache
      content-length:
      - '0'
      date:
      - Fri, 12 Jul 2019 12:56:51 GMT
      expires:
      - '-1'
      location:
      - https://management.azure.com/subscriptions/00000000-0000-0000-0000-000000000000/providers/Microsoft.NetApp/locations/westcentralus/operationResults/a333d787-34ef-4234-b78a-265f1cd96a12?api-version=2019-06-01&operationResultResponseType=Location
      pragma:
      - no-cache
      request-context:
      - appId=cid-v1:2c4cb680-0a1f-424d-bb8d-8e650ba68d53
      server:
      - Microsoft-IIS/10.0
      strict-transport-security:
      - max-age=31536000; includeSubDomains
      x-content-type-options:
      - nosniff
      x-ms-ratelimit-remaining-subscription-deletes:
      - '14999'
      x-powered-by:
      - ASP.NET
    status:
      code: 202
      message: Accepted
- request:
    body: null
    headers:
      Accept:
      - application/json
      Accept-Encoding:
      - gzip, deflate
      CommandName:
      - netappfiles pool delete
      Connection:
      - keep-alive
      ParameterSetName:
      - -g -a -p
      User-Agent:
      - python/2.7.10 (Darwin-17.7.0-x86_64-i386-64bit) msrest/0.6.8 msrest_azure/0.6.1
        azure-mgmt-netapp/0.5.0 Azure-SDK-For-Python AZURECLI/2.0.68
    method: GET
    uri: https://management.azure.com/subscriptions/00000000-0000-0000-0000-000000000000/providers/Microsoft.NetApp/locations/westcentralus/operationResults/a333d787-34ef-4234-b78a-265f1cd96a12?api-version=2019-06-01
  response:
    body:
      string: !!python/unicode '{"id":"/subscriptions/00000000-0000-0000-0000-000000000000/providers/Microsoft.NetApp/locations/westcentralus/operationResults/a333d787-34ef-4234-b78a-265f1cd96a12","name":"a333d787-34ef-4234-b78a-265f1cd96a12","status":"Succeeded","startTime":"2019-07-12T12:56:52.4285236Z","endTime":"2019-07-12T12:56:52.6629308Z","percentComplete":100.0,"properties":{"resourceName":"/subscriptions/00000000-0000-0000-0000-000000000000/resourceGroups/cli_tests_rg000001/providers/Microsoft.NetApp/netAppAccounts/cli000002/capacityPools/cli000004"}}'
    headers:
      access-control-expose-headers:
      - Request-Context
      cache-control:
      - no-cache
      content-length:
      - '621'
      content-type:
      - application/json; charset=utf-8
      date:
      - Fri, 12 Jul 2019 12:57:23 GMT
      expires:
      - '-1'
      pragma:
      - no-cache
      request-context:
      - appId=cid-v1:2c4cb680-0a1f-424d-bb8d-8e650ba68d53
      server:
      - Microsoft-IIS/10.0
      strict-transport-security:
      - max-age=31536000; includeSubDomains
      transfer-encoding:
      - chunked
      vary:
      - Accept-Encoding
      x-content-type-options:
      - nosniff
      x-powered-by:
      - ASP.NET
    status:
      code: 200
      message: OK
- request:
    body: null
    headers:
      Accept:
      - application/json
      Accept-Encoding:
      - gzip, deflate
      CommandName:
      - netappfiles pool list
      Connection:
      - keep-alive
      ParameterSetName:
      - --resource-group -a
      User-Agent:
      - python/2.7.10 (Darwin-17.7.0-x86_64-i386-64bit) msrest/0.6.8 msrest_azure/0.6.1
        azure-mgmt-netapp/0.5.0 Azure-SDK-For-Python AZURECLI/2.0.68
      accept-language:
      - en-US
    method: GET
    uri: https://management.azure.com/subscriptions/00000000-0000-0000-0000-000000000000/resourceGroups/cli_tests_rg000001/providers/Microsoft.NetApp/netAppAccounts/cli000002/capacityPools?api-version=2019-06-01
  response:
    body:
      string: !!python/unicode '{"value":[]}'
    headers:
      access-control-expose-headers:
      - Request-Context
      cache-control:
      - no-cache
      content-length:
      - '12'
      content-type:
      - application/json; charset=utf-8
      date:
      - Fri, 12 Jul 2019 12:57:25 GMT
      expires:
      - '-1'
      pragma:
      - no-cache
      request-context:
      - appId=cid-v1:2c4cb680-0a1f-424d-bb8d-8e650ba68d53
      server:
      - Microsoft-IIS/10.0
      strict-transport-security:
      - max-age=31536000; includeSubDomains
      transfer-encoding:
      - chunked
      vary:
      - Accept-Encoding
      x-content-type-options:
      - nosniff
      x-powered-by:
      - ASP.NET
    status:
      code: 200
      message: OK
version: 1
