interactions:
- request:
    body: '{"location": "westus2"}'
    headers:
      Accept:
      - application/json
      Accept-Encoding:
      - gzip, deflate
      CommandName:
      - netappfiles account create
      Connection:
      - keep-alive
      Content-Length:
      - '23'
      Content-Type:
      - application/json
      ParameterSetName:
      - -g -a -l
      User-Agent:
      - AZURECLI/2.43.0 azsdk-python-mgmt-netapp/9.0.1 Python/3.9.5 (Windows-10-10.0.19044-SP0)
    method: PUT
    uri: https://management.azure.com/subscriptions/00000000-0000-0000-0000-000000000000/resourceGroups/cli_netappfiles_test_backup_policy_000001/providers/Microsoft.NetApp/netAppAccounts/cli-acc-000002?api-version=2022-05-01
  response:
    body:
      string: '{"id":"/subscriptions/00000000-0000-0000-0000-000000000000/resourceGroups/cli_netappfiles_test_backup_policy_000001/providers/Microsoft.NetApp/netAppAccounts/cli-acc-000002","name":"cli-acc-000002","type":"Microsoft.NetApp/netAppAccounts","etag":"W/\"datetime''2022-12-19T18%3A06%3A09.6718684Z''\"","location":"westus2","tags":{"CreatedOnDate":"2022-12-19T18:06:05.4736505Z"},"properties":{"provisioningState":"Creating"},"systemData":{"createdBy":"c6c4faba-2b22-44d9-80a4-71ff5b71f811","createdByType":"Application","createdAt":"2022-12-19T18:06:08.7342249Z","lastModifiedBy":"c6c4faba-2b22-44d9-80a4-71ff5b71f811","lastModifiedByType":"Application","lastModifiedAt":"2022-12-19T18:06:08.7342249Z"}}'
    headers:
      azure-asyncoperation:
      - https://management.azure.com/subscriptions/00000000-0000-0000-0000-000000000000/providers/Microsoft.NetApp/locations/westus2/operationResults/e1f6c51d-348d-400b-8ac9-ebe6e9dbda2c?api-version=2022-05-01
      cache-control:
      - no-cache
      content-length:
      - '698'
      content-type:
      - application/json; charset=utf-8
      date:
      - Mon, 19 Dec 2022 18:06:10 GMT
      etag:
      - W/"datetime'2022-12-19T18%3A06%3A09.6718684Z'"
      expires:
      - '-1'
      pragma:
      - no-cache
      server:
      - Microsoft-IIS/10.0
      strict-transport-security:
      - max-age=31536000; includeSubDomains
      x-content-type-options:
      - nosniff
      x-ms-ratelimit-remaining-subscription-writes:
      - '1198'
      x-powered-by:
      - ASP.NET
    status:
      code: 201
      message: Created
- request:
    body: null
    headers:
      Accept:
      - '*/*'
      Accept-Encoding:
      - gzip, deflate
      CommandName:
      - netappfiles account create
      Connection:
      - keep-alive
      ParameterSetName:
      - -g -a -l
      User-Agent:
      - AZURECLI/2.43.0 azsdk-python-mgmt-netapp/9.0.1 Python/3.9.5 (Windows-10-10.0.19044-SP0)
    method: GET
    uri: https://management.azure.com/subscriptions/00000000-0000-0000-0000-000000000000/providers/Microsoft.NetApp/locations/westus2/operationResults/e1f6c51d-348d-400b-8ac9-ebe6e9dbda2c?api-version=2022-05-01
  response:
    body:
      string: '{"id":"/subscriptions/00000000-0000-0000-0000-000000000000/providers/Microsoft.NetApp/locations/westus2/operationResults/e1f6c51d-348d-400b-8ac9-ebe6e9dbda2c","name":"e1f6c51d-348d-400b-8ac9-ebe6e9dbda2c","status":"Succeeded","startTime":"2022-12-19T18:06:09.67556Z","endTime":"2022-12-19T18:06:09.706814Z","percentComplete":100.0,"properties":{"resourceName":"/subscriptions/00000000-0000-0000-0000-000000000000/resourceGroups/cli_netappfiles_test_backup_policy_000001/providers/Microsoft.NetApp/netAppAccounts/cli-acc-000002"}}'
    headers:
      cache-control:
      - no-cache
      content-length:
      - '529'
      content-type:
      - application/json; charset=utf-8
      date:
      - Mon, 19 Dec 2022 18:06:40 GMT
      expires:
      - '-1'
      pragma:
      - no-cache
      server:
      - Microsoft-IIS/10.0
      strict-transport-security:
      - max-age=31536000; includeSubDomains
      transfer-encoding:
      - chunked
      vary:
      - Accept-Encoding
      x-content-type-options:
      - nosniff
      x-powered-by:
      - ASP.NET
    status:
      code: 200
      message: OK
- request:
    body: null
    headers:
      Accept:
      - '*/*'
      Accept-Encoding:
      - gzip, deflate
      CommandName:
      - netappfiles account create
      Connection:
      - keep-alive
      ParameterSetName:
      - -g -a -l
      User-Agent:
      - AZURECLI/2.43.0 azsdk-python-mgmt-netapp/9.0.1 Python/3.9.5 (Windows-10-10.0.19044-SP0)
    method: GET
    uri: https://management.azure.com/subscriptions/00000000-0000-0000-0000-000000000000/resourceGroups/cli_netappfiles_test_backup_policy_000001/providers/Microsoft.NetApp/netAppAccounts/cli-acc-000002?api-version=2022-05-01
  response:
    body:
      string: '{"id":"/subscriptions/00000000-0000-0000-0000-000000000000/resourceGroups/cli_netappfiles_test_backup_policy_000001/providers/Microsoft.NetApp/netAppAccounts/cli-acc-000002","name":"cli-acc-000002","type":"Microsoft.NetApp/netAppAccounts","etag":"W/\"datetime''2022-12-19T18%3A06%3A09.713045Z''\"","location":"westus2","tags":{"CreatedOnDate":"2022-12-19T18:06:05.4736505Z"},"properties":{"activeDirectories":[{"activeDirectoryId":"09ef3da0-c3dd-8e10-a69c-04a84d8ebc85","username":"sdkuser","password":"****************","domain":"sdkdomain","dns":"192.0.2.2","status":"Created","smbServerName":"PSSMBSName","organizationalUnit":"CN=Computers","adName":"ps1792","aesEncryption":false,"ldapSigning":false,"ldapOverTLS":false,"allowLocalNfsUsersWithLdap":false,"encryptDCConnections":false,"ldapSearchScope":{}}],"encryption":{"keySource":"Microsoft.NetApp"},"provisioningState":"Succeeded"},"systemData":{"createdBy":"c6c4faba-2b22-44d9-80a4-71ff5b71f811","createdByType":"Application","createdAt":"2022-12-19T18:06:08.7342249Z","lastModifiedBy":"c6c4faba-2b22-44d9-80a4-71ff5b71f811","lastModifiedByType":"Application","lastModifiedAt":"2022-12-19T18:06:08.7342249Z"}}'
    headers:
      cache-control:
      - no-cache
      content-length:
      - '1166'
      content-type:
      - application/json; charset=utf-8
      date:
      - Mon, 19 Dec 2022 18:06:41 GMT
      etag:
      - W/"datetime'2022-12-19T18%3A06%3A09.713045Z'"
      expires:
      - '-1'
      pragma:
      - no-cache
      server:
      - Microsoft-IIS/10.0
      strict-transport-security:
      - max-age=31536000; includeSubDomains
      transfer-encoding:
      - chunked
      vary:
      - Accept-Encoding
      x-content-type-options:
      - nosniff
      x-powered-by:
      - ASP.NET
    status:
      code: 200
      message: OK
- request:
    body: '{"location": "westus2", "properties": {"dailyBackupsToKeep": 2, "enabled":
      true}}'
    headers:
      Accept:
      - application/json
      Accept-Encoding:
      - gzip, deflate
      CommandName:
      - netappfiles account backup-policy create
      Connection:
      - keep-alive
      Content-Length:
      - '81'
      Content-Type:
      - application/json
      ParameterSetName:
      - -g -a --backup-policy-name -l --daily-backups --enabled
      User-Agent:
      - AZURECLI/2.43.0 azsdk-python-mgmt-netapp/9.0.1 Python/3.9.5 (Windows-10-10.0.19044-SP0)
    method: PUT
    uri: https://management.azure.com/subscriptions/00000000-0000-0000-0000-000000000000/resourceGroups/cli_netappfiles_test_backup_policy_000001/providers/Microsoft.NetApp/netAppAccounts/cli-acc-000002/backupPolicies/cli-ba-pol-000005?api-version=2022-05-01
  response:
    body:
      string: '{"id":"/subscriptions/00000000-0000-0000-0000-000000000000/resourceGroups/cli_netappfiles_test_backup_policy_000001/providers/Microsoft.NetApp/netAppAccounts/cli-acc-000002/backupPolicies/cli-ba-pol-000005","name":"cli-acc-000002/cli-ba-pol-000005","type":"Microsoft.NetApp/netAppAccounts/backupPolicies","etag":"W/\"datetime''2022-12-19T18%3A06%3A49.3939278Z''\"","location":"westus2","tags":{"CreatedOnDate":"2022-12-19T18:06:46.6543588Z"},"properties":{"enabled":true,"dailyBackupsToKeep":2,"provisioningState":"Creating"},"systemData":{"createdBy":"c6c4faba-2b22-44d9-80a4-71ff5b71f811","createdByType":"Application","createdAt":"2022-12-19T18:06:48.4463535Z","lastModifiedBy":"c6c4faba-2b22-44d9-80a4-71ff5b71f811","lastModifiedByType":"Application","lastModifiedAt":"2022-12-19T18:06:48.4463535Z"}}'
    headers:
      azure-asyncoperation:
      - https://management.azure.com/subscriptions/00000000-0000-0000-0000-000000000000/providers/Microsoft.NetApp/locations/westus2/operationResults/ce0fd1eb-84e4-400d-b54d-468a298b11dc?api-version=2022-05-01
      cache-control:
      - no-cache
      content-length:
      - '802'
      content-type:
      - application/json; charset=utf-8
      date:
      - Mon, 19 Dec 2022 18:06:50 GMT
      etag:
      - W/"datetime'2022-12-19T18%3A06%3A49.3939278Z'"
      expires:
      - '-1'
      pragma:
      - no-cache
      server:
      - Microsoft-IIS/10.0
      strict-transport-security:
      - max-age=31536000; includeSubDomains
      x-content-type-options:
      - nosniff
      x-ms-ratelimit-remaining-subscription-writes:
      - '1199'
      x-powered-by:
      - ASP.NET
    status:
      code: 201
      message: Created
- request:
    body: null
    headers:
      Accept:
      - '*/*'
      Accept-Encoding:
      - gzip, deflate
      CommandName:
      - netappfiles account backup-policy create
      Connection:
      - keep-alive
      ParameterSetName:
      - -g -a --backup-policy-name -l --daily-backups --enabled
      User-Agent:
      - AZURECLI/2.43.0 azsdk-python-mgmt-netapp/9.0.1 Python/3.9.5 (Windows-10-10.0.19044-SP0)
    method: GET
    uri: https://management.azure.com/subscriptions/00000000-0000-0000-0000-000000000000/providers/Microsoft.NetApp/locations/westus2/operationResults/ce0fd1eb-84e4-400d-b54d-468a298b11dc?api-version=2022-05-01
  response:
    body:
      string: '{"id":"/subscriptions/00000000-0000-0000-0000-000000000000/providers/Microsoft.NetApp/locations/westus2/operationResults/ce0fd1eb-84e4-400d-b54d-468a298b11dc","name":"ce0fd1eb-84e4-400d-b54d-468a298b11dc","status":"Succeeded","startTime":"2022-12-19T18:06:49.3973803Z","endTime":"2022-12-19T18:06:50.3193646Z","percentComplete":100.0,"properties":{"resourceName":"/subscriptions/00000000-0000-0000-0000-000000000000/resourceGroups/cli_netappfiles_test_backup_policy_000001/providers/Microsoft.NetApp/netAppAccounts/cli-acc-000002/backupPolicies/cli-ba-pol-000005"}}'
    headers:
      cache-control:
      - no-cache
      content-length:
      - '565'
      content-type:
      - application/json; charset=utf-8
      date:
      - Mon, 19 Dec 2022 18:07:20 GMT
      expires:
      - '-1'
      pragma:
      - no-cache
      server:
      - Microsoft-IIS/10.0
      strict-transport-security:
      - max-age=31536000; includeSubDomains
      transfer-encoding:
      - chunked
      vary:
      - Accept-Encoding
      x-content-type-options:
      - nosniff
      x-powered-by:
      - ASP.NET
    status:
      code: 200
      message: OK
- request:
    body: null
    headers:
      Accept:
      - '*/*'
      Accept-Encoding:
      - gzip, deflate
      CommandName:
      - netappfiles account backup-policy create
      Connection:
      - keep-alive
      ParameterSetName:
      - -g -a --backup-policy-name -l --daily-backups --enabled
      User-Agent:
      - AZURECLI/2.43.0 azsdk-python-mgmt-netapp/9.0.1 Python/3.9.5 (Windows-10-10.0.19044-SP0)
    method: GET
    uri: https://management.azure.com/subscriptions/00000000-0000-0000-0000-000000000000/resourceGroups/cli_netappfiles_test_backup_policy_000001/providers/Microsoft.NetApp/netAppAccounts/cli-acc-000002/backupPolicies/cli-ba-pol-000005?api-version=2022-05-01
  response:
    body:
      string: '{"id":"/subscriptions/00000000-0000-0000-0000-000000000000/resourceGroups/cli_netappfiles_test_backup_policy_000001/providers/Microsoft.NetApp/netAppAccounts/cli-acc-000002/backupPolicies/cli-ba-pol-000005","name":"cli-acc-000002/cli-ba-pol-000005","type":"Microsoft.NetApp/netAppAccounts/backupPolicies","etag":"W/\"datetime''2022-12-19T18%3A06%3A50.3237695Z''\"","location":"westus2","tags":{"CreatedOnDate":"2022-12-19T18:06:46.6543588Z"},"properties":{"enabled":true,"backupPolicyId":"e906b279-7fc7-11ed-ba37-768357df5023","dailyBackupsToKeep":2,"weeklyBackupsToKeep":0,"monthlyBackupsToKeep":0,"volumesAssigned":0,"provisioningState":"Succeeded"},"systemData":{"createdBy":"c6c4faba-2b22-44d9-80a4-71ff5b71f811","createdByType":"Application","createdAt":"2022-12-19T18:06:48.4463535Z","lastModifiedBy":"c6c4faba-2b22-44d9-80a4-71ff5b71f811","lastModifiedByType":"Application","lastModifiedAt":"2022-12-19T18:06:48.4463535Z"}}'
    headers:
      cache-control:
      - no-cache
      content-length:
      - '928'
      content-type:
      - application/json; charset=utf-8
      date:
      - Mon, 19 Dec 2022 18:07:20 GMT
      etag:
      - W/"datetime'2022-12-19T18%3A06%3A50.3237695Z'"
      expires:
      - '-1'
      pragma:
      - no-cache
      server:
      - Microsoft-IIS/10.0
      strict-transport-security:
      - max-age=31536000; includeSubDomains
      transfer-encoding:
      - chunked
      vary:
      - Accept-Encoding
      x-content-type-options:
      - nosniff
      x-powered-by:
      - ASP.NET
    status:
      code: 200
      message: OK
- request:
    body: null
    headers:
      Accept:
      - application/json
      Accept-Encoding:
      - gzip, deflate
      CommandName:
      - netappfiles account backup-policy show
      Connection:
      - keep-alive
      ParameterSetName:
      - -g -a --backup-policy-name
      User-Agent:
      - AZURECLI/2.43.0 azsdk-python-mgmt-netapp/9.0.1 Python/3.9.5 (Windows-10-10.0.19044-SP0)
    method: GET
    uri: https://management.azure.com/subscriptions/00000000-0000-0000-0000-000000000000/resourceGroups/cli_netappfiles_test_backup_policy_000001/providers/Microsoft.NetApp/netAppAccounts/cli-acc-000002/backupPolicies/cli-ba-pol-000005?api-version=2022-05-01
  response:
    body:
      string: '{"id":"/subscriptions/00000000-0000-0000-0000-000000000000/resourceGroups/cli_netappfiles_test_backup_policy_000001/providers/Microsoft.NetApp/netAppAccounts/cli-acc-000002/backupPolicies/cli-ba-pol-000005","name":"cli-acc-000002/cli-ba-pol-000005","type":"Microsoft.NetApp/netAppAccounts/backupPolicies","etag":"W/\"datetime''2022-12-19T18%3A06%3A50.3237695Z''\"","location":"westus2","tags":{"CreatedOnDate":"2022-12-19T18:06:46.6543588Z"},"properties":{"enabled":true,"backupPolicyId":"e906b279-7fc7-11ed-ba37-768357df5023","dailyBackupsToKeep":2,"weeklyBackupsToKeep":0,"monthlyBackupsToKeep":0,"volumesAssigned":0,"provisioningState":"Succeeded"},"systemData":{"createdBy":"c6c4faba-2b22-44d9-80a4-71ff5b71f811","createdByType":"Application","createdAt":"2022-12-19T18:06:48.4463535Z","lastModifiedBy":"c6c4faba-2b22-44d9-80a4-71ff5b71f811","lastModifiedByType":"Application","lastModifiedAt":"2022-12-19T18:06:48.4463535Z"}}'
    headers:
      cache-control:
      - no-cache
      content-length:
      - '928'
      content-type:
      - application/json; charset=utf-8
      date:
      - Mon, 19 Dec 2022 18:07:23 GMT
      etag:
      - W/"datetime'2022-12-19T18%3A06%3A50.3237695Z'"
      expires:
      - '-1'
      pragma:
      - no-cache
      server:
      - Microsoft-IIS/10.0
      strict-transport-security:
      - max-age=31536000; includeSubDomains
      transfer-encoding:
      - chunked
      vary:
      - Accept-Encoding
      x-content-type-options:
      - nosniff
      x-powered-by:
      - ASP.NET
    status:
      code: 200
      message: OK
- request:
    body: null
    headers:
      Accept:
      - application/json
      Accept-Encoding:
      - gzip, deflate
      CommandName:
      - netappfiles account backup-policy show
      Connection:
      - keep-alive
      ParameterSetName:
      - --ids
      User-Agent:
      - AZURECLI/2.43.0 azsdk-python-mgmt-netapp/9.0.1 Python/3.9.5 (Windows-10-10.0.19044-SP0)
    method: GET
    uri: https://management.azure.com/subscriptions/00000000-0000-0000-0000-000000000000/resourceGroups/cli_netappfiles_test_backup_policy_000001/providers/Microsoft.NetApp/netAppAccounts/cli-acc-000002/backupPolicies/cli-ba-pol-000005?api-version=2022-05-01
  response:
    body:
      string: '{"id":"/subscriptions/00000000-0000-0000-0000-000000000000/resourceGroups/cli_netappfiles_test_backup_policy_000001/providers/Microsoft.NetApp/netAppAccounts/cli-acc-000002/backupPolicies/cli-ba-pol-000005","name":"cli-acc-000002/cli-ba-pol-000005","type":"Microsoft.NetApp/netAppAccounts/backupPolicies","etag":"W/\"datetime''2022-12-19T18%3A06%3A50.3237695Z''\"","location":"westus2","tags":{"CreatedOnDate":"2022-12-19T18:06:46.6543588Z"},"properties":{"enabled":true,"backupPolicyId":"e906b279-7fc7-11ed-ba37-768357df5023","dailyBackupsToKeep":2,"weeklyBackupsToKeep":0,"monthlyBackupsToKeep":0,"volumesAssigned":0,"provisioningState":"Succeeded"},"systemData":{"createdBy":"c6c4faba-2b22-44d9-80a4-71ff5b71f811","createdByType":"Application","createdAt":"2022-12-19T18:06:48.4463535Z","lastModifiedBy":"c6c4faba-2b22-44d9-80a4-71ff5b71f811","lastModifiedByType":"Application","lastModifiedAt":"2022-12-19T18:06:48.4463535Z"}}'
    headers:
      cache-control:
      - no-cache
      content-length:
      - '928'
      content-type:
      - application/json; charset=utf-8
      date:
      - Mon, 19 Dec 2022 18:07:26 GMT
      etag:
      - W/"datetime'2022-12-19T18%3A06%3A50.3237695Z'"
      expires:
      - '-1'
      pragma:
      - no-cache
      server:
      - Microsoft-IIS/10.0
      strict-transport-security:
      - max-age=31536000; includeSubDomains
      transfer-encoding:
      - chunked
      vary:
      - Accept-Encoding
      x-content-type-options:
      - nosniff
      x-powered-by:
      - ASP.NET
    status:
      code: 200
      message: OK
- request:
    body: null
    headers:
      Accept:
      - application/json
      Accept-Encoding:
      - gzip, deflate
      CommandName:
      - netappfiles vault list
      Connection:
      - keep-alive
      ParameterSetName:
      - -g -a
      User-Agent:
      - AZURECLI/2.43.0 azsdk-python-mgmt-netapp/9.0.1 Python/3.9.5 (Windows-10-10.0.19044-SP0)
    method: GET
    uri: https://management.azure.com/subscriptions/00000000-0000-0000-0000-000000000000/resourceGroups/cli_netappfiles_test_backup_policy_000001/providers/Microsoft.NetApp/netAppAccounts/cli-acc-000002/vaults?api-version=2022-05-01
  response:
    body:
      string: '{"value":[{"id":"/subscriptions/00000000-0000-0000-0000-000000000000/resourceGroups/cli_netappfiles_test_backup_policy_000001/providers/Microsoft.NetApp/netAppAccounts/cli-acc-000002/vaults/cbsvault","name":"cli-acc-000002/cbsvault","type":"Microsoft.NetApp/netAppAccounts/vaults","properties":{}}]}'
    headers:
      cache-control:
      - no-cache
      content-length:
      - '299'
      content-type:
      - application/json; charset=utf-8
      date:
      - Mon, 19 Dec 2022 18:07:29 GMT
      expires:
      - '-1'
      pragma:
      - no-cache
      server:
      - Microsoft-IIS/10.0
      strict-transport-security:
      - max-age=31536000; includeSubDomains
      transfer-encoding:
      - chunked
      vary:
      - Accept-Encoding
      x-content-type-options:
      - nosniff
      x-powered-by:
      - ASP.NET
    status:
      code: 200
      message: OK
- request:
    body: '{"location": "westus2", "tags": {}, "properties": {"addressSpace": {"addressPrefixes":
      ["10.5.0.0/16"]}, "dhcpOptions": {}}}'
    headers:
      Accept:
      - application/json
      Accept-Encoding:
      - gzip, deflate
      CommandName:
      - network vnet create
      Connection:
      - keep-alive
      Content-Length:
      - '124'
      Content-Type:
      - application/json
      ParameterSetName:
      - -n -g -l --address-prefix
      User-Agent:
      - AZURECLI/2.43.0 azsdk-python-azure-mgmt-network/21.0.1 Python/3.9.5 (Windows-10-10.0.19044-SP0)
    method: PUT
    uri: https://management.azure.com/subscriptions/00000000-0000-0000-0000-000000000000/resourceGroups/cli_netappfiles_test_backup_policy_000001/providers/Microsoft.Network/virtualNetworks/cli-vnet-backup000006?api-version=2022-01-01
  response:
    body:
      string: "{\r\n  \"name\": \"cli-vnet-backup000006\",\r\n  \"id\": \"/subscriptions/00000000-0000-0000-0000-000000000000/resourceGroups/cli_netappfiles_test_backup_policy_000001/providers/Microsoft.Network/virtualNetworks/cli-vnet-backup000006\",\r\n
        \ \"etag\": \"W/\\\"26858878-4cef-4219-a350-157fc9e9e33c\\\"\",\r\n  \"type\":
        \"Microsoft.Network/virtualNetworks\",\r\n  \"location\": \"westus2\",\r\n
        \ \"tags\": {\r\n    \"CreatedOnDate\": \"2022-12-19T18:07:32.5440298Z\"\r\n
        \ },\r\n  \"properties\": {\r\n    \"provisioningState\": \"Updating\",\r\n
        \   \"resourceGuid\": \"5fee97d2-ebd1-4653-b954-70b5a7151eda\",\r\n    \"addressSpace\":
        {\r\n      \"addressPrefixes\": [\r\n        \"10.5.0.0/16\"\r\n      ]\r\n
        \   },\r\n    \"dhcpOptions\": {\r\n      \"dnsServers\": []\r\n    },\r\n
        \   \"subnets\": [],\r\n    \"virtualNetworkPeerings\": [],\r\n    \"enableDdosProtection\":
        false\r\n  }\r\n}"
    headers:
      azure-asyncnotification:
      - Enabled
      azure-asyncoperation:
      - https://management.azure.com/subscriptions/00000000-0000-0000-0000-000000000000/providers/Microsoft.Network/locations/westus2/operations/7b0fa76b-8092-4701-a504-d422cee035a9?api-version=2022-01-01
      cache-control:
      - no-cache
      content-length:
      - '788'
      content-type:
      - application/json; charset=utf-8
      date:
      - Mon, 19 Dec 2022 18:07:37 GMT
      expires:
      - '-1'
      pragma:
      - no-cache
      server:
      - Microsoft-HTTPAPI/2.0
      - Microsoft-HTTPAPI/2.0
      strict-transport-security:
      - max-age=31536000; includeSubDomains
      x-content-type-options:
      - nosniff
      x-ms-arm-service-request-id:
      - 3fd5ed54-1ede-43b1-8122-fda893a25943
      x-ms-ratelimit-remaining-subscription-writes:
      - '1198'
    status:
      code: 201
      message: Created
- request:
    body: null
    headers:
      Accept:
      - '*/*'
      Accept-Encoding:
      - gzip, deflate
      CommandName:
      - network vnet create
      Connection:
      - keep-alive
      ParameterSetName:
      - -n -g -l --address-prefix
      User-Agent:
      - AZURECLI/2.43.0 azsdk-python-azure-mgmt-network/21.0.1 Python/3.9.5 (Windows-10-10.0.19044-SP0)
    method: GET
    uri: https://management.azure.com/subscriptions/00000000-0000-0000-0000-000000000000/providers/Microsoft.Network/locations/westus2/operations/7b0fa76b-8092-4701-a504-d422cee035a9?api-version=2022-01-01
  response:
    body:
      string: "{\r\n  \"status\": \"Succeeded\"\r\n}"
    headers:
      cache-control:
      - no-cache
      content-length:
      - '29'
      content-type:
      - application/json; charset=utf-8
      date:
      - Mon, 19 Dec 2022 18:07:40 GMT
      expires:
      - '-1'
      pragma:
      - no-cache
      server:
      - Microsoft-HTTPAPI/2.0
      - Microsoft-HTTPAPI/2.0
      strict-transport-security:
      - max-age=31536000; includeSubDomains
      transfer-encoding:
      - chunked
      vary:
      - Accept-Encoding
      x-content-type-options:
      - nosniff
      x-ms-arm-service-request-id:
      - 260f3ba1-6054-4892-9e1c-3370c2d4d018
    status:
      code: 200
      message: OK
- request:
    body: null
    headers:
      Accept:
      - '*/*'
      Accept-Encoding:
      - gzip, deflate
      CommandName:
      - network vnet create
      Connection:
      - keep-alive
      ParameterSetName:
      - -n -g -l --address-prefix
      User-Agent:
      - AZURECLI/2.43.0 azsdk-python-azure-mgmt-network/21.0.1 Python/3.9.5 (Windows-10-10.0.19044-SP0)
    method: GET
    uri: https://management.azure.com/subscriptions/00000000-0000-0000-0000-000000000000/resourceGroups/cli_netappfiles_test_backup_policy_000001/providers/Microsoft.Network/virtualNetworks/cli-vnet-backup000006?api-version=2022-01-01
  response:
    body:
      string: "{\r\n  \"name\": \"cli-vnet-backup000006\",\r\n  \"id\": \"/subscriptions/00000000-0000-0000-0000-000000000000/resourceGroups/cli_netappfiles_test_backup_policy_000001/providers/Microsoft.Network/virtualNetworks/cli-vnet-backup000006\",\r\n
        \ \"etag\": \"W/\\\"db8e842f-62db-4bfb-a856-acf7a3167af2\\\"\",\r\n  \"type\":
        \"Microsoft.Network/virtualNetworks\",\r\n  \"location\": \"westus2\",\r\n
        \ \"tags\": {\r\n    \"CreatedOnDate\": \"2022-12-19T18:07:32.5440298Z\"\r\n
        \ },\r\n  \"properties\": {\r\n    \"provisioningState\": \"Succeeded\",\r\n
        \   \"resourceGuid\": \"5fee97d2-ebd1-4653-b954-70b5a7151eda\",\r\n    \"addressSpace\":
        {\r\n      \"addressPrefixes\": [\r\n        \"10.5.0.0/16\"\r\n      ]\r\n
        \   },\r\n    \"dhcpOptions\": {\r\n      \"dnsServers\": []\r\n    },\r\n
        \   \"subnets\": [],\r\n    \"virtualNetworkPeerings\": [],\r\n    \"enableDdosProtection\":
        false\r\n  }\r\n}"
    headers:
      cache-control:
      - no-cache
      content-length:
      - '789'
      content-type:
      - application/json; charset=utf-8
      date:
      - Mon, 19 Dec 2022 18:07:41 GMT
      etag:
      - W/"db8e842f-62db-4bfb-a856-acf7a3167af2"
      expires:
      - '-1'
      pragma:
      - no-cache
      server:
      - Microsoft-HTTPAPI/2.0
      - Microsoft-HTTPAPI/2.0
      strict-transport-security:
      - max-age=31536000; includeSubDomains
      transfer-encoding:
      - chunked
      vary:
      - Accept-Encoding
      x-content-type-options:
      - nosniff
      x-ms-arm-service-request-id:
      - 4df0d823-1311-45e9-b4f7-0cbc126ba962
    status:
      code: 200
      message: OK
- request:
    body: null
    headers:
      Accept:
      - application/json
      Accept-Encoding:
      - gzip, deflate
      CommandName:
      - network vnet subnet create
      Connection:
      - keep-alive
      ParameterSetName:
      - -n --vnet-name --address-prefixes --delegations -g
      User-Agent:
      - AZURECLI/2.43.0 azsdk-python-azure-mgmt-network/21.0.1 Python/3.9.5 (Windows-10-10.0.19044-SP0)
    method: GET
    uri: https://management.azure.com/subscriptions/00000000-0000-0000-0000-000000000000/resourceGroups/cli_netappfiles_test_backup_policy_000001/providers/Microsoft.Network/virtualNetworks/cli-vnet-backup000006/subnets/default?api-version=2022-01-01
  response:
    body:
      string: "{\r\n  \"name\": \"cli-vnet-backup000006\",\r\n  \"id\": \"/subscriptions/00000000-0000-0000-0000-000000000000/resourceGroups/cli_netappfiles_test_backup_policy_000001/providers/Microsoft.Network/virtualNetworks/cli-vnet-backup000006\",\r\n
        \ \"etag\": \"W/\\\"db8e842f-62db-4bfb-a856-acf7a3167af2\\\"\",\r\n  \"type\":
        \"Microsoft.Network/virtualNetworks\",\r\n  \"location\": \"westus2\",\r\n
        \ \"tags\": {\r\n    \"CreatedOnDate\": \"2022-12-19T18:07:32.5440298Z\"\r\n
        \ },\r\n  \"properties\": {\r\n    \"provisioningState\": \"Succeeded\",\r\n
        \   \"resourceGuid\": \"5fee97d2-ebd1-4653-b954-70b5a7151eda\",\r\n    \"addressSpace\":
        {\r\n      \"addressPrefixes\": [\r\n        \"10.5.0.0/16\"\r\n      ]\r\n
        \   },\r\n    \"dhcpOptions\": {\r\n      \"dnsServers\": []\r\n    },\r\n
        \   \"subnets\": [],\r\n    \"virtualNetworkPeerings\": [],\r\n    \"enableDdosProtection\":
        false\r\n  }\r\n}"
    headers:
      cache-control:
      - no-cache
      content-length:
      - '789'
      content-type:
      - application/json; charset=utf-8
      date:
      - Mon, 19 Dec 2022 18:07:43 GMT
      etag:
      - W/"db8e842f-62db-4bfb-a856-acf7a3167af2"
      expires:
      - '-1'
      pragma:
      - no-cache
      server:
      - Microsoft-HTTPAPI/2.0
      - Microsoft-HTTPAPI/2.0
      strict-transport-security:
      - max-age=31536000; includeSubDomains
      transfer-encoding:
      - chunked
      vary:
      - Accept-Encoding
      x-content-type-options:
      - nosniff
      x-ms-arm-service-request-id:
      - 657035d1-4c32-43c9-9937-d8d5633fb880
    status:
      code: 200
      message: OK
- request:
    body: '{"id": "/subscriptions/00000000-0000-0000-0000-000000000000/resourceGroups/cli_netappfiles_test_backup_policy_000001/providers/Microsoft.Network/virtualNetworks/cli-vnet-backup000006",
      "location": "westus2", "tags": {"CreatedOnDate": "2022-12-19T18:07:32.5440298Z"},
      "properties": {"addressSpace": {"addressPrefixes": ["10.5.0.0/16"]}, "dhcpOptions":
      {"dnsServers": []}, "subnets": [{"name": "default", "properties": {"addressPrefix":
      "10.5.0.0/24", "delegations": [{"name": "0", "properties": {"serviceName": "Microsoft.Netapp/volumes"}}],
      "privateEndpointNetworkPolicies": "Disabled", "privateLinkServiceNetworkPolicies":
      "Enabled"}}], "virtualNetworkPeerings": [], "enableDdosProtection": false}}'
    headers:
      Accept:
      - application/json
      Accept-Encoding:
      - gzip, deflate
      CommandName:
      - network vnet subnet create
      Connection:
      - keep-alive
      Content-Length:
      - '699'
      Content-Type:
      - application/json
      ParameterSetName:
      - -n --vnet-name --address-prefixes --delegations -g
      User-Agent:
      - AZURECLI/2.43.0 azsdk-python-azure-mgmt-network/21.0.1 Python/3.9.5 (Windows-10-10.0.19044-SP0)
    method: PUT
    uri: https://management.azure.com/subscriptions/00000000-0000-0000-0000-000000000000/resourceGroups/cli_netappfiles_test_backup_policy_000001/providers/Microsoft.Network/virtualNetworks/cli-vnet-backup000006/subnets/default?api-version=2022-01-01
  response:
    body:
      string: "{\r\n  \"name\": \"cli-vnet-backup000006\",\r\n  \"id\": \"/subscriptions/00000000-0000-0000-0000-000000000000/resourceGroups/cli_netappfiles_test_backup_policy_000001/providers/Microsoft.Network/virtualNetworks/cli-vnet-backup000006\",\r\n
        \ \"etag\": \"W/\\\"5e14efb8-83c8-44ca-a014-778a776d846e\\\"\",\r\n  \"type\":
        \"Microsoft.Network/virtualNetworks\",\r\n  \"location\": \"westus2\",\r\n
        \ \"tags\": {\r\n    \"CreatedOnDate\": \"2022-12-19T18:07:32.5440298Z\"\r\n
        \ },\r\n  \"properties\": {\r\n    \"provisioningState\": \"Updating\",\r\n
        \   \"resourceGuid\": \"5fee97d2-ebd1-4653-b954-70b5a7151eda\",\r\n    \"addressSpace\":
        {\r\n      \"addressPrefixes\": [\r\n        \"10.5.0.0/16\"\r\n      ]\r\n
        \   },\r\n    \"dhcpOptions\": {\r\n      \"dnsServers\": []\r\n    },\r\n
        \   \"subnets\": [\r\n      {\r\n        \"name\": \"default\",\r\n        \"id\":
        \"/subscriptions/00000000-0000-0000-0000-000000000000/resourceGroups/cli_netappfiles_test_backup_policy_000001/providers/Microsoft.Network/virtualNetworks/cli-vnet-backup000006/subnets/default\",\r\n
        \       \"etag\": \"W/\\\"5e14efb8-83c8-44ca-a014-778a776d846e\\\"\",\r\n
        \       \"properties\": {\r\n          \"provisioningState\": \"Updating\",\r\n
        \         \"addressPrefix\": \"10.5.0.0/24\",\r\n          \"delegations\":
        [\r\n            {\r\n              \"name\": \"0\",\r\n              \"id\":
        \"/subscriptions/00000000-0000-0000-0000-000000000000/resourceGroups/cli_netappfiles_test_backup_policy_000001/providers/Microsoft.Network/virtualNetworks/cli-vnet-backup000006/subnets/default/delegations/0\",\r\n
        \             \"etag\": \"W/\\\"5e14efb8-83c8-44ca-a014-778a776d846e\\\"\",\r\n
        \             \"properties\": {\r\n                \"provisioningState\":
        \"Succeeded\",\r\n                \"serviceName\": \"Microsoft.Netapp/volumes\",\r\n
        \               \"actions\": [\r\n                  \"Microsoft.Network/networkinterfaces/*\",\r\n
        \                 \"Microsoft.Network/virtualNetworks/subnets/join/action\"\r\n
        \               ]\r\n              },\r\n              \"type\": \"Microsoft.Network/virtualNetworks/subnets/delegations\"\r\n
        \           }\r\n          ],\r\n          \"purpose\": \"HostedWorkloads\",\r\n
        \         \"privateEndpointNetworkPolicies\": \"Disabled\",\r\n          \"privateLinkServiceNetworkPolicies\":
        \"Enabled\"\r\n        },\r\n        \"type\": \"Microsoft.Network/virtualNetworks/subnets\"\r\n
        \     }\r\n    ],\r\n    \"virtualNetworkPeerings\": [],\r\n    \"enableDdosProtection\":
        false\r\n  }\r\n}"
    headers:
      azure-asyncnotification:
      - Enabled
      azure-asyncoperation:
      - https://management.azure.com/subscriptions/00000000-0000-0000-0000-000000000000/providers/Microsoft.Network/locations/westus2/operations/850cd8ee-6d9b-43ab-82b4-1912fc6a2c32?api-version=2022-01-01
      cache-control:
      - no-cache
      content-length:
      - '2274'
      content-type:
      - application/json; charset=utf-8
      date:
      - Mon, 19 Dec 2022 18:07:46 GMT
      expires:
      - '-1'
      pragma:
      - no-cache
      server:
      - Microsoft-HTTPAPI/2.0
      - Microsoft-HTTPAPI/2.0
      strict-transport-security:
      - max-age=31536000; includeSubDomains
      transfer-encoding:
      - chunked
      vary:
      - Accept-Encoding
      x-content-type-options:
      - nosniff
      x-ms-arm-service-request-id:
      - fe635375-698f-49bc-97b5-549d4c78f6e4
      x-ms-ratelimit-remaining-subscription-writes:
      - '1199'
    status:
      code: 200
      message: OK
- request:
    body: null
    headers:
      Accept:
      - '*/*'
      Accept-Encoding:
      - gzip, deflate
      CommandName:
      - network vnet subnet create
      Connection:
      - keep-alive
      ParameterSetName:
      - -n --vnet-name --address-prefixes --delegations -g
      User-Agent:
      - AZURECLI/2.43.0 azsdk-python-azure-mgmt-network/21.0.1 Python/3.9.5 (Windows-10-10.0.19044-SP0)
    method: GET
    uri: https://management.azure.com/subscriptions/00000000-0000-0000-0000-000000000000/providers/Microsoft.Network/locations/westus2/operations/850cd8ee-6d9b-43ab-82b4-1912fc6a2c32?api-version=2022-01-01
  response:
    body:
      string: "{\r\n  \"status\": \"Succeeded\"\r\n}"
    headers:
      cache-control:
      - no-cache
      content-length:
      - '29'
      content-type:
      - application/json; charset=utf-8
      date:
      - Mon, 19 Dec 2022 18:07:49 GMT
      expires:
      - '-1'
      pragma:
      - no-cache
      server:
      - Microsoft-HTTPAPI/2.0
      - Microsoft-HTTPAPI/2.0
      strict-transport-security:
      - max-age=31536000; includeSubDomains
      transfer-encoding:
      - chunked
      vary:
      - Accept-Encoding
      x-content-type-options:
      - nosniff
      x-ms-arm-service-request-id:
      - 4a83fa73-aa65-45e4-9eea-39e43355b67d
    status:
      code: 200
      message: OK
- request:
    body: null
    headers:
      Accept:
      - '*/*'
      Accept-Encoding:
      - gzip, deflate
      CommandName:
      - network vnet subnet create
      Connection:
      - keep-alive
      ParameterSetName:
      - -n --vnet-name --address-prefixes --delegations -g
      User-Agent:
      - AZURECLI/2.43.0 azsdk-python-azure-mgmt-network/21.0.1 Python/3.9.5 (Windows-10-10.0.19044-SP0)
    method: GET
    uri: https://management.azure.com/subscriptions/00000000-0000-0000-0000-000000000000/resourceGroups/cli_netappfiles_test_backup_policy_000001/providers/Microsoft.Network/virtualNetworks/cli-vnet-backup000006/subnets/default?api-version=2022-01-01
  response:
    body:
      string: "{\r\n  \"name\": \"cli-vnet-backup000006\",\r\n  \"id\": \"/subscriptions/00000000-0000-0000-0000-000000000000/resourceGroups/cli_netappfiles_test_backup_policy_000001/providers/Microsoft.Network/virtualNetworks/cli-vnet-backup000006\",\r\n
        \ \"etag\": \"W/\\\"fa8455ea-e6b5-465b-bedd-6f876d8c17ee\\\"\",\r\n  \"type\":
        \"Microsoft.Network/virtualNetworks\",\r\n  \"location\": \"westus2\",\r\n
        \ \"tags\": {\r\n    \"CreatedOnDate\": \"2022-12-19T18:07:32.5440298Z\"\r\n
        \ },\r\n  \"properties\": {\r\n    \"provisioningState\": \"Succeeded\",\r\n
        \   \"resourceGuid\": \"5fee97d2-ebd1-4653-b954-70b5a7151eda\",\r\n    \"addressSpace\":
        {\r\n      \"addressPrefixes\": [\r\n        \"10.5.0.0/16\"\r\n      ]\r\n
        \   },\r\n    \"dhcpOptions\": {\r\n      \"dnsServers\": []\r\n    },\r\n
        \   \"subnets\": [\r\n      {\r\n        \"name\": \"default\",\r\n        \"id\":
        \"/subscriptions/00000000-0000-0000-0000-000000000000/resourceGroups/cli_netappfiles_test_backup_policy_000001/providers/Microsoft.Network/virtualNetworks/cli-vnet-backup000006/subnets/default\",\r\n
        \       \"etag\": \"W/\\\"fa8455ea-e6b5-465b-bedd-6f876d8c17ee\\\"\",\r\n
        \       \"properties\": {\r\n          \"provisioningState\": \"Succeeded\",\r\n
        \         \"addressPrefix\": \"10.5.0.0/24\",\r\n          \"delegations\":
        [\r\n            {\r\n              \"name\": \"0\",\r\n              \"id\":
        \"/subscriptions/00000000-0000-0000-0000-000000000000/resourceGroups/cli_netappfiles_test_backup_policy_000001/providers/Microsoft.Network/virtualNetworks/cli-vnet-backup000006/subnets/default/delegations/0\",\r\n
        \             \"etag\": \"W/\\\"fa8455ea-e6b5-465b-bedd-6f876d8c17ee\\\"\",\r\n
        \             \"properties\": {\r\n                \"provisioningState\":
        \"Succeeded\",\r\n                \"serviceName\": \"Microsoft.Netapp/volumes\",\r\n
        \               \"actions\": [\r\n                  \"Microsoft.Network/networkinterfaces/*\",\r\n
        \                 \"Microsoft.Network/virtualNetworks/subnets/join/action\"\r\n
        \               ]\r\n              },\r\n              \"type\": \"Microsoft.Network/virtualNetworks/subnets/delegations\"\r\n
        \           }\r\n          ],\r\n          \"purpose\": \"HostedWorkloads\",\r\n
        \         \"privateEndpointNetworkPolicies\": \"Disabled\",\r\n          \"privateLinkServiceNetworkPolicies\":
        \"Enabled\"\r\n        },\r\n        \"type\": \"Microsoft.Network/virtualNetworks/subnets\"\r\n
        \     }\r\n    ],\r\n    \"virtualNetworkPeerings\": [],\r\n    \"enableDdosProtection\":
        false\r\n  }\r\n}"
    headers:
      cache-control:
      - no-cache
      content-length:
      - '2276'
      content-type:
      - application/json; charset=utf-8
      date:
      - Mon, 19 Dec 2022 18:07:49 GMT
      etag:
      - W/"fa8455ea-e6b5-465b-bedd-6f876d8c17ee"
      expires:
      - '-1'
      pragma:
      - no-cache
      server:
      - Microsoft-HTTPAPI/2.0
      - Microsoft-HTTPAPI/2.0
      strict-transport-security:
      - max-age=31536000; includeSubDomains
      transfer-encoding:
      - chunked
      vary:
      - Accept-Encoding
      x-content-type-options:
      - nosniff
      x-ms-arm-service-request-id:
      - b64e50c3-e3cf-4247-afdf-b9aca3806a7c
    status:
      code: 200
      message: OK
- request:
    body: '{"location": "westus2"}'
    headers:
      Accept:
      - application/json
      Accept-Encoding:
      - gzip, deflate
      CommandName:
      - netappfiles account create
      Connection:
      - keep-alive
      Content-Length:
      - '23'
      Content-Type:
      - application/json
      ParameterSetName:
      - -g -a -l
      User-Agent:
      - AZURECLI/2.43.0 azsdk-python-mgmt-netapp/9.0.1 Python/3.9.5 (Windows-10-10.0.19044-SP0)
    method: PUT
    uri: https://management.azure.com/subscriptions/00000000-0000-0000-0000-000000000000/resourceGroups/cli_netappfiles_test_backup_policy_000001/providers/Microsoft.NetApp/netAppAccounts/cli-acc-000002?api-version=2022-05-01
  response:
    body:
      string: '{"id":"/subscriptions/00000000-0000-0000-0000-000000000000/resourceGroups/cli_netappfiles_test_backup_policy_000001/providers/Microsoft.NetApp/netAppAccounts/cli-acc-000002","name":"cli-acc-000002","type":"Microsoft.NetApp/netAppAccounts","etag":"W/\"datetime''2022-12-19T18%3A07%3A56.1339247Z''\"","location":"westus2","tags":{"CreatedOnDate":"2022-12-19T18:06:05.4736505Z"},"properties":{"provisioningState":"Updating","activeDirectories":[{"activeDirectoryId":"09ef3da0-c3dd-8e10-a69c-04a84d8ebc85","username":"sdkuser","password":"****************","domain":"sdkdomain","dns":"192.0.2.2","status":"Created","smbServerName":"PSSMBSName","organizationalUnit":"CN=Computers","adName":"ps1792","aesEncryption":false,"ldapSigning":false,"ldapOverTLS":false,"allowLocalNfsUsersWithLdap":false,"encryptDCConnections":false,"ldapSearchScope":{}}],"encryption":{"keySource":"Microsoft.NetApp"}},"systemData":{"createdBy":"c6c4faba-2b22-44d9-80a4-71ff5b71f811","createdByType":"Application","createdAt":"2022-12-19T18:06:08.7342249Z","lastModifiedBy":"c6c4faba-2b22-44d9-80a4-71ff5b71f811","lastModifiedByType":"Application","lastModifiedAt":"2022-12-19T18:06:08.7342249Z"}}'
    headers:
      azure-asyncoperation:
      - https://management.azure.com/subscriptions/00000000-0000-0000-0000-000000000000/providers/Microsoft.NetApp/locations/westus2/operationResults/62ceed21-a5f7-4ec0-82d1-a879bec6d643?api-version=2022-05-01
      cache-control:
      - no-cache
      content-length:
      - '1166'
      content-type:
      - application/json; charset=utf-8
      date:
      - Mon, 19 Dec 2022 18:07:57 GMT
      etag:
      - W/"datetime'2022-12-19T18%3A07%3A56.1339247Z'"
      expires:
      - '-1'
      pragma:
      - no-cache
      server:
      - Microsoft-IIS/10.0
      strict-transport-security:
      - max-age=31536000; includeSubDomains
      transfer-encoding:
      - chunked
      vary:
      - Accept-Encoding
      x-content-type-options:
      - nosniff
      x-ms-ratelimit-remaining-subscription-writes:
      - '1199'
      x-powered-by:
      - ASP.NET
    status:
      code: 200
      message: OK
- request:
    body: null
    headers:
      Accept:
      - '*/*'
      Accept-Encoding:
      - gzip, deflate
      CommandName:
      - netappfiles account create
      Connection:
      - keep-alive
      ParameterSetName:
      - -g -a -l
      User-Agent:
      - AZURECLI/2.43.0 azsdk-python-mgmt-netapp/9.0.1 Python/3.9.5 (Windows-10-10.0.19044-SP0)
    method: GET
    uri: https://management.azure.com/subscriptions/00000000-0000-0000-0000-000000000000/providers/Microsoft.NetApp/locations/westus2/operationResults/62ceed21-a5f7-4ec0-82d1-a879bec6d643?api-version=2022-05-01
  response:
    body:
      string: '{"id":"/subscriptions/00000000-0000-0000-0000-000000000000/providers/Microsoft.NetApp/locations/westus2/operationResults/62ceed21-a5f7-4ec0-82d1-a879bec6d643","name":"62ceed21-a5f7-4ec0-82d1-a879bec6d643","status":"Succeeded","startTime":"2022-12-19T18:07:56.1511978Z","endTime":"2022-12-19T18:07:57.6443901Z","percentComplete":100.0,"properties":{"resourceName":"/subscriptions/00000000-0000-0000-0000-000000000000/resourceGroups/cli_netappfiles_test_backup_policy_000001/providers/Microsoft.NetApp/netAppAccounts/cli-acc-000002"}}'
    headers:
      cache-control:
      - no-cache
      content-length:
      - '532'
      content-type:
      - application/json; charset=utf-8
      date:
      - Mon, 19 Dec 2022 18:08:27 GMT
      expires:
      - '-1'
      pragma:
      - no-cache
      server:
      - Microsoft-IIS/10.0
      strict-transport-security:
      - max-age=31536000; includeSubDomains
      transfer-encoding:
      - chunked
      vary:
      - Accept-Encoding
      x-content-type-options:
      - nosniff
      x-powered-by:
      - ASP.NET
    status:
      code: 200
      message: OK
- request:
    body: null
    headers:
      Accept:
      - '*/*'
      Accept-Encoding:
      - gzip, deflate
      CommandName:
      - netappfiles account create
      Connection:
      - keep-alive
      ParameterSetName:
      - -g -a -l
      User-Agent:
      - AZURECLI/2.43.0 azsdk-python-mgmt-netapp/9.0.1 Python/3.9.5 (Windows-10-10.0.19044-SP0)
    method: GET
    uri: https://management.azure.com/subscriptions/00000000-0000-0000-0000-000000000000/resourceGroups/cli_netappfiles_test_backup_policy_000001/providers/Microsoft.NetApp/netAppAccounts/cli-acc-000002?api-version=2022-05-01
  response:
    body:
      string: '{"id":"/subscriptions/00000000-0000-0000-0000-000000000000/resourceGroups/cli_netappfiles_test_backup_policy_000001/providers/Microsoft.NetApp/netAppAccounts/cli-acc-000002","name":"cli-acc-000002","type":"Microsoft.NetApp/netAppAccounts","etag":"W/\"datetime''2022-12-19T18%3A07%3A57.6520505Z''\"","location":"westus2","properties":{"provisioningState":"Succeeded","activeDirectories":[{"activeDirectoryId":"09ef3da0-c3dd-8e10-a69c-04a84d8ebc85","username":"sdkuser","password":"****************","domain":"sdkdomain","dns":"192.0.2.2","status":"Created","smbServerName":"PSSMBSName","organizationalUnit":"CN=Computers","adName":"ps1792","aesEncryption":false,"ldapSigning":false,"ldapOverTLS":false,"allowLocalNfsUsersWithLdap":false,"encryptDCConnections":false,"ldapSearchScope":{}}],"encryption":{"keySource":"Microsoft.NetApp"}},"systemData":{"createdBy":"c6c4faba-2b22-44d9-80a4-71ff5b71f811","createdByType":"Application","createdAt":"2022-12-19T18:06:08.7342249Z","lastModifiedBy":"c6c4faba-2b22-44d9-80a4-71ff5b71f811","lastModifiedByType":"Application","lastModifiedAt":"2022-12-19T18:07:55.1900692Z"}}'
    headers:
      cache-control:
      - no-cache
      content-length:
      - '1111'
      content-type:
      - application/json; charset=utf-8
      date:
      - Mon, 19 Dec 2022 18:08:27 GMT
      etag:
      - W/"datetime'2022-12-19T18%3A07%3A57.6520505Z'"
      expires:
      - '-1'
      pragma:
      - no-cache
      server:
      - Microsoft-IIS/10.0
      strict-transport-security:
      - max-age=31536000; includeSubDomains
      transfer-encoding:
      - chunked
      vary:
      - Accept-Encoding
      x-content-type-options:
      - nosniff
      x-powered-by:
      - ASP.NET
    status:
      code: 200
      message: OK
- request:
    body: '{"location": "westus2", "properties": {"size": 4398046511104, "serviceLevel":
      "Premium"}}'
    headers:
      Accept:
      - application/json
      Accept-Encoding:
      - gzip, deflate
      CommandName:
      - netappfiles pool create
      Connection:
      - keep-alive
      Content-Length:
      - '89'
      Content-Type:
      - application/json
      ParameterSetName:
      - -g -a -p -l --service-level --size
      User-Agent:
      - AZURECLI/2.43.0 azsdk-python-mgmt-netapp/9.0.1 Python/3.9.5 (Windows-10-10.0.19044-SP0)
    method: PUT
    uri: https://management.azure.com/subscriptions/00000000-0000-0000-0000-000000000000/resourceGroups/cli_netappfiles_test_backup_policy_000001/providers/Microsoft.NetApp/netAppAccounts/cli-acc-000002/capacityPools/cli-pool-000003?api-version=2022-05-01
  response:
    body:
      string: '{"id":"/subscriptions/00000000-0000-0000-0000-000000000000/resourceGroups/cli_netappfiles_test_backup_policy_000001/providers/Microsoft.NetApp/netAppAccounts/cli-acc-000002/capacityPools/cli-pool-000003","name":"cli-acc-000002/cli-pool-000003","type":"Microsoft.NetApp/netAppAccounts/capacityPools","etag":"W/\"datetime''2022-12-19T18%3A08%3A35.0206375Z''\"","location":"westus2","tags":{"CreatedOnDate":"2022-12-19T18:08:31.5140272Z"},"properties":{"serviceLevel":"Premium","size":4398046511104,"totalThroughputMibps":0.0,"utilizedThroughputMibps":0.0,"provisioningState":"Creating"},"systemData":{"createdBy":"c6c4faba-2b22-44d9-80a4-71ff5b71f811","createdByType":"Application","createdAt":"2022-12-19T18:08:33.9960597Z","lastModifiedBy":"c6c4faba-2b22-44d9-80a4-71ff5b71f811","lastModifiedByType":"Application","lastModifiedAt":"2022-12-19T18:08:33.9960597Z"}}'
    headers:
      azure-asyncoperation:
      - https://management.azure.com/subscriptions/00000000-0000-0000-0000-000000000000/providers/Microsoft.NetApp/locations/westus2/operationResults/91b1dbf6-7fcd-4d63-b10e-64a0d1fc8240?api-version=2022-05-01
      cache-control:
      - no-cache
      content-length:
      - '861'
      content-type:
      - application/json; charset=utf-8
      date:
      - Mon, 19 Dec 2022 18:08:36 GMT
      etag:
      - W/"datetime'2022-12-19T18%3A08%3A35.0206375Z'"
      expires:
      - '-1'
      pragma:
      - no-cache
      server:
      - Microsoft-IIS/10.0
      strict-transport-security:
      - max-age=31536000; includeSubDomains
      x-content-type-options:
      - nosniff
      x-ms-ratelimit-remaining-subscription-writes:
      - '1198'
      x-powered-by:
      - ASP.NET
    status:
      code: 201
      message: Created
- request:
    body: null
    headers:
      Accept:
      - '*/*'
      Accept-Encoding:
      - gzip, deflate
      CommandName:
      - netappfiles pool create
      Connection:
      - keep-alive
      ParameterSetName:
      - -g -a -p -l --service-level --size
      User-Agent:
      - AZURECLI/2.43.0 azsdk-python-mgmt-netapp/9.0.1 Python/3.9.5 (Windows-10-10.0.19044-SP0)
    method: GET
    uri: https://management.azure.com/subscriptions/00000000-0000-0000-0000-000000000000/providers/Microsoft.NetApp/locations/westus2/operationResults/91b1dbf6-7fcd-4d63-b10e-64a0d1fc8240?api-version=2022-05-01
  response:
    body:
      string: '{"id":"/subscriptions/00000000-0000-0000-0000-000000000000/providers/Microsoft.NetApp/locations/westus2/operationResults/91b1dbf6-7fcd-4d63-b10e-64a0d1fc8240","name":"91b1dbf6-7fcd-4d63-b10e-64a0d1fc8240","status":"Succeeded","startTime":"2022-12-19T18:08:35.0133596Z","endTime":"2022-12-19T18:08:35.8727005Z","percentComplete":100.0,"properties":{"resourceName":"/subscriptions/00000000-0000-0000-0000-000000000000/resourceGroups/cli_netappfiles_test_backup_policy_000001/providers/Microsoft.NetApp/netAppAccounts/cli-acc-000002/capacityPools/cli-pool-000003"}}'
    headers:
      cache-control:
      - no-cache
      content-length:
      - '562'
      content-type:
      - application/json; charset=utf-8
      date:
      - Mon, 19 Dec 2022 18:09:06 GMT
      expires:
      - '-1'
      pragma:
      - no-cache
      server:
      - Microsoft-IIS/10.0
      strict-transport-security:
      - max-age=31536000; includeSubDomains
      transfer-encoding:
      - chunked
      vary:
      - Accept-Encoding
      x-content-type-options:
      - nosniff
      x-powered-by:
      - ASP.NET
    status:
      code: 200
      message: OK
- request:
    body: null
    headers:
      Accept:
      - '*/*'
      Accept-Encoding:
      - gzip, deflate
      CommandName:
      - netappfiles pool create
      Connection:
      - keep-alive
      ParameterSetName:
      - -g -a -p -l --service-level --size
      User-Agent:
      - AZURECLI/2.43.0 azsdk-python-mgmt-netapp/9.0.1 Python/3.9.5 (Windows-10-10.0.19044-SP0)
    method: GET
    uri: https://management.azure.com/subscriptions/00000000-0000-0000-0000-000000000000/resourceGroups/cli_netappfiles_test_backup_policy_000001/providers/Microsoft.NetApp/netAppAccounts/cli-acc-000002/capacityPools/cli-pool-000003?api-version=2022-05-01
  response:
    body:
      string: '{"id":"/subscriptions/00000000-0000-0000-0000-000000000000/resourceGroups/cli_netappfiles_test_backup_policy_000001/providers/Microsoft.NetApp/netAppAccounts/cli-acc-000002/capacityPools/cli-pool-000003","name":"cli-acc-000002/cli-pool-000003","type":"Microsoft.NetApp/netAppAccounts/capacityPools","etag":"W/\"datetime''2022-12-19T18%3A08%3A35.8670609Z''\"","location":"westus2","tags":{"CreatedOnDate":"2022-12-19T18:08:31.5140272Z"},"properties":{"poolId":"2fb72652-c08e-43cc-cae1-f1b854050d3e","serviceLevel":"Premium","size":4398046511104,"qosType":"Auto","totalThroughputMibps":256.0,"utilizedThroughputMibps":0.0,"encryptionType":"Single","coolAccess":false,"provisioningState":"Succeeded"},"systemData":{"createdBy":"c6c4faba-2b22-44d9-80a4-71ff5b71f811","createdByType":"Application","createdAt":"2022-12-19T18:08:33.9960597Z","lastModifiedBy":"c6c4faba-2b22-44d9-80a4-71ff5b71f811","lastModifiedByType":"Application","lastModifiedAt":"2022-12-19T18:08:33.9960597Z"}}'
    headers:
      cache-control:
      - no-cache
      content-length:
      - '974'
      content-type:
      - application/json; charset=utf-8
      date:
      - Mon, 19 Dec 2022 18:09:06 GMT
      etag:
      - W/"datetime'2022-12-19T18%3A08%3A35.8670609Z'"
      expires:
      - '-1'
      pragma:
      - no-cache
      server:
      - Microsoft-IIS/10.0
      strict-transport-security:
      - max-age=31536000; includeSubDomains
      transfer-encoding:
      - chunked
      vary:
      - Accept-Encoding
      x-content-type-options:
      - nosniff
      x-powered-by:
      - ASP.NET
    status:
      code: 200
      message: OK
- request:
    body: '{"location": "westus2", "properties": {"creationToken": "cli-vol-000004",
      "usageThreshold": 107374182400, "subnetId": "/subscriptions/00000000-0000-0000-0000-000000000000/resourceGroups/cli_netappfiles_test_backup_policy_000001/providers/Microsoft.Network/virtualNetworks/cli-vnet-backup000006/subnets/default"}}'
    headers:
      Accept:
      - application/json
      Accept-Encoding:
      - gzip, deflate
      CommandName:
      - netappfiles volume create
      Connection:
      - keep-alive
      Content-Length:
      - '312'
      Content-Type:
      - application/json
      ParameterSetName:
      - -g -a -p -v -l --vnet --subnet --file-path --usage-threshold
      User-Agent:
      - AZURECLI/2.43.0 azsdk-python-mgmt-netapp/9.0.1 Python/3.9.5 (Windows-10-10.0.19044-SP0)
    method: PUT
    uri: https://management.azure.com/subscriptions/00000000-0000-0000-0000-000000000000/resourceGroups/cli_netappfiles_test_backup_policy_000001/providers/Microsoft.NetApp/netAppAccounts/cli-acc-000002/capacityPools/cli-pool-000003/volumes/cli-vol-000004?api-version=2022-05-01
  response:
    body:
      string: '{"id":"/subscriptions/00000000-0000-0000-0000-000000000000/resourceGroups/cli_netappfiles_test_backup_policy_000001/providers/Microsoft.NetApp/netAppAccounts/cli-acc-000002/capacityPools/cli-pool-000003/volumes/cli-vol-000004","name":"cli-acc-000002/cli-pool-000003/cli-vol-000004","type":"Microsoft.NetApp/netAppAccounts/capacityPools/volumes","etag":"W/\"datetime''2022-12-19T18%3A09%3A15.7703559Z''\"","location":"westus2","tags":{"CreatedOnDate":"2022-12-19T18:09:12.1189053Z"},"properties":{"serviceLevel":"Premium","creationToken":"cli-vol-000004","usageThreshold":107374182400,"subnetId":"/subscriptions/00000000-0000-0000-0000-000000000000/resourceGroups/cli_netappfiles_test_backup_policy_000001/providers/Microsoft.Network/virtualNetworks/cli-vnet-backup000006/subnets/default","maximumNumberOfFiles":100000000,"provisioningState":"Creating"},"systemData":{"createdBy":"c6c4faba-2b22-44d9-80a4-71ff5b71f811","createdByType":"Application","createdAt":"2022-12-19T18:09:14.6990411Z","lastModifiedBy":"c6c4faba-2b22-44d9-80a4-71ff5b71f811","lastModifiedByType":"Application","lastModifiedAt":"2022-12-19T18:09:14.6990411Z"}}'
    headers:
      azure-asyncoperation:
      - https://management.azure.com/subscriptions/00000000-0000-0000-0000-000000000000/providers/Microsoft.NetApp/locations/westus2/operationResults/dc0dbd68-5bd6-4786-9134-5d3ff2b56b62?api-version=2022-05-01
      cache-control:
      - no-cache
      content-length:
      - '1129'
      content-type:
      - application/json; charset=utf-8
      date:
      - Mon, 19 Dec 2022 18:09:16 GMT
      etag:
      - W/"datetime'2022-12-19T18%3A09%3A15.7703559Z'"
      expires:
      - '-1'
      pragma:
      - no-cache
      server:
      - Microsoft-IIS/10.0
      strict-transport-security:
      - max-age=31536000; includeSubDomains
      x-content-type-options:
      - nosniff
      x-ms-ratelimit-remaining-subscription-writes:
      - '1199'
      x-powered-by:
      - ASP.NET
    status:
      code: 201
      message: Created
- request:
    body: null
    headers:
      Accept:
      - '*/*'
      Accept-Encoding:
      - gzip, deflate
      CommandName:
      - netappfiles volume create
      Connection:
      - keep-alive
      ParameterSetName:
      - -g -a -p -v -l --vnet --subnet --file-path --usage-threshold
      User-Agent:
      - AZURECLI/2.43.0 azsdk-python-mgmt-netapp/9.0.1 Python/3.9.5 (Windows-10-10.0.19044-SP0)
    method: GET
    uri: https://management.azure.com/subscriptions/00000000-0000-0000-0000-000000000000/providers/Microsoft.NetApp/locations/westus2/operationResults/dc0dbd68-5bd6-4786-9134-5d3ff2b56b62?api-version=2022-05-01
  response:
    body:
      string: '{"id":"/subscriptions/00000000-0000-0000-0000-000000000000/providers/Microsoft.NetApp/locations/westus2/operationResults/dc0dbd68-5bd6-4786-9134-5d3ff2b56b62","name":"dc0dbd68-5bd6-4786-9134-5d3ff2b56b62","status":"Creating","startTime":"2022-12-19T18:09:15.7730635Z","endTime":"0001-01-01T00:00:00Z","percentComplete":0.0,"properties":{"resourceName":"/subscriptions/00000000-0000-0000-0000-000000000000/resourceGroups/cli_netappfiles_test_backup_policy_000001/providers/Microsoft.NetApp/netAppAccounts/cli-acc-000002/capacityPools/cli-pool-000003/volumes/cli-vol-000004"}}'
    headers:
      cache-control:
      - no-cache
      content-length:
      - '574'
      content-type:
      - application/json; charset=utf-8
      date:
      - Mon, 19 Dec 2022 18:09:47 GMT
      expires:
      - '-1'
      pragma:
      - no-cache
      server:
      - Microsoft-IIS/10.0
      strict-transport-security:
      - max-age=31536000; includeSubDomains
      transfer-encoding:
      - chunked
      vary:
      - Accept-Encoding
      x-content-type-options:
      - nosniff
      x-powered-by:
      - ASP.NET
    status:
      code: 200
      message: OK
- request:
    body: null
    headers:
      Accept:
      - '*/*'
      Accept-Encoding:
      - gzip, deflate
      CommandName:
      - netappfiles volume create
      Connection:
      - keep-alive
      ParameterSetName:
      - -g -a -p -v -l --vnet --subnet --file-path --usage-threshold
      User-Agent:
      - AZURECLI/2.43.0 azsdk-python-mgmt-netapp/9.0.1 Python/3.9.5 (Windows-10-10.0.19044-SP0)
    method: GET
    uri: https://management.azure.com/subscriptions/00000000-0000-0000-0000-000000000000/providers/Microsoft.NetApp/locations/westus2/operationResults/dc0dbd68-5bd6-4786-9134-5d3ff2b56b62?api-version=2022-05-01
  response:
    body:
      string: '{"id":"/subscriptions/00000000-0000-0000-0000-000000000000/providers/Microsoft.NetApp/locations/westus2/operationResults/dc0dbd68-5bd6-4786-9134-5d3ff2b56b62","name":"dc0dbd68-5bd6-4786-9134-5d3ff2b56b62","status":"Creating","startTime":"2022-12-19T18:09:15.7730635Z","endTime":"0001-01-01T00:00:00Z","percentComplete":0.0,"properties":{"resourceName":"/subscriptions/00000000-0000-0000-0000-000000000000/resourceGroups/cli_netappfiles_test_backup_policy_000001/providers/Microsoft.NetApp/netAppAccounts/cli-acc-000002/capacityPools/cli-pool-000003/volumes/cli-vol-000004"}}'
    headers:
      cache-control:
      - no-cache
      content-length:
      - '574'
      content-type:
      - application/json; charset=utf-8
      date:
      - Mon, 19 Dec 2022 18:10:16 GMT
      expires:
      - '-1'
      pragma:
      - no-cache
      server:
      - Microsoft-IIS/10.0
      strict-transport-security:
      - max-age=31536000; includeSubDomains
      transfer-encoding:
      - chunked
      vary:
      - Accept-Encoding
      x-content-type-options:
      - nosniff
      x-powered-by:
      - ASP.NET
    status:
      code: 200
      message: OK
- request:
    body: null
    headers:
      Accept:
      - '*/*'
      Accept-Encoding:
      - gzip, deflate
      CommandName:
      - netappfiles volume create
      Connection:
      - keep-alive
      ParameterSetName:
      - -g -a -p -v -l --vnet --subnet --file-path --usage-threshold
      User-Agent:
      - AZURECLI/2.43.0 azsdk-python-mgmt-netapp/9.0.1 Python/3.9.5 (Windows-10-10.0.19044-SP0)
    method: GET
    uri: https://management.azure.com/subscriptions/00000000-0000-0000-0000-000000000000/providers/Microsoft.NetApp/locations/westus2/operationResults/dc0dbd68-5bd6-4786-9134-5d3ff2b56b62?api-version=2022-05-01
  response:
    body:
      string: '{"id":"/subscriptions/00000000-0000-0000-0000-000000000000/providers/Microsoft.NetApp/locations/westus2/operationResults/dc0dbd68-5bd6-4786-9134-5d3ff2b56b62","name":"dc0dbd68-5bd6-4786-9134-5d3ff2b56b62","status":"Creating","startTime":"2022-12-19T18:09:15.7730635Z","endTime":"0001-01-01T00:00:00Z","percentComplete":0.0,"properties":{"resourceName":"/subscriptions/00000000-0000-0000-0000-000000000000/resourceGroups/cli_netappfiles_test_backup_policy_000001/providers/Microsoft.NetApp/netAppAccounts/cli-acc-000002/capacityPools/cli-pool-000003/volumes/cli-vol-000004"}}'
    headers:
      cache-control:
      - no-cache
      content-length:
      - '574'
      content-type:
      - application/json; charset=utf-8
      date:
      - Mon, 19 Dec 2022 18:10:47 GMT
      expires:
      - '-1'
      pragma:
      - no-cache
      server:
      - Microsoft-IIS/10.0
      strict-transport-security:
      - max-age=31536000; includeSubDomains
      transfer-encoding:
      - chunked
      vary:
      - Accept-Encoding
      x-content-type-options:
      - nosniff
      x-powered-by:
      - ASP.NET
    status:
      code: 200
      message: OK
- request:
    body: null
    headers:
      Accept:
      - '*/*'
      Accept-Encoding:
      - gzip, deflate
      CommandName:
      - netappfiles volume create
      Connection:
      - keep-alive
      ParameterSetName:
      - -g -a -p -v -l --vnet --subnet --file-path --usage-threshold
      User-Agent:
      - AZURECLI/2.43.0 azsdk-python-mgmt-netapp/9.0.1 Python/3.9.5 (Windows-10-10.0.19044-SP0)
    method: GET
    uri: https://management.azure.com/subscriptions/00000000-0000-0000-0000-000000000000/providers/Microsoft.NetApp/locations/westus2/operationResults/dc0dbd68-5bd6-4786-9134-5d3ff2b56b62?api-version=2022-05-01
  response:
    body:
      string: '{"id":"/subscriptions/00000000-0000-0000-0000-000000000000/providers/Microsoft.NetApp/locations/westus2/operationResults/dc0dbd68-5bd6-4786-9134-5d3ff2b56b62","name":"dc0dbd68-5bd6-4786-9134-5d3ff2b56b62","status":"Creating","startTime":"2022-12-19T18:09:15.7730635Z","endTime":"0001-01-01T00:00:00Z","percentComplete":0.0,"properties":{"resourceName":"/subscriptions/00000000-0000-0000-0000-000000000000/resourceGroups/cli_netappfiles_test_backup_policy_000001/providers/Microsoft.NetApp/netAppAccounts/cli-acc-000002/capacityPools/cli-pool-000003/volumes/cli-vol-000004"}}'
    headers:
      cache-control:
      - no-cache
      content-length:
      - '574'
      content-type:
      - application/json; charset=utf-8
      date:
      - Mon, 19 Dec 2022 18:11:17 GMT
      expires:
      - '-1'
      pragma:
      - no-cache
      server:
      - Microsoft-IIS/10.0
      strict-transport-security:
      - max-age=31536000; includeSubDomains
      transfer-encoding:
      - chunked
      vary:
      - Accept-Encoding
      x-content-type-options:
      - nosniff
      x-powered-by:
      - ASP.NET
    status:
      code: 200
      message: OK
- request:
    body: null
    headers:
      Accept:
      - '*/*'
      Accept-Encoding:
      - gzip, deflate
      CommandName:
      - netappfiles volume create
      Connection:
      - keep-alive
      ParameterSetName:
      - -g -a -p -v -l --vnet --subnet --file-path --usage-threshold
      User-Agent:
      - AZURECLI/2.43.0 azsdk-python-mgmt-netapp/9.0.1 Python/3.9.5 (Windows-10-10.0.19044-SP0)
    method: GET
    uri: https://management.azure.com/subscriptions/00000000-0000-0000-0000-000000000000/providers/Microsoft.NetApp/locations/westus2/operationResults/dc0dbd68-5bd6-4786-9134-5d3ff2b56b62?api-version=2022-05-01
  response:
    body:
      string: '{"id":"/subscriptions/00000000-0000-0000-0000-000000000000/providers/Microsoft.NetApp/locations/westus2/operationResults/dc0dbd68-5bd6-4786-9134-5d3ff2b56b62","name":"dc0dbd68-5bd6-4786-9134-5d3ff2b56b62","status":"Creating","startTime":"2022-12-19T18:09:15.7730635Z","endTime":"0001-01-01T00:00:00Z","percentComplete":0.0,"properties":{"resourceName":"/subscriptions/00000000-0000-0000-0000-000000000000/resourceGroups/cli_netappfiles_test_backup_policy_000001/providers/Microsoft.NetApp/netAppAccounts/cli-acc-000002/capacityPools/cli-pool-000003/volumes/cli-vol-000004"}}'
    headers:
      cache-control:
      - no-cache
      content-length:
      - '574'
      content-type:
      - application/json; charset=utf-8
      date:
      - Mon, 19 Dec 2022 18:11:47 GMT
      expires:
      - '-1'
      pragma:
      - no-cache
      server:
      - Microsoft-IIS/10.0
      strict-transport-security:
      - max-age=31536000; includeSubDomains
      transfer-encoding:
      - chunked
      vary:
      - Accept-Encoding
      x-content-type-options:
      - nosniff
      x-powered-by:
      - ASP.NET
    status:
      code: 200
      message: OK
- request:
    body: null
    headers:
      Accept:
      - '*/*'
      Accept-Encoding:
      - gzip, deflate
      CommandName:
      - netappfiles volume create
      Connection:
      - keep-alive
      ParameterSetName:
      - -g -a -p -v -l --vnet --subnet --file-path --usage-threshold
      User-Agent:
      - AZURECLI/2.43.0 azsdk-python-mgmt-netapp/9.0.1 Python/3.9.5 (Windows-10-10.0.19044-SP0)
    method: GET
    uri: https://management.azure.com/subscriptions/00000000-0000-0000-0000-000000000000/providers/Microsoft.NetApp/locations/westus2/operationResults/dc0dbd68-5bd6-4786-9134-5d3ff2b56b62?api-version=2022-05-01
  response:
    body:
      string: '{"id":"/subscriptions/00000000-0000-0000-0000-000000000000/providers/Microsoft.NetApp/locations/westus2/operationResults/dc0dbd68-5bd6-4786-9134-5d3ff2b56b62","name":"dc0dbd68-5bd6-4786-9134-5d3ff2b56b62","status":"Creating","startTime":"2022-12-19T18:09:15.7730635Z","endTime":"0001-01-01T00:00:00Z","percentComplete":0.0,"properties":{"resourceName":"/subscriptions/00000000-0000-0000-0000-000000000000/resourceGroups/cli_netappfiles_test_backup_policy_000001/providers/Microsoft.NetApp/netAppAccounts/cli-acc-000002/capacityPools/cli-pool-000003/volumes/cli-vol-000004"}}'
    headers:
      cache-control:
      - no-cache
      content-length:
      - '574'
      content-type:
      - application/json; charset=utf-8
      date:
      - Mon, 19 Dec 2022 18:12:18 GMT
      expires:
      - '-1'
      pragma:
      - no-cache
      server:
      - Microsoft-IIS/10.0
      strict-transport-security:
      - max-age=31536000; includeSubDomains
      transfer-encoding:
      - chunked
      vary:
      - Accept-Encoding
      x-content-type-options:
      - nosniff
      x-powered-by:
      - ASP.NET
    status:
      code: 200
      message: OK
- request:
    body: null
    headers:
      Accept:
      - '*/*'
      Accept-Encoding:
      - gzip, deflate
      CommandName:
      - netappfiles volume create
      Connection:
      - keep-alive
      ParameterSetName:
      - -g -a -p -v -l --vnet --subnet --file-path --usage-threshold
      User-Agent:
      - AZURECLI/2.43.0 azsdk-python-mgmt-netapp/9.0.1 Python/3.9.5 (Windows-10-10.0.19044-SP0)
    method: GET
    uri: https://management.azure.com/subscriptions/00000000-0000-0000-0000-000000000000/providers/Microsoft.NetApp/locations/westus2/operationResults/dc0dbd68-5bd6-4786-9134-5d3ff2b56b62?api-version=2022-05-01
  response:
    body:
      string: '{"id":"/subscriptions/00000000-0000-0000-0000-000000000000/providers/Microsoft.NetApp/locations/westus2/operationResults/dc0dbd68-5bd6-4786-9134-5d3ff2b56b62","name":"dc0dbd68-5bd6-4786-9134-5d3ff2b56b62","status":"Creating","startTime":"2022-12-19T18:09:15.7730635Z","endTime":"0001-01-01T00:00:00Z","percentComplete":0.0,"properties":{"resourceName":"/subscriptions/00000000-0000-0000-0000-000000000000/resourceGroups/cli_netappfiles_test_backup_policy_000001/providers/Microsoft.NetApp/netAppAccounts/cli-acc-000002/capacityPools/cli-pool-000003/volumes/cli-vol-000004"}}'
    headers:
      cache-control:
      - no-cache
      content-length:
      - '574'
      content-type:
      - application/json; charset=utf-8
      date:
      - Mon, 19 Dec 2022 18:12:48 GMT
      expires:
      - '-1'
      pragma:
      - no-cache
      server:
      - Microsoft-IIS/10.0
      strict-transport-security:
      - max-age=31536000; includeSubDomains
      transfer-encoding:
      - chunked
      vary:
      - Accept-Encoding
      x-content-type-options:
      - nosniff
      x-powered-by:
      - ASP.NET
    status:
      code: 200
      message: OK
- request:
    body: null
    headers:
      Accept:
      - '*/*'
      Accept-Encoding:
      - gzip, deflate
      CommandName:
      - netappfiles volume create
      Connection:
      - keep-alive
      ParameterSetName:
      - -g -a -p -v -l --vnet --subnet --file-path --usage-threshold
      User-Agent:
      - AZURECLI/2.43.0 azsdk-python-mgmt-netapp/9.0.1 Python/3.9.5 (Windows-10-10.0.19044-SP0)
    method: GET
    uri: https://management.azure.com/subscriptions/00000000-0000-0000-0000-000000000000/providers/Microsoft.NetApp/locations/westus2/operationResults/dc0dbd68-5bd6-4786-9134-5d3ff2b56b62?api-version=2022-05-01
  response:
    body:
      string: '{"id":"/subscriptions/00000000-0000-0000-0000-000000000000/providers/Microsoft.NetApp/locations/westus2/operationResults/dc0dbd68-5bd6-4786-9134-5d3ff2b56b62","name":"dc0dbd68-5bd6-4786-9134-5d3ff2b56b62","status":"Creating","startTime":"2022-12-19T18:09:15.7730635Z","endTime":"0001-01-01T00:00:00Z","percentComplete":0.0,"properties":{"resourceName":"/subscriptions/00000000-0000-0000-0000-000000000000/resourceGroups/cli_netappfiles_test_backup_policy_000001/providers/Microsoft.NetApp/netAppAccounts/cli-acc-000002/capacityPools/cli-pool-000003/volumes/cli-vol-000004"}}'
    headers:
      cache-control:
      - no-cache
      content-length:
      - '574'
      content-type:
      - application/json; charset=utf-8
      date:
      - Mon, 19 Dec 2022 18:13:19 GMT
      expires:
      - '-1'
      pragma:
      - no-cache
      server:
      - Microsoft-IIS/10.0
      strict-transport-security:
      - max-age=31536000; includeSubDomains
      transfer-encoding:
      - chunked
      vary:
      - Accept-Encoding
      x-content-type-options:
      - nosniff
      x-powered-by:
      - ASP.NET
    status:
      code: 200
      message: OK
- request:
    body: null
    headers:
      Accept:
      - '*/*'
      Accept-Encoding:
      - gzip, deflate
      CommandName:
      - netappfiles volume create
      Connection:
      - keep-alive
      ParameterSetName:
      - -g -a -p -v -l --vnet --subnet --file-path --usage-threshold
      User-Agent:
      - AZURECLI/2.43.0 azsdk-python-mgmt-netapp/9.0.1 Python/3.9.5 (Windows-10-10.0.19044-SP0)
    method: GET
    uri: https://management.azure.com/subscriptions/00000000-0000-0000-0000-000000000000/providers/Microsoft.NetApp/locations/westus2/operationResults/dc0dbd68-5bd6-4786-9134-5d3ff2b56b62?api-version=2022-05-01
  response:
    body:
      string: '{"id":"/subscriptions/00000000-0000-0000-0000-000000000000/providers/Microsoft.NetApp/locations/westus2/operationResults/dc0dbd68-5bd6-4786-9134-5d3ff2b56b62","name":"dc0dbd68-5bd6-4786-9134-5d3ff2b56b62","status":"Succeeded","startTime":"2022-12-19T18:09:15.7730635Z","endTime":"2022-12-19T18:13:46.8091803Z","percentComplete":100.0,"properties":{"resourceName":"/subscriptions/00000000-0000-0000-0000-000000000000/resourceGroups/cli_netappfiles_test_backup_policy_000001/providers/Microsoft.NetApp/netAppAccounts/cli-acc-000002/capacityPools/cli-pool-000003/volumes/cli-vol-000004"}}'
    headers:
      cache-control:
      - no-cache
      content-length:
      - '585'
      content-type:
      - application/json; charset=utf-8
      date:
      - Mon, 19 Dec 2022 18:13:49 GMT
      expires:
      - '-1'
      pragma:
      - no-cache
      server:
      - Microsoft-IIS/10.0
      strict-transport-security:
      - max-age=31536000; includeSubDomains
      transfer-encoding:
      - chunked
      vary:
      - Accept-Encoding
      x-content-type-options:
      - nosniff
      x-powered-by:
      - ASP.NET
    status:
      code: 200
      message: OK
- request:
    body: null
    headers:
      Accept:
      - '*/*'
      Accept-Encoding:
      - gzip, deflate
      CommandName:
      - netappfiles volume create
      Connection:
      - keep-alive
      ParameterSetName:
      - -g -a -p -v -l --vnet --subnet --file-path --usage-threshold
      User-Agent:
      - AZURECLI/2.43.0 azsdk-python-mgmt-netapp/9.0.1 Python/3.9.5 (Windows-10-10.0.19044-SP0)
    method: GET
    uri: https://management.azure.com/subscriptions/00000000-0000-0000-0000-000000000000/resourceGroups/cli_netappfiles_test_backup_policy_000001/providers/Microsoft.NetApp/netAppAccounts/cli-acc-000002/capacityPools/cli-pool-000003/volumes/cli-vol-000004?api-version=2022-05-01
  response:
    body:
      string: '{"id":"/subscriptions/00000000-0000-0000-0000-000000000000/resourceGroups/cli_netappfiles_test_backup_policy_000001/providers/Microsoft.NetApp/netAppAccounts/cli-acc-000002/capacityPools/cli-pool-000003/volumes/cli-vol-000004","name":"cli-acc-000002/cli-pool-000003/cli-vol-000004","type":"Microsoft.NetApp/netAppAccounts/capacityPools/volumes","etag":"W/\"datetime''2022-12-19T18%3A13%3A46.8014875Z''\"","location":"westus2","tags":{"CreatedOnDate":"2022-12-19T18:09:12.1189053Z"},"properties":{"fileSystemId":"e55630b6-acb8-bd4f-d2b8-9367e0a67f43","serviceLevel":"Premium","creationToken":"cli-vol-000004","usageThreshold":107374182400,"exportPolicy":{"rules":[{"ruleIndex":1,"unixReadOnly":false,"unixReadWrite":true,"cifs":false,"nfsv3":true,"nfsv41":false,"allowedClients":"0.0.0.0/0","kerberos5ReadOnly":false,"kerberos5ReadWrite":false,"kerberos5iReadOnly":false,"kerberos5iReadWrite":false,"kerberos5pReadOnly":false,"kerberos5pReadWrite":false,"hasRootAccess":true,"chownMode":"Restricted"}]},"protocolTypes":["NFSv3"],"baremetalTenantId":"baremetalTenant_svm_8f82c7b40509489d9e97d719b9b955b4_72187e1b","subnetId":"/subscriptions/00000000-0000-0000-0000-000000000000/resourceGroups/cli_netappfiles_test_backup_policy_000001/providers/Microsoft.Network/virtualNetworks/cli-vnet-backup000006/subnets/default","networkFeatures":"Basic","networkSiblingSetId":"1bea8e4a-8bcc-2c5d-0921-9f6e2eb6230b","storageToNetworkProximity":"Default","snapshotDirectoryVisible":true,"kerberosEnabled":false,"securityStyle":"Unix","smbEncryption":false,"smbContinuouslyAvailable":false,"encryptionKeySource":"Microsoft.NetApp","ldapEnabled":false,"unixPermissions":"0770","mountTargets":[{"mountTargetId":"e55630b6-acb8-bd4f-d2b8-9367e0a67f43","fileSystemId":"e55630b6-acb8-bd4f-d2b8-9367e0a67f43","ipAddress":"10.5.0.4"}],"throughputMibps":6.25,"volumeSpecName":"generic","coolAccess":false,"avsDataStore":"Disabled","isDefaultQuotaEnabled":false,"defaultUserQuotaInKiBs":0,"defaultGroupQuotaInKiBs":0,"enableSubvolumes":"Disabled","maximumNumberOfFiles":100000000,"smbNonBrowsable":"Disabled","smbAccessBasedEnumeration":"Disabled","provisioningState":"Succeeded"},"systemData":{"createdBy":"c6c4faba-2b22-44d9-80a4-71ff5b71f811","createdByType":"Application","createdAt":"2022-12-19T18:09:14.6990411Z","lastModifiedBy":"c6c4faba-2b22-44d9-80a4-71ff5b71f811","lastModifiedByType":"Application","lastModifiedAt":"2022-12-19T18:09:14.6990411Z"}}'
    headers:
      cache-control:
      - no-cache
      content-length:
      - '2432'
      content-type:
      - application/json; charset=utf-8
      date:
      - Mon, 19 Dec 2022 18:13:49 GMT
      etag:
      - W/"datetime'2022-12-19T18%3A13%3A46.8014875Z'"
      expires:
      - '-1'
      pragma:
      - no-cache
      server:
      - Microsoft-IIS/10.0
      strict-transport-security:
      - max-age=31536000; includeSubDomains
      transfer-encoding:
      - chunked
      vary:
      - Accept-Encoding
      x-content-type-options:
      - nosniff
      x-powered-by:
      - ASP.NET
    status:
      code: 200
      message: OK
- request:
    body: null
    headers:
      Accept:
      - application/json
      Accept-Encoding:
      - gzip, deflate
      CommandName:
      - netappfiles volume update
      Connection:
      - keep-alive
      ParameterSetName:
      - -g -a -p -v --vault-id --backup-enabled --backup-policy-id
      User-Agent:
      - AZURECLI/2.43.0 azsdk-python-mgmt-netapp/9.0.1 Python/3.9.5 (Windows-10-10.0.19044-SP0)
    method: GET
    uri: https://management.azure.com/subscriptions/00000000-0000-0000-0000-000000000000/resourceGroups/cli_netappfiles_test_backup_policy_000001/providers/Microsoft.NetApp/netAppAccounts/cli-acc-000002/capacityPools/cli-pool-000003/volumes/cli-vol-000004?api-version=2022-05-01
  response:
    body:
      string: '{"id":"/subscriptions/00000000-0000-0000-0000-000000000000/resourceGroups/cli_netappfiles_test_backup_policy_000001/providers/Microsoft.NetApp/netAppAccounts/cli-acc-000002/capacityPools/cli-pool-000003/volumes/cli-vol-000004","name":"cli-acc-000002/cli-pool-000003/cli-vol-000004","type":"Microsoft.NetApp/netAppAccounts/capacityPools/volumes","etag":"W/\"datetime''2022-12-19T18%3A13%3A46.8014875Z''\"","location":"westus2","tags":{"CreatedOnDate":"2022-12-19T18:09:12.1189053Z"},"properties":{"fileSystemId":"e55630b6-acb8-bd4f-d2b8-9367e0a67f43","serviceLevel":"Premium","creationToken":"cli-vol-000004","usageThreshold":107374182400,"exportPolicy":{"rules":[{"ruleIndex":1,"unixReadOnly":false,"unixReadWrite":true,"cifs":false,"nfsv3":true,"nfsv41":false,"allowedClients":"0.0.0.0/0","kerberos5ReadOnly":false,"kerberos5ReadWrite":false,"kerberos5iReadOnly":false,"kerberos5iReadWrite":false,"kerberos5pReadOnly":false,"kerberos5pReadWrite":false,"hasRootAccess":true,"chownMode":"Restricted"}]},"protocolTypes":["NFSv3"],"baremetalTenantId":"baremetalTenant_svm_8f82c7b40509489d9e97d719b9b955b4_72187e1b","subnetId":"/subscriptions/00000000-0000-0000-0000-000000000000/resourceGroups/cli_netappfiles_test_backup_policy_000001/providers/Microsoft.Network/virtualNetworks/cli-vnet-backup000006/subnets/default","networkFeatures":"Basic","networkSiblingSetId":"1bea8e4a-8bcc-2c5d-0921-9f6e2eb6230b","storageToNetworkProximity":"Default","snapshotDirectoryVisible":true,"kerberosEnabled":false,"securityStyle":"Unix","smbEncryption":false,"smbContinuouslyAvailable":false,"encryptionKeySource":"Microsoft.NetApp","ldapEnabled":false,"unixPermissions":"0770","mountTargets":[{"mountTargetId":"e55630b6-acb8-bd4f-d2b8-9367e0a67f43","fileSystemId":"e55630b6-acb8-bd4f-d2b8-9367e0a67f43","ipAddress":"10.5.0.4"}],"throughputMibps":6.25,"volumeSpecName":"generic","coolAccess":false,"avsDataStore":"Disabled","isDefaultQuotaEnabled":false,"defaultUserQuotaInKiBs":0,"defaultGroupQuotaInKiBs":0,"enableSubvolumes":"Disabled","maximumNumberOfFiles":100000000,"smbNonBrowsable":"Disabled","smbAccessBasedEnumeration":"Disabled","provisioningState":"Succeeded"},"systemData":{"createdBy":"c6c4faba-2b22-44d9-80a4-71ff5b71f811","createdByType":"Application","createdAt":"2022-12-19T18:09:14.6990411Z","lastModifiedBy":"c6c4faba-2b22-44d9-80a4-71ff5b71f811","lastModifiedByType":"Application","lastModifiedAt":"2022-12-19T18:09:14.6990411Z"}}'
    headers:
      cache-control:
      - no-cache
      content-length:
      - '2432'
      content-type:
      - application/json; charset=utf-8
      date:
      - Mon, 19 Dec 2022 18:13:52 GMT
      etag:
      - W/"datetime'2022-12-19T18%3A13%3A46.8014875Z'"
      expires:
      - '-1'
      pragma:
      - no-cache
      server:
      - Microsoft-IIS/10.0
      strict-transport-security:
      - max-age=31536000; includeSubDomains
      transfer-encoding:
      - chunked
      vary:
      - Accept-Encoding
      x-content-type-options:
      - nosniff
      x-powered-by:
      - ASP.NET
    status:
      code: 200
      message: OK
- request:
    body: '{"tags": {"CreatedOnDate": "2022-12-19T18:09:12.1189053Z"}, "properties":
      {"serviceLevel": "Premium", "usageThreshold": 107374182400, "dataProtection":
      {"backup": {"backupPolicyId": "/subscriptions/00000000-0000-0000-0000-000000000000/resourceGroups/cli_netappfiles_test_backup_policy_000001/providers/Microsoft.NetApp/netAppAccounts/cli-acc-000002/backupPolicies/cli-ba-pol-000005",
      "policyEnforced": false, "vaultId": "/subscriptions/00000000-0000-0000-0000-000000000000/resourceGroups/cli_netappfiles_test_backup_policy_000001/providers/Microsoft.NetApp/netAppAccounts/cli-acc-000002/vaults/cbsvault",
      "backupEnabled": true}}}}'
    headers:
      Accept:
      - application/json
      Accept-Encoding:
      - gzip, deflate
      CommandName:
      - netappfiles volume update
      Connection:
      - keep-alive
      Content-Length:
      - '630'
      Content-Type:
      - application/json
      ParameterSetName:
      - -g -a -p -v --vault-id --backup-enabled --backup-policy-id
      User-Agent:
      - AZURECLI/2.43.0 azsdk-python-mgmt-netapp/9.0.1 Python/3.9.5 (Windows-10-10.0.19044-SP0)
    method: PATCH
    uri: https://management.azure.com/subscriptions/00000000-0000-0000-0000-000000000000/resourceGroups/cli_netappfiles_test_backup_policy_000001/providers/Microsoft.NetApp/netAppAccounts/cli-acc-000002/capacityPools/cli-pool-000003/volumes/cli-vol-000004?api-version=2022-05-01
  response:
    body:
      string: '{"id":"/subscriptions/00000000-0000-0000-0000-000000000000/resourceGroups/cli_netappfiles_test_backup_policy_000001/providers/Microsoft.NetApp/netAppAccounts/cli-acc-000002/capacityPools/cli-pool-000003/volumes/cli-vol-000004","name":"cli-acc-000002/cli-pool-000003/cli-vol-000004","type":"Microsoft.NetApp/netAppAccounts/capacityPools/volumes","etag":"W/\"datetime''2022-12-19T18%3A13%3A56.3140311Z''\"","location":"westus2","tags":{"CreatedOnDate":"2022-12-19T18:09:12.1189053Z"},"properties":{"provisioningState":"Patching","fileSystemId":"e55630b6-acb8-bd4f-d2b8-9367e0a67f43","serviceLevel":"Premium","creationToken":"cli-vol-000004","usageThreshold":107374182400,"exportPolicy":{"rules":[{"ruleIndex":1,"unixReadOnly":false,"unixReadWrite":true,"cifs":false,"nfsv3":true,"nfsv41":false,"allowedClients":"0.0.0.0/0","kerberos5ReadOnly":false,"kerberos5ReadWrite":false,"kerberos5iReadOnly":false,"kerberos5iReadWrite":false,"kerberos5pReadOnly":false,"kerberos5pReadWrite":false,"hasRootAccess":true,"chownMode":"Restricted"}]},"protocolTypes":["NFSv3"],"baremetalTenantId":"baremetalTenant_svm_8f82c7b40509489d9e97d719b9b955b4_72187e1b","subnetId":"/subscriptions/00000000-0000-0000-0000-000000000000/resourceGroups/cli_netappfiles_test_backup_policy_000001/providers/Microsoft.Network/virtualNetworks/cli-vnet-backup000006/subnets/default","networkFeatures":"Basic","networkSiblingSetId":"1bea8e4a-8bcc-2c5d-0921-9f6e2eb6230b","storageToNetworkProximity":"Default","snapshotDirectoryVisible":true,"kerberosEnabled":false,"securityStyle":"Unix","smbEncryption":false,"smbContinuouslyAvailable":false,"encryptionKeySource":"Microsoft.NetApp","ldapEnabled":false,"unixPermissions":"0770","mountTargets":[{"mountTargetId":"e55630b6-acb8-bd4f-d2b8-9367e0a67f43","fileSystemId":"e55630b6-acb8-bd4f-d2b8-9367e0a67f43","ipAddress":"10.5.0.4"}],"throughputMibps":6.25,"volumeSpecName":"generic","coolAccess":false,"avsDataStore":"Disabled","isDefaultQuotaEnabled":false,"defaultUserQuotaInKiBs":0,"defaultGroupQuotaInKiBs":0,"enableSubvolumes":"Disabled","maximumNumberOfFiles":100000000,"smbNonBrowsable":"Disabled","smbAccessBasedEnumeration":"Disabled"},"systemData":{"createdBy":"c6c4faba-2b22-44d9-80a4-71ff5b71f811","createdByType":"Application","createdAt":"2022-12-19T18:09:14.6990411Z","lastModifiedBy":"c6c4faba-2b22-44d9-80a4-71ff5b71f811","lastModifiedByType":"Application","lastModifiedAt":"2022-12-19T18:09:14.6990411Z"}}'
    headers:
      azure-asyncoperation:
      - https://management.azure.com/subscriptions/00000000-0000-0000-0000-000000000000/providers/Microsoft.NetApp/locations/westus2/operationResults/3a9838d2-e821-447e-a1ac-f0fc7dd0f48a?api-version=2022-05-01
      cache-control:
      - no-cache
      content-length:
      - '2431'
      content-type:
      - application/json; charset=utf-8
      date:
      - Mon, 19 Dec 2022 18:13:56 GMT
      etag:
      - W/"datetime'2022-12-19T18%3A13%3A56.3140311Z'"
      expires:
      - '-1'
      location:
      - https://management.azure.com/subscriptions/00000000-0000-0000-0000-000000000000/providers/Microsoft.NetApp/locations/westus2/operationResults/3a9838d2-e821-447e-a1ac-f0fc7dd0f48a?api-version=2022-05-01&operationResultResponseType=Location
      pragma:
      - no-cache
      server:
      - Microsoft-IIS/10.0
      strict-transport-security:
      - max-age=31536000; includeSubDomains
      x-content-type-options:
      - nosniff
      x-ms-ratelimit-remaining-subscription-writes:
      - '1198'
      x-powered-by:
      - ASP.NET
    status:
      code: 202
      message: Accepted
- request:
    body: null
    headers:
      Accept:
      - '*/*'
      Accept-Encoding:
      - gzip, deflate
      CommandName:
      - netappfiles volume update
      Connection:
      - keep-alive
      ParameterSetName:
      - -g -a -p -v --vault-id --backup-enabled --backup-policy-id
      User-Agent:
      - AZURECLI/2.43.0 azsdk-python-mgmt-netapp/9.0.1 Python/3.9.5 (Windows-10-10.0.19044-SP0)
    method: GET
    uri: https://management.azure.com/subscriptions/00000000-0000-0000-0000-000000000000/providers/Microsoft.NetApp/locations/westus2/operationResults/3a9838d2-e821-447e-a1ac-f0fc7dd0f48a?api-version=2022-05-01
  response:
    body:
      string: '{"id":"/subscriptions/00000000-0000-0000-0000-000000000000/providers/Microsoft.NetApp/locations/westus2/operationResults/3a9838d2-e821-447e-a1ac-f0fc7dd0f48a","name":"3a9838d2-e821-447e-a1ac-f0fc7dd0f48a","status":"Succeeded","startTime":"2022-12-19T18:13:56.3185817Z","endTime":"2022-12-19T18:14:00.5816681Z","percentComplete":100.0,"properties":{"resourceName":"/subscriptions/00000000-0000-0000-0000-000000000000/resourceGroups/cli_netappfiles_test_backup_policy_000001/providers/Microsoft.NetApp/netAppAccounts/cli-acc-000002/capacityPools/cli-pool-000003/volumes/cli-vol-000004"}}'
    headers:
      cache-control:
      - no-cache
      content-length:
      - '585'
      content-type:
      - application/json; charset=utf-8
      date:
      - Mon, 19 Dec 2022 18:14:26 GMT
      expires:
      - '-1'
      pragma:
      - no-cache
      server:
      - Microsoft-IIS/10.0
      strict-transport-security:
      - max-age=31536000; includeSubDomains
      transfer-encoding:
      - chunked
      vary:
      - Accept-Encoding
      x-content-type-options:
      - nosniff
      x-powered-by:
      - ASP.NET
    status:
      code: 200
      message: OK
- request:
    body: null
    headers:
      Accept:
      - '*/*'
      Accept-Encoding:
      - gzip, deflate
      CommandName:
      - netappfiles volume update
      Connection:
      - keep-alive
      ParameterSetName:
      - -g -a -p -v --vault-id --backup-enabled --backup-policy-id
      User-Agent:
      - AZURECLI/2.43.0 azsdk-python-mgmt-netapp/9.0.1 Python/3.9.5 (Windows-10-10.0.19044-SP0)
    method: GET
    uri: https://management.azure.com/subscriptions/00000000-0000-0000-0000-000000000000/providers/Microsoft.NetApp/locations/westus2/operationResults/3a9838d2-e821-447e-a1ac-f0fc7dd0f48a?api-version=2022-05-01&operationResultResponseType=Location
  response:
    body:
      string: '{"id":"/subscriptions/00000000-0000-0000-0000-000000000000/resourceGroups/cli_netappfiles_test_backup_policy_000001/providers/Microsoft.NetApp/netAppAccounts/cli-acc-000002/capacityPools/cli-pool-000003/volumes/cli-vol-000004","name":"cli-acc-000002/cli-pool-000003/cli-vol-000004","type":"Microsoft.NetApp/netAppAccounts/capacityPools/volumes","etag":"W/\"datetime''2022-12-19T18%3A14%3A00.5865801Z''\"","location":"westus2","tags":{"CreatedOnDate":"2022-12-19T18:09:12.1189053Z"},"properties":{"dataProtection":{"backup":{"backupEnabled":true,"policyEnforced":false,"backupPolicyId":"/subscriptions/00000000-0000-0000-0000-000000000000/resourceGroups/cli_netappfiles_test_backup_policy_000001/providers/Microsoft.NetApp/netAppAccounts/cli-acc-000002/backupPolicies/cli-ba-pol-000005","vaultId":"/subscriptions/00000000-0000-0000-0000-000000000000/resourceGroups/cli_netappfiles_test_backup_policy_000001/providers/Microsoft.NetApp/netAppAccounts/cli-acc-000002/vaults/cbsvault"}},"fileSystemId":"e55630b6-acb8-bd4f-d2b8-9367e0a67f43","serviceLevel":"Premium","creationToken":"cli-vol-000004","ownerId":"8f82c7b4-0509-489d-9e97-d719b9b955b4","usageThreshold":107374182400,"usedBytes":0,"exportPolicy":{"rules":[{"ruleIndex":1,"unixReadOnly":false,"unixReadWrite":true,"cifs":false,"nfsv3":true,"nfsv4":false,"nfsv41":false,"allowedClients":"0.0.0.0/0","kerberos5ReadOnly":false,"kerberos5ReadWrite":false,"kerberos5iReadOnly":false,"kerberos5iReadWrite":false,"kerberos5pReadOnly":false,"kerberos5pReadWrite":false,"hasRootAccess":true,"chownMode":"Restricted"}]},"protocolTypes":["NFSv3"],"baremetalTenantId":"baremetalTenant_svm_8f82c7b40509489d9e97d719b9b955b4_72187e1b","subnetId":"/subscriptions/00000000-0000-0000-0000-000000000000/resourceGroups/cli_netappfiles_test_backup_policy_000001/providers/Microsoft.Network/virtualNetworks/cli-vnet-backup000006/subnets/default","networkFeatures":"Basic","networkSiblingSetId":"1bea8e4a-8bcc-2c5d-0921-9f6e2eb6230b","storageToNetworkProximity":"Default","snapshotDirectoryVisible":true,"vendorID":"/subscriptions/00000000-0000-0000-0000-000000000000/resourceGroups/cli_netappfiles_test_backup_policy_000001/providers/Microsoft.NetApp/netAppAccounts/cli-acc-000002/capacityPools/cli-pool-000003/volumes/cli-vol-000004","poolId":"2fb72652-c08e-43cc-cae1-f1b854050d3e","mountTargets":[{"provisioningState":"","mountTargetId":"e55630b6-acb8-bd4f-d2b8-9367e0a67f43","fileSystemId":"e55630b6-acb8-bd4f-d2b8-9367e0a67f43","startIp":"","endIp":"","gateway":"","netmask":"","subnet":"","ipAddress":"10.5.0.4"}],"throughputMibps":6.25,"kerberosEnabled":false,"securityStyle":"Unix","smbEncryption":false,"smbContinuouslyAvailable":false,"ldapEnabled":false,"unixPermissions":"0770","encryptionKeySource":"Microsoft.NetApp","volumeSpecName":"generic","coolAccess":false,"avsDataStore":"Disabled","isDefaultQuotaEnabled":false,"defaultUserQuotaInKiBs":0,"defaultGroupQuotaInKiBs":0,"enableSubvolumes":"Disabled","encrypted":true,"smbAccessBasedEnumeration":"Disabled","smbNonBrowsable":"Disabled","provisioningState":"Succeeded"},"systemData":{"createdBy":"c6c4faba-2b22-44d9-80a4-71ff5b71f811","createdByType":"Application","createdAt":"2022-12-19T18:09:14.6990411Z","lastModifiedBy":"c6c4faba-2b22-44d9-80a4-71ff5b71f811","lastModifiedByType":"Application","lastModifiedAt":"2022-12-19T18:13:55.3883117Z"}}'
    headers:
      cache-control:
      - no-cache
      content-length:
      - '3344'
      content-type:
      - application/json; charset=utf-8
      date:
      - Mon, 19 Dec 2022 18:14:26 GMT
      expires:
      - '-1'
      pragma:
      - no-cache
      server:
      - Microsoft-IIS/10.0
      strict-transport-security:
      - max-age=31536000; includeSubDomains
      transfer-encoding:
      - chunked
      vary:
      - Accept-Encoding
      x-content-type-options:
      - nosniff
      x-powered-by:
      - ASP.NET
    status:
      code: 200
      message: OK
- request:
    body: null
    headers:
      Accept:
      - application/json
      Accept-Encoding:
      - gzip, deflate
      CommandName:
      - netappfiles volume show
      Connection:
      - keep-alive
      ParameterSetName:
      - --resource-group -a -p -v
      User-Agent:
      - AZURECLI/2.43.0 azsdk-python-mgmt-netapp/9.0.1 Python/3.9.5 (Windows-10-10.0.19044-SP0)
    method: GET
    uri: https://management.azure.com/subscriptions/00000000-0000-0000-0000-000000000000/resourceGroups/cli_netappfiles_test_backup_policy_000001/providers/Microsoft.NetApp/netAppAccounts/cli-acc-000002/capacityPools/cli-pool-000003/volumes/cli-vol-000004?api-version=2022-05-01
  response:
    body:
      string: '{"id":"/subscriptions/00000000-0000-0000-0000-000000000000/resourceGroups/cli_netappfiles_test_backup_policy_000001/providers/Microsoft.NetApp/netAppAccounts/cli-acc-000002/capacityPools/cli-pool-000003/volumes/cli-vol-000004","name":"cli-acc-000002/cli-pool-000003/cli-vol-000004","type":"Microsoft.NetApp/netAppAccounts/capacityPools/volumes","etag":"W/\"datetime''2022-12-19T18%3A14%3A00.5865801Z''\"","location":"westus2","tags":{"CreatedOnDate":"2022-12-19T18:09:12.1189053Z"},"properties":{"dataProtection":{"backup":{"backupEnabled":true,"policyEnforced":false,"backupPolicyId":"/subscriptions/00000000-0000-0000-0000-000000000000/resourceGroups/cli_netappfiles_test_backup_policy_000001/providers/Microsoft.NetApp/netAppAccounts/cli-acc-000002/backupPolicies/cli-ba-pol-000005","vaultId":"/subscriptions/00000000-0000-0000-0000-000000000000/resourceGroups/cli_netappfiles_test_backup_policy_000001/providers/Microsoft.NetApp/netAppAccounts/cli-acc-000002/vaults/cbsvault"}},"provisioningState":"Succeeded","fileSystemId":"e55630b6-acb8-bd4f-d2b8-9367e0a67f43","serviceLevel":"Premium","creationToken":"cli-vol-000004","usageThreshold":107374182400,"exportPolicy":{"rules":[{"ruleIndex":1,"unixReadOnly":false,"unixReadWrite":true,"cifs":false,"nfsv3":true,"nfsv41":false,"allowedClients":"0.0.0.0/0","kerberos5ReadOnly":false,"kerberos5ReadWrite":false,"kerberos5iReadOnly":false,"kerberos5iReadWrite":false,"kerberos5pReadOnly":false,"kerberos5pReadWrite":false,"hasRootAccess":true,"chownMode":"Restricted"}]},"protocolTypes":["NFSv3"],"baremetalTenantId":"baremetalTenant_svm_8f82c7b40509489d9e97d719b9b955b4_72187e1b","subnetId":"/subscriptions/00000000-0000-0000-0000-000000000000/resourceGroups/cli_netappfiles_test_backup_policy_000001/providers/Microsoft.Network/virtualNetworks/cli-vnet-backup000006/subnets/default","networkFeatures":"Basic","networkSiblingSetId":"1bea8e4a-8bcc-2c5d-0921-9f6e2eb6230b","storageToNetworkProximity":"Default","snapshotDirectoryVisible":true,"kerberosEnabled":false,"securityStyle":"Unix","smbEncryption":false,"smbContinuouslyAvailable":false,"encryptionKeySource":"Microsoft.NetApp","ldapEnabled":false,"unixPermissions":"0770","mountTargets":[{"mountTargetId":"e55630b6-acb8-bd4f-d2b8-9367e0a67f43","fileSystemId":"e55630b6-acb8-bd4f-d2b8-9367e0a67f43","ipAddress":"10.5.0.4"}],"throughputMibps":6.25,"volumeSpecName":"generic","coolAccess":false,"avsDataStore":"Disabled","isDefaultQuotaEnabled":false,"defaultUserQuotaInKiBs":0,"defaultGroupQuotaInKiBs":0,"enableSubvolumes":"Disabled","maximumNumberOfFiles":100000000,"smbNonBrowsable":"Disabled","smbAccessBasedEnumeration":"Disabled"},"systemData":{"createdBy":"c6c4faba-2b22-44d9-80a4-71ff5b71f811","createdByType":"Application","createdAt":"2022-12-19T18:09:14.6990411Z","lastModifiedBy":"c6c4faba-2b22-44d9-80a4-71ff5b71f811","lastModifiedByType":"Application","lastModifiedAt":"2022-12-19T18:13:55.3883117Z"}}'
    headers:
      cache-control:
      - no-cache
      content-length:
      - '2918'
      content-type:
      - application/json; charset=utf-8
      date:
      - Mon, 19 Dec 2022 18:14:29 GMT
      etag:
      - W/"datetime'2022-12-19T18%3A14%3A00.5865801Z'"
      expires:
      - '-1'
      pragma:
      - no-cache
      server:
      - Microsoft-IIS/10.0
      strict-transport-security:
      - max-age=31536000; includeSubDomains
      transfer-encoding:
      - chunked
      vary:
      - Accept-Encoding
      x-content-type-options:
      - nosniff
      x-powered-by:
      - ASP.NET
    status:
      code: 200
      message: OK
version: 1
