interactions:
- request:
    body: !!python/unicode '{"location": "westus", "tags": {"date": "2019-05-31T16:17:00Z",
      "product": "azurecli", "cause": "automation"}}'
    headers:
      Accept:
      - application/json
      Accept-Encoding:
      - gzip, deflate
      CommandName:
      - group create
      Connection:
      - keep-alive
      Content-Length:
      - '110'
      Content-Type:
      - application/json; charset=utf-8
      ParameterSetName:
      - --location --name --tag
      User-Agent:
      - python/2.7.10 (Darwin-16.7.0-x86_64-i386-64bit) msrest/0.6.6 msrest_azure/0.4.34
        resourcemanagementclient/2.1.0 Azure-SDK-For-Python AZURECLI/2.0.56
      accept-language:
      - en-US
    method: PUT
    uri: https://management.azure.com/subscriptions/00000000-0000-0000-0000-000000000000/resourcegroups/cli_tests_rg_000001?api-version=2018-05-01
  response:
    body:
      string: !!python/unicode '{"id":"/subscriptions/00000000-0000-0000-0000-000000000000/resourceGroups/cli_tests_rg_000001","name":"cli_tests_rg_000001","location":"westus","tags":{"date":"2019-05-31T16:17:00Z","product":"azurecli","cause":"automation"},"properties":{"provisioningState":"Succeeded"}}'
    headers:
      cache-control:
      - no-cache
      content-length:
      - '384'
      content-type:
      - application/json; charset=utf-8
      date:
      - Fri, 31 May 2019 16:17:05 GMT
      expires:
      - '-1'
      pragma:
      - no-cache
      strict-transport-security:
      - max-age=31536000; includeSubDomains
      x-content-type-options:
      - nosniff
      x-ms-ratelimit-remaining-subscription-writes:
      - '1199'
    status:
      code: 201
      message: Created
- request:
    body: !!python/unicode '{"location": "eastus2", "tags": {"Tag1": "Value1"}}'
    headers:
      Accept:
      - application/json
      Accept-Encoding:
      - gzip, deflate
      CommandName:
      - netappfiles account create
      Connection:
      - keep-alive
      Content-Length:
      - '51'
      Content-Type:
      - application/json; charset=utf-8
      ParameterSetName:
      - -g -a -l --tags
      User-Agent:
      - python/2.7.10 (Darwin-16.7.0-x86_64-i386-64bit) msrest/0.6.6 msrest_azure/0.4.34
        azure-mgmt-netapp/0.4.0 Azure-SDK-For-Python AZURECLI/2.0.56
      accept-language:
      - en-US
    method: PUT
    uri: https://management.azure.com/subscriptions/00000000-0000-0000-0000-000000000000/resourceGroups/cli_tests_rg_000001/providers/Microsoft.NetApp/netAppAccounts/cli000002?api-version=2019-05-01
  response:
    body:
      string: !!python/unicode '{"id":"/subscriptions/00000000-0000-0000-0000-000000000000/resourceGroups/cli_tests_rg_000001/providers/Microsoft.NetApp/netAppAccounts/cli000002","name":"cli000002","type":"Microsoft.NetApp/netAppAccounts","etag":"W/\"datetime''2019-05-31T16%3A17%3A11.4430405Z''\"","location":"eastus2","tags":{"Tag1":"Value1"},"properties":{"provisioningState":"Succeeded","name":"cli000002"}}'
    headers:
      access-control-expose-headers:
      - Request-Context
      azure-asyncoperation:
      - https://management.azure.com/subscriptions/00000000-0000-0000-0000-000000000000/providers/Microsoft.NetApp/locations/eastus2/operationResults/9a29c81c-8cad-4cc9-bcf8-8990632771d0?api-version=2019-05-01
      cache-control:
      - no-cache
      content-length:
      - '478'
      content-type:
      - application/json; charset=utf-8
      date:
      - Fri, 31 May 2019 16:17:12 GMT
      etag:
      - W/"datetime'2019-05-31T16%3A17%3A11.4430405Z'"
      expires:
      - '-1'
      pragma:
      - no-cache
      request-context:
      - appId=cid-v1:2c4cb680-0a1f-424d-bb8d-8e650ba68d53
      server:
      - Microsoft-IIS/10.0
      strict-transport-security:
      - max-age=31536000; includeSubDomains
      x-content-type-options:
      - nosniff
      x-ms-ratelimit-remaining-subscription-writes:
      - '1197'
      x-powered-by:
      - ASP.NET
    status:
      code: 201
      message: Created
- request:
    body: null
    headers:
      Accept:
      - application/json
      Accept-Encoding:
      - gzip, deflate
      CommandName:
      - netappfiles account create
      Connection:
      - keep-alive
      ParameterSetName:
      - -g -a -l --tags
      User-Agent:
      - python/2.7.10 (Darwin-16.7.0-x86_64-i386-64bit) msrest/0.6.6 msrest_azure/0.4.34
        azure-mgmt-netapp/0.4.0 Azure-SDK-For-Python AZURECLI/2.0.56
    method: GET
    uri: https://management.azure.com/subscriptions/00000000-0000-0000-0000-000000000000/providers/Microsoft.NetApp/locations/eastus2/operationResults/9a29c81c-8cad-4cc9-bcf8-8990632771d0?api-version=2019-05-01
  response:
    body:
      string: !!python/unicode '{"id":"/subscriptions/00000000-0000-0000-0000-000000000000/providers/Microsoft.NetApp/locations/eastus2/operationResults/9a29c81c-8cad-4cc9-bcf8-8990632771d0","name":"9a29c81c-8cad-4cc9-bcf8-8990632771d0","status":"Succeeded","startTime":"2019-05-31T16:17:11.3090831Z","endTime":"2019-05-31T16:17:11.5126667Z","percentComplete":100.0,"properties":{"resourceName":"/subscriptions/00000000-0000-0000-0000-000000000000/resourceGroups/cli_tests_rg_000001/providers/Microsoft.NetApp/netAppAccounts/cli000002"}}'
    headers:
      access-control-expose-headers:
      - Request-Context
      cache-control:
      - no-cache
      content-length:
      - '576'
      content-type:
      - application/json; charset=utf-8
      date:
      - Fri, 31 May 2019 16:17:44 GMT
      expires:
      - '-1'
      pragma:
      - no-cache
      request-context:
      - appId=cid-v1:2c4cb680-0a1f-424d-bb8d-8e650ba68d53
      server:
      - Microsoft-IIS/10.0
      strict-transport-security:
      - max-age=31536000; includeSubDomains
      transfer-encoding:
      - chunked
      vary:
      - Accept-Encoding
      x-content-type-options:
      - nosniff
      x-powered-by:
      - ASP.NET
    status:
      code: 200
      message: OK
- request:
    body: null
    headers:
      Accept:
      - application/json
      Accept-Encoding:
      - gzip, deflate
      CommandName:
      - netappfiles account create
      Connection:
      - keep-alive
      ParameterSetName:
      - -g -a -l --tags
      User-Agent:
      - python/2.7.10 (Darwin-16.7.0-x86_64-i386-64bit) msrest/0.6.6 msrest_azure/0.4.34
        azure-mgmt-netapp/0.4.0 Azure-SDK-For-Python AZURECLI/2.0.56
    method: GET
    uri: https://management.azure.com/subscriptions/00000000-0000-0000-0000-000000000000/resourceGroups/cli_tests_rg_000001/providers/Microsoft.NetApp/netAppAccounts/cli000002?api-version=2019-05-01
  response:
    body:
      string: !!python/unicode '{"id":"/subscriptions/00000000-0000-0000-0000-000000000000/resourceGroups/cli_tests_rg_000001/providers/Microsoft.NetApp/netAppAccounts/cli000002","name":"cli000002","type":"Microsoft.NetApp/netAppAccounts","etag":"W/\"datetime''2019-05-31T16%3A17%3A11.634179Z''\"","location":"eastus2","tags":{"Tag1":"Value1"},"properties":{"provisioningState":"Succeeded","name":"cli000002"}}'
    headers:
      access-control-expose-headers:
      - Request-Context
      cache-control:
      - no-cache
      content-length:
      - '477'
      content-type:
      - application/json; charset=utf-8
      date:
      - Fri, 31 May 2019 16:17:46 GMT
      etag:
      - W/"datetime'2019-05-31T16%3A17%3A11.634179Z'"
      expires:
      - '-1'
      pragma:
      - no-cache
      request-context:
      - appId=cid-v1:2c4cb680-0a1f-424d-bb8d-8e650ba68d53
      server:
      - Microsoft-IIS/10.0
      strict-transport-security:
      - max-age=31536000; includeSubDomains
      transfer-encoding:
      - chunked
      vary:
      - Accept-Encoding
      x-content-type-options:
      - nosniff
      x-powered-by:
      - ASP.NET
    status:
      code: 200
      message: OK
- request:
    body: null
    headers:
      Accept:
      - application/json
      Accept-Encoding:
      - gzip, deflate
      CommandName:
      - netappfiles account ad add
      Connection:
      - keep-alive
      ParameterSetName:
      - -g -n --username --password --smb-server-name --dns --domain
      User-Agent:
      - python/2.7.10 (Darwin-16.7.0-x86_64-i386-64bit) msrest/0.6.6 msrest_azure/0.4.34
        azure-mgmt-netapp/0.4.0 Azure-SDK-For-Python AZURECLI/2.0.56
      accept-language:
      - en-US
    method: GET
    uri: https://management.azure.com/subscriptions/00000000-0000-0000-0000-000000000000/resourceGroups/cli_tests_rg_000001/providers/Microsoft.NetApp/netAppAccounts/cli000002?api-version=2019-05-01
  response:
    body:
      string: !!python/unicode '{"id":"/subscriptions/00000000-0000-0000-0000-000000000000/resourceGroups/cli_tests_rg_000001/providers/Microsoft.NetApp/netAppAccounts/cli000002","name":"cli000002","type":"Microsoft.NetApp/netAppAccounts","etag":"W/\"datetime''2019-05-31T16%3A17%3A11.634179Z''\"","location":"eastus2","tags":{"Tag1":"Value1"},"properties":{"provisioningState":"Succeeded","name":"cli000002"}}'
    headers:
      access-control-expose-headers:
      - Request-Context
      cache-control:
      - no-cache
      content-length:
      - '477'
      content-type:
      - application/json; charset=utf-8
      date:
      - Fri, 31 May 2019 16:17:48 GMT
      etag:
      - W/"datetime'2019-05-31T16%3A17%3A11.634179Z'"
      expires:
      - '-1'
      pragma:
      - no-cache
      request-context:
      - appId=cid-v1:2c4cb680-0a1f-424d-bb8d-8e650ba68d53
      server:
      - Microsoft-IIS/10.0
      strict-transport-security:
      - max-age=31536000; includeSubDomains
      transfer-encoding:
      - chunked
      vary:
      - Accept-Encoding
      x-content-type-options:
      - nosniff
      x-powered-by:
      - ASP.NET
    status:
      code: 200
      message: OK
- request:
    body: !!python/unicode '{"properties": {"activeDirectories": [{"username": "aduser",
      "domain": "westcentralus", "password": "aduser", "dns": "1.2.3.4", "smbServerName":
      "SMBSERVER"}]}}'
    headers:
      Accept:
      - application/json
      Accept-Encoding:
      - gzip, deflate
      CommandName:
      - netappfiles account ad add
      Connection:
      - keep-alive
      Content-Length:
      - '160'
      Content-Type:
      - application/json; charset=utf-8
      ParameterSetName:
      - -g -n --username --password --smb-server-name --dns --domain
      User-Agent:
      - python/2.7.10 (Darwin-16.7.0-x86_64-i386-64bit) msrest/0.6.6 msrest_azure/0.4.34
        azure-mgmt-netapp/0.4.0 Azure-SDK-For-Python AZURECLI/2.0.56
      accept-language:
      - en-US
    method: PATCH
    uri: https://management.azure.com/subscriptions/00000000-0000-0000-0000-000000000000/resourceGroups/cli_tests_rg_000001/providers/Microsoft.NetApp/netAppAccounts/cli000002?api-version=2019-05-01
  response:
    body:
      string: !!python/unicode '{"id":"/subscriptions/00000000-0000-0000-0000-000000000000/resourceGroups/cli_tests_rg_000001/providers/Microsoft.NetApp/netAppAccounts/cli000002","name":"cli000002","type":"Microsoft.NetApp/netAppAccounts","etag":"W/\"datetime''2019-05-31T16%3A17%3A52.4325808Z''\"","location":"eastus2","tags":{"Tag1":"Value1"},"properties":{"provisioningState":"Succeeded","name":"cli000002","activeDirectories":[{"activeDirectoryId":"c1eefa33-5831-2589-8b6c-20257739b118","username":"aduser","password":"****************","domain":"westcentralus","dns":"1.2.3.4","status":"Created","smbServerName":"SMBSERVER","organizationalUnit":"CN=Computers"}]}}'
    headers:
      access-control-expose-headers:
      - Request-Context
      cache-control:
      - no-cache
      content-length:
      - '735'
      content-type:
      - application/json; charset=utf-8
      date:
      - Fri, 31 May 2019 16:17:51 GMT
      etag:
      - W/"datetime'2019-05-31T16%3A17%3A52.4325808Z'"
      expires:
      - '-1'
      pragma:
      - no-cache
      request-context:
      - appId=cid-v1:2c4cb680-0a1f-424d-bb8d-8e650ba68d53
      server:
      - Microsoft-IIS/10.0
      strict-transport-security:
      - max-age=31536000; includeSubDomains
      transfer-encoding:
      - chunked
      vary:
      - Accept-Encoding
      x-content-type-options:
      - nosniff
      x-ms-ratelimit-remaining-subscription-writes:
      - '1198'
      x-powered-by:
      - ASP.NET
    status:
      code: 200
      message: OK
- request:
    body: null
    headers:
      Accept:
      - application/json
      Accept-Encoding:
      - gzip, deflate
      CommandName:
      - netappfiles account ad list
      Connection:
      - keep-alive
      ParameterSetName:
      - -g -n
      User-Agent:
      - python/2.7.10 (Darwin-16.7.0-x86_64-i386-64bit) msrest/0.6.6 msrest_azure/0.4.34
        azure-mgmt-netapp/0.4.0 Azure-SDK-For-Python AZURECLI/2.0.56
      accept-language:
      - en-US
    method: GET
    uri: https://management.azure.com/subscriptions/00000000-0000-0000-0000-000000000000/resourceGroups/cli_tests_rg_000001/providers/Microsoft.NetApp/netAppAccounts/cli000002?api-version=2019-05-01
  response:
    body:
      string: !!python/unicode '{"id":"/subscriptions/00000000-0000-0000-0000-000000000000/resourceGroups/cli_tests_rg_000001/providers/Microsoft.NetApp/netAppAccounts/cli000002","name":"cli000002","type":"Microsoft.NetApp/netAppAccounts","etag":"W/\"datetime''2019-05-31T16%3A17%3A52.4325808Z''\"","location":"eastus2","tags":{"Tag1":"Value1"},"properties":{"provisioningState":"Succeeded","name":"cli000002","activeDirectories":[{"activeDirectoryId":"c1eefa33-5831-2589-8b6c-20257739b118","username":"aduser","password":"****************","domain":"westcentralus","dns":"1.2.3.4","status":"Created","smbServerName":"SMBSERVER","organizationalUnit":"CN=Computers"}]}}'
    headers:
      access-control-expose-headers:
      - Request-Context
      cache-control:
      - no-cache
      content-length:
      - '735'
      content-type:
      - application/json; charset=utf-8
      date:
      - Fri, 31 May 2019 16:17:53 GMT
      etag:
      - W/"datetime'2019-05-31T16%3A17%3A52.4325808Z'"
      expires:
      - '-1'
      pragma:
      - no-cache
      request-context:
      - appId=cid-v1:2c4cb680-0a1f-424d-bb8d-8e650ba68d53
      server:
      - Microsoft-IIS/10.0
      strict-transport-security:
      - max-age=31536000; includeSubDomains
      transfer-encoding:
      - chunked
      vary:
      - Accept-Encoding
      x-content-type-options:
      - nosniff
      x-powered-by:
      - ASP.NET
    status:
      code: 200
      message: OK
- request:
    body: null
    headers:
      Accept:
      - application/json
      Accept-Encoding:
      - gzip, deflate
      CommandName:
      - netappfiles account ad remove
      Connection:
      - keep-alive
      ParameterSetName:
      - -g -n --active-directory
      User-Agent:
      - python/2.7.10 (Darwin-16.7.0-x86_64-i386-64bit) msrest/0.6.6 msrest_azure/0.4.34
        azure-mgmt-netapp/0.4.0 Azure-SDK-For-Python AZURECLI/2.0.56
      accept-language:
      - en-US
    method: GET
    uri: https://management.azure.com/subscriptions/00000000-0000-0000-0000-000000000000/resourceGroups/cli_tests_rg_000001/providers/Microsoft.NetApp/netAppAccounts/cli000002?api-version=2019-05-01
  response:
    body:
      string: !!python/unicode '{"id":"/subscriptions/00000000-0000-0000-0000-000000000000/resourceGroups/cli_tests_rg_000001/providers/Microsoft.NetApp/netAppAccounts/cli000002","name":"cli000002","type":"Microsoft.NetApp/netAppAccounts","etag":"W/\"datetime''2019-05-31T16%3A17%3A52.4325808Z''\"","location":"eastus2","tags":{"Tag1":"Value1"},"properties":{"provisioningState":"Succeeded","name":"cli000002","activeDirectories":[{"activeDirectoryId":"c1eefa33-5831-2589-8b6c-20257739b118","username":"aduser","password":"****************","domain":"westcentralus","dns":"1.2.3.4","status":"Created","smbServerName":"SMBSERVER","organizationalUnit":"CN=Computers"}]}}'
    headers:
      access-control-expose-headers:
      - Request-Context
      cache-control:
      - no-cache
      content-length:
      - '735'
      content-type:
      - application/json; charset=utf-8
      date:
      - Fri, 31 May 2019 16:17:57 GMT
      etag:
      - W/"datetime'2019-05-31T16%3A17%3A52.4325808Z'"
      expires:
      - '-1'
      pragma:
      - no-cache
      request-context:
      - appId=cid-v1:2c4cb680-0a1f-424d-bb8d-8e650ba68d53
      server:
      - Microsoft-IIS/10.0
      strict-transport-security:
      - max-age=31536000; includeSubDomains
      transfer-encoding:
      - chunked
      vary:
      - Accept-Encoding
      x-content-type-options:
      - nosniff
      x-powered-by:
      - ASP.NET
    status:
      code: 200
      message: OK
- request:
    body: !!python/unicode '{"properties": {"activeDirectories": []}, "location":
      "eastus2", "tags": {"Tag1": "Value1"}}'
    headers:
      Accept:
      - application/json
      Accept-Encoding:
      - gzip, deflate
      CommandName:
      - netappfiles account ad remove
      Connection:
      - keep-alive
      Content-Length:
      - '92'
      Content-Type:
      - application/json; charset=utf-8
      ParameterSetName:
      - -g -n --active-directory
      User-Agent:
      - python/2.7.10 (Darwin-16.7.0-x86_64-i386-64bit) msrest/0.6.6 msrest_azure/0.4.34
        azure-mgmt-netapp/0.4.0 Azure-SDK-For-Python AZURECLI/2.0.56
      accept-language:
      - en-US
    method: PUT
    uri: https://management.azure.com/subscriptions/00000000-0000-0000-0000-000000000000/resourceGroups/cli_tests_rg_000001/providers/Microsoft.NetApp/netAppAccounts/cli000002?api-version=2019-05-01
  response:
    body:
      string: !!python/unicode '{"id":"/subscriptions/00000000-0000-0000-0000-000000000000/resourceGroups/cli_tests_rg_000001/providers/Microsoft.NetApp/netAppAccounts/cli000002","name":"cli000002","type":"Microsoft.NetApp/netAppAccounts","etag":"W/\"datetime''2019-05-31T16%3A17%3A59.1864489Z''\"","location":"eastus2","tags":{"Tag1":"Value1"},"properties":{"provisioningState":"Succeeded","name":"cli000002"}}'
    headers:
      access-control-expose-headers:
      - Request-Context
      cache-control:
      - no-cache
      content-length:
      - '478'
      content-type:
      - application/json; charset=utf-8
      date:
      - Fri, 31 May 2019 16:17:59 GMT
      etag:
      - W/"datetime'2019-05-31T16%3A17%3A59.1864489Z'"
      expires:
      - '-1'
      pragma:
      - no-cache
      request-context:
      - appId=cid-v1:2c4cb680-0a1f-424d-bb8d-8e650ba68d53
      server:
      - Microsoft-IIS/10.0
      strict-transport-security:
      - max-age=31536000; includeSubDomains
      transfer-encoding:
      - chunked
      vary:
      - Accept-Encoding
      x-content-type-options:
      - nosniff
      x-ms-ratelimit-remaining-subscription-writes:
      - '1199'
      x-powered-by:
      - ASP.NET
    status:
      code: 200
      message: OK
- request:
    body: null
    headers:
      Accept:
      - application/json
      Accept-Encoding:
      - gzip, deflate
      CommandName:
      - group delete
      Connection:
      - keep-alive
      Content-Length:
      - '0'
      ParameterSetName:
      - --name --yes --no-wait
      User-Agent:
      - python/2.7.10 (Darwin-16.7.0-x86_64-i386-64bit) msrest/0.6.6 msrest_azure/0.4.34
        resourcemanagementclient/2.1.0 Azure-SDK-For-Python AZURECLI/2.0.56
      accept-language:
      - en-US
    method: DELETE
    uri: https://management.azure.com/subscriptions/00000000-0000-0000-0000-000000000000/resourcegroups/cli_tests_rg_000001?api-version=2018-05-01
  response:
    body:
      string: !!python/unicode ''
    headers:
      cache-control:
      - no-cache
      content-length:
      - '0'
      date:
      - Fri, 31 May 2019 16:18:04 GMT
      expires:
      - '-1'
      location:
      - https://management.azure.com/subscriptions/00000000-0000-0000-0000-000000000000/operationresults/eyJqb2JJZCI6IlJFU09VUkNFR1JPVVBERUxFVElPTkpPQi1DTEk6NUZURVNUUzo1RlJHOjVGQVBJQVVWWVJBN0IySkgzN0ZRVUdMWERZVE9GWHxEM0I0RjY0QjVCMTc3NzEzLVdFU1RVUyIsImpvYkxvY2F0aW9uIjoid2VzdHVzIn0?api-version=2018-05-01
      pragma:
      - no-cache
      strict-transport-security:
      - max-age=31536000; includeSubDomains
      x-content-type-options:
      - nosniff
      x-ms-ratelimit-remaining-subscription-deletes:
      - '14999'
    status:
      code: 202
      message: Accepted
version: 1
