interactions:
- request:
    body: '{"location": "eastus2"}'
    headers:
      Accept:
      - application/json
      Accept-Encoding:
      - gzip, deflate
      CommandName:
      - netappfiles account create
      Connection:
      - keep-alive
      Content-Length:
      - '23'
      Content-Type:
      - application/json
      ParameterSetName:
      - -g -a -l --key-source
      User-Agent:
      - AZURECLI/2.51.0 azsdk-python-mgmt-netapp/10.1.0 Python/3.10.10 (Windows-10-10.0.22621-SP0)
    method: PUT
    uri: https://management.azure.com/subscriptions/00000000-0000-0000-0000-000000000000/resourceGroups/cli_netappfiles_test_account_000001/providers/Microsoft.NetApp/netAppAccounts/cli-acc-000002?api-version=2022-11-01
  response:
    body:
      string: '{"id":"/subscriptions/00000000-0000-0000-0000-000000000000/resourceGroups/cli_netappfiles_test_account_000001/providers/Microsoft.NetApp/netAppAccounts/cli-acc-000002","name":"cli-acc-000002","type":"Microsoft.NetApp/netAppAccounts","etag":"W/\"datetime''2023-08-22T14%3A56%3A09.7420588Z''\"","location":"eastus2","tags":{"CreatedOnDate":"2023-08-22T14:56:08.7460427Z"},"properties":{"provisioningState":"Creating"},"systemData":{"createdBy":"c6c4faba-2b22-44d9-80a4-71ff5b71f811","createdByType":"Application","createdAt":"2023-08-22T14:56:09.1812633Z","lastModifiedBy":"c6c4faba-2b22-44d9-80a4-71ff5b71f811","lastModifiedByType":"Application","lastModifiedAt":"2023-08-22T14:56:09.1812633Z"}}'
    headers:
      azure-asyncoperation:
      - https://management.azure.com/subscriptions/00000000-0000-0000-0000-000000000000/providers/Microsoft.NetApp/locations/eastus2/operationResults/9b42ea87-ccfc-419e-a6ea-3073471dd4a7?api-version=2022-11-01
      cache-control:
      - no-cache
      content-length:
      - '692'
      content-type:
      - application/json; charset=utf-8
      date:
      - Tue, 22 Aug 2023 14:56:10 GMT
      etag:
      - W/"datetime'2023-08-22T14%3A56%3A09.7420588Z'"
      expires:
      - '-1'
      pragma:
      - no-cache
      strict-transport-security:
      - max-age=31536000; includeSubDomains
      x-cache:
      - CONFIG_NOCACHE
      x-content-type-options:
      - nosniff
      x-ms-ratelimit-remaining-subscription-writes:
      - '1199'
      x-msedge-ref:
      - 'Ref A: 19B557B19C8C4E37A27272A68F820324 Ref B: AMS231020615017 Ref C: 2023-08-22T14:56:08Z'
      x-powered-by:
      - ASP.NET
    status:
      code: 201
      message: Created
- request:
    body: null
    headers:
      Accept:
      - '*/*'
      Accept-Encoding:
      - gzip, deflate
      CommandName:
      - netappfiles account create
      Connection:
      - keep-alive
      ParameterSetName:
      - -g -a -l --key-source
      User-Agent:
      - AZURECLI/2.51.0 azsdk-python-mgmt-netapp/10.1.0 Python/3.10.10 (Windows-10-10.0.22621-SP0)
    method: GET
    uri: https://management.azure.com/subscriptions/00000000-0000-0000-0000-000000000000/providers/Microsoft.NetApp/locations/eastus2/operationResults/9b42ea87-ccfc-419e-a6ea-3073471dd4a7?api-version=2022-11-01
  response:
    body:
      string: '{"id":"/subscriptions/00000000-0000-0000-0000-000000000000/providers/Microsoft.NetApp/locations/eastus2/operationResults/9b42ea87-ccfc-419e-a6ea-3073471dd4a7","name":"9b42ea87-ccfc-419e-a6ea-3073471dd4a7","status":"Succeeded","startTime":"2023-08-22T14:56:09.7507313Z","endTime":"2023-08-22T14:56:09.8188421Z","percentComplete":100.0,"properties":{"resourceName":"/subscriptions/00000000-0000-0000-0000-000000000000/resourceGroups/cli_netappfiles_test_account_000001/providers/Microsoft.NetApp/netAppAccounts/cli-acc-000002","action":"CREATE"}}'
    headers:
      cache-control:
      - no-cache
      content-length:
      - '544'
      content-type:
      - application/json; charset=utf-8
      date:
      - Tue, 22 Aug 2023 14:56:10 GMT
      expires:
      - '-1'
      pragma:
      - no-cache
      strict-transport-security:
      - max-age=31536000; includeSubDomains
      x-cache:
      - CONFIG_NOCACHE
      x-content-type-options:
      - nosniff
      x-msedge-ref:
      - 'Ref A: A29126D2DEDB438E8FC0F00746387713 Ref B: AMS231020615017 Ref C: 2023-08-22T14:56:10Z'
      x-powered-by:
      - ASP.NET
    status:
      code: 200
      message: OK
- request:
    body: null
    headers:
      Accept:
      - '*/*'
      Accept-Encoding:
      - gzip, deflate
      CommandName:
      - netappfiles account create
      Connection:
      - keep-alive
      ParameterSetName:
      - -g -a -l --key-source
      User-Agent:
      - AZURECLI/2.51.0 azsdk-python-mgmt-netapp/10.1.0 Python/3.10.10 (Windows-10-10.0.22621-SP0)
    method: GET
    uri: https://management.azure.com/subscriptions/00000000-0000-0000-0000-000000000000/resourceGroups/cli_netappfiles_test_account_000001/providers/Microsoft.NetApp/netAppAccounts/cli-acc-000002?api-version=2022-11-01
  response:
    body:
      string: '{"id":"/subscriptions/00000000-0000-0000-0000-000000000000/resourceGroups/cli_netappfiles_test_account_000001/providers/Microsoft.NetApp/netAppAccounts/cli-acc-000002","name":"cli-acc-000002","type":"Microsoft.NetApp/netAppAccounts","etag":"W/\"datetime''2023-08-22T14%3A56%3A09.8001021Z''\"","location":"eastus2","tags":{"CreatedOnDate":"2023-08-22T14:56:08.7460427Z"},"properties":{"activeDirectories":[{"activeDirectoryId":"7f1ea496-b09a-e031-6635-44ef39dd38f2","username":"ad_user","password":"****************","domain":"northeurope","dns":"1.2.3.4","status":"Created","smbServerName":"SMBSERVER","organizationalUnit":"CN=Computers","kdcIP":"172.16.254.1","adName":"ad_name","aesEncryption":false,"ldapSigning":true,"ldapOverTLS":false,"allowLocalNfsUsersWithLdap":true,"encryptDCConnections":false,"ldapSearchScope":{}}],"encryption":{"keySource":"Microsoft.NetApp"},"provisioningState":"Succeeded"},"systemData":{"createdBy":"c6c4faba-2b22-44d9-80a4-71ff5b71f811","createdByType":"Application","createdAt":"2023-08-22T14:56:09.1812633Z","lastModifiedBy":"c6c4faba-2b22-44d9-80a4-71ff5b71f811","lastModifiedByType":"Application","lastModifiedAt":"2023-08-22T14:56:09.1812633Z"}}'
    headers:
      cache-control:
      - no-cache
      content-length:
      - '1182'
      content-type:
      - application/json; charset=utf-8
      date:
      - Tue, 22 Aug 2023 14:56:11 GMT
      etag:
      - W/"datetime'2023-08-22T14%3A56%3A09.8001021Z'"
      expires:
      - '-1'
      pragma:
      - no-cache
      strict-transport-security:
      - max-age=31536000; includeSubDomains
      x-cache:
      - CONFIG_NOCACHE
      x-content-type-options:
      - nosniff
      x-msedge-ref:
      - 'Ref A: DA13A76D70484D30AB01A9085E56E72A Ref B: AMS231020615017 Ref C: 2023-08-22T14:56:11Z'
      x-powered-by:
      - ASP.NET
    status:
      code: 200
      message: OK
- request:
    body: '{"location": "eastus2"}'
    headers:
      Accept:
      - application/json
      Accept-Encoding:
      - gzip, deflate
      CommandName:
      - netappfiles account create
      Connection:
      - keep-alive
      Content-Length:
      - '23'
      Content-Type:
      - application/json
      ParameterSetName:
      - -g -a -l
      User-Agent:
      - AZURECLI/2.51.0 azsdk-python-mgmt-netapp/10.1.0 Python/3.10.10 (Windows-10-10.0.22621-SP0)
    method: PUT
    uri: https://management.azure.com/subscriptions/00000000-0000-0000-0000-000000000000/resourceGroups/cli_netappfiles_test_account_000001/providers/Microsoft.NetApp/netAppAccounts/cli-acc-000003?api-version=2022-11-01
  response:
    body:
      string: '{"id":"/subscriptions/00000000-0000-0000-0000-000000000000/resourceGroups/cli_netappfiles_test_account_000001/providers/Microsoft.NetApp/netAppAccounts/cli-acc-000003","name":"cli-acc-000003","type":"Microsoft.NetApp/netAppAccounts","etag":"W/\"datetime''2023-08-22T14%3A56%3A13.8805819Z''\"","location":"eastus2","tags":{"CreatedOnDate":"2023-08-22T14:56:12.8935359Z"},"properties":{"provisioningState":"Creating"},"systemData":{"createdBy":"c6c4faba-2b22-44d9-80a4-71ff5b71f811","createdByType":"Application","createdAt":"2023-08-22T14:56:13.2744581Z","lastModifiedBy":"c6c4faba-2b22-44d9-80a4-71ff5b71f811","lastModifiedByType":"Application","lastModifiedAt":"2023-08-22T14:56:13.2744581Z"}}'
    headers:
      azure-asyncoperation:
      - https://management.azure.com/subscriptions/00000000-0000-0000-0000-000000000000/providers/Microsoft.NetApp/locations/eastus2/operationResults/2a2d1063-90e2-44f7-a98e-6d5d89b8156c?api-version=2022-11-01
      cache-control:
      - no-cache
      content-length:
      - '692'
      content-type:
      - application/json; charset=utf-8
      date:
      - Tue, 22 Aug 2023 14:56:15 GMT
      etag:
      - W/"datetime'2023-08-22T14%3A56%3A13.8805819Z'"
      expires:
      - '-1'
      pragma:
      - no-cache
      strict-transport-security:
      - max-age=31536000; includeSubDomains
      x-cache:
      - CONFIG_NOCACHE
      x-content-type-options:
      - nosniff
      x-ms-ratelimit-remaining-subscription-writes:
      - '1199'
      x-msedge-ref:
      - 'Ref A: 2FBEAF8589AF40F6B26714FD48A52835 Ref B: AMS231032609029 Ref C: 2023-08-22T14:56:12Z'
      x-powered-by:
      - ASP.NET
    status:
      code: 201
      message: Created
- request:
    body: null
    headers:
      Accept:
      - '*/*'
      Accept-Encoding:
      - gzip, deflate
      CommandName:
      - netappfiles account create
      Connection:
      - keep-alive
      ParameterSetName:
      - -g -a -l
      User-Agent:
      - AZURECLI/2.51.0 azsdk-python-mgmt-netapp/10.1.0 Python/3.10.10 (Windows-10-10.0.22621-SP0)
    method: GET
    uri: https://management.azure.com/subscriptions/00000000-0000-0000-0000-000000000000/providers/Microsoft.NetApp/locations/eastus2/operationResults/2a2d1063-90e2-44f7-a98e-6d5d89b8156c?api-version=2022-11-01
  response:
    body:
      string: '{"id":"/subscriptions/00000000-0000-0000-0000-000000000000/providers/Microsoft.NetApp/locations/eastus2/operationResults/2a2d1063-90e2-44f7-a98e-6d5d89b8156c","name":"2a2d1063-90e2-44f7-a98e-6d5d89b8156c","status":"Succeeded","startTime":"2023-08-22T14:56:13.8904518Z","endTime":"2023-08-22T14:56:13.9758505Z","percentComplete":100.0,"properties":{"resourceName":"/subscriptions/00000000-0000-0000-0000-000000000000/resourceGroups/cli_netappfiles_test_account_000001/providers/Microsoft.NetApp/netAppAccounts/cli-acc-000003","action":"CREATE"}}'
    headers:
      cache-control:
      - no-cache
      content-length:
      - '544'
      content-type:
      - application/json; charset=utf-8
      date:
      - Tue, 22 Aug 2023 14:56:15 GMT
      expires:
      - '-1'
      pragma:
      - no-cache
      strict-transport-security:
      - max-age=31536000; includeSubDomains
      x-cache:
      - CONFIG_NOCACHE
      x-content-type-options:
      - nosniff
      x-msedge-ref:
      - 'Ref A: 9A113FF19F4048C9B4AD23021CF2A6E5 Ref B: AMS231032609029 Ref C: 2023-08-22T14:56:15Z'
      x-powered-by:
      - ASP.NET
    status:
      code: 200
      message: OK
- request:
    body: null
    headers:
      Accept:
      - '*/*'
      Accept-Encoding:
      - gzip, deflate
      CommandName:
      - netappfiles account create
      Connection:
      - keep-alive
      ParameterSetName:
      - -g -a -l
      User-Agent:
      - AZURECLI/2.51.0 azsdk-python-mgmt-netapp/10.1.0 Python/3.10.10 (Windows-10-10.0.22621-SP0)
    method: GET
    uri: https://management.azure.com/subscriptions/00000000-0000-0000-0000-000000000000/resourceGroups/cli_netappfiles_test_account_000001/providers/Microsoft.NetApp/netAppAccounts/cli-acc-000003?api-version=2022-11-01
  response:
    body:
      string: '{"id":"/subscriptions/00000000-0000-0000-0000-000000000000/resourceGroups/cli_netappfiles_test_account_000001/providers/Microsoft.NetApp/netAppAccounts/cli-acc-000003","name":"cli-acc-000003","type":"Microsoft.NetApp/netAppAccounts","etag":"W/\"datetime''2023-08-22T14%3A56%3A13.9528643Z''\"","location":"eastus2","tags":{"CreatedOnDate":"2023-08-22T14:56:12.8935359Z"},"properties":{"activeDirectories":[{"activeDirectoryId":"7f1ea496-b09a-e031-6635-44ef39dd38f2","username":"ad_user","password":"****************","domain":"northeurope","dns":"1.2.3.4","status":"Created","smbServerName":"SMBSERVER","organizationalUnit":"CN=Computers","kdcIP":"172.16.254.1","adName":"ad_name","aesEncryption":false,"ldapSigning":true,"ldapOverTLS":false,"allowLocalNfsUsersWithLdap":true,"encryptDCConnections":false,"ldapSearchScope":{}}],"encryption":{"keySource":"Microsoft.NetApp"},"provisioningState":"Succeeded"},"systemData":{"createdBy":"c6c4faba-2b22-44d9-80a4-71ff5b71f811","createdByType":"Application","createdAt":"2023-08-22T14:56:13.2744581Z","lastModifiedBy":"c6c4faba-2b22-44d9-80a4-71ff5b71f811","lastModifiedByType":"Application","lastModifiedAt":"2023-08-22T14:56:13.2744581Z"}}'
    headers:
      cache-control:
      - no-cache
      content-length:
      - '1182'
      content-type:
      - application/json; charset=utf-8
      date:
      - Tue, 22 Aug 2023 14:56:16 GMT
      etag:
      - W/"datetime'2023-08-22T14%3A56%3A13.9528643Z'"
      expires:
      - '-1'
      pragma:
      - no-cache
      strict-transport-security:
      - max-age=31536000; includeSubDomains
      x-cache:
      - CONFIG_NOCACHE
      x-content-type-options:
      - nosniff
      x-msedge-ref:
      - 'Ref A: 0DF42B45417D41F8BBD0D6B1F35F5010 Ref B: AMS231032609029 Ref C: 2023-08-22T14:56:16Z'
      x-powered-by:
      - ASP.NET
    status:
      code: 200
      message: OK
- request:
    body: '{}'
    headers:
      Accept:
      - application/json
      Accept-Encoding:
      - gzip, deflate
      CommandName:
      - netappfiles account update
      Connection:
      - keep-alive
      Content-Length:
      - '2'
      Content-Type:
      - application/json
      ParameterSetName:
      - -g -a --encryption
      User-Agent:
      - AZURECLI/2.51.0 azsdk-python-mgmt-netapp/10.1.0 Python/3.10.10 (Windows-10-10.0.22621-SP0)
    method: PATCH
    uri: https://management.azure.com/subscriptions/00000000-0000-0000-0000-000000000000/resourceGroups/cli_netappfiles_test_account_000001/providers/Microsoft.NetApp/netAppAccounts/cli-acc-000003?api-version=2022-11-01
  response:
    body:
      string: '{"id":"/subscriptions/00000000-0000-0000-0000-000000000000/resourceGroups/cli_netappfiles_test_account_000001/providers/Microsoft.NetApp/netAppAccounts/cli-acc-000003","name":"cli-acc-000003","type":"Microsoft.NetApp/netAppAccounts","etag":"W/\"datetime''2023-08-22T14%3A56%3A18.9280146Z''\"","location":"eastus2","tags":{"CreatedOnDate":"2023-08-22T14:56:12.8935359Z"},"properties":{"provisioningState":"Succeeded","activeDirectories":[{"activeDirectoryId":"7f1ea496-b09a-e031-6635-44ef39dd38f2","username":"ad_user","password":"****************","domain":"northeurope","dns":"1.2.3.4","status":"Created","smbServerName":"SMBSERVER","organizationalUnit":"CN=Computers","kdcIP":"172.16.254.1","adName":"ad_name","aesEncryption":false,"ldapSigning":true,"ldapOverTLS":false,"allowLocalNfsUsersWithLdap":true,"encryptDCConnections":false,"ldapSearchScope":{}}],"encryption":{"keySource":"Microsoft.NetApp"}},"systemData":{"createdBy":"c6c4faba-2b22-44d9-80a4-71ff5b71f811","createdByType":"Application","createdAt":"2023-08-22T14:56:13.2744581Z","lastModifiedBy":"c6c4faba-2b22-44d9-80a4-71ff5b71f811","lastModifiedByType":"Application","lastModifiedAt":"2023-08-22T14:56:18.3351103Z"}}'
    headers:
      cache-control:
      - no-cache
      content-length:
      - '1182'
      content-type:
      - application/json; charset=utf-8
      date:
      - Tue, 22 Aug 2023 14:56:18 GMT
      etag:
      - W/"datetime'2023-08-22T14%3A56%3A18.9280146Z'"
      expires:
      - '-1'
      pragma:
      - no-cache
      strict-transport-security:
      - max-age=31536000; includeSubDomains
      x-cache:
      - CONFIG_NOCACHE
      x-content-type-options:
      - nosniff
      x-ms-ratelimit-remaining-subscription-writes:
      - '1199'
      x-msedge-ref:
      - 'Ref A: D1B5E36FBF354528B0892E11F25B433C Ref B: AMS231020512017 Ref C: 2023-08-22T14:56:17Z'
      x-powered-by:
      - ASP.NET
    status:
      code: 200
      message: OK
- request:
    body: null
    headers:
      Accept:
      - application/json
      Accept-Encoding:
      - gzip, deflate
      CommandName:
      - netappfiles account update
      Connection:
      - keep-alive
      ParameterSetName:
      - -g -a --encryption
      User-Agent:
      - AZURECLI/2.51.0 azsdk-python-mgmt-netapp/10.1.0 Python/3.10.10 (Windows-10-10.0.22621-SP0)
    method: GET
    uri: https://management.azure.com/subscriptions/00000000-0000-0000-0000-000000000000/resourceGroups/cli_netappfiles_test_account_000001/providers/Microsoft.NetApp/netAppAccounts/cli-acc-000003?api-version=2022-11-01
  response:
    body:
      string: '{"id":"/subscriptions/00000000-0000-0000-0000-000000000000/resourceGroups/cli_netappfiles_test_account_000001/providers/Microsoft.NetApp/netAppAccounts/cli-acc-000003","name":"cli-acc-000003","type":"Microsoft.NetApp/netAppAccounts","etag":"W/\"datetime''2023-08-22T14%3A56%3A18.9280146Z''\"","location":"eastus2","tags":{"CreatedOnDate":"2023-08-22T14:56:12.8935359Z"},"properties":{"provisioningState":"Succeeded","activeDirectories":[{"activeDirectoryId":"7f1ea496-b09a-e031-6635-44ef39dd38f2","username":"ad_user","password":"****************","domain":"northeurope","dns":"1.2.3.4","status":"Created","smbServerName":"SMBSERVER","organizationalUnit":"CN=Computers","kdcIP":"172.16.254.1","adName":"ad_name","aesEncryption":false,"ldapSigning":true,"ldapOverTLS":false,"allowLocalNfsUsersWithLdap":true,"encryptDCConnections":false,"ldapSearchScope":{}}],"encryption":{"keySource":"Microsoft.NetApp"}},"systemData":{"createdBy":"c6c4faba-2b22-44d9-80a4-71ff5b71f811","createdByType":"Application","createdAt":"2023-08-22T14:56:13.2744581Z","lastModifiedBy":"c6c4faba-2b22-44d9-80a4-71ff5b71f811","lastModifiedByType":"Application","lastModifiedAt":"2023-08-22T14:56:18.3351103Z"}}'
    headers:
      cache-control:
      - no-cache
      content-length:
      - '1182'
      content-type:
      - application/json; charset=utf-8
      date:
      - Tue, 22 Aug 2023 14:56:19 GMT
      etag:
      - W/"datetime'2023-08-22T14%3A56%3A18.9280146Z'"
      expires:
      - '-1'
      pragma:
      - no-cache
      strict-transport-security:
      - max-age=31536000; includeSubDomains
      x-cache:
      - CONFIG_NOCACHE
      x-content-type-options:
      - nosniff
      x-msedge-ref:
      - 'Ref A: 80D72A1CD3EF47EEB7BA09B70796E9DE Ref B: AMS231020512017 Ref C: 2023-08-22T14:56:19Z'
      x-powered-by:
      - ASP.NET
    status:
      code: 200
      message: OK
version: 1
