interactions:
- request:
    body: '{"location": "westus2"}'
    headers:
      Accept:
      - application/json
      Accept-Encoding:
      - gzip, deflate
      CommandName:
      - netappfiles account create
      Connection:
      - keep-alive
      Content-Length:
      - '23'
      Content-Type:
      - application/json; charset=utf-8
      ParameterSetName:
      - -g -a -l
      User-Agent:
      - python/3.6.8 (Windows-10-10.0.19041-SP0) msrest/0.6.18 msrest_azure/0.6.3
        azure-mgmt-netapp/0.12.0 Azure-SDK-For-Python AZURECLI/2.11.1
      accept-language:
      - en-US
    method: PUT
    uri: https://management.azure.com/subscriptions/00000000-0000-0000-0000-000000000000/resourceGroups/cli_netappfiles_test_pool_000001/providers/Microsoft.NetApp/netAppAccounts/cli000002?api-version=2020-02-01
  response:
    body:
      string: '{"id":"/subscriptions/00000000-0000-0000-0000-000000000000/resourceGroups/cli_netappfiles_test_pool_000001/providers/Microsoft.NetApp/netAppAccounts/cli000002","name":"cli000002","type":"Microsoft.NetApp/netAppAccounts","etag":"W/\"datetime''2020-09-04T15%3A07%3A00.3463189Z''\"","location":"westus2","properties":{"provisioningState":"Creating"}}'
    headers:
      access-control-expose-headers:
      - Request-Context
      azure-asyncoperation:
      - https://management.azure.com/subscriptions/00000000-0000-0000-0000-000000000000/providers/Microsoft.NetApp/locations/westus2/operationResults/c7b5a655-8b82-431a-add6-6b4b6d5cf06c?api-version=2020-02-01
      cache-control:
      - no-cache
      content-length:
      - '418'
      content-type:
      - application/json; charset=utf-8
      date:
      - Fri, 04 Sep 2020 15:07:01 GMT
      etag:
      - W/"datetime'2020-09-04T15%3A07%3A00.3463189Z'"
      expires:
      - '-1'
      pragma:
      - no-cache
      request-context:
      - appId=cid-v1:2c4cb680-0a1f-424d-bb8d-8e650ba68d53
      server:
      - Microsoft-IIS/10.0
      strict-transport-security:
      - max-age=31536000; includeSubDomains
      x-content-type-options:
      - nosniff
      x-ms-ratelimit-remaining-subscription-writes:
      - '1177'
      x-powered-by:
      - ASP.NET
    status:
      code: 201
      message: Created
- request:
    body: null
    headers:
      Accept:
      - application/json
      Accept-Encoding:
      - gzip, deflate
      CommandName:
      - netappfiles account create
      Connection:
      - keep-alive
      ParameterSetName:
      - -g -a -l
      User-Agent:
      - python/3.6.8 (Windows-10-10.0.19041-SP0) msrest/0.6.18 msrest_azure/0.6.3
        azure-mgmt-netapp/0.12.0 Azure-SDK-For-Python AZURECLI/2.11.1
    method: GET
    uri: https://management.azure.com/subscriptions/00000000-0000-0000-0000-000000000000/providers/Microsoft.NetApp/locations/westus2/operationResults/c7b5a655-8b82-431a-add6-6b4b6d5cf06c?api-version=2020-02-01
  response:
    body:
      string: '{"id":"/subscriptions/00000000-0000-0000-0000-000000000000/providers/Microsoft.NetApp/locations/westus2/operationResults/c7b5a655-8b82-431a-add6-6b4b6d5cf06c","name":"c7b5a655-8b82-431a-add6-6b4b6d5cf06c","status":"Succeeded","startTime":"2020-09-04T15:07:00.2743022Z","endTime":"2020-09-04T15:07:00.430563Z","percentComplete":100.0,"properties":{"resourceName":"/subscriptions/00000000-0000-0000-0000-000000000000/resourceGroups/cli_netappfiles_test_pool_000001/providers/Microsoft.NetApp/netAppAccounts/cli000002"}}'
    headers:
      access-control-expose-headers:
      - Request-Context
      cache-control:
      - no-cache
      content-length:
      - '575'
      content-type:
      - application/json; charset=utf-8
      date:
      - Fri, 04 Sep 2020 15:07:33 GMT
      expires:
      - '-1'
      pragma:
      - no-cache
      request-context:
      - appId=cid-v1:2c4cb680-0a1f-424d-bb8d-8e650ba68d53
      server:
      - Microsoft-IIS/10.0
      strict-transport-security:
      - max-age=31536000; includeSubDomains
      transfer-encoding:
      - chunked
      vary:
      - Accept-Encoding
      x-content-type-options:
      - nosniff
      x-powered-by:
      - ASP.NET
    status:
      code: 200
      message: OK
- request:
    body: null
    headers:
      Accept:
      - application/json
      Accept-Encoding:
      - gzip, deflate
      CommandName:
      - netappfiles account create
      Connection:
      - keep-alive
      ParameterSetName:
      - -g -a -l
      User-Agent:
      - python/3.6.8 (Windows-10-10.0.19041-SP0) msrest/0.6.18 msrest_azure/0.6.3
        azure-mgmt-netapp/0.12.0 Azure-SDK-For-Python AZURECLI/2.11.1
    method: GET
    uri: https://management.azure.com/subscriptions/00000000-0000-0000-0000-000000000000/resourceGroups/cli_netappfiles_test_pool_000001/providers/Microsoft.NetApp/netAppAccounts/cli000002?api-version=2020-02-01
  response:
    body:
      string: '{"id":"/subscriptions/00000000-0000-0000-0000-000000000000/resourceGroups/cli_netappfiles_test_pool_000001/providers/Microsoft.NetApp/netAppAccounts/cli000002","name":"cli000002","type":"Microsoft.NetApp/netAppAccounts","etag":"W/\"datetime''2020-09-04T15%3A07%3A00.4213724Z''\"","location":"westus2","properties":{"provisioningState":"Succeeded"}}'
    headers:
      access-control-expose-headers:
      - Request-Context
      cache-control:
      - no-cache
      content-length:
      - '419'
      content-type:
      - application/json; charset=utf-8
      date:
      - Fri, 04 Sep 2020 15:07:33 GMT
      etag:
      - W/"datetime'2020-09-04T15%3A07%3A00.4213724Z'"
      expires:
      - '-1'
      pragma:
      - no-cache
      request-context:
      - appId=cid-v1:2c4cb680-0a1f-424d-bb8d-8e650ba68d53
      server:
      - Microsoft-IIS/10.0
      strict-transport-security:
      - max-age=31536000; includeSubDomains
      transfer-encoding:
      - chunked
      vary:
      - Accept-Encoding
      x-content-type-options:
      - nosniff
      x-powered-by:
      - ASP.NET
    status:
      code: 200
      message: OK
- request:
    body: '{"location": "westus2", "tags": {"Tag1": "Value1"}, "properties": {"size":
      4398046511104, "serviceLevel": "Premium"}}'
    headers:
      Accept:
      - application/json
      Accept-Encoding:
      - gzip, deflate
      CommandName:
      - netappfiles pool create
      Connection:
      - keep-alive
      Content-Length:
      - '117'
      Content-Type:
      - application/json; charset=utf-8
      ParameterSetName:
      - -g -a -p -l --service-level --size --tags
      User-Agent:
      - python/3.6.8 (Windows-10-10.0.19041-SP0) msrest/0.6.18 msrest_azure/0.6.3
        azure-mgmt-netapp/0.12.0 Azure-SDK-For-Python AZURECLI/2.11.1
      accept-language:
      - en-US
    method: PUT
    uri: https://management.azure.com/subscriptions/00000000-0000-0000-0000-000000000000/resourceGroups/cli_netappfiles_test_pool_000001/providers/Microsoft.NetApp/netAppAccounts/cli000002/capacityPools/cli000003?api-version=2020-02-01
  response:
    body:
      string: '{"id":"/subscriptions/00000000-0000-0000-0000-000000000000/resourceGroups/cli_netappfiles_test_pool_000001/providers/Microsoft.NetApp/netAppAccounts/cli000002/capacityPools/cli000003","name":"cli000002/cli000003","type":"Microsoft.NetApp/netAppAccounts/capacityPools","etag":"W/\"datetime''2020-09-04T15%3A07%3A40.3668866Z''\"","location":"westus2","tags":{"Tag1":"Value1"},"properties":{"serviceLevel":"Premium","size":4398046511104,"provisioningState":"Creating"}}'
    headers:
      access-control-expose-headers:
      - Request-Context
      azure-asyncoperation:
      - https://management.azure.com/subscriptions/00000000-0000-0000-0000-000000000000/providers/Microsoft.NetApp/locations/westus2/operationResults/1a44fd4f-2c7b-43aa-8a13-be4487e6ad3c?api-version=2020-02-01
      cache-control:
      - no-cache
      content-length:
      - '567'
      content-type:
      - application/json; charset=utf-8
      date:
      - Fri, 04 Sep 2020 15:07:40 GMT
      etag:
      - W/"datetime'2020-09-04T15%3A07%3A40.3668866Z'"
      expires:
      - '-1'
      pragma:
      - no-cache
      request-context:
      - appId=cid-v1:2c4cb680-0a1f-424d-bb8d-8e650ba68d53
      server:
      - Microsoft-IIS/10.0
      strict-transport-security:
      - max-age=31536000; includeSubDomains
      x-content-type-options:
      - nosniff
      x-ms-ratelimit-remaining-subscription-writes:
      - '1180'
      x-powered-by:
      - ASP.NET
    status:
      code: 201
      message: Created
- request:
    body: null
    headers:
      Accept:
      - application/json
      Accept-Encoding:
      - gzip, deflate
      CommandName:
      - netappfiles pool create
      Connection:
      - keep-alive
      ParameterSetName:
      - -g -a -p -l --service-level --size --tags
      User-Agent:
      - python/3.6.8 (Windows-10-10.0.19041-SP0) msrest/0.6.18 msrest_azure/0.6.3
        azure-mgmt-netapp/0.12.0 Azure-SDK-For-Python AZURECLI/2.11.1
    method: GET
    uri: https://management.azure.com/subscriptions/00000000-0000-0000-0000-000000000000/providers/Microsoft.NetApp/locations/westus2/operationResults/1a44fd4f-2c7b-43aa-8a13-be4487e6ad3c?api-version=2020-02-01
  response:
    body:
      string: '{"id":"/subscriptions/00000000-0000-0000-0000-000000000000/providers/Microsoft.NetApp/locations/westus2/operationResults/1a44fd4f-2c7b-43aa-8a13-be4487e6ad3c","name":"1a44fd4f-2c7b-43aa-8a13-be4487e6ad3c","status":"Succeeded","startTime":"2020-09-04T15:07:40.2578997Z","endTime":"2020-09-04T15:07:40.5548624Z","percentComplete":100.0,"properties":{"resourceName":"/subscriptions/00000000-0000-0000-0000-000000000000/resourceGroups/cli_netappfiles_test_pool_000001/providers/Microsoft.NetApp/netAppAccounts/cli000002/capacityPools/cli000003"}}'
    headers:
      access-control-expose-headers:
      - Request-Context
      cache-control:
      - no-cache
      content-length:
      - '615'
      content-type:
      - application/json; charset=utf-8
      date:
      - Fri, 04 Sep 2020 15:08:12 GMT
      expires:
      - '-1'
      pragma:
      - no-cache
      request-context:
      - appId=cid-v1:2c4cb680-0a1f-424d-bb8d-8e650ba68d53
      server:
      - Microsoft-IIS/10.0
      strict-transport-security:
      - max-age=31536000; includeSubDomains
      transfer-encoding:
      - chunked
      vary:
      - Accept-Encoding
      x-content-type-options:
      - nosniff
      x-powered-by:
      - ASP.NET
    status:
      code: 200
      message: OK
- request:
    body: null
    headers:
      Accept:
      - application/json
      Accept-Encoding:
      - gzip, deflate
      CommandName:
      - netappfiles pool create
      Connection:
      - keep-alive
      ParameterSetName:
      - -g -a -p -l --service-level --size --tags
      User-Agent:
      - python/3.6.8 (Windows-10-10.0.19041-SP0) msrest/0.6.18 msrest_azure/0.6.3
        azure-mgmt-netapp/0.12.0 Azure-SDK-For-Python AZURECLI/2.11.1
    method: GET
    uri: https://management.azure.com/subscriptions/00000000-0000-0000-0000-000000000000/resourceGroups/cli_netappfiles_test_pool_000001/providers/Microsoft.NetApp/netAppAccounts/cli000002/capacityPools/cli000003?api-version=2020-02-01
  response:
    body:
      string: '{"id":"/subscriptions/00000000-0000-0000-0000-000000000000/resourceGroups/cli_netappfiles_test_pool_000001/providers/Microsoft.NetApp/netAppAccounts/cli000002/capacityPools/cli000003","name":"cli000002/cli000003","type":"Microsoft.NetApp/netAppAccounts/capacityPools","etag":"W/\"datetime''2020-09-04T15%3A07%3A40.5590237Z''\"","location":"westus2","tags":{"Tag1":"Value1"},"properties":{"poolId":"51802453-4810-06c7-86c9-f3e01f0ca94a","serviceLevel":"Premium","size":4398046511104,"provisioningState":"Succeeded"}}'
    headers:
      access-control-expose-headers:
      - Request-Context
      cache-control:
      - no-cache
      content-length:
      - '616'
      content-type:
      - application/json; charset=utf-8
      date:
      - Fri, 04 Sep 2020 15:08:13 GMT
      etag:
      - W/"datetime'2020-09-04T15%3A07%3A40.5590237Z'"
      expires:
      - '-1'
      pragma:
      - no-cache
      request-context:
      - appId=cid-v1:2c4cb680-0a1f-424d-bb8d-8e650ba68d53
      server:
      - Microsoft-IIS/10.0
      strict-transport-security:
      - max-age=31536000; includeSubDomains
      transfer-encoding:
      - chunked
      vary:
      - Accept-Encoding
      x-content-type-options:
      - nosniff
      x-powered-by:
      - ASP.NET
    status:
      code: 200
      message: OK
- request:
    body: '{"location": "westus2", "tags": {"Tag1": "Value1"}, "properties": {"size":
      4398046511104, "serviceLevel": "Premium"}}'
    headers:
      Accept:
      - application/json
      Accept-Encoding:
      - gzip, deflate
      CommandName:
      - netappfiles pool create
      Connection:
      - keep-alive
      Content-Length:
      - '117'
      Content-Type:
      - application/json; charset=utf-8
      ParameterSetName:
      - -g -a -p -l --service-level --size --tags
      User-Agent:
      - python/3.6.8 (Windows-10-10.0.19041-SP0) msrest/0.6.18 msrest_azure/0.6.3
        azure-mgmt-netapp/0.12.0 Azure-SDK-For-Python AZURECLI/2.11.1
      accept-language:
      - en-US
    method: PUT
    uri: https://management.azure.com/subscriptions/00000000-0000-0000-0000-000000000000/resourceGroups/cli_netappfiles_test_pool_000001/providers/Microsoft.NetApp/netAppAccounts/cli000002/capacityPools/cli000004?api-version=2020-02-01
  response:
    body:
      string: '{"id":"/subscriptions/00000000-0000-0000-0000-000000000000/resourceGroups/cli_netappfiles_test_pool_000001/providers/Microsoft.NetApp/netAppAccounts/cli000002/capacityPools/cli000004","name":"cli000002/cli000004","type":"Microsoft.NetApp/netAppAccounts/capacityPools","etag":"W/\"datetime''2020-09-04T15%3A08%3A20.5595779Z''\"","location":"westus2","tags":{"Tag1":"Value1"},"properties":{"serviceLevel":"Premium","size":4398046511104,"provisioningState":"Creating"}}'
    headers:
      access-control-expose-headers:
      - Request-Context
      azure-asyncoperation:
      - https://management.azure.com/subscriptions/00000000-0000-0000-0000-000000000000/providers/Microsoft.NetApp/locations/westus2/operationResults/050fe199-c0d5-412a-b17d-c18d49b78392?api-version=2020-02-01
      cache-control:
      - no-cache
      content-length:
      - '567'
      content-type:
      - application/json; charset=utf-8
      date:
      - Fri, 04 Sep 2020 15:08:21 GMT
      etag:
      - W/"datetime'2020-09-04T15%3A08%3A20.5595779Z'"
      expires:
      - '-1'
      pragma:
      - no-cache
      request-context:
      - appId=cid-v1:2c4cb680-0a1f-424d-bb8d-8e650ba68d53
      server:
      - Microsoft-IIS/10.0
      strict-transport-security:
      - max-age=31536000; includeSubDomains
      x-content-type-options:
      - nosniff
      x-ms-ratelimit-remaining-subscription-writes:
      - '1177'
      x-powered-by:
      - ASP.NET
    status:
      code: 201
      message: Created
- request:
    body: null
    headers:
      Accept:
      - application/json
      Accept-Encoding:
      - gzip, deflate
      CommandName:
      - netappfiles pool create
      Connection:
      - keep-alive
      ParameterSetName:
      - -g -a -p -l --service-level --size --tags
      User-Agent:
      - python/3.6.8 (Windows-10-10.0.19041-SP0) msrest/0.6.18 msrest_azure/0.6.3
        azure-mgmt-netapp/0.12.0 Azure-SDK-For-Python AZURECLI/2.11.1
    method: GET
    uri: https://management.azure.com/subscriptions/00000000-0000-0000-0000-000000000000/providers/Microsoft.NetApp/locations/westus2/operationResults/050fe199-c0d5-412a-b17d-c18d49b78392?api-version=2020-02-01
  response:
    body:
      string: '{"id":"/subscriptions/00000000-0000-0000-0000-000000000000/providers/Microsoft.NetApp/locations/westus2/operationResults/050fe199-c0d5-412a-b17d-c18d49b78392","name":"050fe199-c0d5-412a-b17d-c18d49b78392","status":"Succeeded","startTime":"2020-09-04T15:08:20.508156Z","endTime":"2020-09-04T15:08:20.8272326Z","percentComplete":100.0,"properties":{"resourceName":"/subscriptions/00000000-0000-0000-0000-000000000000/resourceGroups/cli_netappfiles_test_pool_000001/providers/Microsoft.NetApp/netAppAccounts/cli000002/capacityPools/cli000004"}}'
    headers:
      access-control-expose-headers:
      - Request-Context
      cache-control:
      - no-cache
      content-length:
      - '614'
      content-type:
      - application/json; charset=utf-8
      date:
      - Fri, 04 Sep 2020 15:08:52 GMT
      expires:
      - '-1'
      pragma:
      - no-cache
      request-context:
      - appId=cid-v1:2c4cb680-0a1f-424d-bb8d-8e650ba68d53
      server:
      - Microsoft-IIS/10.0
      strict-transport-security:
      - max-age=31536000; includeSubDomains
      transfer-encoding:
      - chunked
      vary:
      - Accept-Encoding
      x-content-type-options:
      - nosniff
      x-powered-by:
      - ASP.NET
    status:
      code: 200
      message: OK
- request:
    body: null
    headers:
      Accept:
      - application/json
      Accept-Encoding:
      - gzip, deflate
      CommandName:
      - netappfiles pool create
      Connection:
      - keep-alive
      ParameterSetName:
      - -g -a -p -l --service-level --size --tags
      User-Agent:
      - python/3.6.8 (Windows-10-10.0.19041-SP0) msrest/0.6.18 msrest_azure/0.6.3
        azure-mgmt-netapp/0.12.0 Azure-SDK-For-Python AZURECLI/2.11.1
    method: GET
    uri: https://management.azure.com/subscriptions/00000000-0000-0000-0000-000000000000/resourceGroups/cli_netappfiles_test_pool_000001/providers/Microsoft.NetApp/netAppAccounts/cli000002/capacityPools/cli000004?api-version=2020-02-01
  response:
    body:
      string: '{"id":"/subscriptions/00000000-0000-0000-0000-000000000000/resourceGroups/cli_netappfiles_test_pool_000001/providers/Microsoft.NetApp/netAppAccounts/cli000002/capacityPools/cli000004","name":"cli000002/cli000004","type":"Microsoft.NetApp/netAppAccounts/capacityPools","etag":"W/\"datetime''2020-09-04T15%3A08%3A20.8177622Z''\"","location":"westus2","tags":{"Tag1":"Value1"},"properties":{"poolId":"ff21b7c8-09e9-42f4-d213-f66777e15f58","serviceLevel":"Premium","size":4398046511104,"provisioningState":"Succeeded"}}'
    headers:
      access-control-expose-headers:
      - Request-Context
      cache-control:
      - no-cache
      content-length:
      - '616'
      content-type:
      - application/json; charset=utf-8
      date:
      - Fri, 04 Sep 2020 15:08:53 GMT
      etag:
      - W/"datetime'2020-09-04T15%3A08%3A20.8177622Z'"
      expires:
      - '-1'
      pragma:
      - no-cache
      request-context:
      - appId=cid-v1:2c4cb680-0a1f-424d-bb8d-8e650ba68d53
      server:
      - Microsoft-IIS/10.0
      strict-transport-security:
      - max-age=31536000; includeSubDomains
      transfer-encoding:
      - chunked
      vary:
      - Accept-Encoding
      x-content-type-options:
      - nosniff
      x-powered-by:
      - ASP.NET
    status:
      code: 200
      message: OK
- request:
    body: null
    headers:
      Accept:
      - application/json
      Accept-Encoding:
      - gzip, deflate
      CommandName:
      - netappfiles pool list
      Connection:
      - keep-alive
      ParameterSetName:
      - -g -a
      User-Agent:
      - python/3.6.8 (Windows-10-10.0.19041-SP0) msrest/0.6.18 msrest_azure/0.6.3
        azure-mgmt-netapp/0.12.0 Azure-SDK-For-Python AZURECLI/2.11.1
      accept-language:
      - en-US
    method: GET
    uri: https://management.azure.com/subscriptions/00000000-0000-0000-0000-000000000000/resourceGroups/cli_netappfiles_test_pool_000001/providers/Microsoft.NetApp/netAppAccounts/cli000002/capacityPools?api-version=2020-02-01
  response:
    body:
      string: '{"value":[{"id":"/subscriptions/00000000-0000-0000-0000-000000000000/resourceGroups/cli_netappfiles_test_pool_000001/providers/Microsoft.NetApp/netAppAccounts/cli000002/capacityPools/cli000003","name":"cli000002/cli000003","type":"Microsoft.NetApp/netAppAccounts/capacityPools","etag":"W/\"datetime''2020-09-04T15%3A07%3A40.5590237Z''\"","location":"westus2","tags":{"Tag1":"Value1"},"properties":{"poolId":"51802453-4810-06c7-86c9-f3e01f0ca94a","serviceLevel":"Premium","size":4398046511104,"provisioningState":"Succeeded"}},{"id":"/subscriptions/00000000-0000-0000-0000-000000000000/resourceGroups/cli_netappfiles_test_pool_000001/providers/Microsoft.NetApp/netAppAccounts/cli000002/capacityPools/cli000004","name":"cli000002/cli000004","type":"Microsoft.NetApp/netAppAccounts/capacityPools","etag":"W/\"datetime''2020-09-04T15%3A08%3A20.8177622Z''\"","location":"westus2","tags":{"Tag1":"Value1"},"properties":{"poolId":"ff21b7c8-09e9-42f4-d213-f66777e15f58","serviceLevel":"Premium","size":4398046511104,"provisioningState":"Succeeded"}}]}'
    headers:
      access-control-expose-headers:
      - Request-Context
      cache-control:
      - no-cache
      content-length:
      - '1245'
      content-type:
      - application/json; charset=utf-8
      date:
      - Fri, 04 Sep 2020 15:08:56 GMT
      expires:
      - '-1'
      pragma:
      - no-cache
      request-context:
      - appId=cid-v1:2c4cb680-0a1f-424d-bb8d-8e650ba68d53
      server:
      - Microsoft-IIS/10.0
      strict-transport-security:
      - max-age=31536000; includeSubDomains
      transfer-encoding:
      - chunked
      vary:
      - Accept-Encoding
      x-content-type-options:
      - nosniff
      x-powered-by:
      - ASP.NET
    status:
      code: 200
      message: OK
- request:
    body: null
    headers:
      Accept:
      - application/json
      Accept-Encoding:
      - gzip, deflate
      CommandName:
      - netappfiles pool delete
      Connection:
      - keep-alive
      Content-Length:
      - '0'
      ParameterSetName:
      - -g -a -p
      User-Agent:
      - python/3.6.8 (Windows-10-10.0.19041-SP0) msrest/0.6.18 msrest_azure/0.6.3
        azure-mgmt-netapp/0.12.0 Azure-SDK-For-Python AZURECLI/2.11.1
      accept-language:
      - en-US
    method: DELETE
    uri: https://management.azure.com/subscriptions/00000000-0000-0000-0000-000000000000/resourceGroups/cli_netappfiles_test_pool_000001/providers/Microsoft.NetApp/netAppAccounts/cli000002/capacityPools/cli000003?api-version=2020-02-01
  response:
    body:
      string: ''
    headers:
      access-control-expose-headers:
      - Request-Context
      azure-asyncoperation:
      - https://management.azure.com/subscriptions/00000000-0000-0000-0000-000000000000/providers/Microsoft.NetApp/locations/westus2/operationResults/5d2f1f3d-82d0-4efe-a6b9-3f03607cdd6e?api-version=2020-02-01
      cache-control:
      - no-cache
      content-length:
      - '0'
      date:
      - Fri, 04 Sep 2020 15:08:59 GMT
      expires:
      - '-1'
      location:
      - https://management.azure.com/subscriptions/00000000-0000-0000-0000-000000000000/providers/Microsoft.NetApp/locations/westus2/operationResults/5d2f1f3d-82d0-4efe-a6b9-3f03607cdd6e?api-version=2020-02-01&operationResultResponseType=Location
      pragma:
      - no-cache
      request-context:
      - appId=cid-v1:2c4cb680-0a1f-424d-bb8d-8e650ba68d53
      server:
      - Microsoft-IIS/10.0
      strict-transport-security:
      - max-age=31536000; includeSubDomains
      x-content-type-options:
      - nosniff
      x-ms-ratelimit-remaining-subscription-deletes:
      - '14995'
      x-powered-by:
      - ASP.NET
    status:
      code: 202
      message: Accepted
- request:
    body: null
    headers:
      Accept:
      - application/json
      Accept-Encoding:
      - gzip, deflate
      CommandName:
      - netappfiles pool delete
      Connection:
      - keep-alive
      ParameterSetName:
      - -g -a -p
      User-Agent:
      - python/3.6.8 (Windows-10-10.0.19041-SP0) msrest/0.6.18 msrest_azure/0.6.3
        azure-mgmt-netapp/0.12.0 Azure-SDK-For-Python AZURECLI/2.11.1
    method: GET
    uri: https://management.azure.com/subscriptions/00000000-0000-0000-0000-000000000000/providers/Microsoft.NetApp/locations/westus2/operationResults/5d2f1f3d-82d0-4efe-a6b9-3f03607cdd6e?api-version=2020-02-01
  response:
    body:
      string: '{"id":"/subscriptions/00000000-0000-0000-0000-000000000000/providers/Microsoft.NetApp/locations/westus2/operationResults/5d2f1f3d-82d0-4efe-a6b9-3f03607cdd6e","name":"5d2f1f3d-82d0-4efe-a6b9-3f03607cdd6e","status":"Succeeded","startTime":"2020-09-04T15:08:59.2063389Z","endTime":"2020-09-04T15:08:59.3781522Z","percentComplete":100.0,"properties":{"resourceName":"/subscriptions/00000000-0000-0000-0000-000000000000/resourceGroups/cli_netappfiles_test_pool_000001/providers/Microsoft.NetApp/netAppAccounts/cli000002/capacityPools/cli000003"}}'
    headers:
      access-control-expose-headers:
      - Request-Context
      cache-control:
      - no-cache
      content-length:
      - '615'
      content-type:
      - application/json; charset=utf-8
      date:
      - Fri, 04 Sep 2020 15:09:30 GMT
      expires:
      - '-1'
      pragma:
      - no-cache
      request-context:
      - appId=cid-v1:2c4cb680-0a1f-424d-bb8d-8e650ba68d53
      server:
      - Microsoft-IIS/10.0
      strict-transport-security:
      - max-age=31536000; includeSubDomains
      transfer-encoding:
      - chunked
      vary:
      - Accept-Encoding
      x-content-type-options:
      - nosniff
      x-powered-by:
      - ASP.NET
    status:
      code: 200
      message: OK
- request:
    body: null
    headers:
      Accept:
      - application/json
      Accept-Encoding:
      - gzip, deflate
      CommandName:
      - netappfiles pool delete
      Connection:
      - keep-alive
      Content-Length:
      - '0'
      ParameterSetName:
      - -g -a -p
      User-Agent:
      - python/3.6.8 (Windows-10-10.0.19041-SP0) msrest/0.6.18 msrest_azure/0.6.3
        azure-mgmt-netapp/0.12.0 Azure-SDK-For-Python AZURECLI/2.11.1
      accept-language:
      - en-US
    method: DELETE
    uri: https://management.azure.com/subscriptions/00000000-0000-0000-0000-000000000000/resourceGroups/cli_netappfiles_test_pool_000001/providers/Microsoft.NetApp/netAppAccounts/cli000002/capacityPools/cli000004?api-version=2020-02-01
  response:
    body:
      string: ''
    headers:
      access-control-expose-headers:
      - Request-Context
      azure-asyncoperation:
      - https://management.azure.com/subscriptions/00000000-0000-0000-0000-000000000000/providers/Microsoft.NetApp/locations/westus2/operationResults/990aba22-03df-4597-b87d-4e3385d887bd?api-version=2020-02-01
      cache-control:
      - no-cache
      content-length:
      - '0'
      date:
      - Fri, 04 Sep 2020 15:09:33 GMT
      expires:
      - '-1'
      location:
      - https://management.azure.com/subscriptions/00000000-0000-0000-0000-000000000000/providers/Microsoft.NetApp/locations/westus2/operationResults/990aba22-03df-4597-b87d-4e3385d887bd?api-version=2020-02-01&operationResultResponseType=Location
      pragma:
      - no-cache
      request-context:
      - appId=cid-v1:2c4cb680-0a1f-424d-bb8d-8e650ba68d53
      server:
      - Microsoft-IIS/10.0
      strict-transport-security:
      - max-age=31536000; includeSubDomains
      x-content-type-options:
      - nosniff
      x-ms-ratelimit-remaining-subscription-deletes:
      - '14992'
      x-powered-by:
      - ASP.NET
    status:
      code: 202
      message: Accepted
- request:
    body: null
    headers:
      Accept:
      - application/json
      Accept-Encoding:
      - gzip, deflate
      CommandName:
      - netappfiles pool delete
      Connection:
      - keep-alive
      ParameterSetName:
      - -g -a -p
      User-Agent:
      - python/3.6.8 (Windows-10-10.0.19041-SP0) msrest/0.6.18 msrest_azure/0.6.3
        azure-mgmt-netapp/0.12.0 Azure-SDK-For-Python AZURECLI/2.11.1
    method: GET
    uri: https://management.azure.com/subscriptions/00000000-0000-0000-0000-000000000000/providers/Microsoft.NetApp/locations/westus2/operationResults/990aba22-03df-4597-b87d-4e3385d887bd?api-version=2020-02-01
  response:
    body:
      string: '{"id":"/subscriptions/00000000-0000-0000-0000-000000000000/providers/Microsoft.NetApp/locations/westus2/operationResults/990aba22-03df-4597-b87d-4e3385d887bd","name":"990aba22-03df-4597-b87d-4e3385d887bd","status":"Succeeded","startTime":"2020-09-04T15:09:33.9866909Z","endTime":"2020-09-04T15:09:34.2054451Z","percentComplete":100.0,"properties":{"resourceName":"/subscriptions/00000000-0000-0000-0000-000000000000/resourceGroups/cli_netappfiles_test_pool_000001/providers/Microsoft.NetApp/netAppAccounts/cli000002/capacityPools/cli000004"}}'
    headers:
      access-control-expose-headers:
      - Request-Context
      cache-control:
      - no-cache
      content-length:
      - '615'
      content-type:
      - application/json; charset=utf-8
      date:
      - Fri, 04 Sep 2020 15:10:05 GMT
      expires:
      - '-1'
      pragma:
      - no-cache
      request-context:
      - appId=cid-v1:2c4cb680-0a1f-424d-bb8d-8e650ba68d53
      server:
      - Microsoft-IIS/10.0
      strict-transport-security:
      - max-age=31536000; includeSubDomains
      transfer-encoding:
      - chunked
      vary:
      - Accept-Encoding
      x-content-type-options:
      - nosniff
      x-powered-by:
      - ASP.NET
    status:
      code: 200
      message: OK
- request:
    body: null
    headers:
      Accept:
      - application/json
      Accept-Encoding:
      - gzip, deflate
      CommandName:
      - netappfiles pool list
      Connection:
      - keep-alive
      ParameterSetName:
      - --resource-group -a
      User-Agent:
      - python/3.6.8 (Windows-10-10.0.19041-SP0) msrest/0.6.18 msrest_azure/0.6.3
        azure-mgmt-netapp/0.12.0 Azure-SDK-For-Python AZURECLI/2.11.1
      accept-language:
      - en-US
    method: GET
    uri: https://management.azure.com/subscriptions/00000000-0000-0000-0000-000000000000/resourceGroups/cli_netappfiles_test_pool_000001/providers/Microsoft.NetApp/netAppAccounts/cli000002/capacityPools?api-version=2020-02-01
  response:
    body:
      string: '{"value":[]}'
    headers:
      access-control-expose-headers:
      - Request-Context
      cache-control:
      - no-cache
      content-length:
      - '12'
      content-type:
      - application/json; charset=utf-8
      date:
      - Fri, 04 Sep 2020 15:10:07 GMT
      expires:
      - '-1'
      pragma:
      - no-cache
      request-context:
      - appId=cid-v1:2c4cb680-0a1f-424d-bb8d-8e650ba68d53
      server:
      - Microsoft-IIS/10.0
      strict-transport-security:
      - max-age=31536000; includeSubDomains
      transfer-encoding:
      - chunked
      vary:
      - Accept-Encoding
      x-content-type-options:
      - nosniff
      x-powered-by:
      - ASP.NET
    status:
      code: 200
      message: OK
version: 1
