interactions:
- request:
    body: '{"location": "westus2", "tags": {}, "properties": {"addressSpace": {"addressPrefixes":
      ["10.0.0.0/16"]}, "dhcpOptions": {}}}'
    headers:
      Accept:
      - application/json
      Accept-Encoding:
      - gzip, deflate
      CommandName:
      - network vnet create
      Connection:
      - keep-alive
      Content-Length:
      - '124'
      Content-Type:
      - application/json; charset=utf-8
      ParameterSetName:
      - -n --resource-group -l --address-prefix
      User-Agent:
      - python/3.7.5 (Windows-10-10.0.18362-SP0) msrest/0.6.11 msrest_azure/0.6.3
        azure-mgmt-network/10.1.0 Azure-SDK-For-Python AZURECLI/2.5.1
      accept-language:
      - en-US
    method: PUT
    uri: https://management.azure.com/subscriptions/00000000-0000-0000-0000-000000000000/resourceGroups/cli_netappfiles_test_volume_000001/providers/Microsoft.Network/virtualNetworks/cli-vnet-000005?api-version=2020-03-01
  response:
    body:
      string: "{\r\n  \"name\": \"cli-vnet-000005\",\r\n  \"id\": \"/subscriptions/00000000-0000-0000-0000-000000000000/resourceGroups/cli_netappfiles_test_volume_000001/providers/Microsoft.Network/virtualNetworks/cli-vnet-000005\",\r\n
        \ \"etag\": \"W/\\\"570bbcab-fa0f-4c5e-bda5-7b8265ab36bf\\\"\",\r\n  \"type\":
        \"Microsoft.Network/virtualNetworks\",\r\n  \"location\": \"westus2\",\r\n
        \ \"tags\": {},\r\n  \"properties\": {\r\n    \"provisioningState\": \"Updating\",\r\n
        \   \"resourceGuid\": \"014129f5-1092-4340-b712-7e1a2d4fad99\",\r\n    \"addressSpace\":
        {\r\n      \"addressPrefixes\": [\r\n        \"10.0.0.0/16\"\r\n      ]\r\n
        \   },\r\n    \"dhcpOptions\": {\r\n      \"dnsServers\": []\r\n    },\r\n
        \   \"subnets\": [],\r\n    \"virtualNetworkPeerings\": [],\r\n    \"enableDdosProtection\":
        false,\r\n    \"enableVmProtection\": false\r\n  }\r\n}"
    headers:
      azure-asyncnotification:
      - Enabled
      azure-asyncoperation:
      - https://management.azure.com/subscriptions/00000000-0000-0000-0000-000000000000/providers/Microsoft.Network/locations/westus2/operations/7911f351-15cd-4821-95ff-76e522b14df7?api-version=2020-03-01
      cache-control:
      - no-cache
      content-length:
      - '805'
      content-type:
      - application/json; charset=utf-8
      date:
      - Wed, 13 May 2020 14:16:39 GMT
      expires:
      - '-1'
      pragma:
      - no-cache
      server:
      - Microsoft-HTTPAPI/2.0
      - Microsoft-HTTPAPI/2.0
      strict-transport-security:
      - max-age=31536000; includeSubDomains
      x-content-type-options:
      - nosniff
      x-ms-arm-service-request-id:
      - dfc2d2d2-0b9a-4acc-9fbb-a719d704467e
      x-ms-ratelimit-remaining-subscription-writes:
      - '1191'
    status:
      code: 201
      message: Created
- request:
    body: null
    headers:
      Accept:
      - application/json
      Accept-Encoding:
      - gzip, deflate
      CommandName:
      - network vnet create
      Connection:
      - keep-alive
      ParameterSetName:
      - -n --resource-group -l --address-prefix
      User-Agent:
      - python/3.7.5 (Windows-10-10.0.18362-SP0) msrest/0.6.11 msrest_azure/0.6.3
        azure-mgmt-network/10.1.0 Azure-SDK-For-Python AZURECLI/2.5.1
    method: GET
    uri: https://management.azure.com/subscriptions/00000000-0000-0000-0000-000000000000/providers/Microsoft.Network/locations/westus2/operations/7911f351-15cd-4821-95ff-76e522b14df7?api-version=2020-03-01
  response:
    body:
      string: "{\r\n  \"status\": \"Succeeded\"\r\n}"
    headers:
      cache-control:
      - no-cache
      content-length:
      - '29'
      content-type:
      - application/json; charset=utf-8
      date:
      - Wed, 13 May 2020 14:16:42 GMT
      expires:
      - '-1'
      pragma:
      - no-cache
      server:
      - Microsoft-HTTPAPI/2.0
      - Microsoft-HTTPAPI/2.0
      strict-transport-security:
      - max-age=31536000; includeSubDomains
      transfer-encoding:
      - chunked
      vary:
      - Accept-Encoding
      x-content-type-options:
      - nosniff
      x-ms-arm-service-request-id:
      - 64d2cfe5-b9d4-4e44-b136-8e278dfdd0f6
    status:
      code: 200
      message: OK
- request:
    body: null
    headers:
      Accept:
      - application/json
      Accept-Encoding:
      - gzip, deflate
      CommandName:
      - network vnet create
      Connection:
      - keep-alive
      ParameterSetName:
      - -n --resource-group -l --address-prefix
      User-Agent:
      - python/3.7.5 (Windows-10-10.0.18362-SP0) msrest/0.6.11 msrest_azure/0.6.3
        azure-mgmt-network/10.1.0 Azure-SDK-For-Python AZURECLI/2.5.1
    method: GET
    uri: https://management.azure.com/subscriptions/00000000-0000-0000-0000-000000000000/resourceGroups/cli_netappfiles_test_volume_000001/providers/Microsoft.Network/virtualNetworks/cli-vnet-000005?api-version=2020-03-01
  response:
    body:
      string: "{\r\n  \"name\": \"cli-vnet-000005\",\r\n  \"id\": \"/subscriptions/00000000-0000-0000-0000-000000000000/resourceGroups/cli_netappfiles_test_volume_000001/providers/Microsoft.Network/virtualNetworks/cli-vnet-000005\",\r\n
        \ \"etag\": \"W/\\\"f09afdcc-3c7e-4c7f-9e5c-f06a793fa107\\\"\",\r\n  \"type\":
        \"Microsoft.Network/virtualNetworks\",\r\n  \"location\": \"westus2\",\r\n
        \ \"tags\": {},\r\n  \"properties\": {\r\n    \"provisioningState\": \"Succeeded\",\r\n
        \   \"resourceGuid\": \"014129f5-1092-4340-b712-7e1a2d4fad99\",\r\n    \"addressSpace\":
        {\r\n      \"addressPrefixes\": [\r\n        \"10.0.0.0/16\"\r\n      ]\r\n
        \   },\r\n    \"dhcpOptions\": {\r\n      \"dnsServers\": []\r\n    },\r\n
        \   \"subnets\": [],\r\n    \"virtualNetworkPeerings\": [],\r\n    \"enableDdosProtection\":
        false,\r\n    \"enableVmProtection\": false\r\n  }\r\n}"
    headers:
      cache-control:
      - no-cache
      content-length:
      - '806'
      content-type:
      - application/json; charset=utf-8
      date:
      - Wed, 13 May 2020 14:16:43 GMT
      etag:
      - W/"f09afdcc-3c7e-4c7f-9e5c-f06a793fa107"
      expires:
      - '-1'
      pragma:
      - no-cache
      server:
      - Microsoft-HTTPAPI/2.0
      - Microsoft-HTTPAPI/2.0
      strict-transport-security:
      - max-age=31536000; includeSubDomains
      transfer-encoding:
      - chunked
      vary:
      - Accept-Encoding
      x-content-type-options:
      - nosniff
      x-ms-arm-service-request-id:
      - 07ff75b5-aced-4a04-b44e-d68c6a2858be
    status:
      code: 200
      message: OK
- request:
    body: null
    headers:
      Accept:
      - application/json
      Accept-Encoding:
      - gzip, deflate
      CommandName:
      - network vnet subnet create
      Connection:
      - keep-alive
      ParameterSetName:
      - -n -g --vnet-name --address-prefixes --delegations
      User-Agent:
      - python/3.7.5 (Windows-10-10.0.18362-SP0) msrest/0.6.11 msrest_azure/0.6.3
        azure-mgmt-network/10.1.0 Azure-SDK-For-Python AZURECLI/2.5.1
      accept-language:
      - en-US
    method: GET
    uri: https://management.azure.com/subscriptions/00000000-0000-0000-0000-000000000000/resourceGroups/cli_netappfiles_test_volume_000001/providers/Microsoft.Network/virtualNetworks/cli-vnet-000005?api-version=2020-03-01
  response:
    body:
      string: "{\r\n  \"name\": \"cli-vnet-000005\",\r\n  \"id\": \"/subscriptions/00000000-0000-0000-0000-000000000000/resourceGroups/cli_netappfiles_test_volume_000001/providers/Microsoft.Network/virtualNetworks/cli-vnet-000005\",\r\n
        \ \"etag\": \"W/\\\"f09afdcc-3c7e-4c7f-9e5c-f06a793fa107\\\"\",\r\n  \"type\":
        \"Microsoft.Network/virtualNetworks\",\r\n  \"location\": \"westus2\",\r\n
        \ \"tags\": {},\r\n  \"properties\": {\r\n    \"provisioningState\": \"Succeeded\",\r\n
        \   \"resourceGuid\": \"014129f5-1092-4340-b712-7e1a2d4fad99\",\r\n    \"addressSpace\":
        {\r\n      \"addressPrefixes\": [\r\n        \"10.0.0.0/16\"\r\n      ]\r\n
        \   },\r\n    \"dhcpOptions\": {\r\n      \"dnsServers\": []\r\n    },\r\n
        \   \"subnets\": [],\r\n    \"virtualNetworkPeerings\": [],\r\n    \"enableDdosProtection\":
        false,\r\n    \"enableVmProtection\": false\r\n  }\r\n}"
    headers:
      cache-control:
      - no-cache
      content-length:
      - '806'
      content-type:
      - application/json; charset=utf-8
      date:
      - Wed, 13 May 2020 14:16:44 GMT
      etag:
      - W/"f09afdcc-3c7e-4c7f-9e5c-f06a793fa107"
      expires:
      - '-1'
      pragma:
      - no-cache
      server:
      - Microsoft-HTTPAPI/2.0
      - Microsoft-HTTPAPI/2.0
      strict-transport-security:
      - max-age=31536000; includeSubDomains
      transfer-encoding:
      - chunked
      vary:
      - Accept-Encoding
      x-content-type-options:
      - nosniff
      x-ms-arm-service-request-id:
      - 353132aa-018a-49d1-8d66-07532b3e291e
    status:
      code: 200
      message: OK
- request:
    body: 'b''{"id": "/subscriptions/00000000-0000-0000-0000-000000000000/resourceGroups/cli_netappfiles_test_volume_000001/providers/Microsoft.Network/virtualNetworks/cli-vnet-000005",
      "location": "westus2", "tags": {}, "properties": {"addressSpace": {"addressPrefixes":
      ["10.0.0.0/16"]}, "dhcpOptions": {"dnsServers": []}, "subnets": [{"properties":
      {"addressPrefix": "10.0.0.0/24", "delegations": [{"properties": {"serviceName":
      "Microsoft.Netapp/volumes"}, "name": "0"}]}, "name": "cli-subnet-000006"}],
      "virtualNetworkPeerings": [], "enableDdosProtection": false, "enableVmProtection":
      false}}'''
    headers:
      Accept:
      - application/json
      Accept-Encoding:
      - gzip, deflate
      CommandName:
      - network vnet subnet create
      Connection:
      - keep-alive
      Content-Length:
      - '633'
      Content-Type:
      - application/json; charset=utf-8
      ParameterSetName:
      - -n -g --vnet-name --address-prefixes --delegations
      User-Agent:
      - python/3.7.5 (Windows-10-10.0.18362-SP0) msrest/0.6.11 msrest_azure/0.6.3
        azure-mgmt-network/10.1.0 Azure-SDK-For-Python AZURECLI/2.5.1
      accept-language:
      - en-US
    method: PUT
    uri: https://management.azure.com/subscriptions/00000000-0000-0000-0000-000000000000/resourceGroups/cli_netappfiles_test_volume_000001/providers/Microsoft.Network/virtualNetworks/cli-vnet-000005?api-version=2020-03-01
  response:
    body:
      string: "{\r\n  \"name\": \"cli-vnet-000005\",\r\n  \"id\": \"/subscriptions/00000000-0000-0000-0000-000000000000/resourceGroups/cli_netappfiles_test_volume_000001/providers/Microsoft.Network/virtualNetworks/cli-vnet-000005\",\r\n
        \ \"etag\": \"W/\\\"410cf3ac-17de-4f1e-a045-4c92bcd56dd4\\\"\",\r\n  \"type\":
        \"Microsoft.Network/virtualNetworks\",\r\n  \"location\": \"westus2\",\r\n
        \ \"tags\": {},\r\n  \"properties\": {\r\n    \"provisioningState\": \"Updating\",\r\n
        \   \"resourceGuid\": \"014129f5-1092-4340-b712-7e1a2d4fad99\",\r\n    \"addressSpace\":
        {\r\n      \"addressPrefixes\": [\r\n        \"10.0.0.0/16\"\r\n      ]\r\n
        \   },\r\n    \"dhcpOptions\": {\r\n      \"dnsServers\": []\r\n    },\r\n
        \   \"subnets\": [\r\n      {\r\n        \"name\": \"cli-subnet-000006\",\r\n
        \       \"id\": \"/subscriptions/00000000-0000-0000-0000-000000000000/resourceGroups/cli_netappfiles_test_volume_000001/providers/Microsoft.Network/virtualNetworks/cli-vnet-000005/subnets/cli-subnet-000006\",\r\n
        \       \"etag\": \"W/\\\"410cf3ac-17de-4f1e-a045-4c92bcd56dd4\\\"\",\r\n
        \       \"properties\": {\r\n          \"provisioningState\": \"Updating\",\r\n
        \         \"addressPrefix\": \"10.0.0.0/24\",\r\n          \"delegations\":
        [\r\n            {\r\n              \"name\": \"0\",\r\n              \"id\":
        \"/subscriptions/00000000-0000-0000-0000-000000000000/resourceGroups/cli_netappfiles_test_volume_000001/providers/Microsoft.Network/virtualNetworks/cli-vnet-000005/subnets/cli-subnet-000006/delegations/0\",\r\n
        \             \"etag\": \"W/\\\"410cf3ac-17de-4f1e-a045-4c92bcd56dd4\\\"\",\r\n
        \             \"properties\": {\r\n                \"provisioningState\":
        \"Succeeded\",\r\n                \"serviceName\": \"Microsoft.Netapp/volumes\",\r\n
        \               \"actions\": [\r\n                  \"Microsoft.Network/networkinterfaces/*\",\r\n
        \                 \"Microsoft.Network/virtualNetworks/subnets/join/action\"\r\n
        \               ]\r\n              },\r\n              \"type\": \"Microsoft.Network/virtualNetworks/subnets/delegations\"\r\n
        \           }\r\n          ],\r\n          \"purpose\": \"HostedWorkloads\",\r\n
        \         \"privateEndpointNetworkPolicies\": \"Enabled\",\r\n          \"privateLinkServiceNetworkPolicies\":
        \"Enabled\"\r\n        },\r\n        \"type\": \"Microsoft.Network/virtualNetworks/subnets\"\r\n
        \     }\r\n    ],\r\n    \"virtualNetworkPeerings\": [],\r\n    \"enableDdosProtection\":
        false,\r\n    \"enableVmProtection\": false\r\n  }\r\n}"
    headers:
      azure-asyncoperation:
      - https://management.azure.com/subscriptions/00000000-0000-0000-0000-000000000000/providers/Microsoft.Network/locations/westus2/operations/fbd3a402-e9dd-454c-8851-1cbdcff4ce58?api-version=2020-03-01
      cache-control:
      - no-cache
      content-length:
      - '2391'
      content-type:
      - application/json; charset=utf-8
      date:
      - Wed, 13 May 2020 14:16:46 GMT
      expires:
      - '-1'
      pragma:
      - no-cache
      server:
      - Microsoft-HTTPAPI/2.0
      - Microsoft-HTTPAPI/2.0
      strict-transport-security:
      - max-age=31536000; includeSubDomains
      transfer-encoding:
      - chunked
      vary:
      - Accept-Encoding
      x-content-type-options:
      - nosniff
      x-ms-arm-service-request-id:
      - 321b3a50-b2e4-4951-ac91-f9a0988e9fb8
      x-ms-ratelimit-remaining-subscription-writes:
      - '1192'
    status:
      code: 200
      message: OK
- request:
    body: null
    headers:
      Accept:
      - application/json
      Accept-Encoding:
      - gzip, deflate
      CommandName:
      - network vnet subnet create
      Connection:
      - keep-alive
      ParameterSetName:
      - -n -g --vnet-name --address-prefixes --delegations
      User-Agent:
      - python/3.7.5 (Windows-10-10.0.18362-SP0) msrest/0.6.11 msrest_azure/0.6.3
        azure-mgmt-network/10.1.0 Azure-SDK-For-Python AZURECLI/2.5.1
    method: GET
    uri: https://management.azure.com/subscriptions/00000000-0000-0000-0000-000000000000/providers/Microsoft.Network/locations/westus2/operations/fbd3a402-e9dd-454c-8851-1cbdcff4ce58?api-version=2020-03-01
  response:
    body:
      string: "{\r\n  \"status\": \"Succeeded\"\r\n}"
    headers:
      cache-control:
      - no-cache
      content-length:
      - '29'
      content-type:
      - application/json; charset=utf-8
      date:
      - Wed, 13 May 2020 14:16:49 GMT
      expires:
      - '-1'
      pragma:
      - no-cache
      server:
      - Microsoft-HTTPAPI/2.0
      - Microsoft-HTTPAPI/2.0
      strict-transport-security:
      - max-age=31536000; includeSubDomains
      transfer-encoding:
      - chunked
      vary:
      - Accept-Encoding
      x-content-type-options:
      - nosniff
      x-ms-arm-service-request-id:
      - b20fc42c-665c-45f5-bdfe-b5ce7736e1bc
    status:
      code: 200
      message: OK
- request:
    body: null
    headers:
      Accept:
      - application/json
      Accept-Encoding:
      - gzip, deflate
      CommandName:
      - network vnet subnet create
      Connection:
      - keep-alive
      ParameterSetName:
      - -n -g --vnet-name --address-prefixes --delegations
      User-Agent:
      - python/3.7.5 (Windows-10-10.0.18362-SP0) msrest/0.6.11 msrest_azure/0.6.3
        azure-mgmt-network/10.1.0 Azure-SDK-For-Python AZURECLI/2.5.1
    method: GET
    uri: https://management.azure.com/subscriptions/00000000-0000-0000-0000-000000000000/resourceGroups/cli_netappfiles_test_volume_000001/providers/Microsoft.Network/virtualNetworks/cli-vnet-000005?api-version=2020-03-01
  response:
    body:
      string: "{\r\n  \"name\": \"cli-vnet-000005\",\r\n  \"id\": \"/subscriptions/00000000-0000-0000-0000-000000000000/resourceGroups/cli_netappfiles_test_volume_000001/providers/Microsoft.Network/virtualNetworks/cli-vnet-000005\",\r\n
        \ \"etag\": \"W/\\\"b78ef790-d38e-4619-b96d-a7c4fd9c2947\\\"\",\r\n  \"type\":
        \"Microsoft.Network/virtualNetworks\",\r\n  \"location\": \"westus2\",\r\n
        \ \"tags\": {},\r\n  \"properties\": {\r\n    \"provisioningState\": \"Succeeded\",\r\n
        \   \"resourceGuid\": \"014129f5-1092-4340-b712-7e1a2d4fad99\",\r\n    \"addressSpace\":
        {\r\n      \"addressPrefixes\": [\r\n        \"10.0.0.0/16\"\r\n      ]\r\n
        \   },\r\n    \"dhcpOptions\": {\r\n      \"dnsServers\": []\r\n    },\r\n
        \   \"subnets\": [\r\n      {\r\n        \"name\": \"cli-subnet-000006\",\r\n
        \       \"id\": \"/subscriptions/00000000-0000-0000-0000-000000000000/resourceGroups/cli_netappfiles_test_volume_000001/providers/Microsoft.Network/virtualNetworks/cli-vnet-000005/subnets/cli-subnet-000006\",\r\n
        \       \"etag\": \"W/\\\"b78ef790-d38e-4619-b96d-a7c4fd9c2947\\\"\",\r\n
        \       \"properties\": {\r\n          \"provisioningState\": \"Succeeded\",\r\n
        \         \"addressPrefix\": \"10.0.0.0/24\",\r\n          \"delegations\":
        [\r\n            {\r\n              \"name\": \"0\",\r\n              \"id\":
        \"/subscriptions/00000000-0000-0000-0000-000000000000/resourceGroups/cli_netappfiles_test_volume_000001/providers/Microsoft.Network/virtualNetworks/cli-vnet-000005/subnets/cli-subnet-000006/delegations/0\",\r\n
        \             \"etag\": \"W/\\\"b78ef790-d38e-4619-b96d-a7c4fd9c2947\\\"\",\r\n
        \             \"properties\": {\r\n                \"provisioningState\":
        \"Succeeded\",\r\n                \"serviceName\": \"Microsoft.Netapp/volumes\",\r\n
        \               \"actions\": [\r\n                  \"Microsoft.Network/networkinterfaces/*\",\r\n
        \                 \"Microsoft.Network/virtualNetworks/subnets/join/action\"\r\n
        \               ]\r\n              },\r\n              \"type\": \"Microsoft.Network/virtualNetworks/subnets/delegations\"\r\n
        \           }\r\n          ],\r\n          \"purpose\": \"HostedWorkloads\",\r\n
        \         \"privateEndpointNetworkPolicies\": \"Enabled\",\r\n          \"privateLinkServiceNetworkPolicies\":
        \"Enabled\"\r\n        },\r\n        \"type\": \"Microsoft.Network/virtualNetworks/subnets\"\r\n
        \     }\r\n    ],\r\n    \"virtualNetworkPeerings\": [],\r\n    \"enableDdosProtection\":
        false,\r\n    \"enableVmProtection\": false\r\n  }\r\n}"
    headers:
      cache-control:
      - no-cache
      content-length:
      - '2393'
      content-type:
      - application/json; charset=utf-8
      date:
      - Wed, 13 May 2020 14:16:49 GMT
      etag:
      - W/"b78ef790-d38e-4619-b96d-a7c4fd9c2947"
      expires:
      - '-1'
      pragma:
      - no-cache
      server:
      - Microsoft-HTTPAPI/2.0
      - Microsoft-HTTPAPI/2.0
      strict-transport-security:
      - max-age=31536000; includeSubDomains
      transfer-encoding:
      - chunked
      vary:
      - Accept-Encoding
      x-content-type-options:
      - nosniff
      x-ms-arm-service-request-id:
      - 678ec504-0792-4ffe-ad5a-d1b94f3bddac
    status:
      code: 200
      message: OK
- request:
    body: '{"location": "westus2stage"}'
    headers:
      Accept:
      - application/json
      Accept-Encoding:
      - gzip, deflate
      CommandName:
      - netappfiles account create
      Connection:
      - keep-alive
      Content-Length:
      - '28'
      Content-Type:
      - application/json; charset=utf-8
      ParameterSetName:
      - -g -a -l
      User-Agent:
      - python/3.7.5 (Windows-10-10.0.18362-SP0) msrest/0.6.11 msrest_azure/0.6.3
        azure-mgmt-netapp/0.8.0 Azure-SDK-For-Python AZURECLI/2.5.1
      accept-language:
      - en-US
    method: PUT
    uri: https://management.azure.com/subscriptions/00000000-0000-0000-0000-000000000000/resourceGroups/cli_netappfiles_test_volume_000001/providers/Microsoft.NetApp/netAppAccounts/cli-acc-000002?api-version=2019-10-01
  response:
    body:
      string: '{"id":"/subscriptions/00000000-0000-0000-0000-000000000000/resourceGroups/cli_netappfiles_test_volume_000001/providers/Microsoft.NetApp/netAppAccounts/cli-acc-000002","name":"cli-acc-000002","type":"Microsoft.NetApp/netAppAccounts","etag":"W/\"datetime''2020-05-13T14%3A16%3A58.3076014Z''\"","location":"westus2stage","properties":{"name":"cli-acc-000002","provisioningState":"Succeeded"}}'
    headers:
      access-control-expose-headers:
      - Request-Context
      azure-asyncoperation:
      - https://management.azure.com/subscriptions/00000000-0000-0000-0000-000000000000/providers/Microsoft.NetApp/locations/westus2stage/operationResults/ad67c733-d02c-4d39-900d-0cdc00146051?api-version=2019-10-01
      cache-control:
      - no-cache
      content-length:
      - '458'
      content-type:
      - application/json; charset=utf-8
      date:
      - Wed, 13 May 2020 14:16:58 GMT
      etag:
      - W/"datetime'2020-05-13T14%3A16%3A58.3076014Z'"
      expires:
      - '-1'
      pragma:
      - no-cache
      request-context:
      - appId=cid-v1:2c4cb680-0a1f-424d-bb8d-8e650ba68d53
      server:
      - Microsoft-IIS/10.0
      strict-transport-security:
      - max-age=31536000; includeSubDomains
      x-content-type-options:
      - nosniff
      x-ms-ratelimit-remaining-subscription-writes:
      - '1191'
      x-powered-by:
      - ASP.NET
    status:
      code: 201
      message: Created
- request:
    body: null
    headers:
      Accept:
      - application/json
      Accept-Encoding:
      - gzip, deflate
      CommandName:
      - netappfiles account create
      Connection:
      - keep-alive
      ParameterSetName:
      - -g -a -l
      User-Agent:
      - python/3.7.5 (Windows-10-10.0.18362-SP0) msrest/0.6.11 msrest_azure/0.6.3
        azure-mgmt-netapp/0.8.0 Azure-SDK-For-Python AZURECLI/2.5.1
    method: GET
    uri: https://management.azure.com/subscriptions/00000000-0000-0000-0000-000000000000/providers/Microsoft.NetApp/locations/westus2stage/operationResults/ad67c733-d02c-4d39-900d-0cdc00146051?api-version=2019-10-01
  response:
    body:
      string: '{"id":"/subscriptions/00000000-0000-0000-0000-000000000000/providers/Microsoft.NetApp/locations/westus2stage/operationResults/ad67c733-d02c-4d39-900d-0cdc00146051","name":"ad67c733-d02c-4d39-900d-0cdc00146051","status":"Succeeded","startTime":"2020-05-13T14:16:57.8943631Z","endTime":"2020-05-13T14:16:59.0828284Z","percentComplete":100.0,"properties":{"resourceName":"/subscriptions/00000000-0000-0000-0000-000000000000/resourceGroups/cli_netappfiles_test_volume_000001/providers/Microsoft.NetApp/netAppAccounts/cli-acc-000002"}}'
    headers:
      access-control-expose-headers:
      - Request-Context
      cache-control:
      - no-cache
      content-length:
      - '581'
      content-type:
      - application/json; charset=utf-8
      date:
      - Wed, 13 May 2020 14:17:29 GMT
      expires:
      - '-1'
      pragma:
      - no-cache
      request-context:
      - appId=cid-v1:2c4cb680-0a1f-424d-bb8d-8e650ba68d53
      server:
      - Microsoft-IIS/10.0
      strict-transport-security:
      - max-age=31536000; includeSubDomains
      transfer-encoding:
      - chunked
      vary:
      - Accept-Encoding
      x-content-type-options:
      - nosniff
      x-powered-by:
      - ASP.NET
    status:
      code: 200
      message: OK
- request:
    body: null
    headers:
      Accept:
      - application/json
      Accept-Encoding:
      - gzip, deflate
      CommandName:
      - netappfiles account create
      Connection:
      - keep-alive
      ParameterSetName:
      - -g -a -l
      User-Agent:
      - python/3.7.5 (Windows-10-10.0.18362-SP0) msrest/0.6.11 msrest_azure/0.6.3
        azure-mgmt-netapp/0.8.0 Azure-SDK-For-Python AZURECLI/2.5.1
    method: GET
    uri: https://management.azure.com/subscriptions/00000000-0000-0000-0000-000000000000/resourceGroups/cli_netappfiles_test_volume_000001/providers/Microsoft.NetApp/netAppAccounts/cli-acc-000002?api-version=2019-10-01
  response:
    body:
      string: '{"id":"/subscriptions/00000000-0000-0000-0000-000000000000/resourceGroups/cli_netappfiles_test_volume_000001/providers/Microsoft.NetApp/netAppAccounts/cli-acc-000002","name":"cli-acc-000002","type":"Microsoft.NetApp/netAppAccounts","etag":"W/\"datetime''2020-05-13T14%3A16%3A58.9812512Z''\"","location":"westus2stage","properties":{"name":"cli-acc-000002","provisioningState":"Succeeded"}}'
    headers:
      access-control-expose-headers:
      - Request-Context
      cache-control:
      - no-cache
      content-length:
      - '458'
      content-type:
      - application/json; charset=utf-8
      date:
      - Wed, 13 May 2020 14:17:30 GMT
      etag:
      - W/"datetime'2020-05-13T14%3A16%3A58.9812512Z'"
      expires:
      - '-1'
      pragma:
      - no-cache
      request-context:
      - appId=cid-v1:2c4cb680-0a1f-424d-bb8d-8e650ba68d53
      server:
      - Microsoft-IIS/10.0
      strict-transport-security:
      - max-age=31536000; includeSubDomains
      transfer-encoding:
      - chunked
      vary:
      - Accept-Encoding
      x-content-type-options:
      - nosniff
      x-powered-by:
      - ASP.NET
    status:
      code: 200
      message: OK
- request:
    body: '{"location": "westus2stage", "tags": {"Tag1": "Value1", "Tag2": "Value2"},
      "properties": {"size": 4398046511104, "serviceLevel": "Premium"}}'
    headers:
      Accept:
      - application/json
      Accept-Encoding:
      - gzip, deflate
      CommandName:
      - netappfiles pool create
      Connection:
      - keep-alive
      Content-Length:
      - '140'
      Content-Type:
      - application/json; charset=utf-8
      ParameterSetName:
      - -g -a -p -l --service-level --size --tags
      User-Agent:
      - python/3.7.5 (Windows-10-10.0.18362-SP0) msrest/0.6.11 msrest_azure/0.6.3
        azure-mgmt-netapp/0.8.0 Azure-SDK-For-Python AZURECLI/2.5.1
      accept-language:
      - en-US
    method: PUT
    uri: https://management.azure.com/subscriptions/00000000-0000-0000-0000-000000000000/resourceGroups/cli_netappfiles_test_volume_000001/providers/Microsoft.NetApp/netAppAccounts/cli-acc-000002/capacityPools/cli-pool-000003?api-version=2019-10-01
  response:
    body:
      string: '{"id":"/subscriptions/00000000-0000-0000-0000-000000000000/resourceGroups/cli_netappfiles_test_volume_000001/providers/Microsoft.NetApp/netAppAccounts/cli-acc-000002/capacityPools/cli-pool-000003","name":"cli-acc-000002/cli-pool-000003","type":"Microsoft.NetApp/netAppAccounts/capacityPools","etag":"W/\"datetime''2020-05-13T14%3A17%3A37.109158Z''\"","location":"westus2stage","tags":{"Tag1":"Value1","Tag2":"Value2"},"properties":{"serviceLevel":"Premium","size":4398046511104,"provisioningState":"Creating"}}'
    headers:
      access-control-expose-headers:
      - Request-Context
      azure-asyncoperation:
      - https://management.azure.com/subscriptions/00000000-0000-0000-0000-000000000000/providers/Microsoft.NetApp/locations/westus2stage/operationResults/05d6d3de-eb68-4940-ac49-2c81f6d28cb4?api-version=2019-10-01
      cache-control:
      - no-cache
      content-length:
      - '587'
      content-type:
      - application/json; charset=utf-8
      date:
      - Wed, 13 May 2020 14:17:37 GMT
      etag:
      - W/"datetime'2020-05-13T14%3A17%3A37.109158Z'"
      expires:
      - '-1'
      pragma:
      - no-cache
      request-context:
      - appId=cid-v1:2c4cb680-0a1f-424d-bb8d-8e650ba68d53
      server:
      - Microsoft-IIS/10.0
      strict-transport-security:
      - max-age=31536000; includeSubDomains
      x-content-type-options:
      - nosniff
      x-ms-ratelimit-remaining-subscription-writes:
      - '1186'
      x-powered-by:
      - ASP.NET
    status:
      code: 201
      message: Created
- request:
    body: null
    headers:
      Accept:
      - application/json
      Accept-Encoding:
      - gzip, deflate
      CommandName:
      - netappfiles pool create
      Connection:
      - keep-alive
      ParameterSetName:
      - -g -a -p -l --service-level --size --tags
      User-Agent:
      - python/3.7.5 (Windows-10-10.0.18362-SP0) msrest/0.6.11 msrest_azure/0.6.3
        azure-mgmt-netapp/0.8.0 Azure-SDK-For-Python AZURECLI/2.5.1
    method: GET
    uri: https://management.azure.com/subscriptions/00000000-0000-0000-0000-000000000000/providers/Microsoft.NetApp/locations/westus2stage/operationResults/05d6d3de-eb68-4940-ac49-2c81f6d28cb4?api-version=2019-10-01
  response:
    body:
      string: '{"id":"/subscriptions/00000000-0000-0000-0000-000000000000/providers/Microsoft.NetApp/locations/westus2stage/operationResults/05d6d3de-eb68-4940-ac49-2c81f6d28cb4","name":"05d6d3de-eb68-4940-ac49-2c81f6d28cb4","status":"Succeeded","startTime":"2020-05-13T14:17:36.6666219Z","endTime":"2020-05-13T14:17:38.1198049Z","percentComplete":100.0,"properties":{"resourceName":"/subscriptions/00000000-0000-0000-0000-000000000000/resourceGroups/cli_netappfiles_test_volume_000001/providers/Microsoft.NetApp/netAppAccounts/cli-acc-000002/capacityPools/cli-pool-000003"}}'
    headers:
      access-control-expose-headers:
      - Request-Context
      cache-control:
      - no-cache
      content-length:
      - '620'
      content-type:
      - application/json; charset=utf-8
      date:
      - Wed, 13 May 2020 14:18:09 GMT
      expires:
      - '-1'
      pragma:
      - no-cache
      request-context:
      - appId=cid-v1:2c4cb680-0a1f-424d-bb8d-8e650ba68d53
      server:
      - Microsoft-IIS/10.0
      strict-transport-security:
      - max-age=31536000; includeSubDomains
      transfer-encoding:
      - chunked
      vary:
      - Accept-Encoding
      x-content-type-options:
      - nosniff
      x-powered-by:
      - ASP.NET
    status:
      code: 200
      message: OK
- request:
    body: null
    headers:
      Accept:
      - application/json
      Accept-Encoding:
      - gzip, deflate
      CommandName:
      - netappfiles pool create
      Connection:
      - keep-alive
      ParameterSetName:
      - -g -a -p -l --service-level --size --tags
      User-Agent:
      - python/3.7.5 (Windows-10-10.0.18362-SP0) msrest/0.6.11 msrest_azure/0.6.3
        azure-mgmt-netapp/0.8.0 Azure-SDK-For-Python AZURECLI/2.5.1
    method: GET
    uri: https://management.azure.com/subscriptions/00000000-0000-0000-0000-000000000000/resourceGroups/cli_netappfiles_test_volume_000001/providers/Microsoft.NetApp/netAppAccounts/cli-acc-000002/capacityPools/cli-pool-000003?api-version=2019-10-01
  response:
    body:
      string: '{"id":"/subscriptions/00000000-0000-0000-0000-000000000000/resourceGroups/cli_netappfiles_test_volume_000001/providers/Microsoft.NetApp/netAppAccounts/cli-acc-000002/capacityPools/cli-pool-000003","name":"cli-acc-000002/cli-pool-000003","type":"Microsoft.NetApp/netAppAccounts/capacityPools","etag":"W/\"datetime''2020-05-13T14%3A17%3A37.9719971Z''\"","location":"westus2stage","tags":{"Tag1":"Value1","Tag2":"Value2"},"properties":{"poolId":"ec46e9fe-979b-027c-fad7-3d813a877e6b","name":"cli-acc-000002/cli-pool-000003","serviceLevel":"Premium","size":4398046511104,"provisioningState":"Succeeded"}}'
    headers:
      access-control-expose-headers:
      - Request-Context
      cache-control:
      - no-cache
      content-length:
      - '696'
      content-type:
      - application/json; charset=utf-8
      date:
      - Wed, 13 May 2020 14:18:10 GMT
      etag:
      - W/"datetime'2020-05-13T14%3A17%3A37.9719971Z'"
      expires:
      - '-1'
      pragma:
      - no-cache
      request-context:
      - appId=cid-v1:2c4cb680-0a1f-424d-bb8d-8e650ba68d53
      server:
      - Microsoft-IIS/10.0
      strict-transport-security:
      - max-age=31536000; includeSubDomains
      transfer-encoding:
      - chunked
      vary:
      - Accept-Encoding
      x-content-type-options:
      - nosniff
      x-powered-by:
      - ASP.NET
    status:
      code: 200
      message: OK
- request:
    body: 'b''{"location": "westus2stage", "tags": {"Tag1": "Value1", "Tag2": "Value2"},
      "properties": {"creationToken": "cli-vol-000004", "serviceLevel": "Premium",
      "usageThreshold": 107374182400, "protocolTypes": ["NFSv3"], "subnetId": "/subscriptions/00000000-0000-0000-0000-000000000000/resourceGroups/cli_netappfiles_test_volume_000001/providers/Microsoft.Network/virtualNetworks/cli-vnet-000005/subnets/cli-subnet-000006"}}'''
    headers:
      Accept:
      - application/json
      Accept-Encoding:
      - gzip, deflate
      CommandName:
      - netappfiles volume create
      Connection:
      - keep-alive
      Content-Length:
      - '474'
      Content-Type:
      - application/json; charset=utf-8
      ParameterSetName:
      - --resource-group --account-name --pool-name --volume-name -l --service-level
        --usage-threshold --file-path --vnet --subnet --protocol-types --tags
      User-Agent:
      - python/3.7.5 (Windows-10-10.0.18362-SP0) msrest/0.6.11 msrest_azure/0.6.3
        azure-mgmt-netapp/0.8.0 Azure-SDK-For-Python AZURECLI/2.5.1
      accept-language:
      - en-US
    method: PUT
    uri: https://management.azure.com/subscriptions/00000000-0000-0000-0000-000000000000/resourceGroups/cli_netappfiles_test_volume_000001/providers/Microsoft.NetApp/netAppAccounts/cli-acc-000002/capacityPools/cli-pool-000003/volumes/cli-vol-000004?api-version=2019-10-01
  response:
    body:
      string: '{"id":"/subscriptions/00000000-0000-0000-0000-000000000000/resourceGroups/cli_netappfiles_test_volume_000001/providers/Microsoft.NetApp/netAppAccounts/cli-acc-000002/capacityPools/cli-pool-000003/volumes/cli-vol-000004","name":"cli-acc-000002/cli-pool-000003/cli-vol-000004","type":"Microsoft.NetApp/netAppAccounts/capacityPools/volumes","etag":"W/\"datetime''2020-05-13T14%3A18%3A18.8516542Z''\"","location":"westus2stage","tags":{"Tag1":"Value1","Tag2":"Value2"},"properties":{"serviceLevel":"Premium","creationToken":"cli-vol-000004","usageThreshold":107374182400,"protocolTypes":["NFSv3"],"subnetId":"/subscriptions/00000000-0000-0000-0000-000000000000/resourceGroups/cli_netappfiles_test_volume_000001/providers/Microsoft.Network/virtualNetworks/cli-vnet-000005/subnets/cli-subnet-000006","provisioningState":"Creating"}}'
    headers:
      access-control-expose-headers:
      - Request-Context
      azure-asyncoperation:
      - https://management.azure.com/subscriptions/00000000-0000-0000-0000-000000000000/providers/Microsoft.NetApp/locations/westus2stage/operationResults/14fb9d88-a7b0-490f-ab78-a706eed1714a?api-version=2019-10-01
      cache-control:
      - no-cache
      content-length:
      - '982'
      content-type:
      - application/json; charset=utf-8
      date:
      - Wed, 13 May 2020 14:18:19 GMT
      etag:
      - W/"datetime'2020-05-13T14%3A18%3A18.8516542Z'"
      expires:
      - '-1'
      pragma:
      - no-cache
      request-context:
      - appId=cid-v1:2c4cb680-0a1f-424d-bb8d-8e650ba68d53
      server:
      - Microsoft-IIS/10.0
      strict-transport-security:
      - max-age=31536000; includeSubDomains
      x-content-type-options:
      - nosniff
      x-ms-ratelimit-remaining-subscription-writes:
      - '1194'
      x-powered-by:
      - ASP.NET
    status:
      code: 201
      message: Created
- request:
    body: null
    headers:
      Accept:
      - application/json
      Accept-Encoding:
      - gzip, deflate
      CommandName:
      - netappfiles volume create
      Connection:
      - keep-alive
      ParameterSetName:
      - --resource-group --account-name --pool-name --volume-name -l --service-level
        --usage-threshold --file-path --vnet --subnet --protocol-types --tags
      User-Agent:
      - python/3.7.5 (Windows-10-10.0.18362-SP0) msrest/0.6.11 msrest_azure/0.6.3
        azure-mgmt-netapp/0.8.0 Azure-SDK-For-Python AZURECLI/2.5.1
    method: GET
    uri: https://management.azure.com/subscriptions/00000000-0000-0000-0000-000000000000/providers/Microsoft.NetApp/locations/westus2stage/operationResults/14fb9d88-a7b0-490f-ab78-a706eed1714a?api-version=2019-10-01
  response:
    body:
      string: '{"id":"/subscriptions/00000000-0000-0000-0000-000000000000/providers/Microsoft.NetApp/locations/westus2stage/operationResults/14fb9d88-a7b0-490f-ab78-a706eed1714a","name":"14fb9d88-a7b0-490f-ab78-a706eed1714a","status":"Creating","startTime":"2020-05-13T14:18:18.3860663Z","endTime":"0001-01-01T00:00:00Z","percentComplete":0.0,"properties":{"resourceName":"/subscriptions/00000000-0000-0000-0000-000000000000/resourceGroups/cli_netappfiles_test_volume_000001/providers/Microsoft.NetApp/netAppAccounts/cli-acc-000002/capacityPools/cli-pool-000003/volumes/cli-vol-000004"}}'
    headers:
      access-control-expose-headers:
      - Request-Context
      cache-control:
      - no-cache
      content-length:
      - '642'
      content-type:
      - application/json; charset=utf-8
      date:
      - Wed, 13 May 2020 14:18:50 GMT
      expires:
      - '-1'
      pragma:
      - no-cache
      request-context:
      - appId=cid-v1:2c4cb680-0a1f-424d-bb8d-8e650ba68d53
      server:
      - Microsoft-IIS/10.0
      strict-transport-security:
      - max-age=31536000; includeSubDomains
      transfer-encoding:
      - chunked
      vary:
      - Accept-Encoding
      x-content-type-options:
      - nosniff
      x-powered-by:
      - ASP.NET
    status:
      code: 200
      message: OK
- request:
    body: null
    headers:
      Accept:
      - application/json
      Accept-Encoding:
      - gzip, deflate
      CommandName:
      - netappfiles volume create
      Connection:
      - keep-alive
      ParameterSetName:
      - --resource-group --account-name --pool-name --volume-name -l --service-level
        --usage-threshold --file-path --vnet --subnet --protocol-types --tags
      User-Agent:
      - python/3.7.5 (Windows-10-10.0.18362-SP0) msrest/0.6.11 msrest_azure/0.6.3
        azure-mgmt-netapp/0.8.0 Azure-SDK-For-Python AZURECLI/2.5.1
    method: GET
    uri: https://management.azure.com/subscriptions/00000000-0000-0000-0000-000000000000/providers/Microsoft.NetApp/locations/westus2stage/operationResults/14fb9d88-a7b0-490f-ab78-a706eed1714a?api-version=2019-10-01
  response:
    body:
      string: '{"id":"/subscriptions/00000000-0000-0000-0000-000000000000/providers/Microsoft.NetApp/locations/westus2stage/operationResults/14fb9d88-a7b0-490f-ab78-a706eed1714a","name":"14fb9d88-a7b0-490f-ab78-a706eed1714a","status":"Creating","startTime":"2020-05-13T14:18:18.3860663Z","endTime":"0001-01-01T00:00:00Z","percentComplete":0.0,"properties":{"resourceName":"/subscriptions/00000000-0000-0000-0000-000000000000/resourceGroups/cli_netappfiles_test_volume_000001/providers/Microsoft.NetApp/netAppAccounts/cli-acc-000002/capacityPools/cli-pool-000003/volumes/cli-vol-000004"}}'
    headers:
      access-control-expose-headers:
      - Request-Context
      cache-control:
      - no-cache
      content-length:
      - '642'
      content-type:
      - application/json; charset=utf-8
      date:
      - Wed, 13 May 2020 14:19:21 GMT
      expires:
      - '-1'
      pragma:
      - no-cache
      request-context:
      - appId=cid-v1:2c4cb680-0a1f-424d-bb8d-8e650ba68d53
      server:
      - Microsoft-IIS/10.0
      strict-transport-security:
      - max-age=31536000; includeSubDomains
      transfer-encoding:
      - chunked
      vary:
      - Accept-Encoding
      x-content-type-options:
      - nosniff
      x-powered-by:
      - ASP.NET
    status:
      code: 200
      message: OK
- request:
    body: null
    headers:
      Accept:
      - application/json
      Accept-Encoding:
      - gzip, deflate
      CommandName:
      - netappfiles volume create
      Connection:
      - keep-alive
      ParameterSetName:
      - --resource-group --account-name --pool-name --volume-name -l --service-level
        --usage-threshold --file-path --vnet --subnet --protocol-types --tags
      User-Agent:
      - python/3.7.5 (Windows-10-10.0.18362-SP0) msrest/0.6.11 msrest_azure/0.6.3
        azure-mgmt-netapp/0.8.0 Azure-SDK-For-Python AZURECLI/2.5.1
    method: GET
    uri: https://management.azure.com/subscriptions/00000000-0000-0000-0000-000000000000/providers/Microsoft.NetApp/locations/westus2stage/operationResults/14fb9d88-a7b0-490f-ab78-a706eed1714a?api-version=2019-10-01
  response:
    body:
      string: '{"id":"/subscriptions/00000000-0000-0000-0000-000000000000/providers/Microsoft.NetApp/locations/westus2stage/operationResults/14fb9d88-a7b0-490f-ab78-a706eed1714a","name":"14fb9d88-a7b0-490f-ab78-a706eed1714a","status":"Creating","startTime":"2020-05-13T14:18:18.3860663Z","endTime":"0001-01-01T00:00:00Z","percentComplete":0.0,"properties":{"resourceName":"/subscriptions/00000000-0000-0000-0000-000000000000/resourceGroups/cli_netappfiles_test_volume_000001/providers/Microsoft.NetApp/netAppAccounts/cli-acc-000002/capacityPools/cli-pool-000003/volumes/cli-vol-000004"}}'
    headers:
      access-control-expose-headers:
      - Request-Context
      cache-control:
      - no-cache
      content-length:
      - '642'
      content-type:
      - application/json; charset=utf-8
      date:
      - Wed, 13 May 2020 14:19:52 GMT
      expires:
      - '-1'
      pragma:
      - no-cache
      request-context:
      - appId=cid-v1:2c4cb680-0a1f-424d-bb8d-8e650ba68d53
      server:
      - Microsoft-IIS/10.0
      strict-transport-security:
      - max-age=31536000; includeSubDomains
      transfer-encoding:
      - chunked
      vary:
      - Accept-Encoding
      x-content-type-options:
      - nosniff
      x-powered-by:
      - ASP.NET
    status:
      code: 200
      message: OK
- request:
    body: null
    headers:
      Accept:
      - application/json
      Accept-Encoding:
      - gzip, deflate
      CommandName:
      - netappfiles volume create
      Connection:
      - keep-alive
      ParameterSetName:
      - --resource-group --account-name --pool-name --volume-name -l --service-level
        --usage-threshold --file-path --vnet --subnet --protocol-types --tags
      User-Agent:
      - python/3.7.5 (Windows-10-10.0.18362-SP0) msrest/0.6.11 msrest_azure/0.6.3
        azure-mgmt-netapp/0.8.0 Azure-SDK-For-Python AZURECLI/2.5.1
    method: GET
    uri: https://management.azure.com/subscriptions/00000000-0000-0000-0000-000000000000/providers/Microsoft.NetApp/locations/westus2stage/operationResults/14fb9d88-a7b0-490f-ab78-a706eed1714a?api-version=2019-10-01
  response:
    body:
      string: '{"id":"/subscriptions/00000000-0000-0000-0000-000000000000/providers/Microsoft.NetApp/locations/westus2stage/operationResults/14fb9d88-a7b0-490f-ab78-a706eed1714a","name":"14fb9d88-a7b0-490f-ab78-a706eed1714a","status":"Creating","startTime":"2020-05-13T14:18:18.3860663Z","endTime":"0001-01-01T00:00:00Z","percentComplete":0.0,"properties":{"resourceName":"/subscriptions/00000000-0000-0000-0000-000000000000/resourceGroups/cli_netappfiles_test_volume_000001/providers/Microsoft.NetApp/netAppAccounts/cli-acc-000002/capacityPools/cli-pool-000003/volumes/cli-vol-000004"}}'
    headers:
      access-control-expose-headers:
      - Request-Context
      cache-control:
      - no-cache
      content-length:
      - '642'
      content-type:
      - application/json; charset=utf-8
      date:
      - Wed, 13 May 2020 14:20:22 GMT
      expires:
      - '-1'
      pragma:
      - no-cache
      request-context:
      - appId=cid-v1:2c4cb680-0a1f-424d-bb8d-8e650ba68d53
      server:
      - Microsoft-IIS/10.0
      strict-transport-security:
      - max-age=31536000; includeSubDomains
      transfer-encoding:
      - chunked
      vary:
      - Accept-Encoding
      x-content-type-options:
      - nosniff
      x-powered-by:
      - ASP.NET
    status:
      code: 200
      message: OK
- request:
    body: null
    headers:
      Accept:
      - application/json
      Accept-Encoding:
      - gzip, deflate
      CommandName:
      - netappfiles volume create
      Connection:
      - keep-alive
      ParameterSetName:
      - --resource-group --account-name --pool-name --volume-name -l --service-level
        --usage-threshold --file-path --vnet --subnet --protocol-types --tags
      User-Agent:
      - python/3.7.5 (Windows-10-10.0.18362-SP0) msrest/0.6.11 msrest_azure/0.6.3
        azure-mgmt-netapp/0.8.0 Azure-SDK-For-Python AZURECLI/2.5.1
    method: GET
    uri: https://management.azure.com/subscriptions/00000000-0000-0000-0000-000000000000/providers/Microsoft.NetApp/locations/westus2stage/operationResults/14fb9d88-a7b0-490f-ab78-a706eed1714a?api-version=2019-10-01
  response:
    body:
      string: '{"id":"/subscriptions/00000000-0000-0000-0000-000000000000/providers/Microsoft.NetApp/locations/westus2stage/operationResults/14fb9d88-a7b0-490f-ab78-a706eed1714a","name":"14fb9d88-a7b0-490f-ab78-a706eed1714a","status":"Creating","startTime":"2020-05-13T14:18:18.3860663Z","endTime":"0001-01-01T00:00:00Z","percentComplete":0.0,"properties":{"resourceName":"/subscriptions/00000000-0000-0000-0000-000000000000/resourceGroups/cli_netappfiles_test_volume_000001/providers/Microsoft.NetApp/netAppAccounts/cli-acc-000002/capacityPools/cli-pool-000003/volumes/cli-vol-000004"}}'
    headers:
      access-control-expose-headers:
      - Request-Context
      cache-control:
      - no-cache
      content-length:
      - '642'
      content-type:
      - application/json; charset=utf-8
      date:
      - Wed, 13 May 2020 14:20:52 GMT
      expires:
      - '-1'
      pragma:
      - no-cache
      request-context:
      - appId=cid-v1:2c4cb680-0a1f-424d-bb8d-8e650ba68d53
      server:
      - Microsoft-IIS/10.0
      strict-transport-security:
      - max-age=31536000; includeSubDomains
      transfer-encoding:
      - chunked
      vary:
      - Accept-Encoding
      x-content-type-options:
      - nosniff
      x-powered-by:
      - ASP.NET
    status:
      code: 200
      message: OK
- request:
    body: null
    headers:
      Accept:
      - application/json
      Accept-Encoding:
      - gzip, deflate
      CommandName:
      - netappfiles volume create
      Connection:
      - keep-alive
      ParameterSetName:
      - --resource-group --account-name --pool-name --volume-name -l --service-level
        --usage-threshold --file-path --vnet --subnet --protocol-types --tags
      User-Agent:
      - python/3.7.5 (Windows-10-10.0.18362-SP0) msrest/0.6.11 msrest_azure/0.6.3
        azure-mgmt-netapp/0.8.0 Azure-SDK-For-Python AZURECLI/2.5.1
    method: GET
    uri: https://management.azure.com/subscriptions/00000000-0000-0000-0000-000000000000/providers/Microsoft.NetApp/locations/westus2stage/operationResults/14fb9d88-a7b0-490f-ab78-a706eed1714a?api-version=2019-10-01
  response:
    body:
      string: '{"id":"/subscriptions/00000000-0000-0000-0000-000000000000/providers/Microsoft.NetApp/locations/westus2stage/operationResults/14fb9d88-a7b0-490f-ab78-a706eed1714a","name":"14fb9d88-a7b0-490f-ab78-a706eed1714a","status":"Creating","startTime":"2020-05-13T14:18:18.3860663Z","endTime":"0001-01-01T00:00:00Z","percentComplete":0.0,"properties":{"resourceName":"/subscriptions/00000000-0000-0000-0000-000000000000/resourceGroups/cli_netappfiles_test_volume_000001/providers/Microsoft.NetApp/netAppAccounts/cli-acc-000002/capacityPools/cli-pool-000003/volumes/cli-vol-000004"}}'
    headers:
      access-control-expose-headers:
      - Request-Context
      cache-control:
      - no-cache
      content-length:
      - '642'
      content-type:
      - application/json; charset=utf-8
      date:
      - Wed, 13 May 2020 14:21:22 GMT
      expires:
      - '-1'
      pragma:
      - no-cache
      request-context:
      - appId=cid-v1:2c4cb680-0a1f-424d-bb8d-8e650ba68d53
      server:
      - Microsoft-IIS/10.0
      strict-transport-security:
      - max-age=31536000; includeSubDomains
      transfer-encoding:
      - chunked
      vary:
      - Accept-Encoding
      x-content-type-options:
      - nosniff
      x-powered-by:
      - ASP.NET
    status:
      code: 200
      message: OK
- request:
    body: null
    headers:
      Accept:
      - application/json
      Accept-Encoding:
      - gzip, deflate
      CommandName:
      - netappfiles volume create
      Connection:
      - keep-alive
      ParameterSetName:
      - --resource-group --account-name --pool-name --volume-name -l --service-level
        --usage-threshold --file-path --vnet --subnet --protocol-types --tags
      User-Agent:
      - python/3.7.5 (Windows-10-10.0.18362-SP0) msrest/0.6.11 msrest_azure/0.6.3
        azure-mgmt-netapp/0.8.0 Azure-SDK-For-Python AZURECLI/2.5.1
    method: GET
    uri: https://management.azure.com/subscriptions/00000000-0000-0000-0000-000000000000/providers/Microsoft.NetApp/locations/westus2stage/operationResults/14fb9d88-a7b0-490f-ab78-a706eed1714a?api-version=2019-10-01
  response:
    body:
      string: '{"id":"/subscriptions/00000000-0000-0000-0000-000000000000/providers/Microsoft.NetApp/locations/westus2stage/operationResults/14fb9d88-a7b0-490f-ab78-a706eed1714a","name":"14fb9d88-a7b0-490f-ab78-a706eed1714a","status":"Creating","startTime":"2020-05-13T14:18:18.3860663Z","endTime":"0001-01-01T00:00:00Z","percentComplete":0.0,"properties":{"resourceName":"/subscriptions/00000000-0000-0000-0000-000000000000/resourceGroups/cli_netappfiles_test_volume_000001/providers/Microsoft.NetApp/netAppAccounts/cli-acc-000002/capacityPools/cli-pool-000003/volumes/cli-vol-000004"}}'
    headers:
      access-control-expose-headers:
      - Request-Context
      cache-control:
      - no-cache
      content-length:
      - '642'
      content-type:
      - application/json; charset=utf-8
      date:
      - Wed, 13 May 2020 14:21:52 GMT
      expires:
      - '-1'
      pragma:
      - no-cache
      request-context:
      - appId=cid-v1:2c4cb680-0a1f-424d-bb8d-8e650ba68d53
      server:
      - Microsoft-IIS/10.0
      strict-transport-security:
      - max-age=31536000; includeSubDomains
      transfer-encoding:
      - chunked
      vary:
      - Accept-Encoding
      x-content-type-options:
      - nosniff
      x-powered-by:
      - ASP.NET
    status:
      code: 200
      message: OK
- request:
    body: null
    headers:
      Accept:
      - application/json
      Accept-Encoding:
      - gzip, deflate
      CommandName:
      - netappfiles volume create
      Connection:
      - keep-alive
      ParameterSetName:
      - --resource-group --account-name --pool-name --volume-name -l --service-level
        --usage-threshold --file-path --vnet --subnet --protocol-types --tags
      User-Agent:
      - python/3.7.5 (Windows-10-10.0.18362-SP0) msrest/0.6.11 msrest_azure/0.6.3
        azure-mgmt-netapp/0.8.0 Azure-SDK-For-Python AZURECLI/2.5.1
    method: GET
    uri: https://management.azure.com/subscriptions/00000000-0000-0000-0000-000000000000/providers/Microsoft.NetApp/locations/westus2stage/operationResults/14fb9d88-a7b0-490f-ab78-a706eed1714a?api-version=2019-10-01
  response:
    body:
      string: '{"id":"/subscriptions/00000000-0000-0000-0000-000000000000/providers/Microsoft.NetApp/locations/westus2stage/operationResults/14fb9d88-a7b0-490f-ab78-a706eed1714a","name":"14fb9d88-a7b0-490f-ab78-a706eed1714a","status":"Creating","startTime":"2020-05-13T14:18:18.3860663Z","endTime":"0001-01-01T00:00:00Z","percentComplete":0.0,"properties":{"resourceName":"/subscriptions/00000000-0000-0000-0000-000000000000/resourceGroups/cli_netappfiles_test_volume_000001/providers/Microsoft.NetApp/netAppAccounts/cli-acc-000002/capacityPools/cli-pool-000003/volumes/cli-vol-000004"}}'
    headers:
      access-control-expose-headers:
      - Request-Context
      cache-control:
      - no-cache
      content-length:
      - '642'
      content-type:
      - application/json; charset=utf-8
      date:
      - Wed, 13 May 2020 14:22:23 GMT
      expires:
      - '-1'
      pragma:
      - no-cache
      request-context:
      - appId=cid-v1:2c4cb680-0a1f-424d-bb8d-8e650ba68d53
      server:
      - Microsoft-IIS/10.0
      strict-transport-security:
      - max-age=31536000; includeSubDomains
      transfer-encoding:
      - chunked
      vary:
      - Accept-Encoding
      x-content-type-options:
      - nosniff
      x-powered-by:
      - ASP.NET
    status:
      code: 200
      message: OK
- request:
    body: null
    headers:
      Accept:
      - application/json
      Accept-Encoding:
      - gzip, deflate
      CommandName:
      - netappfiles volume create
      Connection:
      - keep-alive
      ParameterSetName:
      - --resource-group --account-name --pool-name --volume-name -l --service-level
        --usage-threshold --file-path --vnet --subnet --protocol-types --tags
      User-Agent:
      - python/3.7.5 (Windows-10-10.0.18362-SP0) msrest/0.6.11 msrest_azure/0.6.3
        azure-mgmt-netapp/0.8.0 Azure-SDK-For-Python AZURECLI/2.5.1
    method: GET
    uri: https://management.azure.com/subscriptions/00000000-0000-0000-0000-000000000000/providers/Microsoft.NetApp/locations/westus2stage/operationResults/14fb9d88-a7b0-490f-ab78-a706eed1714a?api-version=2019-10-01
  response:
    body:
      string: '{"id":"/subscriptions/00000000-0000-0000-0000-000000000000/providers/Microsoft.NetApp/locations/westus2stage/operationResults/14fb9d88-a7b0-490f-ab78-a706eed1714a","name":"14fb9d88-a7b0-490f-ab78-a706eed1714a","status":"Creating","startTime":"2020-05-13T14:18:18.3860663Z","endTime":"0001-01-01T00:00:00Z","percentComplete":0.0,"properties":{"resourceName":"/subscriptions/00000000-0000-0000-0000-000000000000/resourceGroups/cli_netappfiles_test_volume_000001/providers/Microsoft.NetApp/netAppAccounts/cli-acc-000002/capacityPools/cli-pool-000003/volumes/cli-vol-000004"}}'
    headers:
      access-control-expose-headers:
      - Request-Context
      cache-control:
      - no-cache
      content-length:
      - '642'
      content-type:
      - application/json; charset=utf-8
      date:
      - Wed, 13 May 2020 14:22:53 GMT
      expires:
      - '-1'
      pragma:
      - no-cache
      request-context:
      - appId=cid-v1:2c4cb680-0a1f-424d-bb8d-8e650ba68d53
      server:
      - Microsoft-IIS/10.0
      strict-transport-security:
      - max-age=31536000; includeSubDomains
      transfer-encoding:
      - chunked
      vary:
      - Accept-Encoding
      x-content-type-options:
      - nosniff
      x-powered-by:
      - ASP.NET
    status:
      code: 200
      message: OK
- request:
    body: null
    headers:
      Accept:
      - application/json
      Accept-Encoding:
      - gzip, deflate
      CommandName:
      - netappfiles volume create
      Connection:
      - keep-alive
      ParameterSetName:
      - --resource-group --account-name --pool-name --volume-name -l --service-level
        --usage-threshold --file-path --vnet --subnet --protocol-types --tags
      User-Agent:
      - python/3.7.5 (Windows-10-10.0.18362-SP0) msrest/0.6.11 msrest_azure/0.6.3
        azure-mgmt-netapp/0.8.0 Azure-SDK-For-Python AZURECLI/2.5.1
    method: GET
    uri: https://management.azure.com/subscriptions/00000000-0000-0000-0000-000000000000/providers/Microsoft.NetApp/locations/westus2stage/operationResults/14fb9d88-a7b0-490f-ab78-a706eed1714a?api-version=2019-10-01
  response:
    body:
      string: '{"id":"/subscriptions/00000000-0000-0000-0000-000000000000/providers/Microsoft.NetApp/locations/westus2stage/operationResults/14fb9d88-a7b0-490f-ab78-a706eed1714a","name":"14fb9d88-a7b0-490f-ab78-a706eed1714a","status":"Creating","startTime":"2020-05-13T14:18:18.3860663Z","endTime":"0001-01-01T00:00:00Z","percentComplete":0.0,"properties":{"resourceName":"/subscriptions/00000000-0000-0000-0000-000000000000/resourceGroups/cli_netappfiles_test_volume_000001/providers/Microsoft.NetApp/netAppAccounts/cli-acc-000002/capacityPools/cli-pool-000003/volumes/cli-vol-000004"}}'
    headers:
      access-control-expose-headers:
      - Request-Context
      cache-control:
      - no-cache
      content-length:
      - '642'
      content-type:
      - application/json; charset=utf-8
      date:
      - Wed, 13 May 2020 14:23:25 GMT
      expires:
      - '-1'
      pragma:
      - no-cache
      request-context:
      - appId=cid-v1:2c4cb680-0a1f-424d-bb8d-8e650ba68d53
      server:
      - Microsoft-IIS/10.0
      strict-transport-security:
      - max-age=31536000; includeSubDomains
      transfer-encoding:
      - chunked
      vary:
      - Accept-Encoding
      x-content-type-options:
      - nosniff
      x-powered-by:
      - ASP.NET
    status:
      code: 200
      message: OK
- request:
    body: null
    headers:
      Accept:
      - application/json
      Accept-Encoding:
      - gzip, deflate
      CommandName:
      - netappfiles volume create
      Connection:
      - keep-alive
      ParameterSetName:
      - --resource-group --account-name --pool-name --volume-name -l --service-level
        --usage-threshold --file-path --vnet --subnet --protocol-types --tags
      User-Agent:
      - python/3.7.5 (Windows-10-10.0.18362-SP0) msrest/0.6.11 msrest_azure/0.6.3
        azure-mgmt-netapp/0.8.0 Azure-SDK-For-Python AZURECLI/2.5.1
    method: GET
    uri: https://management.azure.com/subscriptions/00000000-0000-0000-0000-000000000000/providers/Microsoft.NetApp/locations/westus2stage/operationResults/14fb9d88-a7b0-490f-ab78-a706eed1714a?api-version=2019-10-01
  response:
    body:
      string: '{"id":"/subscriptions/00000000-0000-0000-0000-000000000000/providers/Microsoft.NetApp/locations/westus2stage/operationResults/14fb9d88-a7b0-490f-ab78-a706eed1714a","name":"14fb9d88-a7b0-490f-ab78-a706eed1714a","status":"Creating","startTime":"2020-05-13T14:18:18.3860663Z","endTime":"0001-01-01T00:00:00Z","percentComplete":0.0,"properties":{"resourceName":"/subscriptions/00000000-0000-0000-0000-000000000000/resourceGroups/cli_netappfiles_test_volume_000001/providers/Microsoft.NetApp/netAppAccounts/cli-acc-000002/capacityPools/cli-pool-000003/volumes/cli-vol-000004"}}'
    headers:
      access-control-expose-headers:
      - Request-Context
      cache-control:
      - no-cache
      content-length:
      - '642'
      content-type:
      - application/json; charset=utf-8
      date:
      - Wed, 13 May 2020 14:23:55 GMT
      expires:
      - '-1'
      pragma:
      - no-cache
      request-context:
      - appId=cid-v1:2c4cb680-0a1f-424d-bb8d-8e650ba68d53
      server:
      - Microsoft-IIS/10.0
      strict-transport-security:
      - max-age=31536000; includeSubDomains
      transfer-encoding:
      - chunked
      vary:
      - Accept-Encoding
      x-content-type-options:
      - nosniff
      x-powered-by:
      - ASP.NET
    status:
      code: 200
      message: OK
- request:
    body: null
    headers:
      Accept:
      - application/json
      Accept-Encoding:
      - gzip, deflate
      CommandName:
      - netappfiles volume create
      Connection:
      - keep-alive
      ParameterSetName:
      - --resource-group --account-name --pool-name --volume-name -l --service-level
        --usage-threshold --file-path --vnet --subnet --protocol-types --tags
      User-Agent:
      - python/3.7.5 (Windows-10-10.0.18362-SP0) msrest/0.6.11 msrest_azure/0.6.3
        azure-mgmt-netapp/0.8.0 Azure-SDK-For-Python AZURECLI/2.5.1
    method: GET
    uri: https://management.azure.com/subscriptions/00000000-0000-0000-0000-000000000000/providers/Microsoft.NetApp/locations/westus2stage/operationResults/14fb9d88-a7b0-490f-ab78-a706eed1714a?api-version=2019-10-01
  response:
    body:
      string: '{"id":"/subscriptions/00000000-0000-0000-0000-000000000000/providers/Microsoft.NetApp/locations/westus2stage/operationResults/14fb9d88-a7b0-490f-ab78-a706eed1714a","name":"14fb9d88-a7b0-490f-ab78-a706eed1714a","status":"Creating","startTime":"2020-05-13T14:18:18.3860663Z","endTime":"0001-01-01T00:00:00Z","percentComplete":0.0,"properties":{"resourceName":"/subscriptions/00000000-0000-0000-0000-000000000000/resourceGroups/cli_netappfiles_test_volume_000001/providers/Microsoft.NetApp/netAppAccounts/cli-acc-000002/capacityPools/cli-pool-000003/volumes/cli-vol-000004"}}'
    headers:
      access-control-expose-headers:
      - Request-Context
      cache-control:
      - no-cache
      content-length:
      - '642'
      content-type:
      - application/json; charset=utf-8
      date:
      - Wed, 13 May 2020 14:24:25 GMT
      expires:
      - '-1'
      pragma:
      - no-cache
      request-context:
      - appId=cid-v1:2c4cb680-0a1f-424d-bb8d-8e650ba68d53
      server:
      - Microsoft-IIS/10.0
      strict-transport-security:
      - max-age=31536000; includeSubDomains
      transfer-encoding:
      - chunked
      vary:
      - Accept-Encoding
      x-content-type-options:
      - nosniff
      x-powered-by:
      - ASP.NET
    status:
      code: 200
      message: OK
- request:
    body: null
    headers:
      Accept:
      - application/json
      Accept-Encoding:
      - gzip, deflate
      CommandName:
      - netappfiles volume create
      Connection:
      - keep-alive
      ParameterSetName:
      - --resource-group --account-name --pool-name --volume-name -l --service-level
        --usage-threshold --file-path --vnet --subnet --protocol-types --tags
      User-Agent:
      - python/3.7.5 (Windows-10-10.0.18362-SP0) msrest/0.6.11 msrest_azure/0.6.3
        azure-mgmt-netapp/0.8.0 Azure-SDK-For-Python AZURECLI/2.5.1
    method: GET
    uri: https://management.azure.com/subscriptions/00000000-0000-0000-0000-000000000000/providers/Microsoft.NetApp/locations/westus2stage/operationResults/14fb9d88-a7b0-490f-ab78-a706eed1714a?api-version=2019-10-01
  response:
    body:
      string: '{"id":"/subscriptions/00000000-0000-0000-0000-000000000000/providers/Microsoft.NetApp/locations/westus2stage/operationResults/14fb9d88-a7b0-490f-ab78-a706eed1714a","name":"14fb9d88-a7b0-490f-ab78-a706eed1714a","status":"Creating","startTime":"2020-05-13T14:18:18.3860663Z","endTime":"0001-01-01T00:00:00Z","percentComplete":0.0,"properties":{"resourceName":"/subscriptions/00000000-0000-0000-0000-000000000000/resourceGroups/cli_netappfiles_test_volume_000001/providers/Microsoft.NetApp/netAppAccounts/cli-acc-000002/capacityPools/cli-pool-000003/volumes/cli-vol-000004"}}'
    headers:
      access-control-expose-headers:
      - Request-Context
      cache-control:
      - no-cache
      content-length:
      - '642'
      content-type:
      - application/json; charset=utf-8
      date:
      - Wed, 13 May 2020 14:24:56 GMT
      expires:
      - '-1'
      pragma:
      - no-cache
      request-context:
      - appId=cid-v1:2c4cb680-0a1f-424d-bb8d-8e650ba68d53
      server:
      - Microsoft-IIS/10.0
      strict-transport-security:
      - max-age=31536000; includeSubDomains
      transfer-encoding:
      - chunked
      vary:
      - Accept-Encoding
      x-content-type-options:
      - nosniff
      x-powered-by:
      - ASP.NET
    status:
      code: 200
      message: OK
- request:
    body: null
    headers:
      Accept:
      - application/json
      Accept-Encoding:
      - gzip, deflate
      CommandName:
      - netappfiles volume create
      Connection:
      - keep-alive
      ParameterSetName:
      - --resource-group --account-name --pool-name --volume-name -l --service-level
        --usage-threshold --file-path --vnet --subnet --protocol-types --tags
      User-Agent:
      - python/3.7.5 (Windows-10-10.0.18362-SP0) msrest/0.6.11 msrest_azure/0.6.3
        azure-mgmt-netapp/0.8.0 Azure-SDK-For-Python AZURECLI/2.5.1
    method: GET
    uri: https://management.azure.com/subscriptions/00000000-0000-0000-0000-000000000000/providers/Microsoft.NetApp/locations/westus2stage/operationResults/14fb9d88-a7b0-490f-ab78-a706eed1714a?api-version=2019-10-01
  response:
    body:
      string: '{"id":"/subscriptions/00000000-0000-0000-0000-000000000000/providers/Microsoft.NetApp/locations/westus2stage/operationResults/14fb9d88-a7b0-490f-ab78-a706eed1714a","name":"14fb9d88-a7b0-490f-ab78-a706eed1714a","status":"Creating","startTime":"2020-05-13T14:18:18.3860663Z","endTime":"0001-01-01T00:00:00Z","percentComplete":0.0,"properties":{"resourceName":"/subscriptions/00000000-0000-0000-0000-000000000000/resourceGroups/cli_netappfiles_test_volume_000001/providers/Microsoft.NetApp/netAppAccounts/cli-acc-000002/capacityPools/cli-pool-000003/volumes/cli-vol-000004"}}'
    headers:
      access-control-expose-headers:
      - Request-Context
      cache-control:
      - no-cache
      content-length:
      - '642'
      content-type:
      - application/json; charset=utf-8
      date:
      - Wed, 13 May 2020 14:25:26 GMT
      expires:
      - '-1'
      pragma:
      - no-cache
      request-context:
      - appId=cid-v1:2c4cb680-0a1f-424d-bb8d-8e650ba68d53
      server:
      - Microsoft-IIS/10.0
      strict-transport-security:
      - max-age=31536000; includeSubDomains
      transfer-encoding:
      - chunked
      vary:
      - Accept-Encoding
      x-content-type-options:
      - nosniff
      x-powered-by:
      - ASP.NET
    status:
      code: 200
      message: OK
- request:
    body: null
    headers:
      Accept:
      - application/json
      Accept-Encoding:
      - gzip, deflate
      CommandName:
      - netappfiles volume create
      Connection:
      - keep-alive
      ParameterSetName:
      - --resource-group --account-name --pool-name --volume-name -l --service-level
        --usage-threshold --file-path --vnet --subnet --protocol-types --tags
      User-Agent:
      - python/3.7.5 (Windows-10-10.0.18362-SP0) msrest/0.6.11 msrest_azure/0.6.3
        azure-mgmt-netapp/0.8.0 Azure-SDK-For-Python AZURECLI/2.5.1
    method: GET
    uri: https://management.azure.com/subscriptions/00000000-0000-0000-0000-000000000000/providers/Microsoft.NetApp/locations/westus2stage/operationResults/14fb9d88-a7b0-490f-ab78-a706eed1714a?api-version=2019-10-01
  response:
    body:
      string: '{"id":"/subscriptions/00000000-0000-0000-0000-000000000000/providers/Microsoft.NetApp/locations/westus2stage/operationResults/14fb9d88-a7b0-490f-ab78-a706eed1714a","name":"14fb9d88-a7b0-490f-ab78-a706eed1714a","status":"Creating","startTime":"2020-05-13T14:18:18.3860663Z","endTime":"0001-01-01T00:00:00Z","percentComplete":0.0,"properties":{"resourceName":"/subscriptions/00000000-0000-0000-0000-000000000000/resourceGroups/cli_netappfiles_test_volume_000001/providers/Microsoft.NetApp/netAppAccounts/cli-acc-000002/capacityPools/cli-pool-000003/volumes/cli-vol-000004"}}'
    headers:
      access-control-expose-headers:
      - Request-Context
      cache-control:
      - no-cache
      content-length:
      - '642'
      content-type:
      - application/json; charset=utf-8
      date:
      - Wed, 13 May 2020 14:25:57 GMT
      expires:
      - '-1'
      pragma:
      - no-cache
      request-context:
      - appId=cid-v1:2c4cb680-0a1f-424d-bb8d-8e650ba68d53
      server:
      - Microsoft-IIS/10.0
      strict-transport-security:
      - max-age=31536000; includeSubDomains
      transfer-encoding:
      - chunked
      vary:
      - Accept-Encoding
      x-content-type-options:
      - nosniff
      x-powered-by:
      - ASP.NET
    status:
      code: 200
      message: OK
- request:
    body: null
    headers:
      Accept:
      - application/json
      Accept-Encoding:
      - gzip, deflate
      CommandName:
      - netappfiles volume create
      Connection:
      - keep-alive
      ParameterSetName:
      - --resource-group --account-name --pool-name --volume-name -l --service-level
        --usage-threshold --file-path --vnet --subnet --protocol-types --tags
      User-Agent:
      - python/3.7.5 (Windows-10-10.0.18362-SP0) msrest/0.6.11 msrest_azure/0.6.3
        azure-mgmt-netapp/0.8.0 Azure-SDK-For-Python AZURECLI/2.5.1
    method: GET
    uri: https://management.azure.com/subscriptions/00000000-0000-0000-0000-000000000000/providers/Microsoft.NetApp/locations/westus2stage/operationResults/14fb9d88-a7b0-490f-ab78-a706eed1714a?api-version=2019-10-01
  response:
    body:
      string: '{"id":"/subscriptions/00000000-0000-0000-0000-000000000000/providers/Microsoft.NetApp/locations/westus2stage/operationResults/14fb9d88-a7b0-490f-ab78-a706eed1714a","name":"14fb9d88-a7b0-490f-ab78-a706eed1714a","status":"Creating","startTime":"2020-05-13T14:18:18.3860663Z","endTime":"0001-01-01T00:00:00Z","percentComplete":0.0,"properties":{"resourceName":"/subscriptions/00000000-0000-0000-0000-000000000000/resourceGroups/cli_netappfiles_test_volume_000001/providers/Microsoft.NetApp/netAppAccounts/cli-acc-000002/capacityPools/cli-pool-000003/volumes/cli-vol-000004"}}'
    headers:
      access-control-expose-headers:
      - Request-Context
      cache-control:
      - no-cache
      content-length:
      - '642'
      content-type:
      - application/json; charset=utf-8
      date:
      - Wed, 13 May 2020 14:26:27 GMT
      expires:
      - '-1'
      pragma:
      - no-cache
      request-context:
      - appId=cid-v1:2c4cb680-0a1f-424d-bb8d-8e650ba68d53
      server:
      - Microsoft-IIS/10.0
      strict-transport-security:
      - max-age=31536000; includeSubDomains
      transfer-encoding:
      - chunked
      vary:
      - Accept-Encoding
      x-content-type-options:
      - nosniff
      x-powered-by:
      - ASP.NET
    status:
      code: 200
      message: OK
- request:
    body: null
    headers:
      Accept:
      - application/json
      Accept-Encoding:
      - gzip, deflate
      CommandName:
      - netappfiles volume create
      Connection:
      - keep-alive
      ParameterSetName:
      - --resource-group --account-name --pool-name --volume-name -l --service-level
        --usage-threshold --file-path --vnet --subnet --protocol-types --tags
      User-Agent:
      - python/3.7.5 (Windows-10-10.0.18362-SP0) msrest/0.6.11 msrest_azure/0.6.3
        azure-mgmt-netapp/0.8.0 Azure-SDK-For-Python AZURECLI/2.5.1
    method: GET
    uri: https://management.azure.com/subscriptions/00000000-0000-0000-0000-000000000000/providers/Microsoft.NetApp/locations/westus2stage/operationResults/14fb9d88-a7b0-490f-ab78-a706eed1714a?api-version=2019-10-01
  response:
    body:
      string: '{"id":"/subscriptions/00000000-0000-0000-0000-000000000000/providers/Microsoft.NetApp/locations/westus2stage/operationResults/14fb9d88-a7b0-490f-ab78-a706eed1714a","name":"14fb9d88-a7b0-490f-ab78-a706eed1714a","status":"Creating","startTime":"2020-05-13T14:18:18.3860663Z","endTime":"0001-01-01T00:00:00Z","percentComplete":0.0,"properties":{"resourceName":"/subscriptions/00000000-0000-0000-0000-000000000000/resourceGroups/cli_netappfiles_test_volume_000001/providers/Microsoft.NetApp/netAppAccounts/cli-acc-000002/capacityPools/cli-pool-000003/volumes/cli-vol-000004"}}'
    headers:
      access-control-expose-headers:
      - Request-Context
      cache-control:
      - no-cache
      content-length:
      - '642'
      content-type:
      - application/json; charset=utf-8
      date:
      - Wed, 13 May 2020 14:26:58 GMT
      expires:
      - '-1'
      pragma:
      - no-cache
      request-context:
      - appId=cid-v1:2c4cb680-0a1f-424d-bb8d-8e650ba68d53
      server:
      - Microsoft-IIS/10.0
      strict-transport-security:
      - max-age=31536000; includeSubDomains
      transfer-encoding:
      - chunked
      vary:
      - Accept-Encoding
      x-content-type-options:
      - nosniff
      x-powered-by:
      - ASP.NET
    status:
      code: 200
      message: OK
- request:
    body: null
    headers:
      Accept:
      - application/json
      Accept-Encoding:
      - gzip, deflate
      CommandName:
      - netappfiles volume create
      Connection:
      - keep-alive
      ParameterSetName:
      - --resource-group --account-name --pool-name --volume-name -l --service-level
        --usage-threshold --file-path --vnet --subnet --protocol-types --tags
      User-Agent:
      - python/3.7.5 (Windows-10-10.0.18362-SP0) msrest/0.6.11 msrest_azure/0.6.3
        azure-mgmt-netapp/0.8.0 Azure-SDK-For-Python AZURECLI/2.5.1
    method: GET
    uri: https://management.azure.com/subscriptions/00000000-0000-0000-0000-000000000000/providers/Microsoft.NetApp/locations/westus2stage/operationResults/14fb9d88-a7b0-490f-ab78-a706eed1714a?api-version=2019-10-01
  response:
    body:
      string: '{"id":"/subscriptions/00000000-0000-0000-0000-000000000000/providers/Microsoft.NetApp/locations/westus2stage/operationResults/14fb9d88-a7b0-490f-ab78-a706eed1714a","name":"14fb9d88-a7b0-490f-ab78-a706eed1714a","status":"Creating","startTime":"2020-05-13T14:18:18.3860663Z","endTime":"0001-01-01T00:00:00Z","percentComplete":0.0,"properties":{"resourceName":"/subscriptions/00000000-0000-0000-0000-000000000000/resourceGroups/cli_netappfiles_test_volume_000001/providers/Microsoft.NetApp/netAppAccounts/cli-acc-000002/capacityPools/cli-pool-000003/volumes/cli-vol-000004"}}'
    headers:
      access-control-expose-headers:
      - Request-Context
      cache-control:
      - no-cache
      content-length:
      - '642'
      content-type:
      - application/json; charset=utf-8
      date:
      - Wed, 13 May 2020 14:27:28 GMT
      expires:
      - '-1'
      pragma:
      - no-cache
      request-context:
      - appId=cid-v1:2c4cb680-0a1f-424d-bb8d-8e650ba68d53
      server:
      - Microsoft-IIS/10.0
      strict-transport-security:
      - max-age=31536000; includeSubDomains
      transfer-encoding:
      - chunked
      vary:
      - Accept-Encoding
      x-content-type-options:
      - nosniff
      x-powered-by:
      - ASP.NET
    status:
      code: 200
      message: OK
- request:
    body: null
    headers:
      Accept:
      - application/json
      Accept-Encoding:
      - gzip, deflate
      CommandName:
      - netappfiles volume create
      Connection:
      - keep-alive
      ParameterSetName:
      - --resource-group --account-name --pool-name --volume-name -l --service-level
        --usage-threshold --file-path --vnet --subnet --protocol-types --tags
      User-Agent:
      - python/3.7.5 (Windows-10-10.0.18362-SP0) msrest/0.6.11 msrest_azure/0.6.3
        azure-mgmt-netapp/0.8.0 Azure-SDK-For-Python AZURECLI/2.5.1
    method: GET
    uri: https://management.azure.com/subscriptions/00000000-0000-0000-0000-000000000000/providers/Microsoft.NetApp/locations/westus2stage/operationResults/14fb9d88-a7b0-490f-ab78-a706eed1714a?api-version=2019-10-01
  response:
    body:
      string: '{"id":"/subscriptions/00000000-0000-0000-0000-000000000000/providers/Microsoft.NetApp/locations/westus2stage/operationResults/14fb9d88-a7b0-490f-ab78-a706eed1714a","name":"14fb9d88-a7b0-490f-ab78-a706eed1714a","status":"Creating","startTime":"2020-05-13T14:18:18.3860663Z","endTime":"0001-01-01T00:00:00Z","percentComplete":0.0,"properties":{"resourceName":"/subscriptions/00000000-0000-0000-0000-000000000000/resourceGroups/cli_netappfiles_test_volume_000001/providers/Microsoft.NetApp/netAppAccounts/cli-acc-000002/capacityPools/cli-pool-000003/volumes/cli-vol-000004"}}'
    headers:
      access-control-expose-headers:
      - Request-Context
      cache-control:
      - no-cache
      content-length:
      - '642'
      content-type:
      - application/json; charset=utf-8
      date:
      - Wed, 13 May 2020 14:27:59 GMT
      expires:
      - '-1'
      pragma:
      - no-cache
      request-context:
      - appId=cid-v1:2c4cb680-0a1f-424d-bb8d-8e650ba68d53
      server:
      - Microsoft-IIS/10.0
      strict-transport-security:
      - max-age=31536000; includeSubDomains
      transfer-encoding:
      - chunked
      vary:
      - Accept-Encoding
      x-content-type-options:
      - nosniff
      x-powered-by:
      - ASP.NET
    status:
      code: 200
      message: OK
- request:
    body: null
    headers:
      Accept:
      - application/json
      Accept-Encoding:
      - gzip, deflate
      CommandName:
      - netappfiles volume create
      Connection:
      - keep-alive
      ParameterSetName:
      - --resource-group --account-name --pool-name --volume-name -l --service-level
        --usage-threshold --file-path --vnet --subnet --protocol-types --tags
      User-Agent:
      - python/3.7.5 (Windows-10-10.0.18362-SP0) msrest/0.6.11 msrest_azure/0.6.3
        azure-mgmt-netapp/0.8.0 Azure-SDK-For-Python AZURECLI/2.5.1
    method: GET
    uri: https://management.azure.com/subscriptions/00000000-0000-0000-0000-000000000000/providers/Microsoft.NetApp/locations/westus2stage/operationResults/14fb9d88-a7b0-490f-ab78-a706eed1714a?api-version=2019-10-01
  response:
    body:
      string: '{"id":"/subscriptions/00000000-0000-0000-0000-000000000000/providers/Microsoft.NetApp/locations/westus2stage/operationResults/14fb9d88-a7b0-490f-ab78-a706eed1714a","name":"14fb9d88-a7b0-490f-ab78-a706eed1714a","status":"Creating","startTime":"2020-05-13T14:18:18.3860663Z","endTime":"0001-01-01T00:00:00Z","percentComplete":0.0,"properties":{"resourceName":"/subscriptions/00000000-0000-0000-0000-000000000000/resourceGroups/cli_netappfiles_test_volume_000001/providers/Microsoft.NetApp/netAppAccounts/cli-acc-000002/capacityPools/cli-pool-000003/volumes/cli-vol-000004"}}'
    headers:
      access-control-expose-headers:
      - Request-Context
      cache-control:
      - no-cache
      content-length:
      - '642'
      content-type:
      - application/json; charset=utf-8
      date:
      - Wed, 13 May 2020 14:28:30 GMT
      expires:
      - '-1'
      pragma:
      - no-cache
      request-context:
      - appId=cid-v1:2c4cb680-0a1f-424d-bb8d-8e650ba68d53
      server:
      - Microsoft-IIS/10.0
      strict-transport-security:
      - max-age=31536000; includeSubDomains
      transfer-encoding:
      - chunked
      vary:
      - Accept-Encoding
      x-content-type-options:
      - nosniff
      x-powered-by:
      - ASP.NET
    status:
      code: 200
      message: OK
- request:
    body: null
    headers:
      Accept:
      - application/json
      Accept-Encoding:
      - gzip, deflate
      CommandName:
      - netappfiles volume create
      Connection:
      - keep-alive
      ParameterSetName:
      - --resource-group --account-name --pool-name --volume-name -l --service-level
        --usage-threshold --file-path --vnet --subnet --protocol-types --tags
      User-Agent:
      - python/3.7.5 (Windows-10-10.0.18362-SP0) msrest/0.6.11 msrest_azure/0.6.3
        azure-mgmt-netapp/0.8.0 Azure-SDK-For-Python AZURECLI/2.5.1
    method: GET
    uri: https://management.azure.com/subscriptions/00000000-0000-0000-0000-000000000000/providers/Microsoft.NetApp/locations/westus2stage/operationResults/14fb9d88-a7b0-490f-ab78-a706eed1714a?api-version=2019-10-01
  response:
    body:
      string: '{"id":"/subscriptions/00000000-0000-0000-0000-000000000000/providers/Microsoft.NetApp/locations/westus2stage/operationResults/14fb9d88-a7b0-490f-ab78-a706eed1714a","name":"14fb9d88-a7b0-490f-ab78-a706eed1714a","status":"Creating","startTime":"2020-05-13T14:18:18.3860663Z","endTime":"0001-01-01T00:00:00Z","percentComplete":0.0,"properties":{"resourceName":"/subscriptions/00000000-0000-0000-0000-000000000000/resourceGroups/cli_netappfiles_test_volume_000001/providers/Microsoft.NetApp/netAppAccounts/cli-acc-000002/capacityPools/cli-pool-000003/volumes/cli-vol-000004"}}'
    headers:
      access-control-expose-headers:
      - Request-Context
      cache-control:
      - no-cache
      content-length:
      - '642'
      content-type:
      - application/json; charset=utf-8
      date:
      - Wed, 13 May 2020 14:29:00 GMT
      expires:
      - '-1'
      pragma:
      - no-cache
      request-context:
      - appId=cid-v1:2c4cb680-0a1f-424d-bb8d-8e650ba68d53
      server:
      - Microsoft-IIS/10.0
      strict-transport-security:
      - max-age=31536000; includeSubDomains
      transfer-encoding:
      - chunked
      vary:
      - Accept-Encoding
      x-content-type-options:
      - nosniff
      x-powered-by:
      - ASP.NET
    status:
      code: 200
      message: OK
- request:
    body: null
    headers:
      Accept:
      - application/json
      Accept-Encoding:
      - gzip, deflate
      CommandName:
      - netappfiles volume create
      Connection:
      - keep-alive
      ParameterSetName:
      - --resource-group --account-name --pool-name --volume-name -l --service-level
        --usage-threshold --file-path --vnet --subnet --protocol-types --tags
      User-Agent:
      - python/3.7.5 (Windows-10-10.0.18362-SP0) msrest/0.6.11 msrest_azure/0.6.3
        azure-mgmt-netapp/0.8.0 Azure-SDK-For-Python AZURECLI/2.5.1
    method: GET
    uri: https://management.azure.com/subscriptions/00000000-0000-0000-0000-000000000000/providers/Microsoft.NetApp/locations/westus2stage/operationResults/14fb9d88-a7b0-490f-ab78-a706eed1714a?api-version=2019-10-01
  response:
    body:
      string: '{"id":"/subscriptions/00000000-0000-0000-0000-000000000000/providers/Microsoft.NetApp/locations/westus2stage/operationResults/14fb9d88-a7b0-490f-ab78-a706eed1714a","name":"14fb9d88-a7b0-490f-ab78-a706eed1714a","status":"Creating","startTime":"2020-05-13T14:18:18.3860663Z","endTime":"0001-01-01T00:00:00Z","percentComplete":0.0,"properties":{"resourceName":"/subscriptions/00000000-0000-0000-0000-000000000000/resourceGroups/cli_netappfiles_test_volume_000001/providers/Microsoft.NetApp/netAppAccounts/cli-acc-000002/capacityPools/cli-pool-000003/volumes/cli-vol-000004"}}'
    headers:
      access-control-expose-headers:
      - Request-Context
      cache-control:
      - no-cache
      content-length:
      - '642'
      content-type:
      - application/json; charset=utf-8
      date:
      - Wed, 13 May 2020 14:29:30 GMT
      expires:
      - '-1'
      pragma:
      - no-cache
      request-context:
      - appId=cid-v1:2c4cb680-0a1f-424d-bb8d-8e650ba68d53
      server:
      - Microsoft-IIS/10.0
      strict-transport-security:
      - max-age=31536000; includeSubDomains
      transfer-encoding:
      - chunked
      vary:
      - Accept-Encoding
      x-content-type-options:
      - nosniff
      x-powered-by:
      - ASP.NET
    status:
      code: 200
      message: OK
- request:
    body: null
    headers:
      Accept:
      - application/json
      Accept-Encoding:
      - gzip, deflate
      CommandName:
      - netappfiles volume create
      Connection:
      - keep-alive
      ParameterSetName:
      - --resource-group --account-name --pool-name --volume-name -l --service-level
        --usage-threshold --file-path --vnet --subnet --protocol-types --tags
      User-Agent:
      - python/3.7.5 (Windows-10-10.0.18362-SP0) msrest/0.6.11 msrest_azure/0.6.3
        azure-mgmt-netapp/0.8.0 Azure-SDK-For-Python AZURECLI/2.5.1
    method: GET
    uri: https://management.azure.com/subscriptions/00000000-0000-0000-0000-000000000000/providers/Microsoft.NetApp/locations/westus2stage/operationResults/14fb9d88-a7b0-490f-ab78-a706eed1714a?api-version=2019-10-01
  response:
    body:
      string: '{"id":"/subscriptions/00000000-0000-0000-0000-000000000000/providers/Microsoft.NetApp/locations/westus2stage/operationResults/14fb9d88-a7b0-490f-ab78-a706eed1714a","name":"14fb9d88-a7b0-490f-ab78-a706eed1714a","status":"Creating","startTime":"2020-05-13T14:18:18.3860663Z","endTime":"0001-01-01T00:00:00Z","percentComplete":0.0,"properties":{"resourceName":"/subscriptions/00000000-0000-0000-0000-000000000000/resourceGroups/cli_netappfiles_test_volume_000001/providers/Microsoft.NetApp/netAppAccounts/cli-acc-000002/capacityPools/cli-pool-000003/volumes/cli-vol-000004"}}'
    headers:
      access-control-expose-headers:
      - Request-Context
      cache-control:
      - no-cache
      content-length:
      - '642'
      content-type:
      - application/json; charset=utf-8
      date:
      - Wed, 13 May 2020 14:30:01 GMT
      expires:
      - '-1'
      pragma:
      - no-cache
      request-context:
      - appId=cid-v1:2c4cb680-0a1f-424d-bb8d-8e650ba68d53
      server:
      - Microsoft-IIS/10.0
      strict-transport-security:
      - max-age=31536000; includeSubDomains
      transfer-encoding:
      - chunked
      vary:
      - Accept-Encoding
      x-content-type-options:
      - nosniff
      x-powered-by:
      - ASP.NET
    status:
      code: 200
      message: OK
- request:
    body: null
    headers:
      Accept:
      - application/json
      Accept-Encoding:
      - gzip, deflate
      CommandName:
      - netappfiles volume create
      Connection:
      - keep-alive
      ParameterSetName:
      - --resource-group --account-name --pool-name --volume-name -l --service-level
        --usage-threshold --file-path --vnet --subnet --protocol-types --tags
      User-Agent:
      - python/3.7.5 (Windows-10-10.0.18362-SP0) msrest/0.6.11 msrest_azure/0.6.3
        azure-mgmt-netapp/0.8.0 Azure-SDK-For-Python AZURECLI/2.5.1
    method: GET
    uri: https://management.azure.com/subscriptions/00000000-0000-0000-0000-000000000000/providers/Microsoft.NetApp/locations/westus2stage/operationResults/14fb9d88-a7b0-490f-ab78-a706eed1714a?api-version=2019-10-01
  response:
    body:
      string: '{"id":"/subscriptions/00000000-0000-0000-0000-000000000000/providers/Microsoft.NetApp/locations/westus2stage/operationResults/14fb9d88-a7b0-490f-ab78-a706eed1714a","name":"14fb9d88-a7b0-490f-ab78-a706eed1714a","status":"Creating","startTime":"2020-05-13T14:18:18.3860663Z","endTime":"0001-01-01T00:00:00Z","percentComplete":0.0,"properties":{"resourceName":"/subscriptions/00000000-0000-0000-0000-000000000000/resourceGroups/cli_netappfiles_test_volume_000001/providers/Microsoft.NetApp/netAppAccounts/cli-acc-000002/capacityPools/cli-pool-000003/volumes/cli-vol-000004"}}'
    headers:
      access-control-expose-headers:
      - Request-Context
      cache-control:
      - no-cache
      content-length:
      - '642'
      content-type:
      - application/json; charset=utf-8
      date:
      - Wed, 13 May 2020 14:30:31 GMT
      expires:
      - '-1'
      pragma:
      - no-cache
      request-context:
      - appId=cid-v1:2c4cb680-0a1f-424d-bb8d-8e650ba68d53
      server:
      - Microsoft-IIS/10.0
      strict-transport-security:
      - max-age=31536000; includeSubDomains
      transfer-encoding:
      - chunked
      vary:
      - Accept-Encoding
      x-content-type-options:
      - nosniff
      x-powered-by:
      - ASP.NET
    status:
      code: 200
      message: OK
- request:
    body: null
    headers:
      Accept:
      - application/json
      Accept-Encoding:
      - gzip, deflate
      CommandName:
      - netappfiles volume create
      Connection:
      - keep-alive
      ParameterSetName:
      - --resource-group --account-name --pool-name --volume-name -l --service-level
        --usage-threshold --file-path --vnet --subnet --protocol-types --tags
      User-Agent:
      - python/3.7.5 (Windows-10-10.0.18362-SP0) msrest/0.6.11 msrest_azure/0.6.3
        azure-mgmt-netapp/0.8.0 Azure-SDK-For-Python AZURECLI/2.5.1
    method: GET
    uri: https://management.azure.com/subscriptions/00000000-0000-0000-0000-000000000000/providers/Microsoft.NetApp/locations/westus2stage/operationResults/14fb9d88-a7b0-490f-ab78-a706eed1714a?api-version=2019-10-01
  response:
    body:
      string: '{"id":"/subscriptions/00000000-0000-0000-0000-000000000000/providers/Microsoft.NetApp/locations/westus2stage/operationResults/14fb9d88-a7b0-490f-ab78-a706eed1714a","name":"14fb9d88-a7b0-490f-ab78-a706eed1714a","status":"Creating","startTime":"2020-05-13T14:18:18.3860663Z","endTime":"0001-01-01T00:00:00Z","percentComplete":0.0,"properties":{"resourceName":"/subscriptions/00000000-0000-0000-0000-000000000000/resourceGroups/cli_netappfiles_test_volume_000001/providers/Microsoft.NetApp/netAppAccounts/cli-acc-000002/capacityPools/cli-pool-000003/volumes/cli-vol-000004"}}'
    headers:
      access-control-expose-headers:
      - Request-Context
      cache-control:
      - no-cache
      content-length:
      - '642'
      content-type:
      - application/json; charset=utf-8
      date:
      - Wed, 13 May 2020 14:31:01 GMT
      expires:
      - '-1'
      pragma:
      - no-cache
      request-context:
      - appId=cid-v1:2c4cb680-0a1f-424d-bb8d-8e650ba68d53
      server:
      - Microsoft-IIS/10.0
      strict-transport-security:
      - max-age=31536000; includeSubDomains
      transfer-encoding:
      - chunked
      vary:
      - Accept-Encoding
      x-content-type-options:
      - nosniff
      x-powered-by:
      - ASP.NET
    status:
      code: 200
      message: OK
- request:
    body: null
    headers:
      Accept:
      - application/json
      Accept-Encoding:
      - gzip, deflate
      CommandName:
      - netappfiles volume create
      Connection:
      - keep-alive
      ParameterSetName:
      - --resource-group --account-name --pool-name --volume-name -l --service-level
        --usage-threshold --file-path --vnet --subnet --protocol-types --tags
      User-Agent:
      - python/3.7.5 (Windows-10-10.0.18362-SP0) msrest/0.6.11 msrest_azure/0.6.3
        azure-mgmt-netapp/0.8.0 Azure-SDK-For-Python AZURECLI/2.5.1
    method: GET
    uri: https://management.azure.com/subscriptions/00000000-0000-0000-0000-000000000000/providers/Microsoft.NetApp/locations/westus2stage/operationResults/14fb9d88-a7b0-490f-ab78-a706eed1714a?api-version=2019-10-01
  response:
    body:
      string: '{"id":"/subscriptions/00000000-0000-0000-0000-000000000000/providers/Microsoft.NetApp/locations/westus2stage/operationResults/14fb9d88-a7b0-490f-ab78-a706eed1714a","name":"14fb9d88-a7b0-490f-ab78-a706eed1714a","status":"Creating","startTime":"2020-05-13T14:18:18.3860663Z","endTime":"0001-01-01T00:00:00Z","percentComplete":0.0,"properties":{"resourceName":"/subscriptions/00000000-0000-0000-0000-000000000000/resourceGroups/cli_netappfiles_test_volume_000001/providers/Microsoft.NetApp/netAppAccounts/cli-acc-000002/capacityPools/cli-pool-000003/volumes/cli-vol-000004"}}'
    headers:
      access-control-expose-headers:
      - Request-Context
      cache-control:
      - no-cache
      content-length:
      - '642'
      content-type:
      - application/json; charset=utf-8
      date:
      - Wed, 13 May 2020 14:31:32 GMT
      expires:
      - '-1'
      pragma:
      - no-cache
      request-context:
      - appId=cid-v1:2c4cb680-0a1f-424d-bb8d-8e650ba68d53
      server:
      - Microsoft-IIS/10.0
      strict-transport-security:
      - max-age=31536000; includeSubDomains
      transfer-encoding:
      - chunked
      vary:
      - Accept-Encoding
      x-content-type-options:
      - nosniff
      x-powered-by:
      - ASP.NET
    status:
      code: 200
      message: OK
- request:
    body: null
    headers:
      Accept:
      - application/json
      Accept-Encoding:
      - gzip, deflate
      CommandName:
      - netappfiles volume create
      Connection:
      - keep-alive
      ParameterSetName:
      - --resource-group --account-name --pool-name --volume-name -l --service-level
        --usage-threshold --file-path --vnet --subnet --protocol-types --tags
      User-Agent:
      - python/3.7.5 (Windows-10-10.0.18362-SP0) msrest/0.6.11 msrest_azure/0.6.3
        azure-mgmt-netapp/0.8.0 Azure-SDK-For-Python AZURECLI/2.5.1
    method: GET
    uri: https://management.azure.com/subscriptions/00000000-0000-0000-0000-000000000000/providers/Microsoft.NetApp/locations/westus2stage/operationResults/14fb9d88-a7b0-490f-ab78-a706eed1714a?api-version=2019-10-01
  response:
    body:
      string: '{"id":"/subscriptions/00000000-0000-0000-0000-000000000000/providers/Microsoft.NetApp/locations/westus2stage/operationResults/14fb9d88-a7b0-490f-ab78-a706eed1714a","name":"14fb9d88-a7b0-490f-ab78-a706eed1714a","status":"Creating","startTime":"2020-05-13T14:18:18.3860663Z","endTime":"0001-01-01T00:00:00Z","percentComplete":0.0,"properties":{"resourceName":"/subscriptions/00000000-0000-0000-0000-000000000000/resourceGroups/cli_netappfiles_test_volume_000001/providers/Microsoft.NetApp/netAppAccounts/cli-acc-000002/capacityPools/cli-pool-000003/volumes/cli-vol-000004"}}'
    headers:
      access-control-expose-headers:
      - Request-Context
      cache-control:
      - no-cache
      content-length:
      - '642'
      content-type:
      - application/json; charset=utf-8
      date:
      - Wed, 13 May 2020 14:32:02 GMT
      expires:
      - '-1'
      pragma:
      - no-cache
      request-context:
      - appId=cid-v1:2c4cb680-0a1f-424d-bb8d-8e650ba68d53
      server:
      - Microsoft-IIS/10.0
      strict-transport-security:
      - max-age=31536000; includeSubDomains
      transfer-encoding:
      - chunked
      vary:
      - Accept-Encoding
      x-content-type-options:
      - nosniff
      x-powered-by:
      - ASP.NET
    status:
      code: 200
      message: OK
- request:
    body: null
    headers:
      Accept:
      - application/json
      Accept-Encoding:
      - gzip, deflate
      CommandName:
      - netappfiles volume create
      Connection:
      - keep-alive
      ParameterSetName:
      - --resource-group --account-name --pool-name --volume-name -l --service-level
        --usage-threshold --file-path --vnet --subnet --protocol-types --tags
      User-Agent:
      - python/3.7.5 (Windows-10-10.0.18362-SP0) msrest/0.6.11 msrest_azure/0.6.3
        azure-mgmt-netapp/0.8.0 Azure-SDK-For-Python AZURECLI/2.5.1
    method: GET
    uri: https://management.azure.com/subscriptions/00000000-0000-0000-0000-000000000000/providers/Microsoft.NetApp/locations/westus2stage/operationResults/14fb9d88-a7b0-490f-ab78-a706eed1714a?api-version=2019-10-01
  response:
    body:
      string: '{"id":"/subscriptions/00000000-0000-0000-0000-000000000000/providers/Microsoft.NetApp/locations/westus2stage/operationResults/14fb9d88-a7b0-490f-ab78-a706eed1714a","name":"14fb9d88-a7b0-490f-ab78-a706eed1714a","status":"Creating","startTime":"2020-05-13T14:18:18.3860663Z","endTime":"0001-01-01T00:00:00Z","percentComplete":0.0,"properties":{"resourceName":"/subscriptions/00000000-0000-0000-0000-000000000000/resourceGroups/cli_netappfiles_test_volume_000001/providers/Microsoft.NetApp/netAppAccounts/cli-acc-000002/capacityPools/cli-pool-000003/volumes/cli-vol-000004"}}'
    headers:
      access-control-expose-headers:
      - Request-Context
      cache-control:
      - no-cache
      content-length:
      - '642'
      content-type:
      - application/json; charset=utf-8
      date:
      - Wed, 13 May 2020 14:32:33 GMT
      expires:
      - '-1'
      pragma:
      - no-cache
      request-context:
      - appId=cid-v1:2c4cb680-0a1f-424d-bb8d-8e650ba68d53
      server:
      - Microsoft-IIS/10.0
      strict-transport-security:
      - max-age=31536000; includeSubDomains
      transfer-encoding:
      - chunked
      vary:
      - Accept-Encoding
      x-content-type-options:
      - nosniff
      x-powered-by:
      - ASP.NET
    status:
      code: 200
      message: OK
- request:
    body: null
    headers:
      Accept:
      - application/json
      Accept-Encoding:
      - gzip, deflate
      CommandName:
      - netappfiles volume create
      Connection:
      - keep-alive
      ParameterSetName:
      - --resource-group --account-name --pool-name --volume-name -l --service-level
        --usage-threshold --file-path --vnet --subnet --protocol-types --tags
      User-Agent:
      - python/3.7.5 (Windows-10-10.0.18362-SP0) msrest/0.6.11 msrest_azure/0.6.3
        azure-mgmt-netapp/0.8.0 Azure-SDK-For-Python AZURECLI/2.5.1
    method: GET
    uri: https://management.azure.com/subscriptions/00000000-0000-0000-0000-000000000000/providers/Microsoft.NetApp/locations/westus2stage/operationResults/14fb9d88-a7b0-490f-ab78-a706eed1714a?api-version=2019-10-01
  response:
    body:
      string: '{"id":"/subscriptions/00000000-0000-0000-0000-000000000000/providers/Microsoft.NetApp/locations/westus2stage/operationResults/14fb9d88-a7b0-490f-ab78-a706eed1714a","name":"14fb9d88-a7b0-490f-ab78-a706eed1714a","status":"Creating","startTime":"2020-05-13T14:18:18.3860663Z","endTime":"0001-01-01T00:00:00Z","percentComplete":0.0,"properties":{"resourceName":"/subscriptions/00000000-0000-0000-0000-000000000000/resourceGroups/cli_netappfiles_test_volume_000001/providers/Microsoft.NetApp/netAppAccounts/cli-acc-000002/capacityPools/cli-pool-000003/volumes/cli-vol-000004"}}'
    headers:
      access-control-expose-headers:
      - Request-Context
      cache-control:
      - no-cache
      content-length:
      - '642'
      content-type:
      - application/json; charset=utf-8
      date:
      - Wed, 13 May 2020 14:33:03 GMT
      expires:
      - '-1'
      pragma:
      - no-cache
      request-context:
      - appId=cid-v1:2c4cb680-0a1f-424d-bb8d-8e650ba68d53
      server:
      - Microsoft-IIS/10.0
      strict-transport-security:
      - max-age=31536000; includeSubDomains
      transfer-encoding:
      - chunked
      vary:
      - Accept-Encoding
      x-content-type-options:
      - nosniff
      x-powered-by:
      - ASP.NET
    status:
      code: 200
      message: OK
- request:
    body: null
    headers:
      Accept:
      - application/json
      Accept-Encoding:
      - gzip, deflate
      CommandName:
      - netappfiles volume create
      Connection:
      - keep-alive
      ParameterSetName:
      - --resource-group --account-name --pool-name --volume-name -l --service-level
        --usage-threshold --file-path --vnet --subnet --protocol-types --tags
      User-Agent:
      - python/3.7.5 (Windows-10-10.0.18362-SP0) msrest/0.6.11 msrest_azure/0.6.3
        azure-mgmt-netapp/0.8.0 Azure-SDK-For-Python AZURECLI/2.5.1
    method: GET
    uri: https://management.azure.com/subscriptions/00000000-0000-0000-0000-000000000000/providers/Microsoft.NetApp/locations/westus2stage/operationResults/14fb9d88-a7b0-490f-ab78-a706eed1714a?api-version=2019-10-01
  response:
    body:
      string: '{"id":"/subscriptions/00000000-0000-0000-0000-000000000000/providers/Microsoft.NetApp/locations/westus2stage/operationResults/14fb9d88-a7b0-490f-ab78-a706eed1714a","name":"14fb9d88-a7b0-490f-ab78-a706eed1714a","status":"Creating","startTime":"2020-05-13T14:18:18.3860663Z","endTime":"0001-01-01T00:00:00Z","percentComplete":0.0,"properties":{"resourceName":"/subscriptions/00000000-0000-0000-0000-000000000000/resourceGroups/cli_netappfiles_test_volume_000001/providers/Microsoft.NetApp/netAppAccounts/cli-acc-000002/capacityPools/cli-pool-000003/volumes/cli-vol-000004"}}'
    headers:
      access-control-expose-headers:
      - Request-Context
      cache-control:
      - no-cache
      content-length:
      - '642'
      content-type:
      - application/json; charset=utf-8
      date:
      - Wed, 13 May 2020 14:33:34 GMT
      expires:
      - '-1'
      pragma:
      - no-cache
      request-context:
      - appId=cid-v1:2c4cb680-0a1f-424d-bb8d-8e650ba68d53
      server:
      - Microsoft-IIS/10.0
      strict-transport-security:
      - max-age=31536000; includeSubDomains
      transfer-encoding:
      - chunked
      vary:
      - Accept-Encoding
      x-content-type-options:
      - nosniff
      x-powered-by:
      - ASP.NET
    status:
      code: 200
      message: OK
- request:
    body: null
    headers:
      Accept:
      - application/json
      Accept-Encoding:
      - gzip, deflate
      CommandName:
      - netappfiles volume create
      Connection:
      - keep-alive
      ParameterSetName:
      - --resource-group --account-name --pool-name --volume-name -l --service-level
        --usage-threshold --file-path --vnet --subnet --protocol-types --tags
      User-Agent:
      - python/3.7.5 (Windows-10-10.0.18362-SP0) msrest/0.6.11 msrest_azure/0.6.3
        azure-mgmt-netapp/0.8.0 Azure-SDK-For-Python AZURECLI/2.5.1
    method: GET
    uri: https://management.azure.com/subscriptions/00000000-0000-0000-0000-000000000000/providers/Microsoft.NetApp/locations/westus2stage/operationResults/14fb9d88-a7b0-490f-ab78-a706eed1714a?api-version=2019-10-01
  response:
    body:
      string: '{"id":"/subscriptions/00000000-0000-0000-0000-000000000000/providers/Microsoft.NetApp/locations/westus2stage/operationResults/14fb9d88-a7b0-490f-ab78-a706eed1714a","name":"14fb9d88-a7b0-490f-ab78-a706eed1714a","status":"Creating","startTime":"2020-05-13T14:18:18.3860663Z","endTime":"0001-01-01T00:00:00Z","percentComplete":0.0,"properties":{"resourceName":"/subscriptions/00000000-0000-0000-0000-000000000000/resourceGroups/cli_netappfiles_test_volume_000001/providers/Microsoft.NetApp/netAppAccounts/cli-acc-000002/capacityPools/cli-pool-000003/volumes/cli-vol-000004"}}'
    headers:
      access-control-expose-headers:
      - Request-Context
      cache-control:
      - no-cache
      content-length:
      - '642'
      content-type:
      - application/json; charset=utf-8
      date:
      - Wed, 13 May 2020 14:34:04 GMT
      expires:
      - '-1'
      pragma:
      - no-cache
      request-context:
      - appId=cid-v1:2c4cb680-0a1f-424d-bb8d-8e650ba68d53
      server:
      - Microsoft-IIS/10.0
      strict-transport-security:
      - max-age=31536000; includeSubDomains
      transfer-encoding:
      - chunked
      vary:
      - Accept-Encoding
      x-content-type-options:
      - nosniff
      x-powered-by:
      - ASP.NET
    status:
      code: 200
      message: OK
- request:
    body: null
    headers:
      Accept:
      - application/json
      Accept-Encoding:
      - gzip, deflate
      CommandName:
      - netappfiles volume create
      Connection:
      - keep-alive
      ParameterSetName:
      - --resource-group --account-name --pool-name --volume-name -l --service-level
        --usage-threshold --file-path --vnet --subnet --protocol-types --tags
      User-Agent:
      - python/3.7.5 (Windows-10-10.0.18362-SP0) msrest/0.6.11 msrest_azure/0.6.3
        azure-mgmt-netapp/0.8.0 Azure-SDK-For-Python AZURECLI/2.5.1
    method: GET
    uri: https://management.azure.com/subscriptions/00000000-0000-0000-0000-000000000000/providers/Microsoft.NetApp/locations/westus2stage/operationResults/14fb9d88-a7b0-490f-ab78-a706eed1714a?api-version=2019-10-01
  response:
    body:
      string: '{"id":"/subscriptions/00000000-0000-0000-0000-000000000000/providers/Microsoft.NetApp/locations/westus2stage/operationResults/14fb9d88-a7b0-490f-ab78-a706eed1714a","name":"14fb9d88-a7b0-490f-ab78-a706eed1714a","status":"Creating","startTime":"2020-05-13T14:18:18.3860663Z","endTime":"0001-01-01T00:00:00Z","percentComplete":0.0,"properties":{"resourceName":"/subscriptions/00000000-0000-0000-0000-000000000000/resourceGroups/cli_netappfiles_test_volume_000001/providers/Microsoft.NetApp/netAppAccounts/cli-acc-000002/capacityPools/cli-pool-000003/volumes/cli-vol-000004"}}'
    headers:
      access-control-expose-headers:
      - Request-Context
      cache-control:
      - no-cache
      content-length:
      - '642'
      content-type:
      - application/json; charset=utf-8
      date:
      - Wed, 13 May 2020 14:34:34 GMT
      expires:
      - '-1'
      pragma:
      - no-cache
      request-context:
      - appId=cid-v1:2c4cb680-0a1f-424d-bb8d-8e650ba68d53
      server:
      - Microsoft-IIS/10.0
      strict-transport-security:
      - max-age=31536000; includeSubDomains
      transfer-encoding:
      - chunked
      vary:
      - Accept-Encoding
      x-content-type-options:
      - nosniff
      x-powered-by:
      - ASP.NET
    status:
      code: 200
      message: OK
- request:
    body: null
    headers:
      Accept:
      - application/json
      Accept-Encoding:
      - gzip, deflate
      CommandName:
      - netappfiles volume create
      Connection:
      - keep-alive
      ParameterSetName:
      - --resource-group --account-name --pool-name --volume-name -l --service-level
        --usage-threshold --file-path --vnet --subnet --protocol-types --tags
      User-Agent:
      - python/3.7.5 (Windows-10-10.0.18362-SP0) msrest/0.6.11 msrest_azure/0.6.3
        azure-mgmt-netapp/0.8.0 Azure-SDK-For-Python AZURECLI/2.5.1
    method: GET
    uri: https://management.azure.com/subscriptions/00000000-0000-0000-0000-000000000000/providers/Microsoft.NetApp/locations/westus2stage/operationResults/14fb9d88-a7b0-490f-ab78-a706eed1714a?api-version=2019-10-01
  response:
    body:
      string: '{"id":"/subscriptions/00000000-0000-0000-0000-000000000000/providers/Microsoft.NetApp/locations/westus2stage/operationResults/14fb9d88-a7b0-490f-ab78-a706eed1714a","name":"14fb9d88-a7b0-490f-ab78-a706eed1714a","status":"Creating","startTime":"2020-05-13T14:18:18.3860663Z","endTime":"0001-01-01T00:00:00Z","percentComplete":0.0,"properties":{"resourceName":"/subscriptions/00000000-0000-0000-0000-000000000000/resourceGroups/cli_netappfiles_test_volume_000001/providers/Microsoft.NetApp/netAppAccounts/cli-acc-000002/capacityPools/cli-pool-000003/volumes/cli-vol-000004"}}'
    headers:
      access-control-expose-headers:
      - Request-Context
      cache-control:
      - no-cache
      content-length:
      - '642'
      content-type:
      - application/json; charset=utf-8
      date:
      - Wed, 13 May 2020 14:35:05 GMT
      expires:
      - '-1'
      pragma:
      - no-cache
      request-context:
      - appId=cid-v1:2c4cb680-0a1f-424d-bb8d-8e650ba68d53
      server:
      - Microsoft-IIS/10.0
      strict-transport-security:
      - max-age=31536000; includeSubDomains
      transfer-encoding:
      - chunked
      vary:
      - Accept-Encoding
      x-content-type-options:
      - nosniff
      x-powered-by:
      - ASP.NET
    status:
      code: 200
      message: OK
- request:
    body: null
    headers:
      Accept:
      - application/json
      Accept-Encoding:
      - gzip, deflate
      CommandName:
      - netappfiles volume create
      Connection:
      - keep-alive
      ParameterSetName:
      - --resource-group --account-name --pool-name --volume-name -l --service-level
        --usage-threshold --file-path --vnet --subnet --protocol-types --tags
      User-Agent:
      - python/3.7.5 (Windows-10-10.0.18362-SP0) msrest/0.6.11 msrest_azure/0.6.3
        azure-mgmt-netapp/0.8.0 Azure-SDK-For-Python AZURECLI/2.5.1
    method: GET
    uri: https://management.azure.com/subscriptions/00000000-0000-0000-0000-000000000000/providers/Microsoft.NetApp/locations/westus2stage/operationResults/14fb9d88-a7b0-490f-ab78-a706eed1714a?api-version=2019-10-01
  response:
    body:
      string: '{"id":"/subscriptions/00000000-0000-0000-0000-000000000000/providers/Microsoft.NetApp/locations/westus2stage/operationResults/14fb9d88-a7b0-490f-ab78-a706eed1714a","name":"14fb9d88-a7b0-490f-ab78-a706eed1714a","status":"Creating","startTime":"2020-05-13T14:18:18.3860663Z","endTime":"0001-01-01T00:00:00Z","percentComplete":0.0,"properties":{"resourceName":"/subscriptions/00000000-0000-0000-0000-000000000000/resourceGroups/cli_netappfiles_test_volume_000001/providers/Microsoft.NetApp/netAppAccounts/cli-acc-000002/capacityPools/cli-pool-000003/volumes/cli-vol-000004"}}'
    headers:
      access-control-expose-headers:
      - Request-Context
      cache-control:
      - no-cache
      content-length:
      - '642'
      content-type:
      - application/json; charset=utf-8
      date:
      - Wed, 13 May 2020 14:35:35 GMT
      expires:
      - '-1'
      pragma:
      - no-cache
      request-context:
      - appId=cid-v1:2c4cb680-0a1f-424d-bb8d-8e650ba68d53
      server:
      - Microsoft-IIS/10.0
      strict-transport-security:
      - max-age=31536000; includeSubDomains
      transfer-encoding:
      - chunked
      vary:
      - Accept-Encoding
      x-content-type-options:
      - nosniff
      x-powered-by:
      - ASP.NET
    status:
      code: 200
      message: OK
- request:
    body: null
    headers:
      Accept:
      - application/json
      Accept-Encoding:
      - gzip, deflate
      CommandName:
      - netappfiles volume create
      Connection:
      - keep-alive
      ParameterSetName:
      - --resource-group --account-name --pool-name --volume-name -l --service-level
        --usage-threshold --file-path --vnet --subnet --protocol-types --tags
      User-Agent:
      - python/3.7.5 (Windows-10-10.0.18362-SP0) msrest/0.6.11 msrest_azure/0.6.3
        azure-mgmt-netapp/0.8.0 Azure-SDK-For-Python AZURECLI/2.5.1
    method: GET
    uri: https://management.azure.com/subscriptions/00000000-0000-0000-0000-000000000000/providers/Microsoft.NetApp/locations/westus2stage/operationResults/14fb9d88-a7b0-490f-ab78-a706eed1714a?api-version=2019-10-01
  response:
    body:
      string: '{"id":"/subscriptions/00000000-0000-0000-0000-000000000000/providers/Microsoft.NetApp/locations/westus2stage/operationResults/14fb9d88-a7b0-490f-ab78-a706eed1714a","name":"14fb9d88-a7b0-490f-ab78-a706eed1714a","status":"Creating","startTime":"2020-05-13T14:18:18.3860663Z","endTime":"0001-01-01T00:00:00Z","percentComplete":0.0,"properties":{"resourceName":"/subscriptions/00000000-0000-0000-0000-000000000000/resourceGroups/cli_netappfiles_test_volume_000001/providers/Microsoft.NetApp/netAppAccounts/cli-acc-000002/capacityPools/cli-pool-000003/volumes/cli-vol-000004"}}'
    headers:
      access-control-expose-headers:
      - Request-Context
      cache-control:
      - no-cache
      content-length:
      - '642'
      content-type:
      - application/json; charset=utf-8
      date:
      - Wed, 13 May 2020 14:36:05 GMT
      expires:
      - '-1'
      pragma:
      - no-cache
      request-context:
      - appId=cid-v1:2c4cb680-0a1f-424d-bb8d-8e650ba68d53
      server:
      - Microsoft-IIS/10.0
      strict-transport-security:
      - max-age=31536000; includeSubDomains
      transfer-encoding:
      - chunked
      vary:
      - Accept-Encoding
      x-content-type-options:
      - nosniff
      x-powered-by:
      - ASP.NET
    status:
      code: 200
      message: OK
- request:
    body: null
    headers:
      Accept:
      - application/json
      Accept-Encoding:
      - gzip, deflate
      CommandName:
      - netappfiles volume create
      Connection:
      - keep-alive
      ParameterSetName:
      - --resource-group --account-name --pool-name --volume-name -l --service-level
        --usage-threshold --file-path --vnet --subnet --protocol-types --tags
      User-Agent:
      - python/3.7.5 (Windows-10-10.0.18362-SP0) msrest/0.6.11 msrest_azure/0.6.3
        azure-mgmt-netapp/0.8.0 Azure-SDK-For-Python AZURECLI/2.5.1
    method: GET
    uri: https://management.azure.com/subscriptions/00000000-0000-0000-0000-000000000000/providers/Microsoft.NetApp/locations/westus2stage/operationResults/14fb9d88-a7b0-490f-ab78-a706eed1714a?api-version=2019-10-01
  response:
    body:
      string: '{"id":"/subscriptions/00000000-0000-0000-0000-000000000000/providers/Microsoft.NetApp/locations/westus2stage/operationResults/14fb9d88-a7b0-490f-ab78-a706eed1714a","name":"14fb9d88-a7b0-490f-ab78-a706eed1714a","status":"Creating","startTime":"2020-05-13T14:18:18.3860663Z","endTime":"0001-01-01T00:00:00Z","percentComplete":0.0,"properties":{"resourceName":"/subscriptions/00000000-0000-0000-0000-000000000000/resourceGroups/cli_netappfiles_test_volume_000001/providers/Microsoft.NetApp/netAppAccounts/cli-acc-000002/capacityPools/cli-pool-000003/volumes/cli-vol-000004"}}'
    headers:
      access-control-expose-headers:
      - Request-Context
      cache-control:
      - no-cache
      content-length:
      - '642'
      content-type:
      - application/json; charset=utf-8
      date:
      - Wed, 13 May 2020 14:36:36 GMT
      expires:
      - '-1'
      pragma:
      - no-cache
      request-context:
      - appId=cid-v1:2c4cb680-0a1f-424d-bb8d-8e650ba68d53
      server:
      - Microsoft-IIS/10.0
      strict-transport-security:
      - max-age=31536000; includeSubDomains
      transfer-encoding:
      - chunked
      vary:
      - Accept-Encoding
      x-content-type-options:
      - nosniff
      x-powered-by:
      - ASP.NET
    status:
      code: 200
      message: OK
- request:
    body: null
    headers:
      Accept:
      - application/json
      Accept-Encoding:
      - gzip, deflate
      CommandName:
      - netappfiles volume create
      Connection:
      - keep-alive
      ParameterSetName:
      - --resource-group --account-name --pool-name --volume-name -l --service-level
        --usage-threshold --file-path --vnet --subnet --protocol-types --tags
      User-Agent:
      - python/3.7.5 (Windows-10-10.0.18362-SP0) msrest/0.6.11 msrest_azure/0.6.3
        azure-mgmt-netapp/0.8.0 Azure-SDK-For-Python AZURECLI/2.5.1
    method: GET
    uri: https://management.azure.com/subscriptions/00000000-0000-0000-0000-000000000000/providers/Microsoft.NetApp/locations/westus2stage/operationResults/14fb9d88-a7b0-490f-ab78-a706eed1714a?api-version=2019-10-01
  response:
    body:
      string: '{"id":"/subscriptions/00000000-0000-0000-0000-000000000000/providers/Microsoft.NetApp/locations/westus2stage/operationResults/14fb9d88-a7b0-490f-ab78-a706eed1714a","name":"14fb9d88-a7b0-490f-ab78-a706eed1714a","status":"Creating","startTime":"2020-05-13T14:18:18.3860663Z","endTime":"0001-01-01T00:00:00Z","percentComplete":0.0,"properties":{"resourceName":"/subscriptions/00000000-0000-0000-0000-000000000000/resourceGroups/cli_netappfiles_test_volume_000001/providers/Microsoft.NetApp/netAppAccounts/cli-acc-000002/capacityPools/cli-pool-000003/volumes/cli-vol-000004"}}'
    headers:
      access-control-expose-headers:
      - Request-Context
      cache-control:
      - no-cache
      content-length:
      - '642'
      content-type:
      - application/json; charset=utf-8
      date:
      - Wed, 13 May 2020 14:37:07 GMT
      expires:
      - '-1'
      pragma:
      - no-cache
      request-context:
      - appId=cid-v1:2c4cb680-0a1f-424d-bb8d-8e650ba68d53
      server:
      - Microsoft-IIS/10.0
      strict-transport-security:
      - max-age=31536000; includeSubDomains
      transfer-encoding:
      - chunked
      vary:
      - Accept-Encoding
      x-content-type-options:
      - nosniff
      x-powered-by:
      - ASP.NET
    status:
      code: 200
      message: OK
- request:
    body: null
    headers:
      Accept:
      - application/json
      Accept-Encoding:
      - gzip, deflate
      CommandName:
      - netappfiles volume create
      Connection:
      - keep-alive
      ParameterSetName:
      - --resource-group --account-name --pool-name --volume-name -l --service-level
        --usage-threshold --file-path --vnet --subnet --protocol-types --tags
      User-Agent:
      - python/3.7.5 (Windows-10-10.0.18362-SP0) msrest/0.6.11 msrest_azure/0.6.3
        azure-mgmt-netapp/0.8.0 Azure-SDK-For-Python AZURECLI/2.5.1
    method: GET
    uri: https://management.azure.com/subscriptions/00000000-0000-0000-0000-000000000000/providers/Microsoft.NetApp/locations/westus2stage/operationResults/14fb9d88-a7b0-490f-ab78-a706eed1714a?api-version=2019-10-01
  response:
    body:
      string: '{"id":"/subscriptions/00000000-0000-0000-0000-000000000000/providers/Microsoft.NetApp/locations/westus2stage/operationResults/14fb9d88-a7b0-490f-ab78-a706eed1714a","name":"14fb9d88-a7b0-490f-ab78-a706eed1714a","status":"Creating","startTime":"2020-05-13T14:18:18.3860663Z","endTime":"0001-01-01T00:00:00Z","percentComplete":0.0,"properties":{"resourceName":"/subscriptions/00000000-0000-0000-0000-000000000000/resourceGroups/cli_netappfiles_test_volume_000001/providers/Microsoft.NetApp/netAppAccounts/cli-acc-000002/capacityPools/cli-pool-000003/volumes/cli-vol-000004"}}'
    headers:
      access-control-expose-headers:
      - Request-Context
      cache-control:
      - no-cache
      content-length:
      - '642'
      content-type:
      - application/json; charset=utf-8
      date:
      - Wed, 13 May 2020 14:37:38 GMT
      expires:
      - '-1'
      pragma:
      - no-cache
      request-context:
      - appId=cid-v1:2c4cb680-0a1f-424d-bb8d-8e650ba68d53
      server:
      - Microsoft-IIS/10.0
      strict-transport-security:
      - max-age=31536000; includeSubDomains
      transfer-encoding:
      - chunked
      vary:
      - Accept-Encoding
      x-content-type-options:
      - nosniff
      x-powered-by:
      - ASP.NET
    status:
      code: 200
      message: OK
- request:
    body: null
    headers:
      Accept:
      - application/json
      Accept-Encoding:
      - gzip, deflate
      CommandName:
      - netappfiles volume create
      Connection:
      - keep-alive
      ParameterSetName:
      - --resource-group --account-name --pool-name --volume-name -l --service-level
        --usage-threshold --file-path --vnet --subnet --protocol-types --tags
      User-Agent:
      - python/3.7.5 (Windows-10-10.0.18362-SP0) msrest/0.6.11 msrest_azure/0.6.3
        azure-mgmt-netapp/0.8.0 Azure-SDK-For-Python AZURECLI/2.5.1
    method: GET
    uri: https://management.azure.com/subscriptions/00000000-0000-0000-0000-000000000000/providers/Microsoft.NetApp/locations/westus2stage/operationResults/14fb9d88-a7b0-490f-ab78-a706eed1714a?api-version=2019-10-01
  response:
    body:
      string: '{"id":"/subscriptions/00000000-0000-0000-0000-000000000000/providers/Microsoft.NetApp/locations/westus2stage/operationResults/14fb9d88-a7b0-490f-ab78-a706eed1714a","name":"14fb9d88-a7b0-490f-ab78-a706eed1714a","status":"Succeeded","startTime":"2020-05-13T14:18:18.3860663Z","endTime":"2020-05-13T14:37:55.7353814Z","percentComplete":100.0,"properties":{"resourceName":"/subscriptions/00000000-0000-0000-0000-000000000000/resourceGroups/cli_netappfiles_test_volume_000001/providers/Microsoft.NetApp/netAppAccounts/cli-acc-000002/capacityPools/cli-pool-000003/volumes/cli-vol-000004"}}'
    headers:
      access-control-expose-headers:
      - Request-Context
      cache-control:
      - no-cache
      content-length:
      - '653'
      content-type:
      - application/json; charset=utf-8
      date:
      - Wed, 13 May 2020 14:38:08 GMT
      expires:
      - '-1'
      pragma:
      - no-cache
      request-context:
      - appId=cid-v1:2c4cb680-0a1f-424d-bb8d-8e650ba68d53
      server:
      - Microsoft-IIS/10.0
      strict-transport-security:
      - max-age=31536000; includeSubDomains
      transfer-encoding:
      - chunked
      vary:
      - Accept-Encoding
      x-content-type-options:
      - nosniff
      x-powered-by:
      - ASP.NET
    status:
      code: 200
      message: OK
- request:
    body: null
    headers:
      Accept:
      - application/json
      Accept-Encoding:
      - gzip, deflate
      CommandName:
      - netappfiles volume create
      Connection:
      - keep-alive
      ParameterSetName:
      - --resource-group --account-name --pool-name --volume-name -l --service-level
        --usage-threshold --file-path --vnet --subnet --protocol-types --tags
      User-Agent:
      - python/3.7.5 (Windows-10-10.0.18362-SP0) msrest/0.6.11 msrest_azure/0.6.3
        azure-mgmt-netapp/0.8.0 Azure-SDK-For-Python AZURECLI/2.5.1
    method: GET
    uri: https://management.azure.com/subscriptions/00000000-0000-0000-0000-000000000000/resourceGroups/cli_netappfiles_test_volume_000001/providers/Microsoft.NetApp/netAppAccounts/cli-acc-000002/capacityPools/cli-pool-000003/volumes/cli-vol-000004?api-version=2019-10-01
  response:
    body:
      string: '{"id":"/subscriptions/00000000-0000-0000-0000-000000000000/resourceGroups/cli_netappfiles_test_volume_000001/providers/Microsoft.NetApp/netAppAccounts/cli-acc-000002/capacityPools/cli-pool-000003/volumes/cli-vol-000004","name":"cli-acc-000002/cli-pool-000003/cli-vol-000004","type":"Microsoft.NetApp/netAppAccounts/capacityPools/volumes","etag":"W/\"datetime''2020-05-13T14%3A37%3A55.5618284Z''\"","location":"westus2stage","tags":{"Tag1":"Value1","Tag2":"Value2"},"properties":{"mountTargets":[{"provisioningState":"Succeeded","mountTargetId":"10fa4220-54c6-e451-06a5-4a6ba25bc3c6","fileSystemId":"10fa4220-54c6-e451-06a5-4a6ba25bc3c6","startIp":"10.0.0.4","endIp":"10.0.0.4","gateway":"","netmask":"","subnet":"","ipAddress":"10.0.0.4"}],"provisioningState":"Succeeded","fileSystemId":"10fa4220-54c6-e451-06a5-4a6ba25bc3c6","name":"cli-vol-000004","serviceLevel":"Premium","creationToken":"cli-vol-000004","usageThreshold":107374182400,"usedBytes":0,"exportPolicy":{"rules":[{"ruleIndex":1,"unixReadOnly":false,"unixReadWrite":true,"cifs":false,"nfsv3":true,"nfsv4":false,"nfsv41":false,"allowedClients":"0.0.0.0/0"}]},"protocolTypes":["NFSv3"],"baremetalTenantId":"baremetalTenant_svm_fb0467dd8e8011e9a7f006ddec9cd511_ca5da4a5","subnetId":"/subscriptions/00000000-0000-0000-0000-000000000000/resourceGroups/cli_netappfiles_test_volume_000001/providers/Microsoft.Network/virtualNetworks/cli-vnet-000005/subnets/cli-subnet-000006"}}'
    headers:
      access-control-expose-headers:
      - Request-Context
      cache-control:
      - no-cache
      content-length:
      - '1599'
      content-type:
      - application/json; charset=utf-8
      date:
      - Wed, 13 May 2020 14:38:09 GMT
      etag:
      - W/"datetime'2020-05-13T14%3A37%3A55.5618284Z'"
      expires:
      - '-1'
      pragma:
      - no-cache
      request-context:
      - appId=cid-v1:2c4cb680-0a1f-424d-bb8d-8e650ba68d53
      server:
      - Microsoft-IIS/10.0
      strict-transport-security:
      - max-age=31536000; includeSubDomains
      transfer-encoding:
      - chunked
      vary:
      - Accept-Encoding
      x-content-type-options:
      - nosniff
      x-powered-by:
      - ASP.NET
    status:
      code: 200
      message: OK
- request:
    body: null
    headers:
      Accept:
      - application/json
      Accept-Encoding:
      - gzip, deflate
      CommandName:
      - netappfiles volume list
      Connection:
      - keep-alive
      ParameterSetName:
      - --resource-group --account-name --pool-name
      User-Agent:
      - python/3.7.5 (Windows-10-10.0.18362-SP0) msrest/0.6.11 msrest_azure/0.6.3
        azure-mgmt-netapp/0.8.0 Azure-SDK-For-Python AZURECLI/2.5.1
      accept-language:
      - en-US
    method: GET
    uri: https://management.azure.com/subscriptions/00000000-0000-0000-0000-000000000000/resourceGroups/cli_netappfiles_test_volume_000001/providers/Microsoft.NetApp/netAppAccounts/cli-acc-000002/capacityPools/cli-pool-000003/volumes?api-version=2019-10-01
  response:
    body:
      string: '{"value":[{"id":"/subscriptions/00000000-0000-0000-0000-000000000000/resourceGroups/cli_netappfiles_test_volume_000001/providers/Microsoft.NetApp/netAppAccounts/cli-acc-000002/capacityPools/cli-pool-000003/volumes/cli-vol-000004","name":"cli-acc-000002/cli-pool-000003/cli-vol-000004","type":"Microsoft.NetApp/netAppAccounts/capacityPools/volumes","etag":"W/\"datetime''2020-05-13T14%3A37%3A55.5618284Z''\"","location":"westus2stage","tags":{"Tag1":"Value1","Tag2":"Value2"},"properties":{"mountTargets":[{"provisioningState":"Succeeded","mountTargetId":"10fa4220-54c6-e451-06a5-4a6ba25bc3c6","fileSystemId":"10fa4220-54c6-e451-06a5-4a6ba25bc3c6","startIp":"10.0.0.4","endIp":"10.0.0.4","gateway":"","netmask":"","subnet":"","ipAddress":"10.0.0.4"}],"provisioningState":"Succeeded","fileSystemId":"10fa4220-54c6-e451-06a5-4a6ba25bc3c6","name":"cli-vol-000004","serviceLevel":"Premium","creationToken":"cli-vol-000004","usageThreshold":107374182400,"usedBytes":0,"exportPolicy":{"rules":[{"ruleIndex":1,"unixReadOnly":false,"unixReadWrite":true,"cifs":false,"nfsv3":true,"nfsv4":false,"nfsv41":false,"allowedClients":"0.0.0.0/0"}]},"protocolTypes":["NFSv3"],"baremetalTenantId":"baremetalTenant_svm_fb0467dd8e8011e9a7f006ddec9cd511_ca5da4a5","subnetId":"/subscriptions/00000000-0000-0000-0000-000000000000/resourceGroups/cli_netappfiles_test_volume_000001/providers/Microsoft.Network/virtualNetworks/cli-vnet-000005/subnets/cli-subnet-000006"}}]}'
    headers:
      access-control-expose-headers:
      - Request-Context
      cache-control:
      - no-cache
      content-length:
      - '1611'
      content-type:
      - application/json; charset=utf-8
      date:
      - Wed, 13 May 2020 14:38:13 GMT
      expires:
      - '-1'
      pragma:
      - no-cache
      request-context:
      - appId=cid-v1:2c4cb680-0a1f-424d-bb8d-8e650ba68d53
      server:
      - Microsoft-IIS/10.0
      strict-transport-security:
      - max-age=31536000; includeSubDomains
      transfer-encoding:
      - chunked
      vary:
      - Accept-Encoding
      x-content-type-options:
      - nosniff
      x-powered-by:
      - ASP.NET
    status:
      code: 200
      message: OK
- request:
    body: null
    headers:
      Accept:
      - application/json
      Accept-Encoding:
      - gzip, deflate
      CommandName:
      - netappfiles volume delete
      Connection:
      - keep-alive
      Content-Length:
      - '0'
      ParameterSetName:
      - --resource-group --account-name --pool-name --volume-name
      User-Agent:
      - python/3.7.5 (Windows-10-10.0.18362-SP0) msrest/0.6.11 msrest_azure/0.6.3
        azure-mgmt-netapp/0.8.0 Azure-SDK-For-Python AZURECLI/2.5.1
      accept-language:
      - en-US
    method: DELETE
    uri: https://management.azure.com/subscriptions/00000000-0000-0000-0000-000000000000/resourceGroups/cli_netappfiles_test_volume_000001/providers/Microsoft.NetApp/netAppAccounts/cli-acc-000002/capacityPools/cli-pool-000003/volumes/cli-vol-000004?api-version=2019-10-01
  response:
    body:
      string: ''
    headers:
      access-control-expose-headers:
      - Request-Context
      azure-asyncoperation:
      - https://management.azure.com/subscriptions/00000000-0000-0000-0000-000000000000/providers/Microsoft.NetApp/locations/westus2stage/operationResults/d9599574-f1c4-4fe8-9f25-ef38ee8d58c3?api-version=2019-10-01
      cache-control:
      - no-cache
      content-length:
      - '0'
      date:
      - Wed, 13 May 2020 14:38:18 GMT
      expires:
      - '-1'
      location:
      - https://management.azure.com/subscriptions/00000000-0000-0000-0000-000000000000/providers/Microsoft.NetApp/locations/westus2stage/operationResults/d9599574-f1c4-4fe8-9f25-ef38ee8d58c3?api-version=2019-10-01&operationResultResponseType=Location
      pragma:
      - no-cache
      request-context:
      - appId=cid-v1:2c4cb680-0a1f-424d-bb8d-8e650ba68d53
      server:
      - Microsoft-IIS/10.0
      strict-transport-security:
      - max-age=31536000; includeSubDomains
      x-content-type-options:
      - nosniff
      x-ms-ratelimit-remaining-subscription-deletes:
      - '14997'
      x-powered-by:
      - ASP.NET
    status:
      code: 202
      message: Accepted
- request:
    body: null
    headers:
      Accept:
      - application/json
      Accept-Encoding:
      - gzip, deflate
      CommandName:
      - netappfiles volume delete
      Connection:
      - keep-alive
      ParameterSetName:
      - --resource-group --account-name --pool-name --volume-name
      User-Agent:
      - python/3.7.5 (Windows-10-10.0.18362-SP0) msrest/0.6.11 msrest_azure/0.6.3
        azure-mgmt-netapp/0.8.0 Azure-SDK-For-Python AZURECLI/2.5.1
    method: GET
    uri: https://management.azure.com/subscriptions/00000000-0000-0000-0000-000000000000/providers/Microsoft.NetApp/locations/westus2stage/operationResults/d9599574-f1c4-4fe8-9f25-ef38ee8d58c3?api-version=2019-10-01
  response:
    body:
      string: '{"id":"/subscriptions/00000000-0000-0000-0000-000000000000/providers/Microsoft.NetApp/locations/westus2stage/operationResults/d9599574-f1c4-4fe8-9f25-ef38ee8d58c3","name":"d9599574-f1c4-4fe8-9f25-ef38ee8d58c3","status":"Deleting","startTime":"2020-05-13T14:38:18.1025722Z","endTime":"0001-01-01T00:00:00Z","percentComplete":0.0,"properties":{"resourceName":"/subscriptions/00000000-0000-0000-0000-000000000000/resourceGroups/cli_netappfiles_test_volume_000001/providers/Microsoft.NetApp/netAppAccounts/cli-acc-000002/capacityPools/cli-pool-000003/volumes/cli-vol-000004"}}'
    headers:
      access-control-expose-headers:
      - Request-Context
      cache-control:
      - no-cache
      content-length:
      - '642'
      content-type:
      - application/json; charset=utf-8
      date:
      - Wed, 13 May 2020 14:38:50 GMT
      expires:
      - '-1'
      pragma:
      - no-cache
      request-context:
      - appId=cid-v1:2c4cb680-0a1f-424d-bb8d-8e650ba68d53
      server:
      - Microsoft-IIS/10.0
      strict-transport-security:
      - max-age=31536000; includeSubDomains
      transfer-encoding:
      - chunked
      vary:
      - Accept-Encoding
      x-content-type-options:
      - nosniff
      x-powered-by:
      - ASP.NET
    status:
      code: 200
      message: OK
- request:
    body: null
    headers:
      Accept:
      - application/json
      Accept-Encoding:
      - gzip, deflate
      CommandName:
      - netappfiles volume delete
      Connection:
      - keep-alive
      ParameterSetName:
      - --resource-group --account-name --pool-name --volume-name
      User-Agent:
      - python/3.7.5 (Windows-10-10.0.18362-SP0) msrest/0.6.11 msrest_azure/0.6.3
        azure-mgmt-netapp/0.8.0 Azure-SDK-For-Python AZURECLI/2.5.1
    method: GET
    uri: https://management.azure.com/subscriptions/00000000-0000-0000-0000-000000000000/providers/Microsoft.NetApp/locations/westus2stage/operationResults/d9599574-f1c4-4fe8-9f25-ef38ee8d58c3?api-version=2019-10-01
  response:
    body:
      string: '{"id":"/subscriptions/00000000-0000-0000-0000-000000000000/providers/Microsoft.NetApp/locations/westus2stage/operationResults/d9599574-f1c4-4fe8-9f25-ef38ee8d58c3","name":"d9599574-f1c4-4fe8-9f25-ef38ee8d58c3","status":"Deleting","startTime":"2020-05-13T14:38:18.1025722Z","endTime":"0001-01-01T00:00:00Z","percentComplete":0.0,"properties":{"resourceName":"/subscriptions/00000000-0000-0000-0000-000000000000/resourceGroups/cli_netappfiles_test_volume_000001/providers/Microsoft.NetApp/netAppAccounts/cli-acc-000002/capacityPools/cli-pool-000003/volumes/cli-vol-000004"}}'
    headers:
      access-control-expose-headers:
      - Request-Context
      cache-control:
      - no-cache
      content-length:
      - '642'
      content-type:
      - application/json; charset=utf-8
      date:
      - Wed, 13 May 2020 14:39:20 GMT
      expires:
      - '-1'
      pragma:
      - no-cache
      request-context:
      - appId=cid-v1:2c4cb680-0a1f-424d-bb8d-8e650ba68d53
      server:
      - Microsoft-IIS/10.0
      strict-transport-security:
      - max-age=31536000; includeSubDomains
      transfer-encoding:
      - chunked
      vary:
      - Accept-Encoding
      x-content-type-options:
      - nosniff
      x-powered-by:
      - ASP.NET
    status:
      code: 200
      message: OK
- request:
    body: null
    headers:
      Accept:
      - application/json
      Accept-Encoding:
      - gzip, deflate
      CommandName:
      - netappfiles volume delete
      Connection:
      - keep-alive
      ParameterSetName:
      - --resource-group --account-name --pool-name --volume-name
      User-Agent:
      - python/3.7.5 (Windows-10-10.0.18362-SP0) msrest/0.6.11 msrest_azure/0.6.3
        azure-mgmt-netapp/0.8.0 Azure-SDK-For-Python AZURECLI/2.5.1
    method: GET
    uri: https://management.azure.com/subscriptions/00000000-0000-0000-0000-000000000000/providers/Microsoft.NetApp/locations/westus2stage/operationResults/d9599574-f1c4-4fe8-9f25-ef38ee8d58c3?api-version=2019-10-01
  response:
    body:
      string: '{"id":"/subscriptions/00000000-0000-0000-0000-000000000000/providers/Microsoft.NetApp/locations/westus2stage/operationResults/d9599574-f1c4-4fe8-9f25-ef38ee8d58c3","name":"d9599574-f1c4-4fe8-9f25-ef38ee8d58c3","status":"Deleting","startTime":"2020-05-13T14:38:18.1025722Z","endTime":"0001-01-01T00:00:00Z","percentComplete":0.0,"properties":{"resourceName":"/subscriptions/00000000-0000-0000-0000-000000000000/resourceGroups/cli_netappfiles_test_volume_000001/providers/Microsoft.NetApp/netAppAccounts/cli-acc-000002/capacityPools/cli-pool-000003/volumes/cli-vol-000004"}}'
    headers:
      access-control-expose-headers:
      - Request-Context
      cache-control:
      - no-cache
      content-length:
      - '642'
      content-type:
      - application/json; charset=utf-8
      date:
      - Wed, 13 May 2020 14:39:50 GMT
      expires:
      - '-1'
      pragma:
      - no-cache
      request-context:
      - appId=cid-v1:2c4cb680-0a1f-424d-bb8d-8e650ba68d53
      server:
      - Microsoft-IIS/10.0
      strict-transport-security:
      - max-age=31536000; includeSubDomains
      transfer-encoding:
      - chunked
      vary:
      - Accept-Encoding
      x-content-type-options:
      - nosniff
      x-powered-by:
      - ASP.NET
    status:
      code: 200
      message: OK
- request:
    body: null
    headers:
      Accept:
      - application/json
      Accept-Encoding:
      - gzip, deflate
      CommandName:
      - netappfiles volume delete
      Connection:
      - keep-alive
      ParameterSetName:
      - --resource-group --account-name --pool-name --volume-name
      User-Agent:
      - python/3.7.5 (Windows-10-10.0.18362-SP0) msrest/0.6.11 msrest_azure/0.6.3
        azure-mgmt-netapp/0.8.0 Azure-SDK-For-Python AZURECLI/2.5.1
    method: GET
    uri: https://management.azure.com/subscriptions/00000000-0000-0000-0000-000000000000/providers/Microsoft.NetApp/locations/westus2stage/operationResults/d9599574-f1c4-4fe8-9f25-ef38ee8d58c3?api-version=2019-10-01
  response:
    body:
      string: '{"id":"/subscriptions/00000000-0000-0000-0000-000000000000/providers/Microsoft.NetApp/locations/westus2stage/operationResults/d9599574-f1c4-4fe8-9f25-ef38ee8d58c3","name":"d9599574-f1c4-4fe8-9f25-ef38ee8d58c3","status":"Deleting","startTime":"2020-05-13T14:38:18.1025722Z","endTime":"0001-01-01T00:00:00Z","percentComplete":0.0,"properties":{"resourceName":"/subscriptions/00000000-0000-0000-0000-000000000000/resourceGroups/cli_netappfiles_test_volume_000001/providers/Microsoft.NetApp/netAppAccounts/cli-acc-000002/capacityPools/cli-pool-000003/volumes/cli-vol-000004"}}'
    headers:
      access-control-expose-headers:
      - Request-Context
      cache-control:
      - no-cache
      content-length:
      - '642'
      content-type:
      - application/json; charset=utf-8
      date:
      - Wed, 13 May 2020 14:40:21 GMT
      expires:
      - '-1'
      pragma:
      - no-cache
      request-context:
      - appId=cid-v1:2c4cb680-0a1f-424d-bb8d-8e650ba68d53
      server:
      - Microsoft-IIS/10.0
      strict-transport-security:
      - max-age=31536000; includeSubDomains
      transfer-encoding:
      - chunked
      vary:
      - Accept-Encoding
      x-content-type-options:
      - nosniff
      x-powered-by:
      - ASP.NET
    status:
      code: 200
      message: OK
- request:
    body: null
    headers:
      Accept:
      - application/json
      Accept-Encoding:
      - gzip, deflate
      CommandName:
      - netappfiles volume delete
      Connection:
      - keep-alive
      ParameterSetName:
      - --resource-group --account-name --pool-name --volume-name
      User-Agent:
      - python/3.7.5 (Windows-10-10.0.18362-SP0) msrest/0.6.11 msrest_azure/0.6.3
        azure-mgmt-netapp/0.8.0 Azure-SDK-For-Python AZURECLI/2.5.1
    method: GET
    uri: https://management.azure.com/subscriptions/00000000-0000-0000-0000-000000000000/providers/Microsoft.NetApp/locations/westus2stage/operationResults/d9599574-f1c4-4fe8-9f25-ef38ee8d58c3?api-version=2019-10-01
  response:
    body:
      string: '{"id":"/subscriptions/00000000-0000-0000-0000-000000000000/providers/Microsoft.NetApp/locations/westus2stage/operationResults/d9599574-f1c4-4fe8-9f25-ef38ee8d58c3","name":"d9599574-f1c4-4fe8-9f25-ef38ee8d58c3","status":"Deleting","startTime":"2020-05-13T14:38:18.1025722Z","endTime":"0001-01-01T00:00:00Z","percentComplete":0.0,"properties":{"resourceName":"/subscriptions/00000000-0000-0000-0000-000000000000/resourceGroups/cli_netappfiles_test_volume_000001/providers/Microsoft.NetApp/netAppAccounts/cli-acc-000002/capacityPools/cli-pool-000003/volumes/cli-vol-000004"}}'
    headers:
      access-control-expose-headers:
      - Request-Context
      cache-control:
      - no-cache
      content-length:
      - '642'
      content-type:
      - application/json; charset=utf-8
      date:
      - Wed, 13 May 2020 14:40:51 GMT
      expires:
      - '-1'
      pragma:
      - no-cache
      request-context:
      - appId=cid-v1:2c4cb680-0a1f-424d-bb8d-8e650ba68d53
      server:
      - Microsoft-IIS/10.0
      strict-transport-security:
      - max-age=31536000; includeSubDomains
      transfer-encoding:
      - chunked
      vary:
      - Accept-Encoding
      x-content-type-options:
      - nosniff
      x-powered-by:
      - ASP.NET
    status:
      code: 200
      message: OK
- request:
    body: null
    headers:
      Accept:
      - application/json
      Accept-Encoding:
      - gzip, deflate
      CommandName:
      - netappfiles volume delete
      Connection:
      - keep-alive
      ParameterSetName:
      - --resource-group --account-name --pool-name --volume-name
      User-Agent:
      - python/3.7.5 (Windows-10-10.0.18362-SP0) msrest/0.6.11 msrest_azure/0.6.3
        azure-mgmt-netapp/0.8.0 Azure-SDK-For-Python AZURECLI/2.5.1
    method: GET
    uri: https://management.azure.com/subscriptions/00000000-0000-0000-0000-000000000000/providers/Microsoft.NetApp/locations/westus2stage/operationResults/d9599574-f1c4-4fe8-9f25-ef38ee8d58c3?api-version=2019-10-01
  response:
    body:
      string: '{"id":"/subscriptions/00000000-0000-0000-0000-000000000000/providers/Microsoft.NetApp/locations/westus2stage/operationResults/d9599574-f1c4-4fe8-9f25-ef38ee8d58c3","name":"d9599574-f1c4-4fe8-9f25-ef38ee8d58c3","status":"Deleting","startTime":"2020-05-13T14:38:18.1025722Z","endTime":"0001-01-01T00:00:00Z","percentComplete":0.0,"properties":{"resourceName":"/subscriptions/00000000-0000-0000-0000-000000000000/resourceGroups/cli_netappfiles_test_volume_000001/providers/Microsoft.NetApp/netAppAccounts/cli-acc-000002/capacityPools/cli-pool-000003/volumes/cli-vol-000004"}}'
    headers:
      access-control-expose-headers:
      - Request-Context
      cache-control:
      - no-cache
      content-length:
      - '642'
      content-type:
      - application/json; charset=utf-8
      date:
      - Wed, 13 May 2020 14:41:21 GMT
      expires:
      - '-1'
      pragma:
      - no-cache
      request-context:
      - appId=cid-v1:2c4cb680-0a1f-424d-bb8d-8e650ba68d53
      server:
      - Microsoft-IIS/10.0
      strict-transport-security:
      - max-age=31536000; includeSubDomains
      transfer-encoding:
      - chunked
      vary:
      - Accept-Encoding
      x-content-type-options:
      - nosniff
      x-powered-by:
      - ASP.NET
    status:
      code: 200
      message: OK
- request:
    body: null
    headers:
      Accept:
      - application/json
      Accept-Encoding:
      - gzip, deflate
      CommandName:
      - netappfiles volume delete
      Connection:
      - keep-alive
      ParameterSetName:
      - --resource-group --account-name --pool-name --volume-name
      User-Agent:
      - python/3.7.5 (Windows-10-10.0.18362-SP0) msrest/0.6.11 msrest_azure/0.6.3
        azure-mgmt-netapp/0.8.0 Azure-SDK-For-Python AZURECLI/2.5.1
    method: GET
    uri: https://management.azure.com/subscriptions/00000000-0000-0000-0000-000000000000/providers/Microsoft.NetApp/locations/westus2stage/operationResults/d9599574-f1c4-4fe8-9f25-ef38ee8d58c3?api-version=2019-10-01
  response:
    body:
      string: '{"id":"/subscriptions/00000000-0000-0000-0000-000000000000/providers/Microsoft.NetApp/locations/westus2stage/operationResults/d9599574-f1c4-4fe8-9f25-ef38ee8d58c3","name":"d9599574-f1c4-4fe8-9f25-ef38ee8d58c3","status":"Deleting","startTime":"2020-05-13T14:38:18.1025722Z","endTime":"0001-01-01T00:00:00Z","percentComplete":0.0,"properties":{"resourceName":"/subscriptions/00000000-0000-0000-0000-000000000000/resourceGroups/cli_netappfiles_test_volume_000001/providers/Microsoft.NetApp/netAppAccounts/cli-acc-000002/capacityPools/cli-pool-000003/volumes/cli-vol-000004"}}'
    headers:
      access-control-expose-headers:
      - Request-Context
      cache-control:
      - no-cache
      content-length:
      - '642'
      content-type:
      - application/json; charset=utf-8
      date:
      - Wed, 13 May 2020 14:41:51 GMT
      expires:
      - '-1'
      pragma:
      - no-cache
      request-context:
      - appId=cid-v1:2c4cb680-0a1f-424d-bb8d-8e650ba68d53
      server:
      - Microsoft-IIS/10.0
      strict-transport-security:
      - max-age=31536000; includeSubDomains
      transfer-encoding:
      - chunked
      vary:
      - Accept-Encoding
      x-content-type-options:
      - nosniff
      x-powered-by:
      - ASP.NET
    status:
      code: 200
      message: OK
- request:
    body: null
    headers:
      Accept:
      - application/json
      Accept-Encoding:
      - gzip, deflate
      CommandName:
      - netappfiles volume delete
      Connection:
      - keep-alive
      ParameterSetName:
      - --resource-group --account-name --pool-name --volume-name
      User-Agent:
      - python/3.7.5 (Windows-10-10.0.18362-SP0) msrest/0.6.11 msrest_azure/0.6.3
        azure-mgmt-netapp/0.8.0 Azure-SDK-For-Python AZURECLI/2.5.1
    method: GET
    uri: https://management.azure.com/subscriptions/00000000-0000-0000-0000-000000000000/providers/Microsoft.NetApp/locations/westus2stage/operationResults/d9599574-f1c4-4fe8-9f25-ef38ee8d58c3?api-version=2019-10-01
  response:
    body:
      string: '{"id":"/subscriptions/00000000-0000-0000-0000-000000000000/providers/Microsoft.NetApp/locations/westus2stage/operationResults/d9599574-f1c4-4fe8-9f25-ef38ee8d58c3","name":"d9599574-f1c4-4fe8-9f25-ef38ee8d58c3","status":"Deleting","startTime":"2020-05-13T14:38:18.1025722Z","endTime":"0001-01-01T00:00:00Z","percentComplete":0.0,"properties":{"resourceName":"/subscriptions/00000000-0000-0000-0000-000000000000/resourceGroups/cli_netappfiles_test_volume_000001/providers/Microsoft.NetApp/netAppAccounts/cli-acc-000002/capacityPools/cli-pool-000003/volumes/cli-vol-000004"}}'
    headers:
      access-control-expose-headers:
      - Request-Context
      cache-control:
      - no-cache
      content-length:
      - '642'
      content-type:
      - application/json; charset=utf-8
      date:
      - Wed, 13 May 2020 14:42:23 GMT
      expires:
      - '-1'
      pragma:
      - no-cache
      request-context:
      - appId=cid-v1:2c4cb680-0a1f-424d-bb8d-8e650ba68d53
      server:
      - Microsoft-IIS/10.0
      strict-transport-security:
      - max-age=31536000; includeSubDomains
      transfer-encoding:
      - chunked
      vary:
      - Accept-Encoding
      x-content-type-options:
      - nosniff
      x-powered-by:
      - ASP.NET
    status:
      code: 200
      message: OK
- request:
    body: null
    headers:
      Accept:
      - application/json
      Accept-Encoding:
      - gzip, deflate
      CommandName:
      - netappfiles volume delete
      Connection:
      - keep-alive
      ParameterSetName:
      - --resource-group --account-name --pool-name --volume-name
      User-Agent:
      - python/3.7.5 (Windows-10-10.0.18362-SP0) msrest/0.6.11 msrest_azure/0.6.3
        azure-mgmt-netapp/0.8.0 Azure-SDK-For-Python AZURECLI/2.5.1
    method: GET
    uri: https://management.azure.com/subscriptions/00000000-0000-0000-0000-000000000000/providers/Microsoft.NetApp/locations/westus2stage/operationResults/d9599574-f1c4-4fe8-9f25-ef38ee8d58c3?api-version=2019-10-01
  response:
    body:
      string: '{"id":"/subscriptions/00000000-0000-0000-0000-000000000000/providers/Microsoft.NetApp/locations/westus2stage/operationResults/d9599574-f1c4-4fe8-9f25-ef38ee8d58c3","name":"d9599574-f1c4-4fe8-9f25-ef38ee8d58c3","status":"Deleting","startTime":"2020-05-13T14:38:18.1025722Z","endTime":"0001-01-01T00:00:00Z","percentComplete":0.0,"properties":{"resourceName":"/subscriptions/00000000-0000-0000-0000-000000000000/resourceGroups/cli_netappfiles_test_volume_000001/providers/Microsoft.NetApp/netAppAccounts/cli-acc-000002/capacityPools/cli-pool-000003/volumes/cli-vol-000004"}}'
    headers:
      access-control-expose-headers:
      - Request-Context
      cache-control:
      - no-cache
      content-length:
      - '642'
      content-type:
      - application/json; charset=utf-8
      date:
      - Wed, 13 May 2020 14:42:53 GMT
      expires:
      - '-1'
      pragma:
      - no-cache
      request-context:
      - appId=cid-v1:2c4cb680-0a1f-424d-bb8d-8e650ba68d53
      server:
      - Microsoft-IIS/10.0
      strict-transport-security:
      - max-age=31536000; includeSubDomains
      transfer-encoding:
      - chunked
      vary:
      - Accept-Encoding
      x-content-type-options:
      - nosniff
      x-powered-by:
      - ASP.NET
    status:
      code: 200
      message: OK
- request:
    body: null
    headers:
      Accept:
      - application/json
      Accept-Encoding:
      - gzip, deflate
      CommandName:
      - netappfiles volume delete
      Connection:
      - keep-alive
      ParameterSetName:
      - --resource-group --account-name --pool-name --volume-name
      User-Agent:
      - python/3.7.5 (Windows-10-10.0.18362-SP0) msrest/0.6.11 msrest_azure/0.6.3
        azure-mgmt-netapp/0.8.0 Azure-SDK-For-Python AZURECLI/2.5.1
    method: GET
    uri: https://management.azure.com/subscriptions/00000000-0000-0000-0000-000000000000/providers/Microsoft.NetApp/locations/westus2stage/operationResults/d9599574-f1c4-4fe8-9f25-ef38ee8d58c3?api-version=2019-10-01
  response:
    body:
      string: '{"id":"/subscriptions/00000000-0000-0000-0000-000000000000/providers/Microsoft.NetApp/locations/westus2stage/operationResults/d9599574-f1c4-4fe8-9f25-ef38ee8d58c3","name":"d9599574-f1c4-4fe8-9f25-ef38ee8d58c3","status":"Deleting","startTime":"2020-05-13T14:38:18.1025722Z","endTime":"0001-01-01T00:00:00Z","percentComplete":0.0,"properties":{"resourceName":"/subscriptions/00000000-0000-0000-0000-000000000000/resourceGroups/cli_netappfiles_test_volume_000001/providers/Microsoft.NetApp/netAppAccounts/cli-acc-000002/capacityPools/cli-pool-000003/volumes/cli-vol-000004"}}'
    headers:
      access-control-expose-headers:
      - Request-Context
      cache-control:
      - no-cache
      content-length:
      - '642'
      content-type:
      - application/json; charset=utf-8
      date:
      - Wed, 13 May 2020 14:43:23 GMT
      expires:
      - '-1'
      pragma:
      - no-cache
      request-context:
      - appId=cid-v1:2c4cb680-0a1f-424d-bb8d-8e650ba68d53
      server:
      - Microsoft-IIS/10.0
      strict-transport-security:
      - max-age=31536000; includeSubDomains
      transfer-encoding:
      - chunked
      vary:
      - Accept-Encoding
      x-content-type-options:
      - nosniff
      x-powered-by:
      - ASP.NET
    status:
      code: 200
      message: OK
- request:
    body: null
    headers:
      Accept:
      - application/json
      Accept-Encoding:
      - gzip, deflate
      CommandName:
      - netappfiles volume delete
      Connection:
      - keep-alive
      ParameterSetName:
      - --resource-group --account-name --pool-name --volume-name
      User-Agent:
      - python/3.7.5 (Windows-10-10.0.18362-SP0) msrest/0.6.11 msrest_azure/0.6.3
        azure-mgmt-netapp/0.8.0 Azure-SDK-For-Python AZURECLI/2.5.1
    method: GET
    uri: https://management.azure.com/subscriptions/00000000-0000-0000-0000-000000000000/providers/Microsoft.NetApp/locations/westus2stage/operationResults/d9599574-f1c4-4fe8-9f25-ef38ee8d58c3?api-version=2019-10-01
  response:
    body:
      string: '{"id":"/subscriptions/00000000-0000-0000-0000-000000000000/providers/Microsoft.NetApp/locations/westus2stage/operationResults/d9599574-f1c4-4fe8-9f25-ef38ee8d58c3","name":"d9599574-f1c4-4fe8-9f25-ef38ee8d58c3","status":"Deleting","startTime":"2020-05-13T14:38:18.1025722Z","endTime":"0001-01-01T00:00:00Z","percentComplete":0.0,"properties":{"resourceName":"/subscriptions/00000000-0000-0000-0000-000000000000/resourceGroups/cli_netappfiles_test_volume_000001/providers/Microsoft.NetApp/netAppAccounts/cli-acc-000002/capacityPools/cli-pool-000003/volumes/cli-vol-000004"}}'
    headers:
      access-control-expose-headers:
      - Request-Context
      cache-control:
      - no-cache
      content-length:
      - '642'
      content-type:
      - application/json; charset=utf-8
      date:
      - Wed, 13 May 2020 14:43:54 GMT
      expires:
      - '-1'
      pragma:
      - no-cache
      request-context:
      - appId=cid-v1:2c4cb680-0a1f-424d-bb8d-8e650ba68d53
      server:
      - Microsoft-IIS/10.0
      strict-transport-security:
      - max-age=31536000; includeSubDomains
      transfer-encoding:
      - chunked
      vary:
      - Accept-Encoding
      x-content-type-options:
      - nosniff
      x-powered-by:
      - ASP.NET
    status:
      code: 200
      message: OK
- request:
    body: null
    headers:
      Accept:
      - application/json
      Accept-Encoding:
      - gzip, deflate
      CommandName:
      - netappfiles volume delete
      Connection:
      - keep-alive
      ParameterSetName:
      - --resource-group --account-name --pool-name --volume-name
      User-Agent:
      - python/3.7.5 (Windows-10-10.0.18362-SP0) msrest/0.6.11 msrest_azure/0.6.3
        azure-mgmt-netapp/0.8.0 Azure-SDK-For-Python AZURECLI/2.5.1
    method: GET
    uri: https://management.azure.com/subscriptions/00000000-0000-0000-0000-000000000000/providers/Microsoft.NetApp/locations/westus2stage/operationResults/d9599574-f1c4-4fe8-9f25-ef38ee8d58c3?api-version=2019-10-01
  response:
    body:
      string: '{"id":"/subscriptions/00000000-0000-0000-0000-000000000000/providers/Microsoft.NetApp/locations/westus2stage/operationResults/d9599574-f1c4-4fe8-9f25-ef38ee8d58c3","name":"d9599574-f1c4-4fe8-9f25-ef38ee8d58c3","status":"Succeeded","startTime":"2020-05-13T14:38:18.1025722Z","endTime":"2020-05-13T14:44:00.3096011Z","percentComplete":100.0,"properties":{"resourceName":"/subscriptions/00000000-0000-0000-0000-000000000000/resourceGroups/cli_netappfiles_test_volume_000001/providers/Microsoft.NetApp/netAppAccounts/cli-acc-000002/capacityPools/cli-pool-000003/volumes/cli-vol-000004"}}'
    headers:
      access-control-expose-headers:
      - Request-Context
      cache-control:
      - no-cache
      content-length:
      - '653'
      content-type:
      - application/json; charset=utf-8
      date:
      - Wed, 13 May 2020 14:44:25 GMT
      expires:
      - '-1'
      pragma:
      - no-cache
      request-context:
      - appId=cid-v1:2c4cb680-0a1f-424d-bb8d-8e650ba68d53
      server:
      - Microsoft-IIS/10.0
      strict-transport-security:
      - max-age=31536000; includeSubDomains
      transfer-encoding:
      - chunked
      vary:
      - Accept-Encoding
      x-content-type-options:
      - nosniff
      x-powered-by:
      - ASP.NET
    status:
      code: 200
      message: OK
- request:
    body: null
    headers:
      Accept:
      - application/json
      Accept-Encoding:
      - gzip, deflate
      CommandName:
      - netappfiles volume list
      Connection:
      - keep-alive
      ParameterSetName:
      - --resource-group -a -p
      User-Agent:
      - python/3.7.5 (Windows-10-10.0.18362-SP0) msrest/0.6.11 msrest_azure/0.6.3
        azure-mgmt-netapp/0.8.0 Azure-SDK-For-Python AZURECLI/2.5.1
      accept-language:
      - en-US
    method: GET
    uri: https://management.azure.com/subscriptions/00000000-0000-0000-0000-000000000000/resourceGroups/cli_netappfiles_test_volume_000001/providers/Microsoft.NetApp/netAppAccounts/cli-acc-000002/capacityPools/cli-pool-000003/volumes?api-version=2019-10-01
  response:
    body:
      string: '{"value":[]}'
    headers:
      access-control-expose-headers:
      - Request-Context
      cache-control:
      - no-cache
      content-length:
      - '12'
      content-type:
      - application/json; charset=utf-8
      date:
      - Wed, 13 May 2020 14:44:28 GMT
      expires:
      - '-1'
      pragma:
      - no-cache
      request-context:
      - appId=cid-v1:2c4cb680-0a1f-424d-bb8d-8e650ba68d53
      server:
      - Microsoft-IIS/10.0
      strict-transport-security:
      - max-age=31536000; includeSubDomains
      transfer-encoding:
      - chunked
      vary:
      - Accept-Encoding
      x-content-type-options:
      - nosniff
      x-powered-by:
      - ASP.NET
    status:
      code: 200
      message: OK
version: 1
