interactions:
- request:
    body: '{"location": "eastus", "properties": {"addressSpace": {"addressPrefixes":
      ["10.5.0.0/16"]}, "enableDdosProtection": false, "enableVmProtection": false}}'
    headers:
      Accept:
      - application/json
      Accept-Encoding:
      - gzip, deflate
      CommandName:
      - network vnet create
      Connection:
      - keep-alive
      Content-Length:
      - '152'
      Content-Type:
      - application/json
      ParameterSetName:
      - -n -g -l --address-prefix
      User-Agent:
      - AZURECLI/2.51.0 (AAZ) azsdk-python-core/1.26.0 Python/3.10.10 (Windows-10-10.0.22621-SP0)
    method: PUT
    uri: https://management.azure.com/subscriptions/00000000-0000-0000-0000-000000000000/resourceGroups/cli_netappfiles_test_backup_000001/providers/Microsoft.Network/virtualNetworks/cli-vnet-backup000006?api-version=2022-01-01
  response:
    body:
      string: "{\r\n  \"name\": \"cli-vnet-backup000006\",\r\n  \"id\": \"/subscriptions/00000000-0000-0000-0000-000000000000/resourceGroups/cli_netappfiles_test_backup_000001/providers/Microsoft.Network/virtualNetworks/cli-vnet-backup000006\",\r\n
        \ \"etag\": \"W/\\\"26d60d83-f8ed-49cb-ae1e-8b5228181ea1\\\"\",\r\n  \"type\":
        \"Microsoft.Network/virtualNetworks\",\r\n  \"location\": \"eastus\",\r\n
        \ \"tags\": {\r\n    \"CreatedOnDate\": \"2023-08-31T13:42:48.5738156Z\"\r\n
        \ },\r\n  \"properties\": {\r\n    \"provisioningState\": \"Updating\",\r\n
        \   \"resourceGuid\": \"483936f0-cee1-4153-b965-6448a507b12f\",\r\n    \"addressSpace\":
        {\r\n      \"addressPrefixes\": [\r\n        \"10.5.0.0/16\"\r\n      ]\r\n
        \   },\r\n    \"subnets\": [],\r\n    \"virtualNetworkPeerings\": [],\r\n
        \   \"enableDdosProtection\": false\r\n  }\r\n}"
    headers:
      azure-asyncnotification:
      - Enabled
      azure-asyncoperation:
      - https://management.azure.com/subscriptions/00000000-0000-0000-0000-000000000000/providers/Microsoft.Network/locations/eastus/operations/3c494315-cc02-4a0a-8220-628266618007?api-version=2022-01-01
      cache-control:
      - no-cache
      content-length:
      - '726'
      content-type:
      - application/json; charset=utf-8
      date:
      - Thu, 31 Aug 2023 13:42:49 GMT
      expires:
      - '-1'
      pragma:
      - no-cache
      server:
      - Microsoft-HTTPAPI/2.0
      - Microsoft-HTTPAPI/2.0
      strict-transport-security:
      - max-age=31536000; includeSubDomains
      x-content-type-options:
      - nosniff
      x-ms-arm-service-request-id:
      - 7533a389-f3e2-453d-9863-cb6baa4ca79c
      x-ms-ratelimit-remaining-subscription-writes:
      - '1199'
    status:
      code: 201
      message: Created
- request:
    body: null
    headers:
      Accept:
      - '*/*'
      Accept-Encoding:
      - gzip, deflate
      CommandName:
      - network vnet create
      Connection:
      - keep-alive
      ParameterSetName:
      - -n -g -l --address-prefix
      User-Agent:
      - AZURECLI/2.51.0 (AAZ) azsdk-python-core/1.26.0 Python/3.10.10 (Windows-10-10.0.22621-SP0)
    method: GET
    uri: https://management.azure.com/subscriptions/00000000-0000-0000-0000-000000000000/providers/Microsoft.Network/locations/eastus/operations/3c494315-cc02-4a0a-8220-628266618007?api-version=2022-01-01
  response:
    body:
      string: "{\r\n  \"status\": \"InProgress\"\r\n}"
    headers:
      cache-control:
      - no-cache
      content-length:
      - '30'
      content-type:
      - application/json; charset=utf-8
      date:
      - Thu, 31 Aug 2023 13:42:49 GMT
      expires:
      - '-1'
      pragma:
      - no-cache
      server:
      - Microsoft-HTTPAPI/2.0
      - Microsoft-HTTPAPI/2.0
      strict-transport-security:
      - max-age=31536000; includeSubDomains
      transfer-encoding:
      - chunked
      vary:
      - Accept-Encoding
      x-content-type-options:
      - nosniff
      x-ms-arm-service-request-id:
      - 360f7186-bef9-43e6-a9b5-021048ad6402
    status:
      code: 200
      message: OK
- request:
    body: null
    headers:
      Accept:
      - '*/*'
      Accept-Encoding:
      - gzip, deflate
      CommandName:
      - network vnet create
      Connection:
      - keep-alive
      ParameterSetName:
      - -n -g -l --address-prefix
      User-Agent:
      - AZURECLI/2.51.0 (AAZ) azsdk-python-core/1.26.0 Python/3.10.10 (Windows-10-10.0.22621-SP0)
    method: GET
    uri: https://management.azure.com/subscriptions/00000000-0000-0000-0000-000000000000/providers/Microsoft.Network/locations/eastus/operations/3c494315-cc02-4a0a-8220-628266618007?api-version=2022-01-01
  response:
    body:
      string: "{\r\n  \"status\": \"Succeeded\"\r\n}"
    headers:
      cache-control:
      - no-cache
      content-length:
      - '29'
      content-type:
      - application/json; charset=utf-8
      date:
      - Thu, 31 Aug 2023 13:43:00 GMT
      expires:
      - '-1'
      pragma:
      - no-cache
      server:
      - Microsoft-HTTPAPI/2.0
      - Microsoft-HTTPAPI/2.0
      strict-transport-security:
      - max-age=31536000; includeSubDomains
      transfer-encoding:
      - chunked
      vary:
      - Accept-Encoding
      x-content-type-options:
      - nosniff
      x-ms-arm-service-request-id:
      - f7733775-82c5-41c0-963e-d071d445b0fb
    status:
      code: 200
      message: OK
- request:
    body: null
    headers:
      Accept:
      - '*/*'
      Accept-Encoding:
      - gzip, deflate
      CommandName:
      - network vnet create
      Connection:
      - keep-alive
      ParameterSetName:
      - -n -g -l --address-prefix
      User-Agent:
      - AZURECLI/2.51.0 (AAZ) azsdk-python-core/1.26.0 Python/3.10.10 (Windows-10-10.0.22621-SP0)
    method: GET
    uri: https://management.azure.com/subscriptions/00000000-0000-0000-0000-000000000000/resourceGroups/cli_netappfiles_test_backup_000001/providers/Microsoft.Network/virtualNetworks/cli-vnet-backup000006?api-version=2022-01-01
  response:
    body:
      string: "{\r\n  \"name\": \"cli-vnet-backup000006\",\r\n  \"id\": \"/subscriptions/00000000-0000-0000-0000-000000000000/resourceGroups/cli_netappfiles_test_backup_000001/providers/Microsoft.Network/virtualNetworks/cli-vnet-backup000006\",\r\n
        \ \"etag\": \"W/\\\"7ac10468-73aa-4bcf-9a80-ec55a83ac144\\\"\",\r\n  \"type\":
        \"Microsoft.Network/virtualNetworks\",\r\n  \"location\": \"eastus\",\r\n
        \ \"tags\": {\r\n    \"CreatedOnDate\": \"2023-08-31T13:42:48.5738156Z\"\r\n
        \ },\r\n  \"properties\": {\r\n    \"provisioningState\": \"Succeeded\",\r\n
        \   \"resourceGuid\": \"483936f0-cee1-4153-b965-6448a507b12f\",\r\n    \"addressSpace\":
        {\r\n      \"addressPrefixes\": [\r\n        \"10.5.0.0/16\"\r\n      ]\r\n
        \   },\r\n    \"subnets\": [],\r\n    \"virtualNetworkPeerings\": [],\r\n
        \   \"enableDdosProtection\": false\r\n  }\r\n}"
    headers:
      cache-control:
      - no-cache
      content-length:
      - '727'
      content-type:
      - application/json; charset=utf-8
      date:
      - Thu, 31 Aug 2023 13:43:00 GMT
      etag:
      - W/"7ac10468-73aa-4bcf-9a80-ec55a83ac144"
      expires:
      - '-1'
      pragma:
      - no-cache
      server:
      - Microsoft-HTTPAPI/2.0
      - Microsoft-HTTPAPI/2.0
      strict-transport-security:
      - max-age=31536000; includeSubDomains
      transfer-encoding:
      - chunked
      vary:
      - Accept-Encoding
      x-content-type-options:
      - nosniff
      x-ms-arm-service-request-id:
      - b58d9db9-6d4b-418b-8769-1455821a7656
    status:
      code: 200
      message: OK
- request:
    body: '{"name": "default", "properties": {"addressPrefix": "10.5.0.0/24", "delegations":
      [{"name": "0", "properties": {"serviceName": "Microsoft.Netapp/volumes"}}]}}'
    headers:
      Accept:
      - application/json
      Accept-Encoding:
      - gzip, deflate
      CommandName:
      - network vnet subnet create
      Connection:
      - keep-alive
      Content-Length:
      - '158'
      Content-Type:
      - application/json
      ParameterSetName:
      - -n --vnet-name --address-prefixes --delegations -g
      User-Agent:
      - AZURECLI/2.51.0 (AAZ) azsdk-python-core/1.26.0 Python/3.10.10 (Windows-10-10.0.22621-SP0)
    method: PUT
    uri: https://management.azure.com/subscriptions/00000000-0000-0000-0000-000000000000/resourceGroups/cli_netappfiles_test_backup_000001/providers/Microsoft.Network/virtualNetworks/cli-vnet-backup000006/subnets/default?api-version=2023-05-01
  response:
    body:
      string: "{\r\n  \"name\": \"default\",\r\n  \"id\": \"/subscriptions/00000000-0000-0000-0000-000000000000/resourceGroups/cli_netappfiles_test_backup_000001/providers/Microsoft.Network/virtualNetworks/cli-vnet-backup000006/subnets/default\",\r\n
        \ \"etag\": \"W/\\\"fed2bd09-b8ed-4aa5-8a68-4073b3d64a02\\\"\",\r\n  \"properties\":
        {\r\n    \"provisioningState\": \"Updating\",\r\n    \"addressPrefix\": \"10.5.0.0/24\",\r\n
        \   \"delegations\": [\r\n      {\r\n        \"name\": \"0\",\r\n        \"id\":
        \"/subscriptions/00000000-0000-0000-0000-000000000000/resourceGroups/cli_netappfiles_test_backup_000001/providers/Microsoft.Network/virtualNetworks/cli-vnet-backup000006/subnets/default/delegations/0\",\r\n
        \       \"etag\": \"W/\\\"fed2bd09-b8ed-4aa5-8a68-4073b3d64a02\\\"\",\r\n
        \       \"properties\": {\r\n          \"provisioningState\": \"Succeeded\",\r\n
        \         \"serviceName\": \"Microsoft.Netapp/volumes\",\r\n          \"actions\":
        [\r\n            \"Microsoft.Network/networkinterfaces/*\",\r\n            \"Microsoft.Network/virtualNetworks/subnets/join/action\"\r\n
        \         ]\r\n        },\r\n        \"type\": \"Microsoft.Network/virtualNetworks/subnets/delegations\"\r\n
        \     }\r\n    ],\r\n    \"purpose\": \"HostedWorkloads\",\r\n    \"privateEndpointNetworkPolicies\":
        \"Disabled\",\r\n    \"privateLinkServiceNetworkPolicies\": \"Enabled\"\r\n
        \ },\r\n  \"type\": \"Microsoft.Network/virtualNetworks/subnets\"\r\n}"
    headers:
      azure-asyncnotification:
      - Enabled
      azure-asyncoperation:
      - https://management.azure.com/subscriptions/00000000-0000-0000-0000-000000000000/providers/Microsoft.Network/locations/eastus/operations/fbec27ff-5e12-44e0-8dfc-f38fe93e5576?api-version=2022-01-01
      cache-control:
      - no-cache
      content-length:
      - '1290'
      content-type:
      - application/json; charset=utf-8
      date:
      - Thu, 31 Aug 2023 13:43:02 GMT
      expires:
      - '-1'
      pragma:
      - no-cache
      server:
      - Microsoft-HTTPAPI/2.0
      - Microsoft-HTTPAPI/2.0
      strict-transport-security:
      - max-age=31536000; includeSubDomains
      x-content-type-options:
      - nosniff
      x-ms-arm-service-request-id:
      - 21164152-3120-4f5f-ac42-90d1e5c25610
      x-ms-ratelimit-remaining-subscription-writes:
      - '1199'
    status:
      code: 201
      message: Created
- request:
    body: null
    headers:
      Accept:
      - '*/*'
      Accept-Encoding:
      - gzip, deflate
      CommandName:
      - network vnet subnet create
      Connection:
      - keep-alive
      ParameterSetName:
      - -n --vnet-name --address-prefixes --delegations -g
      User-Agent:
      - AZURECLI/2.51.0 (AAZ) azsdk-python-core/1.26.0 Python/3.10.10 (Windows-10-10.0.22621-SP0)
    method: GET
    uri: https://management.azure.com/subscriptions/00000000-0000-0000-0000-000000000000/providers/Microsoft.Network/locations/eastus/operations/fbec27ff-5e12-44e0-8dfc-f38fe93e5576?api-version=2022-01-01
  response:
    body:
      string: "{\r\n  \"status\": \"Succeeded\"\r\n}"
    headers:
      cache-control:
      - no-cache
      content-length:
      - '29'
      content-type:
      - application/json; charset=utf-8
      date:
      - Thu, 31 Aug 2023 13:43:02 GMT
      expires:
      - '-1'
      pragma:
      - no-cache
      server:
      - Microsoft-HTTPAPI/2.0
      - Microsoft-HTTPAPI/2.0
      strict-transport-security:
      - max-age=31536000; includeSubDomains
      transfer-encoding:
      - chunked
      vary:
      - Accept-Encoding
      x-content-type-options:
      - nosniff
      x-ms-arm-service-request-id:
      - 428f15d0-fdda-4e3c-acff-641906fe4ddd
    status:
      code: 200
      message: OK
- request:
    body: null
    headers:
      Accept:
      - '*/*'
      Accept-Encoding:
      - gzip, deflate
      CommandName:
      - network vnet subnet create
      Connection:
      - keep-alive
      ParameterSetName:
      - -n --vnet-name --address-prefixes --delegations -g
      User-Agent:
      - AZURECLI/2.51.0 (AAZ) azsdk-python-core/1.26.0 Python/3.10.10 (Windows-10-10.0.22621-SP0)
    method: GET
    uri: https://management.azure.com/subscriptions/00000000-0000-0000-0000-000000000000/resourceGroups/cli_netappfiles_test_backup_000001/providers/Microsoft.Network/virtualNetworks/cli-vnet-backup000006/subnets/default?api-version=2023-05-01
  response:
    body:
      string: "{\r\n  \"name\": \"default\",\r\n  \"id\": \"/subscriptions/00000000-0000-0000-0000-000000000000/resourceGroups/cli_netappfiles_test_backup_000001/providers/Microsoft.Network/virtualNetworks/cli-vnet-backup000006/subnets/default\",\r\n
        \ \"etag\": \"W/\\\"0dcd59b7-9f69-4737-81c4-6b45e72d182e\\\"\",\r\n  \"properties\":
        {\r\n    \"provisioningState\": \"Succeeded\",\r\n    \"addressPrefix\": \"10.5.0.0/24\",\r\n
        \   \"delegations\": [\r\n      {\r\n        \"name\": \"0\",\r\n        \"id\":
        \"/subscriptions/00000000-0000-0000-0000-000000000000/resourceGroups/cli_netappfiles_test_backup_000001/providers/Microsoft.Network/virtualNetworks/cli-vnet-backup000006/subnets/default/delegations/0\",\r\n
        \       \"etag\": \"W/\\\"0dcd59b7-9f69-4737-81c4-6b45e72d182e\\\"\",\r\n
        \       \"properties\": {\r\n          \"provisioningState\": \"Succeeded\",\r\n
        \         \"serviceName\": \"Microsoft.Netapp/volumes\",\r\n          \"actions\":
        [\r\n            \"Microsoft.Network/networkinterfaces/*\",\r\n            \"Microsoft.Network/virtualNetworks/subnets/join/action\"\r\n
        \         ]\r\n        },\r\n        \"type\": \"Microsoft.Network/virtualNetworks/subnets/delegations\"\r\n
        \     }\r\n    ],\r\n    \"purpose\": \"HostedWorkloads\",\r\n    \"privateEndpointNetworkPolicies\":
        \"Disabled\",\r\n    \"privateLinkServiceNetworkPolicies\": \"Enabled\"\r\n
        \ },\r\n  \"type\": \"Microsoft.Network/virtualNetworks/subnets\"\r\n}"
    headers:
      cache-control:
      - no-cache
      content-length:
      - '1291'
      content-type:
      - application/json; charset=utf-8
      date:
      - Thu, 31 Aug 2023 13:43:03 GMT
      etag:
      - W/"0dcd59b7-9f69-4737-81c4-6b45e72d182e"
      expires:
      - '-1'
      pragma:
      - no-cache
      server:
      - Microsoft-HTTPAPI/2.0
      - Microsoft-HTTPAPI/2.0
      strict-transport-security:
      - max-age=31536000; includeSubDomains
      transfer-encoding:
      - chunked
      vary:
      - Accept-Encoding
      x-content-type-options:
      - nosniff
      x-ms-arm-service-request-id:
      - cec7ad92-cf36-4d3b-aabf-96ceb0999bdf
    status:
      code: 200
      message: OK
- request:
    body: '{"location": "eastus"}'
    headers:
      Accept:
      - application/json
      Accept-Encoding:
      - gzip, deflate
      CommandName:
      - netappfiles account create
      Connection:
      - keep-alive
      Content-Length:
      - '22'
      Content-Type:
      - application/json
      ParameterSetName:
      - -g -a -l
      User-Agent:
      - AZURECLI/2.51.0 azsdk-python-mgmt-netapp/10.1.0 Python/3.10.10 (Windows-10-10.0.22621-SP0)
    method: PUT
    uri: https://management.azure.com/subscriptions/00000000-0000-0000-0000-000000000000/resourceGroups/cli_netappfiles_test_backup_000001/providers/Microsoft.NetApp/netAppAccounts/cli-acc-000002?api-version=2022-11-01
  response:
    body:
      string: '{"id":"/subscriptions/00000000-0000-0000-0000-000000000000/resourceGroups/cli_netappfiles_test_backup_000001/providers/Microsoft.NetApp/netAppAccounts/cli-acc-000002","name":"cli-acc-000002","type":"Microsoft.NetApp/netAppAccounts","etag":"W/\"datetime''2023-08-31T13%3A43%3A05.1474756Z''\"","location":"eastus","tags":{"CreatedOnDate":"2023-08-31T13:43:04.1445716Z"},"properties":{"provisioningState":"Creating"},"systemData":{"createdBy":"c6c4faba-2b22-44d9-80a4-71ff5b71f811","createdByType":"Application","createdAt":"2023-08-31T13:43:04.5711165Z","lastModifiedBy":"c6c4faba-2b22-44d9-80a4-71ff5b71f811","lastModifiedByType":"Application","lastModifiedAt":"2023-08-31T13:43:04.5711165Z"}}'
    headers:
      azure-asyncoperation:
      - https://management.azure.com/subscriptions/00000000-0000-0000-0000-000000000000/providers/Microsoft.NetApp/locations/eastus/operationResults/26d550ea-0c0e-4075-baed-4a040f1f7008?api-version=2022-11-01
      cache-control:
      - no-cache
      content-length:
      - '690'
      content-type:
      - application/json; charset=utf-8
      date:
      - Thu, 31 Aug 2023 13:43:05 GMT
      etag:
      - W/"datetime'2023-08-31T13%3A43%3A05.1474756Z'"
      expires:
      - '-1'
      pragma:
      - no-cache
      server:
      - Microsoft-IIS/10.0
      strict-transport-security:
      - max-age=31536000; includeSubDomains
      x-content-type-options:
      - nosniff
      x-ms-ratelimit-remaining-subscription-writes:
      - '1199'
      x-powered-by:
      - ASP.NET
    status:
      code: 201
      message: Created
- request:
    body: null
    headers:
      Accept:
      - '*/*'
      Accept-Encoding:
      - gzip, deflate
      CommandName:
      - netappfiles account create
      Connection:
      - keep-alive
      ParameterSetName:
      - -g -a -l
      User-Agent:
      - AZURECLI/2.51.0 azsdk-python-mgmt-netapp/10.1.0 Python/3.10.10 (Windows-10-10.0.22621-SP0)
    method: GET
    uri: https://management.azure.com/subscriptions/00000000-0000-0000-0000-000000000000/providers/Microsoft.NetApp/locations/eastus/operationResults/26d550ea-0c0e-4075-baed-4a040f1f7008?api-version=2022-11-01
  response:
    body:
      string: '{"id":"/subscriptions/00000000-0000-0000-0000-000000000000/providers/Microsoft.NetApp/locations/eastus/operationResults/26d550ea-0c0e-4075-baed-4a040f1f7008","name":"26d550ea-0c0e-4075-baed-4a040f1f7008","status":"Succeeded","startTime":"2023-08-31T13:43:05.1599541Z","endTime":"2023-08-31T13:43:05.2290034Z","percentComplete":100.0,"properties":{"resourceName":"/subscriptions/00000000-0000-0000-0000-000000000000/resourceGroups/cli_netappfiles_test_backup_000001/providers/Microsoft.NetApp/netAppAccounts/cli-acc-000002","action":"CREATE"}}'
    headers:
      cache-control:
      - no-cache
      content-length:
      - '542'
      content-type:
      - application/json; charset=utf-8
      date:
      - Thu, 31 Aug 2023 13:43:05 GMT
      expires:
      - '-1'
      pragma:
      - no-cache
      server:
      - Microsoft-IIS/10.0
      strict-transport-security:
      - max-age=31536000; includeSubDomains
      transfer-encoding:
      - chunked
      vary:
      - Accept-Encoding
      x-content-type-options:
      - nosniff
      x-powered-by:
      - ASP.NET
    status:
      code: 200
      message: OK
- request:
    body: null
    headers:
      Accept:
      - '*/*'
      Accept-Encoding:
      - gzip, deflate
      CommandName:
      - netappfiles account create
      Connection:
      - keep-alive
      ParameterSetName:
      - -g -a -l
      User-Agent:
      - AZURECLI/2.51.0 azsdk-python-mgmt-netapp/10.1.0 Python/3.10.10 (Windows-10-10.0.22621-SP0)
    method: GET
    uri: https://management.azure.com/subscriptions/00000000-0000-0000-0000-000000000000/resourceGroups/cli_netappfiles_test_backup_000001/providers/Microsoft.NetApp/netAppAccounts/cli-acc-000002?api-version=2022-11-01
  response:
    body:
      string: '{"id":"/subscriptions/00000000-0000-0000-0000-000000000000/resourceGroups/cli_netappfiles_test_backup_000001/providers/Microsoft.NetApp/netAppAccounts/cli-acc-000002","name":"cli-acc-000002","type":"Microsoft.NetApp/netAppAccounts","etag":"W/\"datetime''2023-08-31T13%3A43%3A05.2215823Z''\"","location":"eastus","tags":{"CreatedOnDate":"2023-08-31T13:43:04.1445716Z"},"properties":{"activeDirectories":[{"activeDirectoryId":"669e6357-ea94-71f3-eb9a-e2ce5d7438b3","username":"sdkuser","password":"****************","domain":"sdkdomain","dns":"192.0.2.2","status":"Created","smbServerName":"SDKSMBSeNa","organizationalUnit":"CN=Computers","aesEncryption":false,"ldapSigning":false,"ldapOverTLS":false,"allowLocalNfsUsersWithLdap":false,"encryptDCConnections":false,"ldapSearchScope":{}}],"encryption":{"keySource":"Microsoft.NetApp"},"provisioningState":"Succeeded"},"systemData":{"createdBy":"c6c4faba-2b22-44d9-80a4-71ff5b71f811","createdByType":"Application","createdAt":"2023-08-31T13:43:04.5711165Z","lastModifiedBy":"c6c4faba-2b22-44d9-80a4-71ff5b71f811","lastModifiedByType":"Application","lastModifiedAt":"2023-08-31T13:43:04.5711165Z"}}'
    headers:
      cache-control:
      - no-cache
      content-length:
      - '1141'
      content-type:
      - application/json; charset=utf-8
      date:
      - Thu, 31 Aug 2023 13:43:06 GMT
      etag:
      - W/"datetime'2023-08-31T13%3A43%3A05.2215823Z'"
      expires:
      - '-1'
      pragma:
      - no-cache
      server:
      - Microsoft-IIS/10.0
      strict-transport-security:
      - max-age=31536000; includeSubDomains
      transfer-encoding:
      - chunked
      vary:
      - Accept-Encoding
      x-content-type-options:
      - nosniff
      x-powered-by:
      - ASP.NET
    status:
      code: 200
      message: OK
- request:
    body: '{"location": "eastus", "properties": {"size": 4398046511104, "serviceLevel":
      "Premium"}}'
    headers:
      Accept:
      - application/json
      Accept-Encoding:
      - gzip, deflate
      CommandName:
      - netappfiles pool create
      Connection:
      - keep-alive
      Content-Length:
      - '88'
      Content-Type:
      - application/json
      ParameterSetName:
      - -g -a -p -l --service-level --size
      User-Agent:
      - AZURECLI/2.51.0 azsdk-python-mgmt-netapp/10.1.0 Python/3.10.10 (Windows-10-10.0.22621-SP0)
    method: PUT
    uri: https://management.azure.com/subscriptions/00000000-0000-0000-0000-000000000000/resourceGroups/cli_netappfiles_test_backup_000001/providers/Microsoft.NetApp/netAppAccounts/cli-acc-000002/capacityPools/cli-pool-000003?api-version=2022-11-01
  response:
    body:
      string: '{"id":"/subscriptions/00000000-0000-0000-0000-000000000000/resourceGroups/cli_netappfiles_test_backup_000001/providers/Microsoft.NetApp/netAppAccounts/cli-acc-000002/capacityPools/cli-pool-000003","name":"cli-acc-000002/cli-pool-000003","type":"Microsoft.NetApp/netAppAccounts/capacityPools","etag":"W/\"datetime''2023-08-31T13%3A43%3A09.4341794Z''\"","location":"eastus","tags":{"CreatedOnDate":"2023-08-31T13:43:08.1148501Z"},"properties":{"serviceLevel":"Premium","size":4398046511104,"totalThroughputMibps":0.0,"utilizedThroughputMibps":0.0,"provisioningState":"Creating"},"systemData":{"createdBy":"c6c4faba-2b22-44d9-80a4-71ff5b71f811","createdByType":"Application","createdAt":"2023-08-31T13:43:08.7366974Z","lastModifiedBy":"c6c4faba-2b22-44d9-80a4-71ff5b71f811","lastModifiedByType":"Application","lastModifiedAt":"2023-08-31T13:43:08.7366974Z"}}'
    headers:
      azure-asyncoperation:
      - https://management.azure.com/subscriptions/00000000-0000-0000-0000-000000000000/providers/Microsoft.NetApp/locations/eastus/operationResults/576b8cea-00fe-49ae-9acd-0cca45f1c6b9?api-version=2022-11-01
      cache-control:
      - no-cache
      content-length:
      - '853'
      content-type:
      - application/json; charset=utf-8
      date:
      - Thu, 31 Aug 2023 13:43:09 GMT
      etag:
      - W/"datetime'2023-08-31T13%3A43%3A09.4341794Z'"
      expires:
      - '-1'
      pragma:
      - no-cache
      server:
      - Microsoft-IIS/10.0
      strict-transport-security:
      - max-age=31536000; includeSubDomains
      x-content-type-options:
      - nosniff
      x-ms-ratelimit-remaining-subscription-writes:
      - '1199'
      x-powered-by:
      - ASP.NET
    status:
      code: 201
      message: Created
- request:
    body: null
    headers:
      Accept:
      - '*/*'
      Accept-Encoding:
      - gzip, deflate
      CommandName:
      - netappfiles pool create
      Connection:
      - keep-alive
      ParameterSetName:
      - -g -a -p -l --service-level --size
      User-Agent:
      - AZURECLI/2.51.0 azsdk-python-mgmt-netapp/10.1.0 Python/3.10.10 (Windows-10-10.0.22621-SP0)
    method: GET
    uri: https://management.azure.com/subscriptions/00000000-0000-0000-0000-000000000000/providers/Microsoft.NetApp/locations/eastus/operationResults/576b8cea-00fe-49ae-9acd-0cca45f1c6b9?api-version=2022-11-01
  response:
    body:
      string: '{"id":"/subscriptions/00000000-0000-0000-0000-000000000000/providers/Microsoft.NetApp/locations/eastus/operationResults/576b8cea-00fe-49ae-9acd-0cca45f1c6b9","name":"576b8cea-00fe-49ae-9acd-0cca45f1c6b9","status":"Succeeded","startTime":"2023-08-31T13:43:09.4480276Z","endTime":"2023-08-31T13:43:10.0891953Z","percentComplete":100.0,"properties":{"resourceName":"/subscriptions/00000000-0000-0000-0000-000000000000/resourceGroups/cli_netappfiles_test_backup_000001/providers/Microsoft.NetApp/netAppAccounts/cli-acc-000002/capacityPools/cli-pool-000003","action":"CREATE"}}'
    headers:
      cache-control:
      - no-cache
      content-length:
      - '572'
      content-type:
      - application/json; charset=utf-8
      date:
      - Thu, 31 Aug 2023 13:43:09 GMT
      expires:
      - '-1'
      pragma:
      - no-cache
      server:
      - Microsoft-IIS/10.0
      strict-transport-security:
      - max-age=31536000; includeSubDomains
      transfer-encoding:
      - chunked
      vary:
      - Accept-Encoding
      x-content-type-options:
      - nosniff
      x-powered-by:
      - ASP.NET
    status:
      code: 200
      message: OK
- request:
    body: null
    headers:
      Accept:
      - '*/*'
      Accept-Encoding:
      - gzip, deflate
      CommandName:
      - netappfiles pool create
      Connection:
      - keep-alive
      ParameterSetName:
      - -g -a -p -l --service-level --size
      User-Agent:
      - AZURECLI/2.51.0 azsdk-python-mgmt-netapp/10.1.0 Python/3.10.10 (Windows-10-10.0.22621-SP0)
    method: GET
    uri: https://management.azure.com/subscriptions/00000000-0000-0000-0000-000000000000/resourceGroups/cli_netappfiles_test_backup_000001/providers/Microsoft.NetApp/netAppAccounts/cli-acc-000002/capacityPools/cli-pool-000003?api-version=2022-11-01
  response:
    body:
      string: '{"id":"/subscriptions/00000000-0000-0000-0000-000000000000/resourceGroups/cli_netappfiles_test_backup_000001/providers/Microsoft.NetApp/netAppAccounts/cli-acc-000002/capacityPools/cli-pool-000003","name":"cli-acc-000002/cli-pool-000003","type":"Microsoft.NetApp/netAppAccounts/capacityPools","etag":"W/\"datetime''2023-08-31T13%3A43%3A10.0747851Z''\"","location":"eastus","tags":{"CreatedOnDate":"2023-08-31T13:43:08.1148501Z"},"properties":{"poolId":"c139cd11-c931-c530-bc43-8ee9a672416f","serviceLevel":"Premium","size":4398046511104,"qosType":"Auto","totalThroughputMibps":256.0,"utilizedThroughputMibps":0.0,"encryptionType":"Single","coolAccess":false,"provisioningState":"Succeeded"},"systemData":{"createdBy":"c6c4faba-2b22-44d9-80a4-71ff5b71f811","createdByType":"Application","createdAt":"2023-08-31T13:43:08.7366974Z","lastModifiedBy":"c6c4faba-2b22-44d9-80a4-71ff5b71f811","lastModifiedByType":"Application","lastModifiedAt":"2023-08-31T13:43:08.7366974Z"}}'
    headers:
      cache-control:
      - no-cache
      content-length:
      - '966'
      content-type:
      - application/json; charset=utf-8
      date:
      - Thu, 31 Aug 2023 13:43:10 GMT
      etag:
      - W/"datetime'2023-08-31T13%3A43%3A10.0747851Z'"
      expires:
      - '-1'
      pragma:
      - no-cache
      server:
      - Microsoft-IIS/10.0
      strict-transport-security:
      - max-age=31536000; includeSubDomains
      transfer-encoding:
      - chunked
      vary:
      - Accept-Encoding
      x-content-type-options:
      - nosniff
      x-powered-by:
      - ASP.NET
    status:
      code: 200
      message: OK
- request:
    body: '{"location": "eastus", "properties": {"creationToken": "cli-vol-000004",
      "usageThreshold": 107374182400, "subnetId": "/subscriptions/00000000-0000-0000-0000-000000000000/resourceGroups/cli_netappfiles_test_backup_000001/providers/Microsoft.Network/virtualNetworks/cli-vnet-backup000006/subnets/default",
      "isLargeVolume": false}}'
    headers:
      Accept:
      - application/json
      Accept-Encoding:
      - gzip, deflate
      CommandName:
      - netappfiles volume create
      Connection:
      - keep-alive
      Content-Length:
      - '328'
      Content-Type:
      - application/json
      ParameterSetName:
      - -g -a -p -v -l --vnet --subnet --file-path --usage-threshold
      User-Agent:
      - AZURECLI/2.51.0 azsdk-python-mgmt-netapp/10.1.0 Python/3.10.10 (Windows-10-10.0.22621-SP0)
    method: PUT
    uri: https://management.azure.com/subscriptions/00000000-0000-0000-0000-000000000000/resourceGroups/cli_netappfiles_test_backup_000001/providers/Microsoft.NetApp/netAppAccounts/cli-acc-000002/capacityPools/cli-pool-000003/volumes/cli-vol-000004?api-version=2022-11-01
  response:
    body:
      string: '{"id":"/subscriptions/00000000-0000-0000-0000-000000000000/resourceGroups/cli_netappfiles_test_backup_000001/providers/Microsoft.NetApp/netAppAccounts/cli-acc-000002/capacityPools/cli-pool-000003/volumes/cli-vol-000004","name":"cli-acc-000002/cli-pool-000003/cli-vol-000004","type":"Microsoft.NetApp/netAppAccounts/capacityPools/volumes","etag":"W/\"datetime''2023-08-31T13%3A43%3A14.1665963Z''\"","location":"eastus","tags":{"CreatedOnDate":"2023-08-31T13:43:12.8288372Z"},"properties":{"volumeType":"","serviceLevel":"Premium","creationToken":"cli-vol-000004","usageThreshold":107374182400,"subnetId":"/subscriptions/00000000-0000-0000-0000-000000000000/resourceGroups/cli_netappfiles_test_backup_000001/providers/Microsoft.Network/virtualNetworks/cli-vnet-backup000006/subnets/default","maximumNumberOfFiles":100000000,"isLargeVolume":false,"provisioningState":"Creating"},"systemData":{"createdBy":"c6c4faba-2b22-44d9-80a4-71ff5b71f811","createdByType":"Application","createdAt":"2023-08-31T13:43:13.3490631Z","lastModifiedBy":"c6c4faba-2b22-44d9-80a4-71ff5b71f811","lastModifiedByType":"Application","lastModifiedAt":"2023-08-31T13:43:13.3490631Z"}}'
    headers:
      azure-asyncoperation:
      - https://management.azure.com/subscriptions/00000000-0000-0000-0000-000000000000/providers/Microsoft.NetApp/locations/eastus/operationResults/8fef2b4b-7643-4467-afc9-0fb60c5b7a35?api-version=2022-11-01
      cache-control:
      - no-cache
      content-length:
      - '1152'
      content-type:
      - application/json; charset=utf-8
      date:
      - Thu, 31 Aug 2023 13:43:15 GMT
      etag:
      - W/"datetime'2023-08-31T13%3A43%3A14.1665963Z'"
      expires:
      - '-1'
      pragma:
      - no-cache
      server:
      - Microsoft-IIS/10.0
      strict-transport-security:
      - max-age=31536000; includeSubDomains
      x-content-type-options:
      - nosniff
      x-ms-ratelimit-remaining-subscription-writes:
      - '1199'
      x-powered-by:
      - ASP.NET
    status:
      code: 201
      message: Created
- request:
    body: null
    headers:
      Accept:
      - '*/*'
      Accept-Encoding:
      - gzip, deflate
      CommandName:
      - netappfiles volume create
      Connection:
      - keep-alive
      ParameterSetName:
      - -g -a -p -v -l --vnet --subnet --file-path --usage-threshold
      User-Agent:
      - AZURECLI/2.51.0 azsdk-python-mgmt-netapp/10.1.0 Python/3.10.10 (Windows-10-10.0.22621-SP0)
    method: GET
    uri: https://management.azure.com/subscriptions/00000000-0000-0000-0000-000000000000/providers/Microsoft.NetApp/locations/eastus/operationResults/8fef2b4b-7643-4467-afc9-0fb60c5b7a35?api-version=2022-11-01
  response:
    body:
      string: '{"id":"/subscriptions/00000000-0000-0000-0000-000000000000/providers/Microsoft.NetApp/locations/eastus/operationResults/8fef2b4b-7643-4467-afc9-0fb60c5b7a35","name":"8fef2b4b-7643-4467-afc9-0fb60c5b7a35","status":"Creating","startTime":"2023-08-31T13:43:14.1771556Z","endTime":"0001-01-01T00:00:00Z","percentComplete":0.0,"properties":{"resourceName":"/subscriptions/00000000-0000-0000-0000-000000000000/resourceGroups/cli_netappfiles_test_backup_000001/providers/Microsoft.NetApp/netAppAccounts/cli-acc-000002/capacityPools/cli-pool-000003/volumes/cli-vol-000004","action":"CREATE"}}'
    headers:
      cache-control:
      - no-cache
      content-length:
      - '584'
      content-type:
      - application/json; charset=utf-8
      date:
      - Thu, 31 Aug 2023 13:43:15 GMT
      expires:
      - '-1'
      pragma:
      - no-cache
      server:
      - Microsoft-IIS/10.0
      strict-transport-security:
      - max-age=31536000; includeSubDomains
      transfer-encoding:
      - chunked
      vary:
      - Accept-Encoding
      x-content-type-options:
      - nosniff
      x-powered-by:
      - ASP.NET
    status:
      code: 200
      message: OK
- request:
    body: null
    headers:
      Accept:
      - '*/*'
      Accept-Encoding:
      - gzip, deflate
      CommandName:
      - netappfiles volume create
      Connection:
      - keep-alive
      ParameterSetName:
      - -g -a -p -v -l --vnet --subnet --file-path --usage-threshold
      User-Agent:
      - AZURECLI/2.51.0 azsdk-python-mgmt-netapp/10.1.0 Python/3.10.10 (Windows-10-10.0.22621-SP0)
    method: GET
    uri: https://management.azure.com/subscriptions/00000000-0000-0000-0000-000000000000/providers/Microsoft.NetApp/locations/eastus/operationResults/8fef2b4b-7643-4467-afc9-0fb60c5b7a35?api-version=2022-11-01
  response:
    body:
      string: '{"id":"/subscriptions/00000000-0000-0000-0000-000000000000/providers/Microsoft.NetApp/locations/eastus/operationResults/8fef2b4b-7643-4467-afc9-0fb60c5b7a35","name":"8fef2b4b-7643-4467-afc9-0fb60c5b7a35","status":"Creating","startTime":"2023-08-31T13:43:14.1771556Z","endTime":"0001-01-01T00:00:00Z","percentComplete":0.0,"properties":{"resourceName":"/subscriptions/00000000-0000-0000-0000-000000000000/resourceGroups/cli_netappfiles_test_backup_000001/providers/Microsoft.NetApp/netAppAccounts/cli-acc-000002/capacityPools/cli-pool-000003/volumes/cli-vol-000004","action":"CREATE"}}'
    headers:
      cache-control:
      - no-cache
      content-length:
      - '584'
      content-type:
      - application/json; charset=utf-8
      date:
      - Thu, 31 Aug 2023 13:43:45 GMT
      expires:
      - '-1'
      pragma:
      - no-cache
      server:
      - Microsoft-IIS/10.0
      strict-transport-security:
      - max-age=31536000; includeSubDomains
      transfer-encoding:
      - chunked
      vary:
      - Accept-Encoding
      x-content-type-options:
      - nosniff
      x-powered-by:
      - ASP.NET
    status:
      code: 200
      message: OK
- request:
    body: null
    headers:
      Accept:
      - '*/*'
      Accept-Encoding:
      - gzip, deflate
      CommandName:
      - netappfiles volume create
      Connection:
      - keep-alive
      ParameterSetName:
      - -g -a -p -v -l --vnet --subnet --file-path --usage-threshold
      User-Agent:
      - AZURECLI/2.51.0 azsdk-python-mgmt-netapp/10.1.0 Python/3.10.10 (Windows-10-10.0.22621-SP0)
    method: GET
    uri: https://management.azure.com/subscriptions/00000000-0000-0000-0000-000000000000/providers/Microsoft.NetApp/locations/eastus/operationResults/8fef2b4b-7643-4467-afc9-0fb60c5b7a35?api-version=2022-11-01
  response:
    body:
      string: '{"id":"/subscriptions/00000000-0000-0000-0000-000000000000/providers/Microsoft.NetApp/locations/eastus/operationResults/8fef2b4b-7643-4467-afc9-0fb60c5b7a35","name":"8fef2b4b-7643-4467-afc9-0fb60c5b7a35","status":"Creating","startTime":"2023-08-31T13:43:14.1771556Z","endTime":"0001-01-01T00:00:00Z","percentComplete":0.0,"properties":{"resourceName":"/subscriptions/00000000-0000-0000-0000-000000000000/resourceGroups/cli_netappfiles_test_backup_000001/providers/Microsoft.NetApp/netAppAccounts/cli-acc-000002/capacityPools/cli-pool-000003/volumes/cli-vol-000004","action":"CREATE"}}'
    headers:
      cache-control:
      - no-cache
      content-length:
      - '584'
      content-type:
      - application/json; charset=utf-8
      date:
      - Thu, 31 Aug 2023 13:44:15 GMT
      expires:
      - '-1'
      pragma:
      - no-cache
      server:
      - Microsoft-IIS/10.0
      strict-transport-security:
      - max-age=31536000; includeSubDomains
      transfer-encoding:
      - chunked
      vary:
      - Accept-Encoding
      x-content-type-options:
      - nosniff
      x-powered-by:
      - ASP.NET
    status:
      code: 200
      message: OK
- request:
    body: null
    headers:
      Accept:
      - '*/*'
      Accept-Encoding:
      - gzip, deflate
      CommandName:
      - netappfiles volume create
      Connection:
      - keep-alive
      ParameterSetName:
      - -g -a -p -v -l --vnet --subnet --file-path --usage-threshold
      User-Agent:
      - AZURECLI/2.51.0 azsdk-python-mgmt-netapp/10.1.0 Python/3.10.10 (Windows-10-10.0.22621-SP0)
    method: GET
    uri: https://management.azure.com/subscriptions/00000000-0000-0000-0000-000000000000/providers/Microsoft.NetApp/locations/eastus/operationResults/8fef2b4b-7643-4467-afc9-0fb60c5b7a35?api-version=2022-11-01
  response:
    body:
      string: '{"id":"/subscriptions/00000000-0000-0000-0000-000000000000/providers/Microsoft.NetApp/locations/eastus/operationResults/8fef2b4b-7643-4467-afc9-0fb60c5b7a35","name":"8fef2b4b-7643-4467-afc9-0fb60c5b7a35","status":"Creating","startTime":"2023-08-31T13:43:14.1771556Z","endTime":"0001-01-01T00:00:00Z","percentComplete":0.0,"properties":{"resourceName":"/subscriptions/00000000-0000-0000-0000-000000000000/resourceGroups/cli_netappfiles_test_backup_000001/providers/Microsoft.NetApp/netAppAccounts/cli-acc-000002/capacityPools/cli-pool-000003/volumes/cli-vol-000004","action":"CREATE"}}'
    headers:
      cache-control:
      - no-cache
      content-length:
      - '584'
      content-type:
      - application/json; charset=utf-8
      date:
      - Thu, 31 Aug 2023 13:44:45 GMT
      expires:
      - '-1'
      pragma:
      - no-cache
      server:
      - Microsoft-IIS/10.0
      strict-transport-security:
      - max-age=31536000; includeSubDomains
      transfer-encoding:
      - chunked
      vary:
      - Accept-Encoding
      x-content-type-options:
      - nosniff
      x-powered-by:
      - ASP.NET
    status:
      code: 200
      message: OK
- request:
    body: null
    headers:
      Accept:
      - '*/*'
      Accept-Encoding:
      - gzip, deflate
      CommandName:
      - netappfiles volume create
      Connection:
      - keep-alive
      ParameterSetName:
      - -g -a -p -v -l --vnet --subnet --file-path --usage-threshold
      User-Agent:
      - AZURECLI/2.51.0 azsdk-python-mgmt-netapp/10.1.0 Python/3.10.10 (Windows-10-10.0.22621-SP0)
    method: GET
    uri: https://management.azure.com/subscriptions/00000000-0000-0000-0000-000000000000/providers/Microsoft.NetApp/locations/eastus/operationResults/8fef2b4b-7643-4467-afc9-0fb60c5b7a35?api-version=2022-11-01
  response:
    body:
      string: '{"id":"/subscriptions/00000000-0000-0000-0000-000000000000/providers/Microsoft.NetApp/locations/eastus/operationResults/8fef2b4b-7643-4467-afc9-0fb60c5b7a35","name":"8fef2b4b-7643-4467-afc9-0fb60c5b7a35","status":"Creating","startTime":"2023-08-31T13:43:14.1771556Z","endTime":"0001-01-01T00:00:00Z","percentComplete":0.0,"properties":{"resourceName":"/subscriptions/00000000-0000-0000-0000-000000000000/resourceGroups/cli_netappfiles_test_backup_000001/providers/Microsoft.NetApp/netAppAccounts/cli-acc-000002/capacityPools/cli-pool-000003/volumes/cli-vol-000004","action":"CREATE"}}'
    headers:
      cache-control:
      - no-cache
      content-length:
      - '584'
      content-type:
      - application/json; charset=utf-8
      date:
      - Thu, 31 Aug 2023 13:45:15 GMT
      expires:
      - '-1'
      pragma:
      - no-cache
      server:
      - Microsoft-IIS/10.0
      strict-transport-security:
      - max-age=31536000; includeSubDomains
      transfer-encoding:
      - chunked
      vary:
      - Accept-Encoding
      x-content-type-options:
      - nosniff
      x-powered-by:
      - ASP.NET
    status:
      code: 200
      message: OK
- request:
    body: null
    headers:
      Accept:
      - '*/*'
      Accept-Encoding:
      - gzip, deflate
      CommandName:
      - netappfiles volume create
      Connection:
      - keep-alive
      ParameterSetName:
      - -g -a -p -v -l --vnet --subnet --file-path --usage-threshold
      User-Agent:
      - AZURECLI/2.51.0 azsdk-python-mgmt-netapp/10.1.0 Python/3.10.10 (Windows-10-10.0.22621-SP0)
    method: GET
    uri: https://management.azure.com/subscriptions/00000000-0000-0000-0000-000000000000/providers/Microsoft.NetApp/locations/eastus/operationResults/8fef2b4b-7643-4467-afc9-0fb60c5b7a35?api-version=2022-11-01
  response:
    body:
      string: '{"id":"/subscriptions/00000000-0000-0000-0000-000000000000/providers/Microsoft.NetApp/locations/eastus/operationResults/8fef2b4b-7643-4467-afc9-0fb60c5b7a35","name":"8fef2b4b-7643-4467-afc9-0fb60c5b7a35","status":"Creating","startTime":"2023-08-31T13:43:14.1771556Z","endTime":"0001-01-01T00:00:00Z","percentComplete":0.0,"properties":{"resourceName":"/subscriptions/00000000-0000-0000-0000-000000000000/resourceGroups/cli_netappfiles_test_backup_000001/providers/Microsoft.NetApp/netAppAccounts/cli-acc-000002/capacityPools/cli-pool-000003/volumes/cli-vol-000004","action":"CREATE"}}'
    headers:
      cache-control:
      - no-cache
      content-length:
      - '584'
      content-type:
      - application/json; charset=utf-8
      date:
      - Thu, 31 Aug 2023 13:45:46 GMT
      expires:
      - '-1'
      pragma:
      - no-cache
      server:
      - Microsoft-IIS/10.0
      strict-transport-security:
      - max-age=31536000; includeSubDomains
      transfer-encoding:
      - chunked
      vary:
      - Accept-Encoding
      x-content-type-options:
      - nosniff
      x-powered-by:
      - ASP.NET
    status:
      code: 200
      message: OK
- request:
    body: null
    headers:
      Accept:
      - '*/*'
      Accept-Encoding:
      - gzip, deflate
      CommandName:
      - netappfiles volume create
      Connection:
      - keep-alive
      ParameterSetName:
      - -g -a -p -v -l --vnet --subnet --file-path --usage-threshold
      User-Agent:
      - AZURECLI/2.51.0 azsdk-python-mgmt-netapp/10.1.0 Python/3.10.10 (Windows-10-10.0.22621-SP0)
    method: GET
    uri: https://management.azure.com/subscriptions/00000000-0000-0000-0000-000000000000/providers/Microsoft.NetApp/locations/eastus/operationResults/8fef2b4b-7643-4467-afc9-0fb60c5b7a35?api-version=2022-11-01
  response:
    body:
      string: '{"id":"/subscriptions/00000000-0000-0000-0000-000000000000/providers/Microsoft.NetApp/locations/eastus/operationResults/8fef2b4b-7643-4467-afc9-0fb60c5b7a35","name":"8fef2b4b-7643-4467-afc9-0fb60c5b7a35","status":"Creating","startTime":"2023-08-31T13:43:14.1771556Z","endTime":"0001-01-01T00:00:00Z","percentComplete":0.0,"properties":{"resourceName":"/subscriptions/00000000-0000-0000-0000-000000000000/resourceGroups/cli_netappfiles_test_backup_000001/providers/Microsoft.NetApp/netAppAccounts/cli-acc-000002/capacityPools/cli-pool-000003/volumes/cli-vol-000004","action":"CREATE"}}'
    headers:
      cache-control:
      - no-cache
      content-length:
      - '584'
      content-type:
      - application/json; charset=utf-8
      date:
      - Thu, 31 Aug 2023 13:46:16 GMT
      expires:
      - '-1'
      pragma:
      - no-cache
      server:
      - Microsoft-IIS/10.0
      strict-transport-security:
      - max-age=31536000; includeSubDomains
      transfer-encoding:
      - chunked
      vary:
      - Accept-Encoding
      x-content-type-options:
      - nosniff
      x-powered-by:
      - ASP.NET
    status:
      code: 200
      message: OK
- request:
    body: null
    headers:
      Accept:
      - '*/*'
      Accept-Encoding:
      - gzip, deflate
      CommandName:
      - netappfiles volume create
      Connection:
      - keep-alive
      ParameterSetName:
      - -g -a -p -v -l --vnet --subnet --file-path --usage-threshold
      User-Agent:
      - AZURECLI/2.51.0 azsdk-python-mgmt-netapp/10.1.0 Python/3.10.10 (Windows-10-10.0.22621-SP0)
    method: GET
    uri: https://management.azure.com/subscriptions/00000000-0000-0000-0000-000000000000/providers/Microsoft.NetApp/locations/eastus/operationResults/8fef2b4b-7643-4467-afc9-0fb60c5b7a35?api-version=2022-11-01
  response:
    body:
      string: '{"id":"/subscriptions/00000000-0000-0000-0000-000000000000/providers/Microsoft.NetApp/locations/eastus/operationResults/8fef2b4b-7643-4467-afc9-0fb60c5b7a35","name":"8fef2b4b-7643-4467-afc9-0fb60c5b7a35","status":"Creating","startTime":"2023-08-31T13:43:14.1771556Z","endTime":"0001-01-01T00:00:00Z","percentComplete":0.0,"properties":{"resourceName":"/subscriptions/00000000-0000-0000-0000-000000000000/resourceGroups/cli_netappfiles_test_backup_000001/providers/Microsoft.NetApp/netAppAccounts/cli-acc-000002/capacityPools/cli-pool-000003/volumes/cli-vol-000004","action":"CREATE"}}'
    headers:
      cache-control:
      - no-cache
      content-length:
      - '584'
      content-type:
      - application/json; charset=utf-8
      date:
      - Thu, 31 Aug 2023 13:46:46 GMT
      expires:
      - '-1'
      pragma:
      - no-cache
      server:
      - Microsoft-IIS/10.0
      strict-transport-security:
      - max-age=31536000; includeSubDomains
      transfer-encoding:
      - chunked
      vary:
      - Accept-Encoding
      x-content-type-options:
      - nosniff
      x-powered-by:
      - ASP.NET
    status:
      code: 200
      message: OK
- request:
    body: null
    headers:
      Accept:
      - '*/*'
      Accept-Encoding:
      - gzip, deflate
      CommandName:
      - netappfiles volume create
      Connection:
      - keep-alive
      ParameterSetName:
      - -g -a -p -v -l --vnet --subnet --file-path --usage-threshold
      User-Agent:
      - AZURECLI/2.51.0 azsdk-python-mgmt-netapp/10.1.0 Python/3.10.10 (Windows-10-10.0.22621-SP0)
    method: GET
    uri: https://management.azure.com/subscriptions/00000000-0000-0000-0000-000000000000/providers/Microsoft.NetApp/locations/eastus/operationResults/8fef2b4b-7643-4467-afc9-0fb60c5b7a35?api-version=2022-11-01
  response:
    body:
      string: '{"id":"/subscriptions/00000000-0000-0000-0000-000000000000/providers/Microsoft.NetApp/locations/eastus/operationResults/8fef2b4b-7643-4467-afc9-0fb60c5b7a35","name":"8fef2b4b-7643-4467-afc9-0fb60c5b7a35","status":"Creating","startTime":"2023-08-31T13:43:14.1771556Z","endTime":"0001-01-01T00:00:00Z","percentComplete":0.0,"properties":{"resourceName":"/subscriptions/00000000-0000-0000-0000-000000000000/resourceGroups/cli_netappfiles_test_backup_000001/providers/Microsoft.NetApp/netAppAccounts/cli-acc-000002/capacityPools/cli-pool-000003/volumes/cli-vol-000004","action":"CREATE"}}'
    headers:
      cache-control:
      - no-cache
      content-length:
      - '584'
      content-type:
      - application/json; charset=utf-8
      date:
      - Thu, 31 Aug 2023 13:47:17 GMT
      expires:
      - '-1'
      pragma:
      - no-cache
      server:
      - Microsoft-IIS/10.0
      strict-transport-security:
      - max-age=31536000; includeSubDomains
      transfer-encoding:
      - chunked
      vary:
      - Accept-Encoding
      x-content-type-options:
      - nosniff
      x-powered-by:
      - ASP.NET
    status:
      code: 200
      message: OK
- request:
    body: null
    headers:
      Accept:
      - '*/*'
      Accept-Encoding:
      - gzip, deflate
      CommandName:
      - netappfiles volume create
      Connection:
      - keep-alive
      ParameterSetName:
      - -g -a -p -v -l --vnet --subnet --file-path --usage-threshold
      User-Agent:
      - AZURECLI/2.51.0 azsdk-python-mgmt-netapp/10.1.0 Python/3.10.10 (Windows-10-10.0.22621-SP0)
    method: GET
    uri: https://management.azure.com/subscriptions/00000000-0000-0000-0000-000000000000/providers/Microsoft.NetApp/locations/eastus/operationResults/8fef2b4b-7643-4467-afc9-0fb60c5b7a35?api-version=2022-11-01
  response:
    body:
      string: '{"id":"/subscriptions/00000000-0000-0000-0000-000000000000/providers/Microsoft.NetApp/locations/eastus/operationResults/8fef2b4b-7643-4467-afc9-0fb60c5b7a35","name":"8fef2b4b-7643-4467-afc9-0fb60c5b7a35","status":"Creating","startTime":"2023-08-31T13:43:14.1771556Z","endTime":"0001-01-01T00:00:00Z","percentComplete":0.0,"properties":{"resourceName":"/subscriptions/00000000-0000-0000-0000-000000000000/resourceGroups/cli_netappfiles_test_backup_000001/providers/Microsoft.NetApp/netAppAccounts/cli-acc-000002/capacityPools/cli-pool-000003/volumes/cli-vol-000004","action":"CREATE"}}'
    headers:
      cache-control:
      - no-cache
      content-length:
      - '584'
      content-type:
      - application/json; charset=utf-8
      date:
      - Thu, 31 Aug 2023 13:47:47 GMT
      expires:
      - '-1'
      pragma:
      - no-cache
      server:
      - Microsoft-IIS/10.0
      strict-transport-security:
      - max-age=31536000; includeSubDomains
      transfer-encoding:
      - chunked
      vary:
      - Accept-Encoding
      x-content-type-options:
      - nosniff
      x-powered-by:
      - ASP.NET
    status:
      code: 200
      message: OK
- request:
    body: null
    headers:
      Accept:
      - '*/*'
      Accept-Encoding:
      - gzip, deflate
      CommandName:
      - netappfiles volume create
      Connection:
      - keep-alive
      ParameterSetName:
      - -g -a -p -v -l --vnet --subnet --file-path --usage-threshold
      User-Agent:
      - AZURECLI/2.51.0 azsdk-python-mgmt-netapp/10.1.0 Python/3.10.10 (Windows-10-10.0.22621-SP0)
    method: GET
    uri: https://management.azure.com/subscriptions/00000000-0000-0000-0000-000000000000/providers/Microsoft.NetApp/locations/eastus/operationResults/8fef2b4b-7643-4467-afc9-0fb60c5b7a35?api-version=2022-11-01
  response:
    body:
      string: '{"id":"/subscriptions/00000000-0000-0000-0000-000000000000/providers/Microsoft.NetApp/locations/eastus/operationResults/8fef2b4b-7643-4467-afc9-0fb60c5b7a35","name":"8fef2b4b-7643-4467-afc9-0fb60c5b7a35","status":"Creating","startTime":"2023-08-31T13:43:14.1771556Z","endTime":"0001-01-01T00:00:00Z","percentComplete":0.0,"properties":{"resourceName":"/subscriptions/00000000-0000-0000-0000-000000000000/resourceGroups/cli_netappfiles_test_backup_000001/providers/Microsoft.NetApp/netAppAccounts/cli-acc-000002/capacityPools/cli-pool-000003/volumes/cli-vol-000004","action":"CREATE"}}'
    headers:
      cache-control:
      - no-cache
      content-length:
      - '584'
      content-type:
      - application/json; charset=utf-8
      date:
      - Thu, 31 Aug 2023 13:48:17 GMT
      expires:
      - '-1'
      pragma:
      - no-cache
      server:
      - Microsoft-IIS/10.0
      strict-transport-security:
      - max-age=31536000; includeSubDomains
      transfer-encoding:
      - chunked
      vary:
      - Accept-Encoding
      x-content-type-options:
      - nosniff
      x-powered-by:
      - ASP.NET
    status:
      code: 200
      message: OK
- request:
    body: null
    headers:
      Accept:
      - '*/*'
      Accept-Encoding:
      - gzip, deflate
      CommandName:
      - netappfiles volume create
      Connection:
      - keep-alive
      ParameterSetName:
      - -g -a -p -v -l --vnet --subnet --file-path --usage-threshold
      User-Agent:
      - AZURECLI/2.51.0 azsdk-python-mgmt-netapp/10.1.0 Python/3.10.10 (Windows-10-10.0.22621-SP0)
    method: GET
    uri: https://management.azure.com/subscriptions/00000000-0000-0000-0000-000000000000/providers/Microsoft.NetApp/locations/eastus/operationResults/8fef2b4b-7643-4467-afc9-0fb60c5b7a35?api-version=2022-11-01
  response:
    body:
      string: '{"id":"/subscriptions/00000000-0000-0000-0000-000000000000/providers/Microsoft.NetApp/locations/eastus/operationResults/8fef2b4b-7643-4467-afc9-0fb60c5b7a35","name":"8fef2b4b-7643-4467-afc9-0fb60c5b7a35","status":"Succeeded","startTime":"2023-08-31T13:43:14.1771556Z","endTime":"2023-08-31T13:48:43.1168891Z","percentComplete":100.0,"properties":{"resourceName":"/subscriptions/00000000-0000-0000-0000-000000000000/resourceGroups/cli_netappfiles_test_backup_000001/providers/Microsoft.NetApp/netAppAccounts/cli-acc-000002/capacityPools/cli-pool-000003/volumes/cli-vol-000004","action":"CREATE"}}'
    headers:
      cache-control:
      - no-cache
      content-length:
      - '595'
      content-type:
      - application/json; charset=utf-8
      date:
      - Thu, 31 Aug 2023 13:48:47 GMT
      expires:
      - '-1'
      pragma:
      - no-cache
      server:
      - Microsoft-IIS/10.0
      strict-transport-security:
      - max-age=31536000; includeSubDomains
      transfer-encoding:
      - chunked
      vary:
      - Accept-Encoding
      x-content-type-options:
      - nosniff
      x-powered-by:
      - ASP.NET
    status:
      code: 200
      message: OK
- request:
    body: null
    headers:
      Accept:
      - '*/*'
      Accept-Encoding:
      - gzip, deflate
      CommandName:
      - netappfiles volume create
      Connection:
      - keep-alive
      ParameterSetName:
      - -g -a -p -v -l --vnet --subnet --file-path --usage-threshold
      User-Agent:
      - AZURECLI/2.51.0 azsdk-python-mgmt-netapp/10.1.0 Python/3.10.10 (Windows-10-10.0.22621-SP0)
    method: GET
    uri: https://management.azure.com/subscriptions/00000000-0000-0000-0000-000000000000/resourceGroups/cli_netappfiles_test_backup_000001/providers/Microsoft.NetApp/netAppAccounts/cli-acc-000002/capacityPools/cli-pool-000003/volumes/cli-vol-000004?api-version=2022-11-01
  response:
    body:
      string: '{"id":"/subscriptions/00000000-0000-0000-0000-000000000000/resourceGroups/cli_netappfiles_test_backup_000001/providers/Microsoft.NetApp/netAppAccounts/cli-acc-000002/capacityPools/cli-pool-000003/volumes/cli-vol-000004","name":"cli-acc-000002/cli-pool-000003/cli-vol-000004","type":"Microsoft.NetApp/netAppAccounts/capacityPools/volumes","etag":"W/\"datetime''2023-08-31T13%3A48%3A43.100889Z''\"","location":"eastus","tags":{"CreatedOnDate":"2023-08-31T13:43:12.8288372Z"},"properties":{"volumeType":"","fileSystemId":"28dbfd34-0c63-f18d-88b6-4bd96a16eae6","serviceLevel":"Premium","creationToken":"cli-vol-000004","usageThreshold":107374182400,"exportPolicy":{"rules":[{"ruleIndex":1,"unixReadOnly":false,"unixReadWrite":true,"cifs":false,"nfsv3":true,"nfsv41":false,"allowedClients":"0.0.0.0/0","kerberos5ReadOnly":false,"kerberos5ReadWrite":false,"kerberos5iReadOnly":false,"kerberos5iReadWrite":false,"kerberos5pReadOnly":false,"kerberos5pReadWrite":false,"hasRootAccess":true,"chownMode":"Restricted"}]},"protocolTypes":["NFSv3"],"baremetalTenantId":"baremetalTenant_svm_e6db99cacbc54bf6b9f6acb8edf404c5_5afbeb9b","subnetId":"/subscriptions/00000000-0000-0000-0000-000000000000/resourceGroups/cli_netappfiles_test_backup_000001/providers/Microsoft.Network/virtualNetworks/cli-vnet-backup000006/subnets/default","networkFeatures":"Basic","networkSiblingSetId":"b763a303-a854-1816-1020-21aa3d695a32","storageToNetworkProximity":"AcrossT2","snapshotDirectoryVisible":true,"kerberosEnabled":false,"securityStyle":"Unix","smbEncryption":false,"smbContinuouslyAvailable":false,"encryptionKeySource":"Microsoft.NetApp","ldapEnabled":false,"unixPermissions":"0770","mountTargets":[{"mountTargetId":"28dbfd34-0c63-f18d-88b6-4bd96a16eae6","fileSystemId":"28dbfd34-0c63-f18d-88b6-4bd96a16eae6","ipAddress":"10.5.0.4"}],"coolAccess":false,"avsDataStore":"Disabled","isDefaultQuotaEnabled":false,"defaultUserQuotaInKiBs":0,"defaultGroupQuotaInKiBs":0,"enableSubvolumes":"Disabled","maximumNumberOfFiles":100000000,"smbNonBrowsable":"Disabled","smbAccessBasedEnumeration":"Disabled","isLargeVolume":false,"provisionedAvailabilityZone":"2","actualThroughputMibps":6.25,"provisioningState":"Succeeded"},"systemData":{"createdBy":"c6c4faba-2b22-44d9-80a4-71ff5b71f811","createdByType":"Application","createdAt":"2023-08-31T13:43:13.3490631Z","lastModifiedBy":"c6c4faba-2b22-44d9-80a4-71ff5b71f811","lastModifiedByType":"Application","lastModifiedAt":"2023-08-31T13:43:13.3490631Z"}}'
    headers:
      cache-control:
      - no-cache
      content-length:
      - '2468'
      content-type:
      - application/json; charset=utf-8
      date:
      - Thu, 31 Aug 2023 13:48:48 GMT
      etag:
      - W/"datetime'2023-08-31T13%3A48%3A43.100889Z'"
      expires:
      - '-1'
      pragma:
      - no-cache
      server:
      - Microsoft-IIS/10.0
      strict-transport-security:
      - max-age=31536000; includeSubDomains
      transfer-encoding:
      - chunked
      vary:
      - Accept-Encoding
      x-content-type-options:
      - nosniff
      x-powered-by:
      - ASP.NET
    status:
      code: 200
      message: OK
- request:
    body: '{"properties": {"dataProtection": {"backup": {"backupEnabled": true}}}}'
    headers:
      Accept:
      - application/json
      Accept-Encoding:
      - gzip, deflate
      CommandName:
      - netappfiles volume update
      Connection:
      - keep-alive
      Content-Length:
      - '71'
      Content-Type:
      - application/json
      ParameterSetName:
      - -g -a -p -v --backup-enabled
      User-Agent:
      - AZURECLI/2.51.0 azsdk-python-mgmt-netapp/10.1.0 Python/3.10.10 (Windows-10-10.0.22621-SP0)
    method: PATCH
    uri: https://management.azure.com/subscriptions/00000000-0000-0000-0000-000000000000/resourceGroups/cli_netappfiles_test_backup_000001/providers/Microsoft.NetApp/netAppAccounts/cli-acc-000002/capacityPools/cli-pool-000003/volumes/cli-vol-000004?api-version=2022-11-01
  response:
    body:
      string: '{"id":"/subscriptions/00000000-0000-0000-0000-000000000000/resourceGroups/cli_netappfiles_test_backup_000001/providers/Microsoft.NetApp/netAppAccounts/cli-acc-000002/capacityPools/cli-pool-000003/volumes/cli-vol-000004","name":"cli-acc-000002/cli-pool-000003/cli-vol-000004","type":"Microsoft.NetApp/netAppAccounts/capacityPools/volumes","etag":"W/\"datetime''2023-08-31T13%3A48%3A50.6215393Z''\"","location":"eastus","tags":{"CreatedOnDate":"2023-08-31T13:43:12.8288372Z"},"properties":{"volumeType":"","provisioningState":"Patching","fileSystemId":"28dbfd34-0c63-f18d-88b6-4bd96a16eae6","serviceLevel":"Premium","creationToken":"cli-vol-000004","usageThreshold":107374182400,"exportPolicy":{"rules":[{"ruleIndex":1,"unixReadOnly":false,"unixReadWrite":true,"cifs":false,"nfsv3":true,"nfsv41":false,"allowedClients":"0.0.0.0/0","kerberos5ReadOnly":false,"kerberos5ReadWrite":false,"kerberos5iReadOnly":false,"kerberos5iReadWrite":false,"kerberos5pReadOnly":false,"kerberos5pReadWrite":false,"hasRootAccess":true,"chownMode":"Restricted"}]},"protocolTypes":["NFSv3"],"baremetalTenantId":"baremetalTenant_svm_e6db99cacbc54bf6b9f6acb8edf404c5_5afbeb9b","subnetId":"/subscriptions/00000000-0000-0000-0000-000000000000/resourceGroups/cli_netappfiles_test_backup_000001/providers/Microsoft.Network/virtualNetworks/cli-vnet-backup000006/subnets/default","networkFeatures":"Basic","networkSiblingSetId":"b763a303-a854-1816-1020-21aa3d695a32","storageToNetworkProximity":"AcrossT2","snapshotDirectoryVisible":true,"kerberosEnabled":false,"securityStyle":"Unix","smbEncryption":false,"smbContinuouslyAvailable":false,"encryptionKeySource":"Microsoft.NetApp","ldapEnabled":false,"unixPermissions":"0770","mountTargets":[{"mountTargetId":"28dbfd34-0c63-f18d-88b6-4bd96a16eae6","fileSystemId":"28dbfd34-0c63-f18d-88b6-4bd96a16eae6","ipAddress":"10.5.0.4"}],"coolAccess":false,"avsDataStore":"Disabled","isDefaultQuotaEnabled":false,"defaultUserQuotaInKiBs":0,"defaultGroupQuotaInKiBs":0,"enableSubvolumes":"Disabled","maximumNumberOfFiles":100000000,"smbNonBrowsable":"Disabled","smbAccessBasedEnumeration":"Disabled","isLargeVolume":false,"provisionedAvailabilityZone":"2","actualThroughputMibps":6.25},"systemData":{"createdBy":"c6c4faba-2b22-44d9-80a4-71ff5b71f811","createdByType":"Application","createdAt":"2023-08-31T13:43:13.3490631Z","lastModifiedBy":"c6c4faba-2b22-44d9-80a4-71ff5b71f811","lastModifiedByType":"Application","lastModifiedAt":"2023-08-31T13:43:13.3490631Z"}}'
    headers:
      azure-asyncoperation:
      - https://management.azure.com/subscriptions/00000000-0000-0000-0000-000000000000/providers/Microsoft.NetApp/locations/eastus/operationResults/22a853dd-d09c-49d2-ab9e-4bcba729b1e3?api-version=2022-11-01
      cache-control:
      - no-cache
      content-length:
      - '2468'
      content-type:
      - application/json; charset=utf-8
      date:
      - Thu, 31 Aug 2023 13:48:49 GMT
      etag:
      - W/"datetime'2023-08-31T13%3A48%3A50.6215393Z'"
      expires:
      - '-1'
      location:
      - https://management.azure.com/subscriptions/00000000-0000-0000-0000-000000000000/providers/Microsoft.NetApp/locations/eastus/operationResults/22a853dd-d09c-49d2-ab9e-4bcba729b1e3?api-version=2022-11-01&operationResultResponseType=Location
      pragma:
      - no-cache
      server:
      - Microsoft-IIS/10.0
      strict-transport-security:
      - max-age=31536000; includeSubDomains
      x-content-type-options:
      - nosniff
      x-ms-ratelimit-remaining-subscription-writes:
      - '1199'
      x-powered-by:
      - ASP.NET
    status:
      code: 202
      message: Accepted
- request:
    body: null
    headers:
      Accept:
      - '*/*'
      Accept-Encoding:
      - gzip, deflate
      CommandName:
      - netappfiles volume update
      Connection:
      - keep-alive
      ParameterSetName:
      - -g -a -p -v --backup-enabled
      User-Agent:
      - AZURECLI/2.51.0 azsdk-python-mgmt-netapp/10.1.0 Python/3.10.10 (Windows-10-10.0.22621-SP0)
    method: GET
    uri: https://management.azure.com/subscriptions/00000000-0000-0000-0000-000000000000/providers/Microsoft.NetApp/locations/eastus/operationResults/22a853dd-d09c-49d2-ab9e-4bcba729b1e3?api-version=2022-11-01
  response:
    body:
      string: '{"id":"/subscriptions/00000000-0000-0000-0000-000000000000/providers/Microsoft.NetApp/locations/eastus/operationResults/22a853dd-d09c-49d2-ab9e-4bcba729b1e3","name":"22a853dd-d09c-49d2-ab9e-4bcba729b1e3","status":"Patching","startTime":"2023-08-31T13:48:50.6284641Z","endTime":"0001-01-01T00:00:00Z","percentComplete":0.0,"properties":{"resourceName":"/subscriptions/00000000-0000-0000-0000-000000000000/resourceGroups/cli_netappfiles_test_backup_000001/providers/Microsoft.NetApp/netAppAccounts/cli-acc-000002/capacityPools/cli-pool-000003/volumes/cli-vol-000004","action":"PATCH"}}'
    headers:
      cache-control:
      - no-cache
      content-length:
      - '583'
      content-type:
      - application/json; charset=utf-8
      date:
      - Thu, 31 Aug 2023 13:48:50 GMT
      expires:
      - '-1'
      pragma:
      - no-cache
      server:
      - Microsoft-IIS/10.0
      strict-transport-security:
      - max-age=31536000; includeSubDomains
      transfer-encoding:
      - chunked
      vary:
      - Accept-Encoding
      x-content-type-options:
      - nosniff
      x-powered-by:
      - ASP.NET
    status:
      code: 200
      message: OK
- request:
    body: null
    headers:
      Accept:
      - '*/*'
      Accept-Encoding:
      - gzip, deflate
      CommandName:
      - netappfiles volume update
      Connection:
      - keep-alive
      ParameterSetName:
      - -g -a -p -v --backup-enabled
      User-Agent:
      - AZURECLI/2.51.0 azsdk-python-mgmt-netapp/10.1.0 Python/3.10.10 (Windows-10-10.0.22621-SP0)
    method: GET
    uri: https://management.azure.com/subscriptions/00000000-0000-0000-0000-000000000000/providers/Microsoft.NetApp/locations/eastus/operationResults/22a853dd-d09c-49d2-ab9e-4bcba729b1e3?api-version=2022-11-01
  response:
    body:
      string: '{"id":"/subscriptions/00000000-0000-0000-0000-000000000000/providers/Microsoft.NetApp/locations/eastus/operationResults/22a853dd-d09c-49d2-ab9e-4bcba729b1e3","name":"22a853dd-d09c-49d2-ab9e-4bcba729b1e3","status":"Succeeded","startTime":"2023-08-31T13:48:50.6284641Z","endTime":"2023-08-31T13:48:55.0158541Z","percentComplete":100.0,"properties":{"resourceName":"/subscriptions/00000000-0000-0000-0000-000000000000/resourceGroups/cli_netappfiles_test_backup_000001/providers/Microsoft.NetApp/netAppAccounts/cli-acc-000002/capacityPools/cli-pool-000003/volumes/cli-vol-000004","action":"PATCH"}}'
    headers:
      cache-control:
      - no-cache
      content-length:
      - '594'
      content-type:
      - application/json; charset=utf-8
      date:
      - Thu, 31 Aug 2023 13:49:20 GMT
      expires:
      - '-1'
      pragma:
      - no-cache
      server:
      - Microsoft-IIS/10.0
      strict-transport-security:
      - max-age=31536000; includeSubDomains
      transfer-encoding:
      - chunked
      vary:
      - Accept-Encoding
      x-content-type-options:
      - nosniff
      x-powered-by:
      - ASP.NET
    status:
      code: 200
      message: OK
- request:
    body: null
    headers:
      Accept:
      - '*/*'
      Accept-Encoding:
      - gzip, deflate
      CommandName:
      - netappfiles volume update
      Connection:
      - keep-alive
      ParameterSetName:
      - -g -a -p -v --backup-enabled
      User-Agent:
      - AZURECLI/2.51.0 azsdk-python-mgmt-netapp/10.1.0 Python/3.10.10 (Windows-10-10.0.22621-SP0)
    method: GET
    uri: https://management.azure.com/subscriptions/00000000-0000-0000-0000-000000000000/providers/Microsoft.NetApp/locations/eastus/operationResults/22a853dd-d09c-49d2-ab9e-4bcba729b1e3?api-version=2022-11-01&operationResultResponseType=Location
  response:
    body:
      string: '{"volumeType":"","dataProtection":{"backup":{"backupEnabled":true,"policyEnforced":false}},"provisioningState":"Patching","fileSystemId":"28dbfd34-0c63-f18d-88b6-4bd96a16eae6","serviceLevel":"Premium","creationToken":"cli-vol-000004","usageThreshold":107374182400,"exportPolicy":{"rules":[{"ruleIndex":1,"unixReadOnly":false,"unixReadWrite":true,"cifs":false,"nfsv3":true,"nfsv41":false,"allowedClients":"0.0.0.0/0","kerberos5ReadOnly":false,"kerberos5ReadWrite":false,"kerberos5iReadOnly":false,"kerberos5iReadWrite":false,"kerberos5pReadOnly":false,"kerberos5pReadWrite":false,"hasRootAccess":true,"chownMode":"Restricted"}]},"protocolTypes":["NFSv3"],"baremetalTenantId":"baremetalTenant_svm_e6db99cacbc54bf6b9f6acb8edf404c5_5afbeb9b","subnetId":"/subscriptions/00000000-0000-0000-0000-000000000000/resourceGroups/cli_netappfiles_test_backup_000001/providers/Microsoft.Network/virtualNetworks/cli-vnet-backup000006/subnets/default","networkFeatures":"Basic","networkSiblingSetId":"b763a303-a854-1816-1020-21aa3d695a32","storageToNetworkProximity":"AcrossT2","snapshotDirectoryVisible":true,"kerberosEnabled":false,"securityStyle":"Unix","smbEncryption":false,"smbContinuouslyAvailable":false,"encryptionKeySource":"Microsoft.NetApp","ldapEnabled":false,"unixPermissions":"0770","mountTargets":[{"mountTargetId":"28dbfd34-0c63-f18d-88b6-4bd96a16eae6","fileSystemId":"28dbfd34-0c63-f18d-88b6-4bd96a16eae6","ipAddress":"10.5.0.4"}],"throughputMibps":0.0,"coolAccess":false,"avsDataStore":"Disabled","isDefaultQuotaEnabled":false,"defaultUserQuotaInKiBs":0,"defaultGroupQuotaInKiBs":0,"enableSubvolumes":"Disabled","maximumNumberOfFiles":100000000,"smbNonBrowsable":"Disabled","smbAccessBasedEnumeration":"Disabled","isLargeVolume":false,"provisionedAvailabilityZone":"2","actualThroughputMibps":6.25}'
    headers:
      cache-control:
      - no-cache
      content-length:
      - '1800'
      content-type:
      - application/json; charset=utf-8
      date:
      - Thu, 31 Aug 2023 13:49:20 GMT
      expires:
      - '-1'
      pragma:
      - no-cache
      server:
      - Microsoft-IIS/10.0
      strict-transport-security:
      - max-age=31536000; includeSubDomains
      transfer-encoding:
      - chunked
      vary:
      - Accept-Encoding
      x-content-type-options:
      - nosniff
      x-powered-by:
      - ASP.NET
    status:
      code: 200
      message: OK
- request:
    body: null
    headers:
      Accept:
      - application/json
      Accept-Encoding:
      - gzip, deflate
      CommandName:
      - netappfiles volume update
      Connection:
      - keep-alive
      ParameterSetName:
      - -g -a -p -v --backup-enabled
      User-Agent:
      - AZURECLI/2.51.0 azsdk-python-mgmt-netapp/10.1.0 Python/3.10.10 (Windows-10-10.0.22621-SP0)
    method: GET
    uri: https://management.azure.com/subscriptions/00000000-0000-0000-0000-000000000000/resourceGroups/cli_netappfiles_test_backup_000001/providers/Microsoft.NetApp/netAppAccounts/cli-acc-000002/capacityPools/cli-pool-000003/volumes/cli-vol-000004?api-version=2022-11-01
  response:
    body:
      string: '{"id":"/subscriptions/00000000-0000-0000-0000-000000000000/resourceGroups/cli_netappfiles_test_backup_000001/providers/Microsoft.NetApp/netAppAccounts/cli-acc-000002/capacityPools/cli-pool-000003/volumes/cli-vol-000004","name":"cli-acc-000002/cli-pool-000003/cli-vol-000004","type":"Microsoft.NetApp/netAppAccounts/capacityPools/volumes","etag":"W/\"datetime''2023-08-31T13%3A48%3A55.0060041Z''\"","location":"eastus","tags":{"CreatedOnDate":"2023-08-31T13:43:12.8288372Z"},"properties":{"volumeType":"","dataProtection":{"backup":{"backupEnabled":true,"policyEnforced":false}},"provisioningState":"Succeeded","fileSystemId":"28dbfd34-0c63-f18d-88b6-4bd96a16eae6","serviceLevel":"Premium","creationToken":"cli-vol-000004","usageThreshold":107374182400,"exportPolicy":{"rules":[{"ruleIndex":1,"unixReadOnly":false,"unixReadWrite":true,"cifs":false,"nfsv3":true,"nfsv41":false,"allowedClients":"0.0.0.0/0","kerberos5ReadOnly":false,"kerberos5ReadWrite":false,"kerberos5iReadOnly":false,"kerberos5iReadWrite":false,"kerberos5pReadOnly":false,"kerberos5pReadWrite":false,"hasRootAccess":true,"chownMode":"Restricted"}]},"protocolTypes":["NFSv3"],"baremetalTenantId":"baremetalTenant_svm_e6db99cacbc54bf6b9f6acb8edf404c5_5afbeb9b","subnetId":"/subscriptions/00000000-0000-0000-0000-000000000000/resourceGroups/cli_netappfiles_test_backup_000001/providers/Microsoft.Network/virtualNetworks/cli-vnet-backup000006/subnets/default","networkFeatures":"Basic","networkSiblingSetId":"b763a303-a854-1816-1020-21aa3d695a32","storageToNetworkProximity":"AcrossT2","snapshotDirectoryVisible":true,"kerberosEnabled":false,"securityStyle":"Unix","smbEncryption":false,"smbContinuouslyAvailable":false,"encryptionKeySource":"Microsoft.NetApp","ldapEnabled":false,"unixPermissions":"0770","mountTargets":[{"mountTargetId":"28dbfd34-0c63-f18d-88b6-4bd96a16eae6","fileSystemId":"28dbfd34-0c63-f18d-88b6-4bd96a16eae6","ipAddress":"10.5.0.4"}],"coolAccess":false,"avsDataStore":"Disabled","isDefaultQuotaEnabled":false,"defaultUserQuotaInKiBs":0,"defaultGroupQuotaInKiBs":0,"enableSubvolumes":"Disabled","maximumNumberOfFiles":100000000,"smbNonBrowsable":"Disabled","smbAccessBasedEnumeration":"Disabled","isLargeVolume":false,"provisionedAvailabilityZone":"2","actualThroughputMibps":6.25},"systemData":{"createdBy":"c6c4faba-2b22-44d9-80a4-71ff5b71f811","createdByType":"Application","createdAt":"2023-08-31T13:43:13.3490631Z","lastModifiedBy":"c6c4faba-2b22-44d9-80a4-71ff5b71f811","lastModifiedByType":"Application","lastModifiedAt":"2023-08-31T13:48:50.0877441Z"}}'
    headers:
      cache-control:
      - no-cache
      content-length:
      - '2543'
      content-type:
      - application/json; charset=utf-8
      date:
      - Thu, 31 Aug 2023 13:49:21 GMT
      etag:
      - W/"datetime'2023-08-31T13%3A48%3A55.0060041Z'"
      expires:
      - '-1'
      pragma:
      - no-cache
      server:
      - Microsoft-IIS/10.0
      strict-transport-security:
      - max-age=31536000; includeSubDomains
      transfer-encoding:
      - chunked
      vary:
      - Accept-Encoding
      x-content-type-options:
      - nosniff
      x-powered-by:
      - ASP.NET
    status:
      code: 200
      message: OK
- request:
    body: '{"location": "eastus"}'
    headers:
      Accept:
      - application/json
      Accept-Encoding:
      - gzip, deflate
      CommandName:
      - netappfiles volume backup create
      Connection:
      - keep-alive
      Content-Length:
      - '22'
      Content-Type:
      - application/json
      ParameterSetName:
      - -g -a -p -v -l --backup-name
      User-Agent:
      - AZURECLI/2.51.0 azsdk-python-mgmt-netapp/10.1.0 Python/3.10.10 (Windows-10-10.0.22621-SP0)
    method: PUT
    uri: https://management.azure.com/subscriptions/00000000-0000-0000-0000-000000000000/resourceGroups/cli_netappfiles_test_backup_000001/providers/Microsoft.NetApp/netAppAccounts/cli-acc-000002/capacityPools/cli-pool-000003/volumes/cli-vol-000004/backups/cli-backup-000005?api-version=2022-11-01
  response:
    body:
      string: '{"id":"/subscriptions/00000000-0000-0000-0000-000000000000/resourceGroups/cli_netappfiles_test_backup_000001/providers/Microsoft.NetApp/netAppAccounts/cli-acc-000002/capacityPools/cli-pool-000003/volumes/cli-vol-000004/backups/cli-backup-000005","name":"cli-acc-000002/cli-pool-000003/cli-vol-000004/cli-backup-000005","type":"Microsoft.NetApp/netAppAccounts/capacityPools/volumes/backups","location":"eastus","properties":{"provisioningState":"Creating"}}'
    headers:
      azure-asyncoperation:
      - https://management.azure.com/subscriptions/00000000-0000-0000-0000-000000000000/providers/Microsoft.NetApp/locations/eastus/operationResults/e18377cc-873c-4e78-81cd-514e87b9f7cc?api-version=2022-11-01
      cache-control:
      - no-cache
      content-length:
      - '456'
      content-type:
      - application/json; charset=utf-8
      date:
      - Thu, 31 Aug 2023 13:49:22 GMT
      expires:
      - '-1'
      location:
      - https://management.azure.com/subscriptions/00000000-0000-0000-0000-000000000000/providers/Microsoft.NetApp/locations/eastus/operationResults/e18377cc-873c-4e78-81cd-514e87b9f7cc?api-version=2022-11-01&operationResultResponseType=Location
      pragma:
      - no-cache
      server:
      - Microsoft-IIS/10.0
      strict-transport-security:
      - max-age=31536000; includeSubDomains
      x-content-type-options:
      - nosniff
      x-ms-ratelimit-remaining-subscription-writes:
      - '1199'
      x-powered-by:
      - ASP.NET
    status:
      code: 201
      message: Created
- request:
    body: null
    headers:
      Accept:
      - '*/*'
      Accept-Encoding:
      - gzip, deflate
      CommandName:
      - netappfiles volume backup create
      Connection:
      - keep-alive
      ParameterSetName:
      - -g -a -p -v -l --backup-name
      User-Agent:
      - AZURECLI/2.51.0 azsdk-python-mgmt-netapp/10.1.0 Python/3.10.10 (Windows-10-10.0.22621-SP0)
    method: GET
    uri: https://management.azure.com/subscriptions/00000000-0000-0000-0000-000000000000/providers/Microsoft.NetApp/locations/eastus/operationResults/e18377cc-873c-4e78-81cd-514e87b9f7cc?api-version=2022-11-01
  response:
    body:
      string: '{"id":"/subscriptions/00000000-0000-0000-0000-000000000000/providers/Microsoft.NetApp/locations/eastus/operationResults/e18377cc-873c-4e78-81cd-514e87b9f7cc","name":"e18377cc-873c-4e78-81cd-514e87b9f7cc","status":"Creating","startTime":"2023-08-31T13:49:23.6884685Z","endTime":"0001-01-01T00:00:00Z","percentComplete":0.0,"properties":{"resourceName":"/subscriptions/00000000-0000-0000-0000-000000000000/resourceGroups/cli_netappfiles_test_backup_000001/providers/Microsoft.NetApp/netAppAccounts/cli-acc-000002/capacityPools/cli-pool-000003/volumes/cli-vol-000004/backups/cli-backup-000005","action":"CREATE"}}'
    headers:
      cache-control:
      - no-cache
      content-length:
      - '610'
      content-type:
      - application/json; charset=utf-8
      date:
      - Thu, 31 Aug 2023 13:49:23 GMT
      expires:
      - '-1'
      pragma:
      - no-cache
      server:
      - Microsoft-IIS/10.0
      strict-transport-security:
      - max-age=31536000; includeSubDomains
      transfer-encoding:
      - chunked
      vary:
      - Accept-Encoding
      x-content-type-options:
      - nosniff
      x-powered-by:
      - ASP.NET
    status:
      code: 200
      message: OK
- request:
    body: null
    headers:
      Accept:
      - '*/*'
      Accept-Encoding:
      - gzip, deflate
      CommandName:
      - netappfiles volume backup create
      Connection:
      - keep-alive
      ParameterSetName:
      - -g -a -p -v -l --backup-name
      User-Agent:
      - AZURECLI/2.51.0 azsdk-python-mgmt-netapp/10.1.0 Python/3.10.10 (Windows-10-10.0.22621-SP0)
    method: GET
    uri: https://management.azure.com/subscriptions/00000000-0000-0000-0000-000000000000/providers/Microsoft.NetApp/locations/eastus/operationResults/e18377cc-873c-4e78-81cd-514e87b9f7cc?api-version=2022-11-01
  response:
    body:
      string: '{"id":"/subscriptions/00000000-0000-0000-0000-000000000000/providers/Microsoft.NetApp/locations/eastus/operationResults/e18377cc-873c-4e78-81cd-514e87b9f7cc","name":"e18377cc-873c-4e78-81cd-514e87b9f7cc","status":"Succeeded","startTime":"2023-08-31T13:49:23.6884685Z","endTime":"2023-08-31T13:49:24.1386987Z","percentComplete":100.0,"properties":{"resourceName":"/subscriptions/00000000-0000-0000-0000-000000000000/resourceGroups/cli_netappfiles_test_backup_000001/providers/Microsoft.NetApp/netAppAccounts/cli-acc-000002/capacityPools/cli-pool-000003/volumes/cli-vol-000004/backups/cli-backup-000005","action":"CREATE"}}'
    headers:
      cache-control:
      - no-cache
      content-length:
      - '621'
      content-type:
      - application/json; charset=utf-8
      date:
      - Thu, 31 Aug 2023 13:49:54 GMT
      expires:
      - '-1'
      pragma:
      - no-cache
      server:
      - Microsoft-IIS/10.0
      strict-transport-security:
      - max-age=31536000; includeSubDomains
      transfer-encoding:
      - chunked
      vary:
      - Accept-Encoding
      x-content-type-options:
      - nosniff
      x-powered-by:
      - ASP.NET
    status:
      code: 200
      message: OK
- request:
    body: null
    headers:
      Accept:
      - '*/*'
      Accept-Encoding:
      - gzip, deflate
      CommandName:
      - netappfiles volume backup create
      Connection:
      - keep-alive
      ParameterSetName:
      - -g -a -p -v -l --backup-name
      User-Agent:
      - AZURECLI/2.51.0 azsdk-python-mgmt-netapp/10.1.0 Python/3.10.10 (Windows-10-10.0.22621-SP0)
    method: GET
    uri: https://management.azure.com/subscriptions/00000000-0000-0000-0000-000000000000/providers/Microsoft.NetApp/locations/eastus/operationResults/e18377cc-873c-4e78-81cd-514e87b9f7cc?api-version=2022-11-01&operationResultResponseType=Location
  response:
    body:
      string: '{"creationDate":"0001-01-01T00:00:00Z","backupId":"aeb2b07d-b7a1-8579-3cf0-2b7cc3c358d9","size":0,"backupType":"Manual","provisioningState":"Creating","failureReason":"None","useExistingSnapshot":false}'
    headers:
      cache-control:
      - no-cache
      content-length:
      - '202'
      content-type:
      - application/json; charset=utf-8
      date:
      - Thu, 31 Aug 2023 13:49:54 GMT
      expires:
      - '-1'
      pragma:
      - no-cache
      server:
      - Microsoft-IIS/10.0
      strict-transport-security:
      - max-age=31536000; includeSubDomains
      x-content-type-options:
      - nosniff
      x-powered-by:
      - ASP.NET
    status:
      code: 201
      message: Created
- request:
    body: null
    headers:
      Accept:
      - application/json
      Accept-Encoding:
      - gzip, deflate
      CommandName:
      - netappfiles volume backup show
      Connection:
      - keep-alive
      ParameterSetName:
      - -g -a -p -v -b
      User-Agent:
      - AZURECLI/2.51.0 azsdk-python-mgmt-netapp/10.1.0 Python/3.10.10 (Windows-10-10.0.22621-SP0)
    method: GET
    uri: https://management.azure.com/subscriptions/00000000-0000-0000-0000-000000000000/resourceGroups/cli_netappfiles_test_backup_000001/providers/Microsoft.NetApp/netAppAccounts/cli-acc-000002/capacityPools/cli-pool-000003/volumes/cli-vol-000004/backups/cli-backup-000005?api-version=2022-11-01
  response:
    body:
      string: '{"id":"/subscriptions/00000000-0000-0000-0000-000000000000/resourceGroups/cli_netappfiles_test_backup_000001/providers/Microsoft.NetApp/netAppAccounts/cli-acc-000002/capacityPools/cli-pool-000003/volumes/cli-vol-000004/backups/cli-backup-000005","name":"cli-acc-000002/cli-pool-000003/cli-vol-000004/cli-backup-000005","type":"Microsoft.NetApp/netAppAccounts/capacityPools/volumes/backups","location":"eastus","properties":{"creationDate":"2023-08-31T13:49:24.032Z","backupId":"aeb2b07d-b7a1-8579-3cf0-2b7cc3c358d9","size":0,"backupType":"Manual","provisioningState":"Creating","failureReason":"None","volumeName":"cli-vol-000004","useExistingSnapshot":false}}'
    headers:
      cache-control:
      - no-cache
      content-length:
      - '660'
      content-type:
      - application/json; charset=utf-8
      date:
      - Thu, 31 Aug 2023 13:49:55 GMT
      expires:
      - '-1'
      pragma:
      - no-cache
      server:
      - Microsoft-IIS/10.0
      strict-transport-security:
      - max-age=31536000; includeSubDomains
      transfer-encoding:
      - chunked
      vary:
      - Accept-Encoding
      x-content-type-options:
      - nosniff
      x-powered-by:
      - ASP.NET
    status:
      code: 200
      message: OK
- request:
    body: null
    headers:
      Accept:
      - application/json
      Accept-Encoding:
      - gzip, deflate
      CommandName:
      - netappfiles volume backup show
      Connection:
      - keep-alive
      ParameterSetName:
      - -g -a -p -v -b
      User-Agent:
      - AZURECLI/2.51.0 azsdk-python-mgmt-netapp/10.1.0 Python/3.10.10 (Windows-10-10.0.22621-SP0)
    method: GET
    uri: https://management.azure.com/subscriptions/00000000-0000-0000-0000-000000000000/resourceGroups/cli_netappfiles_test_backup_000001/providers/Microsoft.NetApp/netAppAccounts/cli-acc-000002/capacityPools/cli-pool-000003/volumes/cli-vol-000004/backups/cli-backup-000005?api-version=2022-11-01
  response:
    body:
      string: '{"id":"/subscriptions/00000000-0000-0000-0000-000000000000/resourceGroups/cli_netappfiles_test_backup_000001/providers/Microsoft.NetApp/netAppAccounts/cli-acc-000002/capacityPools/cli-pool-000003/volumes/cli-vol-000004/backups/cli-backup-000005","name":"cli-acc-000002/cli-pool-000003/cli-vol-000004/cli-backup-000005","type":"Microsoft.NetApp/netAppAccounts/capacityPools/volumes/backups","location":"eastus","properties":{"creationDate":"2023-08-31T13:49:24.032Z","backupId":"aeb2b07d-b7a1-8579-3cf0-2b7cc3c358d9","size":0,"backupType":"Manual","provisioningState":"Failed","failureReason":"Error
        when creating - FAILED - Post \"http://gs-backup-api.default.svc.cluster.local:10062/v1/gs-backup-api/adhoc-backup\":
        EOF","volumeName":"cli-vol-000004","useExistingSnapshot":false}}'
    headers:
      cache-control:
      - no-cache
      content-length:
      - '781'
      content-type:
      - application/json; charset=utf-8
      date:
      - Thu, 31 Aug 2023 13:50:57 GMT
      expires:
      - '-1'
      pragma:
      - no-cache
      server:
      - Microsoft-IIS/10.0
      strict-transport-security:
      - max-age=31536000; includeSubDomains
      transfer-encoding:
      - chunked
      vary:
      - Accept-Encoding
      x-content-type-options:
      - nosniff
      x-powered-by:
      - ASP.NET
    status:
      code: 200
      message: OK
- request:
    body: null
    headers:
      Accept:
      - application/json
      Accept-Encoding:
      - gzip, deflate
      CommandName:
      - netappfiles volume backup show
      Connection:
      - keep-alive
      ParameterSetName:
      - -g -a -p -v -b
      User-Agent:
      - AZURECLI/2.51.0 azsdk-python-mgmt-netapp/10.1.0 Python/3.10.10 (Windows-10-10.0.22621-SP0)
    method: GET
    uri: https://management.azure.com/subscriptions/00000000-0000-0000-0000-000000000000/resourceGroups/cli_netappfiles_test_backup_000001/providers/Microsoft.NetApp/netAppAccounts/cli-acc-000002/capacityPools/cli-pool-000003/volumes/cli-vol-000004/backups/cli-backup-000005?api-version=2022-11-01
  response:
    body:
      string: '{"id":"/subscriptions/00000000-0000-0000-0000-000000000000/resourceGroups/cli_netappfiles_test_backup_000001/providers/Microsoft.NetApp/netAppAccounts/cli-acc-000002/capacityPools/cli-pool-000003/volumes/cli-vol-000004/backups/cli-backup-000005","name":"cli-acc-000002/cli-pool-000003/cli-vol-000004/cli-backup-000005","type":"Microsoft.NetApp/netAppAccounts/capacityPools/volumes/backups","location":"eastus","properties":{"creationDate":"2023-08-31T13:49:24.032Z","backupId":"aeb2b07d-b7a1-8579-3cf0-2b7cc3c358d9","size":0,"backupType":"Manual","provisioningState":"Failed","failureReason":"Error
        when creating - FAILED - Post \"http://gs-backup-api.default.svc.cluster.local:10062/v1/gs-backup-api/adhoc-backup\":
        EOF","volumeName":"cli-vol-000004","useExistingSnapshot":false}}'
    headers:
      cache-control:
      - no-cache
      content-length:
      - '781'
      content-type:
      - application/json; charset=utf-8
      date:
      - Thu, 31 Aug 2023 13:50:59 GMT
      expires:
      - '-1'
      pragma:
      - no-cache
      server:
      - Microsoft-IIS/10.0
      strict-transport-security:
      - max-age=31536000; includeSubDomains
      transfer-encoding:
      - chunked
      vary:
      - Accept-Encoding
      x-content-type-options:
      - nosniff
      x-powered-by:
      - ASP.NET
    status:
      code: 200
      message: OK
- request:
    body: null
    headers:
      Accept:
      - application/json
      Accept-Encoding:
      - gzip, deflate
      CommandName:
      - netappfiles volume backup list
      Connection:
      - keep-alive
      ParameterSetName:
      - -g -a -p -v
      User-Agent:
      - AZURECLI/2.51.0 azsdk-python-mgmt-netapp/10.1.0 Python/3.10.10 (Windows-10-10.0.22621-SP0)
    method: GET
    uri: https://management.azure.com/subscriptions/00000000-0000-0000-0000-000000000000/resourceGroups/cli_netappfiles_test_backup_000001/providers/Microsoft.NetApp/netAppAccounts/cli-acc-000002/capacityPools/cli-pool-000003/volumes/cli-vol-000004/backups?api-version=2022-11-01
  response:
    body:
      string: '{"value":[{"id":"/subscriptions/00000000-0000-0000-0000-000000000000/resourceGroups/cli_netappfiles_test_backup_000001/providers/Microsoft.NetApp/netAppAccounts/cli-acc-000002/capacityPools/cli-pool-000003/volumes/cli-vol-000004/backups/cli-backup-000005","name":"cli-acc-000002/cli-pool-000003/cli-vol-000004/cli-backup-000005","type":"Microsoft.NetApp/netAppAccounts/capacityPools/volumes/backups","location":"eastus","properties":{"creationDate":"2023-08-31T13:49:24.032Z","backupId":"aeb2b07d-b7a1-8579-3cf0-2b7cc3c358d9","size":0,"backupType":"Manual","provisioningState":"Failed","failureReason":"Error
        when creating - FAILED - Post \"http://gs-backup-api.default.svc.cluster.local:10062/v1/gs-backup-api/adhoc-backup\":
        EOF","volumeName":"cli-vol-000004","useExistingSnapshot":false}}]}'
    headers:
      cache-control:
      - no-cache
      content-length:
      - '793'
      content-type:
      - application/json; charset=utf-8
      date:
      - Thu, 31 Aug 2023 13:50:59 GMT
      expires:
      - '-1'
      pragma:
      - no-cache
      server:
      - Microsoft-IIS/10.0
      strict-transport-security:
      - max-age=31536000; includeSubDomains
      transfer-encoding:
      - chunked
      vary:
      - Accept-Encoding
      x-content-type-options:
      - nosniff
      x-powered-by:
      - ASP.NET
    status:
      code: 200
      message: OK
- request:
    body: '{"location": "eastus"}'
    headers:
      Accept:
      - application/json
      Accept-Encoding:
      - gzip, deflate
      CommandName:
      - netappfiles volume backup create
      Connection:
      - keep-alive
      Content-Length:
      - '22'
      Content-Type:
      - application/json
      ParameterSetName:
      - -g -a -p -v -l --backup-name
      User-Agent:
      - AZURECLI/2.51.0 azsdk-python-mgmt-netapp/10.1.0 Python/3.10.10 (Windows-10-10.0.22621-SP0)
    method: PUT
    uri: https://management.azure.com/subscriptions/00000000-0000-0000-0000-000000000000/resourceGroups/cli_netappfiles_test_backup_000001/providers/Microsoft.NetApp/netAppAccounts/cli-acc-000002/capacityPools/cli-pool-000003/volumes/cli-vol-000004/backups/cli-backup-000007?api-version=2022-11-01
  response:
    body:
      string: '{"id":"/subscriptions/00000000-0000-0000-0000-000000000000/resourceGroups/cli_netappfiles_test_backup_000001/providers/Microsoft.NetApp/netAppAccounts/cli-acc-000002/capacityPools/cli-pool-000003/volumes/cli-vol-000004/backups/cli-backup-000007","name":"cli-acc-000002/cli-pool-000003/cli-vol-000004/cli-backup-000007","type":"Microsoft.NetApp/netAppAccounts/capacityPools/volumes/backups","location":"eastus","properties":{"provisioningState":"Creating"}}'
    headers:
      azure-asyncoperation:
      - https://management.azure.com/subscriptions/00000000-0000-0000-0000-000000000000/providers/Microsoft.NetApp/locations/eastus/operationResults/d2237fd6-9ac2-4c2a-979d-b4dfb5206fa9?api-version=2022-11-01
      cache-control:
      - no-cache
      content-length:
      - '456'
      content-type:
      - application/json; charset=utf-8
      date:
      - Thu, 31 Aug 2023 13:51:00 GMT
      expires:
      - '-1'
      location:
      - https://management.azure.com/subscriptions/00000000-0000-0000-0000-000000000000/providers/Microsoft.NetApp/locations/eastus/operationResults/d2237fd6-9ac2-4c2a-979d-b4dfb5206fa9?api-version=2022-11-01&operationResultResponseType=Location
      pragma:
      - no-cache
      server:
      - Microsoft-IIS/10.0
      strict-transport-security:
      - max-age=31536000; includeSubDomains
      x-content-type-options:
      - nosniff
      x-ms-ratelimit-remaining-subscription-writes:
      - '1199'
      x-powered-by:
      - ASP.NET
    status:
      code: 201
      message: Created
- request:
    body: null
    headers:
      Accept:
      - '*/*'
      Accept-Encoding:
      - gzip, deflate
      CommandName:
      - netappfiles volume backup create
      Connection:
      - keep-alive
      ParameterSetName:
      - -g -a -p -v -l --backup-name
      User-Agent:
      - AZURECLI/2.51.0 azsdk-python-mgmt-netapp/10.1.0 Python/3.10.10 (Windows-10-10.0.22621-SP0)
    method: GET
    uri: https://management.azure.com/subscriptions/00000000-0000-0000-0000-000000000000/providers/Microsoft.NetApp/locations/eastus/operationResults/d2237fd6-9ac2-4c2a-979d-b4dfb5206fa9?api-version=2022-11-01
  response:
    body:
      string: '{"id":"/subscriptions/00000000-0000-0000-0000-000000000000/providers/Microsoft.NetApp/locations/eastus/operationResults/d2237fd6-9ac2-4c2a-979d-b4dfb5206fa9","name":"d2237fd6-9ac2-4c2a-979d-b4dfb5206fa9","status":"Creating","startTime":"2023-08-31T13:51:00.7178747Z","endTime":"0001-01-01T00:00:00Z","percentComplete":0.0,"properties":{"resourceName":"/subscriptions/00000000-0000-0000-0000-000000000000/resourceGroups/cli_netappfiles_test_backup_000001/providers/Microsoft.NetApp/netAppAccounts/cli-acc-000002/capacityPools/cli-pool-000003/volumes/cli-vol-000004/backups/cli-backup-000007","action":"CREATE"}}'
    headers:
      cache-control:
      - no-cache
      content-length:
      - '610'
      content-type:
      - application/json; charset=utf-8
      date:
      - Thu, 31 Aug 2023 13:51:00 GMT
      expires:
      - '-1'
      pragma:
      - no-cache
      server:
      - Microsoft-IIS/10.0
      strict-transport-security:
      - max-age=31536000; includeSubDomains
      transfer-encoding:
      - chunked
      vary:
      - Accept-Encoding
      x-content-type-options:
      - nosniff
      x-powered-by:
      - ASP.NET
    status:
      code: 200
      message: OK
- request:
    body: null
    headers:
      Accept:
      - '*/*'
      Accept-Encoding:
      - gzip, deflate
      CommandName:
      - netappfiles volume backup create
      Connection:
      - keep-alive
      ParameterSetName:
      - -g -a -p -v -l --backup-name
      User-Agent:
      - AZURECLI/2.51.0 azsdk-python-mgmt-netapp/10.1.0 Python/3.10.10 (Windows-10-10.0.22621-SP0)
    method: GET
    uri: https://management.azure.com/subscriptions/00000000-0000-0000-0000-000000000000/providers/Microsoft.NetApp/locations/eastus/operationResults/d2237fd6-9ac2-4c2a-979d-b4dfb5206fa9?api-version=2022-11-01
  response:
    body:
      string: '{"id":"/subscriptions/00000000-0000-0000-0000-000000000000/providers/Microsoft.NetApp/locations/eastus/operationResults/d2237fd6-9ac2-4c2a-979d-b4dfb5206fa9","name":"d2237fd6-9ac2-4c2a-979d-b4dfb5206fa9","status":"Succeeded","startTime":"2023-08-31T13:51:00.7178747Z","endTime":"2023-08-31T13:51:01.243508Z","percentComplete":100.0,"properties":{"resourceName":"/subscriptions/00000000-0000-0000-0000-000000000000/resourceGroups/cli_netappfiles_test_backup_000001/providers/Microsoft.NetApp/netAppAccounts/cli-acc-000002/capacityPools/cli-pool-000003/volumes/cli-vol-000004/backups/cli-backup-000007","action":"CREATE"}}'
    headers:
      cache-control:
      - no-cache
      content-length:
      - '620'
      content-type:
      - application/json; charset=utf-8
      date:
      - Thu, 31 Aug 2023 13:51:30 GMT
      expires:
      - '-1'
      pragma:
      - no-cache
      server:
      - Microsoft-IIS/10.0
      strict-transport-security:
      - max-age=31536000; includeSubDomains
      transfer-encoding:
      - chunked
      vary:
      - Accept-Encoding
      x-content-type-options:
      - nosniff
      x-powered-by:
      - ASP.NET
    status:
      code: 200
      message: OK
- request:
    body: null
    headers:
      Accept:
      - '*/*'
      Accept-Encoding:
      - gzip, deflate
      CommandName:
      - netappfiles volume backup create
      Connection:
      - keep-alive
      ParameterSetName:
      - -g -a -p -v -l --backup-name
      User-Agent:
      - AZURECLI/2.51.0 azsdk-python-mgmt-netapp/10.1.0 Python/3.10.10 (Windows-10-10.0.22621-SP0)
    method: GET
    uri: https://management.azure.com/subscriptions/00000000-0000-0000-0000-000000000000/providers/Microsoft.NetApp/locations/eastus/operationResults/d2237fd6-9ac2-4c2a-979d-b4dfb5206fa9?api-version=2022-11-01&operationResultResponseType=Location
  response:
    body:
      string: '{"creationDate":"0001-01-01T00:00:00Z","backupId":"4545fa08-d110-f5b9-d576-3d16bed75fab","size":0,"backupType":"Manual","provisioningState":"Creating","failureReason":"None","useExistingSnapshot":false}'
    headers:
      cache-control:
      - no-cache
      content-length:
      - '202'
      content-type:
      - application/json; charset=utf-8
      date:
      - Thu, 31 Aug 2023 13:51:31 GMT
      expires:
      - '-1'
      pragma:
      - no-cache
      server:
      - Microsoft-IIS/10.0
      strict-transport-security:
      - max-age=31536000; includeSubDomains
      x-content-type-options:
      - nosniff
      x-powered-by:
      - ASP.NET
    status:
      code: 201
      message: Created
- request:
    body: null
    headers:
      Accept:
      - application/json
      Accept-Encoding:
      - gzip, deflate
      CommandName:
      - netappfiles volume backup show
      Connection:
      - keep-alive
      ParameterSetName:
      - -g -a -p -v -b
      User-Agent:
      - AZURECLI/2.51.0 azsdk-python-mgmt-netapp/10.1.0 Python/3.10.10 (Windows-10-10.0.22621-SP0)
    method: GET
    uri: https://management.azure.com/subscriptions/00000000-0000-0000-0000-000000000000/resourceGroups/cli_netappfiles_test_backup_000001/providers/Microsoft.NetApp/netAppAccounts/cli-acc-000002/capacityPools/cli-pool-000003/volumes/cli-vol-000004/backups/cli-backup-000007?api-version=2022-11-01
  response:
    body:
      string: '{"id":"/subscriptions/00000000-0000-0000-0000-000000000000/resourceGroups/cli_netappfiles_test_backup_000001/providers/Microsoft.NetApp/netAppAccounts/cli-acc-000002/capacityPools/cli-pool-000003/volumes/cli-vol-000004/backups/cli-backup-000007","name":"cli-acc-000002/cli-pool-000003/cli-vol-000004/cli-backup-000007","type":"Microsoft.NetApp/netAppAccounts/capacityPools/volumes/backups","location":"eastus","properties":{"creationDate":"2023-08-31T13:51:01.121Z","backupId":"4545fa08-d110-f5b9-d576-3d16bed75fab","size":0,"backupType":"Manual","provisioningState":"Failed","failureReason":"Error
        when creating - FAILED - [POST /v1/gs-backup-api/adhoc-backup][409] createAdhocBackupJobConflict  &{Code:409
        Message:Error in creating adhoc backup job - Another backup job is in progress
        for the specified volume}","volumeName":"cli-vol-000004","useExistingSnapshot":false}}'
    headers:
      cache-control:
      - no-cache
      content-length:
      - '873'
      content-type:
      - application/json; charset=utf-8
      date:
      - Thu, 31 Aug 2023 13:51:32 GMT
      expires:
      - '-1'
      pragma:
      - no-cache
      server:
      - Microsoft-IIS/10.0
      strict-transport-security:
      - max-age=31536000; includeSubDomains
      transfer-encoding:
      - chunked
      vary:
      - Accept-Encoding
      x-content-type-options:
      - nosniff
      x-powered-by:
      - ASP.NET
    status:
      code: 200
      message: OK
- request:
    body: null
    headers:
      Accept:
      - application/json
      Accept-Encoding:
      - gzip, deflate
      CommandName:
      - netappfiles volume backup show
      Connection:
      - keep-alive
      ParameterSetName:
      - -g -a -p -v -b
      User-Agent:
      - AZURECLI/2.51.0 azsdk-python-mgmt-netapp/10.1.0 Python/3.10.10 (Windows-10-10.0.22621-SP0)
    method: GET
    uri: https://management.azure.com/subscriptions/00000000-0000-0000-0000-000000000000/resourceGroups/cli_netappfiles_test_backup_000001/providers/Microsoft.NetApp/netAppAccounts/cli-acc-000002/capacityPools/cli-pool-000003/volumes/cli-vol-000004/backups/cli-backup-000007?api-version=2022-11-01
  response:
    body:
      string: '{"id":"/subscriptions/00000000-0000-0000-0000-000000000000/resourceGroups/cli_netappfiles_test_backup_000001/providers/Microsoft.NetApp/netAppAccounts/cli-acc-000002/capacityPools/cli-pool-000003/volumes/cli-vol-000004/backups/cli-backup-000007","name":"cli-acc-000002/cli-pool-000003/cli-vol-000004/cli-backup-000007","type":"Microsoft.NetApp/netAppAccounts/capacityPools/volumes/backups","location":"eastus","properties":{"creationDate":"2023-08-31T13:51:01.121Z","backupId":"4545fa08-d110-f5b9-d576-3d16bed75fab","size":0,"backupType":"Manual","provisioningState":"Failed","failureReason":"Error
        when creating - FAILED - [POST /v1/gs-backup-api/adhoc-backup][409] createAdhocBackupJobConflict  &{Code:409
        Message:Error in creating adhoc backup job - Another backup job is in progress
        for the specified volume}","volumeName":"cli-vol-000004","useExistingSnapshot":false}}'
    headers:
      cache-control:
      - no-cache
      content-length:
      - '873'
      content-type:
      - application/json; charset=utf-8
      date:
      - Thu, 31 Aug 2023 13:51:33 GMT
      expires:
      - '-1'
      pragma:
      - no-cache
      server:
      - Microsoft-IIS/10.0
      strict-transport-security:
      - max-age=31536000; includeSubDomains
      transfer-encoding:
      - chunked
      vary:
      - Accept-Encoding
      x-content-type-options:
      - nosniff
      x-powered-by:
      - ASP.NET
    status:
      code: 200
      message: OK
- request:
    body: null
    headers:
      Accept:
      - application/json
      Accept-Encoding:
      - gzip, deflate
      CommandName:
      - netappfiles volume backup list
      Connection:
      - keep-alive
      ParameterSetName:
      - -g -a -p -v
      User-Agent:
      - AZURECLI/2.51.0 azsdk-python-mgmt-netapp/10.1.0 Python/3.10.10 (Windows-10-10.0.22621-SP0)
    method: GET
    uri: https://management.azure.com/subscriptions/00000000-0000-0000-0000-000000000000/resourceGroups/cli_netappfiles_test_backup_000001/providers/Microsoft.NetApp/netAppAccounts/cli-acc-000002/capacityPools/cli-pool-000003/volumes/cli-vol-000004/backups?api-version=2022-11-01
  response:
    body:
      string: '{"value":[{"id":"/subscriptions/00000000-0000-0000-0000-000000000000/resourceGroups/cli_netappfiles_test_backup_000001/providers/Microsoft.NetApp/netAppAccounts/cli-acc-000002/capacityPools/cli-pool-000003/volumes/cli-vol-000004/backups/cli-backup-000005","name":"cli-acc-000002/cli-pool-000003/cli-vol-000004/cli-backup-000005","type":"Microsoft.NetApp/netAppAccounts/capacityPools/volumes/backups","location":"eastus","properties":{"creationDate":"2023-08-31T13:49:24.032Z","backupId":"aeb2b07d-b7a1-8579-3cf0-2b7cc3c358d9","size":0,"backupType":"Manual","provisioningState":"Failed","failureReason":"Error
        when creating - FAILED - Post \"http://gs-backup-api.default.svc.cluster.local:10062/v1/gs-backup-api/adhoc-backup\":
        EOF","volumeName":"cli-vol-000004","useExistingSnapshot":false}},{"id":"/subscriptions/00000000-0000-0000-0000-000000000000/resourceGroups/cli_netappfiles_test_backup_000001/providers/Microsoft.NetApp/netAppAccounts/cli-acc-000002/capacityPools/cli-pool-000003/volumes/cli-vol-000004/backups/cli-backup-000007","name":"cli-acc-000002/cli-pool-000003/cli-vol-000004/cli-backup-000007","type":"Microsoft.NetApp/netAppAccounts/capacityPools/volumes/backups","location":"eastus","properties":{"creationDate":"2023-08-31T13:51:01.121Z","backupId":"4545fa08-d110-f5b9-d576-3d16bed75fab","size":0,"backupType":"Manual","provisioningState":"Failed","failureReason":"Error
        when creating - FAILED - [POST /v1/gs-backup-api/adhoc-backup][409] createAdhocBackupJobConflict  &{Code:409
        Message:Error in creating adhoc backup job - Another backup job is in progress
        for the specified volume}","volumeName":"cli-vol-000004","useExistingSnapshot":false}}]}'
    headers:
      cache-control:
      - no-cache
      content-length:
      - '1667'
      content-type:
      - application/json; charset=utf-8
      date:
      - Thu, 31 Aug 2023 13:51:34 GMT
      expires:
      - '-1'
      pragma:
      - no-cache
      server:
      - Microsoft-IIS/10.0
      strict-transport-security:
      - max-age=31536000; includeSubDomains
      transfer-encoding:
      - chunked
      vary:
      - Accept-Encoding
      x-content-type-options:
      - nosniff
      x-powered-by:
      - ASP.NET
    status:
      code: 200
      message: OK
- request:
    body: null
    headers:
      Accept:
      - '*/*'
      Accept-Encoding:
      - gzip, deflate
      CommandName:
      - netappfiles volume backup delete
      Connection:
      - keep-alive
      Content-Length:
      - '0'
      ParameterSetName:
      - -g -a -p -v --backup-name
      User-Agent:
      - AZURECLI/2.51.0 azsdk-python-mgmt-netapp/10.1.0 Python/3.10.10 (Windows-10-10.0.22621-SP0)
    method: DELETE
    uri: https://management.azure.com/subscriptions/00000000-0000-0000-0000-000000000000/resourceGroups/cli_netappfiles_test_backup_000001/providers/Microsoft.NetApp/netAppAccounts/cli-acc-000002/capacityPools/cli-pool-000003/volumes/cli-vol-000004/backups/cli-backup-000005?api-version=2022-11-01
  response:
    body:
      string: ''
    headers:
      azure-asyncoperation:
      - https://management.azure.com/subscriptions/00000000-0000-0000-0000-000000000000/providers/Microsoft.NetApp/locations/eastus/operationResults/995dd361-7b79-4fbd-87ac-6ebe8d2c11ed?api-version=2022-11-01
      cache-control:
      - no-cache
      content-length:
      - '0'
      date:
      - Thu, 31 Aug 2023 13:51:36 GMT
      expires:
      - '-1'
      location:
      - https://management.azure.com/subscriptions/00000000-0000-0000-0000-000000000000/providers/Microsoft.NetApp/locations/eastus/operationResults/995dd361-7b79-4fbd-87ac-6ebe8d2c11ed?api-version=2022-11-01&operationResultResponseType=Location
      pragma:
      - no-cache
      server:
      - Microsoft-IIS/10.0
      strict-transport-security:
      - max-age=31536000; includeSubDomains
      x-content-type-options:
      - nosniff
      x-ms-ratelimit-remaining-subscription-deletes:
      - '14999'
      x-powered-by:
      - ASP.NET
    status:
      code: 202
      message: Accepted
- request:
    body: null
    headers:
      Accept:
      - '*/*'
      Accept-Encoding:
      - gzip, deflate
      CommandName:
      - netappfiles volume backup delete
      Connection:
      - keep-alive
      ParameterSetName:
      - -g -a -p -v --backup-name
      User-Agent:
      - AZURECLI/2.51.0 azsdk-python-mgmt-netapp/10.1.0 Python/3.10.10 (Windows-10-10.0.22621-SP0)
    method: GET
    uri: https://management.azure.com/subscriptions/00000000-0000-0000-0000-000000000000/providers/Microsoft.NetApp/locations/eastus/operationResults/995dd361-7b79-4fbd-87ac-6ebe8d2c11ed?api-version=2022-11-01
  response:
    body:
      string: '{"id":"/subscriptions/00000000-0000-0000-0000-000000000000/providers/Microsoft.NetApp/locations/eastus/operationResults/995dd361-7b79-4fbd-87ac-6ebe8d2c11ed","name":"995dd361-7b79-4fbd-87ac-6ebe8d2c11ed","status":"Deleting","startTime":"2023-08-31T13:51:36.1074072Z","endTime":"0001-01-01T00:00:00Z","percentComplete":0.0,"properties":{"resourceName":"/subscriptions/00000000-0000-0000-0000-000000000000/resourceGroups/cli_netappfiles_test_backup_000001/providers/Microsoft.NetApp/netAppAccounts/cli-acc-000002/capacityPools/cli-pool-000003/volumes/cli-vol-000004/backups/cli-backup-000005","action":"DELETE"}}'
    headers:
      cache-control:
      - no-cache
      content-length:
      - '610'
      content-type:
      - application/json; charset=utf-8
      date:
      - Thu, 31 Aug 2023 13:51:36 GMT
      expires:
      - '-1'
      pragma:
      - no-cache
      server:
      - Microsoft-IIS/10.0
      strict-transport-security:
      - max-age=31536000; includeSubDomains
      transfer-encoding:
      - chunked
      vary:
      - Accept-Encoding
      x-content-type-options:
      - nosniff
      x-powered-by:
      - ASP.NET
    status:
      code: 200
      message: OK
- request:
    body: null
    headers:
      Accept:
      - '*/*'
      Accept-Encoding:
      - gzip, deflate
      CommandName:
      - netappfiles volume backup delete
      Connection:
      - keep-alive
      ParameterSetName:
      - -g -a -p -v --backup-name
      User-Agent:
      - AZURECLI/2.51.0 azsdk-python-mgmt-netapp/10.1.0 Python/3.10.10 (Windows-10-10.0.22621-SP0)
    method: GET
    uri: https://management.azure.com/subscriptions/00000000-0000-0000-0000-000000000000/providers/Microsoft.NetApp/locations/eastus/operationResults/995dd361-7b79-4fbd-87ac-6ebe8d2c11ed?api-version=2022-11-01
  response:
    body:
      string: '{"id":"/subscriptions/00000000-0000-0000-0000-000000000000/providers/Microsoft.NetApp/locations/eastus/operationResults/995dd361-7b79-4fbd-87ac-6ebe8d2c11ed","name":"995dd361-7b79-4fbd-87ac-6ebe8d2c11ed","status":"Succeeded","startTime":"2023-08-31T13:51:36.1074072Z","endTime":"2023-08-31T13:51:39.4860201Z","percentComplete":100.0,"properties":{"resourceName":"/subscriptions/00000000-0000-0000-0000-000000000000/resourceGroups/cli_netappfiles_test_backup_000001/providers/Microsoft.NetApp/netAppAccounts/cli-acc-000002/capacityPools/cli-pool-000003/volumes/cli-vol-000004/backups/cli-backup-000005","action":"DELETE"}}'
    headers:
      cache-control:
      - no-cache
      content-length:
      - '621'
      content-type:
      - application/json; charset=utf-8
      date:
      - Thu, 31 Aug 2023 13:52:06 GMT
      expires:
      - '-1'
      pragma:
      - no-cache
      server:
      - Microsoft-IIS/10.0
      strict-transport-security:
      - max-age=31536000; includeSubDomains
      transfer-encoding:
      - chunked
      vary:
      - Accept-Encoding
      x-content-type-options:
      - nosniff
      x-powered-by:
      - ASP.NET
    status:
      code: 200
      message: OK
- request:
    body: null
    headers:
      Accept:
      - '*/*'
      Accept-Encoding:
      - gzip, deflate
      CommandName:
      - netappfiles volume backup delete
      Connection:
      - keep-alive
      ParameterSetName:
      - -g -a -p -v --backup-name
      User-Agent:
      - AZURECLI/2.51.0 azsdk-python-mgmt-netapp/10.1.0 Python/3.10.10 (Windows-10-10.0.22621-SP0)
    method: GET
    uri: https://management.azure.com/subscriptions/00000000-0000-0000-0000-000000000000/providers/Microsoft.NetApp/locations/eastus/operationResults/995dd361-7b79-4fbd-87ac-6ebe8d2c11ed?api-version=2022-11-01&operationResultResponseType=Location
  response:
    body:
      string: ''
    headers:
      cache-control:
      - no-cache
      content-length:
      - '0'
      date:
      - Thu, 31 Aug 2023 13:52:06 GMT
      expires:
      - '-1'
      pragma:
      - no-cache
      server:
      - Microsoft-IIS/10.0
      strict-transport-security:
      - max-age=31536000; includeSubDomains
      x-content-type-options:
      - nosniff
      x-powered-by:
      - ASP.NET
    status:
      code: 200
      message: OK
- request:
    body: null
    headers:
      Accept:
      - application/json
      Accept-Encoding:
      - gzip, deflate
      CommandName:
      - netappfiles volume backup list
      Connection:
      - keep-alive
      ParameterSetName:
      - -g -a -p -v
      User-Agent:
      - AZURECLI/2.51.0 azsdk-python-mgmt-netapp/10.1.0 Python/3.10.10 (Windows-10-10.0.22621-SP0)
    method: GET
    uri: https://management.azure.com/subscriptions/00000000-0000-0000-0000-000000000000/resourceGroups/cli_netappfiles_test_backup_000001/providers/Microsoft.NetApp/netAppAccounts/cli-acc-000002/capacityPools/cli-pool-000003/volumes/cli-vol-000004/backups?api-version=2022-11-01
  response:
    body:
      string: '{"value":[{"id":"/subscriptions/00000000-0000-0000-0000-000000000000/resourceGroups/cli_netappfiles_test_backup_000001/providers/Microsoft.NetApp/netAppAccounts/cli-acc-000002/capacityPools/cli-pool-000003/volumes/cli-vol-000004/backups/cli-backup-000007","name":"cli-acc-000002/cli-pool-000003/cli-vol-000004/cli-backup-000007","type":"Microsoft.NetApp/netAppAccounts/capacityPools/volumes/backups","location":"eastus","properties":{"creationDate":"2023-08-31T13:51:01.121Z","backupId":"4545fa08-d110-f5b9-d576-3d16bed75fab","size":0,"backupType":"Manual","provisioningState":"Failed","failureReason":"Error
        when creating - FAILED - [POST /v1/gs-backup-api/adhoc-backup][409] createAdhocBackupJobConflict  &{Code:409
        Message:Error in creating adhoc backup job - Another backup job is in progress
        for the specified volume}","volumeName":"cli-vol-000004","useExistingSnapshot":false}}]}'
    headers:
      cache-control:
      - no-cache
      content-length:
      - '885'
      content-type:
      - application/json; charset=utf-8
      date:
      - Thu, 31 Aug 2023 13:52:07 GMT
      expires:
      - '-1'
      pragma:
      - no-cache
      server:
      - Microsoft-IIS/10.0
      strict-transport-security:
      - max-age=31536000; includeSubDomains
      transfer-encoding:
      - chunked
      vary:
      - Accept-Encoding
      x-content-type-options:
      - nosniff
      x-powered-by:
      - ASP.NET
    status:
      code: 200
      message: OK
- request:
    body: '{"properties": {"dataProtection": {"backup": {"backupEnabled": false}}}}'
    headers:
      Accept:
      - application/json
      Accept-Encoding:
      - gzip, deflate
      CommandName:
      - netappfiles volume update
      Connection:
      - keep-alive
      Content-Length:
      - '72'
      Content-Type:
      - application/json
      ParameterSetName:
      - -g -a -p -v --backup-enabled
      User-Agent:
      - AZURECLI/2.51.0 azsdk-python-mgmt-netapp/10.1.0 Python/3.10.10 (Windows-10-10.0.22621-SP0)
    method: PATCH
    uri: https://management.azure.com/subscriptions/00000000-0000-0000-0000-000000000000/resourceGroups/cli_netappfiles_test_backup_000001/providers/Microsoft.NetApp/netAppAccounts/cli-acc-000002/capacityPools/cli-pool-000003/volumes/cli-vol-000004?api-version=2022-11-01
  response:
    body:
      string: '{"id":"/subscriptions/00000000-0000-0000-0000-000000000000/resourceGroups/cli_netappfiles_test_backup_000001/providers/Microsoft.NetApp/netAppAccounts/cli-acc-000002/capacityPools/cli-pool-000003/volumes/cli-vol-000004","name":"cli-acc-000002/cli-pool-000003/cli-vol-000004","type":"Microsoft.NetApp/netAppAccounts/capacityPools/volumes","etag":"W/\"datetime''2023-08-31T13%3A52%3A09.5415498Z''\"","location":"eastus","tags":{"CreatedOnDate":"2023-08-31T13:43:12.8288372Z"},"properties":{"volumeType":"","dataProtection":{"backup":{"backupEnabled":true,"policyEnforced":false}},"provisioningState":"Patching","fileSystemId":"28dbfd34-0c63-f18d-88b6-4bd96a16eae6","serviceLevel":"Premium","creationToken":"cli-vol-000004","usageThreshold":107374182400,"exportPolicy":{"rules":[{"ruleIndex":1,"unixReadOnly":false,"unixReadWrite":true,"cifs":false,"nfsv3":true,"nfsv41":false,"allowedClients":"0.0.0.0/0","kerberos5ReadOnly":false,"kerberos5ReadWrite":false,"kerberos5iReadOnly":false,"kerberos5iReadWrite":false,"kerberos5pReadOnly":false,"kerberos5pReadWrite":false,"hasRootAccess":true,"chownMode":"Restricted"}]},"protocolTypes":["NFSv3"],"baremetalTenantId":"baremetalTenant_svm_e6db99cacbc54bf6b9f6acb8edf404c5_5afbeb9b","subnetId":"/subscriptions/00000000-0000-0000-0000-000000000000/resourceGroups/cli_netappfiles_test_backup_000001/providers/Microsoft.Network/virtualNetworks/cli-vnet-backup000006/subnets/default","networkFeatures":"Basic","networkSiblingSetId":"b763a303-a854-1816-1020-21aa3d695a32","storageToNetworkProximity":"AcrossT2","snapshotDirectoryVisible":true,"kerberosEnabled":false,"securityStyle":"Unix","smbEncryption":false,"smbContinuouslyAvailable":false,"encryptionKeySource":"Microsoft.NetApp","ldapEnabled":false,"unixPermissions":"0770","mountTargets":[{"mountTargetId":"28dbfd34-0c63-f18d-88b6-4bd96a16eae6","fileSystemId":"28dbfd34-0c63-f18d-88b6-4bd96a16eae6","ipAddress":"10.5.0.4"}],"coolAccess":false,"avsDataStore":"Disabled","isDefaultQuotaEnabled":false,"defaultUserQuotaInKiBs":0,"defaultGroupQuotaInKiBs":0,"enableSubvolumes":"Disabled","maximumNumberOfFiles":100000000,"smbNonBrowsable":"Disabled","smbAccessBasedEnumeration":"Disabled","isLargeVolume":false,"provisionedAvailabilityZone":"2","actualThroughputMibps":6.25},"systemData":{"createdBy":"c6c4faba-2b22-44d9-80a4-71ff5b71f811","createdByType":"Application","createdAt":"2023-08-31T13:43:13.3490631Z","lastModifiedBy":"c6c4faba-2b22-44d9-80a4-71ff5b71f811","lastModifiedByType":"Application","lastModifiedAt":"2023-08-31T13:48:50.0877441Z"}}'
    headers:
      azure-asyncoperation:
      - https://management.azure.com/subscriptions/00000000-0000-0000-0000-000000000000/providers/Microsoft.NetApp/locations/eastus/operationResults/26942cc6-1403-40fc-b361-e705517a4184?api-version=2022-11-01
      cache-control:
      - no-cache
      content-length:
      - '2542'
      content-type:
      - application/json; charset=utf-8
      date:
      - Thu, 31 Aug 2023 13:52:08 GMT
      etag:
      - W/"datetime'2023-08-31T13%3A52%3A09.5415498Z'"
      expires:
      - '-1'
      location:
      - https://management.azure.com/subscriptions/00000000-0000-0000-0000-000000000000/providers/Microsoft.NetApp/locations/eastus/operationResults/26942cc6-1403-40fc-b361-e705517a4184?api-version=2022-11-01&operationResultResponseType=Location
      pragma:
      - no-cache
      server:
      - Microsoft-IIS/10.0
      strict-transport-security:
      - max-age=31536000; includeSubDomains
      x-content-type-options:
      - nosniff
      x-ms-ratelimit-remaining-subscription-writes:
      - '1197'
      x-powered-by:
      - ASP.NET
    status:
      code: 202
      message: Accepted
- request:
    body: null
    headers:
      Accept:
      - '*/*'
      Accept-Encoding:
      - gzip, deflate
      CommandName:
      - netappfiles volume update
      Connection:
      - keep-alive
      ParameterSetName:
      - -g -a -p -v --backup-enabled
      User-Agent:
      - AZURECLI/2.51.0 azsdk-python-mgmt-netapp/10.1.0 Python/3.10.10 (Windows-10-10.0.22621-SP0)
    method: GET
    uri: https://management.azure.com/subscriptions/00000000-0000-0000-0000-000000000000/providers/Microsoft.NetApp/locations/eastus/operationResults/26942cc6-1403-40fc-b361-e705517a4184?api-version=2022-11-01
  response:
    body:
      string: '{"id":"/subscriptions/00000000-0000-0000-0000-000000000000/providers/Microsoft.NetApp/locations/eastus/operationResults/26942cc6-1403-40fc-b361-e705517a4184","name":"26942cc6-1403-40fc-b361-e705517a4184","status":"Patching","startTime":"2023-08-31T13:52:09.533002Z","endTime":"0001-01-01T00:00:00Z","percentComplete":0.0,"properties":{"resourceName":"/subscriptions/00000000-0000-0000-0000-000000000000/resourceGroups/cli_netappfiles_test_backup_000001/providers/Microsoft.NetApp/netAppAccounts/cli-acc-000002/capacityPools/cli-pool-000003/volumes/cli-vol-000004","action":"PATCH"}}'
    headers:
      cache-control:
      - no-cache
      content-length:
      - '582'
      content-type:
      - application/json; charset=utf-8
      date:
      - Thu, 31 Aug 2023 13:52:09 GMT
      expires:
      - '-1'
      pragma:
      - no-cache
      server:
      - Microsoft-IIS/10.0
      strict-transport-security:
      - max-age=31536000; includeSubDomains
      transfer-encoding:
      - chunked
      vary:
      - Accept-Encoding
      x-content-type-options:
      - nosniff
      x-powered-by:
      - ASP.NET
    status:
      code: 200
      message: OK
- request:
    body: null
    headers:
      Accept:
      - '*/*'
      Accept-Encoding:
      - gzip, deflate
      CommandName:
      - netappfiles volume update
      Connection:
      - keep-alive
      ParameterSetName:
      - -g -a -p -v --backup-enabled
      User-Agent:
      - AZURECLI/2.51.0 azsdk-python-mgmt-netapp/10.1.0 Python/3.10.10 (Windows-10-10.0.22621-SP0)
    method: GET
    uri: https://management.azure.com/subscriptions/00000000-0000-0000-0000-000000000000/providers/Microsoft.NetApp/locations/eastus/operationResults/26942cc6-1403-40fc-b361-e705517a4184?api-version=2022-11-01
  response:
    body:
      string: '{"id":"/subscriptions/00000000-0000-0000-0000-000000000000/providers/Microsoft.NetApp/locations/eastus/operationResults/26942cc6-1403-40fc-b361-e705517a4184","name":"26942cc6-1403-40fc-b361-e705517a4184","status":"Succeeded","startTime":"2023-08-31T13:52:09.533002Z","endTime":"2023-08-31T13:52:16.2798735Z","percentComplete":100.0,"properties":{"resourceName":"/subscriptions/00000000-0000-0000-0000-000000000000/resourceGroups/cli_netappfiles_test_backup_000001/providers/Microsoft.NetApp/netAppAccounts/cli-acc-000002/capacityPools/cli-pool-000003/volumes/cli-vol-000004","action":"PATCH"}}'
    headers:
      cache-control:
      - no-cache
      content-length:
      - '593'
      content-type:
      - application/json; charset=utf-8
      date:
      - Thu, 31 Aug 2023 13:52:39 GMT
      expires:
      - '-1'
      pragma:
      - no-cache
      server:
      - Microsoft-IIS/10.0
      strict-transport-security:
      - max-age=31536000; includeSubDomains
      transfer-encoding:
      - chunked
      vary:
      - Accept-Encoding
      x-content-type-options:
      - nosniff
      x-powered-by:
      - ASP.NET
    status:
      code: 200
      message: OK
- request:
    body: null
    headers:
      Accept:
      - '*/*'
      Accept-Encoding:
      - gzip, deflate
      CommandName:
      - netappfiles volume update
      Connection:
      - keep-alive
      ParameterSetName:
      - -g -a -p -v --backup-enabled
      User-Agent:
      - AZURECLI/2.51.0 azsdk-python-mgmt-netapp/10.1.0 Python/3.10.10 (Windows-10-10.0.22621-SP0)
    method: GET
    uri: https://management.azure.com/subscriptions/00000000-0000-0000-0000-000000000000/providers/Microsoft.NetApp/locations/eastus/operationResults/26942cc6-1403-40fc-b361-e705517a4184?api-version=2022-11-01&operationResultResponseType=Location
  response:
    body:
      string: '{"volumeType":"","dataProtection":{"backup":{"backupEnabled":false,"policyEnforced":false}},"provisioningState":"Patching","fileSystemId":"28dbfd34-0c63-f18d-88b6-4bd96a16eae6","serviceLevel":"Premium","creationToken":"cli-vol-000004","usageThreshold":107374182400,"exportPolicy":{"rules":[{"ruleIndex":1,"unixReadOnly":false,"unixReadWrite":true,"cifs":false,"nfsv3":true,"nfsv41":false,"allowedClients":"0.0.0.0/0","kerberos5ReadOnly":false,"kerberos5ReadWrite":false,"kerberos5iReadOnly":false,"kerberos5iReadWrite":false,"kerberos5pReadOnly":false,"kerberos5pReadWrite":false,"hasRootAccess":true,"chownMode":"Restricted"}]},"protocolTypes":["NFSv3"],"baremetalTenantId":"baremetalTenant_svm_e6db99cacbc54bf6b9f6acb8edf404c5_5afbeb9b","subnetId":"/subscriptions/00000000-0000-0000-0000-000000000000/resourceGroups/cli_netappfiles_test_backup_000001/providers/Microsoft.Network/virtualNetworks/cli-vnet-backup000006/subnets/default","networkFeatures":"Basic","networkSiblingSetId":"b763a303-a854-1816-1020-21aa3d695a32","storageToNetworkProximity":"AcrossT2","snapshotDirectoryVisible":true,"kerberosEnabled":false,"securityStyle":"Unix","smbEncryption":false,"smbContinuouslyAvailable":false,"encryptionKeySource":"Microsoft.NetApp","ldapEnabled":false,"unixPermissions":"0770","mountTargets":[{"mountTargetId":"28dbfd34-0c63-f18d-88b6-4bd96a16eae6","fileSystemId":"28dbfd34-0c63-f18d-88b6-4bd96a16eae6","ipAddress":"10.5.0.4"}],"throughputMibps":0.0,"coolAccess":false,"avsDataStore":"Disabled","isDefaultQuotaEnabled":false,"defaultUserQuotaInKiBs":0,"defaultGroupQuotaInKiBs":0,"enableSubvolumes":"Disabled","maximumNumberOfFiles":100000000,"smbNonBrowsable":"Disabled","smbAccessBasedEnumeration":"Disabled","isLargeVolume":false,"provisionedAvailabilityZone":"2","actualThroughputMibps":6.25}'
    headers:
      cache-control:
      - no-cache
      content-length:
      - '1801'
      content-type:
      - application/json; charset=utf-8
      date:
      - Thu, 31 Aug 2023 13:52:39 GMT
      expires:
      - '-1'
      pragma:
      - no-cache
      server:
      - Microsoft-IIS/10.0
      strict-transport-security:
      - max-age=31536000; includeSubDomains
      transfer-encoding:
      - chunked
      vary:
      - Accept-Encoding
      x-content-type-options:
      - nosniff
      x-powered-by:
      - ASP.NET
    status:
      code: 200
      message: OK
- request:
    body: null
    headers:
      Accept:
      - application/json
      Accept-Encoding:
      - gzip, deflate
      CommandName:
      - netappfiles volume update
      Connection:
      - keep-alive
      ParameterSetName:
      - -g -a -p -v --backup-enabled
      User-Agent:
      - AZURECLI/2.51.0 azsdk-python-mgmt-netapp/10.1.0 Python/3.10.10 (Windows-10-10.0.22621-SP0)
    method: GET
    uri: https://management.azure.com/subscriptions/00000000-0000-0000-0000-000000000000/resourceGroups/cli_netappfiles_test_backup_000001/providers/Microsoft.NetApp/netAppAccounts/cli-acc-000002/capacityPools/cli-pool-000003/volumes/cli-vol-000004?api-version=2022-11-01
  response:
    body:
      string: '{"id":"/subscriptions/00000000-0000-0000-0000-000000000000/resourceGroups/cli_netappfiles_test_backup_000001/providers/Microsoft.NetApp/netAppAccounts/cli-acc-000002/capacityPools/cli-pool-000003/volumes/cli-vol-000004","name":"cli-acc-000002/cli-pool-000003/cli-vol-000004","type":"Microsoft.NetApp/netAppAccounts/capacityPools/volumes","etag":"W/\"datetime''2023-08-31T13%3A52%3A16.285654Z''\"","location":"eastus","tags":{"CreatedOnDate":"2023-08-31T13:43:12.8288372Z"},"properties":{"volumeType":"","dataProtection":{"backup":{"backupEnabled":false,"policyEnforced":false}},"provisioningState":"Succeeded","fileSystemId":"28dbfd34-0c63-f18d-88b6-4bd96a16eae6","serviceLevel":"Premium","creationToken":"cli-vol-000004","usageThreshold":107374182400,"exportPolicy":{"rules":[{"ruleIndex":1,"unixReadOnly":false,"unixReadWrite":true,"cifs":false,"nfsv3":true,"nfsv41":false,"allowedClients":"0.0.0.0/0","kerberos5ReadOnly":false,"kerberos5ReadWrite":false,"kerberos5iReadOnly":false,"kerberos5iReadWrite":false,"kerberos5pReadOnly":false,"kerberos5pReadWrite":false,"hasRootAccess":true,"chownMode":"Restricted"}]},"protocolTypes":["NFSv3"],"baremetalTenantId":"baremetalTenant_svm_e6db99cacbc54bf6b9f6acb8edf404c5_5afbeb9b","subnetId":"/subscriptions/00000000-0000-0000-0000-000000000000/resourceGroups/cli_netappfiles_test_backup_000001/providers/Microsoft.Network/virtualNetworks/cli-vnet-backup000006/subnets/default","networkFeatures":"Basic","networkSiblingSetId":"b763a303-a854-1816-1020-21aa3d695a32","storageToNetworkProximity":"AcrossT2","snapshotDirectoryVisible":true,"kerberosEnabled":false,"securityStyle":"Unix","smbEncryption":false,"smbContinuouslyAvailable":false,"encryptionKeySource":"Microsoft.NetApp","ldapEnabled":false,"unixPermissions":"0770","mountTargets":[{"mountTargetId":"28dbfd34-0c63-f18d-88b6-4bd96a16eae6","fileSystemId":"28dbfd34-0c63-f18d-88b6-4bd96a16eae6","ipAddress":"10.5.0.4"}],"coolAccess":false,"avsDataStore":"Disabled","isDefaultQuotaEnabled":false,"defaultUserQuotaInKiBs":0,"defaultGroupQuotaInKiBs":0,"enableSubvolumes":"Disabled","maximumNumberOfFiles":100000000,"smbNonBrowsable":"Disabled","smbAccessBasedEnumeration":"Disabled","isLargeVolume":false,"provisionedAvailabilityZone":"2","actualThroughputMibps":6.25},"systemData":{"createdBy":"c6c4faba-2b22-44d9-80a4-71ff5b71f811","createdByType":"Application","createdAt":"2023-08-31T13:43:13.3490631Z","lastModifiedBy":"c6c4faba-2b22-44d9-80a4-71ff5b71f811","lastModifiedByType":"Application","lastModifiedAt":"2023-08-31T13:52:09.4539094Z"}}'
    headers:
      cache-control:
      - no-cache
      content-length:
      - '2543'
      content-type:
      - application/json; charset=utf-8
      date:
      - Thu, 31 Aug 2023 13:52:40 GMT
      etag:
      - W/"datetime'2023-08-31T13%3A52%3A16.285654Z'"
      expires:
      - '-1'
      pragma:
      - no-cache
      server:
      - Microsoft-IIS/10.0
      strict-transport-security:
      - max-age=31536000; includeSubDomains
      transfer-encoding:
      - chunked
      vary:
      - Accept-Encoding
      x-content-type-options:
      - nosniff
      x-powered-by:
      - ASP.NET
    status:
      code: 200
      message: OK
version: 1
