interactions:
- request:
    body: '{"location": "southcentralusstage", "properties": {"encryption": {"keySource":
      "Microsoft.KeyVault", "keyVaultProperties": {"keyVaultUri": "myUri", "keyName":
      "myKeyName", "keyVaultResourceId": "myKeyVaultResourceId"}, "identity": {"userAssignedIdentity":
      "myIdentity"}}}}'
    headers:
      Accept:
      - application/json
      Accept-Encoding:
      - gzip, deflate
      CommandName:
      - netappfiles account create
      Connection:
      - keep-alive
      Content-Length:
      - '272'
      Content-Type:
      - application/json
      ParameterSetName:
      - -g -a -l --key-source --key-vault-uri --key-name --keyvault-resource-id --user-assigned-identity
      User-Agent:
      - AZURECLI/2.40.0 (PIP) azsdk-python-mgmt-netapp/9.0.0 Python/3.9.5 (Windows-10-10.0.19044-SP0)
    method: PUT
    uri: https://management.azure.com/subscriptions/00000000-0000-0000-0000-000000000000/resourceGroups/cli_netappfiles_test_account_000001/providers/Microsoft.NetApp/netAppAccounts/cli-acc-000002?api-version=2022-05-01
  response:
    body:
      string: '{"error":{"code":"OperationNotPermitted","message":"Operation: ''Azure
        key vault encryption'' is not permitted."}}'
    headers:
      cache-control:
      - no-cache
      content-length:
      - '112'
      content-type:
      - application/json; charset=utf-8
      date:
      - Tue, 04 Oct 2022 20:30:41 GMT
      expires:
      - '-1'
      pragma:
      - no-cache
      server:
      - Microsoft-IIS/10.0
      strict-transport-security:
      - max-age=31536000; includeSubDomains
      x-content-type-options:
      - nosniff
      x-ms-ratelimit-remaining-subscription-writes:
      - '1199'
      x-powered-by:
      - ASP.NET
    status:
      code: 409
      message: Conflict
- request:
    body: '{"location": "southcentralusstage"}'
    headers:
      Accept:
      - application/json
      Accept-Encoding:
      - gzip, deflate
      CommandName:
      - netappfiles account create
      Connection:
      - keep-alive
      Content-Length:
      - '35'
      Content-Type:
      - application/json
      ParameterSetName:
      - -g -a -l
      User-Agent:
      - AZURECLI/2.40.0 (PIP) azsdk-python-mgmt-netapp/9.0.0 Python/3.9.5 (Windows-10-10.0.19044-SP0)
    method: PUT
    uri: https://management.azure.com/subscriptions/00000000-0000-0000-0000-000000000000/resourceGroups/cli_netappfiles_test_account_000001/providers/Microsoft.NetApp/netAppAccounts/cli-acc-000003?api-version=2022-05-01
  response:
    body:
      string: '{"id":"/subscriptions/00000000-0000-0000-0000-000000000000/resourceGroups/cli_netappfiles_test_account_000001/providers/Microsoft.NetApp/netAppAccounts/cli-acc-000003","name":"cli-acc-000003","type":"Microsoft.NetApp/netAppAccounts","etag":"W/\"datetime''2022-10-04T20%3A30%3A49.5608167Z''\"","location":"southcentralusstage","tags":{"CreatedOnDate":"2022-10-04T20:30:45.8227178Z"},"properties":{"provisioningState":"Creating"},"systemData":{"createdBy":"c6c4faba-2b22-44d9-80a4-71ff5b71f811","createdByType":"Application","createdAt":"2022-10-04T20:30:48.6572191Z","lastModifiedBy":"c6c4faba-2b22-44d9-80a4-71ff5b71f811","lastModifiedByType":"Application","lastModifiedAt":"2022-10-04T20:30:48.6572191Z"}}'
    headers:
      azure-asyncoperation:
      - https://management.azure.com/subscriptions/00000000-0000-0000-0000-000000000000/providers/Microsoft.NetApp/locations/southcentralusstage/operationResults/d0958c13-984b-4de7-90f5-323505fc608e?api-version=2022-05-01
      cache-control:
      - no-cache
      content-length:
      - '704'
      content-type:
      - application/json; charset=utf-8
      date:
      - Tue, 04 Oct 2022 20:30:50 GMT
      etag:
      - W/"datetime'2022-10-04T20%3A30%3A49.5608167Z'"
      expires:
      - '-1'
      pragma:
      - no-cache
      server:
      - Microsoft-IIS/10.0
      strict-transport-security:
      - max-age=31536000; includeSubDomains
      x-content-type-options:
      - nosniff
      x-ms-ratelimit-remaining-subscription-writes:
      - '1199'
      x-powered-by:
      - ASP.NET
    status:
      code: 201
      message: Created
- request:
    body: null
    headers:
      Accept:
      - '*/*'
      Accept-Encoding:
      - gzip, deflate
      CommandName:
      - netappfiles account create
      Connection:
      - keep-alive
      ParameterSetName:
      - -g -a -l
      User-Agent:
      - AZURECLI/2.40.0 (PIP) azsdk-python-mgmt-netapp/9.0.0 Python/3.9.5 (Windows-10-10.0.19044-SP0)
    method: GET
    uri: https://management.azure.com/subscriptions/00000000-0000-0000-0000-000000000000/providers/Microsoft.NetApp/locations/southcentralusstage/operationResults/d0958c13-984b-4de7-90f5-323505fc608e?api-version=2022-05-01
  response:
    body:
      string: '{"id":"/subscriptions/00000000-0000-0000-0000-000000000000/providers/Microsoft.NetApp/locations/southcentralusstage/operationResults/d0958c13-984b-4de7-90f5-323505fc608e","name":"d0958c13-984b-4de7-90f5-323505fc608e","status":"Succeeded","startTime":"2022-10-04T20:30:49.5610838Z","endTime":"2022-10-04T20:30:49.6299248Z","percentComplete":100.0,"properties":{"resourceName":"/subscriptions/00000000-0000-0000-0000-000000000000/resourceGroups/cli_netappfiles_test_account_000001/providers/Microsoft.NetApp/netAppAccounts/cli-acc-000003","action":"CREATE"}}'
    headers:
      cache-control:
      - no-cache
      content-length:
      - '556'
      content-type:
      - application/json; charset=utf-8
      date:
      - Tue, 04 Oct 2022 20:31:20 GMT
      expires:
      - '-1'
      pragma:
      - no-cache
      server:
      - Microsoft-IIS/10.0
      strict-transport-security:
      - max-age=31536000; includeSubDomains
      transfer-encoding:
      - chunked
      vary:
      - Accept-Encoding
      x-content-type-options:
      - nosniff
      x-powered-by:
      - ASP.NET
    status:
      code: 200
      message: OK
- request:
    body: null
    headers:
      Accept:
      - '*/*'
      Accept-Encoding:
      - gzip, deflate
      CommandName:
      - netappfiles account create
      Connection:
      - keep-alive
      ParameterSetName:
      - -g -a -l
      User-Agent:
      - AZURECLI/2.40.0 (PIP) azsdk-python-mgmt-netapp/9.0.0 Python/3.9.5 (Windows-10-10.0.19044-SP0)
    method: GET
    uri: https://management.azure.com/subscriptions/00000000-0000-0000-0000-000000000000/resourceGroups/cli_netappfiles_test_account_000001/providers/Microsoft.NetApp/netAppAccounts/cli-acc-000003?api-version=2022-05-01
  response:
    body:
      string: '{"id":"/subscriptions/00000000-0000-0000-0000-000000000000/resourceGroups/cli_netappfiles_test_account_000001/providers/Microsoft.NetApp/netAppAccounts/cli-acc-000003","name":"cli-acc-000003","type":"Microsoft.NetApp/netAppAccounts","etag":"W/\"datetime''2022-10-04T20%3A30%3A49.6040693Z''\"","location":"southcentralusstage","tags":{"CreatedOnDate":"2022-10-04T20:30:45.8227178Z"},"properties":{"encryption":{"keySource":"Microsoft.NetApp"},"provisioningState":"Succeeded"},"systemData":{"createdBy":"c6c4faba-2b22-44d9-80a4-71ff5b71f811","createdByType":"Application","createdAt":"2022-10-04T20:30:48.6572191Z","lastModifiedBy":"c6c4faba-2b22-44d9-80a4-71ff5b71f811","lastModifiedByType":"Application","lastModifiedAt":"2022-10-04T20:30:48.6572191Z"}}'
    headers:
      cache-control:
      - no-cache
      content-length:
      - '751'
      content-type:
      - application/json; charset=utf-8
      date:
      - Tue, 04 Oct 2022 20:31:20 GMT
      etag:
      - W/"datetime'2022-10-04T20%3A30%3A49.6040693Z'"
      expires:
      - '-1'
      pragma:
      - no-cache
      server:
      - Microsoft-IIS/10.0
      strict-transport-security:
      - max-age=31536000; includeSubDomains
      transfer-encoding:
      - chunked
      vary:
      - Accept-Encoding
      x-content-type-options:
      - nosniff
      x-powered-by:
      - ASP.NET
    status:
      code: 200
      message: OK
- request:
    body: null
    headers:
      Accept:
      - '*/*'
      Accept-Encoding:
      - gzip, deflate
      CommandName:
      - rest
      Connection:
      - keep-alive
      Content-Length:
      - '0'
      ParameterSetName:
      - --method --uri
      User-Agent:
      - python/3.9.5 (Windows-10-10.0.19044-SP0) AZURECLI/2.40.0 (PIP)
    method: POST
    uri: https://management.azure.com/subscriptions/00000000-0000-0000-0000-000000000000/resourcegroups/cli_netappfiles_test_account_000001/providers/Microsoft.NetApp/netappAccounts/cli-acc-000002/renewCredentials?api-version=2022-05-01
  response:
    body:
      string: '{"error":{"code":"ResourceNotFound","message":"The Resource ''Microsoft.NetApp/netAppAccounts/cli-acc-000002''
        under resource group ''cli_netappfiles_test_account_000001'' was not found.
        For more details please go to https://aka.ms/ARMResourceNotFoundFix"}}'
    headers:
      cache-control:
      - no-cache
      content-length:
      - '253'
      content-type:
      - application/json; charset=utf-8
      date:
      - Tue, 04 Oct 2022 20:31:23 GMT
      expires:
      - '-1'
      pragma:
      - no-cache
      strict-transport-security:
      - max-age=31536000; includeSubDomains
      x-content-type-options:
      - nosniff
      x-ms-failure-cause:
      - gateway
    status:
      code: 404
      message: Not Found
version: 1
