interactions:
- request:
    body: '{"location": "eastus2euap"}'
    headers:
      Accept:
      - application/json
      Accept-Encoding:
      - gzip, deflate
      CommandName:
      - netappfiles account create
      Connection:
      - keep-alive
      Content-Length:
      - '27'
      Content-Type:
      - application/json
      ParameterSetName:
      - -g -a -l
      User-Agent:
      - AZURECLI/2.25.0 azsdk-python-mgmt-netapp/4.0.0 Python/3.8.10 (macOS-11.3.1-x86_64-i386-64bit)
    method: PUT
    uri: https://management.azure.com/subscriptions/00000000-0000-0000-0000-000000000000/resourceGroups/cli_netappfiles_test_backup_policy_000001/providers/Microsoft.NetApp/netAppAccounts/cli-acc-000002?api-version=2021-04-01
  response:
    body:
      string: '{"id":"/subscriptions/00000000-0000-0000-0000-000000000000/resourceGroups/cli_netappfiles_test_backup_policy_000001/providers/Microsoft.NetApp/netAppAccounts/cli-acc-000002","name":"cli-acc-000002","type":"Microsoft.NetApp/netAppAccounts","etag":"W/\"datetime''2021-06-15T11%3A24%3A50.2795125Z''\"","location":"eastus2euap","properties":{"provisioningState":"Creating"}}'
    headers:
      azure-asyncoperation:
      - https://management.azure.com/subscriptions/00000000-0000-0000-0000-000000000000/providers/Microsoft.NetApp/locations/eastus2euap/operationResults/fbe5a460-be41-49ba-af8d-f57536a583f6?api-version=2021-04-01
      cache-control:
      - no-cache
      content-length:
      - '422'
      content-type:
      - application/json; charset=utf-8
      date:
      - Tue, 15 Jun 2021 11:24:51 GMT
      etag:
      - W/"datetime'2021-06-15T11%3A24%3A50.2795125Z'"
      expires:
      - '-1'
      pragma:
      - no-cache
      server:
      - Microsoft-IIS/10.0
      strict-transport-security:
      - max-age=31536000; includeSubDomains
      x-content-type-options:
      - nosniff
      x-ms-ratelimit-remaining-subscription-writes:
      - '1199'
      x-powered-by:
      - ASP.NET
    status:
      code: 201
      message: Created
- request:
    body: null
    headers:
      Accept:
      - '*/*'
      Accept-Encoding:
      - gzip, deflate
      CommandName:
      - netappfiles account create
      Connection:
      - keep-alive
      ParameterSetName:
      - -g -a -l
      User-Agent:
      - AZURECLI/2.25.0 azsdk-python-mgmt-netapp/4.0.0 Python/3.8.10 (macOS-11.3.1-x86_64-i386-64bit)
    method: GET
    uri: https://management.azure.com/subscriptions/00000000-0000-0000-0000-000000000000/providers/Microsoft.NetApp/locations/eastus2euap/operationResults/fbe5a460-be41-49ba-af8d-f57536a583f6?api-version=2021-04-01
  response:
    body:
      string: '{"id":"/subscriptions/00000000-0000-0000-0000-000000000000/providers/Microsoft.NetApp/locations/eastus2euap/operationResults/fbe5a460-be41-49ba-af8d-f57536a583f6","name":"fbe5a460-be41-49ba-af8d-f57536a583f6","status":"Succeeded","startTime":"2021-06-15T11:24:50.2887077Z","endTime":"2021-06-15T11:24:50.3546414Z","percentComplete":100.0,"properties":{"resourceName":"/subscriptions/00000000-0000-0000-0000-000000000000/resourceGroups/cli_netappfiles_test_backup_policy_000001/providers/Microsoft.NetApp/netAppAccounts/cli-acc-000002"}}'
    headers:
      cache-control:
      - no-cache
      content-length:
      - '580'
      content-type:
      - application/json; charset=utf-8
      date:
      - Tue, 15 Jun 2021 11:25:21 GMT
      expires:
      - '-1'
      pragma:
      - no-cache
      server:
      - Microsoft-IIS/10.0
      strict-transport-security:
      - max-age=31536000; includeSubDomains
      transfer-encoding:
      - chunked
      vary:
      - Accept-Encoding
      x-content-type-options:
      - nosniff
      x-powered-by:
      - ASP.NET
    status:
      code: 200
      message: OK
- request:
    body: null
    headers:
      Accept:
      - '*/*'
      Accept-Encoding:
      - gzip, deflate
      CommandName:
      - netappfiles account create
      Connection:
      - keep-alive
      ParameterSetName:
      - -g -a -l
      User-Agent:
      - AZURECLI/2.25.0 azsdk-python-mgmt-netapp/4.0.0 Python/3.8.10 (macOS-11.3.1-x86_64-i386-64bit)
    method: GET
    uri: https://management.azure.com/subscriptions/00000000-0000-0000-0000-000000000000/resourceGroups/cli_netappfiles_test_backup_policy_000001/providers/Microsoft.NetApp/netAppAccounts/cli-acc-000002?api-version=2021-04-01
  response:
    body:
      string: '{"id":"/subscriptions/00000000-0000-0000-0000-000000000000/resourceGroups/cli_netappfiles_test_backup_policy_000001/providers/Microsoft.NetApp/netAppAccounts/cli-acc-000002","name":"cli-acc-000002","type":"Microsoft.NetApp/netAppAccounts","etag":"W/\"datetime''2021-06-15T11%3A24%3A50.3480123Z''\"","location":"eastus2euap","properties":{"encryption":{"keySource":"Microsoft.NetApp"},"provisioningState":"Succeeded"}}'
    headers:
      cache-control:
      - no-cache
      content-length:
      - '469'
      content-type:
      - application/json; charset=utf-8
      date:
      - Tue, 15 Jun 2021 11:25:21 GMT
      etag:
      - W/"datetime'2021-06-15T11%3A24%3A50.3480123Z'"
      expires:
      - '-1'
      pragma:
      - no-cache
      server:
      - Microsoft-IIS/10.0
      strict-transport-security:
      - max-age=31536000; includeSubDomains
      transfer-encoding:
      - chunked
      vary:
      - Accept-Encoding
      x-content-type-options:
      - nosniff
      x-powered-by:
      - ASP.NET
    status:
      code: 200
      message: OK
- request:
    body: '{"location": "eastus2euap", "properties": {"dailyBackupsToKeep": 1, "enabled":
      true}}'
    headers:
      Accept:
      - application/json
      Accept-Encoding:
      - gzip, deflate
      CommandName:
      - netappfiles account backup-policy create
      Connection:
      - keep-alive
      Content-Length:
      - '85'
      Content-Type:
      - application/json
      ParameterSetName:
      - -g -a --backup-policy-name -l --daily-backups --enabled
      User-Agent:
      - AZURECLI/2.25.0 azsdk-python-mgmt-netapp/4.0.0 Python/3.8.10 (macOS-11.3.1-x86_64-i386-64bit)
    method: PUT
    uri: https://management.azure.com/subscriptions/00000000-0000-0000-0000-000000000000/resourceGroups/cli_netappfiles_test_backup_policy_000001/providers/Microsoft.NetApp/netAppAccounts/cli-acc-000002/backupPolicies/cli-ba-pol-000003?api-version=2021-04-01
  response:
    body:
      string: '{"id":"/subscriptions/00000000-0000-0000-0000-000000000000/resourceGroups/cli_netappfiles_test_backup_policy_000001/providers/Microsoft.NetApp/netAppAccounts/cli-acc-000002/backupPolicies/cli-ba-pol-000003","name":"cli-acc-000002/cli-ba-pol-000003","type":"Microsoft.NetApp/netAppAccounts/backupPolicies","etag":"W/\"datetime''2021-06-15T11%3A25%3A28.3994936Z''\"","location":"eastus2euap","properties":{"enabled":true,"dailyBackupsToKeep":1,"provisioningState":"Creating"}}'
    headers:
      azure-asyncoperation:
      - https://management.azure.com/subscriptions/00000000-0000-0000-0000-000000000000/providers/Microsoft.NetApp/locations/eastus2euap/operationResults/65496fc6-af73-43c7-8731-2ce32c3e116c?api-version=2021-04-01
      cache-control:
      - no-cache
      content-length:
      - '524'
      content-type:
      - application/json; charset=utf-8
      date:
      - Tue, 15 Jun 2021 11:25:29 GMT
      etag:
      - W/"datetime'2021-06-15T11%3A25%3A28.3994936Z'"
      expires:
      - '-1'
      pragma:
      - no-cache
      server:
      - Microsoft-IIS/10.0
      strict-transport-security:
      - max-age=31536000; includeSubDomains
      x-content-type-options:
      - nosniff
      x-ms-ratelimit-remaining-subscription-writes:
      - '1198'
      x-powered-by:
      - ASP.NET
    status:
      code: 201
      message: Created
- request:
    body: null
    headers:
      Accept:
      - '*/*'
      Accept-Encoding:
      - gzip, deflate
      CommandName:
      - netappfiles account backup-policy create
      Connection:
      - keep-alive
      ParameterSetName:
      - -g -a --backup-policy-name -l --daily-backups --enabled
      User-Agent:
      - AZURECLI/2.25.0 azsdk-python-mgmt-netapp/4.0.0 Python/3.8.10 (macOS-11.3.1-x86_64-i386-64bit)
    method: GET
    uri: https://management.azure.com/subscriptions/00000000-0000-0000-0000-000000000000/providers/Microsoft.NetApp/locations/eastus2euap/operationResults/65496fc6-af73-43c7-8731-2ce32c3e116c?api-version=2021-04-01
  response:
    body:
      string: '{"id":"/subscriptions/00000000-0000-0000-0000-000000000000/providers/Microsoft.NetApp/locations/eastus2euap/operationResults/65496fc6-af73-43c7-8731-2ce32c3e116c","name":"65496fc6-af73-43c7-8731-2ce32c3e116c","status":"Succeeded","startTime":"2021-06-15T11:25:28.4081591Z","endTime":"2021-06-15T11:25:28.6047202Z","percentComplete":100.0,"properties":{"resourceName":"/subscriptions/00000000-0000-0000-0000-000000000000/resourceGroups/cli_netappfiles_test_backup_policy_000001/providers/Microsoft.NetApp/netAppAccounts/cli-acc-000002/backupPolicies/cli-ba-pol-000003"}}'
    headers:
      cache-control:
      - no-cache
      content-length:
      - '612'
      content-type:
      - application/json; charset=utf-8
      date:
      - Tue, 15 Jun 2021 11:25:59 GMT
      expires:
      - '-1'
      pragma:
      - no-cache
      server:
      - Microsoft-IIS/10.0
      strict-transport-security:
      - max-age=31536000; includeSubDomains
      transfer-encoding:
      - chunked
      vary:
      - Accept-Encoding
      x-content-type-options:
      - nosniff
      x-powered-by:
      - ASP.NET
    status:
      code: 200
      message: OK
- request:
    body: null
    headers:
      Accept:
      - '*/*'
      Accept-Encoding:
      - gzip, deflate
      CommandName:
      - netappfiles account backup-policy create
      Connection:
      - keep-alive
      ParameterSetName:
      - -g -a --backup-policy-name -l --daily-backups --enabled
      User-Agent:
      - AZURECLI/2.25.0 azsdk-python-mgmt-netapp/4.0.0 Python/3.8.10 (macOS-11.3.1-x86_64-i386-64bit)
    method: GET
    uri: https://management.azure.com/subscriptions/00000000-0000-0000-0000-000000000000/resourceGroups/cli_netappfiles_test_backup_policy_000001/providers/Microsoft.NetApp/netAppAccounts/cli-acc-000002/backupPolicies/cli-ba-pol-000003?api-version=2021-04-01
  response:
    body:
      string: '{"id":"/subscriptions/00000000-0000-0000-0000-000000000000/resourceGroups/cli_netappfiles_test_backup_policy_000001/providers/Microsoft.NetApp/netAppAccounts/cli-acc-000002/backupPolicies/cli-ba-pol-000003","name":"cli-acc-000002/cli-ba-pol-000003","type":"Microsoft.NetApp/netAppAccounts/backupPolicies","etag":"W/\"datetime''2021-06-15T11%3A25%3A28.6003259Z''\"","location":"eastus2euap","properties":{"enabled":true,"backupPolicyId":"62a91804-cdcc-11eb-9686-460318755508","dailyBackupsToKeep":1,"weeklyBackupsToKeep":0,"monthlyBackupsToKeep":0,"yearlyBackupsToKeep":0,"provisioningState":"Succeeded"}}'
    headers:
      cache-control:
      - no-cache
      content-length:
      - '654'
      content-type:
      - application/json; charset=utf-8
      date:
      - Tue, 15 Jun 2021 11:25:59 GMT
      etag:
      - W/"datetime'2021-06-15T11%3A25%3A28.6003259Z'"
      expires:
      - '-1'
      pragma:
      - no-cache
      server:
      - Microsoft-IIS/10.0
      strict-transport-security:
      - max-age=31536000; includeSubDomains
      transfer-encoding:
      - chunked
      vary:
      - Accept-Encoding
      x-content-type-options:
      - nosniff
      x-powered-by:
      - ASP.NET
    status:
      code: 200
      message: OK
- request:
    body: null
    headers:
      Accept:
      - application/json
      Accept-Encoding:
      - gzip, deflate
      CommandName:
      - netappfiles account backup-policy show
      Connection:
      - keep-alive
      ParameterSetName:
      - -g -a --backup-policy-name
      User-Agent:
      - AZURECLI/2.25.0 azsdk-python-mgmt-netapp/4.0.0 Python/3.8.10 (macOS-11.3.1-x86_64-i386-64bit)
    method: GET
    uri: https://management.azure.com/subscriptions/00000000-0000-0000-0000-000000000000/resourceGroups/cli_netappfiles_test_backup_policy_000001/providers/Microsoft.NetApp/netAppAccounts/cli-acc-000002/backupPolicies/cli-ba-pol-000003?api-version=2021-04-01
  response:
    body:
      string: '{"id":"/subscriptions/00000000-0000-0000-0000-000000000000/resourceGroups/cli_netappfiles_test_backup_policy_000001/providers/Microsoft.NetApp/netAppAccounts/cli-acc-000002/backupPolicies/cli-ba-pol-000003","name":"cli-acc-000002/cli-ba-pol-000003","type":"Microsoft.NetApp/netAppAccounts/backupPolicies","etag":"W/\"datetime''2021-06-15T11%3A25%3A28.6003259Z''\"","location":"eastus2euap","properties":{"enabled":true,"backupPolicyId":"62a91804-cdcc-11eb-9686-460318755508","dailyBackupsToKeep":1,"weeklyBackupsToKeep":0,"monthlyBackupsToKeep":0,"yearlyBackupsToKeep":0,"provisioningState":"Succeeded"}}'
    headers:
      cache-control:
      - no-cache
      content-length:
      - '654'
      content-type:
      - application/json; charset=utf-8
      date:
      - Tue, 15 Jun 2021 11:26:00 GMT
      etag:
      - W/"datetime'2021-06-15T11%3A25%3A28.6003259Z'"
      expires:
      - '-1'
      pragma:
      - no-cache
      server:
      - Microsoft-IIS/10.0
      strict-transport-security:
      - max-age=31536000; includeSubDomains
      transfer-encoding:
      - chunked
      vary:
      - Accept-Encoding
      x-content-type-options:
      - nosniff
      x-powered-by:
      - ASP.NET
    status:
      code: 200
      message: OK
- request:
    body: null
    headers:
      Accept:
      - application/json
      Accept-Encoding:
      - gzip, deflate
      CommandName:
      - netappfiles account backup-policy show
      Connection:
      - keep-alive
      ParameterSetName:
      - --ids
      User-Agent:
      - AZURECLI/2.25.0 azsdk-python-mgmt-netapp/4.0.0 Python/3.8.10 (macOS-11.3.1-x86_64-i386-64bit)
    method: GET
    uri: https://management.azure.com/subscriptions/00000000-0000-0000-0000-000000000000/resourceGroups/cli_netappfiles_test_backup_policy_000001/providers/Microsoft.NetApp/netAppAccounts/cli-acc-000002/backupPolicies/cli-ba-pol-000003?api-version=2021-04-01
  response:
    body:
      string: '{"id":"/subscriptions/00000000-0000-0000-0000-000000000000/resourceGroups/cli_netappfiles_test_backup_policy_000001/providers/Microsoft.NetApp/netAppAccounts/cli-acc-000002/backupPolicies/cli-ba-pol-000003","name":"cli-acc-000002/cli-ba-pol-000003","type":"Microsoft.NetApp/netAppAccounts/backupPolicies","etag":"W/\"datetime''2021-06-15T11%3A25%3A28.6003259Z''\"","location":"eastus2euap","properties":{"enabled":true,"backupPolicyId":"62a91804-cdcc-11eb-9686-460318755508","dailyBackupsToKeep":1,"weeklyBackupsToKeep":0,"monthlyBackupsToKeep":0,"yearlyBackupsToKeep":0,"provisioningState":"Succeeded"}}'
    headers:
      cache-control:
      - no-cache
      content-length:
      - '654'
      content-type:
      - application/json; charset=utf-8
      date:
      - Tue, 15 Jun 2021 11:26:02 GMT
      etag:
      - W/"datetime'2021-06-15T11%3A25%3A28.6003259Z'"
      expires:
      - '-1'
      pragma:
      - no-cache
      server:
      - Microsoft-IIS/10.0
      strict-transport-security:
      - max-age=31536000; includeSubDomains
      transfer-encoding:
      - chunked
      vary:
      - Accept-Encoding
      x-content-type-options:
      - nosniff
      x-powered-by:
      - ASP.NET
    status:
      code: 200
      message: OK
version: 1
