interactions:
- request:
    body: '{"location": "westus2", "tags": {}, "properties": {"addressSpace": {"addressPrefixes":
      ["10.5.0.0/16"]}, "dhcpOptions": {}}}'
    headers:
      Accept:
      - application/json
      Accept-Encoding:
      - gzip, deflate
      CommandName:
      - network vnet create
      Connection:
      - keep-alive
      Content-Length:
      - '124'
      Content-Type:
      - application/json; charset=utf-8
      ParameterSetName:
      - -n --resource-group -l --address-prefix
      User-Agent:
      - python/3.7.5 (Windows-10-10.0.18362-SP0) msrest/0.6.9 msrest_azure/0.6.3 azure-mgmt-network/11.0.0
        Azure-SDK-For-Python AZURECLI/2.9.0
      accept-language:
      - en-US
    method: PUT
    uri: https://management.azure.com/subscriptions/00000000-0000-0000-0000-000000000000/resourceGroups/cli_netapp_test_snap_000001/providers/Microsoft.Network/virtualNetworks/cli-vnet-lefr-02?api-version=2020-05-01
  response:
    body:
      string: "{\r\n  \"name\": \"cli-vnet-lefr-02\",\r\n  \"id\": \"/subscriptions/00000000-0000-0000-0000-000000000000/resourceGroups/cli_netapp_test_snap_000001/providers/Microsoft.Network/virtualNetworks/cli-vnet-lefr-02\",\r\n
        \ \"etag\": \"W/\\\"63f4fee2-f3c7-4917-818d-2c23d7d255dc\\\"\",\r\n  \"type\":
        \"Microsoft.Network/virtualNetworks\",\r\n  \"location\": \"westus2\",\r\n
        \ \"tags\": {},\r\n  \"properties\": {\r\n    \"provisioningState\": \"Updating\",\r\n
        \   \"resourceGuid\": \"f211bca8-0c1d-4461-a07f-9a4207d5ec7d\",\r\n    \"addressSpace\":
        {\r\n      \"addressPrefixes\": [\r\n        \"10.5.0.0/16\"\r\n      ]\r\n
        \   },\r\n    \"dhcpOptions\": {\r\n      \"dnsServers\": []\r\n    },\r\n
        \   \"subnets\": [],\r\n    \"virtualNetworkPeerings\": [],\r\n    \"enableDdosProtection\":
        false,\r\n    \"enableVmProtection\": false\r\n  }\r\n}"
    headers:
      azure-asyncnotification:
      - Enabled
      azure-asyncoperation:
      - https://management.azure.com/subscriptions/00000000-0000-0000-0000-000000000000/providers/Microsoft.Network/locations/westus2/operations/554e373a-eae3-4376-a9df-6a5a8c9ac6f3?api-version=2020-05-01
      cache-control:
      - no-cache
      content-length:
      - '789'
      content-type:
      - application/json; charset=utf-8
      date:
      - Mon, 20 Jul 2020 12:18:46 GMT
      expires:
      - '-1'
      pragma:
      - no-cache
      server:
      - Microsoft-HTTPAPI/2.0
      - Microsoft-HTTPAPI/2.0
      strict-transport-security:
      - max-age=31536000; includeSubDomains
      x-content-type-options:
      - nosniff
      x-ms-arm-service-request-id:
      - 6b5bc4d6-e380-43df-9c91-0496f3d0f272
      x-ms-ratelimit-remaining-subscription-writes:
      - '1199'
    status:
      code: 201
      message: Created
- request:
    body: null
    headers:
      Accept:
      - application/json
      Accept-Encoding:
      - gzip, deflate
      CommandName:
      - network vnet create
      Connection:
      - keep-alive
      ParameterSetName:
      - -n --resource-group -l --address-prefix
      User-Agent:
      - python/3.7.5 (Windows-10-10.0.18362-SP0) msrest/0.6.9 msrest_azure/0.6.3 azure-mgmt-network/11.0.0
        Azure-SDK-For-Python AZURECLI/2.9.0
    method: GET
    uri: https://management.azure.com/subscriptions/00000000-0000-0000-0000-000000000000/providers/Microsoft.Network/locations/westus2/operations/554e373a-eae3-4376-a9df-6a5a8c9ac6f3?api-version=2020-05-01
  response:
    body:
      string: "{\r\n  \"status\": \"Succeeded\"\r\n}"
    headers:
      cache-control:
      - no-cache
      content-length:
      - '29'
      content-type:
      - application/json; charset=utf-8
      date:
      - Mon, 20 Jul 2020 12:18:50 GMT
      expires:
      - '-1'
      pragma:
      - no-cache
      server:
      - Microsoft-HTTPAPI/2.0
      - Microsoft-HTTPAPI/2.0
      strict-transport-security:
      - max-age=31536000; includeSubDomains
      transfer-encoding:
      - chunked
      vary:
      - Accept-Encoding
      x-content-type-options:
      - nosniff
      x-ms-arm-service-request-id:
      - 3e796c4c-3b41-4281-a0b3-6e96524fd43e
    status:
      code: 200
      message: OK
- request:
    body: null
    headers:
      Accept:
      - application/json
      Accept-Encoding:
      - gzip, deflate
      CommandName:
      - network vnet create
      Connection:
      - keep-alive
      ParameterSetName:
      - -n --resource-group -l --address-prefix
      User-Agent:
      - python/3.7.5 (Windows-10-10.0.18362-SP0) msrest/0.6.9 msrest_azure/0.6.3 azure-mgmt-network/11.0.0
        Azure-SDK-For-Python AZURECLI/2.9.0
    method: GET
    uri: https://management.azure.com/subscriptions/00000000-0000-0000-0000-000000000000/resourceGroups/cli_netapp_test_snap_000001/providers/Microsoft.Network/virtualNetworks/cli-vnet-lefr-02?api-version=2020-05-01
  response:
    body:
      string: "{\r\n  \"name\": \"cli-vnet-lefr-02\",\r\n  \"id\": \"/subscriptions/00000000-0000-0000-0000-000000000000/resourceGroups/cli_netapp_test_snap_000001/providers/Microsoft.Network/virtualNetworks/cli-vnet-lefr-02\",\r\n
        \ \"etag\": \"W/\\\"933bd867-b786-41d9-8026-646eab2945c3\\\"\",\r\n  \"type\":
        \"Microsoft.Network/virtualNetworks\",\r\n  \"location\": \"westus2\",\r\n
        \ \"tags\": {},\r\n  \"properties\": {\r\n    \"provisioningState\": \"Succeeded\",\r\n
        \   \"resourceGuid\": \"f211bca8-0c1d-4461-a07f-9a4207d5ec7d\",\r\n    \"addressSpace\":
        {\r\n      \"addressPrefixes\": [\r\n        \"10.5.0.0/16\"\r\n      ]\r\n
        \   },\r\n    \"dhcpOptions\": {\r\n      \"dnsServers\": []\r\n    },\r\n
        \   \"subnets\": [],\r\n    \"virtualNetworkPeerings\": [],\r\n    \"enableDdosProtection\":
        false,\r\n    \"enableVmProtection\": false\r\n  }\r\n}"
    headers:
      cache-control:
      - no-cache
      content-length:
      - '790'
      content-type:
      - application/json; charset=utf-8
      date:
      - Mon, 20 Jul 2020 12:18:51 GMT
      etag:
      - W/"933bd867-b786-41d9-8026-646eab2945c3"
      expires:
      - '-1'
      pragma:
      - no-cache
      server:
      - Microsoft-HTTPAPI/2.0
      - Microsoft-HTTPAPI/2.0
      strict-transport-security:
      - max-age=31536000; includeSubDomains
      transfer-encoding:
      - chunked
      vary:
      - Accept-Encoding
      x-content-type-options:
      - nosniff
      x-ms-arm-service-request-id:
      - 1af773d8-07df-4bce-9ece-3e8233c8ef93
    status:
      code: 200
      message: OK
- request:
    body: null
    headers:
      Accept:
      - application/json
      Accept-Encoding:
      - gzip, deflate
      CommandName:
      - network vnet subnet create
      Connection:
      - keep-alive
      ParameterSetName:
      - -n --vnet-name --address-prefixes --delegations -g
      User-Agent:
      - python/3.7.5 (Windows-10-10.0.18362-SP0) msrest/0.6.9 msrest_azure/0.6.3 azure-mgmt-network/11.0.0
        Azure-SDK-For-Python AZURECLI/2.9.0
      accept-language:
      - en-US
    method: GET
    uri: https://management.azure.com/subscriptions/00000000-0000-0000-0000-000000000000/resourceGroups/cli_netapp_test_snap_000001/providers/Microsoft.Network/virtualNetworks/cli-vnet-lefr-02?api-version=2020-05-01
  response:
    body:
      string: "{\r\n  \"name\": \"cli-vnet-lefr-02\",\r\n  \"id\": \"/subscriptions/00000000-0000-0000-0000-000000000000/resourceGroups/cli_netapp_test_snap_000001/providers/Microsoft.Network/virtualNetworks/cli-vnet-lefr-02\",\r\n
        \ \"etag\": \"W/\\\"933bd867-b786-41d9-8026-646eab2945c3\\\"\",\r\n  \"type\":
        \"Microsoft.Network/virtualNetworks\",\r\n  \"location\": \"westus2\",\r\n
        \ \"tags\": {},\r\n  \"properties\": {\r\n    \"provisioningState\": \"Succeeded\",\r\n
        \   \"resourceGuid\": \"f211bca8-0c1d-4461-a07f-9a4207d5ec7d\",\r\n    \"addressSpace\":
        {\r\n      \"addressPrefixes\": [\r\n        \"10.5.0.0/16\"\r\n      ]\r\n
        \   },\r\n    \"dhcpOptions\": {\r\n      \"dnsServers\": []\r\n    },\r\n
        \   \"subnets\": [],\r\n    \"virtualNetworkPeerings\": [],\r\n    \"enableDdosProtection\":
        false,\r\n    \"enableVmProtection\": false\r\n  }\r\n}"
    headers:
      cache-control:
      - no-cache
      content-length:
      - '790'
      content-type:
      - application/json; charset=utf-8
      date:
      - Mon, 20 Jul 2020 12:18:52 GMT
      etag:
      - W/"933bd867-b786-41d9-8026-646eab2945c3"
      expires:
      - '-1'
      pragma:
      - no-cache
      server:
      - Microsoft-HTTPAPI/2.0
      - Microsoft-HTTPAPI/2.0
      strict-transport-security:
      - max-age=31536000; includeSubDomains
      transfer-encoding:
      - chunked
      vary:
      - Accept-Encoding
      x-content-type-options:
      - nosniff
      x-ms-arm-service-request-id:
      - babfd2c8-e27a-438c-af50-c108959ab78f
    status:
      code: 200
      message: OK
- request:
    body: 'b''{"id": "/subscriptions/00000000-0000-0000-0000-000000000000/resourceGroups/cli_netapp_test_snap_000001/providers/Microsoft.Network/virtualNetworks/cli-vnet-lefr-02",
      "location": "westus2", "tags": {}, "properties": {"addressSpace": {"addressPrefixes":
      ["10.5.0.0/16"]}, "dhcpOptions": {"dnsServers": []}, "subnets": [{"properties":
      {"addressPrefix": "10.5.0.0/24", "delegations": [{"properties": {"serviceName":
      "Microsoft.Netapp/volumes"}, "name": "0"}]}, "name": "cli-subnet-lefr-02"}],
      "virtualNetworkPeerings": [], "enableDdosProtection": false, "enableVmProtection":
      false}}'''
    headers:
      Accept:
      - application/json
      Accept-Encoding:
      - gzip, deflate
      CommandName:
      - network vnet subnet create
      Connection:
      - keep-alive
      Content-Length:
      - '627'
      Content-Type:
      - application/json; charset=utf-8
      ParameterSetName:
      - -n --vnet-name --address-prefixes --delegations -g
      User-Agent:
      - python/3.7.5 (Windows-10-10.0.18362-SP0) msrest/0.6.9 msrest_azure/0.6.3 azure-mgmt-network/11.0.0
        Azure-SDK-For-Python AZURECLI/2.9.0
      accept-language:
      - en-US
    method: PUT
    uri: https://management.azure.com/subscriptions/00000000-0000-0000-0000-000000000000/resourceGroups/cli_netapp_test_snap_000001/providers/Microsoft.Network/virtualNetworks/cli-vnet-lefr-02?api-version=2020-05-01
  response:
    body:
      string: "{\r\n  \"name\": \"cli-vnet-lefr-02\",\r\n  \"id\": \"/subscriptions/00000000-0000-0000-0000-000000000000/resourceGroups/cli_netapp_test_snap_000001/providers/Microsoft.Network/virtualNetworks/cli-vnet-lefr-02\",\r\n
        \ \"etag\": \"W/\\\"7e6f2a61-d6cb-4551-96de-a1f3540889a7\\\"\",\r\n  \"type\":
        \"Microsoft.Network/virtualNetworks\",\r\n  \"location\": \"westus2\",\r\n
        \ \"tags\": {},\r\n  \"properties\": {\r\n    \"provisioningState\": \"Updating\",\r\n
        \   \"resourceGuid\": \"f211bca8-0c1d-4461-a07f-9a4207d5ec7d\",\r\n    \"addressSpace\":
        {\r\n      \"addressPrefixes\": [\r\n        \"10.5.0.0/16\"\r\n      ]\r\n
        \   },\r\n    \"dhcpOptions\": {\r\n      \"dnsServers\": []\r\n    },\r\n
        \   \"subnets\": [\r\n      {\r\n        \"name\": \"cli-subnet-lefr-02\",\r\n
        \       \"id\": \"/subscriptions/00000000-0000-0000-0000-000000000000/resourceGroups/cli_netapp_test_snap_000001/providers/Microsoft.Network/virtualNetworks/cli-vnet-lefr-02/subnets/cli-subnet-lefr-02\",\r\n
        \       \"etag\": \"W/\\\"7e6f2a61-d6cb-4551-96de-a1f3540889a7\\\"\",\r\n
        \       \"properties\": {\r\n          \"provisioningState\": \"Updating\",\r\n
        \         \"addressPrefix\": \"10.5.0.0/24\",\r\n          \"delegations\":
        [\r\n            {\r\n              \"name\": \"0\",\r\n              \"id\":
        \"/subscriptions/00000000-0000-0000-0000-000000000000/resourceGroups/cli_netapp_test_snap_000001/providers/Microsoft.Network/virtualNetworks/cli-vnet-lefr-02/subnets/cli-subnet-lefr-02/delegations/0\",\r\n
        \             \"etag\": \"W/\\\"7e6f2a61-d6cb-4551-96de-a1f3540889a7\\\"\",\r\n
        \             \"properties\": {\r\n                \"provisioningState\":
        \"Succeeded\",\r\n                \"serviceName\": \"Microsoft.Netapp/volumes\",\r\n
        \               \"actions\": [\r\n                  \"Microsoft.Network/networkinterfaces/*\",\r\n
        \                 \"Microsoft.Network/virtualNetworks/subnets/join/action\"\r\n
        \               ]\r\n              },\r\n              \"type\": \"Microsoft.Network/virtualNetworks/subnets/delegations\"\r\n
        \           }\r\n          ],\r\n          \"purpose\": \"HostedWorkloads\",\r\n
        \         \"privateEndpointNetworkPolicies\": \"Enabled\",\r\n          \"privateLinkServiceNetworkPolicies\":
        \"Enabled\"\r\n        },\r\n        \"type\": \"Microsoft.Network/virtualNetworks/subnets\"\r\n
        \     }\r\n    ],\r\n    \"virtualNetworkPeerings\": [],\r\n    \"enableDdosProtection\":
        false,\r\n    \"enableVmProtection\": false\r\n  }\r\n}"
    headers:
      azure-asyncoperation:
      - https://management.azure.com/subscriptions/00000000-0000-0000-0000-000000000000/providers/Microsoft.Network/locations/westus2/operations/b1f13ef3-a49a-448c-be82-2fe1e2df296b?api-version=2020-05-01
      cache-control:
      - no-cache
      content-length:
      - '2365'
      content-type:
      - application/json; charset=utf-8
      date:
      - Mon, 20 Jul 2020 12:18:53 GMT
      expires:
      - '-1'
      pragma:
      - no-cache
      server:
      - Microsoft-HTTPAPI/2.0
      - Microsoft-HTTPAPI/2.0
      strict-transport-security:
      - max-age=31536000; includeSubDomains
      transfer-encoding:
      - chunked
      vary:
      - Accept-Encoding
      x-content-type-options:
      - nosniff
      x-ms-arm-service-request-id:
      - 29dfd59d-efec-4d2a-9a86-4194c16e255b
      x-ms-ratelimit-remaining-subscription-writes:
      - '1199'
    status:
      code: 200
      message: OK
- request:
    body: null
    headers:
      Accept:
      - application/json
      Accept-Encoding:
      - gzip, deflate
      CommandName:
      - network vnet subnet create
      Connection:
      - keep-alive
      ParameterSetName:
      - -n --vnet-name --address-prefixes --delegations -g
      User-Agent:
      - python/3.7.5 (Windows-10-10.0.18362-SP0) msrest/0.6.9 msrest_azure/0.6.3 azure-mgmt-network/11.0.0
        Azure-SDK-For-Python AZURECLI/2.9.0
    method: GET
    uri: https://management.azure.com/subscriptions/00000000-0000-0000-0000-000000000000/providers/Microsoft.Network/locations/westus2/operations/b1f13ef3-a49a-448c-be82-2fe1e2df296b?api-version=2020-05-01
  response:
    body:
      string: "{\r\n  \"status\": \"Succeeded\"\r\n}"
    headers:
      cache-control:
      - no-cache
      content-length:
      - '29'
      content-type:
      - application/json; charset=utf-8
      date:
      - Mon, 20 Jul 2020 12:18:58 GMT
      expires:
      - '-1'
      pragma:
      - no-cache
      server:
      - Microsoft-HTTPAPI/2.0
      - Microsoft-HTTPAPI/2.0
      strict-transport-security:
      - max-age=31536000; includeSubDomains
      transfer-encoding:
      - chunked
      vary:
      - Accept-Encoding
      x-content-type-options:
      - nosniff
      x-ms-arm-service-request-id:
      - f98ce3a5-1760-4eb9-9b2b-174f91d5035e
    status:
      code: 200
      message: OK
- request:
    body: null
    headers:
      Accept:
      - application/json
      Accept-Encoding:
      - gzip, deflate
      CommandName:
      - network vnet subnet create
      Connection:
      - keep-alive
      ParameterSetName:
      - -n --vnet-name --address-prefixes --delegations -g
      User-Agent:
      - python/3.7.5 (Windows-10-10.0.18362-SP0) msrest/0.6.9 msrest_azure/0.6.3 azure-mgmt-network/11.0.0
        Azure-SDK-For-Python AZURECLI/2.9.0
    method: GET
    uri: https://management.azure.com/subscriptions/00000000-0000-0000-0000-000000000000/resourceGroups/cli_netapp_test_snap_000001/providers/Microsoft.Network/virtualNetworks/cli-vnet-lefr-02?api-version=2020-05-01
  response:
    body:
      string: "{\r\n  \"name\": \"cli-vnet-lefr-02\",\r\n  \"id\": \"/subscriptions/00000000-0000-0000-0000-000000000000/resourceGroups/cli_netapp_test_snap_000001/providers/Microsoft.Network/virtualNetworks/cli-vnet-lefr-02\",\r\n
        \ \"etag\": \"W/\\\"bbe70553-7c7e-434e-935d-11f57ec9bd90\\\"\",\r\n  \"type\":
        \"Microsoft.Network/virtualNetworks\",\r\n  \"location\": \"westus2\",\r\n
        \ \"tags\": {},\r\n  \"properties\": {\r\n    \"provisioningState\": \"Succeeded\",\r\n
        \   \"resourceGuid\": \"f211bca8-0c1d-4461-a07f-9a4207d5ec7d\",\r\n    \"addressSpace\":
        {\r\n      \"addressPrefixes\": [\r\n        \"10.5.0.0/16\"\r\n      ]\r\n
        \   },\r\n    \"dhcpOptions\": {\r\n      \"dnsServers\": []\r\n    },\r\n
        \   \"subnets\": [\r\n      {\r\n        \"name\": \"cli-subnet-lefr-02\",\r\n
        \       \"id\": \"/subscriptions/00000000-0000-0000-0000-000000000000/resourceGroups/cli_netapp_test_snap_000001/providers/Microsoft.Network/virtualNetworks/cli-vnet-lefr-02/subnets/cli-subnet-lefr-02\",\r\n
        \       \"etag\": \"W/\\\"bbe70553-7c7e-434e-935d-11f57ec9bd90\\\"\",\r\n
        \       \"properties\": {\r\n          \"provisioningState\": \"Succeeded\",\r\n
        \         \"addressPrefix\": \"10.5.0.0/24\",\r\n          \"delegations\":
        [\r\n            {\r\n              \"name\": \"0\",\r\n              \"id\":
        \"/subscriptions/00000000-0000-0000-0000-000000000000/resourceGroups/cli_netapp_test_snap_000001/providers/Microsoft.Network/virtualNetworks/cli-vnet-lefr-02/subnets/cli-subnet-lefr-02/delegations/0\",\r\n
        \             \"etag\": \"W/\\\"bbe70553-7c7e-434e-935d-11f57ec9bd90\\\"\",\r\n
        \             \"properties\": {\r\n                \"provisioningState\":
        \"Succeeded\",\r\n                \"serviceName\": \"Microsoft.Netapp/volumes\",\r\n
        \               \"actions\": [\r\n                  \"Microsoft.Network/networkinterfaces/*\",\r\n
        \                 \"Microsoft.Network/virtualNetworks/subnets/join/action\"\r\n
        \               ]\r\n              },\r\n              \"type\": \"Microsoft.Network/virtualNetworks/subnets/delegations\"\r\n
        \           }\r\n          ],\r\n          \"purpose\": \"HostedWorkloads\",\r\n
        \         \"privateEndpointNetworkPolicies\": \"Enabled\",\r\n          \"privateLinkServiceNetworkPolicies\":
        \"Enabled\"\r\n        },\r\n        \"type\": \"Microsoft.Network/virtualNetworks/subnets\"\r\n
        \     }\r\n    ],\r\n    \"virtualNetworkPeerings\": [],\r\n    \"enableDdosProtection\":
        false,\r\n    \"enableVmProtection\": false\r\n  }\r\n}"
    headers:
      cache-control:
      - no-cache
      content-length:
      - '2367'
      content-type:
      - application/json; charset=utf-8
      date:
      - Mon, 20 Jul 2020 12:18:58 GMT
      etag:
      - W/"bbe70553-7c7e-434e-935d-11f57ec9bd90"
      expires:
      - '-1'
      pragma:
      - no-cache
      server:
      - Microsoft-HTTPAPI/2.0
      - Microsoft-HTTPAPI/2.0
      strict-transport-security:
      - max-age=31536000; includeSubDomains
      transfer-encoding:
      - chunked
      vary:
      - Accept-Encoding
      x-content-type-options:
      - nosniff
      x-ms-arm-service-request-id:
      - efd451d2-9eca-40ac-accb-414b4c1e92a8
    status:
      code: 200
      message: OK
- request:
    body: '{"location": "westus2"}'
    headers:
      Accept:
      - application/json
      Accept-Encoding:
      - gzip, deflate
      CommandName:
      - netappfiles account create
      Connection:
      - keep-alive
      Content-Length:
      - '23'
      Content-Type:
      - application/json; charset=utf-8
      ParameterSetName:
      - -g -a -l
      User-Agent:
      - python/3.7.5 (Windows-10-10.0.18362-SP0) msrest/0.6.9 msrest_azure/0.6.3 azure-mgmt-netapp/0.11.0
        Azure-SDK-For-Python AZURECLI/2.9.0
      accept-language:
      - en-US
    method: PUT
    uri: https://management.azure.com/subscriptions/00000000-0000-0000-0000-000000000000/resourceGroups/cli_netapp_test_snap_000001/providers/Microsoft.NetApp/netAppAccounts/cli-acc-000002?api-version=2019-11-01
  response:
    body:
      string: '{"id":"/subscriptions/00000000-0000-0000-0000-000000000000/resourceGroups/cli_netapp_test_snap_000001/providers/Microsoft.NetApp/netAppAccounts/cli-acc-000002","name":"cli-acc-000002","type":"Microsoft.NetApp/netAppAccounts","etag":"W/\"datetime''2020-07-20T12%3A19%3A06.0345026Z''\"","location":"westus2","properties":{"name":"cli-acc-000002","provisioningState":"Creating"}}'
    headers:
      access-control-expose-headers:
      - Request-Context
      azure-asyncoperation:
      - https://management.azure.com/subscriptions/00000000-0000-0000-0000-000000000000/providers/Microsoft.NetApp/locations/westus2/operationResults/176ddc6a-b38e-42d8-99cf-517c6a47e9e2?api-version=2019-11-01
      cache-control:
      - no-cache
      content-length:
      - '452'
      content-type:
      - application/json; charset=utf-8
      date:
      - Mon, 20 Jul 2020 12:19:06 GMT
      etag:
      - W/"datetime'2020-07-20T12%3A19%3A06.0345026Z'"
      expires:
      - '-1'
      pragma:
      - no-cache
      request-context:
      - appId=cid-v1:2c4cb680-0a1f-424d-bb8d-8e650ba68d53
      server:
      - Microsoft-IIS/10.0
      strict-transport-security:
      - max-age=31536000; includeSubDomains
      x-content-type-options:
      - nosniff
      x-ms-ratelimit-remaining-subscription-writes:
      - '1199'
      x-powered-by:
      - ASP.NET
    status:
      code: 201
      message: Created
- request:
    body: null
    headers:
      Accept:
      - application/json
      Accept-Encoding:
      - gzip, deflate
      CommandName:
      - netappfiles account create
      Connection:
      - keep-alive
      ParameterSetName:
      - -g -a -l
      User-Agent:
      - python/3.7.5 (Windows-10-10.0.18362-SP0) msrest/0.6.9 msrest_azure/0.6.3 azure-mgmt-netapp/0.11.0
        Azure-SDK-For-Python AZURECLI/2.9.0
    method: GET
    uri: https://management.azure.com/subscriptions/00000000-0000-0000-0000-000000000000/providers/Microsoft.NetApp/locations/westus2/operationResults/176ddc6a-b38e-42d8-99cf-517c6a47e9e2?api-version=2019-11-01
  response:
    body:
      string: '{"id":"/subscriptions/00000000-0000-0000-0000-000000000000/providers/Microsoft.NetApp/locations/westus2/operationResults/176ddc6a-b38e-42d8-99cf-517c6a47e9e2","name":"176ddc6a-b38e-42d8-99cf-517c6a47e9e2","status":"Succeeded","startTime":"2020-07-20T12:19:05.9161476Z","endTime":"2020-07-20T12:19:06.3068354Z","percentComplete":100.0,"properties":{"resourceName":"/subscriptions/00000000-0000-0000-0000-000000000000/resourceGroups/cli_netapp_test_snap_000001/providers/Microsoft.NetApp/netAppAccounts/cli-acc-000002"}}'
    headers:
      access-control-expose-headers:
      - Request-Context
      cache-control:
      - no-cache
      content-length:
      - '576'
      content-type:
      - application/json; charset=utf-8
      date:
      - Mon, 20 Jul 2020 12:19:38 GMT
      expires:
      - '-1'
      pragma:
      - no-cache
      request-context:
      - appId=cid-v1:2c4cb680-0a1f-424d-bb8d-8e650ba68d53
      server:
      - Microsoft-IIS/10.0
      strict-transport-security:
      - max-age=31536000; includeSubDomains
      transfer-encoding:
      - chunked
      vary:
      - Accept-Encoding
      x-content-type-options:
      - nosniff
      x-powered-by:
      - ASP.NET
    status:
      code: 200
      message: OK
- request:
    body: null
    headers:
      Accept:
      - application/json
      Accept-Encoding:
      - gzip, deflate
      CommandName:
      - netappfiles account create
      Connection:
      - keep-alive
      ParameterSetName:
      - -g -a -l
      User-Agent:
      - python/3.7.5 (Windows-10-10.0.18362-SP0) msrest/0.6.9 msrest_azure/0.6.3 azure-mgmt-netapp/0.11.0
        Azure-SDK-For-Python AZURECLI/2.9.0
    method: GET
    uri: https://management.azure.com/subscriptions/00000000-0000-0000-0000-000000000000/resourceGroups/cli_netapp_test_snap_000001/providers/Microsoft.NetApp/netAppAccounts/cli-acc-000002?api-version=2019-11-01
  response:
    body:
      string: '{"id":"/subscriptions/00000000-0000-0000-0000-000000000000/resourceGroups/cli_netapp_test_snap_000001/providers/Microsoft.NetApp/netAppAccounts/cli-acc-000002","name":"cli-acc-000002","type":"Microsoft.NetApp/netAppAccounts","etag":"W/\"datetime''2020-07-20T12%3A19%3A06.184608Z''\"","location":"westus2","properties":{"name":"cli-acc-000002","provisioningState":"Succeeded"}}'
    headers:
      access-control-expose-headers:
      - Request-Context
      cache-control:
      - no-cache
      content-length:
      - '452'
      content-type:
      - application/json; charset=utf-8
      date:
      - Mon, 20 Jul 2020 12:19:38 GMT
      etag:
      - W/"datetime'2020-07-20T12%3A19%3A06.184608Z'"
      expires:
      - '-1'
      pragma:
      - no-cache
      request-context:
      - appId=cid-v1:2c4cb680-0a1f-424d-bb8d-8e650ba68d53
      server:
      - Microsoft-IIS/10.0
      strict-transport-security:
      - max-age=31536000; includeSubDomains
      transfer-encoding:
      - chunked
      vary:
      - Accept-Encoding
      x-content-type-options:
      - nosniff
      x-powered-by:
      - ASP.NET
    status:
      code: 200
      message: OK
- request:
    body: '{"location": "westus2", "properties": {"size": 4398046511104, "serviceLevel":
      "Premium"}}'
    headers:
      Accept:
      - application/json
      Accept-Encoding:
      - gzip, deflate
      CommandName:
      - netappfiles pool create
      Connection:
      - keep-alive
      Content-Length:
      - '89'
      Content-Type:
      - application/json; charset=utf-8
      ParameterSetName:
      - -g -a -p -l --service-level --size
      User-Agent:
      - python/3.7.5 (Windows-10-10.0.18362-SP0) msrest/0.6.9 msrest_azure/0.6.3 azure-mgmt-netapp/0.11.0
        Azure-SDK-For-Python AZURECLI/2.9.0
      accept-language:
      - en-US
    method: PUT
    uri: https://management.azure.com/subscriptions/00000000-0000-0000-0000-000000000000/resourceGroups/cli_netapp_test_snap_000001/providers/Microsoft.NetApp/netAppAccounts/cli-acc-000002/capacityPools/cli-pool-000003?api-version=2019-11-01
  response:
    body:
      string: '{"id":"/subscriptions/00000000-0000-0000-0000-000000000000/resourceGroups/cli_netapp_test_snap_000001/providers/Microsoft.NetApp/netAppAccounts/cli-acc-000002/capacityPools/cli-pool-000003","name":"cli-acc-000002/cli-pool-000003","type":"Microsoft.NetApp/netAppAccounts/capacityPools","etag":"W/\"datetime''2020-07-20T12%3A19%3A46.5178561Z''\"","location":"westus2","properties":{"serviceLevel":"Premium","size":4398046511104,"provisioningState":"Creating"}}'
    headers:
      access-control-expose-headers:
      - Request-Context
      azure-asyncoperation:
      - https://management.azure.com/subscriptions/00000000-0000-0000-0000-000000000000/providers/Microsoft.NetApp/locations/westus2/operationResults/b464f872-09d5-4f08-a6be-ea1e3c50b1b2?api-version=2019-11-01
      cache-control:
      - no-cache
      content-length:
      - '542'
      content-type:
      - application/json; charset=utf-8
      date:
      - Mon, 20 Jul 2020 12:19:47 GMT
      etag:
      - W/"datetime'2020-07-20T12%3A19%3A46.5178561Z'"
      expires:
      - '-1'
      pragma:
      - no-cache
      request-context:
      - appId=cid-v1:2c4cb680-0a1f-424d-bb8d-8e650ba68d53
      server:
      - Microsoft-IIS/10.0
      strict-transport-security:
      - max-age=31536000; includeSubDomains
      x-content-type-options:
      - nosniff
      x-ms-ratelimit-remaining-subscription-writes:
      - '1199'
      x-powered-by:
      - ASP.NET
    status:
      code: 201
      message: Created
- request:
    body: null
    headers:
      Accept:
      - application/json
      Accept-Encoding:
      - gzip, deflate
      CommandName:
      - netappfiles pool create
      Connection:
      - keep-alive
      ParameterSetName:
      - -g -a -p -l --service-level --size
      User-Agent:
      - python/3.7.5 (Windows-10-10.0.18362-SP0) msrest/0.6.9 msrest_azure/0.6.3 azure-mgmt-netapp/0.11.0
        Azure-SDK-For-Python AZURECLI/2.9.0
    method: GET
    uri: https://management.azure.com/subscriptions/00000000-0000-0000-0000-000000000000/providers/Microsoft.NetApp/locations/westus2/operationResults/b464f872-09d5-4f08-a6be-ea1e3c50b1b2?api-version=2019-11-01
  response:
    body:
      string: '{"id":"/subscriptions/00000000-0000-0000-0000-000000000000/providers/Microsoft.NetApp/locations/westus2/operationResults/b464f872-09d5-4f08-a6be-ea1e3c50b1b2","name":"b464f872-09d5-4f08-a6be-ea1e3c50b1b2","status":"Succeeded","startTime":"2020-07-20T12:19:46.4575099Z","endTime":"2020-07-20T12:19:46.7405245Z","percentComplete":100.0,"properties":{"resourceName":"/subscriptions/00000000-0000-0000-0000-000000000000/resourceGroups/cli_netapp_test_snap_000001/providers/Microsoft.NetApp/netAppAccounts/cli-acc-000002/capacityPools/cli-pool-000003"}}'
    headers:
      access-control-expose-headers:
      - Request-Context
      cache-control:
      - no-cache
      content-length:
      - '615'
      content-type:
      - application/json; charset=utf-8
      date:
      - Mon, 20 Jul 2020 12:20:19 GMT
      expires:
      - '-1'
      pragma:
      - no-cache
      request-context:
      - appId=cid-v1:2c4cb680-0a1f-424d-bb8d-8e650ba68d53
      server:
      - Microsoft-IIS/10.0
      strict-transport-security:
      - max-age=31536000; includeSubDomains
      transfer-encoding:
      - chunked
      vary:
      - Accept-Encoding
      x-content-type-options:
      - nosniff
      x-powered-by:
      - ASP.NET
    status:
      code: 200
      message: OK
- request:
    body: null
    headers:
      Accept:
      - application/json
      Accept-Encoding:
      - gzip, deflate
      CommandName:
      - netappfiles pool create
      Connection:
      - keep-alive
      ParameterSetName:
      - -g -a -p -l --service-level --size
      User-Agent:
      - python/3.7.5 (Windows-10-10.0.18362-SP0) msrest/0.6.9 msrest_azure/0.6.3 azure-mgmt-netapp/0.11.0
        Azure-SDK-For-Python AZURECLI/2.9.0
    method: GET
    uri: https://management.azure.com/subscriptions/00000000-0000-0000-0000-000000000000/resourceGroups/cli_netapp_test_snap_000001/providers/Microsoft.NetApp/netAppAccounts/cli-acc-000002/capacityPools/cli-pool-000003?api-version=2019-11-01
  response:
    body:
      string: '{"id":"/subscriptions/00000000-0000-0000-0000-000000000000/resourceGroups/cli_netapp_test_snap_000001/providers/Microsoft.NetApp/netAppAccounts/cli-acc-000002/capacityPools/cli-pool-000003","name":"cli-acc-000002/cli-pool-000003","type":"Microsoft.NetApp/netAppAccounts/capacityPools","etag":"W/\"datetime''2020-07-20T12%3A19%3A46.7440144Z''\"","location":"westus2","properties":{"poolId":"af455c50-5d6b-b590-3958-36a21e61a24e","name":"cli-acc-000002/cli-pool-000003","serviceLevel":"Premium","size":4398046511104,"provisioningState":"Succeeded"}}'
    headers:
      access-control-expose-headers:
      - Request-Context
      cache-control:
      - no-cache
      content-length:
      - '650'
      content-type:
      - application/json; charset=utf-8
      date:
      - Mon, 20 Jul 2020 12:20:20 GMT
      etag:
      - W/"datetime'2020-07-20T12%3A19%3A46.7440144Z'"
      expires:
      - '-1'
      pragma:
      - no-cache
      request-context:
      - appId=cid-v1:2c4cb680-0a1f-424d-bb8d-8e650ba68d53
      server:
      - Microsoft-IIS/10.0
      strict-transport-security:
      - max-age=31536000; includeSubDomains
      transfer-encoding:
      - chunked
      vary:
      - Accept-Encoding
      x-content-type-options:
      - nosniff
      x-powered-by:
      - ASP.NET
    status:
      code: 200
      message: OK
- request:
    body: 'b''{"location": "westus2", "properties": {"creationToken": "cli-vol-000004",
      "serviceLevel": "Premium", "usageThreshold": 107374182400, "subnetId": "/subscriptions/00000000-0000-0000-0000-000000000000/resourceGroups/cli_netapp_test_snap_000001/providers/Microsoft.Network/virtualNetworks/cli-vnet-lefr-02/subnets/cli-subnet-lefr-02"}}'''
    headers:
      Accept:
      - application/json
      Accept-Encoding:
      - gzip, deflate
      CommandName:
      - netappfiles volume create
      Connection:
      - keep-alive
      Content-Length:
      - '389'
      Content-Type:
      - application/json; charset=utf-8
      ParameterSetName:
      - --resource-group --account-name --pool-name --volume-name -l --service-level
        --usage-threshold --file-path --vnet --subnet
      User-Agent:
      - python/3.7.5 (Windows-10-10.0.18362-SP0) msrest/0.6.9 msrest_azure/0.6.3 azure-mgmt-netapp/0.11.0
        Azure-SDK-For-Python AZURECLI/2.9.0
      accept-language:
      - en-US
    method: PUT
    uri: https://management.azure.com/subscriptions/00000000-0000-0000-0000-000000000000/resourceGroups/cli_netapp_test_snap_000001/providers/Microsoft.NetApp/netAppAccounts/cli-acc-000002/capacityPools/cli-pool-000003/volumes/cli-vol-000004?api-version=2019-11-01
  response:
    body:
      string: '{"id":"/subscriptions/00000000-0000-0000-0000-000000000000/resourceGroups/cli_netapp_test_snap_000001/providers/Microsoft.NetApp/netAppAccounts/cli-acc-000002/capacityPools/cli-pool-000003/volumes/cli-vol-000004","name":"cli-acc-000002/cli-pool-000003/cli-vol-000004","type":"Microsoft.NetApp/netAppAccounts/capacityPools/volumes","etag":"W/\"datetime''2020-07-20T12%3A20%3A28.4872424Z''\"","location":"westus2","properties":{"serviceLevel":"Premium","creationToken":"cli-vol-000004","usageThreshold":107374182400,"subnetId":"/subscriptions/00000000-0000-0000-0000-000000000000/resourceGroups/cli_netapp_test_snap_000001/providers/Microsoft.Network/virtualNetworks/cli-vnet-lefr-02/subnets/cli-subnet-lefr-02","provisioningState":"Creating"}}'
    headers:
      access-control-expose-headers:
      - Request-Context
      azure-asyncoperation:
      - https://management.azure.com/subscriptions/00000000-0000-0000-0000-000000000000/providers/Microsoft.NetApp/locations/westus2/operationResults/8971f7ef-293f-454d-be50-4363ea8b7ce1?api-version=2019-11-01
      cache-control:
      - no-cache
      content-length:
      - '904'
      content-type:
      - application/json; charset=utf-8
      date:
      - Mon, 20 Jul 2020 12:20:29 GMT
      etag:
      - W/"datetime'2020-07-20T12%3A20%3A28.4872424Z'"
      expires:
      - '-1'
      pragma:
      - no-cache
      request-context:
      - appId=cid-v1:2c4cb680-0a1f-424d-bb8d-8e650ba68d53
      server:
      - Microsoft-IIS/10.0
      strict-transport-security:
      - max-age=31536000; includeSubDomains
      x-content-type-options:
      - nosniff
      x-ms-ratelimit-remaining-subscription-writes:
      - '1199'
      x-powered-by:
      - ASP.NET
    status:
      code: 201
      message: Created
- request:
    body: null
    headers:
      Accept:
      - application/json
      Accept-Encoding:
      - gzip, deflate
      CommandName:
      - netappfiles volume create
      Connection:
      - keep-alive
      ParameterSetName:
      - --resource-group --account-name --pool-name --volume-name -l --service-level
        --usage-threshold --file-path --vnet --subnet
      User-Agent:
      - python/3.7.5 (Windows-10-10.0.18362-SP0) msrest/0.6.9 msrest_azure/0.6.3 azure-mgmt-netapp/0.11.0
        Azure-SDK-For-Python AZURECLI/2.9.0
    method: GET
    uri: https://management.azure.com/subscriptions/00000000-0000-0000-0000-000000000000/providers/Microsoft.NetApp/locations/westus2/operationResults/8971f7ef-293f-454d-be50-4363ea8b7ce1?api-version=2019-11-01
  response:
    body:
      string: '{"id":"/subscriptions/00000000-0000-0000-0000-000000000000/providers/Microsoft.NetApp/locations/westus2/operationResults/8971f7ef-293f-454d-be50-4363ea8b7ce1","name":"8971f7ef-293f-454d-be50-4363ea8b7ce1","status":"Creating","startTime":"2020-07-20T12:20:28.4353875Z","endTime":"0001-01-01T00:00:00Z","percentComplete":0.0,"properties":{"resourceName":"/subscriptions/00000000-0000-0000-0000-000000000000/resourceGroups/cli_netapp_test_snap_000001/providers/Microsoft.NetApp/netAppAccounts/cli-acc-000002/capacityPools/cli-pool-000003/volumes/cli-vol-000004"}}'
    headers:
      access-control-expose-headers:
      - Request-Context
      cache-control:
      - no-cache
      content-length:
      - '637'
      content-type:
      - application/json; charset=utf-8
      date:
      - Mon, 20 Jul 2020 12:21:00 GMT
      expires:
      - '-1'
      pragma:
      - no-cache
      request-context:
      - appId=cid-v1:2c4cb680-0a1f-424d-bb8d-8e650ba68d53
      server:
      - Microsoft-IIS/10.0
      strict-transport-security:
      - max-age=31536000; includeSubDomains
      transfer-encoding:
      - chunked
      vary:
      - Accept-Encoding
      x-content-type-options:
      - nosniff
      x-powered-by:
      - ASP.NET
    status:
      code: 200
      message: OK
- request:
    body: null
    headers:
      Accept:
      - application/json
      Accept-Encoding:
      - gzip, deflate
      CommandName:
      - netappfiles volume create
      Connection:
      - keep-alive
      ParameterSetName:
      - --resource-group --account-name --pool-name --volume-name -l --service-level
        --usage-threshold --file-path --vnet --subnet
      User-Agent:
      - python/3.7.5 (Windows-10-10.0.18362-SP0) msrest/0.6.9 msrest_azure/0.6.3 azure-mgmt-netapp/0.11.0
        Azure-SDK-For-Python AZURECLI/2.9.0
    method: GET
    uri: https://management.azure.com/subscriptions/00000000-0000-0000-0000-000000000000/providers/Microsoft.NetApp/locations/westus2/operationResults/8971f7ef-293f-454d-be50-4363ea8b7ce1?api-version=2019-11-01
  response:
    body:
      string: '{"id":"/subscriptions/00000000-0000-0000-0000-000000000000/providers/Microsoft.NetApp/locations/westus2/operationResults/8971f7ef-293f-454d-be50-4363ea8b7ce1","name":"8971f7ef-293f-454d-be50-4363ea8b7ce1","status":"Creating","startTime":"2020-07-20T12:20:28.4353875Z","endTime":"0001-01-01T00:00:00Z","percentComplete":0.0,"properties":{"resourceName":"/subscriptions/00000000-0000-0000-0000-000000000000/resourceGroups/cli_netapp_test_snap_000001/providers/Microsoft.NetApp/netAppAccounts/cli-acc-000002/capacityPools/cli-pool-000003/volumes/cli-vol-000004"}}'
    headers:
      access-control-expose-headers:
      - Request-Context
      cache-control:
      - no-cache
      content-length:
      - '637'
      content-type:
      - application/json; charset=utf-8
      date:
      - Mon, 20 Jul 2020 12:21:31 GMT
      expires:
      - '-1'
      pragma:
      - no-cache
      request-context:
      - appId=cid-v1:2c4cb680-0a1f-424d-bb8d-8e650ba68d53
      server:
      - Microsoft-IIS/10.0
      strict-transport-security:
      - max-age=31536000; includeSubDomains
      transfer-encoding:
      - chunked
      vary:
      - Accept-Encoding
      x-content-type-options:
      - nosniff
      x-powered-by:
      - ASP.NET
    status:
      code: 200
      message: OK
- request:
    body: null
    headers:
      Accept:
      - application/json
      Accept-Encoding:
      - gzip, deflate
      CommandName:
      - netappfiles volume create
      Connection:
      - keep-alive
      ParameterSetName:
      - --resource-group --account-name --pool-name --volume-name -l --service-level
        --usage-threshold --file-path --vnet --subnet
      User-Agent:
      - python/3.7.5 (Windows-10-10.0.18362-SP0) msrest/0.6.9 msrest_azure/0.6.3 azure-mgmt-netapp/0.11.0
        Azure-SDK-For-Python AZURECLI/2.9.0
    method: GET
    uri: https://management.azure.com/subscriptions/00000000-0000-0000-0000-000000000000/providers/Microsoft.NetApp/locations/westus2/operationResults/8971f7ef-293f-454d-be50-4363ea8b7ce1?api-version=2019-11-01
  response:
    body:
      string: '{"id":"/subscriptions/00000000-0000-0000-0000-000000000000/providers/Microsoft.NetApp/locations/westus2/operationResults/8971f7ef-293f-454d-be50-4363ea8b7ce1","name":"8971f7ef-293f-454d-be50-4363ea8b7ce1","status":"Creating","startTime":"2020-07-20T12:20:28.4353875Z","endTime":"0001-01-01T00:00:00Z","percentComplete":0.0,"properties":{"resourceName":"/subscriptions/00000000-0000-0000-0000-000000000000/resourceGroups/cli_netapp_test_snap_000001/providers/Microsoft.NetApp/netAppAccounts/cli-acc-000002/capacityPools/cli-pool-000003/volumes/cli-vol-000004"}}'
    headers:
      access-control-expose-headers:
      - Request-Context
      cache-control:
      - no-cache
      content-length:
      - '637'
      content-type:
      - application/json; charset=utf-8
      date:
      - Mon, 20 Jul 2020 12:22:02 GMT
      expires:
      - '-1'
      pragma:
      - no-cache
      request-context:
      - appId=cid-v1:2c4cb680-0a1f-424d-bb8d-8e650ba68d53
      server:
      - Microsoft-IIS/10.0
      strict-transport-security:
      - max-age=31536000; includeSubDomains
      transfer-encoding:
      - chunked
      vary:
      - Accept-Encoding
      x-content-type-options:
      - nosniff
      x-powered-by:
      - ASP.NET
    status:
      code: 200
      message: OK
- request:
    body: null
    headers:
      Accept:
      - application/json
      Accept-Encoding:
      - gzip, deflate
      CommandName:
      - netappfiles volume create
      Connection:
      - keep-alive
      ParameterSetName:
      - --resource-group --account-name --pool-name --volume-name -l --service-level
        --usage-threshold --file-path --vnet --subnet
      User-Agent:
      - python/3.7.5 (Windows-10-10.0.18362-SP0) msrest/0.6.9 msrest_azure/0.6.3 azure-mgmt-netapp/0.11.0
        Azure-SDK-For-Python AZURECLI/2.9.0
    method: GET
    uri: https://management.azure.com/subscriptions/00000000-0000-0000-0000-000000000000/providers/Microsoft.NetApp/locations/westus2/operationResults/8971f7ef-293f-454d-be50-4363ea8b7ce1?api-version=2019-11-01
  response:
    body:
      string: '{"id":"/subscriptions/00000000-0000-0000-0000-000000000000/providers/Microsoft.NetApp/locations/westus2/operationResults/8971f7ef-293f-454d-be50-4363ea8b7ce1","name":"8971f7ef-293f-454d-be50-4363ea8b7ce1","status":"Creating","startTime":"2020-07-20T12:20:28.4353875Z","endTime":"0001-01-01T00:00:00Z","percentComplete":0.0,"properties":{"resourceName":"/subscriptions/00000000-0000-0000-0000-000000000000/resourceGroups/cli_netapp_test_snap_000001/providers/Microsoft.NetApp/netAppAccounts/cli-acc-000002/capacityPools/cli-pool-000003/volumes/cli-vol-000004"}}'
    headers:
      access-control-expose-headers:
      - Request-Context
      cache-control:
      - no-cache
      content-length:
      - '637'
      content-type:
      - application/json; charset=utf-8
      date:
      - Mon, 20 Jul 2020 12:22:32 GMT
      expires:
      - '-1'
      pragma:
      - no-cache
      request-context:
      - appId=cid-v1:2c4cb680-0a1f-424d-bb8d-8e650ba68d53
      server:
      - Microsoft-IIS/10.0
      strict-transport-security:
      - max-age=31536000; includeSubDomains
      transfer-encoding:
      - chunked
      vary:
      - Accept-Encoding
      x-content-type-options:
      - nosniff
      x-powered-by:
      - ASP.NET
    status:
      code: 200
      message: OK
- request:
    body: null
    headers:
      Accept:
      - application/json
      Accept-Encoding:
      - gzip, deflate
      CommandName:
      - netappfiles volume create
      Connection:
      - keep-alive
      ParameterSetName:
      - --resource-group --account-name --pool-name --volume-name -l --service-level
        --usage-threshold --file-path --vnet --subnet
      User-Agent:
      - python/3.7.5 (Windows-10-10.0.18362-SP0) msrest/0.6.9 msrest_azure/0.6.3 azure-mgmt-netapp/0.11.0
        Azure-SDK-For-Python AZURECLI/2.9.0
    method: GET
    uri: https://management.azure.com/subscriptions/00000000-0000-0000-0000-000000000000/providers/Microsoft.NetApp/locations/westus2/operationResults/8971f7ef-293f-454d-be50-4363ea8b7ce1?api-version=2019-11-01
  response:
    body:
      string: '{"id":"/subscriptions/00000000-0000-0000-0000-000000000000/providers/Microsoft.NetApp/locations/westus2/operationResults/8971f7ef-293f-454d-be50-4363ea8b7ce1","name":"8971f7ef-293f-454d-be50-4363ea8b7ce1","status":"Creating","startTime":"2020-07-20T12:20:28.4353875Z","endTime":"0001-01-01T00:00:00Z","percentComplete":0.0,"properties":{"resourceName":"/subscriptions/00000000-0000-0000-0000-000000000000/resourceGroups/cli_netapp_test_snap_000001/providers/Microsoft.NetApp/netAppAccounts/cli-acc-000002/capacityPools/cli-pool-000003/volumes/cli-vol-000004"}}'
    headers:
      access-control-expose-headers:
      - Request-Context
      cache-control:
      - no-cache
      content-length:
      - '637'
      content-type:
      - application/json; charset=utf-8
      date:
      - Mon, 20 Jul 2020 12:23:02 GMT
      expires:
      - '-1'
      pragma:
      - no-cache
      request-context:
      - appId=cid-v1:2c4cb680-0a1f-424d-bb8d-8e650ba68d53
      server:
      - Microsoft-IIS/10.0
      strict-transport-security:
      - max-age=31536000; includeSubDomains
      transfer-encoding:
      - chunked
      vary:
      - Accept-Encoding
      x-content-type-options:
      - nosniff
      x-powered-by:
      - ASP.NET
    status:
      code: 200
      message: OK
- request:
    body: null
    headers:
      Accept:
      - application/json
      Accept-Encoding:
      - gzip, deflate
      CommandName:
      - netappfiles volume create
      Connection:
      - keep-alive
      ParameterSetName:
      - --resource-group --account-name --pool-name --volume-name -l --service-level
        --usage-threshold --file-path --vnet --subnet
      User-Agent:
      - python/3.7.5 (Windows-10-10.0.18362-SP0) msrest/0.6.9 msrest_azure/0.6.3 azure-mgmt-netapp/0.11.0
        Azure-SDK-For-Python AZURECLI/2.9.0
    method: GET
    uri: https://management.azure.com/subscriptions/00000000-0000-0000-0000-000000000000/providers/Microsoft.NetApp/locations/westus2/operationResults/8971f7ef-293f-454d-be50-4363ea8b7ce1?api-version=2019-11-01
  response:
    body:
      string: '{"id":"/subscriptions/00000000-0000-0000-0000-000000000000/providers/Microsoft.NetApp/locations/westus2/operationResults/8971f7ef-293f-454d-be50-4363ea8b7ce1","name":"8971f7ef-293f-454d-be50-4363ea8b7ce1","status":"Creating","startTime":"2020-07-20T12:20:28.4353875Z","endTime":"0001-01-01T00:00:00Z","percentComplete":0.0,"properties":{"resourceName":"/subscriptions/00000000-0000-0000-0000-000000000000/resourceGroups/cli_netapp_test_snap_000001/providers/Microsoft.NetApp/netAppAccounts/cli-acc-000002/capacityPools/cli-pool-000003/volumes/cli-vol-000004"}}'
    headers:
      access-control-expose-headers:
      - Request-Context
      cache-control:
      - no-cache
      content-length:
      - '637'
      content-type:
      - application/json; charset=utf-8
      date:
      - Mon, 20 Jul 2020 12:23:32 GMT
      expires:
      - '-1'
      pragma:
      - no-cache
      request-context:
      - appId=cid-v1:2c4cb680-0a1f-424d-bb8d-8e650ba68d53
      server:
      - Microsoft-IIS/10.0
      strict-transport-security:
      - max-age=31536000; includeSubDomains
      transfer-encoding:
      - chunked
      vary:
      - Accept-Encoding
      x-content-type-options:
      - nosniff
      x-powered-by:
      - ASP.NET
    status:
      code: 200
      message: OK
- request:
    body: null
    headers:
      Accept:
      - application/json
      Accept-Encoding:
      - gzip, deflate
      CommandName:
      - netappfiles volume create
      Connection:
      - keep-alive
      ParameterSetName:
      - --resource-group --account-name --pool-name --volume-name -l --service-level
        --usage-threshold --file-path --vnet --subnet
      User-Agent:
      - python/3.7.5 (Windows-10-10.0.18362-SP0) msrest/0.6.9 msrest_azure/0.6.3 azure-mgmt-netapp/0.11.0
        Azure-SDK-For-Python AZURECLI/2.9.0
    method: GET
    uri: https://management.azure.com/subscriptions/00000000-0000-0000-0000-000000000000/providers/Microsoft.NetApp/locations/westus2/operationResults/8971f7ef-293f-454d-be50-4363ea8b7ce1?api-version=2019-11-01
  response:
    body:
      string: '{"id":"/subscriptions/00000000-0000-0000-0000-000000000000/providers/Microsoft.NetApp/locations/westus2/operationResults/8971f7ef-293f-454d-be50-4363ea8b7ce1","name":"8971f7ef-293f-454d-be50-4363ea8b7ce1","status":"Succeeded","startTime":"2020-07-20T12:20:28.4353875Z","endTime":"2020-07-20T12:23:41.0866572Z","percentComplete":100.0,"properties":{"resourceName":"/subscriptions/00000000-0000-0000-0000-000000000000/resourceGroups/cli_netapp_test_snap_000001/providers/Microsoft.NetApp/netAppAccounts/cli-acc-000002/capacityPools/cli-pool-000003/volumes/cli-vol-000004"}}'
    headers:
      access-control-expose-headers:
      - Request-Context
      cache-control:
      - no-cache
      content-length:
      - '648'
      content-type:
      - application/json; charset=utf-8
      date:
      - Mon, 20 Jul 2020 12:24:03 GMT
      expires:
      - '-1'
      pragma:
      - no-cache
      request-context:
      - appId=cid-v1:2c4cb680-0a1f-424d-bb8d-8e650ba68d53
      server:
      - Microsoft-IIS/10.0
      strict-transport-security:
      - max-age=31536000; includeSubDomains
      transfer-encoding:
      - chunked
      vary:
      - Accept-Encoding
      x-content-type-options:
      - nosniff
      x-powered-by:
      - ASP.NET
    status:
      code: 200
      message: OK
- request:
    body: null
    headers:
      Accept:
      - application/json
      Accept-Encoding:
      - gzip, deflate
      CommandName:
      - netappfiles volume create
      Connection:
      - keep-alive
      ParameterSetName:
      - --resource-group --account-name --pool-name --volume-name -l --service-level
        --usage-threshold --file-path --vnet --subnet
      User-Agent:
      - python/3.7.5 (Windows-10-10.0.18362-SP0) msrest/0.6.9 msrest_azure/0.6.3 azure-mgmt-netapp/0.11.0
        Azure-SDK-For-Python AZURECLI/2.9.0
    method: GET
    uri: https://management.azure.com/subscriptions/00000000-0000-0000-0000-000000000000/resourceGroups/cli_netapp_test_snap_000001/providers/Microsoft.NetApp/netAppAccounts/cli-acc-000002/capacityPools/cli-pool-000003/volumes/cli-vol-000004?api-version=2019-11-01
  response:
    body:
      string: '{"id":"/subscriptions/00000000-0000-0000-0000-000000000000/resourceGroups/cli_netapp_test_snap_000001/providers/Microsoft.NetApp/netAppAccounts/cli-acc-000002/capacityPools/cli-pool-000003/volumes/cli-vol-000004","name":"cli-acc-000002/cli-pool-000003/cli-vol-000004","type":"Microsoft.NetApp/netAppAccounts/capacityPools/volumes","etag":"W/\"datetime''2020-07-20T12%3A23%3A41.0881219Z''\"","location":"westus2","properties":{"mountTargets":[{"provisioningState":"","mountTargetId":"031f3483-eec4-c291-242f-e0849ca0118b","fileSystemId":"031f3483-eec4-c291-242f-e0849ca0118b","startIp":"","endIp":"","gateway":"","netmask":"","subnet":"","ipAddress":"10.5.0.4"}],"provisioningState":"Succeeded","fileSystemId":"031f3483-eec4-c291-242f-e0849ca0118b","name":"cli-vol-000004","serviceLevel":"Premium","creationToken":"cli-vol-000004","usageThreshold":107374182400,"usedBytes":0,"exportPolicy":{"rules":[{"ruleIndex":1,"unixReadOnly":false,"unixReadWrite":true,"cifs":false,"nfsv3":true,"nfsv4":false,"nfsv41":false,"allowedClients":"0.0.0.0/0"}]},"protocolTypes":["NFSv3"],"baremetalTenantId":"baremetalTenant_svm_955fe00183474412a263ec0f52d2aeeb_6b23ece1","subnetId":"/subscriptions/00000000-0000-0000-0000-000000000000/resourceGroups/cli_netapp_test_snap_000001/providers/Microsoft.Network/virtualNetworks/cli-vnet-lefr-02/subnets/cli-subnet-lefr-02"}}'
    headers:
      access-control-expose-headers:
      - Request-Context
      cache-control:
      - no-cache
      content-length:
      - '1522'
      content-type:
      - application/json; charset=utf-8
      date:
      - Mon, 20 Jul 2020 12:24:03 GMT
      etag:
      - W/"datetime'2020-07-20T12%3A23%3A41.0881219Z'"
      expires:
      - '-1'
      pragma:
      - no-cache
      request-context:
      - appId=cid-v1:2c4cb680-0a1f-424d-bb8d-8e650ba68d53
      server:
      - Microsoft-IIS/10.0
      strict-transport-security:
      - max-age=31536000; includeSubDomains
      transfer-encoding:
      - chunked
      vary:
      - Accept-Encoding
      x-content-type-options:
      - nosniff
      x-powered-by:
      - ASP.NET
    status:
      code: 200
      message: OK
- request:
    body: '{"location": "westus2", "properties": {"fileSystemId": "031f3483-eec4-c291-242f-e0849ca0118b"}}'
    headers:
      Accept:
      - application/json
      Accept-Encoding:
      - gzip, deflate
      CommandName:
      - netappfiles snapshot create
      Connection:
      - keep-alive
      Content-Length:
      - '95'
      Content-Type:
      - application/json; charset=utf-8
      ParameterSetName:
      - -g -a -p -v -s -l --file-system-id
      User-Agent:
      - python/3.7.5 (Windows-10-10.0.18362-SP0) msrest/0.6.9 msrest_azure/0.6.3 azure-mgmt-netapp/0.11.0
        Azure-SDK-For-Python AZURECLI/2.9.0
      accept-language:
      - en-US
    method: PUT
    uri: https://management.azure.com/subscriptions/00000000-0000-0000-0000-000000000000/resourceGroups/cli_netapp_test_snap_000001/providers/Microsoft.NetApp/netAppAccounts/cli-acc-000002/capacityPools/cli-pool-000003/volumes/cli-vol-000004/snapshots/cli-sn-000006?api-version=2019-11-01
  response:
    body:
      string: '{"id":"/subscriptions/00000000-0000-0000-0000-000000000000/resourceGroups/cli_netapp_test_snap_000001/providers/Microsoft.NetApp/netAppAccounts/cli-acc-000002/capacityPools/cli-pool-000003/volumes/cli-vol-000004/snapshots/cli-sn-000006","name":"cli-acc-000002/cli-pool-000003/cli-vol-000004/cli-sn-000006","type":"Microsoft.NetApp/netAppAccounts/capacityPools/volumes/snapshots","location":"westus2","properties":{"provisioningState":"Creating","fileSystemId":"031f3483-eec4-c291-242f-e0849ca0118b","name":"cli-sn-000006"}}'
    headers:
      access-control-expose-headers:
      - Request-Context
      azure-asyncoperation:
      - https://management.azure.com/subscriptions/00000000-0000-0000-0000-000000000000/providers/Microsoft.NetApp/locations/westus2/operationResults/0e212f0f-5a06-43e1-be83-d3d5279746a7?api-version=2019-11-01
      cache-control:
      - no-cache
      content-length:
      - '662'
      content-type:
      - application/json; charset=utf-8
      date:
      - Mon, 20 Jul 2020 12:24:06 GMT
      expires:
      - '-1'
      location:
      - https://management.azure.com/subscriptions/00000000-0000-0000-0000-000000000000/providers/Microsoft.NetApp/locations/westus2/operationResults/0e212f0f-5a06-43e1-be83-d3d5279746a7?api-version=2019-11-01&operationResultResponseType=Location
      pragma:
      - no-cache
      request-context:
      - appId=cid-v1:2c4cb680-0a1f-424d-bb8d-8e650ba68d53
      server:
      - Microsoft-IIS/10.0
      strict-transport-security:
      - max-age=31536000; includeSubDomains
      x-content-type-options:
      - nosniff
      x-ms-ratelimit-remaining-subscription-writes:
      - '1199'
      x-powered-by:
      - ASP.NET
    status:
      code: 201
      message: Created
- request:
    body: null
    headers:
      Accept:
      - application/json
      Accept-Encoding:
      - gzip, deflate
      CommandName:
      - netappfiles snapshot create
      Connection:
      - keep-alive
      ParameterSetName:
      - -g -a -p -v -s -l --file-system-id
      User-Agent:
      - python/3.7.5 (Windows-10-10.0.18362-SP0) msrest/0.6.9 msrest_azure/0.6.3 azure-mgmt-netapp/0.11.0
        Azure-SDK-For-Python AZURECLI/2.9.0
    method: GET
    uri: https://management.azure.com/subscriptions/00000000-0000-0000-0000-000000000000/providers/Microsoft.NetApp/locations/westus2/operationResults/0e212f0f-5a06-43e1-be83-d3d5279746a7?api-version=2019-11-01
  response:
    body:
      string: '{"id":"/subscriptions/00000000-0000-0000-0000-000000000000/providers/Microsoft.NetApp/locations/westus2/operationResults/0e212f0f-5a06-43e1-be83-d3d5279746a7","name":"0e212f0f-5a06-43e1-be83-d3d5279746a7","status":"Succeeded","startTime":"2020-07-20T12:24:07.2736843Z","endTime":"2020-07-20T12:24:10.1022736Z","percentComplete":100.0,"properties":{"resourceName":"/subscriptions/00000000-0000-0000-0000-000000000000/resourceGroups/cli_netapp_test_snap_000001/providers/Microsoft.NetApp/netAppAccounts/cli-acc-000002/capacityPools/cli-pool-000003/volumes/cli-vol-000004/snapshots/cli-sn-000006"}}'
    headers:
      access-control-expose-headers:
      - Request-Context
      cache-control:
      - no-cache
      content-length:
      - '683'
      content-type:
      - application/json; charset=utf-8
      date:
      - Mon, 20 Jul 2020 12:24:38 GMT
      expires:
      - '-1'
      pragma:
      - no-cache
      request-context:
      - appId=cid-v1:2c4cb680-0a1f-424d-bb8d-8e650ba68d53
      server:
      - Microsoft-IIS/10.0
      strict-transport-security:
      - max-age=31536000; includeSubDomains
      transfer-encoding:
      - chunked
      vary:
      - Accept-Encoding
      x-content-type-options:
      - nosniff
      x-powered-by:
      - ASP.NET
    status:
      code: 200
      message: OK
- request:
    body: null
    headers:
      Accept:
      - application/json
      Accept-Encoding:
      - gzip, deflate
      CommandName:
      - netappfiles snapshot create
      Connection:
      - keep-alive
      ParameterSetName:
      - -g -a -p -v -s -l --file-system-id
      User-Agent:
      - python/3.7.5 (Windows-10-10.0.18362-SP0) msrest/0.6.9 msrest_azure/0.6.3 azure-mgmt-netapp/0.11.0
        Azure-SDK-For-Python AZURECLI/2.9.0
    method: GET
    uri: https://management.azure.com/subscriptions/00000000-0000-0000-0000-000000000000/resourceGroups/cli_netapp_test_snap_000001/providers/Microsoft.NetApp/netAppAccounts/cli-acc-000002/capacityPools/cli-pool-000003/volumes/cli-vol-000004/snapshots/cli-sn-000006?api-version=2019-11-01
  response:
    body:
      string: '{"id":"/subscriptions/00000000-0000-0000-0000-000000000000/resourceGroups/cli_netapp_test_snap_000001/providers/Microsoft.NetApp/netAppAccounts/cli-acc-000002/capacityPools/cli-pool-000003/volumes/cli-vol-000004/snapshots/cli-sn-000006","name":"cli-acc-000002/cli-pool-000003/cli-vol-000004/cli-sn-000006","type":"Microsoft.NetApp/netAppAccounts/capacityPools/volumes/snapshots","location":"westus2","properties":{"provisioningState":"Succeeded","snapshotId":"96fee992-79ca-332f-195d-f372c9945f35","fileSystemId":"031f3483-eec4-c291-242f-e0849ca0118b","name":"cli-sn-000006","created":"2020-07-20T12:24:07Z"}}'
    headers:
      access-control-expose-headers:
      - Request-Context
      cache-control:
      - no-cache
      content-length:
      - '748'
      content-type:
      - application/json; charset=utf-8
      date:
      - Mon, 20 Jul 2020 12:24:39 GMT
      expires:
      - '-1'
      pragma:
      - no-cache
      request-context:
      - appId=cid-v1:2c4cb680-0a1f-424d-bb8d-8e650ba68d53
      server:
      - Microsoft-IIS/10.0
      strict-transport-security:
      - max-age=31536000; includeSubDomains
      transfer-encoding:
      - chunked
      vary:
      - Accept-Encoding
      x-content-type-options:
      - nosniff
      x-powered-by:
      - ASP.NET
    status:
      code: 200
      message: OK
- request:
    body: null
    headers:
      Accept:
      - application/json
      Accept-Encoding:
      - gzip, deflate
      CommandName:
      - netappfiles snapshot list
      Connection:
      - keep-alive
      ParameterSetName:
      - --resource-group --account-name --pool-name --volume-name
      User-Agent:
      - python/3.7.5 (Windows-10-10.0.18362-SP0) msrest/0.6.9 msrest_azure/0.6.3 azure-mgmt-netapp/0.11.0
        Azure-SDK-For-Python AZURECLI/2.9.0
      accept-language:
      - en-US
    method: GET
    uri: https://management.azure.com/subscriptions/00000000-0000-0000-0000-000000000000/resourceGroups/cli_netapp_test_snap_000001/providers/Microsoft.NetApp/netAppAccounts/cli-acc-000002/capacityPools/cli-pool-000003/volumes/cli-vol-000004/snapshots?api-version=2019-11-01
  response:
    body:
      string: '{"value":[{"id":"/subscriptions/00000000-0000-0000-0000-000000000000/resourceGroups/cli_netapp_test_snap_000001/providers/Microsoft.NetApp/netAppAccounts/cli-acc-000002/capacityPools/cli-pool-000003/volumes/cli-vol-000004/snapshots/cli-sn-000006","name":"cli-acc-000002/cli-pool-000003/cli-vol-000004/cli-sn-000006","type":"Microsoft.NetApp/netAppAccounts/capacityPools/volumes/snapshots","location":"westus2","properties":{"provisioningState":"Succeeded","snapshotId":"96fee992-79ca-332f-195d-f372c9945f35","fileSystemId":"031f3483-eec4-c291-242f-e0849ca0118b","name":"cli-sn-000006","created":"2020-07-20T12:24:07Z"}}]}'
    headers:
      access-control-expose-headers:
      - Request-Context
      cache-control:
      - no-cache
      content-length:
      - '760'
      content-type:
      - application/json; charset=utf-8
      date:
      - Mon, 20 Jul 2020 12:24:41 GMT
      expires:
      - '-1'
      pragma:
      - no-cache
      request-context:
      - appId=cid-v1:2c4cb680-0a1f-424d-bb8d-8e650ba68d53
      server:
      - Microsoft-IIS/10.0
      strict-transport-security:
      - max-age=31536000; includeSubDomains
      transfer-encoding:
      - chunked
      vary:
      - Accept-Encoding
      x-content-type-options:
      - nosniff
      x-powered-by:
      - ASP.NET
    status:
      code: 200
      message: OK
- request:
    body: null
    headers:
      Accept:
      - application/json
      Accept-Encoding:
      - gzip, deflate
      CommandName:
      - netappfiles snapshot show
      Connection:
      - keep-alive
      ParameterSetName:
      - -g -a -p -v -s
      User-Agent:
      - python/3.7.5 (Windows-10-10.0.18362-SP0) msrest/0.6.9 msrest_azure/0.6.3 azure-mgmt-netapp/0.11.0
        Azure-SDK-For-Python AZURECLI/2.9.0
      accept-language:
      - en-US
    method: GET
    uri: https://management.azure.com/subscriptions/00000000-0000-0000-0000-000000000000/resourceGroups/cli_netapp_test_snap_000001/providers/Microsoft.NetApp/netAppAccounts/cli-acc-000002/capacityPools/cli-pool-000003/volumes/cli-vol-000004/snapshots/cli-sn-000006?api-version=2019-11-01
  response:
    body:
      string: '{"id":"/subscriptions/00000000-0000-0000-0000-000000000000/resourceGroups/cli_netapp_test_snap_000001/providers/Microsoft.NetApp/netAppAccounts/cli-acc-000002/capacityPools/cli-pool-000003/volumes/cli-vol-000004/snapshots/cli-sn-000006","name":"cli-acc-000002/cli-pool-000003/cli-vol-000004/cli-sn-000006","type":"Microsoft.NetApp/netAppAccounts/capacityPools/volumes/snapshots","location":"westus2","properties":{"provisioningState":"Succeeded","snapshotId":"96fee992-79ca-332f-195d-f372c9945f35","fileSystemId":"031f3483-eec4-c291-242f-e0849ca0118b","name":"cli-sn-000006","created":"2020-07-20T12:24:07Z"}}'
    headers:
      access-control-expose-headers:
      - Request-Context
      cache-control:
      - no-cache
      content-length:
      - '748'
      content-type:
      - application/json; charset=utf-8
      date:
      - Mon, 20 Jul 2020 12:24:43 GMT
      expires:
      - '-1'
      pragma:
      - no-cache
      request-context:
      - appId=cid-v1:2c4cb680-0a1f-424d-bb8d-8e650ba68d53
      server:
      - Microsoft-IIS/10.0
      strict-transport-security:
      - max-age=31536000; includeSubDomains
      transfer-encoding:
      - chunked
      vary:
      - Accept-Encoding
      x-content-type-options:
      - nosniff
      x-powered-by:
      - ASP.NET
    status:
      code: 200
      message: OK
- request:
    body: 'b''{"location": "westus2", "properties": {"creationToken": "cli-sn-2000007",
      "serviceLevel": "Premium", "usageThreshold": 107374182400, "snapshotId": "96fee992-79ca-332f-195d-f372c9945f35",
      "subnetId": "/subscriptions/00000000-0000-0000-0000-000000000000/resourceGroups/cli_netapp_test_snap_000001/providers/Microsoft.Network/virtualNetworks/cli-vnet-lefr-02/subnets/cli-subnet-lefr-02"}}'''
    headers:
      Accept:
      - application/json
      Accept-Encoding:
      - gzip, deflate
      CommandName:
      - netappfiles volume create
      Connection:
      - keep-alive
      Content-Length:
      - '443'
      Content-Type:
      - application/json; charset=utf-8
      ParameterSetName:
      - --resource-group --account-name --pool-name --volume-name -l --service-level
        --usage-threshold --file-path --vnet --subnet --snapshot-id
      User-Agent:
      - python/3.7.5 (Windows-10-10.0.18362-SP0) msrest/0.6.9 msrest_azure/0.6.3 azure-mgmt-netapp/0.11.0
        Azure-SDK-For-Python AZURECLI/2.9.0
      accept-language:
      - en-US
    method: PUT
    uri: https://management.azure.com/subscriptions/00000000-0000-0000-0000-000000000000/resourceGroups/cli_netapp_test_snap_000001/providers/Microsoft.NetApp/netAppAccounts/cli-acc-000002/capacityPools/cli-pool-000003/volumes/cli-sn-2000007?api-version=2019-11-01
  response:
    body:
      string: '{"id":"/subscriptions/00000000-0000-0000-0000-000000000000/resourceGroups/cli_netapp_test_snap_000001/providers/Microsoft.NetApp/netAppAccounts/cli-acc-000002/capacityPools/cli-pool-000003/volumes/cli-sn-2000007","name":"cli-acc-000002/cli-pool-000003/cli-sn-2000007","type":"Microsoft.NetApp/netAppAccounts/capacityPools/volumes","etag":"W/\"datetime''2020-07-20T12%3A24%3A52.0337984Z''\"","location":"westus2","properties":{"serviceLevel":"Premium","creationToken":"cli-sn-2000007","usageThreshold":107374182400,"snapshotId":"96fee992-79ca-332f-195d-f372c9945f35","subnetId":"/subscriptions/00000000-0000-0000-0000-000000000000/resourceGroups/cli_netapp_test_snap_000001/providers/Microsoft.Network/virtualNetworks/cli-vnet-lefr-02/subnets/cli-subnet-lefr-02","provisioningState":"Creating"}}'
    headers:
      access-control-expose-headers:
      - Request-Context
      azure-asyncoperation:
      - https://management.azure.com/subscriptions/00000000-0000-0000-0000-000000000000/providers/Microsoft.NetApp/locations/westus2/operationResults/16ef6520-7a54-42b0-b39a-dccdd11598f5?api-version=2019-11-01
      cache-control:
      - no-cache
      content-length:
      - '956'
      content-type:
      - application/json; charset=utf-8
      date:
      - Mon, 20 Jul 2020 12:24:52 GMT
      etag:
      - W/"datetime'2020-07-20T12%3A24%3A52.0337984Z'"
      expires:
      - '-1'
      pragma:
      - no-cache
      request-context:
      - appId=cid-v1:2c4cb680-0a1f-424d-bb8d-8e650ba68d53
      server:
      - Microsoft-IIS/10.0
      strict-transport-security:
      - max-age=31536000; includeSubDomains
      x-content-type-options:
      - nosniff
      x-ms-ratelimit-remaining-subscription-writes:
      - '1199'
      x-powered-by:
      - ASP.NET
    status:
      code: 201
      message: Created
- request:
    body: null
    headers:
      Accept:
      - application/json
      Accept-Encoding:
      - gzip, deflate
      CommandName:
      - netappfiles volume create
      Connection:
      - keep-alive
      ParameterSetName:
      - --resource-group --account-name --pool-name --volume-name -l --service-level
        --usage-threshold --file-path --vnet --subnet --snapshot-id
      User-Agent:
      - python/3.7.5 (Windows-10-10.0.18362-SP0) msrest/0.6.9 msrest_azure/0.6.3 azure-mgmt-netapp/0.11.0
        Azure-SDK-For-Python AZURECLI/2.9.0
    method: GET
    uri: https://management.azure.com/subscriptions/00000000-0000-0000-0000-000000000000/providers/Microsoft.NetApp/locations/westus2/operationResults/16ef6520-7a54-42b0-b39a-dccdd11598f5?api-version=2019-11-01
  response:
    body:
      string: '{"id":"/subscriptions/00000000-0000-0000-0000-000000000000/providers/Microsoft.NetApp/locations/westus2/operationResults/16ef6520-7a54-42b0-b39a-dccdd11598f5","name":"16ef6520-7a54-42b0-b39a-dccdd11598f5","status":"Succeeded","startTime":"2020-07-20T12:24:51.9719254Z","endTime":"2020-07-20T12:25:05.0290819Z","percentComplete":100.0,"properties":{"resourceName":"/subscriptions/00000000-0000-0000-0000-000000000000/resourceGroups/cli_netapp_test_snap_000001/providers/Microsoft.NetApp/netAppAccounts/cli-acc-000002/capacityPools/cli-pool-000003/volumes/cli-sn-2000007"}}'
    headers:
      access-control-expose-headers:
      - Request-Context
      cache-control:
      - no-cache
      content-length:
      - '648'
      content-type:
      - application/json; charset=utf-8
      date:
      - Mon, 20 Jul 2020 12:25:25 GMT
      expires:
      - '-1'
      pragma:
      - no-cache
      request-context:
      - appId=cid-v1:2c4cb680-0a1f-424d-bb8d-8e650ba68d53
      server:
      - Microsoft-IIS/10.0
      strict-transport-security:
      - max-age=31536000; includeSubDomains
      transfer-encoding:
      - chunked
      vary:
      - Accept-Encoding
      x-content-type-options:
      - nosniff
      x-powered-by:
      - ASP.NET
    status:
      code: 200
      message: OK
- request:
    body: null
    headers:
      Accept:
      - application/json
      Accept-Encoding:
      - gzip, deflate
      CommandName:
      - netappfiles volume create
      Connection:
      - keep-alive
      ParameterSetName:
      - --resource-group --account-name --pool-name --volume-name -l --service-level
        --usage-threshold --file-path --vnet --subnet --snapshot-id
      User-Agent:
      - python/3.7.5 (Windows-10-10.0.18362-SP0) msrest/0.6.9 msrest_azure/0.6.3 azure-mgmt-netapp/0.11.0
        Azure-SDK-For-Python AZURECLI/2.9.0
    method: GET
    uri: https://management.azure.com/subscriptions/00000000-0000-0000-0000-000000000000/resourceGroups/cli_netapp_test_snap_000001/providers/Microsoft.NetApp/netAppAccounts/cli-acc-000002/capacityPools/cli-pool-000003/volumes/cli-sn-2000007?api-version=2019-11-01
  response:
    body:
      string: '{"id":"/subscriptions/00000000-0000-0000-0000-000000000000/resourceGroups/cli_netapp_test_snap_000001/providers/Microsoft.NetApp/netAppAccounts/cli-acc-000002/capacityPools/cli-pool-000003/volumes/cli-sn-2000007","name":"cli-acc-000002/cli-pool-000003/cli-sn-2000007","type":"Microsoft.NetApp/netAppAccounts/capacityPools/volumes","etag":"W/\"datetime''2020-07-20T12%3A25%3A05.0289023Z''\"","location":"westus2","properties":{"mountTargets":[{"provisioningState":"","mountTargetId":"f67e282d-8874-4527-9c5f-627d02eb0849","fileSystemId":"f67e282d-8874-4527-9c5f-627d02eb0849","startIp":"","endIp":"","gateway":"","netmask":"","subnet":"","ipAddress":"10.5.0.4"}],"provisioningState":"Succeeded","fileSystemId":"f67e282d-8874-4527-9c5f-627d02eb0849","name":"cli-sn-2000007","serviceLevel":"Premium","creationToken":"cli-sn-2000007","usageThreshold":107374182400,"usedBytes":0,"exportPolicy":{"rules":[{"ruleIndex":1,"unixReadOnly":false,"unixReadWrite":true,"cifs":false,"nfsv3":true,"nfsv4":false,"nfsv41":false,"allowedClients":"0.0.0.0/0"}]},"protocolTypes":["NFSv3"],"baremetalTenantId":"baremetalTenant_svm_955fe00183474412a263ec0f52d2aeeb_6b23ece1","subnetId":"/subscriptions/00000000-0000-0000-0000-000000000000/resourceGroups/cli_netapp_test_snap_000001/providers/Microsoft.Network/virtualNetworks/cli-vnet-lefr-02/subnets/cli-subnet-lefr-02"}}'
    headers:
      access-control-expose-headers:
      - Request-Context
      cache-control:
      - no-cache
      content-length:
      - '1522'
      content-type:
      - application/json; charset=utf-8
      date:
      - Mon, 20 Jul 2020 12:25:25 GMT
      etag:
      - W/"datetime'2020-07-20T12%3A25%3A05.0289023Z'"
      expires:
      - '-1'
      pragma:
      - no-cache
      request-context:
      - appId=cid-v1:2c4cb680-0a1f-424d-bb8d-8e650ba68d53
      server:
      - Microsoft-IIS/10.0
      strict-transport-security:
      - max-age=31536000; includeSubDomains
      transfer-encoding:
      - chunked
      vary:
      - Accept-Encoding
      x-content-type-options:
      - nosniff
      x-powered-by:
      - ASP.NET
    status:
      code: 200
      message: OK
version: 1
