interactions:
- request:
    body: '{"location": "eastus"}'
    headers:
      Accept:
      - application/json
      Accept-Encoding:
      - gzip, deflate
      CommandName:
      - netappfiles account create
      Connection:
      - keep-alive
      Content-Length:
      - '22'
      Content-Type:
      - application/json
      ParameterSetName:
      - -g -a -l
      User-Agent:
      - AZURECLI/2.51.0 azsdk-python-mgmt-netapp/10.1.0 Python/3.10.10 (Windows-10-10.0.22621-SP0)
    method: PUT
    uri: https://management.azure.com/subscriptions/00000000-0000-0000-0000-000000000000/resourceGroups/cli_netappfiles_test_pool_000001/providers/Microsoft.NetApp/netAppAccounts/cli000002?api-version=2022-11-01
  response:
    body:
      string: '{"id":"/subscriptions/00000000-0000-0000-0000-000000000000/resourceGroups/cli_netappfiles_test_pool_000001/providers/Microsoft.NetApp/netAppAccounts/cli000002","name":"cli000002","type":"Microsoft.NetApp/netAppAccounts","etag":"W/\"datetime''2023-08-23T15%3A44%3A51.2666365Z''\"","location":"eastus","tags":{"CreatedOnDate":"2023-08-23T15:44:50.0916527Z"},"properties":{"provisioningState":"Creating"},"systemData":{"createdBy":"c6c4faba-2b22-44d9-80a4-71ff5b71f811","createdByType":"Application","createdAt":"2023-08-23T15:44:50.5107328Z","lastModifiedBy":"c6c4faba-2b22-44d9-80a4-71ff5b71f811","lastModifiedByType":"Application","lastModifiedAt":"2023-08-23T15:44:50.5107328Z"}}'
    headers:
      azure-asyncoperation:
      - https://management.azure.com/subscriptions/00000000-0000-0000-0000-000000000000/providers/Microsoft.NetApp/locations/eastus/operationResults/87a0459d-4833-407c-977f-3e5d6b60d9f3?api-version=2022-11-01
      cache-control:
      - no-cache
      content-length:
      - '678'
      content-type:
      - application/json; charset=utf-8
      date:
      - Wed, 23 Aug 2023 15:44:52 GMT
      etag:
      - W/"datetime'2023-08-23T15%3A44%3A51.2666365Z'"
      expires:
      - '-1'
      pragma:
      - no-cache
      strict-transport-security:
      - max-age=31536000; includeSubDomains
      x-cache:
      - CONFIG_NOCACHE
      x-content-type-options:
      - nosniff
      x-ms-ratelimit-remaining-subscription-writes:
      - '1199'
      x-msedge-ref:
      - 'Ref A: C434856C7C4949E89068CB6F56443E9F Ref B: AMS231022012047 Ref C: 2023-08-23T15:44:49Z'
      x-powered-by:
      - ASP.NET
    status:
      code: 201
      message: Created
- request:
    body: null
    headers:
      Accept:
      - '*/*'
      Accept-Encoding:
      - gzip, deflate
      CommandName:
      - netappfiles account create
      Connection:
      - keep-alive
      ParameterSetName:
      - -g -a -l
      User-Agent:
      - AZURECLI/2.51.0 azsdk-python-mgmt-netapp/10.1.0 Python/3.10.10 (Windows-10-10.0.22621-SP0)
    method: GET
    uri: https://management.azure.com/subscriptions/00000000-0000-0000-0000-000000000000/providers/Microsoft.NetApp/locations/eastus/operationResults/87a0459d-4833-407c-977f-3e5d6b60d9f3?api-version=2022-11-01
  response:
    body:
      string: '{"id":"/subscriptions/00000000-0000-0000-0000-000000000000/providers/Microsoft.NetApp/locations/eastus/operationResults/87a0459d-4833-407c-977f-3e5d6b60d9f3","name":"87a0459d-4833-407c-977f-3e5d6b60d9f3","status":"Succeeded","startTime":"2023-08-23T15:44:51.2758657Z","endTime":"2023-08-23T15:44:51.3338269Z","percentComplete":100.0,"properties":{"resourceName":"/subscriptions/00000000-0000-0000-0000-000000000000/resourceGroups/cli_netappfiles_test_pool_000001/providers/Microsoft.NetApp/netAppAccounts/cli000002","action":"CREATE"}}'
    headers:
      cache-control:
      - no-cache
      content-length:
      - '535'
      content-type:
      - application/json; charset=utf-8
      date:
      - Wed, 23 Aug 2023 15:44:53 GMT
      expires:
      - '-1'
      pragma:
      - no-cache
      strict-transport-security:
      - max-age=31536000; includeSubDomains
      x-cache:
      - CONFIG_NOCACHE
      x-content-type-options:
      - nosniff
      x-msedge-ref:
      - 'Ref A: EA41B4F634E5493D919CB097C47AE97A Ref B: AMS231022012047 Ref C: 2023-08-23T15:44:53Z'
      x-powered-by:
      - ASP.NET
    status:
      code: 200
      message: OK
- request:
    body: null
    headers:
      Accept:
      - '*/*'
      Accept-Encoding:
      - gzip, deflate
      CommandName:
      - netappfiles account create
      Connection:
      - keep-alive
      ParameterSetName:
      - -g -a -l
      User-Agent:
      - AZURECLI/2.51.0 azsdk-python-mgmt-netapp/10.1.0 Python/3.10.10 (Windows-10-10.0.22621-SP0)
    method: GET
    uri: https://management.azure.com/subscriptions/00000000-0000-0000-0000-000000000000/resourceGroups/cli_netappfiles_test_pool_000001/providers/Microsoft.NetApp/netAppAccounts/cli000002?api-version=2022-11-01
  response:
    body:
      string: '{"id":"/subscriptions/00000000-0000-0000-0000-000000000000/resourceGroups/cli_netappfiles_test_pool_000001/providers/Microsoft.NetApp/netAppAccounts/cli000002","name":"cli000002","type":"Microsoft.NetApp/netAppAccounts","etag":"W/\"datetime''2023-08-23T15%3A44%3A51.3277018Z''\"","location":"eastus","tags":{"CreatedOnDate":"2023-08-23T15:44:50.0916527Z"},"properties":{"activeDirectories":[{"activeDirectoryId":"669e6357-ea94-71f3-eb9a-e2ce5d7438b3","username":"sdkuser","password":"****************","domain":"sdkdomain","dns":"192.0.2.2","status":"Created","smbServerName":"SDKSMBSeNa","organizationalUnit":"CN=Computers","aesEncryption":false,"ldapSigning":false,"ldapOverTLS":false,"allowLocalNfsUsersWithLdap":false,"encryptDCConnections":false,"ldapSearchScope":{}}],"encryption":{"keySource":"Microsoft.NetApp"},"provisioningState":"Succeeded"},"systemData":{"createdBy":"c6c4faba-2b22-44d9-80a4-71ff5b71f811","createdByType":"Application","createdAt":"2023-08-23T15:44:50.5107328Z","lastModifiedBy":"c6c4faba-2b22-44d9-80a4-71ff5b71f811","lastModifiedByType":"Application","lastModifiedAt":"2023-08-23T15:44:50.5107328Z"}}'
    headers:
      cache-control:
      - no-cache
      content-length:
      - '1129'
      content-type:
      - application/json; charset=utf-8
      date:
      - Wed, 23 Aug 2023 15:44:54 GMT
      etag:
      - W/"datetime'2023-08-23T15%3A44%3A51.3277018Z'"
      expires:
      - '-1'
      pragma:
      - no-cache
      strict-transport-security:
      - max-age=31536000; includeSubDomains
      x-cache:
      - CONFIG_NOCACHE
      x-content-type-options:
      - nosniff
      x-msedge-ref:
      - 'Ref A: 6A00F27617A9417EADD4B79D08116B16 Ref B: AMS231022012047 Ref C: 2023-08-23T15:44:54Z'
      x-powered-by:
      - ASP.NET
    status:
      code: 200
      message: OK
- request:
    body: '{"tags": {"Tag1": "Value1"}, "location": "eastus", "properties": {"size":
      4398046511104, "serviceLevel": "Premium"}}'
    headers:
      Accept:
      - application/json
      Accept-Encoding:
      - gzip, deflate
      CommandName:
      - netappfiles pool create
      Connection:
      - keep-alive
      Content-Length:
      - '116'
      Content-Type:
      - application/json
      ParameterSetName:
      - -g -a -p -l --service-level --size --tags
      User-Agent:
      - AZURECLI/2.51.0 azsdk-python-mgmt-netapp/10.1.0 Python/3.10.10 (Windows-10-10.0.22621-SP0)
    method: PUT
    uri: https://management.azure.com/subscriptions/00000000-0000-0000-0000-000000000000/resourceGroups/cli_netappfiles_test_pool_000001/providers/Microsoft.NetApp/netAppAccounts/cli000002/capacityPools/cli000003?api-version=2022-11-01
  response:
    body:
      string: '{"id":"/subscriptions/00000000-0000-0000-0000-000000000000/resourceGroups/cli_netappfiles_test_pool_000001/providers/Microsoft.NetApp/netAppAccounts/cli000002/capacityPools/cli000003","name":"cli000002/cli000003","type":"Microsoft.NetApp/netAppAccounts/capacityPools","etag":"W/\"datetime''2023-08-23T15%3A44%3A57.0839658Z''\"","location":"eastus","tags":{"Tag1":"Value1","CreatedOnDate":"2023-08-23T15:44:55.7979526Z"},"properties":{"serviceLevel":"Premium","size":4398046511104,"totalThroughputMibps":0.0,"utilizedThroughputMibps":0.0,"provisioningState":"Creating"},"systemData":{"createdBy":"c6c4faba-2b22-44d9-80a4-71ff5b71f811","createdByType":"Application","createdAt":"2023-08-23T15:44:56.3650705Z","lastModifiedBy":"c6c4faba-2b22-44d9-80a4-71ff5b71f811","lastModifiedByType":"Application","lastModifiedAt":"2023-08-23T15:44:56.3650705Z"}}'
    headers:
      azure-asyncoperation:
      - https://management.azure.com/subscriptions/00000000-0000-0000-0000-000000000000/providers/Microsoft.NetApp/locations/eastus/operationResults/26812023-d6f1-43ee-9dcb-320bba0bd228?api-version=2022-11-01
      cache-control:
      - no-cache
      content-length:
      - '845'
      content-type:
      - application/json; charset=utf-8
      date:
      - Wed, 23 Aug 2023 15:44:58 GMT
      etag:
      - W/"datetime'2023-08-23T15%3A44%3A57.0839658Z'"
      expires:
      - '-1'
      pragma:
      - no-cache
      strict-transport-security:
      - max-age=31536000; includeSubDomains
      x-cache:
      - CONFIG_NOCACHE
      x-content-type-options:
      - nosniff
      x-ms-ratelimit-remaining-subscription-writes:
      - '1199'
      x-msedge-ref:
      - 'Ref A: 7CC2403B847F4C88933B13DB2F2D4762 Ref B: AMS231020614023 Ref C: 2023-08-23T15:44:55Z'
      x-powered-by:
      - ASP.NET
    status:
      code: 201
      message: Created
- request:
    body: null
    headers:
      Accept:
      - '*/*'
      Accept-Encoding:
      - gzip, deflate
      CommandName:
      - netappfiles pool create
      Connection:
      - keep-alive
      ParameterSetName:
      - -g -a -p -l --service-level --size --tags
      User-Agent:
      - AZURECLI/2.51.0 azsdk-python-mgmt-netapp/10.1.0 Python/3.10.10 (Windows-10-10.0.22621-SP0)
    method: GET
    uri: https://management.azure.com/subscriptions/00000000-0000-0000-0000-000000000000/providers/Microsoft.NetApp/locations/eastus/operationResults/26812023-d6f1-43ee-9dcb-320bba0bd228?api-version=2022-11-01
  response:
    body:
      string: '{"id":"/subscriptions/00000000-0000-0000-0000-000000000000/providers/Microsoft.NetApp/locations/eastus/operationResults/26812023-d6f1-43ee-9dcb-320bba0bd228","name":"26812023-d6f1-43ee-9dcb-320bba0bd228","status":"Succeeded","startTime":"2023-08-23T15:44:57.0938449Z","endTime":"2023-08-23T15:44:57.3178693Z","percentComplete":100.0,"properties":{"resourceName":"/subscriptions/00000000-0000-0000-0000-000000000000/resourceGroups/cli_netappfiles_test_pool_000001/providers/Microsoft.NetApp/netAppAccounts/cli000002/capacityPools/cli000003","action":"CREATE"}}'
    headers:
      cache-control:
      - no-cache
      content-length:
      - '559'
      content-type:
      - application/json; charset=utf-8
      date:
      - Wed, 23 Aug 2023 15:44:58 GMT
      expires:
      - '-1'
      pragma:
      - no-cache
      strict-transport-security:
      - max-age=31536000; includeSubDomains
      x-cache:
      - CONFIG_NOCACHE
      x-content-type-options:
      - nosniff
      x-msedge-ref:
      - 'Ref A: DC4C34D7815541179BA174832C429A54 Ref B: AMS231020614023 Ref C: 2023-08-23T15:44:58Z'
      x-powered-by:
      - ASP.NET
    status:
      code: 200
      message: OK
- request:
    body: null
    headers:
      Accept:
      - '*/*'
      Accept-Encoding:
      - gzip, deflate
      CommandName:
      - netappfiles pool create
      Connection:
      - keep-alive
      ParameterSetName:
      - -g -a -p -l --service-level --size --tags
      User-Agent:
      - AZURECLI/2.51.0 azsdk-python-mgmt-netapp/10.1.0 Python/3.10.10 (Windows-10-10.0.22621-SP0)
    method: GET
    uri: https://management.azure.com/subscriptions/00000000-0000-0000-0000-000000000000/resourceGroups/cli_netappfiles_test_pool_000001/providers/Microsoft.NetApp/netAppAccounts/cli000002/capacityPools/cli000003?api-version=2022-11-01
  response:
    body:
      string: '{"id":"/subscriptions/00000000-0000-0000-0000-000000000000/resourceGroups/cli_netappfiles_test_pool_000001/providers/Microsoft.NetApp/netAppAccounts/cli000002/capacityPools/cli000003","name":"cli000002/cli000003","type":"Microsoft.NetApp/netAppAccounts/capacityPools","etag":"W/\"datetime''2023-08-23T15%3A44%3A57.304313Z''\"","location":"eastus","tags":{"Tag1":"Value1","CreatedOnDate":"2023-08-23T15:44:55.7979526Z"},"properties":{"poolId":"1f7b83f8-aae0-d9b7-bbf4-f3b1532a46d7","serviceLevel":"Premium","size":4398046511104,"qosType":"Auto","totalThroughputMibps":256.0,"utilizedThroughputMibps":0.0,"encryptionType":"Single","coolAccess":false,"provisioningState":"Succeeded"},"systemData":{"createdBy":"c6c4faba-2b22-44d9-80a4-71ff5b71f811","createdByType":"Application","createdAt":"2023-08-23T15:44:56.3650705Z","lastModifiedBy":"c6c4faba-2b22-44d9-80a4-71ff5b71f811","lastModifiedByType":"Application","lastModifiedAt":"2023-08-23T15:44:56.3650705Z"}}'
    headers:
      cache-control:
      - no-cache
      content-length:
      - '957'
      content-type:
      - application/json; charset=utf-8
      date:
      - Wed, 23 Aug 2023 15:44:59 GMT
      etag:
      - W/"datetime'2023-08-23T15%3A44%3A57.304313Z'"
      expires:
      - '-1'
      pragma:
      - no-cache
      strict-transport-security:
      - max-age=31536000; includeSubDomains
      x-cache:
      - CONFIG_NOCACHE
      x-content-type-options:
      - nosniff
      x-msedge-ref:
      - 'Ref A: D53DC815D3E54D84B0C2BA67E8B0BA9F Ref B: AMS231020614023 Ref C: 2023-08-23T15:44:59Z'
      x-powered-by:
      - ASP.NET
    status:
      code: 200
      message: OK
- request:
    body: '{"tags": {"Tag1": "Value1"}, "location": "eastus", "properties": {"size":
      4398046511104, "serviceLevel": "Premium"}}'
    headers:
      Accept:
      - application/json
      Accept-Encoding:
      - gzip, deflate
      CommandName:
      - netappfiles pool create
      Connection:
      - keep-alive
      Content-Length:
      - '116'
      Content-Type:
      - application/json
      ParameterSetName:
      - -g -a -p -l --service-level --size --tags
      User-Agent:
      - AZURECLI/2.51.0 azsdk-python-mgmt-netapp/10.1.0 Python/3.10.10 (Windows-10-10.0.22621-SP0)
    method: PUT
    uri: https://management.azure.com/subscriptions/00000000-0000-0000-0000-000000000000/resourceGroups/cli_netappfiles_test_pool_000001/providers/Microsoft.NetApp/netAppAccounts/cli000002/capacityPools/cli000004?api-version=2022-11-01
  response:
    body:
      string: '{"id":"/subscriptions/00000000-0000-0000-0000-000000000000/resourceGroups/cli_netappfiles_test_pool_000001/providers/Microsoft.NetApp/netAppAccounts/cli000002/capacityPools/cli000004","name":"cli000002/cli000004","type":"Microsoft.NetApp/netAppAccounts/capacityPools","etag":"W/\"datetime''2023-08-23T15%3A45%3A02.2060285Z''\"","location":"eastus","tags":{"Tag1":"Value1","CreatedOnDate":"2023-08-23T15:45:00.8763694Z"},"properties":{"serviceLevel":"Premium","size":4398046511104,"totalThroughputMibps":0.0,"utilizedThroughputMibps":0.0,"provisioningState":"Creating"},"systemData":{"createdBy":"c6c4faba-2b22-44d9-80a4-71ff5b71f811","createdByType":"Application","createdAt":"2023-08-23T15:45:01.4847532Z","lastModifiedBy":"c6c4faba-2b22-44d9-80a4-71ff5b71f811","lastModifiedByType":"Application","lastModifiedAt":"2023-08-23T15:45:01.4847532Z"}}'
    headers:
      azure-asyncoperation:
      - https://management.azure.com/subscriptions/00000000-0000-0000-0000-000000000000/providers/Microsoft.NetApp/locations/eastus/operationResults/25e7603a-a04b-4417-a2c1-bc40840ac29e?api-version=2022-11-01
      cache-control:
      - no-cache
      content-length:
      - '845'
      content-type:
      - application/json; charset=utf-8
      date:
      - Wed, 23 Aug 2023 15:45:02 GMT
      etag:
      - W/"datetime'2023-08-23T15%3A45%3A02.2060285Z'"
      expires:
      - '-1'
      pragma:
      - no-cache
      strict-transport-security:
      - max-age=31536000; includeSubDomains
      x-cache:
      - CONFIG_NOCACHE
      x-content-type-options:
      - nosniff
      x-ms-ratelimit-remaining-subscription-writes:
      - '1199'
      x-msedge-ref:
      - 'Ref A: 88D1E7E035A74EF4AC3E56262C711FD4 Ref B: AMS231020615047 Ref C: 2023-08-23T15:45:00Z'
      x-powered-by:
      - ASP.NET
    status:
      code: 201
      message: Created
- request:
    body: null
    headers:
      Accept:
      - '*/*'
      Accept-Encoding:
      - gzip, deflate
      CommandName:
      - netappfiles pool create
      Connection:
      - keep-alive
      ParameterSetName:
      - -g -a -p -l --service-level --size --tags
      User-Agent:
      - AZURECLI/2.51.0 azsdk-python-mgmt-netapp/10.1.0 Python/3.10.10 (Windows-10-10.0.22621-SP0)
    method: GET
    uri: https://management.azure.com/subscriptions/00000000-0000-0000-0000-000000000000/providers/Microsoft.NetApp/locations/eastus/operationResults/25e7603a-a04b-4417-a2c1-bc40840ac29e?api-version=2022-11-01
  response:
    body:
      string: '{"id":"/subscriptions/00000000-0000-0000-0000-000000000000/providers/Microsoft.NetApp/locations/eastus/operationResults/25e7603a-a04b-4417-a2c1-bc40840ac29e","name":"25e7603a-a04b-4417-a2c1-bc40840ac29e","status":"Succeeded","startTime":"2023-08-23T15:45:02.2152395Z","endTime":"2023-08-23T15:45:02.4204092Z","percentComplete":100.0,"properties":{"resourceName":"/subscriptions/00000000-0000-0000-0000-000000000000/resourceGroups/cli_netappfiles_test_pool_000001/providers/Microsoft.NetApp/netAppAccounts/cli000002/capacityPools/cli000004","action":"CREATE"}}'
    headers:
      cache-control:
      - no-cache
      content-length:
      - '559'
      content-type:
      - application/json; charset=utf-8
      date:
      - Wed, 23 Aug 2023 15:45:05 GMT
      expires:
      - '-1'
      pragma:
      - no-cache
      strict-transport-security:
      - max-age=31536000; includeSubDomains
      x-cache:
      - CONFIG_NOCACHE
      x-content-type-options:
      - nosniff
      x-msedge-ref:
      - 'Ref A: FADEA21C1F9346ABBF3167558C198912 Ref B: AMS231020615047 Ref C: 2023-08-23T15:45:03Z'
      x-powered-by:
      - ASP.NET
    status:
      code: 200
      message: OK
- request:
    body: null
    headers:
      Accept:
      - '*/*'
      Accept-Encoding:
      - gzip, deflate
      CommandName:
      - netappfiles pool create
      Connection:
      - keep-alive
      ParameterSetName:
      - -g -a -p -l --service-level --size --tags
      User-Agent:
      - AZURECLI/2.51.0 azsdk-python-mgmt-netapp/10.1.0 Python/3.10.10 (Windows-10-10.0.22621-SP0)
    method: GET
    uri: https://management.azure.com/subscriptions/00000000-0000-0000-0000-000000000000/resourceGroups/cli_netappfiles_test_pool_000001/providers/Microsoft.NetApp/netAppAccounts/cli000002/capacityPools/cli000004?api-version=2022-11-01
  response:
    body:
      string: '{"id":"/subscriptions/00000000-0000-0000-0000-000000000000/resourceGroups/cli_netappfiles_test_pool_000001/providers/Microsoft.NetApp/netAppAccounts/cli000002/capacityPools/cli000004","name":"cli000002/cli000004","type":"Microsoft.NetApp/netAppAccounts/capacityPools","etag":"W/\"datetime''2023-08-23T15%3A45%3A02.4074198Z''\"","location":"eastus","tags":{"Tag1":"Value1","CreatedOnDate":"2023-08-23T15:45:00.8763694Z"},"properties":{"poolId":"1adf98c8-c71e-308c-de71-e0fca69b5cdb","serviceLevel":"Premium","size":4398046511104,"qosType":"Auto","totalThroughputMibps":256.0,"utilizedThroughputMibps":0.0,"encryptionType":"Single","coolAccess":false,"provisioningState":"Succeeded"},"systemData":{"createdBy":"c6c4faba-2b22-44d9-80a4-71ff5b71f811","createdByType":"Application","createdAt":"2023-08-23T15:45:01.4847532Z","lastModifiedBy":"c6c4faba-2b22-44d9-80a4-71ff5b71f811","lastModifiedByType":"Application","lastModifiedAt":"2023-08-23T15:45:01.4847532Z"}}'
    headers:
      cache-control:
      - no-cache
      content-length:
      - '958'
      content-type:
      - application/json; charset=utf-8
      date:
      - Wed, 23 Aug 2023 15:45:06 GMT
      etag:
      - W/"datetime'2023-08-23T15%3A45%3A02.4074198Z'"
      expires:
      - '-1'
      pragma:
      - no-cache
      strict-transport-security:
      - max-age=31536000; includeSubDomains
      x-cache:
      - CONFIG_NOCACHE
      x-content-type-options:
      - nosniff
      x-msedge-ref:
      - 'Ref A: 1E6BE4DD4E4A4648B0FBE69CB4B378D8 Ref B: AMS231020615047 Ref C: 2023-08-23T15:45:06Z'
      x-powered-by:
      - ASP.NET
    status:
      code: 200
      message: OK
- request:
    body: null
    headers:
      Accept:
      - application/json
      Accept-Encoding:
      - gzip, deflate
      CommandName:
      - netappfiles pool list
      Connection:
      - keep-alive
      ParameterSetName:
      - -g -a
      User-Agent:
      - AZURECLI/2.51.0 azsdk-python-mgmt-netapp/10.1.0 Python/3.10.10 (Windows-10-10.0.22621-SP0)
    method: GET
    uri: https://management.azure.com/subscriptions/00000000-0000-0000-0000-000000000000/resourceGroups/cli_netappfiles_test_pool_000001/providers/Microsoft.NetApp/netAppAccounts/cli000002/capacityPools?api-version=2022-11-01
  response:
    body:
      string: '{"value":[{"id":"/subscriptions/00000000-0000-0000-0000-000000000000/resourceGroups/cli_netappfiles_test_pool_000001/providers/Microsoft.NetApp/netAppAccounts/cli000002/capacityPools/cli000003","name":"cli000002/cli000003","type":"Microsoft.NetApp/netAppAccounts/capacityPools","etag":"W/\"datetime''2023-08-23T15%3A44%3A57.304313Z''\"","location":"eastus","tags":{"Tag1":"Value1","CreatedOnDate":"2023-08-23T15:44:55.7979526Z"},"properties":{"poolId":"1f7b83f8-aae0-d9b7-bbf4-f3b1532a46d7","serviceLevel":"Premium","size":4398046511104,"qosType":"Auto","totalThroughputMibps":256.0,"utilizedThroughputMibps":0.0,"encryptionType":"Single","coolAccess":false,"provisioningState":"Succeeded"},"systemData":{"createdBy":"c6c4faba-2b22-44d9-80a4-71ff5b71f811","createdByType":"Application","createdAt":"2023-08-23T15:44:56.3650705Z","lastModifiedBy":"c6c4faba-2b22-44d9-80a4-71ff5b71f811","lastModifiedByType":"Application","lastModifiedAt":"2023-08-23T15:44:56.3650705Z"}},{"id":"/subscriptions/00000000-0000-0000-0000-000000000000/resourceGroups/cli_netappfiles_test_pool_000001/providers/Microsoft.NetApp/netAppAccounts/cli000002/capacityPools/cli000004","name":"cli000002/cli000004","type":"Microsoft.NetApp/netAppAccounts/capacityPools","etag":"W/\"datetime''2023-08-23T15%3A45%3A02.4074198Z''\"","location":"eastus","tags":{"Tag1":"Value1","CreatedOnDate":"2023-08-23T15:45:00.8763694Z"},"properties":{"poolId":"1adf98c8-c71e-308c-de71-e0fca69b5cdb","serviceLevel":"Premium","size":4398046511104,"qosType":"Auto","totalThroughputMibps":256.0,"utilizedThroughputMibps":0.0,"encryptionType":"Single","coolAccess":false,"provisioningState":"Succeeded"},"systemData":{"createdBy":"c6c4faba-2b22-44d9-80a4-71ff5b71f811","createdByType":"Application","createdAt":"2023-08-23T15:45:01.4847532Z","lastModifiedBy":"c6c4faba-2b22-44d9-80a4-71ff5b71f811","lastModifiedByType":"Application","lastModifiedAt":"2023-08-23T15:45:01.4847532Z"}}]}'
    headers:
      cache-control:
      - no-cache
      content-length:
      - '1928'
      content-type:
      - application/json; charset=utf-8
      date:
      - Wed, 23 Aug 2023 15:45:08 GMT
      expires:
      - '-1'
      pragma:
      - no-cache
      strict-transport-security:
      - max-age=31536000; includeSubDomains
      x-cache:
      - CONFIG_NOCACHE
      x-content-type-options:
      - nosniff
      x-msedge-ref:
      - 'Ref A: EF1705A432C84F91B766EA7C8E163E4B Ref B: AMS231020614023 Ref C: 2023-08-23T15:45:07Z'
      x-powered-by:
      - ASP.NET
    status:
      code: 200
      message: OK
- request:
    body: null
    headers:
      Accept:
      - '*/*'
      Accept-Encoding:
      - gzip, deflate
      CommandName:
      - netappfiles pool delete
      Connection:
      - keep-alive
      Content-Length:
      - '0'
      ParameterSetName:
      - -g -a -p
      User-Agent:
      - AZURECLI/2.51.0 azsdk-python-mgmt-netapp/10.1.0 Python/3.10.10 (Windows-10-10.0.22621-SP0)
    method: DELETE
    uri: https://management.azure.com/subscriptions/00000000-0000-0000-0000-000000000000/resourceGroups/cli_netappfiles_test_pool_000001/providers/Microsoft.NetApp/netAppAccounts/cli000002/capacityPools/cli000003?api-version=2022-11-01
  response:
    body:
      string: ''
    headers:
      azure-asyncoperation:
      - https://management.azure.com/subscriptions/00000000-0000-0000-0000-000000000000/providers/Microsoft.NetApp/locations/eastus/operationResults/027252b2-2340-4c8a-a3e6-55fda2b2b3c9?api-version=2022-11-01
      cache-control:
      - no-cache
      content-length:
      - '0'
      date:
      - Wed, 23 Aug 2023 15:45:09 GMT
      expires:
      - '-1'
      location:
      - https://management.azure.com/subscriptions/00000000-0000-0000-0000-000000000000/providers/Microsoft.NetApp/locations/eastus/operationResults/027252b2-2340-4c8a-a3e6-55fda2b2b3c9?api-version=2022-11-01&operationResultResponseType=Location
      pragma:
      - no-cache
      strict-transport-security:
      - max-age=31536000; includeSubDomains
      x-cache:
      - CONFIG_NOCACHE
      x-content-type-options:
      - nosniff
      x-ms-ratelimit-remaining-subscription-deletes:
      - '14999'
      x-msedge-ref:
      - 'Ref A: 08AD529FBEAC4A3FA9328AC66B1710CE Ref B: AMS231022012035 Ref C: 2023-08-23T15:45:09Z'
      x-powered-by:
      - ASP.NET
    status:
      code: 202
      message: Accepted
- request:
    body: null
    headers:
      Accept:
      - '*/*'
      Accept-Encoding:
      - gzip, deflate
      CommandName:
      - netappfiles pool delete
      Connection:
      - keep-alive
      ParameterSetName:
      - -g -a -p
      User-Agent:
      - AZURECLI/2.51.0 azsdk-python-mgmt-netapp/10.1.0 Python/3.10.10 (Windows-10-10.0.22621-SP0)
    method: GET
    uri: https://management.azure.com/subscriptions/00000000-0000-0000-0000-000000000000/providers/Microsoft.NetApp/locations/eastus/operationResults/027252b2-2340-4c8a-a3e6-55fda2b2b3c9?api-version=2022-11-01
  response:
    body:
      string: '{"id":"/subscriptions/00000000-0000-0000-0000-000000000000/providers/Microsoft.NetApp/locations/eastus/operationResults/027252b2-2340-4c8a-a3e6-55fda2b2b3c9","name":"027252b2-2340-4c8a-a3e6-55fda2b2b3c9","status":"Succeeded","startTime":"2023-08-23T15:45:09.9234764Z","endTime":"2023-08-23T15:45:10.3593637Z","percentComplete":100.0,"properties":{"resourceName":"/subscriptions/00000000-0000-0000-0000-000000000000/resourceGroups/cli_netappfiles_test_pool_000001/providers/Microsoft.NetApp/netAppAccounts/cli000002/capacityPools/cli000003","action":"DELETE"}}'
    headers:
      cache-control:
      - no-cache
      content-length:
      - '559'
      content-type:
      - application/json; charset=utf-8
      date:
      - Wed, 23 Aug 2023 15:45:10 GMT
      expires:
      - '-1'
      pragma:
      - no-cache
      strict-transport-security:
      - max-age=31536000; includeSubDomains
      x-cache:
      - CONFIG_NOCACHE
      x-content-type-options:
      - nosniff
      x-msedge-ref:
      - 'Ref A: 66FF93F42D144105A40F5D97818E9912 Ref B: AMS231022012035 Ref C: 2023-08-23T15:45:10Z'
      x-powered-by:
      - ASP.NET
    status:
      code: 200
      message: OK
- request:
    body: null
    headers:
      Accept:
      - '*/*'
      Accept-Encoding:
      - gzip, deflate
      CommandName:
      - netappfiles pool delete
      Connection:
      - keep-alive
      ParameterSetName:
      - -g -a -p
      User-Agent:
      - AZURECLI/2.51.0 azsdk-python-mgmt-netapp/10.1.0 Python/3.10.10 (Windows-10-10.0.22621-SP0)
    method: GET
    uri: https://management.azure.com/subscriptions/00000000-0000-0000-0000-000000000000/providers/Microsoft.NetApp/locations/eastus/operationResults/027252b2-2340-4c8a-a3e6-55fda2b2b3c9?api-version=2022-11-01&operationResultResponseType=Location
  response:
    body:
      string: '{"poolId":"1f7b83f8-aae0-d9b7-bbf4-f3b1532a46d7","serviceLevel":"Premium","size":4398046511104,"qosType":"Auto","totalThroughputMibps":256.0,"utilizedThroughputMibps":0.0,"encryptionType":"Single","coolAccess":false}'
    headers:
      cache-control:
      - no-cache
      content-length:
      - '216'
      content-type:
      - application/json; charset=utf-8
      date:
      - Wed, 23 Aug 2023 15:45:11 GMT
      expires:
      - '-1'
      pragma:
      - no-cache
      strict-transport-security:
      - max-age=31536000; includeSubDomains
      x-cache:
      - CONFIG_NOCACHE
      x-content-type-options:
      - nosniff
      x-msedge-ref:
      - 'Ref A: C4CD5EAC000D4E31965D4BEC9A5C31AE Ref B: AMS231022012035 Ref C: 2023-08-23T15:45:10Z'
      x-powered-by:
      - ASP.NET
    status:
      code: 200
      message: OK
- request:
    body: null
    headers:
      Accept:
      - '*/*'
      Accept-Encoding:
      - gzip, deflate
      CommandName:
      - netappfiles pool delete
      Connection:
      - keep-alive
      Content-Length:
      - '0'
      ParameterSetName:
      - -g -a -p
      User-Agent:
      - AZURECLI/2.51.0 azsdk-python-mgmt-netapp/10.1.0 Python/3.10.10 (Windows-10-10.0.22621-SP0)
    method: DELETE
    uri: https://management.azure.com/subscriptions/00000000-0000-0000-0000-000000000000/resourceGroups/cli_netappfiles_test_pool_000001/providers/Microsoft.NetApp/netAppAccounts/cli000002/capacityPools/cli000004?api-version=2022-11-01
  response:
    body:
      string: ''
    headers:
      azure-asyncoperation:
      - https://management.azure.com/subscriptions/00000000-0000-0000-0000-000000000000/providers/Microsoft.NetApp/locations/eastus/operationResults/7b799b00-1c01-4b6a-9d8f-3b9b479dd290?api-version=2022-11-01
      cache-control:
      - no-cache
      content-length:
      - '0'
      date:
      - Wed, 23 Aug 2023 15:45:11 GMT
      expires:
      - '-1'
      location:
      - https://management.azure.com/subscriptions/00000000-0000-0000-0000-000000000000/providers/Microsoft.NetApp/locations/eastus/operationResults/7b799b00-1c01-4b6a-9d8f-3b9b479dd290?api-version=2022-11-01&operationResultResponseType=Location
      pragma:
      - no-cache
      strict-transport-security:
      - max-age=31536000; includeSubDomains
      x-cache:
      - CONFIG_NOCACHE
      x-content-type-options:
      - nosniff
      x-ms-ratelimit-remaining-subscription-deletes:
      - '14999'
      x-msedge-ref:
      - 'Ref A: AAB21104B73E45E390AFC36308980D50 Ref B: AMS231022012047 Ref C: 2023-08-23T15:45:11Z'
      x-powered-by:
      - ASP.NET
    status:
      code: 202
      message: Accepted
- request:
    body: null
    headers:
      Accept:
      - '*/*'
      Accept-Encoding:
      - gzip, deflate
      CommandName:
      - netappfiles pool delete
      Connection:
      - keep-alive
      ParameterSetName:
      - -g -a -p
      User-Agent:
      - AZURECLI/2.51.0 azsdk-python-mgmt-netapp/10.1.0 Python/3.10.10 (Windows-10-10.0.22621-SP0)
    method: GET
    uri: https://management.azure.com/subscriptions/00000000-0000-0000-0000-000000000000/providers/Microsoft.NetApp/locations/eastus/operationResults/7b799b00-1c01-4b6a-9d8f-3b9b479dd290?api-version=2022-11-01
  response:
    body:
      string: '{"id":"/subscriptions/00000000-0000-0000-0000-000000000000/providers/Microsoft.NetApp/locations/eastus/operationResults/7b799b00-1c01-4b6a-9d8f-3b9b479dd290","name":"7b799b00-1c01-4b6a-9d8f-3b9b479dd290","status":"Deleting","startTime":"2023-08-23T15:45:12.2629672Z","endTime":"0001-01-01T00:00:00Z","percentComplete":0.0,"properties":{"resourceName":"/subscriptions/00000000-0000-0000-0000-000000000000/resourceGroups/cli_netappfiles_test_pool_000001/providers/Microsoft.NetApp/netAppAccounts/cli000002/capacityPools/cli000004","action":"DELETE"}}'
    headers:
      cache-control:
      - no-cache
      content-length:
      - '548'
      content-type:
      - application/json; charset=utf-8
      date:
      - Wed, 23 Aug 2023 15:45:11 GMT
      expires:
      - '-1'
      pragma:
      - no-cache
      strict-transport-security:
      - max-age=31536000; includeSubDomains
      x-cache:
      - CONFIG_NOCACHE
      x-content-type-options:
      - nosniff
      x-msedge-ref:
      - 'Ref A: A5C3AE5095764A63B687337DFA0C7F26 Ref B: AMS231022012047 Ref C: 2023-08-23T15:45:12Z'
      x-powered-by:
      - ASP.NET
    status:
      code: 200
      message: OK
- request:
    body: null
    headers:
      Accept:
      - '*/*'
      Accept-Encoding:
      - gzip, deflate
      CommandName:
      - netappfiles pool delete
      Connection:
      - keep-alive
      ParameterSetName:
      - -g -a -p
      User-Agent:
      - AZURECLI/2.51.0 azsdk-python-mgmt-netapp/10.1.0 Python/3.10.10 (Windows-10-10.0.22621-SP0)
    method: GET
    uri: https://management.azure.com/subscriptions/00000000-0000-0000-0000-000000000000/providers/Microsoft.NetApp/locations/eastus/operationResults/7b799b00-1c01-4b6a-9d8f-3b9b479dd290?api-version=2022-11-01
  response:
    body:
      string: '{"id":"/subscriptions/00000000-0000-0000-0000-000000000000/providers/Microsoft.NetApp/locations/eastus/operationResults/7b799b00-1c01-4b6a-9d8f-3b9b479dd290","name":"7b799b00-1c01-4b6a-9d8f-3b9b479dd290","status":"Succeeded","startTime":"2023-08-23T15:45:12.2629672Z","endTime":"2023-08-23T15:45:12.9073874Z","percentComplete":100.0,"properties":{"resourceName":"/subscriptions/00000000-0000-0000-0000-000000000000/resourceGroups/cli_netappfiles_test_pool_000001/providers/Microsoft.NetApp/netAppAccounts/cli000002/capacityPools/cli000004","action":"DELETE"}}'
    headers:
      cache-control:
      - no-cache
      content-length:
      - '559'
      content-type:
      - application/json; charset=utf-8
      date:
      - Wed, 23 Aug 2023 15:45:42 GMT
      expires:
      - '-1'
      pragma:
      - no-cache
      strict-transport-security:
      - max-age=31536000; includeSubDomains
      x-cache:
      - CONFIG_NOCACHE
      x-content-type-options:
      - nosniff
      x-msedge-ref:
      - 'Ref A: 46E06C30A47C425BA0804CDABA7E466D Ref B: AMS231022012047 Ref C: 2023-08-23T15:45:42Z'
      x-powered-by:
      - ASP.NET
    status:
      code: 200
      message: OK
- request:
    body: null
    headers:
      Accept:
      - '*/*'
      Accept-Encoding:
      - gzip, deflate
      CommandName:
      - netappfiles pool delete
      Connection:
      - keep-alive
      ParameterSetName:
      - -g -a -p
      User-Agent:
      - AZURECLI/2.51.0 azsdk-python-mgmt-netapp/10.1.0 Python/3.10.10 (Windows-10-10.0.22621-SP0)
    method: GET
    uri: https://management.azure.com/subscriptions/00000000-0000-0000-0000-000000000000/providers/Microsoft.NetApp/locations/eastus/operationResults/7b799b00-1c01-4b6a-9d8f-3b9b479dd290?api-version=2022-11-01&operationResultResponseType=Location
  response:
    body:
      string: '{"poolId":"1adf98c8-c71e-308c-de71-e0fca69b5cdb","serviceLevel":"Premium","size":4398046511104,"qosType":"Auto","totalThroughputMibps":256.0,"utilizedThroughputMibps":0.0,"encryptionType":"Single","coolAccess":false}'
    headers:
      cache-control:
      - no-cache
      content-length:
      - '216'
      content-type:
      - application/json; charset=utf-8
      date:
      - Wed, 23 Aug 2023 15:45:43 GMT
      expires:
      - '-1'
      pragma:
      - no-cache
      strict-transport-security:
      - max-age=31536000; includeSubDomains
      x-cache:
      - CONFIG_NOCACHE
      x-content-type-options:
      - nosniff
      x-msedge-ref:
      - 'Ref A: 01E1D306107E4AC9A12103253A676E11 Ref B: AMS231022012047 Ref C: 2023-08-23T15:45:43Z'
      x-powered-by:
      - ASP.NET
    status:
      code: 200
      message: OK
- request:
    body: null
    headers:
      Accept:
      - application/json
      Accept-Encoding:
      - gzip, deflate
      CommandName:
      - netappfiles pool list
      Connection:
      - keep-alive
      ParameterSetName:
      - --resource-group -a
      User-Agent:
      - AZURECLI/2.51.0 azsdk-python-mgmt-netapp/10.1.0 Python/3.10.10 (Windows-10-10.0.22621-SP0)
    method: GET
    uri: https://management.azure.com/subscriptions/00000000-0000-0000-0000-000000000000/resourceGroups/cli_netappfiles_test_pool_000001/providers/Microsoft.NetApp/netAppAccounts/cli000002/capacityPools?api-version=2022-11-01
  response:
    body:
      string: '{"value":[]}'
    headers:
      cache-control:
      - no-cache
      content-length:
      - '12'
      content-type:
      - application/json; charset=utf-8
      date:
      - Wed, 23 Aug 2023 15:45:44 GMT
      expires:
      - '-1'
      pragma:
      - no-cache
      strict-transport-security:
      - max-age=31536000; includeSubDomains
      x-cache:
      - CONFIG_NOCACHE
      x-content-type-options:
      - nosniff
      x-msedge-ref:
      - 'Ref A: C58B76D2858D4C53948DEA7C0E4C1B77 Ref B: AMS231020512029 Ref C: 2023-08-23T15:45:44Z'
      x-powered-by:
      - ASP.NET
    status:
      code: 200
      message: OK
version: 1
