interactions:
- request:
    body: !!python/unicode '{"location": "westcentralus", "properties": {"dhcpOptions":
      {}, "addressSpace": {"addressPrefixes": ["10.12.0.0/16"]}}, "tags": {}}'
    headers:
      Accept:
      - application/json
      Accept-Encoding:
      - gzip, deflate
      CommandName:
      - network vnet create
      Connection:
      - keep-alive
      Content-Length:
      - '131'
      Content-Type:
      - application/json; charset=utf-8
      ParameterSetName:
      - -n --resource-group -l --address-prefix
      User-Agent:
      - python/2.7.10 (Darwin-17.7.0-x86_64-i386-64bit) msrest/0.6.9 msrest_azure/0.6.1
        networkmanagementclient/3.0.0 Azure-SDK-For-Python AZURECLI/2.0.70
      accept-language:
      - en-US
    method: PUT
    uri: https://management.azure.com/subscriptions/00000000-0000-0000-0000-000000000000/resourceGroups/cli_tests_rg000001/providers/Microsoft.Network/virtualNetworks/cli-vnet-000005?api-version=2019-04-01
  response:
    body:
      string: !!python/unicode "{\r\n  \"name\": \"cli-vnet-000005\",\r\n  \"id\"\
        : \"/subscriptions/00000000-0000-0000-0000-000000000000/resourceGroups/cli_tests_rg000001/providers/Microsoft.Network/virtualNetworks/cli-vnet-000005\"\
        ,\r\n  \"etag\": \"W/\\\"7010b923-bf8f-4b26-8f6a-3fe2d3c945c0\\\"\",\r\n \
        \ \"type\": \"Microsoft.Network/virtualNetworks\",\r\n  \"location\": \"westcentralus\"\
        ,\r\n  \"tags\": {},\r\n  \"properties\": {\r\n    \"provisioningState\":\
        \ \"Updating\",\r\n    \"resourceGuid\": \"79599ccf-fc88-4bb7-9337-6f57d4a3fd4d\"\
        ,\r\n    \"addressSpace\": {\r\n      \"addressPrefixes\": [\r\n        \"\
        10.12.0.0/16\"\r\n      ]\r\n    },\r\n    \"dhcpOptions\": {\r\n      \"\
        dnsServers\": []\r\n    },\r\n    \"subnets\": [],\r\n    \"virtualNetworkPeerings\"\
        : [],\r\n    \"enableDdosProtection\": false,\r\n    \"enableVmProtection\"\
        : false\r\n  }\r\n}"
    headers:
      azure-asyncnotification:
      - Enabled
      azure-asyncoperation:
      - https://management.azure.com/subscriptions/00000000-0000-0000-0000-000000000000/providers/Microsoft.Network/locations/westcentralus/operations/caa62bba-a1cf-4811-b31f-dd9ac4a66194?api-version=2019-04-01
      cache-control:
      - no-cache
      content-length:
      - '812'
      content-type:
      - application/json; charset=utf-8
      date:
      - Tue, 30 Jul 2019 11:17:32 GMT
      expires:
      - '-1'
      pragma:
      - no-cache
      server:
      - Microsoft-HTTPAPI/2.0
      - Microsoft-HTTPAPI/2.0
      strict-transport-security:
      - max-age=31536000; includeSubDomains
      x-content-type-options:
      - nosniff
      x-ms-arm-service-request-id:
      - fd7e43e1-169e-4e64-a154-4c9e0f15dced
      x-ms-ratelimit-remaining-subscription-writes:
      - '1199'
    status:
      code: 201
      message: Created
- request:
    body: null
    headers:
      Accept:
      - application/json
      Accept-Encoding:
      - gzip, deflate
      CommandName:
      - network vnet create
      Connection:
      - keep-alive
      ParameterSetName:
      - -n --resource-group -l --address-prefix
      User-Agent:
      - python/2.7.10 (Darwin-17.7.0-x86_64-i386-64bit) msrest/0.6.9 msrest_azure/0.6.1
        networkmanagementclient/3.0.0 Azure-SDK-For-Python AZURECLI/2.0.70
    method: GET
    uri: https://management.azure.com/subscriptions/00000000-0000-0000-0000-000000000000/providers/Microsoft.Network/locations/westcentralus/operations/caa62bba-a1cf-4811-b31f-dd9ac4a66194?api-version=2019-04-01
  response:
    body:
      string: !!python/unicode "{\r\n  \"status\": \"Succeeded\"\r\n}"
    headers:
      cache-control:
      - no-cache
      content-length:
      - '29'
      content-type:
      - application/json; charset=utf-8
      date:
      - Tue, 30 Jul 2019 11:17:36 GMT
      expires:
      - '-1'
      pragma:
      - no-cache
      server:
      - Microsoft-HTTPAPI/2.0
      - Microsoft-HTTPAPI/2.0
      strict-transport-security:
      - max-age=31536000; includeSubDomains
      transfer-encoding:
      - chunked
      vary:
      - Accept-Encoding
      x-content-type-options:
      - nosniff
      x-ms-arm-service-request-id:
      - 8a0d78f2-d11d-49b4-b3ac-0f8a95c7bf52
    status:
      code: 200
      message: OK
- request:
    body: null
    headers:
      Accept:
      - application/json
      Accept-Encoding:
      - gzip, deflate
      CommandName:
      - network vnet create
      Connection:
      - keep-alive
      ParameterSetName:
      - -n --resource-group -l --address-prefix
      User-Agent:
      - python/2.7.10 (Darwin-17.7.0-x86_64-i386-64bit) msrest/0.6.9 msrest_azure/0.6.1
        networkmanagementclient/3.0.0 Azure-SDK-For-Python AZURECLI/2.0.70
    method: GET
    uri: https://management.azure.com/subscriptions/00000000-0000-0000-0000-000000000000/resourceGroups/cli_tests_rg000001/providers/Microsoft.Network/virtualNetworks/cli-vnet-000005?api-version=2019-04-01
  response:
    body:
      string: !!python/unicode "{\r\n  \"name\": \"cli-vnet-000005\",\r\n  \"id\"\
        : \"/subscriptions/00000000-0000-0000-0000-000000000000/resourceGroups/cli_tests_rg000001/providers/Microsoft.Network/virtualNetworks/cli-vnet-000005\"\
        ,\r\n  \"etag\": \"W/\\\"cb470382-568b-469a-a0d9-39175a180fe6\\\"\",\r\n \
        \ \"type\": \"Microsoft.Network/virtualNetworks\",\r\n  \"location\": \"westcentralus\"\
        ,\r\n  \"tags\": {},\r\n  \"properties\": {\r\n    \"provisioningState\":\
        \ \"Succeeded\",\r\n    \"resourceGuid\": \"79599ccf-fc88-4bb7-9337-6f57d4a3fd4d\"\
        ,\r\n    \"addressSpace\": {\r\n      \"addressPrefixes\": [\r\n        \"\
        10.12.0.0/16\"\r\n      ]\r\n    },\r\n    \"dhcpOptions\": {\r\n      \"\
        dnsServers\": []\r\n    },\r\n    \"subnets\": [],\r\n    \"virtualNetworkPeerings\"\
        : [],\r\n    \"enableDdosProtection\": false,\r\n    \"enableVmProtection\"\
        : false\r\n  }\r\n}"
    headers:
      cache-control:
      - no-cache
      content-length:
      - '813'
      content-type:
      - application/json; charset=utf-8
      date:
      - Tue, 30 Jul 2019 11:17:36 GMT
      etag:
      - W/"cb470382-568b-469a-a0d9-39175a180fe6"
      expires:
      - '-1'
      pragma:
      - no-cache
      server:
      - Microsoft-HTTPAPI/2.0
      - Microsoft-HTTPAPI/2.0
      strict-transport-security:
      - max-age=31536000; includeSubDomains
      transfer-encoding:
      - chunked
      vary:
      - Accept-Encoding
      x-content-type-options:
      - nosniff
      x-ms-arm-service-request-id:
      - 2012677a-0c93-4e26-ada9-d06e3b6c355e
    status:
      code: 200
      message: OK
- request:
    body: null
    headers:
      Accept:
      - application/json
      Accept-Encoding:
      - gzip, deflate
      CommandName:
      - network vnet subnet create
      Connection:
      - keep-alive
      ParameterSetName:
      - -n -g --vnet-name --address-prefixes --delegations
      User-Agent:
      - python/2.7.10 (Darwin-17.7.0-x86_64-i386-64bit) msrest/0.6.9 msrest_azure/0.6.1
        networkmanagementclient/3.0.0 Azure-SDK-For-Python AZURECLI/2.0.70
      accept-language:
      - en-US
    method: GET
    uri: https://management.azure.com/subscriptions/00000000-0000-0000-0000-000000000000/resourceGroups/cli_tests_rg000001/providers/Microsoft.Network/virtualNetworks/cli-vnet-000005?api-version=2019-04-01
  response:
    body:
      string: !!python/unicode "{\r\n  \"name\": \"cli-vnet-000005\",\r\n  \"id\"\
        : \"/subscriptions/00000000-0000-0000-0000-000000000000/resourceGroups/cli_tests_rg000001/providers/Microsoft.Network/virtualNetworks/cli-vnet-000005\"\
        ,\r\n  \"etag\": \"W/\\\"cb470382-568b-469a-a0d9-39175a180fe6\\\"\",\r\n \
        \ \"type\": \"Microsoft.Network/virtualNetworks\",\r\n  \"location\": \"westcentralus\"\
        ,\r\n  \"tags\": {},\r\n  \"properties\": {\r\n    \"provisioningState\":\
        \ \"Succeeded\",\r\n    \"resourceGuid\": \"79599ccf-fc88-4bb7-9337-6f57d4a3fd4d\"\
        ,\r\n    \"addressSpace\": {\r\n      \"addressPrefixes\": [\r\n        \"\
        10.12.0.0/16\"\r\n      ]\r\n    },\r\n    \"dhcpOptions\": {\r\n      \"\
        dnsServers\": []\r\n    },\r\n    \"subnets\": [],\r\n    \"virtualNetworkPeerings\"\
        : [],\r\n    \"enableDdosProtection\": false,\r\n    \"enableVmProtection\"\
        : false\r\n  }\r\n}"
    headers:
      cache-control:
      - no-cache
      content-length:
      - '813'
      content-type:
      - application/json; charset=utf-8
      date:
      - Tue, 30 Jul 2019 11:17:37 GMT
      etag:
      - W/"cb470382-568b-469a-a0d9-39175a180fe6"
      expires:
      - '-1'
      pragma:
      - no-cache
      server:
      - Microsoft-HTTPAPI/2.0
      - Microsoft-HTTPAPI/2.0
      strict-transport-security:
      - max-age=31536000; includeSubDomains
      transfer-encoding:
      - chunked
      vary:
      - Accept-Encoding
      x-content-type-options:
      - nosniff
      x-ms-arm-service-request-id:
      - 81314166-9577-4c9f-8df9-5447f01834ec
    status:
      code: 200
      message: OK
- request:
    body: !!python/unicode '{"id": "/subscriptions/00000000-0000-0000-0000-000000000000/resourceGroups/cli_tests_rg000001/providers/Microsoft.Network/virtualNetworks/cli-vnet-000005",
      "etag": "W/\"cb470382-568b-469a-a0d9-39175a180fe6\"", "location": "westcentralus",
      "properties": {"virtualNetworkPeerings": [], "subnets": [{"name": "cli-subnet-000006",
      "properties": {"addressPrefix": "10.12.0.0/24", "delegations": [{"name": "0",
      "properties": {"serviceName": "Microsoft.Netapp/volumes"}}]}}], "addressSpace":
      {"addressPrefixes": ["10.12.0.0/16"]}, "enableVmProtection": false, "dhcpOptions":
      {"dnsServers": []}, "resourceGuid": "79599ccf-fc88-4bb7-9337-6f57d4a3fd4d",
      "enableDdosProtection": false, "provisioningState": "Succeeded"}, "tags": {}}'
    headers:
      Accept:
      - application/json
      Accept-Encoding:
      - gzip, deflate
      CommandName:
      - network vnet subnet create
      Connection:
      - keep-alive
      Content-Length:
      - '785'
      Content-Type:
      - application/json; charset=utf-8
      ParameterSetName:
      - -n -g --vnet-name --address-prefixes --delegations
      User-Agent:
      - python/2.7.10 (Darwin-17.7.0-x86_64-i386-64bit) msrest/0.6.9 msrest_azure/0.6.1
        networkmanagementclient/3.0.0 Azure-SDK-For-Python AZURECLI/2.0.70
      accept-language:
      - en-US
    method: PUT
    uri: https://management.azure.com/subscriptions/00000000-0000-0000-0000-000000000000/resourceGroups/cli_tests_rg000001/providers/Microsoft.Network/virtualNetworks/cli-vnet-000005?api-version=2019-04-01
  response:
    body:
      string: !!python/unicode "{\r\n  \"name\": \"cli-vnet-000005\",\r\n  \"id\"\
        : \"/subscriptions/00000000-0000-0000-0000-000000000000/resourceGroups/cli_tests_rg000001/providers/Microsoft.Network/virtualNetworks/cli-vnet-000005\"\
        ,\r\n  \"etag\": \"W/\\\"444fd62c-3e00-4e2c-90c3-68add2687549\\\"\",\r\n \
        \ \"type\": \"Microsoft.Network/virtualNetworks\",\r\n  \"location\": \"westcentralus\"\
        ,\r\n  \"tags\": {},\r\n  \"properties\": {\r\n    \"provisioningState\":\
        \ \"Updating\",\r\n    \"resourceGuid\": \"79599ccf-fc88-4bb7-9337-6f57d4a3fd4d\"\
        ,\r\n    \"addressSpace\": {\r\n      \"addressPrefixes\": [\r\n        \"\
        10.12.0.0/16\"\r\n      ]\r\n    },\r\n    \"dhcpOptions\": {\r\n      \"\
        dnsServers\": []\r\n    },\r\n    \"subnets\": [\r\n      {\r\n        \"\
        name\": \"cli-subnet-000006\",\r\n        \"id\": \"/subscriptions/00000000-0000-0000-0000-000000000000/resourceGroups/cli_tests_rg000001/providers/Microsoft.Network/virtualNetworks/cli-vnet-000005/subnets/cli-subnet-000006\"\
        ,\r\n        \"etag\": \"W/\\\"444fd62c-3e00-4e2c-90c3-68add2687549\\\"\"\
        ,\r\n        \"properties\": {\r\n          \"provisioningState\": \"Updating\"\
        ,\r\n          \"addressPrefix\": \"10.12.0.0/24\",\r\n          \"delegations\"\
        : [\r\n            {\r\n              \"name\": \"0\",\r\n              \"\
        id\": \"/subscriptions/00000000-0000-0000-0000-000000000000/resourceGroups/cli_tests_rg000001/providers/Microsoft.Network/virtualNetworks/cli-vnet-000005/subnets/cli-subnet-000006/delegations/0\"\
        ,\r\n              \"etag\": \"W/\\\"444fd62c-3e00-4e2c-90c3-68add2687549\\\
        \"\",\r\n              \"properties\": {\r\n                \"provisioningState\"\
        : \"Succeeded\",\r\n                \"serviceName\": \"Microsoft.Netapp/volumes\"\
        ,\r\n                \"actions\": [\r\n                  \"Microsoft.Network/networkinterfaces/*\"\
        ,\r\n                  \"Microsoft.Network/virtualNetworks/subnets/join/action\"\
        \r\n                ]\r\n              },\r\n              \"type\": \"Microsoft.Network/virtualNetworks/subnets/delegations\"\
        \r\n            }\r\n          ],\r\n          \"purpose\": \"HostedWorkloads\"\
        ,\r\n          \"privateEndpointNetworkPolicies\": \"Enabled\",\r\n      \
        \    \"privateLinkServiceNetworkPolicies\": \"Enabled\"\r\n        },\r\n\
        \        \"type\": \"Microsoft.Network/virtualNetworks/subnets\"\r\n     \
        \ }\r\n    ],\r\n    \"virtualNetworkPeerings\": [],\r\n    \"enableDdosProtection\"\
        : false,\r\n    \"enableVmProtection\": false\r\n  }\r\n}"
    headers:
      azure-asyncoperation:
      - https://management.azure.com/subscriptions/00000000-0000-0000-0000-000000000000/providers/Microsoft.Network/locations/westcentralus/operations/e5baf844-2ae8-436c-a7a0-85ab6a51ac7f?api-version=2019-04-01
      cache-control:
      - no-cache
      content-length:
      - '2399'
      content-type:
      - application/json; charset=utf-8
      date:
      - Tue, 30 Jul 2019 11:17:39 GMT
      expires:
      - '-1'
      pragma:
      - no-cache
      server:
      - Microsoft-HTTPAPI/2.0
      - Microsoft-HTTPAPI/2.0
      strict-transport-security:
      - max-age=31536000; includeSubDomains
      transfer-encoding:
      - chunked
      vary:
      - Accept-Encoding
      x-content-type-options:
      - nosniff
      x-ms-arm-service-request-id:
      - 1a2c7bd8-f347-4dfa-bb89-e70b0346d474
      x-ms-ratelimit-remaining-subscription-writes:
      - '1199'
    status:
      code: 200
      message: OK
- request:
    body: null
    headers:
      Accept:
      - application/json
      Accept-Encoding:
      - gzip, deflate
      CommandName:
      - network vnet subnet create
      Connection:
      - keep-alive
      ParameterSetName:
      - -n -g --vnet-name --address-prefixes --delegations
      User-Agent:
      - python/2.7.10 (Darwin-17.7.0-x86_64-i386-64bit) msrest/0.6.9 msrest_azure/0.6.1
        networkmanagementclient/3.0.0 Azure-SDK-For-Python AZURECLI/2.0.70
    method: GET
    uri: https://management.azure.com/subscriptions/00000000-0000-0000-0000-000000000000/providers/Microsoft.Network/locations/westcentralus/operations/e5baf844-2ae8-436c-a7a0-85ab6a51ac7f?api-version=2019-04-01
  response:
    body:
      string: !!python/unicode "{\r\n  \"status\": \"Succeeded\"\r\n}"
    headers:
      cache-control:
      - no-cache
      content-length:
      - '29'
      content-type:
      - application/json; charset=utf-8
      date:
      - Tue, 30 Jul 2019 11:17:42 GMT
      expires:
      - '-1'
      pragma:
      - no-cache
      server:
      - Microsoft-HTTPAPI/2.0
      - Microsoft-HTTPAPI/2.0
      strict-transport-security:
      - max-age=31536000; includeSubDomains
      transfer-encoding:
      - chunked
      vary:
      - Accept-Encoding
      x-content-type-options:
      - nosniff
      x-ms-arm-service-request-id:
      - b32e96d4-6f9f-4c8e-9d7c-31aaffbfcd00
    status:
      code: 200
      message: OK
- request:
    body: null
    headers:
      Accept:
      - application/json
      Accept-Encoding:
      - gzip, deflate
      CommandName:
      - network vnet subnet create
      Connection:
      - keep-alive
      ParameterSetName:
      - -n -g --vnet-name --address-prefixes --delegations
      User-Agent:
      - python/2.7.10 (Darwin-17.7.0-x86_64-i386-64bit) msrest/0.6.9 msrest_azure/0.6.1
        networkmanagementclient/3.0.0 Azure-SDK-For-Python AZURECLI/2.0.70
    method: GET
    uri: https://management.azure.com/subscriptions/00000000-0000-0000-0000-000000000000/resourceGroups/cli_tests_rg000001/providers/Microsoft.Network/virtualNetworks/cli-vnet-000005?api-version=2019-04-01
  response:
    body:
      string: !!python/unicode "{\r\n  \"name\": \"cli-vnet-000005\",\r\n  \"id\"\
        : \"/subscriptions/00000000-0000-0000-0000-000000000000/resourceGroups/cli_tests_rg000001/providers/Microsoft.Network/virtualNetworks/cli-vnet-000005\"\
        ,\r\n  \"etag\": \"W/\\\"a68bbd57-440c-485f-ac74-47e3d75dbb10\\\"\",\r\n \
        \ \"type\": \"Microsoft.Network/virtualNetworks\",\r\n  \"location\": \"westcentralus\"\
        ,\r\n  \"tags\": {},\r\n  \"properties\": {\r\n    \"provisioningState\":\
        \ \"Succeeded\",\r\n    \"resourceGuid\": \"79599ccf-fc88-4bb7-9337-6f57d4a3fd4d\"\
        ,\r\n    \"addressSpace\": {\r\n      \"addressPrefixes\": [\r\n        \"\
        10.12.0.0/16\"\r\n      ]\r\n    },\r\n    \"dhcpOptions\": {\r\n      \"\
        dnsServers\": []\r\n    },\r\n    \"subnets\": [\r\n      {\r\n        \"\
        name\": \"cli-subnet-000006\",\r\n        \"id\": \"/subscriptions/00000000-0000-0000-0000-000000000000/resourceGroups/cli_tests_rg000001/providers/Microsoft.Network/virtualNetworks/cli-vnet-000005/subnets/cli-subnet-000006\"\
        ,\r\n        \"etag\": \"W/\\\"a68bbd57-440c-485f-ac74-47e3d75dbb10\\\"\"\
        ,\r\n        \"properties\": {\r\n          \"provisioningState\": \"Succeeded\"\
        ,\r\n          \"addressPrefix\": \"10.12.0.0/24\",\r\n          \"delegations\"\
        : [\r\n            {\r\n              \"name\": \"0\",\r\n              \"\
        id\": \"/subscriptions/00000000-0000-0000-0000-000000000000/resourceGroups/cli_tests_rg000001/providers/Microsoft.Network/virtualNetworks/cli-vnet-000005/subnets/cli-subnet-000006/delegations/0\"\
        ,\r\n              \"etag\": \"W/\\\"a68bbd57-440c-485f-ac74-47e3d75dbb10\\\
        \"\",\r\n              \"properties\": {\r\n                \"provisioningState\"\
        : \"Succeeded\",\r\n                \"serviceName\": \"Microsoft.Netapp/volumes\"\
        ,\r\n                \"actions\": [\r\n                  \"Microsoft.Network/networkinterfaces/*\"\
        ,\r\n                  \"Microsoft.Network/virtualNetworks/subnets/join/action\"\
        \r\n                ]\r\n              },\r\n              \"type\": \"Microsoft.Network/virtualNetworks/subnets/delegations\"\
        \r\n            }\r\n          ],\r\n          \"purpose\": \"HostedWorkloads\"\
        ,\r\n          \"privateEndpointNetworkPolicies\": \"Enabled\",\r\n      \
        \    \"privateLinkServiceNetworkPolicies\": \"Enabled\"\r\n        },\r\n\
        \        \"type\": \"Microsoft.Network/virtualNetworks/subnets\"\r\n     \
        \ }\r\n    ],\r\n    \"virtualNetworkPeerings\": [],\r\n    \"enableDdosProtection\"\
        : false,\r\n    \"enableVmProtection\": false\r\n  }\r\n}"
    headers:
      cache-control:
      - no-cache
      content-length:
      - '2401'
      content-type:
      - application/json; charset=utf-8
      date:
      - Tue, 30 Jul 2019 11:17:43 GMT
      etag:
      - W/"a68bbd57-440c-485f-ac74-47e3d75dbb10"
      expires:
      - '-1'
      pragma:
      - no-cache
      server:
      - Microsoft-HTTPAPI/2.0
      - Microsoft-HTTPAPI/2.0
      strict-transport-security:
      - max-age=31536000; includeSubDomains
      transfer-encoding:
      - chunked
      vary:
      - Accept-Encoding
      x-content-type-options:
      - nosniff
      x-ms-arm-service-request-id:
      - 4ad3db34-0e11-4b4b-a376-f733a944cd96
    status:
      code: 200
      message: OK
- request:
    body: !!python/unicode '{"location": "westcentralus"}'
    headers:
      Accept:
      - application/json
      Accept-Encoding:
      - gzip, deflate
      CommandName:
      - netappfiles account create
      Connection:
      - keep-alive
      Content-Length:
      - '29'
      Content-Type:
      - application/json; charset=utf-8
      ParameterSetName:
      - -g -a -l
      User-Agent:
      - python/2.7.10 (Darwin-17.7.0-x86_64-i386-64bit) msrest/0.6.9 msrest_azure/0.6.1
        azure-mgmt-netapp/0.5.0 Azure-SDK-For-Python AZURECLI/2.0.70
      accept-language:
      - en-US
    method: PUT
    uri: https://management.azure.com/subscriptions/00000000-0000-0000-0000-000000000000/resourceGroups/cli_tests_rg000001/providers/Microsoft.NetApp/netAppAccounts/cli-acc-000002?api-version=2019-06-01
  response:
    body:
      string: !!python/unicode '{"id":"/subscriptions/00000000-0000-0000-0000-000000000000/resourceGroups/cli_tests_rg000001/providers/Microsoft.NetApp/netAppAccounts/cli-acc-000002","name":"cli-acc-000002","type":"Microsoft.NetApp/netAppAccounts","etag":"W/\"datetime''2019-07-30T11%3A17%3A46.6417178Z''\"","location":"westcentralus","properties":{"provisioningState":"Succeeded","name":"cli-acc-000002"}}'
    headers:
      access-control-expose-headers:
      - Request-Context
      azure-asyncoperation:
      - https://management.azure.com/subscriptions/00000000-0000-0000-0000-000000000000/providers/Microsoft.NetApp/locations/westcentralus/operationResults/06d04a62-554a-45dd-b39d-3ee7e888f172?api-version=2019-06-01
      cache-control:
      - no-cache
      content-length:
      - '459'
      content-type:
      - application/json; charset=utf-8
      date:
      - Tue, 30 Jul 2019 11:17:46 GMT
      etag:
      - W/"datetime'2019-07-30T11%3A17%3A46.6417178Z'"
      expires:
      - '-1'
      pragma:
      - no-cache
      request-context:
      - appId=cid-v1:2c4cb680-0a1f-424d-bb8d-8e650ba68d53
      server:
      - Microsoft-IIS/10.0
      strict-transport-security:
      - max-age=31536000; includeSubDomains
      x-content-type-options:
      - nosniff
      x-ms-ratelimit-remaining-subscription-writes:
      - '1198'
      x-powered-by:
      - ASP.NET
    status:
      code: 201
      message: Created
- request:
    body: null
    headers:
      Accept:
      - application/json
      Accept-Encoding:
      - gzip, deflate
      CommandName:
      - netappfiles account create
      Connection:
      - keep-alive
      ParameterSetName:
      - -g -a -l
      User-Agent:
      - python/2.7.10 (Darwin-17.7.0-x86_64-i386-64bit) msrest/0.6.9 msrest_azure/0.6.1
        azure-mgmt-netapp/0.5.0 Azure-SDK-For-Python AZURECLI/2.0.70
    method: GET
    uri: https://management.azure.com/subscriptions/00000000-0000-0000-0000-000000000000/providers/Microsoft.NetApp/locations/westcentralus/operationResults/06d04a62-554a-45dd-b39d-3ee7e888f172?api-version=2019-06-01
  response:
    body:
      string: !!python/unicode '{"id":"/subscriptions/00000000-0000-0000-0000-000000000000/providers/Microsoft.NetApp/locations/westcentralus/operationResults/06d04a62-554a-45dd-b39d-3ee7e888f172","name":"06d04a62-554a-45dd-b39d-3ee7e888f172","status":"Succeeded","startTime":"2019-07-30T11:17:46.4964388Z","endTime":"2019-07-30T11:17:46.7776802Z","percentComplete":100.0,"properties":{"resourceName":"/subscriptions/00000000-0000-0000-0000-000000000000/resourceGroups/cli_tests_rg000001/providers/Microsoft.NetApp/netAppAccounts/cli-acc-000002"}}'
    headers:
      access-control-expose-headers:
      - Request-Context
      cache-control:
      - no-cache
      content-length:
      - '582'
      content-type:
      - application/json; charset=utf-8
      date:
      - Tue, 30 Jul 2019 11:18:18 GMT
      expires:
      - '-1'
      pragma:
      - no-cache
      request-context:
      - appId=cid-v1:2c4cb680-0a1f-424d-bb8d-8e650ba68d53
      server:
      - Microsoft-IIS/10.0
      strict-transport-security:
      - max-age=31536000; includeSubDomains
      transfer-encoding:
      - chunked
      vary:
      - Accept-Encoding
      x-content-type-options:
      - nosniff
      x-powered-by:
      - ASP.NET
    status:
      code: 200
      message: OK
- request:
    body: null
    headers:
      Accept:
      - application/json
      Accept-Encoding:
      - gzip, deflate
      CommandName:
      - netappfiles account create
      Connection:
      - keep-alive
      ParameterSetName:
      - -g -a -l
      User-Agent:
      - python/2.7.10 (Darwin-17.7.0-x86_64-i386-64bit) msrest/0.6.9 msrest_azure/0.6.1
        azure-mgmt-netapp/0.5.0 Azure-SDK-For-Python AZURECLI/2.0.70
    method: GET
    uri: https://management.azure.com/subscriptions/00000000-0000-0000-0000-000000000000/resourceGroups/cli_tests_rg000001/providers/Microsoft.NetApp/netAppAccounts/cli-acc-000002?api-version=2019-06-01
  response:
    body:
      string: !!python/unicode '{"id":"/subscriptions/00000000-0000-0000-0000-000000000000/resourceGroups/cli_tests_rg000001/providers/Microsoft.NetApp/netAppAccounts/cli-acc-000002","name":"cli-acc-000002","type":"Microsoft.NetApp/netAppAccounts","etag":"W/\"datetime''2019-07-30T11%3A17%3A46.7668069Z''\"","location":"westcentralus","properties":{"provisioningState":"Succeeded","name":"cli-acc-000002"}}'
    headers:
      access-control-expose-headers:
      - Request-Context
      cache-control:
      - no-cache
      content-length:
      - '459'
      content-type:
      - application/json; charset=utf-8
      date:
      - Tue, 30 Jul 2019 11:18:18 GMT
      etag:
      - W/"datetime'2019-07-30T11%3A17%3A46.7668069Z'"
      expires:
      - '-1'
      pragma:
      - no-cache
      request-context:
      - appId=cid-v1:2c4cb680-0a1f-424d-bb8d-8e650ba68d53
      server:
      - Microsoft-IIS/10.0
      strict-transport-security:
      - max-age=31536000; includeSubDomains
      transfer-encoding:
      - chunked
      vary:
      - Accept-Encoding
      x-content-type-options:
      - nosniff
      x-powered-by:
      - ASP.NET
    status:
      code: 200
      message: OK
- request:
    body: !!python/unicode '{"properties": {"serviceLevel": "Premium", "size": 4398046511104},
      "location": "westcentralus", "tags": {"Tag1": "Value1", "Tag2": "Value2"}}'
    headers:
      Accept:
      - application/json
      Accept-Encoding:
      - gzip, deflate
      CommandName:
      - netappfiles pool create
      Connection:
      - keep-alive
      Content-Length:
      - '141'
      Content-Type:
      - application/json; charset=utf-8
      ParameterSetName:
      - -g -a -p -l --service-level --size --tags
      User-Agent:
      - python/2.7.10 (Darwin-17.7.0-x86_64-i386-64bit) msrest/0.6.9 msrest_azure/0.6.1
        azure-mgmt-netapp/0.5.0 Azure-SDK-For-Python AZURECLI/2.0.70
      accept-language:
      - en-US
    method: PUT
    uri: https://management.azure.com/subscriptions/00000000-0000-0000-0000-000000000000/resourceGroups/cli_tests_rg000001/providers/Microsoft.NetApp/netAppAccounts/cli-acc-000002/capacityPools/cli-pool-000003?api-version=2019-06-01
  response:
    body:
      string: !!python/unicode '{"id":"/subscriptions/00000000-0000-0000-0000-000000000000/resourceGroups/cli_tests_rg000001/providers/Microsoft.NetApp/netAppAccounts/cli-acc-000002/capacityPools/cli-pool-000003","name":"cli-acc-000002/cli-pool-000003","type":"Microsoft.NetApp/netAppAccounts/capacityPools","etag":"W/\"datetime''2019-07-30T11%3A18%3A23.8492438Z''\"","location":"westcentralus","tags":{"Tag1":"Value1","Tag2":"Value2"},"properties":{"serviceLevel":"Premium","size":4398046511104,"provisioningState":"Creating"}}'
    headers:
      access-control-expose-headers:
      - Request-Context
      azure-asyncoperation:
      - https://management.azure.com/subscriptions/00000000-0000-0000-0000-000000000000/providers/Microsoft.NetApp/locations/westcentralus/operationResults/6b1e7340-a8f8-4d01-821a-d15e38108a5b?api-version=2019-06-01
      cache-control:
      - no-cache
      content-length:
      - '589'
      content-type:
      - application/json; charset=utf-8
      date:
      - Tue, 30 Jul 2019 11:18:24 GMT
      etag:
      - W/"datetime'2019-07-30T11%3A18%3A23.8492438Z'"
      expires:
      - '-1'
      pragma:
      - no-cache
      request-context:
      - appId=cid-v1:2c4cb680-0a1f-424d-bb8d-8e650ba68d53
      server:
      - Microsoft-IIS/10.0
      strict-transport-security:
      - max-age=31536000; includeSubDomains
      x-content-type-options:
      - nosniff
      x-ms-ratelimit-remaining-subscription-writes:
      - '1199'
      x-powered-by:
      - ASP.NET
    status:
      code: 201
      message: Created
- request:
    body: null
    headers:
      Accept:
      - application/json
      Accept-Encoding:
      - gzip, deflate
      CommandName:
      - netappfiles pool create
      Connection:
      - keep-alive
      ParameterSetName:
      - -g -a -p -l --service-level --size --tags
      User-Agent:
      - python/2.7.10 (Darwin-17.7.0-x86_64-i386-64bit) msrest/0.6.9 msrest_azure/0.6.1
        azure-mgmt-netapp/0.5.0 Azure-SDK-For-Python AZURECLI/2.0.70
    method: GET
    uri: https://management.azure.com/subscriptions/00000000-0000-0000-0000-000000000000/providers/Microsoft.NetApp/locations/westcentralus/operationResults/6b1e7340-a8f8-4d01-821a-d15e38108a5b?api-version=2019-06-01
  response:
    body:
      string: !!python/unicode '{"id":"/subscriptions/00000000-0000-0000-0000-000000000000/providers/Microsoft.NetApp/locations/westcentralus/operationResults/6b1e7340-a8f8-4d01-821a-d15e38108a5b","name":"6b1e7340-a8f8-4d01-821a-d15e38108a5b","status":"Succeeded","startTime":"2019-07-30T11:18:23.7267033Z","endTime":"2019-07-30T11:18:24.2891362Z","percentComplete":100.0,"properties":{"resourceName":"/subscriptions/00000000-0000-0000-0000-000000000000/resourceGroups/cli_tests_rg000001/providers/Microsoft.NetApp/netAppAccounts/cli-acc-000002/capacityPools/cli-pool-000003"}}'
    headers:
      access-control-expose-headers:
      - Request-Context
      cache-control:
      - no-cache
      content-length:
      - '621'
      content-type:
      - application/json; charset=utf-8
      date:
      - Tue, 30 Jul 2019 11:18:55 GMT
      expires:
      - '-1'
      pragma:
      - no-cache
      request-context:
      - appId=cid-v1:2c4cb680-0a1f-424d-bb8d-8e650ba68d53
      server:
      - Microsoft-IIS/10.0
      strict-transport-security:
      - max-age=31536000; includeSubDomains
      transfer-encoding:
      - chunked
      vary:
      - Accept-Encoding
      x-content-type-options:
      - nosniff
      x-powered-by:
      - ASP.NET
    status:
      code: 200
      message: OK
- request:
    body: null
    headers:
      Accept:
      - application/json
      Accept-Encoding:
      - gzip, deflate
      CommandName:
      - netappfiles pool create
      Connection:
      - keep-alive
      ParameterSetName:
      - -g -a -p -l --service-level --size --tags
      User-Agent:
      - python/2.7.10 (Darwin-17.7.0-x86_64-i386-64bit) msrest/0.6.9 msrest_azure/0.6.1
        azure-mgmt-netapp/0.5.0 Azure-SDK-For-Python AZURECLI/2.0.70
    method: GET
    uri: https://management.azure.com/subscriptions/00000000-0000-0000-0000-000000000000/resourceGroups/cli_tests_rg000001/providers/Microsoft.NetApp/netAppAccounts/cli-acc-000002/capacityPools/cli-pool-000003?api-version=2019-06-01
  response:
    body:
      string: !!python/unicode '{"id":"/subscriptions/00000000-0000-0000-0000-000000000000/resourceGroups/cli_tests_rg000001/providers/Microsoft.NetApp/netAppAccounts/cli-acc-000002/capacityPools/cli-pool-000003","name":"cli-acc-000002/cli-pool-000003","type":"Microsoft.NetApp/netAppAccounts/capacityPools","etag":"W/\"datetime''2019-07-30T11%3A18%3A24.2835528Z''\"","location":"westcentralus","tags":{"Tag1":"Value1","Tag2":"Value2"},"properties":{"poolId":"1f35659f-c0b4-2227-88ce-2ede1f437b04","name":"cli-acc-000002/cli-pool-000003","serviceLevel":"Premium","size":4398046511104,"provisioningState":"Succeeded"}}'
    headers:
      access-control-expose-headers:
      - Request-Context
      cache-control:
      - no-cache
      content-length:
      - '697'
      content-type:
      - application/json; charset=utf-8
      date:
      - Tue, 30 Jul 2019 11:18:57 GMT
      etag:
      - W/"datetime'2019-07-30T11%3A18%3A24.2835528Z'"
      expires:
      - '-1'
      pragma:
      - no-cache
      request-context:
      - appId=cid-v1:2c4cb680-0a1f-424d-bb8d-8e650ba68d53
      server:
      - Microsoft-IIS/10.0
      strict-transport-security:
      - max-age=31536000; includeSubDomains
      transfer-encoding:
      - chunked
      vary:
      - Accept-Encoding
      x-content-type-options:
      - nosniff
      x-powered-by:
      - ASP.NET
    status:
      code: 200
      message: OK
- request:
    body: !!python/unicode '{"location": "westcentralus", "properties": {"usageThreshold":
      107374182400, "subnetId": "/subscriptions/00000000-0000-0000-0000-000000000000/resourceGroups/cli_tests_rg000001/providers/Microsoft.Network/virtualNetworks/cli-vnet-000005/subnets/cli-subnet-000006",
      "protocolTypes": ["NFSv3", "NFSv4"], "serviceLevel": "Premium", "creationToken":
      "cli-vol-000004"}, "tags": {"Tag1": "Value1", "Tag2": "Value2"}}'
    headers:
      Accept:
      - application/json
      Accept-Encoding:
      - gzip, deflate
      CommandName:
      - netappfiles volume create
      Connection:
      - keep-alive
      Content-Length:
      - '484'
      Content-Type:
      - application/json; charset=utf-8
      ParameterSetName:
      - --resource-group --account-name --pool-name --volume-name -l --service-level
        --usage-threshold --creation-token --vnet --subnet --protocol-types --tags
      User-Agent:
      - python/2.7.10 (Darwin-17.7.0-x86_64-i386-64bit) msrest/0.6.9 msrest_azure/0.6.1
        azure-mgmt-netapp/0.5.0 Azure-SDK-For-Python AZURECLI/2.0.70
      accept-language:
      - en-US
    method: PUT
    uri: https://management.azure.com/subscriptions/00000000-0000-0000-0000-000000000000/resourceGroups/cli_tests_rg000001/providers/Microsoft.NetApp/netAppAccounts/cli-acc-000002/capacityPools/cli-pool-000003/volumes/cli-vol-000004?api-version=2019-06-01
  response:
    body:
      string: !!python/unicode '{"id":"/subscriptions/00000000-0000-0000-0000-000000000000/resourceGroups/cli_tests_rg000001/providers/Microsoft.NetApp/netAppAccounts/cli-acc-000002/capacityPools/cli-pool-000003/volumes/cli-vol-000004","name":"cli-acc-000002/cli-pool-000003/cli-vol-000004","type":"Microsoft.NetApp/netAppAccounts/capacityPools/volumes","etag":"W/\"datetime''2019-07-30T11%3A19%3A01.0237455Z''\"","location":"westcentralus","tags":{"Tag1":"Value1","Tag2":"Value2"},"properties":{"serviceLevel":"Premium","creationToken":"cli-vol-000004","usageThreshold":107374182400,"protocolTypes":["NFSv3","NFSv4"],"subnetId":"/subscriptions/00000000-0000-0000-0000-000000000000/resourceGroups/cli_tests_rg000001/providers/Microsoft.Network/virtualNetworks/cli-vnet-000005/subnets/cli-subnet-000006","provisioningState":"Creating"}}'
    headers:
      access-control-expose-headers:
      - Request-Context
      azure-asyncoperation:
      - https://management.azure.com/subscriptions/00000000-0000-0000-0000-000000000000/providers/Microsoft.NetApp/locations/westcentralus/operationResults/776157af-fcd9-4d42-a7c5-05bea0a8edb7?api-version=2019-06-01
      cache-control:
      - no-cache
      content-length:
      - '991'
      content-type:
      - application/json; charset=utf-8
      date:
      - Tue, 30 Jul 2019 11:19:01 GMT
      etag:
      - W/"datetime'2019-07-30T11%3A19%3A01.0237455Z'"
      expires:
      - '-1'
      pragma:
      - no-cache
      request-context:
      - appId=cid-v1:2c4cb680-0a1f-424d-bb8d-8e650ba68d53
      server:
      - Microsoft-IIS/10.0
      strict-transport-security:
      - max-age=31536000; includeSubDomains
      x-content-type-options:
      - nosniff
      x-ms-ratelimit-remaining-subscription-writes:
      - '1196'
      x-powered-by:
      - ASP.NET
    status:
      code: 201
      message: Created
- request:
    body: null
    headers:
      Accept:
      - application/json
      Accept-Encoding:
      - gzip, deflate
      CommandName:
      - netappfiles volume create
      Connection:
      - keep-alive
      ParameterSetName:
      - --resource-group --account-name --pool-name --volume-name -l --service-level
        --usage-threshold --creation-token --vnet --subnet --protocol-types --tags
      User-Agent:
      - python/2.7.10 (Darwin-17.7.0-x86_64-i386-64bit) msrest/0.6.9 msrest_azure/0.6.1
        azure-mgmt-netapp/0.5.0 Azure-SDK-For-Python AZURECLI/2.0.70
    method: GET
    uri: https://management.azure.com/subscriptions/00000000-0000-0000-0000-000000000000/providers/Microsoft.NetApp/locations/westcentralus/operationResults/776157af-fcd9-4d42-a7c5-05bea0a8edb7?api-version=2019-06-01
  response:
    body:
      string: !!python/unicode '{"id":"/subscriptions/00000000-0000-0000-0000-000000000000/providers/Microsoft.NetApp/locations/westcentralus/operationResults/776157af-fcd9-4d42-a7c5-05bea0a8edb7","name":"776157af-fcd9-4d42-a7c5-05bea0a8edb7","status":"Creating","startTime":"2019-07-30T11:19:00.8979559Z","endTime":"0001-01-01T00:00:00Z","percentComplete":0.0,"properties":{"resourceName":"/subscriptions/00000000-0000-0000-0000-000000000000/resourceGroups/cli_tests_rg000001/providers/Microsoft.NetApp/netAppAccounts/cli-acc-000002/capacityPools/cli-pool-000003/volumes/cli-vol-000004"}}'
    headers:
      access-control-expose-headers:
      - Request-Context
      cache-control:
      - no-cache
      content-length:
      - '643'
      content-type:
      - application/json; charset=utf-8
      date:
      - Tue, 30 Jul 2019 11:19:32 GMT
      expires:
      - '-1'
      pragma:
      - no-cache
      request-context:
      - appId=cid-v1:2c4cb680-0a1f-424d-bb8d-8e650ba68d53
      server:
      - Microsoft-IIS/10.0
      strict-transport-security:
      - max-age=31536000; includeSubDomains
      transfer-encoding:
      - chunked
      vary:
      - Accept-Encoding
      x-content-type-options:
      - nosniff
      x-powered-by:
      - ASP.NET
    status:
      code: 200
      message: OK
- request:
    body: null
    headers:
      Accept:
      - application/json
      Accept-Encoding:
      - gzip, deflate
      CommandName:
      - netappfiles volume create
      Connection:
      - keep-alive
      ParameterSetName:
      - --resource-group --account-name --pool-name --volume-name -l --service-level
        --usage-threshold --creation-token --vnet --subnet --protocol-types --tags
      User-Agent:
      - python/2.7.10 (Darwin-17.7.0-x86_64-i386-64bit) msrest/0.6.9 msrest_azure/0.6.1
        azure-mgmt-netapp/0.5.0 Azure-SDK-For-Python AZURECLI/2.0.70
    method: GET
    uri: https://management.azure.com/subscriptions/00000000-0000-0000-0000-000000000000/providers/Microsoft.NetApp/locations/westcentralus/operationResults/776157af-fcd9-4d42-a7c5-05bea0a8edb7?api-version=2019-06-01
  response:
    body:
      string: !!python/unicode '{"id":"/subscriptions/00000000-0000-0000-0000-000000000000/providers/Microsoft.NetApp/locations/westcentralus/operationResults/776157af-fcd9-4d42-a7c5-05bea0a8edb7","name":"776157af-fcd9-4d42-a7c5-05bea0a8edb7","status":"Creating","startTime":"2019-07-30T11:19:00.8979559Z","endTime":"0001-01-01T00:00:00Z","percentComplete":0.0,"properties":{"resourceName":"/subscriptions/00000000-0000-0000-0000-000000000000/resourceGroups/cli_tests_rg000001/providers/Microsoft.NetApp/netAppAccounts/cli-acc-000002/capacityPools/cli-pool-000003/volumes/cli-vol-000004"}}'
    headers:
      access-control-expose-headers:
      - Request-Context
      cache-control:
      - no-cache
      content-length:
      - '643'
      content-type:
      - application/json; charset=utf-8
      date:
      - Tue, 30 Jul 2019 11:20:03 GMT
      expires:
      - '-1'
      pragma:
      - no-cache
      request-context:
      - appId=cid-v1:2c4cb680-0a1f-424d-bb8d-8e650ba68d53
      server:
      - Microsoft-IIS/10.0
      strict-transport-security:
      - max-age=31536000; includeSubDomains
      transfer-encoding:
      - chunked
      vary:
      - Accept-Encoding
      x-content-type-options:
      - nosniff
      x-powered-by:
      - ASP.NET
    status:
      code: 200
      message: OK
- request:
    body: null
    headers:
      Accept:
      - application/json
      Accept-Encoding:
      - gzip, deflate
      CommandName:
      - netappfiles volume create
      Connection:
      - keep-alive
      ParameterSetName:
      - --resource-group --account-name --pool-name --volume-name -l --service-level
        --usage-threshold --creation-token --vnet --subnet --protocol-types --tags
      User-Agent:
      - python/2.7.10 (Darwin-17.7.0-x86_64-i386-64bit) msrest/0.6.9 msrest_azure/0.6.1
        azure-mgmt-netapp/0.5.0 Azure-SDK-For-Python AZURECLI/2.0.70
    method: GET
    uri: https://management.azure.com/subscriptions/00000000-0000-0000-0000-000000000000/providers/Microsoft.NetApp/locations/westcentralus/operationResults/776157af-fcd9-4d42-a7c5-05bea0a8edb7?api-version=2019-06-01
  response:
    body:
      string: !!python/unicode '{"id":"/subscriptions/00000000-0000-0000-0000-000000000000/providers/Microsoft.NetApp/locations/westcentralus/operationResults/776157af-fcd9-4d42-a7c5-05bea0a8edb7","name":"776157af-fcd9-4d42-a7c5-05bea0a8edb7","status":"Creating","startTime":"2019-07-30T11:19:00.8979559Z","endTime":"0001-01-01T00:00:00Z","percentComplete":0.0,"properties":{"resourceName":"/subscriptions/00000000-0000-0000-0000-000000000000/resourceGroups/cli_tests_rg000001/providers/Microsoft.NetApp/netAppAccounts/cli-acc-000002/capacityPools/cli-pool-000003/volumes/cli-vol-000004"}}'
    headers:
      access-control-expose-headers:
      - Request-Context
      cache-control:
      - no-cache
      content-length:
      - '643'
      content-type:
      - application/json; charset=utf-8
      date:
      - Tue, 30 Jul 2019 11:20:34 GMT
      expires:
      - '-1'
      pragma:
      - no-cache
      request-context:
      - appId=cid-v1:2c4cb680-0a1f-424d-bb8d-8e650ba68d53
      server:
      - Microsoft-IIS/10.0
      strict-transport-security:
      - max-age=31536000; includeSubDomains
      transfer-encoding:
      - chunked
      vary:
      - Accept-Encoding
      x-content-type-options:
      - nosniff
      x-powered-by:
      - ASP.NET
    status:
      code: 200
      message: OK
- request:
    body: null
    headers:
      Accept:
      - application/json
      Accept-Encoding:
      - gzip, deflate
      CommandName:
      - netappfiles volume create
      Connection:
      - keep-alive
      ParameterSetName:
      - --resource-group --account-name --pool-name --volume-name -l --service-level
        --usage-threshold --creation-token --vnet --subnet --protocol-types --tags
      User-Agent:
      - python/2.7.10 (Darwin-17.7.0-x86_64-i386-64bit) msrest/0.6.9 msrest_azure/0.6.1
        azure-mgmt-netapp/0.5.0 Azure-SDK-For-Python AZURECLI/2.0.70
    method: GET
    uri: https://management.azure.com/subscriptions/00000000-0000-0000-0000-000000000000/providers/Microsoft.NetApp/locations/westcentralus/operationResults/776157af-fcd9-4d42-a7c5-05bea0a8edb7?api-version=2019-06-01
  response:
    body:
      string: !!python/unicode '{"id":"/subscriptions/00000000-0000-0000-0000-000000000000/providers/Microsoft.NetApp/locations/westcentralus/operationResults/776157af-fcd9-4d42-a7c5-05bea0a8edb7","name":"776157af-fcd9-4d42-a7c5-05bea0a8edb7","status":"Creating","startTime":"2019-07-30T11:19:00.8979559Z","endTime":"0001-01-01T00:00:00Z","percentComplete":0.0,"properties":{"resourceName":"/subscriptions/00000000-0000-0000-0000-000000000000/resourceGroups/cli_tests_rg000001/providers/Microsoft.NetApp/netAppAccounts/cli-acc-000002/capacityPools/cli-pool-000003/volumes/cli-vol-000004"}}'
    headers:
      access-control-expose-headers:
      - Request-Context
      cache-control:
      - no-cache
      content-length:
      - '643'
      content-type:
      - application/json; charset=utf-8
      date:
      - Tue, 30 Jul 2019 11:21:05 GMT
      expires:
      - '-1'
      pragma:
      - no-cache
      request-context:
      - appId=cid-v1:2c4cb680-0a1f-424d-bb8d-8e650ba68d53
      server:
      - Microsoft-IIS/10.0
      strict-transport-security:
      - max-age=31536000; includeSubDomains
      transfer-encoding:
      - chunked
      vary:
      - Accept-Encoding
      x-content-type-options:
      - nosniff
      x-powered-by:
      - ASP.NET
    status:
      code: 200
      message: OK
- request:
    body: null
    headers:
      Accept:
      - application/json
      Accept-Encoding:
      - gzip, deflate
      CommandName:
      - netappfiles volume create
      Connection:
      - keep-alive
      ParameterSetName:
      - --resource-group --account-name --pool-name --volume-name -l --service-level
        --usage-threshold --creation-token --vnet --subnet --protocol-types --tags
      User-Agent:
      - python/2.7.10 (Darwin-17.7.0-x86_64-i386-64bit) msrest/0.6.9 msrest_azure/0.6.1
        azure-mgmt-netapp/0.5.0 Azure-SDK-For-Python AZURECLI/2.0.70
    method: GET
    uri: https://management.azure.com/subscriptions/00000000-0000-0000-0000-000000000000/providers/Microsoft.NetApp/locations/westcentralus/operationResults/776157af-fcd9-4d42-a7c5-05bea0a8edb7?api-version=2019-06-01
  response:
    body:
      string: !!python/unicode '{"id":"/subscriptions/00000000-0000-0000-0000-000000000000/providers/Microsoft.NetApp/locations/westcentralus/operationResults/776157af-fcd9-4d42-a7c5-05bea0a8edb7","name":"776157af-fcd9-4d42-a7c5-05bea0a8edb7","status":"Creating","startTime":"2019-07-30T11:19:00.8979559Z","endTime":"0001-01-01T00:00:00Z","percentComplete":0.0,"properties":{"resourceName":"/subscriptions/00000000-0000-0000-0000-000000000000/resourceGroups/cli_tests_rg000001/providers/Microsoft.NetApp/netAppAccounts/cli-acc-000002/capacityPools/cli-pool-000003/volumes/cli-vol-000004"}}'
    headers:
      access-control-expose-headers:
      - Request-Context
      cache-control:
      - no-cache
      content-length:
      - '643'
      content-type:
      - application/json; charset=utf-8
      date:
      - Tue, 30 Jul 2019 11:21:36 GMT
      expires:
      - '-1'
      pragma:
      - no-cache
      request-context:
      - appId=cid-v1:2c4cb680-0a1f-424d-bb8d-8e650ba68d53
      server:
      - Microsoft-IIS/10.0
      strict-transport-security:
      - max-age=31536000; includeSubDomains
      transfer-encoding:
      - chunked
      vary:
      - Accept-Encoding
      x-content-type-options:
      - nosniff
      x-powered-by:
      - ASP.NET
    status:
      code: 200
      message: OK
- request:
    body: null
    headers:
      Accept:
      - application/json
      Accept-Encoding:
      - gzip, deflate
      CommandName:
      - netappfiles volume create
      Connection:
      - keep-alive
      ParameterSetName:
      - --resource-group --account-name --pool-name --volume-name -l --service-level
        --usage-threshold --creation-token --vnet --subnet --protocol-types --tags
      User-Agent:
      - python/2.7.10 (Darwin-17.7.0-x86_64-i386-64bit) msrest/0.6.9 msrest_azure/0.6.1
        azure-mgmt-netapp/0.5.0 Azure-SDK-For-Python AZURECLI/2.0.70
    method: GET
    uri: https://management.azure.com/subscriptions/00000000-0000-0000-0000-000000000000/providers/Microsoft.NetApp/locations/westcentralus/operationResults/776157af-fcd9-4d42-a7c5-05bea0a8edb7?api-version=2019-06-01
  response:
    body:
      string: !!python/unicode '{"id":"/subscriptions/00000000-0000-0000-0000-000000000000/providers/Microsoft.NetApp/locations/westcentralus/operationResults/776157af-fcd9-4d42-a7c5-05bea0a8edb7","name":"776157af-fcd9-4d42-a7c5-05bea0a8edb7","status":"Creating","startTime":"2019-07-30T11:19:00.8979559Z","endTime":"0001-01-01T00:00:00Z","percentComplete":0.0,"properties":{"resourceName":"/subscriptions/00000000-0000-0000-0000-000000000000/resourceGroups/cli_tests_rg000001/providers/Microsoft.NetApp/netAppAccounts/cli-acc-000002/capacityPools/cli-pool-000003/volumes/cli-vol-000004"}}'
    headers:
      access-control-expose-headers:
      - Request-Context
      cache-control:
      - no-cache
      content-length:
      - '643'
      content-type:
      - application/json; charset=utf-8
      date:
      - Tue, 30 Jul 2019 11:22:08 GMT
      expires:
      - '-1'
      pragma:
      - no-cache
      request-context:
      - appId=cid-v1:2c4cb680-0a1f-424d-bb8d-8e650ba68d53
      server:
      - Microsoft-IIS/10.0
      strict-transport-security:
      - max-age=31536000; includeSubDomains
      transfer-encoding:
      - chunked
      vary:
      - Accept-Encoding
      x-content-type-options:
      - nosniff
      x-powered-by:
      - ASP.NET
    status:
      code: 200
      message: OK
- request:
    body: null
    headers:
      Accept:
      - application/json
      Accept-Encoding:
      - gzip, deflate
      CommandName:
      - netappfiles volume create
      Connection:
      - keep-alive
      ParameterSetName:
      - --resource-group --account-name --pool-name --volume-name -l --service-level
        --usage-threshold --creation-token --vnet --subnet --protocol-types --tags
      User-Agent:
      - python/2.7.10 (Darwin-17.7.0-x86_64-i386-64bit) msrest/0.6.9 msrest_azure/0.6.1
        azure-mgmt-netapp/0.5.0 Azure-SDK-For-Python AZURECLI/2.0.70
    method: GET
    uri: https://management.azure.com/subscriptions/00000000-0000-0000-0000-000000000000/providers/Microsoft.NetApp/locations/westcentralus/operationResults/776157af-fcd9-4d42-a7c5-05bea0a8edb7?api-version=2019-06-01
  response:
    body:
      string: !!python/unicode '{"id":"/subscriptions/00000000-0000-0000-0000-000000000000/providers/Microsoft.NetApp/locations/westcentralus/operationResults/776157af-fcd9-4d42-a7c5-05bea0a8edb7","name":"776157af-fcd9-4d42-a7c5-05bea0a8edb7","status":"Creating","startTime":"2019-07-30T11:19:00.8979559Z","endTime":"0001-01-01T00:00:00Z","percentComplete":0.0,"properties":{"resourceName":"/subscriptions/00000000-0000-0000-0000-000000000000/resourceGroups/cli_tests_rg000001/providers/Microsoft.NetApp/netAppAccounts/cli-acc-000002/capacityPools/cli-pool-000003/volumes/cli-vol-000004"}}'
    headers:
      access-control-expose-headers:
      - Request-Context
      cache-control:
      - no-cache
      content-length:
      - '643'
      content-type:
      - application/json; charset=utf-8
      date:
      - Tue, 30 Jul 2019 11:22:39 GMT
      expires:
      - '-1'
      pragma:
      - no-cache
      request-context:
      - appId=cid-v1:2c4cb680-0a1f-424d-bb8d-8e650ba68d53
      server:
      - Microsoft-IIS/10.0
      strict-transport-security:
      - max-age=31536000; includeSubDomains
      transfer-encoding:
      - chunked
      vary:
      - Accept-Encoding
      x-content-type-options:
      - nosniff
      x-powered-by:
      - ASP.NET
    status:
      code: 200
      message: OK
- request:
    body: null
    headers:
      Accept:
      - application/json
      Accept-Encoding:
      - gzip, deflate
      CommandName:
      - netappfiles volume create
      Connection:
      - keep-alive
      ParameterSetName:
      - --resource-group --account-name --pool-name --volume-name -l --service-level
        --usage-threshold --creation-token --vnet --subnet --protocol-types --tags
      User-Agent:
      - python/2.7.10 (Darwin-17.7.0-x86_64-i386-64bit) msrest/0.6.9 msrest_azure/0.6.1
        azure-mgmt-netapp/0.5.0 Azure-SDK-For-Python AZURECLI/2.0.70
    method: GET
    uri: https://management.azure.com/subscriptions/00000000-0000-0000-0000-000000000000/providers/Microsoft.NetApp/locations/westcentralus/operationResults/776157af-fcd9-4d42-a7c5-05bea0a8edb7?api-version=2019-06-01
  response:
    body:
      string: !!python/unicode '{"id":"/subscriptions/00000000-0000-0000-0000-000000000000/providers/Microsoft.NetApp/locations/westcentralus/operationResults/776157af-fcd9-4d42-a7c5-05bea0a8edb7","name":"776157af-fcd9-4d42-a7c5-05bea0a8edb7","status":"Creating","startTime":"2019-07-30T11:19:00.8979559Z","endTime":"0001-01-01T00:00:00Z","percentComplete":0.0,"properties":{"resourceName":"/subscriptions/00000000-0000-0000-0000-000000000000/resourceGroups/cli_tests_rg000001/providers/Microsoft.NetApp/netAppAccounts/cli-acc-000002/capacityPools/cli-pool-000003/volumes/cli-vol-000004"}}'
    headers:
      access-control-expose-headers:
      - Request-Context
      cache-control:
      - no-cache
      content-length:
      - '643'
      content-type:
      - application/json; charset=utf-8
      date:
      - Tue, 30 Jul 2019 11:23:10 GMT
      expires:
      - '-1'
      pragma:
      - no-cache
      request-context:
      - appId=cid-v1:2c4cb680-0a1f-424d-bb8d-8e650ba68d53
      server:
      - Microsoft-IIS/10.0
      strict-transport-security:
      - max-age=31536000; includeSubDomains
      transfer-encoding:
      - chunked
      vary:
      - Accept-Encoding
      x-content-type-options:
      - nosniff
      x-powered-by:
      - ASP.NET
    status:
      code: 200
      message: OK
- request:
    body: null
    headers:
      Accept:
      - application/json
      Accept-Encoding:
      - gzip, deflate
      CommandName:
      - netappfiles volume create
      Connection:
      - keep-alive
      ParameterSetName:
      - --resource-group --account-name --pool-name --volume-name -l --service-level
        --usage-threshold --creation-token --vnet --subnet --protocol-types --tags
      User-Agent:
      - python/2.7.10 (Darwin-17.7.0-x86_64-i386-64bit) msrest/0.6.9 msrest_azure/0.6.1
        azure-mgmt-netapp/0.5.0 Azure-SDK-For-Python AZURECLI/2.0.70
    method: GET
    uri: https://management.azure.com/subscriptions/00000000-0000-0000-0000-000000000000/providers/Microsoft.NetApp/locations/westcentralus/operationResults/776157af-fcd9-4d42-a7c5-05bea0a8edb7?api-version=2019-06-01
  response:
    body:
      string: !!python/unicode '{"id":"/subscriptions/00000000-0000-0000-0000-000000000000/providers/Microsoft.NetApp/locations/westcentralus/operationResults/776157af-fcd9-4d42-a7c5-05bea0a8edb7","name":"776157af-fcd9-4d42-a7c5-05bea0a8edb7","status":"Creating","startTime":"2019-07-30T11:19:00.8979559Z","endTime":"0001-01-01T00:00:00Z","percentComplete":0.0,"properties":{"resourceName":"/subscriptions/00000000-0000-0000-0000-000000000000/resourceGroups/cli_tests_rg000001/providers/Microsoft.NetApp/netAppAccounts/cli-acc-000002/capacityPools/cli-pool-000003/volumes/cli-vol-000004"}}'
    headers:
      access-control-expose-headers:
      - Request-Context
      cache-control:
      - no-cache
      content-length:
      - '643'
      content-type:
      - application/json; charset=utf-8
      date:
      - Tue, 30 Jul 2019 11:23:41 GMT
      expires:
      - '-1'
      pragma:
      - no-cache
      request-context:
      - appId=cid-v1:2c4cb680-0a1f-424d-bb8d-8e650ba68d53
      server:
      - Microsoft-IIS/10.0
      strict-transport-security:
      - max-age=31536000; includeSubDomains
      transfer-encoding:
      - chunked
      vary:
      - Accept-Encoding
      x-content-type-options:
      - nosniff
      x-powered-by:
      - ASP.NET
    status:
      code: 200
      message: OK
- request:
    body: null
    headers:
      Accept:
      - application/json
      Accept-Encoding:
      - gzip, deflate
      CommandName:
      - netappfiles volume create
      Connection:
      - keep-alive
      ParameterSetName:
      - --resource-group --account-name --pool-name --volume-name -l --service-level
        --usage-threshold --creation-token --vnet --subnet --protocol-types --tags
      User-Agent:
      - python/2.7.10 (Darwin-17.7.0-x86_64-i386-64bit) msrest/0.6.9 msrest_azure/0.6.1
        azure-mgmt-netapp/0.5.0 Azure-SDK-For-Python AZURECLI/2.0.70
    method: GET
    uri: https://management.azure.com/subscriptions/00000000-0000-0000-0000-000000000000/providers/Microsoft.NetApp/locations/westcentralus/operationResults/776157af-fcd9-4d42-a7c5-05bea0a8edb7?api-version=2019-06-01
  response:
    body:
      string: !!python/unicode '{"id":"/subscriptions/00000000-0000-0000-0000-000000000000/providers/Microsoft.NetApp/locations/westcentralus/operationResults/776157af-fcd9-4d42-a7c5-05bea0a8edb7","name":"776157af-fcd9-4d42-a7c5-05bea0a8edb7","status":"Creating","startTime":"2019-07-30T11:19:00.8979559Z","endTime":"0001-01-01T00:00:00Z","percentComplete":0.0,"properties":{"resourceName":"/subscriptions/00000000-0000-0000-0000-000000000000/resourceGroups/cli_tests_rg000001/providers/Microsoft.NetApp/netAppAccounts/cli-acc-000002/capacityPools/cli-pool-000003/volumes/cli-vol-000004"}}'
    headers:
      access-control-expose-headers:
      - Request-Context
      cache-control:
      - no-cache
      content-length:
      - '643'
      content-type:
      - application/json; charset=utf-8
      date:
      - Tue, 30 Jul 2019 11:24:13 GMT
      expires:
      - '-1'
      pragma:
      - no-cache
      request-context:
      - appId=cid-v1:2c4cb680-0a1f-424d-bb8d-8e650ba68d53
      server:
      - Microsoft-IIS/10.0
      strict-transport-security:
      - max-age=31536000; includeSubDomains
      transfer-encoding:
      - chunked
      vary:
      - Accept-Encoding
      x-content-type-options:
      - nosniff
      x-powered-by:
      - ASP.NET
    status:
      code: 200
      message: OK
- request:
    body: null
    headers:
      Accept:
      - application/json
      Accept-Encoding:
      - gzip, deflate
      CommandName:
      - netappfiles volume create
      Connection:
      - keep-alive
      ParameterSetName:
      - --resource-group --account-name --pool-name --volume-name -l --service-level
        --usage-threshold --creation-token --vnet --subnet --protocol-types --tags
      User-Agent:
      - python/2.7.10 (Darwin-17.7.0-x86_64-i386-64bit) msrest/0.6.9 msrest_azure/0.6.1
        azure-mgmt-netapp/0.5.0 Azure-SDK-For-Python AZURECLI/2.0.70
    method: GET
    uri: https://management.azure.com/subscriptions/00000000-0000-0000-0000-000000000000/providers/Microsoft.NetApp/locations/westcentralus/operationResults/776157af-fcd9-4d42-a7c5-05bea0a8edb7?api-version=2019-06-01
  response:
    body:
      string: !!python/unicode '{"id":"/subscriptions/00000000-0000-0000-0000-000000000000/providers/Microsoft.NetApp/locations/westcentralus/operationResults/776157af-fcd9-4d42-a7c5-05bea0a8edb7","name":"776157af-fcd9-4d42-a7c5-05bea0a8edb7","status":"Creating","startTime":"2019-07-30T11:19:00.8979559Z","endTime":"0001-01-01T00:00:00Z","percentComplete":0.0,"properties":{"resourceName":"/subscriptions/00000000-0000-0000-0000-000000000000/resourceGroups/cli_tests_rg000001/providers/Microsoft.NetApp/netAppAccounts/cli-acc-000002/capacityPools/cli-pool-000003/volumes/cli-vol-000004"}}'
    headers:
      access-control-expose-headers:
      - Request-Context
      cache-control:
      - no-cache
      content-length:
      - '643'
      content-type:
      - application/json; charset=utf-8
      date:
      - Tue, 30 Jul 2019 11:24:44 GMT
      expires:
      - '-1'
      pragma:
      - no-cache
      request-context:
      - appId=cid-v1:2c4cb680-0a1f-424d-bb8d-8e650ba68d53
      server:
      - Microsoft-IIS/10.0
      strict-transport-security:
      - max-age=31536000; includeSubDomains
      transfer-encoding:
      - chunked
      vary:
      - Accept-Encoding
      x-content-type-options:
      - nosniff
      x-powered-by:
      - ASP.NET
    status:
      code: 200
      message: OK
- request:
    body: null
    headers:
      Accept:
      - application/json
      Accept-Encoding:
      - gzip, deflate
      CommandName:
      - netappfiles volume create
      Connection:
      - keep-alive
      ParameterSetName:
      - --resource-group --account-name --pool-name --volume-name -l --service-level
        --usage-threshold --creation-token --vnet --subnet --protocol-types --tags
      User-Agent:
      - python/2.7.10 (Darwin-17.7.0-x86_64-i386-64bit) msrest/0.6.9 msrest_azure/0.6.1
        azure-mgmt-netapp/0.5.0 Azure-SDK-For-Python AZURECLI/2.0.70
    method: GET
    uri: https://management.azure.com/subscriptions/00000000-0000-0000-0000-000000000000/providers/Microsoft.NetApp/locations/westcentralus/operationResults/776157af-fcd9-4d42-a7c5-05bea0a8edb7?api-version=2019-06-01
  response:
    body:
      string: !!python/unicode '{"id":"/subscriptions/00000000-0000-0000-0000-000000000000/providers/Microsoft.NetApp/locations/westcentralus/operationResults/776157af-fcd9-4d42-a7c5-05bea0a8edb7","name":"776157af-fcd9-4d42-a7c5-05bea0a8edb7","status":"Creating","startTime":"2019-07-30T11:19:00.8979559Z","endTime":"0001-01-01T00:00:00Z","percentComplete":0.0,"properties":{"resourceName":"/subscriptions/00000000-0000-0000-0000-000000000000/resourceGroups/cli_tests_rg000001/providers/Microsoft.NetApp/netAppAccounts/cli-acc-000002/capacityPools/cli-pool-000003/volumes/cli-vol-000004"}}'
    headers:
      access-control-expose-headers:
      - Request-Context
      cache-control:
      - no-cache
      content-length:
      - '643'
      content-type:
      - application/json; charset=utf-8
      date:
      - Tue, 30 Jul 2019 11:25:15 GMT
      expires:
      - '-1'
      pragma:
      - no-cache
      request-context:
      - appId=cid-v1:2c4cb680-0a1f-424d-bb8d-8e650ba68d53
      server:
      - Microsoft-IIS/10.0
      strict-transport-security:
      - max-age=31536000; includeSubDomains
      transfer-encoding:
      - chunked
      vary:
      - Accept-Encoding
      x-content-type-options:
      - nosniff
      x-powered-by:
      - ASP.NET
    status:
      code: 200
      message: OK
- request:
    body: null
    headers:
      Accept:
      - application/json
      Accept-Encoding:
      - gzip, deflate
      CommandName:
      - netappfiles volume create
      Connection:
      - keep-alive
      ParameterSetName:
      - --resource-group --account-name --pool-name --volume-name -l --service-level
        --usage-threshold --creation-token --vnet --subnet --protocol-types --tags
      User-Agent:
      - python/2.7.10 (Darwin-17.7.0-x86_64-i386-64bit) msrest/0.6.9 msrest_azure/0.6.1
        azure-mgmt-netapp/0.5.0 Azure-SDK-For-Python AZURECLI/2.0.70
    method: GET
    uri: https://management.azure.com/subscriptions/00000000-0000-0000-0000-000000000000/providers/Microsoft.NetApp/locations/westcentralus/operationResults/776157af-fcd9-4d42-a7c5-05bea0a8edb7?api-version=2019-06-01
  response:
    body:
      string: !!python/unicode '{"id":"/subscriptions/00000000-0000-0000-0000-000000000000/providers/Microsoft.NetApp/locations/westcentralus/operationResults/776157af-fcd9-4d42-a7c5-05bea0a8edb7","name":"776157af-fcd9-4d42-a7c5-05bea0a8edb7","status":"Creating","startTime":"2019-07-30T11:19:00.8979559Z","endTime":"0001-01-01T00:00:00Z","percentComplete":0.0,"properties":{"resourceName":"/subscriptions/00000000-0000-0000-0000-000000000000/resourceGroups/cli_tests_rg000001/providers/Microsoft.NetApp/netAppAccounts/cli-acc-000002/capacityPools/cli-pool-000003/volumes/cli-vol-000004"}}'
    headers:
      access-control-expose-headers:
      - Request-Context
      cache-control:
      - no-cache
      content-length:
      - '643'
      content-type:
      - application/json; charset=utf-8
      date:
      - Tue, 30 Jul 2019 11:25:46 GMT
      expires:
      - '-1'
      pragma:
      - no-cache
      request-context:
      - appId=cid-v1:2c4cb680-0a1f-424d-bb8d-8e650ba68d53
      server:
      - Microsoft-IIS/10.0
      strict-transport-security:
      - max-age=31536000; includeSubDomains
      transfer-encoding:
      - chunked
      vary:
      - Accept-Encoding
      x-content-type-options:
      - nosniff
      x-powered-by:
      - ASP.NET
    status:
      code: 200
      message: OK
- request:
    body: null
    headers:
      Accept:
      - application/json
      Accept-Encoding:
      - gzip, deflate
      CommandName:
      - netappfiles volume create
      Connection:
      - keep-alive
      ParameterSetName:
      - --resource-group --account-name --pool-name --volume-name -l --service-level
        --usage-threshold --creation-token --vnet --subnet --protocol-types --tags
      User-Agent:
      - python/2.7.10 (Darwin-17.7.0-x86_64-i386-64bit) msrest/0.6.9 msrest_azure/0.6.1
        azure-mgmt-netapp/0.5.0 Azure-SDK-For-Python AZURECLI/2.0.70
    method: GET
    uri: https://management.azure.com/subscriptions/00000000-0000-0000-0000-000000000000/providers/Microsoft.NetApp/locations/westcentralus/operationResults/776157af-fcd9-4d42-a7c5-05bea0a8edb7?api-version=2019-06-01
  response:
    body:
      string: !!python/unicode '{"id":"/subscriptions/00000000-0000-0000-0000-000000000000/providers/Microsoft.NetApp/locations/westcentralus/operationResults/776157af-fcd9-4d42-a7c5-05bea0a8edb7","name":"776157af-fcd9-4d42-a7c5-05bea0a8edb7","status":"Creating","startTime":"2019-07-30T11:19:00.8979559Z","endTime":"0001-01-01T00:00:00Z","percentComplete":0.0,"properties":{"resourceName":"/subscriptions/00000000-0000-0000-0000-000000000000/resourceGroups/cli_tests_rg000001/providers/Microsoft.NetApp/netAppAccounts/cli-acc-000002/capacityPools/cli-pool-000003/volumes/cli-vol-000004"}}'
    headers:
      access-control-expose-headers:
      - Request-Context
      cache-control:
      - no-cache
      content-length:
      - '643'
      content-type:
      - application/json; charset=utf-8
      date:
      - Tue, 30 Jul 2019 11:26:19 GMT
      expires:
      - '-1'
      pragma:
      - no-cache
      request-context:
      - appId=cid-v1:2c4cb680-0a1f-424d-bb8d-8e650ba68d53
      server:
      - Microsoft-IIS/10.0
      strict-transport-security:
      - max-age=31536000; includeSubDomains
      transfer-encoding:
      - chunked
      vary:
      - Accept-Encoding
      x-content-type-options:
      - nosniff
      x-powered-by:
      - ASP.NET
    status:
      code: 200
      message: OK
- request:
    body: null
    headers:
      Accept:
      - application/json
      Accept-Encoding:
      - gzip, deflate
      CommandName:
      - netappfiles volume create
      Connection:
      - keep-alive
      ParameterSetName:
      - --resource-group --account-name --pool-name --volume-name -l --service-level
        --usage-threshold --creation-token --vnet --subnet --protocol-types --tags
      User-Agent:
      - python/2.7.10 (Darwin-17.7.0-x86_64-i386-64bit) msrest/0.6.9 msrest_azure/0.6.1
        azure-mgmt-netapp/0.5.0 Azure-SDK-For-Python AZURECLI/2.0.70
    method: GET
    uri: https://management.azure.com/subscriptions/00000000-0000-0000-0000-000000000000/providers/Microsoft.NetApp/locations/westcentralus/operationResults/776157af-fcd9-4d42-a7c5-05bea0a8edb7?api-version=2019-06-01
  response:
    body:
      string: !!python/unicode '{"id":"/subscriptions/00000000-0000-0000-0000-000000000000/providers/Microsoft.NetApp/locations/westcentralus/operationResults/776157af-fcd9-4d42-a7c5-05bea0a8edb7","name":"776157af-fcd9-4d42-a7c5-05bea0a8edb7","status":"Creating","startTime":"2019-07-30T11:19:00.8979559Z","endTime":"0001-01-01T00:00:00Z","percentComplete":0.0,"properties":{"resourceName":"/subscriptions/00000000-0000-0000-0000-000000000000/resourceGroups/cli_tests_rg000001/providers/Microsoft.NetApp/netAppAccounts/cli-acc-000002/capacityPools/cli-pool-000003/volumes/cli-vol-000004"}}'
    headers:
      access-control-expose-headers:
      - Request-Context
      cache-control:
      - no-cache
      content-length:
      - '643'
      content-type:
      - application/json; charset=utf-8
      date:
      - Tue, 30 Jul 2019 11:26:50 GMT
      expires:
      - '-1'
      pragma:
      - no-cache
      request-context:
      - appId=cid-v1:2c4cb680-0a1f-424d-bb8d-8e650ba68d53
      server:
      - Microsoft-IIS/10.0
      strict-transport-security:
      - max-age=31536000; includeSubDomains
      transfer-encoding:
      - chunked
      vary:
      - Accept-Encoding
      x-content-type-options:
      - nosniff
      x-powered-by:
      - ASP.NET
    status:
      code: 200
      message: OK
- request:
    body: null
    headers:
      Accept:
      - application/json
      Accept-Encoding:
      - gzip, deflate
      CommandName:
      - netappfiles volume create
      Connection:
      - keep-alive
      ParameterSetName:
      - --resource-group --account-name --pool-name --volume-name -l --service-level
        --usage-threshold --creation-token --vnet --subnet --protocol-types --tags
      User-Agent:
      - python/2.7.10 (Darwin-17.7.0-x86_64-i386-64bit) msrest/0.6.9 msrest_azure/0.6.1
        azure-mgmt-netapp/0.5.0 Azure-SDK-For-Python AZURECLI/2.0.70
    method: GET
    uri: https://management.azure.com/subscriptions/00000000-0000-0000-0000-000000000000/providers/Microsoft.NetApp/locations/westcentralus/operationResults/776157af-fcd9-4d42-a7c5-05bea0a8edb7?api-version=2019-06-01
  response:
    body:
      string: !!python/unicode '{"id":"/subscriptions/00000000-0000-0000-0000-000000000000/providers/Microsoft.NetApp/locations/westcentralus/operationResults/776157af-fcd9-4d42-a7c5-05bea0a8edb7","name":"776157af-fcd9-4d42-a7c5-05bea0a8edb7","status":"Creating","startTime":"2019-07-30T11:19:00.8979559Z","endTime":"0001-01-01T00:00:00Z","percentComplete":0.0,"properties":{"resourceName":"/subscriptions/00000000-0000-0000-0000-000000000000/resourceGroups/cli_tests_rg000001/providers/Microsoft.NetApp/netAppAccounts/cli-acc-000002/capacityPools/cli-pool-000003/volumes/cli-vol-000004"}}'
    headers:
      access-control-expose-headers:
      - Request-Context
      cache-control:
      - no-cache
      content-length:
      - '643'
      content-type:
      - application/json; charset=utf-8
      date:
      - Tue, 30 Jul 2019 11:27:21 GMT
      expires:
      - '-1'
      pragma:
      - no-cache
      request-context:
      - appId=cid-v1:2c4cb680-0a1f-424d-bb8d-8e650ba68d53
      server:
      - Microsoft-IIS/10.0
      strict-transport-security:
      - max-age=31536000; includeSubDomains
      transfer-encoding:
      - chunked
      vary:
      - Accept-Encoding
      x-content-type-options:
      - nosniff
      x-powered-by:
      - ASP.NET
    status:
      code: 200
      message: OK
- request:
    body: null
    headers:
      Accept:
      - application/json
      Accept-Encoding:
      - gzip, deflate
      CommandName:
      - netappfiles volume create
      Connection:
      - keep-alive
      ParameterSetName:
      - --resource-group --account-name --pool-name --volume-name -l --service-level
        --usage-threshold --creation-token --vnet --subnet --protocol-types --tags
      User-Agent:
      - python/2.7.10 (Darwin-17.7.0-x86_64-i386-64bit) msrest/0.6.9 msrest_azure/0.6.1
        azure-mgmt-netapp/0.5.0 Azure-SDK-For-Python AZURECLI/2.0.70
    method: GET
    uri: https://management.azure.com/subscriptions/00000000-0000-0000-0000-000000000000/providers/Microsoft.NetApp/locations/westcentralus/operationResults/776157af-fcd9-4d42-a7c5-05bea0a8edb7?api-version=2019-06-01
  response:
    body:
      string: !!python/unicode '{"id":"/subscriptions/00000000-0000-0000-0000-000000000000/providers/Microsoft.NetApp/locations/westcentralus/operationResults/776157af-fcd9-4d42-a7c5-05bea0a8edb7","name":"776157af-fcd9-4d42-a7c5-05bea0a8edb7","status":"Creating","startTime":"2019-07-30T11:19:00.8979559Z","endTime":"0001-01-01T00:00:00Z","percentComplete":0.0,"properties":{"resourceName":"/subscriptions/00000000-0000-0000-0000-000000000000/resourceGroups/cli_tests_rg000001/providers/Microsoft.NetApp/netAppAccounts/cli-acc-000002/capacityPools/cli-pool-000003/volumes/cli-vol-000004"}}'
    headers:
      access-control-expose-headers:
      - Request-Context
      cache-control:
      - no-cache
      content-length:
      - '643'
      content-type:
      - application/json; charset=utf-8
      date:
      - Tue, 30 Jul 2019 11:27:52 GMT
      expires:
      - '-1'
      pragma:
      - no-cache
      request-context:
      - appId=cid-v1:2c4cb680-0a1f-424d-bb8d-8e650ba68d53
      server:
      - Microsoft-IIS/10.0
      strict-transport-security:
      - max-age=31536000; includeSubDomains
      transfer-encoding:
      - chunked
      vary:
      - Accept-Encoding
      x-content-type-options:
      - nosniff
      x-powered-by:
      - ASP.NET
    status:
      code: 200
      message: OK
- request:
    body: null
    headers:
      Accept:
      - application/json
      Accept-Encoding:
      - gzip, deflate
      CommandName:
      - netappfiles volume create
      Connection:
      - keep-alive
      ParameterSetName:
      - --resource-group --account-name --pool-name --volume-name -l --service-level
        --usage-threshold --creation-token --vnet --subnet --protocol-types --tags
      User-Agent:
      - python/2.7.10 (Darwin-17.7.0-x86_64-i386-64bit) msrest/0.6.9 msrest_azure/0.6.1
        azure-mgmt-netapp/0.5.0 Azure-SDK-For-Python AZURECLI/2.0.70
    method: GET
    uri: https://management.azure.com/subscriptions/00000000-0000-0000-0000-000000000000/providers/Microsoft.NetApp/locations/westcentralus/operationResults/776157af-fcd9-4d42-a7c5-05bea0a8edb7?api-version=2019-06-01
  response:
    body:
      string: !!python/unicode '{"id":"/subscriptions/00000000-0000-0000-0000-000000000000/providers/Microsoft.NetApp/locations/westcentralus/operationResults/776157af-fcd9-4d42-a7c5-05bea0a8edb7","name":"776157af-fcd9-4d42-a7c5-05bea0a8edb7","status":"Succeeded","startTime":"2019-07-30T11:19:00.8979559Z","endTime":"2019-07-30T11:28:24.0737966Z","percentComplete":100.0,"properties":{"resourceName":"/subscriptions/00000000-0000-0000-0000-000000000000/resourceGroups/cli_tests_rg000001/providers/Microsoft.NetApp/netAppAccounts/cli-acc-000002/capacityPools/cli-pool-000003/volumes/cli-vol-000004"}}'
    headers:
      access-control-expose-headers:
      - Request-Context
      cache-control:
      - no-cache
      content-length:
      - '654'
      content-type:
      - application/json; charset=utf-8
      date:
      - Tue, 30 Jul 2019 11:28:24 GMT
      expires:
      - '-1'
      pragma:
      - no-cache
      request-context:
      - appId=cid-v1:2c4cb680-0a1f-424d-bb8d-8e650ba68d53
      server:
      - Microsoft-IIS/10.0
      strict-transport-security:
      - max-age=31536000; includeSubDomains
      transfer-encoding:
      - chunked
      vary:
      - Accept-Encoding
      x-content-type-options:
      - nosniff
      x-powered-by:
      - ASP.NET
    status:
      code: 200
      message: OK
- request:
    body: null
    headers:
      Accept:
      - application/json
      Accept-Encoding:
      - gzip, deflate
      CommandName:
      - netappfiles volume create
      Connection:
      - keep-alive
      ParameterSetName:
      - --resource-group --account-name --pool-name --volume-name -l --service-level
        --usage-threshold --creation-token --vnet --subnet --protocol-types --tags
      User-Agent:
      - python/2.7.10 (Darwin-17.7.0-x86_64-i386-64bit) msrest/0.6.9 msrest_azure/0.6.1
        azure-mgmt-netapp/0.5.0 Azure-SDK-For-Python AZURECLI/2.0.70
    method: GET
    uri: https://management.azure.com/subscriptions/00000000-0000-0000-0000-000000000000/resourceGroups/cli_tests_rg000001/providers/Microsoft.NetApp/netAppAccounts/cli-acc-000002/capacityPools/cli-pool-000003/volumes/cli-vol-000004?api-version=2019-06-01
  response:
    body:
      string: !!python/unicode '{"id":"/subscriptions/00000000-0000-0000-0000-000000000000/resourceGroups/cli_tests_rg000001/providers/Microsoft.NetApp/netAppAccounts/cli-acc-000002/capacityPools/cli-pool-000003/volumes/cli-vol-000004","name":"cli-acc-000002/cli-pool-000003/cli-vol-000004","type":"Microsoft.NetApp/netAppAccounts/capacityPools/volumes","etag":"W/\"datetime''2019-07-30T11%3A28%3A24.0630429Z''\"","location":"westcentralus","tags":{"Tag1":"Value1","Tag2":"Value2"},"properties":{"provisioningState":"Succeeded","fileSystemId":"2cb56e97-bac3-7e91-7bdd-58f691553d06","name":"cli-vol-000004","serviceLevel":"Premium","creationToken":"cli-vol-000004","usageThreshold":107374182400,"usedBytes":0,"snapshotPolicy":{"enabled":false},"exportPolicy":{"rules":[{"ruleIndex":1,"unixReadOnly":false,"unixReadWrite":true,"cifs":false,"nfsv3":true,"nfsv4":false,"allowedClients":"0.0.0.0/0"}]},"protocolTypes":["NFSv3","NFSv4"],"baremetalTenantId":"baremetalTenant_svm_220be37a7ff14b84ba2fc1aed33a19b9_0627617a","subnetId":"/subscriptions/00000000-0000-0000-0000-000000000000/resourceGroups/cli_tests_rg000001/providers/Microsoft.Network/virtualNetworks/cli-vnet-000005/subnets/cli-subnet-000006","mountTargets":[{"provisioningState":"Succeeded","mountTargetId":"a54b796c-7a47-6cf7-21b0-bc1e55fee926","fileSystemId":"2cb56e97-bac3-7e91-7bdd-58f691553d06","startIp":"10.12.0.6","endIp":"10.12.0.6","gateway":"10.12.0.1","netmask":"255.255.255.0","ipAddress":"10.12.0.6"}]}}'
    headers:
      access-control-expose-headers:
      - Request-Context
      cache-control:
      - no-cache
      content-length:
      - '1641'
      content-type:
      - application/json; charset=utf-8
      date:
      - Tue, 30 Jul 2019 11:28:25 GMT
      etag:
      - W/"datetime'2019-07-30T11%3A28%3A24.0630429Z'"
      expires:
      - '-1'
      pragma:
      - no-cache
      request-context:
      - appId=cid-v1:2c4cb680-0a1f-424d-bb8d-8e650ba68d53
      server:
      - Microsoft-IIS/10.0
      strict-transport-security:
      - max-age=31536000; includeSubDomains
      transfer-encoding:
      - chunked
      vary:
      - Accept-Encoding
      x-content-type-options:
      - nosniff
      x-powered-by:
      - ASP.NET
    status:
      code: 200
      message: OK
- request:
    body: null
    headers:
      Accept:
      - application/json
      Accept-Encoding:
      - gzip, deflate
      CommandName:
      - netappfiles volume list
      Connection:
      - keep-alive
      ParameterSetName:
      - --resource-group --account-name --pool-name
      User-Agent:
      - python/2.7.10 (Darwin-17.7.0-x86_64-i386-64bit) msrest/0.6.9 msrest_azure/0.6.1
        azure-mgmt-netapp/0.5.0 Azure-SDK-For-Python AZURECLI/2.0.70
      accept-language:
      - en-US
    method: GET
    uri: https://management.azure.com/subscriptions/00000000-0000-0000-0000-000000000000/resourceGroups/cli_tests_rg000001/providers/Microsoft.NetApp/netAppAccounts/cli-acc-000002/capacityPools/cli-pool-000003/volumes?api-version=2019-06-01
  response:
    body:
      string: !!python/unicode '{"value":[{"id":"/subscriptions/00000000-0000-0000-0000-000000000000/resourceGroups/cli_tests_rg000001/providers/Microsoft.NetApp/netAppAccounts/cli-acc-000002/capacityPools/cli-pool-000003/volumes/cli-vol-000004","name":"cli-acc-000002/cli-pool-000003/cli-vol-000004","type":"Microsoft.NetApp/netAppAccounts/capacityPools/volumes","etag":"W/\"datetime''2019-07-30T11%3A28%3A24.0630429Z''\"","location":"westcentralus","tags":{"Tag1":"Value1","Tag2":"Value2"},"properties":{"provisioningState":"Succeeded","fileSystemId":"2cb56e97-bac3-7e91-7bdd-58f691553d06","name":"cli-vol-000004","serviceLevel":"Premium","creationToken":"cli-vol-000004","usageThreshold":107374182400,"usedBytes":0,"snapshotPolicy":{"enabled":false},"exportPolicy":{"rules":[{"ruleIndex":1,"unixReadOnly":false,"unixReadWrite":true,"cifs":false,"nfsv3":true,"nfsv4":false,"allowedClients":"0.0.0.0/0"}]},"protocolTypes":["NFSv3","NFSv4"],"baremetalTenantId":"baremetalTenant_svm_220be37a7ff14b84ba2fc1aed33a19b9_0627617a","subnetId":"/subscriptions/00000000-0000-0000-0000-000000000000/resourceGroups/cli_tests_rg000001/providers/Microsoft.Network/virtualNetworks/cli-vnet-000005/subnets/cli-subnet-000006","mountTargets":[{"provisioningState":"Succeeded","mountTargetId":"a54b796c-7a47-6cf7-21b0-bc1e55fee926","fileSystemId":"2cb56e97-bac3-7e91-7bdd-58f691553d06","startIp":"10.12.0.6","endIp":"10.12.0.6","gateway":"10.12.0.1","netmask":"255.255.255.0","ipAddress":"10.12.0.6"}]}}]}'
    headers:
      access-control-expose-headers:
      - Request-Context
      cache-control:
      - no-cache
      content-length:
      - '1653'
      content-type:
      - application/json; charset=utf-8
      date:
      - Tue, 30 Jul 2019 11:28:26 GMT
      expires:
      - '-1'
      pragma:
      - no-cache
      request-context:
      - appId=cid-v1:2c4cb680-0a1f-424d-bb8d-8e650ba68d53
      server:
      - Microsoft-IIS/10.0
      strict-transport-security:
      - max-age=31536000; includeSubDomains
      transfer-encoding:
      - chunked
      vary:
      - Accept-Encoding
      x-content-type-options:
      - nosniff
      x-powered-by:
      - ASP.NET
    status:
      code: 200
      message: OK
- request:
    body: null
    headers:
      Accept:
      - application/json
      Accept-Encoding:
      - gzip, deflate
      CommandName:
      - netappfiles volume delete
      Connection:
      - keep-alive
      Content-Length:
      - '0'
      ParameterSetName:
      - --resource-group --account-name --pool-name --volume-name
      User-Agent:
      - python/2.7.10 (Darwin-17.7.0-x86_64-i386-64bit) msrest/0.6.9 msrest_azure/0.6.1
        azure-mgmt-netapp/0.5.0 Azure-SDK-For-Python AZURECLI/2.0.70
      accept-language:
      - en-US
    method: DELETE
    uri: https://management.azure.com/subscriptions/00000000-0000-0000-0000-000000000000/resourceGroups/cli_tests_rg000001/providers/Microsoft.NetApp/netAppAccounts/cli-acc-000002/capacityPools/cli-pool-000003/volumes/cli-vol-000004?api-version=2019-06-01
  response:
    body:
      string: !!python/unicode ''
    headers:
      access-control-expose-headers:
      - Request-Context
      azure-asyncoperation:
      - https://management.azure.com/subscriptions/00000000-0000-0000-0000-000000000000/providers/Microsoft.NetApp/locations/westcentralus/operationResults/fb8fa74f-d731-49be-bbab-e562cf275064?api-version=2019-06-01
      cache-control:
      - no-cache
      content-length:
      - '0'
      date:
      - Tue, 30 Jul 2019 11:28:29 GMT
      expires:
      - '-1'
      location:
      - https://management.azure.com/subscriptions/00000000-0000-0000-0000-000000000000/providers/Microsoft.NetApp/locations/westcentralus/operationResults/fb8fa74f-d731-49be-bbab-e562cf275064?api-version=2019-06-01&operationResultResponseType=Location
      pragma:
      - no-cache
      request-context:
      - appId=cid-v1:2c4cb680-0a1f-424d-bb8d-8e650ba68d53
      server:
      - Microsoft-IIS/10.0
      strict-transport-security:
      - max-age=31536000; includeSubDomains
      x-content-type-options:
      - nosniff
      x-ms-ratelimit-remaining-subscription-deletes:
      - '14999'
      x-powered-by:
      - ASP.NET
    status:
      code: 202
      message: Accepted
- request:
    body: null
    headers:
      Accept:
      - application/json
      Accept-Encoding:
      - gzip, deflate
      CommandName:
      - netappfiles volume delete
      Connection:
      - keep-alive
      ParameterSetName:
      - --resource-group --account-name --pool-name --volume-name
      User-Agent:
      - python/2.7.10 (Darwin-17.7.0-x86_64-i386-64bit) msrest/0.6.9 msrest_azure/0.6.1
        azure-mgmt-netapp/0.5.0 Azure-SDK-For-Python AZURECLI/2.0.70
    method: GET
    uri: https://management.azure.com/subscriptions/00000000-0000-0000-0000-000000000000/providers/Microsoft.NetApp/locations/westcentralus/operationResults/fb8fa74f-d731-49be-bbab-e562cf275064?api-version=2019-06-01
  response:
    body:
      string: !!python/unicode '{"id":"/subscriptions/00000000-0000-0000-0000-000000000000/providers/Microsoft.NetApp/locations/westcentralus/operationResults/fb8fa74f-d731-49be-bbab-e562cf275064","name":"fb8fa74f-d731-49be-bbab-e562cf275064","status":"Deleting","startTime":"2019-07-30T11:28:29.5894498Z","endTime":"0001-01-01T00:00:00Z","percentComplete":0.0,"properties":{"resourceName":"/subscriptions/00000000-0000-0000-0000-000000000000/resourceGroups/cli_tests_rg000001/providers/Microsoft.NetApp/netAppAccounts/cli-acc-000002/capacityPools/cli-pool-000003/volumes/cli-vol-000004"}}'
    headers:
      access-control-expose-headers:
      - Request-Context
      cache-control:
      - no-cache
      content-length:
      - '643'
      content-type:
      - application/json; charset=utf-8
      date:
      - Tue, 30 Jul 2019 11:29:00 GMT
      expires:
      - '-1'
      pragma:
      - no-cache
      request-context:
      - appId=cid-v1:2c4cb680-0a1f-424d-bb8d-8e650ba68d53
      server:
      - Microsoft-IIS/10.0
      strict-transport-security:
      - max-age=31536000; includeSubDomains
      transfer-encoding:
      - chunked
      vary:
      - Accept-Encoding
      x-content-type-options:
      - nosniff
      x-powered-by:
      - ASP.NET
    status:
      code: 200
      message: OK
- request:
    body: null
    headers:
      Accept:
      - application/json
      Accept-Encoding:
      - gzip, deflate
      CommandName:
      - netappfiles volume delete
      Connection:
      - keep-alive
      ParameterSetName:
      - --resource-group --account-name --pool-name --volume-name
      User-Agent:
      - python/2.7.10 (Darwin-17.7.0-x86_64-i386-64bit) msrest/0.6.9 msrest_azure/0.6.1
        azure-mgmt-netapp/0.5.0 Azure-SDK-For-Python AZURECLI/2.0.70
    method: GET
    uri: https://management.azure.com/subscriptions/00000000-0000-0000-0000-000000000000/providers/Microsoft.NetApp/locations/westcentralus/operationResults/fb8fa74f-d731-49be-bbab-e562cf275064?api-version=2019-06-01
  response:
    body:
      string: !!python/unicode '{"id":"/subscriptions/00000000-0000-0000-0000-000000000000/providers/Microsoft.NetApp/locations/westcentralus/operationResults/fb8fa74f-d731-49be-bbab-e562cf275064","name":"fb8fa74f-d731-49be-bbab-e562cf275064","status":"Succeeded","startTime":"2019-07-30T11:28:29.5894498Z","endTime":"2019-07-30T11:29:20.9559128Z","percentComplete":100.0,"properties":{"resourceName":"/subscriptions/00000000-0000-0000-0000-000000000000/resourceGroups/cli_tests_rg000001/providers/Microsoft.NetApp/netAppAccounts/cli-acc-000002/capacityPools/cli-pool-000003/volumes/cli-vol-000004"}}'
    headers:
      access-control-expose-headers:
      - Request-Context
      cache-control:
      - no-cache
      content-length:
      - '654'
      content-type:
      - application/json; charset=utf-8
      date:
      - Tue, 30 Jul 2019 11:29:31 GMT
      expires:
      - '-1'
      pragma:
      - no-cache
      request-context:
      - appId=cid-v1:2c4cb680-0a1f-424d-bb8d-8e650ba68d53
      server:
      - Microsoft-IIS/10.0
      strict-transport-security:
      - max-age=31536000; includeSubDomains
      transfer-encoding:
      - chunked
      vary:
      - Accept-Encoding
      x-content-type-options:
      - nosniff
      x-powered-by:
      - ASP.NET
    status:
      code: 200
      message: OK
- request:
    body: null
    headers:
      Accept:
      - application/json
      Accept-Encoding:
      - gzip, deflate
      CommandName:
      - netappfiles volume list
      Connection:
      - keep-alive
      ParameterSetName:
      - --resource-group -a -p
      User-Agent:
      - python/2.7.10 (Darwin-17.7.0-x86_64-i386-64bit) msrest/0.6.9 msrest_azure/0.6.1
        azure-mgmt-netapp/0.5.0 Azure-SDK-For-Python AZURECLI/2.0.70
      accept-language:
      - en-US
    method: GET
    uri: https://management.azure.com/subscriptions/00000000-0000-0000-0000-000000000000/resourceGroups/cli_tests_rg000001/providers/Microsoft.NetApp/netAppAccounts/cli-acc-000002/capacityPools/cli-pool-000003/volumes?api-version=2019-06-01
  response:
    body:
      string: !!python/unicode '{"value":[]}'
    headers:
      access-control-expose-headers:
      - Request-Context
      cache-control:
      - no-cache
      content-length:
      - '12'
      content-type:
      - application/json; charset=utf-8
      date:
      - Tue, 30 Jul 2019 11:29:32 GMT
      expires:
      - '-1'
      pragma:
      - no-cache
      request-context:
      - appId=cid-v1:2c4cb680-0a1f-424d-bb8d-8e650ba68d53
      server:
      - Microsoft-IIS/10.0
      strict-transport-security:
      - max-age=31536000; includeSubDomains
      transfer-encoding:
      - chunked
      vary:
      - Accept-Encoding
      x-content-type-options:
      - nosniff
      x-powered-by:
      - ASP.NET
    status:
      code: 200
      message: OK
version: 1
