interactions:
- request:
    body: '{"location": "eastus", "properties": {"addressSpace": {"addressPrefixes":
      ["10.5.0.0/16"]}, "enableDdosProtection": false, "enableVmProtection": false}}'
    headers:
      Accept:
      - application/json
      Accept-Encoding:
      - gzip, deflate
      CommandName:
      - network vnet create
      Connection:
      - keep-alive
      Content-Length:
      - '152'
      Content-Type:
      - application/json
      ParameterSetName:
      - -n -g -l --address-prefix
      User-Agent:
      - AZURECLI/2.51.0 (AAZ) azsdk-python-core/1.26.0 Python/3.10.10 (Windows-10-10.0.22621-SP0)
    method: PUT
    uri: https://management.azure.com/subscriptions/00000000-0000-0000-0000-000000000000/resourceGroups/cli_netappfiles_test_snapshot_000001/providers/Microsoft.Network/virtualNetworks/cli-vnet-lefr-02?api-version=2022-01-01
  response:
    body:
      string: "{\r\n  \"name\": \"cli-vnet-lefr-02\",\r\n  \"id\": \"/subscriptions/00000000-0000-0000-0000-000000000000/resourceGroups/cli_netappfiles_test_snapshot_000001/providers/Microsoft.Network/virtualNetworks/cli-vnet-lefr-02\",\r\n
        \ \"etag\": \"W/\\\"1cbf870e-ffb3-42d9-a80c-81dae4ebe6c0\\\"\",\r\n  \"type\":
        \"Microsoft.Network/virtualNetworks\",\r\n  \"location\": \"eastus\",\r\n
        \ \"tags\": {\r\n    \"CreatedOnDate\": \"2023-08-22T13:24:53.6959973Z\"\r\n
        \ },\r\n  \"properties\": {\r\n    \"provisioningState\": \"Updating\",\r\n
        \   \"resourceGuid\": \"7923273c-f1d4-4ada-9c2e-3b78e2eaf1e8\",\r\n    \"addressSpace\":
        {\r\n      \"addressPrefixes\": [\r\n        \"10.5.0.0/16\"\r\n      ]\r\n
        \   },\r\n    \"subnets\": [],\r\n    \"virtualNetworkPeerings\": [],\r\n
        \   \"enableDdosProtection\": false\r\n  }\r\n}"
    headers:
      azure-asyncnotification:
      - Enabled
      azure-asyncoperation:
      - https://management.azure.com/subscriptions/00000000-0000-0000-0000-000000000000/providers/Microsoft.Network/locations/eastus/operations/6519214b-1b5c-40ed-8539-46ddc8ee559e?api-version=2022-01-01
      cache-control:
      - no-cache
      content-length:
      - '718'
      content-type:
      - application/json; charset=utf-8
      date:
      - Tue, 22 Aug 2023 13:24:55 GMT
      expires:
      - '-1'
      pragma:
      - no-cache
      strict-transport-security:
      - max-age=31536000; includeSubDomains
      x-cache:
      - CONFIG_NOCACHE
      x-content-type-options:
      - nosniff
      x-ms-arm-service-request-id:
      - dc647d01-9d26-49cb-bccd-b811ecc4f82f
      x-ms-ratelimit-remaining-subscription-writes:
      - '1199'
      x-msedge-ref:
      - 'Ref A: 1AF78E8547814503B83A41F59DA68B54 Ref B: AMS231020512033 Ref C: 2023-08-22T13:24:53Z'
    status:
      code: 201
      message: Created
- request:
    body: null
    headers:
      Accept:
      - '*/*'
      Accept-Encoding:
      - gzip, deflate
      CommandName:
      - network vnet create
      Connection:
      - keep-alive
      ParameterSetName:
      - -n -g -l --address-prefix
      User-Agent:
      - AZURECLI/2.51.0 (AAZ) azsdk-python-core/1.26.0 Python/3.10.10 (Windows-10-10.0.22621-SP0)
    method: GET
    uri: https://management.azure.com/subscriptions/00000000-0000-0000-0000-000000000000/providers/Microsoft.Network/locations/eastus/operations/6519214b-1b5c-40ed-8539-46ddc8ee559e?api-version=2022-01-01
  response:
    body:
      string: "{\r\n  \"status\": \"InProgress\"\r\n}"
    headers:
      cache-control:
      - no-cache
      content-length:
      - '30'
      content-type:
      - application/json; charset=utf-8
      date:
      - Tue, 22 Aug 2023 13:24:55 GMT
      expires:
      - '-1'
      pragma:
      - no-cache
      strict-transport-security:
      - max-age=31536000; includeSubDomains
      x-cache:
      - CONFIG_NOCACHE
      x-content-type-options:
      - nosniff
      x-ms-arm-service-request-id:
      - 3f32415c-f137-41ba-af77-f36ac1b81667
      x-msedge-ref:
      - 'Ref A: DBDCBDB8FCC04F25ABB35DF49E5ED03F Ref B: AMS231020512033 Ref C: 2023-08-22T13:24:55Z'
    status:
      code: 200
      message: OK
- request:
    body: null
    headers:
      Accept:
      - '*/*'
      Accept-Encoding:
      - gzip, deflate
      CommandName:
      - network vnet create
      Connection:
      - keep-alive
      ParameterSetName:
      - -n -g -l --address-prefix
      User-Agent:
      - AZURECLI/2.51.0 (AAZ) azsdk-python-core/1.26.0 Python/3.10.10 (Windows-10-10.0.22621-SP0)
    method: GET
    uri: https://management.azure.com/subscriptions/00000000-0000-0000-0000-000000000000/providers/Microsoft.Network/locations/eastus/operations/6519214b-1b5c-40ed-8539-46ddc8ee559e?api-version=2022-01-01
  response:
    body:
      string: "{\r\n  \"status\": \"Succeeded\"\r\n}"
    headers:
      cache-control:
      - no-cache
      content-length:
      - '29'
      content-type:
      - application/json; charset=utf-8
      date:
      - Tue, 22 Aug 2023 13:25:06 GMT
      expires:
      - '-1'
      pragma:
      - no-cache
      strict-transport-security:
      - max-age=31536000; includeSubDomains
      x-cache:
      - CONFIG_NOCACHE
      x-content-type-options:
      - nosniff
      x-ms-arm-service-request-id:
      - 61a61cbc-7bc7-4b89-ada2-61c8ce69e9c0
      x-msedge-ref:
      - 'Ref A: B751E98C9B3E4E17B14E75D9A9B9E4E2 Ref B: AMS231020512033 Ref C: 2023-08-22T13:25:06Z'
    status:
      code: 200
      message: OK
- request:
    body: null
    headers:
      Accept:
      - '*/*'
      Accept-Encoding:
      - gzip, deflate
      CommandName:
      - network vnet create
      Connection:
      - keep-alive
      ParameterSetName:
      - -n -g -l --address-prefix
      User-Agent:
      - AZURECLI/2.51.0 (AAZ) azsdk-python-core/1.26.0 Python/3.10.10 (Windows-10-10.0.22621-SP0)
    method: GET
    uri: https://management.azure.com/subscriptions/00000000-0000-0000-0000-000000000000/resourceGroups/cli_netappfiles_test_snapshot_000001/providers/Microsoft.Network/virtualNetworks/cli-vnet-lefr-02?api-version=2022-01-01
  response:
    body:
      string: "{\r\n  \"name\": \"cli-vnet-lefr-02\",\r\n  \"id\": \"/subscriptions/00000000-0000-0000-0000-000000000000/resourceGroups/cli_netappfiles_test_snapshot_000001/providers/Microsoft.Network/virtualNetworks/cli-vnet-lefr-02\",\r\n
        \ \"etag\": \"W/\\\"54840864-efa3-4744-91ee-41dea8f97c1e\\\"\",\r\n  \"type\":
        \"Microsoft.Network/virtualNetworks\",\r\n  \"location\": \"eastus\",\r\n
        \ \"tags\": {\r\n    \"CreatedOnDate\": \"2023-08-22T13:24:53.6959973Z\"\r\n
        \ },\r\n  \"properties\": {\r\n    \"provisioningState\": \"Succeeded\",\r\n
        \   \"resourceGuid\": \"7923273c-f1d4-4ada-9c2e-3b78e2eaf1e8\",\r\n    \"addressSpace\":
        {\r\n      \"addressPrefixes\": [\r\n        \"10.5.0.0/16\"\r\n      ]\r\n
        \   },\r\n    \"subnets\": [],\r\n    \"virtualNetworkPeerings\": [],\r\n
        \   \"enableDdosProtection\": false\r\n  }\r\n}"
    headers:
      cache-control:
      - no-cache
      content-length:
      - '719'
      content-type:
      - application/json; charset=utf-8
      date:
      - Tue, 22 Aug 2023 13:25:06 GMT
      etag:
      - W/"54840864-efa3-4744-91ee-41dea8f97c1e"
      expires:
      - '-1'
      pragma:
      - no-cache
      strict-transport-security:
      - max-age=31536000; includeSubDomains
      x-cache:
      - CONFIG_NOCACHE
      x-content-type-options:
      - nosniff
      x-ms-arm-service-request-id:
      - df3d794e-7e4d-4a7f-8fe5-4b1695ed381c
      x-msedge-ref:
      - 'Ref A: 585AF0992AE74D36859773741CBF4E3D Ref B: AMS231020512033 Ref C: 2023-08-22T13:25:06Z'
    status:
      code: 200
      message: OK
- request:
    body: '{"name": "cli-subnet-lefr-02", "properties": {"addressPrefix": "10.5.0.0/24",
      "delegations": [{"name": "0", "properties": {"serviceName": "Microsoft.Netapp/volumes"}}]}}'
    headers:
      Accept:
      - application/json
      Accept-Encoding:
      - gzip, deflate
      CommandName:
      - network vnet subnet create
      Connection:
      - keep-alive
      Content-Length:
      - '169'
      Content-Type:
      - application/json
      ParameterSetName:
      - -n --vnet-name --address-prefixes --delegations -g
      User-Agent:
      - AZURECLI/2.51.0 (AAZ) azsdk-python-core/1.26.0 Python/3.10.10 (Windows-10-10.0.22621-SP0)
    method: PUT
    uri: https://management.azure.com/subscriptions/00000000-0000-0000-0000-000000000000/resourceGroups/cli_netappfiles_test_snapshot_000001/providers/Microsoft.Network/virtualNetworks/cli-vnet-lefr-02/subnets/cli-subnet-lefr-02?api-version=2023-09-01
  response:
    body:
      string: "{\r\n  \"name\": \"cli-subnet-lefr-02\",\r\n  \"id\": \"/subscriptions/00000000-0000-0000-0000-000000000000/resourceGroups/cli_netappfiles_test_snapshot_000001/providers/Microsoft.Network/virtualNetworks/cli-vnet-lefr-02/subnets/cli-subnet-lefr-02\",\r\n
        \ \"etag\": \"W/\\\"eea85b88-674d-4818-b739-9d29ebfaf476\\\"\",\r\n  \"properties\":
        {\r\n    \"provisioningState\": \"Updating\",\r\n    \"addressPrefix\": \"10.5.0.0/24\",\r\n
        \   \"delegations\": [\r\n      {\r\n        \"name\": \"0\",\r\n        \"id\":
        \"/subscriptions/00000000-0000-0000-0000-000000000000/resourceGroups/cli_netappfiles_test_snapshot_000001/providers/Microsoft.Network/virtualNetworks/cli-vnet-lefr-02/subnets/cli-subnet-lefr-02/delegations/0\",\r\n
        \       \"etag\": \"W/\\\"eea85b88-674d-4818-b739-9d29ebfaf476\\\"\",\r\n
        \       \"properties\": {\r\n          \"provisioningState\": \"Succeeded\",\r\n
        \         \"serviceName\": \"Microsoft.Netapp/volumes\",\r\n          \"actions\":
        [\r\n            \"Microsoft.Network/networkinterfaces/*\",\r\n            \"Microsoft.Network/virtualNetworks/subnets/join/action\"\r\n
        \         ]\r\n        },\r\n        \"type\": \"Microsoft.Network/virtualNetworks/subnets/delegations\"\r\n
        \     }\r\n    ],\r\n    \"purpose\": \"HostedWorkloads\",\r\n    \"privateEndpointNetworkPolicies\":
        \"Disabled\",\r\n    \"privateLinkServiceNetworkPolicies\": \"Enabled\"\r\n
        \ },\r\n  \"type\": \"Microsoft.Network/virtualNetworks/subnets\"\r\n}"
    headers:
      azure-asyncnotification:
      - Enabled
      azure-asyncoperation:
      - https://management.azure.com/subscriptions/00000000-0000-0000-0000-000000000000/providers/Microsoft.Network/locations/eastus/operations/a6cc3a8e-b975-4524-aa68-82c9f15a99b7?api-version=2022-01-01
      cache-control:
      - no-cache
      content-length:
      - '1317'
      content-type:
      - application/json; charset=utf-8
      date:
      - Tue, 22 Aug 2023 13:25:08 GMT
      expires:
      - '-1'
      pragma:
      - no-cache
      strict-transport-security:
      - max-age=31536000; includeSubDomains
      x-cache:
      - CONFIG_NOCACHE
      x-content-type-options:
      - nosniff
      x-ms-arm-service-request-id:
      - 6133f812-8128-488f-8074-ba9c5e85ed2f
      x-ms-ratelimit-remaining-subscription-writes:
      - '1199'
      x-msedge-ref:
      - 'Ref A: 4E25B66257F242929B575282FFA5BF54 Ref B: AMS231020512031 Ref C: 2023-08-22T13:25:07Z'
    status:
      code: 201
      message: Created
- request:
    body: null
    headers:
      Accept:
      - '*/*'
      Accept-Encoding:
      - gzip, deflate
      CommandName:
      - network vnet subnet create
      Connection:
      - keep-alive
      ParameterSetName:
      - -n --vnet-name --address-prefixes --delegations -g
      User-Agent:
      - AZURECLI/2.51.0 (AAZ) azsdk-python-core/1.26.0 Python/3.10.10 (Windows-10-10.0.22621-SP0)
    method: GET
    uri: https://management.azure.com/subscriptions/00000000-0000-0000-0000-000000000000/providers/Microsoft.Network/locations/eastus/operations/a6cc3a8e-b975-4524-aa68-82c9f15a99b7?api-version=2022-01-01
  response:
    body:
      string: "{\r\n  \"status\": \"Succeeded\"\r\n}"
    headers:
      cache-control:
      - no-cache
      content-length:
      - '29'
      content-type:
      - application/json; charset=utf-8
      date:
      - Tue, 22 Aug 2023 13:25:08 GMT
      expires:
      - '-1'
      pragma:
      - no-cache
      strict-transport-security:
      - max-age=31536000; includeSubDomains
      x-cache:
      - CONFIG_NOCACHE
      x-content-type-options:
      - nosniff
      x-ms-arm-service-request-id:
      - 79227b49-7cc5-4d6d-9722-df12ac1e751b
      x-msedge-ref:
      - 'Ref A: B5A337EFCCE3439E8CEEF4BEF6265093 Ref B: AMS231020512031 Ref C: 2023-08-22T13:25:08Z'
    status:
      code: 200
      message: OK
- request:
    body: null
    headers:
      Accept:
      - '*/*'
      Accept-Encoding:
      - gzip, deflate
      CommandName:
      - network vnet subnet create
      Connection:
      - keep-alive
      ParameterSetName:
      - -n --vnet-name --address-prefixes --delegations -g
      User-Agent:
      - AZURECLI/2.51.0 (AAZ) azsdk-python-core/1.26.0 Python/3.10.10 (Windows-10-10.0.22621-SP0)
    method: GET
    uri: https://management.azure.com/subscriptions/00000000-0000-0000-0000-000000000000/resourceGroups/cli_netappfiles_test_snapshot_000001/providers/Microsoft.Network/virtualNetworks/cli-vnet-lefr-02/subnets/cli-subnet-lefr-02?api-version=2023-09-01
  response:
    body:
      string: "{\r\n  \"name\": \"cli-subnet-lefr-02\",\r\n  \"id\": \"/subscriptions/00000000-0000-0000-0000-000000000000/resourceGroups/cli_netappfiles_test_snapshot_000001/providers/Microsoft.Network/virtualNetworks/cli-vnet-lefr-02/subnets/cli-subnet-lefr-02\",\r\n
        \ \"etag\": \"W/\\\"26cf2bb8-1a3b-4de5-a2e0-2f59df0523a1\\\"\",\r\n  \"properties\":
        {\r\n    \"provisioningState\": \"Succeeded\",\r\n    \"addressPrefix\": \"10.5.0.0/24\",\r\n
        \   \"delegations\": [\r\n      {\r\n        \"name\": \"0\",\r\n        \"id\":
        \"/subscriptions/00000000-0000-0000-0000-000000000000/resourceGroups/cli_netappfiles_test_snapshot_000001/providers/Microsoft.Network/virtualNetworks/cli-vnet-lefr-02/subnets/cli-subnet-lefr-02/delegations/0\",\r\n
        \       \"etag\": \"W/\\\"26cf2bb8-1a3b-4de5-a2e0-2f59df0523a1\\\"\",\r\n
        \       \"properties\": {\r\n          \"provisioningState\": \"Succeeded\",\r\n
        \         \"serviceName\": \"Microsoft.Netapp/volumes\",\r\n          \"actions\":
        [\r\n            \"Microsoft.Network/networkinterfaces/*\",\r\n            \"Microsoft.Network/virtualNetworks/subnets/join/action\"\r\n
        \         ]\r\n        },\r\n        \"type\": \"Microsoft.Network/virtualNetworks/subnets/delegations\"\r\n
        \     }\r\n    ],\r\n    \"purpose\": \"HostedWorkloads\",\r\n    \"privateEndpointNetworkPolicies\":
        \"Disabled\",\r\n    \"privateLinkServiceNetworkPolicies\": \"Enabled\"\r\n
        \ },\r\n  \"type\": \"Microsoft.Network/virtualNetworks/subnets\"\r\n}"
    headers:
      cache-control:
      - no-cache
      content-length:
      - '1318'
      content-type:
      - application/json; charset=utf-8
      date:
      - Tue, 22 Aug 2023 13:25:09 GMT
      etag:
      - W/"26cf2bb8-1a3b-4de5-a2e0-2f59df0523a1"
      expires:
      - '-1'
      pragma:
      - no-cache
      strict-transport-security:
      - max-age=31536000; includeSubDomains
      x-cache:
      - CONFIG_NOCACHE
      x-content-type-options:
      - nosniff
      x-ms-arm-service-request-id:
      - 5e48c468-7567-4e78-a9bd-e135d61073eb
      x-msedge-ref:
      - 'Ref A: 49D08F09463C41249C6F23BF2B64E8A0 Ref B: AMS231020512031 Ref C: 2023-08-22T13:25:09Z'
    status:
      code: 200
      message: OK
- request:
    body: '{"location": "eastus"}'
    headers:
      Accept:
      - application/json
      Accept-Encoding:
      - gzip, deflate
      CommandName:
      - netappfiles account create
      Connection:
      - keep-alive
      Content-Length:
      - '22'
      Content-Type:
      - application/json
      ParameterSetName:
      - -g -a -l
      User-Agent:
      - AZURECLI/2.51.0 azsdk-python-mgmt-netapp/10.1.0 Python/3.10.10 (Windows-10-10.0.22621-SP0)
    method: PUT
    uri: https://management.azure.com/subscriptions/00000000-0000-0000-0000-000000000000/resourceGroups/cli_netappfiles_test_snapshot_000001/providers/Microsoft.NetApp/netAppAccounts/cli-acc-000002?api-version=2022-11-01
  response:
    body:
      string: '{"id":"/subscriptions/00000000-0000-0000-0000-000000000000/resourceGroups/cli_netappfiles_test_snapshot_000001/providers/Microsoft.NetApp/netAppAccounts/cli-acc-000002","name":"cli-acc-000002","type":"Microsoft.NetApp/netAppAccounts","etag":"W/\"datetime''2023-08-22T13%3A25%3A11.2620744Z''\"","location":"eastus","tags":{"CreatedOnDate":"2023-08-22T13:25:10.2915999Z"},"properties":{"provisioningState":"Creating"},"systemData":{"createdBy":"c6c4faba-2b22-44d9-80a4-71ff5b71f811","createdByType":"Application","createdAt":"2023-08-22T13:25:10.6589647Z","lastModifiedBy":"c6c4faba-2b22-44d9-80a4-71ff5b71f811","lastModifiedByType":"Application","lastModifiedAt":"2023-08-22T13:25:10.6589647Z"}}'
    headers:
      azure-asyncoperation:
      - https://management.azure.com/subscriptions/00000000-0000-0000-0000-000000000000/providers/Microsoft.NetApp/locations/eastus/operationResults/47d82274-4a91-41af-9de8-f19c8fedffcc?api-version=2022-11-01
      cache-control:
      - no-cache
      content-length:
      - '692'
      content-type:
      - application/json; charset=utf-8
      date:
      - Tue, 22 Aug 2023 13:25:12 GMT
      etag:
      - W/"datetime'2023-08-22T13%3A25%3A11.2620744Z'"
      expires:
      - '-1'
      pragma:
      - no-cache
      strict-transport-security:
      - max-age=31536000; includeSubDomains
      x-cache:
      - CONFIG_NOCACHE
      x-content-type-options:
      - nosniff
      x-ms-ratelimit-remaining-subscription-writes:
      - '1198'
      x-msedge-ref:
      - 'Ref A: A5C8DA5147E149D089D124DE735A8A59 Ref B: AMS231020512047 Ref C: 2023-08-22T13:25:09Z'
      x-powered-by:
      - ASP.NET
    status:
      code: 201
      message: Created
- request:
    body: null
    headers:
      Accept:
      - '*/*'
      Accept-Encoding:
      - gzip, deflate
      CommandName:
      - netappfiles account create
      Connection:
      - keep-alive
      ParameterSetName:
      - -g -a -l
      User-Agent:
      - AZURECLI/2.51.0 azsdk-python-mgmt-netapp/10.1.0 Python/3.10.10 (Windows-10-10.0.22621-SP0)
    method: GET
    uri: https://management.azure.com/subscriptions/00000000-0000-0000-0000-000000000000/providers/Microsoft.NetApp/locations/eastus/operationResults/47d82274-4a91-41af-9de8-f19c8fedffcc?api-version=2022-11-01
  response:
    body:
      string: '{"id":"/subscriptions/00000000-0000-0000-0000-000000000000/providers/Microsoft.NetApp/locations/eastus/operationResults/47d82274-4a91-41af-9de8-f19c8fedffcc","name":"47d82274-4a91-41af-9de8-f19c8fedffcc","status":"Succeeded","startTime":"2023-08-22T13:25:11.2764297Z","endTime":"2023-08-22T13:25:11.3084334Z","percentComplete":100.0,"properties":{"resourceName":"/subscriptions/00000000-0000-0000-0000-000000000000/resourceGroups/cli_netappfiles_test_snapshot_000001/providers/Microsoft.NetApp/netAppAccounts/cli-acc-000002","action":"CREATE"}}'
    headers:
      cache-control:
      - no-cache
      content-length:
      - '544'
      content-type:
      - application/json; charset=utf-8
      date:
      - Tue, 22 Aug 2023 13:25:13 GMT
      expires:
      - '-1'
      pragma:
      - no-cache
      strict-transport-security:
      - max-age=31536000; includeSubDomains
      x-cache:
      - CONFIG_NOCACHE
      x-content-type-options:
      - nosniff
      x-msedge-ref:
      - 'Ref A: E72C823160D545549A20BBD27D99A619 Ref B: AMS231020512047 Ref C: 2023-08-22T13:25:13Z'
      x-powered-by:
      - ASP.NET
    status:
      code: 200
      message: OK
- request:
    body: null
    headers:
      Accept:
      - '*/*'
      Accept-Encoding:
      - gzip, deflate
      CommandName:
      - netappfiles account create
      Connection:
      - keep-alive
      ParameterSetName:
      - -g -a -l
      User-Agent:
      - AZURECLI/2.51.0 azsdk-python-mgmt-netapp/10.1.0 Python/3.10.10 (Windows-10-10.0.22621-SP0)
    method: GET
    uri: https://management.azure.com/subscriptions/00000000-0000-0000-0000-000000000000/resourceGroups/cli_netappfiles_test_snapshot_000001/providers/Microsoft.NetApp/netAppAccounts/cli-acc-000002?api-version=2022-11-01
  response:
    body:
      string: '{"id":"/subscriptions/00000000-0000-0000-0000-000000000000/resourceGroups/cli_netappfiles_test_snapshot_000001/providers/Microsoft.NetApp/netAppAccounts/cli-acc-000002","name":"cli-acc-000002","type":"Microsoft.NetApp/netAppAccounts","etag":"W/\"datetime''2023-08-22T13%3A25%3A11.300257Z''\"","location":"eastus","tags":{"CreatedOnDate":"2023-08-22T13:25:10.2915999Z"},"properties":{"activeDirectories":[{"activeDirectoryId":"669e6357-ea94-71f3-eb9a-e2ce5d7438b3","username":"sdkuser","password":"****************","domain":"sdkdomain","dns":"192.0.2.2","status":"Created","smbServerName":"SDKSMBSeNa","organizationalUnit":"CN=Computers","aesEncryption":false,"ldapSigning":false,"ldapOverTLS":false,"allowLocalNfsUsersWithLdap":false,"encryptDCConnections":false,"ldapSearchScope":{}}],"encryption":{"keySource":"Microsoft.NetApp"},"provisioningState":"Succeeded"},"systemData":{"createdBy":"c6c4faba-2b22-44d9-80a4-71ff5b71f811","createdByType":"Application","createdAt":"2023-08-22T13:25:10.6589647Z","lastModifiedBy":"c6c4faba-2b22-44d9-80a4-71ff5b71f811","lastModifiedByType":"Application","lastModifiedAt":"2023-08-22T13:25:10.6589647Z"}}'
    headers:
      cache-control:
      - no-cache
      content-length:
      - '1142'
      content-type:
      - application/json; charset=utf-8
      date:
      - Tue, 22 Aug 2023 13:25:14 GMT
      etag:
      - W/"datetime'2023-08-22T13%3A25%3A11.300257Z'"
      expires:
      - '-1'
      pragma:
      - no-cache
      strict-transport-security:
      - max-age=31536000; includeSubDomains
      x-cache:
      - CONFIG_NOCACHE
      x-content-type-options:
      - nosniff
      x-msedge-ref:
      - 'Ref A: 65B60E95975F4C2B8DF1AF356CA4D8AE Ref B: AMS231020512047 Ref C: 2023-08-22T13:25:13Z'
      x-powered-by:
      - ASP.NET
    status:
      code: 200
      message: OK
- request:
    body: '{"location": "eastus", "properties": {"size": 4398046511104, "serviceLevel":
      "Premium"}}'
    headers:
      Accept:
      - application/json
      Accept-Encoding:
      - gzip, deflate
      CommandName:
      - netappfiles pool create
      Connection:
      - keep-alive
      Content-Length:
      - '88'
      Content-Type:
      - application/json
      ParameterSetName:
      - -g -a -p -l --service-level --size
      User-Agent:
      - AZURECLI/2.51.0 azsdk-python-mgmt-netapp/10.1.0 Python/3.10.10 (Windows-10-10.0.22621-SP0)
    method: PUT
    uri: https://management.azure.com/subscriptions/00000000-0000-0000-0000-000000000000/resourceGroups/cli_netappfiles_test_snapshot_000001/providers/Microsoft.NetApp/netAppAccounts/cli-acc-000002/capacityPools/cli-pool-000003?api-version=2022-11-01
  response:
    body:
      string: '{"id":"/subscriptions/00000000-0000-0000-0000-000000000000/resourceGroups/cli_netappfiles_test_snapshot_000001/providers/Microsoft.NetApp/netAppAccounts/cli-acc-000002/capacityPools/cli-pool-000003","name":"cli-acc-000002/cli-pool-000003","type":"Microsoft.NetApp/netAppAccounts/capacityPools","etag":"W/\"datetime''2023-08-22T13%3A25%3A17.4039161Z''\"","location":"eastus","tags":{"CreatedOnDate":"2023-08-22T13:25:16.0012098Z"},"properties":{"serviceLevel":"Premium","size":4398046511104,"totalThroughputMibps":0.0,"utilizedThroughputMibps":0.0,"provisioningState":"Creating"},"systemData":{"createdBy":"c6c4faba-2b22-44d9-80a4-71ff5b71f811","createdByType":"Application","createdAt":"2023-08-22T13:25:16.5317523Z","lastModifiedBy":"c6c4faba-2b22-44d9-80a4-71ff5b71f811","lastModifiedByType":"Application","lastModifiedAt":"2023-08-22T13:25:16.5317523Z"}}'
    headers:
      azure-asyncoperation:
      - https://management.azure.com/subscriptions/00000000-0000-0000-0000-000000000000/providers/Microsoft.NetApp/locations/eastus/operationResults/8d6ca3a5-1063-4fd0-87ec-9465d3841942?api-version=2022-11-01
      cache-control:
      - no-cache
      content-length:
      - '855'
      content-type:
      - application/json; charset=utf-8
      date:
      - Tue, 22 Aug 2023 13:25:18 GMT
      etag:
      - W/"datetime'2023-08-22T13%3A25%3A17.4039161Z'"
      expires:
      - '-1'
      pragma:
      - no-cache
      strict-transport-security:
      - max-age=31536000; includeSubDomains
      x-cache:
      - CONFIG_NOCACHE
      x-content-type-options:
      - nosniff
      x-ms-ratelimit-remaining-subscription-writes:
      - '1199'
      x-msedge-ref:
      - 'Ref A: 97FE02FF15284A728397A78CAD9CF685 Ref B: AMS231020614017 Ref C: 2023-08-22T13:25:15Z'
      x-powered-by:
      - ASP.NET
    status:
      code: 201
      message: Created
- request:
    body: null
    headers:
      Accept:
      - '*/*'
      Accept-Encoding:
      - gzip, deflate
      CommandName:
      - netappfiles pool create
      Connection:
      - keep-alive
      ParameterSetName:
      - -g -a -p -l --service-level --size
      User-Agent:
      - AZURECLI/2.51.0 azsdk-python-mgmt-netapp/10.1.0 Python/3.10.10 (Windows-10-10.0.22621-SP0)
    method: GET
    uri: https://management.azure.com/subscriptions/00000000-0000-0000-0000-000000000000/providers/Microsoft.NetApp/locations/eastus/operationResults/8d6ca3a5-1063-4fd0-87ec-9465d3841942?api-version=2022-11-01
  response:
    body:
      string: '{"id":"/subscriptions/00000000-0000-0000-0000-000000000000/providers/Microsoft.NetApp/locations/eastus/operationResults/8d6ca3a5-1063-4fd0-87ec-9465d3841942","name":"8d6ca3a5-1063-4fd0-87ec-9465d3841942","status":"Succeeded","startTime":"2023-08-22T13:25:17.4124776Z","endTime":"2023-08-22T13:25:17.6311318Z","percentComplete":100.0,"properties":{"resourceName":"/subscriptions/00000000-0000-0000-0000-000000000000/resourceGroups/cli_netappfiles_test_snapshot_000001/providers/Microsoft.NetApp/netAppAccounts/cli-acc-000002/capacityPools/cli-pool-000003","action":"CREATE"}}'
    headers:
      cache-control:
      - no-cache
      content-length:
      - '574'
      content-type:
      - application/json; charset=utf-8
      date:
      - Tue, 22 Aug 2023 13:25:19 GMT
      expires:
      - '-1'
      pragma:
      - no-cache
      strict-transport-security:
      - max-age=31536000; includeSubDomains
      x-cache:
      - CONFIG_NOCACHE
      x-content-type-options:
      - nosniff
      x-msedge-ref:
      - 'Ref A: 138B5D31CF834477AC14F815E31F6814 Ref B: AMS231020614017 Ref C: 2023-08-22T13:25:18Z'
      x-powered-by:
      - ASP.NET
    status:
      code: 200
      message: OK
- request:
    body: null
    headers:
      Accept:
      - '*/*'
      Accept-Encoding:
      - gzip, deflate
      CommandName:
      - netappfiles pool create
      Connection:
      - keep-alive
      ParameterSetName:
      - -g -a -p -l --service-level --size
      User-Agent:
      - AZURECLI/2.51.0 azsdk-python-mgmt-netapp/10.1.0 Python/3.10.10 (Windows-10-10.0.22621-SP0)
    method: GET
    uri: https://management.azure.com/subscriptions/00000000-0000-0000-0000-000000000000/resourceGroups/cli_netappfiles_test_snapshot_000001/providers/Microsoft.NetApp/netAppAccounts/cli-acc-000002/capacityPools/cli-pool-000003?api-version=2022-11-01
  response:
    body:
      string: '{"id":"/subscriptions/00000000-0000-0000-0000-000000000000/resourceGroups/cli_netappfiles_test_snapshot_000001/providers/Microsoft.NetApp/netAppAccounts/cli-acc-000002/capacityPools/cli-pool-000003","name":"cli-acc-000002/cli-pool-000003","type":"Microsoft.NetApp/netAppAccounts/capacityPools","etag":"W/\"datetime''2023-08-22T13%3A25%3A17.6196717Z''\"","location":"eastus","tags":{"CreatedOnDate":"2023-08-22T13:25:16.0012098Z"},"properties":{"poolId":"1da8253e-4c2a-6f92-a0d9-fb8e97889ab8","serviceLevel":"Premium","size":4398046511104,"qosType":"Auto","totalThroughputMibps":256.0,"utilizedThroughputMibps":0.0,"encryptionType":"Single","coolAccess":false,"provisioningState":"Succeeded"},"systemData":{"createdBy":"c6c4faba-2b22-44d9-80a4-71ff5b71f811","createdByType":"Application","createdAt":"2023-08-22T13:25:16.5317523Z","lastModifiedBy":"c6c4faba-2b22-44d9-80a4-71ff5b71f811","lastModifiedByType":"Application","lastModifiedAt":"2023-08-22T13:25:16.5317523Z"}}'
    headers:
      cache-control:
      - no-cache
      content-length:
      - '968'
      content-type:
      - application/json; charset=utf-8
      date:
      - Tue, 22 Aug 2023 13:25:20 GMT
      etag:
      - W/"datetime'2023-08-22T13%3A25%3A17.6196717Z'"
      expires:
      - '-1'
      pragma:
      - no-cache
      strict-transport-security:
      - max-age=31536000; includeSubDomains
      x-cache:
      - CONFIG_NOCACHE
      x-content-type-options:
      - nosniff
      x-msedge-ref:
      - 'Ref A: 449A8260E5D64CB3BF141BB6DCD0FEF7 Ref B: AMS231020614017 Ref C: 2023-08-22T13:25:19Z'
      x-powered-by:
      - ASP.NET
    status:
      code: 200
      message: OK
- request:
    body: '{"location": "eastus", "properties": {"creationToken": "cli-vol-000004",
      "serviceLevel": "Premium", "usageThreshold": 107374182400, "subnetId": "/subscriptions/00000000-0000-0000-0000-000000000000/resourceGroups/cli_netappfiles_test_snapshot_000001/providers/Microsoft.Network/virtualNetworks/cli-vnet-lefr-02/subnets/cli-subnet-lefr-02",
      "isLargeVolume": false}}'
    headers:
      Accept:
      - application/json
      Accept-Encoding:
      - gzip, deflate
      CommandName:
      - netappfiles volume create
      Connection:
      - keep-alive
      Content-Length:
      - '363'
      Content-Type:
      - application/json
      ParameterSetName:
      - -g -a -p -v -l --service-level --usage-threshold --file-path --vnet --subnet
      User-Agent:
      - AZURECLI/2.51.0 azsdk-python-mgmt-netapp/10.1.0 Python/3.10.10 (Windows-10-10.0.22621-SP0)
    method: PUT
    uri: https://management.azure.com/subscriptions/00000000-0000-0000-0000-000000000000/resourceGroups/cli_netappfiles_test_snapshot_000001/providers/Microsoft.NetApp/netAppAccounts/cli-acc-000002/capacityPools/cli-pool-000003/volumes/cli-vol-000004?api-version=2022-11-01
  response:
    body:
      string: '{"id":"/subscriptions/00000000-0000-0000-0000-000000000000/resourceGroups/cli_netappfiles_test_snapshot_000001/providers/Microsoft.NetApp/netAppAccounts/cli-acc-000002/capacityPools/cli-pool-000003/volumes/cli-vol-000004","name":"cli-acc-000002/cli-pool-000003/cli-vol-000004","type":"Microsoft.NetApp/netAppAccounts/capacityPools/volumes","etag":"W/\"datetime''2023-08-22T13%3A26%3A22.7818017Z''\"","location":"eastus","tags":{"CreatedOnDate":"2023-08-22T13:26:21.5122476Z"},"properties":{"volumeType":"","serviceLevel":"Premium","creationToken":"cli-vol-000004","usageThreshold":107374182400,"subnetId":"/subscriptions/00000000-0000-0000-0000-000000000000/resourceGroups/cli_netappfiles_test_snapshot_000001/providers/Microsoft.Network/virtualNetworks/cli-vnet-lefr-02/subnets/cli-subnet-lefr-02","maximumNumberOfFiles":100000000,"isLargeVolume":false,"provisioningState":"Creating"},"systemData":{"createdBy":"c6c4faba-2b22-44d9-80a4-71ff5b71f811","createdByType":"Application","createdAt":"2023-08-22T13:26:22.1137585Z","lastModifiedBy":"c6c4faba-2b22-44d9-80a4-71ff5b71f811","lastModifiedByType":"Application","lastModifiedAt":"2023-08-22T13:26:22.1137585Z"}}'
    headers:
      azure-asyncoperation:
      - https://management.azure.com/subscriptions/00000000-0000-0000-0000-000000000000/providers/Microsoft.NetApp/locations/eastus/operationResults/275bac61-136c-4465-980c-9e9d97dce3db?api-version=2022-11-01
      cache-control:
      - no-cache
      content-length:
      - '1162'
      content-type:
      - application/json; charset=utf-8
      date:
      - Tue, 22 Aug 2023 13:26:23 GMT
      etag:
      - W/"datetime'2023-08-22T13%3A26%3A22.7818017Z'"
      expires:
      - '-1'
      pragma:
      - no-cache
      strict-transport-security:
      - max-age=31536000; includeSubDomains
      x-cache:
      - CONFIG_NOCACHE
      x-content-type-options:
      - nosniff
      x-ms-ratelimit-remaining-subscription-writes:
      - '1198'
      x-msedge-ref:
      - 'Ref A: DED6B1F153964007AC4DBFAC5B586C13 Ref B: AMS231020512029 Ref C: 2023-08-22T13:26:21Z'
      x-powered-by:
      - ASP.NET
    status:
      code: 201
      message: Created
- request:
    body: null
    headers:
      Accept:
      - '*/*'
      Accept-Encoding:
      - gzip, deflate
      CommandName:
      - netappfiles volume create
      Connection:
      - keep-alive
      ParameterSetName:
      - -g -a -p -v -l --service-level --usage-threshold --file-path --vnet --subnet
      User-Agent:
      - AZURECLI/2.51.0 azsdk-python-mgmt-netapp/10.1.0 Python/3.10.10 (Windows-10-10.0.22621-SP0)
    method: GET
    uri: https://management.azure.com/subscriptions/00000000-0000-0000-0000-000000000000/providers/Microsoft.NetApp/locations/eastus/operationResults/275bac61-136c-4465-980c-9e9d97dce3db?api-version=2022-11-01
  response:
    body:
      string: '{"id":"/subscriptions/00000000-0000-0000-0000-000000000000/providers/Microsoft.NetApp/locations/eastus/operationResults/275bac61-136c-4465-980c-9e9d97dce3db","name":"275bac61-136c-4465-980c-9e9d97dce3db","status":"Creating","startTime":"2023-08-22T13:26:22.7912693Z","endTime":"0001-01-01T00:00:00Z","percentComplete":0.0,"properties":{"resourceName":"/subscriptions/00000000-0000-0000-0000-000000000000/resourceGroups/cli_netappfiles_test_snapshot_000001/providers/Microsoft.NetApp/netAppAccounts/cli-acc-000002/capacityPools/cli-pool-000003/volumes/cli-vol-000004","action":"CREATE"}}'
    headers:
      cache-control:
      - no-cache
      content-length:
      - '586'
      content-type:
      - application/json; charset=utf-8
      date:
      - Tue, 22 Aug 2023 13:26:23 GMT
      expires:
      - '-1'
      pragma:
      - no-cache
      strict-transport-security:
      - max-age=31536000; includeSubDomains
      x-cache:
      - CONFIG_NOCACHE
      x-content-type-options:
      - nosniff
      x-msedge-ref:
      - 'Ref A: A2E8340A5AEA4C4AAEBC3EEBEE231773 Ref B: AMS231020512029 Ref C: 2023-08-22T13:26:23Z'
      x-powered-by:
      - ASP.NET
    status:
      code: 200
      message: OK
- request:
    body: null
    headers:
      Accept:
      - '*/*'
      Accept-Encoding:
      - gzip, deflate
      CommandName:
      - netappfiles volume create
      Connection:
      - keep-alive
      ParameterSetName:
      - -g -a -p -v -l --service-level --usage-threshold --file-path --vnet --subnet
      User-Agent:
      - AZURECLI/2.51.0 azsdk-python-mgmt-netapp/10.1.0 Python/3.10.10 (Windows-10-10.0.22621-SP0)
    method: GET
    uri: https://management.azure.com/subscriptions/00000000-0000-0000-0000-000000000000/providers/Microsoft.NetApp/locations/eastus/operationResults/275bac61-136c-4465-980c-9e9d97dce3db?api-version=2022-11-01
  response:
    body:
      string: '{"id":"/subscriptions/00000000-0000-0000-0000-000000000000/providers/Microsoft.NetApp/locations/eastus/operationResults/275bac61-136c-4465-980c-9e9d97dce3db","name":"275bac61-136c-4465-980c-9e9d97dce3db","status":"Creating","startTime":"2023-08-22T13:26:22.7912693Z","endTime":"0001-01-01T00:00:00Z","percentComplete":0.0,"properties":{"resourceName":"/subscriptions/00000000-0000-0000-0000-000000000000/resourceGroups/cli_netappfiles_test_snapshot_000001/providers/Microsoft.NetApp/netAppAccounts/cli-acc-000002/capacityPools/cli-pool-000003/volumes/cli-vol-000004","action":"CREATE"}}'
    headers:
      cache-control:
      - no-cache
      content-length:
      - '586'
      content-type:
      - application/json; charset=utf-8
      date:
      - Tue, 22 Aug 2023 13:26:54 GMT
      expires:
      - '-1'
      pragma:
      - no-cache
      strict-transport-security:
      - max-age=31536000; includeSubDomains
      x-cache:
      - CONFIG_NOCACHE
      x-content-type-options:
      - nosniff
      x-msedge-ref:
      - 'Ref A: FFDDEA8F46E64AE2A8814B7D18771B61 Ref B: AMS231020512029 Ref C: 2023-08-22T13:26:54Z'
      x-powered-by:
      - ASP.NET
    status:
      code: 200
      message: OK
- request:
    body: null
    headers:
      Accept:
      - '*/*'
      Accept-Encoding:
      - gzip, deflate
      CommandName:
      - netappfiles volume create
      Connection:
      - keep-alive
      ParameterSetName:
      - -g -a -p -v -l --service-level --usage-threshold --file-path --vnet --subnet
      User-Agent:
      - AZURECLI/2.51.0 azsdk-python-mgmt-netapp/10.1.0 Python/3.10.10 (Windows-10-10.0.22621-SP0)
    method: GET
    uri: https://management.azure.com/subscriptions/00000000-0000-0000-0000-000000000000/providers/Microsoft.NetApp/locations/eastus/operationResults/275bac61-136c-4465-980c-9e9d97dce3db?api-version=2022-11-01
  response:
    body:
      string: '{"id":"/subscriptions/00000000-0000-0000-0000-000000000000/providers/Microsoft.NetApp/locations/eastus/operationResults/275bac61-136c-4465-980c-9e9d97dce3db","name":"275bac61-136c-4465-980c-9e9d97dce3db","status":"Creating","startTime":"2023-08-22T13:26:22.7912693Z","endTime":"0001-01-01T00:00:00Z","percentComplete":0.0,"properties":{"resourceName":"/subscriptions/00000000-0000-0000-0000-000000000000/resourceGroups/cli_netappfiles_test_snapshot_000001/providers/Microsoft.NetApp/netAppAccounts/cli-acc-000002/capacityPools/cli-pool-000003/volumes/cli-vol-000004","action":"CREATE"}}'
    headers:
      cache-control:
      - no-cache
      content-length:
      - '586'
      content-type:
      - application/json; charset=utf-8
      date:
      - Tue, 22 Aug 2023 13:27:25 GMT
      expires:
      - '-1'
      pragma:
      - no-cache
      strict-transport-security:
      - max-age=31536000; includeSubDomains
      x-cache:
      - CONFIG_NOCACHE
      x-content-type-options:
      - nosniff
      x-msedge-ref:
      - 'Ref A: 91BE9695E8C146F292AA370CECFD5562 Ref B: AMS231020512029 Ref C: 2023-08-22T13:27:25Z'
      x-powered-by:
      - ASP.NET
    status:
      code: 200
      message: OK
- request:
    body: null
    headers:
      Accept:
      - '*/*'
      Accept-Encoding:
      - gzip, deflate
      CommandName:
      - netappfiles volume create
      Connection:
      - keep-alive
      ParameterSetName:
      - -g -a -p -v -l --service-level --usage-threshold --file-path --vnet --subnet
      User-Agent:
      - AZURECLI/2.51.0 azsdk-python-mgmt-netapp/10.1.0 Python/3.10.10 (Windows-10-10.0.22621-SP0)
    method: GET
    uri: https://management.azure.com/subscriptions/00000000-0000-0000-0000-000000000000/providers/Microsoft.NetApp/locations/eastus/operationResults/275bac61-136c-4465-980c-9e9d97dce3db?api-version=2022-11-01
  response:
    body:
      string: '{"id":"/subscriptions/00000000-0000-0000-0000-000000000000/providers/Microsoft.NetApp/locations/eastus/operationResults/275bac61-136c-4465-980c-9e9d97dce3db","name":"275bac61-136c-4465-980c-9e9d97dce3db","status":"Creating","startTime":"2023-08-22T13:26:22.7912693Z","endTime":"0001-01-01T00:00:00Z","percentComplete":0.0,"properties":{"resourceName":"/subscriptions/00000000-0000-0000-0000-000000000000/resourceGroups/cli_netappfiles_test_snapshot_000001/providers/Microsoft.NetApp/netAppAccounts/cli-acc-000002/capacityPools/cli-pool-000003/volumes/cli-vol-000004","action":"CREATE"}}'
    headers:
      cache-control:
      - no-cache
      content-length:
      - '586'
      content-type:
      - application/json; charset=utf-8
      date:
      - Tue, 22 Aug 2023 13:27:55 GMT
      expires:
      - '-1'
      pragma:
      - no-cache
      strict-transport-security:
      - max-age=31536000; includeSubDomains
      x-cache:
      - CONFIG_NOCACHE
      x-content-type-options:
      - nosniff
      x-msedge-ref:
      - 'Ref A: D38027A5FC284FA9966922C2B67E1D92 Ref B: AMS231020512029 Ref C: 2023-08-22T13:27:55Z'
      x-powered-by:
      - ASP.NET
    status:
      code: 200
      message: OK
- request:
    body: null
    headers:
      Accept:
      - '*/*'
      Accept-Encoding:
      - gzip, deflate
      CommandName:
      - netappfiles volume create
      Connection:
      - keep-alive
      ParameterSetName:
      - -g -a -p -v -l --service-level --usage-threshold --file-path --vnet --subnet
      User-Agent:
      - AZURECLI/2.51.0 azsdk-python-mgmt-netapp/10.1.0 Python/3.10.10 (Windows-10-10.0.22621-SP0)
    method: GET
    uri: https://management.azure.com/subscriptions/00000000-0000-0000-0000-000000000000/providers/Microsoft.NetApp/locations/eastus/operationResults/275bac61-136c-4465-980c-9e9d97dce3db?api-version=2022-11-01
  response:
    body:
      string: '{"id":"/subscriptions/00000000-0000-0000-0000-000000000000/providers/Microsoft.NetApp/locations/eastus/operationResults/275bac61-136c-4465-980c-9e9d97dce3db","name":"275bac61-136c-4465-980c-9e9d97dce3db","status":"Creating","startTime":"2023-08-22T13:26:22.7912693Z","endTime":"0001-01-01T00:00:00Z","percentComplete":0.0,"properties":{"resourceName":"/subscriptions/00000000-0000-0000-0000-000000000000/resourceGroups/cli_netappfiles_test_snapshot_000001/providers/Microsoft.NetApp/netAppAccounts/cli-acc-000002/capacityPools/cli-pool-000003/volumes/cli-vol-000004","action":"CREATE"}}'
    headers:
      cache-control:
      - no-cache
      content-length:
      - '586'
      content-type:
      - application/json; charset=utf-8
      date:
      - Tue, 22 Aug 2023 13:28:26 GMT
      expires:
      - '-1'
      pragma:
      - no-cache
      strict-transport-security:
      - max-age=31536000; includeSubDomains
      x-cache:
      - CONFIG_NOCACHE
      x-content-type-options:
      - nosniff
      x-msedge-ref:
      - 'Ref A: AF0982205D904BB4B75E3361364DAD2B Ref B: AMS231020512029 Ref C: 2023-08-22T13:28:26Z'
      x-powered-by:
      - ASP.NET
    status:
      code: 200
      message: OK
- request:
    body: null
    headers:
      Accept:
      - '*/*'
      Accept-Encoding:
      - gzip, deflate
      CommandName:
      - netappfiles volume create
      Connection:
      - keep-alive
      ParameterSetName:
      - -g -a -p -v -l --service-level --usage-threshold --file-path --vnet --subnet
      User-Agent:
      - AZURECLI/2.51.0 azsdk-python-mgmt-netapp/10.1.0 Python/3.10.10 (Windows-10-10.0.22621-SP0)
    method: GET
    uri: https://management.azure.com/subscriptions/00000000-0000-0000-0000-000000000000/providers/Microsoft.NetApp/locations/eastus/operationResults/275bac61-136c-4465-980c-9e9d97dce3db?api-version=2022-11-01
  response:
    body:
      string: '{"id":"/subscriptions/00000000-0000-0000-0000-000000000000/providers/Microsoft.NetApp/locations/eastus/operationResults/275bac61-136c-4465-980c-9e9d97dce3db","name":"275bac61-136c-4465-980c-9e9d97dce3db","status":"Creating","startTime":"2023-08-22T13:26:22.7912693Z","endTime":"0001-01-01T00:00:00Z","percentComplete":0.0,"properties":{"resourceName":"/subscriptions/00000000-0000-0000-0000-000000000000/resourceGroups/cli_netappfiles_test_snapshot_000001/providers/Microsoft.NetApp/netAppAccounts/cli-acc-000002/capacityPools/cli-pool-000003/volumes/cli-vol-000004","action":"CREATE"}}'
    headers:
      cache-control:
      - no-cache
      content-length:
      - '586'
      content-type:
      - application/json; charset=utf-8
      date:
      - Tue, 22 Aug 2023 13:28:57 GMT
      expires:
      - '-1'
      pragma:
      - no-cache
      strict-transport-security:
      - max-age=31536000; includeSubDomains
      x-cache:
      - CONFIG_NOCACHE
      x-content-type-options:
      - nosniff
      x-msedge-ref:
      - 'Ref A: AB25FB04B19143DBA8D87134FE7BED14 Ref B: AMS231020512029 Ref C: 2023-08-22T13:28:57Z'
      x-powered-by:
      - ASP.NET
    status:
      code: 200
      message: OK
- request:
    body: null
    headers:
      Accept:
      - '*/*'
      Accept-Encoding:
      - gzip, deflate
      CommandName:
      - netappfiles volume create
      Connection:
      - keep-alive
      ParameterSetName:
      - -g -a -p -v -l --service-level --usage-threshold --file-path --vnet --subnet
      User-Agent:
      - AZURECLI/2.51.0 azsdk-python-mgmt-netapp/10.1.0 Python/3.10.10 (Windows-10-10.0.22621-SP0)
    method: GET
    uri: https://management.azure.com/subscriptions/00000000-0000-0000-0000-000000000000/providers/Microsoft.NetApp/locations/eastus/operationResults/275bac61-136c-4465-980c-9e9d97dce3db?api-version=2022-11-01
  response:
    body:
      string: '{"id":"/subscriptions/00000000-0000-0000-0000-000000000000/providers/Microsoft.NetApp/locations/eastus/operationResults/275bac61-136c-4465-980c-9e9d97dce3db","name":"275bac61-136c-4465-980c-9e9d97dce3db","status":"Creating","startTime":"2023-08-22T13:26:22.7912693Z","endTime":"0001-01-01T00:00:00Z","percentComplete":0.0,"properties":{"resourceName":"/subscriptions/00000000-0000-0000-0000-000000000000/resourceGroups/cli_netappfiles_test_snapshot_000001/providers/Microsoft.NetApp/netAppAccounts/cli-acc-000002/capacityPools/cli-pool-000003/volumes/cli-vol-000004","action":"CREATE"}}'
    headers:
      cache-control:
      - no-cache
      content-length:
      - '586'
      content-type:
      - application/json; charset=utf-8
      date:
      - Tue, 22 Aug 2023 13:29:28 GMT
      expires:
      - '-1'
      pragma:
      - no-cache
      strict-transport-security:
      - max-age=31536000; includeSubDomains
      x-cache:
      - CONFIG_NOCACHE
      x-content-type-options:
      - nosniff
      x-msedge-ref:
      - 'Ref A: 97C81207C80B42AE9179AD0441C48DBD Ref B: AMS231020512029 Ref C: 2023-08-22T13:29:28Z'
      x-powered-by:
      - ASP.NET
    status:
      code: 200
      message: OK
- request:
    body: null
    headers:
      Accept:
      - '*/*'
      Accept-Encoding:
      - gzip, deflate
      CommandName:
      - netappfiles volume create
      Connection:
      - keep-alive
      ParameterSetName:
      - -g -a -p -v -l --service-level --usage-threshold --file-path --vnet --subnet
      User-Agent:
      - AZURECLI/2.51.0 azsdk-python-mgmt-netapp/10.1.0 Python/3.10.10 (Windows-10-10.0.22621-SP0)
    method: GET
    uri: https://management.azure.com/subscriptions/00000000-0000-0000-0000-000000000000/providers/Microsoft.NetApp/locations/eastus/operationResults/275bac61-136c-4465-980c-9e9d97dce3db?api-version=2022-11-01
  response:
    body:
      string: '{"id":"/subscriptions/00000000-0000-0000-0000-000000000000/providers/Microsoft.NetApp/locations/eastus/operationResults/275bac61-136c-4465-980c-9e9d97dce3db","name":"275bac61-136c-4465-980c-9e9d97dce3db","status":"Creating","startTime":"2023-08-22T13:26:22.7912693Z","endTime":"0001-01-01T00:00:00Z","percentComplete":0.0,"properties":{"resourceName":"/subscriptions/00000000-0000-0000-0000-000000000000/resourceGroups/cli_netappfiles_test_snapshot_000001/providers/Microsoft.NetApp/netAppAccounts/cli-acc-000002/capacityPools/cli-pool-000003/volumes/cli-vol-000004","action":"CREATE"}}'
    headers:
      cache-control:
      - no-cache
      content-length:
      - '586'
      content-type:
      - application/json; charset=utf-8
      date:
      - Tue, 22 Aug 2023 13:29:58 GMT
      expires:
      - '-1'
      pragma:
      - no-cache
      strict-transport-security:
      - max-age=31536000; includeSubDomains
      x-cache:
      - CONFIG_NOCACHE
      x-content-type-options:
      - nosniff
      x-msedge-ref:
      - 'Ref A: A1D3F780FE4E4C2288B27DAAE3FA60F6 Ref B: AMS231020512029 Ref C: 2023-08-22T13:29:59Z'
      x-powered-by:
      - ASP.NET
    status:
      code: 200
      message: OK
- request:
    body: null
    headers:
      Accept:
      - '*/*'
      Accept-Encoding:
      - gzip, deflate
      CommandName:
      - netappfiles volume create
      Connection:
      - keep-alive
      ParameterSetName:
      - -g -a -p -v -l --service-level --usage-threshold --file-path --vnet --subnet
      User-Agent:
      - AZURECLI/2.51.0 azsdk-python-mgmt-netapp/10.1.0 Python/3.10.10 (Windows-10-10.0.22621-SP0)
    method: GET
    uri: https://management.azure.com/subscriptions/00000000-0000-0000-0000-000000000000/providers/Microsoft.NetApp/locations/eastus/operationResults/275bac61-136c-4465-980c-9e9d97dce3db?api-version=2022-11-01
  response:
    body:
      string: '{"id":"/subscriptions/00000000-0000-0000-0000-000000000000/providers/Microsoft.NetApp/locations/eastus/operationResults/275bac61-136c-4465-980c-9e9d97dce3db","name":"275bac61-136c-4465-980c-9e9d97dce3db","status":"Creating","startTime":"2023-08-22T13:26:22.7912693Z","endTime":"0001-01-01T00:00:00Z","percentComplete":0.0,"properties":{"resourceName":"/subscriptions/00000000-0000-0000-0000-000000000000/resourceGroups/cli_netappfiles_test_snapshot_000001/providers/Microsoft.NetApp/netAppAccounts/cli-acc-000002/capacityPools/cli-pool-000003/volumes/cli-vol-000004","action":"CREATE"}}'
    headers:
      cache-control:
      - no-cache
      content-length:
      - '586'
      content-type:
      - application/json; charset=utf-8
      date:
      - Tue, 22 Aug 2023 13:30:29 GMT
      expires:
      - '-1'
      pragma:
      - no-cache
      strict-transport-security:
      - max-age=31536000; includeSubDomains
      x-cache:
      - CONFIG_NOCACHE
      x-content-type-options:
      - nosniff
      x-msedge-ref:
      - 'Ref A: 42DE71C8AA04461ABF72D2A67603A4B8 Ref B: AMS231020512029 Ref C: 2023-08-22T13:30:29Z'
      x-powered-by:
      - ASP.NET
    status:
      code: 200
      message: OK
- request:
    body: null
    headers:
      Accept:
      - '*/*'
      Accept-Encoding:
      - gzip, deflate
      CommandName:
      - netappfiles volume create
      Connection:
      - keep-alive
      ParameterSetName:
      - -g -a -p -v -l --service-level --usage-threshold --file-path --vnet --subnet
      User-Agent:
      - AZURECLI/2.51.0 azsdk-python-mgmt-netapp/10.1.0 Python/3.10.10 (Windows-10-10.0.22621-SP0)
    method: GET
    uri: https://management.azure.com/subscriptions/00000000-0000-0000-0000-000000000000/providers/Microsoft.NetApp/locations/eastus/operationResults/275bac61-136c-4465-980c-9e9d97dce3db?api-version=2022-11-01
  response:
    body:
      string: '{"id":"/subscriptions/00000000-0000-0000-0000-000000000000/providers/Microsoft.NetApp/locations/eastus/operationResults/275bac61-136c-4465-980c-9e9d97dce3db","name":"275bac61-136c-4465-980c-9e9d97dce3db","status":"Creating","startTime":"2023-08-22T13:26:22.7912693Z","endTime":"0001-01-01T00:00:00Z","percentComplete":0.0,"properties":{"resourceName":"/subscriptions/00000000-0000-0000-0000-000000000000/resourceGroups/cli_netappfiles_test_snapshot_000001/providers/Microsoft.NetApp/netAppAccounts/cli-acc-000002/capacityPools/cli-pool-000003/volumes/cli-vol-000004","action":"CREATE"}}'
    headers:
      cache-control:
      - no-cache
      content-length:
      - '586'
      content-type:
      - application/json; charset=utf-8
      date:
      - Tue, 22 Aug 2023 13:30:59 GMT
      expires:
      - '-1'
      pragma:
      - no-cache
      strict-transport-security:
      - max-age=31536000; includeSubDomains
      x-cache:
      - CONFIG_NOCACHE
      x-content-type-options:
      - nosniff
      x-msedge-ref:
      - 'Ref A: BCE1446924D043CAABF20EB349428C56 Ref B: AMS231020512029 Ref C: 2023-08-22T13:31:00Z'
      x-powered-by:
      - ASP.NET
    status:
      code: 200
      message: OK
- request:
    body: null
    headers:
      Accept:
      - '*/*'
      Accept-Encoding:
      - gzip, deflate
      CommandName:
      - netappfiles volume create
      Connection:
      - keep-alive
      ParameterSetName:
      - -g -a -p -v -l --service-level --usage-threshold --file-path --vnet --subnet
      User-Agent:
      - AZURECLI/2.51.0 azsdk-python-mgmt-netapp/10.1.0 Python/3.10.10 (Windows-10-10.0.22621-SP0)
    method: GET
    uri: https://management.azure.com/subscriptions/00000000-0000-0000-0000-000000000000/providers/Microsoft.NetApp/locations/eastus/operationResults/275bac61-136c-4465-980c-9e9d97dce3db?api-version=2022-11-01
  response:
    body:
      string: '{"id":"/subscriptions/00000000-0000-0000-0000-000000000000/providers/Microsoft.NetApp/locations/eastus/operationResults/275bac61-136c-4465-980c-9e9d97dce3db","name":"275bac61-136c-4465-980c-9e9d97dce3db","status":"Creating","startTime":"2023-08-22T13:26:22.7912693Z","endTime":"0001-01-01T00:00:00Z","percentComplete":0.0,"properties":{"resourceName":"/subscriptions/00000000-0000-0000-0000-000000000000/resourceGroups/cli_netappfiles_test_snapshot_000001/providers/Microsoft.NetApp/netAppAccounts/cli-acc-000002/capacityPools/cli-pool-000003/volumes/cli-vol-000004","action":"CREATE"}}'
    headers:
      cache-control:
      - no-cache
      content-length:
      - '586'
      content-type:
      - application/json; charset=utf-8
      date:
      - Tue, 22 Aug 2023 13:31:30 GMT
      expires:
      - '-1'
      pragma:
      - no-cache
      strict-transport-security:
      - max-age=31536000; includeSubDomains
      x-cache:
      - CONFIG_NOCACHE
      x-content-type-options:
      - nosniff
      x-msedge-ref:
      - 'Ref A: 796C20E525BF418A96ABFDAB8B8A5384 Ref B: AMS231020512029 Ref C: 2023-08-22T13:31:30Z'
      x-powered-by:
      - ASP.NET
    status:
      code: 200
      message: OK
- request:
    body: null
    headers:
      Accept:
      - '*/*'
      Accept-Encoding:
      - gzip, deflate
      CommandName:
      - netappfiles volume create
      Connection:
      - keep-alive
      ParameterSetName:
      - -g -a -p -v -l --service-level --usage-threshold --file-path --vnet --subnet
      User-Agent:
      - AZURECLI/2.51.0 azsdk-python-mgmt-netapp/10.1.0 Python/3.10.10 (Windows-10-10.0.22621-SP0)
    method: GET
    uri: https://management.azure.com/subscriptions/00000000-0000-0000-0000-000000000000/providers/Microsoft.NetApp/locations/eastus/operationResults/275bac61-136c-4465-980c-9e9d97dce3db?api-version=2022-11-01
  response:
    body:
      string: '{"id":"/subscriptions/00000000-0000-0000-0000-000000000000/providers/Microsoft.NetApp/locations/eastus/operationResults/275bac61-136c-4465-980c-9e9d97dce3db","name":"275bac61-136c-4465-980c-9e9d97dce3db","status":"Creating","startTime":"2023-08-22T13:26:22.7912693Z","endTime":"0001-01-01T00:00:00Z","percentComplete":0.0,"properties":{"resourceName":"/subscriptions/00000000-0000-0000-0000-000000000000/resourceGroups/cli_netappfiles_test_snapshot_000001/providers/Microsoft.NetApp/netAppAccounts/cli-acc-000002/capacityPools/cli-pool-000003/volumes/cli-vol-000004","action":"CREATE"}}'
    headers:
      cache-control:
      - no-cache
      content-length:
      - '586'
      content-type:
      - application/json; charset=utf-8
      date:
      - Tue, 22 Aug 2023 13:32:01 GMT
      expires:
      - '-1'
      pragma:
      - no-cache
      strict-transport-security:
      - max-age=31536000; includeSubDomains
      x-cache:
      - CONFIG_NOCACHE
      x-content-type-options:
      - nosniff
      x-msedge-ref:
      - 'Ref A: 2C22285DB1574DA6811BC5A8924C4EFC Ref B: AMS231020512029 Ref C: 2023-08-22T13:32:01Z'
      x-powered-by:
      - ASP.NET
    status:
      code: 200
      message: OK
- request:
    body: null
    headers:
      Accept:
      - '*/*'
      Accept-Encoding:
      - gzip, deflate
      CommandName:
      - netappfiles volume create
      Connection:
      - keep-alive
      ParameterSetName:
      - -g -a -p -v -l --service-level --usage-threshold --file-path --vnet --subnet
      User-Agent:
      - AZURECLI/2.51.0 azsdk-python-mgmt-netapp/10.1.0 Python/3.10.10 (Windows-10-10.0.22621-SP0)
    method: GET
    uri: https://management.azure.com/subscriptions/00000000-0000-0000-0000-000000000000/providers/Microsoft.NetApp/locations/eastus/operationResults/275bac61-136c-4465-980c-9e9d97dce3db?api-version=2022-11-01
  response:
    body:
      string: '{"id":"/subscriptions/00000000-0000-0000-0000-000000000000/providers/Microsoft.NetApp/locations/eastus/operationResults/275bac61-136c-4465-980c-9e9d97dce3db","name":"275bac61-136c-4465-980c-9e9d97dce3db","status":"Creating","startTime":"2023-08-22T13:26:22.7912693Z","endTime":"0001-01-01T00:00:00Z","percentComplete":0.0,"properties":{"resourceName":"/subscriptions/00000000-0000-0000-0000-000000000000/resourceGroups/cli_netappfiles_test_snapshot_000001/providers/Microsoft.NetApp/netAppAccounts/cli-acc-000002/capacityPools/cli-pool-000003/volumes/cli-vol-000004","action":"CREATE"}}'
    headers:
      cache-control:
      - no-cache
      content-length:
      - '586'
      content-type:
      - application/json; charset=utf-8
      date:
      - Tue, 22 Aug 2023 13:32:31 GMT
      expires:
      - '-1'
      pragma:
      - no-cache
      strict-transport-security:
      - max-age=31536000; includeSubDomains
      x-cache:
      - CONFIG_NOCACHE
      x-content-type-options:
      - nosniff
      x-msedge-ref:
      - 'Ref A: 4D3477C92EAA4EFB8023109B0A066174 Ref B: AMS231020512029 Ref C: 2023-08-22T13:32:32Z'
      x-powered-by:
      - ASP.NET
    status:
      code: 200
      message: OK
- request:
    body: null
    headers:
      Accept:
      - '*/*'
      Accept-Encoding:
      - gzip, deflate
      CommandName:
      - netappfiles volume create
      Connection:
      - keep-alive
      ParameterSetName:
      - -g -a -p -v -l --service-level --usage-threshold --file-path --vnet --subnet
      User-Agent:
      - AZURECLI/2.51.0 azsdk-python-mgmt-netapp/10.1.0 Python/3.10.10 (Windows-10-10.0.22621-SP0)
    method: GET
    uri: https://management.azure.com/subscriptions/00000000-0000-0000-0000-000000000000/providers/Microsoft.NetApp/locations/eastus/operationResults/275bac61-136c-4465-980c-9e9d97dce3db?api-version=2022-11-01
  response:
    body:
      string: '{"id":"/subscriptions/00000000-0000-0000-0000-000000000000/providers/Microsoft.NetApp/locations/eastus/operationResults/275bac61-136c-4465-980c-9e9d97dce3db","name":"275bac61-136c-4465-980c-9e9d97dce3db","status":"Creating","startTime":"2023-08-22T13:26:22.7912693Z","endTime":"0001-01-01T00:00:00Z","percentComplete":0.0,"properties":{"resourceName":"/subscriptions/00000000-0000-0000-0000-000000000000/resourceGroups/cli_netappfiles_test_snapshot_000001/providers/Microsoft.NetApp/netAppAccounts/cli-acc-000002/capacityPools/cli-pool-000003/volumes/cli-vol-000004","action":"CREATE"}}'
    headers:
      cache-control:
      - no-cache
      content-length:
      - '586'
      content-type:
      - application/json; charset=utf-8
      date:
      - Tue, 22 Aug 2023 13:33:02 GMT
      expires:
      - '-1'
      pragma:
      - no-cache
      strict-transport-security:
      - max-age=31536000; includeSubDomains
      x-cache:
      - CONFIG_NOCACHE
      x-content-type-options:
      - nosniff
      x-msedge-ref:
      - 'Ref A: 0DEC5B4F6B3C4A1CA0A9DD7723802490 Ref B: AMS231020512029 Ref C: 2023-08-22T13:33:02Z'
      x-powered-by:
      - ASP.NET
    status:
      code: 200
      message: OK
- request:
    body: null
    headers:
      Accept:
      - '*/*'
      Accept-Encoding:
      - gzip, deflate
      CommandName:
      - netappfiles volume create
      Connection:
      - keep-alive
      ParameterSetName:
      - -g -a -p -v -l --service-level --usage-threshold --file-path --vnet --subnet
      User-Agent:
      - AZURECLI/2.51.0 azsdk-python-mgmt-netapp/10.1.0 Python/3.10.10 (Windows-10-10.0.22621-SP0)
    method: GET
    uri: https://management.azure.com/subscriptions/00000000-0000-0000-0000-000000000000/providers/Microsoft.NetApp/locations/eastus/operationResults/275bac61-136c-4465-980c-9e9d97dce3db?api-version=2022-11-01
  response:
    body:
      string: '{"id":"/subscriptions/00000000-0000-0000-0000-000000000000/providers/Microsoft.NetApp/locations/eastus/operationResults/275bac61-136c-4465-980c-9e9d97dce3db","name":"275bac61-136c-4465-980c-9e9d97dce3db","status":"Creating","startTime":"2023-08-22T13:26:22.7912693Z","endTime":"0001-01-01T00:00:00Z","percentComplete":0.0,"properties":{"resourceName":"/subscriptions/00000000-0000-0000-0000-000000000000/resourceGroups/cli_netappfiles_test_snapshot_000001/providers/Microsoft.NetApp/netAppAccounts/cli-acc-000002/capacityPools/cli-pool-000003/volumes/cli-vol-000004","action":"CREATE"}}'
    headers:
      cache-control:
      - no-cache
      content-length:
      - '586'
      content-type:
      - application/json; charset=utf-8
      date:
      - Tue, 22 Aug 2023 13:33:33 GMT
      expires:
      - '-1'
      pragma:
      - no-cache
      strict-transport-security:
      - max-age=31536000; includeSubDomains
      x-cache:
      - CONFIG_NOCACHE
      x-content-type-options:
      - nosniff
      x-msedge-ref:
      - 'Ref A: 7749D5780AA5495C8640A9EFBE9E5989 Ref B: AMS231020512029 Ref C: 2023-08-22T13:33:33Z'
      x-powered-by:
      - ASP.NET
    status:
      code: 200
      message: OK
- request:
    body: null
    headers:
      Accept:
      - '*/*'
      Accept-Encoding:
      - gzip, deflate
      CommandName:
      - netappfiles volume create
      Connection:
      - keep-alive
      ParameterSetName:
      - -g -a -p -v -l --service-level --usage-threshold --file-path --vnet --subnet
      User-Agent:
      - AZURECLI/2.51.0 azsdk-python-mgmt-netapp/10.1.0 Python/3.10.10 (Windows-10-10.0.22621-SP0)
    method: GET
    uri: https://management.azure.com/subscriptions/00000000-0000-0000-0000-000000000000/providers/Microsoft.NetApp/locations/eastus/operationResults/275bac61-136c-4465-980c-9e9d97dce3db?api-version=2022-11-01
  response:
    body:
      string: '{"id":"/subscriptions/00000000-0000-0000-0000-000000000000/providers/Microsoft.NetApp/locations/eastus/operationResults/275bac61-136c-4465-980c-9e9d97dce3db","name":"275bac61-136c-4465-980c-9e9d97dce3db","status":"Creating","startTime":"2023-08-22T13:26:22.7912693Z","endTime":"0001-01-01T00:00:00Z","percentComplete":0.0,"properties":{"resourceName":"/subscriptions/00000000-0000-0000-0000-000000000000/resourceGroups/cli_netappfiles_test_snapshot_000001/providers/Microsoft.NetApp/netAppAccounts/cli-acc-000002/capacityPools/cli-pool-000003/volumes/cli-vol-000004","action":"CREATE"}}'
    headers:
      cache-control:
      - no-cache
      content-length:
      - '586'
      content-type:
      - application/json; charset=utf-8
      date:
      - Tue, 22 Aug 2023 13:34:04 GMT
      expires:
      - '-1'
      pragma:
      - no-cache
      strict-transport-security:
      - max-age=31536000; includeSubDomains
      x-cache:
      - CONFIG_NOCACHE
      x-content-type-options:
      - nosniff
      x-msedge-ref:
      - 'Ref A: F77AD793527F4E4D81B9E58A0C857712 Ref B: AMS231020512029 Ref C: 2023-08-22T13:34:04Z'
      x-powered-by:
      - ASP.NET
    status:
      code: 200
      message: OK
- request:
    body: null
    headers:
      Accept:
      - '*/*'
      Accept-Encoding:
      - gzip, deflate
      CommandName:
      - netappfiles volume create
      Connection:
      - keep-alive
      ParameterSetName:
      - -g -a -p -v -l --service-level --usage-threshold --file-path --vnet --subnet
      User-Agent:
      - AZURECLI/2.51.0 azsdk-python-mgmt-netapp/10.1.0 Python/3.10.10 (Windows-10-10.0.22621-SP0)
    method: GET
    uri: https://management.azure.com/subscriptions/00000000-0000-0000-0000-000000000000/providers/Microsoft.NetApp/locations/eastus/operationResults/275bac61-136c-4465-980c-9e9d97dce3db?api-version=2022-11-01
  response:
    body:
      string: '{"id":"/subscriptions/00000000-0000-0000-0000-000000000000/providers/Microsoft.NetApp/locations/eastus/operationResults/275bac61-136c-4465-980c-9e9d97dce3db","name":"275bac61-136c-4465-980c-9e9d97dce3db","status":"Creating","startTime":"2023-08-22T13:26:22.7912693Z","endTime":"0001-01-01T00:00:00Z","percentComplete":0.0,"properties":{"resourceName":"/subscriptions/00000000-0000-0000-0000-000000000000/resourceGroups/cli_netappfiles_test_snapshot_000001/providers/Microsoft.NetApp/netAppAccounts/cli-acc-000002/capacityPools/cli-pool-000003/volumes/cli-vol-000004","action":"CREATE"}}'
    headers:
      cache-control:
      - no-cache
      content-length:
      - '586'
      content-type:
      - application/json; charset=utf-8
      date:
      - Tue, 22 Aug 2023 13:34:34 GMT
      expires:
      - '-1'
      pragma:
      - no-cache
      strict-transport-security:
      - max-age=31536000; includeSubDomains
      x-cache:
      - CONFIG_NOCACHE
      x-content-type-options:
      - nosniff
      x-msedge-ref:
      - 'Ref A: 4388B87DBB134B2A8F118C3EC7D2C978 Ref B: AMS231020512029 Ref C: 2023-08-22T13:34:34Z'
      x-powered-by:
      - ASP.NET
    status:
      code: 200
      message: OK
- request:
    body: null
    headers:
      Accept:
      - '*/*'
      Accept-Encoding:
      - gzip, deflate
      CommandName:
      - netappfiles volume create
      Connection:
      - keep-alive
      ParameterSetName:
      - -g -a -p -v -l --service-level --usage-threshold --file-path --vnet --subnet
      User-Agent:
      - AZURECLI/2.51.0 azsdk-python-mgmt-netapp/10.1.0 Python/3.10.10 (Windows-10-10.0.22621-SP0)
    method: GET
    uri: https://management.azure.com/subscriptions/00000000-0000-0000-0000-000000000000/providers/Microsoft.NetApp/locations/eastus/operationResults/275bac61-136c-4465-980c-9e9d97dce3db?api-version=2022-11-01
  response:
    body:
      string: '{"id":"/subscriptions/00000000-0000-0000-0000-000000000000/providers/Microsoft.NetApp/locations/eastus/operationResults/275bac61-136c-4465-980c-9e9d97dce3db","name":"275bac61-136c-4465-980c-9e9d97dce3db","status":"Creating","startTime":"2023-08-22T13:26:22.7912693Z","endTime":"0001-01-01T00:00:00Z","percentComplete":0.0,"properties":{"resourceName":"/subscriptions/00000000-0000-0000-0000-000000000000/resourceGroups/cli_netappfiles_test_snapshot_000001/providers/Microsoft.NetApp/netAppAccounts/cli-acc-000002/capacityPools/cli-pool-000003/volumes/cli-vol-000004","action":"CREATE"}}'
    headers:
      cache-control:
      - no-cache
      content-length:
      - '586'
      content-type:
      - application/json; charset=utf-8
      date:
      - Tue, 22 Aug 2023 13:35:04 GMT
      expires:
      - '-1'
      pragma:
      - no-cache
      strict-transport-security:
      - max-age=31536000; includeSubDomains
      x-cache:
      - CONFIG_NOCACHE
      x-content-type-options:
      - nosniff
      x-msedge-ref:
      - 'Ref A: 423D6F88811A4B92A9CA4821831DD4CC Ref B: AMS231020512029 Ref C: 2023-08-22T13:35:05Z'
      x-powered-by:
      - ASP.NET
    status:
      code: 200
      message: OK
- request:
    body: null
    headers:
      Accept:
      - '*/*'
      Accept-Encoding:
      - gzip, deflate
      CommandName:
      - netappfiles volume create
      Connection:
      - keep-alive
      ParameterSetName:
      - -g -a -p -v -l --service-level --usage-threshold --file-path --vnet --subnet
      User-Agent:
      - AZURECLI/2.51.0 azsdk-python-mgmt-netapp/10.1.0 Python/3.10.10 (Windows-10-10.0.22621-SP0)
    method: GET
    uri: https://management.azure.com/subscriptions/00000000-0000-0000-0000-000000000000/providers/Microsoft.NetApp/locations/eastus/operationResults/275bac61-136c-4465-980c-9e9d97dce3db?api-version=2022-11-01
  response:
    body:
      string: '{"id":"/subscriptions/00000000-0000-0000-0000-000000000000/providers/Microsoft.NetApp/locations/eastus/operationResults/275bac61-136c-4465-980c-9e9d97dce3db","name":"275bac61-136c-4465-980c-9e9d97dce3db","status":"Creating","startTime":"2023-08-22T13:26:22.7912693Z","endTime":"0001-01-01T00:00:00Z","percentComplete":0.0,"properties":{"resourceName":"/subscriptions/00000000-0000-0000-0000-000000000000/resourceGroups/cli_netappfiles_test_snapshot_000001/providers/Microsoft.NetApp/netAppAccounts/cli-acc-000002/capacityPools/cli-pool-000003/volumes/cli-vol-000004","action":"CREATE"}}'
    headers:
      cache-control:
      - no-cache
      content-length:
      - '586'
      content-type:
      - application/json; charset=utf-8
      date:
      - Tue, 22 Aug 2023 13:35:35 GMT
      expires:
      - '-1'
      pragma:
      - no-cache
      strict-transport-security:
      - max-age=31536000; includeSubDomains
      x-cache:
      - CONFIG_NOCACHE
      x-content-type-options:
      - nosniff
      x-msedge-ref:
      - 'Ref A: B0F393CC6F484A3399431A6C1B8132A7 Ref B: AMS231020512029 Ref C: 2023-08-22T13:35:35Z'
      x-powered-by:
      - ASP.NET
    status:
      code: 200
      message: OK
- request:
    body: null
    headers:
      Accept:
      - '*/*'
      Accept-Encoding:
      - gzip, deflate
      CommandName:
      - netappfiles volume create
      Connection:
      - keep-alive
      ParameterSetName:
      - -g -a -p -v -l --service-level --usage-threshold --file-path --vnet --subnet
      User-Agent:
      - AZURECLI/2.51.0 azsdk-python-mgmt-netapp/10.1.0 Python/3.10.10 (Windows-10-10.0.22621-SP0)
    method: GET
    uri: https://management.azure.com/subscriptions/00000000-0000-0000-0000-000000000000/providers/Microsoft.NetApp/locations/eastus/operationResults/275bac61-136c-4465-980c-9e9d97dce3db?api-version=2022-11-01
  response:
    body:
      string: '{"id":"/subscriptions/00000000-0000-0000-0000-000000000000/providers/Microsoft.NetApp/locations/eastus/operationResults/275bac61-136c-4465-980c-9e9d97dce3db","name":"275bac61-136c-4465-980c-9e9d97dce3db","status":"Creating","startTime":"2023-08-22T13:26:22.7912693Z","endTime":"0001-01-01T00:00:00Z","percentComplete":0.0,"properties":{"resourceName":"/subscriptions/00000000-0000-0000-0000-000000000000/resourceGroups/cli_netappfiles_test_snapshot_000001/providers/Microsoft.NetApp/netAppAccounts/cli-acc-000002/capacityPools/cli-pool-000003/volumes/cli-vol-000004","action":"CREATE"}}'
    headers:
      cache-control:
      - no-cache
      content-length:
      - '586'
      content-type:
      - application/json; charset=utf-8
      date:
      - Tue, 22 Aug 2023 13:36:06 GMT
      expires:
      - '-1'
      pragma:
      - no-cache
      strict-transport-security:
      - max-age=31536000; includeSubDomains
      x-cache:
      - CONFIG_NOCACHE
      x-content-type-options:
      - nosniff
      x-msedge-ref:
      - 'Ref A: 6F6A05E7A4934AF981C98E89A7864644 Ref B: AMS231020512029 Ref C: 2023-08-22T13:36:06Z'
      x-powered-by:
      - ASP.NET
    status:
      code: 200
      message: OK
- request:
    body: null
    headers:
      Accept:
      - '*/*'
      Accept-Encoding:
      - gzip, deflate
      CommandName:
      - netappfiles volume create
      Connection:
      - keep-alive
      ParameterSetName:
      - -g -a -p -v -l --service-level --usage-threshold --file-path --vnet --subnet
      User-Agent:
      - AZURECLI/2.51.0 azsdk-python-mgmt-netapp/10.1.0 Python/3.10.10 (Windows-10-10.0.22621-SP0)
    method: GET
    uri: https://management.azure.com/subscriptions/00000000-0000-0000-0000-000000000000/providers/Microsoft.NetApp/locations/eastus/operationResults/275bac61-136c-4465-980c-9e9d97dce3db?api-version=2022-11-01
  response:
    body:
      string: '{"id":"/subscriptions/00000000-0000-0000-0000-000000000000/providers/Microsoft.NetApp/locations/eastus/operationResults/275bac61-136c-4465-980c-9e9d97dce3db","name":"275bac61-136c-4465-980c-9e9d97dce3db","status":"Creating","startTime":"2023-08-22T13:26:22.7912693Z","endTime":"0001-01-01T00:00:00Z","percentComplete":0.0,"properties":{"resourceName":"/subscriptions/00000000-0000-0000-0000-000000000000/resourceGroups/cli_netappfiles_test_snapshot_000001/providers/Microsoft.NetApp/netAppAccounts/cli-acc-000002/capacityPools/cli-pool-000003/volumes/cli-vol-000004","action":"CREATE"}}'
    headers:
      cache-control:
      - no-cache
      content-length:
      - '586'
      content-type:
      - application/json; charset=utf-8
      date:
      - Tue, 22 Aug 2023 13:36:37 GMT
      expires:
      - '-1'
      pragma:
      - no-cache
      strict-transport-security:
      - max-age=31536000; includeSubDomains
      x-cache:
      - CONFIG_NOCACHE
      x-content-type-options:
      - nosniff
      x-msedge-ref:
      - 'Ref A: 025D11895ED046FCAED0908633AE1D82 Ref B: AMS231020512029 Ref C: 2023-08-22T13:36:37Z'
      x-powered-by:
      - ASP.NET
    status:
      code: 200
      message: OK
- request:
    body: null
    headers:
      Accept:
      - '*/*'
      Accept-Encoding:
      - gzip, deflate
      CommandName:
      - netappfiles volume create
      Connection:
      - keep-alive
      ParameterSetName:
      - -g -a -p -v -l --service-level --usage-threshold --file-path --vnet --subnet
      User-Agent:
      - AZURECLI/2.51.0 azsdk-python-mgmt-netapp/10.1.0 Python/3.10.10 (Windows-10-10.0.22621-SP0)
    method: GET
    uri: https://management.azure.com/subscriptions/00000000-0000-0000-0000-000000000000/providers/Microsoft.NetApp/locations/eastus/operationResults/275bac61-136c-4465-980c-9e9d97dce3db?api-version=2022-11-01
  response:
    body:
      string: '{"id":"/subscriptions/00000000-0000-0000-0000-000000000000/providers/Microsoft.NetApp/locations/eastus/operationResults/275bac61-136c-4465-980c-9e9d97dce3db","name":"275bac61-136c-4465-980c-9e9d97dce3db","status":"Creating","startTime":"2023-08-22T13:26:22.7912693Z","endTime":"0001-01-01T00:00:00Z","percentComplete":0.0,"properties":{"resourceName":"/subscriptions/00000000-0000-0000-0000-000000000000/resourceGroups/cli_netappfiles_test_snapshot_000001/providers/Microsoft.NetApp/netAppAccounts/cli-acc-000002/capacityPools/cli-pool-000003/volumes/cli-vol-000004","action":"CREATE"}}'
    headers:
      cache-control:
      - no-cache
      content-length:
      - '586'
      content-type:
      - application/json; charset=utf-8
      date:
      - Tue, 22 Aug 2023 13:37:08 GMT
      expires:
      - '-1'
      pragma:
      - no-cache
      strict-transport-security:
      - max-age=31536000; includeSubDomains
      x-cache:
      - CONFIG_NOCACHE
      x-content-type-options:
      - nosniff
      x-msedge-ref:
      - 'Ref A: A4898645CA39418B89FEEF7701366CE4 Ref B: AMS231020512029 Ref C: 2023-08-22T13:37:08Z'
      x-powered-by:
      - ASP.NET
    status:
      code: 200
      message: OK
- request:
    body: null
    headers:
      Accept:
      - '*/*'
      Accept-Encoding:
      - gzip, deflate
      CommandName:
      - netappfiles volume create
      Connection:
      - keep-alive
      ParameterSetName:
      - -g -a -p -v -l --service-level --usage-threshold --file-path --vnet --subnet
      User-Agent:
      - AZURECLI/2.51.0 azsdk-python-mgmt-netapp/10.1.0 Python/3.10.10 (Windows-10-10.0.22621-SP0)
    method: GET
    uri: https://management.azure.com/subscriptions/00000000-0000-0000-0000-000000000000/providers/Microsoft.NetApp/locations/eastus/operationResults/275bac61-136c-4465-980c-9e9d97dce3db?api-version=2022-11-01
  response:
    body:
      string: '{"id":"/subscriptions/00000000-0000-0000-0000-000000000000/providers/Microsoft.NetApp/locations/eastus/operationResults/275bac61-136c-4465-980c-9e9d97dce3db","name":"275bac61-136c-4465-980c-9e9d97dce3db","status":"Creating","startTime":"2023-08-22T13:26:22.7912693Z","endTime":"0001-01-01T00:00:00Z","percentComplete":0.0,"properties":{"resourceName":"/subscriptions/00000000-0000-0000-0000-000000000000/resourceGroups/cli_netappfiles_test_snapshot_000001/providers/Microsoft.NetApp/netAppAccounts/cli-acc-000002/capacityPools/cli-pool-000003/volumes/cli-vol-000004","action":"CREATE"}}'
    headers:
      cache-control:
      - no-cache
      content-length:
      - '586'
      content-type:
      - application/json; charset=utf-8
      date:
      - Tue, 22 Aug 2023 13:37:39 GMT
      expires:
      - '-1'
      pragma:
      - no-cache
      strict-transport-security:
      - max-age=31536000; includeSubDomains
      x-cache:
      - CONFIG_NOCACHE
      x-content-type-options:
      - nosniff
      x-msedge-ref:
      - 'Ref A: 5B2B2EEE77B04F2F8447F5FE277B12B3 Ref B: AMS231020512029 Ref C: 2023-08-22T13:37:38Z'
      x-powered-by:
      - ASP.NET
    status:
      code: 200
      message: OK
- request:
    body: null
    headers:
      Accept:
      - '*/*'
      Accept-Encoding:
      - gzip, deflate
      CommandName:
      - netappfiles volume create
      Connection:
      - keep-alive
      ParameterSetName:
      - -g -a -p -v -l --service-level --usage-threshold --file-path --vnet --subnet
      User-Agent:
      - AZURECLI/2.51.0 azsdk-python-mgmt-netapp/10.1.0 Python/3.10.10 (Windows-10-10.0.22621-SP0)
    method: GET
    uri: https://management.azure.com/subscriptions/00000000-0000-0000-0000-000000000000/providers/Microsoft.NetApp/locations/eastus/operationResults/275bac61-136c-4465-980c-9e9d97dce3db?api-version=2022-11-01
  response:
    body:
      string: '{"id":"/subscriptions/00000000-0000-0000-0000-000000000000/providers/Microsoft.NetApp/locations/eastus/operationResults/275bac61-136c-4465-980c-9e9d97dce3db","name":"275bac61-136c-4465-980c-9e9d97dce3db","status":"Creating","startTime":"2023-08-22T13:26:22.7912693Z","endTime":"0001-01-01T00:00:00Z","percentComplete":0.0,"properties":{"resourceName":"/subscriptions/00000000-0000-0000-0000-000000000000/resourceGroups/cli_netappfiles_test_snapshot_000001/providers/Microsoft.NetApp/netAppAccounts/cli-acc-000002/capacityPools/cli-pool-000003/volumes/cli-vol-000004","action":"CREATE"}}'
    headers:
      cache-control:
      - no-cache
      content-length:
      - '586'
      content-type:
      - application/json; charset=utf-8
      date:
      - Tue, 22 Aug 2023 13:38:10 GMT
      expires:
      - '-1'
      pragma:
      - no-cache
      strict-transport-security:
      - max-age=31536000; includeSubDomains
      x-cache:
      - CONFIG_NOCACHE
      x-content-type-options:
      - nosniff
      x-msedge-ref:
      - 'Ref A: 5757434F7C8D429BA7C7D2B9B854B109 Ref B: AMS231020512029 Ref C: 2023-08-22T13:38:09Z'
      x-powered-by:
      - ASP.NET
    status:
      code: 200
      message: OK
- request:
    body: null
    headers:
      Accept:
      - '*/*'
      Accept-Encoding:
      - gzip, deflate
      CommandName:
      - netappfiles volume create
      Connection:
      - keep-alive
      ParameterSetName:
      - -g -a -p -v -l --service-level --usage-threshold --file-path --vnet --subnet
      User-Agent:
      - AZURECLI/2.51.0 azsdk-python-mgmt-netapp/10.1.0 Python/3.10.10 (Windows-10-10.0.22621-SP0)
    method: GET
    uri: https://management.azure.com/subscriptions/00000000-0000-0000-0000-000000000000/providers/Microsoft.NetApp/locations/eastus/operationResults/275bac61-136c-4465-980c-9e9d97dce3db?api-version=2022-11-01
  response:
    body:
      string: '{"id":"/subscriptions/00000000-0000-0000-0000-000000000000/providers/Microsoft.NetApp/locations/eastus/operationResults/275bac61-136c-4465-980c-9e9d97dce3db","name":"275bac61-136c-4465-980c-9e9d97dce3db","status":"Creating","startTime":"2023-08-22T13:26:22.7912693Z","endTime":"0001-01-01T00:00:00Z","percentComplete":0.0,"properties":{"resourceName":"/subscriptions/00000000-0000-0000-0000-000000000000/resourceGroups/cli_netappfiles_test_snapshot_000001/providers/Microsoft.NetApp/netAppAccounts/cli-acc-000002/capacityPools/cli-pool-000003/volumes/cli-vol-000004","action":"CREATE"}}'
    headers:
      cache-control:
      - no-cache
      content-length:
      - '586'
      content-type:
      - application/json; charset=utf-8
      date:
      - Tue, 22 Aug 2023 13:38:40 GMT
      expires:
      - '-1'
      pragma:
      - no-cache
      strict-transport-security:
      - max-age=31536000; includeSubDomains
      x-cache:
      - CONFIG_NOCACHE
      x-content-type-options:
      - nosniff
      x-msedge-ref:
      - 'Ref A: 5AAEFA4A76AF4FDABA80A51B341FB673 Ref B: AMS231020512029 Ref C: 2023-08-22T13:38:40Z'
      x-powered-by:
      - ASP.NET
    status:
      code: 200
      message: OK
- request:
    body: null
    headers:
      Accept:
      - '*/*'
      Accept-Encoding:
      - gzip, deflate
      CommandName:
      - netappfiles volume create
      Connection:
      - keep-alive
      ParameterSetName:
      - -g -a -p -v -l --service-level --usage-threshold --file-path --vnet --subnet
      User-Agent:
      - AZURECLI/2.51.0 azsdk-python-mgmt-netapp/10.1.0 Python/3.10.10 (Windows-10-10.0.22621-SP0)
    method: GET
    uri: https://management.azure.com/subscriptions/00000000-0000-0000-0000-000000000000/providers/Microsoft.NetApp/locations/eastus/operationResults/275bac61-136c-4465-980c-9e9d97dce3db?api-version=2022-11-01
  response:
    body:
      string: '{"id":"/subscriptions/00000000-0000-0000-0000-000000000000/providers/Microsoft.NetApp/locations/eastus/operationResults/275bac61-136c-4465-980c-9e9d97dce3db","name":"275bac61-136c-4465-980c-9e9d97dce3db","status":"Creating","startTime":"2023-08-22T13:26:22.7912693Z","endTime":"0001-01-01T00:00:00Z","percentComplete":0.0,"properties":{"resourceName":"/subscriptions/00000000-0000-0000-0000-000000000000/resourceGroups/cli_netappfiles_test_snapshot_000001/providers/Microsoft.NetApp/netAppAccounts/cli-acc-000002/capacityPools/cli-pool-000003/volumes/cli-vol-000004","action":"CREATE"}}'
    headers:
      cache-control:
      - no-cache
      content-length:
      - '586'
      content-type:
      - application/json; charset=utf-8
      date:
      - Tue, 22 Aug 2023 13:39:11 GMT
      expires:
      - '-1'
      pragma:
      - no-cache
      strict-transport-security:
      - max-age=31536000; includeSubDomains
      x-cache:
      - CONFIG_NOCACHE
      x-content-type-options:
      - nosniff
      x-msedge-ref:
      - 'Ref A: 5D27982967284F75A5130DB9C742E79D Ref B: AMS231020512029 Ref C: 2023-08-22T13:39:11Z'
      x-powered-by:
      - ASP.NET
    status:
      code: 200
      message: OK
- request:
    body: null
    headers:
      Accept:
      - '*/*'
      Accept-Encoding:
      - gzip, deflate
      CommandName:
      - netappfiles volume create
      Connection:
      - keep-alive
      ParameterSetName:
      - -g -a -p -v -l --service-level --usage-threshold --file-path --vnet --subnet
      User-Agent:
      - AZURECLI/2.51.0 azsdk-python-mgmt-netapp/10.1.0 Python/3.10.10 (Windows-10-10.0.22621-SP0)
    method: GET
    uri: https://management.azure.com/subscriptions/00000000-0000-0000-0000-000000000000/providers/Microsoft.NetApp/locations/eastus/operationResults/275bac61-136c-4465-980c-9e9d97dce3db?api-version=2022-11-01
  response:
    body:
      string: '{"id":"/subscriptions/00000000-0000-0000-0000-000000000000/providers/Microsoft.NetApp/locations/eastus/operationResults/275bac61-136c-4465-980c-9e9d97dce3db","name":"275bac61-136c-4465-980c-9e9d97dce3db","status":"Creating","startTime":"2023-08-22T13:26:22.7912693Z","endTime":"0001-01-01T00:00:00Z","percentComplete":0.0,"properties":{"resourceName":"/subscriptions/00000000-0000-0000-0000-000000000000/resourceGroups/cli_netappfiles_test_snapshot_000001/providers/Microsoft.NetApp/netAppAccounts/cli-acc-000002/capacityPools/cli-pool-000003/volumes/cli-vol-000004","action":"CREATE"}}'
    headers:
      cache-control:
      - no-cache
      content-length:
      - '586'
      content-type:
      - application/json; charset=utf-8
      date:
      - Tue, 22 Aug 2023 13:39:42 GMT
      expires:
      - '-1'
      pragma:
      - no-cache
      strict-transport-security:
      - max-age=31536000; includeSubDomains
      x-cache:
      - CONFIG_NOCACHE
      x-content-type-options:
      - nosniff
      x-msedge-ref:
      - 'Ref A: DAA25FCEB90141069AC24A37A185855A Ref B: AMS231020512029 Ref C: 2023-08-22T13:39:41Z'
      x-powered-by:
      - ASP.NET
    status:
      code: 200
      message: OK
- request:
    body: null
    headers:
      Accept:
      - '*/*'
      Accept-Encoding:
      - gzip, deflate
      CommandName:
      - netappfiles volume create
      Connection:
      - keep-alive
      ParameterSetName:
      - -g -a -p -v -l --service-level --usage-threshold --file-path --vnet --subnet
      User-Agent:
      - AZURECLI/2.51.0 azsdk-python-mgmt-netapp/10.1.0 Python/3.10.10 (Windows-10-10.0.22621-SP0)
    method: GET
    uri: https://management.azure.com/subscriptions/00000000-0000-0000-0000-000000000000/providers/Microsoft.NetApp/locations/eastus/operationResults/275bac61-136c-4465-980c-9e9d97dce3db?api-version=2022-11-01
  response:
    body:
      string: '{"id":"/subscriptions/00000000-0000-0000-0000-000000000000/providers/Microsoft.NetApp/locations/eastus/operationResults/275bac61-136c-4465-980c-9e9d97dce3db","name":"275bac61-136c-4465-980c-9e9d97dce3db","status":"Creating","startTime":"2023-08-22T13:26:22.7912693Z","endTime":"0001-01-01T00:00:00Z","percentComplete":0.0,"properties":{"resourceName":"/subscriptions/00000000-0000-0000-0000-000000000000/resourceGroups/cli_netappfiles_test_snapshot_000001/providers/Microsoft.NetApp/netAppAccounts/cli-acc-000002/capacityPools/cli-pool-000003/volumes/cli-vol-000004","action":"CREATE"}}'
    headers:
      cache-control:
      - no-cache
      content-length:
      - '586'
      content-type:
      - application/json; charset=utf-8
      date:
      - Tue, 22 Aug 2023 13:40:13 GMT
      expires:
      - '-1'
      pragma:
      - no-cache
      strict-transport-security:
      - max-age=31536000; includeSubDomains
      x-cache:
      - CONFIG_NOCACHE
      x-content-type-options:
      - nosniff
      x-msedge-ref:
      - 'Ref A: 95673B5CBC144D1E8F990414F3DB9F1F Ref B: AMS231020512029 Ref C: 2023-08-22T13:40:12Z'
      x-powered-by:
      - ASP.NET
    status:
      code: 200
      message: OK
- request:
    body: null
    headers:
      Accept:
      - '*/*'
      Accept-Encoding:
      - gzip, deflate
      CommandName:
      - netappfiles volume create
      Connection:
      - keep-alive
      ParameterSetName:
      - -g -a -p -v -l --service-level --usage-threshold --file-path --vnet --subnet
      User-Agent:
      - AZURECLI/2.51.0 azsdk-python-mgmt-netapp/10.1.0 Python/3.10.10 (Windows-10-10.0.22621-SP0)
    method: GET
    uri: https://management.azure.com/subscriptions/00000000-0000-0000-0000-000000000000/providers/Microsoft.NetApp/locations/eastus/operationResults/275bac61-136c-4465-980c-9e9d97dce3db?api-version=2022-11-01
  response:
    body:
      string: '{"id":"/subscriptions/00000000-0000-0000-0000-000000000000/providers/Microsoft.NetApp/locations/eastus/operationResults/275bac61-136c-4465-980c-9e9d97dce3db","name":"275bac61-136c-4465-980c-9e9d97dce3db","status":"Creating","startTime":"2023-08-22T13:26:22.7912693Z","endTime":"0001-01-01T00:00:00Z","percentComplete":0.0,"properties":{"resourceName":"/subscriptions/00000000-0000-0000-0000-000000000000/resourceGroups/cli_netappfiles_test_snapshot_000001/providers/Microsoft.NetApp/netAppAccounts/cli-acc-000002/capacityPools/cli-pool-000003/volumes/cli-vol-000004","action":"CREATE"}}'
    headers:
      cache-control:
      - no-cache
      content-length:
      - '586'
      content-type:
      - application/json; charset=utf-8
      date:
      - Tue, 22 Aug 2023 13:40:44 GMT
      expires:
      - '-1'
      pragma:
      - no-cache
      strict-transport-security:
      - max-age=31536000; includeSubDomains
      x-cache:
      - CONFIG_NOCACHE
      x-content-type-options:
      - nosniff
      x-msedge-ref:
      - 'Ref A: A79582E585544151BB726682C4F49447 Ref B: AMS231020512029 Ref C: 2023-08-22T13:40:43Z'
      x-powered-by:
      - ASP.NET
    status:
      code: 200
      message: OK
- request:
    body: null
    headers:
      Accept:
      - '*/*'
      Accept-Encoding:
      - gzip, deflate
      CommandName:
      - netappfiles volume create
      Connection:
      - keep-alive
      ParameterSetName:
      - -g -a -p -v -l --service-level --usage-threshold --file-path --vnet --subnet
      User-Agent:
      - AZURECLI/2.51.0 azsdk-python-mgmt-netapp/10.1.0 Python/3.10.10 (Windows-10-10.0.22621-SP0)
    method: GET
    uri: https://management.azure.com/subscriptions/00000000-0000-0000-0000-000000000000/providers/Microsoft.NetApp/locations/eastus/operationResults/275bac61-136c-4465-980c-9e9d97dce3db?api-version=2022-11-01
  response:
    body:
      string: '{"id":"/subscriptions/00000000-0000-0000-0000-000000000000/providers/Microsoft.NetApp/locations/eastus/operationResults/275bac61-136c-4465-980c-9e9d97dce3db","name":"275bac61-136c-4465-980c-9e9d97dce3db","status":"Creating","startTime":"2023-08-22T13:26:22.7912693Z","endTime":"0001-01-01T00:00:00Z","percentComplete":0.0,"properties":{"resourceName":"/subscriptions/00000000-0000-0000-0000-000000000000/resourceGroups/cli_netappfiles_test_snapshot_000001/providers/Microsoft.NetApp/netAppAccounts/cli-acc-000002/capacityPools/cli-pool-000003/volumes/cli-vol-000004","action":"CREATE"}}'
    headers:
      cache-control:
      - no-cache
      content-length:
      - '586'
      content-type:
      - application/json; charset=utf-8
      date:
      - Tue, 22 Aug 2023 13:41:15 GMT
      expires:
      - '-1'
      pragma:
      - no-cache
      strict-transport-security:
      - max-age=31536000; includeSubDomains
      x-cache:
      - CONFIG_NOCACHE
      x-content-type-options:
      - nosniff
      x-msedge-ref:
      - 'Ref A: 359C4D3AF59F4162AE317D0394EF115D Ref B: AMS231020512029 Ref C: 2023-08-22T13:41:14Z'
      x-powered-by:
      - ASP.NET
    status:
      code: 200
      message: OK
- request:
    body: null
    headers:
      Accept:
      - '*/*'
      Accept-Encoding:
      - gzip, deflate
      CommandName:
      - netappfiles volume create
      Connection:
      - keep-alive
      ParameterSetName:
      - -g -a -p -v -l --service-level --usage-threshold --file-path --vnet --subnet
      User-Agent:
      - AZURECLI/2.51.0 azsdk-python-mgmt-netapp/10.1.0 Python/3.10.10 (Windows-10-10.0.22621-SP0)
    method: GET
    uri: https://management.azure.com/subscriptions/00000000-0000-0000-0000-000000000000/providers/Microsoft.NetApp/locations/eastus/operationResults/275bac61-136c-4465-980c-9e9d97dce3db?api-version=2022-11-01
  response:
    body:
      string: '{"id":"/subscriptions/00000000-0000-0000-0000-000000000000/providers/Microsoft.NetApp/locations/eastus/operationResults/275bac61-136c-4465-980c-9e9d97dce3db","name":"275bac61-136c-4465-980c-9e9d97dce3db","status":"Creating","startTime":"2023-08-22T13:26:22.7912693Z","endTime":"0001-01-01T00:00:00Z","percentComplete":0.0,"properties":{"resourceName":"/subscriptions/00000000-0000-0000-0000-000000000000/resourceGroups/cli_netappfiles_test_snapshot_000001/providers/Microsoft.NetApp/netAppAccounts/cli-acc-000002/capacityPools/cli-pool-000003/volumes/cli-vol-000004","action":"CREATE"}}'
    headers:
      cache-control:
      - no-cache
      content-length:
      - '586'
      content-type:
      - application/json; charset=utf-8
      date:
      - Tue, 22 Aug 2023 13:41:45 GMT
      expires:
      - '-1'
      pragma:
      - no-cache
      strict-transport-security:
      - max-age=31536000; includeSubDomains
      x-cache:
      - CONFIG_NOCACHE
      x-content-type-options:
      - nosniff
      x-msedge-ref:
      - 'Ref A: C27A973DA2384A2FAC6F7D99248F92C3 Ref B: AMS231020512029 Ref C: 2023-08-22T13:41:45Z'
      x-powered-by:
      - ASP.NET
    status:
      code: 200
      message: OK
- request:
    body: null
    headers:
      Accept:
      - '*/*'
      Accept-Encoding:
      - gzip, deflate
      CommandName:
      - netappfiles volume create
      Connection:
      - keep-alive
      ParameterSetName:
      - -g -a -p -v -l --service-level --usage-threshold --file-path --vnet --subnet
      User-Agent:
      - AZURECLI/2.51.0 azsdk-python-mgmt-netapp/10.1.0 Python/3.10.10 (Windows-10-10.0.22621-SP0)
    method: GET
    uri: https://management.azure.com/subscriptions/00000000-0000-0000-0000-000000000000/providers/Microsoft.NetApp/locations/eastus/operationResults/275bac61-136c-4465-980c-9e9d97dce3db?api-version=2022-11-01
  response:
    body:
      string: '{"id":"/subscriptions/00000000-0000-0000-0000-000000000000/providers/Microsoft.NetApp/locations/eastus/operationResults/275bac61-136c-4465-980c-9e9d97dce3db","name":"275bac61-136c-4465-980c-9e9d97dce3db","status":"Creating","startTime":"2023-08-22T13:26:22.7912693Z","endTime":"0001-01-01T00:00:00Z","percentComplete":0.0,"properties":{"resourceName":"/subscriptions/00000000-0000-0000-0000-000000000000/resourceGroups/cli_netappfiles_test_snapshot_000001/providers/Microsoft.NetApp/netAppAccounts/cli-acc-000002/capacityPools/cli-pool-000003/volumes/cli-vol-000004","action":"CREATE"}}'
    headers:
      cache-control:
      - no-cache
      content-length:
      - '586'
      content-type:
      - application/json; charset=utf-8
      date:
      - Tue, 22 Aug 2023 13:42:16 GMT
      expires:
      - '-1'
      pragma:
      - no-cache
      strict-transport-security:
      - max-age=31536000; includeSubDomains
      x-cache:
      - CONFIG_NOCACHE
      x-content-type-options:
      - nosniff
      x-msedge-ref:
      - 'Ref A: 7AF3438B244847DB9A50EB4A878AF8ED Ref B: AMS231020512029 Ref C: 2023-08-22T13:42:16Z'
      x-powered-by:
      - ASP.NET
    status:
      code: 200
      message: OK
- request:
    body: null
    headers:
      Accept:
      - '*/*'
      Accept-Encoding:
      - gzip, deflate
      CommandName:
      - netappfiles volume create
      Connection:
      - keep-alive
      ParameterSetName:
      - -g -a -p -v -l --service-level --usage-threshold --file-path --vnet --subnet
      User-Agent:
      - AZURECLI/2.51.0 azsdk-python-mgmt-netapp/10.1.0 Python/3.10.10 (Windows-10-10.0.22621-SP0)
    method: GET
    uri: https://management.azure.com/subscriptions/00000000-0000-0000-0000-000000000000/providers/Microsoft.NetApp/locations/eastus/operationResults/275bac61-136c-4465-980c-9e9d97dce3db?api-version=2022-11-01
  response:
    body:
      string: '{"id":"/subscriptions/00000000-0000-0000-0000-000000000000/providers/Microsoft.NetApp/locations/eastus/operationResults/275bac61-136c-4465-980c-9e9d97dce3db","name":"275bac61-136c-4465-980c-9e9d97dce3db","status":"Creating","startTime":"2023-08-22T13:26:22.7912693Z","endTime":"0001-01-01T00:00:00Z","percentComplete":0.0,"properties":{"resourceName":"/subscriptions/00000000-0000-0000-0000-000000000000/resourceGroups/cli_netappfiles_test_snapshot_000001/providers/Microsoft.NetApp/netAppAccounts/cli-acc-000002/capacityPools/cli-pool-000003/volumes/cli-vol-000004","action":"CREATE"}}'
    headers:
      cache-control:
      - no-cache
      content-length:
      - '586'
      content-type:
      - application/json; charset=utf-8
      date:
      - Tue, 22 Aug 2023 13:42:47 GMT
      expires:
      - '-1'
      pragma:
      - no-cache
      strict-transport-security:
      - max-age=31536000; includeSubDomains
      x-cache:
      - CONFIG_NOCACHE
      x-content-type-options:
      - nosniff
      x-msedge-ref:
      - 'Ref A: B9248C0331284638A28F3F7B07C6C120 Ref B: AMS231020512029 Ref C: 2023-08-22T13:42:46Z'
      x-powered-by:
      - ASP.NET
    status:
      code: 200
      message: OK
- request:
    body: null
    headers:
      Accept:
      - '*/*'
      Accept-Encoding:
      - gzip, deflate
      CommandName:
      - netappfiles volume create
      Connection:
      - keep-alive
      ParameterSetName:
      - -g -a -p -v -l --service-level --usage-threshold --file-path --vnet --subnet
      User-Agent:
      - AZURECLI/2.51.0 azsdk-python-mgmt-netapp/10.1.0 Python/3.10.10 (Windows-10-10.0.22621-SP0)
    method: GET
    uri: https://management.azure.com/subscriptions/00000000-0000-0000-0000-000000000000/providers/Microsoft.NetApp/locations/eastus/operationResults/275bac61-136c-4465-980c-9e9d97dce3db?api-version=2022-11-01
  response:
    body:
      string: '{"id":"/subscriptions/00000000-0000-0000-0000-000000000000/providers/Microsoft.NetApp/locations/eastus/operationResults/275bac61-136c-4465-980c-9e9d97dce3db","name":"275bac61-136c-4465-980c-9e9d97dce3db","status":"Creating","startTime":"2023-08-22T13:26:22.7912693Z","endTime":"0001-01-01T00:00:00Z","percentComplete":0.0,"properties":{"resourceName":"/subscriptions/00000000-0000-0000-0000-000000000000/resourceGroups/cli_netappfiles_test_snapshot_000001/providers/Microsoft.NetApp/netAppAccounts/cli-acc-000002/capacityPools/cli-pool-000003/volumes/cli-vol-000004","action":"CREATE"}}'
    headers:
      cache-control:
      - no-cache
      content-length:
      - '586'
      content-type:
      - application/json; charset=utf-8
      date:
      - Tue, 22 Aug 2023 13:43:17 GMT
      expires:
      - '-1'
      pragma:
      - no-cache
      strict-transport-security:
      - max-age=31536000; includeSubDomains
      x-cache:
      - CONFIG_NOCACHE
      x-content-type-options:
      - nosniff
      x-msedge-ref:
      - 'Ref A: 706A8448272540B3BB83D8DAAE253DF7 Ref B: AMS231020512029 Ref C: 2023-08-22T13:43:17Z'
      x-powered-by:
      - ASP.NET
    status:
      code: 200
      message: OK
- request:
    body: null
    headers:
      Accept:
      - '*/*'
      Accept-Encoding:
      - gzip, deflate
      CommandName:
      - netappfiles volume create
      Connection:
      - keep-alive
      ParameterSetName:
      - -g -a -p -v -l --service-level --usage-threshold --file-path --vnet --subnet
      User-Agent:
      - AZURECLI/2.51.0 azsdk-python-mgmt-netapp/10.1.0 Python/3.10.10 (Windows-10-10.0.22621-SP0)
    method: GET
    uri: https://management.azure.com/subscriptions/00000000-0000-0000-0000-000000000000/providers/Microsoft.NetApp/locations/eastus/operationResults/275bac61-136c-4465-980c-9e9d97dce3db?api-version=2022-11-01
  response:
    body:
      string: '{"id":"/subscriptions/00000000-0000-0000-0000-000000000000/providers/Microsoft.NetApp/locations/eastus/operationResults/275bac61-136c-4465-980c-9e9d97dce3db","name":"275bac61-136c-4465-980c-9e9d97dce3db","status":"Creating","startTime":"2023-08-22T13:26:22.7912693Z","endTime":"0001-01-01T00:00:00Z","percentComplete":0.0,"properties":{"resourceName":"/subscriptions/00000000-0000-0000-0000-000000000000/resourceGroups/cli_netappfiles_test_snapshot_000001/providers/Microsoft.NetApp/netAppAccounts/cli-acc-000002/capacityPools/cli-pool-000003/volumes/cli-vol-000004","action":"CREATE"}}'
    headers:
      cache-control:
      - no-cache
      content-length:
      - '586'
      content-type:
      - application/json; charset=utf-8
      date:
      - Tue, 22 Aug 2023 13:43:48 GMT
      expires:
      - '-1'
      pragma:
      - no-cache
      strict-transport-security:
      - max-age=31536000; includeSubDomains
      x-cache:
      - CONFIG_NOCACHE
      x-content-type-options:
      - nosniff
      x-msedge-ref:
      - 'Ref A: 479C0F00238940A1AF4692500B55FBCF Ref B: AMS231020512029 Ref C: 2023-08-22T13:43:47Z'
      x-powered-by:
      - ASP.NET
    status:
      code: 200
      message: OK
- request:
    body: null
    headers:
      Accept:
      - '*/*'
      Accept-Encoding:
      - gzip, deflate
      CommandName:
      - netappfiles volume create
      Connection:
      - keep-alive
      ParameterSetName:
      - -g -a -p -v -l --service-level --usage-threshold --file-path --vnet --subnet
      User-Agent:
      - AZURECLI/2.51.0 azsdk-python-mgmt-netapp/10.1.0 Python/3.10.10 (Windows-10-10.0.22621-SP0)
    method: GET
    uri: https://management.azure.com/subscriptions/00000000-0000-0000-0000-000000000000/providers/Microsoft.NetApp/locations/eastus/operationResults/275bac61-136c-4465-980c-9e9d97dce3db?api-version=2022-11-01
  response:
    body:
      string: '{"id":"/subscriptions/00000000-0000-0000-0000-000000000000/providers/Microsoft.NetApp/locations/eastus/operationResults/275bac61-136c-4465-980c-9e9d97dce3db","name":"275bac61-136c-4465-980c-9e9d97dce3db","status":"Creating","startTime":"2023-08-22T13:26:22.7912693Z","endTime":"0001-01-01T00:00:00Z","percentComplete":0.0,"properties":{"resourceName":"/subscriptions/00000000-0000-0000-0000-000000000000/resourceGroups/cli_netappfiles_test_snapshot_000001/providers/Microsoft.NetApp/netAppAccounts/cli-acc-000002/capacityPools/cli-pool-000003/volumes/cli-vol-000004","action":"CREATE"}}'
    headers:
      cache-control:
      - no-cache
      content-length:
      - '586'
      content-type:
      - application/json; charset=utf-8
      date:
      - Tue, 22 Aug 2023 13:44:18 GMT
      expires:
      - '-1'
      pragma:
      - no-cache
      strict-transport-security:
      - max-age=31536000; includeSubDomains
      x-cache:
      - CONFIG_NOCACHE
      x-content-type-options:
      - nosniff
      x-msedge-ref:
      - 'Ref A: C1368C47B68E4E51AA588CECB9628CB1 Ref B: AMS231020512029 Ref C: 2023-08-22T13:44:18Z'
      x-powered-by:
      - ASP.NET
    status:
      code: 200
      message: OK
- request:
    body: null
    headers:
      Accept:
      - '*/*'
      Accept-Encoding:
      - gzip, deflate
      CommandName:
      - netappfiles volume create
      Connection:
      - keep-alive
      ParameterSetName:
      - -g -a -p -v -l --service-level --usage-threshold --file-path --vnet --subnet
      User-Agent:
      - AZURECLI/2.51.0 azsdk-python-mgmt-netapp/10.1.0 Python/3.10.10 (Windows-10-10.0.22621-SP0)
    method: GET
    uri: https://management.azure.com/subscriptions/00000000-0000-0000-0000-000000000000/providers/Microsoft.NetApp/locations/eastus/operationResults/275bac61-136c-4465-980c-9e9d97dce3db?api-version=2022-11-01
  response:
    body:
      string: '{"id":"/subscriptions/00000000-0000-0000-0000-000000000000/providers/Microsoft.NetApp/locations/eastus/operationResults/275bac61-136c-4465-980c-9e9d97dce3db","name":"275bac61-136c-4465-980c-9e9d97dce3db","status":"Creating","startTime":"2023-08-22T13:26:22.7912693Z","endTime":"0001-01-01T00:00:00Z","percentComplete":0.0,"properties":{"resourceName":"/subscriptions/00000000-0000-0000-0000-000000000000/resourceGroups/cli_netappfiles_test_snapshot_000001/providers/Microsoft.NetApp/netAppAccounts/cli-acc-000002/capacityPools/cli-pool-000003/volumes/cli-vol-000004","action":"CREATE"}}'
    headers:
      cache-control:
      - no-cache
      content-length:
      - '586'
      content-type:
      - application/json; charset=utf-8
      date:
      - Tue, 22 Aug 2023 13:44:49 GMT
      expires:
      - '-1'
      pragma:
      - no-cache
      strict-transport-security:
      - max-age=31536000; includeSubDomains
      x-cache:
      - CONFIG_NOCACHE
      x-content-type-options:
      - nosniff
      x-msedge-ref:
      - 'Ref A: B43BA570FF544208B54129EA1C0AF86A Ref B: AMS231020512029 Ref C: 2023-08-22T13:44:49Z'
      x-powered-by:
      - ASP.NET
    status:
      code: 200
      message: OK
- request:
    body: null
    headers:
      Accept:
      - '*/*'
      Accept-Encoding:
      - gzip, deflate
      CommandName:
      - netappfiles volume create
      Connection:
      - keep-alive
      ParameterSetName:
      - -g -a -p -v -l --service-level --usage-threshold --file-path --vnet --subnet
      User-Agent:
      - AZURECLI/2.51.0 azsdk-python-mgmt-netapp/10.1.0 Python/3.10.10 (Windows-10-10.0.22621-SP0)
    method: GET
    uri: https://management.azure.com/subscriptions/00000000-0000-0000-0000-000000000000/providers/Microsoft.NetApp/locations/eastus/operationResults/275bac61-136c-4465-980c-9e9d97dce3db?api-version=2022-11-01
  response:
    body:
      string: '{"id":"/subscriptions/00000000-0000-0000-0000-000000000000/providers/Microsoft.NetApp/locations/eastus/operationResults/275bac61-136c-4465-980c-9e9d97dce3db","name":"275bac61-136c-4465-980c-9e9d97dce3db","status":"Creating","startTime":"2023-08-22T13:26:22.7912693Z","endTime":"0001-01-01T00:00:00Z","percentComplete":0.0,"properties":{"resourceName":"/subscriptions/00000000-0000-0000-0000-000000000000/resourceGroups/cli_netappfiles_test_snapshot_000001/providers/Microsoft.NetApp/netAppAccounts/cli-acc-000002/capacityPools/cli-pool-000003/volumes/cli-vol-000004","action":"CREATE"}}'
    headers:
      cache-control:
      - no-cache
      content-length:
      - '586'
      content-type:
      - application/json; charset=utf-8
      date:
      - Tue, 22 Aug 2023 13:45:20 GMT
      expires:
      - '-1'
      pragma:
      - no-cache
      strict-transport-security:
      - max-age=31536000; includeSubDomains
      x-cache:
      - CONFIG_NOCACHE
      x-content-type-options:
      - nosniff
      x-msedge-ref:
      - 'Ref A: D889AE756ADE4A0DB0AB98CF79B43B5E Ref B: AMS231020512029 Ref C: 2023-08-22T13:45:19Z'
      x-powered-by:
      - ASP.NET
    status:
      code: 200
      message: OK
- request:
    body: null
    headers:
      Accept:
      - '*/*'
      Accept-Encoding:
      - gzip, deflate
      CommandName:
      - netappfiles volume create
      Connection:
      - keep-alive
      ParameterSetName:
      - -g -a -p -v -l --service-level --usage-threshold --file-path --vnet --subnet
      User-Agent:
      - AZURECLI/2.51.0 azsdk-python-mgmt-netapp/10.1.0 Python/3.10.10 (Windows-10-10.0.22621-SP0)
    method: GET
    uri: https://management.azure.com/subscriptions/00000000-0000-0000-0000-000000000000/providers/Microsoft.NetApp/locations/eastus/operationResults/275bac61-136c-4465-980c-9e9d97dce3db?api-version=2022-11-01
  response:
    body:
      string: '{"id":"/subscriptions/00000000-0000-0000-0000-000000000000/providers/Microsoft.NetApp/locations/eastus/operationResults/275bac61-136c-4465-980c-9e9d97dce3db","name":"275bac61-136c-4465-980c-9e9d97dce3db","status":"Creating","startTime":"2023-08-22T13:26:22.7912693Z","endTime":"0001-01-01T00:00:00Z","percentComplete":0.0,"properties":{"resourceName":"/subscriptions/00000000-0000-0000-0000-000000000000/resourceGroups/cli_netappfiles_test_snapshot_000001/providers/Microsoft.NetApp/netAppAccounts/cli-acc-000002/capacityPools/cli-pool-000003/volumes/cli-vol-000004","action":"CREATE"}}'
    headers:
      cache-control:
      - no-cache
      content-length:
      - '586'
      content-type:
      - application/json; charset=utf-8
      date:
      - Tue, 22 Aug 2023 13:45:50 GMT
      expires:
      - '-1'
      pragma:
      - no-cache
      strict-transport-security:
      - max-age=31536000; includeSubDomains
      x-cache:
      - CONFIG_NOCACHE
      x-content-type-options:
      - nosniff
      x-msedge-ref:
      - 'Ref A: 142D4A3976E240DE87DE541E211617E0 Ref B: AMS231020512029 Ref C: 2023-08-22T13:45:50Z'
      x-powered-by:
      - ASP.NET
    status:
      code: 200
      message: OK
- request:
    body: null
    headers:
      Accept:
      - '*/*'
      Accept-Encoding:
      - gzip, deflate
      CommandName:
      - netappfiles volume create
      Connection:
      - keep-alive
      ParameterSetName:
      - -g -a -p -v -l --service-level --usage-threshold --file-path --vnet --subnet
      User-Agent:
      - AZURECLI/2.51.0 azsdk-python-mgmt-netapp/10.1.0 Python/3.10.10 (Windows-10-10.0.22621-SP0)
    method: GET
    uri: https://management.azure.com/subscriptions/00000000-0000-0000-0000-000000000000/providers/Microsoft.NetApp/locations/eastus/operationResults/275bac61-136c-4465-980c-9e9d97dce3db?api-version=2022-11-01
  response:
    body:
      string: '{"id":"/subscriptions/00000000-0000-0000-0000-000000000000/providers/Microsoft.NetApp/locations/eastus/operationResults/275bac61-136c-4465-980c-9e9d97dce3db","name":"275bac61-136c-4465-980c-9e9d97dce3db","status":"Creating","startTime":"2023-08-22T13:26:22.7912693Z","endTime":"0001-01-01T00:00:00Z","percentComplete":0.0,"properties":{"resourceName":"/subscriptions/00000000-0000-0000-0000-000000000000/resourceGroups/cli_netappfiles_test_snapshot_000001/providers/Microsoft.NetApp/netAppAccounts/cli-acc-000002/capacityPools/cli-pool-000003/volumes/cli-vol-000004","action":"CREATE"}}'
    headers:
      cache-control:
      - no-cache
      content-length:
      - '586'
      content-type:
      - application/json; charset=utf-8
      date:
      - Tue, 22 Aug 2023 13:46:21 GMT
      expires:
      - '-1'
      pragma:
      - no-cache
      strict-transport-security:
      - max-age=31536000; includeSubDomains
      x-cache:
      - CONFIG_NOCACHE
      x-content-type-options:
      - nosniff
      x-msedge-ref:
      - 'Ref A: 817338A9B16843D4B1C0D08438B42283 Ref B: AMS231020512029 Ref C: 2023-08-22T13:46:21Z'
      x-powered-by:
      - ASP.NET
    status:
      code: 200
      message: OK
- request:
    body: null
    headers:
      Accept:
      - '*/*'
      Accept-Encoding:
      - gzip, deflate
      CommandName:
      - netappfiles volume create
      Connection:
      - keep-alive
      ParameterSetName:
      - -g -a -p -v -l --service-level --usage-threshold --file-path --vnet --subnet
      User-Agent:
      - AZURECLI/2.51.0 azsdk-python-mgmt-netapp/10.1.0 Python/3.10.10 (Windows-10-10.0.22621-SP0)
    method: GET
    uri: https://management.azure.com/subscriptions/00000000-0000-0000-0000-000000000000/providers/Microsoft.NetApp/locations/eastus/operationResults/275bac61-136c-4465-980c-9e9d97dce3db?api-version=2022-11-01
  response:
    body:
      string: '{"id":"/subscriptions/00000000-0000-0000-0000-000000000000/providers/Microsoft.NetApp/locations/eastus/operationResults/275bac61-136c-4465-980c-9e9d97dce3db","name":"275bac61-136c-4465-980c-9e9d97dce3db","status":"Creating","startTime":"2023-08-22T13:26:22.7912693Z","endTime":"0001-01-01T00:00:00Z","percentComplete":0.0,"properties":{"resourceName":"/subscriptions/00000000-0000-0000-0000-000000000000/resourceGroups/cli_netappfiles_test_snapshot_000001/providers/Microsoft.NetApp/netAppAccounts/cli-acc-000002/capacityPools/cli-pool-000003/volumes/cli-vol-000004","action":"CREATE"}}'
    headers:
      cache-control:
      - no-cache
      content-length:
      - '586'
      content-type:
      - application/json; charset=utf-8
      date:
      - Tue, 22 Aug 2023 13:46:52 GMT
      expires:
      - '-1'
      pragma:
      - no-cache
      strict-transport-security:
      - max-age=31536000; includeSubDomains
      x-cache:
      - CONFIG_NOCACHE
      x-content-type-options:
      - nosniff
      x-msedge-ref:
      - 'Ref A: B2E634917EC249B4919E0F47A62E4F99 Ref B: AMS231020512029 Ref C: 2023-08-22T13:46:52Z'
      x-powered-by:
      - ASP.NET
    status:
      code: 200
      message: OK
- request:
    body: null
    headers:
      Accept:
      - '*/*'
      Accept-Encoding:
      - gzip, deflate
      CommandName:
      - netappfiles volume create
      Connection:
      - keep-alive
      ParameterSetName:
      - -g -a -p -v -l --service-level --usage-threshold --file-path --vnet --subnet
      User-Agent:
      - AZURECLI/2.51.0 azsdk-python-mgmt-netapp/10.1.0 Python/3.10.10 (Windows-10-10.0.22621-SP0)
    method: GET
    uri: https://management.azure.com/subscriptions/00000000-0000-0000-0000-000000000000/providers/Microsoft.NetApp/locations/eastus/operationResults/275bac61-136c-4465-980c-9e9d97dce3db?api-version=2022-11-01
  response:
    body:
      string: '{"id":"/subscriptions/00000000-0000-0000-0000-000000000000/providers/Microsoft.NetApp/locations/eastus/operationResults/275bac61-136c-4465-980c-9e9d97dce3db","name":"275bac61-136c-4465-980c-9e9d97dce3db","status":"Creating","startTime":"2023-08-22T13:26:22.7912693Z","endTime":"0001-01-01T00:00:00Z","percentComplete":0.0,"properties":{"resourceName":"/subscriptions/00000000-0000-0000-0000-000000000000/resourceGroups/cli_netappfiles_test_snapshot_000001/providers/Microsoft.NetApp/netAppAccounts/cli-acc-000002/capacityPools/cli-pool-000003/volumes/cli-vol-000004","action":"CREATE"}}'
    headers:
      cache-control:
      - no-cache
      content-length:
      - '586'
      content-type:
      - application/json; charset=utf-8
      date:
      - Tue, 22 Aug 2023 13:47:22 GMT
      expires:
      - '-1'
      pragma:
      - no-cache
      strict-transport-security:
      - max-age=31536000; includeSubDomains
      x-cache:
      - CONFIG_NOCACHE
      x-content-type-options:
      - nosniff
      x-msedge-ref:
      - 'Ref A: 909A3FF5847248FC82ED09EA00714770 Ref B: AMS231020512029 Ref C: 2023-08-22T13:47:22Z'
      x-powered-by:
      - ASP.NET
    status:
      code: 200
      message: OK
- request:
    body: null
    headers:
      Accept:
      - '*/*'
      Accept-Encoding:
      - gzip, deflate
      CommandName:
      - netappfiles volume create
      Connection:
      - keep-alive
      ParameterSetName:
      - -g -a -p -v -l --service-level --usage-threshold --file-path --vnet --subnet
      User-Agent:
      - AZURECLI/2.51.0 azsdk-python-mgmt-netapp/10.1.0 Python/3.10.10 (Windows-10-10.0.22621-SP0)
    method: GET
    uri: https://management.azure.com/subscriptions/00000000-0000-0000-0000-000000000000/providers/Microsoft.NetApp/locations/eastus/operationResults/275bac61-136c-4465-980c-9e9d97dce3db?api-version=2022-11-01
  response:
    body:
      string: '{"id":"/subscriptions/00000000-0000-0000-0000-000000000000/providers/Microsoft.NetApp/locations/eastus/operationResults/275bac61-136c-4465-980c-9e9d97dce3db","name":"275bac61-136c-4465-980c-9e9d97dce3db","status":"Creating","startTime":"2023-08-22T13:26:22.7912693Z","endTime":"0001-01-01T00:00:00Z","percentComplete":0.0,"properties":{"resourceName":"/subscriptions/00000000-0000-0000-0000-000000000000/resourceGroups/cli_netappfiles_test_snapshot_000001/providers/Microsoft.NetApp/netAppAccounts/cli-acc-000002/capacityPools/cli-pool-000003/volumes/cli-vol-000004","action":"CREATE"}}'
    headers:
      cache-control:
      - no-cache
      content-length:
      - '586'
      content-type:
      - application/json; charset=utf-8
      date:
      - Tue, 22 Aug 2023 13:47:53 GMT
      expires:
      - '-1'
      pragma:
      - no-cache
      strict-transport-security:
      - max-age=31536000; includeSubDomains
      x-cache:
      - CONFIG_NOCACHE
      x-content-type-options:
      - nosniff
      x-msedge-ref:
      - 'Ref A: D17B501CE9FD4C24B9E99608703DA84E Ref B: AMS231020512029 Ref C: 2023-08-22T13:47:53Z'
      x-powered-by:
      - ASP.NET
    status:
      code: 200
      message: OK
- request:
    body: null
    headers:
      Accept:
      - '*/*'
      Accept-Encoding:
      - gzip, deflate
      CommandName:
      - netappfiles volume create
      Connection:
      - keep-alive
      ParameterSetName:
      - -g -a -p -v -l --service-level --usage-threshold --file-path --vnet --subnet
      User-Agent:
      - AZURECLI/2.51.0 azsdk-python-mgmt-netapp/10.1.0 Python/3.10.10 (Windows-10-10.0.22621-SP0)
    method: GET
    uri: https://management.azure.com/subscriptions/00000000-0000-0000-0000-000000000000/providers/Microsoft.NetApp/locations/eastus/operationResults/275bac61-136c-4465-980c-9e9d97dce3db?api-version=2022-11-01
  response:
    body:
      string: '{"id":"/subscriptions/00000000-0000-0000-0000-000000000000/providers/Microsoft.NetApp/locations/eastus/operationResults/275bac61-136c-4465-980c-9e9d97dce3db","name":"275bac61-136c-4465-980c-9e9d97dce3db","status":"Succeeded","startTime":"2023-08-22T13:26:22.7912693Z","endTime":"2023-08-22T13:48:09.8594568Z","percentComplete":100.0,"properties":{"resourceName":"/subscriptions/00000000-0000-0000-0000-000000000000/resourceGroups/cli_netappfiles_test_snapshot_000001/providers/Microsoft.NetApp/netAppAccounts/cli-acc-000002/capacityPools/cli-pool-000003/volumes/cli-vol-000004","action":"CREATE"}}'
    headers:
      cache-control:
      - no-cache
      content-length:
      - '597'
      content-type:
      - application/json; charset=utf-8
      date:
      - Tue, 22 Aug 2023 13:48:24 GMT
      expires:
      - '-1'
      pragma:
      - no-cache
      strict-transport-security:
      - max-age=31536000; includeSubDomains
      x-cache:
      - CONFIG_NOCACHE
      x-content-type-options:
      - nosniff
      x-msedge-ref:
      - 'Ref A: 940D71385D0B4BA7B058EECD41E57211 Ref B: AMS231020512029 Ref C: 2023-08-22T13:48:23Z'
      x-powered-by:
      - ASP.NET
    status:
      code: 200
      message: OK
- request:
    body: null
    headers:
      Accept:
      - '*/*'
      Accept-Encoding:
      - gzip, deflate
      CommandName:
      - netappfiles volume create
      Connection:
      - keep-alive
      ParameterSetName:
      - -g -a -p -v -l --service-level --usage-threshold --file-path --vnet --subnet
      User-Agent:
      - AZURECLI/2.51.0 azsdk-python-mgmt-netapp/10.1.0 Python/3.10.10 (Windows-10-10.0.22621-SP0)
    method: GET
    uri: https://management.azure.com/subscriptions/00000000-0000-0000-0000-000000000000/resourceGroups/cli_netappfiles_test_snapshot_000001/providers/Microsoft.NetApp/netAppAccounts/cli-acc-000002/capacityPools/cli-pool-000003/volumes/cli-vol-000004?api-version=2022-11-01
  response:
    body:
      string: '{"id":"/subscriptions/00000000-0000-0000-0000-000000000000/resourceGroups/cli_netappfiles_test_snapshot_000001/providers/Microsoft.NetApp/netAppAccounts/cli-acc-000002/capacityPools/cli-pool-000003/volumes/cli-vol-000004","name":"cli-acc-000002/cli-pool-000003/cli-vol-000004","type":"Microsoft.NetApp/netAppAccounts/capacityPools/volumes","etag":"W/\"datetime''2023-08-22T13%3A48%3A09.8444344Z''\"","location":"eastus","tags":{"CreatedOnDate":"2023-08-22T13:26:21.5122476Z"},"properties":{"volumeType":"","fileSystemId":"387f1214-0b71-e517-46bb-1282f24e500c","serviceLevel":"Premium","creationToken":"cli-vol-000004","usageThreshold":107374182400,"exportPolicy":{"rules":[{"ruleIndex":1,"unixReadOnly":false,"unixReadWrite":true,"cifs":false,"nfsv3":true,"nfsv41":false,"allowedClients":"0.0.0.0/0","kerberos5ReadOnly":false,"kerberos5ReadWrite":false,"kerberos5iReadOnly":false,"kerberos5iReadWrite":false,"kerberos5pReadOnly":false,"kerberos5pReadWrite":false,"hasRootAccess":true,"chownMode":"Restricted"}]},"protocolTypes":["NFSv3"],"baremetalTenantId":"baremetalTenant_svm_e6db99cacbc54bf6b9f6acb8edf404c5_818c711e","subnetId":"/subscriptions/00000000-0000-0000-0000-000000000000/resourceGroups/cli_netappfiles_test_snapshot_000001/providers/Microsoft.Network/virtualNetworks/cli-vnet-lefr-02/subnets/cli-subnet-lefr-02","networkFeatures":"Basic","networkSiblingSetId":"bf5e122e-4cbd-497b-a661-59b987185402","storageToNetworkProximity":"AcrossT2","snapshotDirectoryVisible":true,"kerberosEnabled":false,"securityStyle":"Unix","smbEncryption":false,"smbContinuouslyAvailable":false,"encryptionKeySource":"Microsoft.NetApp","ldapEnabled":false,"unixPermissions":"0770","mountTargets":[{"mountTargetId":"387f1214-0b71-e517-46bb-1282f24e500c","fileSystemId":"387f1214-0b71-e517-46bb-1282f24e500c","ipAddress":"10.5.0.4"}],"coolAccess":false,"avsDataStore":"Disabled","isDefaultQuotaEnabled":false,"defaultUserQuotaInKiBs":0,"defaultGroupQuotaInKiBs":0,"enableSubvolumes":"Disabled","maximumNumberOfFiles":100000000,"smbNonBrowsable":"Disabled","smbAccessBasedEnumeration":"Disabled","isLargeVolume":false,"provisionedAvailabilityZone":"2","actualThroughputMibps":6.25,"provisioningState":"Succeeded"},"systemData":{"createdBy":"c6c4faba-2b22-44d9-80a4-71ff5b71f811","createdByType":"Application","createdAt":"2023-08-22T13:26:22.1137585Z","lastModifiedBy":"c6c4faba-2b22-44d9-80a4-71ff5b71f811","lastModifiedByType":"Application","lastModifiedAt":"2023-08-22T13:26:22.1137585Z"}}'
    headers:
      cache-control:
      - no-cache
      content-length:
      - '2479'
      content-type:
      - application/json; charset=utf-8
      date:
      - Tue, 22 Aug 2023 13:48:24 GMT
      etag:
      - W/"datetime'2023-08-22T13%3A48%3A09.8444344Z'"
      expires:
      - '-1'
      pragma:
      - no-cache
      strict-transport-security:
      - max-age=31536000; includeSubDomains
      x-cache:
      - CONFIG_NOCACHE
      x-content-type-options:
      - nosniff
      x-msedge-ref:
      - 'Ref A: 79F8D73AE7CE44288668583EFFE67BB7 Ref B: AMS231020512029 Ref C: 2023-08-22T13:48:24Z'
      x-powered-by:
      - ASP.NET
    status:
      code: 200
      message: OK
- request:
    body: '{"location": "eastus"}'
    headers:
      Accept:
      - application/json
      Accept-Encoding:
      - gzip, deflate
      CommandName:
      - netappfiles snapshot create
      Connection:
      - keep-alive
      Content-Length:
      - '22'
      Content-Type:
      - application/json
      ParameterSetName:
      - -g -a -p -v -s -l
      User-Agent:
      - AZURECLI/2.51.0 azsdk-python-mgmt-netapp/10.1.0 Python/3.10.10 (Windows-10-10.0.22621-SP0)
    method: PUT
    uri: https://management.azure.com/subscriptions/00000000-0000-0000-0000-000000000000/resourceGroups/cli_netappfiles_test_snapshot_000001/providers/Microsoft.NetApp/netAppAccounts/cli-acc-000002/capacityPools/cli-pool-000003/volumes/cli-vol-000004/snapshots/cli-sn-000005?api-version=2022-11-01
  response:
    body:
      string: '{"id":"/subscriptions/00000000-0000-0000-0000-000000000000/resourceGroups/cli_netappfiles_test_snapshot_000001/providers/Microsoft.NetApp/netAppAccounts/cli-acc-000002/capacityPools/cli-pool-000003/volumes/cli-vol-000004/snapshots/cli-sn-000005","name":"cli-acc-000002/cli-pool-000003/cli-vol-000004/cli-sn-000005","type":"Microsoft.NetApp/netAppAccounts/capacityPools/volumes/snapshots","location":"eastus","properties":{"provisioningState":"Creating"}}'
    headers:
      azure-asyncoperation:
      - https://management.azure.com/subscriptions/00000000-0000-0000-0000-000000000000/providers/Microsoft.NetApp/locations/eastus/operationResults/65d94b7d-b4fe-4ba9-b9c8-688a8699028f?api-version=2022-11-01
      cache-control:
      - no-cache
      content-length:
      - '454'
      content-type:
      - application/json; charset=utf-8
      date:
      - Tue, 22 Aug 2023 13:48:26 GMT
      expires:
      - '-1'
      location:
      - https://management.azure.com/subscriptions/00000000-0000-0000-0000-000000000000/providers/Microsoft.NetApp/locations/eastus/operationResults/65d94b7d-b4fe-4ba9-b9c8-688a8699028f?api-version=2022-11-01&operationResultResponseType=Location
      pragma:
      - no-cache
      strict-transport-security:
      - max-age=31536000; includeSubDomains
      x-cache:
      - CONFIG_NOCACHE
      x-content-type-options:
      - nosniff
      x-ms-ratelimit-remaining-subscription-writes:
      - '1197'
      x-msedge-ref:
      - 'Ref A: A0D9D440F5A44F2697B197734E4071D9 Ref B: AMS231022012029 Ref C: 2023-08-22T13:48:26Z'
      x-powered-by:
      - ASP.NET
    status:
      code: 201
      message: Created
- request:
    body: null
    headers:
      Accept:
      - '*/*'
      Accept-Encoding:
      - gzip, deflate
      CommandName:
      - netappfiles snapshot create
      Connection:
      - keep-alive
      ParameterSetName:
      - -g -a -p -v -s -l
      User-Agent:
      - AZURECLI/2.51.0 azsdk-python-mgmt-netapp/10.1.0 Python/3.10.10 (Windows-10-10.0.22621-SP0)
    method: GET
    uri: https://management.azure.com/subscriptions/00000000-0000-0000-0000-000000000000/providers/Microsoft.NetApp/locations/eastus/operationResults/65d94b7d-b4fe-4ba9-b9c8-688a8699028f?api-version=2022-11-01
  response:
    body:
      string: '{"id":"/subscriptions/00000000-0000-0000-0000-000000000000/providers/Microsoft.NetApp/locations/eastus/operationResults/65d94b7d-b4fe-4ba9-b9c8-688a8699028f","name":"65d94b7d-b4fe-4ba9-b9c8-688a8699028f","status":"Creating","startTime":"2023-08-22T13:48:27.0662941Z","endTime":"0001-01-01T00:00:00Z","percentComplete":0.0,"properties":{"resourceName":"/subscriptions/00000000-0000-0000-0000-000000000000/resourceGroups/cli_netappfiles_test_snapshot_000001/providers/Microsoft.NetApp/netAppAccounts/cli-acc-000002/capacityPools/cli-pool-000003/volumes/cli-vol-000004/snapshots/cli-sn-000005","action":"CREATE"}}'
    headers:
      cache-control:
      - no-cache
      content-length:
      - '610'
      content-type:
      - application/json; charset=utf-8
      date:
      - Tue, 22 Aug 2023 13:48:26 GMT
      expires:
      - '-1'
      pragma:
      - no-cache
      strict-transport-security:
      - max-age=31536000; includeSubDomains
      x-cache:
      - CONFIG_NOCACHE
      x-content-type-options:
      - nosniff
      x-msedge-ref:
      - 'Ref A: 62A82F2F1C634715BDD9FF936C30B157 Ref B: AMS231022012029 Ref C: 2023-08-22T13:48:27Z'
      x-powered-by:
      - ASP.NET
    status:
      code: 200
      message: OK
- request:
    body: null
    headers:
      Accept:
      - '*/*'
      Accept-Encoding:
      - gzip, deflate
      CommandName:
      - netappfiles snapshot create
      Connection:
      - keep-alive
      ParameterSetName:
      - -g -a -p -v -s -l
      User-Agent:
      - AZURECLI/2.51.0 azsdk-python-mgmt-netapp/10.1.0 Python/3.10.10 (Windows-10-10.0.22621-SP0)
    method: GET
    uri: https://management.azure.com/subscriptions/00000000-0000-0000-0000-000000000000/providers/Microsoft.NetApp/locations/eastus/operationResults/65d94b7d-b4fe-4ba9-b9c8-688a8699028f?api-version=2022-11-01
  response:
    body:
      string: '{"id":"/subscriptions/00000000-0000-0000-0000-000000000000/providers/Microsoft.NetApp/locations/eastus/operationResults/65d94b7d-b4fe-4ba9-b9c8-688a8699028f","name":"65d94b7d-b4fe-4ba9-b9c8-688a8699028f","status":"Succeeded","startTime":"2023-08-22T13:48:27.0662941Z","endTime":"2023-08-22T13:48:30.0452366Z","percentComplete":100.0,"properties":{"resourceName":"/subscriptions/00000000-0000-0000-0000-000000000000/resourceGroups/cli_netappfiles_test_snapshot_000001/providers/Microsoft.NetApp/netAppAccounts/cli-acc-000002/capacityPools/cli-pool-000003/volumes/cli-vol-000004/snapshots/cli-sn-000005","action":"CREATE"}}'
    headers:
      cache-control:
      - no-cache
      content-length:
      - '621'
      content-type:
      - application/json; charset=utf-8
      date:
      - Tue, 22 Aug 2023 13:48:56 GMT
      expires:
      - '-1'
      pragma:
      - no-cache
      strict-transport-security:
      - max-age=31536000; includeSubDomains
      x-cache:
      - CONFIG_NOCACHE
      x-content-type-options:
      - nosniff
      x-msedge-ref:
      - 'Ref A: 218C110D65D845A3B568A473554164DD Ref B: AMS231022012029 Ref C: 2023-08-22T13:48:57Z'
      x-powered-by:
      - ASP.NET
    status:
      code: 200
      message: OK
- request:
    body: null
    headers:
      Accept:
      - '*/*'
      Accept-Encoding:
      - gzip, deflate
      CommandName:
      - netappfiles snapshot create
      Connection:
      - keep-alive
      ParameterSetName:
      - -g -a -p -v -s -l
      User-Agent:
      - AZURECLI/2.51.0 azsdk-python-mgmt-netapp/10.1.0 Python/3.10.10 (Windows-10-10.0.22621-SP0)
    method: GET
    uri: https://management.azure.com/subscriptions/00000000-0000-0000-0000-000000000000/providers/Microsoft.NetApp/locations/eastus/operationResults/65d94b7d-b4fe-4ba9-b9c8-688a8699028f?api-version=2022-11-01&operationResultResponseType=Location
  response:
    body:
      string: '{"provisioningState":"Succeeded","snapshotId":"58a6f967-8727-4ec4-b24b-bc0741a6a7ee","created":"2023-08-22T13:48:27.482Z"}'
    headers:
      cache-control:
      - no-cache
      content-length:
      - '122'
      content-type:
      - application/json; charset=utf-8
      date:
      - Tue, 22 Aug 2023 13:48:57 GMT
      expires:
      - '-1'
      pragma:
      - no-cache
      strict-transport-security:
      - max-age=31536000; includeSubDomains
      x-cache:
      - CONFIG_NOCACHE
      x-content-type-options:
      - nosniff
      x-msedge-ref:
      - 'Ref A: FCB5E1408C84470392F81ABE1838A6C0 Ref B: AMS231022012029 Ref C: 2023-08-22T13:48:57Z'
      x-powered-by:
      - ASP.NET
    status:
      code: 201
      message: Created
- request:
    body: null
    headers:
      Accept:
      - application/json
      Accept-Encoding:
      - gzip, deflate
      CommandName:
      - netappfiles snapshot create
      Connection:
      - keep-alive
      ParameterSetName:
      - -g -a -p -v -s -l
      User-Agent:
      - AZURECLI/2.51.0 azsdk-python-mgmt-netapp/10.1.0 Python/3.10.10 (Windows-10-10.0.22621-SP0)
    method: GET
    uri: https://management.azure.com/subscriptions/00000000-0000-0000-0000-000000000000/resourceGroups/cli_netappfiles_test_snapshot_000001/providers/Microsoft.NetApp/netAppAccounts/cli-acc-000002/capacityPools/cli-pool-000003/volumes/cli-vol-000004/snapshots/cli-sn-000005?api-version=2022-11-01
  response:
    body:
      string: '{"id":"/subscriptions/00000000-0000-0000-0000-000000000000/resourceGroups/cli_netappfiles_test_snapshot_000001/providers/Microsoft.NetApp/netAppAccounts/cli-acc-000002/capacityPools/cli-pool-000003/volumes/cli-vol-000004/snapshots/cli-sn-000005","name":"cli-acc-000002/cli-pool-000003/cli-vol-000004/cli-sn-000005","type":"Microsoft.NetApp/netAppAccounts/capacityPools/volumes/snapshots","location":"eastus","properties":{"provisioningState":"Succeeded","snapshotId":"58a6f967-8727-4ec4-b24b-bc0741a6a7ee","created":"2023-08-22T13:48:27.482Z"}}'
    headers:
      cache-control:
      - no-cache
      content-length:
      - '544'
      content-type:
      - application/json; charset=utf-8
      date:
      - Tue, 22 Aug 2023 13:48:58 GMT
      expires:
      - '-1'
      pragma:
      - no-cache
      strict-transport-security:
      - max-age=31536000; includeSubDomains
      x-cache:
      - CONFIG_NOCACHE
      x-content-type-options:
      - nosniff
      x-msedge-ref:
      - 'Ref A: 6D17E5E25B134E53965B8A0076BC3DA8 Ref B: AMS231022012029 Ref C: 2023-08-22T13:48:58Z'
      x-powered-by:
      - ASP.NET
    status:
      code: 200
      message: OK
- request:
    body: null
    headers:
      Accept:
      - application/json
      Accept-Encoding:
      - gzip, deflate
      CommandName:
      - netappfiles snapshot list
      Connection:
      - keep-alive
      ParameterSetName:
      - -g -a -p -v
      User-Agent:
      - AZURECLI/2.51.0 azsdk-python-mgmt-netapp/10.1.0 Python/3.10.10 (Windows-10-10.0.22621-SP0)
    method: GET
    uri: https://management.azure.com/subscriptions/00000000-0000-0000-0000-000000000000/resourceGroups/cli_netappfiles_test_snapshot_000001/providers/Microsoft.NetApp/netAppAccounts/cli-acc-000002/capacityPools/cli-pool-000003/volumes/cli-vol-000004/snapshots?api-version=2022-11-01
  response:
    body:
      string: '{"value":[{"id":"/subscriptions/00000000-0000-0000-0000-000000000000/resourceGroups/cli_netappfiles_test_snapshot_000001/providers/Microsoft.NetApp/netAppAccounts/cli-acc-000002/capacityPools/cli-pool-000003/volumes/cli-vol-000004/snapshots/cli-sn-000005","name":"cli-acc-000002/cli-pool-000003/cli-vol-000004/cli-sn-000005","type":"Microsoft.NetApp/netAppAccounts/capacityPools/volumes/snapshots","location":"eastus","properties":{"provisioningState":"Succeeded","snapshotId":"58a6f967-8727-4ec4-b24b-bc0741a6a7ee","created":"2023-08-22T13:48:27.482Z"}}]}'
    headers:
      cache-control:
      - no-cache
      content-length:
      - '556'
      content-type:
      - application/json; charset=utf-8
      date:
      - Tue, 22 Aug 2023 13:49:00 GMT
      expires:
      - '-1'
      pragma:
      - no-cache
      strict-transport-security:
      - max-age=31536000; includeSubDomains
      x-cache:
      - CONFIG_NOCACHE
      x-content-type-options:
      - nosniff
      x-msedge-ref:
      - 'Ref A: DC061189652243D4990F5C3EC8DB6551 Ref B: AMS231020512035 Ref C: 2023-08-22T13:48:59Z'
      x-powered-by:
      - ASP.NET
    status:
      code: 200
      message: OK
- request:
    body: null
    headers:
      Accept:
      - application/json
      Accept-Encoding:
      - gzip, deflate
      CommandName:
      - netappfiles snapshot show
      Connection:
      - keep-alive
      ParameterSetName:
      - -g -a -p -v -s
      User-Agent:
      - AZURECLI/2.51.0 azsdk-python-mgmt-netapp/10.1.0 Python/3.10.10 (Windows-10-10.0.22621-SP0)
    method: GET
    uri: https://management.azure.com/subscriptions/00000000-0000-0000-0000-000000000000/resourceGroups/cli_netappfiles_test_snapshot_000001/providers/Microsoft.NetApp/netAppAccounts/cli-acc-000002/capacityPools/cli-pool-000003/volumes/cli-vol-000004/snapshots/cli-sn-000005?api-version=2022-11-01
  response:
    body:
      string: '{"id":"/subscriptions/00000000-0000-0000-0000-000000000000/resourceGroups/cli_netappfiles_test_snapshot_000001/providers/Microsoft.NetApp/netAppAccounts/cli-acc-000002/capacityPools/cli-pool-000003/volumes/cli-vol-000004/snapshots/cli-sn-000005","name":"cli-acc-000002/cli-pool-000003/cli-vol-000004/cli-sn-000005","type":"Microsoft.NetApp/netAppAccounts/capacityPools/volumes/snapshots","location":"eastus","properties":{"provisioningState":"Succeeded","snapshotId":"58a6f967-8727-4ec4-b24b-bc0741a6a7ee","created":"2023-08-22T13:48:27.482Z"}}'
    headers:
      cache-control:
      - no-cache
      content-length:
      - '544'
      content-type:
      - application/json; charset=utf-8
      date:
      - Tue, 22 Aug 2023 13:49:01 GMT
      expires:
      - '-1'
      pragma:
      - no-cache
      strict-transport-security:
      - max-age=31536000; includeSubDomains
      x-cache:
      - CONFIG_NOCACHE
      x-content-type-options:
      - nosniff
      x-msedge-ref:
      - 'Ref A: 4AC0002E155A45D18024977589567633 Ref B: AMS231032608031 Ref C: 2023-08-22T13:49:01Z'
      x-powered-by:
      - ASP.NET
    status:
      code: 200
      message: OK
- request:
    body: '{"snapshotId": "58a6f967-8727-4ec4-b24b-bc0741a6a7ee"}'
    headers:
      Accept:
      - '*/*'
      Accept-Encoding:
      - gzip, deflate
      CommandName:
      - netappfiles volume revert
      Connection:
      - keep-alive
      Content-Length:
      - '54'
      Content-Type:
      - application/json
      ParameterSetName:
      - -g -a -p -v -s
      User-Agent:
      - AZURECLI/2.51.0 azsdk-python-mgmt-netapp/10.1.0 Python/3.10.10 (Windows-10-10.0.22621-SP0)
    method: POST
    uri: https://management.azure.com/subscriptions/00000000-0000-0000-0000-000000000000/resourceGroups/cli_netappfiles_test_snapshot_000001/providers/Microsoft.NetApp/netAppAccounts/cli-acc-000002/capacityPools/cli-pool-000003/volumes/cli-vol-000004/revert?api-version=2022-11-01
  response:
    body:
      string: ''
    headers:
      azure-asyncoperation:
      - https://management.azure.com/subscriptions/00000000-0000-0000-0000-000000000000/providers/Microsoft.NetApp/locations/eastus/operationResults/3be4ddf0-fc9c-4320-9613-e57e26453d64?api-version=2022-11-01
      cache-control:
      - no-cache
      content-length:
      - '0'
      date:
      - Tue, 22 Aug 2023 13:49:02 GMT
      expires:
      - '-1'
      location:
      - https://management.azure.com/subscriptions/00000000-0000-0000-0000-000000000000/providers/Microsoft.NetApp/locations/eastus/operationResults/3be4ddf0-fc9c-4320-9613-e57e26453d64?api-version=2022-11-01&operationResultResponseType=Location
      pragma:
      - no-cache
      strict-transport-security:
      - max-age=31536000; includeSubDomains
      x-cache:
      - CONFIG_NOCACHE
      x-content-type-options:
      - nosniff
      x-ms-ratelimit-remaining-subscription-writes:
      - '1199'
      x-msedge-ref:
      - 'Ref A: 4377DCAF33FB4EFFA5042A94EAB270D0 Ref B: AMS231020615029 Ref C: 2023-08-22T13:49:02Z'
      x-powered-by:
      - ASP.NET
    status:
      code: 202
      message: Accepted
- request:
    body: null
    headers:
      Accept:
      - '*/*'
      Accept-Encoding:
      - gzip, deflate
      CommandName:
      - netappfiles volume revert
      Connection:
      - keep-alive
      ParameterSetName:
      - -g -a -p -v -s
      User-Agent:
      - AZURECLI/2.51.0 azsdk-python-mgmt-netapp/10.1.0 Python/3.10.10 (Windows-10-10.0.22621-SP0)
    method: GET
    uri: https://management.azure.com/subscriptions/00000000-0000-0000-0000-000000000000/providers/Microsoft.NetApp/locations/eastus/operationResults/3be4ddf0-fc9c-4320-9613-e57e26453d64?api-version=2022-11-01
  response:
    body:
      string: '{"id":"/subscriptions/00000000-0000-0000-0000-000000000000/providers/Microsoft.NetApp/locations/eastus/operationResults/3be4ddf0-fc9c-4320-9613-e57e26453d64","name":"3be4ddf0-fc9c-4320-9613-e57e26453d64","status":"Reverting","startTime":"2023-08-22T13:49:03.7410499Z","endTime":"0001-01-01T00:00:00Z","percentComplete":0.0,"properties":{"resourceName":"/subscriptions/00000000-0000-0000-0000-000000000000/resourceGroups/cli_netappfiles_test_snapshot_000001/providers/Microsoft.NetApp/netAppAccounts/cli-acc-000002/capacityPools/cli-pool-000003/volumes/cli-vol-000004","action":"POST"}}'
    headers:
      cache-control:
      - no-cache
      content-length:
      - '585'
      content-type:
      - application/json; charset=utf-8
      date:
      - Tue, 22 Aug 2023 13:49:03 GMT
      expires:
      - '-1'
      pragma:
      - no-cache
      strict-transport-security:
      - max-age=31536000; includeSubDomains
      x-cache:
      - CONFIG_NOCACHE
      x-content-type-options:
      - nosniff
      x-msedge-ref:
      - 'Ref A: 1817A81F74BA429EA84FB2597C2CB51A Ref B: AMS231020615029 Ref C: 2023-08-22T13:49:03Z'
      x-powered-by:
      - ASP.NET
    status:
      code: 200
      message: OK
- request:
    body: null
    headers:
      Accept:
      - '*/*'
      Accept-Encoding:
      - gzip, deflate
      CommandName:
      - netappfiles volume revert
      Connection:
      - keep-alive
      ParameterSetName:
      - -g -a -p -v -s
      User-Agent:
      - AZURECLI/2.51.0 azsdk-python-mgmt-netapp/10.1.0 Python/3.10.10 (Windows-10-10.0.22621-SP0)
    method: GET
    uri: https://management.azure.com/subscriptions/00000000-0000-0000-0000-000000000000/providers/Microsoft.NetApp/locations/eastus/operationResults/3be4ddf0-fc9c-4320-9613-e57e26453d64?api-version=2022-11-01
  response:
    body:
      string: '{"id":"/subscriptions/00000000-0000-0000-0000-000000000000/providers/Microsoft.NetApp/locations/eastus/operationResults/3be4ddf0-fc9c-4320-9613-e57e26453d64","name":"3be4ddf0-fc9c-4320-9613-e57e26453d64","status":"Succeeded","startTime":"2023-08-22T13:49:03.7410499Z","endTime":"2023-08-22T13:49:13.4148322Z","percentComplete":100.0,"properties":{"resourceName":"/subscriptions/00000000-0000-0000-0000-000000000000/resourceGroups/cli_netappfiles_test_snapshot_000001/providers/Microsoft.NetApp/netAppAccounts/cli-acc-000002/capacityPools/cli-pool-000003/volumes/cli-vol-000004","action":"POST"}}'
    headers:
      cache-control:
      - no-cache
      content-length:
      - '595'
      content-type:
      - application/json; charset=utf-8
      date:
      - Tue, 22 Aug 2023 13:49:35 GMT
      expires:
      - '-1'
      pragma:
      - no-cache
      strict-transport-security:
      - max-age=31536000; includeSubDomains
      x-cache:
      - CONFIG_NOCACHE
      x-content-type-options:
      - nosniff
      x-msedge-ref:
      - 'Ref A: F9437120058E4C6FA5F00EA312F33DD3 Ref B: AMS231020615029 Ref C: 2023-08-22T13:49:34Z'
      x-powered-by:
      - ASP.NET
    status:
      code: 200
      message: OK
- request:
    body: null
    headers:
      Accept:
      - '*/*'
      Accept-Encoding:
      - gzip, deflate
      CommandName:
      - netappfiles volume revert
      Connection:
      - keep-alive
      ParameterSetName:
      - -g -a -p -v -s
      User-Agent:
      - AZURECLI/2.51.0 azsdk-python-mgmt-netapp/10.1.0 Python/3.10.10 (Windows-10-10.0.22621-SP0)
    method: GET
    uri: https://management.azure.com/subscriptions/00000000-0000-0000-0000-000000000000/providers/Microsoft.NetApp/locations/eastus/operationResults/3be4ddf0-fc9c-4320-9613-e57e26453d64?api-version=2022-11-01&operationResultResponseType=Location
  response:
    body:
      string: '{"volumeType":"","provisioningState":"Succeeded","fileSystemId":"387f1214-0b71-e517-46bb-1282f24e500c","serviceLevel":"Premium","creationToken":"cli-vol-000004","usageThreshold":107374182400,"exportPolicy":{"rules":[{"ruleIndex":1,"unixReadOnly":false,"unixReadWrite":true,"cifs":false,"nfsv3":true,"nfsv41":false,"allowedClients":"0.0.0.0/0","kerberos5ReadOnly":false,"kerberos5ReadWrite":false,"kerberos5iReadOnly":false,"kerberos5iReadWrite":false,"kerberos5pReadOnly":false,"kerberos5pReadWrite":false,"hasRootAccess":true,"chownMode":"Restricted"}]},"protocolTypes":["NFSv3"],"baremetalTenantId":"baremetalTenant_svm_e6db99cacbc54bf6b9f6acb8edf404c5_818c711e","subnetId":"/subscriptions/00000000-0000-0000-0000-000000000000/resourceGroups/cli_netappfiles_test_snapshot_000001/providers/Microsoft.Network/virtualNetworks/cli-vnet-lefr-02/subnets/cli-subnet-lefr-02","networkFeatures":"Basic","networkSiblingSetId":"bf5e122e-4cbd-497b-a661-59b987185402","storageToNetworkProximity":"AcrossT2","snapshotDirectoryVisible":true,"kerberosEnabled":false,"securityStyle":"Unix","smbEncryption":false,"smbContinuouslyAvailable":false,"encryptionKeySource":"Microsoft.NetApp","ldapEnabled":false,"unixPermissions":"0770","mountTargets":[{"mountTargetId":"387f1214-0b71-e517-46bb-1282f24e500c","fileSystemId":"387f1214-0b71-e517-46bb-1282f24e500c","ipAddress":"10.5.0.4"}],"throughputMibps":0.0,"coolAccess":false,"avsDataStore":"Disabled","isDefaultQuotaEnabled":false,"defaultUserQuotaInKiBs":0,"defaultGroupQuotaInKiBs":0,"enableSubvolumes":"Disabled","maximumNumberOfFiles":100000000,"smbNonBrowsable":"Disabled","smbAccessBasedEnumeration":"Disabled","isLargeVolume":false,"provisionedAvailabilityZone":"2","actualThroughputMibps":6.25}'
    headers:
      cache-control:
      - no-cache
      content-length:
      - '1735'
      content-type:
      - application/json; charset=utf-8
      date:
      - Tue, 22 Aug 2023 13:49:36 GMT
      expires:
      - '-1'
      pragma:
      - no-cache
      strict-transport-security:
      - max-age=31536000; includeSubDomains
      x-cache:
      - CONFIG_NOCACHE
      x-content-type-options:
      - nosniff
      x-msedge-ref:
      - 'Ref A: D657C1910E044553A691CCA79FBFFD63 Ref B: AMS231020615029 Ref C: 2023-08-22T13:49:35Z'
      x-powered-by:
      - ASP.NET
    status:
      code: 200
      message: OK
- request:
    body: null
    headers:
      Accept:
      - application/json
      Accept-Encoding:
      - gzip, deflate
      CommandName:
      - netappfiles snapshot list
      Connection:
      - keep-alive
      ParameterSetName:
      - -g -a -p -v
      User-Agent:
      - AZURECLI/2.51.0 azsdk-python-mgmt-netapp/10.1.0 Python/3.10.10 (Windows-10-10.0.22621-SP0)
    method: GET
    uri: https://management.azure.com/subscriptions/00000000-0000-0000-0000-000000000000/resourceGroups/cli_netappfiles_test_snapshot_000001/providers/Microsoft.NetApp/netAppAccounts/cli-acc-000002/capacityPools/cli-pool-000003/volumes/cli-vol-000004/snapshots?api-version=2022-11-01
  response:
    body:
      string: '{"value":[{"id":"/subscriptions/00000000-0000-0000-0000-000000000000/resourceGroups/cli_netappfiles_test_snapshot_000001/providers/Microsoft.NetApp/netAppAccounts/cli-acc-000002/capacityPools/cli-pool-000003/volumes/cli-vol-000004/snapshots/cli-sn-000005","name":"cli-acc-000002/cli-pool-000003/cli-vol-000004/cli-sn-000005","type":"Microsoft.NetApp/netAppAccounts/capacityPools/volumes/snapshots","location":"eastus","properties":{"provisioningState":"Succeeded","snapshotId":"58a6f967-8727-4ec4-b24b-bc0741a6a7ee","created":"2023-08-22T13:48:27.482Z"}}]}'
    headers:
      cache-control:
      - no-cache
      content-length:
      - '556'
      content-type:
      - application/json; charset=utf-8
      date:
      - Tue, 22 Aug 2023 13:49:37 GMT
      expires:
      - '-1'
      pragma:
      - no-cache
      strict-transport-security:
      - max-age=31536000; includeSubDomains
      x-cache:
      - CONFIG_NOCACHE
      x-content-type-options:
      - nosniff
      x-msedge-ref:
      - 'Ref A: F30239E88F9740DC8FAE7C186BA81D7A Ref B: AMS231020614031 Ref C: 2023-08-22T13:49:36Z'
      x-powered-by:
      - ASP.NET
    status:
      code: 200
      message: OK
version: 1
