interactions:
- request:
    body: !!python/unicode '{"location": "westus", "tags": {"date": "2019-06-04T16:19:06Z",
      "product": "azurecli", "cause": "automation"}}'
    headers:
      Accept:
      - application/json
      Accept-Encoding:
      - gzip, deflate
      CommandName:
      - group create
      Connection:
      - keep-alive
      Content-Length:
      - '110'
      Content-Type:
      - application/json; charset=utf-8
      ParameterSetName:
      - --location --name --tag
      User-Agent:
      - python/2.7.10 (Darwin-16.7.0-x86_64-i386-64bit) msrest/0.6.6 msrest_azure/0.4.34
        resourcemanagementclient/2.1.0 Azure-SDK-For-Python AZURECLI/2.0.65
      accept-language:
      - en-US
    method: PUT
    uri: https://management.azure.com/subscriptions/00000000-0000-0000-0000-000000000000/resourcegroups/clitest.rg000001?api-version=2018-05-01
  response:
    body:
      string: !!python/unicode '{"id":"/subscriptions/00000000-0000-0000-0000-000000000000/resourceGroups/clitest.rg000001","name":"clitest.rg000001","location":"westus","tags":{"date":"2019-06-04T16:19:06Z","product":"azurecli","cause":"automation"},"properties":{"provisioningState":"Succeeded"}}'
    headers:
      cache-control:
      - no-cache
      content-length:
      - '384'
      content-type:
      - application/json; charset=utf-8
      date:
      - Tue, 04 Jun 2019 16:19:39 GMT
      expires:
      - '-1'
      pragma:
      - no-cache
      strict-transport-security:
      - max-age=31536000; includeSubDomains
      x-content-type-options:
      - nosniff
      x-ms-ratelimit-remaining-subscription-writes:
      - '1198'
    status:
      code: 201
      message: Created
- request:
    body: !!python/unicode '{"location": "eastus2", "properties": {"dhcpOptions":
      {}, "addressSpace": {"addressPrefixes": ["10.5.0.0/16"]}}, "tags": {}}'
    headers:
      Accept:
      - application/json
      Accept-Encoding:
      - gzip, deflate
      CommandName:
      - network vnet create
      Connection:
      - keep-alive
      Content-Length:
      - '124'
      Content-Type:
      - application/json; charset=utf-8
      ParameterSetName:
      - -n --resource-group -l --address-prefix
      User-Agent:
      - python/2.7.10 (Darwin-16.7.0-x86_64-i386-64bit) msrest/0.6.6 msrest_azure/0.4.34
        networkmanagementclient/3.0.0 Azure-SDK-For-Python AZURECLI/2.0.65
      accept-language:
      - en-US
    method: PUT
    uri: https://management.azure.com/subscriptions/00000000-0000-0000-0000-000000000000/resourceGroups/clitest.rg000001/providers/Microsoft.Network/virtualNetworks/cli-vnet-lefr-02?api-version=2019-04-01
  response:
    body:
      string: !!python/unicode "{\r\n  \"name\": \"cli-vnet-lefr-02\",\r\n  \"id\"\
        : \"/subscriptions/00000000-0000-0000-0000-000000000000/resourceGroups/clitest.rg000001/providers/Microsoft.Network/virtualNetworks/cli-vnet-lefr-02\"\
        ,\r\n  \"etag\": \"W/\\\"8aec942c-061d-450e-a576-e245f03f45de\\\"\",\r\n \
        \ \"type\": \"Microsoft.Network/virtualNetworks\",\r\n  \"location\": \"eastus2\"\
        ,\r\n  \"tags\": {},\r\n  \"properties\": {\r\n    \"provisioningState\":\
        \ \"Updating\",\r\n    \"resourceGuid\": \"ea9c7e96-5fc4-4301-9b86-d93b261a9181\"\
        ,\r\n    \"addressSpace\": {\r\n      \"addressPrefixes\": [\r\n        \"\
        10.5.0.0/16\"\r\n      ]\r\n    },\r\n    \"dhcpOptions\": {\r\n      \"dnsServers\"\
        : []\r\n    },\r\n    \"subnets\": [],\r\n    \"virtualNetworkPeerings\":\
        \ [],\r\n    \"enableDdosProtection\": false,\r\n    \"enableVmProtection\"\
        : false\r\n  }\r\n}"
    headers:
      azure-asyncoperation:
      - https://management.azure.com/subscriptions/00000000-0000-0000-0000-000000000000/providers/Microsoft.Network/locations/eastus2/operations/8c6677c0-ee32-4037-93fc-d51c08f1a739?api-version=2019-04-01
      cache-control:
      - no-cache
      content-length:
      - '789'
      content-type:
      - application/json; charset=utf-8
      date:
      - Tue, 04 Jun 2019 16:19:42 GMT
      expires:
      - '-1'
      pragma:
      - no-cache
      server:
      - Microsoft-HTTPAPI/2.0
      - Microsoft-HTTPAPI/2.0
      strict-transport-security:
      - max-age=31536000; includeSubDomains
      x-content-type-options:
      - nosniff
      x-ms-ratelimit-remaining-subscription-writes:
      - '1196'
    status:
      code: 201
      message: Created
- request:
    body: null
    headers:
      Accept:
      - application/json
      Accept-Encoding:
      - gzip, deflate
      CommandName:
      - network vnet create
      Connection:
      - keep-alive
      ParameterSetName:
      - -n --resource-group -l --address-prefix
      User-Agent:
      - python/2.7.10 (Darwin-16.7.0-x86_64-i386-64bit) msrest/0.6.6 msrest_azure/0.4.34
        networkmanagementclient/3.0.0 Azure-SDK-For-Python AZURECLI/2.0.65
    method: GET
    uri: https://management.azure.com/subscriptions/00000000-0000-0000-0000-000000000000/providers/Microsoft.Network/locations/eastus2/operations/8c6677c0-ee32-4037-93fc-d51c08f1a739?api-version=2019-04-01
  response:
    body:
      string: !!python/unicode "{\r\n  \"status\": \"Succeeded\"\r\n}"
    headers:
      cache-control:
      - no-cache
      content-length:
      - '29'
      content-type:
      - application/json; charset=utf-8
      date:
      - Tue, 04 Jun 2019 16:19:46 GMT
      expires:
      - '-1'
      pragma:
      - no-cache
      server:
      - Microsoft-HTTPAPI/2.0
      - Microsoft-HTTPAPI/2.0
      strict-transport-security:
      - max-age=31536000; includeSubDomains
      transfer-encoding:
      - chunked
      vary:
      - Accept-Encoding
      x-content-type-options:
      - nosniff
    status:
      code: 200
      message: OK
- request:
    body: null
    headers:
      Accept:
      - application/json
      Accept-Encoding:
      - gzip, deflate
      CommandName:
      - network vnet create
      Connection:
      - keep-alive
      ParameterSetName:
      - -n --resource-group -l --address-prefix
      User-Agent:
      - python/2.7.10 (Darwin-16.7.0-x86_64-i386-64bit) msrest/0.6.6 msrest_azure/0.4.34
        networkmanagementclient/3.0.0 Azure-SDK-For-Python AZURECLI/2.0.65
    method: GET
    uri: https://management.azure.com/subscriptions/00000000-0000-0000-0000-000000000000/resourceGroups/clitest.rg000001/providers/Microsoft.Network/virtualNetworks/cli-vnet-lefr-02?api-version=2019-04-01
  response:
    body:
      string: !!python/unicode "{\r\n  \"name\": \"cli-vnet-lefr-02\",\r\n  \"id\"\
        : \"/subscriptions/00000000-0000-0000-0000-000000000000/resourceGroups/clitest.rg000001/providers/Microsoft.Network/virtualNetworks/cli-vnet-lefr-02\"\
        ,\r\n  \"etag\": \"W/\\\"e64de83a-21d3-468a-aba6-299e6f0bbd21\\\"\",\r\n \
        \ \"type\": \"Microsoft.Network/virtualNetworks\",\r\n  \"location\": \"eastus2\"\
        ,\r\n  \"tags\": {},\r\n  \"properties\": {\r\n    \"provisioningState\":\
        \ \"Succeeded\",\r\n    \"resourceGuid\": \"ea9c7e96-5fc4-4301-9b86-d93b261a9181\"\
        ,\r\n    \"addressSpace\": {\r\n      \"addressPrefixes\": [\r\n        \"\
        10.5.0.0/16\"\r\n      ]\r\n    },\r\n    \"dhcpOptions\": {\r\n      \"dnsServers\"\
        : []\r\n    },\r\n    \"subnets\": [],\r\n    \"virtualNetworkPeerings\":\
        \ [],\r\n    \"enableDdosProtection\": false,\r\n    \"enableVmProtection\"\
        : false\r\n  }\r\n}"
    headers:
      cache-control:
      - no-cache
      content-length:
      - '790'
      content-type:
      - application/json; charset=utf-8
      date:
      - Tue, 04 Jun 2019 16:19:46 GMT
      etag:
      - W/"e64de83a-21d3-468a-aba6-299e6f0bbd21"
      expires:
      - '-1'
      pragma:
      - no-cache
      server:
      - Microsoft-HTTPAPI/2.0
      - Microsoft-HTTPAPI/2.0
      strict-transport-security:
      - max-age=31536000; includeSubDomains
      transfer-encoding:
      - chunked
      vary:
      - Accept-Encoding
      x-content-type-options:
      - nosniff
    status:
      code: 200
      message: OK
- request:
    body: null
    headers:
      Accept:
      - application/json
      Accept-Encoding:
      - gzip, deflate
      CommandName:
      - network vnet subnet create
      Connection:
      - keep-alive
      ParameterSetName:
      - -n --vnet-name --address-prefixes --delegations -g
      User-Agent:
      - python/2.7.10 (Darwin-16.7.0-x86_64-i386-64bit) msrest/0.6.6 msrest_azure/0.4.34
        networkmanagementclient/3.0.0 Azure-SDK-For-Python AZURECLI/2.0.65
      accept-language:
      - en-US
    method: GET
    uri: https://management.azure.com/subscriptions/00000000-0000-0000-0000-000000000000/resourceGroups/clitest.rg000001/providers/Microsoft.Network/virtualNetworks/cli-vnet-lefr-02?api-version=2019-04-01
  response:
    body:
      string: !!python/unicode "{\r\n  \"name\": \"cli-vnet-lefr-02\",\r\n  \"id\"\
        : \"/subscriptions/00000000-0000-0000-0000-000000000000/resourceGroups/clitest.rg000001/providers/Microsoft.Network/virtualNetworks/cli-vnet-lefr-02\"\
        ,\r\n  \"etag\": \"W/\\\"e64de83a-21d3-468a-aba6-299e6f0bbd21\\\"\",\r\n \
        \ \"type\": \"Microsoft.Network/virtualNetworks\",\r\n  \"location\": \"eastus2\"\
        ,\r\n  \"tags\": {},\r\n  \"properties\": {\r\n    \"provisioningState\":\
        \ \"Succeeded\",\r\n    \"resourceGuid\": \"ea9c7e96-5fc4-4301-9b86-d93b261a9181\"\
        ,\r\n    \"addressSpace\": {\r\n      \"addressPrefixes\": [\r\n        \"\
        10.5.0.0/16\"\r\n      ]\r\n    },\r\n    \"dhcpOptions\": {\r\n      \"dnsServers\"\
        : []\r\n    },\r\n    \"subnets\": [],\r\n    \"virtualNetworkPeerings\":\
        \ [],\r\n    \"enableDdosProtection\": false,\r\n    \"enableVmProtection\"\
        : false\r\n  }\r\n}"
    headers:
      cache-control:
      - no-cache
      content-length:
      - '790'
      content-type:
      - application/json; charset=utf-8
      date:
      - Tue, 04 Jun 2019 16:19:48 GMT
      etag:
      - W/"e64de83a-21d3-468a-aba6-299e6f0bbd21"
      expires:
      - '-1'
      pragma:
      - no-cache
      server:
      - Microsoft-HTTPAPI/2.0
      - Microsoft-HTTPAPI/2.0
      strict-transport-security:
      - max-age=31536000; includeSubDomains
      transfer-encoding:
      - chunked
      vary:
      - Accept-Encoding
      x-content-type-options:
      - nosniff
    status:
      code: 200
      message: OK
- request:
    body: !!python/unicode '{"id": "/subscriptions/00000000-0000-0000-0000-000000000000/resourceGroups/clitest.rg000001/providers/Microsoft.Network/virtualNetworks/cli-vnet-lefr-02",
      "etag": "W/\"e64de83a-21d3-468a-aba6-299e6f0bbd21\"", "location": "eastus2",
      "properties": {"virtualNetworkPeerings": [], "subnets": [{"name": "cli-subnet-lefr-02",
      "properties": {"addressPrefix": "10.5.0.0/24", "delegations": [{"name": "0",
      "properties": {"serviceName": "Microsoft.Netapp/volumes"}}]}}], "addressSpace":
      {"addressPrefixes": ["10.5.0.0/16"]}, "enableVmProtection": false, "dhcpOptions":
      {"dnsServers": []}, "resourceGuid": "ea9c7e96-5fc4-4301-9b86-d93b261a9181",
      "enableDdosProtection": false, "provisioningState": "Succeeded"}, "tags": {}}'
    headers:
      Accept:
      - application/json
      Accept-Encoding:
      - gzip, deflate
      CommandName:
      - network vnet subnet create
      Connection:
      - keep-alive
      Content-Length:
      - '771'
      Content-Type:
      - application/json; charset=utf-8
      ParameterSetName:
      - -n --vnet-name --address-prefixes --delegations -g
      User-Agent:
      - python/2.7.10 (Darwin-16.7.0-x86_64-i386-64bit) msrest/0.6.6 msrest_azure/0.4.34
        networkmanagementclient/3.0.0 Azure-SDK-For-Python AZURECLI/2.0.65
      accept-language:
      - en-US
    method: PUT
    uri: https://management.azure.com/subscriptions/00000000-0000-0000-0000-000000000000/resourceGroups/clitest.rg000001/providers/Microsoft.Network/virtualNetworks/cli-vnet-lefr-02?api-version=2019-04-01
  response:
    body:
      string: !!python/unicode "{\r\n  \"name\": \"cli-vnet-lefr-02\",\r\n  \"id\"\
        : \"/subscriptions/00000000-0000-0000-0000-000000000000/resourceGroups/clitest.rg000001/providers/Microsoft.Network/virtualNetworks/cli-vnet-lefr-02\"\
        ,\r\n  \"etag\": \"W/\\\"7934e38c-62be-41ee-84d0-02a1418bbdaa\\\"\",\r\n \
        \ \"type\": \"Microsoft.Network/virtualNetworks\",\r\n  \"location\": \"eastus2\"\
        ,\r\n  \"tags\": {},\r\n  \"properties\": {\r\n    \"provisioningState\":\
        \ \"Updating\",\r\n    \"resourceGuid\": \"ea9c7e96-5fc4-4301-9b86-d93b261a9181\"\
        ,\r\n    \"addressSpace\": {\r\n      \"addressPrefixes\": [\r\n        \"\
        10.5.0.0/16\"\r\n      ]\r\n    },\r\n    \"dhcpOptions\": {\r\n      \"dnsServers\"\
        : []\r\n    },\r\n    \"subnets\": [\r\n      {\r\n        \"name\": \"cli-subnet-lefr-02\"\
        ,\r\n        \"id\": \"/subscriptions/00000000-0000-0000-0000-000000000000/resourceGroups/clitest.rg000001/providers/Microsoft.Network/virtualNetworks/cli-vnet-lefr-02/subnets/cli-subnet-lefr-02\"\
        ,\r\n        \"etag\": \"W/\\\"7934e38c-62be-41ee-84d0-02a1418bbdaa\\\"\"\
        ,\r\n        \"properties\": {\r\n          \"provisioningState\": \"Updating\"\
        ,\r\n          \"addressPrefix\": \"10.5.0.0/24\",\r\n          \"delegations\"\
        : [\r\n            {\r\n              \"name\": \"0\",\r\n              \"\
        id\": \"/subscriptions/00000000-0000-0000-0000-000000000000/resourceGroups/clitest.rg000001/providers/Microsoft.Network/virtualNetworks/cli-vnet-lefr-02/subnets/cli-subnet-lefr-02/delegations/0\"\
        ,\r\n              \"etag\": \"W/\\\"7934e38c-62be-41ee-84d0-02a1418bbdaa\\\
        \"\",\r\n              \"properties\": {\r\n                \"provisioningState\"\
        : \"Succeeded\",\r\n                \"serviceName\": \"Microsoft.Netapp/volumes\"\
        ,\r\n                \"actions\": [\r\n                  \"Microsoft.Network/networkinterfaces/*\"\
        ,\r\n                  \"Microsoft.Network/virtualNetworks/subnets/join/action\"\
        \r\n                ]\r\n              },\r\n              \"type\": \"Microsoft.Network/virtualNetworks/subnets/delegations\"\
        \r\n            }\r\n          ],\r\n          \"purpose\": \"HostedWorkloads\"\
        \r\n        },\r\n        \"type\": \"Microsoft.Network/virtualNetworks/subnets\"\
        \r\n      }\r\n    ],\r\n    \"virtualNetworkPeerings\": [],\r\n    \"enableDdosProtection\"\
        : false,\r\n    \"enableVmProtection\": false\r\n  }\r\n}"
    headers:
      azure-asyncoperation:
      - https://management.azure.com/subscriptions/00000000-0000-0000-0000-000000000000/providers/Microsoft.Network/locations/eastus2/operations/9de2d684-4351-46d0-8907-c0ca7f51695c?api-version=2019-04-01
      cache-control:
      - no-cache
      content-length:
      - '2250'
      content-type:
      - application/json; charset=utf-8
      date:
      - Tue, 04 Jun 2019 16:19:48 GMT
      expires:
      - '-1'
      pragma:
      - no-cache
      server:
      - Microsoft-HTTPAPI/2.0
      - Microsoft-HTTPAPI/2.0
      strict-transport-security:
      - max-age=31536000; includeSubDomains
      transfer-encoding:
      - chunked
      vary:
      - Accept-Encoding
      x-content-type-options:
      - nosniff
      x-ms-ratelimit-remaining-subscription-writes:
      - '1199'
    status:
      code: 200
      message: OK
- request:
    body: null
    headers:
      Accept:
      - application/json
      Accept-Encoding:
      - gzip, deflate
      CommandName:
      - network vnet subnet create
      Connection:
      - keep-alive
      ParameterSetName:
      - -n --vnet-name --address-prefixes --delegations -g
      User-Agent:
      - python/2.7.10 (Darwin-16.7.0-x86_64-i386-64bit) msrest/0.6.6 msrest_azure/0.4.34
        networkmanagementclient/3.0.0 Azure-SDK-For-Python AZURECLI/2.0.65
    method: GET
    uri: https://management.azure.com/subscriptions/00000000-0000-0000-0000-000000000000/providers/Microsoft.Network/locations/eastus2/operations/9de2d684-4351-46d0-8907-c0ca7f51695c?api-version=2019-04-01
  response:
    body:
      string: !!python/unicode "{\r\n  \"status\": \"Succeeded\"\r\n}"
    headers:
      cache-control:
      - no-cache
      content-length:
      - '29'
      content-type:
      - application/json; charset=utf-8
      date:
      - Tue, 04 Jun 2019 16:19:52 GMT
      expires:
      - '-1'
      pragma:
      - no-cache
      server:
      - Microsoft-HTTPAPI/2.0
      - Microsoft-HTTPAPI/2.0
      strict-transport-security:
      - max-age=31536000; includeSubDomains
      transfer-encoding:
      - chunked
      vary:
      - Accept-Encoding
      x-content-type-options:
      - nosniff
    status:
      code: 200
      message: OK
- request:
    body: null
    headers:
      Accept:
      - application/json
      Accept-Encoding:
      - gzip, deflate
      CommandName:
      - network vnet subnet create
      Connection:
      - keep-alive
      ParameterSetName:
      - -n --vnet-name --address-prefixes --delegations -g
      User-Agent:
      - python/2.7.10 (Darwin-16.7.0-x86_64-i386-64bit) msrest/0.6.6 msrest_azure/0.4.34
        networkmanagementclient/3.0.0 Azure-SDK-For-Python AZURECLI/2.0.65
    method: GET
    uri: https://management.azure.com/subscriptions/00000000-0000-0000-0000-000000000000/resourceGroups/clitest.rg000001/providers/Microsoft.Network/virtualNetworks/cli-vnet-lefr-02?api-version=2019-04-01
  response:
    body:
      string: !!python/unicode "{\r\n  \"name\": \"cli-vnet-lefr-02\",\r\n  \"id\"\
        : \"/subscriptions/00000000-0000-0000-0000-000000000000/resourceGroups/clitest.rg000001/providers/Microsoft.Network/virtualNetworks/cli-vnet-lefr-02\"\
        ,\r\n  \"etag\": \"W/\\\"2512092a-2650-42f1-be35-1ea8565d75f6\\\"\",\r\n \
        \ \"type\": \"Microsoft.Network/virtualNetworks\",\r\n  \"location\": \"eastus2\"\
        ,\r\n  \"tags\": {},\r\n  \"properties\": {\r\n    \"provisioningState\":\
        \ \"Succeeded\",\r\n    \"resourceGuid\": \"ea9c7e96-5fc4-4301-9b86-d93b261a9181\"\
        ,\r\n    \"addressSpace\": {\r\n      \"addressPrefixes\": [\r\n        \"\
        10.5.0.0/16\"\r\n      ]\r\n    },\r\n    \"dhcpOptions\": {\r\n      \"dnsServers\"\
        : []\r\n    },\r\n    \"subnets\": [\r\n      {\r\n        \"name\": \"cli-subnet-lefr-02\"\
        ,\r\n        \"id\": \"/subscriptions/00000000-0000-0000-0000-000000000000/resourceGroups/clitest.rg000001/providers/Microsoft.Network/virtualNetworks/cli-vnet-lefr-02/subnets/cli-subnet-lefr-02\"\
        ,\r\n        \"etag\": \"W/\\\"2512092a-2650-42f1-be35-1ea8565d75f6\\\"\"\
        ,\r\n        \"properties\": {\r\n          \"provisioningState\": \"Succeeded\"\
        ,\r\n          \"addressPrefix\": \"10.5.0.0/24\",\r\n          \"delegations\"\
        : [\r\n            {\r\n              \"name\": \"0\",\r\n              \"\
        id\": \"/subscriptions/00000000-0000-0000-0000-000000000000/resourceGroups/clitest.rg000001/providers/Microsoft.Network/virtualNetworks/cli-vnet-lefr-02/subnets/cli-subnet-lefr-02/delegations/0\"\
        ,\r\n              \"etag\": \"W/\\\"2512092a-2650-42f1-be35-1ea8565d75f6\\\
        \"\",\r\n              \"properties\": {\r\n                \"provisioningState\"\
        : \"Succeeded\",\r\n                \"serviceName\": \"Microsoft.Netapp/volumes\"\
        ,\r\n                \"actions\": [\r\n                  \"Microsoft.Network/networkinterfaces/*\"\
        ,\r\n                  \"Microsoft.Network/virtualNetworks/subnets/join/action\"\
        \r\n                ]\r\n              },\r\n              \"type\": \"Microsoft.Network/virtualNetworks/subnets/delegations\"\
        \r\n            }\r\n          ],\r\n          \"purpose\": \"HostedWorkloads\"\
        \r\n        },\r\n        \"type\": \"Microsoft.Network/virtualNetworks/subnets\"\
        \r\n      }\r\n    ],\r\n    \"virtualNetworkPeerings\": [],\r\n    \"enableDdosProtection\"\
        : false,\r\n    \"enableVmProtection\": false\r\n  }\r\n}"
    headers:
      cache-control:
      - no-cache
      content-length:
      - '2252'
      content-type:
      - application/json; charset=utf-8
      date:
      - Tue, 04 Jun 2019 16:19:53 GMT
      etag:
      - W/"2512092a-2650-42f1-be35-1ea8565d75f6"
      expires:
      - '-1'
      pragma:
      - no-cache
      server:
      - Microsoft-HTTPAPI/2.0
      - Microsoft-HTTPAPI/2.0
      strict-transport-security:
      - max-age=31536000; includeSubDomains
      transfer-encoding:
      - chunked
      vary:
      - Accept-Encoding
      x-content-type-options:
      - nosniff
    status:
      code: 200
      message: OK
- request:
    body: !!python/unicode '{"location": "eastus2"}'
    headers:
      Accept:
      - application/json
      Accept-Encoding:
      - gzip, deflate
      CommandName:
      - netappfiles account create
      Connection:
      - keep-alive
      Content-Length:
      - '23'
      Content-Type:
      - application/json; charset=utf-8
      ParameterSetName:
      - -g -a -l
      User-Agent:
      - python/2.7.10 (Darwin-16.7.0-x86_64-i386-64bit) msrest/0.6.6 msrest_azure/0.4.34
        azure-mgmt-netapp/0.4.0 Azure-SDK-For-Python AZURECLI/2.0.65
      accept-language:
      - en-US
    method: PUT
    uri: https://management.azure.com/subscriptions/00000000-0000-0000-0000-000000000000/resourceGroups/clitest.rg000001/providers/Microsoft.NetApp/netAppAccounts/cli-acc-000002?api-version=2019-05-01
  response:
    body:
      string: !!python/unicode '{"id":"/subscriptions/00000000-0000-0000-0000-000000000000/resourceGroups/clitest.rg000001/providers/Microsoft.NetApp/netAppAccounts/cli-acc-000002","name":"cli-acc-000002","type":"Microsoft.NetApp/netAppAccounts","etag":"W/\"datetime''2019-06-04T16%3A19%3A55.9612075Z''\"","location":"eastus2","properties":{"provisioningState":"Succeeded","name":"cli-acc-000002"}}'
    headers:
      access-control-expose-headers:
      - Request-Context
      azure-asyncoperation:
      - https://management.azure.com/subscriptions/00000000-0000-0000-0000-000000000000/providers/Microsoft.NetApp/locations/eastus2/operationResults/a4b221dd-0bcb-446b-9231-c0084d3c4e58?api-version=2019-05-01
      cache-control:
      - no-cache
      content-length:
      - '453'
      content-type:
      - application/json; charset=utf-8
      date:
      - Tue, 04 Jun 2019 16:19:55 GMT
      etag:
      - W/"datetime'2019-06-04T16%3A19%3A55.9612075Z'"
      expires:
      - '-1'
      pragma:
      - no-cache
      request-context:
      - appId=cid-v1:2c4cb680-0a1f-424d-bb8d-8e650ba68d53
      server:
      - Microsoft-IIS/10.0
      strict-transport-security:
      - max-age=31536000; includeSubDomains
      x-content-type-options:
      - nosniff
      x-ms-ratelimit-remaining-subscription-writes:
      - '1198'
      x-powered-by:
      - ASP.NET
    status:
      code: 201
      message: Created
- request:
    body: null
    headers:
      Accept:
      - application/json
      Accept-Encoding:
      - gzip, deflate
      CommandName:
      - netappfiles account create
      Connection:
      - keep-alive
      ParameterSetName:
      - -g -a -l
      User-Agent:
      - python/2.7.10 (Darwin-16.7.0-x86_64-i386-64bit) msrest/0.6.6 msrest_azure/0.4.34
        azure-mgmt-netapp/0.4.0 Azure-SDK-For-Python AZURECLI/2.0.65
    method: GET
    uri: https://management.azure.com/subscriptions/00000000-0000-0000-0000-000000000000/providers/Microsoft.NetApp/locations/eastus2/operationResults/a4b221dd-0bcb-446b-9231-c0084d3c4e58?api-version=2019-05-01
  response:
    body:
      string: !!python/unicode '{"id":"/subscriptions/00000000-0000-0000-0000-000000000000/providers/Microsoft.NetApp/locations/eastus2/operationResults/a4b221dd-0bcb-446b-9231-c0084d3c4e58","name":"a4b221dd-0bcb-446b-9231-c0084d3c4e58","status":"Succeeded","startTime":"2019-06-04T16:19:55.8117206Z","endTime":"2019-06-04T16:19:56.0148545Z","percentComplete":100.0,"properties":{"resourceName":"/subscriptions/00000000-0000-0000-0000-000000000000/resourceGroups/clitest.rg000001/providers/Microsoft.NetApp/netAppAccounts/cli-acc-000002"}}'
    headers:
      access-control-expose-headers:
      - Request-Context
      cache-control:
      - no-cache
      content-length:
      - '576'
      content-type:
      - application/json; charset=utf-8
      date:
      - Tue, 04 Jun 2019 16:20:27 GMT
      expires:
      - '-1'
      pragma:
      - no-cache
      request-context:
      - appId=cid-v1:2c4cb680-0a1f-424d-bb8d-8e650ba68d53
      server:
      - Microsoft-IIS/10.0
      strict-transport-security:
      - max-age=31536000; includeSubDomains
      transfer-encoding:
      - chunked
      vary:
      - Accept-Encoding
      x-content-type-options:
      - nosniff
      x-powered-by:
      - ASP.NET
    status:
      code: 200
      message: OK
- request:
    body: null
    headers:
      Accept:
      - application/json
      Accept-Encoding:
      - gzip, deflate
      CommandName:
      - netappfiles account create
      Connection:
      - keep-alive
      ParameterSetName:
      - -g -a -l
      User-Agent:
      - python/2.7.10 (Darwin-16.7.0-x86_64-i386-64bit) msrest/0.6.6 msrest_azure/0.4.34
        azure-mgmt-netapp/0.4.0 Azure-SDK-For-Python AZURECLI/2.0.65
    method: GET
    uri: https://management.azure.com/subscriptions/00000000-0000-0000-0000-000000000000/resourceGroups/clitest.rg000001/providers/Microsoft.NetApp/netAppAccounts/cli-acc-000002?api-version=2019-05-01
  response:
    body:
      string: !!python/unicode '{"id":"/subscriptions/00000000-0000-0000-0000-000000000000/resourceGroups/clitest.rg000001/providers/Microsoft.NetApp/netAppAccounts/cli-acc-000002","name":"cli-acc-000002","type":"Microsoft.NetApp/netAppAccounts","etag":"W/\"datetime''2019-06-04T16%3A19%3A56.1513825Z''\"","location":"eastus2","properties":{"provisioningState":"Succeeded","name":"cli-acc-000002"}}'
    headers:
      access-control-expose-headers:
      - Request-Context
      cache-control:
      - no-cache
      content-length:
      - '453'
      content-type:
      - application/json; charset=utf-8
      date:
      - Tue, 04 Jun 2019 16:20:27 GMT
      etag:
      - W/"datetime'2019-06-04T16%3A19%3A56.1513825Z'"
      expires:
      - '-1'
      pragma:
      - no-cache
      request-context:
      - appId=cid-v1:2c4cb680-0a1f-424d-bb8d-8e650ba68d53
      server:
      - Microsoft-IIS/10.0
      strict-transport-security:
      - max-age=31536000; includeSubDomains
      transfer-encoding:
      - chunked
      vary:
      - Accept-Encoding
      x-content-type-options:
      - nosniff
      x-powered-by:
      - ASP.NET
    status:
      code: 200
      message: OK
- request:
    body: !!python/unicode '{"location": "eastus2", "properties": {"serviceLevel":
      "Premium", "size": 4398046511104}}'
    headers:
      Accept:
      - application/json
      Accept-Encoding:
      - gzip, deflate
      CommandName:
      - netappfiles pool create
      Connection:
      - keep-alive
      Content-Length:
      - '89'
      Content-Type:
      - application/json; charset=utf-8
      ParameterSetName:
      - -g -a -p -l --service-level --size
      User-Agent:
      - python/2.7.10 (Darwin-16.7.0-x86_64-i386-64bit) msrest/0.6.6 msrest_azure/0.4.34
        azure-mgmt-netapp/0.4.0 Azure-SDK-For-Python AZURECLI/2.0.65
      accept-language:
      - en-US
    method: PUT
    uri: https://management.azure.com/subscriptions/00000000-0000-0000-0000-000000000000/resourceGroups/clitest.rg000001/providers/Microsoft.NetApp/netAppAccounts/cli-acc-000002/capacityPools/cli-pool-000003?api-version=2019-05-01
  response:
    body:
      string: !!python/unicode '{"id":"/subscriptions/00000000-0000-0000-0000-000000000000/resourceGroups/clitest.rg000001/providers/Microsoft.NetApp/netAppAccounts/cli-acc-000002/capacityPools/cli-pool-000003","name":"cli-acc-000002/cli-pool-000003","type":"Microsoft.NetApp/netAppAccounts/capacityPools","etag":"W/\"datetime''2019-06-04T16%3A20%3A32.5811195Z''\"","location":"eastus2","properties":{"serviceLevel":"Premium","size":4398046511104,"provisioningState":"Creating"}}'
    headers:
      access-control-expose-headers:
      - Request-Context
      azure-asyncoperation:
      - https://management.azure.com/subscriptions/00000000-0000-0000-0000-000000000000/providers/Microsoft.NetApp/locations/eastus2/operationResults/cb9295ff-63cc-4f18-9317-3796798193ca?api-version=2019-05-01
      cache-control:
      - no-cache
      content-length:
      - '542'
      content-type:
      - application/json; charset=utf-8
      date:
      - Tue, 04 Jun 2019 16:20:32 GMT
      etag:
      - W/"datetime'2019-06-04T16%3A20%3A32.5811195Z'"
      expires:
      - '-1'
      pragma:
      - no-cache
      request-context:
      - appId=cid-v1:2c4cb680-0a1f-424d-bb8d-8e650ba68d53
      server:
      - Microsoft-IIS/10.0
      strict-transport-security:
      - max-age=31536000; includeSubDomains
      x-content-type-options:
      - nosniff
      x-ms-ratelimit-remaining-subscription-writes:
      - '1196'
      x-powered-by:
      - ASP.NET
    status:
      code: 201
      message: Created
- request:
    body: null
    headers:
      Accept:
      - application/json
      Accept-Encoding:
      - gzip, deflate
      CommandName:
      - netappfiles pool create
      Connection:
      - keep-alive
      ParameterSetName:
      - -g -a -p -l --service-level --size
      User-Agent:
      - python/2.7.10 (Darwin-16.7.0-x86_64-i386-64bit) msrest/0.6.6 msrest_azure/0.4.34
        azure-mgmt-netapp/0.4.0 Azure-SDK-For-Python AZURECLI/2.0.65
    method: GET
    uri: https://management.azure.com/subscriptions/00000000-0000-0000-0000-000000000000/providers/Microsoft.NetApp/locations/eastus2/operationResults/cb9295ff-63cc-4f18-9317-3796798193ca?api-version=2019-05-01
  response:
    body:
      string: !!python/unicode '{"id":"/subscriptions/00000000-0000-0000-0000-000000000000/providers/Microsoft.NetApp/locations/eastus2/operationResults/cb9295ff-63cc-4f18-9317-3796798193ca","name":"cb9295ff-63cc-4f18-9317-3796798193ca","status":"Succeeded","startTime":"2019-06-04T16:20:32.4380274Z","endTime":"2019-06-04T16:20:32.9380202Z","percentComplete":100.0,"properties":{"resourceName":"/subscriptions/00000000-0000-0000-0000-000000000000/resourceGroups/clitest.rg000001/providers/Microsoft.NetApp/netAppAccounts/cli-acc-000002/capacityPools/cli-pool-000003"}}'
    headers:
      access-control-expose-headers:
      - Request-Context
      cache-control:
      - no-cache
      content-length:
      - '615'
      content-type:
      - application/json; charset=utf-8
      date:
      - Tue, 04 Jun 2019 16:21:03 GMT
      expires:
      - '-1'
      pragma:
      - no-cache
      request-context:
      - appId=cid-v1:2c4cb680-0a1f-424d-bb8d-8e650ba68d53
      server:
      - Microsoft-IIS/10.0
      strict-transport-security:
      - max-age=31536000; includeSubDomains
      transfer-encoding:
      - chunked
      vary:
      - Accept-Encoding
      x-content-type-options:
      - nosniff
      x-powered-by:
      - ASP.NET
    status:
      code: 200
      message: OK
- request:
    body: null
    headers:
      Accept:
      - application/json
      Accept-Encoding:
      - gzip, deflate
      CommandName:
      - netappfiles pool create
      Connection:
      - keep-alive
      ParameterSetName:
      - -g -a -p -l --service-level --size
      User-Agent:
      - python/2.7.10 (Darwin-16.7.0-x86_64-i386-64bit) msrest/0.6.6 msrest_azure/0.4.34
        azure-mgmt-netapp/0.4.0 Azure-SDK-For-Python AZURECLI/2.0.65
    method: GET
    uri: https://management.azure.com/subscriptions/00000000-0000-0000-0000-000000000000/resourceGroups/clitest.rg000001/providers/Microsoft.NetApp/netAppAccounts/cli-acc-000002/capacityPools/cli-pool-000003?api-version=2019-05-01
  response:
    body:
      string: !!python/unicode '{"id":"/subscriptions/00000000-0000-0000-0000-000000000000/resourceGroups/clitest.rg000001/providers/Microsoft.NetApp/netAppAccounts/cli-acc-000002/capacityPools/cli-pool-000003","name":"cli-acc-000002/cli-pool-000003","type":"Microsoft.NetApp/netAppAccounts/capacityPools","etag":"W/\"datetime''2019-06-04T16%3A20%3A33.0735752Z''\"","location":"eastus2","properties":{"poolId":"9302fcc9-3a11-56dd-356a-0524a4353dd7","name":"cli-acc-000002/cli-pool-000003","serviceLevel":"Premium","size":4398046511104,"provisioningState":"Succeeded"}}'
    headers:
      access-control-expose-headers:
      - Request-Context
      cache-control:
      - no-cache
      content-length:
      - '650'
      content-type:
      - application/json; charset=utf-8
      date:
      - Tue, 04 Jun 2019 16:21:04 GMT
      etag:
      - W/"datetime'2019-06-04T16%3A20%3A33.0735752Z'"
      expires:
      - '-1'
      pragma:
      - no-cache
      request-context:
      - appId=cid-v1:2c4cb680-0a1f-424d-bb8d-8e650ba68d53
      server:
      - Microsoft-IIS/10.0
      strict-transport-security:
      - max-age=31536000; includeSubDomains
      transfer-encoding:
      - chunked
      vary:
      - Accept-Encoding
      x-content-type-options:
      - nosniff
      x-powered-by:
      - ASP.NET
    status:
      code: 200
      message: OK
- request:
    body: !!python/unicode '{"properties": {"usageThreshold": 107374182400, "subnetId":
      "/subscriptions/00000000-0000-0000-0000-000000000000/resourceGroups/clitest.rg000001/providers/Microsoft.Network/virtualNetworks/cli-vnet-lefr-02/subnets/cli-subnet-lefr-02",
      "serviceLevel": "Premium", "creationToken": "cli-vol-000004"}, "location": "eastus2"}'
    headers:
      Accept:
      - application/json
      Accept-Encoding:
      - gzip, deflate
      CommandName:
      - netappfiles volume create
      Connection:
      - keep-alive
      Content-Length:
      - '389'
      Content-Type:
      - application/json; charset=utf-8
      ParameterSetName:
      - --resource-group --account-name --pool-name --volume-name -l --service-level
        --usage-threshold --creation-token --vnet --subnet
      User-Agent:
      - python/2.7.10 (Darwin-16.7.0-x86_64-i386-64bit) msrest/0.6.6 msrest_azure/0.4.34
        azure-mgmt-netapp/0.4.0 Azure-SDK-For-Python AZURECLI/2.0.65
      accept-language:
      - en-US
    method: PUT
    uri: https://management.azure.com/subscriptions/00000000-0000-0000-0000-000000000000/resourceGroups/clitest.rg000001/providers/Microsoft.NetApp/netAppAccounts/cli-acc-000002/capacityPools/cli-pool-000003/volumes/cli-vol-000004?api-version=2019-05-01
  response:
    body:
      string: !!python/unicode '{"id":"/subscriptions/00000000-0000-0000-0000-000000000000/resourceGroups/clitest.rg000001/providers/Microsoft.NetApp/netAppAccounts/cli-acc-000002/capacityPools/cli-pool-000003/volumes/cli-vol-000004","name":"cli-acc-000002/cli-pool-000003/cli-vol-000004","type":"Microsoft.NetApp/netAppAccounts/capacityPools/volumes","etag":"W/\"datetime''2019-06-04T16%3A21%3A08.0059371Z''\"","location":"eastus2","properties":{"serviceLevel":"Premium","creationToken":"cli-vol-000004","usageThreshold":107374182400,"subnetId":"/subscriptions/00000000-0000-0000-0000-000000000000/resourceGroups/clitest.rg000001/providers/Microsoft.Network/virtualNetworks/cli-vnet-lefr-02/subnets/cli-subnet-lefr-02","provisioningState":"Creating"}}'
    headers:
      access-control-expose-headers:
      - Request-Context
      azure-asyncoperation:
      - https://management.azure.com/subscriptions/00000000-0000-0000-0000-000000000000/providers/Microsoft.NetApp/locations/eastus2/operationResults/cf2d62a8-495d-4c8b-8972-ec11ed3e49ff?api-version=2019-05-01
      cache-control:
      - no-cache
      content-length:
      - '904'
      content-type:
      - application/json; charset=utf-8
      date:
      - Tue, 04 Jun 2019 16:21:08 GMT
      etag:
      - W/"datetime'2019-06-04T16%3A21%3A08.0059371Z'"
      expires:
      - '-1'
      pragma:
      - no-cache
      request-context:
      - appId=cid-v1:2c4cb680-0a1f-424d-bb8d-8e650ba68d53
      server:
      - Microsoft-IIS/10.0
      strict-transport-security:
      - max-age=31536000; includeSubDomains
      x-content-type-options:
      - nosniff
      x-ms-ratelimit-remaining-subscription-writes:
      - '1197'
      x-powered-by:
      - ASP.NET
    status:
      code: 201
      message: Created
- request:
    body: null
    headers:
      Accept:
      - application/json
      Accept-Encoding:
      - gzip, deflate
      CommandName:
      - netappfiles volume create
      Connection:
      - keep-alive
      ParameterSetName:
      - --resource-group --account-name --pool-name --volume-name -l --service-level
        --usage-threshold --creation-token --vnet --subnet
      User-Agent:
      - python/2.7.10 (Darwin-16.7.0-x86_64-i386-64bit) msrest/0.6.6 msrest_azure/0.4.34
        azure-mgmt-netapp/0.4.0 Azure-SDK-For-Python AZURECLI/2.0.65
    method: GET
    uri: https://management.azure.com/subscriptions/00000000-0000-0000-0000-000000000000/providers/Microsoft.NetApp/locations/eastus2/operationResults/cf2d62a8-495d-4c8b-8972-ec11ed3e49ff?api-version=2019-05-01
  response:
    body:
      string: !!python/unicode '{"id":"/subscriptions/00000000-0000-0000-0000-000000000000/providers/Microsoft.NetApp/locations/eastus2/operationResults/cf2d62a8-495d-4c8b-8972-ec11ed3e49ff","name":"cf2d62a8-495d-4c8b-8972-ec11ed3e49ff","status":"Creating","startTime":"2019-06-04T16:21:07.8752988Z","endTime":"0001-01-01T00:00:00Z","percentComplete":0.0,"properties":{"resourceName":"/subscriptions/00000000-0000-0000-0000-000000000000/resourceGroups/clitest.rg000001/providers/Microsoft.NetApp/netAppAccounts/cli-acc-000002/capacityPools/cli-pool-000003/volumes/cli-vol-000004"}}'
    headers:
      access-control-expose-headers:
      - Request-Context
      cache-control:
      - no-cache
      content-length:
      - '637'
      content-type:
      - application/json; charset=utf-8
      date:
      - Tue, 04 Jun 2019 16:21:39 GMT
      expires:
      - '-1'
      pragma:
      - no-cache
      request-context:
      - appId=cid-v1:2c4cb680-0a1f-424d-bb8d-8e650ba68d53
      server:
      - Microsoft-IIS/10.0
      strict-transport-security:
      - max-age=31536000; includeSubDomains
      transfer-encoding:
      - chunked
      vary:
      - Accept-Encoding
      x-content-type-options:
      - nosniff
      x-powered-by:
      - ASP.NET
    status:
      code: 200
      message: OK
- request:
    body: null
    headers:
      Accept:
      - application/json
      Accept-Encoding:
      - gzip, deflate
      CommandName:
      - netappfiles volume create
      Connection:
      - keep-alive
      ParameterSetName:
      - --resource-group --account-name --pool-name --volume-name -l --service-level
        --usage-threshold --creation-token --vnet --subnet
      User-Agent:
      - python/2.7.10 (Darwin-16.7.0-x86_64-i386-64bit) msrest/0.6.6 msrest_azure/0.4.34
        azure-mgmt-netapp/0.4.0 Azure-SDK-For-Python AZURECLI/2.0.65
    method: GET
    uri: https://management.azure.com/subscriptions/00000000-0000-0000-0000-000000000000/providers/Microsoft.NetApp/locations/eastus2/operationResults/cf2d62a8-495d-4c8b-8972-ec11ed3e49ff?api-version=2019-05-01
  response:
    body:
      string: !!python/unicode '{"id":"/subscriptions/00000000-0000-0000-0000-000000000000/providers/Microsoft.NetApp/locations/eastus2/operationResults/cf2d62a8-495d-4c8b-8972-ec11ed3e49ff","name":"cf2d62a8-495d-4c8b-8972-ec11ed3e49ff","status":"Creating","startTime":"2019-06-04T16:21:07.8752988Z","endTime":"0001-01-01T00:00:00Z","percentComplete":0.0,"properties":{"resourceName":"/subscriptions/00000000-0000-0000-0000-000000000000/resourceGroups/clitest.rg000001/providers/Microsoft.NetApp/netAppAccounts/cli-acc-000002/capacityPools/cli-pool-000003/volumes/cli-vol-000004"}}'
    headers:
      access-control-expose-headers:
      - Request-Context
      cache-control:
      - no-cache
      content-length:
      - '637'
      content-type:
      - application/json; charset=utf-8
      date:
      - Tue, 04 Jun 2019 16:22:10 GMT
      expires:
      - '-1'
      pragma:
      - no-cache
      request-context:
      - appId=cid-v1:2c4cb680-0a1f-424d-bb8d-8e650ba68d53
      server:
      - Microsoft-IIS/10.0
      strict-transport-security:
      - max-age=31536000; includeSubDomains
      transfer-encoding:
      - chunked
      vary:
      - Accept-Encoding
      x-content-type-options:
      - nosniff
      x-powered-by:
      - ASP.NET
    status:
      code: 200
      message: OK
- request:
    body: null
    headers:
      Accept:
      - application/json
      Accept-Encoding:
      - gzip, deflate
      CommandName:
      - netappfiles volume create
      Connection:
      - keep-alive
      ParameterSetName:
      - --resource-group --account-name --pool-name --volume-name -l --service-level
        --usage-threshold --creation-token --vnet --subnet
      User-Agent:
      - python/2.7.10 (Darwin-16.7.0-x86_64-i386-64bit) msrest/0.6.6 msrest_azure/0.4.34
        azure-mgmt-netapp/0.4.0 Azure-SDK-For-Python AZURECLI/2.0.65
    method: GET
    uri: https://management.azure.com/subscriptions/00000000-0000-0000-0000-000000000000/providers/Microsoft.NetApp/locations/eastus2/operationResults/cf2d62a8-495d-4c8b-8972-ec11ed3e49ff?api-version=2019-05-01
  response:
    body:
      string: !!python/unicode '{"id":"/subscriptions/00000000-0000-0000-0000-000000000000/providers/Microsoft.NetApp/locations/eastus2/operationResults/cf2d62a8-495d-4c8b-8972-ec11ed3e49ff","name":"cf2d62a8-495d-4c8b-8972-ec11ed3e49ff","status":"Creating","startTime":"2019-06-04T16:21:07.8752988Z","endTime":"0001-01-01T00:00:00Z","percentComplete":0.0,"properties":{"resourceName":"/subscriptions/00000000-0000-0000-0000-000000000000/resourceGroups/clitest.rg000001/providers/Microsoft.NetApp/netAppAccounts/cli-acc-000002/capacityPools/cli-pool-000003/volumes/cli-vol-000004"}}'
    headers:
      access-control-expose-headers:
      - Request-Context
      cache-control:
      - no-cache
      content-length:
      - '637'
      content-type:
      - application/json; charset=utf-8
      date:
      - Tue, 04 Jun 2019 16:22:41 GMT
      expires:
      - '-1'
      pragma:
      - no-cache
      request-context:
      - appId=cid-v1:2c4cb680-0a1f-424d-bb8d-8e650ba68d53
      server:
      - Microsoft-IIS/10.0
      strict-transport-security:
      - max-age=31536000; includeSubDomains
      transfer-encoding:
      - chunked
      vary:
      - Accept-Encoding
      x-content-type-options:
      - nosniff
      x-powered-by:
      - ASP.NET
    status:
      code: 200
      message: OK
- request:
    body: null
    headers:
      Accept:
      - application/json
      Accept-Encoding:
      - gzip, deflate
      CommandName:
      - netappfiles volume create
      Connection:
      - keep-alive
      ParameterSetName:
      - --resource-group --account-name --pool-name --volume-name -l --service-level
        --usage-threshold --creation-token --vnet --subnet
      User-Agent:
      - python/2.7.10 (Darwin-16.7.0-x86_64-i386-64bit) msrest/0.6.6 msrest_azure/0.4.34
        azure-mgmt-netapp/0.4.0 Azure-SDK-For-Python AZURECLI/2.0.65
    method: GET
    uri: https://management.azure.com/subscriptions/00000000-0000-0000-0000-000000000000/providers/Microsoft.NetApp/locations/eastus2/operationResults/cf2d62a8-495d-4c8b-8972-ec11ed3e49ff?api-version=2019-05-01
  response:
    body:
      string: !!python/unicode '{"id":"/subscriptions/00000000-0000-0000-0000-000000000000/providers/Microsoft.NetApp/locations/eastus2/operationResults/cf2d62a8-495d-4c8b-8972-ec11ed3e49ff","name":"cf2d62a8-495d-4c8b-8972-ec11ed3e49ff","status":"Creating","startTime":"2019-06-04T16:21:07.8752988Z","endTime":"0001-01-01T00:00:00Z","percentComplete":0.0,"properties":{"resourceName":"/subscriptions/00000000-0000-0000-0000-000000000000/resourceGroups/clitest.rg000001/providers/Microsoft.NetApp/netAppAccounts/cli-acc-000002/capacityPools/cli-pool-000003/volumes/cli-vol-000004"}}'
    headers:
      access-control-expose-headers:
      - Request-Context
      cache-control:
      - no-cache
      content-length:
      - '637'
      content-type:
      - application/json; charset=utf-8
      date:
      - Tue, 04 Jun 2019 16:23:12 GMT
      expires:
      - '-1'
      pragma:
      - no-cache
      request-context:
      - appId=cid-v1:2c4cb680-0a1f-424d-bb8d-8e650ba68d53
      server:
      - Microsoft-IIS/10.0
      strict-transport-security:
      - max-age=31536000; includeSubDomains
      transfer-encoding:
      - chunked
      vary:
      - Accept-Encoding
      x-content-type-options:
      - nosniff
      x-powered-by:
      - ASP.NET
    status:
      code: 200
      message: OK
- request:
    body: null
    headers:
      Accept:
      - application/json
      Accept-Encoding:
      - gzip, deflate
      CommandName:
      - netappfiles volume create
      Connection:
      - keep-alive
      ParameterSetName:
      - --resource-group --account-name --pool-name --volume-name -l --service-level
        --usage-threshold --creation-token --vnet --subnet
      User-Agent:
      - python/2.7.10 (Darwin-16.7.0-x86_64-i386-64bit) msrest/0.6.6 msrest_azure/0.4.34
        azure-mgmt-netapp/0.4.0 Azure-SDK-For-Python AZURECLI/2.0.65
    method: GET
    uri: https://management.azure.com/subscriptions/00000000-0000-0000-0000-000000000000/providers/Microsoft.NetApp/locations/eastus2/operationResults/cf2d62a8-495d-4c8b-8972-ec11ed3e49ff?api-version=2019-05-01
  response:
    body:
      string: !!python/unicode '{"id":"/subscriptions/00000000-0000-0000-0000-000000000000/providers/Microsoft.NetApp/locations/eastus2/operationResults/cf2d62a8-495d-4c8b-8972-ec11ed3e49ff","name":"cf2d62a8-495d-4c8b-8972-ec11ed3e49ff","status":"Creating","startTime":"2019-06-04T16:21:07.8752988Z","endTime":"0001-01-01T00:00:00Z","percentComplete":0.0,"properties":{"resourceName":"/subscriptions/00000000-0000-0000-0000-000000000000/resourceGroups/clitest.rg000001/providers/Microsoft.NetApp/netAppAccounts/cli-acc-000002/capacityPools/cli-pool-000003/volumes/cli-vol-000004"}}'
    headers:
      access-control-expose-headers:
      - Request-Context
      cache-control:
      - no-cache
      content-length:
      - '637'
      content-type:
      - application/json; charset=utf-8
      date:
      - Tue, 04 Jun 2019 16:23:44 GMT
      expires:
      - '-1'
      pragma:
      - no-cache
      request-context:
      - appId=cid-v1:2c4cb680-0a1f-424d-bb8d-8e650ba68d53
      server:
      - Microsoft-IIS/10.0
      strict-transport-security:
      - max-age=31536000; includeSubDomains
      transfer-encoding:
      - chunked
      vary:
      - Accept-Encoding
      x-content-type-options:
      - nosniff
      x-powered-by:
      - ASP.NET
    status:
      code: 200
      message: OK
- request:
    body: null
    headers:
      Accept:
      - application/json
      Accept-Encoding:
      - gzip, deflate
      CommandName:
      - netappfiles volume create
      Connection:
      - keep-alive
      ParameterSetName:
      - --resource-group --account-name --pool-name --volume-name -l --service-level
        --usage-threshold --creation-token --vnet --subnet
      User-Agent:
      - python/2.7.10 (Darwin-16.7.0-x86_64-i386-64bit) msrest/0.6.6 msrest_azure/0.4.34
        azure-mgmt-netapp/0.4.0 Azure-SDK-For-Python AZURECLI/2.0.65
    method: GET
    uri: https://management.azure.com/subscriptions/00000000-0000-0000-0000-000000000000/providers/Microsoft.NetApp/locations/eastus2/operationResults/cf2d62a8-495d-4c8b-8972-ec11ed3e49ff?api-version=2019-05-01
  response:
    body:
      string: !!python/unicode '{"id":"/subscriptions/00000000-0000-0000-0000-000000000000/providers/Microsoft.NetApp/locations/eastus2/operationResults/cf2d62a8-495d-4c8b-8972-ec11ed3e49ff","name":"cf2d62a8-495d-4c8b-8972-ec11ed3e49ff","status":"Creating","startTime":"2019-06-04T16:21:07.8752988Z","endTime":"0001-01-01T00:00:00Z","percentComplete":0.0,"properties":{"resourceName":"/subscriptions/00000000-0000-0000-0000-000000000000/resourceGroups/clitest.rg000001/providers/Microsoft.NetApp/netAppAccounts/cli-acc-000002/capacityPools/cli-pool-000003/volumes/cli-vol-000004"}}'
    headers:
      access-control-expose-headers:
      - Request-Context
      cache-control:
      - no-cache
      content-length:
      - '637'
      content-type:
      - application/json; charset=utf-8
      date:
      - Tue, 04 Jun 2019 16:24:15 GMT
      expires:
      - '-1'
      pragma:
      - no-cache
      request-context:
      - appId=cid-v1:2c4cb680-0a1f-424d-bb8d-8e650ba68d53
      server:
      - Microsoft-IIS/10.0
      strict-transport-security:
      - max-age=31536000; includeSubDomains
      transfer-encoding:
      - chunked
      vary:
      - Accept-Encoding
      x-content-type-options:
      - nosniff
      x-powered-by:
      - ASP.NET
    status:
      code: 200
      message: OK
- request:
    body: null
    headers:
      Accept:
      - application/json
      Accept-Encoding:
      - gzip, deflate
      CommandName:
      - netappfiles volume create
      Connection:
      - keep-alive
      ParameterSetName:
      - --resource-group --account-name --pool-name --volume-name -l --service-level
        --usage-threshold --creation-token --vnet --subnet
      User-Agent:
      - python/2.7.10 (Darwin-16.7.0-x86_64-i386-64bit) msrest/0.6.6 msrest_azure/0.4.34
        azure-mgmt-netapp/0.4.0 Azure-SDK-For-Python AZURECLI/2.0.65
    method: GET
    uri: https://management.azure.com/subscriptions/00000000-0000-0000-0000-000000000000/providers/Microsoft.NetApp/locations/eastus2/operationResults/cf2d62a8-495d-4c8b-8972-ec11ed3e49ff?api-version=2019-05-01
  response:
    body:
      string: !!python/unicode '{"id":"/subscriptions/00000000-0000-0000-0000-000000000000/providers/Microsoft.NetApp/locations/eastus2/operationResults/cf2d62a8-495d-4c8b-8972-ec11ed3e49ff","name":"cf2d62a8-495d-4c8b-8972-ec11ed3e49ff","status":"Creating","startTime":"2019-06-04T16:21:07.8752988Z","endTime":"0001-01-01T00:00:00Z","percentComplete":0.0,"properties":{"resourceName":"/subscriptions/00000000-0000-0000-0000-000000000000/resourceGroups/clitest.rg000001/providers/Microsoft.NetApp/netAppAccounts/cli-acc-000002/capacityPools/cli-pool-000003/volumes/cli-vol-000004"}}'
    headers:
      access-control-expose-headers:
      - Request-Context
      cache-control:
      - no-cache
      content-length:
      - '637'
      content-type:
      - application/json; charset=utf-8
      date:
      - Tue, 04 Jun 2019 16:24:46 GMT
      expires:
      - '-1'
      pragma:
      - no-cache
      request-context:
      - appId=cid-v1:2c4cb680-0a1f-424d-bb8d-8e650ba68d53
      server:
      - Microsoft-IIS/10.0
      strict-transport-security:
      - max-age=31536000; includeSubDomains
      transfer-encoding:
      - chunked
      vary:
      - Accept-Encoding
      x-content-type-options:
      - nosniff
      x-powered-by:
      - ASP.NET
    status:
      code: 200
      message: OK
- request:
    body: null
    headers:
      Accept:
      - application/json
      Accept-Encoding:
      - gzip, deflate
      CommandName:
      - netappfiles volume create
      Connection:
      - keep-alive
      ParameterSetName:
      - --resource-group --account-name --pool-name --volume-name -l --service-level
        --usage-threshold --creation-token --vnet --subnet
      User-Agent:
      - python/2.7.10 (Darwin-16.7.0-x86_64-i386-64bit) msrest/0.6.6 msrest_azure/0.4.34
        azure-mgmt-netapp/0.4.0 Azure-SDK-For-Python AZURECLI/2.0.65
    method: GET
    uri: https://management.azure.com/subscriptions/00000000-0000-0000-0000-000000000000/providers/Microsoft.NetApp/locations/eastus2/operationResults/cf2d62a8-495d-4c8b-8972-ec11ed3e49ff?api-version=2019-05-01
  response:
    body:
      string: !!python/unicode '{"id":"/subscriptions/00000000-0000-0000-0000-000000000000/providers/Microsoft.NetApp/locations/eastus2/operationResults/cf2d62a8-495d-4c8b-8972-ec11ed3e49ff","name":"cf2d62a8-495d-4c8b-8972-ec11ed3e49ff","status":"Creating","startTime":"2019-06-04T16:21:07.8752988Z","endTime":"0001-01-01T00:00:00Z","percentComplete":0.0,"properties":{"resourceName":"/subscriptions/00000000-0000-0000-0000-000000000000/resourceGroups/clitest.rg000001/providers/Microsoft.NetApp/netAppAccounts/cli-acc-000002/capacityPools/cli-pool-000003/volumes/cli-vol-000004"}}'
    headers:
      access-control-expose-headers:
      - Request-Context
      cache-control:
      - no-cache
      content-length:
      - '637'
      content-type:
      - application/json; charset=utf-8
      date:
      - Tue, 04 Jun 2019 16:25:17 GMT
      expires:
      - '-1'
      pragma:
      - no-cache
      request-context:
      - appId=cid-v1:2c4cb680-0a1f-424d-bb8d-8e650ba68d53
      server:
      - Microsoft-IIS/10.0
      strict-transport-security:
      - max-age=31536000; includeSubDomains
      transfer-encoding:
      - chunked
      vary:
      - Accept-Encoding
      x-content-type-options:
      - nosniff
      x-powered-by:
      - ASP.NET
    status:
      code: 200
      message: OK
- request:
    body: null
    headers:
      Accept:
      - application/json
      Accept-Encoding:
      - gzip, deflate
      CommandName:
      - netappfiles volume create
      Connection:
      - keep-alive
      ParameterSetName:
      - --resource-group --account-name --pool-name --volume-name -l --service-level
        --usage-threshold --creation-token --vnet --subnet
      User-Agent:
      - python/2.7.10 (Darwin-16.7.0-x86_64-i386-64bit) msrest/0.6.6 msrest_azure/0.4.34
        azure-mgmt-netapp/0.4.0 Azure-SDK-For-Python AZURECLI/2.0.65
    method: GET
    uri: https://management.azure.com/subscriptions/00000000-0000-0000-0000-000000000000/providers/Microsoft.NetApp/locations/eastus2/operationResults/cf2d62a8-495d-4c8b-8972-ec11ed3e49ff?api-version=2019-05-01
  response:
    body:
      string: !!python/unicode '{"id":"/subscriptions/00000000-0000-0000-0000-000000000000/providers/Microsoft.NetApp/locations/eastus2/operationResults/cf2d62a8-495d-4c8b-8972-ec11ed3e49ff","name":"cf2d62a8-495d-4c8b-8972-ec11ed3e49ff","status":"Creating","startTime":"2019-06-04T16:21:07.8752988Z","endTime":"0001-01-01T00:00:00Z","percentComplete":0.0,"properties":{"resourceName":"/subscriptions/00000000-0000-0000-0000-000000000000/resourceGroups/clitest.rg000001/providers/Microsoft.NetApp/netAppAccounts/cli-acc-000002/capacityPools/cli-pool-000003/volumes/cli-vol-000004"}}'
    headers:
      access-control-expose-headers:
      - Request-Context
      cache-control:
      - no-cache
      content-length:
      - '637'
      content-type:
      - application/json; charset=utf-8
      date:
      - Tue, 04 Jun 2019 16:25:48 GMT
      expires:
      - '-1'
      pragma:
      - no-cache
      request-context:
      - appId=cid-v1:2c4cb680-0a1f-424d-bb8d-8e650ba68d53
      server:
      - Microsoft-IIS/10.0
      strict-transport-security:
      - max-age=31536000; includeSubDomains
      transfer-encoding:
      - chunked
      vary:
      - Accept-Encoding
      x-content-type-options:
      - nosniff
      x-powered-by:
      - ASP.NET
    status:
      code: 200
      message: OK
- request:
    body: null
    headers:
      Accept:
      - application/json
      Accept-Encoding:
      - gzip, deflate
      CommandName:
      - netappfiles volume create
      Connection:
      - keep-alive
      ParameterSetName:
      - --resource-group --account-name --pool-name --volume-name -l --service-level
        --usage-threshold --creation-token --vnet --subnet
      User-Agent:
      - python/2.7.10 (Darwin-16.7.0-x86_64-i386-64bit) msrest/0.6.6 msrest_azure/0.4.34
        azure-mgmt-netapp/0.4.0 Azure-SDK-For-Python AZURECLI/2.0.65
    method: GET
    uri: https://management.azure.com/subscriptions/00000000-0000-0000-0000-000000000000/providers/Microsoft.NetApp/locations/eastus2/operationResults/cf2d62a8-495d-4c8b-8972-ec11ed3e49ff?api-version=2019-05-01
  response:
    body:
      string: !!python/unicode '{"id":"/subscriptions/00000000-0000-0000-0000-000000000000/providers/Microsoft.NetApp/locations/eastus2/operationResults/cf2d62a8-495d-4c8b-8972-ec11ed3e49ff","name":"cf2d62a8-495d-4c8b-8972-ec11ed3e49ff","status":"Creating","startTime":"2019-06-04T16:21:07.8752988Z","endTime":"0001-01-01T00:00:00Z","percentComplete":0.0,"properties":{"resourceName":"/subscriptions/00000000-0000-0000-0000-000000000000/resourceGroups/clitest.rg000001/providers/Microsoft.NetApp/netAppAccounts/cli-acc-000002/capacityPools/cli-pool-000003/volumes/cli-vol-000004"}}'
    headers:
      access-control-expose-headers:
      - Request-Context
      cache-control:
      - no-cache
      content-length:
      - '637'
      content-type:
      - application/json; charset=utf-8
      date:
      - Tue, 04 Jun 2019 16:26:19 GMT
      expires:
      - '-1'
      pragma:
      - no-cache
      request-context:
      - appId=cid-v1:2c4cb680-0a1f-424d-bb8d-8e650ba68d53
      server:
      - Microsoft-IIS/10.0
      strict-transport-security:
      - max-age=31536000; includeSubDomains
      transfer-encoding:
      - chunked
      vary:
      - Accept-Encoding
      x-content-type-options:
      - nosniff
      x-powered-by:
      - ASP.NET
    status:
      code: 200
      message: OK
- request:
    body: null
    headers:
      Accept:
      - application/json
      Accept-Encoding:
      - gzip, deflate
      CommandName:
      - netappfiles volume create
      Connection:
      - keep-alive
      ParameterSetName:
      - --resource-group --account-name --pool-name --volume-name -l --service-level
        --usage-threshold --creation-token --vnet --subnet
      User-Agent:
      - python/2.7.10 (Darwin-16.7.0-x86_64-i386-64bit) msrest/0.6.6 msrest_azure/0.4.34
        azure-mgmt-netapp/0.4.0 Azure-SDK-For-Python AZURECLI/2.0.65
    method: GET
    uri: https://management.azure.com/subscriptions/00000000-0000-0000-0000-000000000000/providers/Microsoft.NetApp/locations/eastus2/operationResults/cf2d62a8-495d-4c8b-8972-ec11ed3e49ff?api-version=2019-05-01
  response:
    body:
      string: !!python/unicode '{"id":"/subscriptions/00000000-0000-0000-0000-000000000000/providers/Microsoft.NetApp/locations/eastus2/operationResults/cf2d62a8-495d-4c8b-8972-ec11ed3e49ff","name":"cf2d62a8-495d-4c8b-8972-ec11ed3e49ff","status":"Creating","startTime":"2019-06-04T16:21:07.8752988Z","endTime":"0001-01-01T00:00:00Z","percentComplete":0.0,"properties":{"resourceName":"/subscriptions/00000000-0000-0000-0000-000000000000/resourceGroups/clitest.rg000001/providers/Microsoft.NetApp/netAppAccounts/cli-acc-000002/capacityPools/cli-pool-000003/volumes/cli-vol-000004"}}'
    headers:
      access-control-expose-headers:
      - Request-Context
      cache-control:
      - no-cache
      content-length:
      - '637'
      content-type:
      - application/json; charset=utf-8
      date:
      - Tue, 04 Jun 2019 16:26:53 GMT
      expires:
      - '-1'
      pragma:
      - no-cache
      request-context:
      - appId=cid-v1:2c4cb680-0a1f-424d-bb8d-8e650ba68d53
      server:
      - Microsoft-IIS/10.0
      strict-transport-security:
      - max-age=31536000; includeSubDomains
      transfer-encoding:
      - chunked
      vary:
      - Accept-Encoding
      x-content-type-options:
      - nosniff
      x-powered-by:
      - ASP.NET
    status:
      code: 200
      message: OK
- request:
    body: null
    headers:
      Accept:
      - application/json
      Accept-Encoding:
      - gzip, deflate
      CommandName:
      - netappfiles volume create
      Connection:
      - keep-alive
      ParameterSetName:
      - --resource-group --account-name --pool-name --volume-name -l --service-level
        --usage-threshold --creation-token --vnet --subnet
      User-Agent:
      - python/2.7.10 (Darwin-16.7.0-x86_64-i386-64bit) msrest/0.6.6 msrest_azure/0.4.34
        azure-mgmt-netapp/0.4.0 Azure-SDK-For-Python AZURECLI/2.0.65
    method: GET
    uri: https://management.azure.com/subscriptions/00000000-0000-0000-0000-000000000000/providers/Microsoft.NetApp/locations/eastus2/operationResults/cf2d62a8-495d-4c8b-8972-ec11ed3e49ff?api-version=2019-05-01
  response:
    body:
      string: !!python/unicode '{"id":"/subscriptions/00000000-0000-0000-0000-000000000000/providers/Microsoft.NetApp/locations/eastus2/operationResults/cf2d62a8-495d-4c8b-8972-ec11ed3e49ff","name":"cf2d62a8-495d-4c8b-8972-ec11ed3e49ff","status":"Creating","startTime":"2019-06-04T16:21:07.8752988Z","endTime":"0001-01-01T00:00:00Z","percentComplete":0.0,"properties":{"resourceName":"/subscriptions/00000000-0000-0000-0000-000000000000/resourceGroups/clitest.rg000001/providers/Microsoft.NetApp/netAppAccounts/cli-acc-000002/capacityPools/cli-pool-000003/volumes/cli-vol-000004"}}'
    headers:
      access-control-expose-headers:
      - Request-Context
      cache-control:
      - no-cache
      content-length:
      - '637'
      content-type:
      - application/json; charset=utf-8
      date:
      - Tue, 04 Jun 2019 16:27:24 GMT
      expires:
      - '-1'
      pragma:
      - no-cache
      request-context:
      - appId=cid-v1:2c4cb680-0a1f-424d-bb8d-8e650ba68d53
      server:
      - Microsoft-IIS/10.0
      strict-transport-security:
      - max-age=31536000; includeSubDomains
      transfer-encoding:
      - chunked
      vary:
      - Accept-Encoding
      x-content-type-options:
      - nosniff
      x-powered-by:
      - ASP.NET
    status:
      code: 200
      message: OK
- request:
    body: null
    headers:
      Accept:
      - application/json
      Accept-Encoding:
      - gzip, deflate
      CommandName:
      - netappfiles volume create
      Connection:
      - keep-alive
      ParameterSetName:
      - --resource-group --account-name --pool-name --volume-name -l --service-level
        --usage-threshold --creation-token --vnet --subnet
      User-Agent:
      - python/2.7.10 (Darwin-16.7.0-x86_64-i386-64bit) msrest/0.6.6 msrest_azure/0.4.34
        azure-mgmt-netapp/0.4.0 Azure-SDK-For-Python AZURECLI/2.0.65
    method: GET
    uri: https://management.azure.com/subscriptions/00000000-0000-0000-0000-000000000000/providers/Microsoft.NetApp/locations/eastus2/operationResults/cf2d62a8-495d-4c8b-8972-ec11ed3e49ff?api-version=2019-05-01
  response:
    body:
      string: !!python/unicode '{"id":"/subscriptions/00000000-0000-0000-0000-000000000000/providers/Microsoft.NetApp/locations/eastus2/operationResults/cf2d62a8-495d-4c8b-8972-ec11ed3e49ff","name":"cf2d62a8-495d-4c8b-8972-ec11ed3e49ff","status":"Creating","startTime":"2019-06-04T16:21:07.8752988Z","endTime":"0001-01-01T00:00:00Z","percentComplete":0.0,"properties":{"resourceName":"/subscriptions/00000000-0000-0000-0000-000000000000/resourceGroups/clitest.rg000001/providers/Microsoft.NetApp/netAppAccounts/cli-acc-000002/capacityPools/cli-pool-000003/volumes/cli-vol-000004"}}'
    headers:
      access-control-expose-headers:
      - Request-Context
      cache-control:
      - no-cache
      content-length:
      - '637'
      content-type:
      - application/json; charset=utf-8
      date:
      - Tue, 04 Jun 2019 16:27:56 GMT
      expires:
      - '-1'
      pragma:
      - no-cache
      request-context:
      - appId=cid-v1:2c4cb680-0a1f-424d-bb8d-8e650ba68d53
      server:
      - Microsoft-IIS/10.0
      strict-transport-security:
      - max-age=31536000; includeSubDomains
      transfer-encoding:
      - chunked
      vary:
      - Accept-Encoding
      x-content-type-options:
      - nosniff
      x-powered-by:
      - ASP.NET
    status:
      code: 200
      message: OK
- request:
    body: null
    headers:
      Accept:
      - application/json
      Accept-Encoding:
      - gzip, deflate
      CommandName:
      - netappfiles volume create
      Connection:
      - keep-alive
      ParameterSetName:
      - --resource-group --account-name --pool-name --volume-name -l --service-level
        --usage-threshold --creation-token --vnet --subnet
      User-Agent:
      - python/2.7.10 (Darwin-16.7.0-x86_64-i386-64bit) msrest/0.6.6 msrest_azure/0.4.34
        azure-mgmt-netapp/0.4.0 Azure-SDK-For-Python AZURECLI/2.0.65
    method: GET
    uri: https://management.azure.com/subscriptions/00000000-0000-0000-0000-000000000000/providers/Microsoft.NetApp/locations/eastus2/operationResults/cf2d62a8-495d-4c8b-8972-ec11ed3e49ff?api-version=2019-05-01
  response:
    body:
      string: !!python/unicode '{"id":"/subscriptions/00000000-0000-0000-0000-000000000000/providers/Microsoft.NetApp/locations/eastus2/operationResults/cf2d62a8-495d-4c8b-8972-ec11ed3e49ff","name":"cf2d62a8-495d-4c8b-8972-ec11ed3e49ff","status":"Creating","startTime":"2019-06-04T16:21:07.8752988Z","endTime":"0001-01-01T00:00:00Z","percentComplete":0.0,"properties":{"resourceName":"/subscriptions/00000000-0000-0000-0000-000000000000/resourceGroups/clitest.rg000001/providers/Microsoft.NetApp/netAppAccounts/cli-acc-000002/capacityPools/cli-pool-000003/volumes/cli-vol-000004"}}'
    headers:
      access-control-expose-headers:
      - Request-Context
      cache-control:
      - no-cache
      content-length:
      - '637'
      content-type:
      - application/json; charset=utf-8
      date:
      - Tue, 04 Jun 2019 16:28:27 GMT
      expires:
      - '-1'
      pragma:
      - no-cache
      request-context:
      - appId=cid-v1:2c4cb680-0a1f-424d-bb8d-8e650ba68d53
      server:
      - Microsoft-IIS/10.0
      strict-transport-security:
      - max-age=31536000; includeSubDomains
      transfer-encoding:
      - chunked
      vary:
      - Accept-Encoding
      x-content-type-options:
      - nosniff
      x-powered-by:
      - ASP.NET
    status:
      code: 200
      message: OK
- request:
    body: null
    headers:
      Accept:
      - application/json
      Accept-Encoding:
      - gzip, deflate
      CommandName:
      - netappfiles volume create
      Connection:
      - keep-alive
      ParameterSetName:
      - --resource-group --account-name --pool-name --volume-name -l --service-level
        --usage-threshold --creation-token --vnet --subnet
      User-Agent:
      - python/2.7.10 (Darwin-16.7.0-x86_64-i386-64bit) msrest/0.6.6 msrest_azure/0.4.34
        azure-mgmt-netapp/0.4.0 Azure-SDK-For-Python AZURECLI/2.0.65
    method: GET
    uri: https://management.azure.com/subscriptions/00000000-0000-0000-0000-000000000000/providers/Microsoft.NetApp/locations/eastus2/operationResults/cf2d62a8-495d-4c8b-8972-ec11ed3e49ff?api-version=2019-05-01
  response:
    body:
      string: !!python/unicode '{"id":"/subscriptions/00000000-0000-0000-0000-000000000000/providers/Microsoft.NetApp/locations/eastus2/operationResults/cf2d62a8-495d-4c8b-8972-ec11ed3e49ff","name":"cf2d62a8-495d-4c8b-8972-ec11ed3e49ff","status":"Creating","startTime":"2019-06-04T16:21:07.8752988Z","endTime":"0001-01-01T00:00:00Z","percentComplete":0.0,"properties":{"resourceName":"/subscriptions/00000000-0000-0000-0000-000000000000/resourceGroups/clitest.rg000001/providers/Microsoft.NetApp/netAppAccounts/cli-acc-000002/capacityPools/cli-pool-000003/volumes/cli-vol-000004"}}'
    headers:
      access-control-expose-headers:
      - Request-Context
      cache-control:
      - no-cache
      content-length:
      - '637'
      content-type:
      - application/json; charset=utf-8
      date:
      - Tue, 04 Jun 2019 16:28:58 GMT
      expires:
      - '-1'
      pragma:
      - no-cache
      request-context:
      - appId=cid-v1:2c4cb680-0a1f-424d-bb8d-8e650ba68d53
      server:
      - Microsoft-IIS/10.0
      strict-transport-security:
      - max-age=31536000; includeSubDomains
      transfer-encoding:
      - chunked
      vary:
      - Accept-Encoding
      x-content-type-options:
      - nosniff
      x-powered-by:
      - ASP.NET
    status:
      code: 200
      message: OK
- request:
    body: null
    headers:
      Accept:
      - application/json
      Accept-Encoding:
      - gzip, deflate
      CommandName:
      - netappfiles volume create
      Connection:
      - keep-alive
      ParameterSetName:
      - --resource-group --account-name --pool-name --volume-name -l --service-level
        --usage-threshold --creation-token --vnet --subnet
      User-Agent:
      - python/2.7.10 (Darwin-16.7.0-x86_64-i386-64bit) msrest/0.6.6 msrest_azure/0.4.34
        azure-mgmt-netapp/0.4.0 Azure-SDK-For-Python AZURECLI/2.0.65
    method: GET
    uri: https://management.azure.com/subscriptions/00000000-0000-0000-0000-000000000000/providers/Microsoft.NetApp/locations/eastus2/operationResults/cf2d62a8-495d-4c8b-8972-ec11ed3e49ff?api-version=2019-05-01
  response:
    body:
      string: !!python/unicode '{"id":"/subscriptions/00000000-0000-0000-0000-000000000000/providers/Microsoft.NetApp/locations/eastus2/operationResults/cf2d62a8-495d-4c8b-8972-ec11ed3e49ff","name":"cf2d62a8-495d-4c8b-8972-ec11ed3e49ff","status":"Succeeded","startTime":"2019-06-04T16:21:07.8752988Z","endTime":"2019-06-04T16:29:02.6831465Z","percentComplete":100.0,"properties":{"resourceName":"/subscriptions/00000000-0000-0000-0000-000000000000/resourceGroups/clitest.rg000001/providers/Microsoft.NetApp/netAppAccounts/cli-acc-000002/capacityPools/cli-pool-000003/volumes/cli-vol-000004"}}'
    headers:
      access-control-expose-headers:
      - Request-Context
      cache-control:
      - no-cache
      content-length:
      - '648'
      content-type:
      - application/json; charset=utf-8
      date:
      - Tue, 04 Jun 2019 16:29:29 GMT
      expires:
      - '-1'
      pragma:
      - no-cache
      request-context:
      - appId=cid-v1:2c4cb680-0a1f-424d-bb8d-8e650ba68d53
      server:
      - Microsoft-IIS/10.0
      strict-transport-security:
      - max-age=31536000; includeSubDomains
      transfer-encoding:
      - chunked
      vary:
      - Accept-Encoding
      x-content-type-options:
      - nosniff
      x-powered-by:
      - ASP.NET
    status:
      code: 200
      message: OK
- request:
    body: null
    headers:
      Accept:
      - application/json
      Accept-Encoding:
      - gzip, deflate
      CommandName:
      - netappfiles volume create
      Connection:
      - keep-alive
      ParameterSetName:
      - --resource-group --account-name --pool-name --volume-name -l --service-level
        --usage-threshold --creation-token --vnet --subnet
      User-Agent:
      - python/2.7.10 (Darwin-16.7.0-x86_64-i386-64bit) msrest/0.6.6 msrest_azure/0.4.34
        azure-mgmt-netapp/0.4.0 Azure-SDK-For-Python AZURECLI/2.0.65
    method: GET
    uri: https://management.azure.com/subscriptions/00000000-0000-0000-0000-000000000000/resourceGroups/clitest.rg000001/providers/Microsoft.NetApp/netAppAccounts/cli-acc-000002/capacityPools/cli-pool-000003/volumes/cli-vol-000004?api-version=2019-05-01
  response:
    body:
      string: !!python/unicode '{"id":"/subscriptions/00000000-0000-0000-0000-000000000000/resourceGroups/clitest.rg000001/providers/Microsoft.NetApp/netAppAccounts/cli-acc-000002/capacityPools/cli-pool-000003/volumes/cli-vol-000004","name":"cli-acc-000002/cli-pool-000003/cli-vol-000004","type":"Microsoft.NetApp/netAppAccounts/capacityPools/volumes","etag":"W/\"datetime''2019-06-04T16%3A29%3A02.7195324Z''\"","location":"eastus2","properties":{"provisioningState":"Succeeded","fileSystemId":"ac7196fb-4ed6-edc0-1775-c3e02e3048fa","name":"cli-vol-000004","serviceLevel":"Premium","creationToken":"cli-vol-000004","ownerId":"79770fad-5164-11e9-9e4a-3a8c013b5748","usageThreshold":107374182400,"usedBytes":0,"snapshotPolicy":{"enabled":false},"exportPolicy":{"rules":[{"ruleIndex":1,"unixReadOnly":false,"unixReadWrite":true,"cifs":false,"nfsv3":true,"nfsv4":false,"allowedClients":"0.0.0.0/0"}]},"protocolTypes":["NFSv3"],"baremetalTenantId":"baremetalTenant_svm_79770fad516411e99e4a3a8c013b5748_8345a8b9","subnetId":"/subscriptions/00000000-0000-0000-0000-000000000000/resourceGroups/clitest.rg000001/providers/Microsoft.Network/virtualNetworks/cli-vnet-lefr-02/subnets/cli-subnet-lefr-02","mountTargets":[{"provisioningState":"Succeeded","mountTargetId":"0356be67-6c5b-6597-fb6e-0c9fbb2ae758","fileSystemId":"ac7196fb-4ed6-edc0-1775-c3e02e3048fa","startIp":"10.5.0.4","endIp":"10.5.0.4","gateway":"10.5.0.1","netmask":"255.255.255.0","ipAddress":"10.5.0.4"}]}}'
    headers:
      access-control-expose-headers:
      - Request-Context
      cache-control:
      - no-cache
      content-length:
      - '1625'
      content-type:
      - application/json; charset=utf-8
      date:
      - Tue, 04 Jun 2019 16:29:30 GMT
      etag:
      - W/"datetime'2019-06-04T16%3A29%3A02.7195324Z'"
      expires:
      - '-1'
      pragma:
      - no-cache
      request-context:
      - appId=cid-v1:2c4cb680-0a1f-424d-bb8d-8e650ba68d53
      server:
      - Microsoft-IIS/10.0
      strict-transport-security:
      - max-age=31536000; includeSubDomains
      transfer-encoding:
      - chunked
      vary:
      - Accept-Encoding
      x-content-type-options:
      - nosniff
      x-powered-by:
      - ASP.NET
    status:
      code: 200
      message: OK
- request:
    body: !!python/unicode '{"properties": {"fileSystemId": "ac7196fb-4ed6-edc0-1775-c3e02e3048fa"},
      "location": "eastus2"}'
    headers:
      Accept:
      - application/json
      Accept-Encoding:
      - gzip, deflate
      CommandName:
      - netappfiles snapshot create
      Connection:
      - keep-alive
      Content-Length:
      - '95'
      Content-Type:
      - application/json; charset=utf-8
      ParameterSetName:
      - -g -a -p -v -s -l --file-system-id
      User-Agent:
      - python/2.7.10 (Darwin-16.7.0-x86_64-i386-64bit) msrest/0.6.6 msrest_azure/0.4.34
        azure-mgmt-netapp/0.4.0 Azure-SDK-For-Python AZURECLI/2.0.65
      accept-language:
      - en-US
    method: PUT
    uri: https://management.azure.com/subscriptions/00000000-0000-0000-0000-000000000000/resourceGroups/clitest.rg000001/providers/Microsoft.NetApp/netAppAccounts/cli-acc-000002/capacityPools/cli-pool-000003/volumes/cli-vol-000004/snapshots/cli-sn-000005?api-version=2019-05-01
  response:
    body:
      string: !!python/unicode '{"id":"/subscriptions/00000000-0000-0000-0000-000000000000/resourceGroups/clitest.rg000001/providers/Microsoft.NetApp/netAppAccounts/cli-acc-000002/capacityPools/cli-pool-000003/volumes/cli-vol-000004/snapshots/cli-sn-000005","name":"cli-acc-000002/cli-pool-000003/cli-vol-000004/cli-sn-000005","type":"Microsoft.NetApp/netAppAccounts/capacityPools/volumes/snapshots","etag":"6/4/2019
        4:29:36 PM","location":"eastus2","properties":{"provisioningState":"Succeeded","snapshotId":"14416b19-ec70-4b1b-2136-cfb720322803","fileSystemId":"ac7196fb-4ed6-edc0-1775-c3e02e3048fa","name":"cli-sn-000005","created":"2019-06-04T16:29:34Z"}}'
    headers:
      access-control-expose-headers:
      - Request-Context
      cache-control:
      - no-cache
      content-length:
      - '777'
      content-type:
      - application/json; charset=utf-8
      date:
      - Tue, 04 Jun 2019 16:29:36 GMT
      expires:
      - '-1'
      pragma:
      - no-cache
      request-context:
      - appId=cid-v1:2c4cb680-0a1f-424d-bb8d-8e650ba68d53
      server:
      - Microsoft-IIS/10.0
      strict-transport-security:
      - max-age=31536000; includeSubDomains
      x-content-type-options:
      - nosniff
      x-ms-ratelimit-remaining-subscription-writes:
      - '1195'
      x-powered-by:
      - ASP.NET
    status:
      code: 201
      message: Created
- request:
    body: null
    headers:
      Accept:
      - application/json
      Accept-Encoding:
      - gzip, deflate
      CommandName:
      - netappfiles snapshot list
      Connection:
      - keep-alive
      ParameterSetName:
      - --resource-group --account-name --pool-name --volume-name
      User-Agent:
      - python/2.7.10 (Darwin-16.7.0-x86_64-i386-64bit) msrest/0.6.6 msrest_azure/0.4.34
        azure-mgmt-netapp/0.4.0 Azure-SDK-For-Python AZURECLI/2.0.65
      accept-language:
      - en-US
    method: GET
    uri: https://management.azure.com/subscriptions/00000000-0000-0000-0000-000000000000/resourceGroups/clitest.rg000001/providers/Microsoft.NetApp/netAppAccounts/cli-acc-000002/capacityPools/cli-pool-000003/volumes/cli-vol-000004/snapshots?api-version=2019-05-01
  response:
    body:
      string: !!python/unicode '{"value":[{"id":"/subscriptions/00000000-0000-0000-0000-000000000000/resourceGroups/clitest.rg000001/providers/Microsoft.NetApp/netAppAccounts/cli-acc-000002/capacityPools/cli-pool-000003/volumes/cli-vol-000004/snapshots/cli-sn-000005","name":"cli-acc-000002/cli-pool-000003/cli-vol-000004/cli-sn-000005","type":"Microsoft.NetApp/netAppAccounts/capacityPools/volumes/snapshots","location":"eastus2","properties":{"provisioningState":"Succeeded","snapshotId":"14416b19-ec70-4b1b-2136-cfb720322803","fileSystemId":"ac7196fb-4ed6-edc0-1775-c3e02e3048fa","name":"cli-sn-000005","created":"2019-06-04T16:29:34Z"}}]}'
    headers:
      access-control-expose-headers:
      - Request-Context
      cache-control:
      - no-cache
      content-length:
      - '760'
      content-type:
      - application/json; charset=utf-8
      date:
      - Tue, 04 Jun 2019 16:29:38 GMT
      expires:
      - '-1'
      pragma:
      - no-cache
      request-context:
      - appId=cid-v1:2c4cb680-0a1f-424d-bb8d-8e650ba68d53
      server:
      - Microsoft-IIS/10.0
      strict-transport-security:
      - max-age=31536000; includeSubDomains
      transfer-encoding:
      - chunked
      vary:
      - Accept-Encoding
      x-content-type-options:
      - nosniff
      x-powered-by:
      - ASP.NET
    status:
      code: 200
      message: OK
- request:
    body: null
    headers:
      Accept:
      - application/json
      Accept-Encoding:
      - gzip, deflate
      CommandName:
      - netappfiles snapshot delete
      Connection:
      - keep-alive
      Content-Length:
      - '0'
      ParameterSetName:
      - -g -a -p -v -s
      User-Agent:
      - python/2.7.10 (Darwin-16.7.0-x86_64-i386-64bit) msrest/0.6.6 msrest_azure/0.4.34
        azure-mgmt-netapp/0.4.0 Azure-SDK-For-Python AZURECLI/2.0.65
      accept-language:
      - en-US
    method: DELETE
    uri: https://management.azure.com/subscriptions/00000000-0000-0000-0000-000000000000/resourceGroups/clitest.rg000001/providers/Microsoft.NetApp/netAppAccounts/cli-acc-000002/capacityPools/cli-pool-000003/volumes/cli-vol-000004/snapshots/cli-sn-000005?api-version=2019-05-01
  response:
    body:
      string: !!python/unicode ''
    headers:
      access-control-expose-headers:
      - Request-Context
      cache-control:
      - no-cache
      content-length:
      - '0'
      date:
      - Tue, 04 Jun 2019 16:29:43 GMT
      expires:
      - '-1'
      pragma:
      - no-cache
      request-context:
      - appId=cid-v1:2c4cb680-0a1f-424d-bb8d-8e650ba68d53
      server:
      - Microsoft-IIS/10.0
      strict-transport-security:
      - max-age=31536000; includeSubDomains
      x-content-type-options:
      - nosniff
      x-ms-ratelimit-remaining-subscription-deletes:
      - '14999'
      x-powered-by:
      - ASP.NET
    status:
      code: 200
      message: OK
- request:
    body: null
    headers:
      Accept:
      - application/json
      Accept-Encoding:
      - gzip, deflate
      CommandName:
      - netappfiles snapshot list
      Connection:
      - keep-alive
      ParameterSetName:
      - --resource-group --account-name --pool-name --volume-name
      User-Agent:
      - python/2.7.10 (Darwin-16.7.0-x86_64-i386-64bit) msrest/0.6.6 msrest_azure/0.4.34
        azure-mgmt-netapp/0.4.0 Azure-SDK-For-Python AZURECLI/2.0.65
      accept-language:
      - en-US
    method: GET
    uri: https://management.azure.com/subscriptions/00000000-0000-0000-0000-000000000000/resourceGroups/clitest.rg000001/providers/Microsoft.NetApp/netAppAccounts/cli-acc-000002/capacityPools/cli-pool-000003/volumes/cli-vol-000004/snapshots?api-version=2019-05-01
  response:
    body:
      string: !!python/unicode '{"value":[]}'
    headers:
      access-control-expose-headers:
      - Request-Context
      cache-control:
      - no-cache
      content-length:
      - '12'
      content-type:
      - application/json; charset=utf-8
      date:
      - Tue, 04 Jun 2019 16:29:45 GMT
      expires:
      - '-1'
      pragma:
      - no-cache
      request-context:
      - appId=cid-v1:2c4cb680-0a1f-424d-bb8d-8e650ba68d53
      server:
      - Microsoft-IIS/10.0
      strict-transport-security:
      - max-age=31536000; includeSubDomains
      transfer-encoding:
      - chunked
      vary:
      - Accept-Encoding
      x-content-type-options:
      - nosniff
      x-powered-by:
      - ASP.NET
    status:
      code: 200
      message: OK
- request:
    body: null
    headers:
      Accept:
      - application/json
      Accept-Encoding:
      - gzip, deflate
      CommandName:
      - group delete
      Connection:
      - keep-alive
      Content-Length:
      - '0'
      ParameterSetName:
      - --name --yes --no-wait
      User-Agent:
      - python/2.7.10 (Darwin-16.7.0-x86_64-i386-64bit) msrest/0.6.6 msrest_azure/0.4.34
        resourcemanagementclient/2.1.0 Azure-SDK-For-Python AZURECLI/2.0.65
      accept-language:
      - en-US
    method: DELETE
    uri: https://management.azure.com/subscriptions/00000000-0000-0000-0000-000000000000/resourcegroups/clitest.rg000001?api-version=2018-05-01
  response:
    body:
      string: !!python/unicode ''
    headers:
      cache-control:
      - no-cache
      content-length:
      - '0'
      date:
      - Tue, 04 Jun 2019 16:29:49 GMT
      expires:
      - '-1'
      location:
      - https://management.azure.com/subscriptions/00000000-0000-0000-0000-000000000000/operationresults/eyJqb2JJZCI6IlJFU09VUkNFR1JPVVBERUxFVElPTkpPQi1DTElURVNUOjJFUkdJUUhKWVNRQ1JLQVVZWUxCV0JIT1pJR0pEUTNQQUZDUzJNVnw0QjJDMTJFOTZBQzY1REQ5LVdFU1RVUyIsImpvYkxvY2F0aW9uIjoid2VzdHVzIn0?api-version=2018-05-01
      pragma:
      - no-cache
      strict-transport-security:
      - max-age=31536000; includeSubDomains
      x-content-type-options:
      - nosniff
      x-ms-ratelimit-remaining-subscription-deletes:
      - '14999'
    status:
      code: 202
      message: Accepted
version: 1
