interactions:
- request:
    body: '{"location": "eastus2euap"}'
    headers:
      Accept:
      - application/json
      Accept-Encoding:
      - gzip, deflate
      CommandName:
      - netappfiles account create
      Connection:
      - keep-alive
      Content-Length:
      - '27'
      Content-Type:
      - application/json
      ParameterSetName:
      - -g -a -l
      User-Agent:
      - AZURECLI/2.27.2 azsdk-python-mgmt-netapp/5.0.0 Python/3.8.10 (macOS-11.5.2-x86_64-i386-64bit)
    method: PUT
    uri: https://management.azure.com/subscriptions/00000000-0000-0000-0000-000000000000/resourceGroups/cli_netappfiles_test_backup_policy_000001/providers/Microsoft.NetApp/netAppAccounts/cli-acc-000002?api-version=2021-06-01
  response:
    body:
      string: '{"id":"/subscriptions/00000000-0000-0000-0000-000000000000/resourceGroups/cli_netappfiles_test_backup_policy_000001/providers/Microsoft.NetApp/netAppAccounts/cli-acc-000002","name":"cli-acc-000002","type":"Microsoft.NetApp/netAppAccounts","etag":"W/\"datetime''2021-08-31T15%3A37%3A20.9219721Z''\"","location":"eastus2euap","properties":{"provisioningState":"Creating"}}'
    headers:
      azure-asyncoperation:
      - https://management.azure.com/subscriptions/00000000-0000-0000-0000-000000000000/providers/Microsoft.NetApp/locations/eastus2euap/operationResults/c44a1bc0-e264-467a-a678-653836ea903b?api-version=2021-06-01
      cache-control:
      - no-cache
      content-length:
      - '422'
      content-type:
      - application/json; charset=utf-8
      date:
      - Tue, 31 Aug 2021 15:37:21 GMT
      etag:
      - W/"datetime'2021-08-31T15%3A37%3A20.9219721Z'"
      expires:
      - '-1'
      pragma:
      - no-cache
      server:
      - Microsoft-IIS/10.0
      strict-transport-security:
      - max-age=31536000; includeSubDomains
      x-content-type-options:
      - nosniff
      x-ms-ratelimit-remaining-subscription-writes:
      - '1199'
      x-powered-by:
      - ASP.NET
    status:
      code: 201
      message: Created
- request:
    body: null
    headers:
      Accept:
      - '*/*'
      Accept-Encoding:
      - gzip, deflate
      CommandName:
      - netappfiles account create
      Connection:
      - keep-alive
      ParameterSetName:
      - -g -a -l
      User-Agent:
      - AZURECLI/2.27.2 azsdk-python-mgmt-netapp/5.0.0 Python/3.8.10 (macOS-11.5.2-x86_64-i386-64bit)
    method: GET
    uri: https://management.azure.com/subscriptions/00000000-0000-0000-0000-000000000000/providers/Microsoft.NetApp/locations/eastus2euap/operationResults/c44a1bc0-e264-467a-a678-653836ea903b?api-version=2021-06-01
  response:
    body:
      string: '{"id":"/subscriptions/00000000-0000-0000-0000-000000000000/providers/Microsoft.NetApp/locations/eastus2euap/operationResults/c44a1bc0-e264-467a-a678-653836ea903b","name":"c44a1bc0-e264-467a-a678-653836ea903b","status":"Succeeded","startTime":"2021-08-31T15:37:20.9264869Z","endTime":"2021-08-31T15:37:20.9664493Z","percentComplete":100.0,"properties":{"resourceName":"/subscriptions/00000000-0000-0000-0000-000000000000/resourceGroups/cli_netappfiles_test_backup_policy_000001/providers/Microsoft.NetApp/netAppAccounts/cli-acc-000002"}}'
    headers:
      cache-control:
      - no-cache
      content-length:
      - '580'
      content-type:
      - application/json; charset=utf-8
      date:
      - Tue, 31 Aug 2021 15:37:51 GMT
      expires:
      - '-1'
      pragma:
      - no-cache
      server:
      - Microsoft-IIS/10.0
      strict-transport-security:
      - max-age=31536000; includeSubDomains
      transfer-encoding:
      - chunked
      vary:
      - Accept-Encoding
      x-content-type-options:
      - nosniff
      x-powered-by:
      - ASP.NET
    status:
      code: 200
      message: OK
- request:
    body: null
    headers:
      Accept:
      - '*/*'
      Accept-Encoding:
      - gzip, deflate
      CommandName:
      - netappfiles account create
      Connection:
      - keep-alive
      ParameterSetName:
      - -g -a -l
      User-Agent:
      - AZURECLI/2.27.2 azsdk-python-mgmt-netapp/5.0.0 Python/3.8.10 (macOS-11.5.2-x86_64-i386-64bit)
    method: GET
    uri: https://management.azure.com/subscriptions/00000000-0000-0000-0000-000000000000/resourceGroups/cli_netappfiles_test_backup_policy_000001/providers/Microsoft.NetApp/netAppAccounts/cli-acc-000002?api-version=2021-06-01
  response:
    body:
      string: '{"id":"/subscriptions/00000000-0000-0000-0000-000000000000/resourceGroups/cli_netappfiles_test_backup_policy_000001/providers/Microsoft.NetApp/netAppAccounts/cli-acc-000002","name":"cli-acc-000002","type":"Microsoft.NetApp/netAppAccounts","etag":"W/\"datetime''2021-08-31T15%3A37%3A20.9625941Z''\"","location":"eastus2euap","properties":{"activeDirectories":[{"site":"","activeDirectoryId":"6d419a1b-a94f-d2fc-922a-8ffd2c7b7e06","username":"cbs","password":"****************","domain":"NBQa.netapp.com","dns":"10.14.0.4","status":"Created","smbServerName":"NBQA","organizationalUnit":"CN=Computers","aesEncryption":false,"ldapSigning":false,"ldapOverTLS":false,"allowLocalNFSUsersWithLdap":false,"encryptDCConnections":false}],"encryption":{"keySource":"Microsoft.NetApp"},"provisioningState":"Succeeded"}}'
    headers:
      cache-control:
      - no-cache
      content-length:
      - '858'
      content-type:
      - application/json; charset=utf-8
      date:
      - Tue, 31 Aug 2021 15:37:51 GMT
      etag:
      - W/"datetime'2021-08-31T15%3A37%3A20.9625941Z'"
      expires:
      - '-1'
      pragma:
      - no-cache
      server:
      - Microsoft-IIS/10.0
      strict-transport-security:
      - max-age=31536000; includeSubDomains
      transfer-encoding:
      - chunked
      vary:
      - Accept-Encoding
      x-content-type-options:
      - nosniff
      x-powered-by:
      - ASP.NET
    status:
      code: 200
      message: OK
- request:
    body: '{"location": "eastus2euap", "properties": {"dailyBackupsToKeep": 1, "enabled":
      true}}'
    headers:
      Accept:
      - application/json
      Accept-Encoding:
      - gzip, deflate
      CommandName:
      - netappfiles account backup-policy create
      Connection:
      - keep-alive
      Content-Length:
      - '85'
      Content-Type:
      - application/json
      ParameterSetName:
      - -g -a --backup-policy-name -l --daily-backups --enabled
      User-Agent:
      - AZURECLI/2.27.2 azsdk-python-mgmt-netapp/5.0.0 Python/3.8.10 (macOS-11.5.2-x86_64-i386-64bit)
    method: PUT
    uri: https://management.azure.com/subscriptions/00000000-0000-0000-0000-000000000000/resourceGroups/cli_netappfiles_test_backup_policy_000001/providers/Microsoft.NetApp/netAppAccounts/cli-acc-000002/backupPolicies/cli000003?api-version=2021-06-01
  response:
    body:
      string: '{"id":"/subscriptions/00000000-0000-0000-0000-000000000000/resourceGroups/cli_netappfiles_test_backup_policy_000001/providers/Microsoft.NetApp/netAppAccounts/cli-acc-000002/backupPolicies/cli000003","name":"cli-acc-000002/cli000003","type":"Microsoft.NetApp/netAppAccounts/backupPolicies","etag":"W/\"datetime''2021-08-31T15%3A37%3A56.7762203Z''\"","location":"eastus2euap","properties":{"enabled":true,"dailyBackupsToKeep":1,"provisioningState":"Creating"}}'
    headers:
      azure-asyncoperation:
      - https://management.azure.com/subscriptions/00000000-0000-0000-0000-000000000000/providers/Microsoft.NetApp/locations/eastus2euap/operationResults/caf4cd71-69bd-4769-bf1b-84ebd82a9417?api-version=2021-06-01
      cache-control:
      - no-cache
      content-length:
      - '524'
      content-type:
      - application/json; charset=utf-8
      date:
      - Tue, 31 Aug 2021 15:37:57 GMT
      etag:
      - W/"datetime'2021-08-31T15%3A37%3A56.7762203Z'"
      expires:
      - '-1'
      pragma:
      - no-cache
      server:
      - Microsoft-IIS/10.0
      strict-transport-security:
      - max-age=31536000; includeSubDomains
      x-content-type-options:
      - nosniff
      x-ms-ratelimit-remaining-subscription-writes:
      - '1199'
      x-powered-by:
      - ASP.NET
    status:
      code: 201
      message: Created
- request:
    body: null
    headers:
      Accept:
      - '*/*'
      Accept-Encoding:
      - gzip, deflate
      CommandName:
      - netappfiles account backup-policy create
      Connection:
      - keep-alive
      ParameterSetName:
      - -g -a --backup-policy-name -l --daily-backups --enabled
      User-Agent:
      - AZURECLI/2.27.2 azsdk-python-mgmt-netapp/5.0.0 Python/3.8.10 (macOS-11.5.2-x86_64-i386-64bit)
    method: GET
    uri: https://management.azure.com/subscriptions/00000000-0000-0000-0000-000000000000/providers/Microsoft.NetApp/locations/eastus2euap/operationResults/caf4cd71-69bd-4769-bf1b-84ebd82a9417?api-version=2021-06-01
  response:
    body:
      string: '{"id":"/subscriptions/00000000-0000-0000-0000-000000000000/providers/Microsoft.NetApp/locations/eastus2euap/operationResults/caf4cd71-69bd-4769-bf1b-84ebd82a9417","name":"caf4cd71-69bd-4769-bf1b-84ebd82a9417","status":"Succeeded","startTime":"2021-08-31T15:37:56.7792814Z","endTime":"2021-08-31T15:37:57.0491641Z","percentComplete":100.0,"properties":{"resourceName":"/subscriptions/00000000-0000-0000-0000-000000000000/resourceGroups/cli_netappfiles_test_backup_policy_000001/providers/Microsoft.NetApp/netAppAccounts/cli-acc-000002/backupPolicies/cli000003"}}'
    headers:
      cache-control:
      - no-cache
      content-length:
      - '612'
      content-type:
      - application/json; charset=utf-8
      date:
      - Tue, 31 Aug 2021 15:38:27 GMT
      expires:
      - '-1'
      pragma:
      - no-cache
      server:
      - Microsoft-IIS/10.0
      strict-transport-security:
      - max-age=31536000; includeSubDomains
      transfer-encoding:
      - chunked
      vary:
      - Accept-Encoding
      x-content-type-options:
      - nosniff
      x-powered-by:
      - ASP.NET
    status:
      code: 200
      message: OK
- request:
    body: null
    headers:
      Accept:
      - '*/*'
      Accept-Encoding:
      - gzip, deflate
      CommandName:
      - netappfiles account backup-policy create
      Connection:
      - keep-alive
      ParameterSetName:
      - -g -a --backup-policy-name -l --daily-backups --enabled
      User-Agent:
      - AZURECLI/2.27.2 azsdk-python-mgmt-netapp/5.0.0 Python/3.8.10 (macOS-11.5.2-x86_64-i386-64bit)
    method: GET
    uri: https://management.azure.com/subscriptions/00000000-0000-0000-0000-000000000000/resourceGroups/cli_netappfiles_test_backup_policy_000001/providers/Microsoft.NetApp/netAppAccounts/cli-acc-000002/backupPolicies/cli000003?api-version=2021-06-01
  response:
    body:
      string: '{"id":"/subscriptions/00000000-0000-0000-0000-000000000000/resourceGroups/cli_netappfiles_test_backup_policy_000001/providers/Microsoft.NetApp/netAppAccounts/cli-acc-000002/backupPolicies/cli000003","name":"cli-acc-000002/cli000003","type":"Microsoft.NetApp/netAppAccounts/backupPolicies","etag":"W/\"datetime''2021-08-31T15%3A37%3A57.0422801Z''\"","location":"eastus2euap","properties":{"enabled":true,"backupPolicyId":"624ee6b7-0a71-11ec-bcbb-324058d8b9d7","dailyBackupsToKeep":1,"weeklyBackupsToKeep":0,"monthlyBackupsToKeep":0,"provisioningState":"Succeeded"}}'
    headers:
      cache-control:
      - no-cache
      content-length:
      - '630'
      content-type:
      - application/json; charset=utf-8
      date:
      - Tue, 31 Aug 2021 15:38:27 GMT
      etag:
      - W/"datetime'2021-08-31T15%3A37%3A57.0422801Z'"
      expires:
      - '-1'
      pragma:
      - no-cache
      server:
      - Microsoft-IIS/10.0
      strict-transport-security:
      - max-age=31536000; includeSubDomains
      transfer-encoding:
      - chunked
      vary:
      - Accept-Encoding
      x-content-type-options:
      - nosniff
      x-powered-by:
      - ASP.NET
    status:
      code: 200
      message: OK
- request:
    body: '{"location": "eastus2euap", "properties": {"dailyBackupsToKeep": 1, "enabled":
      true}}'
    headers:
      Accept:
      - application/json
      Accept-Encoding:
      - gzip, deflate
      CommandName:
      - netappfiles account backup-policy create
      Connection:
      - keep-alive
      Content-Length:
      - '85'
      Content-Type:
      - application/json
      ParameterSetName:
      - -g -a --backup-policy-name -l --daily-backups --enabled
      User-Agent:
      - AZURECLI/2.27.2 azsdk-python-mgmt-netapp/5.0.0 Python/3.8.10 (macOS-11.5.2-x86_64-i386-64bit)
    method: PUT
    uri: https://management.azure.com/subscriptions/00000000-0000-0000-0000-000000000000/resourceGroups/cli_netappfiles_test_backup_policy_000001/providers/Microsoft.NetApp/netAppAccounts/cli-acc-000002/backupPolicies/cli000004?api-version=2021-06-01
  response:
    body:
      string: '{"id":"/subscriptions/00000000-0000-0000-0000-000000000000/resourceGroups/cli_netappfiles_test_backup_policy_000001/providers/Microsoft.NetApp/netAppAccounts/cli-acc-000002/backupPolicies/cli000004","name":"cli-acc-000002/cli000004","type":"Microsoft.NetApp/netAppAccounts/backupPolicies","etag":"W/\"datetime''2021-08-31T15%3A38%3A33.5293873Z''\"","location":"eastus2euap","properties":{"enabled":true,"dailyBackupsToKeep":1,"provisioningState":"Creating"}}'
    headers:
      azure-asyncoperation:
      - https://management.azure.com/subscriptions/00000000-0000-0000-0000-000000000000/providers/Microsoft.NetApp/locations/eastus2euap/operationResults/d3585990-c135-4370-8041-5a0dc3a22f58?api-version=2021-06-01
      cache-control:
      - no-cache
      content-length:
      - '524'
      content-type:
      - application/json; charset=utf-8
      date:
      - Tue, 31 Aug 2021 15:38:34 GMT
      etag:
      - W/"datetime'2021-08-31T15%3A38%3A33.5293873Z'"
      expires:
      - '-1'
      pragma:
      - no-cache
      server:
      - Microsoft-IIS/10.0
      strict-transport-security:
      - max-age=31536000; includeSubDomains
      x-content-type-options:
      - nosniff
      x-ms-ratelimit-remaining-subscription-writes:
      - '1199'
      x-powered-by:
      - ASP.NET
    status:
      code: 201
      message: Created
- request:
    body: null
    headers:
      Accept:
      - '*/*'
      Accept-Encoding:
      - gzip, deflate
      CommandName:
      - netappfiles account backup-policy create
      Connection:
      - keep-alive
      ParameterSetName:
      - -g -a --backup-policy-name -l --daily-backups --enabled
      User-Agent:
      - AZURECLI/2.27.2 azsdk-python-mgmt-netapp/5.0.0 Python/3.8.10 (macOS-11.5.2-x86_64-i386-64bit)
    method: GET
    uri: https://management.azure.com/subscriptions/00000000-0000-0000-0000-000000000000/providers/Microsoft.NetApp/locations/eastus2euap/operationResults/d3585990-c135-4370-8041-5a0dc3a22f58?api-version=2021-06-01
  response:
    body:
      string: '{"id":"/subscriptions/00000000-0000-0000-0000-000000000000/providers/Microsoft.NetApp/locations/eastus2euap/operationResults/d3585990-c135-4370-8041-5a0dc3a22f58","name":"d3585990-c135-4370-8041-5a0dc3a22f58","status":"Succeeded","startTime":"2021-08-31T15:38:33.5359464Z","endTime":"2021-08-31T15:38:33.8644038Z","percentComplete":100.0,"properties":{"resourceName":"/subscriptions/00000000-0000-0000-0000-000000000000/resourceGroups/cli_netappfiles_test_backup_policy_000001/providers/Microsoft.NetApp/netAppAccounts/cli-acc-000002/backupPolicies/cli000004"}}'
    headers:
      cache-control:
      - no-cache
      content-length:
      - '612'
      content-type:
      - application/json; charset=utf-8
      date:
      - Tue, 31 Aug 2021 15:39:04 GMT
      expires:
      - '-1'
      pragma:
      - no-cache
      server:
      - Microsoft-IIS/10.0
      strict-transport-security:
      - max-age=31536000; includeSubDomains
      transfer-encoding:
      - chunked
      vary:
      - Accept-Encoding
      x-content-type-options:
      - nosniff
      x-powered-by:
      - ASP.NET
    status:
      code: 200
      message: OK
- request:
    body: null
    headers:
      Accept:
      - '*/*'
      Accept-Encoding:
      - gzip, deflate
      CommandName:
      - netappfiles account backup-policy create
      Connection:
      - keep-alive
      ParameterSetName:
      - -g -a --backup-policy-name -l --daily-backups --enabled
      User-Agent:
      - AZURECLI/2.27.2 azsdk-python-mgmt-netapp/5.0.0 Python/3.8.10 (macOS-11.5.2-x86_64-i386-64bit)
    method: GET
    uri: https://management.azure.com/subscriptions/00000000-0000-0000-0000-000000000000/resourceGroups/cli_netappfiles_test_backup_policy_000001/providers/Microsoft.NetApp/netAppAccounts/cli-acc-000002/backupPolicies/cli000004?api-version=2021-06-01
  response:
    body:
      string: '{"id":"/subscriptions/00000000-0000-0000-0000-000000000000/resourceGroups/cli_netappfiles_test_backup_policy_000001/providers/Microsoft.NetApp/netAppAccounts/cli-acc-000002/backupPolicies/cli000004","name":"cli-acc-000002/cli000004","type":"Microsoft.NetApp/netAppAccounts/backupPolicies","etag":"W/\"datetime''2021-08-31T15%3A38%3A33.8574906Z''\"","location":"eastus2euap","properties":{"enabled":true,"backupPolicyId":"801827e1-0a71-11ec-89bc-eab0860b19d0","dailyBackupsToKeep":1,"weeklyBackupsToKeep":0,"monthlyBackupsToKeep":0,"provisioningState":"Succeeded"}}'
    headers:
      cache-control:
      - no-cache
      content-length:
      - '630'
      content-type:
      - application/json; charset=utf-8
      date:
      - Tue, 31 Aug 2021 15:39:04 GMT
      etag:
      - W/"datetime'2021-08-31T15%3A38%3A33.8574906Z'"
      expires:
      - '-1'
      pragma:
      - no-cache
      server:
      - Microsoft-IIS/10.0
      strict-transport-security:
      - max-age=31536000; includeSubDomains
      transfer-encoding:
      - chunked
      vary:
      - Accept-Encoding
      x-content-type-options:
      - nosniff
      x-powered-by:
      - ASP.NET
    status:
      code: 200
      message: OK
- request:
    body: '{"location": "eastus2euap", "properties": {"dailyBackupsToKeep": 1, "enabled":
      true}}'
    headers:
      Accept:
      - application/json
      Accept-Encoding:
      - gzip, deflate
      CommandName:
      - netappfiles account backup-policy create
      Connection:
      - keep-alive
      Content-Length:
      - '85'
      Content-Type:
      - application/json
      ParameterSetName:
      - -g -a --backup-policy-name -l --daily-backups --enabled
      User-Agent:
      - AZURECLI/2.27.2 azsdk-python-mgmt-netapp/5.0.0 Python/3.8.10 (macOS-11.5.2-x86_64-i386-64bit)
    method: PUT
    uri: https://management.azure.com/subscriptions/00000000-0000-0000-0000-000000000000/resourceGroups/cli_netappfiles_test_backup_policy_000001/providers/Microsoft.NetApp/netAppAccounts/cli-acc-000002/backupPolicies/cli000005?api-version=2021-06-01
  response:
    body:
      string: '{"id":"/subscriptions/00000000-0000-0000-0000-000000000000/resourceGroups/cli_netappfiles_test_backup_policy_000001/providers/Microsoft.NetApp/netAppAccounts/cli-acc-000002/backupPolicies/cli000005","name":"cli-acc-000002/cli000005","type":"Microsoft.NetApp/netAppAccounts/backupPolicies","etag":"W/\"datetime''2021-08-31T15%3A39%3A10.5768664Z''\"","location":"eastus2euap","properties":{"enabled":true,"dailyBackupsToKeep":1,"provisioningState":"Creating"}}'
    headers:
      azure-asyncoperation:
      - https://management.azure.com/subscriptions/00000000-0000-0000-0000-000000000000/providers/Microsoft.NetApp/locations/eastus2euap/operationResults/7204f9e5-c178-4647-a0e3-685c618fe293?api-version=2021-06-01
      cache-control:
      - no-cache
      content-length:
      - '524'
      content-type:
      - application/json; charset=utf-8
      date:
      - Tue, 31 Aug 2021 15:39:11 GMT
      etag:
      - W/"datetime'2021-08-31T15%3A39%3A10.5768664Z'"
      expires:
      - '-1'
      pragma:
      - no-cache
      server:
      - Microsoft-IIS/10.0
      strict-transport-security:
      - max-age=31536000; includeSubDomains
      x-content-type-options:
      - nosniff
      x-ms-ratelimit-remaining-subscription-writes:
      - '1198'
      x-powered-by:
      - ASP.NET
    status:
      code: 201
      message: Created
- request:
    body: null
    headers:
      Accept:
      - '*/*'
      Accept-Encoding:
      - gzip, deflate
      CommandName:
      - netappfiles account backup-policy create
      Connection:
      - keep-alive
      ParameterSetName:
      - -g -a --backup-policy-name -l --daily-backups --enabled
      User-Agent:
      - AZURECLI/2.27.2 azsdk-python-mgmt-netapp/5.0.0 Python/3.8.10 (macOS-11.5.2-x86_64-i386-64bit)
    method: GET
    uri: https://management.azure.com/subscriptions/00000000-0000-0000-0000-000000000000/providers/Microsoft.NetApp/locations/eastus2euap/operationResults/7204f9e5-c178-4647-a0e3-685c618fe293?api-version=2021-06-01
  response:
    body:
      string: '{"id":"/subscriptions/00000000-0000-0000-0000-000000000000/providers/Microsoft.NetApp/locations/eastus2euap/operationResults/7204f9e5-c178-4647-a0e3-685c618fe293","name":"7204f9e5-c178-4647-a0e3-685c618fe293","status":"Succeeded","startTime":"2021-08-31T15:39:10.5809578Z","endTime":"2021-08-31T15:39:10.6559623Z","percentComplete":100.0,"properties":{"resourceName":"/subscriptions/00000000-0000-0000-0000-000000000000/resourceGroups/cli_netappfiles_test_backup_policy_000001/providers/Microsoft.NetApp/netAppAccounts/cli-acc-000002/backupPolicies/cli000005"}}'
    headers:
      cache-control:
      - no-cache
      content-length:
      - '612'
      content-type:
      - application/json; charset=utf-8
      date:
      - Tue, 31 Aug 2021 15:39:40 GMT
      expires:
      - '-1'
      pragma:
      - no-cache
      server:
      - Microsoft-IIS/10.0
      strict-transport-security:
      - max-age=31536000; includeSubDomains
      transfer-encoding:
      - chunked
      vary:
      - Accept-Encoding
      x-content-type-options:
      - nosniff
      x-powered-by:
      - ASP.NET
    status:
      code: 200
      message: OK
- request:
    body: null
    headers:
      Accept:
      - '*/*'
      Accept-Encoding:
      - gzip, deflate
      CommandName:
      - netappfiles account backup-policy create
      Connection:
      - keep-alive
      ParameterSetName:
      - -g -a --backup-policy-name -l --daily-backups --enabled
      User-Agent:
      - AZURECLI/2.27.2 azsdk-python-mgmt-netapp/5.0.0 Python/3.8.10 (macOS-11.5.2-x86_64-i386-64bit)
    method: GET
    uri: https://management.azure.com/subscriptions/00000000-0000-0000-0000-000000000000/resourceGroups/cli_netappfiles_test_backup_policy_000001/providers/Microsoft.NetApp/netAppAccounts/cli-acc-000002/backupPolicies/cli000005?api-version=2021-06-01
  response:
    body:
      string: '{"id":"/subscriptions/00000000-0000-0000-0000-000000000000/resourceGroups/cli_netappfiles_test_backup_policy_000001/providers/Microsoft.NetApp/netAppAccounts/cli-acc-000002/backupPolicies/cli000005","name":"cli-acc-000002/cli000005","type":"Microsoft.NetApp/netAppAccounts/backupPolicies","etag":"W/\"datetime''2021-08-31T15%3A39%3A10.6496812Z''\"","location":"eastus2euap","properties":{"enabled":true,"backupPolicyId":"93c10c02-0a71-11ec-bb9a-926f2834afc3","dailyBackupsToKeep":1,"weeklyBackupsToKeep":0,"monthlyBackupsToKeep":0,"provisioningState":"Succeeded"}}'
    headers:
      cache-control:
      - no-cache
      content-length:
      - '630'
      content-type:
      - application/json; charset=utf-8
      date:
      - Tue, 31 Aug 2021 15:39:41 GMT
      etag:
      - W/"datetime'2021-08-31T15%3A39%3A10.6496812Z'"
      expires:
      - '-1'
      pragma:
      - no-cache
      server:
      - Microsoft-IIS/10.0
      strict-transport-security:
      - max-age=31536000; includeSubDomains
      transfer-encoding:
      - chunked
      vary:
      - Accept-Encoding
      x-content-type-options:
      - nosniff
      x-powered-by:
      - ASP.NET
    status:
      code: 200
      message: OK
- request:
    body: null
    headers:
      Accept:
      - application/json
      Accept-Encoding:
      - gzip, deflate
      CommandName:
      - netappfiles account backup-policy list
      Connection:
      - keep-alive
      ParameterSetName:
      - -g -a
      User-Agent:
      - AZURECLI/2.27.2 azsdk-python-mgmt-netapp/5.0.0 Python/3.8.10 (macOS-11.5.2-x86_64-i386-64bit)
    method: GET
    uri: https://management.azure.com/subscriptions/00000000-0000-0000-0000-000000000000/resourceGroups/cli_netappfiles_test_backup_policy_000001/providers/Microsoft.NetApp/netAppAccounts/cli-acc-000002/backupPolicies?api-version=2021-06-01
  response:
    body:
      string: '{"value":[{"id":"/subscriptions/00000000-0000-0000-0000-000000000000/resourceGroups/cli_netappfiles_test_backup_policy_000001/providers/Microsoft.NetApp/netAppAccounts/cli-acc-000002/backupPolicies/cli000005","name":"cli-acc-000002/cli000005","type":"Microsoft.NetApp/netAppAccounts/backupPolicies","etag":"W/\"datetime''2021-08-31T15%3A39%3A10.6496812Z''\"","location":"eastus2euap","properties":{"enabled":true,"backupPolicyId":"93c10c02-0a71-11ec-bb9a-926f2834afc3","dailyBackupsToKeep":1,"weeklyBackupsToKeep":0,"monthlyBackupsToKeep":0,"provisioningState":"Succeeded"}},{"id":"/subscriptions/00000000-0000-0000-0000-000000000000/resourceGroups/cli_netappfiles_test_backup_policy_000001/providers/Microsoft.NetApp/netAppAccounts/cli-acc-000002/backupPolicies/cli000004","name":"cli-acc-000002/cli000004","type":"Microsoft.NetApp/netAppAccounts/backupPolicies","etag":"W/\"datetime''2021-08-31T15%3A38%3A33.8574906Z''\"","location":"eastus2euap","properties":{"enabled":true,"backupPolicyId":"801827e1-0a71-11ec-89bc-eab0860b19d0","dailyBackupsToKeep":1,"weeklyBackupsToKeep":0,"monthlyBackupsToKeep":0,"provisioningState":"Succeeded"}},{"id":"/subscriptions/00000000-0000-0000-0000-000000000000/resourceGroups/cli_netappfiles_test_backup_policy_000001/providers/Microsoft.NetApp/netAppAccounts/cli-acc-000002/backupPolicies/cli000003","name":"cli-acc-000002/cli000003","type":"Microsoft.NetApp/netAppAccounts/backupPolicies","etag":"W/\"datetime''2021-08-31T15%3A37%3A57.0422801Z''\"","location":"eastus2euap","properties":{"enabled":true,"backupPolicyId":"624ee6b7-0a71-11ec-bcbb-324058d8b9d7","dailyBackupsToKeep":1,"weeklyBackupsToKeep":0,"monthlyBackupsToKeep":0,"provisioningState":"Succeeded"}}]}'
    headers:
      cache-control:
      - no-cache
      content-length:
      - '1904'
      content-type:
      - application/json; charset=utf-8
      date:
      - Tue, 31 Aug 2021 15:39:42 GMT
      expires:
      - '-1'
      pragma:
      - no-cache
      server:
      - Microsoft-IIS/10.0
      strict-transport-security:
      - max-age=31536000; includeSubDomains
      transfer-encoding:
      - chunked
      vary:
      - Accept-Encoding
      x-content-type-options:
      - nosniff
      x-powered-by:
      - ASP.NET
    status:
      code: 200
      message: OK
- request:
    body: null
    headers:
      Accept:
      - '*/*'
      Accept-Encoding:
      - gzip, deflate
      CommandName:
      - netappfiles account backup-policy delete
      Connection:
      - keep-alive
      Content-Length:
      - '0'
      ParameterSetName:
      - -g -a --backup-policy-name
      User-Agent:
      - AZURECLI/2.27.2 azsdk-python-mgmt-netapp/5.0.0 Python/3.8.10 (macOS-11.5.2-x86_64-i386-64bit)
    method: DELETE
    uri: https://management.azure.com/subscriptions/00000000-0000-0000-0000-000000000000/resourceGroups/cli_netappfiles_test_backup_policy_000001/providers/Microsoft.NetApp/netAppAccounts/cli-acc-000002/backupPolicies/cli000003?api-version=2021-06-01
  response:
    body:
      string: ''
    headers:
      azure-asyncoperation:
      - https://management.azure.com/subscriptions/00000000-0000-0000-0000-000000000000/providers/Microsoft.NetApp/locations/eastus2euap/operationResults/62f51d5c-e1c6-4017-8bb4-1d2801c35255?api-version=2021-06-01
      cache-control:
      - no-cache
      content-length:
      - '0'
      date:
      - Tue, 31 Aug 2021 15:39:46 GMT
      expires:
      - '-1'
      location:
      - https://management.azure.com/subscriptions/00000000-0000-0000-0000-000000000000/providers/Microsoft.NetApp/locations/eastus2euap/operationResults/62f51d5c-e1c6-4017-8bb4-1d2801c35255?api-version=2021-06-01&operationResultResponseType=Location
      pragma:
      - no-cache
      server:
      - Microsoft-IIS/10.0
      strict-transport-security:
      - max-age=31536000; includeSubDomains
      x-content-type-options:
      - nosniff
      x-ms-ratelimit-remaining-subscription-deletes:
      - '14999'
      x-powered-by:
      - ASP.NET
    status:
      code: 202
      message: Accepted
- request:
    body: null
    headers:
      Accept:
      - '*/*'
      Accept-Encoding:
      - gzip, deflate
      CommandName:
      - netappfiles account backup-policy delete
      Connection:
      - keep-alive
      ParameterSetName:
      - -g -a --backup-policy-name
      User-Agent:
      - AZURECLI/2.27.2 azsdk-python-mgmt-netapp/5.0.0 Python/3.8.10 (macOS-11.5.2-x86_64-i386-64bit)
    method: GET
    uri: https://management.azure.com/subscriptions/00000000-0000-0000-0000-000000000000/providers/Microsoft.NetApp/locations/eastus2euap/operationResults/62f51d5c-e1c6-4017-8bb4-1d2801c35255?api-version=2021-06-01
  response:
    body:
      string: '{"id":"/subscriptions/00000000-0000-0000-0000-000000000000/providers/Microsoft.NetApp/locations/eastus2euap/operationResults/62f51d5c-e1c6-4017-8bb4-1d2801c35255","name":"62f51d5c-e1c6-4017-8bb4-1d2801c35255","status":"Succeeded","startTime":"2021-08-31T15:39:47.4773784Z","endTime":"2021-08-31T15:39:47.885593Z","percentComplete":100.0,"properties":{"resourceName":"/subscriptions/00000000-0000-0000-0000-000000000000/resourceGroups/cli_netappfiles_test_backup_policy_000001/providers/Microsoft.NetApp/netAppAccounts/cli-acc-000002/backupPolicies/cli000003"}}'
    headers:
      cache-control:
      - no-cache
      content-length:
      - '611'
      content-type:
      - application/json; charset=utf-8
      date:
      - Tue, 31 Aug 2021 15:40:57 GMT
      expires:
      - '-1'
      pragma:
      - no-cache
      server:
      - Microsoft-IIS/10.0
      strict-transport-security:
      - max-age=31536000; includeSubDomains
      transfer-encoding:
      - chunked
      vary:
      - Accept-Encoding
      x-content-type-options:
      - nosniff
      x-powered-by:
      - ASP.NET
    status:
      code: 200
      message: OK
- request:
    body: null
    headers:
      Accept:
      - '*/*'
      Accept-Encoding:
      - gzip, deflate
      CommandName:
      - netappfiles account backup-policy delete
      Connection:
      - keep-alive
      Content-Length:
      - '0'
      ParameterSetName:
      - -g -a --backup-policy-name
      User-Agent:
      - AZURECLI/2.27.2 azsdk-python-mgmt-netapp/5.0.0 Python/3.8.10 (macOS-11.5.2-x86_64-i386-64bit)
    method: DELETE
    uri: https://management.azure.com/subscriptions/00000000-0000-0000-0000-000000000000/resourceGroups/cli_netappfiles_test_backup_policy_000001/providers/Microsoft.NetApp/netAppAccounts/cli-acc-000002/backupPolicies/cli000004?api-version=2021-06-01
  response:
    body:
      string: ''
    headers:
      azure-asyncoperation:
      - https://management.azure.com/subscriptions/00000000-0000-0000-0000-000000000000/providers/Microsoft.NetApp/locations/eastus2euap/operationResults/b8a270d9-0f55-44ae-8af6-a0914bcedd6c?api-version=2021-06-01
      cache-control:
      - no-cache
      content-length:
      - '0'
      date:
      - Tue, 31 Aug 2021 15:40:59 GMT
      expires:
      - '-1'
      location:
      - https://management.azure.com/subscriptions/00000000-0000-0000-0000-000000000000/providers/Microsoft.NetApp/locations/eastus2euap/operationResults/b8a270d9-0f55-44ae-8af6-a0914bcedd6c?api-version=2021-06-01&operationResultResponseType=Location
      pragma:
      - no-cache
      server:
      - Microsoft-IIS/10.0
      strict-transport-security:
      - max-age=31536000; includeSubDomains
      x-content-type-options:
      - nosniff
      x-ms-ratelimit-remaining-subscription-deletes:
      - '14998'
      x-powered-by:
      - ASP.NET
    status:
      code: 202
      message: Accepted
- request:
    body: null
    headers:
      Accept:
      - '*/*'
      Accept-Encoding:
      - gzip, deflate
      CommandName:
      - netappfiles account backup-policy delete
      Connection:
      - keep-alive
      ParameterSetName:
      - -g -a --backup-policy-name
      User-Agent:
      - AZURECLI/2.27.2 azsdk-python-mgmt-netapp/5.0.0 Python/3.8.10 (macOS-11.5.2-x86_64-i386-64bit)
    method: GET
    uri: https://management.azure.com/subscriptions/00000000-0000-0000-0000-000000000000/providers/Microsoft.NetApp/locations/eastus2euap/operationResults/b8a270d9-0f55-44ae-8af6-a0914bcedd6c?api-version=2021-06-01
  response:
    body:
      string: '{"id":"/subscriptions/00000000-0000-0000-0000-000000000000/providers/Microsoft.NetApp/locations/eastus2euap/operationResults/b8a270d9-0f55-44ae-8af6-a0914bcedd6c","name":"b8a270d9-0f55-44ae-8af6-a0914bcedd6c","status":"Succeeded","startTime":"2021-08-31T15:40:59.5402634Z","endTime":"2021-08-31T15:40:59.9497637Z","percentComplete":100.0,"properties":{"resourceName":"/subscriptions/00000000-0000-0000-0000-000000000000/resourceGroups/cli_netappfiles_test_backup_policy_000001/providers/Microsoft.NetApp/netAppAccounts/cli-acc-000002/backupPolicies/cli000004"}}'
    headers:
      cache-control:
      - no-cache
      content-length:
      - '612'
      content-type:
      - application/json; charset=utf-8
      date:
      - Tue, 31 Aug 2021 15:41:29 GMT
      expires:
      - '-1'
      pragma:
      - no-cache
      server:
      - Microsoft-IIS/10.0
      strict-transport-security:
      - max-age=31536000; includeSubDomains
      transfer-encoding:
      - chunked
      vary:
      - Accept-Encoding
      x-content-type-options:
      - nosniff
      x-powered-by:
      - ASP.NET
    status:
      code: 200
      message: OK
- request:
    body: null
    headers:
      Accept:
      - '*/*'
      Accept-Encoding:
      - gzip, deflate
      CommandName:
      - netappfiles account backup-policy delete
      Connection:
      - keep-alive
      Content-Length:
      - '0'
      ParameterSetName:
      - -g -a --backup-policy-name
      User-Agent:
      - AZURECLI/2.27.2 azsdk-python-mgmt-netapp/5.0.0 Python/3.8.10 (macOS-11.5.2-x86_64-i386-64bit)
    method: DELETE
    uri: https://management.azure.com/subscriptions/00000000-0000-0000-0000-000000000000/resourceGroups/cli_netappfiles_test_backup_policy_000001/providers/Microsoft.NetApp/netAppAccounts/cli-acc-000002/backupPolicies/cli000005?api-version=2021-06-01
  response:
    body:
      string: ''
    headers:
      azure-asyncoperation:
      - https://management.azure.com/subscriptions/00000000-0000-0000-0000-000000000000/providers/Microsoft.NetApp/locations/eastus2euap/operationResults/9eeb7a38-4434-40f2-9472-1a3272ae74cd?api-version=2021-06-01
      cache-control:
      - no-cache
      content-length:
      - '0'
      date:
      - Tue, 31 Aug 2021 15:41:31 GMT
      expires:
      - '-1'
      location:
      - https://management.azure.com/subscriptions/00000000-0000-0000-0000-000000000000/providers/Microsoft.NetApp/locations/eastus2euap/operationResults/9eeb7a38-4434-40f2-9472-1a3272ae74cd?api-version=2021-06-01&operationResultResponseType=Location
      pragma:
      - no-cache
      server:
      - Microsoft-IIS/10.0
      strict-transport-security:
      - max-age=31536000; includeSubDomains
      x-content-type-options:
      - nosniff
      x-ms-ratelimit-remaining-subscription-deletes:
      - '14999'
      x-powered-by:
      - ASP.NET
    status:
      code: 202
      message: Accepted
- request:
    body: null
    headers:
      Accept:
      - '*/*'
      Accept-Encoding:
      - gzip, deflate
      CommandName:
      - netappfiles account backup-policy delete
      Connection:
      - keep-alive
      ParameterSetName:
      - -g -a --backup-policy-name
      User-Agent:
      - AZURECLI/2.27.2 azsdk-python-mgmt-netapp/5.0.0 Python/3.8.10 (macOS-11.5.2-x86_64-i386-64bit)
    method: GET
    uri: https://management.azure.com/subscriptions/00000000-0000-0000-0000-000000000000/providers/Microsoft.NetApp/locations/eastus2euap/operationResults/9eeb7a38-4434-40f2-9472-1a3272ae74cd?api-version=2021-06-01
  response:
    body:
      string: '{"id":"/subscriptions/00000000-0000-0000-0000-000000000000/providers/Microsoft.NetApp/locations/eastus2euap/operationResults/9eeb7a38-4434-40f2-9472-1a3272ae74cd","name":"9eeb7a38-4434-40f2-9472-1a3272ae74cd","status":"Succeeded","startTime":"2021-08-31T15:41:31.7729513Z","endTime":"2021-08-31T15:41:34.9969823Z","percentComplete":100.0,"properties":{"resourceName":"/subscriptions/00000000-0000-0000-0000-000000000000/resourceGroups/cli_netappfiles_test_backup_policy_000001/providers/Microsoft.NetApp/netAppAccounts/cli-acc-000002/backupPolicies/cli000005"}}'
    headers:
      cache-control:
      - no-cache
      content-length:
      - '612'
      content-type:
      - application/json; charset=utf-8
      date:
      - Tue, 31 Aug 2021 15:42:01 GMT
      expires:
      - '-1'
      pragma:
      - no-cache
      server:
      - Microsoft-IIS/10.0
      strict-transport-security:
      - max-age=31536000; includeSubDomains
      transfer-encoding:
      - chunked
      vary:
      - Accept-Encoding
      x-content-type-options:
      - nosniff
      x-powered-by:
      - ASP.NET
    status:
      code: 200
      message: OK
- request:
    body: null
    headers:
      Accept:
      - application/json
      Accept-Encoding:
      - gzip, deflate
      CommandName:
      - netappfiles account backup-policy list
      Connection:
      - keep-alive
      ParameterSetName:
      - -g -a
      User-Agent:
      - AZURECLI/2.27.2 azsdk-python-mgmt-netapp/5.0.0 Python/3.8.10 (macOS-11.5.2-x86_64-i386-64bit)
    method: GET
    uri: https://management.azure.com/subscriptions/00000000-0000-0000-0000-000000000000/resourceGroups/cli_netappfiles_test_backup_policy_000001/providers/Microsoft.NetApp/netAppAccounts/cli-acc-000002/backupPolicies?api-version=2021-06-01
  response:
    body:
      string: '{"value":[]}'
    headers:
      cache-control:
      - no-cache
      content-length:
      - '12'
      content-type:
      - application/json; charset=utf-8
      date:
      - Tue, 31 Aug 2021 15:42:03 GMT
      expires:
      - '-1'
      pragma:
      - no-cache
      server:
      - Microsoft-IIS/10.0
      strict-transport-security:
      - max-age=31536000; includeSubDomains
      transfer-encoding:
      - chunked
      vary:
      - Accept-Encoding
      x-content-type-options:
      - nosniff
      x-powered-by:
      - ASP.NET
    status:
      code: 200
      message: OK
version: 1
