interactions:
- request:
    body: '{"location": "centralus", "tags": {}, "properties": {"addressSpace": {"addressPrefixes":
      ["10.0.0.0/16"]}, "dhcpOptions": {}}}'
    headers:
      Accept:
      - application/json
      Accept-Encoding:
      - gzip, deflate
      CommandName:
      - network vnet create
      Connection:
      - keep-alive
      Content-Length:
      - '126'
      Content-Type:
      - application/json
      ParameterSetName:
      - -n --resource-group -l --address-prefix
      User-Agent:
      - AZURECLI/2.17.1 azsdk-python-azure-mgmt-network/17.0.0 Python/3.7.3 (Darwin-20.1.0-x86_64-i386-64bit)
    method: PUT
    uri: https://management.azure.com/subscriptions/00000000-0000-0000-0000-000000000000/resourceGroups/cli_netappfiles_test_volume_000001/providers/Microsoft.Network/virtualNetworks/cli-vnet-000006?api-version=2020-07-01
  response:
    body:
      string: "{\r\n  \"name\": \"cli-vnet-000006\",\r\n  \"id\": \"/subscriptions/00000000-0000-0000-0000-000000000000/resourceGroups/cli_netappfiles_test_volume_000001/providers/Microsoft.Network/virtualNetworks/cli-vnet-000006\"\
        ,\r\n  \"etag\": \"W/\\\"7467e033-1771-4a49-9f92-cb82f4b2c7bf\\\"\",\r\n \
        \ \"type\": \"Microsoft.Network/virtualNetworks\",\r\n  \"location\": \"centralus\"\
        ,\r\n  \"tags\": {},\r\n  \"properties\": {\r\n    \"provisioningState\":\
        \ \"Updating\",\r\n    \"resourceGuid\": \"65369c0c-80d9-49ca-99aa-e8e94cb38bcf\"\
        ,\r\n    \"addressSpace\": {\r\n      \"addressPrefixes\": [\r\n        \"\
        10.0.0.0/16\"\r\n      ]\r\n    },\r\n    \"dhcpOptions\": {\r\n      \"dnsServers\"\
        : []\r\n    },\r\n    \"subnets\": [],\r\n    \"virtualNetworkPeerings\":\
        \ [],\r\n    \"enableDdosProtection\": false,\r\n    \"enableVmProtection\"\
        : false\r\n  }\r\n}"
    headers:
      azure-asyncnotification:
      - Enabled
      azure-asyncoperation:
      - https://management.azure.com/subscriptions/00000000-0000-0000-0000-000000000000/providers/Microsoft.Network/locations/centralus/operations/0dc774eb-14f5-4c8f-a43a-8de3ac5004e1?api-version=2020-07-01
      cache-control:
      - no-cache
      content-length:
      - '807'
      content-type:
      - application/json; charset=utf-8
      date:
      - Thu, 07 Jan 2021 10:55:42 GMT
      expires:
      - '-1'
      pragma:
      - no-cache
      server:
      - Microsoft-HTTPAPI/2.0
      - Microsoft-HTTPAPI/2.0
      strict-transport-security:
      - max-age=31536000; includeSubDomains
      x-content-type-options:
      - nosniff
      x-ms-arm-service-request-id:
      - 57323354-c7df-4470-86f7-f1ffc6e393fd
      x-ms-ratelimit-remaining-subscription-writes:
      - '1198'
    status:
      code: 201
      message: Created
- request:
    body: null
    headers:
      Accept:
      - '*/*'
      Accept-Encoding:
      - gzip, deflate
      CommandName:
      - network vnet create
      Connection:
      - keep-alive
      ParameterSetName:
      - -n --resource-group -l --address-prefix
      User-Agent:
      - AZURECLI/2.17.1 azsdk-python-azure-mgmt-network/17.0.0 Python/3.7.3 (Darwin-20.1.0-x86_64-i386-64bit)
    method: GET
    uri: https://management.azure.com/subscriptions/00000000-0000-0000-0000-000000000000/providers/Microsoft.Network/locations/centralus/operations/0dc774eb-14f5-4c8f-a43a-8de3ac5004e1?api-version=2020-07-01
  response:
    body:
      string: "{\r\n  \"status\": \"Succeeded\"\r\n}"
    headers:
      cache-control:
      - no-cache
      content-length:
      - '29'
      content-type:
      - application/json; charset=utf-8
      date:
      - Thu, 07 Jan 2021 10:55:45 GMT
      expires:
      - '-1'
      pragma:
      - no-cache
      server:
      - Microsoft-HTTPAPI/2.0
      - Microsoft-HTTPAPI/2.0
      strict-transport-security:
      - max-age=31536000; includeSubDomains
      transfer-encoding:
      - chunked
      vary:
      - Accept-Encoding
      x-content-type-options:
      - nosniff
      x-ms-arm-service-request-id:
      - 54768610-69cd-4754-bf48-07a44a9a1ee4
    status:
      code: 200
      message: OK
- request:
    body: null
    headers:
      Accept:
      - '*/*'
      Accept-Encoding:
      - gzip, deflate
      CommandName:
      - network vnet create
      Connection:
      - keep-alive
      ParameterSetName:
      - -n --resource-group -l --address-prefix
      User-Agent:
      - AZURECLI/2.17.1 azsdk-python-azure-mgmt-network/17.0.0 Python/3.7.3 (Darwin-20.1.0-x86_64-i386-64bit)
    method: GET
    uri: https://management.azure.com/subscriptions/00000000-0000-0000-0000-000000000000/resourceGroups/cli_netappfiles_test_volume_000001/providers/Microsoft.Network/virtualNetworks/cli-vnet-000006?api-version=2020-07-01
  response:
    body:
      string: "{\r\n  \"name\": \"cli-vnet-000006\",\r\n  \"id\": \"/subscriptions/00000000-0000-0000-0000-000000000000/resourceGroups/cli_netappfiles_test_volume_000001/providers/Microsoft.Network/virtualNetworks/cli-vnet-000006\"\
        ,\r\n  \"etag\": \"W/\\\"0c010ffa-f55a-4311-b535-72ea12287c3d\\\"\",\r\n \
        \ \"type\": \"Microsoft.Network/virtualNetworks\",\r\n  \"location\": \"centralus\"\
        ,\r\n  \"tags\": {},\r\n  \"properties\": {\r\n    \"provisioningState\":\
        \ \"Succeeded\",\r\n    \"resourceGuid\": \"65369c0c-80d9-49ca-99aa-e8e94cb38bcf\"\
        ,\r\n    \"addressSpace\": {\r\n      \"addressPrefixes\": [\r\n        \"\
        10.0.0.0/16\"\r\n      ]\r\n    },\r\n    \"dhcpOptions\": {\r\n      \"dnsServers\"\
        : []\r\n    },\r\n    \"subnets\": [],\r\n    \"virtualNetworkPeerings\":\
        \ [],\r\n    \"enableDdosProtection\": false,\r\n    \"enableVmProtection\"\
        : false\r\n  }\r\n}"
    headers:
      cache-control:
      - no-cache
      content-length:
      - '808'
      content-type:
      - application/json; charset=utf-8
      date:
      - Thu, 07 Jan 2021 10:55:46 GMT
      etag:
      - W/"0c010ffa-f55a-4311-b535-72ea12287c3d"
      expires:
      - '-1'
      pragma:
      - no-cache
      server:
      - Microsoft-HTTPAPI/2.0
      - Microsoft-HTTPAPI/2.0
      strict-transport-security:
      - max-age=31536000; includeSubDomains
      transfer-encoding:
      - chunked
      vary:
      - Accept-Encoding
      x-content-type-options:
      - nosniff
      x-ms-arm-service-request-id:
      - 02c6f2a8-7604-4f9d-ad69-061867fa6925
    status:
      code: 200
      message: OK
- request:
    body: null
    headers:
      Accept:
      - application/json
      Accept-Encoding:
      - gzip, deflate
      CommandName:
      - network vnet subnet create
      Connection:
      - keep-alive
      ParameterSetName:
      - -n -g --vnet-name --address-prefixes --delegations
      User-Agent:
      - AZURECLI/2.17.1 azsdk-python-azure-mgmt-network/17.0.0 Python/3.7.3 (Darwin-20.1.0-x86_64-i386-64bit)
    method: GET
    uri: https://management.azure.com/subscriptions/00000000-0000-0000-0000-000000000000/resourceGroups/cli_netappfiles_test_volume_000001/providers/Microsoft.Network/virtualNetworks/cli-vnet-000006?api-version=2020-07-01
  response:
    body:
      string: "{\r\n  \"name\": \"cli-vnet-000006\",\r\n  \"id\": \"/subscriptions/00000000-0000-0000-0000-000000000000/resourceGroups/cli_netappfiles_test_volume_000001/providers/Microsoft.Network/virtualNetworks/cli-vnet-000006\"\
        ,\r\n  \"etag\": \"W/\\\"0c010ffa-f55a-4311-b535-72ea12287c3d\\\"\",\r\n \
        \ \"type\": \"Microsoft.Network/virtualNetworks\",\r\n  \"location\": \"centralus\"\
        ,\r\n  \"tags\": {},\r\n  \"properties\": {\r\n    \"provisioningState\":\
        \ \"Succeeded\",\r\n    \"resourceGuid\": \"65369c0c-80d9-49ca-99aa-e8e94cb38bcf\"\
        ,\r\n    \"addressSpace\": {\r\n      \"addressPrefixes\": [\r\n        \"\
        10.0.0.0/16\"\r\n      ]\r\n    },\r\n    \"dhcpOptions\": {\r\n      \"dnsServers\"\
        : []\r\n    },\r\n    \"subnets\": [],\r\n    \"virtualNetworkPeerings\":\
        \ [],\r\n    \"enableDdosProtection\": false,\r\n    \"enableVmProtection\"\
        : false\r\n  }\r\n}"
    headers:
      cache-control:
      - no-cache
      content-length:
      - '808'
      content-type:
      - application/json; charset=utf-8
      date:
      - Thu, 07 Jan 2021 10:55:47 GMT
      etag:
      - W/"0c010ffa-f55a-4311-b535-72ea12287c3d"
      expires:
      - '-1'
      pragma:
      - no-cache
      server:
      - Microsoft-HTTPAPI/2.0
      - Microsoft-HTTPAPI/2.0
      strict-transport-security:
      - max-age=31536000; includeSubDomains
      transfer-encoding:
      - chunked
      vary:
      - Accept-Encoding
      x-content-type-options:
      - nosniff
      x-ms-arm-service-request-id:
      - 32c813de-43cc-4d1e-8b64-b9e0ace471ee
    status:
      code: 200
      message: OK
- request:
    body: '{"id": "/subscriptions/00000000-0000-0000-0000-000000000000/resourceGroups/cli_netappfiles_test_volume_000001/providers/Microsoft.Network/virtualNetworks/cli-vnet-000006",
      "location": "centralus", "tags": {}, "properties": {"addressSpace": {"addressPrefixes":
      ["10.0.0.0/16"]}, "dhcpOptions": {"dnsServers": []}, "subnets": [{"name": "cli-subnet-000007",
      "properties": {"addressPrefix": "10.0.0.0/24", "delegations": [{"name": "0",
      "properties": {"serviceName": "Microsoft.Netapp/volumes"}}]}}], "virtualNetworkPeerings":
      [], "enableDdosProtection": false, "enableVmProtection": false}}'
    headers:
      Accept:
      - application/json
      Accept-Encoding:
      - gzip, deflate
      CommandName:
      - network vnet subnet create
      Connection:
      - keep-alive
      Content-Length:
      - '635'
      Content-Type:
      - application/json
      ParameterSetName:
      - -n -g --vnet-name --address-prefixes --delegations
      User-Agent:
      - AZURECLI/2.17.1 azsdk-python-azure-mgmt-network/17.0.0 Python/3.7.3 (Darwin-20.1.0-x86_64-i386-64bit)
    method: PUT
    uri: https://management.azure.com/subscriptions/00000000-0000-0000-0000-000000000000/resourceGroups/cli_netappfiles_test_volume_000001/providers/Microsoft.Network/virtualNetworks/cli-vnet-000006?api-version=2020-07-01
  response:
    body:
      string: "{\r\n  \"name\": \"cli-vnet-000006\",\r\n  \"id\": \"/subscriptions/00000000-0000-0000-0000-000000000000/resourceGroups/cli_netappfiles_test_volume_000001/providers/Microsoft.Network/virtualNetworks/cli-vnet-000006\"\
        ,\r\n  \"etag\": \"W/\\\"2da1565b-e150-4065-8145-d9e260c22de3\\\"\",\r\n \
        \ \"type\": \"Microsoft.Network/virtualNetworks\",\r\n  \"location\": \"centralus\"\
        ,\r\n  \"tags\": {},\r\n  \"properties\": {\r\n    \"provisioningState\":\
        \ \"Updating\",\r\n    \"resourceGuid\": \"65369c0c-80d9-49ca-99aa-e8e94cb38bcf\"\
        ,\r\n    \"addressSpace\": {\r\n      \"addressPrefixes\": [\r\n        \"\
        10.0.0.0/16\"\r\n      ]\r\n    },\r\n    \"dhcpOptions\": {\r\n      \"dnsServers\"\
        : []\r\n    },\r\n    \"subnets\": [\r\n      {\r\n        \"name\": \"cli-subnet-000007\"\
        ,\r\n        \"id\": \"/subscriptions/00000000-0000-0000-0000-000000000000/resourceGroups/cli_netappfiles_test_volume_000001/providers/Microsoft.Network/virtualNetworks/cli-vnet-000006/subnets/cli-subnet-000007\"\
        ,\r\n        \"etag\": \"W/\\\"2da1565b-e150-4065-8145-d9e260c22de3\\\"\"\
        ,\r\n        \"properties\": {\r\n          \"provisioningState\": \"Updating\"\
        ,\r\n          \"addressPrefix\": \"10.0.0.0/24\",\r\n          \"delegations\"\
        : [\r\n            {\r\n              \"name\": \"0\",\r\n              \"\
        id\": \"/subscriptions/00000000-0000-0000-0000-000000000000/resourceGroups/cli_netappfiles_test_volume_000001/providers/Microsoft.Network/virtualNetworks/cli-vnet-000006/subnets/cli-subnet-000007/delegations/0\"\
        ,\r\n              \"etag\": \"W/\\\"2da1565b-e150-4065-8145-d9e260c22de3\\\
        \"\",\r\n              \"properties\": {\r\n                \"provisioningState\"\
        : \"Succeeded\",\r\n                \"serviceName\": \"Microsoft.Netapp/volumes\"\
        ,\r\n                \"actions\": [\r\n                  \"Microsoft.Network/networkinterfaces/*\"\
        ,\r\n                  \"Microsoft.Network/virtualNetworks/subnets/join/action\"\
        \r\n                ]\r\n              },\r\n              \"type\": \"Microsoft.Network/virtualNetworks/subnets/delegations\"\
        \r\n            }\r\n          ],\r\n          \"purpose\": \"HostedWorkloads\"\
        ,\r\n          \"privateEndpointNetworkPolicies\": \"Enabled\",\r\n      \
        \    \"privateLinkServiceNetworkPolicies\": \"Enabled\"\r\n        },\r\n\
        \        \"type\": \"Microsoft.Network/virtualNetworks/subnets\"\r\n     \
        \ }\r\n    ],\r\n    \"virtualNetworkPeerings\": [],\r\n    \"enableDdosProtection\"\
        : false,\r\n    \"enableVmProtection\": false\r\n  }\r\n}"
    headers:
      azure-asyncoperation:
      - https://management.azure.com/subscriptions/00000000-0000-0000-0000-000000000000/providers/Microsoft.Network/locations/centralus/operations/db425d5a-0335-4820-9e81-675032e1b656?api-version=2020-07-01
      cache-control:
      - no-cache
      content-length:
      - '2393'
      content-type:
      - application/json; charset=utf-8
      date:
      - Thu, 07 Jan 2021 10:55:49 GMT
      expires:
      - '-1'
      pragma:
      - no-cache
      server:
      - Microsoft-HTTPAPI/2.0
      - Microsoft-HTTPAPI/2.0
      strict-transport-security:
      - max-age=31536000; includeSubDomains
      transfer-encoding:
      - chunked
      vary:
      - Accept-Encoding
      x-content-type-options:
      - nosniff
      x-ms-arm-service-request-id:
      - 5053400b-0d29-4253-befb-7eec03994d4c
      x-ms-ratelimit-remaining-subscription-writes:
      - '1198'
    status:
      code: 200
      message: OK
- request:
    body: null
    headers:
      Accept:
      - '*/*'
      Accept-Encoding:
      - gzip, deflate
      CommandName:
      - network vnet subnet create
      Connection:
      - keep-alive
      ParameterSetName:
      - -n -g --vnet-name --address-prefixes --delegations
      User-Agent:
      - AZURECLI/2.17.1 azsdk-python-azure-mgmt-network/17.0.0 Python/3.7.3 (Darwin-20.1.0-x86_64-i386-64bit)
    method: GET
    uri: https://management.azure.com/subscriptions/00000000-0000-0000-0000-000000000000/providers/Microsoft.Network/locations/centralus/operations/db425d5a-0335-4820-9e81-675032e1b656?api-version=2020-07-01
  response:
    body:
      string: "{\r\n  \"status\": \"Succeeded\"\r\n}"
    headers:
      cache-control:
      - no-cache
      content-length:
      - '29'
      content-type:
      - application/json; charset=utf-8
      date:
      - Thu, 07 Jan 2021 10:55:52 GMT
      expires:
      - '-1'
      pragma:
      - no-cache
      server:
      - Microsoft-HTTPAPI/2.0
      - Microsoft-HTTPAPI/2.0
      strict-transport-security:
      - max-age=31536000; includeSubDomains
      transfer-encoding:
      - chunked
      vary:
      - Accept-Encoding
      x-content-type-options:
      - nosniff
      x-ms-arm-service-request-id:
      - 723184f6-f1c3-4a4b-b5f6-6c30ecb7dc5e
    status:
      code: 200
      message: OK
- request:
    body: null
    headers:
      Accept:
      - '*/*'
      Accept-Encoding:
      - gzip, deflate
      CommandName:
      - network vnet subnet create
      Connection:
      - keep-alive
      ParameterSetName:
      - -n -g --vnet-name --address-prefixes --delegations
      User-Agent:
      - AZURECLI/2.17.1 azsdk-python-azure-mgmt-network/17.0.0 Python/3.7.3 (Darwin-20.1.0-x86_64-i386-64bit)
    method: GET
    uri: https://management.azure.com/subscriptions/00000000-0000-0000-0000-000000000000/resourceGroups/cli_netappfiles_test_volume_000001/providers/Microsoft.Network/virtualNetworks/cli-vnet-000006?api-version=2020-07-01
  response:
    body:
      string: "{\r\n  \"name\": \"cli-vnet-000006\",\r\n  \"id\": \"/subscriptions/00000000-0000-0000-0000-000000000000/resourceGroups/cli_netappfiles_test_volume_000001/providers/Microsoft.Network/virtualNetworks/cli-vnet-000006\"\
        ,\r\n  \"etag\": \"W/\\\"f048db65-d237-4800-90ad-6f867c593306\\\"\",\r\n \
        \ \"type\": \"Microsoft.Network/virtualNetworks\",\r\n  \"location\": \"centralus\"\
        ,\r\n  \"tags\": {},\r\n  \"properties\": {\r\n    \"provisioningState\":\
        \ \"Succeeded\",\r\n    \"resourceGuid\": \"65369c0c-80d9-49ca-99aa-e8e94cb38bcf\"\
        ,\r\n    \"addressSpace\": {\r\n      \"addressPrefixes\": [\r\n        \"\
        10.0.0.0/16\"\r\n      ]\r\n    },\r\n    \"dhcpOptions\": {\r\n      \"dnsServers\"\
        : []\r\n    },\r\n    \"subnets\": [\r\n      {\r\n        \"name\": \"cli-subnet-000007\"\
        ,\r\n        \"id\": \"/subscriptions/00000000-0000-0000-0000-000000000000/resourceGroups/cli_netappfiles_test_volume_000001/providers/Microsoft.Network/virtualNetworks/cli-vnet-000006/subnets/cli-subnet-000007\"\
        ,\r\n        \"etag\": \"W/\\\"f048db65-d237-4800-90ad-6f867c593306\\\"\"\
        ,\r\n        \"properties\": {\r\n          \"provisioningState\": \"Succeeded\"\
        ,\r\n          \"addressPrefix\": \"10.0.0.0/24\",\r\n          \"delegations\"\
        : [\r\n            {\r\n              \"name\": \"0\",\r\n              \"\
        id\": \"/subscriptions/00000000-0000-0000-0000-000000000000/resourceGroups/cli_netappfiles_test_volume_000001/providers/Microsoft.Network/virtualNetworks/cli-vnet-000006/subnets/cli-subnet-000007/delegations/0\"\
        ,\r\n              \"etag\": \"W/\\\"f048db65-d237-4800-90ad-6f867c593306\\\
        \"\",\r\n              \"properties\": {\r\n                \"provisioningState\"\
        : \"Succeeded\",\r\n                \"serviceName\": \"Microsoft.Netapp/volumes\"\
        ,\r\n                \"actions\": [\r\n                  \"Microsoft.Network/networkinterfaces/*\"\
        ,\r\n                  \"Microsoft.Network/virtualNetworks/subnets/join/action\"\
        \r\n                ]\r\n              },\r\n              \"type\": \"Microsoft.Network/virtualNetworks/subnets/delegations\"\
        \r\n            }\r\n          ],\r\n          \"purpose\": \"HostedWorkloads\"\
        ,\r\n          \"privateEndpointNetworkPolicies\": \"Enabled\",\r\n      \
        \    \"privateLinkServiceNetworkPolicies\": \"Enabled\"\r\n        },\r\n\
        \        \"type\": \"Microsoft.Network/virtualNetworks/subnets\"\r\n     \
        \ }\r\n    ],\r\n    \"virtualNetworkPeerings\": [],\r\n    \"enableDdosProtection\"\
        : false,\r\n    \"enableVmProtection\": false\r\n  }\r\n}"
    headers:
      cache-control:
      - no-cache
      content-length:
      - '2395'
      content-type:
      - application/json; charset=utf-8
      date:
      - Thu, 07 Jan 2021 10:55:53 GMT
      etag:
      - W/"f048db65-d237-4800-90ad-6f867c593306"
      expires:
      - '-1'
      pragma:
      - no-cache
      server:
      - Microsoft-HTTPAPI/2.0
      - Microsoft-HTTPAPI/2.0
      strict-transport-security:
      - max-age=31536000; includeSubDomains
      transfer-encoding:
      - chunked
      vary:
      - Accept-Encoding
      x-content-type-options:
      - nosniff
      x-ms-arm-service-request-id:
      - 693fdfe2-c4dc-48bd-92a2-135160752509
    status:
      code: 200
      message: OK
- request:
    body: '{"location": "centralus"}'
    headers:
      Accept:
      - application/json
      Accept-Encoding:
      - gzip, deflate
      CommandName:
      - netappfiles account create
      Connection:
      - keep-alive
      Content-Length:
      - '25'
      Content-Type:
      - application/json; charset=utf-8
      ParameterSetName:
      - -g -a -l
      User-Agent:
      - python/3.7.3 (Darwin-20.1.0-x86_64-i386-64bit) msrest/0.6.18 msrest_azure/0.6.3
        azure-mgmt-netapp/0.15.0 Azure-SDK-For-Python AZURECLI/2.17.1
      accept-language:
      - en-US
    method: PUT
    uri: https://management.azure.com/subscriptions/00000000-0000-0000-0000-000000000000/resourceGroups/cli_netappfiles_test_volume_000001/providers/Microsoft.NetApp/netAppAccounts/cli-acc-000002?api-version=2020-09-01
  response:
    body:
      string: '{"id":"/subscriptions/00000000-0000-0000-0000-000000000000/resourceGroups/cli_netappfiles_test_volume_000001/providers/Microsoft.NetApp/netAppAccounts/cli-acc-000002","name":"cli-acc-000002","type":"Microsoft.NetApp/netAppAccounts","etag":"W/\"datetime''2021-01-07T10%3A55%3A59.938293Z''\"","location":"centralus","properties":{"provisioningState":"Creating"}}'
    headers:
      access-control-expose-headers:
      - Request-Context
      azure-asyncoperation:
      - https://management.azure.com/subscriptions/00000000-0000-0000-0000-000000000000/providers/Microsoft.NetApp/locations/centralus/operationResults/c6cd4a57-9a56-4c2b-bf94-4a5e12c55d23?api-version=2020-09-01
      cache-control:
      - no-cache
      content-length:
      - '419'
      content-type:
      - application/json; charset=utf-8
      date:
      - Thu, 07 Jan 2021 10:56:00 GMT
      etag:
      - W/"datetime'2021-01-07T10%3A55%3A59.938293Z'"
      expires:
      - '-1'
      pragma:
      - no-cache
      request-context:
      - appId=cid-v1:2c4cb680-0a1f-424d-bb8d-8e650ba68d53
      server:
      - Microsoft-IIS/10.0
      strict-transport-security:
      - max-age=31536000; includeSubDomains
      x-content-type-options:
      - nosniff
      x-ms-ratelimit-remaining-subscription-writes:
      - '1199'
      x-powered-by:
      - ASP.NET
    status:
      code: 201
      message: Created
- request:
    body: null
    headers:
      Accept:
      - application/json
      Accept-Encoding:
      - gzip, deflate
      CommandName:
      - netappfiles account create
      Connection:
      - keep-alive
      ParameterSetName:
      - -g -a -l
      User-Agent:
      - python/3.7.3 (Darwin-20.1.0-x86_64-i386-64bit) msrest/0.6.18 msrest_azure/0.6.3
        azure-mgmt-netapp/0.15.0 Azure-SDK-For-Python AZURECLI/2.17.1
    method: GET
    uri: https://management.azure.com/subscriptions/00000000-0000-0000-0000-000000000000/providers/Microsoft.NetApp/locations/centralus/operationResults/c6cd4a57-9a56-4c2b-bf94-4a5e12c55d23?api-version=2020-09-01
  response:
    body:
      string: '{"id":"/subscriptions/00000000-0000-0000-0000-000000000000/providers/Microsoft.NetApp/locations/centralus/operationResults/c6cd4a57-9a56-4c2b-bf94-4a5e12c55d23","name":"c6cd4a57-9a56-4c2b-bf94-4a5e12c55d23","status":"Succeeded","startTime":"2021-01-07T10:55:59.8582567Z","endTime":"2021-01-07T10:56:00.0458616Z","percentComplete":100.0,"properties":{"resourceName":"/subscriptions/00000000-0000-0000-0000-000000000000/resourceGroups/cli_netappfiles_test_volume_000001/providers/Microsoft.NetApp/netAppAccounts/cli-acc-000002"}}'
    headers:
      access-control-expose-headers:
      - Request-Context
      cache-control:
      - no-cache
      content-length:
      - '578'
      content-type:
      - application/json; charset=utf-8
      date:
      - Thu, 07 Jan 2021 10:56:32 GMT
      expires:
      - '-1'
      pragma:
      - no-cache
      request-context:
      - appId=cid-v1:2c4cb680-0a1f-424d-bb8d-8e650ba68d53
      server:
      - Microsoft-IIS/10.0
      strict-transport-security:
      - max-age=31536000; includeSubDomains
      transfer-encoding:
      - chunked
      vary:
      - Accept-Encoding
      x-content-type-options:
      - nosniff
      x-powered-by:
      - ASP.NET
    status:
      code: 200
      message: OK
- request:
    body: null
    headers:
      Accept:
      - application/json
      Accept-Encoding:
      - gzip, deflate
      CommandName:
      - netappfiles account create
      Connection:
      - keep-alive
      ParameterSetName:
      - -g -a -l
      User-Agent:
      - python/3.7.3 (Darwin-20.1.0-x86_64-i386-64bit) msrest/0.6.18 msrest_azure/0.6.3
        azure-mgmt-netapp/0.15.0 Azure-SDK-For-Python AZURECLI/2.17.1
    method: GET
    uri: https://management.azure.com/subscriptions/00000000-0000-0000-0000-000000000000/resourceGroups/cli_netappfiles_test_volume_000001/providers/Microsoft.NetApp/netAppAccounts/cli-acc-000002?api-version=2020-09-01
  response:
    body:
      string: '{"id":"/subscriptions/00000000-0000-0000-0000-000000000000/resourceGroups/cli_netappfiles_test_volume_000001/providers/Microsoft.NetApp/netAppAccounts/cli-acc-000002","name":"cli-acc-000002","type":"Microsoft.NetApp/netAppAccounts","etag":"W/\"datetime''2021-01-07T10%3A56%3A00.0493715Z''\"","location":"centralus","properties":{"provisioningState":"Succeeded"}}'
    headers:
      access-control-expose-headers:
      - Request-Context
      cache-control:
      - no-cache
      content-length:
      - '421'
      content-type:
      - application/json; charset=utf-8
      date:
      - Thu, 07 Jan 2021 10:56:32 GMT
      etag:
      - W/"datetime'2021-01-07T10%3A56%3A00.0493715Z'"
      expires:
      - '-1'
      pragma:
      - no-cache
      request-context:
      - appId=cid-v1:2c4cb680-0a1f-424d-bb8d-8e650ba68d53
      server:
      - Microsoft-IIS/10.0
      strict-transport-security:
      - max-age=31536000; includeSubDomains
      transfer-encoding:
      - chunked
      vary:
      - Accept-Encoding
      x-content-type-options:
      - nosniff
      x-powered-by:
      - ASP.NET
    status:
      code: 200
      message: OK
- request:
    body: '{"location": "centralus", "properties": {"size": 4398046511104, "serviceLevel":
      "Premium"}}'
    headers:
      Accept:
      - application/json
      Accept-Encoding:
      - gzip, deflate
      CommandName:
      - netappfiles pool create
      Connection:
      - keep-alive
      Content-Length:
      - '91'
      Content-Type:
      - application/json; charset=utf-8
      ParameterSetName:
      - -g -a -p -l --service-level --size
      User-Agent:
      - python/3.7.3 (Darwin-20.1.0-x86_64-i386-64bit) msrest/0.6.18 msrest_azure/0.6.3
        azure-mgmt-netapp/0.15.0 Azure-SDK-For-Python AZURECLI/2.17.1
      accept-language:
      - en-US
    method: PUT
    uri: https://management.azure.com/subscriptions/00000000-0000-0000-0000-000000000000/resourceGroups/cli_netappfiles_test_volume_000001/providers/Microsoft.NetApp/netAppAccounts/cli-acc-000002/capacityPools/cli-pool-000003?api-version=2020-09-01
  response:
    body:
      string: '{"id":"/subscriptions/00000000-0000-0000-0000-000000000000/resourceGroups/cli_netappfiles_test_volume_000001/providers/Microsoft.NetApp/netAppAccounts/cli-acc-000002/capacityPools/cli-pool-000003","name":"cli-acc-000002/cli-pool-000003","type":"Microsoft.NetApp/netAppAccounts/capacityPools","etag":"W/\"datetime''2021-01-07T10%3A56%3A39.3322469Z''\"","location":"centralus","properties":{"serviceLevel":"Premium","size":4398046511104,"totalThroughputMibps":0.0,"utilizedThroughputMibps":0.0,"provisioningState":"Creating"}}'
    headers:
      access-control-expose-headers:
      - Request-Context
      azure-asyncoperation:
      - https://management.azure.com/subscriptions/00000000-0000-0000-0000-000000000000/providers/Microsoft.NetApp/locations/centralus/operationResults/59210a63-8aff-4440-9718-7d0fb1020061?api-version=2020-09-01
      cache-control:
      - no-cache
      content-length:
      - '601'
      content-type:
      - application/json; charset=utf-8
      date:
      - Thu, 07 Jan 2021 10:56:40 GMT
      etag:
      - W/"datetime'2021-01-07T10%3A56%3A39.3322469Z'"
      expires:
      - '-1'
      pragma:
      - no-cache
      request-context:
      - appId=cid-v1:2c4cb680-0a1f-424d-bb8d-8e650ba68d53
      server:
      - Microsoft-IIS/10.0
      strict-transport-security:
      - max-age=31536000; includeSubDomains
      x-content-type-options:
      - nosniff
      x-ms-ratelimit-remaining-subscription-writes:
      - '1199'
      x-powered-by:
      - ASP.NET
    status:
      code: 201
      message: Created
- request:
    body: null
    headers:
      Accept:
      - application/json
      Accept-Encoding:
      - gzip, deflate
      CommandName:
      - netappfiles pool create
      Connection:
      - keep-alive
      ParameterSetName:
      - -g -a -p -l --service-level --size
      User-Agent:
      - python/3.7.3 (Darwin-20.1.0-x86_64-i386-64bit) msrest/0.6.18 msrest_azure/0.6.3
        azure-mgmt-netapp/0.15.0 Azure-SDK-For-Python AZURECLI/2.17.1
    method: GET
    uri: https://management.azure.com/subscriptions/00000000-0000-0000-0000-000000000000/providers/Microsoft.NetApp/locations/centralus/operationResults/59210a63-8aff-4440-9718-7d0fb1020061?api-version=2020-09-01
  response:
    body:
      string: '{"id":"/subscriptions/00000000-0000-0000-0000-000000000000/providers/Microsoft.NetApp/locations/centralus/operationResults/59210a63-8aff-4440-9718-7d0fb1020061","name":"59210a63-8aff-4440-9718-7d0fb1020061","status":"Succeeded","startTime":"2021-01-07T10:56:39.2205718Z","endTime":"2021-01-07T10:56:39.4862009Z","percentComplete":100.0,"properties":{"resourceName":"/subscriptions/00000000-0000-0000-0000-000000000000/resourceGroups/cli_netappfiles_test_volume_000001/providers/Microsoft.NetApp/netAppAccounts/cli-acc-000002/capacityPools/cli-pool-000003"}}'
    headers:
      access-control-expose-headers:
      - Request-Context
      cache-control:
      - no-cache
      content-length:
      - '617'
      content-type:
      - application/json; charset=utf-8
      date:
      - Thu, 07 Jan 2021 10:57:12 GMT
      expires:
      - '-1'
      pragma:
      - no-cache
      request-context:
      - appId=cid-v1:2c4cb680-0a1f-424d-bb8d-8e650ba68d53
      server:
      - Microsoft-IIS/10.0
      strict-transport-security:
      - max-age=31536000; includeSubDomains
      transfer-encoding:
      - chunked
      vary:
      - Accept-Encoding
      x-content-type-options:
      - nosniff
      x-powered-by:
      - ASP.NET
    status:
      code: 200
      message: OK
- request:
    body: null
    headers:
      Accept:
      - application/json
      Accept-Encoding:
      - gzip, deflate
      CommandName:
      - netappfiles pool create
      Connection:
      - keep-alive
      ParameterSetName:
      - -g -a -p -l --service-level --size
      User-Agent:
      - python/3.7.3 (Darwin-20.1.0-x86_64-i386-64bit) msrest/0.6.18 msrest_azure/0.6.3
        azure-mgmt-netapp/0.15.0 Azure-SDK-For-Python AZURECLI/2.17.1
    method: GET
    uri: https://management.azure.com/subscriptions/00000000-0000-0000-0000-000000000000/resourceGroups/cli_netappfiles_test_volume_000001/providers/Microsoft.NetApp/netAppAccounts/cli-acc-000002/capacityPools/cli-pool-000003?api-version=2020-09-01
  response:
    body:
      string: '{"id":"/subscriptions/00000000-0000-0000-0000-000000000000/resourceGroups/cli_netappfiles_test_volume_000001/providers/Microsoft.NetApp/netAppAccounts/cli-acc-000002/capacityPools/cli-pool-000003","name":"cli-acc-000002/cli-pool-000003","type":"Microsoft.NetApp/netAppAccounts/capacityPools","etag":"W/\"datetime''2021-01-07T10%3A56%3A39.4873575Z''\"","location":"centralus","properties":{"poolId":"ba0c2fe7-872b-4f3c-bf33-259aa4985c20","serviceLevel":"Premium","size":4398046511104,"qosType":"Auto","totalThroughputMibps":262.144,"utilizedThroughputMibps":0.0,"encryptionType":"Single","provisioningState":"Succeeded"}}'
    headers:
      access-control-expose-headers:
      - Request-Context
      cache-control:
      - no-cache
      content-length:
      - '697'
      content-type:
      - application/json; charset=utf-8
      date:
      - Thu, 07 Jan 2021 10:57:12 GMT
      etag:
      - W/"datetime'2021-01-07T10%3A56%3A39.4873575Z'"
      expires:
      - '-1'
      pragma:
      - no-cache
      request-context:
      - appId=cid-v1:2c4cb680-0a1f-424d-bb8d-8e650ba68d53
      server:
      - Microsoft-IIS/10.0
      strict-transport-security:
      - max-age=31536000; includeSubDomains
      transfer-encoding:
      - chunked
      vary:
      - Accept-Encoding
      x-content-type-options:
      - nosniff
      x-powered-by:
      - ASP.NET
    status:
      code: 200
      message: OK
- request:
    body: '{"location": "centralus", "properties": {"creationToken": "cli-vol-000004",
      "serviceLevel": "Premium", "usageThreshold": 107374182400, "subnetId": "/subscriptions/00000000-0000-0000-0000-000000000000/resourceGroups/cli_netappfiles_test_volume_000001/providers/Microsoft.Network/virtualNetworks/cli-vnet-000006/subnets/cli-subnet-000007"}}'
    headers:
      Accept:
      - application/json
      Accept-Encoding:
      - gzip, deflate
      CommandName:
      - netappfiles volume create
      Connection:
      - keep-alive
      Content-Length:
      - '397'
      Content-Type:
      - application/json; charset=utf-8
      ParameterSetName:
      - --resource-group --account-name --pool-name --volume-name -l --service-level
        --usage-threshold --file-path --vnet --subnet
      User-Agent:
      - python/3.7.3 (Darwin-20.1.0-x86_64-i386-64bit) msrest/0.6.18 msrest_azure/0.6.3
        azure-mgmt-netapp/0.15.0 Azure-SDK-For-Python AZURECLI/2.17.1
      accept-language:
      - en-US
    method: PUT
    uri: https://management.azure.com/subscriptions/00000000-0000-0000-0000-000000000000/resourceGroups/cli_netappfiles_test_volume_000001/providers/Microsoft.NetApp/netAppAccounts/cli-acc-000002/capacityPools/cli-pool-000003/volumes/cli-vol-000004?api-version=2020-09-01
  response:
    body:
      string: '{"id":"/subscriptions/00000000-0000-0000-0000-000000000000/resourceGroups/cli_netappfiles_test_volume_000001/providers/Microsoft.NetApp/netAppAccounts/cli-acc-000002/capacityPools/cli-pool-000003/volumes/cli-vol-000004","name":"cli-acc-000002/cli-pool-000003/cli-vol-000004","type":"Microsoft.NetApp/netAppAccounts/capacityPools/volumes","etag":"W/\"datetime''2021-01-07T10%3A57%3A19.4477152Z''\"","location":"centralus","properties":{"serviceLevel":"Premium","creationToken":"cli-vol-000004","usageThreshold":107374182400,"subnetId":"/subscriptions/00000000-0000-0000-0000-000000000000/resourceGroups/cli_netappfiles_test_volume_000001/providers/Microsoft.Network/virtualNetworks/cli-vnet-000006/subnets/cli-subnet-000007","provisioningState":"Creating"}}'
    headers:
      access-control-expose-headers:
      - Request-Context
      azure-asyncoperation:
      - https://management.azure.com/subscriptions/00000000-0000-0000-0000-000000000000/providers/Microsoft.NetApp/locations/centralus/operationResults/94a44a5a-a111-4fd6-b2c6-5e9a9727d2f1?api-version=2020-09-01
      cache-control:
      - no-cache
      content-length:
      - '912'
      content-type:
      - application/json; charset=utf-8
      date:
      - Thu, 07 Jan 2021 10:57:19 GMT
      etag:
      - W/"datetime'2021-01-07T10%3A57%3A19.4477152Z'"
      expires:
      - '-1'
      pragma:
      - no-cache
      request-context:
      - appId=cid-v1:2c4cb680-0a1f-424d-bb8d-8e650ba68d53
      server:
      - Microsoft-IIS/10.0
      strict-transport-security:
      - max-age=31536000; includeSubDomains
      x-content-type-options:
      - nosniff
      x-ms-ratelimit-remaining-subscription-writes:
      - '1199'
      x-powered-by:
      - ASP.NET
    status:
      code: 201
      message: Created
- request:
    body: null
    headers:
      Accept:
      - application/json
      Accept-Encoding:
      - gzip, deflate
      CommandName:
      - netappfiles volume create
      Connection:
      - keep-alive
      ParameterSetName:
      - --resource-group --account-name --pool-name --volume-name -l --service-level
        --usage-threshold --file-path --vnet --subnet
      User-Agent:
      - python/3.7.3 (Darwin-20.1.0-x86_64-i386-64bit) msrest/0.6.18 msrest_azure/0.6.3
        azure-mgmt-netapp/0.15.0 Azure-SDK-For-Python AZURECLI/2.17.1
    method: GET
    uri: https://management.azure.com/subscriptions/00000000-0000-0000-0000-000000000000/providers/Microsoft.NetApp/locations/centralus/operationResults/94a44a5a-a111-4fd6-b2c6-5e9a9727d2f1?api-version=2020-09-01
  response:
    body:
      string: '{"id":"/subscriptions/00000000-0000-0000-0000-000000000000/providers/Microsoft.NetApp/locations/centralus/operationResults/94a44a5a-a111-4fd6-b2c6-5e9a9727d2f1","name":"94a44a5a-a111-4fd6-b2c6-5e9a9727d2f1","status":"Creating","startTime":"2021-01-07T10:57:19.3607736Z","endTime":"0001-01-01T00:00:00Z","percentComplete":0.0,"properties":{"resourceName":"/subscriptions/00000000-0000-0000-0000-000000000000/resourceGroups/cli_netappfiles_test_volume_000001/providers/Microsoft.NetApp/netAppAccounts/cli-acc-000002/capacityPools/cli-pool-000003/volumes/cli-vol-000004"}}'
    headers:
      access-control-expose-headers:
      - Request-Context
      cache-control:
      - no-cache
      content-length:
      - '639'
      content-type:
      - application/json; charset=utf-8
      date:
      - Thu, 07 Jan 2021 10:57:51 GMT
      expires:
      - '-1'
      pragma:
      - no-cache
      request-context:
      - appId=cid-v1:2c4cb680-0a1f-424d-bb8d-8e650ba68d53
      server:
      - Microsoft-IIS/10.0
      strict-transport-security:
      - max-age=31536000; includeSubDomains
      transfer-encoding:
      - chunked
      vary:
      - Accept-Encoding
      x-content-type-options:
      - nosniff
      x-powered-by:
      - ASP.NET
    status:
      code: 200
      message: OK
- request:
    body: null
    headers:
      Accept:
      - application/json
      Accept-Encoding:
      - gzip, deflate
      CommandName:
      - netappfiles volume create
      Connection:
      - keep-alive
      ParameterSetName:
      - --resource-group --account-name --pool-name --volume-name -l --service-level
        --usage-threshold --file-path --vnet --subnet
      User-Agent:
      - python/3.7.3 (Darwin-20.1.0-x86_64-i386-64bit) msrest/0.6.18 msrest_azure/0.6.3
        azure-mgmt-netapp/0.15.0 Azure-SDK-For-Python AZURECLI/2.17.1
    method: GET
    uri: https://management.azure.com/subscriptions/00000000-0000-0000-0000-000000000000/providers/Microsoft.NetApp/locations/centralus/operationResults/94a44a5a-a111-4fd6-b2c6-5e9a9727d2f1?api-version=2020-09-01
  response:
    body:
      string: '{"id":"/subscriptions/00000000-0000-0000-0000-000000000000/providers/Microsoft.NetApp/locations/centralus/operationResults/94a44a5a-a111-4fd6-b2c6-5e9a9727d2f1","name":"94a44a5a-a111-4fd6-b2c6-5e9a9727d2f1","status":"Creating","startTime":"2021-01-07T10:57:19.3607736Z","endTime":"0001-01-01T00:00:00Z","percentComplete":0.0,"properties":{"resourceName":"/subscriptions/00000000-0000-0000-0000-000000000000/resourceGroups/cli_netappfiles_test_volume_000001/providers/Microsoft.NetApp/netAppAccounts/cli-acc-000002/capacityPools/cli-pool-000003/volumes/cli-vol-000004"}}'
    headers:
      access-control-expose-headers:
      - Request-Context
      cache-control:
      - no-cache
      content-length:
      - '639'
      content-type:
      - application/json; charset=utf-8
      date:
      - Thu, 07 Jan 2021 10:58:22 GMT
      expires:
      - '-1'
      pragma:
      - no-cache
      request-context:
      - appId=cid-v1:2c4cb680-0a1f-424d-bb8d-8e650ba68d53
      server:
      - Microsoft-IIS/10.0
      strict-transport-security:
      - max-age=31536000; includeSubDomains
      transfer-encoding:
      - chunked
      vary:
      - Accept-Encoding
      x-content-type-options:
      - nosniff
      x-powered-by:
      - ASP.NET
    status:
      code: 200
      message: OK
- request:
    body: null
    headers:
      Accept:
      - application/json
      Accept-Encoding:
      - gzip, deflate
      CommandName:
      - netappfiles volume create
      Connection:
      - keep-alive
      ParameterSetName:
      - --resource-group --account-name --pool-name --volume-name -l --service-level
        --usage-threshold --file-path --vnet --subnet
      User-Agent:
      - python/3.7.3 (Darwin-20.1.0-x86_64-i386-64bit) msrest/0.6.18 msrest_azure/0.6.3
        azure-mgmt-netapp/0.15.0 Azure-SDK-For-Python AZURECLI/2.17.1
    method: GET
    uri: https://management.azure.com/subscriptions/00000000-0000-0000-0000-000000000000/providers/Microsoft.NetApp/locations/centralus/operationResults/94a44a5a-a111-4fd6-b2c6-5e9a9727d2f1?api-version=2020-09-01
  response:
    body:
      string: '{"id":"/subscriptions/00000000-0000-0000-0000-000000000000/providers/Microsoft.NetApp/locations/centralus/operationResults/94a44a5a-a111-4fd6-b2c6-5e9a9727d2f1","name":"94a44a5a-a111-4fd6-b2c6-5e9a9727d2f1","status":"Creating","startTime":"2021-01-07T10:57:19.3607736Z","endTime":"0001-01-01T00:00:00Z","percentComplete":0.0,"properties":{"resourceName":"/subscriptions/00000000-0000-0000-0000-000000000000/resourceGroups/cli_netappfiles_test_volume_000001/providers/Microsoft.NetApp/netAppAccounts/cli-acc-000002/capacityPools/cli-pool-000003/volumes/cli-vol-000004"}}'
    headers:
      access-control-expose-headers:
      - Request-Context
      cache-control:
      - no-cache
      content-length:
      - '639'
      content-type:
      - application/json; charset=utf-8
      date:
      - Thu, 07 Jan 2021 10:58:53 GMT
      expires:
      - '-1'
      pragma:
      - no-cache
      request-context:
      - appId=cid-v1:2c4cb680-0a1f-424d-bb8d-8e650ba68d53
      server:
      - Microsoft-IIS/10.0
      strict-transport-security:
      - max-age=31536000; includeSubDomains
      transfer-encoding:
      - chunked
      vary:
      - Accept-Encoding
      x-content-type-options:
      - nosniff
      x-powered-by:
      - ASP.NET
    status:
      code: 200
      message: OK
- request:
    body: null
    headers:
      Accept:
      - application/json
      Accept-Encoding:
      - gzip, deflate
      CommandName:
      - netappfiles volume create
      Connection:
      - keep-alive
      ParameterSetName:
      - --resource-group --account-name --pool-name --volume-name -l --service-level
        --usage-threshold --file-path --vnet --subnet
      User-Agent:
      - python/3.7.3 (Darwin-20.1.0-x86_64-i386-64bit) msrest/0.6.18 msrest_azure/0.6.3
        azure-mgmt-netapp/0.15.0 Azure-SDK-For-Python AZURECLI/2.17.1
    method: GET
    uri: https://management.azure.com/subscriptions/00000000-0000-0000-0000-000000000000/providers/Microsoft.NetApp/locations/centralus/operationResults/94a44a5a-a111-4fd6-b2c6-5e9a9727d2f1?api-version=2020-09-01
  response:
    body:
      string: '{"id":"/subscriptions/00000000-0000-0000-0000-000000000000/providers/Microsoft.NetApp/locations/centralus/operationResults/94a44a5a-a111-4fd6-b2c6-5e9a9727d2f1","name":"94a44a5a-a111-4fd6-b2c6-5e9a9727d2f1","status":"Creating","startTime":"2021-01-07T10:57:19.3607736Z","endTime":"0001-01-01T00:00:00Z","percentComplete":0.0,"properties":{"resourceName":"/subscriptions/00000000-0000-0000-0000-000000000000/resourceGroups/cli_netappfiles_test_volume_000001/providers/Microsoft.NetApp/netAppAccounts/cli-acc-000002/capacityPools/cli-pool-000003/volumes/cli-vol-000004"}}'
    headers:
      access-control-expose-headers:
      - Request-Context
      cache-control:
      - no-cache
      content-length:
      - '639'
      content-type:
      - application/json; charset=utf-8
      date:
      - Thu, 07 Jan 2021 10:59:23 GMT
      expires:
      - '-1'
      pragma:
      - no-cache
      request-context:
      - appId=cid-v1:2c4cb680-0a1f-424d-bb8d-8e650ba68d53
      server:
      - Microsoft-IIS/10.0
      strict-transport-security:
      - max-age=31536000; includeSubDomains
      transfer-encoding:
      - chunked
      vary:
      - Accept-Encoding
      x-content-type-options:
      - nosniff
      x-powered-by:
      - ASP.NET
    status:
      code: 200
      message: OK
- request:
    body: null
    headers:
      Accept:
      - application/json
      Accept-Encoding:
      - gzip, deflate
      CommandName:
      - netappfiles volume create
      Connection:
      - keep-alive
      ParameterSetName:
      - --resource-group --account-name --pool-name --volume-name -l --service-level
        --usage-threshold --file-path --vnet --subnet
      User-Agent:
      - python/3.7.3 (Darwin-20.1.0-x86_64-i386-64bit) msrest/0.6.18 msrest_azure/0.6.3
        azure-mgmt-netapp/0.15.0 Azure-SDK-For-Python AZURECLI/2.17.1
    method: GET
    uri: https://management.azure.com/subscriptions/00000000-0000-0000-0000-000000000000/providers/Microsoft.NetApp/locations/centralus/operationResults/94a44a5a-a111-4fd6-b2c6-5e9a9727d2f1?api-version=2020-09-01
  response:
    body:
      string: '{"id":"/subscriptions/00000000-0000-0000-0000-000000000000/providers/Microsoft.NetApp/locations/centralus/operationResults/94a44a5a-a111-4fd6-b2c6-5e9a9727d2f1","name":"94a44a5a-a111-4fd6-b2c6-5e9a9727d2f1","status":"Creating","startTime":"2021-01-07T10:57:19.3607736Z","endTime":"0001-01-01T00:00:00Z","percentComplete":0.0,"properties":{"resourceName":"/subscriptions/00000000-0000-0000-0000-000000000000/resourceGroups/cli_netappfiles_test_volume_000001/providers/Microsoft.NetApp/netAppAccounts/cli-acc-000002/capacityPools/cli-pool-000003/volumes/cli-vol-000004"}}'
    headers:
      access-control-expose-headers:
      - Request-Context
      cache-control:
      - no-cache
      content-length:
      - '639'
      content-type:
      - application/json; charset=utf-8
      date:
      - Thu, 07 Jan 2021 10:59:54 GMT
      expires:
      - '-1'
      pragma:
      - no-cache
      request-context:
      - appId=cid-v1:2c4cb680-0a1f-424d-bb8d-8e650ba68d53
      server:
      - Microsoft-IIS/10.0
      strict-transport-security:
      - max-age=31536000; includeSubDomains
      transfer-encoding:
      - chunked
      vary:
      - Accept-Encoding
      x-content-type-options:
      - nosniff
      x-powered-by:
      - ASP.NET
    status:
      code: 200
      message: OK
- request:
    body: null
    headers:
      Accept:
      - application/json
      Accept-Encoding:
      - gzip, deflate
      CommandName:
      - netappfiles volume create
      Connection:
      - keep-alive
      ParameterSetName:
      - --resource-group --account-name --pool-name --volume-name -l --service-level
        --usage-threshold --file-path --vnet --subnet
      User-Agent:
      - python/3.7.3 (Darwin-20.1.0-x86_64-i386-64bit) msrest/0.6.18 msrest_azure/0.6.3
        azure-mgmt-netapp/0.15.0 Azure-SDK-For-Python AZURECLI/2.17.1
    method: GET
    uri: https://management.azure.com/subscriptions/00000000-0000-0000-0000-000000000000/providers/Microsoft.NetApp/locations/centralus/operationResults/94a44a5a-a111-4fd6-b2c6-5e9a9727d2f1?api-version=2020-09-01
  response:
    body:
      string: '{"id":"/subscriptions/00000000-0000-0000-0000-000000000000/providers/Microsoft.NetApp/locations/centralus/operationResults/94a44a5a-a111-4fd6-b2c6-5e9a9727d2f1","name":"94a44a5a-a111-4fd6-b2c6-5e9a9727d2f1","status":"Succeeded","startTime":"2021-01-07T10:57:19.3607736Z","endTime":"2021-01-07T11:00:21.2736772Z","percentComplete":100.0,"properties":{"resourceName":"/subscriptions/00000000-0000-0000-0000-000000000000/resourceGroups/cli_netappfiles_test_volume_000001/providers/Microsoft.NetApp/netAppAccounts/cli-acc-000002/capacityPools/cli-pool-000003/volumes/cli-vol-000004"}}'
    headers:
      access-control-expose-headers:
      - Request-Context
      cache-control:
      - no-cache
      content-length:
      - '650'
      content-type:
      - application/json; charset=utf-8
      date:
      - Thu, 07 Jan 2021 11:00:25 GMT
      expires:
      - '-1'
      pragma:
      - no-cache
      request-context:
      - appId=cid-v1:2c4cb680-0a1f-424d-bb8d-8e650ba68d53
      server:
      - Microsoft-IIS/10.0
      strict-transport-security:
      - max-age=31536000; includeSubDomains
      transfer-encoding:
      - chunked
      vary:
      - Accept-Encoding
      x-content-type-options:
      - nosniff
      x-powered-by:
      - ASP.NET
    status:
      code: 200
      message: OK
- request:
    body: null
    headers:
      Accept:
      - application/json
      Accept-Encoding:
      - gzip, deflate
      CommandName:
      - netappfiles volume create
      Connection:
      - keep-alive
      ParameterSetName:
      - --resource-group --account-name --pool-name --volume-name -l --service-level
        --usage-threshold --file-path --vnet --subnet
      User-Agent:
      - python/3.7.3 (Darwin-20.1.0-x86_64-i386-64bit) msrest/0.6.18 msrest_azure/0.6.3
        azure-mgmt-netapp/0.15.0 Azure-SDK-For-Python AZURECLI/2.17.1
    method: GET
    uri: https://management.azure.com/subscriptions/00000000-0000-0000-0000-000000000000/resourceGroups/cli_netappfiles_test_volume_000001/providers/Microsoft.NetApp/netAppAccounts/cli-acc-000002/capacityPools/cli-pool-000003/volumes/cli-vol-000004?api-version=2020-09-01
  response:
    body:
      string: '{"id":"/subscriptions/00000000-0000-0000-0000-000000000000/resourceGroups/cli_netappfiles_test_volume_000001/providers/Microsoft.NetApp/netAppAccounts/cli-acc-000002/capacityPools/cli-pool-000003/volumes/cli-vol-000004","name":"cli-acc-000002/cli-pool-000003/cli-vol-000004","type":"Microsoft.NetApp/netAppAccounts/capacityPools/volumes","etag":"W/\"datetime''2021-01-07T11%3A00%3A21.2783806Z''\"","location":"centralus","properties":{"mountTargets":[{"mountTargetId":"af17cbf6-5de2-6ebe-55bd-57b21fddeb40","fileSystemId":"af17cbf6-5de2-6ebe-55bd-57b21fddeb40","ipAddress":"10.0.0.4","smbServerFQDN":""}],"throughputMibps":0.0,"provisioningState":"Succeeded","fileSystemId":"af17cbf6-5de2-6ebe-55bd-57b21fddeb40","name":"cli-vol-000004","serviceLevel":"Premium","creationToken":"cli-vol-000004","usageThreshold":107374182400,"exportPolicy":{"rules":[{"ruleIndex":1,"unixReadOnly":false,"unixReadWrite":true,"cifs":false,"nfsv3":true,"nfsv41":false,"allowedClients":"0.0.0.0/0","kerberos5ReadOnly":false,"kerberos5ReadWrite":false,"kerberos5iReadOnly":false,"kerberos5iReadWrite":false,"kerberos5pReadOnly":false,"kerberos5pReadWrite":false,"hasRootAccess":true}]},"protocolTypes":["NFSv3"],"baremetalTenantId":"baremetalTenant_svm_f5ee81aeaed611e9b89652cd499890b7_f7151d5f","subnetId":"/subscriptions/00000000-0000-0000-0000-000000000000/resourceGroups/cli_netappfiles_test_volume_000001/providers/Microsoft.Network/virtualNetworks/cli-vnet-000006/subnets/cli-subnet-000007","snapshotDirectoryVisible":true,"kerberosEnabled":false,"securityStyle":"Unix","smbEncryption":false,"smbContinuouslyAvailable":false}}'
    headers:
      access-control-expose-headers:
      - Request-Context
      cache-control:
      - no-cache
      content-length:
      - '1776'
      content-type:
      - application/json; charset=utf-8
      date:
      - Thu, 07 Jan 2021 11:00:25 GMT
      etag:
      - W/"datetime'2021-01-07T11%3A00%3A21.2783806Z'"
      expires:
      - '-1'
      pragma:
      - no-cache
      request-context:
      - appId=cid-v1:2c4cb680-0a1f-424d-bb8d-8e650ba68d53
      server:
      - Microsoft-IIS/10.0
      strict-transport-security:
      - max-age=31536000; includeSubDomains
      transfer-encoding:
      - chunked
      vary:
      - Accept-Encoding
      x-content-type-options:
      - nosniff
      x-powered-by:
      - ASP.NET
    status:
      code: 200
      message: OK
- request:
    body: '{"location": "centralus", "properties": {"size": 4398046511104, "serviceLevel":
      "Premium"}}'
    headers:
      Accept:
      - application/json
      Accept-Encoding:
      - gzip, deflate
      CommandName:
      - netappfiles pool create
      Connection:
      - keep-alive
      Content-Length:
      - '91'
      Content-Type:
      - application/json; charset=utf-8
      ParameterSetName:
      - -g -a -p -l --service-level --size
      User-Agent:
      - python/3.7.3 (Darwin-20.1.0-x86_64-i386-64bit) msrest/0.6.18 msrest_azure/0.6.3
        azure-mgmt-netapp/0.15.0 Azure-SDK-For-Python AZURECLI/2.17.1
      accept-language:
      - en-US
    method: PUT
    uri: https://management.azure.com/subscriptions/00000000-0000-0000-0000-000000000000/resourceGroups/cli_netappfiles_test_volume_000001/providers/Microsoft.NetApp/netAppAccounts/cli-acc-000002/capacityPools/cli-pool-000005?api-version=2020-09-01
  response:
    body:
      string: '{"id":"/subscriptions/00000000-0000-0000-0000-000000000000/resourceGroups/cli_netappfiles_test_volume_000001/providers/Microsoft.NetApp/netAppAccounts/cli-acc-000002/capacityPools/cli-pool-000005","name":"cli-acc-000002/cli-pool-000005","type":"Microsoft.NetApp/netAppAccounts/capacityPools","etag":"W/\"datetime''2021-01-07T11%3A00%3A32.0379629Z''\"","location":"centralus","properties":{"serviceLevel":"Premium","size":4398046511104,"totalThroughputMibps":0.0,"utilizedThroughputMibps":0.0,"provisioningState":"Creating"}}'
    headers:
      access-control-expose-headers:
      - Request-Context
      azure-asyncoperation:
      - https://management.azure.com/subscriptions/00000000-0000-0000-0000-000000000000/providers/Microsoft.NetApp/locations/centralus/operationResults/b20cd21e-889d-41c8-9133-914a38f9ad9e?api-version=2020-09-01
      cache-control:
      - no-cache
      content-length:
      - '601'
      content-type:
      - application/json; charset=utf-8
      date:
      - Thu, 07 Jan 2021 11:00:33 GMT
      etag:
      - W/"datetime'2021-01-07T11%3A00%3A32.0379629Z'"
      expires:
      - '-1'
      pragma:
      - no-cache
      request-context:
      - appId=cid-v1:2c4cb680-0a1f-424d-bb8d-8e650ba68d53
      server:
      - Microsoft-IIS/10.0
      strict-transport-security:
      - max-age=31536000; includeSubDomains
      x-content-type-options:
      - nosniff
      x-ms-ratelimit-remaining-subscription-writes:
      - '1196'
      x-powered-by:
      - ASP.NET
    status:
      code: 201
      message: Created
- request:
    body: null
    headers:
      Accept:
      - application/json
      Accept-Encoding:
      - gzip, deflate
      CommandName:
      - netappfiles pool create
      Connection:
      - keep-alive
      ParameterSetName:
      - -g -a -p -l --service-level --size
      User-Agent:
      - python/3.7.3 (Darwin-20.1.0-x86_64-i386-64bit) msrest/0.6.18 msrest_azure/0.6.3
        azure-mgmt-netapp/0.15.0 Azure-SDK-For-Python AZURECLI/2.17.1
    method: GET
    uri: https://management.azure.com/subscriptions/00000000-0000-0000-0000-000000000000/providers/Microsoft.NetApp/locations/centralus/operationResults/b20cd21e-889d-41c8-9133-914a38f9ad9e?api-version=2020-09-01
  response:
    body:
      string: '{"id":"/subscriptions/00000000-0000-0000-0000-000000000000/providers/Microsoft.NetApp/locations/centralus/operationResults/b20cd21e-889d-41c8-9133-914a38f9ad9e","name":"b20cd21e-889d-41c8-9133-914a38f9ad9e","status":"Succeeded","startTime":"2021-01-07T11:00:31.9797929Z","endTime":"2021-01-07T11:00:32.2037509Z","percentComplete":100.0,"properties":{"resourceName":"/subscriptions/00000000-0000-0000-0000-000000000000/resourceGroups/cli_netappfiles_test_volume_000001/providers/Microsoft.NetApp/netAppAccounts/cli-acc-000002/capacityPools/cli-pool-000005"}}'
    headers:
      access-control-expose-headers:
      - Request-Context
      cache-control:
      - no-cache
      content-length:
      - '617'
      content-type:
      - application/json; charset=utf-8
      date:
      - Thu, 07 Jan 2021 11:01:04 GMT
      expires:
      - '-1'
      pragma:
      - no-cache
      request-context:
      - appId=cid-v1:2c4cb680-0a1f-424d-bb8d-8e650ba68d53
      server:
      - Microsoft-IIS/10.0
      strict-transport-security:
      - max-age=31536000; includeSubDomains
      transfer-encoding:
      - chunked
      vary:
      - Accept-Encoding
      x-content-type-options:
      - nosniff
      x-powered-by:
      - ASP.NET
    status:
      code: 200
      message: OK
- request:
    body: null
    headers:
      Accept:
      - application/json
      Accept-Encoding:
      - gzip, deflate
      CommandName:
      - netappfiles pool create
      Connection:
      - keep-alive
      ParameterSetName:
      - -g -a -p -l --service-level --size
      User-Agent:
      - python/3.7.3 (Darwin-20.1.0-x86_64-i386-64bit) msrest/0.6.18 msrest_azure/0.6.3
        azure-mgmt-netapp/0.15.0 Azure-SDK-For-Python AZURECLI/2.17.1
    method: GET
    uri: https://management.azure.com/subscriptions/00000000-0000-0000-0000-000000000000/resourceGroups/cli_netappfiles_test_volume_000001/providers/Microsoft.NetApp/netAppAccounts/cli-acc-000002/capacityPools/cli-pool-000005?api-version=2020-09-01
  response:
    body:
      string: '{"id":"/subscriptions/00000000-0000-0000-0000-000000000000/resourceGroups/cli_netappfiles_test_volume_000001/providers/Microsoft.NetApp/netAppAccounts/cli-acc-000002/capacityPools/cli-pool-000005","name":"cli-acc-000002/cli-pool-000005","type":"Microsoft.NetApp/netAppAccounts/capacityPools","etag":"W/\"datetime''2021-01-07T11%3A00%3A32.1960743Z''\"","location":"centralus","properties":{"poolId":"e212662f-5d03-0268-1d01-744255cc85db","serviceLevel":"Premium","size":4398046511104,"qosType":"Auto","totalThroughputMibps":262.144,"utilizedThroughputMibps":0.0,"encryptionType":"Single","provisioningState":"Succeeded"}}'
    headers:
      access-control-expose-headers:
      - Request-Context
      cache-control:
      - no-cache
      content-length:
      - '697'
      content-type:
      - application/json; charset=utf-8
      date:
      - Thu, 07 Jan 2021 11:01:05 GMT
      etag:
      - W/"datetime'2021-01-07T11%3A00%3A32.1960743Z'"
      expires:
      - '-1'
      pragma:
      - no-cache
      request-context:
      - appId=cid-v1:2c4cb680-0a1f-424d-bb8d-8e650ba68d53
      server:
      - Microsoft-IIS/10.0
      strict-transport-security:
      - max-age=31536000; includeSubDomains
      transfer-encoding:
      - chunked
      vary:
      - Accept-Encoding
      x-content-type-options:
      - nosniff
      x-powered-by:
      - ASP.NET
    status:
      code: 200
      message: OK
- request:
    body: '{"newPoolResourceId": "/subscriptions/00000000-0000-0000-0000-000000000000/resourceGroups/cli_netappfiles_test_volume_000001/providers/Microsoft.NetApp/netAppAccounts/cli-acc-000002/capacityPools/cli-pool-000005"}'
    headers:
      Accept:
      - application/json
      Accept-Encoding:
      - gzip, deflate
      CommandName:
      - netappfiles volume pool-change
      Connection:
      - keep-alive
      Content-Length:
      - '273'
      Content-Type:
      - application/json; charset=utf-8
      ParameterSetName:
      - -g -a -p -v -d
      User-Agent:
      - python/3.7.3 (Darwin-20.1.0-x86_64-i386-64bit) msrest/0.6.18 msrest_azure/0.6.3
        azure-mgmt-netapp/0.15.0 Azure-SDK-For-Python AZURECLI/2.17.1
      accept-language:
      - en-US
    method: POST
    uri: https://management.azure.com/subscriptions/00000000-0000-0000-0000-000000000000/resourceGroups/cli_netappfiles_test_volume_000001/providers/Microsoft.NetApp/netAppAccounts/cli-acc-000002/capacityPools/cli-pool-000003/volumes/cli-vol-000004/poolChange?api-version=2020-09-01
  response:
    body:
      string: ''
    headers:
      access-control-expose-headers:
      - Request-Context
      azure-asyncoperation:
      - https://management.azure.com/subscriptions/00000000-0000-0000-0000-000000000000/providers/Microsoft.NetApp/locations/centralus/operationResults/f2796631-b50d-43b5-aeda-58c174ebe571?api-version=2020-09-01
      cache-control:
      - no-cache
      content-length:
      - '0'
      date:
      - Thu, 07 Jan 2021 11:01:07 GMT
      expires:
      - '-1'
      location:
      - https://management.azure.com/subscriptions/00000000-0000-0000-0000-000000000000/providers/Microsoft.NetApp/locations/centralus/operationResults/f2796631-b50d-43b5-aeda-58c174ebe571?api-version=2020-09-01&operationResultResponseType=Location
      pragma:
      - no-cache
      request-context:
      - appId=cid-v1:2c4cb680-0a1f-424d-bb8d-8e650ba68d53
      server:
      - Microsoft-IIS/10.0
      strict-transport-security:
      - max-age=31536000; includeSubDomains
      x-content-type-options:
      - nosniff
      x-ms-ratelimit-remaining-subscription-writes:
      - '1199'
      x-powered-by:
      - ASP.NET
    status:
      code: 202
      message: Accepted
- request:
    body: null
    headers:
      Accept:
      - application/json
      Accept-Encoding:
      - gzip, deflate
      CommandName:
      - netappfiles volume pool-change
      Connection:
      - keep-alive
      ParameterSetName:
      - -g -a -p -v -d
      User-Agent:
      - python/3.7.3 (Darwin-20.1.0-x86_64-i386-64bit) msrest/0.6.18 msrest_azure/0.6.3
        azure-mgmt-netapp/0.15.0 Azure-SDK-For-Python AZURECLI/2.17.1
    method: GET
    uri: https://management.azure.com/subscriptions/00000000-0000-0000-0000-000000000000/providers/Microsoft.NetApp/locations/centralus/operationResults/f2796631-b50d-43b5-aeda-58c174ebe571?api-version=2020-09-01
  response:
    body:
      string: '{"id":"/subscriptions/00000000-0000-0000-0000-000000000000/providers/Microsoft.NetApp/locations/centralus/operationResults/f2796631-b50d-43b5-aeda-58c174ebe571","name":"f2796631-b50d-43b5-aeda-58c174ebe571","status":"Succeeded","startTime":"2021-01-07T11:01:08.4819173Z","endTime":"2021-01-07T11:01:16.0018187Z","percentComplete":100.0,"properties":{"resourceName":"/subscriptions/00000000-0000-0000-0000-000000000000/resourceGroups/cli_netappfiles_test_volume_000001/providers/Microsoft.NetApp/netAppAccounts/cli-acc-000002/capacityPools/cli-pool-000003/volumes/cli-vol-000004"}}'
    headers:
      access-control-expose-headers:
      - Request-Context
      cache-control:
      - no-cache
      content-length:
      - '650'
      content-type:
      - application/json; charset=utf-8
      date:
      - Thu, 07 Jan 2021 11:01:39 GMT
      expires:
      - '-1'
      pragma:
      - no-cache
      request-context:
      - appId=cid-v1:2c4cb680-0a1f-424d-bb8d-8e650ba68d53
      server:
      - Microsoft-IIS/10.0
      strict-transport-security:
      - max-age=31536000; includeSubDomains
      transfer-encoding:
      - chunked
      vary:
      - Accept-Encoding
      x-content-type-options:
      - nosniff
      x-powered-by:
      - ASP.NET
    status:
      code: 200
      message: OK
- request:
    body: null
    headers:
      Accept:
      - application/json
      Accept-Encoding:
      - gzip, deflate
      CommandName:
      - netappfiles volume show
      Connection:
      - keep-alive
      ParameterSetName:
      - -g -a -p -v
      User-Agent:
      - python/3.7.3 (Darwin-20.1.0-x86_64-i386-64bit) msrest/0.6.18 msrest_azure/0.6.3
        azure-mgmt-netapp/0.15.0 Azure-SDK-For-Python AZURECLI/2.17.1
      accept-language:
      - en-US
    method: GET
    uri: https://management.azure.com/subscriptions/00000000-0000-0000-0000-000000000000/resourceGroups/cli_netappfiles_test_volume_000001/providers/Microsoft.NetApp/netAppAccounts/cli-acc-000002/capacityPools/cli-pool-000005/volumes/cli-vol-000004?api-version=2020-09-01
  response:
    body:
      string: '{"id":"/subscriptions/00000000-0000-0000-0000-000000000000/resourceGroups/cli_netappfiles_test_volume_000001/providers/Microsoft.NetApp/netAppAccounts/cli-acc-000002/capacityPools/cli-pool-000005/volumes/cli-vol-000004","name":"cli-acc-000002/cli-pool-000005/cli-vol-000004","type":"Microsoft.NetApp/netAppAccounts/capacityPools/volumes","etag":"W/\"datetime''2021-01-07T11%3A01%3A15.9959402Z''\"","location":"centralus","properties":{"mountTargets":[{"mountTargetId":"af17cbf6-5de2-6ebe-55bd-57b21fddeb40","fileSystemId":"af17cbf6-5de2-6ebe-55bd-57b21fddeb40","ipAddress":"10.0.0.4","smbServerFQDN":""}],"throughputMibps":0.0,"provisioningState":"Succeeded","fileSystemId":"af17cbf6-5de2-6ebe-55bd-57b21fddeb40","name":"cli-vol-000004","serviceLevel":"Premium","creationToken":"cli-vol-000004","usageThreshold":107374182400,"exportPolicy":{"rules":[{"ruleIndex":1,"unixReadOnly":false,"unixReadWrite":true,"cifs":false,"nfsv3":true,"nfsv41":false,"allowedClients":"0.0.0.0/0","kerberos5ReadOnly":false,"kerberos5ReadWrite":false,"kerberos5iReadOnly":false,"kerberos5iReadWrite":false,"kerberos5pReadOnly":false,"kerberos5pReadWrite":false,"hasRootAccess":true}]},"protocolTypes":["NFSv3"],"baremetalTenantId":"baremetalTenant_svm_f5ee81aeaed611e9b89652cd499890b7_f7151d5f","subnetId":"/subscriptions/00000000-0000-0000-0000-000000000000/resourceGroups/cli_netappfiles_test_volume_000001/providers/Microsoft.Network/virtualNetworks/cli-vnet-000006/subnets/cli-subnet-000007","snapshotDirectoryVisible":true,"kerberosEnabled":false,"securityStyle":"Unix","smbEncryption":false,"smbContinuouslyAvailable":false}}'
    headers:
      access-control-expose-headers:
      - Request-Context
      cache-control:
      - no-cache
      content-length:
      - '1776'
      content-type:
      - application/json; charset=utf-8
      date:
      - Thu, 07 Jan 2021 11:01:42 GMT
      etag:
      - W/"datetime'2021-01-07T11%3A01%3A15.9959402Z'"
      expires:
      - '-1'
      pragma:
      - no-cache
      request-context:
      - appId=cid-v1:2c4cb680-0a1f-424d-bb8d-8e650ba68d53
      server:
      - Microsoft-IIS/10.0
      strict-transport-security:
      - max-age=31536000; includeSubDomains
      transfer-encoding:
      - chunked
      vary:
      - Accept-Encoding
      x-content-type-options:
      - nosniff
      x-powered-by:
      - ASP.NET
    status:
      code: 200
      message: OK
version: 1
