interactions:
- request:
    body: '{"location": "uksouth", "properties": {"addressSpace": {"addressPrefixes":
      ["10.0.0.0/16"]}, "enableDdosProtection": false, "enableVmProtection": false}}'
    headers:
      Accept:
      - application/json
      Accept-Encoding:
      - gzip, deflate
      CommandName:
      - network vnet create
      Connection:
      - keep-alive
      Content-Length:
      - '153'
      Content-Type:
      - application/json
      ParameterSetName:
      - -n --resource-group -l --address-prefix
      User-Agent:
      - AZURECLI/2.51.0 (AAZ) azsdk-python-core/1.26.0 Python/3.10.10 (Windows-10-10.0.22621-SP0)
    method: PUT
    uri: https://management.azure.com/subscriptions/00000000-0000-0000-0000-000000000000/resourceGroups/cli_netappfiles_test_volume_000001/providers/Microsoft.Network/virtualNetworks/cli-vnet-000005?api-version=2022-01-01
  response:
    body:
      string: "{\r\n  \"name\": \"cli-vnet-000005\",\r\n  \"id\": \"/subscriptions/00000000-0000-0000-0000-000000000000/resourceGroups/cli_netappfiles_test_volume_000001/providers/Microsoft.Network/virtualNetworks/cli-vnet-000005\",\r\n
        \ \"etag\": \"W/\\\"a0817d07-50b5-428b-9077-fc7ffc5b5f77\\\"\",\r\n  \"type\":
        \"Microsoft.Network/virtualNetworks\",\r\n  \"location\": \"uksouth\",\r\n
        \ \"tags\": {\r\n    \"CreatedOnDate\": \"2023-08-31T12:43:16.6082362Z\"\r\n
        \ },\r\n  \"properties\": {\r\n    \"provisioningState\": \"Updating\",\r\n
        \   \"resourceGuid\": \"1c857b2e-1fcb-4787-9a65-92fb0b7c9cc4\",\r\n    \"addressSpace\":
        {\r\n      \"addressPrefixes\": [\r\n        \"10.0.0.0/16\"\r\n      ]\r\n
        \   },\r\n    \"subnets\": [],\r\n    \"virtualNetworkPeerings\": [],\r\n
        \   \"enableDdosProtection\": false\r\n  }\r\n}"
    headers:
      azure-asyncnotification:
      - Enabled
      azure-asyncoperation:
      - https://management.azure.com/subscriptions/00000000-0000-0000-0000-000000000000/providers/Microsoft.Network/locations/uksouth/operations/a5d69dfc-02fe-4a60-92a6-1d16c5927c40?api-version=2022-01-01
      cache-control:
      - no-cache
      content-length:
      - '715'
      content-type:
      - application/json; charset=utf-8
      date:
      - Thu, 31 Aug 2023 12:43:18 GMT
      expires:
      - '-1'
      pragma:
      - no-cache
      server:
      - Microsoft-HTTPAPI/2.0
      - Microsoft-HTTPAPI/2.0
      strict-transport-security:
      - max-age=31536000; includeSubDomains
      x-content-type-options:
      - nosniff
      x-ms-arm-service-request-id:
      - cad9721f-59ad-4810-8d10-0bbd7fa62bd3
      x-ms-ratelimit-remaining-subscription-writes:
      - '1199'
    status:
      code: 201
      message: Created
- request:
    body: null
    headers:
      Accept:
      - '*/*'
      Accept-Encoding:
      - gzip, deflate
      CommandName:
      - network vnet create
      Connection:
      - keep-alive
      ParameterSetName:
      - -n --resource-group -l --address-prefix
      User-Agent:
      - AZURECLI/2.51.0 (AAZ) azsdk-python-core/1.26.0 Python/3.10.10 (Windows-10-10.0.22621-SP0)
    method: GET
    uri: https://management.azure.com/subscriptions/00000000-0000-0000-0000-000000000000/providers/Microsoft.Network/locations/uksouth/operations/a5d69dfc-02fe-4a60-92a6-1d16c5927c40?api-version=2022-01-01
  response:
    body:
      string: "{\r\n  \"status\": \"Succeeded\"\r\n}"
    headers:
      cache-control:
      - no-cache
      content-length:
      - '29'
      content-type:
      - application/json; charset=utf-8
      date:
      - Thu, 31 Aug 2023 12:43:18 GMT
      expires:
      - '-1'
      pragma:
      - no-cache
      server:
      - Microsoft-HTTPAPI/2.0
      - Microsoft-HTTPAPI/2.0
      strict-transport-security:
      - max-age=31536000; includeSubDomains
      transfer-encoding:
      - chunked
      vary:
      - Accept-Encoding
      x-content-type-options:
      - nosniff
      x-ms-arm-service-request-id:
      - d3bc24d8-53dd-4a43-8d51-b55690c545c2
    status:
      code: 200
      message: OK
- request:
    body: null
    headers:
      Accept:
      - '*/*'
      Accept-Encoding:
      - gzip, deflate
      CommandName:
      - network vnet create
      Connection:
      - keep-alive
      ParameterSetName:
      - -n --resource-group -l --address-prefix
      User-Agent:
      - AZURECLI/2.51.0 (AAZ) azsdk-python-core/1.26.0 Python/3.10.10 (Windows-10-10.0.22621-SP0)
    method: GET
    uri: https://management.azure.com/subscriptions/00000000-0000-0000-0000-000000000000/resourceGroups/cli_netappfiles_test_volume_000001/providers/Microsoft.Network/virtualNetworks/cli-vnet-000005?api-version=2022-01-01
  response:
    body:
      string: "{\r\n  \"name\": \"cli-vnet-000005\",\r\n  \"id\": \"/subscriptions/00000000-0000-0000-0000-000000000000/resourceGroups/cli_netappfiles_test_volume_000001/providers/Microsoft.Network/virtualNetworks/cli-vnet-000005\",\r\n
        \ \"etag\": \"W/\\\"702445c5-766c-4ebf-a739-8ca39b401dbf\\\"\",\r\n  \"type\":
        \"Microsoft.Network/virtualNetworks\",\r\n  \"location\": \"uksouth\",\r\n
        \ \"tags\": {\r\n    \"CreatedOnDate\": \"2023-08-31T12:43:16.6082362Z\"\r\n
        \ },\r\n  \"properties\": {\r\n    \"provisioningState\": \"Succeeded\",\r\n
        \   \"resourceGuid\": \"1c857b2e-1fcb-4787-9a65-92fb0b7c9cc4\",\r\n    \"addressSpace\":
        {\r\n      \"addressPrefixes\": [\r\n        \"10.0.0.0/16\"\r\n      ]\r\n
        \   },\r\n    \"subnets\": [],\r\n    \"virtualNetworkPeerings\": [],\r\n
        \   \"enableDdosProtection\": false\r\n  }\r\n}"
    headers:
      cache-control:
      - no-cache
      content-length:
      - '716'
      content-type:
      - application/json; charset=utf-8
      date:
      - Thu, 31 Aug 2023 12:43:19 GMT
      etag:
      - W/"702445c5-766c-4ebf-a739-8ca39b401dbf"
      expires:
      - '-1'
      pragma:
      - no-cache
      server:
      - Microsoft-HTTPAPI/2.0
      - Microsoft-HTTPAPI/2.0
      strict-transport-security:
      - max-age=31536000; includeSubDomains
      transfer-encoding:
      - chunked
      vary:
      - Accept-Encoding
      x-content-type-options:
      - nosniff
      x-ms-arm-service-request-id:
      - ba776161-3e69-4a7c-85a1-f56e1fb9d720
    status:
      code: 200
      message: OK
- request:
    body: '{"name": "cli-subnet-000006", "properties": {"addressPrefix": "10.0.0.0/24",
      "delegations": [{"name": "0", "properties": {"serviceName": "Microsoft.Netapp/volumes"}}]}}'
    headers:
      Accept:
      - application/json
      Accept-Encoding:
      - gzip, deflate
      CommandName:
      - network vnet subnet create
      Connection:
      - keep-alive
      Content-Length:
      - '168'
      Content-Type:
      - application/json
      ParameterSetName:
      - -n -g --vnet-name --address-prefixes --delegations
      User-Agent:
      - AZURECLI/2.51.0 (AAZ) azsdk-python-core/1.26.0 Python/3.10.10 (Windows-10-10.0.22621-SP0)
    method: PUT
    uri: https://management.azure.com/subscriptions/00000000-0000-0000-0000-000000000000/resourceGroups/cli_netappfiles_test_volume_000001/providers/Microsoft.Network/virtualNetworks/cli-vnet-000005/subnets/cli-subnet-000006?api-version=2023-05-01
  response:
    body:
      string: "{\r\n  \"name\": \"cli-subnet-000006\",\r\n  \"id\": \"/subscriptions/00000000-0000-0000-0000-000000000000/resourceGroups/cli_netappfiles_test_volume_000001/providers/Microsoft.Network/virtualNetworks/cli-vnet-000005/subnets/cli-subnet-000006\",\r\n
        \ \"etag\": \"W/\\\"2a7c9e7a-1f45-4cd1-8e88-6f5b2a67bff8\\\"\",\r\n  \"properties\":
        {\r\n    \"provisioningState\": \"Updating\",\r\n    \"addressPrefix\": \"10.0.0.0/24\",\r\n
        \   \"delegations\": [\r\n      {\r\n        \"name\": \"0\",\r\n        \"id\":
        \"/subscriptions/00000000-0000-0000-0000-000000000000/resourceGroups/cli_netappfiles_test_volume_000001/providers/Microsoft.Network/virtualNetworks/cli-vnet-000005/subnets/cli-subnet-000006/delegations/0\",\r\n
        \       \"etag\": \"W/\\\"2a7c9e7a-1f45-4cd1-8e88-6f5b2a67bff8\\\"\",\r\n
        \       \"properties\": {\r\n          \"provisioningState\": \"Succeeded\",\r\n
        \         \"serviceName\": \"Microsoft.Netapp/volumes\",\r\n          \"actions\":
        [\r\n            \"Microsoft.Network/networkinterfaces/*\",\r\n            \"Microsoft.Network/virtualNetworks/subnets/join/action\"\r\n
        \         ]\r\n        },\r\n        \"type\": \"Microsoft.Network/virtualNetworks/subnets/delegations\"\r\n
        \     }\r\n    ],\r\n    \"purpose\": \"HostedWorkloads\",\r\n    \"privateEndpointNetworkPolicies\":
        \"Disabled\",\r\n    \"privateLinkServiceNetworkPolicies\": \"Enabled\"\r\n
        \ },\r\n  \"type\": \"Microsoft.Network/virtualNetworks/subnets\"\r\n}"
    headers:
      azure-asyncnotification:
      - Enabled
      azure-asyncoperation:
      - https://management.azure.com/subscriptions/00000000-0000-0000-0000-000000000000/providers/Microsoft.Network/locations/uksouth/operations/cea16cfe-002b-41dd-a544-91a62a016354?api-version=2022-01-01
      cache-control:
      - no-cache
      content-length:
      - '1308'
      content-type:
      - application/json; charset=utf-8
      date:
      - Thu, 31 Aug 2023 12:43:20 GMT
      expires:
      - '-1'
      pragma:
      - no-cache
      server:
      - Microsoft-HTTPAPI/2.0
      - Microsoft-HTTPAPI/2.0
      strict-transport-security:
      - max-age=31536000; includeSubDomains
      x-content-type-options:
      - nosniff
      x-ms-arm-service-request-id:
      - e19f9b6a-8d01-4f84-830e-6949eae70dc6
      x-ms-ratelimit-remaining-subscription-writes:
      - '1199'
    status:
      code: 201
      message: Created
- request:
    body: null
    headers:
      Accept:
      - '*/*'
      Accept-Encoding:
      - gzip, deflate
      CommandName:
      - network vnet subnet create
      Connection:
      - keep-alive
      ParameterSetName:
      - -n -g --vnet-name --address-prefixes --delegations
      User-Agent:
      - AZURECLI/2.51.0 (AAZ) azsdk-python-core/1.26.0 Python/3.10.10 (Windows-10-10.0.22621-SP0)
    method: GET
    uri: https://management.azure.com/subscriptions/00000000-0000-0000-0000-000000000000/providers/Microsoft.Network/locations/uksouth/operations/cea16cfe-002b-41dd-a544-91a62a016354?api-version=2022-01-01
  response:
    body:
      string: "{\r\n  \"status\": \"InProgress\"\r\n}"
    headers:
      cache-control:
      - no-cache
      content-length:
      - '30'
      content-type:
      - application/json; charset=utf-8
      date:
      - Thu, 31 Aug 2023 12:43:20 GMT
      expires:
      - '-1'
      pragma:
      - no-cache
      server:
      - Microsoft-HTTPAPI/2.0
      - Microsoft-HTTPAPI/2.0
      strict-transport-security:
      - max-age=31536000; includeSubDomains
      transfer-encoding:
      - chunked
      vary:
      - Accept-Encoding
      x-content-type-options:
      - nosniff
      x-ms-arm-service-request-id:
      - 1aee3895-e9d1-4a16-b065-844de0174828
    status:
      code: 200
      message: OK
- request:
    body: null
    headers:
      Accept:
      - '*/*'
      Accept-Encoding:
      - gzip, deflate
      CommandName:
      - network vnet subnet create
      Connection:
      - keep-alive
      ParameterSetName:
      - -n -g --vnet-name --address-prefixes --delegations
      User-Agent:
      - AZURECLI/2.51.0 (AAZ) azsdk-python-core/1.26.0 Python/3.10.10 (Windows-10-10.0.22621-SP0)
    method: GET
    uri: https://management.azure.com/subscriptions/00000000-0000-0000-0000-000000000000/providers/Microsoft.Network/locations/uksouth/operations/cea16cfe-002b-41dd-a544-91a62a016354?api-version=2022-01-01
  response:
    body:
      string: "{\r\n  \"status\": \"Succeeded\"\r\n}"
    headers:
      cache-control:
      - no-cache
      content-length:
      - '29'
      content-type:
      - application/json; charset=utf-8
      date:
      - Thu, 31 Aug 2023 12:43:30 GMT
      expires:
      - '-1'
      pragma:
      - no-cache
      server:
      - Microsoft-HTTPAPI/2.0
      - Microsoft-HTTPAPI/2.0
      strict-transport-security:
      - max-age=31536000; includeSubDomains
      transfer-encoding:
      - chunked
      vary:
      - Accept-Encoding
      x-content-type-options:
      - nosniff
      x-ms-arm-service-request-id:
      - 09bb2e5c-271f-4263-9911-318c30f244bf
    status:
      code: 200
      message: OK
- request:
    body: null
    headers:
      Accept:
      - '*/*'
      Accept-Encoding:
      - gzip, deflate
      CommandName:
      - network vnet subnet create
      Connection:
      - keep-alive
      ParameterSetName:
      - -n -g --vnet-name --address-prefixes --delegations
      User-Agent:
      - AZURECLI/2.51.0 (AAZ) azsdk-python-core/1.26.0 Python/3.10.10 (Windows-10-10.0.22621-SP0)
    method: GET
    uri: https://management.azure.com/subscriptions/00000000-0000-0000-0000-000000000000/resourceGroups/cli_netappfiles_test_volume_000001/providers/Microsoft.Network/virtualNetworks/cli-vnet-000005/subnets/cli-subnet-000006?api-version=2023-05-01
  response:
    body:
      string: "{\r\n  \"name\": \"cli-subnet-000006\",\r\n  \"id\": \"/subscriptions/00000000-0000-0000-0000-000000000000/resourceGroups/cli_netappfiles_test_volume_000001/providers/Microsoft.Network/virtualNetworks/cli-vnet-000005/subnets/cli-subnet-000006\",\r\n
        \ \"etag\": \"W/\\\"5fc91ea6-a832-44ae-b1e9-b797741eb25c\\\"\",\r\n  \"properties\":
        {\r\n    \"provisioningState\": \"Succeeded\",\r\n    \"addressPrefix\": \"10.0.0.0/24\",\r\n
        \   \"delegations\": [\r\n      {\r\n        \"name\": \"0\",\r\n        \"id\":
        \"/subscriptions/00000000-0000-0000-0000-000000000000/resourceGroups/cli_netappfiles_test_volume_000001/providers/Microsoft.Network/virtualNetworks/cli-vnet-000005/subnets/cli-subnet-000006/delegations/0\",\r\n
        \       \"etag\": \"W/\\\"5fc91ea6-a832-44ae-b1e9-b797741eb25c\\\"\",\r\n
        \       \"properties\": {\r\n          \"provisioningState\": \"Succeeded\",\r\n
        \         \"serviceName\": \"Microsoft.Netapp/volumes\",\r\n          \"actions\":
        [\r\n            \"Microsoft.Network/networkinterfaces/*\",\r\n            \"Microsoft.Network/virtualNetworks/subnets/join/action\"\r\n
        \         ]\r\n        },\r\n        \"type\": \"Microsoft.Network/virtualNetworks/subnets/delegations\"\r\n
        \     }\r\n    ],\r\n    \"purpose\": \"HostedWorkloads\",\r\n    \"privateEndpointNetworkPolicies\":
        \"Disabled\",\r\n    \"privateLinkServiceNetworkPolicies\": \"Enabled\"\r\n
        \ },\r\n  \"type\": \"Microsoft.Network/virtualNetworks/subnets\"\r\n}"
    headers:
      cache-control:
      - no-cache
      content-length:
      - '1309'
      content-type:
      - application/json; charset=utf-8
      date:
      - Thu, 31 Aug 2023 12:43:31 GMT
      etag:
      - W/"5fc91ea6-a832-44ae-b1e9-b797741eb25c"
      expires:
      - '-1'
      pragma:
      - no-cache
      server:
      - Microsoft-HTTPAPI/2.0
      - Microsoft-HTTPAPI/2.0
      strict-transport-security:
      - max-age=31536000; includeSubDomains
      transfer-encoding:
      - chunked
      vary:
      - Accept-Encoding
      x-content-type-options:
      - nosniff
      x-ms-arm-service-request-id:
      - e0ec2bff-ec66-4ab9-bcab-9ec39fe2a6f2
    status:
      code: 200
      message: OK
- request:
    body: '{"location": "uksouth"}'
    headers:
      Accept:
      - application/json
      Accept-Encoding:
      - gzip, deflate
      CommandName:
      - netappfiles account create
      Connection:
      - keep-alive
      Content-Length:
      - '23'
      Content-Type:
      - application/json
      ParameterSetName:
      - -g -a -l
      User-Agent:
      - AZURECLI/2.51.0 azsdk-python-mgmt-netapp/10.1.0 Python/3.10.10 (Windows-10-10.0.22621-SP0)
    method: PUT
    uri: https://management.azure.com/subscriptions/00000000-0000-0000-0000-000000000000/resourceGroups/cli_netappfiles_test_volume_000001/providers/Microsoft.NetApp/netAppAccounts/cli-acc-000002?api-version=2022-11-01
  response:
    body:
      string: '{"id":"/subscriptions/00000000-0000-0000-0000-000000000000/resourceGroups/cli_netappfiles_test_volume_000001/providers/Microsoft.NetApp/netAppAccounts/cli-acc-000002","name":"cli-acc-000002","type":"Microsoft.NetApp/netAppAccounts","etag":"W/\"datetime''2023-08-31T12%3A43%3A33.2124063Z''\"","location":"uksouth","tags":{"CreatedOnDate":"2023-08-31T12:43:32.6487908Z"},"properties":{"provisioningState":"Creating"},"systemData":{"createdBy":"c6c4faba-2b22-44d9-80a4-71ff5b71f811","createdByType":"Application","createdAt":"2023-08-31T12:43:33.0450194Z","lastModifiedBy":"c6c4faba-2b22-44d9-80a4-71ff5b71f811","lastModifiedByType":"Application","lastModifiedAt":"2023-08-31T12:43:33.0450194Z"}}'
    headers:
      azure-asyncoperation:
      - https://management.azure.com/subscriptions/00000000-0000-0000-0000-000000000000/providers/Microsoft.NetApp/locations/uksouth/operationResults/347c4b1a-ada2-44ef-ae4f-cdca5ecf9bb9?api-version=2022-11-01
      cache-control:
      - no-cache
      content-length:
      - '691'
      content-type:
      - application/json; charset=utf-8
      date:
      - Thu, 31 Aug 2023 12:43:33 GMT
      etag:
      - W/"datetime'2023-08-31T12%3A43%3A33.2124063Z'"
      expires:
      - '-1'
      pragma:
      - no-cache
      server:
      - Microsoft-IIS/10.0
      strict-transport-security:
      - max-age=31536000; includeSubDomains
      x-content-type-options:
      - nosniff
      x-ms-ratelimit-remaining-subscription-writes:
      - '1199'
      x-powered-by:
      - ASP.NET
    status:
      code: 201
      message: Created
- request:
    body: null
    headers:
      Accept:
      - '*/*'
      Accept-Encoding:
      - gzip, deflate
      CommandName:
      - netappfiles account create
      Connection:
      - keep-alive
      ParameterSetName:
      - -g -a -l
      User-Agent:
      - AZURECLI/2.51.0 azsdk-python-mgmt-netapp/10.1.0 Python/3.10.10 (Windows-10-10.0.22621-SP0)
    method: GET
    uri: https://management.azure.com/subscriptions/00000000-0000-0000-0000-000000000000/providers/Microsoft.NetApp/locations/uksouth/operationResults/347c4b1a-ada2-44ef-ae4f-cdca5ecf9bb9?api-version=2022-11-01
  response:
    body:
      string: '{"id":"/subscriptions/00000000-0000-0000-0000-000000000000/providers/Microsoft.NetApp/locations/uksouth/operationResults/347c4b1a-ada2-44ef-ae4f-cdca5ecf9bb9","name":"347c4b1a-ada2-44ef-ae4f-cdca5ecf9bb9","status":"Succeeded","startTime":"2023-08-31T12:43:33.2219544Z","endTime":"2023-08-31T12:43:33.2587499Z","percentComplete":100.0,"properties":{"resourceName":"/subscriptions/00000000-0000-0000-0000-000000000000/resourceGroups/cli_netappfiles_test_volume_000001/providers/Microsoft.NetApp/netAppAccounts/cli-acc-000002","action":"CREATE"}}'
    headers:
      cache-control:
      - no-cache
      content-length:
      - '543'
      content-type:
      - application/json; charset=utf-8
      date:
      - Thu, 31 Aug 2023 12:43:33 GMT
      expires:
      - '-1'
      pragma:
      - no-cache
      server:
      - Microsoft-IIS/10.0
      strict-transport-security:
      - max-age=31536000; includeSubDomains
      transfer-encoding:
      - chunked
      vary:
      - Accept-Encoding
      x-content-type-options:
      - nosniff
      x-powered-by:
      - ASP.NET
    status:
      code: 200
      message: OK
- request:
    body: null
    headers:
      Accept:
      - '*/*'
      Accept-Encoding:
      - gzip, deflate
      CommandName:
      - netappfiles account create
      Connection:
      - keep-alive
      ParameterSetName:
      - -g -a -l
      User-Agent:
      - AZURECLI/2.51.0 azsdk-python-mgmt-netapp/10.1.0 Python/3.10.10 (Windows-10-10.0.22621-SP0)
    method: GET
    uri: https://management.azure.com/subscriptions/00000000-0000-0000-0000-000000000000/resourceGroups/cli_netappfiles_test_volume_000001/providers/Microsoft.NetApp/netAppAccounts/cli-acc-000002?api-version=2022-11-01
  response:
    body:
      string: '{"id":"/subscriptions/00000000-0000-0000-0000-000000000000/resourceGroups/cli_netappfiles_test_volume_000001/providers/Microsoft.NetApp/netAppAccounts/cli-acc-000002","name":"cli-acc-000002","type":"Microsoft.NetApp/netAppAccounts","etag":"W/\"datetime''2023-08-31T12%3A43%3A33.2528842Z''\"","location":"uksouth","tags":{"CreatedOnDate":"2023-08-31T12:43:32.6487908Z"},"properties":{"encryption":{"keySource":"Microsoft.NetApp"},"provisioningState":"Succeeded"},"systemData":{"createdBy":"c6c4faba-2b22-44d9-80a4-71ff5b71f811","createdByType":"Application","createdAt":"2023-08-31T12:43:33.0450194Z","lastModifiedBy":"c6c4faba-2b22-44d9-80a4-71ff5b71f811","lastModifiedByType":"Application","lastModifiedAt":"2023-08-31T12:43:33.0450194Z"}}'
    headers:
      cache-control:
      - no-cache
      content-length:
      - '738'
      content-type:
      - application/json; charset=utf-8
      date:
      - Thu, 31 Aug 2023 12:43:34 GMT
      etag:
      - W/"datetime'2023-08-31T12%3A43%3A33.2528842Z'"
      expires:
      - '-1'
      pragma:
      - no-cache
      server:
      - Microsoft-IIS/10.0
      strict-transport-security:
      - max-age=31536000; includeSubDomains
      transfer-encoding:
      - chunked
      vary:
      - Accept-Encoding
      x-content-type-options:
      - nosniff
      x-powered-by:
      - ASP.NET
    status:
      code: 200
      message: OK
- request:
    body: '{"location": "uksouth", "properties": {"size": 8796093022208, "serviceLevel":
      "Standard"}}'
    headers:
      Accept:
      - application/json
      Accept-Encoding:
      - gzip, deflate
      CommandName:
      - netappfiles pool create
      Connection:
      - keep-alive
      Content-Length:
      - '90'
      Content-Type:
      - application/json
      ParameterSetName:
      - -g -a -p -l --service-level --size
      User-Agent:
      - AZURECLI/2.51.0 azsdk-python-mgmt-netapp/10.1.0 Python/3.10.10 (Windows-10-10.0.22621-SP0)
    method: PUT
    uri: https://management.azure.com/subscriptions/00000000-0000-0000-0000-000000000000/resourceGroups/cli_netappfiles_test_volume_000001/providers/Microsoft.NetApp/netAppAccounts/cli-acc-000002/capacityPools/cli-pool-000003?api-version=2022-11-01
  response:
    body:
      string: '{"id":"/subscriptions/00000000-0000-0000-0000-000000000000/resourceGroups/cli_netappfiles_test_volume_000001/providers/Microsoft.NetApp/netAppAccounts/cli-acc-000002/capacityPools/cli-pool-000003","name":"cli-acc-000002/cli-pool-000003","type":"Microsoft.NetApp/netAppAccounts/capacityPools","etag":"W/\"datetime''2023-08-31T12%3A43%3A36.5405153Z''\"","location":"uksouth","tags":{"CreatedOnDate":"2023-08-31T12:43:35.8448205Z"},"properties":{"serviceLevel":"Standard","size":8796093022208,"totalThroughputMibps":0.0,"utilizedThroughputMibps":0.0,"provisioningState":"Creating"},"systemData":{"createdBy":"c6c4faba-2b22-44d9-80a4-71ff5b71f811","createdByType":"Application","createdAt":"2023-08-31T12:43:36.3837022Z","lastModifiedBy":"c6c4faba-2b22-44d9-80a4-71ff5b71f811","lastModifiedByType":"Application","lastModifiedAt":"2023-08-31T12:43:36.3837022Z"}}'
    headers:
      azure-asyncoperation:
      - https://management.azure.com/subscriptions/00000000-0000-0000-0000-000000000000/providers/Microsoft.NetApp/locations/uksouth/operationResults/f39bb50e-116d-4699-a51d-5ebb57bf3f31?api-version=2022-11-01
      cache-control:
      - no-cache
      content-length:
      - '855'
      content-type:
      - application/json; charset=utf-8
      date:
      - Thu, 31 Aug 2023 12:43:37 GMT
      etag:
      - W/"datetime'2023-08-31T12%3A43%3A36.5405153Z'"
      expires:
      - '-1'
      pragma:
      - no-cache
      server:
      - Microsoft-IIS/10.0
      strict-transport-security:
      - max-age=31536000; includeSubDomains
      x-content-type-options:
      - nosniff
      x-ms-ratelimit-remaining-subscription-writes:
      - '1199'
      x-powered-by:
      - ASP.NET
    status:
      code: 201
      message: Created
- request:
    body: null
    headers:
      Accept:
      - '*/*'
      Accept-Encoding:
      - gzip, deflate
      CommandName:
      - netappfiles pool create
      Connection:
      - keep-alive
      ParameterSetName:
      - -g -a -p -l --service-level --size
      User-Agent:
      - AZURECLI/2.51.0 azsdk-python-mgmt-netapp/10.1.0 Python/3.10.10 (Windows-10-10.0.22621-SP0)
    method: GET
    uri: https://management.azure.com/subscriptions/00000000-0000-0000-0000-000000000000/providers/Microsoft.NetApp/locations/uksouth/operationResults/f39bb50e-116d-4699-a51d-5ebb57bf3f31?api-version=2022-11-01
  response:
    body:
      string: '{"id":"/subscriptions/00000000-0000-0000-0000-000000000000/providers/Microsoft.NetApp/locations/uksouth/operationResults/f39bb50e-116d-4699-a51d-5ebb57bf3f31","name":"f39bb50e-116d-4699-a51d-5ebb57bf3f31","status":"Succeeded","startTime":"2023-08-31T12:43:36.5488747Z","endTime":"2023-08-31T12:43:36.8247313Z","percentComplete":100.0,"properties":{"resourceName":"/subscriptions/00000000-0000-0000-0000-000000000000/resourceGroups/cli_netappfiles_test_volume_000001/providers/Microsoft.NetApp/netAppAccounts/cli-acc-000002/capacityPools/cli-pool-000003","action":"CREATE"}}'
    headers:
      cache-control:
      - no-cache
      content-length:
      - '573'
      content-type:
      - application/json; charset=utf-8
      date:
      - Thu, 31 Aug 2023 12:43:37 GMT
      expires:
      - '-1'
      pragma:
      - no-cache
      server:
      - Microsoft-IIS/10.0
      strict-transport-security:
      - max-age=31536000; includeSubDomains
      transfer-encoding:
      - chunked
      vary:
      - Accept-Encoding
      x-content-type-options:
      - nosniff
      x-powered-by:
      - ASP.NET
    status:
      code: 200
      message: OK
- request:
    body: null
    headers:
      Accept:
      - '*/*'
      Accept-Encoding:
      - gzip, deflate
      CommandName:
      - netappfiles pool create
      Connection:
      - keep-alive
      ParameterSetName:
      - -g -a -p -l --service-level --size
      User-Agent:
      - AZURECLI/2.51.0 azsdk-python-mgmt-netapp/10.1.0 Python/3.10.10 (Windows-10-10.0.22621-SP0)
    method: GET
    uri: https://management.azure.com/subscriptions/00000000-0000-0000-0000-000000000000/resourceGroups/cli_netappfiles_test_volume_000001/providers/Microsoft.NetApp/netAppAccounts/cli-acc-000002/capacityPools/cli-pool-000003?api-version=2022-11-01
  response:
    body:
      string: '{"id":"/subscriptions/00000000-0000-0000-0000-000000000000/resourceGroups/cli_netappfiles_test_volume_000001/providers/Microsoft.NetApp/netAppAccounts/cli-acc-000002/capacityPools/cli-pool-000003","name":"cli-acc-000002/cli-pool-000003","type":"Microsoft.NetApp/netAppAccounts/capacityPools","etag":"W/\"datetime''2023-08-31T12%3A43%3A36.8168276Z''\"","location":"uksouth","tags":{"CreatedOnDate":"2023-08-31T12:43:35.8448205Z"},"properties":{"poolId":"cadcf292-fedf-7f38-04f3-997186f4ab4b","serviceLevel":"Standard","size":8796093022208,"qosType":"Auto","totalThroughputMibps":128.0,"utilizedThroughputMibps":0.0,"encryptionType":"Single","coolAccess":false,"provisioningState":"Succeeded"},"systemData":{"createdBy":"c6c4faba-2b22-44d9-80a4-71ff5b71f811","createdByType":"Application","createdAt":"2023-08-31T12:43:36.3837022Z","lastModifiedBy":"c6c4faba-2b22-44d9-80a4-71ff5b71f811","lastModifiedByType":"Application","lastModifiedAt":"2023-08-31T12:43:36.3837022Z"}}'
    headers:
      cache-control:
      - no-cache
      content-length:
      - '968'
      content-type:
      - application/json; charset=utf-8
      date:
      - Thu, 31 Aug 2023 12:43:38 GMT
      etag:
      - W/"datetime'2023-08-31T12%3A43%3A36.8168276Z'"
      expires:
      - '-1'
      pragma:
      - no-cache
      server:
      - Microsoft-IIS/10.0
      strict-transport-security:
      - max-age=31536000; includeSubDomains
      transfer-encoding:
      - chunked
      vary:
      - Accept-Encoding
      x-content-type-options:
      - nosniff
      x-powered-by:
      - ASP.NET
    status:
      code: 200
      message: OK
- request:
    body: '{"location": "uksouth", "properties": {"creationToken": "cli-vol-000004",
      "serviceLevel": "Standard", "usageThreshold": 214748364800, "subnetId": "/subscriptions/00000000-0000-0000-0000-000000000000/resourceGroups/cli_netappfiles_test_volume_000001/providers/Microsoft.Network/virtualNetworks/cli-vnet-000005/subnets/cli-subnet-000006",
      "isLargeVolume": false}}'
    headers:
      Accept:
      - application/json
      Accept-Encoding:
      - gzip, deflate
      CommandName:
      - netappfiles volume create
      Connection:
      - keep-alive
      Content-Length:
      - '361'
      Content-Type:
      - application/json
      ParameterSetName:
      - --resource-group --account-name --pool-name --volume-name -l --service-level
        --usage-threshold --file-path --vnet --subnet --rule-index --allowed-clients
      User-Agent:
      - AZURECLI/2.51.0 azsdk-python-mgmt-netapp/10.1.0 Python/3.10.10 (Windows-10-10.0.22621-SP0)
    method: PUT
    uri: https://management.azure.com/subscriptions/00000000-0000-0000-0000-000000000000/resourceGroups/cli_netappfiles_test_volume_000001/providers/Microsoft.NetApp/netAppAccounts/cli-acc-000002/capacityPools/cli-pool-000003/volumes/cli-vol-000004?api-version=2022-11-01
  response:
    body:
      string: '{"id":"/subscriptions/00000000-0000-0000-0000-000000000000/resourceGroups/cli_netappfiles_test_volume_000001/providers/Microsoft.NetApp/netAppAccounts/cli-acc-000002/capacityPools/cli-pool-000003/volumes/cli-vol-000004","name":"cli-acc-000002/cli-pool-000003/cli-vol-000004","type":"Microsoft.NetApp/netAppAccounts/capacityPools/volumes","etag":"W/\"datetime''2023-08-31T12%3A43%3A39.712759Z''\"","location":"uksouth","tags":{"CreatedOnDate":"2023-08-31T12:43:38.9852505Z"},"properties":{"volumeType":"","serviceLevel":"Standard","creationToken":"cli-vol-000004","usageThreshold":214748364800,"subnetId":"/subscriptions/00000000-0000-0000-0000-000000000000/resourceGroups/cli_netappfiles_test_volume_000001/providers/Microsoft.Network/virtualNetworks/cli-vnet-000005/subnets/cli-subnet-000006","maximumNumberOfFiles":100000000,"isLargeVolume":false,"provisioningState":"Creating"},"systemData":{"createdBy":"c6c4faba-2b22-44d9-80a4-71ff5b71f811","createdByType":"Application","createdAt":"2023-08-31T12:43:39.5220794Z","lastModifiedBy":"c6c4faba-2b22-44d9-80a4-71ff5b71f811","lastModifiedByType":"Application","lastModifiedAt":"2023-08-31T12:43:39.5220794Z"}}'
    headers:
      azure-asyncoperation:
      - https://management.azure.com/subscriptions/00000000-0000-0000-0000-000000000000/providers/Microsoft.NetApp/locations/uksouth/operationResults/5ac3512a-70dc-472d-825b-9672148b16a0?api-version=2022-11-01
      cache-control:
      - no-cache
      content-length:
      - '1157'
      content-type:
      - application/json; charset=utf-8
      date:
      - Thu, 31 Aug 2023 12:43:40 GMT
      etag:
      - W/"datetime'2023-08-31T12%3A43%3A39.712759Z'"
      expires:
      - '-1'
      pragma:
      - no-cache
      server:
      - Microsoft-IIS/10.0
      strict-transport-security:
      - max-age=31536000; includeSubDomains
      x-content-type-options:
      - nosniff
      x-ms-ratelimit-remaining-subscription-writes:
      - '1199'
      x-powered-by:
      - ASP.NET
    status:
      code: 201
      message: Created
- request:
    body: null
    headers:
      Accept:
      - '*/*'
      Accept-Encoding:
      - gzip, deflate
      CommandName:
      - netappfiles volume create
      Connection:
      - keep-alive
      ParameterSetName:
      - --resource-group --account-name --pool-name --volume-name -l --service-level
        --usage-threshold --file-path --vnet --subnet --rule-index --allowed-clients
      User-Agent:
      - AZURECLI/2.51.0 azsdk-python-mgmt-netapp/10.1.0 Python/3.10.10 (Windows-10-10.0.22621-SP0)
    method: GET
    uri: https://management.azure.com/subscriptions/00000000-0000-0000-0000-000000000000/providers/Microsoft.NetApp/locations/uksouth/operationResults/5ac3512a-70dc-472d-825b-9672148b16a0?api-version=2022-11-01
  response:
    body:
      string: '{"id":"/subscriptions/00000000-0000-0000-0000-000000000000/providers/Microsoft.NetApp/locations/uksouth/operationResults/5ac3512a-70dc-472d-825b-9672148b16a0","name":"5ac3512a-70dc-472d-825b-9672148b16a0","status":"Creating","startTime":"2023-08-31T12:43:39.7211871Z","endTime":"0001-01-01T00:00:00Z","percentComplete":0.0,"properties":{"resourceName":"/subscriptions/00000000-0000-0000-0000-000000000000/resourceGroups/cli_netappfiles_test_volume_000001/providers/Microsoft.NetApp/netAppAccounts/cli-acc-000002/capacityPools/cli-pool-000003/volumes/cli-vol-000004","action":"CREATE"}}'
    headers:
      cache-control:
      - no-cache
      content-length:
      - '585'
      content-type:
      - application/json; charset=utf-8
      date:
      - Thu, 31 Aug 2023 12:43:40 GMT
      expires:
      - '-1'
      pragma:
      - no-cache
      server:
      - Microsoft-IIS/10.0
      strict-transport-security:
      - max-age=31536000; includeSubDomains
      transfer-encoding:
      - chunked
      vary:
      - Accept-Encoding
      x-content-type-options:
      - nosniff
      x-powered-by:
      - ASP.NET
    status:
      code: 200
      message: OK
- request:
    body: null
    headers:
      Accept:
      - '*/*'
      Accept-Encoding:
      - gzip, deflate
      CommandName:
      - netappfiles volume create
      Connection:
      - keep-alive
      ParameterSetName:
      - --resource-group --account-name --pool-name --volume-name -l --service-level
        --usage-threshold --file-path --vnet --subnet --rule-index --allowed-clients
      User-Agent:
      - AZURECLI/2.51.0 azsdk-python-mgmt-netapp/10.1.0 Python/3.10.10 (Windows-10-10.0.22621-SP0)
    method: GET
    uri: https://management.azure.com/subscriptions/00000000-0000-0000-0000-000000000000/providers/Microsoft.NetApp/locations/uksouth/operationResults/5ac3512a-70dc-472d-825b-9672148b16a0?api-version=2022-11-01
  response:
    body:
      string: '{"id":"/subscriptions/00000000-0000-0000-0000-000000000000/providers/Microsoft.NetApp/locations/uksouth/operationResults/5ac3512a-70dc-472d-825b-9672148b16a0","name":"5ac3512a-70dc-472d-825b-9672148b16a0","status":"Creating","startTime":"2023-08-31T12:43:39.7211871Z","endTime":"0001-01-01T00:00:00Z","percentComplete":0.0,"properties":{"resourceName":"/subscriptions/00000000-0000-0000-0000-000000000000/resourceGroups/cli_netappfiles_test_volume_000001/providers/Microsoft.NetApp/netAppAccounts/cli-acc-000002/capacityPools/cli-pool-000003/volumes/cli-vol-000004","action":"CREATE"}}'
    headers:
      cache-control:
      - no-cache
      content-length:
      - '585'
      content-type:
      - application/json; charset=utf-8
      date:
      - Thu, 31 Aug 2023 12:44:10 GMT
      expires:
      - '-1'
      pragma:
      - no-cache
      server:
      - Microsoft-IIS/10.0
      strict-transport-security:
      - max-age=31536000; includeSubDomains
      transfer-encoding:
      - chunked
      vary:
      - Accept-Encoding
      x-content-type-options:
      - nosniff
      x-powered-by:
      - ASP.NET
    status:
      code: 200
      message: OK
- request:
    body: null
    headers:
      Accept:
      - '*/*'
      Accept-Encoding:
      - gzip, deflate
      CommandName:
      - netappfiles volume create
      Connection:
      - keep-alive
      ParameterSetName:
      - --resource-group --account-name --pool-name --volume-name -l --service-level
        --usage-threshold --file-path --vnet --subnet --rule-index --allowed-clients
      User-Agent:
      - AZURECLI/2.51.0 azsdk-python-mgmt-netapp/10.1.0 Python/3.10.10 (Windows-10-10.0.22621-SP0)
    method: GET
    uri: https://management.azure.com/subscriptions/00000000-0000-0000-0000-000000000000/providers/Microsoft.NetApp/locations/uksouth/operationResults/5ac3512a-70dc-472d-825b-9672148b16a0?api-version=2022-11-01
  response:
    body:
      string: '{"id":"/subscriptions/00000000-0000-0000-0000-000000000000/providers/Microsoft.NetApp/locations/uksouth/operationResults/5ac3512a-70dc-472d-825b-9672148b16a0","name":"5ac3512a-70dc-472d-825b-9672148b16a0","status":"Creating","startTime":"2023-08-31T12:43:39.7211871Z","endTime":"0001-01-01T00:00:00Z","percentComplete":0.0,"properties":{"resourceName":"/subscriptions/00000000-0000-0000-0000-000000000000/resourceGroups/cli_netappfiles_test_volume_000001/providers/Microsoft.NetApp/netAppAccounts/cli-acc-000002/capacityPools/cli-pool-000003/volumes/cli-vol-000004","action":"CREATE"}}'
    headers:
      cache-control:
      - no-cache
      content-length:
      - '585'
      content-type:
      - application/json; charset=utf-8
      date:
      - Thu, 31 Aug 2023 12:44:41 GMT
      expires:
      - '-1'
      pragma:
      - no-cache
      server:
      - Microsoft-IIS/10.0
      strict-transport-security:
      - max-age=31536000; includeSubDomains
      transfer-encoding:
      - chunked
      vary:
      - Accept-Encoding
      x-content-type-options:
      - nosniff
      x-powered-by:
      - ASP.NET
    status:
      code: 200
      message: OK
- request:
    body: null
    headers:
      Accept:
      - '*/*'
      Accept-Encoding:
      - gzip, deflate
      CommandName:
      - netappfiles volume create
      Connection:
      - keep-alive
      ParameterSetName:
      - --resource-group --account-name --pool-name --volume-name -l --service-level
        --usage-threshold --file-path --vnet --subnet --rule-index --allowed-clients
      User-Agent:
      - AZURECLI/2.51.0 azsdk-python-mgmt-netapp/10.1.0 Python/3.10.10 (Windows-10-10.0.22621-SP0)
    method: GET
    uri: https://management.azure.com/subscriptions/00000000-0000-0000-0000-000000000000/providers/Microsoft.NetApp/locations/uksouth/operationResults/5ac3512a-70dc-472d-825b-9672148b16a0?api-version=2022-11-01
  response:
    body:
      string: '{"id":"/subscriptions/00000000-0000-0000-0000-000000000000/providers/Microsoft.NetApp/locations/uksouth/operationResults/5ac3512a-70dc-472d-825b-9672148b16a0","name":"5ac3512a-70dc-472d-825b-9672148b16a0","status":"Creating","startTime":"2023-08-31T12:43:39.7211871Z","endTime":"0001-01-01T00:00:00Z","percentComplete":0.0,"properties":{"resourceName":"/subscriptions/00000000-0000-0000-0000-000000000000/resourceGroups/cli_netappfiles_test_volume_000001/providers/Microsoft.NetApp/netAppAccounts/cli-acc-000002/capacityPools/cli-pool-000003/volumes/cli-vol-000004","action":"CREATE"}}'
    headers:
      cache-control:
      - no-cache
      content-length:
      - '585'
      content-type:
      - application/json; charset=utf-8
      date:
      - Thu, 31 Aug 2023 12:45:11 GMT
      expires:
      - '-1'
      pragma:
      - no-cache
      server:
      - Microsoft-IIS/10.0
      strict-transport-security:
      - max-age=31536000; includeSubDomains
      transfer-encoding:
      - chunked
      vary:
      - Accept-Encoding
      x-content-type-options:
      - nosniff
      x-powered-by:
      - ASP.NET
    status:
      code: 200
      message: OK
- request:
    body: null
    headers:
      Accept:
      - '*/*'
      Accept-Encoding:
      - gzip, deflate
      CommandName:
      - netappfiles volume create
      Connection:
      - keep-alive
      ParameterSetName:
      - --resource-group --account-name --pool-name --volume-name -l --service-level
        --usage-threshold --file-path --vnet --subnet --rule-index --allowed-clients
      User-Agent:
      - AZURECLI/2.51.0 azsdk-python-mgmt-netapp/10.1.0 Python/3.10.10 (Windows-10-10.0.22621-SP0)
    method: GET
    uri: https://management.azure.com/subscriptions/00000000-0000-0000-0000-000000000000/providers/Microsoft.NetApp/locations/uksouth/operationResults/5ac3512a-70dc-472d-825b-9672148b16a0?api-version=2022-11-01
  response:
    body:
      string: '{"id":"/subscriptions/00000000-0000-0000-0000-000000000000/providers/Microsoft.NetApp/locations/uksouth/operationResults/5ac3512a-70dc-472d-825b-9672148b16a0","name":"5ac3512a-70dc-472d-825b-9672148b16a0","status":"Creating","startTime":"2023-08-31T12:43:39.7211871Z","endTime":"0001-01-01T00:00:00Z","percentComplete":0.0,"properties":{"resourceName":"/subscriptions/00000000-0000-0000-0000-000000000000/resourceGroups/cli_netappfiles_test_volume_000001/providers/Microsoft.NetApp/netAppAccounts/cli-acc-000002/capacityPools/cli-pool-000003/volumes/cli-vol-000004","action":"CREATE"}}'
    headers:
      cache-control:
      - no-cache
      content-length:
      - '585'
      content-type:
      - application/json; charset=utf-8
      date:
      - Thu, 31 Aug 2023 12:45:41 GMT
      expires:
      - '-1'
      pragma:
      - no-cache
      server:
      - Microsoft-IIS/10.0
      strict-transport-security:
      - max-age=31536000; includeSubDomains
      transfer-encoding:
      - chunked
      vary:
      - Accept-Encoding
      x-content-type-options:
      - nosniff
      x-powered-by:
      - ASP.NET
    status:
      code: 200
      message: OK
- request:
    body: null
    headers:
      Accept:
      - '*/*'
      Accept-Encoding:
      - gzip, deflate
      CommandName:
      - netappfiles volume create
      Connection:
      - keep-alive
      ParameterSetName:
      - --resource-group --account-name --pool-name --volume-name -l --service-level
        --usage-threshold --file-path --vnet --subnet --rule-index --allowed-clients
      User-Agent:
      - AZURECLI/2.51.0 azsdk-python-mgmt-netapp/10.1.0 Python/3.10.10 (Windows-10-10.0.22621-SP0)
    method: GET
    uri: https://management.azure.com/subscriptions/00000000-0000-0000-0000-000000000000/providers/Microsoft.NetApp/locations/uksouth/operationResults/5ac3512a-70dc-472d-825b-9672148b16a0?api-version=2022-11-01
  response:
    body:
      string: '{"id":"/subscriptions/00000000-0000-0000-0000-000000000000/providers/Microsoft.NetApp/locations/uksouth/operationResults/5ac3512a-70dc-472d-825b-9672148b16a0","name":"5ac3512a-70dc-472d-825b-9672148b16a0","status":"Creating","startTime":"2023-08-31T12:43:39.7211871Z","endTime":"0001-01-01T00:00:00Z","percentComplete":0.0,"properties":{"resourceName":"/subscriptions/00000000-0000-0000-0000-000000000000/resourceGroups/cli_netappfiles_test_volume_000001/providers/Microsoft.NetApp/netAppAccounts/cli-acc-000002/capacityPools/cli-pool-000003/volumes/cli-vol-000004","action":"CREATE"}}'
    headers:
      cache-control:
      - no-cache
      content-length:
      - '585'
      content-type:
      - application/json; charset=utf-8
      date:
      - Thu, 31 Aug 2023 12:46:11 GMT
      expires:
      - '-1'
      pragma:
      - no-cache
      server:
      - Microsoft-IIS/10.0
      strict-transport-security:
      - max-age=31536000; includeSubDomains
      transfer-encoding:
      - chunked
      vary:
      - Accept-Encoding
      x-content-type-options:
      - nosniff
      x-powered-by:
      - ASP.NET
    status:
      code: 200
      message: OK
- request:
    body: null
    headers:
      Accept:
      - '*/*'
      Accept-Encoding:
      - gzip, deflate
      CommandName:
      - netappfiles volume create
      Connection:
      - keep-alive
      ParameterSetName:
      - --resource-group --account-name --pool-name --volume-name -l --service-level
        --usage-threshold --file-path --vnet --subnet --rule-index --allowed-clients
      User-Agent:
      - AZURECLI/2.51.0 azsdk-python-mgmt-netapp/10.1.0 Python/3.10.10 (Windows-10-10.0.22621-SP0)
    method: GET
    uri: https://management.azure.com/subscriptions/00000000-0000-0000-0000-000000000000/providers/Microsoft.NetApp/locations/uksouth/operationResults/5ac3512a-70dc-472d-825b-9672148b16a0?api-version=2022-11-01
  response:
    body:
      string: '{"id":"/subscriptions/00000000-0000-0000-0000-000000000000/providers/Microsoft.NetApp/locations/uksouth/operationResults/5ac3512a-70dc-472d-825b-9672148b16a0","name":"5ac3512a-70dc-472d-825b-9672148b16a0","status":"Creating","startTime":"2023-08-31T12:43:39.7211871Z","endTime":"0001-01-01T00:00:00Z","percentComplete":0.0,"properties":{"resourceName":"/subscriptions/00000000-0000-0000-0000-000000000000/resourceGroups/cli_netappfiles_test_volume_000001/providers/Microsoft.NetApp/netAppAccounts/cli-acc-000002/capacityPools/cli-pool-000003/volumes/cli-vol-000004","action":"CREATE"}}'
    headers:
      cache-control:
      - no-cache
      content-length:
      - '585'
      content-type:
      - application/json; charset=utf-8
      date:
      - Thu, 31 Aug 2023 12:46:40 GMT
      expires:
      - '-1'
      pragma:
      - no-cache
      server:
      - Microsoft-IIS/10.0
      strict-transport-security:
      - max-age=31536000; includeSubDomains
      transfer-encoding:
      - chunked
      vary:
      - Accept-Encoding
      x-content-type-options:
      - nosniff
      x-powered-by:
      - ASP.NET
    status:
      code: 200
      message: OK
- request:
    body: null
    headers:
      Accept:
      - '*/*'
      Accept-Encoding:
      - gzip, deflate
      CommandName:
      - netappfiles volume create
      Connection:
      - keep-alive
      ParameterSetName:
      - --resource-group --account-name --pool-name --volume-name -l --service-level
        --usage-threshold --file-path --vnet --subnet --rule-index --allowed-clients
      User-Agent:
      - AZURECLI/2.51.0 azsdk-python-mgmt-netapp/10.1.0 Python/3.10.10 (Windows-10-10.0.22621-SP0)
    method: GET
    uri: https://management.azure.com/subscriptions/00000000-0000-0000-0000-000000000000/providers/Microsoft.NetApp/locations/uksouth/operationResults/5ac3512a-70dc-472d-825b-9672148b16a0?api-version=2022-11-01
  response:
    body:
      string: '{"id":"/subscriptions/00000000-0000-0000-0000-000000000000/providers/Microsoft.NetApp/locations/uksouth/operationResults/5ac3512a-70dc-472d-825b-9672148b16a0","name":"5ac3512a-70dc-472d-825b-9672148b16a0","status":"Creating","startTime":"2023-08-31T12:43:39.7211871Z","endTime":"0001-01-01T00:00:00Z","percentComplete":0.0,"properties":{"resourceName":"/subscriptions/00000000-0000-0000-0000-000000000000/resourceGroups/cli_netappfiles_test_volume_000001/providers/Microsoft.NetApp/netAppAccounts/cli-acc-000002/capacityPools/cli-pool-000003/volumes/cli-vol-000004","action":"CREATE"}}'
    headers:
      cache-control:
      - no-cache
      content-length:
      - '585'
      content-type:
      - application/json; charset=utf-8
      date:
      - Thu, 31 Aug 2023 12:47:11 GMT
      expires:
      - '-1'
      pragma:
      - no-cache
      server:
      - Microsoft-IIS/10.0
      strict-transport-security:
      - max-age=31536000; includeSubDomains
      transfer-encoding:
      - chunked
      vary:
      - Accept-Encoding
      x-content-type-options:
      - nosniff
      x-powered-by:
      - ASP.NET
    status:
      code: 200
      message: OK
- request:
    body: null
    headers:
      Accept:
      - '*/*'
      Accept-Encoding:
      - gzip, deflate
      CommandName:
      - netappfiles volume create
      Connection:
      - keep-alive
      ParameterSetName:
      - --resource-group --account-name --pool-name --volume-name -l --service-level
        --usage-threshold --file-path --vnet --subnet --rule-index --allowed-clients
      User-Agent:
      - AZURECLI/2.51.0 azsdk-python-mgmt-netapp/10.1.0 Python/3.10.10 (Windows-10-10.0.22621-SP0)
    method: GET
    uri: https://management.azure.com/subscriptions/00000000-0000-0000-0000-000000000000/providers/Microsoft.NetApp/locations/uksouth/operationResults/5ac3512a-70dc-472d-825b-9672148b16a0?api-version=2022-11-01
  response:
    body:
      string: '{"id":"/subscriptions/00000000-0000-0000-0000-000000000000/providers/Microsoft.NetApp/locations/uksouth/operationResults/5ac3512a-70dc-472d-825b-9672148b16a0","name":"5ac3512a-70dc-472d-825b-9672148b16a0","status":"Creating","startTime":"2023-08-31T12:43:39.7211871Z","endTime":"0001-01-01T00:00:00Z","percentComplete":0.0,"properties":{"resourceName":"/subscriptions/00000000-0000-0000-0000-000000000000/resourceGroups/cli_netappfiles_test_volume_000001/providers/Microsoft.NetApp/netAppAccounts/cli-acc-000002/capacityPools/cli-pool-000003/volumes/cli-vol-000004","action":"CREATE"}}'
    headers:
      cache-control:
      - no-cache
      content-length:
      - '585'
      content-type:
      - application/json; charset=utf-8
      date:
      - Thu, 31 Aug 2023 12:47:41 GMT
      expires:
      - '-1'
      pragma:
      - no-cache
      server:
      - Microsoft-IIS/10.0
      strict-transport-security:
      - max-age=31536000; includeSubDomains
      transfer-encoding:
      - chunked
      vary:
      - Accept-Encoding
      x-content-type-options:
      - nosniff
      x-powered-by:
      - ASP.NET
    status:
      code: 200
      message: OK
- request:
    body: null
    headers:
      Accept:
      - '*/*'
      Accept-Encoding:
      - gzip, deflate
      CommandName:
      - netappfiles volume create
      Connection:
      - keep-alive
      ParameterSetName:
      - --resource-group --account-name --pool-name --volume-name -l --service-level
        --usage-threshold --file-path --vnet --subnet --rule-index --allowed-clients
      User-Agent:
      - AZURECLI/2.51.0 azsdk-python-mgmt-netapp/10.1.0 Python/3.10.10 (Windows-10-10.0.22621-SP0)
    method: GET
    uri: https://management.azure.com/subscriptions/00000000-0000-0000-0000-000000000000/providers/Microsoft.NetApp/locations/uksouth/operationResults/5ac3512a-70dc-472d-825b-9672148b16a0?api-version=2022-11-01
  response:
    body:
      string: '{"id":"/subscriptions/00000000-0000-0000-0000-000000000000/providers/Microsoft.NetApp/locations/uksouth/operationResults/5ac3512a-70dc-472d-825b-9672148b16a0","name":"5ac3512a-70dc-472d-825b-9672148b16a0","status":"Succeeded","startTime":"2023-08-31T12:43:39.7211871Z","endTime":"2023-08-31T12:47:46.8214853Z","percentComplete":100.0,"properties":{"resourceName":"/subscriptions/00000000-0000-0000-0000-000000000000/resourceGroups/cli_netappfiles_test_volume_000001/providers/Microsoft.NetApp/netAppAccounts/cli-acc-000002/capacityPools/cli-pool-000003/volumes/cli-vol-000004","action":"CREATE"}}'
    headers:
      cache-control:
      - no-cache
      content-length:
      - '596'
      content-type:
      - application/json; charset=utf-8
      date:
      - Thu, 31 Aug 2023 12:48:11 GMT
      expires:
      - '-1'
      pragma:
      - no-cache
      server:
      - Microsoft-IIS/10.0
      strict-transport-security:
      - max-age=31536000; includeSubDomains
      transfer-encoding:
      - chunked
      vary:
      - Accept-Encoding
      x-content-type-options:
      - nosniff
      x-powered-by:
      - ASP.NET
    status:
      code: 200
      message: OK
- request:
    body: null
    headers:
      Accept:
      - '*/*'
      Accept-Encoding:
      - gzip, deflate
      CommandName:
      - netappfiles volume create
      Connection:
      - keep-alive
      ParameterSetName:
      - --resource-group --account-name --pool-name --volume-name -l --service-level
        --usage-threshold --file-path --vnet --subnet --rule-index --allowed-clients
      User-Agent:
      - AZURECLI/2.51.0 azsdk-python-mgmt-netapp/10.1.0 Python/3.10.10 (Windows-10-10.0.22621-SP0)
    method: GET
    uri: https://management.azure.com/subscriptions/00000000-0000-0000-0000-000000000000/resourceGroups/cli_netappfiles_test_volume_000001/providers/Microsoft.NetApp/netAppAccounts/cli-acc-000002/capacityPools/cli-pool-000003/volumes/cli-vol-000004?api-version=2022-11-01
  response:
    body:
      string: '{"id":"/subscriptions/00000000-0000-0000-0000-000000000000/resourceGroups/cli_netappfiles_test_volume_000001/providers/Microsoft.NetApp/netAppAccounts/cli-acc-000002/capacityPools/cli-pool-000003/volumes/cli-vol-000004","name":"cli-acc-000002/cli-pool-000003/cli-vol-000004","type":"Microsoft.NetApp/netAppAccounts/capacityPools/volumes","etag":"W/\"datetime''2023-08-31T12%3A47%3A46.8095879Z''\"","location":"uksouth","tags":{"CreatedOnDate":"2023-08-31T12:43:38.9852505Z"},"properties":{"volumeType":"","fileSystemId":"4f4231e9-3288-c105-d97b-54d6d65ec687","serviceLevel":"Standard","creationToken":"cli-vol-000004","usageThreshold":214748364800,"exportPolicy":{"rules":[{"ruleIndex":1,"unixReadOnly":false,"unixReadWrite":true,"cifs":false,"nfsv3":true,"nfsv41":false,"allowedClients":"0.0.0.0/0","kerberos5ReadOnly":false,"kerberos5ReadWrite":false,"kerberos5iReadOnly":false,"kerberos5iReadWrite":false,"kerberos5pReadOnly":false,"kerberos5pReadWrite":false,"hasRootAccess":true,"chownMode":"Restricted"}]},"protocolTypes":["NFSv3"],"baremetalTenantId":"baremetalTenant_svm_1bfef7ebcd7111ea852bcab0e2c4def2_0562b048","subnetId":"/subscriptions/00000000-0000-0000-0000-000000000000/resourceGroups/cli_netappfiles_test_volume_000001/providers/Microsoft.Network/virtualNetworks/cli-vnet-000005/subnets/cli-subnet-000006","networkFeatures":"Basic","networkSiblingSetId":"1eb9fc37-911f-7757-5d93-120f75b62b13","storageToNetworkProximity":"AcrossT2","snapshotDirectoryVisible":true,"kerberosEnabled":false,"securityStyle":"Unix","smbEncryption":false,"smbContinuouslyAvailable":false,"encryptionKeySource":"Microsoft.NetApp","ldapEnabled":false,"unixPermissions":"0770","mountTargets":[{"mountTargetId":"4f4231e9-3288-c105-d97b-54d6d65ec687","fileSystemId":"4f4231e9-3288-c105-d97b-54d6d65ec687","ipAddress":"10.0.0.4"}],"coolAccess":false,"avsDataStore":"Disabled","isDefaultQuotaEnabled":false,"defaultUserQuotaInKiBs":0,"defaultGroupQuotaInKiBs":0,"enableSubvolumes":"Disabled","maximumNumberOfFiles":100000000,"smbNonBrowsable":"Disabled","smbAccessBasedEnumeration":"Disabled","isLargeVolume":false,"provisionedAvailabilityZone":"3","actualThroughputMibps":3.125,"provisioningState":"Succeeded"},"systemData":{"createdBy":"c6c4faba-2b22-44d9-80a4-71ff5b71f811","createdByType":"Application","createdAt":"2023-08-31T12:43:39.5220794Z","lastModifiedBy":"c6c4faba-2b22-44d9-80a4-71ff5b71f811","lastModifiedByType":"Application","lastModifiedAt":"2023-08-31T12:43:39.5220794Z"}}'
    headers:
      cache-control:
      - no-cache
      content-length:
      - '2476'
      content-type:
      - application/json; charset=utf-8
      date:
      - Thu, 31 Aug 2023 12:48:12 GMT
      etag:
      - W/"datetime'2023-08-31T12%3A47%3A46.8095879Z'"
      expires:
      - '-1'
      pragma:
      - no-cache
      server:
      - Microsoft-IIS/10.0
      strict-transport-security:
      - max-age=31536000; includeSubDomains
      transfer-encoding:
      - chunked
      vary:
      - Accept-Encoding
      x-content-type-options:
      - nosniff
      x-powered-by:
      - ASP.NET
    status:
      code: 200
      message: OK
- request:
    body: null
    headers:
      Accept:
      - application/json
      Accept-Encoding:
      - gzip, deflate
      CommandName:
      - netappfiles volume export-policy add
      Connection:
      - keep-alive
      ParameterSetName:
      - -g -a -p -v --allowed-clients --rule-index --unix-read-only --unix-read-write
        --cifs --nfsv3 --nfsv41
      User-Agent:
      - AZURECLI/2.51.0 azsdk-python-mgmt-netapp/10.1.0 Python/3.10.10 (Windows-10-10.0.22621-SP0)
    method: GET
    uri: https://management.azure.com/subscriptions/00000000-0000-0000-0000-000000000000/resourceGroups/cli_netappfiles_test_volume_000001/providers/Microsoft.NetApp/netAppAccounts/cli-acc-000002/capacityPools/cli-pool-000003/volumes/cli-vol-000004?api-version=2022-11-01
  response:
    body:
      string: '{"id":"/subscriptions/00000000-0000-0000-0000-000000000000/resourceGroups/cli_netappfiles_test_volume_000001/providers/Microsoft.NetApp/netAppAccounts/cli-acc-000002/capacityPools/cli-pool-000003/volumes/cli-vol-000004","name":"cli-acc-000002/cli-pool-000003/cli-vol-000004","type":"Microsoft.NetApp/netAppAccounts/capacityPools/volumes","etag":"W/\"datetime''2023-08-31T12%3A47%3A46.8095879Z''\"","location":"uksouth","tags":{"CreatedOnDate":"2023-08-31T12:43:38.9852505Z"},"properties":{"volumeType":"","fileSystemId":"4f4231e9-3288-c105-d97b-54d6d65ec687","serviceLevel":"Standard","creationToken":"cli-vol-000004","usageThreshold":214748364800,"exportPolicy":{"rules":[{"ruleIndex":1,"unixReadOnly":false,"unixReadWrite":true,"cifs":false,"nfsv3":true,"nfsv41":false,"allowedClients":"0.0.0.0/0","kerberos5ReadOnly":false,"kerberos5ReadWrite":false,"kerberos5iReadOnly":false,"kerberos5iReadWrite":false,"kerberos5pReadOnly":false,"kerberos5pReadWrite":false,"hasRootAccess":true,"chownMode":"Restricted"}]},"protocolTypes":["NFSv3"],"baremetalTenantId":"baremetalTenant_svm_1bfef7ebcd7111ea852bcab0e2c4def2_0562b048","subnetId":"/subscriptions/00000000-0000-0000-0000-000000000000/resourceGroups/cli_netappfiles_test_volume_000001/providers/Microsoft.Network/virtualNetworks/cli-vnet-000005/subnets/cli-subnet-000006","networkFeatures":"Basic","networkSiblingSetId":"1eb9fc37-911f-7757-5d93-120f75b62b13","storageToNetworkProximity":"AcrossT2","snapshotDirectoryVisible":true,"kerberosEnabled":false,"securityStyle":"Unix","smbEncryption":false,"smbContinuouslyAvailable":false,"encryptionKeySource":"Microsoft.NetApp","ldapEnabled":false,"unixPermissions":"0770","mountTargets":[{"mountTargetId":"4f4231e9-3288-c105-d97b-54d6d65ec687","fileSystemId":"4f4231e9-3288-c105-d97b-54d6d65ec687","ipAddress":"10.0.0.4"}],"coolAccess":false,"avsDataStore":"Disabled","isDefaultQuotaEnabled":false,"defaultUserQuotaInKiBs":0,"defaultGroupQuotaInKiBs":0,"enableSubvolumes":"Disabled","maximumNumberOfFiles":100000000,"smbNonBrowsable":"Disabled","smbAccessBasedEnumeration":"Disabled","isLargeVolume":false,"provisionedAvailabilityZone":"3","actualThroughputMibps":3.125,"provisioningState":"Succeeded"},"systemData":{"createdBy":"c6c4faba-2b22-44d9-80a4-71ff5b71f811","createdByType":"Application","createdAt":"2023-08-31T12:43:39.5220794Z","lastModifiedBy":"c6c4faba-2b22-44d9-80a4-71ff5b71f811","lastModifiedByType":"Application","lastModifiedAt":"2023-08-31T12:43:39.5220794Z"}}'
    headers:
      cache-control:
      - no-cache
      content-length:
      - '2476'
      content-type:
      - application/json; charset=utf-8
      date:
      - Thu, 31 Aug 2023 12:48:12 GMT
      etag:
      - W/"datetime'2023-08-31T12%3A47%3A46.8095879Z'"
      expires:
      - '-1'
      pragma:
      - no-cache
      server:
      - Microsoft-IIS/10.0
      strict-transport-security:
      - max-age=31536000; includeSubDomains
      transfer-encoding:
      - chunked
      vary:
      - Accept-Encoding
      x-content-type-options:
      - nosniff
      x-powered-by:
      - ASP.NET
    status:
      code: 200
      message: OK
- request:
    body: '{"properties": {"serviceLevel": "Standard", "usageThreshold": 214748364800,
      "exportPolicy": {"rules": [{"ruleIndex": 3, "unixReadOnly": true, "unixReadWrite":
      false, "cifs": false, "nfsv3": true, "nfsv41": false, "allowedClients": "1.2.3.0/24"},
      {"ruleIndex": 1, "unixReadOnly": false, "unixReadWrite": true, "kerberos5ReadOnly":
      false, "kerberos5ReadWrite": false, "kerberos5iReadOnly": false, "kerberos5iReadWrite":
      false, "kerberos5pReadOnly": false, "kerberos5pReadWrite": false, "cifs": false,
      "nfsv3": true, "nfsv41": false, "allowedClients": "0.0.0.0/0", "hasRootAccess":
      true, "chownMode": "Restricted"}]}, "isDefaultQuotaEnabled": false, "defaultUserQuotaInKiBs":
      0, "defaultGroupQuotaInKiBs": 0}}'
    headers:
      Accept:
      - application/json
      Accept-Encoding:
      - gzip, deflate
      CommandName:
      - netappfiles volume export-policy add
      Connection:
      - keep-alive
      Content-Length:
      - '706'
      Content-Type:
      - application/json
      ParameterSetName:
      - -g -a -p -v --allowed-clients --rule-index --unix-read-only --unix-read-write
        --cifs --nfsv3 --nfsv41
      User-Agent:
      - AZURECLI/2.51.0 azsdk-python-mgmt-netapp/10.1.0 Python/3.10.10 (Windows-10-10.0.22621-SP0)
    method: PATCH
    uri: https://management.azure.com/subscriptions/00000000-0000-0000-0000-000000000000/resourceGroups/cli_netappfiles_test_volume_000001/providers/Microsoft.NetApp/netAppAccounts/cli-acc-000002/capacityPools/cli-pool-000003/volumes/cli-vol-000004?api-version=2022-11-01
  response:
    body:
      string: '{"id":"/subscriptions/00000000-0000-0000-0000-000000000000/resourceGroups/cli_netappfiles_test_volume_000001/providers/Microsoft.NetApp/netAppAccounts/cli-acc-000002/capacityPools/cli-pool-000003/volumes/cli-vol-000004","name":"cli-acc-000002/cli-pool-000003/cli-vol-000004","type":"Microsoft.NetApp/netAppAccounts/capacityPools/volumes","etag":"W/\"datetime''2023-08-31T12%3A48%3A13.9949041Z''\"","location":"uksouth","tags":{"CreatedOnDate":"2023-08-31T12:43:38.9852505Z"},"properties":{"volumeType":"","provisioningState":"Patching","fileSystemId":"4f4231e9-3288-c105-d97b-54d6d65ec687","serviceLevel":"Standard","creationToken":"cli-vol-000004","usageThreshold":214748364800,"exportPolicy":{"rules":[{"ruleIndex":1,"unixReadOnly":false,"unixReadWrite":true,"cifs":false,"nfsv3":true,"nfsv41":false,"allowedClients":"0.0.0.0/0","kerberos5ReadOnly":false,"kerberos5ReadWrite":false,"kerberos5iReadOnly":false,"kerberos5iReadWrite":false,"kerberos5pReadOnly":false,"kerberos5pReadWrite":false,"hasRootAccess":true,"chownMode":"Restricted"}]},"protocolTypes":["NFSv3"],"baremetalTenantId":"baremetalTenant_svm_1bfef7ebcd7111ea852bcab0e2c4def2_0562b048","subnetId":"/subscriptions/00000000-0000-0000-0000-000000000000/resourceGroups/cli_netappfiles_test_volume_000001/providers/Microsoft.Network/virtualNetworks/cli-vnet-000005/subnets/cli-subnet-000006","networkFeatures":"Basic","networkSiblingSetId":"1eb9fc37-911f-7757-5d93-120f75b62b13","storageToNetworkProximity":"AcrossT2","snapshotDirectoryVisible":true,"kerberosEnabled":false,"securityStyle":"Unix","smbEncryption":false,"smbContinuouslyAvailable":false,"encryptionKeySource":"Microsoft.NetApp","ldapEnabled":false,"unixPermissions":"0770","mountTargets":[{"mountTargetId":"4f4231e9-3288-c105-d97b-54d6d65ec687","fileSystemId":"4f4231e9-3288-c105-d97b-54d6d65ec687","ipAddress":"10.0.0.4"}],"coolAccess":false,"avsDataStore":"Disabled","isDefaultQuotaEnabled":false,"defaultUserQuotaInKiBs":0,"defaultGroupQuotaInKiBs":0,"enableSubvolumes":"Disabled","maximumNumberOfFiles":100000000,"smbNonBrowsable":"Disabled","smbAccessBasedEnumeration":"Disabled","isLargeVolume":false,"provisionedAvailabilityZone":"3","actualThroughputMibps":3.125},"systemData":{"createdBy":"c6c4faba-2b22-44d9-80a4-71ff5b71f811","createdByType":"Application","createdAt":"2023-08-31T12:43:39.5220794Z","lastModifiedBy":"c6c4faba-2b22-44d9-80a4-71ff5b71f811","lastModifiedByType":"Application","lastModifiedAt":"2023-08-31T12:43:39.5220794Z"}}'
    headers:
      azure-asyncoperation:
      - https://management.azure.com/subscriptions/00000000-0000-0000-0000-000000000000/providers/Microsoft.NetApp/locations/uksouth/operationResults/f8e7cd44-92bc-4108-ac2c-c09b226e7b2d?api-version=2022-11-01
      cache-control:
      - no-cache
      content-length:
      - '2475'
      content-type:
      - application/json; charset=utf-8
      date:
      - Thu, 31 Aug 2023 12:48:13 GMT
      etag:
      - W/"datetime'2023-08-31T12%3A48%3A13.9949041Z'"
      expires:
      - '-1'
      location:
      - https://management.azure.com/subscriptions/00000000-0000-0000-0000-000000000000/providers/Microsoft.NetApp/locations/uksouth/operationResults/f8e7cd44-92bc-4108-ac2c-c09b226e7b2d?api-version=2022-11-01&operationResultResponseType=Location
      pragma:
      - no-cache
      server:
      - Microsoft-IIS/10.0
      strict-transport-security:
      - max-age=31536000; includeSubDomains
      x-content-type-options:
      - nosniff
      x-ms-ratelimit-remaining-subscription-writes:
      - '1199'
      x-powered-by:
      - ASP.NET
    status:
      code: 202
      message: Accepted
- request:
    body: null
    headers:
      Accept:
      - '*/*'
      Accept-Encoding:
      - gzip, deflate
      CommandName:
      - netappfiles volume export-policy add
      Connection:
      - keep-alive
      ParameterSetName:
      - -g -a -p -v --allowed-clients --rule-index --unix-read-only --unix-read-write
        --cifs --nfsv3 --nfsv41
      User-Agent:
      - AZURECLI/2.51.0 azsdk-python-mgmt-netapp/10.1.0 Python/3.10.10 (Windows-10-10.0.22621-SP0)
    method: GET
    uri: https://management.azure.com/subscriptions/00000000-0000-0000-0000-000000000000/providers/Microsoft.NetApp/locations/uksouth/operationResults/f8e7cd44-92bc-4108-ac2c-c09b226e7b2d?api-version=2022-11-01
  response:
    body:
      string: '{"id":"/subscriptions/00000000-0000-0000-0000-000000000000/providers/Microsoft.NetApp/locations/uksouth/operationResults/f8e7cd44-92bc-4108-ac2c-c09b226e7b2d","name":"f8e7cd44-92bc-4108-ac2c-c09b226e7b2d","status":"Patching","startTime":"2023-08-31T12:48:14.0035509Z","endTime":"0001-01-01T00:00:00Z","percentComplete":0.0,"properties":{"resourceName":"/subscriptions/00000000-0000-0000-0000-000000000000/resourceGroups/cli_netappfiles_test_volume_000001/providers/Microsoft.NetApp/netAppAccounts/cli-acc-000002/capacityPools/cli-pool-000003/volumes/cli-vol-000004","action":"PATCH"}}'
    headers:
      cache-control:
      - no-cache
      content-length:
      - '584'
      content-type:
      - application/json; charset=utf-8
      date:
      - Thu, 31 Aug 2023 12:48:13 GMT
      expires:
      - '-1'
      pragma:
      - no-cache
      server:
      - Microsoft-IIS/10.0
      strict-transport-security:
      - max-age=31536000; includeSubDomains
      transfer-encoding:
      - chunked
      vary:
      - Accept-Encoding
      x-content-type-options:
      - nosniff
      x-powered-by:
      - ASP.NET
    status:
      code: 200
      message: OK
- request:
    body: null
    headers:
      Accept:
      - '*/*'
      Accept-Encoding:
      - gzip, deflate
      CommandName:
      - netappfiles volume export-policy add
      Connection:
      - keep-alive
      ParameterSetName:
      - -g -a -p -v --allowed-clients --rule-index --unix-read-only --unix-read-write
        --cifs --nfsv3 --nfsv41
      User-Agent:
      - AZURECLI/2.51.0 azsdk-python-mgmt-netapp/10.1.0 Python/3.10.10 (Windows-10-10.0.22621-SP0)
    method: GET
    uri: https://management.azure.com/subscriptions/00000000-0000-0000-0000-000000000000/providers/Microsoft.NetApp/locations/uksouth/operationResults/f8e7cd44-92bc-4108-ac2c-c09b226e7b2d?api-version=2022-11-01
  response:
    body:
      string: '{"id":"/subscriptions/00000000-0000-0000-0000-000000000000/providers/Microsoft.NetApp/locations/uksouth/operationResults/f8e7cd44-92bc-4108-ac2c-c09b226e7b2d","name":"f8e7cd44-92bc-4108-ac2c-c09b226e7b2d","status":"Succeeded","startTime":"2023-08-31T12:48:14.0035509Z","endTime":"2023-08-31T12:48:17.4879598Z","percentComplete":100.0,"properties":{"resourceName":"/subscriptions/00000000-0000-0000-0000-000000000000/resourceGroups/cli_netappfiles_test_volume_000001/providers/Microsoft.NetApp/netAppAccounts/cli-acc-000002/capacityPools/cli-pool-000003/volumes/cli-vol-000004","action":"PATCH"}}'
    headers:
      cache-control:
      - no-cache
      content-length:
      - '595'
      content-type:
      - application/json; charset=utf-8
      date:
      - Thu, 31 Aug 2023 12:48:43 GMT
      expires:
      - '-1'
      pragma:
      - no-cache
      server:
      - Microsoft-IIS/10.0
      strict-transport-security:
      - max-age=31536000; includeSubDomains
      transfer-encoding:
      - chunked
      vary:
      - Accept-Encoding
      x-content-type-options:
      - nosniff
      x-powered-by:
      - ASP.NET
    status:
      code: 200
      message: OK
- request:
    body: null
    headers:
      Accept:
      - '*/*'
      Accept-Encoding:
      - gzip, deflate
      CommandName:
      - netappfiles volume export-policy add
      Connection:
      - keep-alive
      ParameterSetName:
      - -g -a -p -v --allowed-clients --rule-index --unix-read-only --unix-read-write
        --cifs --nfsv3 --nfsv41
      User-Agent:
      - AZURECLI/2.51.0 azsdk-python-mgmt-netapp/10.1.0 Python/3.10.10 (Windows-10-10.0.22621-SP0)
    method: GET
    uri: https://management.azure.com/subscriptions/00000000-0000-0000-0000-000000000000/providers/Microsoft.NetApp/locations/uksouth/operationResults/f8e7cd44-92bc-4108-ac2c-c09b226e7b2d?api-version=2022-11-01&operationResultResponseType=Location
  response:
    body:
      string: '{"volumeType":"","provisioningState":"Patching","fileSystemId":"4f4231e9-3288-c105-d97b-54d6d65ec687","serviceLevel":"Standard","creationToken":"cli-vol-000004","usageThreshold":214748364800,"exportPolicy":{"rules":[{"ruleIndex":3,"unixReadOnly":true,"unixReadWrite":false,"cifs":false,"nfsv3":true,"nfsv41":false,"allowedClients":"1.2.3.0/24","kerberos5ReadOnly":false,"kerberos5ReadWrite":false,"kerberos5iReadOnly":false,"kerberos5iReadWrite":false,"kerberos5pReadOnly":false,"kerberos5pReadWrite":false,"hasRootAccess":true,"chownMode":"Restricted"},{"ruleIndex":1,"unixReadOnly":false,"unixReadWrite":true,"cifs":false,"nfsv3":true,"nfsv41":false,"allowedClients":"0.0.0.0/0","kerberos5ReadOnly":false,"kerberos5ReadWrite":false,"kerberos5iReadOnly":false,"kerberos5iReadWrite":false,"kerberos5pReadOnly":false,"kerberos5pReadWrite":false,"hasRootAccess":true,"chownMode":"Restricted"}]},"protocolTypes":["NFSv3"],"baremetalTenantId":"baremetalTenant_svm_1bfef7ebcd7111ea852bcab0e2c4def2_0562b048","subnetId":"/subscriptions/00000000-0000-0000-0000-000000000000/resourceGroups/cli_netappfiles_test_volume_000001/providers/Microsoft.Network/virtualNetworks/cli-vnet-000005/subnets/cli-subnet-000006","networkFeatures":"Basic","networkSiblingSetId":"1eb9fc37-911f-7757-5d93-120f75b62b13","storageToNetworkProximity":"AcrossT2","snapshotDirectoryVisible":true,"kerberosEnabled":false,"securityStyle":"Unix","smbEncryption":false,"smbContinuouslyAvailable":false,"encryptionKeySource":"Microsoft.NetApp","ldapEnabled":false,"unixPermissions":"0770","mountTargets":[{"mountTargetId":"4f4231e9-3288-c105-d97b-54d6d65ec687","fileSystemId":"4f4231e9-3288-c105-d97b-54d6d65ec687","ipAddress":"10.0.0.4"}],"throughputMibps":0.0,"coolAccess":false,"avsDataStore":"Disabled","isDefaultQuotaEnabled":false,"defaultUserQuotaInKiBs":0,"defaultGroupQuotaInKiBs":0,"enableSubvolumes":"Disabled","maximumNumberOfFiles":100000000,"smbNonBrowsable":"Disabled","smbAccessBasedEnumeration":"Disabled","isLargeVolume":false,"provisionedAvailabilityZone":"3","actualThroughputMibps":3.125}'
    headers:
      cache-control:
      - no-cache
      content-length:
      - '2070'
      content-type:
      - application/json; charset=utf-8
      date:
      - Thu, 31 Aug 2023 12:48:43 GMT
      expires:
      - '-1'
      pragma:
      - no-cache
      server:
      - Microsoft-IIS/10.0
      strict-transport-security:
      - max-age=31536000; includeSubDomains
      transfer-encoding:
      - chunked
      vary:
      - Accept-Encoding
      x-content-type-options:
      - nosniff
      x-powered-by:
      - ASP.NET
    status:
      code: 200
      message: OK
- request:
    body: null
    headers:
      Accept:
      - application/json
      Accept-Encoding:
      - gzip, deflate
      CommandName:
      - netappfiles volume export-policy add
      Connection:
      - keep-alive
      ParameterSetName:
      - -g -a -p -v --allowed-clients --rule-index --unix-read-only --unix-read-write
        --cifs --nfsv3 --nfsv41
      User-Agent:
      - AZURECLI/2.51.0 azsdk-python-mgmt-netapp/10.1.0 Python/3.10.10 (Windows-10-10.0.22621-SP0)
    method: GET
    uri: https://management.azure.com/subscriptions/00000000-0000-0000-0000-000000000000/resourceGroups/cli_netappfiles_test_volume_000001/providers/Microsoft.NetApp/netAppAccounts/cli-acc-000002/capacityPools/cli-pool-000003/volumes/cli-vol-000004?api-version=2022-11-01
  response:
    body:
      string: '{"id":"/subscriptions/00000000-0000-0000-0000-000000000000/resourceGroups/cli_netappfiles_test_volume_000001/providers/Microsoft.NetApp/netAppAccounts/cli-acc-000002/capacityPools/cli-pool-000003/volumes/cli-vol-000004","name":"cli-acc-000002/cli-pool-000003/cli-vol-000004","type":"Microsoft.NetApp/netAppAccounts/capacityPools/volumes","etag":"W/\"datetime''2023-08-31T12%3A48%3A17.4808926Z''\"","location":"uksouth","tags":{"CreatedOnDate":"2023-08-31T12:43:38.9852505Z"},"properties":{"volumeType":"","provisioningState":"Succeeded","fileSystemId":"4f4231e9-3288-c105-d97b-54d6d65ec687","serviceLevel":"Standard","creationToken":"cli-vol-000004","usageThreshold":214748364800,"exportPolicy":{"rules":[{"ruleIndex":3,"unixReadOnly":true,"unixReadWrite":false,"cifs":false,"nfsv3":true,"nfsv41":false,"allowedClients":"1.2.3.0/24","kerberos5ReadOnly":false,"kerberos5ReadWrite":false,"kerberos5iReadOnly":false,"kerberos5iReadWrite":false,"kerberos5pReadOnly":false,"kerberos5pReadWrite":false,"hasRootAccess":true,"chownMode":"Restricted"},{"ruleIndex":1,"unixReadOnly":false,"unixReadWrite":true,"cifs":false,"nfsv3":true,"nfsv41":false,"allowedClients":"0.0.0.0/0","kerberos5ReadOnly":false,"kerberos5ReadWrite":false,"kerberos5iReadOnly":false,"kerberos5iReadWrite":false,"kerberos5pReadOnly":false,"kerberos5pReadWrite":false,"hasRootAccess":true,"chownMode":"Restricted"}]},"protocolTypes":["NFSv3"],"baremetalTenantId":"baremetalTenant_svm_1bfef7ebcd7111ea852bcab0e2c4def2_0562b048","subnetId":"/subscriptions/00000000-0000-0000-0000-000000000000/resourceGroups/cli_netappfiles_test_volume_000001/providers/Microsoft.Network/virtualNetworks/cli-vnet-000005/subnets/cli-subnet-000006","networkFeatures":"Basic","networkSiblingSetId":"1eb9fc37-911f-7757-5d93-120f75b62b13","storageToNetworkProximity":"AcrossT2","snapshotDirectoryVisible":true,"kerberosEnabled":false,"securityStyle":"Unix","smbEncryption":false,"smbContinuouslyAvailable":false,"encryptionKeySource":"Microsoft.NetApp","ldapEnabled":false,"unixPermissions":"0770","mountTargets":[{"mountTargetId":"4f4231e9-3288-c105-d97b-54d6d65ec687","fileSystemId":"4f4231e9-3288-c105-d97b-54d6d65ec687","ipAddress":"10.0.0.4"}],"coolAccess":false,"avsDataStore":"Disabled","isDefaultQuotaEnabled":false,"defaultUserQuotaInKiBs":0,"defaultGroupQuotaInKiBs":0,"enableSubvolumes":"Disabled","maximumNumberOfFiles":100000000,"smbNonBrowsable":"Disabled","smbAccessBasedEnumeration":"Disabled","isLargeVolume":false,"provisionedAvailabilityZone":"3","actualThroughputMibps":3.125},"systemData":{"createdBy":"c6c4faba-2b22-44d9-80a4-71ff5b71f811","createdByType":"Application","createdAt":"2023-08-31T12:43:39.5220794Z","lastModifiedBy":"c6c4faba-2b22-44d9-80a4-71ff5b71f811","lastModifiedByType":"Application","lastModifiedAt":"2023-08-31T12:48:13.9281209Z"}}'
    headers:
      cache-control:
      - no-cache
      content-length:
      - '2814'
      content-type:
      - application/json; charset=utf-8
      date:
      - Thu, 31 Aug 2023 12:48:43 GMT
      etag:
      - W/"datetime'2023-08-31T12%3A48%3A17.4808926Z'"
      expires:
      - '-1'
      pragma:
      - no-cache
      server:
      - Microsoft-IIS/10.0
      strict-transport-security:
      - max-age=31536000; includeSubDomains
      transfer-encoding:
      - chunked
      vary:
      - Accept-Encoding
      x-content-type-options:
      - nosniff
      x-powered-by:
      - ASP.NET
    status:
      code: 200
      message: OK
- request:
    body: null
    headers:
      Accept:
      - application/json
      Accept-Encoding:
      - gzip, deflate
      CommandName:
      - netappfiles volume export-policy add
      Connection:
      - keep-alive
      ParameterSetName:
      - -g -a -p -v --allowed-clients --rule-index --unix-read-only --unix-read-write
        --cifs --nfsv3 --nfsv41
      User-Agent:
      - AZURECLI/2.51.0 azsdk-python-mgmt-netapp/10.1.0 Python/3.10.10 (Windows-10-10.0.22621-SP0)
    method: GET
    uri: https://management.azure.com/subscriptions/00000000-0000-0000-0000-000000000000/resourceGroups/cli_netappfiles_test_volume_000001/providers/Microsoft.NetApp/netAppAccounts/cli-acc-000002/capacityPools/cli-pool-000003/volumes/cli-vol-000004?api-version=2022-11-01
  response:
    body:
      string: '{"id":"/subscriptions/00000000-0000-0000-0000-000000000000/resourceGroups/cli_netappfiles_test_volume_000001/providers/Microsoft.NetApp/netAppAccounts/cli-acc-000002/capacityPools/cli-pool-000003/volumes/cli-vol-000004","name":"cli-acc-000002/cli-pool-000003/cli-vol-000004","type":"Microsoft.NetApp/netAppAccounts/capacityPools/volumes","etag":"W/\"datetime''2023-08-31T12%3A48%3A17.4808926Z''\"","location":"uksouth","tags":{"CreatedOnDate":"2023-08-31T12:43:38.9852505Z"},"properties":{"volumeType":"","provisioningState":"Succeeded","fileSystemId":"4f4231e9-3288-c105-d97b-54d6d65ec687","serviceLevel":"Standard","creationToken":"cli-vol-000004","usageThreshold":214748364800,"exportPolicy":{"rules":[{"ruleIndex":3,"unixReadOnly":true,"unixReadWrite":false,"cifs":false,"nfsv3":true,"nfsv41":false,"allowedClients":"1.2.3.0/24","kerberos5ReadOnly":false,"kerberos5ReadWrite":false,"kerberos5iReadOnly":false,"kerberos5iReadWrite":false,"kerberos5pReadOnly":false,"kerberos5pReadWrite":false,"hasRootAccess":true,"chownMode":"Restricted"},{"ruleIndex":1,"unixReadOnly":false,"unixReadWrite":true,"cifs":false,"nfsv3":true,"nfsv41":false,"allowedClients":"0.0.0.0/0","kerberos5ReadOnly":false,"kerberos5ReadWrite":false,"kerberos5iReadOnly":false,"kerberos5iReadWrite":false,"kerberos5pReadOnly":false,"kerberos5pReadWrite":false,"hasRootAccess":true,"chownMode":"Restricted"}]},"protocolTypes":["NFSv3"],"baremetalTenantId":"baremetalTenant_svm_1bfef7ebcd7111ea852bcab0e2c4def2_0562b048","subnetId":"/subscriptions/00000000-0000-0000-0000-000000000000/resourceGroups/cli_netappfiles_test_volume_000001/providers/Microsoft.Network/virtualNetworks/cli-vnet-000005/subnets/cli-subnet-000006","networkFeatures":"Basic","networkSiblingSetId":"1eb9fc37-911f-7757-5d93-120f75b62b13","storageToNetworkProximity":"AcrossT2","snapshotDirectoryVisible":true,"kerberosEnabled":false,"securityStyle":"Unix","smbEncryption":false,"smbContinuouslyAvailable":false,"encryptionKeySource":"Microsoft.NetApp","ldapEnabled":false,"unixPermissions":"0770","mountTargets":[{"mountTargetId":"4f4231e9-3288-c105-d97b-54d6d65ec687","fileSystemId":"4f4231e9-3288-c105-d97b-54d6d65ec687","ipAddress":"10.0.0.4"}],"coolAccess":false,"avsDataStore":"Disabled","isDefaultQuotaEnabled":false,"defaultUserQuotaInKiBs":0,"defaultGroupQuotaInKiBs":0,"enableSubvolumes":"Disabled","maximumNumberOfFiles":100000000,"smbNonBrowsable":"Disabled","smbAccessBasedEnumeration":"Disabled","isLargeVolume":false,"provisionedAvailabilityZone":"3","actualThroughputMibps":3.125},"systemData":{"createdBy":"c6c4faba-2b22-44d9-80a4-71ff5b71f811","createdByType":"Application","createdAt":"2023-08-31T12:43:39.5220794Z","lastModifiedBy":"c6c4faba-2b22-44d9-80a4-71ff5b71f811","lastModifiedByType":"Application","lastModifiedAt":"2023-08-31T12:48:13.9281209Z"}}'
    headers:
      cache-control:
      - no-cache
      content-length:
      - '2814'
      content-type:
      - application/json; charset=utf-8
      date:
      - Thu, 31 Aug 2023 12:48:45 GMT
      etag:
      - W/"datetime'2023-08-31T12%3A48%3A17.4808926Z'"
      expires:
      - '-1'
      pragma:
      - no-cache
      server:
      - Microsoft-IIS/10.0
      strict-transport-security:
      - max-age=31536000; includeSubDomains
      transfer-encoding:
      - chunked
      vary:
      - Accept-Encoding
      x-content-type-options:
      - nosniff
      x-powered-by:
      - ASP.NET
    status:
      code: 200
      message: OK
version: 1
