interactions:
- request:
    body: '{"location": "westus2", "properties": {"encryption": {}}}'
    headers:
      Accept:
      - application/json
      Accept-Encoding:
      - gzip, deflate
      CommandName:
      - netappfiles account create
      Connection:
      - keep-alive
      Content-Length:
      - '57'
      Content-Type:
      - application/json
      ParameterSetName:
      - -g -a -l
      User-Agent:
      - AZURECLI/2.20.0 azsdk-python-mgmt-netapp/1.0.0 Python/3.8.7 (macOS-11.2.2-x86_64-i386-64bit)
    method: PUT
    uri: https://management.azure.com/subscriptions/00000000-0000-0000-0000-000000000000/resourceGroups/cli_netappfiles_test_pool_000001/providers/Microsoft.NetApp/netAppAccounts/cli000002?api-version=2020-12-01
  response:
    body:
      string: '{"id":"/subscriptions/00000000-0000-0000-0000-000000000000/resourceGroups/cli_netappfiles_test_pool_000001/providers/Microsoft.NetApp/netAppAccounts/cli000002","name":"cli000002","type":"Microsoft.NetApp/netAppAccounts","etag":"W/\"datetime''2021-03-09T13%3A00%3A41.7514905Z''\"","location":"westus2","properties":{"encryption":{},"provisioningState":"Creating"}}'
    headers:
      access-control-expose-headers:
      - Request-Context
      azure-asyncoperation:
      - https://management.azure.com/subscriptions/00000000-0000-0000-0000-000000000000/providers/Microsoft.NetApp/locations/westus2/operationResults/1215fbdf-9f72-48ab-b0b1-05a59e108d50?api-version=2020-12-01
      cache-control:
      - no-cache
      content-length:
      - '434'
      content-type:
      - application/json; charset=utf-8
      date:
      - Tue, 09 Mar 2021 13:00:42 GMT
      etag:
      - W/"datetime'2021-03-09T13%3A00%3A41.7514905Z'"
      expires:
      - '-1'
      pragma:
      - no-cache
      request-context:
      - appId=cid-v1:2c4cb680-0a1f-424d-bb8d-8e650ba68d53
      server:
      - Microsoft-IIS/10.0
      strict-transport-security:
      - max-age=31536000; includeSubDomains
      x-content-type-options:
      - nosniff
      x-ms-ratelimit-remaining-subscription-writes:
      - '1199'
      x-powered-by:
      - ASP.NET
    status:
      code: 201
      message: Created
- request:
    body: null
    headers:
      Accept:
      - '*/*'
      Accept-Encoding:
      - gzip, deflate
      CommandName:
      - netappfiles account create
      Connection:
      - keep-alive
      ParameterSetName:
      - -g -a -l
      User-Agent:
      - AZURECLI/2.20.0 azsdk-python-mgmt-netapp/1.0.0 Python/3.8.7 (macOS-11.2.2-x86_64-i386-64bit)
    method: GET
    uri: https://management.azure.com/subscriptions/00000000-0000-0000-0000-000000000000/providers/Microsoft.NetApp/locations/westus2/operationResults/1215fbdf-9f72-48ab-b0b1-05a59e108d50?api-version=2020-12-01
  response:
    body:
      string: '{"id":"/subscriptions/00000000-0000-0000-0000-000000000000/providers/Microsoft.NetApp/locations/westus2/operationResults/1215fbdf-9f72-48ab-b0b1-05a59e108d50","name":"1215fbdf-9f72-48ab-b0b1-05a59e108d50","status":"Succeeded","startTime":"2021-03-09T13:00:41.7083656Z","endTime":"2021-03-09T13:00:41.830621Z","percentComplete":100.0,"properties":{"resourceName":"/subscriptions/00000000-0000-0000-0000-000000000000/resourceGroups/cli_netappfiles_test_pool_000001/providers/Microsoft.NetApp/netAppAccounts/cli000002"}}'
    headers:
      access-control-expose-headers:
      - Request-Context
      cache-control:
      - no-cache
      content-length:
      - '575'
      content-type:
      - application/json; charset=utf-8
      date:
      - Tue, 09 Mar 2021 13:01:13 GMT
      expires:
      - '-1'
      pragma:
      - no-cache
      request-context:
      - appId=cid-v1:2c4cb680-0a1f-424d-bb8d-8e650ba68d53
      server:
      - Microsoft-IIS/10.0
      strict-transport-security:
      - max-age=31536000; includeSubDomains
      transfer-encoding:
      - chunked
      vary:
      - Accept-Encoding
      x-content-type-options:
      - nosniff
      x-powered-by:
      - ASP.NET
    status:
      code: 200
      message: OK
- request:
    body: null
    headers:
      Accept:
      - '*/*'
      Accept-Encoding:
      - gzip, deflate
      CommandName:
      - netappfiles account create
      Connection:
      - keep-alive
      ParameterSetName:
      - -g -a -l
      User-Agent:
      - AZURECLI/2.20.0 azsdk-python-mgmt-netapp/1.0.0 Python/3.8.7 (macOS-11.2.2-x86_64-i386-64bit)
    method: GET
    uri: https://management.azure.com/subscriptions/00000000-0000-0000-0000-000000000000/resourceGroups/cli_netappfiles_test_pool_000001/providers/Microsoft.NetApp/netAppAccounts/cli000002?api-version=2020-12-01
  response:
    body:
      string: '{"id":"/subscriptions/00000000-0000-0000-0000-000000000000/resourceGroups/cli_netappfiles_test_pool_000001/providers/Microsoft.NetApp/netAppAccounts/cli000002","name":"cli000002","type":"Microsoft.NetApp/netAppAccounts","etag":"W/\"datetime''2021-03-09T13%3A00%3A41.8235412Z''\"","location":"westus2","properties":{"provisioningState":"Succeeded","encryption":{}}}'
    headers:
      access-control-expose-headers:
      - Request-Context
      cache-control:
      - no-cache
      content-length:
      - '435'
      content-type:
      - application/json; charset=utf-8
      date:
      - Tue, 09 Mar 2021 13:01:13 GMT
      etag:
      - W/"datetime'2021-03-09T13%3A00%3A41.8235412Z'"
      expires:
      - '-1'
      pragma:
      - no-cache
      request-context:
      - appId=cid-v1:2c4cb680-0a1f-424d-bb8d-8e650ba68d53
      server:
      - Microsoft-IIS/10.0
      strict-transport-security:
      - max-age=31536000; includeSubDomains
      transfer-encoding:
      - chunked
      vary:
      - Accept-Encoding
      x-content-type-options:
      - nosniff
      x-powered-by:
      - ASP.NET
    status:
      code: 200
      message: OK
- request:
    body: '{"location": "westus2", "tags": {"Tag1": "Value1"}, "properties": {"size":
      4398046511104, "serviceLevel": "Premium"}}'
    headers:
      Accept:
      - application/json
      Accept-Encoding:
      - gzip, deflate
      CommandName:
      - netappfiles pool create
      Connection:
      - keep-alive
      Content-Length:
      - '117'
      Content-Type:
      - application/json
      ParameterSetName:
      - -g -a -p -l --service-level --size --tags
      User-Agent:
      - AZURECLI/2.20.0 azsdk-python-mgmt-netapp/1.0.0 Python/3.8.7 (macOS-11.2.2-x86_64-i386-64bit)
    method: PUT
    uri: https://management.azure.com/subscriptions/00000000-0000-0000-0000-000000000000/resourceGroups/cli_netappfiles_test_pool_000001/providers/Microsoft.NetApp/netAppAccounts/cli000002/capacityPools/cli000003?api-version=2020-12-01
  response:
    body:
      string: '{"id":"/subscriptions/00000000-0000-0000-0000-000000000000/resourceGroups/cli_netappfiles_test_pool_000001/providers/Microsoft.NetApp/netAppAccounts/cli000002/capacityPools/cli000003","name":"cli000002/cli000003","type":"Microsoft.NetApp/netAppAccounts/capacityPools","etag":"W/\"datetime''2021-03-09T13%3A01%3A20.2745759Z''\"","location":"westus2","tags":{"Tag1":"Value1"},"properties":{"serviceLevel":"Premium","size":4398046511104,"totalThroughputMibps":0.0,"utilizedThroughputMibps":0.0,"provisioningState":"Creating"}}'
    headers:
      access-control-expose-headers:
      - Request-Context
      azure-asyncoperation:
      - https://management.azure.com/subscriptions/00000000-0000-0000-0000-000000000000/providers/Microsoft.NetApp/locations/westus2/operationResults/163c907c-c551-4ee4-8103-4a08a0118622?api-version=2020-12-01
      cache-control:
      - no-cache
      content-length:
      - '624'
      content-type:
      - application/json; charset=utf-8
      date:
      - Tue, 09 Mar 2021 13:01:21 GMT
      etag:
      - W/"datetime'2021-03-09T13%3A01%3A20.2745759Z'"
      expires:
      - '-1'
      pragma:
      - no-cache
      request-context:
      - appId=cid-v1:2c4cb680-0a1f-424d-bb8d-8e650ba68d53
      server:
      - Microsoft-IIS/10.0
      strict-transport-security:
      - max-age=31536000; includeSubDomains
      x-content-type-options:
      - nosniff
      x-ms-ratelimit-remaining-subscription-writes:
      - '1199'
      x-powered-by:
      - ASP.NET
    status:
      code: 201
      message: Created
- request:
    body: null
    headers:
      Accept:
      - '*/*'
      Accept-Encoding:
      - gzip, deflate
      CommandName:
      - netappfiles pool create
      Connection:
      - keep-alive
      ParameterSetName:
      - -g -a -p -l --service-level --size --tags
      User-Agent:
      - AZURECLI/2.20.0 azsdk-python-mgmt-netapp/1.0.0 Python/3.8.7 (macOS-11.2.2-x86_64-i386-64bit)
    method: GET
    uri: https://management.azure.com/subscriptions/00000000-0000-0000-0000-000000000000/providers/Microsoft.NetApp/locations/westus2/operationResults/163c907c-c551-4ee4-8103-4a08a0118622?api-version=2020-12-01
  response:
    body:
      string: '{"id":"/subscriptions/00000000-0000-0000-0000-000000000000/providers/Microsoft.NetApp/locations/westus2/operationResults/163c907c-c551-4ee4-8103-4a08a0118622","name":"163c907c-c551-4ee4-8103-4a08a0118622","status":"Succeeded","startTime":"2021-03-09T13:01:20.2134475Z","endTime":"2021-03-09T13:01:20.5234678Z","percentComplete":100.0,"properties":{"resourceName":"/subscriptions/00000000-0000-0000-0000-000000000000/resourceGroups/cli_netappfiles_test_pool_000001/providers/Microsoft.NetApp/netAppAccounts/cli000002/capacityPools/cli000003"}}'
    headers:
      access-control-expose-headers:
      - Request-Context
      cache-control:
      - no-cache
      content-length:
      - '615'
      content-type:
      - application/json; charset=utf-8
      date:
      - Tue, 09 Mar 2021 13:01:51 GMT
      expires:
      - '-1'
      pragma:
      - no-cache
      request-context:
      - appId=cid-v1:2c4cb680-0a1f-424d-bb8d-8e650ba68d53
      server:
      - Microsoft-IIS/10.0
      strict-transport-security:
      - max-age=31536000; includeSubDomains
      transfer-encoding:
      - chunked
      vary:
      - Accept-Encoding
      x-content-type-options:
      - nosniff
      x-powered-by:
      - ASP.NET
    status:
      code: 200
      message: OK
- request:
    body: null
    headers:
      Accept:
      - '*/*'
      Accept-Encoding:
      - gzip, deflate
      CommandName:
      - netappfiles pool create
      Connection:
      - keep-alive
      ParameterSetName:
      - -g -a -p -l --service-level --size --tags
      User-Agent:
      - AZURECLI/2.20.0 azsdk-python-mgmt-netapp/1.0.0 Python/3.8.7 (macOS-11.2.2-x86_64-i386-64bit)
    method: GET
    uri: https://management.azure.com/subscriptions/00000000-0000-0000-0000-000000000000/resourceGroups/cli_netappfiles_test_pool_000001/providers/Microsoft.NetApp/netAppAccounts/cli000002/capacityPools/cli000003?api-version=2020-12-01
  response:
    body:
      string: '{"id":"/subscriptions/00000000-0000-0000-0000-000000000000/resourceGroups/cli_netappfiles_test_pool_000001/providers/Microsoft.NetApp/netAppAccounts/cli000002/capacityPools/cli000003","name":"cli000002/cli000003","type":"Microsoft.NetApp/netAppAccounts/capacityPools","etag":"W/\"datetime''2021-03-09T13%3A01%3A20.4937284Z''\"","location":"westus2","tags":{"Tag1":"Value1"},"properties":{"poolId":"d0a59c55-8a9a-a20d-cf17-56ce6f6e2a84","serviceLevel":"Premium","size":4398046511104,"qosType":"Auto","totalThroughputMibps":262.144,"utilizedThroughputMibps":0.0,"encryptionType":"Single","provisioningState":"Succeeded"}}'
    headers:
      access-control-expose-headers:
      - Request-Context
      cache-control:
      - no-cache
      content-length:
      - '720'
      content-type:
      - application/json; charset=utf-8
      date:
      - Tue, 09 Mar 2021 13:01:51 GMT
      etag:
      - W/"datetime'2021-03-09T13%3A01%3A20.4937284Z'"
      expires:
      - '-1'
      pragma:
      - no-cache
      request-context:
      - appId=cid-v1:2c4cb680-0a1f-424d-bb8d-8e650ba68d53
      server:
      - Microsoft-IIS/10.0
      strict-transport-security:
      - max-age=31536000; includeSubDomains
      transfer-encoding:
      - chunked
      vary:
      - Accept-Encoding
      x-content-type-options:
      - nosniff
      x-powered-by:
      - ASP.NET
    status:
      code: 200
      message: OK
- request:
    body: '{"location": "westus2", "tags": {"Tag1": "Value1"}, "properties": {"size":
      4398046511104, "serviceLevel": "Premium"}}'
    headers:
      Accept:
      - application/json
      Accept-Encoding:
      - gzip, deflate
      CommandName:
      - netappfiles pool create
      Connection:
      - keep-alive
      Content-Length:
      - '117'
      Content-Type:
      - application/json
      ParameterSetName:
      - -g -a -p -l --service-level --size --tags
      User-Agent:
      - AZURECLI/2.20.0 azsdk-python-mgmt-netapp/1.0.0 Python/3.8.7 (macOS-11.2.2-x86_64-i386-64bit)
    method: PUT
    uri: https://management.azure.com/subscriptions/00000000-0000-0000-0000-000000000000/resourceGroups/cli_netappfiles_test_pool_000001/providers/Microsoft.NetApp/netAppAccounts/cli000002/capacityPools/cli000004?api-version=2020-12-01
  response:
    body:
      string: '{"id":"/subscriptions/00000000-0000-0000-0000-000000000000/resourceGroups/cli_netappfiles_test_pool_000001/providers/Microsoft.NetApp/netAppAccounts/cli000002/capacityPools/cli000004","name":"cli000002/cli000004","type":"Microsoft.NetApp/netAppAccounts/capacityPools","etag":"W/\"datetime''2021-03-09T13%3A01%3A58.6585639Z''\"","location":"westus2","tags":{"Tag1":"Value1"},"properties":{"serviceLevel":"Premium","size":4398046511104,"totalThroughputMibps":0.0,"utilizedThroughputMibps":0.0,"provisioningState":"Creating"}}'
    headers:
      access-control-expose-headers:
      - Request-Context
      azure-asyncoperation:
      - https://management.azure.com/subscriptions/00000000-0000-0000-0000-000000000000/providers/Microsoft.NetApp/locations/westus2/operationResults/e3d0ec65-2e2c-47cb-a794-afe0fb08f70c?api-version=2020-12-01
      cache-control:
      - no-cache
      content-length:
      - '624'
      content-type:
      - application/json; charset=utf-8
      date:
      - Tue, 09 Mar 2021 13:01:59 GMT
      etag:
      - W/"datetime'2021-03-09T13%3A01%3A58.6585639Z'"
      expires:
      - '-1'
      pragma:
      - no-cache
      request-context:
      - appId=cid-v1:2c4cb680-0a1f-424d-bb8d-8e650ba68d53
      server:
      - Microsoft-IIS/10.0
      strict-transport-security:
      - max-age=31536000; includeSubDomains
      x-content-type-options:
      - nosniff
      x-ms-ratelimit-remaining-subscription-writes:
      - '1199'
      x-powered-by:
      - ASP.NET
    status:
      code: 201
      message: Created
- request:
    body: null
    headers:
      Accept:
      - '*/*'
      Accept-Encoding:
      - gzip, deflate
      CommandName:
      - netappfiles pool create
      Connection:
      - keep-alive
      ParameterSetName:
      - -g -a -p -l --service-level --size --tags
      User-Agent:
      - AZURECLI/2.20.0 azsdk-python-mgmt-netapp/1.0.0 Python/3.8.7 (macOS-11.2.2-x86_64-i386-64bit)
    method: GET
    uri: https://management.azure.com/subscriptions/00000000-0000-0000-0000-000000000000/providers/Microsoft.NetApp/locations/westus2/operationResults/e3d0ec65-2e2c-47cb-a794-afe0fb08f70c?api-version=2020-12-01
  response:
    body:
      string: '{"id":"/subscriptions/00000000-0000-0000-0000-000000000000/providers/Microsoft.NetApp/locations/westus2/operationResults/e3d0ec65-2e2c-47cb-a794-afe0fb08f70c","name":"e3d0ec65-2e2c-47cb-a794-afe0fb08f70c","status":"Succeeded","startTime":"2021-03-09T13:01:58.5815319Z","endTime":"2021-03-09T13:02:02.1667114Z","percentComplete":100.0,"properties":{"resourceName":"/subscriptions/00000000-0000-0000-0000-000000000000/resourceGroups/cli_netappfiles_test_pool_000001/providers/Microsoft.NetApp/netAppAccounts/cli000002/capacityPools/cli000004"}}'
    headers:
      access-control-expose-headers:
      - Request-Context
      cache-control:
      - no-cache
      content-length:
      - '615'
      content-type:
      - application/json; charset=utf-8
      date:
      - Tue, 09 Mar 2021 13:02:30 GMT
      expires:
      - '-1'
      pragma:
      - no-cache
      request-context:
      - appId=cid-v1:2c4cb680-0a1f-424d-bb8d-8e650ba68d53
      server:
      - Microsoft-IIS/10.0
      strict-transport-security:
      - max-age=31536000; includeSubDomains
      transfer-encoding:
      - chunked
      vary:
      - Accept-Encoding
      x-content-type-options:
      - nosniff
      x-powered-by:
      - ASP.NET
    status:
      code: 200
      message: OK
- request:
    body: null
    headers:
      Accept:
      - '*/*'
      Accept-Encoding:
      - gzip, deflate
      CommandName:
      - netappfiles pool create
      Connection:
      - keep-alive
      ParameterSetName:
      - -g -a -p -l --service-level --size --tags
      User-Agent:
      - AZURECLI/2.20.0 azsdk-python-mgmt-netapp/1.0.0 Python/3.8.7 (macOS-11.2.2-x86_64-i386-64bit)
    method: GET
    uri: https://management.azure.com/subscriptions/00000000-0000-0000-0000-000000000000/resourceGroups/cli_netappfiles_test_pool_000001/providers/Microsoft.NetApp/netAppAccounts/cli000002/capacityPools/cli000004?api-version=2020-12-01
  response:
    body:
      string: '{"id":"/subscriptions/00000000-0000-0000-0000-000000000000/resourceGroups/cli_netappfiles_test_pool_000001/providers/Microsoft.NetApp/netAppAccounts/cli000002/capacityPools/cli000004","name":"cli000002/cli000004","type":"Microsoft.NetApp/netAppAccounts/capacityPools","etag":"W/\"datetime''2021-03-09T13%3A02%3A02.158027Z''\"","location":"westus2","tags":{"Tag1":"Value1"},"properties":{"poolId":"56b39c62-3dd8-1691-58a3-4b34783c9c1b","serviceLevel":"Premium","size":4398046511104,"qosType":"Auto","totalThroughputMibps":262.144,"utilizedThroughputMibps":0.0,"encryptionType":"Single","provisioningState":"Succeeded"}}'
    headers:
      access-control-expose-headers:
      - Request-Context
      cache-control:
      - no-cache
      content-length:
      - '719'
      content-type:
      - application/json; charset=utf-8
      date:
      - Tue, 09 Mar 2021 13:02:31 GMT
      etag:
      - W/"datetime'2021-03-09T13%3A02%3A02.158027Z'"
      expires:
      - '-1'
      pragma:
      - no-cache
      request-context:
      - appId=cid-v1:2c4cb680-0a1f-424d-bb8d-8e650ba68d53
      server:
      - Microsoft-IIS/10.0
      strict-transport-security:
      - max-age=31536000; includeSubDomains
      transfer-encoding:
      - chunked
      vary:
      - Accept-Encoding
      x-content-type-options:
      - nosniff
      x-powered-by:
      - ASP.NET
    status:
      code: 200
      message: OK
- request:
    body: null
    headers:
      Accept:
      - application/json
      Accept-Encoding:
      - gzip, deflate
      CommandName:
      - netappfiles pool list
      Connection:
      - keep-alive
      ParameterSetName:
      - -g -a
      User-Agent:
      - AZURECLI/2.20.0 azsdk-python-mgmt-netapp/1.0.0 Python/3.8.7 (macOS-11.2.2-x86_64-i386-64bit)
    method: GET
    uri: https://management.azure.com/subscriptions/00000000-0000-0000-0000-000000000000/resourceGroups/cli_netappfiles_test_pool_000001/providers/Microsoft.NetApp/netAppAccounts/cli000002/capacityPools?api-version=2020-12-01
  response:
    body:
      string: '{"value":[{"id":"/subscriptions/00000000-0000-0000-0000-000000000000/resourceGroups/cli_netappfiles_test_pool_000001/providers/Microsoft.NetApp/netAppAccounts/cli000002/capacityPools/cli000004","name":"cli000002/cli000004","type":"Microsoft.NetApp/netAppAccounts/capacityPools","etag":"W/\"datetime''2021-03-09T13%3A02%3A02.158027Z''\"","location":"westus2","tags":{"Tag1":"Value1"},"properties":{"poolId":"56b39c62-3dd8-1691-58a3-4b34783c9c1b","serviceLevel":"Premium","size":4398046511104,"qosType":"Auto","totalThroughputMibps":262.144,"utilizedThroughputMibps":0.0,"encryptionType":"Single","provisioningState":"Succeeded"}},{"id":"/subscriptions/00000000-0000-0000-0000-000000000000/resourceGroups/cli_netappfiles_test_pool_000001/providers/Microsoft.NetApp/netAppAccounts/cli000002/capacityPools/cli000003","name":"cli000002/cli000003","type":"Microsoft.NetApp/netAppAccounts/capacityPools","etag":"W/\"datetime''2021-03-09T13%3A01%3A20.4937284Z''\"","location":"westus2","tags":{"Tag1":"Value1"},"properties":{"poolId":"d0a59c55-8a9a-a20d-cf17-56ce6f6e2a84","serviceLevel":"Premium","size":4398046511104,"qosType":"Auto","totalThroughputMibps":262.144,"utilizedThroughputMibps":0.0,"encryptionType":"Single","provisioningState":"Succeeded"}}]}'
    headers:
      access-control-expose-headers:
      - Request-Context
      cache-control:
      - no-cache
      content-length:
      - '1452'
      content-type:
      - application/json; charset=utf-8
      date:
      - Tue, 09 Mar 2021 13:02:33 GMT
      expires:
      - '-1'
      pragma:
      - no-cache
      request-context:
      - appId=cid-v1:2c4cb680-0a1f-424d-bb8d-8e650ba68d53
      server:
      - Microsoft-IIS/10.0
      strict-transport-security:
      - max-age=31536000; includeSubDomains
      transfer-encoding:
      - chunked
      vary:
      - Accept-Encoding
      x-content-type-options:
      - nosniff
      x-powered-by:
      - ASP.NET
    status:
      code: 200
      message: OK
- request:
    body: null
    headers:
      Accept:
      - '*/*'
      Accept-Encoding:
      - gzip, deflate
      CommandName:
      - netappfiles pool delete
      Connection:
      - keep-alive
      Content-Length:
      - '0'
      ParameterSetName:
      - -g -a -p
      User-Agent:
      - AZURECLI/2.20.0 azsdk-python-mgmt-netapp/1.0.0 Python/3.8.7 (macOS-11.2.2-x86_64-i386-64bit)
    method: DELETE
    uri: https://management.azure.com/subscriptions/00000000-0000-0000-0000-000000000000/resourceGroups/cli_netappfiles_test_pool_000001/providers/Microsoft.NetApp/netAppAccounts/cli000002/capacityPools/cli000003?api-version=2020-12-01
  response:
    body:
      string: ''
    headers:
      access-control-expose-headers:
      - Request-Context
      azure-asyncoperation:
      - https://management.azure.com/subscriptions/00000000-0000-0000-0000-000000000000/providers/Microsoft.NetApp/locations/westus2/operationResults/8afaa25f-6a8c-4190-bc6d-4b1e5f78c873?api-version=2020-12-01
      cache-control:
      - no-cache
      content-length:
      - '0'
      date:
      - Tue, 09 Mar 2021 13:02:35 GMT
      expires:
      - '-1'
      location:
      - https://management.azure.com/subscriptions/00000000-0000-0000-0000-000000000000/providers/Microsoft.NetApp/locations/westus2/operationResults/8afaa25f-6a8c-4190-bc6d-4b1e5f78c873?api-version=2020-12-01&operationResultResponseType=Location
      pragma:
      - no-cache
      request-context:
      - appId=cid-v1:2c4cb680-0a1f-424d-bb8d-8e650ba68d53
      server:
      - Microsoft-IIS/10.0
      strict-transport-security:
      - max-age=31536000; includeSubDomains
      x-content-type-options:
      - nosniff
      x-ms-ratelimit-remaining-subscription-deletes:
      - '14999'
      x-powered-by:
      - ASP.NET
    status:
      code: 202
      message: Accepted
- request:
    body: null
    headers:
      Accept:
      - '*/*'
      Accept-Encoding:
      - gzip, deflate
      CommandName:
      - netappfiles pool delete
      Connection:
      - keep-alive
      ParameterSetName:
      - -g -a -p
      User-Agent:
      - AZURECLI/2.20.0 azsdk-python-mgmt-netapp/1.0.0 Python/3.8.7 (macOS-11.2.2-x86_64-i386-64bit)
    method: GET
    uri: https://management.azure.com/subscriptions/00000000-0000-0000-0000-000000000000/providers/Microsoft.NetApp/locations/westus2/operationResults/8afaa25f-6a8c-4190-bc6d-4b1e5f78c873?api-version=2020-12-01
  response:
    body:
      string: '{"id":"/subscriptions/00000000-0000-0000-0000-000000000000/providers/Microsoft.NetApp/locations/westus2/operationResults/8afaa25f-6a8c-4190-bc6d-4b1e5f78c873","name":"8afaa25f-6a8c-4190-bc6d-4b1e5f78c873","status":"Succeeded","startTime":"2021-03-09T13:02:35.9483794Z","endTime":"2021-03-09T13:02:36.6912842Z","percentComplete":100.0,"properties":{"resourceName":"/subscriptions/00000000-0000-0000-0000-000000000000/resourceGroups/cli_netappfiles_test_pool_000001/providers/Microsoft.NetApp/netAppAccounts/cli000002/capacityPools/cli000003"}}'
    headers:
      access-control-expose-headers:
      - Request-Context
      cache-control:
      - no-cache
      content-length:
      - '615'
      content-type:
      - application/json; charset=utf-8
      date:
      - Tue, 09 Mar 2021 13:03:05 GMT
      expires:
      - '-1'
      pragma:
      - no-cache
      request-context:
      - appId=cid-v1:2c4cb680-0a1f-424d-bb8d-8e650ba68d53
      server:
      - Microsoft-IIS/10.0
      strict-transport-security:
      - max-age=31536000; includeSubDomains
      transfer-encoding:
      - chunked
      vary:
      - Accept-Encoding
      x-content-type-options:
      - nosniff
      x-powered-by:
      - ASP.NET
    status:
      code: 200
      message: OK
- request:
    body: null
    headers:
      Accept:
      - '*/*'
      Accept-Encoding:
      - gzip, deflate
      CommandName:
      - netappfiles pool delete
      Connection:
      - keep-alive
      Content-Length:
      - '0'
      ParameterSetName:
      - -g -a -p
      User-Agent:
      - AZURECLI/2.20.0 azsdk-python-mgmt-netapp/1.0.0 Python/3.8.7 (macOS-11.2.2-x86_64-i386-64bit)
    method: DELETE
    uri: https://management.azure.com/subscriptions/00000000-0000-0000-0000-000000000000/resourceGroups/cli_netappfiles_test_pool_000001/providers/Microsoft.NetApp/netAppAccounts/cli000002/capacityPools/cli000004?api-version=2020-12-01
  response:
    body:
      string: ''
    headers:
      access-control-expose-headers:
      - Request-Context
      azure-asyncoperation:
      - https://management.azure.com/subscriptions/00000000-0000-0000-0000-000000000000/providers/Microsoft.NetApp/locations/westus2/operationResults/ce706733-ed33-46ff-852a-6a115c0fec9e?api-version=2020-12-01
      cache-control:
      - no-cache
      content-length:
      - '0'
      date:
      - Tue, 09 Mar 2021 13:03:08 GMT
      expires:
      - '-1'
      location:
      - https://management.azure.com/subscriptions/00000000-0000-0000-0000-000000000000/providers/Microsoft.NetApp/locations/westus2/operationResults/ce706733-ed33-46ff-852a-6a115c0fec9e?api-version=2020-12-01&operationResultResponseType=Location
      pragma:
      - no-cache
      request-context:
      - appId=cid-v1:2c4cb680-0a1f-424d-bb8d-8e650ba68d53
      server:
      - Microsoft-IIS/10.0
      strict-transport-security:
      - max-age=31536000; includeSubDomains
      x-content-type-options:
      - nosniff
      x-ms-ratelimit-remaining-subscription-deletes:
      - '14999'
      x-powered-by:
      - ASP.NET
    status:
      code: 202
      message: Accepted
- request:
    body: null
    headers:
      Accept:
      - '*/*'
      Accept-Encoding:
      - gzip, deflate
      CommandName:
      - netappfiles pool delete
      Connection:
      - keep-alive
      ParameterSetName:
      - -g -a -p
      User-Agent:
      - AZURECLI/2.20.0 azsdk-python-mgmt-netapp/1.0.0 Python/3.8.7 (macOS-11.2.2-x86_64-i386-64bit)
    method: GET
    uri: https://management.azure.com/subscriptions/00000000-0000-0000-0000-000000000000/providers/Microsoft.NetApp/locations/westus2/operationResults/ce706733-ed33-46ff-852a-6a115c0fec9e?api-version=2020-12-01
  response:
    body:
      string: '{"id":"/subscriptions/00000000-0000-0000-0000-000000000000/providers/Microsoft.NetApp/locations/westus2/operationResults/ce706733-ed33-46ff-852a-6a115c0fec9e","name":"ce706733-ed33-46ff-852a-6a115c0fec9e","status":"Succeeded","startTime":"2021-03-09T13:03:09.5905462Z","endTime":"2021-03-09T13:03:12.3833624Z","percentComplete":100.0,"properties":{"resourceName":"/subscriptions/00000000-0000-0000-0000-000000000000/resourceGroups/cli_netappfiles_test_pool_000001/providers/Microsoft.NetApp/netAppAccounts/cli000002/capacityPools/cli000004"}}'
    headers:
      access-control-expose-headers:
      - Request-Context
      cache-control:
      - no-cache
      content-length:
      - '615'
      content-type:
      - application/json; charset=utf-8
      date:
      - Tue, 09 Mar 2021 13:03:40 GMT
      expires:
      - '-1'
      pragma:
      - no-cache
      request-context:
      - appId=cid-v1:2c4cb680-0a1f-424d-bb8d-8e650ba68d53
      server:
      - Microsoft-IIS/10.0
      strict-transport-security:
      - max-age=31536000; includeSubDomains
      transfer-encoding:
      - chunked
      vary:
      - Accept-Encoding
      x-content-type-options:
      - nosniff
      x-powered-by:
      - ASP.NET
    status:
      code: 200
      message: OK
- request:
    body: null
    headers:
      Accept:
      - application/json
      Accept-Encoding:
      - gzip, deflate
      CommandName:
      - netappfiles pool list
      Connection:
      - keep-alive
      ParameterSetName:
      - --resource-group -a
      User-Agent:
      - AZURECLI/2.20.0 azsdk-python-mgmt-netapp/1.0.0 Python/3.8.7 (macOS-11.2.2-x86_64-i386-64bit)
    method: GET
    uri: https://management.azure.com/subscriptions/00000000-0000-0000-0000-000000000000/resourceGroups/cli_netappfiles_test_pool_000001/providers/Microsoft.NetApp/netAppAccounts/cli000002/capacityPools?api-version=2020-12-01
  response:
    body:
      string: '{"value":[]}'
    headers:
      access-control-expose-headers:
      - Request-Context
      cache-control:
      - no-cache
      content-length:
      - '12'
      content-type:
      - application/json; charset=utf-8
      date:
      - Tue, 09 Mar 2021 13:03:41 GMT
      expires:
      - '-1'
      pragma:
      - no-cache
      request-context:
      - appId=cid-v1:2c4cb680-0a1f-424d-bb8d-8e650ba68d53
      server:
      - Microsoft-IIS/10.0
      strict-transport-security:
      - max-age=31536000; includeSubDomains
      transfer-encoding:
      - chunked
      vary:
      - Accept-Encoding
      x-content-type-options:
      - nosniff
      x-powered-by:
      - ASP.NET
    status:
      code: 200
      message: OK
version: 1
