interactions:
- request:
    body: '{"location": "eastus2", "properties": {"addressSpace": {"addressPrefixes":
      ["10.5.0.0/16"]}, "enableDdosProtection": false, "enableVmProtection": false}}'
    headers:
      Accept:
      - application/json
      Accept-Encoding:
      - gzip, deflate
      CommandName:
      - network vnet create
      Connection:
      - keep-alive
      Content-Length:
      - '153'
      Content-Type:
      - application/json
      ParameterSetName:
      - -n -g -l --address-prefix
      User-Agent:
      - AZURECLI/2.48.0 (AAZ) azsdk-python-core/1.26.0 Python/3.8.3 (Windows-10-10.0.22000-SP0)
    method: PUT
    uri: https://management.azure.com/subscriptions/00000000-0000-0000-0000-000000000000/resourceGroups/cli_netappfiles_test_snapshot_000001/providers/Microsoft.Network/virtualNetworks/cli-vnet-lefr-02?api-version=2022-01-01
  response:
    body:
      string: "{\r\n  \"name\": \"cli-vnet-lefr-02\",\r\n  \"id\": \"/subscriptions/00000000-0000-0000-0000-000000000000/resourceGroups/cli_netappfiles_test_snapshot_000001/providers/Microsoft.Network/virtualNetworks/cli-vnet-lefr-02\",\r\n
        \ \"etag\": \"W/\\\"da093d6e-8563-4c6d-a5ae-d7e6a6fcc75d\\\"\",\r\n  \"type\":
        \"Microsoft.Network/virtualNetworks\",\r\n  \"location\": \"eastus2\",\r\n
        \ \"tags\": {\r\n    \"CreatedOnDate\": \"2023-04-27T15:09:41.5258819Z\"\r\n
        \ },\r\n  \"properties\": {\r\n    \"provisioningState\": \"Updating\",\r\n
        \   \"resourceGuid\": \"bd72e925-4c78-41dc-b5e9-a7f46cd59f63\",\r\n    \"addressSpace\":
        {\r\n      \"addressPrefixes\": [\r\n        \"10.5.0.0/16\"\r\n      ]\r\n
        \   },\r\n    \"subnets\": [],\r\n    \"virtualNetworkPeerings\": [],\r\n
        \   \"enableDdosProtection\": false\r\n  }\r\n}"
    headers:
      azure-asyncnotification:
      - Enabled
      azure-asyncoperation:
      - https://management.azure.com/subscriptions/00000000-0000-0000-0000-000000000000/providers/Microsoft.Network/locations/eastus2/operations/5be9aa5b-7d60-4d33-8a6f-e08d548a918a?api-version=2022-01-01
      cache-control:
      - no-cache
      content-length:
      - '719'
      content-type:
      - application/json; charset=utf-8
      date:
      - Thu, 27 Apr 2023 15:09:44 GMT
      expires:
      - '-1'
      pragma:
      - no-cache
      server:
      - Microsoft-HTTPAPI/2.0
      - Microsoft-HTTPAPI/2.0
      strict-transport-security:
      - max-age=31536000; includeSubDomains
      x-content-type-options:
      - nosniff
      x-ms-arm-service-request-id:
      - 2282719d-300a-47d2-8b25-85ce9e0ce115
      x-ms-ratelimit-remaining-subscription-writes:
      - '1199'
    status:
      code: 201
      message: Created
- request:
    body: null
    headers:
      Accept:
      - '*/*'
      Accept-Encoding:
      - gzip, deflate
      CommandName:
      - network vnet create
      Connection:
      - keep-alive
      ParameterSetName:
      - -n -g -l --address-prefix
      User-Agent:
      - AZURECLI/2.48.0 (AAZ) azsdk-python-core/1.26.0 Python/3.8.3 (Windows-10-10.0.22000-SP0)
    method: GET
    uri: https://management.azure.com/subscriptions/00000000-0000-0000-0000-000000000000/providers/Microsoft.Network/locations/eastus2/operations/5be9aa5b-7d60-4d33-8a6f-e08d548a918a?api-version=2022-01-01
  response:
    body:
      string: "{\r\n  \"status\": \"Succeeded\"\r\n}"
    headers:
      cache-control:
      - no-cache
      content-length:
      - '29'
      content-type:
      - application/json; charset=utf-8
      date:
      - Thu, 27 Apr 2023 15:09:44 GMT
      expires:
      - '-1'
      pragma:
      - no-cache
      server:
      - Microsoft-HTTPAPI/2.0
      - Microsoft-HTTPAPI/2.0
      strict-transport-security:
      - max-age=31536000; includeSubDomains
      transfer-encoding:
      - chunked
      vary:
      - Accept-Encoding
      x-content-type-options:
      - nosniff
      x-ms-arm-service-request-id:
      - 26057c55-9872-4f20-9d16-b56ff2e63c93
    status:
      code: 200
      message: OK
- request:
    body: null
    headers:
      Accept:
      - '*/*'
      Accept-Encoding:
      - gzip, deflate
      CommandName:
      - network vnet create
      Connection:
      - keep-alive
      ParameterSetName:
      - -n -g -l --address-prefix
      User-Agent:
      - AZURECLI/2.48.0 (AAZ) azsdk-python-core/1.26.0 Python/3.8.3 (Windows-10-10.0.22000-SP0)
    method: GET
    uri: https://management.azure.com/subscriptions/00000000-0000-0000-0000-000000000000/resourceGroups/cli_netappfiles_test_snapshot_000001/providers/Microsoft.Network/virtualNetworks/cli-vnet-lefr-02?api-version=2022-01-01
  response:
    body:
      string: "{\r\n  \"name\": \"cli-vnet-lefr-02\",\r\n  \"id\": \"/subscriptions/00000000-0000-0000-0000-000000000000/resourceGroups/cli_netappfiles_test_snapshot_000001/providers/Microsoft.Network/virtualNetworks/cli-vnet-lefr-02\",\r\n
        \ \"etag\": \"W/\\\"3f28087c-7ca0-4c62-994d-750e32c8c6aa\\\"\",\r\n  \"type\":
        \"Microsoft.Network/virtualNetworks\",\r\n  \"location\": \"eastus2\",\r\n
        \ \"tags\": {\r\n    \"CreatedOnDate\": \"2023-04-27T15:09:41.5258819Z\"\r\n
        \ },\r\n  \"properties\": {\r\n    \"provisioningState\": \"Succeeded\",\r\n
        \   \"resourceGuid\": \"bd72e925-4c78-41dc-b5e9-a7f46cd59f63\",\r\n    \"addressSpace\":
        {\r\n      \"addressPrefixes\": [\r\n        \"10.5.0.0/16\"\r\n      ]\r\n
        \   },\r\n    \"subnets\": [],\r\n    \"virtualNetworkPeerings\": [],\r\n
        \   \"enableDdosProtection\": false\r\n  }\r\n}"
    headers:
      cache-control:
      - no-cache
      content-length:
      - '720'
      content-type:
      - application/json; charset=utf-8
      date:
      - Thu, 27 Apr 2023 15:09:45 GMT
      etag:
      - W/"3f28087c-7ca0-4c62-994d-750e32c8c6aa"
      expires:
      - '-1'
      pragma:
      - no-cache
      server:
      - Microsoft-HTTPAPI/2.0
      - Microsoft-HTTPAPI/2.0
      strict-transport-security:
      - max-age=31536000; includeSubDomains
      transfer-encoding:
      - chunked
      vary:
      - Accept-Encoding
      x-content-type-options:
      - nosniff
      x-ms-arm-service-request-id:
      - 1b8a663c-034f-437b-8b35-96b79960a6f6
    status:
      code: 200
      message: OK
- request:
    body: '{"name": "cli-subnet-lefr-02", "properties": {"addressPrefix": "10.5.0.0/24",
      "delegations": [{"name": "0", "properties": {"serviceName": "Microsoft.Netapp/volumes"}}]}}'
    headers:
      Accept:
      - application/json
      Accept-Encoding:
      - gzip, deflate
      CommandName:
      - network vnet subnet create
      Connection:
      - keep-alive
      Content-Length:
      - '169'
      Content-Type:
      - application/json
      ParameterSetName:
      - -n --vnet-name --address-prefixes --delegations -g
      User-Agent:
      - AZURECLI/2.48.0 (AAZ) azsdk-python-core/1.26.0 Python/3.8.3 (Windows-10-10.0.22000-SP0)
    method: PUT
    uri: https://management.azure.com/subscriptions/00000000-0000-0000-0000-000000000000/resourceGroups/cli_netappfiles_test_snapshot_000001/providers/Microsoft.Network/virtualNetworks/cli-vnet-lefr-02/subnets/cli-subnet-lefr-02?api-version=2022-01-01
  response:
    body:
      string: "{\r\n  \"name\": \"cli-subnet-lefr-02\",\r\n  \"id\": \"/subscriptions/00000000-0000-0000-0000-000000000000/resourceGroups/cli_netappfiles_test_snapshot_000001/providers/Microsoft.Network/virtualNetworks/cli-vnet-lefr-02/subnets/cli-subnet-lefr-02\",\r\n
        \ \"etag\": \"W/\\\"ac4c28c2-58a9-47c1-a131-4e67825994ad\\\"\",\r\n  \"properties\":
        {\r\n    \"provisioningState\": \"Updating\",\r\n    \"addressPrefix\": \"10.5.0.0/24\",\r\n
        \   \"delegations\": [\r\n      {\r\n        \"name\": \"0\",\r\n        \"id\":
        \"/subscriptions/00000000-0000-0000-0000-000000000000/resourceGroups/cli_netappfiles_test_snapshot_000001/providers/Microsoft.Network/virtualNetworks/cli-vnet-lefr-02/subnets/cli-subnet-lefr-02/delegations/0\",\r\n
        \       \"etag\": \"W/\\\"ac4c28c2-58a9-47c1-a131-4e67825994ad\\\"\",\r\n
        \       \"properties\": {\r\n          \"provisioningState\": \"Succeeded\",\r\n
        \         \"serviceName\": \"Microsoft.Netapp/volumes\",\r\n          \"actions\":
        [\r\n            \"Microsoft.Network/networkinterfaces/*\",\r\n            \"Microsoft.Network/virtualNetworks/subnets/join/action\"\r\n
        \         ]\r\n        },\r\n        \"type\": \"Microsoft.Network/virtualNetworks/subnets/delegations\"\r\n
        \     }\r\n    ],\r\n    \"purpose\": \"HostedWorkloads\",\r\n    \"privateEndpointNetworkPolicies\":
        \"Disabled\",\r\n    \"privateLinkServiceNetworkPolicies\": \"Enabled\"\r\n
        \ },\r\n  \"type\": \"Microsoft.Network/virtualNetworks/subnets\"\r\n}"
    headers:
      azure-asyncnotification:
      - Enabled
      azure-asyncoperation:
      - https://management.azure.com/subscriptions/00000000-0000-0000-0000-000000000000/providers/Microsoft.Network/locations/eastus2/operations/f6a69fd0-4e5e-472b-86fa-efcd3c8fda29?api-version=2022-01-01
      cache-control:
      - no-cache
      content-length:
      - '1317'
      content-type:
      - application/json; charset=utf-8
      date:
      - Thu, 27 Apr 2023 15:09:48 GMT
      expires:
      - '-1'
      pragma:
      - no-cache
      server:
      - Microsoft-HTTPAPI/2.0
      - Microsoft-HTTPAPI/2.0
      strict-transport-security:
      - max-age=31536000; includeSubDomains
      x-content-type-options:
      - nosniff
      x-ms-arm-service-request-id:
      - 646709dd-0ad3-4255-adf2-ab8ee559bf5c
      x-ms-ratelimit-remaining-subscription-writes:
      - '1199'
    status:
      code: 201
      message: Created
- request:
    body: null
    headers:
      Accept:
      - '*/*'
      Accept-Encoding:
      - gzip, deflate
      CommandName:
      - network vnet subnet create
      Connection:
      - keep-alive
      ParameterSetName:
      - -n --vnet-name --address-prefixes --delegations -g
      User-Agent:
      - AZURECLI/2.48.0 (AAZ) azsdk-python-core/1.26.0 Python/3.8.3 (Windows-10-10.0.22000-SP0)
    method: GET
    uri: https://management.azure.com/subscriptions/00000000-0000-0000-0000-000000000000/providers/Microsoft.Network/locations/eastus2/operations/f6a69fd0-4e5e-472b-86fa-efcd3c8fda29?api-version=2022-01-01
  response:
    body:
      string: "{\r\n  \"status\": \"Succeeded\"\r\n}"
    headers:
      cache-control:
      - no-cache
      content-length:
      - '29'
      content-type:
      - application/json; charset=utf-8
      date:
      - Thu, 27 Apr 2023 15:09:48 GMT
      expires:
      - '-1'
      pragma:
      - no-cache
      server:
      - Microsoft-HTTPAPI/2.0
      - Microsoft-HTTPAPI/2.0
      strict-transport-security:
      - max-age=31536000; includeSubDomains
      transfer-encoding:
      - chunked
      vary:
      - Accept-Encoding
      x-content-type-options:
      - nosniff
      x-ms-arm-service-request-id:
      - 4c4e5479-6782-4b6b-b033-77bb5613fc1d
    status:
      code: 200
      message: OK
- request:
    body: null
    headers:
      Accept:
      - '*/*'
      Accept-Encoding:
      - gzip, deflate
      CommandName:
      - network vnet subnet create
      Connection:
      - keep-alive
      ParameterSetName:
      - -n --vnet-name --address-prefixes --delegations -g
      User-Agent:
      - AZURECLI/2.48.0 (AAZ) azsdk-python-core/1.26.0 Python/3.8.3 (Windows-10-10.0.22000-SP0)
    method: GET
    uri: https://management.azure.com/subscriptions/00000000-0000-0000-0000-000000000000/resourceGroups/cli_netappfiles_test_snapshot_000001/providers/Microsoft.Network/virtualNetworks/cli-vnet-lefr-02/subnets/cli-subnet-lefr-02?api-version=2022-01-01
  response:
    body:
      string: "{\r\n  \"name\": \"cli-subnet-lefr-02\",\r\n  \"id\": \"/subscriptions/00000000-0000-0000-0000-000000000000/resourceGroups/cli_netappfiles_test_snapshot_000001/providers/Microsoft.Network/virtualNetworks/cli-vnet-lefr-02/subnets/cli-subnet-lefr-02\",\r\n
        \ \"etag\": \"W/\\\"f4cf9291-9963-4a72-9ceb-b73a4ad072d4\\\"\",\r\n  \"properties\":
        {\r\n    \"provisioningState\": \"Succeeded\",\r\n    \"addressPrefix\": \"10.5.0.0/24\",\r\n
        \   \"delegations\": [\r\n      {\r\n        \"name\": \"0\",\r\n        \"id\":
        \"/subscriptions/00000000-0000-0000-0000-000000000000/resourceGroups/cli_netappfiles_test_snapshot_000001/providers/Microsoft.Network/virtualNetworks/cli-vnet-lefr-02/subnets/cli-subnet-lefr-02/delegations/0\",\r\n
        \       \"etag\": \"W/\\\"f4cf9291-9963-4a72-9ceb-b73a4ad072d4\\\"\",\r\n
        \       \"properties\": {\r\n          \"provisioningState\": \"Succeeded\",\r\n
        \         \"serviceName\": \"Microsoft.Netapp/volumes\",\r\n          \"actions\":
        [\r\n            \"Microsoft.Network/networkinterfaces/*\",\r\n            \"Microsoft.Network/virtualNetworks/subnets/join/action\"\r\n
        \         ]\r\n        },\r\n        \"type\": \"Microsoft.Network/virtualNetworks/subnets/delegations\"\r\n
        \     }\r\n    ],\r\n    \"purpose\": \"HostedWorkloads\",\r\n    \"privateEndpointNetworkPolicies\":
        \"Disabled\",\r\n    \"privateLinkServiceNetworkPolicies\": \"Enabled\"\r\n
        \ },\r\n  \"type\": \"Microsoft.Network/virtualNetworks/subnets\"\r\n}"
    headers:
      cache-control:
      - no-cache
      content-length:
      - '1318'
      content-type:
      - application/json; charset=utf-8
      date:
      - Thu, 27 Apr 2023 15:09:48 GMT
      etag:
      - W/"f4cf9291-9963-4a72-9ceb-b73a4ad072d4"
      expires:
      - '-1'
      pragma:
      - no-cache
      server:
      - Microsoft-HTTPAPI/2.0
      - Microsoft-HTTPAPI/2.0
      strict-transport-security:
      - max-age=31536000; includeSubDomains
      transfer-encoding:
      - chunked
      vary:
      - Accept-Encoding
      x-content-type-options:
      - nosniff
      x-ms-arm-service-request-id:
      - 2a97cc9b-509c-4315-9f57-fd79ba91633b
    status:
      code: 200
      message: OK
- request:
    body: '{"location": "eastus2"}'
    headers:
      Accept:
      - application/json
      Accept-Encoding:
      - gzip, deflate
      CommandName:
      - netappfiles account create
      Connection:
      - keep-alive
      Content-Length:
      - '23'
      Content-Type:
      - application/json
      ParameterSetName:
      - -g -a -l
      User-Agent:
      - AZURECLI/2.48.0 azsdk-python-mgmt-netapp/10.0.0 Python/3.8.3 (Windows-10-10.0.22000-SP0)
    method: PUT
    uri: https://management.azure.com/subscriptions/00000000-0000-0000-0000-000000000000/resourceGroups/cli_netappfiles_test_snapshot_000001/providers/Microsoft.NetApp/netAppAccounts/cli-acc-000002?api-version=2022-09-01
  response:
    body:
      string: '{"id":"/subscriptions/00000000-0000-0000-0000-000000000000/resourceGroups/cli_netappfiles_test_snapshot_000001/providers/Microsoft.NetApp/netAppAccounts/cli-acc-000002","name":"cli-acc-000002","type":"Microsoft.NetApp/netAppAccounts","etag":"W/\"datetime''2023-04-27T15%3A09%3A53.1337174Z''\"","location":"eastus2","tags":{"CreatedOnDate":"2023-04-27T15:09:50.1479586Z"},"properties":{"provisioningState":"Creating"},"systemData":{"createdBy":"c6c4faba-2b22-44d9-80a4-71ff5b71f811","createdByType":"Application","createdAt":"2023-04-27T15:09:52.5329953Z","lastModifiedBy":"c6c4faba-2b22-44d9-80a4-71ff5b71f811","lastModifiedByType":"Application","lastModifiedAt":"2023-04-27T15:09:52.5329953Z"}}'
    headers:
      azure-asyncoperation:
      - https://management.azure.com/subscriptions/00000000-0000-0000-0000-000000000000/providers/Microsoft.NetApp/locations/eastus2/operationResults/b632fbfc-31f2-47f0-9d6f-cb2a264e679e?api-version=2022-09-01
      cache-control:
      - no-cache
      content-length:
      - '693'
      content-type:
      - application/json; charset=utf-8
      date:
      - Thu, 27 Apr 2023 15:09:53 GMT
      etag:
      - W/"datetime'2023-04-27T15%3A09%3A53.1337174Z'"
      expires:
      - '-1'
      pragma:
      - no-cache
      server:
      - Microsoft-IIS/10.0
      strict-transport-security:
      - max-age=31536000; includeSubDomains
      x-content-type-options:
      - nosniff
      x-ms-ratelimit-remaining-subscription-writes:
      - '1199'
      x-powered-by:
      - ASP.NET
    status:
      code: 201
      message: Created
- request:
    body: null
    headers:
      Accept:
      - '*/*'
      Accept-Encoding:
      - gzip, deflate
      CommandName:
      - netappfiles account create
      Connection:
      - keep-alive
      ParameterSetName:
      - -g -a -l
      User-Agent:
      - AZURECLI/2.48.0 azsdk-python-mgmt-netapp/10.0.0 Python/3.8.3 (Windows-10-10.0.22000-SP0)
    method: GET
    uri: https://management.azure.com/subscriptions/00000000-0000-0000-0000-000000000000/providers/Microsoft.NetApp/locations/eastus2/operationResults/b632fbfc-31f2-47f0-9d6f-cb2a264e679e?api-version=2022-09-01
  response:
    body:
      string: '{"id":"/subscriptions/00000000-0000-0000-0000-000000000000/providers/Microsoft.NetApp/locations/eastus2/operationResults/b632fbfc-31f2-47f0-9d6f-cb2a264e679e","name":"b632fbfc-31f2-47f0-9d6f-cb2a264e679e","status":"Succeeded","startTime":"2023-04-27T15:09:53.1581923Z","endTime":"2023-04-27T15:09:53.259256Z","percentComplete":100.0,"properties":{"resourceName":"/subscriptions/00000000-0000-0000-0000-000000000000/resourceGroups/cli_netappfiles_test_snapshot_000001/providers/Microsoft.NetApp/netAppAccounts/cli-acc-000002","action":"CREATE"}}'
    headers:
      cache-control:
      - no-cache
      content-length:
      - '544'
      content-type:
      - application/json; charset=utf-8
      date:
      - Thu, 27 Apr 2023 15:09:53 GMT
      expires:
      - '-1'
      pragma:
      - no-cache
      server:
      - Microsoft-IIS/10.0
      strict-transport-security:
      - max-age=31536000; includeSubDomains
      transfer-encoding:
      - chunked
      vary:
      - Accept-Encoding
      x-content-type-options:
      - nosniff
      x-powered-by:
      - ASP.NET
    status:
      code: 200
      message: OK
- request:
    body: null
    headers:
      Accept:
      - '*/*'
      Accept-Encoding:
      - gzip, deflate
      CommandName:
      - netappfiles account create
      Connection:
      - keep-alive
      ParameterSetName:
      - -g -a -l
      User-Agent:
      - AZURECLI/2.48.0 azsdk-python-mgmt-netapp/10.0.0 Python/3.8.3 (Windows-10-10.0.22000-SP0)
    method: GET
    uri: https://management.azure.com/subscriptions/00000000-0000-0000-0000-000000000000/resourceGroups/cli_netappfiles_test_snapshot_000001/providers/Microsoft.NetApp/netAppAccounts/cli-acc-000002?api-version=2022-09-01
  response:
    body:
      string: '{"id":"/subscriptions/00000000-0000-0000-0000-000000000000/resourceGroups/cli_netappfiles_test_snapshot_000001/providers/Microsoft.NetApp/netAppAccounts/cli-acc-000002","name":"cli-acc-000002","type":"Microsoft.NetApp/netAppAccounts","etag":"W/\"datetime''2023-04-27T15%3A09%3A53.2482385Z''\"","location":"eastus2","tags":{"CreatedOnDate":"2023-04-27T15:09:50.1479586Z"},"properties":{"activeDirectories":[{"activeDirectoryId":"e511366b-8040-9153-7856-5971cc5472e1","username":"sdkuser","password":"****************","domain":"sdkdomain","dns":"192.0.2.2","status":"Created","smbServerName":"SDKSMBSeNa","organizationalUnit":"CN=Computers","aesEncryption":false,"ldapSigning":false,"ldapOverTLS":false,"allowLocalNfsUsersWithLdap":false,"encryptDCConnections":false,"ldapSearchScope":{}}],"encryption":{"keySource":"Microsoft.NetApp"},"provisioningState":"Succeeded"},"systemData":{"createdBy":"c6c4faba-2b22-44d9-80a4-71ff5b71f811","createdByType":"Application","createdAt":"2023-04-27T15:09:52.5329953Z","lastModifiedBy":"c6c4faba-2b22-44d9-80a4-71ff5b71f811","lastModifiedByType":"Application","lastModifiedAt":"2023-04-27T15:09:52.5329953Z"}}'
    headers:
      cache-control:
      - no-cache
      content-length:
      - '1144'
      content-type:
      - application/json; charset=utf-8
      date:
      - Thu, 27 Apr 2023 15:09:54 GMT
      etag:
      - W/"datetime'2023-04-27T15%3A09%3A53.2482385Z'"
      expires:
      - '-1'
      pragma:
      - no-cache
      server:
      - Microsoft-IIS/10.0
      strict-transport-security:
      - max-age=31536000; includeSubDomains
      transfer-encoding:
      - chunked
      vary:
      - Accept-Encoding
      x-content-type-options:
      - nosniff
      x-powered-by:
      - ASP.NET
    status:
      code: 200
      message: OK
- request:
    body: '{"location": "eastus2", "properties": {"size": 4398046511104, "serviceLevel":
      "Premium"}}'
    headers:
      Accept:
      - application/json
      Accept-Encoding:
      - gzip, deflate
      CommandName:
      - netappfiles pool create
      Connection:
      - keep-alive
      Content-Length:
      - '89'
      Content-Type:
      - application/json
      ParameterSetName:
      - -g -a -p -l --service-level --size
      User-Agent:
      - AZURECLI/2.48.0 azsdk-python-mgmt-netapp/10.0.0 Python/3.8.3 (Windows-10-10.0.22000-SP0)
    method: PUT
    uri: https://management.azure.com/subscriptions/00000000-0000-0000-0000-000000000000/resourceGroups/cli_netappfiles_test_snapshot_000001/providers/Microsoft.NetApp/netAppAccounts/cli-acc-000002/capacityPools/cli-pool-000003?api-version=2022-09-01
  response:
    body:
      string: '{"id":"/subscriptions/00000000-0000-0000-0000-000000000000/resourceGroups/cli_netappfiles_test_snapshot_000001/providers/Microsoft.NetApp/netAppAccounts/cli-acc-000002/capacityPools/cli-pool-000003","name":"cli-acc-000002/cli-pool-000003","type":"Microsoft.NetApp/netAppAccounts/capacityPools","etag":"W/\"datetime''2023-04-27T15%3A10%3A00.6995772Z''\"","location":"eastus2","tags":{"CreatedOnDate":"2023-04-27T15:09:56.6644442Z"},"properties":{"serviceLevel":"Premium","size":4398046511104,"totalThroughputMibps":0.0,"utilizedThroughputMibps":0.0,"provisioningState":"Creating"},"systemData":{"createdBy":"c6c4faba-2b22-44d9-80a4-71ff5b71f811","createdByType":"Application","createdAt":"2023-04-27T15:10:00.0892185Z","lastModifiedBy":"c6c4faba-2b22-44d9-80a4-71ff5b71f811","lastModifiedByType":"Application","lastModifiedAt":"2023-04-27T15:10:00.0892185Z"}}'
    headers:
      azure-asyncoperation:
      - https://management.azure.com/subscriptions/00000000-0000-0000-0000-000000000000/providers/Microsoft.NetApp/locations/eastus2/operationResults/c2e13107-8e14-43be-9533-0e9df060f71f?api-version=2022-09-01
      cache-control:
      - no-cache
      content-length:
      - '856'
      content-type:
      - application/json; charset=utf-8
      date:
      - Thu, 27 Apr 2023 15:10:01 GMT
      etag:
      - W/"datetime'2023-04-27T15%3A10%3A00.6995772Z'"
      expires:
      - '-1'
      pragma:
      - no-cache
      server:
      - Microsoft-IIS/10.0
      strict-transport-security:
      - max-age=31536000; includeSubDomains
      x-content-type-options:
      - nosniff
      x-ms-ratelimit-remaining-subscription-writes:
      - '1199'
      x-powered-by:
      - ASP.NET
    status:
      code: 201
      message: Created
- request:
    body: null
    headers:
      Accept:
      - '*/*'
      Accept-Encoding:
      - gzip, deflate
      CommandName:
      - netappfiles pool create
      Connection:
      - keep-alive
      ParameterSetName:
      - -g -a -p -l --service-level --size
      User-Agent:
      - AZURECLI/2.48.0 azsdk-python-mgmt-netapp/10.0.0 Python/3.8.3 (Windows-10-10.0.22000-SP0)
    method: GET
    uri: https://management.azure.com/subscriptions/00000000-0000-0000-0000-000000000000/providers/Microsoft.NetApp/locations/eastus2/operationResults/c2e13107-8e14-43be-9533-0e9df060f71f?api-version=2022-09-01
  response:
    body:
      string: '{"id":"/subscriptions/00000000-0000-0000-0000-000000000000/providers/Microsoft.NetApp/locations/eastus2/operationResults/c2e13107-8e14-43be-9533-0e9df060f71f","name":"c2e13107-8e14-43be-9533-0e9df060f71f","status":"Succeeded","startTime":"2023-04-27T15:10:00.7173549Z","endTime":"2023-04-27T15:10:01.282303Z","percentComplete":100.0,"properties":{"resourceName":"/subscriptions/00000000-0000-0000-0000-000000000000/resourceGroups/cli_netappfiles_test_snapshot_000001/providers/Microsoft.NetApp/netAppAccounts/cli-acc-000002/capacityPools/cli-pool-000003","action":"CREATE"}}'
    headers:
      cache-control:
      - no-cache
      content-length:
      - '574'
      content-type:
      - application/json; charset=utf-8
      date:
      - Thu, 27 Apr 2023 15:10:01 GMT
      expires:
      - '-1'
      pragma:
      - no-cache
      server:
      - Microsoft-IIS/10.0
      strict-transport-security:
      - max-age=31536000; includeSubDomains
      transfer-encoding:
      - chunked
      vary:
      - Accept-Encoding
      x-content-type-options:
      - nosniff
      x-powered-by:
      - ASP.NET
    status:
      code: 200
      message: OK
- request:
    body: null
    headers:
      Accept:
      - '*/*'
      Accept-Encoding:
      - gzip, deflate
      CommandName:
      - netappfiles pool create
      Connection:
      - keep-alive
      ParameterSetName:
      - -g -a -p -l --service-level --size
      User-Agent:
      - AZURECLI/2.48.0 azsdk-python-mgmt-netapp/10.0.0 Python/3.8.3 (Windows-10-10.0.22000-SP0)
    method: GET
    uri: https://management.azure.com/subscriptions/00000000-0000-0000-0000-000000000000/resourceGroups/cli_netappfiles_test_snapshot_000001/providers/Microsoft.NetApp/netAppAccounts/cli-acc-000002/capacityPools/cli-pool-000003?api-version=2022-09-01
  response:
    body:
      string: '{"id":"/subscriptions/00000000-0000-0000-0000-000000000000/resourceGroups/cli_netappfiles_test_snapshot_000001/providers/Microsoft.NetApp/netAppAccounts/cli-acc-000002/capacityPools/cli-pool-000003","name":"cli-acc-000002/cli-pool-000003","type":"Microsoft.NetApp/netAppAccounts/capacityPools","etag":"W/\"datetime''2023-04-27T15%3A10%3A01.2649906Z''\"","location":"eastus2","tags":{"CreatedOnDate":"2023-04-27T15:09:56.6644442Z"},"properties":{"poolId":"98a09d8a-4f40-cf10-53f7-b8a45ba78302","serviceLevel":"Premium","size":4398046511104,"qosType":"Auto","totalThroughputMibps":256.0,"utilizedThroughputMibps":0.0,"encryptionType":"Single","coolAccess":false,"provisioningState":"Succeeded"},"systemData":{"createdBy":"c6c4faba-2b22-44d9-80a4-71ff5b71f811","createdByType":"Application","createdAt":"2023-04-27T15:10:00.0892185Z","lastModifiedBy":"c6c4faba-2b22-44d9-80a4-71ff5b71f811","lastModifiedByType":"Application","lastModifiedAt":"2023-04-27T15:10:00.0892185Z"}}'
    headers:
      cache-control:
      - no-cache
      content-length:
      - '969'
      content-type:
      - application/json; charset=utf-8
      date:
      - Thu, 27 Apr 2023 15:10:01 GMT
      etag:
      - W/"datetime'2023-04-27T15%3A10%3A01.2649906Z'"
      expires:
      - '-1'
      pragma:
      - no-cache
      server:
      - Microsoft-IIS/10.0
      strict-transport-security:
      - max-age=31536000; includeSubDomains
      transfer-encoding:
      - chunked
      vary:
      - Accept-Encoding
      x-content-type-options:
      - nosniff
      x-powered-by:
      - ASP.NET
    status:
      code: 200
      message: OK
- request:
    body: '{"location": "eastus2", "properties": {"creationToken": "cli-vol-000004",
      "serviceLevel": "Premium", "usageThreshold": 107374182400, "subnetId": "/subscriptions/00000000-0000-0000-0000-000000000000/resourceGroups/cli_netappfiles_test_snapshot_000001/providers/Microsoft.Network/virtualNetworks/cli-vnet-lefr-02/subnets/cli-subnet-lefr-02",
      "isLargeVolume": false}}'
    headers:
      Accept:
      - application/json
      Accept-Encoding:
      - gzip, deflate
      CommandName:
      - netappfiles volume create
      Connection:
      - keep-alive
      Content-Length:
      - '364'
      Content-Type:
      - application/json
      ParameterSetName:
      - -g -a -p -v -l --service-level --usage-threshold --file-path --vnet --subnet
      User-Agent:
      - AZURECLI/2.48.0 azsdk-python-mgmt-netapp/10.0.0 Python/3.8.3 (Windows-10-10.0.22000-SP0)
    method: PUT
    uri: https://management.azure.com/subscriptions/00000000-0000-0000-0000-000000000000/resourceGroups/cli_netappfiles_test_snapshot_000001/providers/Microsoft.NetApp/netAppAccounts/cli-acc-000002/capacityPools/cli-pool-000003/volumes/cli-vol-000004?api-version=2022-09-01
  response:
    body:
      string: '{"id":"/subscriptions/00000000-0000-0000-0000-000000000000/resourceGroups/cli_netappfiles_test_snapshot_000001/providers/Microsoft.NetApp/netAppAccounts/cli-acc-000002/capacityPools/cli-pool-000003/volumes/cli-vol-000004","name":"cli-acc-000002/cli-pool-000003/cli-vol-000004","type":"Microsoft.NetApp/netAppAccounts/capacityPools/volumes","etag":"W/\"datetime''2023-04-27T15%3A11%3A07.7868323Z''\"","location":"eastus2","tags":{"CreatedOnDate":"2023-04-27T15:11:04.6193900Z"},"properties":{"serviceLevel":"Premium","creationToken":"cli-vol-000004","usageThreshold":107374182400,"subnetId":"/subscriptions/00000000-0000-0000-0000-000000000000/resourceGroups/cli_netappfiles_test_snapshot_000001/providers/Microsoft.Network/virtualNetworks/cli-vnet-lefr-02/subnets/cli-subnet-lefr-02","maximumNumberOfFiles":100000000,"isLargeVolume":false,"provisioningState":"Creating"},"systemData":{"createdBy":"c6c4faba-2b22-44d9-80a4-71ff5b71f811","createdByType":"Application","createdAt":"2023-04-27T15:11:06.9043372Z","lastModifiedBy":"c6c4faba-2b22-44d9-80a4-71ff5b71f811","lastModifiedByType":"Application","lastModifiedAt":"2023-04-27T15:11:06.9043372Z"}}'
    headers:
      azure-asyncoperation:
      - https://management.azure.com/subscriptions/00000000-0000-0000-0000-000000000000/providers/Microsoft.NetApp/locations/eastus2/operationResults/f2ac2edd-3a5b-441f-aaa4-ca4551f404a5?api-version=2022-09-01
      cache-control:
      - no-cache
      content-length:
      - '1147'
      content-type:
      - application/json; charset=utf-8
      date:
      - Thu, 27 Apr 2023 15:11:08 GMT
      etag:
      - W/"datetime'2023-04-27T15%3A11%3A07.7868323Z'"
      expires:
      - '-1'
      pragma:
      - no-cache
      server:
      - Microsoft-IIS/10.0
      strict-transport-security:
      - max-age=31536000; includeSubDomains
      x-content-type-options:
      - nosniff
      x-ms-ratelimit-remaining-subscription-writes:
      - '1199'
      x-powered-by:
      - ASP.NET
    status:
      code: 201
      message: Created
- request:
    body: null
    headers:
      Accept:
      - '*/*'
      Accept-Encoding:
      - gzip, deflate
      CommandName:
      - netappfiles volume create
      Connection:
      - keep-alive
      ParameterSetName:
      - -g -a -p -v -l --service-level --usage-threshold --file-path --vnet --subnet
      User-Agent:
      - AZURECLI/2.48.0 azsdk-python-mgmt-netapp/10.0.0 Python/3.8.3 (Windows-10-10.0.22000-SP0)
    method: GET
    uri: https://management.azure.com/subscriptions/00000000-0000-0000-0000-000000000000/providers/Microsoft.NetApp/locations/eastus2/operationResults/f2ac2edd-3a5b-441f-aaa4-ca4551f404a5?api-version=2022-09-01
  response:
    body:
      string: '{"id":"/subscriptions/00000000-0000-0000-0000-000000000000/providers/Microsoft.NetApp/locations/eastus2/operationResults/f2ac2edd-3a5b-441f-aaa4-ca4551f404a5","name":"f2ac2edd-3a5b-441f-aaa4-ca4551f404a5","status":"Creating","startTime":"2023-04-27T15:11:07.8016514Z","endTime":"0001-01-01T00:00:00Z","percentComplete":0.0,"properties":{"resourceName":"/subscriptions/00000000-0000-0000-0000-000000000000/resourceGroups/cli_netappfiles_test_snapshot_000001/providers/Microsoft.NetApp/netAppAccounts/cli-acc-000002/capacityPools/cli-pool-000003/volumes/cli-vol-000004","action":"CREATE"}}'
    headers:
      cache-control:
      - no-cache
      content-length:
      - '587'
      content-type:
      - application/json; charset=utf-8
      date:
      - Thu, 27 Apr 2023 15:11:09 GMT
      expires:
      - '-1'
      pragma:
      - no-cache
      server:
      - Microsoft-IIS/10.0
      strict-transport-security:
      - max-age=31536000; includeSubDomains
      transfer-encoding:
      - chunked
      vary:
      - Accept-Encoding
      x-content-type-options:
      - nosniff
      x-powered-by:
      - ASP.NET
    status:
      code: 200
      message: OK
- request:
    body: null
    headers:
      Accept:
      - '*/*'
      Accept-Encoding:
      - gzip, deflate
      CommandName:
      - netappfiles volume create
      Connection:
      - keep-alive
      ParameterSetName:
      - -g -a -p -v -l --service-level --usage-threshold --file-path --vnet --subnet
      User-Agent:
      - AZURECLI/2.48.0 azsdk-python-mgmt-netapp/10.0.0 Python/3.8.3 (Windows-10-10.0.22000-SP0)
    method: GET
    uri: https://management.azure.com/subscriptions/00000000-0000-0000-0000-000000000000/providers/Microsoft.NetApp/locations/eastus2/operationResults/f2ac2edd-3a5b-441f-aaa4-ca4551f404a5?api-version=2022-09-01
  response:
    body:
      string: '{"id":"/subscriptions/00000000-0000-0000-0000-000000000000/providers/Microsoft.NetApp/locations/eastus2/operationResults/f2ac2edd-3a5b-441f-aaa4-ca4551f404a5","name":"f2ac2edd-3a5b-441f-aaa4-ca4551f404a5","status":"Creating","startTime":"2023-04-27T15:11:07.8016514Z","endTime":"0001-01-01T00:00:00Z","percentComplete":0.0,"properties":{"resourceName":"/subscriptions/00000000-0000-0000-0000-000000000000/resourceGroups/cli_netappfiles_test_snapshot_000001/providers/Microsoft.NetApp/netAppAccounts/cli-acc-000002/capacityPools/cli-pool-000003/volumes/cli-vol-000004","action":"CREATE"}}'
    headers:
      cache-control:
      - no-cache
      content-length:
      - '587'
      content-type:
      - application/json; charset=utf-8
      date:
      - Thu, 27 Apr 2023 15:11:39 GMT
      expires:
      - '-1'
      pragma:
      - no-cache
      server:
      - Microsoft-IIS/10.0
      strict-transport-security:
      - max-age=31536000; includeSubDomains
      transfer-encoding:
      - chunked
      vary:
      - Accept-Encoding
      x-content-type-options:
      - nosniff
      x-powered-by:
      - ASP.NET
    status:
      code: 200
      message: OK
- request:
    body: null
    headers:
      Accept:
      - '*/*'
      Accept-Encoding:
      - gzip, deflate
      CommandName:
      - netappfiles volume create
      Connection:
      - keep-alive
      ParameterSetName:
      - -g -a -p -v -l --service-level --usage-threshold --file-path --vnet --subnet
      User-Agent:
      - AZURECLI/2.48.0 azsdk-python-mgmt-netapp/10.0.0 Python/3.8.3 (Windows-10-10.0.22000-SP0)
    method: GET
    uri: https://management.azure.com/subscriptions/00000000-0000-0000-0000-000000000000/providers/Microsoft.NetApp/locations/eastus2/operationResults/f2ac2edd-3a5b-441f-aaa4-ca4551f404a5?api-version=2022-09-01
  response:
    body:
      string: '{"id":"/subscriptions/00000000-0000-0000-0000-000000000000/providers/Microsoft.NetApp/locations/eastus2/operationResults/f2ac2edd-3a5b-441f-aaa4-ca4551f404a5","name":"f2ac2edd-3a5b-441f-aaa4-ca4551f404a5","status":"Creating","startTime":"2023-04-27T15:11:07.8016514Z","endTime":"0001-01-01T00:00:00Z","percentComplete":0.0,"properties":{"resourceName":"/subscriptions/00000000-0000-0000-0000-000000000000/resourceGroups/cli_netappfiles_test_snapshot_000001/providers/Microsoft.NetApp/netAppAccounts/cli-acc-000002/capacityPools/cli-pool-000003/volumes/cli-vol-000004","action":"CREATE"}}'
    headers:
      cache-control:
      - no-cache
      content-length:
      - '587'
      content-type:
      - application/json; charset=utf-8
      date:
      - Thu, 27 Apr 2023 15:12:09 GMT
      expires:
      - '-1'
      pragma:
      - no-cache
      server:
      - Microsoft-IIS/10.0
      strict-transport-security:
      - max-age=31536000; includeSubDomains
      transfer-encoding:
      - chunked
      vary:
      - Accept-Encoding
      x-content-type-options:
      - nosniff
      x-powered-by:
      - ASP.NET
    status:
      code: 200
      message: OK
- request:
    body: null
    headers:
      Accept:
      - '*/*'
      Accept-Encoding:
      - gzip, deflate
      CommandName:
      - netappfiles volume create
      Connection:
      - keep-alive
      ParameterSetName:
      - -g -a -p -v -l --service-level --usage-threshold --file-path --vnet --subnet
      User-Agent:
      - AZURECLI/2.48.0 azsdk-python-mgmt-netapp/10.0.0 Python/3.8.3 (Windows-10-10.0.22000-SP0)
    method: GET
    uri: https://management.azure.com/subscriptions/00000000-0000-0000-0000-000000000000/providers/Microsoft.NetApp/locations/eastus2/operationResults/f2ac2edd-3a5b-441f-aaa4-ca4551f404a5?api-version=2022-09-01
  response:
    body:
      string: '{"id":"/subscriptions/00000000-0000-0000-0000-000000000000/providers/Microsoft.NetApp/locations/eastus2/operationResults/f2ac2edd-3a5b-441f-aaa4-ca4551f404a5","name":"f2ac2edd-3a5b-441f-aaa4-ca4551f404a5","status":"Creating","startTime":"2023-04-27T15:11:07.8016514Z","endTime":"0001-01-01T00:00:00Z","percentComplete":0.0,"properties":{"resourceName":"/subscriptions/00000000-0000-0000-0000-000000000000/resourceGroups/cli_netappfiles_test_snapshot_000001/providers/Microsoft.NetApp/netAppAccounts/cli-acc-000002/capacityPools/cli-pool-000003/volumes/cli-vol-000004","action":"CREATE"}}'
    headers:
      cache-control:
      - no-cache
      content-length:
      - '587'
      content-type:
      - application/json; charset=utf-8
      date:
      - Thu, 27 Apr 2023 15:12:39 GMT
      expires:
      - '-1'
      pragma:
      - no-cache
      server:
      - Microsoft-IIS/10.0
      strict-transport-security:
      - max-age=31536000; includeSubDomains
      transfer-encoding:
      - chunked
      vary:
      - Accept-Encoding
      x-content-type-options:
      - nosniff
      x-powered-by:
      - ASP.NET
    status:
      code: 200
      message: OK
- request:
    body: null
    headers:
      Accept:
      - '*/*'
      Accept-Encoding:
      - gzip, deflate
      CommandName:
      - netappfiles volume create
      Connection:
      - keep-alive
      ParameterSetName:
      - -g -a -p -v -l --service-level --usage-threshold --file-path --vnet --subnet
      User-Agent:
      - AZURECLI/2.48.0 azsdk-python-mgmt-netapp/10.0.0 Python/3.8.3 (Windows-10-10.0.22000-SP0)
    method: GET
    uri: https://management.azure.com/subscriptions/00000000-0000-0000-0000-000000000000/providers/Microsoft.NetApp/locations/eastus2/operationResults/f2ac2edd-3a5b-441f-aaa4-ca4551f404a5?api-version=2022-09-01
  response:
    body:
      string: '{"id":"/subscriptions/00000000-0000-0000-0000-000000000000/providers/Microsoft.NetApp/locations/eastus2/operationResults/f2ac2edd-3a5b-441f-aaa4-ca4551f404a5","name":"f2ac2edd-3a5b-441f-aaa4-ca4551f404a5","status":"Creating","startTime":"2023-04-27T15:11:07.8016514Z","endTime":"0001-01-01T00:00:00Z","percentComplete":0.0,"properties":{"resourceName":"/subscriptions/00000000-0000-0000-0000-000000000000/resourceGroups/cli_netappfiles_test_snapshot_000001/providers/Microsoft.NetApp/netAppAccounts/cli-acc-000002/capacityPools/cli-pool-000003/volumes/cli-vol-000004","action":"CREATE"}}'
    headers:
      cache-control:
      - no-cache
      content-length:
      - '587'
      content-type:
      - application/json; charset=utf-8
      date:
      - Thu, 27 Apr 2023 15:13:09 GMT
      expires:
      - '-1'
      pragma:
      - no-cache
      server:
      - Microsoft-IIS/10.0
      strict-transport-security:
      - max-age=31536000; includeSubDomains
      transfer-encoding:
      - chunked
      vary:
      - Accept-Encoding
      x-content-type-options:
      - nosniff
      x-powered-by:
      - ASP.NET
    status:
      code: 200
      message: OK
- request:
    body: null
    headers:
      Accept:
      - '*/*'
      Accept-Encoding:
      - gzip, deflate
      CommandName:
      - netappfiles volume create
      Connection:
      - keep-alive
      ParameterSetName:
      - -g -a -p -v -l --service-level --usage-threshold --file-path --vnet --subnet
      User-Agent:
      - AZURECLI/2.48.0 azsdk-python-mgmt-netapp/10.0.0 Python/3.8.3 (Windows-10-10.0.22000-SP0)
    method: GET
    uri: https://management.azure.com/subscriptions/00000000-0000-0000-0000-000000000000/providers/Microsoft.NetApp/locations/eastus2/operationResults/f2ac2edd-3a5b-441f-aaa4-ca4551f404a5?api-version=2022-09-01
  response:
    body:
      string: '{"id":"/subscriptions/00000000-0000-0000-0000-000000000000/providers/Microsoft.NetApp/locations/eastus2/operationResults/f2ac2edd-3a5b-441f-aaa4-ca4551f404a5","name":"f2ac2edd-3a5b-441f-aaa4-ca4551f404a5","status":"Creating","startTime":"2023-04-27T15:11:07.8016514Z","endTime":"0001-01-01T00:00:00Z","percentComplete":0.0,"properties":{"resourceName":"/subscriptions/00000000-0000-0000-0000-000000000000/resourceGroups/cli_netappfiles_test_snapshot_000001/providers/Microsoft.NetApp/netAppAccounts/cli-acc-000002/capacityPools/cli-pool-000003/volumes/cli-vol-000004","action":"CREATE"}}'
    headers:
      cache-control:
      - no-cache
      content-length:
      - '587'
      content-type:
      - application/json; charset=utf-8
      date:
      - Thu, 27 Apr 2023 15:13:39 GMT
      expires:
      - '-1'
      pragma:
      - no-cache
      server:
      - Microsoft-IIS/10.0
      strict-transport-security:
      - max-age=31536000; includeSubDomains
      transfer-encoding:
      - chunked
      vary:
      - Accept-Encoding
      x-content-type-options:
      - nosniff
      x-powered-by:
      - ASP.NET
    status:
      code: 200
      message: OK
- request:
    body: null
    headers:
      Accept:
      - '*/*'
      Accept-Encoding:
      - gzip, deflate
      CommandName:
      - netappfiles volume create
      Connection:
      - keep-alive
      ParameterSetName:
      - -g -a -p -v -l --service-level --usage-threshold --file-path --vnet --subnet
      User-Agent:
      - AZURECLI/2.48.0 azsdk-python-mgmt-netapp/10.0.0 Python/3.8.3 (Windows-10-10.0.22000-SP0)
    method: GET
    uri: https://management.azure.com/subscriptions/00000000-0000-0000-0000-000000000000/providers/Microsoft.NetApp/locations/eastus2/operationResults/f2ac2edd-3a5b-441f-aaa4-ca4551f404a5?api-version=2022-09-01
  response:
    body:
      string: '{"id":"/subscriptions/00000000-0000-0000-0000-000000000000/providers/Microsoft.NetApp/locations/eastus2/operationResults/f2ac2edd-3a5b-441f-aaa4-ca4551f404a5","name":"f2ac2edd-3a5b-441f-aaa4-ca4551f404a5","status":"Creating","startTime":"2023-04-27T15:11:07.8016514Z","endTime":"0001-01-01T00:00:00Z","percentComplete":0.0,"properties":{"resourceName":"/subscriptions/00000000-0000-0000-0000-000000000000/resourceGroups/cli_netappfiles_test_snapshot_000001/providers/Microsoft.NetApp/netAppAccounts/cli-acc-000002/capacityPools/cli-pool-000003/volumes/cli-vol-000004","action":"CREATE"}}'
    headers:
      cache-control:
      - no-cache
      content-length:
      - '587'
      content-type:
      - application/json; charset=utf-8
      date:
      - Thu, 27 Apr 2023 15:14:09 GMT
      expires:
      - '-1'
      pragma:
      - no-cache
      server:
      - Microsoft-IIS/10.0
      strict-transport-security:
      - max-age=31536000; includeSubDomains
      transfer-encoding:
      - chunked
      vary:
      - Accept-Encoding
      x-content-type-options:
      - nosniff
      x-powered-by:
      - ASP.NET
    status:
      code: 200
      message: OK
- request:
    body: null
    headers:
      Accept:
      - '*/*'
      Accept-Encoding:
      - gzip, deflate
      CommandName:
      - netappfiles volume create
      Connection:
      - keep-alive
      ParameterSetName:
      - -g -a -p -v -l --service-level --usage-threshold --file-path --vnet --subnet
      User-Agent:
      - AZURECLI/2.48.0 azsdk-python-mgmt-netapp/10.0.0 Python/3.8.3 (Windows-10-10.0.22000-SP0)
    method: GET
    uri: https://management.azure.com/subscriptions/00000000-0000-0000-0000-000000000000/providers/Microsoft.NetApp/locations/eastus2/operationResults/f2ac2edd-3a5b-441f-aaa4-ca4551f404a5?api-version=2022-09-01
  response:
    body:
      string: '{"id":"/subscriptions/00000000-0000-0000-0000-000000000000/providers/Microsoft.NetApp/locations/eastus2/operationResults/f2ac2edd-3a5b-441f-aaa4-ca4551f404a5","name":"f2ac2edd-3a5b-441f-aaa4-ca4551f404a5","status":"Creating","startTime":"2023-04-27T15:11:07.8016514Z","endTime":"0001-01-01T00:00:00Z","percentComplete":0.0,"properties":{"resourceName":"/subscriptions/00000000-0000-0000-0000-000000000000/resourceGroups/cli_netappfiles_test_snapshot_000001/providers/Microsoft.NetApp/netAppAccounts/cli-acc-000002/capacityPools/cli-pool-000003/volumes/cli-vol-000004","action":"CREATE"}}'
    headers:
      cache-control:
      - no-cache
      content-length:
      - '587'
      content-type:
      - application/json; charset=utf-8
      date:
      - Thu, 27 Apr 2023 15:14:41 GMT
      expires:
      - '-1'
      pragma:
      - no-cache
      server:
      - Microsoft-IIS/10.0
      strict-transport-security:
      - max-age=31536000; includeSubDomains
      transfer-encoding:
      - chunked
      vary:
      - Accept-Encoding
      x-content-type-options:
      - nosniff
      x-powered-by:
      - ASP.NET
    status:
      code: 200
      message: OK
- request:
    body: null
    headers:
      Accept:
      - '*/*'
      Accept-Encoding:
      - gzip, deflate
      CommandName:
      - netappfiles volume create
      Connection:
      - keep-alive
      ParameterSetName:
      - -g -a -p -v -l --service-level --usage-threshold --file-path --vnet --subnet
      User-Agent:
      - AZURECLI/2.48.0 azsdk-python-mgmt-netapp/10.0.0 Python/3.8.3 (Windows-10-10.0.22000-SP0)
    method: GET
    uri: https://management.azure.com/subscriptions/00000000-0000-0000-0000-000000000000/providers/Microsoft.NetApp/locations/eastus2/operationResults/f2ac2edd-3a5b-441f-aaa4-ca4551f404a5?api-version=2022-09-01
  response:
    body:
      string: '{"id":"/subscriptions/00000000-0000-0000-0000-000000000000/providers/Microsoft.NetApp/locations/eastus2/operationResults/f2ac2edd-3a5b-441f-aaa4-ca4551f404a5","name":"f2ac2edd-3a5b-441f-aaa4-ca4551f404a5","status":"Creating","startTime":"2023-04-27T15:11:07.8016514Z","endTime":"0001-01-01T00:00:00Z","percentComplete":0.0,"properties":{"resourceName":"/subscriptions/00000000-0000-0000-0000-000000000000/resourceGroups/cli_netappfiles_test_snapshot_000001/providers/Microsoft.NetApp/netAppAccounts/cli-acc-000002/capacityPools/cli-pool-000003/volumes/cli-vol-000004","action":"CREATE"}}'
    headers:
      cache-control:
      - no-cache
      content-length:
      - '587'
      content-type:
      - application/json; charset=utf-8
      date:
      - Thu, 27 Apr 2023 15:15:11 GMT
      expires:
      - '-1'
      pragma:
      - no-cache
      server:
      - Microsoft-IIS/10.0
      strict-transport-security:
      - max-age=31536000; includeSubDomains
      transfer-encoding:
      - chunked
      vary:
      - Accept-Encoding
      x-content-type-options:
      - nosniff
      x-powered-by:
      - ASP.NET
    status:
      code: 200
      message: OK
- request:
    body: null
    headers:
      Accept:
      - '*/*'
      Accept-Encoding:
      - gzip, deflate
      CommandName:
      - netappfiles volume create
      Connection:
      - keep-alive
      ParameterSetName:
      - -g -a -p -v -l --service-level --usage-threshold --file-path --vnet --subnet
      User-Agent:
      - AZURECLI/2.48.0 azsdk-python-mgmt-netapp/10.0.0 Python/3.8.3 (Windows-10-10.0.22000-SP0)
    method: GET
    uri: https://management.azure.com/subscriptions/00000000-0000-0000-0000-000000000000/providers/Microsoft.NetApp/locations/eastus2/operationResults/f2ac2edd-3a5b-441f-aaa4-ca4551f404a5?api-version=2022-09-01
  response:
    body:
      string: '{"id":"/subscriptions/00000000-0000-0000-0000-000000000000/providers/Microsoft.NetApp/locations/eastus2/operationResults/f2ac2edd-3a5b-441f-aaa4-ca4551f404a5","name":"f2ac2edd-3a5b-441f-aaa4-ca4551f404a5","status":"Creating","startTime":"2023-04-27T15:11:07.8016514Z","endTime":"0001-01-01T00:00:00Z","percentComplete":0.0,"properties":{"resourceName":"/subscriptions/00000000-0000-0000-0000-000000000000/resourceGroups/cli_netappfiles_test_snapshot_000001/providers/Microsoft.NetApp/netAppAccounts/cli-acc-000002/capacityPools/cli-pool-000003/volumes/cli-vol-000004","action":"CREATE"}}'
    headers:
      cache-control:
      - no-cache
      content-length:
      - '587'
      content-type:
      - application/json; charset=utf-8
      date:
      - Thu, 27 Apr 2023 15:15:41 GMT
      expires:
      - '-1'
      pragma:
      - no-cache
      server:
      - Microsoft-IIS/10.0
      strict-transport-security:
      - max-age=31536000; includeSubDomains
      transfer-encoding:
      - chunked
      vary:
      - Accept-Encoding
      x-content-type-options:
      - nosniff
      x-powered-by:
      - ASP.NET
    status:
      code: 200
      message: OK
- request:
    body: null
    headers:
      Accept:
      - '*/*'
      Accept-Encoding:
      - gzip, deflate
      CommandName:
      - netappfiles volume create
      Connection:
      - keep-alive
      ParameterSetName:
      - -g -a -p -v -l --service-level --usage-threshold --file-path --vnet --subnet
      User-Agent:
      - AZURECLI/2.48.0 azsdk-python-mgmt-netapp/10.0.0 Python/3.8.3 (Windows-10-10.0.22000-SP0)
    method: GET
    uri: https://management.azure.com/subscriptions/00000000-0000-0000-0000-000000000000/providers/Microsoft.NetApp/locations/eastus2/operationResults/f2ac2edd-3a5b-441f-aaa4-ca4551f404a5?api-version=2022-09-01
  response:
    body:
      string: '{"id":"/subscriptions/00000000-0000-0000-0000-000000000000/providers/Microsoft.NetApp/locations/eastus2/operationResults/f2ac2edd-3a5b-441f-aaa4-ca4551f404a5","name":"f2ac2edd-3a5b-441f-aaa4-ca4551f404a5","status":"Succeeded","startTime":"2023-04-27T15:11:07.8016514Z","endTime":"2023-04-27T15:15:44.3991683Z","percentComplete":100.0,"properties":{"resourceName":"/subscriptions/00000000-0000-0000-0000-000000000000/resourceGroups/cli_netappfiles_test_snapshot_000001/providers/Microsoft.NetApp/netAppAccounts/cli-acc-000002/capacityPools/cli-pool-000003/volumes/cli-vol-000004","action":"CREATE"}}'
    headers:
      cache-control:
      - no-cache
      content-length:
      - '598'
      content-type:
      - application/json; charset=utf-8
      date:
      - Thu, 27 Apr 2023 15:16:11 GMT
      expires:
      - '-1'
      pragma:
      - no-cache
      server:
      - Microsoft-IIS/10.0
      strict-transport-security:
      - max-age=31536000; includeSubDomains
      transfer-encoding:
      - chunked
      vary:
      - Accept-Encoding
      x-content-type-options:
      - nosniff
      x-powered-by:
      - ASP.NET
    status:
      code: 200
      message: OK
- request:
    body: null
    headers:
      Accept:
      - '*/*'
      Accept-Encoding:
      - gzip, deflate
      CommandName:
      - netappfiles volume create
      Connection:
      - keep-alive
      ParameterSetName:
      - -g -a -p -v -l --service-level --usage-threshold --file-path --vnet --subnet
      User-Agent:
      - AZURECLI/2.48.0 azsdk-python-mgmt-netapp/10.0.0 Python/3.8.3 (Windows-10-10.0.22000-SP0)
    method: GET
    uri: https://management.azure.com/subscriptions/00000000-0000-0000-0000-000000000000/resourceGroups/cli_netappfiles_test_snapshot_000001/providers/Microsoft.NetApp/netAppAccounts/cli-acc-000002/capacityPools/cli-pool-000003/volumes/cli-vol-000004?api-version=2022-09-01
  response:
    body:
      string: '{"id":"/subscriptions/00000000-0000-0000-0000-000000000000/resourceGroups/cli_netappfiles_test_snapshot_000001/providers/Microsoft.NetApp/netAppAccounts/cli-acc-000002/capacityPools/cli-pool-000003/volumes/cli-vol-000004","name":"cli-acc-000002/cli-pool-000003/cli-vol-000004","type":"Microsoft.NetApp/netAppAccounts/capacityPools/volumes","etag":"W/\"datetime''2023-04-27T15%3A15%3A44.3467322Z''\"","location":"eastus2","tags":{"CreatedOnDate":"2023-04-27T15:11:04.6193900Z"},"properties":{"fileSystemId":"349539a4-54d5-8e09-64e6-35349a988933","serviceLevel":"Premium","creationToken":"cli-vol-000004","usageThreshold":107374182400,"exportPolicy":{"rules":[{"ruleIndex":1,"unixReadOnly":false,"unixReadWrite":true,"cifs":false,"nfsv3":true,"nfsv41":false,"allowedClients":"0.0.0.0/0","kerberos5ReadOnly":false,"kerberos5ReadWrite":false,"kerberos5iReadOnly":false,"kerberos5iReadWrite":false,"kerberos5pReadOnly":false,"kerberos5pReadWrite":false,"hasRootAccess":true,"chownMode":"Restricted"}]},"protocolTypes":["NFSv3"],"baremetalTenantId":"baremetalTenant_svm_1a1854d05b8211e99e4a3a8c013b5748_93438072","subnetId":"/subscriptions/00000000-0000-0000-0000-000000000000/resourceGroups/cli_netappfiles_test_snapshot_000001/providers/Microsoft.Network/virtualNetworks/cli-vnet-lefr-02/subnets/cli-subnet-lefr-02","networkFeatures":"Basic","networkSiblingSetId":"f01f5e8b-e6e1-8562-5e65-29d5a9ccea92","storageToNetworkProximity":"Default","snapshotDirectoryVisible":true,"kerberosEnabled":false,"securityStyle":"Unix","smbEncryption":false,"smbContinuouslyAvailable":false,"encryptionKeySource":"Microsoft.NetApp","ldapEnabled":false,"unixPermissions":"0770","mountTargets":[{"mountTargetId":"349539a4-54d5-8e09-64e6-35349a988933","fileSystemId":"349539a4-54d5-8e09-64e6-35349a988933","ipAddress":"10.5.0.4"}],"throughputMibps":6.25,"coolAccess":false,"avsDataStore":"Disabled","isDefaultQuotaEnabled":false,"defaultUserQuotaInKiBs":0,"defaultGroupQuotaInKiBs":0,"enableSubvolumes":"Disabled","maximumNumberOfFiles":100000000,"smbNonBrowsable":"Disabled","smbAccessBasedEnumeration":"Disabled","isLargeVolume":false,"provisionedAvailabilityZone":"3","provisioningState":"Succeeded"},"systemData":{"createdBy":"c6c4faba-2b22-44d9-80a4-71ff5b71f811","createdByType":"Application","createdAt":"2023-04-27T15:11:06.9043372Z","lastModifiedBy":"c6c4faba-2b22-44d9-80a4-71ff5b71f811","lastModifiedByType":"Application","lastModifiedAt":"2023-04-27T15:11:06.9043372Z"}}'
    headers:
      cache-control:
      - no-cache
      content-length:
      - '2457'
      content-type:
      - application/json; charset=utf-8
      date:
      - Thu, 27 Apr 2023 15:16:12 GMT
      etag:
      - W/"datetime'2023-04-27T15%3A15%3A44.3467322Z'"
      expires:
      - '-1'
      pragma:
      - no-cache
      server:
      - Microsoft-IIS/10.0
      strict-transport-security:
      - max-age=31536000; includeSubDomains
      transfer-encoding:
      - chunked
      vary:
      - Accept-Encoding
      x-content-type-options:
      - nosniff
      x-powered-by:
      - ASP.NET
    status:
      code: 200
      message: OK
- request:
    body: '{"location": "eastus2"}'
    headers:
      Accept:
      - application/json
      Accept-Encoding:
      - gzip, deflate
      CommandName:
      - netappfiles snapshot create
      Connection:
      - keep-alive
      Content-Length:
      - '23'
      Content-Type:
      - application/json
      ParameterSetName:
      - -g -a -p -v -s -l
      User-Agent:
      - AZURECLI/2.48.0 azsdk-python-mgmt-netapp/10.0.0 Python/3.8.3 (Windows-10-10.0.22000-SP0)
    method: PUT
    uri: https://management.azure.com/subscriptions/00000000-0000-0000-0000-000000000000/resourceGroups/cli_netappfiles_test_snapshot_000001/providers/Microsoft.NetApp/netAppAccounts/cli-acc-000002/capacityPools/cli-pool-000003/volumes/cli-vol-000004/snapshots/cli-sn-000005?api-version=2022-09-01
  response:
    body:
      string: '{"id":"/subscriptions/00000000-0000-0000-0000-000000000000/resourceGroups/cli_netappfiles_test_snapshot_000001/providers/Microsoft.NetApp/netAppAccounts/cli-acc-000002/capacityPools/cli-pool-000003/volumes/cli-vol-000004/snapshots/cli-sn-000005","name":"cli-acc-000002/cli-pool-000003/cli-vol-000004/cli-sn-000005","type":"Microsoft.NetApp/netAppAccounts/capacityPools/volumes/snapshots","location":"eastus2","properties":{"provisioningState":"Creating"}}'
    headers:
      azure-asyncoperation:
      - https://management.azure.com/subscriptions/00000000-0000-0000-0000-000000000000/providers/Microsoft.NetApp/locations/eastus2/operationResults/083f5586-0018-4489-a779-54000b0386ee?api-version=2022-09-01
      cache-control:
      - no-cache
      content-length:
      - '455'
      content-type:
      - application/json; charset=utf-8
      date:
      - Thu, 27 Apr 2023 15:16:14 GMT
      expires:
      - '-1'
      location:
      - https://management.azure.com/subscriptions/00000000-0000-0000-0000-000000000000/providers/Microsoft.NetApp/locations/eastus2/operationResults/083f5586-0018-4489-a779-54000b0386ee?api-version=2022-09-01&operationResultResponseType=Location
      pragma:
      - no-cache
      server:
      - Microsoft-IIS/10.0
      strict-transport-security:
      - max-age=31536000; includeSubDomains
      x-content-type-options:
      - nosniff
      x-ms-ratelimit-remaining-subscription-writes:
      - '1199'
      x-powered-by:
      - ASP.NET
    status:
      code: 201
      message: Created
- request:
    body: null
    headers:
      Accept:
      - '*/*'
      Accept-Encoding:
      - gzip, deflate
      CommandName:
      - netappfiles snapshot create
      Connection:
      - keep-alive
      ParameterSetName:
      - -g -a -p -v -s -l
      User-Agent:
      - AZURECLI/2.48.0 azsdk-python-mgmt-netapp/10.0.0 Python/3.8.3 (Windows-10-10.0.22000-SP0)
    method: GET
    uri: https://management.azure.com/subscriptions/00000000-0000-0000-0000-000000000000/providers/Microsoft.NetApp/locations/eastus2/operationResults/083f5586-0018-4489-a779-54000b0386ee?api-version=2022-09-01
  response:
    body:
      string: '{"id":"/subscriptions/00000000-0000-0000-0000-000000000000/providers/Microsoft.NetApp/locations/eastus2/operationResults/083f5586-0018-4489-a779-54000b0386ee","name":"083f5586-0018-4489-a779-54000b0386ee","status":"Creating","startTime":"2023-04-27T15:16:14.9784099Z","endTime":"0001-01-01T00:00:00Z","percentComplete":0.0,"properties":{"resourceName":"/subscriptions/00000000-0000-0000-0000-000000000000/resourceGroups/cli_netappfiles_test_snapshot_000001/providers/Microsoft.NetApp/netAppAccounts/cli-acc-000002/capacityPools/cli-pool-000003/volumes/cli-vol-000004/snapshots/cli-sn-000005","action":"CREATE"}}'
    headers:
      cache-control:
      - no-cache
      content-length:
      - '611'
      content-type:
      - application/json; charset=utf-8
      date:
      - Thu, 27 Apr 2023 15:16:14 GMT
      expires:
      - '-1'
      pragma:
      - no-cache
      server:
      - Microsoft-IIS/10.0
      strict-transport-security:
      - max-age=31536000; includeSubDomains
      transfer-encoding:
      - chunked
      vary:
      - Accept-Encoding
      x-content-type-options:
      - nosniff
      x-powered-by:
      - ASP.NET
    status:
      code: 200
      message: OK
- request:
    body: null
    headers:
      Accept:
      - '*/*'
      Accept-Encoding:
      - gzip, deflate
      CommandName:
      - netappfiles snapshot create
      Connection:
      - keep-alive
      ParameterSetName:
      - -g -a -p -v -s -l
      User-Agent:
      - AZURECLI/2.48.0 azsdk-python-mgmt-netapp/10.0.0 Python/3.8.3 (Windows-10-10.0.22000-SP0)
    method: GET
    uri: https://management.azure.com/subscriptions/00000000-0000-0000-0000-000000000000/providers/Microsoft.NetApp/locations/eastus2/operationResults/083f5586-0018-4489-a779-54000b0386ee?api-version=2022-09-01
  response:
    body:
      string: '{"id":"/subscriptions/00000000-0000-0000-0000-000000000000/providers/Microsoft.NetApp/locations/eastus2/operationResults/083f5586-0018-4489-a779-54000b0386ee","name":"083f5586-0018-4489-a779-54000b0386ee","status":"Succeeded","startTime":"2023-04-27T15:16:14.9784099Z","endTime":"2023-04-27T15:16:18.5333969Z","percentComplete":100.0,"properties":{"resourceName":"/subscriptions/00000000-0000-0000-0000-000000000000/resourceGroups/cli_netappfiles_test_snapshot_000001/providers/Microsoft.NetApp/netAppAccounts/cli-acc-000002/capacityPools/cli-pool-000003/volumes/cli-vol-000004/snapshots/cli-sn-000005","action":"CREATE"}}'
    headers:
      cache-control:
      - no-cache
      content-length:
      - '622'
      content-type:
      - application/json; charset=utf-8
      date:
      - Thu, 27 Apr 2023 15:16:44 GMT
      expires:
      - '-1'
      pragma:
      - no-cache
      server:
      - Microsoft-IIS/10.0
      strict-transport-security:
      - max-age=31536000; includeSubDomains
      transfer-encoding:
      - chunked
      vary:
      - Accept-Encoding
      x-content-type-options:
      - nosniff
      x-powered-by:
      - ASP.NET
    status:
      code: 200
      message: OK
- request:
    body: null
    headers:
      Accept:
      - '*/*'
      Accept-Encoding:
      - gzip, deflate
      CommandName:
      - netappfiles snapshot create
      Connection:
      - keep-alive
      ParameterSetName:
      - -g -a -p -v -s -l
      User-Agent:
      - AZURECLI/2.48.0 azsdk-python-mgmt-netapp/10.0.0 Python/3.8.3 (Windows-10-10.0.22000-SP0)
    method: GET
    uri: https://management.azure.com/subscriptions/00000000-0000-0000-0000-000000000000/providers/Microsoft.NetApp/locations/eastus2/operationResults/083f5586-0018-4489-a779-54000b0386ee?api-version=2022-09-01&operationResultResponseType=Location
  response:
    body:
      string: '{"id":"/subscriptions/00000000-0000-0000-0000-000000000000/resourceGroups/cli_netappfiles_test_snapshot_000001/providers/Microsoft.NetApp/netAppAccounts/cli-acc-000002/capacityPools/cli-pool-000003/volumes/cli-vol-000004/snapshots/cli-sn-000005","name":"cli-acc-000002/cli-pool-000003/cli-vol-000004/cli-sn-000005","type":"Microsoft.NetApp/netAppAccounts/capacityPools/volumes/snapshots","etag":"4/27/2023
        3:16:18 PM","location":"eastus2","properties":{"provisioningState":"Succeeded","snapshotId":"602d89eb-f489-0901-db08-22237fa1e43a","created":"2023-04-27T15:16:15Z"}}'
    headers:
      cache-control:
      - no-cache
      content-length:
      - '571'
      content-type:
      - application/json; charset=utf-8
      date:
      - Thu, 27 Apr 2023 15:16:44 GMT
      expires:
      - '-1'
      pragma:
      - no-cache
      server:
      - Microsoft-IIS/10.0
      strict-transport-security:
      - max-age=31536000; includeSubDomains
      x-content-type-options:
      - nosniff
      x-powered-by:
      - ASP.NET
    status:
      code: 201
      message: Created
- request:
    body: null
    headers:
      Accept:
      - application/json
      Accept-Encoding:
      - gzip, deflate
      CommandName:
      - netappfiles snapshot list
      Connection:
      - keep-alive
      ParameterSetName:
      - -g -a -p -v
      User-Agent:
      - AZURECLI/2.48.0 azsdk-python-mgmt-netapp/10.0.0 Python/3.8.3 (Windows-10-10.0.22000-SP0)
    method: GET
    uri: https://management.azure.com/subscriptions/00000000-0000-0000-0000-000000000000/resourceGroups/cli_netappfiles_test_snapshot_000001/providers/Microsoft.NetApp/netAppAccounts/cli-acc-000002/capacityPools/cli-pool-000003/volumes/cli-vol-000004/snapshots?api-version=2022-09-01
  response:
    body:
      string: '{"value":[{"id":"/subscriptions/00000000-0000-0000-0000-000000000000/resourceGroups/cli_netappfiles_test_snapshot_000001/providers/Microsoft.NetApp/netAppAccounts/cli-acc-000002/capacityPools/cli-pool-000003/volumes/cli-vol-000004/snapshots/cli-sn-000005","name":"cli-acc-000002/cli-pool-000003/cli-vol-000004/cli-sn-000005","type":"Microsoft.NetApp/netAppAccounts/capacityPools/volumes/snapshots","location":"eastus2","properties":{"provisioningState":"Succeeded","snapshotId":"602d89eb-f489-0901-db08-22237fa1e43a","created":"2023-04-27T15:16:15Z"}}]}'
    headers:
      cache-control:
      - no-cache
      content-length:
      - '553'
      content-type:
      - application/json; charset=utf-8
      date:
      - Thu, 27 Apr 2023 15:16:48 GMT
      expires:
      - '-1'
      pragma:
      - no-cache
      server:
      - Microsoft-IIS/10.0
      strict-transport-security:
      - max-age=31536000; includeSubDomains
      transfer-encoding:
      - chunked
      vary:
      - Accept-Encoding
      x-content-type-options:
      - nosniff
      x-powered-by:
      - ASP.NET
    status:
      code: 200
      message: OK
- request:
    body: null
    headers:
      Accept:
      - application/json
      Accept-Encoding:
      - gzip, deflate
      CommandName:
      - netappfiles snapshot show
      Connection:
      - keep-alive
      ParameterSetName:
      - -g -a -p -v -s
      User-Agent:
      - AZURECLI/2.48.0 azsdk-python-mgmt-netapp/10.0.0 Python/3.8.3 (Windows-10-10.0.22000-SP0)
    method: GET
    uri: https://management.azure.com/subscriptions/00000000-0000-0000-0000-000000000000/resourceGroups/cli_netappfiles_test_snapshot_000001/providers/Microsoft.NetApp/netAppAccounts/cli-acc-000002/capacityPools/cli-pool-000003/volumes/cli-vol-000004/snapshots/cli-sn-000005?api-version=2022-09-01
  response:
    body:
      string: '{"id":"/subscriptions/00000000-0000-0000-0000-000000000000/resourceGroups/cli_netappfiles_test_snapshot_000001/providers/Microsoft.NetApp/netAppAccounts/cli-acc-000002/capacityPools/cli-pool-000003/volumes/cli-vol-000004/snapshots/cli-sn-000005","name":"cli-acc-000002/cli-pool-000003/cli-vol-000004/cli-sn-000005","type":"Microsoft.NetApp/netAppAccounts/capacityPools/volumes/snapshots","location":"eastus2","properties":{"provisioningState":"Succeeded","snapshotId":"602d89eb-f489-0901-db08-22237fa1e43a","created":"2023-04-27T15:16:15Z"}}'
    headers:
      cache-control:
      - no-cache
      content-length:
      - '541'
      content-type:
      - application/json; charset=utf-8
      date:
      - Thu, 27 Apr 2023 15:16:49 GMT
      expires:
      - '-1'
      pragma:
      - no-cache
      server:
      - Microsoft-IIS/10.0
      strict-transport-security:
      - max-age=31536000; includeSubDomains
      transfer-encoding:
      - chunked
      vary:
      - Accept-Encoding
      x-content-type-options:
      - nosniff
      x-powered-by:
      - ASP.NET
    status:
      code: 200
      message: OK
- request:
    body: '{"location": "eastus2", "properties": {"creationToken": "cli-sn-2000006",
      "serviceLevel": "Premium", "usageThreshold": 107374182400, "snapshotId": "602d89eb-f489-0901-db08-22237fa1e43a",
      "subnetId": "/subscriptions/00000000-0000-0000-0000-000000000000/resourceGroups/cli_netappfiles_test_snapshot_000001/providers/Microsoft.Network/virtualNetworks/cli-vnet-lefr-02/subnets/cli-subnet-lefr-02",
      "isLargeVolume": false}}'
    headers:
      Accept:
      - application/json
      Accept-Encoding:
      - gzip, deflate
      CommandName:
      - netappfiles volume create
      Connection:
      - keep-alive
      Content-Length:
      - '418'
      Content-Type:
      - application/json
      ParameterSetName:
      - -g -a -p -v -l --service-level --usage-threshold --file-path --vnet --subnet
        --snapshot-id
      User-Agent:
      - AZURECLI/2.48.0 azsdk-python-mgmt-netapp/10.0.0 Python/3.8.3 (Windows-10-10.0.22000-SP0)
    method: PUT
    uri: https://management.azure.com/subscriptions/00000000-0000-0000-0000-000000000000/resourceGroups/cli_netappfiles_test_snapshot_000001/providers/Microsoft.NetApp/netAppAccounts/cli-acc-000002/capacityPools/cli-pool-000003/volumes/cli-sn-2000006?api-version=2022-09-01
  response:
    body:
      string: '{"id":"/subscriptions/00000000-0000-0000-0000-000000000000/resourceGroups/cli_netappfiles_test_snapshot_000001/providers/Microsoft.NetApp/netAppAccounts/cli-acc-000002/capacityPools/cli-pool-000003/volumes/cli-sn-2000006","name":"cli-acc-000002/cli-pool-000003/cli-sn-2000006","type":"Microsoft.NetApp/netAppAccounts/capacityPools/volumes","etag":"W/\"datetime''2023-04-27T15%3A17%3A53.6977212Z''\"","location":"eastus2","tags":{"CreatedOnDate":"2023-04-27T15:17:50.4351542Z"},"properties":{"serviceLevel":"Premium","creationToken":"cli-sn-2000006","usageThreshold":107374182400,"snapshotId":"602d89eb-f489-0901-db08-22237fa1e43a","subnetId":"/subscriptions/00000000-0000-0000-0000-000000000000/resourceGroups/cli_netappfiles_test_snapshot_000001/providers/Microsoft.Network/virtualNetworks/cli-vnet-lefr-02/subnets/cli-subnet-lefr-02","maximumNumberOfFiles":100000000,"isLargeVolume":false,"provisioningState":"Creating"},"systemData":{"createdBy":"c6c4faba-2b22-44d9-80a4-71ff5b71f811","createdByType":"Application","createdAt":"2023-04-27T15:17:52.7246452Z","lastModifiedBy":"c6c4faba-2b22-44d9-80a4-71ff5b71f811","lastModifiedByType":"Application","lastModifiedAt":"2023-04-27T15:17:52.7246452Z"}}'
    headers:
      azure-asyncoperation:
      - https://management.azure.com/subscriptions/00000000-0000-0000-0000-000000000000/providers/Microsoft.NetApp/locations/eastus2/operationResults/fd0c1572-0a31-4a08-97fb-9ef85cf62e2d?api-version=2022-09-01
      cache-control:
      - no-cache
      content-length:
      - '1199'
      content-type:
      - application/json; charset=utf-8
      date:
      - Thu, 27 Apr 2023 15:17:54 GMT
      etag:
      - W/"datetime'2023-04-27T15%3A17%3A53.6977212Z'"
      expires:
      - '-1'
      pragma:
      - no-cache
      server:
      - Microsoft-IIS/10.0
      strict-transport-security:
      - max-age=31536000; includeSubDomains
      x-content-type-options:
      - nosniff
      x-ms-ratelimit-remaining-subscription-writes:
      - '1198'
      x-powered-by:
      - ASP.NET
    status:
      code: 201
      message: Created
- request:
    body: null
    headers:
      Accept:
      - '*/*'
      Accept-Encoding:
      - gzip, deflate
      CommandName:
      - netappfiles volume create
      Connection:
      - keep-alive
      ParameterSetName:
      - -g -a -p -v -l --service-level --usage-threshold --file-path --vnet --subnet
        --snapshot-id
      User-Agent:
      - AZURECLI/2.48.0 azsdk-python-mgmt-netapp/10.0.0 Python/3.8.3 (Windows-10-10.0.22000-SP0)
    method: GET
    uri: https://management.azure.com/subscriptions/00000000-0000-0000-0000-000000000000/providers/Microsoft.NetApp/locations/eastus2/operationResults/fd0c1572-0a31-4a08-97fb-9ef85cf62e2d?api-version=2022-09-01
  response:
    body:
      string: '{"id":"/subscriptions/00000000-0000-0000-0000-000000000000/providers/Microsoft.NetApp/locations/eastus2/operationResults/fd0c1572-0a31-4a08-97fb-9ef85cf62e2d","name":"fd0c1572-0a31-4a08-97fb-9ef85cf62e2d","status":"Creating","startTime":"2023-04-27T15:17:53.709477Z","endTime":"0001-01-01T00:00:00Z","percentComplete":0.0,"properties":{"resourceName":"/subscriptions/00000000-0000-0000-0000-000000000000/resourceGroups/cli_netappfiles_test_snapshot_000001/providers/Microsoft.NetApp/netAppAccounts/cli-acc-000002/capacityPools/cli-pool-000003/volumes/cli-sn-2000006","action":"CREATE"}}'
    headers:
      cache-control:
      - no-cache
      content-length:
      - '586'
      content-type:
      - application/json; charset=utf-8
      date:
      - Thu, 27 Apr 2023 15:17:54 GMT
      expires:
      - '-1'
      pragma:
      - no-cache
      server:
      - Microsoft-IIS/10.0
      strict-transport-security:
      - max-age=31536000; includeSubDomains
      transfer-encoding:
      - chunked
      vary:
      - Accept-Encoding
      x-content-type-options:
      - nosniff
      x-powered-by:
      - ASP.NET
    status:
      code: 200
      message: OK
- request:
    body: null
    headers:
      Accept:
      - '*/*'
      Accept-Encoding:
      - gzip, deflate
      CommandName:
      - netappfiles volume create
      Connection:
      - keep-alive
      ParameterSetName:
      - -g -a -p -v -l --service-level --usage-threshold --file-path --vnet --subnet
        --snapshot-id
      User-Agent:
      - AZURECLI/2.48.0 azsdk-python-mgmt-netapp/10.0.0 Python/3.8.3 (Windows-10-10.0.22000-SP0)
    method: GET
    uri: https://management.azure.com/subscriptions/00000000-0000-0000-0000-000000000000/providers/Microsoft.NetApp/locations/eastus2/operationResults/fd0c1572-0a31-4a08-97fb-9ef85cf62e2d?api-version=2022-09-01
  response:
    body:
      string: '{"id":"/subscriptions/00000000-0000-0000-0000-000000000000/providers/Microsoft.NetApp/locations/eastus2/operationResults/fd0c1572-0a31-4a08-97fb-9ef85cf62e2d","name":"fd0c1572-0a31-4a08-97fb-9ef85cf62e2d","status":"Succeeded","startTime":"2023-04-27T15:17:53.709477Z","endTime":"2023-04-27T15:18:15.2235401Z","percentComplete":100.0,"properties":{"resourceName":"/subscriptions/00000000-0000-0000-0000-000000000000/resourceGroups/cli_netappfiles_test_snapshot_000001/providers/Microsoft.NetApp/netAppAccounts/cli-acc-000002/capacityPools/cli-pool-000003/volumes/cli-sn-2000006","action":"CREATE"}}'
    headers:
      cache-control:
      - no-cache
      content-length:
      - '597'
      content-type:
      - application/json; charset=utf-8
      date:
      - Thu, 27 Apr 2023 15:18:25 GMT
      expires:
      - '-1'
      pragma:
      - no-cache
      server:
      - Microsoft-IIS/10.0
      strict-transport-security:
      - max-age=31536000; includeSubDomains
      transfer-encoding:
      - chunked
      vary:
      - Accept-Encoding
      x-content-type-options:
      - nosniff
      x-powered-by:
      - ASP.NET
    status:
      code: 200
      message: OK
- request:
    body: null
    headers:
      Accept:
      - '*/*'
      Accept-Encoding:
      - gzip, deflate
      CommandName:
      - netappfiles volume create
      Connection:
      - keep-alive
      ParameterSetName:
      - -g -a -p -v -l --service-level --usage-threshold --file-path --vnet --subnet
        --snapshot-id
      User-Agent:
      - AZURECLI/2.48.0 azsdk-python-mgmt-netapp/10.0.0 Python/3.8.3 (Windows-10-10.0.22000-SP0)
    method: GET
    uri: https://management.azure.com/subscriptions/00000000-0000-0000-0000-000000000000/resourceGroups/cli_netappfiles_test_snapshot_000001/providers/Microsoft.NetApp/netAppAccounts/cli-acc-000002/capacityPools/cli-pool-000003/volumes/cli-sn-2000006?api-version=2022-09-01
  response:
    body:
      string: '{"id":"/subscriptions/00000000-0000-0000-0000-000000000000/resourceGroups/cli_netappfiles_test_snapshot_000001/providers/Microsoft.NetApp/netAppAccounts/cli-acc-000002/capacityPools/cli-pool-000003/volumes/cli-sn-2000006","name":"cli-acc-000002/cli-pool-000003/cli-sn-2000006","type":"Microsoft.NetApp/netAppAccounts/capacityPools/volumes","etag":"W/\"datetime''2023-04-27T15%3A18%3A15.1865866Z''\"","location":"eastus2","tags":{"CreatedOnDate":"2023-04-27T15:17:50.4351542Z"},"properties":{"fileSystemId":"b40e87b2-aa3c-a35d-0428-4c6411f3aa94","serviceLevel":"Premium","creationToken":"cli-sn-2000006","usageThreshold":107374182400,"exportPolicy":{"rules":[{"ruleIndex":1,"unixReadOnly":false,"unixReadWrite":true,"cifs":false,"nfsv3":true,"nfsv41":false,"allowedClients":"0.0.0.0/0","kerberos5ReadOnly":false,"kerberos5ReadWrite":false,"kerberos5iReadOnly":false,"kerberos5iReadWrite":false,"kerberos5pReadOnly":false,"kerberos5pReadWrite":false,"hasRootAccess":true,"chownMode":"Restricted"}]},"protocolTypes":["NFSv3"],"baremetalTenantId":"baremetalTenant_svm_1a1854d05b8211e99e4a3a8c013b5748_93438072","subnetId":"/subscriptions/00000000-0000-0000-0000-000000000000/resourceGroups/cli_netappfiles_test_snapshot_000001/providers/Microsoft.Network/virtualNetworks/cli-vnet-lefr-02/subnets/cli-subnet-lefr-02","networkFeatures":"Basic","networkSiblingSetId":"f01f5e8b-e6e1-8562-5e65-29d5a9ccea92","storageToNetworkProximity":"Default","snapshotDirectoryVisible":true,"kerberosEnabled":false,"securityStyle":"Unix","smbEncryption":false,"smbContinuouslyAvailable":false,"encryptionKeySource":"Microsoft.NetApp","ldapEnabled":false,"unixPermissions":"0770","mountTargets":[{"mountTargetId":"b40e87b2-aa3c-a35d-0428-4c6411f3aa94","fileSystemId":"b40e87b2-aa3c-a35d-0428-4c6411f3aa94","ipAddress":"10.5.0.4"}],"throughputMibps":6.25,"coolAccess":false,"cloneProgress":0,"avsDataStore":"Disabled","isDefaultQuotaEnabled":false,"defaultUserQuotaInKiBs":0,"defaultGroupQuotaInKiBs":0,"enableSubvolumes":"Disabled","maximumNumberOfFiles":100000000,"smbNonBrowsable":"Disabled","smbAccessBasedEnumeration":"Disabled","isLargeVolume":false,"provisionedAvailabilityZone":"3","provisioningState":"Succeeded"},"systemData":{"createdBy":"c6c4faba-2b22-44d9-80a4-71ff5b71f811","createdByType":"Application","createdAt":"2023-04-27T15:17:52.7246452Z","lastModifiedBy":"c6c4faba-2b22-44d9-80a4-71ff5b71f811","lastModifiedByType":"Application","lastModifiedAt":"2023-04-27T15:17:52.7246452Z"}}'
    headers:
      cache-control:
      - no-cache
      content-length:
      - '2475'
      content-type:
      - application/json; charset=utf-8
      date:
      - Thu, 27 Apr 2023 15:18:25 GMT
      etag:
      - W/"datetime'2023-04-27T15%3A18%3A15.1865866Z'"
      expires:
      - '-1'
      pragma:
      - no-cache
      server:
      - Microsoft-IIS/10.0
      strict-transport-security:
      - max-age=31536000; includeSubDomains
      transfer-encoding:
      - chunked
      vary:
      - Accept-Encoding
      x-content-type-options:
      - nosniff
      x-powered-by:
      - ASP.NET
    status:
      code: 200
      message: OK
version: 1
