interactions:
- request:
    body: '{"location": "westus2", "tags": {"Tag1": "Value1", "Tag2": "Value2"}}'
    headers:
      Accept:
      - application/json
      Accept-Encoding:
      - gzip, deflate
      CommandName:
      - netappfiles account create
      Connection:
      - keep-alive
      Content-Length:
      - '69'
      Content-Type:
      - application/json; charset=utf-8
      ParameterSetName:
      - --resource-group --account-name -l --tags
      User-Agent:
      - python/3.6.4 (Darwin-18.7.0-x86_64-i386-64bit) msrest/0.6.10 msrest_azure/0.6.2
        azure-mgmt-netapp/0.7.0 Azure-SDK-For-Python AZURECLI/2.0.76
      accept-language:
      - en-US
    method: PUT
    uri: https://management.azure.com/subscriptions/00000000-0000-0000-0000-000000000000/resourceGroups/cli_netappfiles_test_account_000001/providers/Microsoft.NetApp/netAppAccounts/cli000002?api-version=2019-08-01
  response:
    body:
      string: '{"id":"/subscriptions/00000000-0000-0000-0000-000000000000/resourceGroups/cli_netappfiles_test_account_000001/providers/Microsoft.NetApp/netAppAccounts/cli000002","name":"cli000002","type":"Microsoft.NetApp/netAppAccounts","etag":"W/\"datetime''2019-11-15T15%3A08%3A38.2180344Z''\"","location":"westus2","tags":{"Tag1":"Value1","Tag2":"Value2"},"properties":{"name":"cli000002","provisioningState":"Creating"}}'
    headers:
      access-control-expose-headers:
      - Request-Context
      azure-asyncoperation:
      - https://management.azure.com/subscriptions/00000000-0000-0000-0000-000000000000/providers/Microsoft.NetApp/locations/westus2/operationResults/f50d14e5-f828-4900-b620-587fa22e4245?api-version=2019-08-01
      cache-control:
      - no-cache
      content-length:
      - '493'
      content-type:
      - application/json; charset=utf-8
      date:
      - Fri, 15 Nov 2019 15:08:38 GMT
      etag:
      - W/"datetime'2019-11-15T15%3A08%3A38.2180344Z'"
      expires:
      - '-1'
      pragma:
      - no-cache
      request-context:
      - appId=cid-v1:2c4cb680-0a1f-424d-bb8d-8e650ba68d53
      server:
      - Microsoft-IIS/10.0
      strict-transport-security:
      - max-age=31536000; includeSubDomains
      x-content-type-options:
      - nosniff
      x-ms-ratelimit-remaining-subscription-writes:
      - '1199'
      x-powered-by:
      - ASP.NET
    status:
      code: 201
      message: Created
- request:
    body: null
    headers:
      Accept:
      - application/json
      Accept-Encoding:
      - gzip, deflate
      CommandName:
      - netappfiles account create
      Connection:
      - keep-alive
      ParameterSetName:
      - --resource-group --account-name -l --tags
      User-Agent:
      - python/3.6.4 (Darwin-18.7.0-x86_64-i386-64bit) msrest/0.6.10 msrest_azure/0.6.2
        azure-mgmt-netapp/0.7.0 Azure-SDK-For-Python AZURECLI/2.0.76
    method: GET
    uri: https://management.azure.com/subscriptions/00000000-0000-0000-0000-000000000000/providers/Microsoft.NetApp/locations/westus2/operationResults/f50d14e5-f828-4900-b620-587fa22e4245?api-version=2019-08-01
  response:
    body:
      string: '{"id":"/subscriptions/00000000-0000-0000-0000-000000000000/providers/Microsoft.NetApp/locations/westus2/operationResults/f50d14e5-f828-4900-b620-587fa22e4245","name":"f50d14e5-f828-4900-b620-587fa22e4245","status":"Succeeded","startTime":"2019-11-15T15:08:38.1692159Z","endTime":"2019-11-15T15:08:38.2786496Z","percentComplete":100.0,"properties":{"resourceName":"/subscriptions/00000000-0000-0000-0000-000000000000/resourceGroups/cli_netappfiles_test_account_000001/providers/Microsoft.NetApp/netAppAccounts/cli000002"}}'
    headers:
      access-control-expose-headers:
      - Request-Context
      cache-control:
      - no-cache
      content-length:
      - '576'
      content-type:
      - application/json; charset=utf-8
      date:
      - Fri, 15 Nov 2019 15:09:09 GMT
      expires:
      - '-1'
      pragma:
      - no-cache
      request-context:
      - appId=cid-v1:2c4cb680-0a1f-424d-bb8d-8e650ba68d53
      server:
      - Microsoft-IIS/10.0
      strict-transport-security:
      - max-age=31536000; includeSubDomains
      transfer-encoding:
      - chunked
      vary:
      - Accept-Encoding
      x-content-type-options:
      - nosniff
      x-powered-by:
      - ASP.NET
    status:
      code: 200
      message: OK
- request:
    body: null
    headers:
      Accept:
      - application/json
      Accept-Encoding:
      - gzip, deflate
      CommandName:
      - netappfiles account create
      Connection:
      - keep-alive
      ParameterSetName:
      - --resource-group --account-name -l --tags
      User-Agent:
      - python/3.6.4 (Darwin-18.7.0-x86_64-i386-64bit) msrest/0.6.10 msrest_azure/0.6.2
        azure-mgmt-netapp/0.7.0 Azure-SDK-For-Python AZURECLI/2.0.76
    method: GET
    uri: https://management.azure.com/subscriptions/00000000-0000-0000-0000-000000000000/resourceGroups/cli_netappfiles_test_account_000001/providers/Microsoft.NetApp/netAppAccounts/cli000002?api-version=2019-08-01
  response:
    body:
      string: '{"id":"/subscriptions/00000000-0000-0000-0000-000000000000/resourceGroups/cli_netappfiles_test_account_000001/providers/Microsoft.NetApp/netAppAccounts/cli000002","name":"cli000002","type":"Microsoft.NetApp/netAppAccounts","etag":"W/\"datetime''2019-11-15T15%3A08%3A38.2780771Z''\"","location":"westus2","tags":{"Tag1":"Value1","Tag2":"Value2"},"properties":{"name":"cli000002","provisioningState":"Succeeded"}}'
    headers:
      access-control-expose-headers:
      - Request-Context
      cache-control:
      - no-cache
      content-length:
      - '494'
      content-type:
      - application/json; charset=utf-8
      date:
      - Fri, 15 Nov 2019 15:09:09 GMT
      etag:
      - W/"datetime'2019-11-15T15%3A08%3A38.2780771Z'"
      expires:
      - '-1'
      pragma:
      - no-cache
      request-context:
      - appId=cid-v1:2c4cb680-0a1f-424d-bb8d-8e650ba68d53
      server:
      - Microsoft-IIS/10.0
      strict-transport-security:
      - max-age=31536000; includeSubDomains
      transfer-encoding:
      - chunked
      vary:
      - Accept-Encoding
      x-content-type-options:
      - nosniff
      x-powered-by:
      - ASP.NET
    status:
      code: 200
      message: OK
- request:
    body: null
    headers:
      Accept:
      - application/json
      Accept-Encoding:
      - gzip, deflate
      CommandName:
      - netappfiles account list
      Connection:
      - keep-alive
      ParameterSetName:
      - --resource-group
      User-Agent:
      - python/3.6.4 (Darwin-18.7.0-x86_64-i386-64bit) msrest/0.6.10 msrest_azure/0.6.2
        azure-mgmt-netapp/0.7.0 Azure-SDK-For-Python AZURECLI/2.0.76
      accept-language:
      - en-US
    method: GET
    uri: https://management.azure.com/subscriptions/00000000-0000-0000-0000-000000000000/resourceGroups/cli_netappfiles_test_account_000001/providers/Microsoft.NetApp/netAppAccounts?api-version=2019-08-01
  response:
    body:
      string: '{"value":[{"id":"/subscriptions/00000000-0000-0000-0000-000000000000/resourceGroups/cli_netappfiles_test_account_000001/providers/Microsoft.NetApp/netAppAccounts/cli000002","name":"cli000002","type":"Microsoft.NetApp/netAppAccounts","etag":"W/\"datetime''2019-11-15T15%3A08%3A38.2780771Z''\"","location":"westus2","tags":{"Tag1":"Value1","Tag2":"Value2"},"properties":{"name":"cli000002","provisioningState":"Succeeded"}}]}'
    headers:
      access-control-expose-headers:
      - Request-Context
      cache-control:
      - no-cache
      content-length:
      - '506'
      content-type:
      - application/json; charset=utf-8
      date:
      - Fri, 15 Nov 2019 15:09:10 GMT
      expires:
      - '-1'
      pragma:
      - no-cache
      request-context:
      - appId=cid-v1:2c4cb680-0a1f-424d-bb8d-8e650ba68d53
      server:
      - Microsoft-IIS/10.0
      strict-transport-security:
      - max-age=31536000; includeSubDomains
      transfer-encoding:
      - chunked
      vary:
      - Accept-Encoding
      x-content-type-options:
      - nosniff
      x-powered-by:
      - ASP.NET
    status:
      code: 200
      message: OK
- request:
    body: null
    headers:
      Accept:
      - application/json
      Accept-Encoding:
      - gzip, deflate
      CommandName:
      - netappfiles account delete
      Connection:
      - keep-alive
      Content-Length:
      - '0'
      ParameterSetName:
      - --resource-group --account-name
      User-Agent:
      - python/3.6.4 (Darwin-18.7.0-x86_64-i386-64bit) msrest/0.6.10 msrest_azure/0.6.2
        azure-mgmt-netapp/0.7.0 Azure-SDK-For-Python AZURECLI/2.0.76
      accept-language:
      - en-US
    method: DELETE
    uri: https://management.azure.com/subscriptions/00000000-0000-0000-0000-000000000000/resourceGroups/cli_netappfiles_test_account_000001/providers/Microsoft.NetApp/netAppAccounts/cli000002?api-version=2019-08-01
  response:
    body:
      string: ''
    headers:
      access-control-expose-headers:
      - Request-Context
      azure-asyncoperation:
      - https://management.azure.com/subscriptions/00000000-0000-0000-0000-000000000000/providers/Microsoft.NetApp/locations/westus2/operationResults/fb44d110-bca7-4baf-9e54-1043657427e1?api-version=2019-08-01
      cache-control:
      - no-cache
      content-length:
      - '0'
      date:
      - Fri, 15 Nov 2019 15:09:13 GMT
      expires:
      - '-1'
      location:
      - https://management.azure.com/subscriptions/00000000-0000-0000-0000-000000000000/providers/Microsoft.NetApp/locations/westus2/operationResults/fb44d110-bca7-4baf-9e54-1043657427e1?api-version=2019-08-01&operationResultResponseType=Location
      pragma:
      - no-cache
      request-context:
      - appId=cid-v1:2c4cb680-0a1f-424d-bb8d-8e650ba68d53
      server:
      - Microsoft-IIS/10.0
      strict-transport-security:
      - max-age=31536000; includeSubDomains
      x-content-type-options:
      - nosniff
      x-ms-ratelimit-remaining-subscription-deletes:
      - '14999'
      x-powered-by:
      - ASP.NET
    status:
      code: 202
      message: Accepted
- request:
    body: null
    headers:
      Accept:
      - application/json
      Accept-Encoding:
      - gzip, deflate
      CommandName:
      - netappfiles account delete
      Connection:
      - keep-alive
      ParameterSetName:
      - --resource-group --account-name
      User-Agent:
      - python/3.6.4 (Darwin-18.7.0-x86_64-i386-64bit) msrest/0.6.10 msrest_azure/0.6.2
        azure-mgmt-netapp/0.7.0 Azure-SDK-For-Python AZURECLI/2.0.76
    method: GET
    uri: https://management.azure.com/subscriptions/00000000-0000-0000-0000-000000000000/providers/Microsoft.NetApp/locations/westus2/operationResults/fb44d110-bca7-4baf-9e54-1043657427e1?api-version=2019-08-01
  response:
    body:
      string: '{"id":"/subscriptions/00000000-0000-0000-0000-000000000000/providers/Microsoft.NetApp/locations/westus2/operationResults/fb44d110-bca7-4baf-9e54-1043657427e1","name":"fb44d110-bca7-4baf-9e54-1043657427e1","status":"Succeeded","startTime":"2019-11-15T15:09:13.3216707Z","endTime":"2019-11-15T15:09:13.3841367Z","percentComplete":100.0,"properties":{"resourceName":"/subscriptions/00000000-0000-0000-0000-000000000000/resourceGroups/cli_netappfiles_test_account_000001/providers/Microsoft.NetApp/netAppAccounts/cli000002"}}'
    headers:
      access-control-expose-headers:
      - Request-Context
      cache-control:
      - no-cache
      content-length:
      - '576'
      content-type:
      - application/json; charset=utf-8
      date:
      - Fri, 15 Nov 2019 15:09:44 GMT
      expires:
      - '-1'
      pragma:
      - no-cache
      request-context:
      - appId=cid-v1:2c4cb680-0a1f-424d-bb8d-8e650ba68d53
      server:
      - Microsoft-IIS/10.0
      strict-transport-security:
      - max-age=31536000; includeSubDomains
      transfer-encoding:
      - chunked
      vary:
      - Accept-Encoding
      x-content-type-options:
      - nosniff
      x-powered-by:
      - ASP.NET
    status:
      code: 200
      message: OK
- request:
    body: null
    headers:
      Accept:
      - application/json
      Accept-Encoding:
      - gzip, deflate
      CommandName:
      - netappfiles account list
      Connection:
      - keep-alive
      ParameterSetName:
      - --resource-group
      User-Agent:
      - python/3.6.4 (Darwin-18.7.0-x86_64-i386-64bit) msrest/0.6.10 msrest_azure/0.6.2
        azure-mgmt-netapp/0.7.0 Azure-SDK-For-Python AZURECLI/2.0.76
      accept-language:
      - en-US
    method: GET
    uri: https://management.azure.com/subscriptions/00000000-0000-0000-0000-000000000000/resourceGroups/cli_netappfiles_test_account_000001/providers/Microsoft.NetApp/netAppAccounts?api-version=2019-08-01
  response:
    body:
      string: '{"value":[]}'
    headers:
      cache-control:
      - no-cache
      content-length:
      - '12'
      content-type:
      - application/json; charset=utf-8
      date:
      - Fri, 15 Nov 2019 15:09:46 GMT
      expires:
      - '-1'
      pragma:
      - no-cache
      strict-transport-security:
      - max-age=31536000; includeSubDomains
      vary:
      - Accept-Encoding
      x-content-type-options:
      - nosniff
    status:
      code: 200
      message: OK
- request:
    body: '{"location": "westus2", "tags": {"Tag1": "Value1", "Tag2": "Value2"}}'
    headers:
      Accept:
      - application/json
      Accept-Encoding:
      - gzip, deflate
      CommandName:
      - netappfiles account create
      Connection:
      - keep-alive
      Content-Length:
      - '69'
      Content-Type:
      - application/json; charset=utf-8
      ParameterSetName:
      - -g -a -l --tags
      User-Agent:
      - python/3.6.4 (Darwin-18.7.0-x86_64-i386-64bit) msrest/0.6.10 msrest_azure/0.6.2
        azure-mgmt-netapp/0.7.0 Azure-SDK-For-Python AZURECLI/2.0.76
      accept-language:
      - en-US
    method: PUT
    uri: https://management.azure.com/subscriptions/00000000-0000-0000-0000-000000000000/resourceGroups/cli_netappfiles_test_account_000001/providers/Microsoft.NetApp/netAppAccounts/cli000002?api-version=2019-08-01
  response:
    body:
      string: '{"id":"/subscriptions/00000000-0000-0000-0000-000000000000/resourceGroups/cli_netappfiles_test_account_000001/providers/Microsoft.NetApp/netAppAccounts/cli000002","name":"cli000002","type":"Microsoft.NetApp/netAppAccounts","etag":"W/\"datetime''2019-11-15T15%3A09%3A49.0517652Z''\"","location":"westus2","tags":{"Tag1":"Value1","Tag2":"Value2"},"properties":{"name":"cli000002","provisioningState":"Creating"}}'
    headers:
      access-control-expose-headers:
      - Request-Context
      azure-asyncoperation:
      - https://management.azure.com/subscriptions/00000000-0000-0000-0000-000000000000/providers/Microsoft.NetApp/locations/westus2/operationResults/9ed8ac36-ce66-4090-add2-d958d0655677?api-version=2019-08-01
      cache-control:
      - no-cache
      content-length:
      - '493'
      content-type:
      - application/json; charset=utf-8
      date:
      - Fri, 15 Nov 2019 15:09:49 GMT
      etag:
      - W/"datetime'2019-11-15T15%3A09%3A49.0517652Z'"
      expires:
      - '-1'
      pragma:
      - no-cache
      request-context:
      - appId=cid-v1:2c4cb680-0a1f-424d-bb8d-8e650ba68d53
      server:
      - Microsoft-IIS/10.0
      strict-transport-security:
      - max-age=31536000; includeSubDomains
      x-content-type-options:
      - nosniff
      x-ms-ratelimit-remaining-subscription-writes:
      - '1199'
      x-powered-by:
      - ASP.NET
    status:
      code: 201
      message: Created
- request:
    body: null
    headers:
      Accept:
      - application/json
      Accept-Encoding:
      - gzip, deflate
      CommandName:
      - netappfiles account create
      Connection:
      - keep-alive
      ParameterSetName:
      - -g -a -l --tags
      User-Agent:
      - python/3.6.4 (Darwin-18.7.0-x86_64-i386-64bit) msrest/0.6.10 msrest_azure/0.6.2
        azure-mgmt-netapp/0.7.0 Azure-SDK-For-Python AZURECLI/2.0.76
    method: GET
    uri: https://management.azure.com/subscriptions/00000000-0000-0000-0000-000000000000/providers/Microsoft.NetApp/locations/westus2/operationResults/9ed8ac36-ce66-4090-add2-d958d0655677?api-version=2019-08-01
  response:
    body:
      string: '{"id":"/subscriptions/00000000-0000-0000-0000-000000000000/providers/Microsoft.NetApp/locations/westus2/operationResults/9ed8ac36-ce66-4090-add2-d958d0655677","name":"9ed8ac36-ce66-4090-add2-d958d0655677","status":"Succeeded","startTime":"2019-11-15T15:09:49.005176Z","endTime":"2019-11-15T15:09:49.1145162Z","percentComplete":100.0,"properties":{"resourceName":"/subscriptions/00000000-0000-0000-0000-000000000000/resourceGroups/cli_netappfiles_test_account_000001/providers/Microsoft.NetApp/netAppAccounts/cli000002"}}'
    headers:
      access-control-expose-headers:
      - Request-Context
      cache-control:
      - no-cache
      content-length:
      - '575'
      content-type:
      - application/json; charset=utf-8
      date:
      - Fri, 15 Nov 2019 15:10:21 GMT
      expires:
      - '-1'
      pragma:
      - no-cache
      request-context:
      - appId=cid-v1:2c4cb680-0a1f-424d-bb8d-8e650ba68d53
      server:
      - Microsoft-IIS/10.0
      strict-transport-security:
      - max-age=31536000; includeSubDomains
      transfer-encoding:
      - chunked
      vary:
      - Accept-Encoding
      x-content-type-options:
      - nosniff
      x-powered-by:
      - ASP.NET
    status:
      code: 200
      message: OK
- request:
    body: null
    headers:
      Accept:
      - application/json
      Accept-Encoding:
      - gzip, deflate
      CommandName:
      - netappfiles account create
      Connection:
      - keep-alive
      ParameterSetName:
      - -g -a -l --tags
      User-Agent:
      - python/3.6.4 (Darwin-18.7.0-x86_64-i386-64bit) msrest/0.6.10 msrest_azure/0.6.2
        azure-mgmt-netapp/0.7.0 Azure-SDK-For-Python AZURECLI/2.0.76
    method: GET
    uri: https://management.azure.com/subscriptions/00000000-0000-0000-0000-000000000000/resourceGroups/cli_netappfiles_test_account_000001/providers/Microsoft.NetApp/netAppAccounts/cli000002?api-version=2019-08-01
  response:
    body:
      string: '{"id":"/subscriptions/00000000-0000-0000-0000-000000000000/resourceGroups/cli_netappfiles_test_account_000001/providers/Microsoft.NetApp/netAppAccounts/cli000002","name":"cli000002","type":"Microsoft.NetApp/netAppAccounts","etag":"W/\"datetime''2019-11-15T15%3A09%3A49.116811Z''\"","location":"westus2","tags":{"Tag1":"Value1","Tag2":"Value2"},"properties":{"name":"cli000002","provisioningState":"Succeeded"}}'
    headers:
      access-control-expose-headers:
      - Request-Context
      cache-control:
      - no-cache
      content-length:
      - '493'
      content-type:
      - application/json; charset=utf-8
      date:
      - Fri, 15 Nov 2019 15:10:21 GMT
      etag:
      - W/"datetime'2019-11-15T15%3A09%3A49.116811Z'"
      expires:
      - '-1'
      pragma:
      - no-cache
      request-context:
      - appId=cid-v1:2c4cb680-0a1f-424d-bb8d-8e650ba68d53
      server:
      - Microsoft-IIS/10.0
      strict-transport-security:
      - max-age=31536000; includeSubDomains
      transfer-encoding:
      - chunked
      vary:
      - Accept-Encoding
      x-content-type-options:
      - nosniff
      x-powered-by:
      - ASP.NET
    status:
      code: 200
      message: OK
- request:
    body: null
    headers:
      Accept:
      - application/json
      Accept-Encoding:
      - gzip, deflate
      CommandName:
      - netappfiles account list
      Connection:
      - keep-alive
      ParameterSetName:
      - --resource-group
      User-Agent:
      - python/3.6.4 (Darwin-18.7.0-x86_64-i386-64bit) msrest/0.6.10 msrest_azure/0.6.2
        azure-mgmt-netapp/0.7.0 Azure-SDK-For-Python AZURECLI/2.0.76
      accept-language:
      - en-US
    method: GET
    uri: https://management.azure.com/subscriptions/00000000-0000-0000-0000-000000000000/resourceGroups/cli_netappfiles_test_account_000001/providers/Microsoft.NetApp/netAppAccounts?api-version=2019-08-01
  response:
    body:
      string: '{"value":[{"id":"/subscriptions/00000000-0000-0000-0000-000000000000/resourceGroups/cli_netappfiles_test_account_000001/providers/Microsoft.NetApp/netAppAccounts/cli000002","name":"cli000002","type":"Microsoft.NetApp/netAppAccounts","etag":"W/\"datetime''2019-11-15T15%3A09%3A49.116811Z''\"","location":"westus2","tags":{"Tag1":"Value1","Tag2":"Value2"},"properties":{"name":"cli000002","provisioningState":"Succeeded"}}]}'
    headers:
      access-control-expose-headers:
      - Request-Context
      cache-control:
      - no-cache
      content-length:
      - '505'
      content-type:
      - application/json; charset=utf-8
      date:
      - Fri, 15 Nov 2019 15:10:24 GMT
      expires:
      - '-1'
      pragma:
      - no-cache
      request-context:
      - appId=cid-v1:2c4cb680-0a1f-424d-bb8d-8e650ba68d53
      server:
      - Microsoft-IIS/10.0
      strict-transport-security:
      - max-age=31536000; includeSubDomains
      transfer-encoding:
      - chunked
      vary:
      - Accept-Encoding
      x-content-type-options:
      - nosniff
      x-powered-by:
      - ASP.NET
    status:
      code: 200
      message: OK
- request:
    body: null
    headers:
      Accept:
      - application/json
      Accept-Encoding:
      - gzip, deflate
      CommandName:
      - netappfiles account delete
      Connection:
      - keep-alive
      Content-Length:
      - '0'
      ParameterSetName:
      - --resource-group -a
      User-Agent:
      - python/3.6.4 (Darwin-18.7.0-x86_64-i386-64bit) msrest/0.6.10 msrest_azure/0.6.2
        azure-mgmt-netapp/0.7.0 Azure-SDK-For-Python AZURECLI/2.0.76
      accept-language:
      - en-US
    method: DELETE
    uri: https://management.azure.com/subscriptions/00000000-0000-0000-0000-000000000000/resourceGroups/cli_netappfiles_test_account_000001/providers/Microsoft.NetApp/netAppAccounts/cli000002?api-version=2019-08-01
  response:
    body:
      string: ''
    headers:
      access-control-expose-headers:
      - Request-Context
      azure-asyncoperation:
      - https://management.azure.com/subscriptions/00000000-0000-0000-0000-000000000000/providers/Microsoft.NetApp/locations/westus2/operationResults/81e5826e-4604-41fa-9065-871047458f36?api-version=2019-08-01
      cache-control:
      - no-cache
      content-length:
      - '0'
      date:
      - Fri, 15 Nov 2019 15:10:26 GMT
      expires:
      - '-1'
      location:
      - https://management.azure.com/subscriptions/00000000-0000-0000-0000-000000000000/providers/Microsoft.NetApp/locations/westus2/operationResults/81e5826e-4604-41fa-9065-871047458f36?api-version=2019-08-01&operationResultResponseType=Location
      pragma:
      - no-cache
      request-context:
      - appId=cid-v1:2c4cb680-0a1f-424d-bb8d-8e650ba68d53
      server:
      - Microsoft-IIS/10.0
      strict-transport-security:
      - max-age=31536000; includeSubDomains
      x-content-type-options:
      - nosniff
      x-ms-ratelimit-remaining-subscription-deletes:
      - '14999'
      x-powered-by:
      - ASP.NET
    status:
      code: 202
      message: Accepted
- request:
    body: null
    headers:
      Accept:
      - application/json
      Accept-Encoding:
      - gzip, deflate
      CommandName:
      - netappfiles account delete
      Connection:
      - keep-alive
      ParameterSetName:
      - --resource-group -a
      User-Agent:
      - python/3.6.4 (Darwin-18.7.0-x86_64-i386-64bit) msrest/0.6.10 msrest_azure/0.6.2
        azure-mgmt-netapp/0.7.0 Azure-SDK-For-Python AZURECLI/2.0.76
    method: GET
    uri: https://management.azure.com/subscriptions/00000000-0000-0000-0000-000000000000/providers/Microsoft.NetApp/locations/westus2/operationResults/81e5826e-4604-41fa-9065-871047458f36?api-version=2019-08-01
  response:
    body:
      string: '{"id":"/subscriptions/00000000-0000-0000-0000-000000000000/providers/Microsoft.NetApp/locations/westus2/operationResults/81e5826e-4604-41fa-9065-871047458f36","name":"81e5826e-4604-41fa-9065-871047458f36","status":"Succeeded","startTime":"2019-11-15T15:10:27.3921276Z","endTime":"2019-11-15T15:10:27.4858604Z","percentComplete":100.0,"properties":{"resourceName":"/subscriptions/00000000-0000-0000-0000-000000000000/resourceGroups/cli_netappfiles_test_account_000001/providers/Microsoft.NetApp/netAppAccounts/cli000002"}}'
    headers:
      access-control-expose-headers:
      - Request-Context
      cache-control:
      - no-cache
      content-length:
      - '576'
      content-type:
      - application/json; charset=utf-8
      date:
      - Fri, 15 Nov 2019 15:10:58 GMT
      expires:
      - '-1'
      pragma:
      - no-cache
      request-context:
      - appId=cid-v1:2c4cb680-0a1f-424d-bb8d-8e650ba68d53
      server:
      - Microsoft-IIS/10.0
      strict-transport-security:
      - max-age=31536000; includeSubDomains
      transfer-encoding:
      - chunked
      vary:
      - Accept-Encoding
      x-content-type-options:
      - nosniff
      x-powered-by:
      - ASP.NET
    status:
      code: 200
      message: OK
- request:
    body: null
    headers:
      Accept:
      - application/json
      Accept-Encoding:
      - gzip, deflate
      CommandName:
      - netappfiles account list
      Connection:
      - keep-alive
      ParameterSetName:
      - --resource-group
      User-Agent:
      - python/3.6.4 (Darwin-18.7.0-x86_64-i386-64bit) msrest/0.6.10 msrest_azure/0.6.2
        azure-mgmt-netapp/0.7.0 Azure-SDK-For-Python AZURECLI/2.0.76
      accept-language:
      - en-US
    method: GET
    uri: https://management.azure.com/subscriptions/00000000-0000-0000-0000-000000000000/resourceGroups/cli_netappfiles_test_account_000001/providers/Microsoft.NetApp/netAppAccounts?api-version=2019-08-01
  response:
    body:
      string: '{"value":[]}'
    headers:
      cache-control:
      - no-cache
      content-length:
      - '12'
      content-type:
      - application/json; charset=utf-8
      date:
      - Fri, 15 Nov 2019 15:10:59 GMT
      expires:
      - '-1'
      pragma:
      - no-cache
      strict-transport-security:
      - max-age=31536000; includeSubDomains
      vary:
      - Accept-Encoding
      x-content-type-options:
      - nosniff
    status:
      code: 200
      message: OK
version: 1
