interactions:
- request:
    body: '{"location": "centralus", "properties": {"encryption": {}}}'
    headers:
      Accept:
      - application/json
      Accept-Encoding:
      - gzip, deflate
      CommandName:
      - netappfiles account create
      Connection:
      - keep-alive
      Content-Length:
      - '59'
      Content-Type:
      - application/json; charset=utf-8
      ParameterSetName:
      - -g -a -l
      User-Agent:
      - python/3.8.7 (macOS-11.0.1-x86_64-i386-64bit) msrest/0.6.21 msrest_azure/0.6.3
        azure-mgmt-netapp/0.16.0 Azure-SDK-For-Python AZURECLI/2.20.0
      accept-language:
      - en-US
    method: PUT
    uri: https://management.azure.com/subscriptions/00000000-0000-0000-0000-000000000000/resourceGroups/cli_netappfiles_test_snapshot_policy_000001/providers/Microsoft.NetApp/netAppAccounts/cli-acc-000002?api-version=2020-11-01
  response:
    body:
      string: '{"id":"/subscriptions/00000000-0000-0000-0000-000000000000/resourceGroups/cli_netappfiles_test_snapshot_policy_000001/providers/Microsoft.NetApp/netAppAccounts/cli-acc-000002","name":"cli-acc-000002","type":"Microsoft.NetApp/netAppAccounts","etag":"W/\"datetime''2021-03-02T09%3A49%3A59.2993014Z''\"","location":"centralus","properties":{"encryption":{},"provisioningState":"Creating"}}'
    headers:
      access-control-expose-headers:
      - Request-Context
      azure-asyncoperation:
      - https://management.azure.com/subscriptions/00000000-0000-0000-0000-000000000000/providers/Microsoft.NetApp/locations/centralus/operationResults/f954b6bf-afc5-4b5d-93f5-9ceb5b354950?api-version=2020-11-01
      cache-control:
      - no-cache
      content-length:
      - '436'
      content-type:
      - application/json; charset=utf-8
      date:
      - Tue, 02 Mar 2021 09:50:00 GMT
      etag:
      - W/"datetime'2021-03-02T09%3A49%3A59.2993014Z'"
      expires:
      - '-1'
      pragma:
      - no-cache
      request-context:
      - appId=cid-v1:2c4cb680-0a1f-424d-bb8d-8e650ba68d53
      server:
      - Microsoft-IIS/10.0
      strict-transport-security:
      - max-age=31536000; includeSubDomains
      x-content-type-options:
      - nosniff
      x-ms-ratelimit-remaining-subscription-writes:
      - '1196'
      x-powered-by:
      - ASP.NET
    status:
      code: 201
      message: Created
- request:
    body: null
    headers:
      Accept:
      - application/json
      Accept-Encoding:
      - gzip, deflate
      CommandName:
      - netappfiles account create
      Connection:
      - keep-alive
      ParameterSetName:
      - -g -a -l
      User-Agent:
      - python/3.8.7 (macOS-11.0.1-x86_64-i386-64bit) msrest/0.6.21 msrest_azure/0.6.3
        azure-mgmt-netapp/0.16.0 Azure-SDK-For-Python AZURECLI/2.20.0
    method: GET
    uri: https://management.azure.com/subscriptions/00000000-0000-0000-0000-000000000000/providers/Microsoft.NetApp/locations/centralus/operationResults/f954b6bf-afc5-4b5d-93f5-9ceb5b354950?api-version=2020-11-01
  response:
    body:
      string: '{"id":"/subscriptions/00000000-0000-0000-0000-000000000000/providers/Microsoft.NetApp/locations/centralus/operationResults/f954b6bf-afc5-4b5d-93f5-9ceb5b354950","name":"f954b6bf-afc5-4b5d-93f5-9ceb5b354950","status":"Succeeded","startTime":"2021-03-02T09:49:59.2244159Z","endTime":"2021-03-02T09:49:59.3872616Z","percentComplete":100.0,"properties":{"resourceName":"/subscriptions/00000000-0000-0000-0000-000000000000/resourceGroups/cli_netappfiles_test_snapshot_policy_000001/providers/Microsoft.NetApp/netAppAccounts/cli-acc-000002"}}'
    headers:
      access-control-expose-headers:
      - Request-Context
      cache-control:
      - no-cache
      content-length:
      - '578'
      content-type:
      - application/json; charset=utf-8
      date:
      - Tue, 02 Mar 2021 09:50:32 GMT
      expires:
      - '-1'
      pragma:
      - no-cache
      request-context:
      - appId=cid-v1:2c4cb680-0a1f-424d-bb8d-8e650ba68d53
      server:
      - Microsoft-IIS/10.0
      strict-transport-security:
      - max-age=31536000; includeSubDomains
      transfer-encoding:
      - chunked
      vary:
      - Accept-Encoding
      x-content-type-options:
      - nosniff
      x-powered-by:
      - ASP.NET
    status:
      code: 200
      message: OK
- request:
    body: null
    headers:
      Accept:
      - application/json
      Accept-Encoding:
      - gzip, deflate
      CommandName:
      - netappfiles account create
      Connection:
      - keep-alive
      ParameterSetName:
      - -g -a -l
      User-Agent:
      - python/3.8.7 (macOS-11.0.1-x86_64-i386-64bit) msrest/0.6.21 msrest_azure/0.6.3
        azure-mgmt-netapp/0.16.0 Azure-SDK-For-Python AZURECLI/2.20.0
    method: GET
    uri: https://management.azure.com/subscriptions/00000000-0000-0000-0000-000000000000/resourceGroups/cli_netappfiles_test_snapshot_policy_000001/providers/Microsoft.NetApp/netAppAccounts/cli-acc-000002?api-version=2020-11-01
  response:
    body:
      string: '{"id":"/subscriptions/00000000-0000-0000-0000-000000000000/resourceGroups/cli_netappfiles_test_snapshot_policy_000001/providers/Microsoft.NetApp/netAppAccounts/cli-acc-000002","name":"cli-acc-000002","type":"Microsoft.NetApp/netAppAccounts","etag":"W/\"datetime''2021-03-02T09%3A49%3A59.3773573Z''\"","location":"centralus","properties":{"provisioningState":"Succeeded","encryption":{}}}'
    headers:
      access-control-expose-headers:
      - Request-Context
      cache-control:
      - no-cache
      content-length:
      - '437'
      content-type:
      - application/json; charset=utf-8
      date:
      - Tue, 02 Mar 2021 09:50:33 GMT
      etag:
      - W/"datetime'2021-03-02T09%3A49%3A59.3773573Z'"
      expires:
      - '-1'
      pragma:
      - no-cache
      request-context:
      - appId=cid-v1:2c4cb680-0a1f-424d-bb8d-8e650ba68d53
      server:
      - Microsoft-IIS/10.0
      strict-transport-security:
      - max-age=31536000; includeSubDomains
      transfer-encoding:
      - chunked
      vary:
      - Accept-Encoding
      x-content-type-options:
      - nosniff
      x-powered-by:
      - ASP.NET
    status:
      code: 200
      message: OK
- request:
    body: '{"location": "centralus", "tags": {"Tag1": "Value1"}, "properties": {"hourlySchedule":
      {"snapshotsToKeep": 1, "minute": 10}, "dailySchedule": {"snapshotsToKeep": 2,
      "hour": 2, "minute": 20}, "weeklySchedule": {"snapshotsToKeep": 3, "day": "Monday",
      "hour": 3, "minute": 30}, "monthlySchedule": {"snapshotsToKeep": 4, "daysOfMonth":
      "2,5,30", "hour": 4, "minute": 40}, "enabled": true}}'
    headers:
      Accept:
      - application/json
      Accept-Encoding:
      - gzip, deflate
      CommandName:
      - netappfiles snapshot policy create
      Connection:
      - keep-alive
      Content-Length:
      - '385'
      Content-Type:
      - application/json; charset=utf-8
      ParameterSetName:
      - -g -a --snapshot-policy-name -l -u -d -w -m --hourly-minute --daily-minute
        --weekly-minute --monthly-minute --daily-hour --weekly-hour --monthly-hour
        --weekly-day --monthly-days --enabled --tags
      User-Agent:
      - python/3.8.7 (macOS-11.0.1-x86_64-i386-64bit) msrest/0.6.21 msrest_azure/0.6.3
        azure-mgmt-netapp/0.16.0 Azure-SDK-For-Python AZURECLI/2.20.0
      accept-language:
      - en-US
    method: PUT
    uri: https://management.azure.com/subscriptions/00000000-0000-0000-0000-000000000000/resourceGroups/cli_netappfiles_test_snapshot_policy_000001/providers/Microsoft.NetApp/netAppAccounts/cli-acc-000002/snapshotPolicies/cli-sn-pol-000003?api-version=2020-11-01
  response:
    body:
      string: '{"id":"/subscriptions/00000000-0000-0000-0000-000000000000/resourceGroups/cli_netappfiles_test_snapshot_policy_000001/providers/Microsoft.NetApp/netAppAccounts/cli-acc-000002/snapshotPolicies/cli-sn-pol-000003","name":"cli-acc-000002/cli-sn-pol-000003","type":"Microsoft.NetApp/netAppAccounts/snapshotPolicies","etag":"W/\"datetime''2021-03-02T09%3A50%3A36.7541244Z''\"","location":"centralus","tags":{"Tag1":"Value1"},"properties":{"enabled":true,"hourlySchedule":{"snapshotsToKeep":1,"minute":10},"dailySchedule":{"snapshotsToKeep":2,"hour":2,"minute":20},"weeklySchedule":{"snapshotsToKeep":3,"day":"Monday","hour":3,"minute":30},"monthlySchedule":{"snapshotsToKeep":4,"daysOfMonth":"2,5,30","hour":4,"minute":40},"provisioningState":"Creating"}}'
    headers:
      access-control-expose-headers:
      - Request-Context
      azure-asyncoperation:
      - https://management.azure.com/subscriptions/00000000-0000-0000-0000-000000000000/providers/Microsoft.NetApp/locations/centralus/operationResults/0fc8f9d0-95ea-4afb-843d-fa48770c5c7b?api-version=2020-11-01
      cache-control:
      - no-cache
      content-length:
      - '797'
      content-type:
      - application/json; charset=utf-8
      date:
      - Tue, 02 Mar 2021 09:50:36 GMT
      etag:
      - W/"datetime'2021-03-02T09%3A50%3A36.7541244Z'"
      expires:
      - '-1'
      pragma:
      - no-cache
      request-context:
      - appId=cid-v1:2c4cb680-0a1f-424d-bb8d-8e650ba68d53
      server:
      - Microsoft-IIS/10.0
      strict-transport-security:
      - max-age=31536000; includeSubDomains
      x-content-type-options:
      - nosniff
      x-ms-ratelimit-remaining-subscription-writes:
      - '1199'
      x-powered-by:
      - ASP.NET
    status:
      code: 201
      message: Created
- request:
    body: null
    headers:
      Accept:
      - application/json
      Accept-Encoding:
      - gzip, deflate
      CommandName:
      - netappfiles snapshot policy create
      Connection:
      - keep-alive
      ParameterSetName:
      - -g -a --snapshot-policy-name -l -u -d -w -m --hourly-minute --daily-minute
        --weekly-minute --monthly-minute --daily-hour --weekly-hour --monthly-hour
        --weekly-day --monthly-days --enabled --tags
      User-Agent:
      - python/3.8.7 (macOS-11.0.1-x86_64-i386-64bit) msrest/0.6.21 msrest_azure/0.6.3
        azure-mgmt-netapp/0.16.0 Azure-SDK-For-Python AZURECLI/2.20.0
    method: GET
    uri: https://management.azure.com/subscriptions/00000000-0000-0000-0000-000000000000/providers/Microsoft.NetApp/locations/centralus/operationResults/0fc8f9d0-95ea-4afb-843d-fa48770c5c7b?api-version=2020-11-01
  response:
    body:
      string: '{"id":"/subscriptions/00000000-0000-0000-0000-000000000000/providers/Microsoft.NetApp/locations/centralus/operationResults/0fc8f9d0-95ea-4afb-843d-fa48770c5c7b","name":"0fc8f9d0-95ea-4afb-843d-fa48770c5c7b","status":"Succeeded","startTime":"2021-03-02T09:50:36.5018167Z","endTime":"2021-03-02T09:50:37.0006645Z","percentComplete":100.0,"properties":{"resourceName":"/subscriptions/00000000-0000-0000-0000-000000000000/resourceGroups/cli_netappfiles_test_snapshot_policy_000001/providers/Microsoft.NetApp/netAppAccounts/cli-acc-000002/snapshotPolicies/cli-sn-pol-000003"}}'
    headers:
      access-control-expose-headers:
      - Request-Context
      cache-control:
      - no-cache
      content-length:
      - '612'
      content-type:
      - application/json; charset=utf-8
      date:
      - Tue, 02 Mar 2021 09:51:08 GMT
      expires:
      - '-1'
      pragma:
      - no-cache
      request-context:
      - appId=cid-v1:2c4cb680-0a1f-424d-bb8d-8e650ba68d53
      server:
      - Microsoft-IIS/10.0
      strict-transport-security:
      - max-age=31536000; includeSubDomains
      transfer-encoding:
      - chunked
      vary:
      - Accept-Encoding
      x-content-type-options:
      - nosniff
      x-powered-by:
      - ASP.NET
    status:
      code: 200
      message: OK
- request:
    body: null
    headers:
      Accept:
      - application/json
      Accept-Encoding:
      - gzip, deflate
      CommandName:
      - netappfiles snapshot policy create
      Connection:
      - keep-alive
      ParameterSetName:
      - -g -a --snapshot-policy-name -l -u -d -w -m --hourly-minute --daily-minute
        --weekly-minute --monthly-minute --daily-hour --weekly-hour --monthly-hour
        --weekly-day --monthly-days --enabled --tags
      User-Agent:
      - python/3.8.7 (macOS-11.0.1-x86_64-i386-64bit) msrest/0.6.21 msrest_azure/0.6.3
        azure-mgmt-netapp/0.16.0 Azure-SDK-For-Python AZURECLI/2.20.0
    method: GET
    uri: https://management.azure.com/subscriptions/00000000-0000-0000-0000-000000000000/resourceGroups/cli_netappfiles_test_snapshot_policy_000001/providers/Microsoft.NetApp/netAppAccounts/cli-acc-000002/snapshotPolicies/cli-sn-pol-000003?api-version=2020-11-01
  response:
    body:
      string: '{"id":"/subscriptions/00000000-0000-0000-0000-000000000000/resourceGroups/cli_netappfiles_test_snapshot_policy_000001/providers/Microsoft.NetApp/netAppAccounts/cli-acc-000002/snapshotPolicies/cli-sn-pol-000003","name":"cli-acc-000002/cli-sn-pol-000003","type":"Microsoft.NetApp/netAppAccounts/snapshotPolicies","etag":"W/\"datetime''2021-03-02T09%3A50%3A36.8361836Z''\"","location":"centralus","tags":{"Tag1":"Value1"},"properties":{"name":"cli-sn-pol-000003","enabled":true,"hourlySchedule":{"snapshotsToKeep":1,"minute":10},"dailySchedule":{"snapshotsToKeep":2,"hour":2,"minute":20},"weeklySchedule":{"snapshotsToKeep":3,"day":"Monday","hour":3,"minute":30},"monthlySchedule":{"snapshotsToKeep":4,"daysOfMonth":"2,5,30","hour":4,"minute":40},"provisioningState":"Succeeded"}}'
    headers:
      access-control-expose-headers:
      - Request-Context
      cache-control:
      - no-cache
      content-length:
      - '824'
      content-type:
      - application/json; charset=utf-8
      date:
      - Tue, 02 Mar 2021 09:51:08 GMT
      etag:
      - W/"datetime'2021-03-02T09%3A50%3A36.8361836Z'"
      expires:
      - '-1'
      pragma:
      - no-cache
      request-context:
      - appId=cid-v1:2c4cb680-0a1f-424d-bb8d-8e650ba68d53
      server:
      - Microsoft-IIS/10.0
      strict-transport-security:
      - max-age=31536000; includeSubDomains
      transfer-encoding:
      - chunked
      vary:
      - Accept-Encoding
      x-content-type-options:
      - nosniff
      x-powered-by:
      - ASP.NET
    status:
      code: 200
      message: OK
- request:
    body: '{"location": "centralus", "properties": {"hourlySchedule": {"snapshotsToKeep":
      5, "minute": 50}, "dailySchedule": {"snapshotsToKeep": 6, "hour": 6, "minute":
      0}, "weeklySchedule": {"snapshotsToKeep": 7, "day": "Wednesday", "hour": 7,
      "minute": 10}, "monthlySchedule": {"snapshotsToKeep": 8, "daysOfMonth": "1,2,20",
      "hour": 8, "minute": 20}, "enabled": false}}'
    headers:
      Accept:
      - application/json
      Accept-Encoding:
      - gzip, deflate
      CommandName:
      - netappfiles snapshot policy update
      Connection:
      - keep-alive
      Content-Length:
      - '360'
      Content-Type:
      - application/json; charset=utf-8
      ParameterSetName:
      - -g -a --snapshot-policy-name -l -u -d -w -m --hourly-minute --daily-minute
        --weekly-minute --monthly-minute --daily-hour --weekly-hour --monthly-hour
        --weekly-day --monthly-days --enabled
      User-Agent:
      - python/3.8.7 (macOS-11.0.1-x86_64-i386-64bit) msrest/0.6.21 msrest_azure/0.6.3
        azure-mgmt-netapp/0.16.0 Azure-SDK-For-Python AZURECLI/2.20.0
      accept-language:
      - en-US
    method: PATCH
    uri: https://management.azure.com/subscriptions/00000000-0000-0000-0000-000000000000/resourceGroups/cli_netappfiles_test_snapshot_policy_000001/providers/Microsoft.NetApp/netAppAccounts/cli-acc-000002/snapshotPolicies/cli-sn-pol-000003?api-version=2020-11-01
  response:
    body:
      string: '{"id":"/subscriptions/00000000-0000-0000-0000-000000000000/resourceGroups/cli_netappfiles_test_snapshot_policy_000001/providers/Microsoft.NetApp/netAppAccounts/cli-acc-000002/snapshotPolicies/cli-sn-pol-000003","name":"cli-acc-000002/cli-sn-pol-000003","type":"Microsoft.NetApp/netAppAccounts/snapshotPolicies","etag":"W/\"datetime''2021-03-02T09%3A51%3A12.4109237Z''\"","location":"centralus","tags":{"Tag1":"Value1"},"properties":{"provisioningState":"Patching","name":"cli-sn-pol-000003","enabled":true,"hourlySchedule":{"snapshotsToKeep":1,"minute":10},"dailySchedule":{"snapshotsToKeep":2,"hour":2,"minute":20},"weeklySchedule":{"snapshotsToKeep":3,"day":"Monday","hour":3,"minute":30},"monthlySchedule":{"snapshotsToKeep":4,"daysOfMonth":"2,5,30","hour":4,"minute":40}}}'
    headers:
      access-control-expose-headers:
      - Request-Context
      azure-asyncoperation:
      - https://management.azure.com/subscriptions/00000000-0000-0000-0000-000000000000/providers/Microsoft.NetApp/locations/centralus/operationResults/3503ecc5-0f31-4516-b17c-b00232d74ddc?api-version=2020-11-01
      cache-control:
      - no-cache
      content-length:
      - '823'
      content-type:
      - application/json; charset=utf-8
      date:
      - Tue, 02 Mar 2021 09:51:12 GMT
      etag:
      - W/"datetime'2021-03-02T09%3A51%3A12.4109237Z'"
      expires:
      - '-1'
      location:
      - https://management.azure.com/subscriptions/00000000-0000-0000-0000-000000000000/providers/Microsoft.NetApp/locations/centralus/operationResults/3503ecc5-0f31-4516-b17c-b00232d74ddc?api-version=2020-11-01&operationResultResponseType=Location
      pragma:
      - no-cache
      request-context:
      - appId=cid-v1:2c4cb680-0a1f-424d-bb8d-8e650ba68d53
      server:
      - Microsoft-IIS/10.0
      strict-transport-security:
      - max-age=31536000; includeSubDomains
      x-content-type-options:
      - nosniff
      x-ms-ratelimit-remaining-subscription-writes:
      - '1198'
      x-powered-by:
      - ASP.NET
    status:
      code: 202
      message: Accepted
- request:
    body: null
    headers:
      Accept:
      - application/json
      Accept-Encoding:
      - gzip, deflate
      CommandName:
      - netappfiles snapshot policy update
      Connection:
      - keep-alive
      ParameterSetName:
      - -g -a --snapshot-policy-name -l -u -d -w -m --hourly-minute --daily-minute
        --weekly-minute --monthly-minute --daily-hour --weekly-hour --monthly-hour
        --weekly-day --monthly-days --enabled
      User-Agent:
      - python/3.8.7 (macOS-11.0.1-x86_64-i386-64bit) msrest/0.6.21 msrest_azure/0.6.3
        azure-mgmt-netapp/0.16.0 Azure-SDK-For-Python AZURECLI/2.20.0
    method: GET
    uri: https://management.azure.com/subscriptions/00000000-0000-0000-0000-000000000000/providers/Microsoft.NetApp/locations/centralus/operationResults/3503ecc5-0f31-4516-b17c-b00232d74ddc?api-version=2020-11-01
  response:
    body:
      string: '{"id":"/subscriptions/00000000-0000-0000-0000-000000000000/providers/Microsoft.NetApp/locations/centralus/operationResults/3503ecc5-0f31-4516-b17c-b00232d74ddc","name":"3503ecc5-0f31-4516-b17c-b00232d74ddc","status":"Succeeded","startTime":"2021-03-02T09:51:12.0642298Z","endTime":"2021-03-02T09:51:12.6301191Z","percentComplete":100.0,"properties":{"resourceName":"/subscriptions/00000000-0000-0000-0000-000000000000/resourceGroups/cli_netappfiles_test_snapshot_policy_000001/providers/Microsoft.NetApp/netAppAccounts/cli-acc-000002/snapshotPolicies/cli-sn-pol-000003"}}'
    headers:
      access-control-expose-headers:
      - Request-Context
      cache-control:
      - no-cache
      content-length:
      - '612'
      content-type:
      - application/json; charset=utf-8
      date:
      - Tue, 02 Mar 2021 09:51:43 GMT
      expires:
      - '-1'
      pragma:
      - no-cache
      request-context:
      - appId=cid-v1:2c4cb680-0a1f-424d-bb8d-8e650ba68d53
      server:
      - Microsoft-IIS/10.0
      strict-transport-security:
      - max-age=31536000; includeSubDomains
      transfer-encoding:
      - chunked
      vary:
      - Accept-Encoding
      x-content-type-options:
      - nosniff
      x-powered-by:
      - ASP.NET
    status:
      code: 200
      message: OK
- request:
    body: null
    headers:
      Accept:
      - application/json
      Accept-Encoding:
      - gzip, deflate
      CommandName:
      - netappfiles snapshot policy update
      Connection:
      - keep-alive
      ParameterSetName:
      - -g -a --snapshot-policy-name -l -u -d -w -m --hourly-minute --daily-minute
        --weekly-minute --monthly-minute --daily-hour --weekly-hour --monthly-hour
        --weekly-day --monthly-days --enabled
      User-Agent:
      - python/3.8.7 (macOS-11.0.1-x86_64-i386-64bit) msrest/0.6.21 msrest_azure/0.6.3
        azure-mgmt-netapp/0.16.0 Azure-SDK-For-Python AZURECLI/2.20.0
    method: GET
    uri: https://management.azure.com/subscriptions/00000000-0000-0000-0000-000000000000/resourceGroups/cli_netappfiles_test_snapshot_policy_000001/providers/Microsoft.NetApp/netAppAccounts/cli-acc-000002/snapshotPolicies/cli-sn-pol-000003?api-version=2020-11-01
  response:
    body:
      string: '{"id":"/subscriptions/00000000-0000-0000-0000-000000000000/resourceGroups/cli_netappfiles_test_snapshot_policy_000001/providers/Microsoft.NetApp/netAppAccounts/cli-acc-000002/snapshotPolicies/cli-sn-pol-000003","name":"cli-acc-000002/cli-sn-pol-000003","type":"Microsoft.NetApp/netAppAccounts/snapshotPolicies","etag":"W/\"datetime''2021-03-02T09%3A51%3A12.6100663Z''\"","location":"centralus","tags":{"Tag1":"Value1"},"properties":{"provisioningState":"Succeeded","name":"cli-sn-pol-000003","enabled":false,"hourlySchedule":{"snapshotsToKeep":5,"minute":50},"dailySchedule":{"snapshotsToKeep":6,"hour":6,"minute":0},"weeklySchedule":{"snapshotsToKeep":7,"day":"Wednesday","hour":7,"minute":10},"monthlySchedule":{"snapshotsToKeep":8,"daysOfMonth":"1,2,20","hour":8,"minute":20}}}'
    headers:
      access-control-expose-headers:
      - Request-Context
      cache-control:
      - no-cache
      content-length:
      - '827'
      content-type:
      - application/json; charset=utf-8
      date:
      - Tue, 02 Mar 2021 09:51:44 GMT
      etag:
      - W/"datetime'2021-03-02T09%3A51%3A12.6100663Z'"
      expires:
      - '-1'
      pragma:
      - no-cache
      request-context:
      - appId=cid-v1:2c4cb680-0a1f-424d-bb8d-8e650ba68d53
      server:
      - Microsoft-IIS/10.0
      strict-transport-security:
      - max-age=31536000; includeSubDomains
      transfer-encoding:
      - chunked
      vary:
      - Accept-Encoding
      x-content-type-options:
      - nosniff
      x-powered-by:
      - ASP.NET
    status:
      code: 200
      message: OK
- request:
    body: null
    headers:
      Accept:
      - application/json
      Accept-Encoding:
      - gzip, deflate
      CommandName:
      - netappfiles snapshot policy show
      Connection:
      - keep-alive
      ParameterSetName:
      - -g -a --snapshot-policy-name
      User-Agent:
      - python/3.8.7 (macOS-11.0.1-x86_64-i386-64bit) msrest/0.6.21 msrest_azure/0.6.3
        azure-mgmt-netapp/0.16.0 Azure-SDK-For-Python AZURECLI/2.20.0
      accept-language:
      - en-US
    method: GET
    uri: https://management.azure.com/subscriptions/00000000-0000-0000-0000-000000000000/resourceGroups/cli_netappfiles_test_snapshot_policy_000001/providers/Microsoft.NetApp/netAppAccounts/cli-acc-000002/snapshotPolicies/cli-sn-pol-000003?api-version=2020-11-01
  response:
    body:
      string: '{"id":"/subscriptions/00000000-0000-0000-0000-000000000000/resourceGroups/cli_netappfiles_test_snapshot_policy_000001/providers/Microsoft.NetApp/netAppAccounts/cli-acc-000002/snapshotPolicies/cli-sn-pol-000003","name":"cli-acc-000002/cli-sn-pol-000003","type":"Microsoft.NetApp/netAppAccounts/snapshotPolicies","etag":"W/\"datetime''2021-03-02T09%3A51%3A12.6100663Z''\"","location":"centralus","tags":{"Tag1":"Value1"},"properties":{"provisioningState":"Succeeded","name":"cli-sn-pol-000003","enabled":false,"hourlySchedule":{"snapshotsToKeep":5,"minute":50},"dailySchedule":{"snapshotsToKeep":6,"hour":6,"minute":0},"weeklySchedule":{"snapshotsToKeep":7,"day":"Wednesday","hour":7,"minute":10},"monthlySchedule":{"snapshotsToKeep":8,"daysOfMonth":"1,2,20","hour":8,"minute":20}}}'
    headers:
      access-control-expose-headers:
      - Request-Context
      cache-control:
      - no-cache
      content-length:
      - '827'
      content-type:
      - application/json; charset=utf-8
      date:
      - Tue, 02 Mar 2021 09:51:47 GMT
      etag:
      - W/"datetime'2021-03-02T09%3A51%3A12.6100663Z'"
      expires:
      - '-1'
      pragma:
      - no-cache
      request-context:
      - appId=cid-v1:2c4cb680-0a1f-424d-bb8d-8e650ba68d53
      server:
      - Microsoft-IIS/10.0
      strict-transport-security:
      - max-age=31536000; includeSubDomains
      transfer-encoding:
      - chunked
      vary:
      - Accept-Encoding
      x-content-type-options:
      - nosniff
      x-powered-by:
      - ASP.NET
    status:
      code: 200
      message: OK
version: 1
