interactions:
- request:
    body: !!python/unicode '{"location": "westcentralus", "properties": {"dhcpOptions":
      {}, "addressSpace": {"addressPrefixes": ["10.12.0.0/16"]}}, "tags": {}}'
    headers:
      Accept:
      - application/json
      Accept-Encoding:
      - gzip, deflate
      CommandName:
      - network vnet create
      Connection:
      - keep-alive
      Content-Length:
      - '131'
      Content-Type:
      - application/json; charset=utf-8
      ParameterSetName:
      - -n --resource-group -l --address-prefix
      User-Agent:
      - python/2.7.10 (Darwin-17.7.0-x86_64-i386-64bit) msrest/0.6.8 msrest_azure/0.6.1
        networkmanagementclient/3.0.0 Azure-SDK-For-Python AZURECLI/2.0.68
      accept-language:
      - en-US
    method: PUT
    uri: https://management.azure.com/subscriptions/00000000-0000-0000-0000-000000000000/resourceGroups/cli_tests_rg000001/providers/Microsoft.Network/virtualNetworks/cli-vnet-000005?api-version=2019-04-01
  response:
    body:
      string: !!python/unicode "{\r\n  \"name\": \"cli-vnet-000005\",\r\n  \"id\"\
        : \"/subscriptions/00000000-0000-0000-0000-000000000000/resourceGroups/cli_tests_rg000001/providers/Microsoft.Network/virtualNetworks/cli-vnet-000005\"\
        ,\r\n  \"etag\": \"W/\\\"5711146a-c909-4471-b0ef-30bce2ca2ba1\\\"\",\r\n \
        \ \"type\": \"Microsoft.Network/virtualNetworks\",\r\n  \"location\": \"westcentralus\"\
        ,\r\n  \"tags\": {},\r\n  \"properties\": {\r\n    \"provisioningState\":\
        \ \"Updating\",\r\n    \"resourceGuid\": \"19c15c26-b941-4d55-86a8-99cef97a3a1a\"\
        ,\r\n    \"addressSpace\": {\r\n      \"addressPrefixes\": [\r\n        \"\
        10.12.0.0/16\"\r\n      ]\r\n    },\r\n    \"dhcpOptions\": {\r\n      \"\
        dnsServers\": []\r\n    },\r\n    \"subnets\": [],\r\n    \"virtualNetworkPeerings\"\
        : [],\r\n    \"enableDdosProtection\": false,\r\n    \"enableVmProtection\"\
        : false\r\n  }\r\n}"
    headers:
      azure-asyncnotification:
      - Enabled
      azure-asyncoperation:
      - https://management.azure.com/subscriptions/00000000-0000-0000-0000-000000000000/providers/Microsoft.Network/locations/westcentralus/operations/637deff1-6ce7-4d63-af81-338a2db9d1e7?api-version=2019-04-01
      cache-control:
      - no-cache
      content-length:
      - '812'
      content-type:
      - application/json; charset=utf-8
      date:
      - Wed, 24 Jul 2019 15:33:53 GMT
      expires:
      - '-1'
      pragma:
      - no-cache
      server:
      - Microsoft-HTTPAPI/2.0
      - Microsoft-HTTPAPI/2.0
      strict-transport-security:
      - max-age=31536000; includeSubDomains
      x-content-type-options:
      - nosniff
      x-ms-arm-service-request-id:
      - 2ac33779-d5fb-4ad3-ae77-80667178a1de
      x-ms-ratelimit-remaining-subscription-writes:
      - '1192'
    status:
      code: 201
      message: Created
- request:
    body: null
    headers:
      Accept:
      - application/json
      Accept-Encoding:
      - gzip, deflate
      CommandName:
      - network vnet create
      Connection:
      - keep-alive
      ParameterSetName:
      - -n --resource-group -l --address-prefix
      User-Agent:
      - python/2.7.10 (Darwin-17.7.0-x86_64-i386-64bit) msrest/0.6.8 msrest_azure/0.6.1
        networkmanagementclient/3.0.0 Azure-SDK-For-Python AZURECLI/2.0.68
    method: GET
    uri: https://management.azure.com/subscriptions/00000000-0000-0000-0000-000000000000/providers/Microsoft.Network/locations/westcentralus/operations/637deff1-6ce7-4d63-af81-338a2db9d1e7?api-version=2019-04-01
  response:
    body:
      string: !!python/unicode "{\r\n  \"status\": \"Succeeded\"\r\n}"
    headers:
      cache-control:
      - no-cache
      content-length:
      - '29'
      content-type:
      - application/json; charset=utf-8
      date:
      - Wed, 24 Jul 2019 15:33:57 GMT
      expires:
      - '-1'
      pragma:
      - no-cache
      server:
      - Microsoft-HTTPAPI/2.0
      - Microsoft-HTTPAPI/2.0
      strict-transport-security:
      - max-age=31536000; includeSubDomains
      transfer-encoding:
      - chunked
      vary:
      - Accept-Encoding
      x-content-type-options:
      - nosniff
      x-ms-arm-service-request-id:
      - a9ed0ff5-597d-4a49-807c-d81501d79298
    status:
      code: 200
      message: OK
- request:
    body: null
    headers:
      Accept:
      - application/json
      Accept-Encoding:
      - gzip, deflate
      CommandName:
      - network vnet create
      Connection:
      - keep-alive
      ParameterSetName:
      - -n --resource-group -l --address-prefix
      User-Agent:
      - python/2.7.10 (Darwin-17.7.0-x86_64-i386-64bit) msrest/0.6.8 msrest_azure/0.6.1
        networkmanagementclient/3.0.0 Azure-SDK-For-Python AZURECLI/2.0.68
    method: GET
    uri: https://management.azure.com/subscriptions/00000000-0000-0000-0000-000000000000/resourceGroups/cli_tests_rg000001/providers/Microsoft.Network/virtualNetworks/cli-vnet-000005?api-version=2019-04-01
  response:
    body:
      string: !!python/unicode "{\r\n  \"name\": \"cli-vnet-000005\",\r\n  \"id\"\
        : \"/subscriptions/00000000-0000-0000-0000-000000000000/resourceGroups/cli_tests_rg000001/providers/Microsoft.Network/virtualNetworks/cli-vnet-000005\"\
        ,\r\n  \"etag\": \"W/\\\"2af98c48-eca3-4ac3-a138-86b9a6172ed5\\\"\",\r\n \
        \ \"type\": \"Microsoft.Network/virtualNetworks\",\r\n  \"location\": \"westcentralus\"\
        ,\r\n  \"tags\": {},\r\n  \"properties\": {\r\n    \"provisioningState\":\
        \ \"Succeeded\",\r\n    \"resourceGuid\": \"19c15c26-b941-4d55-86a8-99cef97a3a1a\"\
        ,\r\n    \"addressSpace\": {\r\n      \"addressPrefixes\": [\r\n        \"\
        10.12.0.0/16\"\r\n      ]\r\n    },\r\n    \"dhcpOptions\": {\r\n      \"\
        dnsServers\": []\r\n    },\r\n    \"subnets\": [],\r\n    \"virtualNetworkPeerings\"\
        : [],\r\n    \"enableDdosProtection\": false,\r\n    \"enableVmProtection\"\
        : false\r\n  }\r\n}"
    headers:
      cache-control:
      - no-cache
      content-length:
      - '813'
      content-type:
      - application/json; charset=utf-8
      date:
      - Wed, 24 Jul 2019 15:33:58 GMT
      etag:
      - W/"2af98c48-eca3-4ac3-a138-86b9a6172ed5"
      expires:
      - '-1'
      pragma:
      - no-cache
      server:
      - Microsoft-HTTPAPI/2.0
      - Microsoft-HTTPAPI/2.0
      strict-transport-security:
      - max-age=31536000; includeSubDomains
      transfer-encoding:
      - chunked
      vary:
      - Accept-Encoding
      x-content-type-options:
      - nosniff
      x-ms-arm-service-request-id:
      - 10337663-a711-4be5-9559-1ed947a0a1d8
    status:
      code: 200
      message: OK
- request:
    body: null
    headers:
      Accept:
      - application/json
      Accept-Encoding:
      - gzip, deflate
      CommandName:
      - network vnet subnet create
      Connection:
      - keep-alive
      ParameterSetName:
      - -n -g --vnet-name --address-prefixes --delegations
      User-Agent:
      - python/2.7.10 (Darwin-17.7.0-x86_64-i386-64bit) msrest/0.6.8 msrest_azure/0.6.1
        networkmanagementclient/3.0.0 Azure-SDK-For-Python AZURECLI/2.0.68
      accept-language:
      - en-US
    method: GET
    uri: https://management.azure.com/subscriptions/00000000-0000-0000-0000-000000000000/resourceGroups/cli_tests_rg000001/providers/Microsoft.Network/virtualNetworks/cli-vnet-000005?api-version=2019-04-01
  response:
    body:
      string: !!python/unicode "{\r\n  \"name\": \"cli-vnet-000005\",\r\n  \"id\"\
        : \"/subscriptions/00000000-0000-0000-0000-000000000000/resourceGroups/cli_tests_rg000001/providers/Microsoft.Network/virtualNetworks/cli-vnet-000005\"\
        ,\r\n  \"etag\": \"W/\\\"2af98c48-eca3-4ac3-a138-86b9a6172ed5\\\"\",\r\n \
        \ \"type\": \"Microsoft.Network/virtualNetworks\",\r\n  \"location\": \"westcentralus\"\
        ,\r\n  \"tags\": {},\r\n  \"properties\": {\r\n    \"provisioningState\":\
        \ \"Succeeded\",\r\n    \"resourceGuid\": \"19c15c26-b941-4d55-86a8-99cef97a3a1a\"\
        ,\r\n    \"addressSpace\": {\r\n      \"addressPrefixes\": [\r\n        \"\
        10.12.0.0/16\"\r\n      ]\r\n    },\r\n    \"dhcpOptions\": {\r\n      \"\
        dnsServers\": []\r\n    },\r\n    \"subnets\": [],\r\n    \"virtualNetworkPeerings\"\
        : [],\r\n    \"enableDdosProtection\": false,\r\n    \"enableVmProtection\"\
        : false\r\n  }\r\n}"
    headers:
      cache-control:
      - no-cache
      content-length:
      - '813'
      content-type:
      - application/json; charset=utf-8
      date:
      - Wed, 24 Jul 2019 15:33:58 GMT
      etag:
      - W/"2af98c48-eca3-4ac3-a138-86b9a6172ed5"
      expires:
      - '-1'
      pragma:
      - no-cache
      server:
      - Microsoft-HTTPAPI/2.0
      - Microsoft-HTTPAPI/2.0
      strict-transport-security:
      - max-age=31536000; includeSubDomains
      transfer-encoding:
      - chunked
      vary:
      - Accept-Encoding
      x-content-type-options:
      - nosniff
      x-ms-arm-service-request-id:
      - bdace52e-0756-4910-ba26-d63ef19623f1
    status:
      code: 200
      message: OK
- request:
    body: !!python/unicode '{"id": "/subscriptions/00000000-0000-0000-0000-000000000000/resourceGroups/cli_tests_rg000001/providers/Microsoft.Network/virtualNetworks/cli-vnet-000005",
      "etag": "W/\"2af98c48-eca3-4ac3-a138-86b9a6172ed5\"", "location": "westcentralus",
      "properties": {"virtualNetworkPeerings": [], "subnets": [{"name": "cli-subnet-000006",
      "properties": {"addressPrefix": "10.12.0.0/24", "delegations": [{"name": "0",
      "properties": {"serviceName": "Microsoft.Netapp/volumes"}}]}}], "addressSpace":
      {"addressPrefixes": ["10.12.0.0/16"]}, "enableVmProtection": false, "dhcpOptions":
      {"dnsServers": []}, "resourceGuid": "19c15c26-b941-4d55-86a8-99cef97a3a1a",
      "enableDdosProtection": false, "provisioningState": "Succeeded"}, "tags": {}}'
    headers:
      Accept:
      - application/json
      Accept-Encoding:
      - gzip, deflate
      CommandName:
      - network vnet subnet create
      Connection:
      - keep-alive
      Content-Length:
      - '785'
      Content-Type:
      - application/json; charset=utf-8
      ParameterSetName:
      - -n -g --vnet-name --address-prefixes --delegations
      User-Agent:
      - python/2.7.10 (Darwin-17.7.0-x86_64-i386-64bit) msrest/0.6.8 msrest_azure/0.6.1
        networkmanagementclient/3.0.0 Azure-SDK-For-Python AZURECLI/2.0.68
      accept-language:
      - en-US
    method: PUT
    uri: https://management.azure.com/subscriptions/00000000-0000-0000-0000-000000000000/resourceGroups/cli_tests_rg000001/providers/Microsoft.Network/virtualNetworks/cli-vnet-000005?api-version=2019-04-01
  response:
    body:
      string: !!python/unicode "{\r\n  \"name\": \"cli-vnet-000005\",\r\n  \"id\"\
        : \"/subscriptions/00000000-0000-0000-0000-000000000000/resourceGroups/cli_tests_rg000001/providers/Microsoft.Network/virtualNetworks/cli-vnet-000005\"\
        ,\r\n  \"etag\": \"W/\\\"087e1849-0691-4b49-b03b-ce62eddeb53a\\\"\",\r\n \
        \ \"type\": \"Microsoft.Network/virtualNetworks\",\r\n  \"location\": \"westcentralus\"\
        ,\r\n  \"tags\": {},\r\n  \"properties\": {\r\n    \"provisioningState\":\
        \ \"Updating\",\r\n    \"resourceGuid\": \"19c15c26-b941-4d55-86a8-99cef97a3a1a\"\
        ,\r\n    \"addressSpace\": {\r\n      \"addressPrefixes\": [\r\n        \"\
        10.12.0.0/16\"\r\n      ]\r\n    },\r\n    \"dhcpOptions\": {\r\n      \"\
        dnsServers\": []\r\n    },\r\n    \"subnets\": [\r\n      {\r\n        \"\
        name\": \"cli-subnet-000006\",\r\n        \"id\": \"/subscriptions/00000000-0000-0000-0000-000000000000/resourceGroups/cli_tests_rg000001/providers/Microsoft.Network/virtualNetworks/cli-vnet-000005/subnets/cli-subnet-000006\"\
        ,\r\n        \"etag\": \"W/\\\"087e1849-0691-4b49-b03b-ce62eddeb53a\\\"\"\
        ,\r\n        \"properties\": {\r\n          \"provisioningState\": \"Updating\"\
        ,\r\n          \"addressPrefix\": \"10.12.0.0/24\",\r\n          \"delegations\"\
        : [\r\n            {\r\n              \"name\": \"0\",\r\n              \"\
        id\": \"/subscriptions/00000000-0000-0000-0000-000000000000/resourceGroups/cli_tests_rg000001/providers/Microsoft.Network/virtualNetworks/cli-vnet-000005/subnets/cli-subnet-000006/delegations/0\"\
        ,\r\n              \"etag\": \"W/\\\"087e1849-0691-4b49-b03b-ce62eddeb53a\\\
        \"\",\r\n              \"properties\": {\r\n                \"provisioningState\"\
        : \"Succeeded\",\r\n                \"serviceName\": \"Microsoft.Netapp/volumes\"\
        ,\r\n                \"actions\": [\r\n                  \"Microsoft.Network/networkinterfaces/*\"\
        ,\r\n                  \"Microsoft.Network/virtualNetworks/subnets/join/action\"\
        \r\n                ]\r\n              },\r\n              \"type\": \"Microsoft.Network/virtualNetworks/subnets/delegations\"\
        \r\n            }\r\n          ],\r\n          \"purpose\": \"HostedWorkloads\"\
        ,\r\n          \"privateEndpointNetworkPolicies\": \"Enabled\",\r\n      \
        \    \"privateLinkServiceNetworkPolicies\": \"Enabled\"\r\n        },\r\n\
        \        \"type\": \"Microsoft.Network/virtualNetworks/subnets\"\r\n     \
        \ }\r\n    ],\r\n    \"virtualNetworkPeerings\": [],\r\n    \"enableDdosProtection\"\
        : false,\r\n    \"enableVmProtection\": false\r\n  }\r\n}"
    headers:
      azure-asyncoperation:
      - https://management.azure.com/subscriptions/00000000-0000-0000-0000-000000000000/providers/Microsoft.Network/locations/westcentralus/operations/713ca352-2f21-42a9-972e-df5fbf627730?api-version=2019-04-01
      cache-control:
      - no-cache
      content-length:
      - '2399'
      content-type:
      - application/json; charset=utf-8
      date:
      - Wed, 24 Jul 2019 15:33:59 GMT
      expires:
      - '-1'
      pragma:
      - no-cache
      server:
      - Microsoft-HTTPAPI/2.0
      - Microsoft-HTTPAPI/2.0
      strict-transport-security:
      - max-age=31536000; includeSubDomains
      transfer-encoding:
      - chunked
      vary:
      - Accept-Encoding
      x-content-type-options:
      - nosniff
      x-ms-arm-service-request-id:
      - 69ac8a10-4deb-40b5-81ab-36380fc18cd2
      x-ms-ratelimit-remaining-subscription-writes:
      - '1191'
    status:
      code: 200
      message: OK
- request:
    body: null
    headers:
      Accept:
      - application/json
      Accept-Encoding:
      - gzip, deflate
      CommandName:
      - network vnet subnet create
      Connection:
      - keep-alive
      ParameterSetName:
      - -n -g --vnet-name --address-prefixes --delegations
      User-Agent:
      - python/2.7.10 (Darwin-17.7.0-x86_64-i386-64bit) msrest/0.6.8 msrest_azure/0.6.1
        networkmanagementclient/3.0.0 Azure-SDK-For-Python AZURECLI/2.0.68
    method: GET
    uri: https://management.azure.com/subscriptions/00000000-0000-0000-0000-000000000000/providers/Microsoft.Network/locations/westcentralus/operations/713ca352-2f21-42a9-972e-df5fbf627730?api-version=2019-04-01
  response:
    body:
      string: !!python/unicode "{\r\n  \"status\": \"Succeeded\"\r\n}"
    headers:
      cache-control:
      - no-cache
      content-length:
      - '29'
      content-type:
      - application/json; charset=utf-8
      date:
      - Wed, 24 Jul 2019 15:34:03 GMT
      expires:
      - '-1'
      pragma:
      - no-cache
      server:
      - Microsoft-HTTPAPI/2.0
      - Microsoft-HTTPAPI/2.0
      strict-transport-security:
      - max-age=31536000; includeSubDomains
      transfer-encoding:
      - chunked
      vary:
      - Accept-Encoding
      x-content-type-options:
      - nosniff
      x-ms-arm-service-request-id:
      - e514070f-2724-4eae-86a9-559246c68c81
    status:
      code: 200
      message: OK
- request:
    body: null
    headers:
      Accept:
      - application/json
      Accept-Encoding:
      - gzip, deflate
      CommandName:
      - network vnet subnet create
      Connection:
      - keep-alive
      ParameterSetName:
      - -n -g --vnet-name --address-prefixes --delegations
      User-Agent:
      - python/2.7.10 (Darwin-17.7.0-x86_64-i386-64bit) msrest/0.6.8 msrest_azure/0.6.1
        networkmanagementclient/3.0.0 Azure-SDK-For-Python AZURECLI/2.0.68
    method: GET
    uri: https://management.azure.com/subscriptions/00000000-0000-0000-0000-000000000000/resourceGroups/cli_tests_rg000001/providers/Microsoft.Network/virtualNetworks/cli-vnet-000005?api-version=2019-04-01
  response:
    body:
      string: !!python/unicode "{\r\n  \"name\": \"cli-vnet-000005\",\r\n  \"id\"\
        : \"/subscriptions/00000000-0000-0000-0000-000000000000/resourceGroups/cli_tests_rg000001/providers/Microsoft.Network/virtualNetworks/cli-vnet-000005\"\
        ,\r\n  \"etag\": \"W/\\\"76756601-3dd5-43bd-9fae-211391e60e2b\\\"\",\r\n \
        \ \"type\": \"Microsoft.Network/virtualNetworks\",\r\n  \"location\": \"westcentralus\"\
        ,\r\n  \"tags\": {},\r\n  \"properties\": {\r\n    \"provisioningState\":\
        \ \"Succeeded\",\r\n    \"resourceGuid\": \"19c15c26-b941-4d55-86a8-99cef97a3a1a\"\
        ,\r\n    \"addressSpace\": {\r\n      \"addressPrefixes\": [\r\n        \"\
        10.12.0.0/16\"\r\n      ]\r\n    },\r\n    \"dhcpOptions\": {\r\n      \"\
        dnsServers\": []\r\n    },\r\n    \"subnets\": [\r\n      {\r\n        \"\
        name\": \"cli-subnet-000006\",\r\n        \"id\": \"/subscriptions/00000000-0000-0000-0000-000000000000/resourceGroups/cli_tests_rg000001/providers/Microsoft.Network/virtualNetworks/cli-vnet-000005/subnets/cli-subnet-000006\"\
        ,\r\n        \"etag\": \"W/\\\"76756601-3dd5-43bd-9fae-211391e60e2b\\\"\"\
        ,\r\n        \"properties\": {\r\n          \"provisioningState\": \"Succeeded\"\
        ,\r\n          \"addressPrefix\": \"10.12.0.0/24\",\r\n          \"delegations\"\
        : [\r\n            {\r\n              \"name\": \"0\",\r\n              \"\
        id\": \"/subscriptions/00000000-0000-0000-0000-000000000000/resourceGroups/cli_tests_rg000001/providers/Microsoft.Network/virtualNetworks/cli-vnet-000005/subnets/cli-subnet-000006/delegations/0\"\
        ,\r\n              \"etag\": \"W/\\\"76756601-3dd5-43bd-9fae-211391e60e2b\\\
        \"\",\r\n              \"properties\": {\r\n                \"provisioningState\"\
        : \"Succeeded\",\r\n                \"serviceName\": \"Microsoft.Netapp/volumes\"\
        ,\r\n                \"actions\": [\r\n                  \"Microsoft.Network/networkinterfaces/*\"\
        ,\r\n                  \"Microsoft.Network/virtualNetworks/subnets/join/action\"\
        \r\n                ]\r\n              },\r\n              \"type\": \"Microsoft.Network/virtualNetworks/subnets/delegations\"\
        \r\n            }\r\n          ],\r\n          \"purpose\": \"HostedWorkloads\"\
        ,\r\n          \"privateEndpointNetworkPolicies\": \"Enabled\",\r\n      \
        \    \"privateLinkServiceNetworkPolicies\": \"Enabled\"\r\n        },\r\n\
        \        \"type\": \"Microsoft.Network/virtualNetworks/subnets\"\r\n     \
        \ }\r\n    ],\r\n    \"virtualNetworkPeerings\": [],\r\n    \"enableDdosProtection\"\
        : false,\r\n    \"enableVmProtection\": false\r\n  }\r\n}"
    headers:
      cache-control:
      - no-cache
      content-length:
      - '2401'
      content-type:
      - application/json; charset=utf-8
      date:
      - Wed, 24 Jul 2019 15:34:04 GMT
      etag:
      - W/"76756601-3dd5-43bd-9fae-211391e60e2b"
      expires:
      - '-1'
      pragma:
      - no-cache
      server:
      - Microsoft-HTTPAPI/2.0
      - Microsoft-HTTPAPI/2.0
      strict-transport-security:
      - max-age=31536000; includeSubDomains
      transfer-encoding:
      - chunked
      vary:
      - Accept-Encoding
      x-content-type-options:
      - nosniff
      x-ms-arm-service-request-id:
      - 1bc6e0ea-7d3a-41c3-bf13-ebe081094600
    status:
      code: 200
      message: OK
- request:
    body: !!python/unicode '{"location": "westcentralus"}'
    headers:
      Accept:
      - application/json
      Accept-Encoding:
      - gzip, deflate
      CommandName:
      - netappfiles account create
      Connection:
      - keep-alive
      Content-Length:
      - '29'
      Content-Type:
      - application/json; charset=utf-8
      ParameterSetName:
      - -g -a -l
      User-Agent:
      - python/2.7.10 (Darwin-17.7.0-x86_64-i386-64bit) msrest/0.6.8 msrest_azure/0.6.1
        azure-mgmt-netapp/0.5.0 Azure-SDK-For-Python AZURECLI/2.0.68
      accept-language:
      - en-US
    method: PUT
    uri: https://management.azure.com/subscriptions/00000000-0000-0000-0000-000000000000/resourceGroups/cli_tests_rg000001/providers/Microsoft.NetApp/netAppAccounts/cli-acc-000002?api-version=2019-06-01
  response:
    body:
      string: !!python/unicode '{"id":"/subscriptions/00000000-0000-0000-0000-000000000000/resourceGroups/cli_tests_rg000001/providers/Microsoft.NetApp/netAppAccounts/cli-acc-000002","name":"cli-acc-000002","type":"Microsoft.NetApp/netAppAccounts","etag":"W/\"datetime''2019-07-24T15%3A34%3A08.2202778Z''\"","location":"westcentralus","properties":{"provisioningState":"Succeeded","name":"cli-acc-000002"}}'
    headers:
      access-control-expose-headers:
      - Request-Context
      azure-asyncoperation:
      - https://management.azure.com/subscriptions/00000000-0000-0000-0000-000000000000/providers/Microsoft.NetApp/locations/westcentralus/operationResults/14fadd10-b2d4-4322-ba64-57d6ff96bac7?api-version=2019-06-01
      cache-control:
      - no-cache
      content-length:
      - '459'
      content-type:
      - application/json; charset=utf-8
      date:
      - Wed, 24 Jul 2019 15:34:08 GMT
      etag:
      - W/"datetime'2019-07-24T15%3A34%3A08.2202778Z'"
      expires:
      - '-1'
      pragma:
      - no-cache
      request-context:
      - appId=cid-v1:2c4cb680-0a1f-424d-bb8d-8e650ba68d53
      server:
      - Microsoft-IIS/10.0
      strict-transport-security:
      - max-age=31536000; includeSubDomains
      x-content-type-options:
      - nosniff
      x-ms-ratelimit-remaining-subscription-writes:
      - '1199'
      x-powered-by:
      - ASP.NET
    status:
      code: 201
      message: Created
- request:
    body: null
    headers:
      Accept:
      - application/json
      Accept-Encoding:
      - gzip, deflate
      CommandName:
      - netappfiles account create
      Connection:
      - keep-alive
      ParameterSetName:
      - -g -a -l
      User-Agent:
      - python/2.7.10 (Darwin-17.7.0-x86_64-i386-64bit) msrest/0.6.8 msrest_azure/0.6.1
        azure-mgmt-netapp/0.5.0 Azure-SDK-For-Python AZURECLI/2.0.68
    method: GET
    uri: https://management.azure.com/subscriptions/00000000-0000-0000-0000-000000000000/providers/Microsoft.NetApp/locations/westcentralus/operationResults/14fadd10-b2d4-4322-ba64-57d6ff96bac7?api-version=2019-06-01
  response:
    body:
      string: !!python/unicode '{"id":"/subscriptions/00000000-0000-0000-0000-000000000000/providers/Microsoft.NetApp/locations/westcentralus/operationResults/14fadd10-b2d4-4322-ba64-57d6ff96bac7","name":"14fadd10-b2d4-4322-ba64-57d6ff96bac7","status":"Succeeded","startTime":"2019-07-24T15:34:08.100226Z","endTime":"2019-07-24T15:34:08.3502675Z","percentComplete":100.0,"properties":{"resourceName":"/subscriptions/00000000-0000-0000-0000-000000000000/resourceGroups/cli_tests_rg000001/providers/Microsoft.NetApp/netAppAccounts/cli-acc-000002"}}'
    headers:
      access-control-expose-headers:
      - Request-Context
      cache-control:
      - no-cache
      content-length:
      - '581'
      content-type:
      - application/json; charset=utf-8
      date:
      - Wed, 24 Jul 2019 15:34:39 GMT
      expires:
      - '-1'
      pragma:
      - no-cache
      request-context:
      - appId=cid-v1:2c4cb680-0a1f-424d-bb8d-8e650ba68d53
      server:
      - Microsoft-IIS/10.0
      strict-transport-security:
      - max-age=31536000; includeSubDomains
      transfer-encoding:
      - chunked
      vary:
      - Accept-Encoding
      x-content-type-options:
      - nosniff
      x-powered-by:
      - ASP.NET
    status:
      code: 200
      message: OK
- request:
    body: null
    headers:
      Accept:
      - application/json
      Accept-Encoding:
      - gzip, deflate
      CommandName:
      - netappfiles account create
      Connection:
      - keep-alive
      ParameterSetName:
      - -g -a -l
      User-Agent:
      - python/2.7.10 (Darwin-17.7.0-x86_64-i386-64bit) msrest/0.6.8 msrest_azure/0.6.1
        azure-mgmt-netapp/0.5.0 Azure-SDK-For-Python AZURECLI/2.0.68
    method: GET
    uri: https://management.azure.com/subscriptions/00000000-0000-0000-0000-000000000000/resourceGroups/cli_tests_rg000001/providers/Microsoft.NetApp/netAppAccounts/cli-acc-000002?api-version=2019-06-01
  response:
    body:
      string: !!python/unicode '{"id":"/subscriptions/00000000-0000-0000-0000-000000000000/resourceGroups/cli_tests_rg000001/providers/Microsoft.NetApp/netAppAccounts/cli-acc-000002","name":"cli-acc-000002","type":"Microsoft.NetApp/netAppAccounts","etag":"W/\"datetime''2019-07-24T15%3A34%3A08.3423658Z''\"","location":"westcentralus","properties":{"provisioningState":"Succeeded","name":"cli-acc-000002"}}'
    headers:
      access-control-expose-headers:
      - Request-Context
      cache-control:
      - no-cache
      content-length:
      - '459'
      content-type:
      - application/json; charset=utf-8
      date:
      - Wed, 24 Jul 2019 15:34:40 GMT
      etag:
      - W/"datetime'2019-07-24T15%3A34%3A08.3423658Z'"
      expires:
      - '-1'
      pragma:
      - no-cache
      request-context:
      - appId=cid-v1:2c4cb680-0a1f-424d-bb8d-8e650ba68d53
      server:
      - Microsoft-IIS/10.0
      strict-transport-security:
      - max-age=31536000; includeSubDomains
      transfer-encoding:
      - chunked
      vary:
      - Accept-Encoding
      x-content-type-options:
      - nosniff
      x-powered-by:
      - ASP.NET
    status:
      code: 200
      message: OK
- request:
    body: !!python/unicode '{"properties": {"serviceLevel": "Premium", "size": 4398046511104},
      "location": "westcentralus", "tags": {"Tag2": "Value1"}}'
    headers:
      Accept:
      - application/json
      Accept-Encoding:
      - gzip, deflate
      CommandName:
      - netappfiles pool create
      Connection:
      - keep-alive
      Content-Length:
      - '123'
      Content-Type:
      - application/json; charset=utf-8
      ParameterSetName:
      - -g -a -p -l --service-level --size --tags
      User-Agent:
      - python/2.7.10 (Darwin-17.7.0-x86_64-i386-64bit) msrest/0.6.8 msrest_azure/0.6.1
        azure-mgmt-netapp/0.5.0 Azure-SDK-For-Python AZURECLI/2.0.68
      accept-language:
      - en-US
    method: PUT
    uri: https://management.azure.com/subscriptions/00000000-0000-0000-0000-000000000000/resourceGroups/cli_tests_rg000001/providers/Microsoft.NetApp/netAppAccounts/cli-acc-000002/capacityPools/cli-pool-000003?api-version=2019-06-01
  response:
    body:
      string: !!python/unicode '{"id":"/subscriptions/00000000-0000-0000-0000-000000000000/resourceGroups/cli_tests_rg000001/providers/Microsoft.NetApp/netAppAccounts/cli-acc-000002/capacityPools/cli-pool-000003","name":"cli-acc-000002/cli-pool-000003","type":"Microsoft.NetApp/netAppAccounts/capacityPools","etag":"W/\"datetime''2019-07-24T15%3A34%3A43.1092922Z''\"","location":"westcentralus","tags":{"Tag2":"Value1"},"properties":{"serviceLevel":"Premium","size":4398046511104,"provisioningState":"Creating"}}'
    headers:
      access-control-expose-headers:
      - Request-Context
      azure-asyncoperation:
      - https://management.azure.com/subscriptions/00000000-0000-0000-0000-000000000000/providers/Microsoft.NetApp/locations/westcentralus/operationResults/9eb6f7db-db88-4f02-875e-c60d2f610456?api-version=2019-06-01
      cache-control:
      - no-cache
      content-length:
      - '573'
      content-type:
      - application/json; charset=utf-8
      date:
      - Wed, 24 Jul 2019 15:34:43 GMT
      etag:
      - W/"datetime'2019-07-24T15%3A34%3A43.1092922Z'"
      expires:
      - '-1'
      pragma:
      - no-cache
      request-context:
      - appId=cid-v1:2c4cb680-0a1f-424d-bb8d-8e650ba68d53
      server:
      - Microsoft-IIS/10.0
      strict-transport-security:
      - max-age=31536000; includeSubDomains
      x-content-type-options:
      - nosniff
      x-ms-ratelimit-remaining-subscription-writes:
      - '1196'
      x-powered-by:
      - ASP.NET
    status:
      code: 201
      message: Created
- request:
    body: null
    headers:
      Accept:
      - application/json
      Accept-Encoding:
      - gzip, deflate
      CommandName:
      - netappfiles pool create
      Connection:
      - keep-alive
      ParameterSetName:
      - -g -a -p -l --service-level --size --tags
      User-Agent:
      - python/2.7.10 (Darwin-17.7.0-x86_64-i386-64bit) msrest/0.6.8 msrest_azure/0.6.1
        azure-mgmt-netapp/0.5.0 Azure-SDK-For-Python AZURECLI/2.0.68
    method: GET
    uri: https://management.azure.com/subscriptions/00000000-0000-0000-0000-000000000000/providers/Microsoft.NetApp/locations/westcentralus/operationResults/9eb6f7db-db88-4f02-875e-c60d2f610456?api-version=2019-06-01
  response:
    body:
      string: !!python/unicode '{"id":"/subscriptions/00000000-0000-0000-0000-000000000000/providers/Microsoft.NetApp/locations/westcentralus/operationResults/9eb6f7db-db88-4f02-875e-c60d2f610456","name":"9eb6f7db-db88-4f02-875e-c60d2f610456","status":"Succeeded","startTime":"2019-07-24T15:34:42.97883Z","endTime":"2019-07-24T15:34:43.5107625Z","percentComplete":100.0,"properties":{"resourceName":"/subscriptions/00000000-0000-0000-0000-000000000000/resourceGroups/cli_tests_rg000001/providers/Microsoft.NetApp/netAppAccounts/cli-acc-000002/capacityPools/cli-pool-000003"}}'
    headers:
      access-control-expose-headers:
      - Request-Context
      cache-control:
      - no-cache
      content-length:
      - '619'
      content-type:
      - application/json; charset=utf-8
      date:
      - Wed, 24 Jul 2019 15:35:14 GMT
      expires:
      - '-1'
      pragma:
      - no-cache
      request-context:
      - appId=cid-v1:2c4cb680-0a1f-424d-bb8d-8e650ba68d53
      server:
      - Microsoft-IIS/10.0
      strict-transport-security:
      - max-age=31536000; includeSubDomains
      transfer-encoding:
      - chunked
      vary:
      - Accept-Encoding
      x-content-type-options:
      - nosniff
      x-powered-by:
      - ASP.NET
    status:
      code: 200
      message: OK
- request:
    body: null
    headers:
      Accept:
      - application/json
      Accept-Encoding:
      - gzip, deflate
      CommandName:
      - netappfiles pool create
      Connection:
      - keep-alive
      ParameterSetName:
      - -g -a -p -l --service-level --size --tags
      User-Agent:
      - python/2.7.10 (Darwin-17.7.0-x86_64-i386-64bit) msrest/0.6.8 msrest_azure/0.6.1
        azure-mgmt-netapp/0.5.0 Azure-SDK-For-Python AZURECLI/2.0.68
    method: GET
    uri: https://management.azure.com/subscriptions/00000000-0000-0000-0000-000000000000/resourceGroups/cli_tests_rg000001/providers/Microsoft.NetApp/netAppAccounts/cli-acc-000002/capacityPools/cli-pool-000003?api-version=2019-06-01
  response:
    body:
      string: !!python/unicode '{"id":"/subscriptions/00000000-0000-0000-0000-000000000000/resourceGroups/cli_tests_rg000001/providers/Microsoft.NetApp/netAppAccounts/cli-acc-000002/capacityPools/cli-pool-000003","name":"cli-acc-000002/cli-pool-000003","type":"Microsoft.NetApp/netAppAccounts/capacityPools","etag":"W/\"datetime''2019-07-24T15%3A34%3A43.5095771Z''\"","location":"westcentralus","tags":{"Tag2":"Value1"},"properties":{"poolId":"05b7dc77-225d-1839-ad83-f4a002e21158","name":"cli-acc-000002/cli-pool-000003","serviceLevel":"Premium","size":4398046511104,"provisioningState":"Succeeded"}}'
    headers:
      access-control-expose-headers:
      - Request-Context
      cache-control:
      - no-cache
      content-length:
      - '681'
      content-type:
      - application/json; charset=utf-8
      date:
      - Wed, 24 Jul 2019 15:35:15 GMT
      etag:
      - W/"datetime'2019-07-24T15%3A34%3A43.5095771Z'"
      expires:
      - '-1'
      pragma:
      - no-cache
      request-context:
      - appId=cid-v1:2c4cb680-0a1f-424d-bb8d-8e650ba68d53
      server:
      - Microsoft-IIS/10.0
      strict-transport-security:
      - max-age=31536000; includeSubDomains
      transfer-encoding:
      - chunked
      vary:
      - Accept-Encoding
      x-content-type-options:
      - nosniff
      x-powered-by:
      - ASP.NET
    status:
      code: 200
      message: OK
- request:
    body: !!python/unicode '{"location": "westcentralus", "properties": {"usageThreshold":
      107374182400, "subnetId": "/subscriptions/00000000-0000-0000-0000-000000000000/resourceGroups/cli_tests_rg000001/providers/Microsoft.Network/virtualNetworks/cli-vnet-000005/subnets/cli-subnet-000006",
      "protocolTypes": ["NFSv4"], "serviceLevel": "Premium", "creationToken": "cli-vol-000004"},
      "tags": {"Tag2": "Value1"}}'
    headers:
      Accept:
      - application/json
      Accept-Encoding:
      - gzip, deflate
      CommandName:
      - netappfiles volume create
      Connection:
      - keep-alive
      Content-Length:
      - '457'
      Content-Type:
      - application/json; charset=utf-8
      ParameterSetName:
      - --resource-group --account-name --pool-name --volume-name -l --service-level
        --usage-threshold --creation-token --vnet --subnet --protocol-types --tags
      User-Agent:
      - python/2.7.10 (Darwin-17.7.0-x86_64-i386-64bit) msrest/0.6.8 msrest_azure/0.6.1
        azure-mgmt-netapp/0.5.0 Azure-SDK-For-Python AZURECLI/2.0.68
      accept-language:
      - en-US
    method: PUT
    uri: https://management.azure.com/subscriptions/00000000-0000-0000-0000-000000000000/resourceGroups/cli_tests_rg000001/providers/Microsoft.NetApp/netAppAccounts/cli-acc-000002/capacityPools/cli-pool-000003/volumes/cli-vol-000004?api-version=2019-06-01
  response:
    body:
      string: !!python/unicode '{"id":"/subscriptions/00000000-0000-0000-0000-000000000000/resourceGroups/cli_tests_rg000001/providers/Microsoft.NetApp/netAppAccounts/cli-acc-000002/capacityPools/cli-pool-000003/volumes/cli-vol-000004","name":"cli-acc-000002/cli-pool-000003/cli-vol-000004","type":"Microsoft.NetApp/netAppAccounts/capacityPools/volumes","etag":"W/\"datetime''2019-07-24T15%3A35%3A19.7815762Z''\"","location":"westcentralus","tags":{"Tag2":"Value1"},"properties":{"serviceLevel":"Premium","creationToken":"cli-vol-000004","usageThreshold":107374182400,"protocolTypes":["NFSv4"],"subnetId":"/subscriptions/00000000-0000-0000-0000-000000000000/resourceGroups/cli_tests_rg000001/providers/Microsoft.Network/virtualNetworks/cli-vnet-000005/subnets/cli-subnet-000006","provisioningState":"Creating"}}'
    headers:
      access-control-expose-headers:
      - Request-Context
      azure-asyncoperation:
      - https://management.azure.com/subscriptions/00000000-0000-0000-0000-000000000000/providers/Microsoft.NetApp/locations/westcentralus/operationResults/553bdc86-2c29-4bc5-a294-ab2f89e2eb5a?api-version=2019-06-01
      cache-control:
      - no-cache
      content-length:
      - '967'
      content-type:
      - application/json; charset=utf-8
      date:
      - Wed, 24 Jul 2019 15:35:20 GMT
      etag:
      - W/"datetime'2019-07-24T15%3A35%3A19.7815762Z'"
      expires:
      - '-1'
      pragma:
      - no-cache
      request-context:
      - appId=cid-v1:2c4cb680-0a1f-424d-bb8d-8e650ba68d53
      server:
      - Microsoft-IIS/10.0
      strict-transport-security:
      - max-age=31536000; includeSubDomains
      x-content-type-options:
      - nosniff
      x-ms-ratelimit-remaining-subscription-writes:
      - '1197'
      x-powered-by:
      - ASP.NET
    status:
      code: 201
      message: Created
- request:
    body: null
    headers:
      Accept:
      - application/json
      Accept-Encoding:
      - gzip, deflate
      CommandName:
      - netappfiles volume create
      Connection:
      - keep-alive
      ParameterSetName:
      - --resource-group --account-name --pool-name --volume-name -l --service-level
        --usage-threshold --creation-token --vnet --subnet --protocol-types --tags
      User-Agent:
      - python/2.7.10 (Darwin-17.7.0-x86_64-i386-64bit) msrest/0.6.8 msrest_azure/0.6.1
        azure-mgmt-netapp/0.5.0 Azure-SDK-For-Python AZURECLI/2.0.68
    method: GET
    uri: https://management.azure.com/subscriptions/00000000-0000-0000-0000-000000000000/providers/Microsoft.NetApp/locations/westcentralus/operationResults/553bdc86-2c29-4bc5-a294-ab2f89e2eb5a?api-version=2019-06-01
  response:
    body:
      string: !!python/unicode '{"id":"/subscriptions/00000000-0000-0000-0000-000000000000/providers/Microsoft.NetApp/locations/westcentralus/operationResults/553bdc86-2c29-4bc5-a294-ab2f89e2eb5a","name":"553bdc86-2c29-4bc5-a294-ab2f89e2eb5a","status":"Creating","startTime":"2019-07-24T15:35:19.6203377Z","endTime":"0001-01-01T00:00:00Z","percentComplete":0.0,"properties":{"resourceName":"/subscriptions/00000000-0000-0000-0000-000000000000/resourceGroups/cli_tests_rg000001/providers/Microsoft.NetApp/netAppAccounts/cli-acc-000002/capacityPools/cli-pool-000003/volumes/cli-vol-000004"}}'
    headers:
      access-control-expose-headers:
      - Request-Context
      cache-control:
      - no-cache
      content-length:
      - '643'
      content-type:
      - application/json; charset=utf-8
      date:
      - Wed, 24 Jul 2019 15:35:50 GMT
      expires:
      - '-1'
      pragma:
      - no-cache
      request-context:
      - appId=cid-v1:2c4cb680-0a1f-424d-bb8d-8e650ba68d53
      server:
      - Microsoft-IIS/10.0
      strict-transport-security:
      - max-age=31536000; includeSubDomains
      transfer-encoding:
      - chunked
      vary:
      - Accept-Encoding
      x-content-type-options:
      - nosniff
      x-powered-by:
      - ASP.NET
    status:
      code: 200
      message: OK
- request:
    body: null
    headers:
      Accept:
      - application/json
      Accept-Encoding:
      - gzip, deflate
      CommandName:
      - netappfiles volume create
      Connection:
      - keep-alive
      ParameterSetName:
      - --resource-group --account-name --pool-name --volume-name -l --service-level
        --usage-threshold --creation-token --vnet --subnet --protocol-types --tags
      User-Agent:
      - python/2.7.10 (Darwin-17.7.0-x86_64-i386-64bit) msrest/0.6.8 msrest_azure/0.6.1
        azure-mgmt-netapp/0.5.0 Azure-SDK-For-Python AZURECLI/2.0.68
    method: GET
    uri: https://management.azure.com/subscriptions/00000000-0000-0000-0000-000000000000/providers/Microsoft.NetApp/locations/westcentralus/operationResults/553bdc86-2c29-4bc5-a294-ab2f89e2eb5a?api-version=2019-06-01
  response:
    body:
      string: !!python/unicode '{"id":"/subscriptions/00000000-0000-0000-0000-000000000000/providers/Microsoft.NetApp/locations/westcentralus/operationResults/553bdc86-2c29-4bc5-a294-ab2f89e2eb5a","name":"553bdc86-2c29-4bc5-a294-ab2f89e2eb5a","status":"Creating","startTime":"2019-07-24T15:35:19.6203377Z","endTime":"0001-01-01T00:00:00Z","percentComplete":0.0,"properties":{"resourceName":"/subscriptions/00000000-0000-0000-0000-000000000000/resourceGroups/cli_tests_rg000001/providers/Microsoft.NetApp/netAppAccounts/cli-acc-000002/capacityPools/cli-pool-000003/volumes/cli-vol-000004"}}'
    headers:
      access-control-expose-headers:
      - Request-Context
      cache-control:
      - no-cache
      content-length:
      - '643'
      content-type:
      - application/json; charset=utf-8
      date:
      - Wed, 24 Jul 2019 15:36:20 GMT
      expires:
      - '-1'
      pragma:
      - no-cache
      request-context:
      - appId=cid-v1:2c4cb680-0a1f-424d-bb8d-8e650ba68d53
      server:
      - Microsoft-IIS/10.0
      strict-transport-security:
      - max-age=31536000; includeSubDomains
      transfer-encoding:
      - chunked
      vary:
      - Accept-Encoding
      x-content-type-options:
      - nosniff
      x-powered-by:
      - ASP.NET
    status:
      code: 200
      message: OK
- request:
    body: null
    headers:
      Accept:
      - application/json
      Accept-Encoding:
      - gzip, deflate
      CommandName:
      - netappfiles volume create
      Connection:
      - keep-alive
      ParameterSetName:
      - --resource-group --account-name --pool-name --volume-name -l --service-level
        --usage-threshold --creation-token --vnet --subnet --protocol-types --tags
      User-Agent:
      - python/2.7.10 (Darwin-17.7.0-x86_64-i386-64bit) msrest/0.6.8 msrest_azure/0.6.1
        azure-mgmt-netapp/0.5.0 Azure-SDK-For-Python AZURECLI/2.0.68
    method: GET
    uri: https://management.azure.com/subscriptions/00000000-0000-0000-0000-000000000000/providers/Microsoft.NetApp/locations/westcentralus/operationResults/553bdc86-2c29-4bc5-a294-ab2f89e2eb5a?api-version=2019-06-01
  response:
    body:
      string: !!python/unicode '{"id":"/subscriptions/00000000-0000-0000-0000-000000000000/providers/Microsoft.NetApp/locations/westcentralus/operationResults/553bdc86-2c29-4bc5-a294-ab2f89e2eb5a","name":"553bdc86-2c29-4bc5-a294-ab2f89e2eb5a","status":"Creating","startTime":"2019-07-24T15:35:19.6203377Z","endTime":"0001-01-01T00:00:00Z","percentComplete":0.0,"properties":{"resourceName":"/subscriptions/00000000-0000-0000-0000-000000000000/resourceGroups/cli_tests_rg000001/providers/Microsoft.NetApp/netAppAccounts/cli-acc-000002/capacityPools/cli-pool-000003/volumes/cli-vol-000004"}}'
    headers:
      access-control-expose-headers:
      - Request-Context
      cache-control:
      - no-cache
      content-length:
      - '643'
      content-type:
      - application/json; charset=utf-8
      date:
      - Wed, 24 Jul 2019 15:36:51 GMT
      expires:
      - '-1'
      pragma:
      - no-cache
      request-context:
      - appId=cid-v1:2c4cb680-0a1f-424d-bb8d-8e650ba68d53
      server:
      - Microsoft-IIS/10.0
      strict-transport-security:
      - max-age=31536000; includeSubDomains
      transfer-encoding:
      - chunked
      vary:
      - Accept-Encoding
      x-content-type-options:
      - nosniff
      x-powered-by:
      - ASP.NET
    status:
      code: 200
      message: OK
- request:
    body: null
    headers:
      Accept:
      - application/json
      Accept-Encoding:
      - gzip, deflate
      CommandName:
      - netappfiles volume create
      Connection:
      - keep-alive
      ParameterSetName:
      - --resource-group --account-name --pool-name --volume-name -l --service-level
        --usage-threshold --creation-token --vnet --subnet --protocol-types --tags
      User-Agent:
      - python/2.7.10 (Darwin-17.7.0-x86_64-i386-64bit) msrest/0.6.8 msrest_azure/0.6.1
        azure-mgmt-netapp/0.5.0 Azure-SDK-For-Python AZURECLI/2.0.68
    method: GET
    uri: https://management.azure.com/subscriptions/00000000-0000-0000-0000-000000000000/providers/Microsoft.NetApp/locations/westcentralus/operationResults/553bdc86-2c29-4bc5-a294-ab2f89e2eb5a?api-version=2019-06-01
  response:
    body:
      string: !!python/unicode '{"id":"/subscriptions/00000000-0000-0000-0000-000000000000/providers/Microsoft.NetApp/locations/westcentralus/operationResults/553bdc86-2c29-4bc5-a294-ab2f89e2eb5a","name":"553bdc86-2c29-4bc5-a294-ab2f89e2eb5a","status":"Creating","startTime":"2019-07-24T15:35:19.6203377Z","endTime":"0001-01-01T00:00:00Z","percentComplete":0.0,"properties":{"resourceName":"/subscriptions/00000000-0000-0000-0000-000000000000/resourceGroups/cli_tests_rg000001/providers/Microsoft.NetApp/netAppAccounts/cli-acc-000002/capacityPools/cli-pool-000003/volumes/cli-vol-000004"}}'
    headers:
      access-control-expose-headers:
      - Request-Context
      cache-control:
      - no-cache
      content-length:
      - '643'
      content-type:
      - application/json; charset=utf-8
      date:
      - Wed, 24 Jul 2019 15:37:23 GMT
      expires:
      - '-1'
      pragma:
      - no-cache
      request-context:
      - appId=cid-v1:2c4cb680-0a1f-424d-bb8d-8e650ba68d53
      server:
      - Microsoft-IIS/10.0
      strict-transport-security:
      - max-age=31536000; includeSubDomains
      transfer-encoding:
      - chunked
      vary:
      - Accept-Encoding
      x-content-type-options:
      - nosniff
      x-powered-by:
      - ASP.NET
    status:
      code: 200
      message: OK
- request:
    body: null
    headers:
      Accept:
      - application/json
      Accept-Encoding:
      - gzip, deflate
      CommandName:
      - netappfiles volume create
      Connection:
      - keep-alive
      ParameterSetName:
      - --resource-group --account-name --pool-name --volume-name -l --service-level
        --usage-threshold --creation-token --vnet --subnet --protocol-types --tags
      User-Agent:
      - python/2.7.10 (Darwin-17.7.0-x86_64-i386-64bit) msrest/0.6.8 msrest_azure/0.6.1
        azure-mgmt-netapp/0.5.0 Azure-SDK-For-Python AZURECLI/2.0.68
    method: GET
    uri: https://management.azure.com/subscriptions/00000000-0000-0000-0000-000000000000/providers/Microsoft.NetApp/locations/westcentralus/operationResults/553bdc86-2c29-4bc5-a294-ab2f89e2eb5a?api-version=2019-06-01
  response:
    body:
      string: !!python/unicode '{"id":"/subscriptions/00000000-0000-0000-0000-000000000000/providers/Microsoft.NetApp/locations/westcentralus/operationResults/553bdc86-2c29-4bc5-a294-ab2f89e2eb5a","name":"553bdc86-2c29-4bc5-a294-ab2f89e2eb5a","status":"Creating","startTime":"2019-07-24T15:35:19.6203377Z","endTime":"0001-01-01T00:00:00Z","percentComplete":0.0,"properties":{"resourceName":"/subscriptions/00000000-0000-0000-0000-000000000000/resourceGroups/cli_tests_rg000001/providers/Microsoft.NetApp/netAppAccounts/cli-acc-000002/capacityPools/cli-pool-000003/volumes/cli-vol-000004"}}'
    headers:
      access-control-expose-headers:
      - Request-Context
      cache-control:
      - no-cache
      content-length:
      - '643'
      content-type:
      - application/json; charset=utf-8
      date:
      - Wed, 24 Jul 2019 15:37:54 GMT
      expires:
      - '-1'
      pragma:
      - no-cache
      request-context:
      - appId=cid-v1:2c4cb680-0a1f-424d-bb8d-8e650ba68d53
      server:
      - Microsoft-IIS/10.0
      strict-transport-security:
      - max-age=31536000; includeSubDomains
      transfer-encoding:
      - chunked
      vary:
      - Accept-Encoding
      x-content-type-options:
      - nosniff
      x-powered-by:
      - ASP.NET
    status:
      code: 200
      message: OK
- request:
    body: null
    headers:
      Accept:
      - application/json
      Accept-Encoding:
      - gzip, deflate
      CommandName:
      - netappfiles volume create
      Connection:
      - keep-alive
      ParameterSetName:
      - --resource-group --account-name --pool-name --volume-name -l --service-level
        --usage-threshold --creation-token --vnet --subnet --protocol-types --tags
      User-Agent:
      - python/2.7.10 (Darwin-17.7.0-x86_64-i386-64bit) msrest/0.6.8 msrest_azure/0.6.1
        azure-mgmt-netapp/0.5.0 Azure-SDK-For-Python AZURECLI/2.0.68
    method: GET
    uri: https://management.azure.com/subscriptions/00000000-0000-0000-0000-000000000000/providers/Microsoft.NetApp/locations/westcentralus/operationResults/553bdc86-2c29-4bc5-a294-ab2f89e2eb5a?api-version=2019-06-01
  response:
    body:
      string: !!python/unicode '{"id":"/subscriptions/00000000-0000-0000-0000-000000000000/providers/Microsoft.NetApp/locations/westcentralus/operationResults/553bdc86-2c29-4bc5-a294-ab2f89e2eb5a","name":"553bdc86-2c29-4bc5-a294-ab2f89e2eb5a","status":"Succeeded","startTime":"2019-07-24T15:35:19.6203377Z","endTime":"2019-07-24T15:38:17.9971822Z","percentComplete":100.0,"properties":{"resourceName":"/subscriptions/00000000-0000-0000-0000-000000000000/resourceGroups/cli_tests_rg000001/providers/Microsoft.NetApp/netAppAccounts/cli-acc-000002/capacityPools/cli-pool-000003/volumes/cli-vol-000004"}}'
    headers:
      access-control-expose-headers:
      - Request-Context
      cache-control:
      - no-cache
      content-length:
      - '654'
      content-type:
      - application/json; charset=utf-8
      date:
      - Wed, 24 Jul 2019 15:38:25 GMT
      expires:
      - '-1'
      pragma:
      - no-cache
      request-context:
      - appId=cid-v1:2c4cb680-0a1f-424d-bb8d-8e650ba68d53
      server:
      - Microsoft-IIS/10.0
      strict-transport-security:
      - max-age=31536000; includeSubDomains
      transfer-encoding:
      - chunked
      vary:
      - Accept-Encoding
      x-content-type-options:
      - nosniff
      x-powered-by:
      - ASP.NET
    status:
      code: 200
      message: OK
- request:
    body: null
    headers:
      Accept:
      - application/json
      Accept-Encoding:
      - gzip, deflate
      CommandName:
      - netappfiles volume create
      Connection:
      - keep-alive
      ParameterSetName:
      - --resource-group --account-name --pool-name --volume-name -l --service-level
        --usage-threshold --creation-token --vnet --subnet --protocol-types --tags
      User-Agent:
      - python/2.7.10 (Darwin-17.7.0-x86_64-i386-64bit) msrest/0.6.8 msrest_azure/0.6.1
        azure-mgmt-netapp/0.5.0 Azure-SDK-For-Python AZURECLI/2.0.68
    method: GET
    uri: https://management.azure.com/subscriptions/00000000-0000-0000-0000-000000000000/resourceGroups/cli_tests_rg000001/providers/Microsoft.NetApp/netAppAccounts/cli-acc-000002/capacityPools/cli-pool-000003/volumes/cli-vol-000004?api-version=2019-06-01
  response:
    body:
      string: !!python/unicode '{"id":"/subscriptions/00000000-0000-0000-0000-000000000000/resourceGroups/cli_tests_rg000001/providers/Microsoft.NetApp/netAppAccounts/cli-acc-000002/capacityPools/cli-pool-000003/volumes/cli-vol-000004","name":"cli-acc-000002/cli-pool-000003/cli-vol-000004","type":"Microsoft.NetApp/netAppAccounts/capacityPools/volumes","etag":"W/\"datetime''2019-07-24T15%3A38%3A17.9983257Z''\"","location":"westcentralus","tags":{"Tag2":"Value1"},"properties":{"provisioningState":"Succeeded","fileSystemId":"bbf6546d-a4f4-02c1-d2bf-153ba342ca8e","name":"cli-vol-000004","serviceLevel":"Premium","creationToken":"cli-vol-000004","usageThreshold":107374182400,"usedBytes":0,"snapshotPolicy":{"enabled":false},"exportPolicy":{"rules":[{"ruleIndex":1,"unixReadOnly":false,"unixReadWrite":true,"cifs":false,"nfsv3":true,"nfsv4":false,"allowedClients":"0.0.0.0/0"}]},"protocolTypes":["NFSv4"],"baremetalTenantId":"baremetalTenant_svm_220be37a7ff14b84ba2fc1aed33a19b9_f0b68f5c","subnetId":"/subscriptions/00000000-0000-0000-0000-000000000000/resourceGroups/cli_tests_rg000001/providers/Microsoft.Network/virtualNetworks/cli-vnet-000005/subnets/cli-subnet-000006","mountTargets":[{"provisioningState":"Succeeded","mountTargetId":"21c0de13-318f-b673-d027-798f8d5797c9","fileSystemId":"bbf6546d-a4f4-02c1-d2bf-153ba342ca8e","startIp":"10.12.0.4","endIp":"10.12.0.4","gateway":"10.12.0.1","netmask":"255.255.255.0","ipAddress":"10.12.0.4"}]}}'
    headers:
      access-control-expose-headers:
      - Request-Context
      cache-control:
      - no-cache
      content-length:
      - '1617'
      content-type:
      - application/json; charset=utf-8
      date:
      - Wed, 24 Jul 2019 15:38:26 GMT
      etag:
      - W/"datetime'2019-07-24T15%3A38%3A17.9983257Z'"
      expires:
      - '-1'
      pragma:
      - no-cache
      request-context:
      - appId=cid-v1:2c4cb680-0a1f-424d-bb8d-8e650ba68d53
      server:
      - Microsoft-IIS/10.0
      strict-transport-security:
      - max-age=31536000; includeSubDomains
      transfer-encoding:
      - chunked
      vary:
      - Accept-Encoding
      x-content-type-options:
      - nosniff
      x-powered-by:
      - ASP.NET
    status:
      code: 200
      message: OK
- request:
    body: null
    headers:
      Accept:
      - application/json
      Accept-Encoding:
      - gzip, deflate
      CommandName:
      - netappfiles volume show
      Connection:
      - keep-alive
      ParameterSetName:
      - --resource-group -a -p -v
      User-Agent:
      - python/2.7.10 (Darwin-17.7.0-x86_64-i386-64bit) msrest/0.6.8 msrest_azure/0.6.1
        azure-mgmt-netapp/0.5.0 Azure-SDK-For-Python AZURECLI/2.0.68
      accept-language:
      - en-US
    method: GET
    uri: https://management.azure.com/subscriptions/00000000-0000-0000-0000-000000000000/resourceGroups/cli_tests_rg000001/providers/Microsoft.NetApp/netAppAccounts/cli-acc-000002/capacityPools/cli-pool-000003/volumes/cli-vol-000004?api-version=2019-06-01
  response:
    body:
      string: !!python/unicode '{"id":"/subscriptions/00000000-0000-0000-0000-000000000000/resourceGroups/cli_tests_rg000001/providers/Microsoft.NetApp/netAppAccounts/cli-acc-000002/capacityPools/cli-pool-000003/volumes/cli-vol-000004","name":"cli-acc-000002/cli-pool-000003/cli-vol-000004","type":"Microsoft.NetApp/netAppAccounts/capacityPools/volumes","etag":"W/\"datetime''2019-07-24T15%3A38%3A17.9983257Z''\"","location":"westcentralus","tags":{"Tag2":"Value1"},"properties":{"provisioningState":"Succeeded","fileSystemId":"bbf6546d-a4f4-02c1-d2bf-153ba342ca8e","name":"cli-vol-000004","serviceLevel":"Premium","creationToken":"cli-vol-000004","usageThreshold":107374182400,"usedBytes":0,"snapshotPolicy":{"enabled":false},"exportPolicy":{"rules":[{"ruleIndex":1,"unixReadOnly":false,"unixReadWrite":true,"cifs":false,"nfsv3":true,"nfsv4":false,"allowedClients":"0.0.0.0/0"}]},"protocolTypes":["NFSv4"],"baremetalTenantId":"baremetalTenant_svm_220be37a7ff14b84ba2fc1aed33a19b9_f0b68f5c","subnetId":"/subscriptions/00000000-0000-0000-0000-000000000000/resourceGroups/cli_tests_rg000001/providers/Microsoft.Network/virtualNetworks/cli-vnet-000005/subnets/cli-subnet-000006","mountTargets":[{"provisioningState":"Succeeded","mountTargetId":"21c0de13-318f-b673-d027-798f8d5797c9","fileSystemId":"bbf6546d-a4f4-02c1-d2bf-153ba342ca8e","startIp":"10.12.0.4","endIp":"10.12.0.4","gateway":"10.12.0.1","netmask":"255.255.255.0","ipAddress":"10.12.0.4"}]}}'
    headers:
      access-control-expose-headers:
      - Request-Context
      cache-control:
      - no-cache
      content-length:
      - '1617'
      content-type:
      - application/json; charset=utf-8
      date:
      - Wed, 24 Jul 2019 15:38:28 GMT
      etag:
      - W/"datetime'2019-07-24T15%3A38%3A17.9983257Z'"
      expires:
      - '-1'
      pragma:
      - no-cache
      request-context:
      - appId=cid-v1:2c4cb680-0a1f-424d-bb8d-8e650ba68d53
      server:
      - Microsoft-IIS/10.0
      strict-transport-security:
      - max-age=31536000; includeSubDomains
      transfer-encoding:
      - chunked
      vary:
      - Accept-Encoding
      x-content-type-options:
      - nosniff
      x-powered-by:
      - ASP.NET
    status:
      code: 200
      message: OK
- request:
    body: null
    headers:
      Accept:
      - application/json
      Accept-Encoding:
      - gzip, deflate
      CommandName:
      - netappfiles volume show
      Connection:
      - keep-alive
      ParameterSetName:
      - --ids
      User-Agent:
      - python/2.7.10 (Darwin-17.7.0-x86_64-i386-64bit) msrest/0.6.8 msrest_azure/0.6.1
        azure-mgmt-netapp/0.5.0 Azure-SDK-For-Python AZURECLI/2.0.68
      accept-language:
      - en-US
    method: GET
    uri: https://management.azure.com/subscriptions/00000000-0000-0000-0000-000000000000/resourceGroups/cli_tests_rg000001/providers/Microsoft.NetApp/netAppAccounts/cli-acc-000002/capacityPools/cli-pool-000003/volumes/cli-vol-000004?api-version=2019-06-01
  response:
    body:
      string: !!python/unicode '{"id":"/subscriptions/00000000-0000-0000-0000-000000000000/resourceGroups/cli_tests_rg000001/providers/Microsoft.NetApp/netAppAccounts/cli-acc-000002/capacityPools/cli-pool-000003/volumes/cli-vol-000004","name":"cli-acc-000002/cli-pool-000003/cli-vol-000004","type":"Microsoft.NetApp/netAppAccounts/capacityPools/volumes","etag":"W/\"datetime''2019-07-24T15%3A38%3A17.9983257Z''\"","location":"westcentralus","tags":{"Tag2":"Value1"},"properties":{"provisioningState":"Succeeded","fileSystemId":"bbf6546d-a4f4-02c1-d2bf-153ba342ca8e","name":"cli-vol-000004","serviceLevel":"Premium","creationToken":"cli-vol-000004","usageThreshold":107374182400,"usedBytes":0,"snapshotPolicy":{"enabled":false},"exportPolicy":{"rules":[{"ruleIndex":1,"unixReadOnly":false,"unixReadWrite":true,"cifs":false,"nfsv3":true,"nfsv4":false,"allowedClients":"0.0.0.0/0"}]},"protocolTypes":["NFSv4"],"baremetalTenantId":"baremetalTenant_svm_220be37a7ff14b84ba2fc1aed33a19b9_f0b68f5c","subnetId":"/subscriptions/00000000-0000-0000-0000-000000000000/resourceGroups/cli_tests_rg000001/providers/Microsoft.Network/virtualNetworks/cli-vnet-000005/subnets/cli-subnet-000006","mountTargets":[{"provisioningState":"Succeeded","mountTargetId":"21c0de13-318f-b673-d027-798f8d5797c9","fileSystemId":"bbf6546d-a4f4-02c1-d2bf-153ba342ca8e","startIp":"10.12.0.4","endIp":"10.12.0.4","gateway":"10.12.0.1","netmask":"255.255.255.0","ipAddress":"10.12.0.4"}]}}'
    headers:
      access-control-expose-headers:
      - Request-Context
      cache-control:
      - no-cache
      content-length:
      - '1617'
      content-type:
      - application/json; charset=utf-8
      date:
      - Wed, 24 Jul 2019 15:38:29 GMT
      etag:
      - W/"datetime'2019-07-24T15%3A38%3A17.9983257Z'"
      expires:
      - '-1'
      pragma:
      - no-cache
      request-context:
      - appId=cid-v1:2c4cb680-0a1f-424d-bb8d-8e650ba68d53
      server:
      - Microsoft-IIS/10.0
      strict-transport-security:
      - max-age=31536000; includeSubDomains
      transfer-encoding:
      - chunked
      vary:
      - Accept-Encoding
      x-content-type-options:
      - nosniff
      x-powered-by:
      - ASP.NET
    status:
      code: 200
      message: OK
version: 1
