interactions:
- request:
    body: '{"location": "southcentralusstage"}'
    headers:
      Accept:
      - application/json
      Accept-Encoding:
      - gzip, deflate
      CommandName:
      - netappfiles account create
      Connection:
      - keep-alive
      Content-Length:
      - '35'
      Content-Type:
      - application/json
      ParameterSetName:
      - -g -a -l
      User-Agent:
      - AZURECLI/2.34.1 azsdk-python-mgmt-netapp/7.0.0 Python/3.8.10 (macOS-12.2-x86_64-i386-64bit)
    method: PUT
    uri: https://management.azure.com/subscriptions/00000000-0000-0000-0000-000000000000/resourceGroups/cli_netappfiles_test_snapshot_policy_000001/providers/Microsoft.NetApp/netAppAccounts/cli-acc-000002?api-version=2021-10-01
  response:
    body:
      string: '{"id":"/subscriptions/00000000-0000-0000-0000-000000000000/resourceGroups/cli_netappfiles_test_snapshot_policy_000001/providers/Microsoft.NetApp/netAppAccounts/cli-acc-000002","name":"cli-acc-000002","type":"Microsoft.NetApp/netAppAccounts","etag":"W/\"datetime''2022-03-15T11%3A20%3A43.7971982Z''\"","location":"southcentralusstage","tags":{"CreatedOnDate":"2022-03-15T11:20:38.6585843Z"},"properties":{"provisioningState":"Creating"},"systemData":{"createdBy":"c6c4faba-2b22-44d9-80a4-71ff5b71f811","createdByType":"Application","createdAt":"2022-03-15T11:20:42.979002Z","lastModifiedBy":"c6c4faba-2b22-44d9-80a4-71ff5b71f811","lastModifiedByType":"Application","lastModifiedAt":"2022-03-15T11:20:42.979002Z"}}'
    headers:
      azure-asyncoperation:
      - https://management.azure.com/subscriptions/00000000-0000-0000-0000-000000000000/providers/Microsoft.NetApp/locations/southcentralusstage/operationResults/e09f79e3-e371-47b0-a4ea-7ed8fc927a84?api-version=2021-10-01
      cache-control:
      - no-cache
      content-length:
      - '710'
      content-type:
      - application/json; charset=utf-8
      date:
      - Tue, 15 Mar 2022 11:20:44 GMT
      etag:
      - W/"datetime'2022-03-15T11%3A20%3A43.7971982Z'"
      expires:
      - '-1'
      pragma:
      - no-cache
      server:
      - Microsoft-IIS/10.0
      strict-transport-security:
      - max-age=31536000; includeSubDomains
      x-content-type-options:
      - nosniff
      x-ms-ratelimit-remaining-subscription-writes:
      - '1199'
      x-powered-by:
      - ASP.NET
    status:
      code: 201
      message: Created
- request:
    body: null
    headers:
      Accept:
      - '*/*'
      Accept-Encoding:
      - gzip, deflate
      CommandName:
      - netappfiles account create
      Connection:
      - keep-alive
      ParameterSetName:
      - -g -a -l
      User-Agent:
      - AZURECLI/2.34.1 azsdk-python-mgmt-netapp/7.0.0 Python/3.8.10 (macOS-12.2-x86_64-i386-64bit)
    method: GET
    uri: https://management.azure.com/subscriptions/00000000-0000-0000-0000-000000000000/providers/Microsoft.NetApp/locations/southcentralusstage/operationResults/e09f79e3-e371-47b0-a4ea-7ed8fc927a84?api-version=2021-10-01
  response:
    body:
      string: '{"id":"/subscriptions/00000000-0000-0000-0000-000000000000/providers/Microsoft.NetApp/locations/southcentralusstage/operationResults/e09f79e3-e371-47b0-a4ea-7ed8fc927a84","name":"e09f79e3-e371-47b0-a4ea-7ed8fc927a84","status":"Succeeded","startTime":"2022-03-15T11:20:43.7938157Z","endTime":"2022-03-15T11:20:43.8250971Z","percentComplete":100.0,"properties":{"resourceName":"/subscriptions/00000000-0000-0000-0000-000000000000/resourceGroups/cli_netappfiles_test_snapshot_policy_000001/providers/Microsoft.NetApp/netAppAccounts/cli-acc-000002"}}'
    headers:
      cache-control:
      - no-cache
      content-length:
      - '546'
      content-type:
      - application/json; charset=utf-8
      date:
      - Tue, 15 Mar 2022 11:21:14 GMT
      expires:
      - '-1'
      pragma:
      - no-cache
      server:
      - Microsoft-IIS/10.0
      strict-transport-security:
      - max-age=31536000; includeSubDomains
      transfer-encoding:
      - chunked
      vary:
      - Accept-Encoding
      x-content-type-options:
      - nosniff
      x-powered-by:
      - ASP.NET
    status:
      code: 200
      message: OK
- request:
    body: null
    headers:
      Accept:
      - '*/*'
      Accept-Encoding:
      - gzip, deflate
      CommandName:
      - netappfiles account create
      Connection:
      - keep-alive
      ParameterSetName:
      - -g -a -l
      User-Agent:
      - AZURECLI/2.34.1 azsdk-python-mgmt-netapp/7.0.0 Python/3.8.10 (macOS-12.2-x86_64-i386-64bit)
    method: GET
    uri: https://management.azure.com/subscriptions/00000000-0000-0000-0000-000000000000/resourceGroups/cli_netappfiles_test_snapshot_policy_000001/providers/Microsoft.NetApp/netAppAccounts/cli-acc-000002?api-version=2021-10-01
  response:
    body:
      string: '{"id":"/subscriptions/00000000-0000-0000-0000-000000000000/resourceGroups/cli_netappfiles_test_snapshot_policy_000001/providers/Microsoft.NetApp/netAppAccounts/cli-acc-000002","name":"cli-acc-000002","type":"Microsoft.NetApp/netAppAccounts","etag":"W/\"datetime''2022-03-15T11%3A20%3A43.8298019Z''\"","location":"southcentralusstage","tags":{"CreatedOnDate":"2022-03-15T11:20:38.6585843Z"},"properties":{"activeDirectories":[{"activeDirectoryId":"6411f198-b5fc-ad07-113d-56dd4da0e462","username":"testadmin","password":"****************","domain":"testdomain.local","dns":"10.0.2.4,10.0.2.5","status":"Created","smbServerName":"testsmb","organizationalUnit":"CN=Computers","aesEncryption":false,"ldapSigning":false,"ldapOverTLS":false,"allowLocalNFSUsersWithLdap":false,"encryptDCConnections":false,"ldapSearchScope":{}}],"encryption":{"keySource":"Microsoft.NetApp"},"provisioningState":"Succeeded"},"systemData":{"createdBy":"c6c4faba-2b22-44d9-80a4-71ff5b71f811","createdByType":"Application","createdAt":"2022-03-15T11:20:42.979002Z","lastModifiedBy":"c6c4faba-2b22-44d9-80a4-71ff5b71f811","lastModifiedByType":"Application","lastModifiedAt":"2022-03-15T11:20:42.979002Z"}}'
    headers:
      cache-control:
      - no-cache
      content-length:
      - '1175'
      content-type:
      - application/json; charset=utf-8
      date:
      - Tue, 15 Mar 2022 11:21:15 GMT
      etag:
      - W/"datetime'2022-03-15T11%3A20%3A43.8298019Z'"
      expires:
      - '-1'
      pragma:
      - no-cache
      server:
      - Microsoft-IIS/10.0
      strict-transport-security:
      - max-age=31536000; includeSubDomains
      transfer-encoding:
      - chunked
      vary:
      - Accept-Encoding
      x-content-type-options:
      - nosniff
      x-powered-by:
      - ASP.NET
    status:
      code: 200
      message: OK
- request:
    body: '{"location": "southcentralusstage", "properties": {"hourlySchedule": {"snapshotsToKeep":
      1, "minute": 10}, "dailySchedule": {}, "weeklySchedule": {}, "monthlySchedule":
      {}, "enabled": false}}'
    headers:
      Accept:
      - application/json
      Accept-Encoding:
      - gzip, deflate
      CommandName:
      - netappfiles snapshot policy create
      Connection:
      - keep-alive
      Content-Length:
      - '191'
      Content-Type:
      - application/json
      ParameterSetName:
      - -g -a --snapshot-policy-name -l -u --hourly-minute
      User-Agent:
      - AZURECLI/2.34.1 azsdk-python-mgmt-netapp/7.0.0 Python/3.8.10 (macOS-12.2-x86_64-i386-64bit)
    method: PUT
    uri: https://management.azure.com/subscriptions/00000000-0000-0000-0000-000000000000/resourceGroups/cli_netappfiles_test_snapshot_policy_000001/providers/Microsoft.NetApp/netAppAccounts/cli-acc-000002/snapshotPolicies/cli-sn-pol-000003?api-version=2021-10-01
  response:
    body:
      string: '{"id":"/subscriptions/00000000-0000-0000-0000-000000000000/resourceGroups/cli_netappfiles_test_snapshot_policy_000001/providers/Microsoft.NetApp/netAppAccounts/cli-acc-000002/snapshotPolicies/cli-sn-pol-000003","name":"cli-acc-000002/cli-sn-pol-000003","type":"Microsoft.NetApp/netAppAccounts/snapshotPolicies","etag":"W/\"datetime''2022-03-15T11%3A21%3A22.6505168Z''\"","location":"southcentralusstage","tags":{"CreatedOnDate":"2022-03-15T11:21:18.3259660Z"},"properties":{"enabled":false,"hourlySchedule":{"snapshotsToKeep":1,"minute":10},"dailySchedule":{},"weeklySchedule":{},"monthlySchedule":{},"provisioningState":"Creating"},"systemData":{"createdBy":"c6c4faba-2b22-44d9-80a4-71ff5b71f811","createdByType":"Application","createdAt":"2022-03-15T11:21:21.9390052Z","lastModifiedBy":"c6c4faba-2b22-44d9-80a4-71ff5b71f811","lastModifiedByType":"Application","lastModifiedAt":"2022-03-15T11:21:21.9390052Z"}}'
    headers:
      azure-asyncoperation:
      - https://management.azure.com/subscriptions/00000000-0000-0000-0000-000000000000/providers/Microsoft.NetApp/locations/southcentralusstage/operationResults/0a9f9ba3-2430-49a0-a771-064f8a73c349?api-version=2021-10-01
      cache-control:
      - no-cache
      content-length:
      - '909'
      content-type:
      - application/json; charset=utf-8
      date:
      - Tue, 15 Mar 2022 11:21:23 GMT
      etag:
      - W/"datetime'2022-03-15T11%3A21%3A22.6505168Z'"
      expires:
      - '-1'
      pragma:
      - no-cache
      server:
      - Microsoft-IIS/10.0
      strict-transport-security:
      - max-age=31536000; includeSubDomains
      x-content-type-options:
      - nosniff
      x-ms-ratelimit-remaining-subscription-writes:
      - '1198'
      x-powered-by:
      - ASP.NET
    status:
      code: 201
      message: Created
- request:
    body: null
    headers:
      Accept:
      - application/json
      Accept-Encoding:
      - gzip, deflate
      CommandName:
      - netappfiles snapshot policy show
      Connection:
      - keep-alive
      ParameterSetName:
      - -g -a --snapshot-policy-name
      User-Agent:
      - AZURECLI/2.34.1 azsdk-python-mgmt-netapp/7.0.0 Python/3.8.10 (macOS-12.2-x86_64-i386-64bit)
    method: GET
    uri: https://management.azure.com/subscriptions/00000000-0000-0000-0000-000000000000/resourceGroups/cli_netappfiles_test_snapshot_policy_000001/providers/Microsoft.NetApp/netAppAccounts/cli-acc-000002/snapshotPolicies/cli-sn-pol-000003?api-version=2021-10-01
  response:
    body:
      string: '{"id":"/subscriptions/00000000-0000-0000-0000-000000000000/resourceGroups/cli_netappfiles_test_snapshot_policy_000001/providers/Microsoft.NetApp/netAppAccounts/cli-acc-000002/snapshotPolicies/cli-sn-pol-000003","name":"cli-acc-000002/cli-sn-pol-000003","type":"Microsoft.NetApp/netAppAccounts/snapshotPolicies","etag":"W/\"datetime''2022-03-15T11%3A21%3A22.6753458Z''\"","location":"southcentralusstage","tags":{"CreatedOnDate":"2022-03-15T11:21:18.3259660Z"},"properties":{"enabled":false,"hourlySchedule":{"snapshotsToKeep":1,"minute":10},"dailySchedule":{},"weeklySchedule":{},"monthlySchedule":{},"provisioningState":"Succeeded"},"systemData":{"createdBy":"c6c4faba-2b22-44d9-80a4-71ff5b71f811","createdByType":"Application","createdAt":"2022-03-15T11:21:21.9390052Z","lastModifiedBy":"c6c4faba-2b22-44d9-80a4-71ff5b71f811","lastModifiedByType":"Application","lastModifiedAt":"2022-03-15T11:21:21.9390052Z"}}'
    headers:
      cache-control:
      - no-cache
      content-length:
      - '910'
      content-type:
      - application/json; charset=utf-8
      date:
      - Tue, 15 Mar 2022 11:21:24 GMT
      etag:
      - W/"datetime'2022-03-15T11%3A21%3A22.6753458Z'"
      expires:
      - '-1'
      pragma:
      - no-cache
      server:
      - Microsoft-IIS/10.0
      strict-transport-security:
      - max-age=31536000; includeSubDomains
      transfer-encoding:
      - chunked
      vary:
      - Accept-Encoding
      x-content-type-options:
      - nosniff
      x-powered-by:
      - ASP.NET
    status:
      code: 200
      message: OK
- request:
    body: null
    headers:
      Accept:
      - application/json
      Accept-Encoding:
      - gzip, deflate
      CommandName:
      - netappfiles snapshot policy show
      Connection:
      - keep-alive
      ParameterSetName:
      - --ids
      User-Agent:
      - AZURECLI/2.34.1 azsdk-python-mgmt-netapp/7.0.0 Python/3.8.10 (macOS-12.2-x86_64-i386-64bit)
    method: GET
    uri: https://management.azure.com/subscriptions/00000000-0000-0000-0000-000000000000/resourceGroups/cli_netappfiles_test_snapshot_policy_000001/providers/Microsoft.NetApp/netAppAccounts/cli-acc-000002/snapshotPolicies/cli-sn-pol-000003?api-version=2021-10-01
  response:
    body:
      string: '{"id":"/subscriptions/00000000-0000-0000-0000-000000000000/resourceGroups/cli_netappfiles_test_snapshot_policy_000001/providers/Microsoft.NetApp/netAppAccounts/cli-acc-000002/snapshotPolicies/cli-sn-pol-000003","name":"cli-acc-000002/cli-sn-pol-000003","type":"Microsoft.NetApp/netAppAccounts/snapshotPolicies","etag":"W/\"datetime''2022-03-15T11%3A21%3A22.6753458Z''\"","location":"southcentralusstage","tags":{"CreatedOnDate":"2022-03-15T11:21:18.3259660Z"},"properties":{"enabled":false,"hourlySchedule":{"snapshotsToKeep":1,"minute":10},"dailySchedule":{},"weeklySchedule":{},"monthlySchedule":{},"provisioningState":"Succeeded"},"systemData":{"createdBy":"c6c4faba-2b22-44d9-80a4-71ff5b71f811","createdByType":"Application","createdAt":"2022-03-15T11:21:21.9390052Z","lastModifiedBy":"c6c4faba-2b22-44d9-80a4-71ff5b71f811","lastModifiedByType":"Application","lastModifiedAt":"2022-03-15T11:21:21.9390052Z"}}'
    headers:
      cache-control:
      - no-cache
      content-length:
      - '910'
      content-type:
      - application/json; charset=utf-8
      date:
      - Tue, 15 Mar 2022 11:21:25 GMT
      etag:
      - W/"datetime'2022-03-15T11%3A21%3A22.6753458Z'"
      expires:
      - '-1'
      pragma:
      - no-cache
      server:
      - Microsoft-IIS/10.0
      strict-transport-security:
      - max-age=31536000; includeSubDomains
      transfer-encoding:
      - chunked
      vary:
      - Accept-Encoding
      x-content-type-options:
      - nosniff
      x-powered-by:
      - ASP.NET
    status:
      code: 200
      message: OK
version: 1