interactions:
- request:
    body: '{"location": "southcentralusstage", "tags": {}, "properties": {"addressSpace": {"addressPrefixes":
      ["10.5.0.0/16"]}, "dhcpOptions": {}}}'
    headers:
      Accept:
      - application/json
      Accept-Encoding:
      - gzip, deflate
      CommandName:
      - network vnet create
      Connection:
      - keep-alive
      Content-Length:
      - '124'
      Content-Type:
      - application/json
      ParameterSetName:
      - -n -g -l --address-prefix
      User-Agent:
      - AZURECLI/2.34.1 azsdk-python-azure-mgmt-network/19.3.0 Python/3.8.10 (macOS-12.2-x86_64-i386-64bit)
    method: PUT
    uri: https://management.azure.com/subscriptions/00000000-0000-0000-0000-000000000000/resourceGroups/cli_netappfiles_test_backup_000001/providers/Microsoft.Network/virtualNetworks/cli-vnet-backup000006?api-version=2021-05-01
  response:
    body:
      string: "{\r\n  \"name\": \"cli-vnet-backup000006\",\r\n  \"id\": \"/subscriptions/00000000-0000-0000-0000-000000000000/resourceGroups/cli_netappfiles_test_backup_000001/providers/Microsoft.Network/virtualNetworks/cli-vnet-backup000006\",\r\n
        \ \"etag\": \"W/\\\"5b115c83-5705-4a71-9502-cc6499e7f217\\\"\",\r\n  \"type\":
        \"Microsoft.Network/virtualNetworks\",\r\n  \"location\": \"southcentralusstage\",\r\n
        \ \"tags\": {\r\n    \"CreatedOnDate\": \"2022-03-16T09:04:44.2402931Z\"\r\n
        \ },\r\n  \"properties\": {\r\n    \"provisioningState\": \"Updating\",\r\n
        \   \"resourceGuid\": \"640101ce-6683-4d99-a9d6-c8c82eb43a51\",\r\n    \"addressSpace\":
        {\r\n      \"addressPrefixes\": [\r\n        \"10.5.0.0/16\"\r\n      ]\r\n
        \   },\r\n    \"dhcpOptions\": {\r\n      \"dnsServers\": []\r\n    },\r\n
        \   \"subnets\": [],\r\n    \"virtualNetworkPeerings\": [],\r\n    \"enableDdosProtection\":
        false\r\n  }\r\n}"
    headers:
      azure-asyncnotification:
      - Enabled
      azure-asyncoperation:
      - https://management.azure.com/subscriptions/00000000-0000-0000-0000-000000000000/providers/Microsoft.Network/locations/southcentralusstage/operations/123dcc88-8200-4853-a355-921c6a73f482?api-version=2021-05-01
      cache-control:
      - no-cache
      content-length:
      - '781'
      content-type:
      - application/json; charset=utf-8
      date:
      - Wed, 16 Mar 2022 09:04:51 GMT
      expires:
      - '-1'
      pragma:
      - no-cache
      server:
      - Microsoft-HTTPAPI/2.0
      - Microsoft-HTTPAPI/2.0
      strict-transport-security:
      - max-age=31536000; includeSubDomains
      x-content-type-options:
      - nosniff
      x-ms-arm-service-request-id:
      - 51b2fb7a-e0e5-4cef-92d2-f36ef9f61c8d
      x-ms-ratelimit-remaining-subscription-writes:
      - '1199'
    status:
      code: 201
      message: Created
- request:
    body: null
    headers:
      Accept:
      - '*/*'
      Accept-Encoding:
      - gzip, deflate
      CommandName:
      - network vnet create
      Connection:
      - keep-alive
      ParameterSetName:
      - -n -g -l --address-prefix
      User-Agent:
      - AZURECLI/2.34.1 azsdk-python-azure-mgmt-network/19.3.0 Python/3.8.10 (macOS-12.2-x86_64-i386-64bit)
    method: GET
    uri: https://management.azure.com/subscriptions/00000000-0000-0000-0000-000000000000/providers/Microsoft.Network/locations/southcentralusstage/operations/123dcc88-8200-4853-a355-921c6a73f482?api-version=2021-05-01
  response:
    body:
      string: "{\r\n  \"status\": \"Succeeded\"\r\n}"
    headers:
      cache-control:
      - no-cache
      content-length:
      - '29'
      content-type:
      - application/json; charset=utf-8
      date:
      - Wed, 16 Mar 2022 09:04:54 GMT
      expires:
      - '-1'
      pragma:
      - no-cache
      server:
      - Microsoft-HTTPAPI/2.0
      - Microsoft-HTTPAPI/2.0
      strict-transport-security:
      - max-age=31536000; includeSubDomains
      x-content-type-options:
      - nosniff
      x-ms-arm-service-request-id:
      - 36391047-60f7-425b-8407-b07bc587ea7d
    status:
      code: 200
      message: OK
- request:
    body: null
    headers:
      Accept:
      - '*/*'
      Accept-Encoding:
      - gzip, deflate
      CommandName:
      - network vnet create
      Connection:
      - keep-alive
      ParameterSetName:
      - -n -g -l --address-prefix
      User-Agent:
      - AZURECLI/2.34.1 azsdk-python-azure-mgmt-network/19.3.0 Python/3.8.10 (macOS-12.2-x86_64-i386-64bit)
    method: GET
    uri: https://management.azure.com/subscriptions/00000000-0000-0000-0000-000000000000/resourceGroups/cli_netappfiles_test_backup_000001/providers/Microsoft.Network/virtualNetworks/cli-vnet-backup000006?api-version=2021-05-01
  response:
    body:
      string: "{\r\n  \"name\": \"cli-vnet-backup000006\",\r\n  \"id\": \"/subscriptions/00000000-0000-0000-0000-000000000000/resourceGroups/cli_netappfiles_test_backup_000001/providers/Microsoft.Network/virtualNetworks/cli-vnet-backup000006\",\r\n
        \ \"etag\": \"W/\\\"26d85b60-56a2-4a58-a044-ee517db58652\\\"\",\r\n  \"type\":
        \"Microsoft.Network/virtualNetworks\",\r\n  \"location\": \"southcentralusstage\",\r\n
        \ \"tags\": {\r\n    \"CreatedOnDate\": \"2022-03-16T09:04:44.2402931Z\"\r\n
        \ },\r\n  \"properties\": {\r\n    \"provisioningState\": \"Succeeded\",\r\n
        \   \"resourceGuid\": \"640101ce-6683-4d99-a9d6-c8c82eb43a51\",\r\n    \"addressSpace\":
        {\r\n      \"addressPrefixes\": [\r\n        \"10.5.0.0/16\"\r\n      ]\r\n
        \   },\r\n    \"dhcpOptions\": {\r\n      \"dnsServers\": []\r\n    },\r\n
        \   \"subnets\": [],\r\n    \"virtualNetworkPeerings\": [],\r\n    \"enableDdosProtection\":
        false\r\n  }\r\n}"
    headers:
      cache-control:
      - no-cache
      content-length:
      - '782'
      content-type:
      - application/json; charset=utf-8
      date:
      - Wed, 16 Mar 2022 09:04:54 GMT
      etag:
      - W/"26d85b60-56a2-4a58-a044-ee517db58652"
      expires:
      - '-1'
      pragma:
      - no-cache
      server:
      - Microsoft-HTTPAPI/2.0
      - Microsoft-HTTPAPI/2.0
      strict-transport-security:
      - max-age=31536000; includeSubDomains
      x-content-type-options:
      - nosniff
      x-ms-arm-service-request-id:
      - a5eb7799-8a94-438d-b0a3-3711c9bda079
    status:
      code: 200
      message: OK
- request:
    body: null
    headers:
      Accept:
      - application/json
      Accept-Encoding:
      - gzip, deflate
      CommandName:
      - network vnet subnet create
      Connection:
      - keep-alive
      ParameterSetName:
      - -n --vnet-name --address-prefixes --delegations -g
      User-Agent:
      - AZURECLI/2.34.1 azsdk-python-azure-mgmt-network/19.3.0 Python/3.8.10 (macOS-12.2-x86_64-i386-64bit)
    method: GET
    uri: https://management.azure.com/subscriptions/00000000-0000-0000-0000-000000000000/resourceGroups/cli_netappfiles_test_backup_000001/providers/Microsoft.Network/virtualNetworks/cli-vnet-backup000006?api-version=2021-05-01
  response:
    body:
      string: "{\r\n  \"name\": \"cli-vnet-backup000006\",\r\n  \"id\": \"/subscriptions/00000000-0000-0000-0000-000000000000/resourceGroups/cli_netappfiles_test_backup_000001/providers/Microsoft.Network/virtualNetworks/cli-vnet-backup000006\",\r\n
        \ \"etag\": \"W/\\\"26d85b60-56a2-4a58-a044-ee517db58652\\\"\",\r\n  \"type\":
        \"Microsoft.Network/virtualNetworks\",\r\n  \"location\": \"southcentralusstage\",\r\n
        \ \"tags\": {\r\n    \"CreatedOnDate\": \"2022-03-16T09:04:44.2402931Z\"\r\n
        \ },\r\n  \"properties\": {\r\n    \"provisioningState\": \"Succeeded\",\r\n
        \   \"resourceGuid\": \"640101ce-6683-4d99-a9d6-c8c82eb43a51\",\r\n    \"addressSpace\":
        {\r\n      \"addressPrefixes\": [\r\n        \"10.5.0.0/16\"\r\n      ]\r\n
        \   },\r\n    \"dhcpOptions\": {\r\n      \"dnsServers\": []\r\n    },\r\n
        \   \"subnets\": [],\r\n    \"virtualNetworkPeerings\": [],\r\n    \"enableDdosProtection\":
        false\r\n  }\r\n}"
    headers:
      cache-control:
      - no-cache
      content-length:
      - '782'
      content-type:
      - application/json; charset=utf-8
      date:
      - Wed, 16 Mar 2022 09:04:56 GMT
      etag:
      - W/"26d85b60-56a2-4a58-a044-ee517db58652"
      expires:
      - '-1'
      pragma:
      - no-cache
      server:
      - Microsoft-HTTPAPI/2.0
      - Microsoft-HTTPAPI/2.0
      strict-transport-security:
      - max-age=31536000; includeSubDomains
      x-content-type-options:
      - nosniff
      x-ms-arm-service-request-id:
      - 336f6328-fe5e-46e5-8847-bbc8638a743f
    status:
      code: 200
      message: OK
- request:
    body: '{"id": "/subscriptions/00000000-0000-0000-0000-000000000000/resourceGroups/cli_netappfiles_test_backup_000001/providers/Microsoft.Network/virtualNetworks/cli-vnet-backup000006",
      "location": "southcentralusstage", "tags": {"CreatedOnDate": "2022-03-16T09:04:44.2402931Z"},
      "properties": {"addressSpace": {"addressPrefixes": ["10.5.0.0/16"]}, "dhcpOptions":
      {"dnsServers": []}, "subnets": [{"name": "default", "properties": {"addressPrefix":
      "10.5.0.0/24", "delegations": [{"name": "0", "properties": {"serviceName": "Microsoft.Netapp/volumes"}}],
      "privateEndpointNetworkPolicies": "Enabled", "privateLinkServiceNetworkPolicies":
      "Enabled"}}], "virtualNetworkPeerings": [], "enableDdosProtection": false}}'
    headers:
      Accept:
      - application/json
      Accept-Encoding:
      - gzip, deflate
      CommandName:
      - network vnet subnet create
      Connection:
      - keep-alive
      Content-Length:
      - '691'
      Content-Type:
      - application/json
      ParameterSetName:
      - -n --vnet-name --address-prefixes --delegations -g
      User-Agent:
      - AZURECLI/2.34.1 azsdk-python-azure-mgmt-network/19.3.0 Python/3.8.10 (macOS-12.2-x86_64-i386-64bit)
    method: PUT
    uri: https://management.azure.com/subscriptions/00000000-0000-0000-0000-000000000000/resourceGroups/cli_netappfiles_test_backup_000001/providers/Microsoft.Network/virtualNetworks/cli-vnet-backup000006?api-version=2021-05-01
  response:
    body:
      string: "{\r\n  \"name\": \"cli-vnet-backup000006\",\r\n  \"id\": \"/subscriptions/00000000-0000-0000-0000-000000000000/resourceGroups/cli_netappfiles_test_backup_000001/providers/Microsoft.Network/virtualNetworks/cli-vnet-backup000006\",\r\n
        \ \"etag\": \"W/\\\"47a4789e-ed6d-48b8-bc33-72e4d0de7af1\\\"\",\r\n  \"type\":
        \"Microsoft.Network/virtualNetworks\",\r\n  \"location\": \"southcentralusstage\",\r\n
        \ \"tags\": {\r\n    \"CreatedOnDate\": \"2022-03-16T09:04:44.2402931Z\"\r\n
        \ },\r\n  \"properties\": {\r\n    \"provisioningState\": \"Updating\",\r\n
        \   \"resourceGuid\": \"640101ce-6683-4d99-a9d6-c8c82eb43a51\",\r\n    \"addressSpace\":
        {\r\n      \"addressPrefixes\": [\r\n        \"10.5.0.0/16\"\r\n      ]\r\n
        \   },\r\n    \"dhcpOptions\": {\r\n      \"dnsServers\": []\r\n    },\r\n
        \   \"subnets\": [\r\n      {\r\n        \"name\": \"default\",\r\n        \"id\":
        \"/subscriptions/00000000-0000-0000-0000-000000000000/resourceGroups/cli_netappfiles_test_backup_000001/providers/Microsoft.Network/virtualNetworks/cli-vnet-backup000006/subnets/default\",\r\n
        \       \"etag\": \"W/\\\"47a4789e-ed6d-48b8-bc33-72e4d0de7af1\\\"\",\r\n
        \       \"properties\": {\r\n          \"provisioningState\": \"Updating\",\r\n
        \         \"addressPrefix\": \"10.5.0.0/24\",\r\n          \"delegations\":
        [\r\n            {\r\n              \"name\": \"0\",\r\n              \"id\":
        \"/subscriptions/00000000-0000-0000-0000-000000000000/resourceGroups/cli_netappfiles_test_backup_000001/providers/Microsoft.Network/virtualNetworks/cli-vnet-backup000006/subnets/default/delegations/0\",\r\n
        \             \"etag\": \"W/\\\"47a4789e-ed6d-48b8-bc33-72e4d0de7af1\\\"\",\r\n
        \             \"properties\": {\r\n                \"provisioningState\":
        \"Succeeded\",\r\n                \"serviceName\": \"Microsoft.Netapp/volumes\",\r\n
        \               \"actions\": [\r\n                  \"Microsoft.Network/networkinterfaces/*\",\r\n
        \                 \"Microsoft.Network/virtualNetworks/subnets/join/action\"\r\n
        \               ]\r\n              },\r\n              \"type\": \"Microsoft.Network/virtualNetworks/subnets/delegations\"\r\n
        \           }\r\n          ],\r\n          \"purpose\": \"HostedWorkloads\",\r\n
        \         \"privateEndpointNetworkPolicies\": \"Enabled\",\r\n          \"privateLinkServiceNetworkPolicies\":
        \"Enabled\"\r\n        },\r\n        \"type\": \"Microsoft.Network/virtualNetworks/subnets\"\r\n
        \     }\r\n    ],\r\n    \"virtualNetworkPeerings\": [],\r\n    \"enableDdosProtection\":
        false\r\n  }\r\n}"
    headers:
      azure-asyncnotification:
      - Enabled
      azure-asyncoperation:
      - https://management.azure.com/subscriptions/00000000-0000-0000-0000-000000000000/providers/Microsoft.Network/locations/southcentralusstage/operations/9a84c187-b461-4209-8d9d-b90040e0deb3?api-version=2021-05-01
      cache-control:
      - no-cache
      content-length:
      - '2252'
      content-type:
      - application/json; charset=utf-8
      date:
      - Wed, 16 Mar 2022 09:04:58 GMT
      expires:
      - '-1'
      pragma:
      - no-cache
      server:
      - Microsoft-HTTPAPI/2.0
      - Microsoft-HTTPAPI/2.0
      strict-transport-security:
      - max-age=31536000; includeSubDomains
      x-content-type-options:
      - nosniff
      x-ms-arm-service-request-id:
      - 190f8276-28de-4ec4-854a-c2509a4faba6
      x-ms-ratelimit-remaining-subscription-writes:
      - '1199'
    status:
      code: 200
      message: OK
- request:
    body: null
    headers:
      Accept:
      - '*/*'
      Accept-Encoding:
      - gzip, deflate
      CommandName:
      - network vnet subnet create
      Connection:
      - keep-alive
      ParameterSetName:
      - -n --vnet-name --address-prefixes --delegations -g
      User-Agent:
      - AZURECLI/2.34.1 azsdk-python-azure-mgmt-network/19.3.0 Python/3.8.10 (macOS-12.2-x86_64-i386-64bit)
    method: GET
    uri: https://management.azure.com/subscriptions/00000000-0000-0000-0000-000000000000/providers/Microsoft.Network/locations/southcentralusstage/operations/9a84c187-b461-4209-8d9d-b90040e0deb3?api-version=2021-05-01
  response:
    body:
      string: "{\r\n  \"status\": \"Succeeded\"\r\n}"
    headers:
      cache-control:
      - no-cache
      content-length:
      - '29'
      content-type:
      - application/json; charset=utf-8
      date:
      - Wed, 16 Mar 2022 09:05:01 GMT
      expires:
      - '-1'
      pragma:
      - no-cache
      server:
      - Microsoft-HTTPAPI/2.0
      - Microsoft-HTTPAPI/2.0
      strict-transport-security:
      - max-age=31536000; includeSubDomains
      x-content-type-options:
      - nosniff
      x-ms-arm-service-request-id:
      - 00cdd6aa-7e23-4aee-a1c0-4b96e978a21f
    status:
      code: 200
      message: OK
- request:
    body: null
    headers:
      Accept:
      - '*/*'
      Accept-Encoding:
      - gzip, deflate
      CommandName:
      - network vnet subnet create
      Connection:
      - keep-alive
      ParameterSetName:
      - -n --vnet-name --address-prefixes --delegations -g
      User-Agent:
      - AZURECLI/2.34.1 azsdk-python-azure-mgmt-network/19.3.0 Python/3.8.10 (macOS-12.2-x86_64-i386-64bit)
    method: GET
    uri: https://management.azure.com/subscriptions/00000000-0000-0000-0000-000000000000/resourceGroups/cli_netappfiles_test_backup_000001/providers/Microsoft.Network/virtualNetworks/cli-vnet-backup000006?api-version=2021-05-01
  response:
    body:
      string: "{\r\n  \"name\": \"cli-vnet-backup000006\",\r\n  \"id\": \"/subscriptions/00000000-0000-0000-0000-000000000000/resourceGroups/cli_netappfiles_test_backup_000001/providers/Microsoft.Network/virtualNetworks/cli-vnet-backup000006\",\r\n
        \ \"etag\": \"W/\\\"5d019646-d8c1-44dc-9485-c68f19aef989\\\"\",\r\n  \"type\":
        \"Microsoft.Network/virtualNetworks\",\r\n  \"location\": \"southcentralusstage\",\r\n
        \ \"tags\": {\r\n    \"CreatedOnDate\": \"2022-03-16T09:04:44.2402931Z\"\r\n
        \ },\r\n  \"properties\": {\r\n    \"provisioningState\": \"Succeeded\",\r\n
        \   \"resourceGuid\": \"640101ce-6683-4d99-a9d6-c8c82eb43a51\",\r\n    \"addressSpace\":
        {\r\n      \"addressPrefixes\": [\r\n        \"10.5.0.0/16\"\r\n      ]\r\n
        \   },\r\n    \"dhcpOptions\": {\r\n      \"dnsServers\": []\r\n    },\r\n
        \   \"subnets\": [\r\n      {\r\n        \"name\": \"default\",\r\n        \"id\":
        \"/subscriptions/00000000-0000-0000-0000-000000000000/resourceGroups/cli_netappfiles_test_backup_000001/providers/Microsoft.Network/virtualNetworks/cli-vnet-backup000006/subnets/default\",\r\n
        \       \"etag\": \"W/\\\"5d019646-d8c1-44dc-9485-c68f19aef989\\\"\",\r\n
        \       \"properties\": {\r\n          \"provisioningState\": \"Succeeded\",\r\n
        \         \"addressPrefix\": \"10.5.0.0/24\",\r\n          \"delegations\":
        [\r\n            {\r\n              \"name\": \"0\",\r\n              \"id\":
        \"/subscriptions/00000000-0000-0000-0000-000000000000/resourceGroups/cli_netappfiles_test_backup_000001/providers/Microsoft.Network/virtualNetworks/cli-vnet-backup000006/subnets/default/delegations/0\",\r\n
        \             \"etag\": \"W/\\\"5d019646-d8c1-44dc-9485-c68f19aef989\\\"\",\r\n
        \             \"properties\": {\r\n                \"provisioningState\":
        \"Succeeded\",\r\n                \"serviceName\": \"Microsoft.Netapp/volumes\",\r\n
        \               \"actions\": [\r\n                  \"Microsoft.Network/networkinterfaces/*\",\r\n
        \                 \"Microsoft.Network/virtualNetworks/subnets/join/action\"\r\n
        \               ]\r\n              },\r\n              \"type\": \"Microsoft.Network/virtualNetworks/subnets/delegations\"\r\n
        \           }\r\n          ],\r\n          \"purpose\": \"HostedWorkloads\",\r\n
        \         \"privateEndpointNetworkPolicies\": \"Enabled\",\r\n          \"privateLinkServiceNetworkPolicies\":
        \"Enabled\"\r\n        },\r\n        \"type\": \"Microsoft.Network/virtualNetworks/subnets\"\r\n
        \     }\r\n    ],\r\n    \"virtualNetworkPeerings\": [],\r\n    \"enableDdosProtection\":
        false\r\n  }\r\n}"
    headers:
      cache-control:
      - no-cache
      content-length:
      - '2254'
      content-type:
      - application/json; charset=utf-8
      date:
      - Wed, 16 Mar 2022 09:05:01 GMT
      etag:
      - W/"5d019646-d8c1-44dc-9485-c68f19aef989"
      expires:
      - '-1'
      pragma:
      - no-cache
      server:
      - Microsoft-HTTPAPI/2.0
      - Microsoft-HTTPAPI/2.0
      strict-transport-security:
      - max-age=31536000; includeSubDomains
      x-content-type-options:
      - nosniff
      x-ms-arm-service-request-id:
      - 00511cb0-db71-4449-9cd7-1b0d749f0fc2
    status:
      code: 200
      message: OK
- request:
    body: '{"location": "southcentralusstage"}'
    headers:
      Accept:
      - application/json
      Accept-Encoding:
      - gzip, deflate
      CommandName:
      - netappfiles account create
      Connection:
      - keep-alive
      Content-Length:
      - '23'
      Content-Type:
      - application/json
      ParameterSetName:
      - -g -a -l
      User-Agent:
      - AZURECLI/2.34.1 azsdk-python-mgmt-netapp/7.0.0 Python/3.8.10 (macOS-12.2-x86_64-i386-64bit)
    method: PUT
    uri: https://management.azure.com/subscriptions/00000000-0000-0000-0000-000000000000/resourceGroups/cli_netappfiles_test_backup_000001/providers/Microsoft.NetApp/netAppAccounts/cli-acc-000002?api-version=2021-10-01
  response:
    body:
      string: '{"id":"/subscriptions/00000000-0000-0000-0000-000000000000/resourceGroups/cli_netappfiles_test_backup_000001/providers/Microsoft.NetApp/netAppAccounts/cli-acc-000002","name":"cli-acc-000002","type":"Microsoft.NetApp/netAppAccounts","etag":"W/\"datetime''2022-03-16T09%3A05%3A12.0629255Z''\"","location":"southcentralusstage","tags":{"CreatedOnDate":"2022-03-16T09:05:06.9351171Z"},"properties":{"provisioningState":"Creating"}}'
    headers:
      azure-asyncoperation:
      - https://management.azure.com/subscriptions/00000000-0000-0000-0000-000000000000/providers/Microsoft.NetApp/locations/southcentralusstage/operationResults/fdebde5f-6ca2-4434-b108-4ef443ee8705?api-version=2021-10-01
      cache-control:
      - no-cache
      content-length:
      - '413'
      content-type:
      - application/json; charset=utf-8
      date:
      - Wed, 16 Mar 2022 09:05:13 GMT
      etag:
      - W/"datetime'2022-03-16T09%3A05%3A12.0629255Z'"
      expires:
      - '-1'
      pragma:
      - no-cache
      server:
      - Microsoft-IIS/10.0
      strict-transport-security:
      - max-age=31536000; includeSubDomains
      x-content-type-options:
      - nosniff
      x-ms-ratelimit-remaining-subscription-writes:
      - '1199'
      x-powered-by:
      - ASP.NET
    status:
      code: 201
      message: Created
- request:
    body: null
    headers:
      Accept:
      - '*/*'
      Accept-Encoding:
      - gzip, deflate
      CommandName:
      - netappfiles account create
      Connection:
      - keep-alive
      ParameterSetName:
      - -g -a -l
      User-Agent:
      - AZURECLI/2.34.1 azsdk-python-mgmt-netapp/7.0.0 Python/3.8.10 (macOS-12.2-x86_64-i386-64bit)
    method: GET
    uri: https://management.azure.com/subscriptions/00000000-0000-0000-0000-000000000000/providers/Microsoft.NetApp/locations/southcentralusstage/operationResults/fdebde5f-6ca2-4434-b108-4ef443ee8705?api-version=2021-10-01
  response:
    body:
      string: '{"id":"/subscriptions/00000000-0000-0000-0000-000000000000/providers/Microsoft.NetApp/locations/southcentralusstage/operationResults/fdebde5f-6ca2-4434-b108-4ef443ee8705","name":"fdebde5f-6ca2-4434-b108-4ef443ee8705","status":"Succeeded","startTime":"2022-03-16T09:05:12.0673067Z","endTime":"2022-03-16T09:05:12.1022926Z","percentComplete":100.0,"properties":{"resourceName":"/subscriptions/00000000-0000-0000-0000-000000000000/resourceGroups/cli_netappfiles_test_backup_000001/providers/Microsoft.NetApp/netAppAccounts/cli-acc-000002"}}'
    headers:
      cache-control:
      - no-cache
      content-length:
      - '525'
      content-type:
      - application/json; charset=utf-8
      date:
      - Wed, 16 Mar 2022 09:05:43 GMT
      expires:
      - '-1'
      pragma:
      - no-cache
      server:
      - Microsoft-IIS/10.0
      strict-transport-security:
      - max-age=31536000; includeSubDomains
      x-content-type-options:
      - nosniff
      x-powered-by:
      - ASP.NET
    status:
      code: 200
      message: OK
- request:
    body: null
    headers:
      Accept:
      - '*/*'
      Accept-Encoding:
      - gzip, deflate
      CommandName:
      - netappfiles account create
      Connection:
      - keep-alive
      ParameterSetName:
      - -g -a -l
      User-Agent:
      - AZURECLI/2.34.1 azsdk-python-mgmt-netapp/7.0.0 Python/3.8.10 (macOS-12.2-x86_64-i386-64bit)
    method: GET
    uri: https://management.azure.com/subscriptions/00000000-0000-0000-0000-000000000000/resourceGroups/cli_netappfiles_test_backup_000001/providers/Microsoft.NetApp/netAppAccounts/cli-acc-000002?api-version=2021-10-01
  response:
    body:
      string: '{"id":"/subscriptions/00000000-0000-0000-0000-000000000000/resourceGroups/cli_netappfiles_test_backup_000001/providers/Microsoft.NetApp/netAppAccounts/cli-acc-000002","name":"cli-acc-000002","type":"Microsoft.NetApp/netAppAccounts","etag":"W/\"datetime''2022-03-16T09%3A05%3A12.093479Z''\"","location":"southcentralusstage","tags":{"CreatedOnDate":"2022-03-16T09:05:06.9351171Z"},"properties":{"encryption":{"keySource":"Microsoft.NetApp"},"provisioningState":"Succeeded"}}'
    headers:
      cache-control:
      - no-cache
      content-length:
      - '459'
      content-type:
      - application/json; charset=utf-8
      date:
      - Wed, 16 Mar 2022 09:05:44 GMT
      etag:
      - W/"datetime'2022-03-16T09%3A05%3A12.093479Z'"
      expires:
      - '-1'
      pragma:
      - no-cache
      server:
      - Microsoft-IIS/10.0
      strict-transport-security:
      - max-age=31536000; includeSubDomains
      x-content-type-options:
      - nosniff
      x-powered-by:
      - ASP.NET
    status:
      code: 200
      message: OK
- request:
    body: '{"location": "southcentralusstage", "properties": {"size": 4398046511104, "serviceLevel":
      "Premium"}}'
    headers:
      Accept:
      - application/json
      Accept-Encoding:
      - gzip, deflate
      CommandName:
      - netappfiles pool create
      Connection:
      - keep-alive
      Content-Length:
      - '89'
      Content-Type:
      - application/json
      ParameterSetName:
      - -g -a -p -l --service-level --size
      User-Agent:
      - AZURECLI/2.34.1 azsdk-python-mgmt-netapp/7.0.0 Python/3.8.10 (macOS-12.2-x86_64-i386-64bit)
    method: PUT
    uri: https://management.azure.com/subscriptions/00000000-0000-0000-0000-000000000000/resourceGroups/cli_netappfiles_test_backup_000001/providers/Microsoft.NetApp/netAppAccounts/cli-acc-000002/capacityPools/cli-pool-000003?api-version=2021-10-01
  response:
    body:
      string: '{"id":"/subscriptions/00000000-0000-0000-0000-000000000000/resourceGroups/cli_netappfiles_test_backup_000001/providers/Microsoft.NetApp/netAppAccounts/cli-acc-000002/capacityPools/cli-pool-000003","name":"cli-acc-000002/cli-pool-000003","type":"Microsoft.NetApp/netAppAccounts/capacityPools","etag":"W/\"datetime''2022-03-16T09%3A05%3A50.5905003Z''\"","location":"southcentralusstage","tags":{"CreatedOnDate":"2022-03-16T09:05:46.0750608Z"},"properties":{"serviceLevel":"Premium","size":4398046511104,"totalThroughputMibps":0.0,"utilizedThroughputMibps":0.0,"provisioningState":"Creating"}}'
    headers:
      azure-asyncoperation:
      - https://management.azure.com/subscriptions/00000000-0000-0000-0000-000000000000/providers/Microsoft.NetApp/locations/southcentralusstage/operationResults/28e94140-5dd6-4211-b2f6-0d789189ab57?api-version=2021-10-01
      cache-control:
      - no-cache
      content-length:
      - '576'
      content-type:
      - application/json; charset=utf-8
      date:
      - Wed, 16 Mar 2022 09:05:51 GMT
      etag:
      - W/"datetime'2022-03-16T09%3A05%3A50.5905003Z'"
      expires:
      - '-1'
      pragma:
      - no-cache
      server:
      - Microsoft-IIS/10.0
      strict-transport-security:
      - max-age=31536000; includeSubDomains
      x-content-type-options:
      - nosniff
      x-ms-ratelimit-remaining-subscription-writes:
      - '1198'
      x-powered-by:
      - ASP.NET
    status:
      code: 201
      message: Created
- request:
    body: null
    headers:
      Accept:
      - '*/*'
      Accept-Encoding:
      - gzip, deflate
      CommandName:
      - netappfiles pool create
      Connection:
      - keep-alive
      ParameterSetName:
      - -g -a -p -l --service-level --size
      User-Agent:
      - AZURECLI/2.34.1 azsdk-python-mgmt-netapp/7.0.0 Python/3.8.10 (macOS-12.2-x86_64-i386-64bit)
    method: GET
    uri: https://management.azure.com/subscriptions/00000000-0000-0000-0000-000000000000/providers/Microsoft.NetApp/locations/southcentralusstage/operationResults/28e94140-5dd6-4211-b2f6-0d789189ab57?api-version=2021-10-01
  response:
    body:
      string: '{"id":"/subscriptions/00000000-0000-0000-0000-000000000000/providers/Microsoft.NetApp/locations/southcentralusstage/operationResults/28e94140-5dd6-4211-b2f6-0d789189ab57","name":"28e94140-5dd6-4211-b2f6-0d789189ab57","status":"Succeeded","startTime":"2022-03-16T09:05:50.5961726Z","endTime":"2022-03-16T09:05:50.7982989Z","percentComplete":100.0,"properties":{"resourceName":"/subscriptions/00000000-0000-0000-0000-000000000000/resourceGroups/cli_netappfiles_test_backup_000001/providers/Microsoft.NetApp/netAppAccounts/cli-acc-000002/capacityPools/cli-pool-000003"}}'
    headers:
      cache-control:
      - no-cache
      content-length:
      - '555'
      content-type:
      - application/json; charset=utf-8
      date:
      - Wed, 16 Mar 2022 09:06:21 GMT
      expires:
      - '-1'
      pragma:
      - no-cache
      server:
      - Microsoft-IIS/10.0
      strict-transport-security:
      - max-age=31536000; includeSubDomains
      transfer-encoding:
      - chunked
      vary:
      - Accept-Encoding
      x-content-type-options:
      - nosniff
      x-powered-by:
      - ASP.NET
    status:
      code: 200
      message: OK
- request:
    body: null
    headers:
      Accept:
      - '*/*'
      Accept-Encoding:
      - gzip, deflate
      CommandName:
      - netappfiles pool create
      Connection:
      - keep-alive
      ParameterSetName:
      - -g -a -p -l --service-level --size
      User-Agent:
      - AZURECLI/2.34.1 azsdk-python-mgmt-netapp/7.0.0 Python/3.8.10 (macOS-12.2-x86_64-i386-64bit)
    method: GET
    uri: https://management.azure.com/subscriptions/00000000-0000-0000-0000-000000000000/resourceGroups/cli_netappfiles_test_backup_000001/providers/Microsoft.NetApp/netAppAccounts/cli-acc-000002/capacityPools/cli-pool-000003?api-version=2021-10-01
  response:
    body:
      string: '{"id":"/subscriptions/00000000-0000-0000-0000-000000000000/resourceGroups/cli_netappfiles_test_backup_000001/providers/Microsoft.NetApp/netAppAccounts/cli-acc-000002/capacityPools/cli-pool-000003","name":"cli-acc-000002/cli-pool-000003","type":"Microsoft.NetApp/netAppAccounts/capacityPools","etag":"W/\"datetime''2022-03-16T09%3A05%3A50.7874807Z''\"","location":"southcentralusstage","tags":{"CreatedOnDate":"2022-03-16T09:05:46.0750608Z"},"properties":{"poolId":"9a879048-2ba2-3e6b-99a1-629f5f1405d4","serviceLevel":"Premium","size":4398046511104,"qosType":"Auto","totalThroughputMibps":262.144,"utilizedThroughputMibps":0.0,"encryptionType":"Single","coolAccess":false,"provisioningState":"Succeeded"}}'
    headers:
      cache-control:
      - no-cache
      content-length:
      - '691'
      content-type:
      - application/json; charset=utf-8
      date:
      - Wed, 16 Mar 2022 09:06:21 GMT
      etag:
      - W/"datetime'2022-03-16T09%3A05%3A50.7874807Z'"
      expires:
      - '-1'
      pragma:
      - no-cache
      server:
      - Microsoft-IIS/10.0
      strict-transport-security:
      - max-age=31536000; includeSubDomains
      transfer-encoding:
      - chunked
      vary:
      - Accept-Encoding
      x-content-type-options:
      - nosniff
      x-powered-by:
      - ASP.NET
    status:
      code: 200
      message: OK
- request:
    body: '{"location": "southcentralusstage", "properties": {"creationToken": "cli-vol-000004",
      "usageThreshold": 107374182400, "subnetId": "/subscriptions/00000000-0000-0000-0000-000000000000/resourceGroups/cli_netappfiles_test_backup_000001/providers/Microsoft.Network/virtualNetworks/cli-vnet-backup000006/subnets/default",
      "enableSubvolumes": "Disabled"}}'
    headers:
      Accept:
      - application/json
      Accept-Encoding:
      - gzip, deflate
      CommandName:
      - netappfiles volume create
      Connection:
      - keep-alive
      Content-Length:
      - '337'
      Content-Type:
      - application/json
      ParameterSetName:
      - -g -a -p -v -l --vnet --subnet --file-path --usage-threshold
      User-Agent:
      - AZURECLI/2.34.1 azsdk-python-mgmt-netapp/7.0.0 Python/3.8.10 (macOS-12.2-x86_64-i386-64bit)
    method: PUT
    uri: https://management.azure.com/subscriptions/00000000-0000-0000-0000-000000000000/resourceGroups/cli_netappfiles_test_backup_000001/providers/Microsoft.NetApp/netAppAccounts/cli-acc-000002/capacityPools/cli-pool-000003/volumes/cli-vol-000004?api-version=2021-10-01
  response:
    body:
      string: '{"id":"/subscriptions/00000000-0000-0000-0000-000000000000/resourceGroups/cli_netappfiles_test_backup_000001/providers/Microsoft.NetApp/netAppAccounts/cli-acc-000002/capacityPools/cli-pool-000003/volumes/cli-vol-000004","name":"cli-acc-000002/cli-pool-000003/cli-vol-000004","type":"Microsoft.NetApp/netAppAccounts/capacityPools/volumes","etag":"W/\"datetime''2022-03-16T09%3A06%3A28.1562703Z''\"","location":"southcentralusstage","tags":{"CreatedOnDate":"2022-03-16T09:06:24.0629418Z"},"properties":{"creationToken":"cli-vol-000004","usageThreshold":107374182400,"subnetId":"/subscriptions/00000000-0000-0000-0000-000000000000/resourceGroups/cli_netappfiles_test_backup_000001/providers/Microsoft.Network/virtualNetworks/cli-vnet-backup000006/subnets/default","enableSubvolumes":"Disabled","maximumNumberOfFiles":100000000,"provisioningState":"Creating"}}'
    headers:
      azure-asyncoperation:
      - https://management.azure.com/subscriptions/00000000-0000-0000-0000-000000000000/providers/Microsoft.NetApp/locations/southcentralusstage/operationResults/c4c11591-e2d2-404f-8a68-3a823fbf7753?api-version=2021-10-01
      cache-control:
      - no-cache
      content-length:
      - '842'
      content-type:
      - application/json; charset=utf-8
      date:
      - Wed, 16 Mar 2022 09:06:28 GMT
      etag:
      - W/"datetime'2022-03-16T09%3A06%3A28.1562703Z'"
      expires:
      - '-1'
      pragma:
      - no-cache
      server:
      - Microsoft-IIS/10.0
      strict-transport-security:
      - max-age=31536000; includeSubDomains
      x-content-type-options:
      - nosniff
      x-ms-ratelimit-remaining-subscription-writes:
      - '1198'
      x-powered-by:
      - ASP.NET
    status:
      code: 201
      message: Created
- request:
    body: null
    headers:
      Accept:
      - '*/*'
      Accept-Encoding:
      - gzip, deflate
      CommandName:
      - netappfiles volume create
      Connection:
      - keep-alive
      ParameterSetName:
      - -g -a -p -v -l --vnet --subnet --file-path --usage-threshold
      User-Agent:
      - AZURECLI/2.34.1 azsdk-python-mgmt-netapp/7.0.0 Python/3.8.10 (macOS-12.2-x86_64-i386-64bit)
    method: GET
    uri: https://management.azure.com/subscriptions/00000000-0000-0000-0000-000000000000/providers/Microsoft.NetApp/locations/southcentralusstage/operationResults/c4c11591-e2d2-404f-8a68-3a823fbf7753?api-version=2021-10-01
  response:
    body:
      string: '{"id":"/subscriptions/00000000-0000-0000-0000-000000000000/providers/Microsoft.NetApp/locations/southcentralusstage/operationResults/c4c11591-e2d2-404f-8a68-3a823fbf7753","name":"c4c11591-e2d2-404f-8a68-3a823fbf7753","status":"Creating","startTime":"2022-03-16T09:06:28.1609263Z","endTime":"0001-01-01T00:00:00Z","percentComplete":0.0,"properties":{"resourceName":"/subscriptions/00000000-0000-0000-0000-000000000000/resourceGroups/cli_netappfiles_test_backup_000001/providers/Microsoft.NetApp/netAppAccounts/cli-acc-000002/capacityPools/cli-pool-000003/volumes/cli-vol-000004"}}'
    headers:
      cache-control:
      - no-cache
      content-length:
      - '567'
      content-type:
      - application/json; charset=utf-8
      date:
      - Wed, 16 Mar 2022 09:06:59 GMT
      expires:
      - '-1'
      pragma:
      - no-cache
      server:
      - Microsoft-IIS/10.0
      strict-transport-security:
      - max-age=31536000; includeSubDomains
      transfer-encoding:
      - chunked
      vary:
      - Accept-Encoding
      x-content-type-options:
      - nosniff
      x-powered-by:
      - ASP.NET
    status:
      code: 200
      message: OK
- request:
    body: null
    headers:
      Accept:
      - '*/*'
      Accept-Encoding:
      - gzip, deflate
      CommandName:
      - netappfiles volume create
      Connection:
      - keep-alive
      ParameterSetName:
      - -g -a -p -v -l --vnet --subnet --file-path --usage-threshold
      User-Agent:
      - AZURECLI/2.34.1 azsdk-python-mgmt-netapp/7.0.0 Python/3.8.10 (macOS-12.2-x86_64-i386-64bit)
    method: GET
    uri: https://management.azure.com/subscriptions/00000000-0000-0000-0000-000000000000/providers/Microsoft.NetApp/locations/southcentralusstage/operationResults/c4c11591-e2d2-404f-8a68-3a823fbf7753?api-version=2021-10-01
  response:
    body:
      string: '{"id":"/subscriptions/00000000-0000-0000-0000-000000000000/providers/Microsoft.NetApp/locations/southcentralusstage/operationResults/c4c11591-e2d2-404f-8a68-3a823fbf7753","name":"c4c11591-e2d2-404f-8a68-3a823fbf7753","status":"Creating","startTime":"2022-03-16T09:06:28.1609263Z","endTime":"0001-01-01T00:00:00Z","percentComplete":0.0,"properties":{"resourceName":"/subscriptions/00000000-0000-0000-0000-000000000000/resourceGroups/cli_netappfiles_test_backup_000001/providers/Microsoft.NetApp/netAppAccounts/cli-acc-000002/capacityPools/cli-pool-000003/volumes/cli-vol-000004"}}'
    headers:
      cache-control:
      - no-cache
      content-length:
      - '567'
      content-type:
      - application/json; charset=utf-8
      date:
      - Wed, 16 Mar 2022 09:07:29 GMT
      expires:
      - '-1'
      pragma:
      - no-cache
      server:
      - Microsoft-IIS/10.0
      strict-transport-security:
      - max-age=31536000; includeSubDomains
      transfer-encoding:
      - chunked
      vary:
      - Accept-Encoding
      x-content-type-options:
      - nosniff
      x-powered-by:
      - ASP.NET
    status:
      code: 200
      message: OK
- request:
    body: null
    headers:
      Accept:
      - '*/*'
      Accept-Encoding:
      - gzip, deflate
      CommandName:
      - netappfiles volume create
      Connection:
      - keep-alive
      ParameterSetName:
      - -g -a -p -v -l --vnet --subnet --file-path --usage-threshold
      User-Agent:
      - AZURECLI/2.34.1 azsdk-python-mgmt-netapp/7.0.0 Python/3.8.10 (macOS-12.2-x86_64-i386-64bit)
    method: GET
    uri: https://management.azure.com/subscriptions/00000000-0000-0000-0000-000000000000/providers/Microsoft.NetApp/locations/southcentralusstage/operationResults/c4c11591-e2d2-404f-8a68-3a823fbf7753?api-version=2021-10-01
  response:
    body:
      string: '{"id":"/subscriptions/00000000-0000-0000-0000-000000000000/providers/Microsoft.NetApp/locations/southcentralusstage/operationResults/c4c11591-e2d2-404f-8a68-3a823fbf7753","name":"c4c11591-e2d2-404f-8a68-3a823fbf7753","status":"Creating","startTime":"2022-03-16T09:06:28.1609263Z","endTime":"0001-01-01T00:00:00Z","percentComplete":0.0,"properties":{"resourceName":"/subscriptions/00000000-0000-0000-0000-000000000000/resourceGroups/cli_netappfiles_test_backup_000001/providers/Microsoft.NetApp/netAppAccounts/cli-acc-000002/capacityPools/cli-pool-000003/volumes/cli-vol-000004"}}'
    headers:
      cache-control:
      - no-cache
      content-length:
      - '567'
      content-type:
      - application/json; charset=utf-8
      date:
      - Wed, 16 Mar 2022 09:07:59 GMT
      expires:
      - '-1'
      pragma:
      - no-cache
      server:
      - Microsoft-IIS/10.0
      strict-transport-security:
      - max-age=31536000; includeSubDomains
      transfer-encoding:
      - chunked
      vary:
      - Accept-Encoding
      x-content-type-options:
      - nosniff
      x-powered-by:
      - ASP.NET
    status:
      code: 200
      message: OK
- request:
    body: null
    headers:
      Accept:
      - '*/*'
      Accept-Encoding:
      - gzip, deflate
      CommandName:
      - netappfiles volume create
      Connection:
      - keep-alive
      ParameterSetName:
      - -g -a -p -v -l --vnet --subnet --file-path --usage-threshold
      User-Agent:
      - AZURECLI/2.34.1 azsdk-python-mgmt-netapp/7.0.0 Python/3.8.10 (macOS-12.2-x86_64-i386-64bit)
    method: GET
    uri: https://management.azure.com/subscriptions/00000000-0000-0000-0000-000000000000/providers/Microsoft.NetApp/locations/southcentralusstage/operationResults/c4c11591-e2d2-404f-8a68-3a823fbf7753?api-version=2021-10-01
  response:
    body:
      string: '{"id":"/subscriptions/00000000-0000-0000-0000-000000000000/providers/Microsoft.NetApp/locations/southcentralusstage/operationResults/c4c11591-e2d2-404f-8a68-3a823fbf7753","name":"c4c11591-e2d2-404f-8a68-3a823fbf7753","status":"Creating","startTime":"2022-03-16T09:06:28.1609263Z","endTime":"0001-01-01T00:00:00Z","percentComplete":0.0,"properties":{"resourceName":"/subscriptions/00000000-0000-0000-0000-000000000000/resourceGroups/cli_netappfiles_test_backup_000001/providers/Microsoft.NetApp/netAppAccounts/cli-acc-000002/capacityPools/cli-pool-000003/volumes/cli-vol-000004"}}'
    headers:
      cache-control:
      - no-cache
      content-length:
      - '567'
      content-type:
      - application/json; charset=utf-8
      date:
      - Wed, 16 Mar 2022 09:08:29 GMT
      expires:
      - '-1'
      pragma:
      - no-cache
      server:
      - Microsoft-IIS/10.0
      strict-transport-security:
      - max-age=31536000; includeSubDomains
      transfer-encoding:
      - chunked
      vary:
      - Accept-Encoding
      x-content-type-options:
      - nosniff
      x-powered-by:
      - ASP.NET
    status:
      code: 200
      message: OK
- request:
    body: null
    headers:
      Accept:
      - '*/*'
      Accept-Encoding:
      - gzip, deflate
      CommandName:
      - netappfiles volume create
      Connection:
      - keep-alive
      ParameterSetName:
      - -g -a -p -v -l --vnet --subnet --file-path --usage-threshold
      User-Agent:
      - AZURECLI/2.34.1 azsdk-python-mgmt-netapp/7.0.0 Python/3.8.10 (macOS-12.2-x86_64-i386-64bit)
    method: GET
    uri: https://management.azure.com/subscriptions/00000000-0000-0000-0000-000000000000/providers/Microsoft.NetApp/locations/southcentralusstage/operationResults/c4c11591-e2d2-404f-8a68-3a823fbf7753?api-version=2021-10-01
  response:
    body:
      string: '{"id":"/subscriptions/00000000-0000-0000-0000-000000000000/providers/Microsoft.NetApp/locations/southcentralusstage/operationResults/c4c11591-e2d2-404f-8a68-3a823fbf7753","name":"c4c11591-e2d2-404f-8a68-3a823fbf7753","status":"Creating","startTime":"2022-03-16T09:06:28.1609263Z","endTime":"0001-01-01T00:00:00Z","percentComplete":0.0,"properties":{"resourceName":"/subscriptions/00000000-0000-0000-0000-000000000000/resourceGroups/cli_netappfiles_test_backup_000001/providers/Microsoft.NetApp/netAppAccounts/cli-acc-000002/capacityPools/cli-pool-000003/volumes/cli-vol-000004"}}'
    headers:
      cache-control:
      - no-cache
      content-length:
      - '567'
      content-type:
      - application/json; charset=utf-8
      date:
      - Wed, 16 Mar 2022 09:08:59 GMT
      expires:
      - '-1'
      pragma:
      - no-cache
      server:
      - Microsoft-IIS/10.0
      strict-transport-security:
      - max-age=31536000; includeSubDomains
      transfer-encoding:
      - chunked
      vary:
      - Accept-Encoding
      x-content-type-options:
      - nosniff
      x-powered-by:
      - ASP.NET
    status:
      code: 200
      message: OK
- request:
    body: null
    headers:
      Accept:
      - '*/*'
      Accept-Encoding:
      - gzip, deflate
      CommandName:
      - netappfiles volume create
      Connection:
      - keep-alive
      ParameterSetName:
      - -g -a -p -v -l --vnet --subnet --file-path --usage-threshold
      User-Agent:
      - AZURECLI/2.34.1 azsdk-python-mgmt-netapp/7.0.0 Python/3.8.10 (macOS-12.2-x86_64-i386-64bit)
    method: GET
    uri: https://management.azure.com/subscriptions/00000000-0000-0000-0000-000000000000/providers/Microsoft.NetApp/locations/southcentralusstage/operationResults/c4c11591-e2d2-404f-8a68-3a823fbf7753?api-version=2021-10-01
  response:
    body:
      string: '{"id":"/subscriptions/00000000-0000-0000-0000-000000000000/providers/Microsoft.NetApp/locations/southcentralusstage/operationResults/c4c11591-e2d2-404f-8a68-3a823fbf7753","name":"c4c11591-e2d2-404f-8a68-3a823fbf7753","status":"Creating","startTime":"2022-03-16T09:06:28.1609263Z","endTime":"0001-01-01T00:00:00Z","percentComplete":0.0,"properties":{"resourceName":"/subscriptions/00000000-0000-0000-0000-000000000000/resourceGroups/cli_netappfiles_test_backup_000001/providers/Microsoft.NetApp/netAppAccounts/cli-acc-000002/capacityPools/cli-pool-000003/volumes/cli-vol-000004"}}'
    headers:
      cache-control:
      - no-cache
      content-length:
      - '567'
      content-type:
      - application/json; charset=utf-8
      date:
      - Wed, 16 Mar 2022 09:09:30 GMT
      expires:
      - '-1'
      pragma:
      - no-cache
      server:
      - Microsoft-IIS/10.0
      strict-transport-security:
      - max-age=31536000; includeSubDomains
      transfer-encoding:
      - chunked
      vary:
      - Accept-Encoding
      x-content-type-options:
      - nosniff
      x-powered-by:
      - ASP.NET
    status:
      code: 200
      message: OK
- request:
    body: null
    headers:
      Accept:
      - '*/*'
      Accept-Encoding:
      - gzip, deflate
      CommandName:
      - netappfiles volume create
      Connection:
      - keep-alive
      ParameterSetName:
      - -g -a -p -v -l --vnet --subnet --file-path --usage-threshold
      User-Agent:
      - AZURECLI/2.34.1 azsdk-python-mgmt-netapp/7.0.0 Python/3.8.10 (macOS-12.2-x86_64-i386-64bit)
    method: GET
    uri: https://management.azure.com/subscriptions/00000000-0000-0000-0000-000000000000/providers/Microsoft.NetApp/locations/southcentralusstage/operationResults/c4c11591-e2d2-404f-8a68-3a823fbf7753?api-version=2021-10-01
  response:
    body:
      string: '{"id":"/subscriptions/00000000-0000-0000-0000-000000000000/providers/Microsoft.NetApp/locations/southcentralusstage/operationResults/c4c11591-e2d2-404f-8a68-3a823fbf7753","name":"c4c11591-e2d2-404f-8a68-3a823fbf7753","status":"Creating","startTime":"2022-03-16T09:06:28.1609263Z","endTime":"0001-01-01T00:00:00Z","percentComplete":0.0,"properties":{"resourceName":"/subscriptions/00000000-0000-0000-0000-000000000000/resourceGroups/cli_netappfiles_test_backup_000001/providers/Microsoft.NetApp/netAppAccounts/cli-acc-000002/capacityPools/cli-pool-000003/volumes/cli-vol-000004"}}'
    headers:
      cache-control:
      - no-cache
      content-length:
      - '567'
      content-type:
      - application/json; charset=utf-8
      date:
      - Wed, 16 Mar 2022 09:10:00 GMT
      expires:
      - '-1'
      pragma:
      - no-cache
      server:
      - Microsoft-IIS/10.0
      strict-transport-security:
      - max-age=31536000; includeSubDomains
      transfer-encoding:
      - chunked
      vary:
      - Accept-Encoding
      x-content-type-options:
      - nosniff
      x-powered-by:
      - ASP.NET
    status:
      code: 200
      message: OK
- request:
    body: null
    headers:
      Accept:
      - '*/*'
      Accept-Encoding:
      - gzip, deflate
      CommandName:
      - netappfiles volume create
      Connection:
      - keep-alive
      ParameterSetName:
      - -g -a -p -v -l --vnet --subnet --file-path --usage-threshold
      User-Agent:
      - AZURECLI/2.34.1 azsdk-python-mgmt-netapp/7.0.0 Python/3.8.10 (macOS-12.2-x86_64-i386-64bit)
    method: GET
    uri: https://management.azure.com/subscriptions/00000000-0000-0000-0000-000000000000/providers/Microsoft.NetApp/locations/southcentralusstage/operationResults/c4c11591-e2d2-404f-8a68-3a823fbf7753?api-version=2021-10-01
  response:
    body:
      string: '{"id":"/subscriptions/00000000-0000-0000-0000-000000000000/providers/Microsoft.NetApp/locations/southcentralusstage/operationResults/c4c11591-e2d2-404f-8a68-3a823fbf7753","name":"c4c11591-e2d2-404f-8a68-3a823fbf7753","status":"Succeeded","startTime":"2022-03-16T09:06:28.1609263Z","endTime":"2022-03-16T09:10:19.4805835Z","percentComplete":100.0,"properties":{"resourceName":"/subscriptions/00000000-0000-0000-0000-000000000000/resourceGroups/cli_netappfiles_test_backup_000001/providers/Microsoft.NetApp/netAppAccounts/cli-acc-000002/capacityPools/cli-pool-000003/volumes/cli-vol-000004"}}'
    headers:
      cache-control:
      - no-cache
      content-length:
      - '578'
      content-type:
      - application/json; charset=utf-8
      date:
      - Wed, 16 Mar 2022 09:10:31 GMT
      expires:
      - '-1'
      pragma:
      - no-cache
      server:
      - Microsoft-IIS/10.0
      strict-transport-security:
      - max-age=31536000; includeSubDomains
      transfer-encoding:
      - chunked
      vary:
      - Accept-Encoding
      x-content-type-options:
      - nosniff
      x-powered-by:
      - ASP.NET
    status:
      code: 200
      message: OK
- request:
    body: null
    headers:
      Accept:
      - '*/*'
      Accept-Encoding:
      - gzip, deflate
      CommandName:
      - netappfiles volume create
      Connection:
      - keep-alive
      ParameterSetName:
      - -g -a -p -v -l --vnet --subnet --file-path --usage-threshold
      User-Agent:
      - AZURECLI/2.34.1 azsdk-python-mgmt-netapp/7.0.0 Python/3.8.10 (macOS-12.2-x86_64-i386-64bit)
    method: GET
    uri: https://management.azure.com/subscriptions/00000000-0000-0000-0000-000000000000/resourceGroups/cli_netappfiles_test_backup_000001/providers/Microsoft.NetApp/netAppAccounts/cli-acc-000002/capacityPools/cli-pool-000003/volumes/cli-vol-000004?api-version=2021-10-01
  response:
    body:
      string: '{"id":"/subscriptions/00000000-0000-0000-0000-000000000000/resourceGroups/cli_netappfiles_test_backup_000001/providers/Microsoft.NetApp/netAppAccounts/cli-acc-000002/capacityPools/cli-pool-000003/volumes/cli-vol-000004","name":"cli-acc-000002/cli-pool-000003/cli-vol-000004","type":"Microsoft.NetApp/netAppAccounts/capacityPools/volumes","etag":"W/\"datetime''2022-03-16T09%3A10%3A19.4724653Z''\"","location":"southcentralusstage","tags":{"CreatedOnDate":"2022-03-16T09:06:24.0629418Z"},"properties":{"fileSystemId":"4dcb4719-1168-886f-6bc1-701605816697","serviceLevel":"Premium","creationToken":"cli-vol-000004","usageThreshold":107374182400,"exportPolicy":{"rules":[{"ruleIndex":1,"unixReadOnly":false,"unixReadWrite":true,"cifs":false,"nfsv3":true,"nfsv41":false,"allowedClients":"0.0.0.0/0","kerberos5ReadOnly":false,"kerberos5ReadWrite":false,"kerberos5iReadOnly":false,"kerberos5iReadWrite":false,"kerberos5pReadOnly":false,"kerberos5pReadWrite":false,"hasRootAccess":true,"chownMode":"Restricted"}]},"protocolTypes":["NFSv3"],"baremetalTenantId":"baremetalTenant_svm_1a1854d05b8211e99e4a3a8c013b5748_c7af086c","subnetId":"/subscriptions/00000000-0000-0000-0000-000000000000/resourceGroups/cli_netappfiles_test_backup_000001/providers/Microsoft.Network/virtualNetworks/cli-vnet-backup000006/subnets/default","networkFeatures":"Basic","networkSiblingSetId":"8873ecfc-9610-e18f-f9b4-32539067c653","storageToNetworkProximity":"Default","snapshotDirectoryVisible":true,"kerberosEnabled":false,"securityStyle":"Unix","smbEncryption":false,"smbContinuouslyAvailable":false,"encryptionKeySource":"Microsoft.NetApp","ldapEnabled":false,"unixPermissions":"0770","mountTargets":[{"mountTargetId":"4dcb4719-1168-886f-6bc1-701605816697","fileSystemId":"4dcb4719-1168-886f-6bc1-701605816697","ipAddress":"10.5.0.4"}],"throughputMibps":6.4,"volumeSpecName":"generic","coolAccess":false,"avsDataStore":"Disabled","isDefaultQuotaEnabled":false,"defaultUserQuotaInKiBs":0,"defaultGroupQuotaInKiBs":0,"enableSubvolumes":"Disabled","maximumNumberOfFiles":100000000,"provisioningState":"Succeeded"}}'
    headers:
      cache-control:
      - no-cache
      content-length:
      - '2071'
      content-type:
      - application/json; charset=utf-8
      date:
      - Wed, 16 Mar 2022 09:10:32 GMT
      etag:
      - W/"datetime'2022-03-16T09%3A10%3A19.4724653Z'"
      expires:
      - '-1'
      pragma:
      - no-cache
      server:
      - Microsoft-IIS/10.0
      strict-transport-security:
      - max-age=31536000; includeSubDomains
      transfer-encoding:
      - chunked
      vary:
      - Accept-Encoding
      x-content-type-options:
      - nosniff
      x-powered-by:
      - ASP.NET
    status:
      code: 200
      message: OK
- request:
    body: null
    headers:
      Accept:
      - application/json
      Accept-Encoding:
      - gzip, deflate
      CommandName:
      - netappfiles vault list
      Connection:
      - keep-alive
      ParameterSetName:
      - -g -a
      User-Agent:
      - AZURECLI/2.34.1 azsdk-python-mgmt-netapp/7.0.0 Python/3.8.10 (macOS-12.2-x86_64-i386-64bit)
    method: GET
    uri: https://management.azure.com/subscriptions/00000000-0000-0000-0000-000000000000/resourceGroups/cli_netappfiles_test_backup_000001/providers/Microsoft.NetApp/netAppAccounts/cli-acc-000002/vaults?api-version=2021-10-01
  response:
    body:
      string: '{"value":[{"id":"/subscriptions/00000000-0000-0000-0000-000000000000/resourceGroups/cli_netappfiles_test_backup_000001/providers/Microsoft.NetApp/netAppAccounts/cli-acc-000002/vaults/cbsvault","name":"cli-acc-000002/cbsvault","type":"Microsoft.NetApp/netAppAccounts/vaults","properties":{"enabled":true,"vaultId":"5257493b-402a-11eb-8a44-4634d5646699"}}]}'
    headers:
      cache-control:
      - no-cache
      content-length:
      - '355'
      content-type:
      - application/json; charset=utf-8
      date:
      - Wed, 16 Mar 2022 09:10:33 GMT
      expires:
      - '-1'
      pragma:
      - no-cache
      server:
      - Microsoft-IIS/10.0
      strict-transport-security:
      - max-age=31536000; includeSubDomains
      transfer-encoding:
      - chunked
      vary:
      - Accept-Encoding
      x-content-type-options:
      - nosniff
      x-powered-by:
      - ASP.NET
    status:
      code: 200
      message: OK
- request:
    body: null
    headers:
      Accept:
      - application/json
      Accept-Encoding:
      - gzip, deflate
      CommandName:
      - netappfiles volume update
      Connection:
      - keep-alive
      ParameterSetName:
      - -g -a -p -v --vault-id --backup-enabled
      User-Agent:
      - AZURECLI/2.34.1 azsdk-python-mgmt-netapp/7.0.0 Python/3.8.10 (macOS-12.2-x86_64-i386-64bit)
    method: GET
    uri: https://management.azure.com/subscriptions/00000000-0000-0000-0000-000000000000/resourceGroups/cli_netappfiles_test_backup_000001/providers/Microsoft.NetApp/netAppAccounts/cli-acc-000002/capacityPools/cli-pool-000003/volumes/cli-vol-000004?api-version=2021-10-01
  response:
    body:
      string: '{"id":"/subscriptions/00000000-0000-0000-0000-000000000000/resourceGroups/cli_netappfiles_test_backup_000001/providers/Microsoft.NetApp/netAppAccounts/cli-acc-000002/capacityPools/cli-pool-000003/volumes/cli-vol-000004","name":"cli-acc-000002/cli-pool-000003/cli-vol-000004","type":"Microsoft.NetApp/netAppAccounts/capacityPools/volumes","etag":"W/\"datetime''2022-03-16T09%3A10%3A19.4724653Z''\"","location":"southcentralusstage","tags":{"CreatedOnDate":"2022-03-16T09:06:24.0629418Z"},"properties":{"fileSystemId":"4dcb4719-1168-886f-6bc1-701605816697","serviceLevel":"Premium","creationToken":"cli-vol-000004","usageThreshold":107374182400,"exportPolicy":{"rules":[{"ruleIndex":1,"unixReadOnly":false,"unixReadWrite":true,"cifs":false,"nfsv3":true,"nfsv41":false,"allowedClients":"0.0.0.0/0","kerberos5ReadOnly":false,"kerberos5ReadWrite":false,"kerberos5iReadOnly":false,"kerberos5iReadWrite":false,"kerberos5pReadOnly":false,"kerberos5pReadWrite":false,"hasRootAccess":true,"chownMode":"Restricted"}]},"protocolTypes":["NFSv3"],"baremetalTenantId":"baremetalTenant_svm_1a1854d05b8211e99e4a3a8c013b5748_c7af086c","subnetId":"/subscriptions/00000000-0000-0000-0000-000000000000/resourceGroups/cli_netappfiles_test_backup_000001/providers/Microsoft.Network/virtualNetworks/cli-vnet-backup000006/subnets/default","networkFeatures":"Basic","networkSiblingSetId":"8873ecfc-9610-e18f-f9b4-32539067c653","storageToNetworkProximity":"Default","snapshotDirectoryVisible":true,"kerberosEnabled":false,"securityStyle":"Unix","smbEncryption":false,"smbContinuouslyAvailable":false,"encryptionKeySource":"Microsoft.NetApp","ldapEnabled":false,"unixPermissions":"0770","mountTargets":[{"mountTargetId":"4dcb4719-1168-886f-6bc1-701605816697","fileSystemId":"4dcb4719-1168-886f-6bc1-701605816697","ipAddress":"10.5.0.4"}],"throughputMibps":6.4,"volumeSpecName":"generic","coolAccess":false,"avsDataStore":"Disabled","isDefaultQuotaEnabled":false,"defaultUserQuotaInKiBs":0,"defaultGroupQuotaInKiBs":0,"enableSubvolumes":"Disabled","maximumNumberOfFiles":100000000,"provisioningState":"Succeeded"}}'
    headers:
      cache-control:
      - no-cache
      content-length:
      - '2071'
      content-type:
      - application/json; charset=utf-8
      date:
      - Wed, 16 Mar 2022 09:10:33 GMT
      etag:
      - W/"datetime'2022-03-16T09%3A10%3A19.4724653Z'"
      expires:
      - '-1'
      pragma:
      - no-cache
      server:
      - Microsoft-IIS/10.0
      strict-transport-security:
      - max-age=31536000; includeSubDomains
      transfer-encoding:
      - chunked
      vary:
      - Accept-Encoding
      x-content-type-options:
      - nosniff
      x-powered-by:
      - ASP.NET
    status:
      code: 200
      message: OK
- request:
    body: '{"tags": {"CreatedOnDate": "2022-03-16T09:06:24.0629418Z"}, "properties":
      {"serviceLevel": "Premium", "usageThreshold": 107374182400, "throughputMibps":
      0.0, "dataProtection": {"backup": {"policyEnforced": false, "vaultId": "/subscriptions/00000000-0000-0000-0000-000000000000/resourceGroups/cli_netappfiles_test_backup_000001/providers/Microsoft.NetApp/netAppAccounts/cli-acc-000002/vaults/cbsvault",
      "backupEnabled": true}}}}'
    headers:
      Accept:
      - application/json
      Accept-Encoding:
      - gzip, deflate
      CommandName:
      - netappfiles volume update
      Connection:
      - keep-alive
      Content-Length:
      - '427'
      Content-Type:
      - application/json
      ParameterSetName:
      - -g -a -p -v --vault-id --backup-enabled
      User-Agent:
      - AZURECLI/2.34.1 azsdk-python-mgmt-netapp/7.0.0 Python/3.8.10 (macOS-12.2-x86_64-i386-64bit)
    method: PATCH
    uri: https://management.azure.com/subscriptions/00000000-0000-0000-0000-000000000000/resourceGroups/cli_netappfiles_test_backup_000001/providers/Microsoft.NetApp/netAppAccounts/cli-acc-000002/capacityPools/cli-pool-000003/volumes/cli-vol-000004?api-version=2021-10-01
  response:
    body:
      string: '{"id":"/subscriptions/00000000-0000-0000-0000-000000000000/resourceGroups/cli_netappfiles_test_backup_000001/providers/Microsoft.NetApp/netAppAccounts/cli-acc-000002/capacityPools/cli-pool-000003/volumes/cli-vol-000004","name":"cli-acc-000002/cli-pool-000003/cli-vol-000004","type":"Microsoft.NetApp/netAppAccounts/capacityPools/volumes","etag":"W/\"datetime''2022-03-16T09%3A10%3A37.8765453Z''\"","location":"southcentralusstage","tags":{"CreatedOnDate":"2022-03-16T09:06:24.0629418Z"},"properties":{"provisioningState":"Patching","fileSystemId":"4dcb4719-1168-886f-6bc1-701605816697","serviceLevel":"Premium","creationToken":"cli-vol-000004","usageThreshold":107374182400,"exportPolicy":{"rules":[{"ruleIndex":1,"unixReadOnly":false,"unixReadWrite":true,"cifs":false,"nfsv3":true,"nfsv41":false,"allowedClients":"0.0.0.0/0","kerberos5ReadOnly":false,"kerberos5ReadWrite":false,"kerberos5iReadOnly":false,"kerberos5iReadWrite":false,"kerberos5pReadOnly":false,"kerberos5pReadWrite":false,"hasRootAccess":true,"chownMode":"Restricted"}]},"protocolTypes":["NFSv3"],"baremetalTenantId":"baremetalTenant_svm_1a1854d05b8211e99e4a3a8c013b5748_c7af086c","subnetId":"/subscriptions/00000000-0000-0000-0000-000000000000/resourceGroups/cli_netappfiles_test_backup_000001/providers/Microsoft.Network/virtualNetworks/cli-vnet-backup000006/subnets/default","networkFeatures":"Basic","networkSiblingSetId":"8873ecfc-9610-e18f-f9b4-32539067c653","storageToNetworkProximity":"Default","snapshotDirectoryVisible":true,"kerberosEnabled":false,"securityStyle":"Unix","smbEncryption":false,"smbContinuouslyAvailable":false,"encryptionKeySource":"Microsoft.NetApp","ldapEnabled":false,"unixPermissions":"0770","mountTargets":[{"mountTargetId":"4dcb4719-1168-886f-6bc1-701605816697","fileSystemId":"4dcb4719-1168-886f-6bc1-701605816697","ipAddress":"10.5.0.4"}],"throughputMibps":6.4,"volumeSpecName":"generic","coolAccess":false,"avsDataStore":"Disabled","isDefaultQuotaEnabled":false,"defaultUserQuotaInKiBs":0,"defaultGroupQuotaInKiBs":0,"enableSubvolumes":"Disabled","maximumNumberOfFiles":100000000}}'
    headers:
      azure-asyncoperation:
      - https://management.azure.com/subscriptions/00000000-0000-0000-0000-000000000000/providers/Microsoft.NetApp/locations/southcentralusstage/operationResults/6a07c2eb-2a55-47f9-8b62-cf2a37996061?api-version=2021-10-01
      cache-control:
      - no-cache
      content-length:
      - '2070'
      content-type:
      - application/json; charset=utf-8
      date:
      - Wed, 16 Mar 2022 09:10:37 GMT
      etag:
      - W/"datetime'2022-03-16T09%3A10%3A37.8765453Z'"
      expires:
      - '-1'
      location:
      - https://management.azure.com/subscriptions/00000000-0000-0000-0000-000000000000/providers/Microsoft.NetApp/locations/southcentralusstage/operationResults/6a07c2eb-2a55-47f9-8b62-cf2a37996061?api-version=2021-10-01&operationResultResponseType=Location
      pragma:
      - no-cache
      server:
      - Microsoft-IIS/10.0
      strict-transport-security:
      - max-age=31536000; includeSubDomains
      x-content-type-options:
      - nosniff
      x-ms-ratelimit-remaining-subscription-writes:
      - '1199'
      x-powered-by:
      - ASP.NET
    status:
      code: 202
      message: Accepted
- request:
    body: null
    headers:
      Accept:
      - '*/*'
      Accept-Encoding:
      - gzip, deflate
      CommandName:
      - netappfiles volume update
      Connection:
      - keep-alive
      ParameterSetName:
      - -g -a -p -v --vault-id --backup-enabled
      User-Agent:
      - AZURECLI/2.34.1 azsdk-python-mgmt-netapp/7.0.0 Python/3.8.10 (macOS-12.2-x86_64-i386-64bit)
    method: GET
    uri: https://management.azure.com/subscriptions/00000000-0000-0000-0000-000000000000/providers/Microsoft.NetApp/locations/southcentralusstage/operationResults/6a07c2eb-2a55-47f9-8b62-cf2a37996061?api-version=2021-10-01
  response:
    body:
      string: '{"id":"/subscriptions/00000000-0000-0000-0000-000000000000/providers/Microsoft.NetApp/locations/southcentralusstage/operationResults/6a07c2eb-2a55-47f9-8b62-cf2a37996061","name":"6a07c2eb-2a55-47f9-8b62-cf2a37996061","status":"Succeeded","startTime":"2022-03-16T09:10:37.8823621Z","endTime":"2022-03-16T09:10:40.8460023Z","percentComplete":100.0,"properties":{"resourceName":"/subscriptions/00000000-0000-0000-0000-000000000000/resourceGroups/cli_netappfiles_test_backup_000001/providers/Microsoft.NetApp/netAppAccounts/cli-acc-000002/capacityPools/cli-pool-000003/volumes/cli-vol-000004"}}'
    headers:
      cache-control:
      - no-cache
      content-length:
      - '578'
      content-type:
      - application/json; charset=utf-8
      date:
      - Wed, 16 Mar 2022 09:11:08 GMT
      expires:
      - '-1'
      pragma:
      - no-cache
      server:
      - Microsoft-IIS/10.0
      strict-transport-security:
      - max-age=31536000; includeSubDomains
      transfer-encoding:
      - chunked
      vary:
      - Accept-Encoding
      x-content-type-options:
      - nosniff
      x-powered-by:
      - ASP.NET
    status:
      code: 200
      message: OK
- request:
    body: null
    headers:
      Accept:
      - '*/*'
      Accept-Encoding:
      - gzip, deflate
      CommandName:
      - netappfiles volume update
      Connection:
      - keep-alive
      ParameterSetName:
      - -g -a -p -v --vault-id --backup-enabled
      User-Agent:
      - AZURECLI/2.34.1 azsdk-python-mgmt-netapp/7.0.0 Python/3.8.10 (macOS-12.2-x86_64-i386-64bit)
    method: GET
    uri: https://management.azure.com/subscriptions/00000000-0000-0000-0000-000000000000/resourceGroups/cli_netappfiles_test_backup_000001/providers/Microsoft.NetApp/netAppAccounts/cli-acc-000002/capacityPools/cli-pool-000003/volumes/cli-vol-000004?api-version=2021-10-01
  response:
    body:
      string: '{"id":"/subscriptions/00000000-0000-0000-0000-000000000000/resourceGroups/cli_netappfiles_test_backup_000001/providers/Microsoft.NetApp/netAppAccounts/cli-acc-000002/capacityPools/cli-pool-000003/volumes/cli-vol-000004","name":"cli-acc-000002/cli-pool-000003/cli-vol-000004","type":"Microsoft.NetApp/netAppAccounts/capacityPools/volumes","etag":"W/\"datetime''2022-03-16T09%3A10%3A40.8365304Z''\"","location":"southcentralusstage","tags":{"CreatedOnDate":"2022-03-16T09:06:24.0629418Z"},"properties":{"dataProtection":{"backup":{"backupEnabled":true,"policyEnforced":false,"vaultId":"/subscriptions/00000000-0000-0000-0000-000000000000/resourceGroups/cli_netappfiles_test_backup_000001/providers/Microsoft.NetApp/netAppAccounts/cli-acc-000002/vaults/cbsvault"}},"provisioningState":"Succeeded","fileSystemId":"4dcb4719-1168-886f-6bc1-701605816697","serviceLevel":"Premium","creationToken":"cli-vol-000004","usageThreshold":107374182400,"exportPolicy":{"rules":[{"ruleIndex":1,"unixReadOnly":false,"unixReadWrite":true,"cifs":false,"nfsv3":true,"nfsv41":false,"allowedClients":"0.0.0.0/0","kerberos5ReadOnly":false,"kerberos5ReadWrite":false,"kerberos5iReadOnly":false,"kerberos5iReadWrite":false,"kerberos5pReadOnly":false,"kerberos5pReadWrite":false,"hasRootAccess":true,"chownMode":"Restricted"}]},"protocolTypes":["NFSv3"],"baremetalTenantId":"baremetalTenant_svm_1a1854d05b8211e99e4a3a8c013b5748_c7af086c","subnetId":"/subscriptions/00000000-0000-0000-0000-000000000000/resourceGroups/cli_netappfiles_test_backup_000001/providers/Microsoft.Network/virtualNetworks/cli-vnet-backup000006/subnets/default","networkFeatures":"Basic","networkSiblingSetId":"8873ecfc-9610-e18f-f9b4-32539067c653","storageToNetworkProximity":"Default","snapshotDirectoryVisible":true,"kerberosEnabled":false,"securityStyle":"Unix","smbEncryption":false,"smbContinuouslyAvailable":false,"encryptionKeySource":"Microsoft.NetApp","ldapEnabled":false,"unixPermissions":"0770","mountTargets":[{"mountTargetId":"4dcb4719-1168-886f-6bc1-701605816697","fileSystemId":"4dcb4719-1168-886f-6bc1-701605816697","ipAddress":"10.5.0.4"}],"throughputMibps":6.4,"volumeSpecName":"generic","coolAccess":false,"avsDataStore":"Disabled","isDefaultQuotaEnabled":false,"defaultUserQuotaInKiBs":0,"defaultGroupQuotaInKiBs":0,"enableSubvolumes":"Disabled","maximumNumberOfFiles":100000000}}'
    headers:
      cache-control:
      - no-cache
      content-length:
      - '2332'
      content-type:
      - application/json; charset=utf-8
      date:
      - Wed, 16 Mar 2022 09:11:08 GMT
      etag:
      - W/"datetime'2022-03-16T09%3A10%3A40.8365304Z'"
      expires:
      - '-1'
      pragma:
      - no-cache
      server:
      - Microsoft-IIS/10.0
      strict-transport-security:
      - max-age=31536000; includeSubDomains
      transfer-encoding:
      - chunked
      vary:
      - Accept-Encoding
      x-content-type-options:
      - nosniff
      x-powered-by:
      - ASP.NET
    status:
      code: 200
      message: OK
- request:
    body: '{"location": "southcentralusstage"}'
    headers:
      Accept:
      - application/json
      Accept-Encoding:
      - gzip, deflate
      CommandName:
      - netappfiles volume backup create
      Connection:
      - keep-alive
      Content-Length:
      - '23'
      Content-Type:
      - application/json
      ParameterSetName:
      - -g -a -p -v -l --backup-name
      User-Agent:
      - AZURECLI/2.34.1 azsdk-python-mgmt-netapp/7.0.0 Python/3.8.10 (macOS-12.2-x86_64-i386-64bit)
    method: PUT
    uri: https://management.azure.com/subscriptions/00000000-0000-0000-0000-000000000000/resourceGroups/cli_netappfiles_test_backup_000001/providers/Microsoft.NetApp/netAppAccounts/cli-acc-000002/capacityPools/cli-pool-000003/volumes/cli-vol-000004/backups/cli-backup-000005?api-version=2021-10-01
  response:
    body:
      string: '{"id":"/subscriptions/00000000-0000-0000-0000-000000000000/resourceGroups/cli_netappfiles_test_backup_000001/providers/Microsoft.NetApp/netAppAccounts/cli-acc-000002/capacityPools/cli-pool-000003/volumes/cli-vol-000004/backups/cli-backup-000005","name":"cli-acc-000002/cli-pool-000003/cli-vol-000004/cli-backup-000005","type":"Microsoft.NetApp/netAppAccounts/capacityPools/volumes/backups","location":"southcentralusstage","properties":{"provisioningState":"Creating"}}'
    headers:
      azure-asyncoperation:
      - https://management.azure.com/subscriptions/00000000-0000-0000-0000-000000000000/providers/Microsoft.NetApp/locations/southcentralusstage/operationResults/963ad5bd-24f8-4a67-8a27-87691c2dda0d?api-version=2021-10-01
      cache-control:
      - no-cache
      content-length:
      - '457'
      content-type:
      - application/json; charset=utf-8
      date:
      - Wed, 16 Mar 2022 09:11:08 GMT
      expires:
      - '-1'
      location:
      - https://management.azure.com/subscriptions/00000000-0000-0000-0000-000000000000/providers/Microsoft.NetApp/locations/southcentralusstage/operationResults/963ad5bd-24f8-4a67-8a27-87691c2dda0d?api-version=2021-10-01&operationResultResponseType=Location
      pragma:
      - no-cache
      server:
      - Microsoft-IIS/10.0
      strict-transport-security:
      - max-age=31536000; includeSubDomains
      x-content-type-options:
      - nosniff
      x-ms-ratelimit-remaining-subscription-writes:
      - '1199'
      x-powered-by:
      - ASP.NET
    status:
      code: 201
      message: Created
- request:
    body: null
    headers:
      Accept:
      - '*/*'
      Accept-Encoding:
      - gzip, deflate
      CommandName:
      - netappfiles volume backup create
      Connection:
      - keep-alive
      ParameterSetName:
      - -g -a -p -v -l --backup-name
      User-Agent:
      - AZURECLI/2.34.1 azsdk-python-mgmt-netapp/7.0.0 Python/3.8.10 (macOS-12.2-x86_64-i386-64bit)
    method: GET
    uri: https://management.azure.com/subscriptions/00000000-0000-0000-0000-000000000000/providers/Microsoft.NetApp/locations/southcentralusstage/operationResults/963ad5bd-24f8-4a67-8a27-87691c2dda0d?api-version=2021-10-01
  response:
    body:
      string: '{"id":"/subscriptions/00000000-0000-0000-0000-000000000000/providers/Microsoft.NetApp/locations/southcentralusstage/operationResults/963ad5bd-24f8-4a67-8a27-87691c2dda0d","name":"963ad5bd-24f8-4a67-8a27-87691c2dda0d","status":"Succeeded","startTime":"2022-03-16T09:11:09.5577419Z","endTime":"2022-03-16T09:11:09.8712799Z","percentComplete":100.0,"properties":{"resourceName":"/subscriptions/00000000-0000-0000-0000-000000000000/resourceGroups/cli_netappfiles_test_backup_000001/providers/Microsoft.NetApp/netAppAccounts/cli-acc-000002/capacityPools/cli-pool-000003/volumes/cli-vol-000004/backups/cli-backup-000005"}}'
    headers:
      cache-control:
      - no-cache
      content-length:
      - '604'
      content-type:
      - application/json; charset=utf-8
      date:
      - Wed, 16 Mar 2022 09:11:39 GMT
      expires:
      - '-1'
      pragma:
      - no-cache
      server:
      - Microsoft-IIS/10.0
      strict-transport-security:
      - max-age=31536000; includeSubDomains
      transfer-encoding:
      - chunked
      vary:
      - Accept-Encoding
      x-content-type-options:
      - nosniff
      x-powered-by:
      - ASP.NET
    status:
      code: 200
      message: OK
- request:
    body: null
    headers:
      Accept:
      - '*/*'
      Accept-Encoding:
      - gzip, deflate
      CommandName:
      - netappfiles volume backup create
      Connection:
      - keep-alive
      ParameterSetName:
      - -g -a -p -v -l --backup-name
      User-Agent:
      - AZURECLI/2.34.1 azsdk-python-mgmt-netapp/7.0.0 Python/3.8.10 (macOS-12.2-x86_64-i386-64bit)
    method: GET
    uri: https://management.azure.com/subscriptions/00000000-0000-0000-0000-000000000000/resourceGroups/cli_netappfiles_test_backup_000001/providers/Microsoft.NetApp/netAppAccounts/cli-acc-000002/capacityPools/cli-pool-000003/volumes/cli-vol-000004/backups/cli-backup-000005?api-version=2021-10-01
  response:
    body:
      string: '{"id":"/subscriptions/00000000-0000-0000-0000-000000000000/resourceGroups/cli_netappfiles_test_backup_000001/providers/Microsoft.NetApp/netAppAccounts/cli-acc-000002/capacityPools/cli-pool-000003/volumes/cli-vol-000004/backups/cli-backup-000005","name":"cli-acc-000002/cli-pool-000003/cli-vol-000004/cli-backup-000005","type":"Microsoft.NetApp/netAppAccounts/capacityPools/volumes/backups","location":"southcentralusstage","properties":{"creationDate":"2022-03-16T09:11:09Z","backupId":"9d75144b-0b9e-9caf-8171-ee01c76d0b44","size":0,"backupType":"Manual","provisioningState":"Creating","failureReason":"None","volumeName":"cli-vol-000004","useExistingSnapshot":false}}'
    headers:
      cache-control:
      - no-cache
      content-length:
      - '657'
      content-type:
      - application/json; charset=utf-8
      date:
      - Wed, 16 Mar 2022 09:11:39 GMT
      expires:
      - '-1'
      pragma:
      - no-cache
      server:
      - Microsoft-IIS/10.0
      strict-transport-security:
      - max-age=31536000; includeSubDomains
      transfer-encoding:
      - chunked
      vary:
      - Accept-Encoding
      x-content-type-options:
      - nosniff
      x-powered-by:
      - ASP.NET
    status:
      code: 200
      message: OK
- request:
    body: null
    headers:
      Accept:
      - application/json
      Accept-Encoding:
      - gzip, deflate
      CommandName:
      - netappfiles volume backup list
      Connection:
      - keep-alive
      ParameterSetName:
      - -g -a -p -v
      User-Agent:
      - AZURECLI/2.34.1 azsdk-python-mgmt-netapp/7.0.0 Python/3.8.10 (macOS-12.2-x86_64-i386-64bit)
    method: GET
    uri: https://management.azure.com/subscriptions/00000000-0000-0000-0000-000000000000/resourceGroups/cli_netappfiles_test_backup_000001/providers/Microsoft.NetApp/netAppAccounts/cli-acc-000002/capacityPools/cli-pool-000003/volumes/cli-vol-000004/backups?api-version=2021-10-01
  response:
    body:
      string: '{"value":[{"id":"/subscriptions/00000000-0000-0000-0000-000000000000/resourceGroups/cli_netappfiles_test_backup_000001/providers/Microsoft.NetApp/netAppAccounts/cli-acc-000002/capacityPools/cli-pool-000003/volumes/cli-vol-000004/backups/cli-backup-000005","name":"cli-acc-000002/cli-pool-000003/cli-vol-000004/cli-backup-000005","type":"Microsoft.NetApp/netAppAccounts/capacityPools/volumes/backups","location":"southcentralusstage","properties":{"creationDate":"2022-03-16T09:11:09Z","backupId":"9d75144b-0b9e-9caf-8171-ee01c76d0b44","size":0,"backupType":"Manual","provisioningState":"Creating","failureReason":"None","volumeName":"cli-vol-000004","useExistingSnapshot":false}}]}'
    headers:
      cache-control:
      - no-cache
      content-length:
      - '669'
      content-type:
      - application/json; charset=utf-8
      date:
      - Wed, 16 Mar 2022 09:11:40 GMT
      expires:
      - '-1'
      pragma:
      - no-cache
      server:
      - Microsoft-IIS/10.0
      strict-transport-security:
      - max-age=31536000; includeSubDomains
      x-content-type-options:
      - nosniff
      x-powered-by:
      - ASP.NET
    status:
      code: 200
      message: OK
- request:
    body: null
    headers:
      Accept:
      - application/json
      Accept-Encoding:
      - gzip, deflate
      CommandName:
      - netappfiles volume backup show
      Connection:
      - keep-alive
      ParameterSetName:
      - -g -a -p -v -b
      User-Agent:
      - AZURECLI/2.34.1 azsdk-python-mgmt-netapp/7.0.0 Python/3.8.10 (macOS-12.2-x86_64-i386-64bit)
    method: GET
    uri: https://management.azure.com/subscriptions/00000000-0000-0000-0000-000000000000/resourceGroups/cli_netappfiles_test_backup_000001/providers/Microsoft.NetApp/netAppAccounts/cli-acc-000002/capacityPools/cli-pool-000003/volumes/cli-vol-000004/backups/cli-backup-000005?api-version=2021-10-01
  response:
    body:
      string: '{"id":"/subscriptions/00000000-0000-0000-0000-000000000000/resourceGroups/cli_netappfiles_test_backup_000001/providers/Microsoft.NetApp/netAppAccounts/cli-acc-000002/capacityPools/cli-pool-000003/volumes/cli-vol-000004/backups/cli-backup-000005","name":"cli-acc-000002/cli-pool-000003/cli-vol-000004/cli-backup-000005","type":"Microsoft.NetApp/netAppAccounts/capacityPools/volumes/backups","location":"southcentralusstage","properties":{"creationDate":"2022-03-16T09:11:09Z","backupId":"9d75144b-0b9e-9caf-8171-ee01c76d0b44","size":0,"backupType":"Manual","provisioningState":"Creating","failureReason":"None","volumeName":"cli-vol-000004","useExistingSnapshot":false}}'
    headers:
      cache-control:
      - no-cache
      content-length:
      - '657'
      content-type:
      - application/json; charset=utf-8
      date:
      - Wed, 16 Mar 2022 09:11:42 GMT
      expires:
      - '-1'
      pragma:
      - no-cache
      server:
      - Microsoft-IIS/10.0
      strict-transport-security:
      - max-age=31536000; includeSubDomains
      x-content-type-options:
      - nosniff
      x-powered-by:
      - ASP.NET
    status:
      code: 200
      message: OK
- request:
    body: null
    headers:
      Accept:
      - application/json
      Accept-Encoding:
      - gzip, deflate
      CommandName:
      - netappfiles volume backup show
      Connection:
      - keep-alive
      ParameterSetName:
      - -g -a -p -v -b
      User-Agent:
      - AZURECLI/2.34.1 azsdk-python-mgmt-netapp/7.0.0 Python/3.8.10 (macOS-12.2-x86_64-i386-64bit)
    method: GET
    uri: https://management.azure.com/subscriptions/00000000-0000-0000-0000-000000000000/resourceGroups/cli_netappfiles_test_backup_000001/providers/Microsoft.NetApp/netAppAccounts/cli-acc-000002/capacityPools/cli-pool-000003/volumes/cli-vol-000004/backups/cli-backup-000005?api-version=2021-10-01
  response:
    body:
      string: '{"id":"/subscriptions/00000000-0000-0000-0000-000000000000/resourceGroups/cli_netappfiles_test_backup_000001/providers/Microsoft.NetApp/netAppAccounts/cli-acc-000002/capacityPools/cli-pool-000003/volumes/cli-vol-000004/backups/cli-backup-000005","name":"cli-acc-000002/cli-pool-000003/cli-vol-000004/cli-backup-000005","type":"Microsoft.NetApp/netAppAccounts/capacityPools/volumes/backups","location":"southcentralusstage","properties":{"creationDate":"2022-03-16T09:11:09Z","backupId":"9d75144b-0b9e-9caf-8171-ee01c76d0b44","size":0,"backupType":"Manual","provisioningState":"Creating","failureReason":"None","volumeName":"cli-vol-000004","useExistingSnapshot":false}}'
    headers:
      cache-control:
      - no-cache
      content-length:
      - '657'
      content-type:
      - application/json; charset=utf-8
      date:
      - Wed, 16 Mar 2022 09:12:43 GMT
      expires:
      - '-1'
      pragma:
      - no-cache
      server:
      - Microsoft-IIS/10.0
      strict-transport-security:
      - max-age=31536000; includeSubDomains
      x-content-type-options:
      - nosniff
      x-powered-by:
      - ASP.NET
    status:
      code: 200
      message: OK
- request:
    body: null
    headers:
      Accept:
      - application/json
      Accept-Encoding:
      - gzip, deflate
      CommandName:
      - netappfiles volume backup show
      Connection:
      - keep-alive
      ParameterSetName:
      - -g -a -p -v -b
      User-Agent:
      - AZURECLI/2.34.1 azsdk-python-mgmt-netapp/7.0.0 Python/3.8.10 (macOS-12.2-x86_64-i386-64bit)
    method: GET
    uri: https://management.azure.com/subscriptions/00000000-0000-0000-0000-000000000000/resourceGroups/cli_netappfiles_test_backup_000001/providers/Microsoft.NetApp/netAppAccounts/cli-acc-000002/capacityPools/cli-pool-000003/volumes/cli-vol-000004/backups/cli-backup-000005?api-version=2021-10-01
  response:
    body:
      string: '{"id":"/subscriptions/00000000-0000-0000-0000-000000000000/resourceGroups/cli_netappfiles_test_backup_000001/providers/Microsoft.NetApp/netAppAccounts/cli-acc-000002/capacityPools/cli-pool-000003/volumes/cli-vol-000004/backups/cli-backup-000005","name":"cli-acc-000002/cli-pool-000003/cli-vol-000004/cli-backup-000005","type":"Microsoft.NetApp/netAppAccounts/capacityPools/volumes/backups","location":"southcentralusstage","properties":{"creationDate":"2022-03-16T09:11:09Z","backupId":"9d75144b-0b9e-9caf-8171-ee01c76d0b44","size":0,"backupType":"Manual","provisioningState":"Creating","failureReason":"None","volumeName":"cli-vol-000004","useExistingSnapshot":false}}'
    headers:
      cache-control:
      - no-cache
      content-length:
      - '657'
      content-type:
      - application/json; charset=utf-8
      date:
      - Wed, 16 Mar 2022 09:13:44 GMT
      expires:
      - '-1'
      pragma:
      - no-cache
      server:
      - Microsoft-IIS/10.0
      strict-transport-security:
      - max-age=31536000; includeSubDomains
      transfer-encoding:
      - chunked
      vary:
      - Accept-Encoding
      x-content-type-options:
      - nosniff
      x-powered-by:
      - ASP.NET
    status:
      code: 200
      message: OK
- request:
    body: null
    headers:
      Accept:
      - application/json
      Accept-Encoding:
      - gzip, deflate
      CommandName:
      - netappfiles volume backup show
      Connection:
      - keep-alive
      ParameterSetName:
      - -g -a -p -v -b
      User-Agent:
      - AZURECLI/2.34.1 azsdk-python-mgmt-netapp/7.0.0 Python/3.8.10 (macOS-12.2-x86_64-i386-64bit)
    method: GET
    uri: https://management.azure.com/subscriptions/00000000-0000-0000-0000-000000000000/resourceGroups/cli_netappfiles_test_backup_000001/providers/Microsoft.NetApp/netAppAccounts/cli-acc-000002/capacityPools/cli-pool-000003/volumes/cli-vol-000004/backups/cli-backup-000005?api-version=2021-10-01
  response:
    body:
      string: '{"id":"/subscriptions/00000000-0000-0000-0000-000000000000/resourceGroups/cli_netappfiles_test_backup_000001/providers/Microsoft.NetApp/netAppAccounts/cli-acc-000002/capacityPools/cli-pool-000003/volumes/cli-vol-000004/backups/cli-backup-000005","name":"cli-acc-000002/cli-pool-000003/cli-vol-000004/cli-backup-000005","type":"Microsoft.NetApp/netAppAccounts/capacityPools/volumes/backups","location":"southcentralusstage","properties":{"creationDate":"2022-03-16T09:11:12Z","backupId":"9d75144b-0b9e-9caf-8171-ee01c76d0b44","size":323584,"backupType":"Manual","provisioningState":"Succeeded","failureReason":"None","volumeName":"cli-vol-000004","useExistingSnapshot":false}}'
    headers:
      cache-control:
      - no-cache
      content-length:
      - '663'
      content-type:
      - application/json; charset=utf-8
      date:
      - Wed, 16 Mar 2022 09:14:46 GMT
      expires:
      - '-1'
      pragma:
      - no-cache
      server:
      - Microsoft-IIS/10.0
      strict-transport-security:
      - max-age=31536000; includeSubDomains
      transfer-encoding:
      - chunked
      vary:
      - Accept-Encoding
      x-content-type-options:
      - nosniff
      x-powered-by:
      - ASP.NET
    status:
      code: 200
      message: OK
- request:
    body: '{"location": "southcentralusstage"}'
    headers:
      Accept:
      - application/json
      Accept-Encoding:
      - gzip, deflate
      CommandName:
      - netappfiles volume backup create
      Connection:
      - keep-alive
      Content-Length:
      - '23'
      Content-Type:
      - application/json
      ParameterSetName:
      - -g -a -p -v -l --backup-name
      User-Agent:
      - AZURECLI/2.34.1 azsdk-python-mgmt-netapp/7.0.0 Python/3.8.10 (macOS-12.2-x86_64-i386-64bit)
    method: PUT
    uri: https://management.azure.com/subscriptions/00000000-0000-0000-0000-000000000000/resourceGroups/cli_netappfiles_test_backup_000001/providers/Microsoft.NetApp/netAppAccounts/cli-acc-000002/capacityPools/cli-pool-000003/volumes/cli-vol-000004/backups/cli-backup-000007?api-version=2021-10-01
  response:
    body:
      string: '{"id":"/subscriptions/00000000-0000-0000-0000-000000000000/resourceGroups/cli_netappfiles_test_backup_000001/providers/Microsoft.NetApp/netAppAccounts/cli-acc-000002/capacityPools/cli-pool-000003/volumes/cli-vol-000004/backups/cli-backup-000007","name":"cli-acc-000002/cli-pool-000003/cli-vol-000004/cli-backup-000007","type":"Microsoft.NetApp/netAppAccounts/capacityPools/volumes/backups","location":"southcentralusstage","properties":{"provisioningState":"Creating"}}'
    headers:
      azure-asyncoperation:
      - https://management.azure.com/subscriptions/00000000-0000-0000-0000-000000000000/providers/Microsoft.NetApp/locations/southcentralusstage/operationResults/562c109b-3597-4a60-a0b7-32b311e86d62?api-version=2021-10-01
      cache-control:
      - no-cache
      content-length:
      - '457'
      content-type:
      - application/json; charset=utf-8
      date:
      - Wed, 16 Mar 2022 09:14:47 GMT
      expires:
      - '-1'
      location:
      - https://management.azure.com/subscriptions/00000000-0000-0000-0000-000000000000/providers/Microsoft.NetApp/locations/southcentralusstage/operationResults/562c109b-3597-4a60-a0b7-32b311e86d62?api-version=2021-10-01&operationResultResponseType=Location
      pragma:
      - no-cache
      server:
      - Microsoft-IIS/10.0
      strict-transport-security:
      - max-age=31536000; includeSubDomains
      x-content-type-options:
      - nosniff
      x-ms-ratelimit-remaining-subscription-writes:
      - '1199'
      x-powered-by:
      - ASP.NET
    status:
      code: 201
      message: Created
- request:
    body: null
    headers:
      Accept:
      - '*/*'
      Accept-Encoding:
      - gzip, deflate
      CommandName:
      - netappfiles volume backup create
      Connection:
      - keep-alive
      ParameterSetName:
      - -g -a -p -v -l --backup-name
      User-Agent:
      - AZURECLI/2.34.1 azsdk-python-mgmt-netapp/7.0.0 Python/3.8.10 (macOS-12.2-x86_64-i386-64bit)
    method: GET
    uri: https://management.azure.com/subscriptions/00000000-0000-0000-0000-000000000000/providers/Microsoft.NetApp/locations/southcentralusstage/operationResults/562c109b-3597-4a60-a0b7-32b311e86d62?api-version=2021-10-01
  response:
    body:
      string: '{"id":"/subscriptions/00000000-0000-0000-0000-000000000000/providers/Microsoft.NetApp/locations/southcentralusstage/operationResults/562c109b-3597-4a60-a0b7-32b311e86d62","name":"562c109b-3597-4a60-a0b7-32b311e86d62","status":"Succeeded","startTime":"2022-03-16T09:14:48.0933741Z","endTime":"2022-03-16T09:14:49.0159098Z","percentComplete":100.0,"properties":{"resourceName":"/subscriptions/00000000-0000-0000-0000-000000000000/resourceGroups/cli_netappfiles_test_backup_000001/providers/Microsoft.NetApp/netAppAccounts/cli-acc-000002/capacityPools/cli-pool-000003/volumes/cli-vol-000004/backups/cli-backup-000007"}}'
    headers:
      cache-control:
      - no-cache
      content-length:
      - '604'
      content-type:
      - application/json; charset=utf-8
      date:
      - Wed, 16 Mar 2022 09:15:17 GMT
      expires:
      - '-1'
      pragma:
      - no-cache
      server:
      - Microsoft-IIS/10.0
      strict-transport-security:
      - max-age=31536000; includeSubDomains
      transfer-encoding:
      - chunked
      vary:
      - Accept-Encoding
      x-content-type-options:
      - nosniff
      x-powered-by:
      - ASP.NET
    status:
      code: 200
      message: OK
- request:
    body: null
    headers:
      Accept:
      - '*/*'
      Accept-Encoding:
      - gzip, deflate
      CommandName:
      - netappfiles volume backup create
      Connection:
      - keep-alive
      ParameterSetName:
      - -g -a -p -v -l --backup-name
      User-Agent:
      - AZURECLI/2.34.1 azsdk-python-mgmt-netapp/7.0.0 Python/3.8.10 (macOS-12.2-x86_64-i386-64bit)
    method: GET
    uri: https://management.azure.com/subscriptions/00000000-0000-0000-0000-000000000000/resourceGroups/cli_netappfiles_test_backup_000001/providers/Microsoft.NetApp/netAppAccounts/cli-acc-000002/capacityPools/cli-pool-000003/volumes/cli-vol-000004/backups/cli-backup-000007?api-version=2021-10-01
  response:
    body:
      string: '{"id":"/subscriptions/00000000-0000-0000-0000-000000000000/resourceGroups/cli_netappfiles_test_backup_000001/providers/Microsoft.NetApp/netAppAccounts/cli-acc-000002/capacityPools/cli-pool-000003/volumes/cli-vol-000004/backups/cli-backup-000007","name":"cli-acc-000002/cli-pool-000003/cli-vol-000004/cli-backup-000007","type":"Microsoft.NetApp/netAppAccounts/capacityPools/volumes/backups","location":"southcentralusstage","properties":{"creationDate":"2022-03-16T09:14:48Z","backupId":"88bec0d7-3bf2-2961-1460-06e252c22ab7","size":0,"backupType":"Manual","provisioningState":"Creating","failureReason":"None","volumeName":"cli-vol-000004","useExistingSnapshot":false}}'
    headers:
      cache-control:
      - no-cache
      content-length:
      - '657'
      content-type:
      - application/json; charset=utf-8
      date:
      - Wed, 16 Mar 2022 09:15:18 GMT
      expires:
      - '-1'
      pragma:
      - no-cache
      server:
      - Microsoft-IIS/10.0
      strict-transport-security:
      - max-age=31536000; includeSubDomains
      transfer-encoding:
      - chunked
      vary:
      - Accept-Encoding
      x-content-type-options:
      - nosniff
      x-powered-by:
      - ASP.NET
    status:
      code: 200
      message: OK
- request:
    body: null
    headers:
      Accept:
      - application/json
      Accept-Encoding:
      - gzip, deflate
      CommandName:
      - netappfiles volume backup list
      Connection:
      - keep-alive
      ParameterSetName:
      - -g -a -p -v
      User-Agent:
      - AZURECLI/2.34.1 azsdk-python-mgmt-netapp/7.0.0 Python/3.8.10 (macOS-12.2-x86_64-i386-64bit)
    method: GET
    uri: https://management.azure.com/subscriptions/00000000-0000-0000-0000-000000000000/resourceGroups/cli_netappfiles_test_backup_000001/providers/Microsoft.NetApp/netAppAccounts/cli-acc-000002/capacityPools/cli-pool-000003/volumes/cli-vol-000004/backups?api-version=2021-10-01
  response:
    body:
      string: '{"value":[{"id":"/subscriptions/00000000-0000-0000-0000-000000000000/resourceGroups/cli_netappfiles_test_backup_000001/providers/Microsoft.NetApp/netAppAccounts/cli-acc-000002/capacityPools/cli-pool-000003/volumes/cli-vol-000004/backups/cli-backup-000005","name":"cli-acc-000002/cli-pool-000003/cli-vol-000004/cli-backup-000005","type":"Microsoft.NetApp/netAppAccounts/capacityPools/volumes/backups","location":"southcentralusstage","properties":{"creationDate":"2022-03-16T09:11:12Z","backupId":"9d75144b-0b9e-9caf-8171-ee01c76d0b44","size":323584,"backupType":"Manual","provisioningState":"Succeeded","failureReason":"None","volumeName":"cli-vol-000004","useExistingSnapshot":false}},{"id":"/subscriptions/00000000-0000-0000-0000-000000000000/resourceGroups/cli_netappfiles_test_backup_000001/providers/Microsoft.NetApp/netAppAccounts/cli-acc-000002/capacityPools/cli-pool-000003/volumes/cli-vol-000004/backups/cli-backup-000007","name":"cli-acc-000002/cli-pool-000003/cli-vol-000004/cli-backup-000007","type":"Microsoft.NetApp/netAppAccounts/capacityPools/volumes/backups","location":"southcentralusstage","properties":{"creationDate":"2022-03-16T09:14:48Z","backupId":"88bec0d7-3bf2-2961-1460-06e252c22ab7","size":0,"backupType":"Manual","provisioningState":"Creating","failureReason":"None","volumeName":"cli-vol-000004","useExistingSnapshot":false}}]}'
    headers:
      cache-control:
      - no-cache
      content-length:
      - '1333'
      content-type:
      - application/json; charset=utf-8
      date:
      - Wed, 16 Mar 2022 09:15:19 GMT
      expires:
      - '-1'
      pragma:
      - no-cache
      server:
      - Microsoft-IIS/10.0
      strict-transport-security:
      - max-age=31536000; includeSubDomains
      transfer-encoding:
      - chunked
      vary:
      - Accept-Encoding
      x-content-type-options:
      - nosniff
      x-powered-by:
      - ASP.NET
    status:
      code: 200
      message: OK
- request:
    body: null
    headers:
      Accept:
      - application/json
      Accept-Encoding:
      - gzip, deflate
      CommandName:
      - netappfiles volume backup show
      Connection:
      - keep-alive
      ParameterSetName:
      - -g -a -p -v -b
      User-Agent:
      - AZURECLI/2.34.1 azsdk-python-mgmt-netapp/7.0.0 Python/3.8.10 (macOS-12.2-x86_64-i386-64bit)
    method: GET
    uri: https://management.azure.com/subscriptions/00000000-0000-0000-0000-000000000000/resourceGroups/cli_netappfiles_test_backup_000001/providers/Microsoft.NetApp/netAppAccounts/cli-acc-000002/capacityPools/cli-pool-000003/volumes/cli-vol-000004/backups/cli-backup-000007?api-version=2021-10-01
  response:
    body:
      string: '{"id":"/subscriptions/00000000-0000-0000-0000-000000000000/resourceGroups/cli_netappfiles_test_backup_000001/providers/Microsoft.NetApp/netAppAccounts/cli-acc-000002/capacityPools/cli-pool-000003/volumes/cli-vol-000004/backups/cli-backup-000007","name":"cli-acc-000002/cli-pool-000003/cli-vol-000004/cli-backup-000007","type":"Microsoft.NetApp/netAppAccounts/capacityPools/volumes/backups","location":"southcentralusstage","properties":{"creationDate":"2022-03-16T09:14:48Z","backupId":"88bec0d7-3bf2-2961-1460-06e252c22ab7","size":0,"backupType":"Manual","provisioningState":"Creating","failureReason":"None","volumeName":"cli-vol-000004","useExistingSnapshot":false}}'
    headers:
      cache-control:
      - no-cache
      content-length:
      - '657'
      content-type:
      - application/json; charset=utf-8
      date:
      - Wed, 16 Mar 2022 09:15:20 GMT
      expires:
      - '-1'
      pragma:
      - no-cache
      server:
      - Microsoft-IIS/10.0
      strict-transport-security:
      - max-age=31536000; includeSubDomains
      transfer-encoding:
      - chunked
      vary:
      - Accept-Encoding
      x-content-type-options:
      - nosniff
      x-powered-by:
      - ASP.NET
    status:
      code: 200
      message: OK
- request:
    body: null
    headers:
      Accept:
      - application/json
      Accept-Encoding:
      - gzip, deflate
      CommandName:
      - netappfiles volume backup show
      Connection:
      - keep-alive
      ParameterSetName:
      - -g -a -p -v -b
      User-Agent:
      - AZURECLI/2.34.1 azsdk-python-mgmt-netapp/7.0.0 Python/3.8.10 (macOS-12.2-x86_64-i386-64bit)
    method: GET
    uri: https://management.azure.com/subscriptions/00000000-0000-0000-0000-000000000000/resourceGroups/cli_netappfiles_test_backup_000001/providers/Microsoft.NetApp/netAppAccounts/cli-acc-000002/capacityPools/cli-pool-000003/volumes/cli-vol-000004/backups/cli-backup-000007?api-version=2021-10-01
  response:
    body:
      string: '{"id":"/subscriptions/00000000-0000-0000-0000-000000000000/resourceGroups/cli_netappfiles_test_backup_000001/providers/Microsoft.NetApp/netAppAccounts/cli-acc-000002/capacityPools/cli-pool-000003/volumes/cli-vol-000004/backups/cli-backup-000007","name":"cli-acc-000002/cli-pool-000003/cli-vol-000004/cli-backup-000007","type":"Microsoft.NetApp/netAppAccounts/capacityPools/volumes/backups","location":"southcentralusstage","properties":{"creationDate":"2022-03-16T09:14:48Z","backupId":"88bec0d7-3bf2-2961-1460-06e252c22ab7","size":0,"backupType":"Manual","provisioningState":"Creating","failureReason":"None","volumeName":"cli-vol-000004","useExistingSnapshot":false}}'
    headers:
      cache-control:
      - no-cache
      content-length:
      - '657'
      content-type:
      - application/json; charset=utf-8
      date:
      - Wed, 16 Mar 2022 09:16:22 GMT
      expires:
      - '-1'
      pragma:
      - no-cache
      server:
      - Microsoft-IIS/10.0
      strict-transport-security:
      - max-age=31536000; includeSubDomains
      x-content-type-options:
      - nosniff
      x-powered-by:
      - ASP.NET
    status:
      code: 200
      message: OK
- request:
    body: null
    headers:
      Accept:
      - application/json
      Accept-Encoding:
      - gzip, deflate
      CommandName:
      - netappfiles volume backup show
      Connection:
      - keep-alive
      ParameterSetName:
      - -g -a -p -v -b
      User-Agent:
      - AZURECLI/2.34.1 azsdk-python-mgmt-netapp/7.0.0 Python/3.8.10 (macOS-12.2-x86_64-i386-64bit)
    method: GET
    uri: https://management.azure.com/subscriptions/00000000-0000-0000-0000-000000000000/resourceGroups/cli_netappfiles_test_backup_000001/providers/Microsoft.NetApp/netAppAccounts/cli-acc-000002/capacityPools/cli-pool-000003/volumes/cli-vol-000004/backups/cli-backup-000007?api-version=2021-10-01
  response:
    body:
      string: '{"id":"/subscriptions/00000000-0000-0000-0000-000000000000/resourceGroups/cli_netappfiles_test_backup_000001/providers/Microsoft.NetApp/netAppAccounts/cli-acc-000002/capacityPools/cli-pool-000003/volumes/cli-vol-000004/backups/cli-backup-000007","name":"cli-acc-000002/cli-pool-000003/cli-vol-000004/cli-backup-000007","type":"Microsoft.NetApp/netAppAccounts/capacityPools/volumes/backups","location":"southcentralusstage","properties":{"creationDate":"2022-03-16T09:14:48Z","backupId":"88bec0d7-3bf2-2961-1460-06e252c22ab7","size":0,"backupType":"Manual","provisioningState":"Creating","failureReason":"None","volumeName":"cli-vol-000004","useExistingSnapshot":false}}'
    headers:
      cache-control:
      - no-cache
      content-length:
      - '657'
      content-type:
      - application/json; charset=utf-8
      date:
      - Wed, 16 Mar 2022 09:17:22 GMT
      expires:
      - '-1'
      pragma:
      - no-cache
      server:
      - Microsoft-IIS/10.0
      strict-transport-security:
      - max-age=31536000; includeSubDomains
      transfer-encoding:
      - chunked
      vary:
      - Accept-Encoding
      x-content-type-options:
      - nosniff
      x-powered-by:
      - ASP.NET
    status:
      code: 200
      message: OK
- request:
    body: null
    headers:
      Accept:
      - application/json
      Accept-Encoding:
      - gzip, deflate
      CommandName:
      - netappfiles volume backup show
      Connection:
      - keep-alive
      ParameterSetName:
      - -g -a -p -v -b
      User-Agent:
      - AZURECLI/2.34.1 azsdk-python-mgmt-netapp/7.0.0 Python/3.8.10 (macOS-12.2-x86_64-i386-64bit)
    method: GET
    uri: https://management.azure.com/subscriptions/00000000-0000-0000-0000-000000000000/resourceGroups/cli_netappfiles_test_backup_000001/providers/Microsoft.NetApp/netAppAccounts/cli-acc-000002/capacityPools/cli-pool-000003/volumes/cli-vol-000004/backups/cli-backup-000007?api-version=2021-10-01
  response:
    body:
      string: '{"id":"/subscriptions/00000000-0000-0000-0000-000000000000/resourceGroups/cli_netappfiles_test_backup_000001/providers/Microsoft.NetApp/netAppAccounts/cli-acc-000002/capacityPools/cli-pool-000003/volumes/cli-vol-000004/backups/cli-backup-000007","name":"cli-acc-000002/cli-pool-000003/cli-vol-000004/cli-backup-000007","type":"Microsoft.NetApp/netAppAccounts/capacityPools/volumes/backups","location":"southcentralusstage","properties":{"creationDate":"2022-03-16T09:14:48Z","backupId":"88bec0d7-3bf2-2961-1460-06e252c22ab7","size":0,"backupType":"Manual","provisioningState":"Creating","failureReason":"None","volumeName":"cli-vol-000004","useExistingSnapshot":false}}'
    headers:
      cache-control:
      - no-cache
      content-length:
      - '657'
      content-type:
      - application/json; charset=utf-8
      date:
      - Wed, 16 Mar 2022 09:18:23 GMT
      expires:
      - '-1'
      pragma:
      - no-cache
      server:
      - Microsoft-IIS/10.0
      strict-transport-security:
      - max-age=31536000; includeSubDomains
      transfer-encoding:
      - chunked
      vary:
      - Accept-Encoding
      x-content-type-options:
      - nosniff
      x-powered-by:
      - ASP.NET
    status:
      code: 200
      message: OK
- request:
    body: null
    headers:
      Accept:
      - application/json
      Accept-Encoding:
      - gzip, deflate
      CommandName:
      - netappfiles volume backup show
      Connection:
      - keep-alive
      ParameterSetName:
      - -g -a -p -v -b
      User-Agent:
      - AZURECLI/2.34.1 azsdk-python-mgmt-netapp/7.0.0 Python/3.8.10 (macOS-12.2-x86_64-i386-64bit)
    method: GET
    uri: https://management.azure.com/subscriptions/00000000-0000-0000-0000-000000000000/resourceGroups/cli_netappfiles_test_backup_000001/providers/Microsoft.NetApp/netAppAccounts/cli-acc-000002/capacityPools/cli-pool-000003/volumes/cli-vol-000004/backups/cli-backup-000007?api-version=2021-10-01
  response:
    body:
      string: '{"id":"/subscriptions/00000000-0000-0000-0000-000000000000/resourceGroups/cli_netappfiles_test_backup_000001/providers/Microsoft.NetApp/netAppAccounts/cli-acc-000002/capacityPools/cli-pool-000003/volumes/cli-vol-000004/backups/cli-backup-000007","name":"cli-acc-000002/cli-pool-000003/cli-vol-000004/cli-backup-000007","type":"Microsoft.NetApp/netAppAccounts/capacityPools/volumes/backups","location":"southcentralusstage","properties":{"creationDate":"2022-03-16T09:14:48Z","backupId":"88bec0d7-3bf2-2961-1460-06e252c22ab7","size":0,"backupType":"Manual","provisioningState":"Creating","failureReason":"None","volumeName":"cli-vol-000004","useExistingSnapshot":false}}'
    headers:
      cache-control:
      - no-cache
      content-length:
      - '657'
      content-type:
      - application/json; charset=utf-8
      date:
      - Wed, 16 Mar 2022 09:19:25 GMT
      expires:
      - '-1'
      pragma:
      - no-cache
      server:
      - Microsoft-IIS/10.0
      strict-transport-security:
      - max-age=31536000; includeSubDomains
      transfer-encoding:
      - chunked
      vary:
      - Accept-Encoding
      x-content-type-options:
      - nosniff
      x-powered-by:
      - ASP.NET
    status:
      code: 200
      message: OK
- request:
    body: null
    headers:
      Accept:
      - application/json
      Accept-Encoding:
      - gzip, deflate
      CommandName:
      - netappfiles volume backup show
      Connection:
      - keep-alive
      ParameterSetName:
      - -g -a -p -v -b
      User-Agent:
      - AZURECLI/2.34.1 azsdk-python-mgmt-netapp/7.0.0 Python/3.8.10 (macOS-12.2-x86_64-i386-64bit)
    method: GET
    uri: https://management.azure.com/subscriptions/00000000-0000-0000-0000-000000000000/resourceGroups/cli_netappfiles_test_backup_000001/providers/Microsoft.NetApp/netAppAccounts/cli-acc-000002/capacityPools/cli-pool-000003/volumes/cli-vol-000004/backups/cli-backup-000007?api-version=2021-10-01
  response:
    body:
      string: '{"id":"/subscriptions/00000000-0000-0000-0000-000000000000/resourceGroups/cli_netappfiles_test_backup_000001/providers/Microsoft.NetApp/netAppAccounts/cli-acc-000002/capacityPools/cli-pool-000003/volumes/cli-vol-000004/backups/cli-backup-000007","name":"cli-acc-000002/cli-pool-000003/cli-vol-000004/cli-backup-000007","type":"Microsoft.NetApp/netAppAccounts/capacityPools/volumes/backups","location":"southcentralusstage","properties":{"creationDate":"2022-03-16T09:14:51Z","backupId":"88bec0d7-3bf2-2961-1460-06e252c22ab7","size":331776,"backupType":"Manual","provisioningState":"Succeeded","failureReason":"None","volumeName":"cli-vol-000004","useExistingSnapshot":false}}'
    headers:
      cache-control:
      - no-cache
      content-length:
      - '663'
      content-type:
      - application/json; charset=utf-8
      date:
      - Wed, 16 Mar 2022 09:20:28 GMT
      expires:
      - '-1'
      pragma:
      - no-cache
      server:
      - Microsoft-IIS/10.0
      strict-transport-security:
      - max-age=31536000; includeSubDomains
      transfer-encoding:
      - chunked
      vary:
      - Accept-Encoding
      x-content-type-options:
      - nosniff
      x-powered-by:
      - ASP.NET
    status:
      code: 200
      message: OK
- request:
    body: null
    headers:
      Accept:
      - application/json
      Accept-Encoding:
      - gzip, deflate
      CommandName:
      - netappfiles vault list
      Connection:
      - keep-alive
      ParameterSetName:
      - -g -a
      User-Agent:
      - AZURECLI/2.34.1 azsdk-python-mgmt-netapp/7.0.0 Python/3.8.10 (macOS-12.2-x86_64-i386-64bit)
    method: GET
    uri: https://management.azure.com/subscriptions/00000000-0000-0000-0000-000000000000/resourceGroups/cli_netappfiles_test_backup_000001/providers/Microsoft.NetApp/netAppAccounts/cli-acc-000002/vaults?api-version=2021-10-01
  response:
    body:
      string: '{"value":[{"id":"/subscriptions/00000000-0000-0000-0000-000000000000/resourceGroups/cli_netappfiles_test_backup_000001/providers/Microsoft.NetApp/netAppAccounts/cli-acc-000002/vaults/cbsvault","name":"cli-acc-000002/cbsvault","type":"Microsoft.NetApp/netAppAccounts/vaults","properties":{"enabled":true,"vaultId":"5257493b-402a-11eb-8a44-4634d5646699"}}]}'
    headers:
      cache-control:
      - no-cache
      content-length:
      - '355'
      content-type:
      - application/json; charset=utf-8
      date:
      - Wed, 16 Mar 2022 09:20:29 GMT
      expires:
      - '-1'
      pragma:
      - no-cache
      server:
      - Microsoft-IIS/10.0
      strict-transport-security:
      - max-age=31536000; includeSubDomains
      transfer-encoding:
      - chunked
      vary:
      - Accept-Encoding
      x-content-type-options:
      - nosniff
      x-powered-by:
      - ASP.NET
    status:
      code: 200
      message: OK
- request:
    body: null
    headers:
      Accept:
      - application/json
      Accept-Encoding:
      - gzip, deflate
      CommandName:
      - netappfiles volume update
      Connection:
      - keep-alive
      ParameterSetName:
      - -g -a -p -v --vault-id --backup-enabled
      User-Agent:
      - AZURECLI/2.34.1 azsdk-python-mgmt-netapp/7.0.0 Python/3.8.10 (macOS-12.2-x86_64-i386-64bit)
    method: GET
    uri: https://management.azure.com/subscriptions/00000000-0000-0000-0000-000000000000/resourceGroups/cli_netappfiles_test_backup_000001/providers/Microsoft.NetApp/netAppAccounts/cli-acc-000002/capacityPools/cli-pool-000003/volumes/cli-vol-000004?api-version=2021-10-01
  response:
    body:
      string: '{"id":"/subscriptions/00000000-0000-0000-0000-000000000000/resourceGroups/cli_netappfiles_test_backup_000001/providers/Microsoft.NetApp/netAppAccounts/cli-acc-000002/capacityPools/cli-pool-000003/volumes/cli-vol-000004","name":"cli-acc-000002/cli-pool-000003/cli-vol-000004","type":"Microsoft.NetApp/netAppAccounts/capacityPools/volumes","etag":"W/\"datetime''2022-03-16T09%3A10%3A40.8365304Z''\"","location":"southcentralusstage","tags":{"CreatedOnDate":"2022-03-16T09:06:24.0629418Z"},"properties":{"dataProtection":{"backup":{"backupEnabled":true,"policyEnforced":false,"vaultId":"/subscriptions/00000000-0000-0000-0000-000000000000/resourceGroups/cli_netappfiles_test_backup_000001/providers/Microsoft.NetApp/netAppAccounts/cli-acc-000002/vaults/cbsvault"}},"provisioningState":"Succeeded","fileSystemId":"4dcb4719-1168-886f-6bc1-701605816697","serviceLevel":"Premium","creationToken":"cli-vol-000004","usageThreshold":107374182400,"exportPolicy":{"rules":[{"ruleIndex":1,"unixReadOnly":false,"unixReadWrite":true,"cifs":false,"nfsv3":true,"nfsv41":false,"allowedClients":"0.0.0.0/0","kerberos5ReadOnly":false,"kerberos5ReadWrite":false,"kerberos5iReadOnly":false,"kerberos5iReadWrite":false,"kerberos5pReadOnly":false,"kerberos5pReadWrite":false,"hasRootAccess":true,"chownMode":"Restricted"}]},"protocolTypes":["NFSv3"],"baremetalTenantId":"baremetalTenant_svm_1a1854d05b8211e99e4a3a8c013b5748_c7af086c","subnetId":"/subscriptions/00000000-0000-0000-0000-000000000000/resourceGroups/cli_netappfiles_test_backup_000001/providers/Microsoft.Network/virtualNetworks/cli-vnet-backup000006/subnets/default","networkFeatures":"Basic","networkSiblingSetId":"8873ecfc-9610-e18f-f9b4-32539067c653","storageToNetworkProximity":"Default","snapshotDirectoryVisible":true,"kerberosEnabled":false,"securityStyle":"Unix","smbEncryption":false,"smbContinuouslyAvailable":false,"encryptionKeySource":"Microsoft.NetApp","ldapEnabled":false,"unixPermissions":"0770","mountTargets":[{"mountTargetId":"4dcb4719-1168-886f-6bc1-701605816697","fileSystemId":"4dcb4719-1168-886f-6bc1-701605816697","ipAddress":"10.5.0.4"}],"throughputMibps":6.4,"volumeSpecName":"generic","coolAccess":false,"avsDataStore":"Disabled","isDefaultQuotaEnabled":false,"defaultUserQuotaInKiBs":0,"defaultGroupQuotaInKiBs":0,"enableSubvolumes":"Disabled","maximumNumberOfFiles":100000000}}'
    headers:
      cache-control:
      - no-cache
      content-length:
      - '2332'
      content-type:
      - application/json; charset=utf-8
      date:
      - Wed, 16 Mar 2022 09:20:30 GMT
      etag:
      - W/"datetime'2022-03-16T09%3A10%3A40.8365304Z'"
      expires:
      - '-1'
      pragma:
      - no-cache
      server:
      - Microsoft-IIS/10.0
      strict-transport-security:
      - max-age=31536000; includeSubDomains
      transfer-encoding:
      - chunked
      vary:
      - Accept-Encoding
      x-content-type-options:
      - nosniff
      x-powered-by:
      - ASP.NET
    status:
      code: 200
      message: OK
- request:
    body: '{"tags": {"CreatedOnDate": "2022-03-16T09:06:24.0629418Z"}, "properties":
      {"serviceLevel": "Premium", "usageThreshold": 107374182400, "throughputMibps":
      0.0, "dataProtection": {"backup": {"policyEnforced": false, "vaultId": "/subscriptions/00000000-0000-0000-0000-000000000000/resourceGroups/cli_netappfiles_test_backup_000001/providers/Microsoft.NetApp/netAppAccounts/cli-acc-000002/vaults/cbsvault",
      "backupEnabled": false}}}}'
    headers:
      Accept:
      - application/json
      Accept-Encoding:
      - gzip, deflate
      CommandName:
      - netappfiles volume update
      Connection:
      - keep-alive
      Content-Length:
      - '428'
      Content-Type:
      - application/json
      ParameterSetName:
      - -g -a -p -v --vault-id --backup-enabled
      User-Agent:
      - AZURECLI/2.34.1 azsdk-python-mgmt-netapp/7.0.0 Python/3.8.10 (macOS-12.2-x86_64-i386-64bit)
    method: PATCH
    uri: https://management.azure.com/subscriptions/00000000-0000-0000-0000-000000000000/resourceGroups/cli_netappfiles_test_backup_000001/providers/Microsoft.NetApp/netAppAccounts/cli-acc-000002/capacityPools/cli-pool-000003/volumes/cli-vol-000004?api-version=2021-10-01
  response:
    body:
      string: '{"id":"/subscriptions/00000000-0000-0000-0000-000000000000/resourceGroups/cli_netappfiles_test_backup_000001/providers/Microsoft.NetApp/netAppAccounts/cli-acc-000002/capacityPools/cli-pool-000003/volumes/cli-vol-000004","name":"cli-acc-000002/cli-pool-000003/cli-vol-000004","type":"Microsoft.NetApp/netAppAccounts/capacityPools/volumes","etag":"W/\"datetime''2022-03-16T09%3A20%3A32.8222074Z''\"","location":"southcentralusstage","tags":{"CreatedOnDate":"2022-03-16T09:06:24.0629418Z"},"properties":{"dataProtection":{"backup":{"backupEnabled":true,"policyEnforced":false,"vaultId":"/subscriptions/00000000-0000-0000-0000-000000000000/resourceGroups/cli_netappfiles_test_backup_000001/providers/Microsoft.NetApp/netAppAccounts/cli-acc-000002/vaults/cbsvault"}},"provisioningState":"Patching","fileSystemId":"4dcb4719-1168-886f-6bc1-701605816697","serviceLevel":"Premium","creationToken":"cli-vol-000004","usageThreshold":107374182400,"exportPolicy":{"rules":[{"ruleIndex":1,"unixReadOnly":false,"unixReadWrite":true,"cifs":false,"nfsv3":true,"nfsv41":false,"allowedClients":"0.0.0.0/0","kerberos5ReadOnly":false,"kerberos5ReadWrite":false,"kerberos5iReadOnly":false,"kerberos5iReadWrite":false,"kerberos5pReadOnly":false,"kerberos5pReadWrite":false,"hasRootAccess":true,"chownMode":"Restricted"}]},"protocolTypes":["NFSv3"],"baremetalTenantId":"baremetalTenant_svm_1a1854d05b8211e99e4a3a8c013b5748_c7af086c","subnetId":"/subscriptions/00000000-0000-0000-0000-000000000000/resourceGroups/cli_netappfiles_test_backup_000001/providers/Microsoft.Network/virtualNetworks/cli-vnet-backup000006/subnets/default","networkFeatures":"Basic","networkSiblingSetId":"8873ecfc-9610-e18f-f9b4-32539067c653","storageToNetworkProximity":"Default","snapshotDirectoryVisible":true,"kerberosEnabled":false,"securityStyle":"Unix","smbEncryption":false,"smbContinuouslyAvailable":false,"encryptionKeySource":"Microsoft.NetApp","ldapEnabled":false,"unixPermissions":"0770","mountTargets":[{"mountTargetId":"4dcb4719-1168-886f-6bc1-701605816697","fileSystemId":"4dcb4719-1168-886f-6bc1-701605816697","ipAddress":"10.5.0.4"}],"throughputMibps":6.4,"volumeSpecName":"generic","coolAccess":false,"avsDataStore":"Disabled","isDefaultQuotaEnabled":false,"defaultUserQuotaInKiBs":0,"defaultGroupQuotaInKiBs":0,"enableSubvolumes":"Disabled","maximumNumberOfFiles":100000000}}'
    headers:
      azure-asyncoperation:
      - https://management.azure.com/subscriptions/00000000-0000-0000-0000-000000000000/providers/Microsoft.NetApp/locations/southcentralusstage/operationResults/7886bf50-90d6-4b53-a973-7d3ed22a8958?api-version=2021-10-01
      cache-control:
      - no-cache
      content-length:
      - '2331'
      content-type:
      - application/json; charset=utf-8
      date:
      - Wed, 16 Mar 2022 09:20:32 GMT
      etag:
      - W/"datetime'2022-03-16T09%3A20%3A32.8222074Z'"
      expires:
      - '-1'
      location:
      - https://management.azure.com/subscriptions/00000000-0000-0000-0000-000000000000/providers/Microsoft.NetApp/locations/southcentralusstage/operationResults/7886bf50-90d6-4b53-a973-7d3ed22a8958?api-version=2021-10-01&operationResultResponseType=Location
      pragma:
      - no-cache
      server:
      - Microsoft-IIS/10.0
      strict-transport-security:
      - max-age=31536000; includeSubDomains
      x-content-type-options:
      - nosniff
      x-ms-ratelimit-remaining-subscription-writes:
      - '1197'
      x-powered-by:
      - ASP.NET
    status:
      code: 202
      message: Accepted
- request:
    body: null
    headers:
      Accept:
      - '*/*'
      Accept-Encoding:
      - gzip, deflate
      CommandName:
      - netappfiles volume update
      Connection:
      - keep-alive
      ParameterSetName:
      - -g -a -p -v --vault-id --backup-enabled
      User-Agent:
      - AZURECLI/2.34.1 azsdk-python-mgmt-netapp/7.0.0 Python/3.8.10 (macOS-12.2-x86_64-i386-64bit)
    method: GET
    uri: https://management.azure.com/subscriptions/00000000-0000-0000-0000-000000000000/providers/Microsoft.NetApp/locations/southcentralusstage/operationResults/7886bf50-90d6-4b53-a973-7d3ed22a8958?api-version=2021-10-01
  response:
    body:
      string: '{"id":"/subscriptions/00000000-0000-0000-0000-000000000000/providers/Microsoft.NetApp/locations/southcentralusstage/operationResults/7886bf50-90d6-4b53-a973-7d3ed22a8958","name":"7886bf50-90d6-4b53-a973-7d3ed22a8958","status":"Succeeded","startTime":"2022-03-16T09:20:32.8277762Z","endTime":"2022-03-16T09:20:38.4702318Z","percentComplete":100.0,"properties":{"resourceName":"/subscriptions/00000000-0000-0000-0000-000000000000/resourceGroups/cli_netappfiles_test_backup_000001/providers/Microsoft.NetApp/netAppAccounts/cli-acc-000002/capacityPools/cli-pool-000003/volumes/cli-vol-000004"}}'
    headers:
      cache-control:
      - no-cache
      content-length:
      - '578'
      content-type:
      - application/json; charset=utf-8
      date:
      - Wed, 16 Mar 2022 09:21:02 GMT
      expires:
      - '-1'
      pragma:
      - no-cache
      server:
      - Microsoft-IIS/10.0
      strict-transport-security:
      - max-age=31536000; includeSubDomains
      transfer-encoding:
      - chunked
      vary:
      - Accept-Encoding
      x-content-type-options:
      - nosniff
      x-powered-by:
      - ASP.NET
    status:
      code: 200
      message: OK
- request:
    body: null
    headers:
      Accept:
      - '*/*'
      Accept-Encoding:
      - gzip, deflate
      CommandName:
      - netappfiles volume update
      Connection:
      - keep-alive
      ParameterSetName:
      - -g -a -p -v --vault-id --backup-enabled
      User-Agent:
      - AZURECLI/2.34.1 azsdk-python-mgmt-netapp/7.0.0 Python/3.8.10 (macOS-12.2-x86_64-i386-64bit)
    method: GET
    uri: https://management.azure.com/subscriptions/00000000-0000-0000-0000-000000000000/resourceGroups/cli_netappfiles_test_backup_000001/providers/Microsoft.NetApp/netAppAccounts/cli-acc-000002/capacityPools/cli-pool-000003/volumes/cli-vol-000004?api-version=2021-10-01
  response:
    body:
      string: '{"id":"/subscriptions/00000000-0000-0000-0000-000000000000/resourceGroups/cli_netappfiles_test_backup_000001/providers/Microsoft.NetApp/netAppAccounts/cli-acc-000002/capacityPools/cli-pool-000003/volumes/cli-vol-000004","name":"cli-acc-000002/cli-pool-000003/cli-vol-000004","type":"Microsoft.NetApp/netAppAccounts/capacityPools/volumes","etag":"W/\"datetime''2022-03-16T09%3A20%3A38.460452Z''\"","location":"southcentralusstage","tags":{"CreatedOnDate":"2022-03-16T09:06:24.0629418Z"},"properties":{"dataProtection":{"backup":{"backupEnabled":false,"policyEnforced":false,"vaultId":"/subscriptions/00000000-0000-0000-0000-000000000000/resourceGroups/cli_netappfiles_test_backup_000001/providers/Microsoft.NetApp/netAppAccounts/cli-acc-000002/vaults/cbsvault"}},"provisioningState":"Succeeded","fileSystemId":"4dcb4719-1168-886f-6bc1-701605816697","serviceLevel":"Premium","creationToken":"cli-vol-000004","usageThreshold":107374182400,"exportPolicy":{"rules":[{"ruleIndex":1,"unixReadOnly":false,"unixReadWrite":true,"cifs":false,"nfsv3":true,"nfsv41":false,"allowedClients":"0.0.0.0/0","kerberos5ReadOnly":false,"kerberos5ReadWrite":false,"kerberos5iReadOnly":false,"kerberos5iReadWrite":false,"kerberos5pReadOnly":false,"kerberos5pReadWrite":false,"hasRootAccess":true,"chownMode":"Restricted"}]},"protocolTypes":["NFSv3"],"baremetalTenantId":"baremetalTenant_svm_1a1854d05b8211e99e4a3a8c013b5748_c7af086c","subnetId":"/subscriptions/00000000-0000-0000-0000-000000000000/resourceGroups/cli_netappfiles_test_backup_000001/providers/Microsoft.Network/virtualNetworks/cli-vnet-backup000006/subnets/default","networkFeatures":"Basic","networkSiblingSetId":"8873ecfc-9610-e18f-f9b4-32539067c653","storageToNetworkProximity":"Default","snapshotDirectoryVisible":true,"kerberosEnabled":false,"securityStyle":"Unix","smbEncryption":false,"smbContinuouslyAvailable":false,"encryptionKeySource":"Microsoft.NetApp","ldapEnabled":false,"unixPermissions":"0770","mountTargets":[{"mountTargetId":"4dcb4719-1168-886f-6bc1-701605816697","fileSystemId":"4dcb4719-1168-886f-6bc1-701605816697","ipAddress":"10.5.0.4"}],"throughputMibps":6.4,"volumeSpecName":"generic","coolAccess":false,"avsDataStore":"Disabled","isDefaultQuotaEnabled":false,"defaultUserQuotaInKiBs":0,"defaultGroupQuotaInKiBs":0,"enableSubvolumes":"Disabled","maximumNumberOfFiles":100000000}}'
    headers:
      cache-control:
      - no-cache
      content-length:
      - '2332'
      content-type:
      - application/json; charset=utf-8
      date:
      - Wed, 16 Mar 2022 09:21:02 GMT
      etag:
      - W/"datetime'2022-03-16T09%3A20%3A38.460452Z'"
      expires:
      - '-1'
      pragma:
      - no-cache
      server:
      - Microsoft-IIS/10.0
      strict-transport-security:
      - max-age=31536000; includeSubDomains
      transfer-encoding:
      - chunked
      vary:
      - Accept-Encoding
      x-content-type-options:
      - nosniff
      x-powered-by:
      - ASP.NET
    status:
      code: 200
      message: OK
version: 1
