interactions:
- request:
    body: '{"location": "southcentralusstage", "tags": {}, "properties": {"addressSpace": {"addressPrefixes":
      ["10.5.0.0/16"]}, "dhcpOptions": {}}}'
    headers:
      Accept:
      - application/json
      Accept-Encoding:
      - gzip, deflate
      CommandName:
      - network vnet create
      Connection:
      - keep-alive
      Content-Length:
      - '124'
      Content-Type:
      - application/json
      ParameterSetName:
      - -n -g -l --address-prefix
      User-Agent:
      - AZURECLI/2.34.1 azsdk-python-azure-mgmt-network/19.3.0 Python/3.8.10 (macOS-12.2-x86_64-i386-64bit)
    method: PUT
    uri: https://management.azure.com/subscriptions/00000000-0000-0000-0000-000000000000/resourceGroups/cli_netappfiles_test_vault_list_000001/providers/Microsoft.Network/virtualNetworks/cli-vnet-000005?api-version=2021-08-01
  response:
    body:
      string: "{\r\n  \"name\": \"cli-vnet-000005\",\r\n  \"id\": \"/subscriptions/00000000-0000-0000-0000-000000000000/resourceGroups/cli_netappfiles_test_vault_list_000001/providers/Microsoft.Network/virtualNetworks/cli-vnet-000005\",\r\n
        \ \"etag\": \"W/\\\"67719e76-dd77-44b9-815b-7e95d90c3124\\\"\",\r\n  \"type\":
        \"Microsoft.Network/virtualNetworks\",\r\n  \"location\": \"southcentralusstage\",\r\n
        \ \"tags\": {\r\n    \"CreatedOnDate\": \"2022-03-15T11:35:39.4900355Z\"\r\n
        \ },\r\n  \"properties\": {\r\n    \"provisioningState\": \"Updating\",\r\n
        \   \"resourceGuid\": \"0cb25377-6d38-42f3-b748-7874935d8491\",\r\n    \"addressSpace\":
        {\r\n      \"addressPrefixes\": [\r\n        \"10.5.0.0/16\"\r\n      ]\r\n
        \   },\r\n    \"dhcpOptions\": {\r\n      \"dnsServers\": []\r\n    },\r\n
        \   \"subnets\": [],\r\n    \"virtualNetworkPeerings\": [],\r\n    \"enableDdosProtection\":
        false\r\n  }\r\n}"
    headers:
      azure-asyncnotification:
      - Enabled
      azure-asyncoperation:
      - https://management.azure.com/subscriptions/00000000-0000-0000-0000-000000000000/providers/Microsoft.Network/locations/southcentralusstage/operations/78270fe1-e436-4f07-9c3b-b443eafe5fb1?api-version=2021-05-01
      cache-control:
      - no-cache
      content-length:
      - '773'
      content-type:
      - application/json; charset=utf-8
      date:
      - Tue, 15 Mar 2022 11:35:45 GMT
      expires:
      - '-1'
      pragma:
      - no-cache
      server:
      - Microsoft-HTTPAPI/2.0
      - Microsoft-HTTPAPI/2.0
      strict-transport-security:
      - max-age=31536000; includeSubDomains
      x-content-type-options:
      - nosniff
      x-ms-arm-service-request-id:
      - cb49cd9d-cde9-4dbf-a4cd-b84b1bf178c5
      x-ms-ratelimit-remaining-subscription-writes:
      - '1198'
    status:
      code: 201
      message: Created
- request:
    body: null
    headers:
      Accept:
      - '*/*'
      Accept-Encoding:
      - gzip, deflate
      CommandName:
      - network vnet create
      Connection:
      - keep-alive
      ParameterSetName:
      - -n -g -l --address-prefix
      User-Agent:
      - AZURECLI/2.34.1 azsdk-python-azure-mgmt-network/19.3.0 Python/3.8.10 (macOS-12.2-x86_64-i386-64bit)
    method: GET
    uri: https://management.azure.com/subscriptions/00000000-0000-0000-0000-000000000000/providers/Microsoft.Network/locations/southcentralusstage/operations/78270fe1-e436-4f07-9c3b-b443eafe5fb1?api-version=2021-05-01
  response:
    body:
      string: "{\r\n  \"status\": \"Succeeded\"\r\n}"
    headers:
      cache-control:
      - no-cache
      content-length:
      - '29'
      content-type:
      - application/json; charset=utf-8
      date:
      - Tue, 15 Mar 2022 11:35:48 GMT
      expires:
      - '-1'
      pragma:
      - no-cache
      server:
      - Microsoft-HTTPAPI/2.0
      - Microsoft-HTTPAPI/2.0
      strict-transport-security:
      - max-age=31536000; includeSubDomains
      transfer-encoding:
      - chunked
      vary:
      - Accept-Encoding
      x-content-type-options:
      - nosniff
      x-ms-arm-service-request-id:
      - 6d635870-bc90-4719-bcdc-043c0a733655
    status:
      code: 200
      message: OK
- request:
    body: null
    headers:
      Accept:
      - '*/*'
      Accept-Encoding:
      - gzip, deflate
      CommandName:
      - network vnet create
      Connection:
      - keep-alive
      ParameterSetName:
      - -n -g -l --address-prefix
      User-Agent:
      - AZURECLI/2.34.1 azsdk-python-azure-mgmt-network/19.3.0 Python/3.8.10 (macOS-12.2-x86_64-i386-64bit)
    method: GET
    uri: https://management.azure.com/subscriptions/00000000-0000-0000-0000-000000000000/resourceGroups/cli_netappfiles_test_vault_list_000001/providers/Microsoft.Network/virtualNetworks/cli-vnet-000005?api-version=2021-08-01
  response:
    body:
      string: "{\r\n  \"name\": \"cli-vnet-000005\",\r\n  \"id\": \"/subscriptions/00000000-0000-0000-0000-000000000000/resourceGroups/cli_netappfiles_test_vault_list_000001/providers/Microsoft.Network/virtualNetworks/cli-vnet-000005\",\r\n
        \ \"etag\": \"W/\\\"6cdbe6b5-8d10-44de-909f-6bac41b416a1\\\"\",\r\n  \"type\":
        \"Microsoft.Network/virtualNetworks\",\r\n  \"location\": \"southcentralusstage\",\r\n
        \ \"tags\": {\r\n    \"CreatedOnDate\": \"2022-03-15T11:35:39.4900355Z\"\r\n
        \ },\r\n  \"properties\": {\r\n    \"provisioningState\": \"Succeeded\",\r\n
        \   \"resourceGuid\": \"0cb25377-6d38-42f3-b748-7874935d8491\",\r\n    \"addressSpace\":
        {\r\n      \"addressPrefixes\": [\r\n        \"10.5.0.0/16\"\r\n      ]\r\n
        \   },\r\n    \"dhcpOptions\": {\r\n      \"dnsServers\": []\r\n    },\r\n
        \   \"subnets\": [],\r\n    \"virtualNetworkPeerings\": [],\r\n    \"enableDdosProtection\":
        false\r\n  }\r\n}"
    headers:
      cache-control:
      - no-cache
      content-length:
      - '774'
      content-type:
      - application/json; charset=utf-8
      date:
      - Tue, 15 Mar 2022 11:35:48 GMT
      etag:
      - W/"6cdbe6b5-8d10-44de-909f-6bac41b416a1"
      expires:
      - '-1'
      pragma:
      - no-cache
      server:
      - Microsoft-HTTPAPI/2.0
      - Microsoft-HTTPAPI/2.0
      strict-transport-security:
      - max-age=31536000; includeSubDomains
      transfer-encoding:
      - chunked
      vary:
      - Accept-Encoding
      x-content-type-options:
      - nosniff
      x-ms-arm-service-request-id:
      - b21e0606-7c9a-425d-ab51-cf29325e5711
    status:
      code: 200
      message: OK
- request:
    body: null
    headers:
      Accept:
      - application/json
      Accept-Encoding:
      - gzip, deflate
      CommandName:
      - network vnet subnet create
      Connection:
      - keep-alive
      ParameterSetName:
      - -n --vnet-name --address-prefixes --delegations -g
      User-Agent:
      - AZURECLI/2.34.1 azsdk-python-azure-mgmt-network/19.3.0 Python/3.8.10 (macOS-12.2-x86_64-i386-64bit)
    method: GET
    uri: https://management.azure.com/subscriptions/00000000-0000-0000-0000-000000000000/resourceGroups/cli_netappfiles_test_vault_list_000001/providers/Microsoft.Network/virtualNetworks/cli-vnet-000005?api-version=2021-08-01
  response:
    body:
      string: "{\r\n  \"name\": \"cli-vnet-000005\",\r\n  \"id\": \"/subscriptions/00000000-0000-0000-0000-000000000000/resourceGroups/cli_netappfiles_test_vault_list_000001/providers/Microsoft.Network/virtualNetworks/cli-vnet-000005\",\r\n
        \ \"etag\": \"W/\\\"6cdbe6b5-8d10-44de-909f-6bac41b416a1\\\"\",\r\n  \"type\":
        \"Microsoft.Network/virtualNetworks\",\r\n  \"location\": \"southcentralusstage\",\r\n
        \ \"tags\": {\r\n    \"CreatedOnDate\": \"2022-03-15T11:35:39.4900355Z\"\r\n
        \ },\r\n  \"properties\": {\r\n    \"provisioningState\": \"Succeeded\",\r\n
        \   \"resourceGuid\": \"0cb25377-6d38-42f3-b748-7874935d8491\",\r\n    \"addressSpace\":
        {\r\n      \"addressPrefixes\": [\r\n        \"10.5.0.0/16\"\r\n      ]\r\n
        \   },\r\n    \"dhcpOptions\": {\r\n      \"dnsServers\": []\r\n    },\r\n
        \   \"subnets\": [],\r\n    \"virtualNetworkPeerings\": [],\r\n    \"enableDdosProtection\":
        false\r\n  }\r\n}"
    headers:
      cache-control:
      - no-cache
      content-length:
      - '774'
      content-type:
      - application/json; charset=utf-8
      date:
      - Tue, 15 Mar 2022 11:35:49 GMT
      etag:
      - W/"6cdbe6b5-8d10-44de-909f-6bac41b416a1"
      expires:
      - '-1'
      pragma:
      - no-cache
      server:
      - Microsoft-HTTPAPI/2.0
      - Microsoft-HTTPAPI/2.0
      strict-transport-security:
      - max-age=31536000; includeSubDomains
      transfer-encoding:
      - chunked
      vary:
      - Accept-Encoding
      x-content-type-options:
      - nosniff
      x-ms-arm-service-request-id:
      - 6c3bbb1c-3ec9-4a87-9ddd-5a96de39a07b
    status:
      code: 200
      message: OK
- request:
    body: '{"id": "/subscriptions/00000000-0000-0000-0000-000000000000/resourceGroups/cli_netappfiles_test_vault_list_000001/providers/Microsoft.Network/virtualNetworks/cli-vnet-000005",
      "location": "southcentralusstage", "tags": {"CreatedOnDate": "2022-03-15T11:35:39.4900355Z"},
      "properties": {"addressSpace": {"addressPrefixes": ["10.5.0.0/16"]}, "dhcpOptions":
      {"dnsServers": []}, "subnets": [{"name": "cli-subnet-000006", "properties":
      {"addressPrefix": "10.5.0.0/24", "delegations": [{"name": "0", "properties":
      {"serviceName": "Microsoft.Netapp/volumes"}}], "privateEndpointNetworkPolicies":
      "Enabled", "privateLinkServiceNetworkPolicies": "Enabled"}}], "virtualNetworkPeerings":
      [], "enableDdosProtection": false}}'
    headers:
      Accept:
      - application/json
      Accept-Encoding:
      - gzip, deflate
      CommandName:
      - network vnet subnet create
      Connection:
      - keep-alive
      Content-Length:
      - '699'
      Content-Type:
      - application/json
      ParameterSetName:
      - -n --vnet-name --address-prefixes --delegations -g
      User-Agent:
      - AZURECLI/2.34.1 azsdk-python-azure-mgmt-network/19.3.0 Python/3.8.10 (macOS-12.2-x86_64-i386-64bit)
    method: PUT
    uri: https://management.azure.com/subscriptions/00000000-0000-0000-0000-000000000000/resourceGroups/cli_netappfiles_test_vault_list_000001/providers/Microsoft.Network/virtualNetworks/cli-vnet-000005?api-version=2021-08-01
  response:
    body:
      string: "{\r\n  \"name\": \"cli-vnet-000005\",\r\n  \"id\": \"/subscriptions/00000000-0000-0000-0000-000000000000/resourceGroups/cli_netappfiles_test_vault_list_000001/providers/Microsoft.Network/virtualNetworks/cli-vnet-000005\",\r\n
        \ \"etag\": \"W/\\\"f767c893-1e98-49e5-a5c3-b8b1838673a9\\\"\",\r\n  \"type\":
        \"Microsoft.Network/virtualNetworks\",\r\n  \"location\": \"southcentralusstage\",\r\n
        \ \"tags\": {\r\n    \"CreatedOnDate\": \"2022-03-15T11:35:39.4900355Z\"\r\n
        \ },\r\n  \"properties\": {\r\n    \"provisioningState\": \"Updating\",\r\n
        \   \"resourceGuid\": \"0cb25377-6d38-42f3-b748-7874935d8491\",\r\n    \"addressSpace\":
        {\r\n      \"addressPrefixes\": [\r\n        \"10.5.0.0/16\"\r\n      ]\r\n
        \   },\r\n    \"dhcpOptions\": {\r\n      \"dnsServers\": []\r\n    },\r\n
        \   \"subnets\": [\r\n      {\r\n        \"name\": \"cli-subnet-000006\",\r\n
        \       \"id\": \"/subscriptions/00000000-0000-0000-0000-000000000000/resourceGroups/cli_netappfiles_test_vault_list_000001/providers/Microsoft.Network/virtualNetworks/cli-vnet-000005/subnets/cli-subnet-000006\",\r\n
        \       \"etag\": \"W/\\\"f767c893-1e98-49e5-a5c3-b8b1838673a9\\\"\",\r\n
        \       \"properties\": {\r\n          \"provisioningState\": \"Updating\",\r\n
        \         \"addressPrefix\": \"10.5.0.0/24\",\r\n          \"delegations\":
        [\r\n            {\r\n              \"name\": \"0\",\r\n              \"id\":
        \"/subscriptions/00000000-0000-0000-0000-000000000000/resourceGroups/cli_netappfiles_test_vault_list_000001/providers/Microsoft.Network/virtualNetworks/cli-vnet-000005/subnets/cli-subnet-000006/delegations/0\",\r\n
        \             \"etag\": \"W/\\\"f767c893-1e98-49e5-a5c3-b8b1838673a9\\\"\",\r\n
        \             \"properties\": {\r\n                \"provisioningState\":
        \"Succeeded\",\r\n                \"serviceName\": \"Microsoft.Netapp/volumes\",\r\n
        \               \"actions\": [\r\n                  \"Microsoft.Network/networkinterfaces/*\",\r\n
        \                 \"Microsoft.Network/virtualNetworks/subnets/join/action\"\r\n
        \               ]\r\n              },\r\n              \"type\": \"Microsoft.Network/virtualNetworks/subnets/delegations\"\r\n
        \           }\r\n          ],\r\n          \"purpose\": \"HostedWorkloads\",\r\n
        \         \"privateEndpointNetworkPolicies\": \"Enabled\",\r\n          \"privateLinkServiceNetworkPolicies\":
        \"Enabled\"\r\n        },\r\n        \"type\": \"Microsoft.Network/virtualNetworks/subnets\"\r\n
        \     }\r\n    ],\r\n    \"virtualNetworkPeerings\": [],\r\n    \"enableDdosProtection\":
        false\r\n  }\r\n}"
    headers:
      azure-asyncnotification:
      - Enabled
      azure-asyncoperation:
      - https://management.azure.com/subscriptions/00000000-0000-0000-0000-000000000000/providers/Microsoft.Network/locations/southcentralusstage/operations/864afcaf-38c1-4dd9-8ea9-af58640bfa83?api-version=2021-05-01
      cache-control:
      - no-cache
      content-length:
      - '2270'
      content-type:
      - application/json; charset=utf-8
      date:
      - Tue, 15 Mar 2022 11:35:50 GMT
      expires:
      - '-1'
      pragma:
      - no-cache
      server:
      - Microsoft-HTTPAPI/2.0
      - Microsoft-HTTPAPI/2.0
      strict-transport-security:
      - max-age=31536000; includeSubDomains
      transfer-encoding:
      - chunked
      vary:
      - Accept-Encoding
      x-content-type-options:
      - nosniff
      x-ms-arm-service-request-id:
      - 232764e3-1aab-428b-92d3-37509198b14a
      x-ms-ratelimit-remaining-subscription-writes:
      - '1199'
    status:
      code: 200
      message: OK
- request:
    body: null
    headers:
      Accept:
      - '*/*'
      Accept-Encoding:
      - gzip, deflate
      CommandName:
      - network vnet subnet create
      Connection:
      - keep-alive
      ParameterSetName:
      - -n --vnet-name --address-prefixes --delegations -g
      User-Agent:
      - AZURECLI/2.34.1 azsdk-python-azure-mgmt-network/19.3.0 Python/3.8.10 (macOS-12.2-x86_64-i386-64bit)
    method: GET
    uri: https://management.azure.com/subscriptions/00000000-0000-0000-0000-000000000000/providers/Microsoft.Network/locations/southcentralusstage/operations/864afcaf-38c1-4dd9-8ea9-af58640bfa83?api-version=2021-05-01
  response:
    body:
      string: "{\r\n  \"status\": \"Succeeded\"\r\n}"
    headers:
      cache-control:
      - no-cache
      content-length:
      - '29'
      content-type:
      - application/json; charset=utf-8
      date:
      - Tue, 15 Mar 2022 11:35:53 GMT
      expires:
      - '-1'
      pragma:
      - no-cache
      server:
      - Microsoft-HTTPAPI/2.0
      - Microsoft-HTTPAPI/2.0
      strict-transport-security:
      - max-age=31536000; includeSubDomains
      transfer-encoding:
      - chunked
      vary:
      - Accept-Encoding
      x-content-type-options:
      - nosniff
      x-ms-arm-service-request-id:
      - 200224e6-4162-417e-8a5f-08ebcabd05b2
    status:
      code: 200
      message: OK
- request:
    body: null
    headers:
      Accept:
      - '*/*'
      Accept-Encoding:
      - gzip, deflate
      CommandName:
      - network vnet subnet create
      Connection:
      - keep-alive
      ParameterSetName:
      - -n --vnet-name --address-prefixes --delegations -g
      User-Agent:
      - AZURECLI/2.34.1 azsdk-python-azure-mgmt-network/19.3.0 Python/3.8.10 (macOS-12.2-x86_64-i386-64bit)
    method: GET
    uri: https://management.azure.com/subscriptions/00000000-0000-0000-0000-000000000000/resourceGroups/cli_netappfiles_test_vault_list_000001/providers/Microsoft.Network/virtualNetworks/cli-vnet-000005?api-version=2021-08-01
  response:
    body:
      string: "{\r\n  \"name\": \"cli-vnet-000005\",\r\n  \"id\": \"/subscriptions/00000000-0000-0000-0000-000000000000/resourceGroups/cli_netappfiles_test_vault_list_000001/providers/Microsoft.Network/virtualNetworks/cli-vnet-000005\",\r\n
        \ \"etag\": \"W/\\\"4245e03e-0439-4ddd-819c-29f4c4015cd6\\\"\",\r\n  \"type\":
        \"Microsoft.Network/virtualNetworks\",\r\n  \"location\": \"southcentralusstage\",\r\n
        \ \"tags\": {\r\n    \"CreatedOnDate\": \"2022-03-15T11:35:39.4900355Z\"\r\n
        \ },\r\n  \"properties\": {\r\n    \"provisioningState\": \"Succeeded\",\r\n
        \   \"resourceGuid\": \"0cb25377-6d38-42f3-b748-7874935d8491\",\r\n    \"addressSpace\":
        {\r\n      \"addressPrefixes\": [\r\n        \"10.5.0.0/16\"\r\n      ]\r\n
        \   },\r\n    \"dhcpOptions\": {\r\n      \"dnsServers\": []\r\n    },\r\n
        \   \"subnets\": [\r\n      {\r\n        \"name\": \"cli-subnet-000006\",\r\n
        \       \"id\": \"/subscriptions/00000000-0000-0000-0000-000000000000/resourceGroups/cli_netappfiles_test_vault_list_000001/providers/Microsoft.Network/virtualNetworks/cli-vnet-000005/subnets/cli-subnet-000006\",\r\n
        \       \"etag\": \"W/\\\"4245e03e-0439-4ddd-819c-29f4c4015cd6\\\"\",\r\n
        \       \"properties\": {\r\n          \"provisioningState\": \"Succeeded\",\r\n
        \         \"addressPrefix\": \"10.5.0.0/24\",\r\n          \"delegations\":
        [\r\n            {\r\n              \"name\": \"0\",\r\n              \"id\":
        \"/subscriptions/00000000-0000-0000-0000-000000000000/resourceGroups/cli_netappfiles_test_vault_list_000001/providers/Microsoft.Network/virtualNetworks/cli-vnet-000005/subnets/cli-subnet-000006/delegations/0\",\r\n
        \             \"etag\": \"W/\\\"4245e03e-0439-4ddd-819c-29f4c4015cd6\\\"\",\r\n
        \             \"properties\": {\r\n                \"provisioningState\":
        \"Succeeded\",\r\n                \"serviceName\": \"Microsoft.Netapp/volumes\",\r\n
        \               \"actions\": [\r\n                  \"Microsoft.Network/networkinterfaces/*\",\r\n
        \                 \"Microsoft.Network/virtualNetworks/subnets/join/action\"\r\n
        \               ]\r\n              },\r\n              \"type\": \"Microsoft.Network/virtualNetworks/subnets/delegations\"\r\n
        \           }\r\n          ],\r\n          \"purpose\": \"HostedWorkloads\",\r\n
        \         \"privateEndpointNetworkPolicies\": \"Enabled\",\r\n          \"privateLinkServiceNetworkPolicies\":
        \"Enabled\"\r\n        },\r\n        \"type\": \"Microsoft.Network/virtualNetworks/subnets\"\r\n
        \     }\r\n    ],\r\n    \"virtualNetworkPeerings\": [],\r\n    \"enableDdosProtection\":
        false\r\n  }\r\n}"
    headers:
      cache-control:
      - no-cache
      content-length:
      - '2272'
      content-type:
      - application/json; charset=utf-8
      date:
      - Tue, 15 Mar 2022 11:35:53 GMT
      etag:
      - W/"4245e03e-0439-4ddd-819c-29f4c4015cd6"
      expires:
      - '-1'
      pragma:
      - no-cache
      server:
      - Microsoft-HTTPAPI/2.0
      - Microsoft-HTTPAPI/2.0
      strict-transport-security:
      - max-age=31536000; includeSubDomains
      transfer-encoding:
      - chunked
      vary:
      - Accept-Encoding
      x-content-type-options:
      - nosniff
      x-ms-arm-service-request-id:
      - aa6a0ff9-0b11-4688-a995-b6f262b15300
    status:
      code: 200
      message: OK
- request:
    body: '{"location": "southcentralusstage"}'
    headers:
      Accept:
      - application/json
      Accept-Encoding:
      - gzip, deflate
      CommandName:
      - netappfiles account create
      Connection:
      - keep-alive
      Content-Length:
      - '23'
      Content-Type:
      - application/json
      ParameterSetName:
      - -g -a -l
      User-Agent:
      - AZURECLI/2.34.1 azsdk-python-mgmt-netapp/7.0.0 Python/3.8.10 (macOS-12.2-x86_64-i386-64bit)
    method: PUT
    uri: https://management.azure.com/subscriptions/00000000-0000-0000-0000-000000000000/resourceGroups/cli_netappfiles_test_vault_list_000001/providers/Microsoft.NetApp/netAppAccounts/cli-acc-000002?api-version=2021-10-01
  response:
    body:
      string: '{"id":"/subscriptions/00000000-0000-0000-0000-000000000000/resourceGroups/cli_netappfiles_test_vault_list_000001/providers/Microsoft.NetApp/netAppAccounts/cli-acc-000002","name":"cli-acc-000002","type":"Microsoft.NetApp/netAppAccounts","etag":"W/\"datetime''2022-03-15T11%3A35%3A57.6246996Z''\"","location":"southcentralusstage","tags":{"CreatedOnDate":"2022-03-15T11:35:54.7797800Z"},"properties":{"provisioningState":"Creating"}}'
    headers:
      azure-asyncoperation:
      - https://management.azure.com/subscriptions/00000000-0000-0000-0000-000000000000/providers/Microsoft.NetApp/locations/southcentralusstage/operationResults/1766d5ec-d311-47cf-bb7f-af4a14c09f41?api-version=2021-10-01
      cache-control:
      - no-cache
      content-length:
      - '417'
      content-type:
      - application/json; charset=utf-8
      date:
      - Tue, 15 Mar 2022 11:35:58 GMT
      etag:
      - W/"datetime'2022-03-15T11%3A35%3A57.6246996Z'"
      expires:
      - '-1'
      pragma:
      - no-cache
      server:
      - Microsoft-IIS/10.0
      strict-transport-security:
      - max-age=31536000; includeSubDomains
      x-content-type-options:
      - nosniff
      x-ms-ratelimit-remaining-subscription-writes:
      - '1197'
      x-powered-by:
      - ASP.NET
    status:
      code: 201
      message: Created
- request:
    body: null
    headers:
      Accept:
      - '*/*'
      Accept-Encoding:
      - gzip, deflate
      CommandName:
      - netappfiles account create
      Connection:
      - keep-alive
      ParameterSetName:
      - -g -a -l
      User-Agent:
      - AZURECLI/2.34.1 azsdk-python-mgmt-netapp/7.0.0 Python/3.8.10 (macOS-12.2-x86_64-i386-64bit)
    method: GET
    uri: https://management.azure.com/subscriptions/00000000-0000-0000-0000-000000000000/providers/Microsoft.NetApp/locations/southcentralusstage/operationResults/1766d5ec-d311-47cf-bb7f-af4a14c09f41?api-version=2021-10-01
  response:
    body:
      string: '{"id":"/subscriptions/00000000-0000-0000-0000-000000000000/providers/Microsoft.NetApp/locations/southcentralusstage/operationResults/1766d5ec-d311-47cf-bb7f-af4a14c09f41","name":"1766d5ec-d311-47cf-bb7f-af4a14c09f41","status":"Succeeded","startTime":"2022-03-15T11:35:57.6323262Z","endTime":"2022-03-15T11:35:57.6873227Z","percentComplete":100.0,"properties":{"resourceName":"/subscriptions/00000000-0000-0000-0000-000000000000/resourceGroups/cli_netappfiles_test_vault_list_000001/providers/Microsoft.NetApp/netAppAccounts/cli-acc-000002"}}'
    headers:
      cache-control:
      - no-cache
      content-length:
      - '529'
      content-type:
      - application/json; charset=utf-8
      date:
      - Tue, 15 Mar 2022 11:36:28 GMT
      expires:
      - '-1'
      pragma:
      - no-cache
      server:
      - Microsoft-IIS/10.0
      strict-transport-security:
      - max-age=31536000; includeSubDomains
      transfer-encoding:
      - chunked
      vary:
      - Accept-Encoding
      x-content-type-options:
      - nosniff
      x-powered-by:
      - ASP.NET
    status:
      code: 200
      message: OK
- request:
    body: null
    headers:
      Accept:
      - '*/*'
      Accept-Encoding:
      - gzip, deflate
      CommandName:
      - netappfiles account create
      Connection:
      - keep-alive
      ParameterSetName:
      - -g -a -l
      User-Agent:
      - AZURECLI/2.34.1 azsdk-python-mgmt-netapp/7.0.0 Python/3.8.10 (macOS-12.2-x86_64-i386-64bit)
    method: GET
    uri: https://management.azure.com/subscriptions/00000000-0000-0000-0000-000000000000/resourceGroups/cli_netappfiles_test_vault_list_000001/providers/Microsoft.NetApp/netAppAccounts/cli-acc-000002?api-version=2021-10-01
  response:
    body:
      string: '{"id":"/subscriptions/00000000-0000-0000-0000-000000000000/resourceGroups/cli_netappfiles_test_vault_list_000001/providers/Microsoft.NetApp/netAppAccounts/cli-acc-000002","name":"cli-acc-000002","type":"Microsoft.NetApp/netAppAccounts","etag":"W/\"datetime''2022-03-15T11%3A35%3A57.6757376Z''\"","location":"southcentralusstage","tags":{"CreatedOnDate":"2022-03-15T11:35:54.7797800Z"},"properties":{"encryption":{"keySource":"Microsoft.NetApp"},"provisioningState":"Succeeded"}}'
    headers:
      cache-control:
      - no-cache
      content-length:
      - '464'
      content-type:
      - application/json; charset=utf-8
      date:
      - Tue, 15 Mar 2022 11:36:28 GMT
      etag:
      - W/"datetime'2022-03-15T11%3A35%3A57.6757376Z'"
      expires:
      - '-1'
      pragma:
      - no-cache
      server:
      - Microsoft-IIS/10.0
      strict-transport-security:
      - max-age=31536000; includeSubDomains
      transfer-encoding:
      - chunked
      vary:
      - Accept-Encoding
      x-content-type-options:
      - nosniff
      x-powered-by:
      - ASP.NET
    status:
      code: 200
      message: OK
- request:
    body: '{"location": "southcentralusstage", "properties": {"size": 4398046511104, "serviceLevel":
      "Premium"}}'
    headers:
      Accept:
      - application/json
      Accept-Encoding:
      - gzip, deflate
      CommandName:
      - netappfiles pool create
      Connection:
      - keep-alive
      Content-Length:
      - '89'
      Content-Type:
      - application/json
      ParameterSetName:
      - -g -a -p -l --service-level --size
      User-Agent:
      - AZURECLI/2.34.1 azsdk-python-mgmt-netapp/7.0.0 Python/3.8.10 (macOS-12.2-x86_64-i386-64bit)
    method: PUT
    uri: https://management.azure.com/subscriptions/00000000-0000-0000-0000-000000000000/resourceGroups/cli_netappfiles_test_vault_list_000001/providers/Microsoft.NetApp/netAppAccounts/cli-acc-000002/capacityPools/cli-pool-000003?api-version=2021-10-01
  response:
    body:
      string: '{"id":"/subscriptions/00000000-0000-0000-0000-000000000000/resourceGroups/cli_netappfiles_test_vault_list_000001/providers/Microsoft.NetApp/netAppAccounts/cli-acc-000002/capacityPools/cli-pool-000003","name":"cli-acc-000002/cli-pool-000003","type":"Microsoft.NetApp/netAppAccounts/capacityPools","etag":"W/\"datetime''2022-03-15T11%3A36%3A34.8703088Z''\"","location":"southcentralusstage","tags":{"CreatedOnDate":"2022-03-15T11:36:30.8278655Z"},"properties":{"serviceLevel":"Premium","size":4398046511104,"totalThroughputMibps":0.0,"utilizedThroughputMibps":0.0,"provisioningState":"Creating"}}'
    headers:
      azure-asyncoperation:
      - https://management.azure.com/subscriptions/00000000-0000-0000-0000-000000000000/providers/Microsoft.NetApp/locations/southcentralusstage/operationResults/b063eb50-cc95-4530-9889-f75b77abcf47?api-version=2021-10-01
      cache-control:
      - no-cache
      content-length:
      - '580'
      content-type:
      - application/json; charset=utf-8
      date:
      - Tue, 15 Mar 2022 11:36:35 GMT
      etag:
      - W/"datetime'2022-03-15T11%3A36%3A34.8703088Z'"
      expires:
      - '-1'
      pragma:
      - no-cache
      server:
      - Microsoft-IIS/10.0
      strict-transport-security:
      - max-age=31536000; includeSubDomains
      x-content-type-options:
      - nosniff
      x-ms-ratelimit-remaining-subscription-writes:
      - '1199'
      x-powered-by:
      - ASP.NET
    status:
      code: 201
      message: Created
- request:
    body: null
    headers:
      Accept:
      - '*/*'
      Accept-Encoding:
      - gzip, deflate
      CommandName:
      - netappfiles pool create
      Connection:
      - keep-alive
      ParameterSetName:
      - -g -a -p -l --service-level --size
      User-Agent:
      - AZURECLI/2.34.1 azsdk-python-mgmt-netapp/7.0.0 Python/3.8.10 (macOS-12.2-x86_64-i386-64bit)
    method: GET
    uri: https://management.azure.com/subscriptions/00000000-0000-0000-0000-000000000000/providers/Microsoft.NetApp/locations/southcentralusstage/operationResults/b063eb50-cc95-4530-9889-f75b77abcf47?api-version=2021-10-01
  response:
    body:
      string: '{"id":"/subscriptions/00000000-0000-0000-0000-000000000000/providers/Microsoft.NetApp/locations/southcentralusstage/operationResults/b063eb50-cc95-4530-9889-f75b77abcf47","name":"b063eb50-cc95-4530-9889-f75b77abcf47","status":"Succeeded","startTime":"2022-03-15T11:36:34.8748005Z","endTime":"2022-03-15T11:36:35.1647931Z","percentComplete":100.0,"properties":{"resourceName":"/subscriptions/00000000-0000-0000-0000-000000000000/resourceGroups/cli_netappfiles_test_vault_list_000001/providers/Microsoft.NetApp/netAppAccounts/cli-acc-000002/capacityPools/cli-pool-000003"}}'
    headers:
      cache-control:
      - no-cache
      content-length:
      - '559'
      content-type:
      - application/json; charset=utf-8
      date:
      - Tue, 15 Mar 2022 11:37:06 GMT
      expires:
      - '-1'
      pragma:
      - no-cache
      server:
      - Microsoft-IIS/10.0
      strict-transport-security:
      - max-age=31536000; includeSubDomains
      x-content-type-options:
      - nosniff
      x-powered-by:
      - ASP.NET
    status:
      code: 200
      message: OK
- request:
    body: null
    headers:
      Accept:
      - '*/*'
      Accept-Encoding:
      - gzip, deflate
      CommandName:
      - netappfiles pool create
      Connection:
      - keep-alive
      ParameterSetName:
      - -g -a -p -l --service-level --size
      User-Agent:
      - AZURECLI/2.34.1 azsdk-python-mgmt-netapp/7.0.0 Python/3.8.10 (macOS-12.2-x86_64-i386-64bit)
    method: GET
    uri: https://management.azure.com/subscriptions/00000000-0000-0000-0000-000000000000/resourceGroups/cli_netappfiles_test_vault_list_000001/providers/Microsoft.NetApp/netAppAccounts/cli-acc-000002/capacityPools/cli-pool-000003?api-version=2021-10-01
  response:
    body:
      string: '{"id":"/subscriptions/00000000-0000-0000-0000-000000000000/resourceGroups/cli_netappfiles_test_vault_list_000001/providers/Microsoft.NetApp/netAppAccounts/cli-acc-000002/capacityPools/cli-pool-000003","name":"cli-acc-000002/cli-pool-000003","type":"Microsoft.NetApp/netAppAccounts/capacityPools","etag":"W/\"datetime''2022-03-15T11%3A36%3A35.1501019Z''\"","location":"southcentralusstage","tags":{"CreatedOnDate":"2022-03-15T11:36:30.8278655Z"},"properties":{"poolId":"33b10204-5640-415d-80c8-e0e95cb1638e","serviceLevel":"Premium","size":4398046511104,"qosType":"Auto","totalThroughputMibps":262.144,"utilizedThroughputMibps":0.0,"encryptionType":"Single","coolAccess":false,"provisioningState":"Succeeded"}}'
    headers:
      cache-control:
      - no-cache
      content-length:
      - '695'
      content-type:
      - application/json; charset=utf-8
      date:
      - Tue, 15 Mar 2022 11:37:06 GMT
      etag:
      - W/"datetime'2022-03-15T11%3A36%3A35.1501019Z'"
      expires:
      - '-1'
      pragma:
      - no-cache
      server:
      - Microsoft-IIS/10.0
      strict-transport-security:
      - max-age=31536000; includeSubDomains
      x-content-type-options:
      - nosniff
      x-powered-by:
      - ASP.NET
    status:
      code: 200
      message: OK
- request:
    body: '{"location": "southcentralusstage", "properties": {"creationToken": "cli-vol-000004",
      "usageThreshold": 107374182400, "subnetId": "/subscriptions/00000000-0000-0000-0000-000000000000/resourceGroups/cli_netappfiles_test_vault_list_000001/providers/Microsoft.Network/virtualNetworks/cli-vnet-000005/subnets/cli-subnet-000006",
      "enableSubvolumes": "Disabled"}}'
    headers:
      Accept:
      - application/json
      Accept-Encoding:
      - gzip, deflate
      CommandName:
      - netappfiles volume create
      Connection:
      - keep-alive
      Content-Length:
      - '345'
      Content-Type:
      - application/json
      ParameterSetName:
      - -g -a -p -v -l --vnet --subnet --file-path --usage-threshold
      User-Agent:
      - AZURECLI/2.34.1 azsdk-python-mgmt-netapp/7.0.0 Python/3.8.10 (macOS-12.2-x86_64-i386-64bit)
    method: PUT
    uri: https://management.azure.com/subscriptions/00000000-0000-0000-0000-000000000000/resourceGroups/cli_netappfiles_test_vault_list_000001/providers/Microsoft.NetApp/netAppAccounts/cli-acc-000002/capacityPools/cli-pool-000003/volumes/cli-vol-000004?api-version=2021-10-01
  response:
    body:
      string: '{"id":"/subscriptions/00000000-0000-0000-0000-000000000000/resourceGroups/cli_netappfiles_test_vault_list_000001/providers/Microsoft.NetApp/netAppAccounts/cli-acc-000002/capacityPools/cli-pool-000003/volumes/cli-vol-000004","name":"cli-acc-000002/cli-pool-000003/cli-vol-000004","type":"Microsoft.NetApp/netAppAccounts/capacityPools/volumes","etag":"W/\"datetime''2022-03-15T11%3A37%3A11.8114964Z''\"","location":"southcentralusstage","tags":{"CreatedOnDate":"2022-03-15T11:37:08.2526685Z"},"properties":{"creationToken":"cli-vol-000004","usageThreshold":107374182400,"subnetId":"/subscriptions/00000000-0000-0000-0000-000000000000/resourceGroups/cli_netappfiles_test_vault_list_000001/providers/Microsoft.Network/virtualNetworks/cli-vnet-000005/subnets/cli-subnet-000006","enableSubvolumes":"Disabled","maximumNumberOfFiles":100000000,"provisioningState":"Creating"}}'
    headers:
      azure-asyncoperation:
      - https://management.azure.com/subscriptions/00000000-0000-0000-0000-000000000000/providers/Microsoft.NetApp/locations/southcentralusstage/operationResults/764be97b-7f39-45e3-a9ba-df9c0923cb2f?api-version=2021-10-01
      cache-control:
      - no-cache
      content-length:
      - '854'
      content-type:
      - application/json; charset=utf-8
      date:
      - Tue, 15 Mar 2022 11:37:13 GMT
      etag:
      - W/"datetime'2022-03-15T11%3A37%3A11.8114964Z'"
      expires:
      - '-1'
      pragma:
      - no-cache
      server:
      - Microsoft-IIS/10.0
      strict-transport-security:
      - max-age=31536000; includeSubDomains
      x-content-type-options:
      - nosniff
      x-ms-ratelimit-remaining-subscription-writes:
      - '1198'
      x-powered-by:
      - ASP.NET
    status:
      code: 201
      message: Created
- request:
    body: null
    headers:
      Accept:
      - '*/*'
      Accept-Encoding:
      - gzip, deflate
      CommandName:
      - netappfiles volume create
      Connection:
      - keep-alive
      ParameterSetName:
      - -g -a -p -v -l --vnet --subnet --file-path --usage-threshold
      User-Agent:
      - AZURECLI/2.34.1 azsdk-python-mgmt-netapp/7.0.0 Python/3.8.10 (macOS-12.2-x86_64-i386-64bit)
    method: GET
    uri: https://management.azure.com/subscriptions/00000000-0000-0000-0000-000000000000/providers/Microsoft.NetApp/locations/southcentralusstage/operationResults/764be97b-7f39-45e3-a9ba-df9c0923cb2f?api-version=2021-10-01
  response:
    body:
      string: '{"id":"/subscriptions/00000000-0000-0000-0000-000000000000/providers/Microsoft.NetApp/locations/southcentralusstage/operationResults/764be97b-7f39-45e3-a9ba-df9c0923cb2f","name":"764be97b-7f39-45e3-a9ba-df9c0923cb2f","status":"Creating","startTime":"2022-03-15T11:37:11.820286Z","endTime":"0001-01-01T00:00:00Z","percentComplete":0.0,"properties":{"resourceName":"/subscriptions/00000000-0000-0000-0000-000000000000/resourceGroups/cli_netappfiles_test_vault_list_000001/providers/Microsoft.NetApp/netAppAccounts/cli-acc-000002/capacityPools/cli-pool-000003/volumes/cli-vol-000004"}}'
    headers:
      cache-control:
      - no-cache
      content-length:
      - '570'
      content-type:
      - application/json; charset=utf-8
      date:
      - Tue, 15 Mar 2022 11:37:43 GMT
      expires:
      - '-1'
      pragma:
      - no-cache
      server:
      - Microsoft-IIS/10.0
      strict-transport-security:
      - max-age=31536000; includeSubDomains
      transfer-encoding:
      - chunked
      vary:
      - Accept-Encoding
      x-content-type-options:
      - nosniff
      x-powered-by:
      - ASP.NET
    status:
      code: 200
      message: OK
- request:
    body: null
    headers:
      Accept:
      - '*/*'
      Accept-Encoding:
      - gzip, deflate
      CommandName:
      - netappfiles volume create
      Connection:
      - keep-alive
      ParameterSetName:
      - -g -a -p -v -l --vnet --subnet --file-path --usage-threshold
      User-Agent:
      - AZURECLI/2.34.1 azsdk-python-mgmt-netapp/7.0.0 Python/3.8.10 (macOS-12.2-x86_64-i386-64bit)
    method: GET
    uri: https://management.azure.com/subscriptions/00000000-0000-0000-0000-000000000000/providers/Microsoft.NetApp/locations/southcentralusstage/operationResults/764be97b-7f39-45e3-a9ba-df9c0923cb2f?api-version=2021-10-01
  response:
    body:
      string: '{"id":"/subscriptions/00000000-0000-0000-0000-000000000000/providers/Microsoft.NetApp/locations/southcentralusstage/operationResults/764be97b-7f39-45e3-a9ba-df9c0923cb2f","name":"764be97b-7f39-45e3-a9ba-df9c0923cb2f","status":"Creating","startTime":"2022-03-15T11:37:11.820286Z","endTime":"0001-01-01T00:00:00Z","percentComplete":0.0,"properties":{"resourceName":"/subscriptions/00000000-0000-0000-0000-000000000000/resourceGroups/cli_netappfiles_test_vault_list_000001/providers/Microsoft.NetApp/netAppAccounts/cli-acc-000002/capacityPools/cli-pool-000003/volumes/cli-vol-000004"}}'
    headers:
      cache-control:
      - no-cache
      content-length:
      - '570'
      content-type:
      - application/json; charset=utf-8
      date:
      - Tue, 15 Mar 2022 11:38:13 GMT
      expires:
      - '-1'
      pragma:
      - no-cache
      server:
      - Microsoft-IIS/10.0
      strict-transport-security:
      - max-age=31536000; includeSubDomains
      transfer-encoding:
      - chunked
      vary:
      - Accept-Encoding
      x-content-type-options:
      - nosniff
      x-powered-by:
      - ASP.NET
    status:
      code: 200
      message: OK
- request:
    body: null
    headers:
      Accept:
      - '*/*'
      Accept-Encoding:
      - gzip, deflate
      CommandName:
      - netappfiles volume create
      Connection:
      - keep-alive
      ParameterSetName:
      - -g -a -p -v -l --vnet --subnet --file-path --usage-threshold
      User-Agent:
      - AZURECLI/2.34.1 azsdk-python-mgmt-netapp/7.0.0 Python/3.8.10 (macOS-12.2-x86_64-i386-64bit)
    method: GET
    uri: https://management.azure.com/subscriptions/00000000-0000-0000-0000-000000000000/providers/Microsoft.NetApp/locations/southcentralusstage/operationResults/764be97b-7f39-45e3-a9ba-df9c0923cb2f?api-version=2021-10-01
  response:
    body:
      string: '{"id":"/subscriptions/00000000-0000-0000-0000-000000000000/providers/Microsoft.NetApp/locations/southcentralusstage/operationResults/764be97b-7f39-45e3-a9ba-df9c0923cb2f","name":"764be97b-7f39-45e3-a9ba-df9c0923cb2f","status":"Creating","startTime":"2022-03-15T11:37:11.820286Z","endTime":"0001-01-01T00:00:00Z","percentComplete":0.0,"properties":{"resourceName":"/subscriptions/00000000-0000-0000-0000-000000000000/resourceGroups/cli_netappfiles_test_vault_list_000001/providers/Microsoft.NetApp/netAppAccounts/cli-acc-000002/capacityPools/cli-pool-000003/volumes/cli-vol-000004"}}'
    headers:
      cache-control:
      - no-cache
      content-length:
      - '570'
      content-type:
      - application/json; charset=utf-8
      date:
      - Tue, 15 Mar 2022 11:38:43 GMT
      expires:
      - '-1'
      pragma:
      - no-cache
      server:
      - Microsoft-IIS/10.0
      strict-transport-security:
      - max-age=31536000; includeSubDomains
      transfer-encoding:
      - chunked
      vary:
      - Accept-Encoding
      x-content-type-options:
      - nosniff
      x-powered-by:
      - ASP.NET
    status:
      code: 200
      message: OK
- request:
    body: null
    headers:
      Accept:
      - '*/*'
      Accept-Encoding:
      - gzip, deflate
      CommandName:
      - netappfiles volume create
      Connection:
      - keep-alive
      ParameterSetName:
      - -g -a -p -v -l --vnet --subnet --file-path --usage-threshold
      User-Agent:
      - AZURECLI/2.34.1 azsdk-python-mgmt-netapp/7.0.0 Python/3.8.10 (macOS-12.2-x86_64-i386-64bit)
    method: GET
    uri: https://management.azure.com/subscriptions/00000000-0000-0000-0000-000000000000/providers/Microsoft.NetApp/locations/southcentralusstage/operationResults/764be97b-7f39-45e3-a9ba-df9c0923cb2f?api-version=2021-10-01
  response:
    body:
      string: '{"id":"/subscriptions/00000000-0000-0000-0000-000000000000/providers/Microsoft.NetApp/locations/southcentralusstage/operationResults/764be97b-7f39-45e3-a9ba-df9c0923cb2f","name":"764be97b-7f39-45e3-a9ba-df9c0923cb2f","status":"Creating","startTime":"2022-03-15T11:37:11.820286Z","endTime":"0001-01-01T00:00:00Z","percentComplete":0.0,"properties":{"resourceName":"/subscriptions/00000000-0000-0000-0000-000000000000/resourceGroups/cli_netappfiles_test_vault_list_000001/providers/Microsoft.NetApp/netAppAccounts/cli-acc-000002/capacityPools/cli-pool-000003/volumes/cli-vol-000004"}}'
    headers:
      cache-control:
      - no-cache
      content-length:
      - '570'
      content-type:
      - application/json; charset=utf-8
      date:
      - Tue, 15 Mar 2022 11:39:13 GMT
      expires:
      - '-1'
      pragma:
      - no-cache
      server:
      - Microsoft-IIS/10.0
      strict-transport-security:
      - max-age=31536000; includeSubDomains
      transfer-encoding:
      - chunked
      vary:
      - Accept-Encoding
      x-content-type-options:
      - nosniff
      x-powered-by:
      - ASP.NET
    status:
      code: 200
      message: OK
- request:
    body: null
    headers:
      Accept:
      - '*/*'
      Accept-Encoding:
      - gzip, deflate
      CommandName:
      - netappfiles volume create
      Connection:
      - keep-alive
      ParameterSetName:
      - -g -a -p -v -l --vnet --subnet --file-path --usage-threshold
      User-Agent:
      - AZURECLI/2.34.1 azsdk-python-mgmt-netapp/7.0.0 Python/3.8.10 (macOS-12.2-x86_64-i386-64bit)
    method: GET
    uri: https://management.azure.com/subscriptions/00000000-0000-0000-0000-000000000000/providers/Microsoft.NetApp/locations/southcentralusstage/operationResults/764be97b-7f39-45e3-a9ba-df9c0923cb2f?api-version=2021-10-01
  response:
    body:
      string: '{"id":"/subscriptions/00000000-0000-0000-0000-000000000000/providers/Microsoft.NetApp/locations/southcentralusstage/operationResults/764be97b-7f39-45e3-a9ba-df9c0923cb2f","name":"764be97b-7f39-45e3-a9ba-df9c0923cb2f","status":"Creating","startTime":"2022-03-15T11:37:11.820286Z","endTime":"0001-01-01T00:00:00Z","percentComplete":0.0,"properties":{"resourceName":"/subscriptions/00000000-0000-0000-0000-000000000000/resourceGroups/cli_netappfiles_test_vault_list_000001/providers/Microsoft.NetApp/netAppAccounts/cli-acc-000002/capacityPools/cli-pool-000003/volumes/cli-vol-000004"}}'
    headers:
      cache-control:
      - no-cache
      content-length:
      - '570'
      content-type:
      - application/json; charset=utf-8
      date:
      - Tue, 15 Mar 2022 11:39:43 GMT
      expires:
      - '-1'
      pragma:
      - no-cache
      server:
      - Microsoft-IIS/10.0
      strict-transport-security:
      - max-age=31536000; includeSubDomains
      transfer-encoding:
      - chunked
      vary:
      - Accept-Encoding
      x-content-type-options:
      - nosniff
      x-powered-by:
      - ASP.NET
    status:
      code: 200
      message: OK
- request:
    body: null
    headers:
      Accept:
      - '*/*'
      Accept-Encoding:
      - gzip, deflate
      CommandName:
      - netappfiles volume create
      Connection:
      - keep-alive
      ParameterSetName:
      - -g -a -p -v -l --vnet --subnet --file-path --usage-threshold
      User-Agent:
      - AZURECLI/2.34.1 azsdk-python-mgmt-netapp/7.0.0 Python/3.8.10 (macOS-12.2-x86_64-i386-64bit)
    method: GET
    uri: https://management.azure.com/subscriptions/00000000-0000-0000-0000-000000000000/providers/Microsoft.NetApp/locations/southcentralusstage/operationResults/764be97b-7f39-45e3-a9ba-df9c0923cb2f?api-version=2021-10-01
  response:
    body:
      string: '{"id":"/subscriptions/00000000-0000-0000-0000-000000000000/providers/Microsoft.NetApp/locations/southcentralusstage/operationResults/764be97b-7f39-45e3-a9ba-df9c0923cb2f","name":"764be97b-7f39-45e3-a9ba-df9c0923cb2f","status":"Creating","startTime":"2022-03-15T11:37:11.820286Z","endTime":"0001-01-01T00:00:00Z","percentComplete":0.0,"properties":{"resourceName":"/subscriptions/00000000-0000-0000-0000-000000000000/resourceGroups/cli_netappfiles_test_vault_list_000001/providers/Microsoft.NetApp/netAppAccounts/cli-acc-000002/capacityPools/cli-pool-000003/volumes/cli-vol-000004"}}'
    headers:
      cache-control:
      - no-cache
      content-length:
      - '570'
      content-type:
      - application/json; charset=utf-8
      date:
      - Tue, 15 Mar 2022 11:40:13 GMT
      expires:
      - '-1'
      pragma:
      - no-cache
      server:
      - Microsoft-IIS/10.0
      strict-transport-security:
      - max-age=31536000; includeSubDomains
      transfer-encoding:
      - chunked
      vary:
      - Accept-Encoding
      x-content-type-options:
      - nosniff
      x-powered-by:
      - ASP.NET
    status:
      code: 200
      message: OK
- request:
    body: null
    headers:
      Accept:
      - '*/*'
      Accept-Encoding:
      - gzip, deflate
      CommandName:
      - netappfiles volume create
      Connection:
      - keep-alive
      ParameterSetName:
      - -g -a -p -v -l --vnet --subnet --file-path --usage-threshold
      User-Agent:
      - AZURECLI/2.34.1 azsdk-python-mgmt-netapp/7.0.0 Python/3.8.10 (macOS-12.2-x86_64-i386-64bit)
    method: GET
    uri: https://management.azure.com/subscriptions/00000000-0000-0000-0000-000000000000/providers/Microsoft.NetApp/locations/southcentralusstage/operationResults/764be97b-7f39-45e3-a9ba-df9c0923cb2f?api-version=2021-10-01
  response:
    body:
      string: '{"id":"/subscriptions/00000000-0000-0000-0000-000000000000/providers/Microsoft.NetApp/locations/southcentralusstage/operationResults/764be97b-7f39-45e3-a9ba-df9c0923cb2f","name":"764be97b-7f39-45e3-a9ba-df9c0923cb2f","status":"Creating","startTime":"2022-03-15T11:37:11.820286Z","endTime":"0001-01-01T00:00:00Z","percentComplete":0.0,"properties":{"resourceName":"/subscriptions/00000000-0000-0000-0000-000000000000/resourceGroups/cli_netappfiles_test_vault_list_000001/providers/Microsoft.NetApp/netAppAccounts/cli-acc-000002/capacityPools/cli-pool-000003/volumes/cli-vol-000004"}}'
    headers:
      cache-control:
      - no-cache
      content-length:
      - '570'
      content-type:
      - application/json; charset=utf-8
      date:
      - Tue, 15 Mar 2022 11:40:43 GMT
      expires:
      - '-1'
      pragma:
      - no-cache
      server:
      - Microsoft-IIS/10.0
      strict-transport-security:
      - max-age=31536000; includeSubDomains
      transfer-encoding:
      - chunked
      vary:
      - Accept-Encoding
      x-content-type-options:
      - nosniff
      x-powered-by:
      - ASP.NET
    status:
      code: 200
      message: OK
- request:
    body: null
    headers:
      Accept:
      - '*/*'
      Accept-Encoding:
      - gzip, deflate
      CommandName:
      - netappfiles volume create
      Connection:
      - keep-alive
      ParameterSetName:
      - -g -a -p -v -l --vnet --subnet --file-path --usage-threshold
      User-Agent:
      - AZURECLI/2.34.1 azsdk-python-mgmt-netapp/7.0.0 Python/3.8.10 (macOS-12.2-x86_64-i386-64bit)
    method: GET
    uri: https://management.azure.com/subscriptions/00000000-0000-0000-0000-000000000000/providers/Microsoft.NetApp/locations/southcentralusstage/operationResults/764be97b-7f39-45e3-a9ba-df9c0923cb2f?api-version=2021-10-01
  response:
    body:
      string: '{"id":"/subscriptions/00000000-0000-0000-0000-000000000000/providers/Microsoft.NetApp/locations/southcentralusstage/operationResults/764be97b-7f39-45e3-a9ba-df9c0923cb2f","name":"764be97b-7f39-45e3-a9ba-df9c0923cb2f","status":"Succeeded","startTime":"2022-03-15T11:37:11.820286Z","endTime":"2022-03-15T11:41:05.9851334Z","percentComplete":100.0,"properties":{"resourceName":"/subscriptions/00000000-0000-0000-0000-000000000000/resourceGroups/cli_netappfiles_test_vault_list_000001/providers/Microsoft.NetApp/netAppAccounts/cli-acc-000002/capacityPools/cli-pool-000003/volumes/cli-vol-000004"}}'
    headers:
      cache-control:
      - no-cache
      content-length:
      - '581'
      content-type:
      - application/json; charset=utf-8
      date:
      - Tue, 15 Mar 2022 11:41:15 GMT
      expires:
      - '-1'
      pragma:
      - no-cache
      server:
      - Microsoft-IIS/10.0
      strict-transport-security:
      - max-age=31536000; includeSubDomains
      transfer-encoding:
      - chunked
      vary:
      - Accept-Encoding
      x-content-type-options:
      - nosniff
      x-powered-by:
      - ASP.NET
    status:
      code: 200
      message: OK
- request:
    body: null
    headers:
      Accept:
      - '*/*'
      Accept-Encoding:
      - gzip, deflate
      CommandName:
      - netappfiles volume create
      Connection:
      - keep-alive
      ParameterSetName:
      - -g -a -p -v -l --vnet --subnet --file-path --usage-threshold
      User-Agent:
      - AZURECLI/2.34.1 azsdk-python-mgmt-netapp/7.0.0 Python/3.8.10 (macOS-12.2-x86_64-i386-64bit)
    method: GET
    uri: https://management.azure.com/subscriptions/00000000-0000-0000-0000-000000000000/resourceGroups/cli_netappfiles_test_vault_list_000001/providers/Microsoft.NetApp/netAppAccounts/cli-acc-000002/capacityPools/cli-pool-000003/volumes/cli-vol-000004?api-version=2021-10-01
  response:
    body:
      string: '{"id":"/subscriptions/00000000-0000-0000-0000-000000000000/resourceGroups/cli_netappfiles_test_vault_list_000001/providers/Microsoft.NetApp/netAppAccounts/cli-acc-000002/capacityPools/cli-pool-000003/volumes/cli-vol-000004","name":"cli-acc-000002/cli-pool-000003/cli-vol-000004","type":"Microsoft.NetApp/netAppAccounts/capacityPools/volumes","etag":"W/\"datetime''2022-03-15T11%3A41%3A05.977184Z''\"","location":"southcentralusstage","tags":{"CreatedOnDate":"2022-03-15T11:37:08.2526685Z"},"properties":{"fileSystemId":"9ce92c38-6876-54a9-0fd6-762812a0a99e","serviceLevel":"Premium","creationToken":"cli-vol-000004","usageThreshold":107374182400,"exportPolicy":{"rules":[{"ruleIndex":1,"unixReadOnly":false,"unixReadWrite":true,"cifs":false,"nfsv3":true,"nfsv41":false,"allowedClients":"0.0.0.0/0","kerberos5ReadOnly":false,"kerberos5ReadWrite":false,"kerberos5iReadOnly":false,"kerberos5iReadWrite":false,"kerberos5pReadOnly":false,"kerberos5pReadWrite":false,"hasRootAccess":true,"chownMode":"Restricted"}]},"protocolTypes":["NFSv3"],"baremetalTenantId":"baremetalTenant_svm_1a1854d05b8211e99e4a3a8c013b5748_80a60438","subnetId":"/subscriptions/00000000-0000-0000-0000-000000000000/resourceGroups/cli_netappfiles_test_vault_list_000001/providers/Microsoft.Network/virtualNetworks/cli-vnet-000005/subnets/cli-subnet-000006","networkFeatures":"Basic","networkSiblingSetId":"8873ecfc-9610-e18f-f9b4-32539067c653","storageToNetworkProximity":"Default","snapshotDirectoryVisible":true,"kerberosEnabled":false,"securityStyle":"Unix","smbEncryption":false,"smbContinuouslyAvailable":false,"encryptionKeySource":"Microsoft.NetApp","ldapEnabled":false,"unixPermissions":"0770","mountTargets":[{"mountTargetId":"9ce92c38-6876-54a9-0fd6-762812a0a99e","fileSystemId":"9ce92c38-6876-54a9-0fd6-762812a0a99e","ipAddress":"10.5.0.4"}],"throughputMibps":6.4,"volumeSpecName":"generic","coolAccess":false,"avsDataStore":"Disabled","isDefaultQuotaEnabled":false,"defaultUserQuotaInKiBs":0,"defaultGroupQuotaInKiBs":0,"enableSubvolumes":"Disabled","maximumNumberOfFiles":100000000,"provisioningState":"Succeeded"}}'
    headers:
      cache-control:
      - no-cache
      content-length:
      - '2082'
      content-type:
      - application/json; charset=utf-8
      date:
      - Tue, 15 Mar 2022 11:41:15 GMT
      etag:
      - W/"datetime'2022-03-15T11%3A41%3A05.977184Z'"
      expires:
      - '-1'
      pragma:
      - no-cache
      server:
      - Microsoft-IIS/10.0
      strict-transport-security:
      - max-age=31536000; includeSubDomains
      transfer-encoding:
      - chunked
      vary:
      - Accept-Encoding
      x-content-type-options:
      - nosniff
      x-powered-by:
      - ASP.NET
    status:
      code: 200
      message: OK
- request:
    body: null
    headers:
      Accept:
      - application/json
      Accept-Encoding:
      - gzip, deflate
      CommandName:
      - netappfiles vault list
      Connection:
      - keep-alive
      ParameterSetName:
      - -g -a
      User-Agent:
      - AZURECLI/2.34.1 azsdk-python-mgmt-netapp/7.0.0 Python/3.8.10 (macOS-12.2-x86_64-i386-64bit)
    method: GET
    uri: https://management.azure.com/subscriptions/00000000-0000-0000-0000-000000000000/resourceGroups/cli_netappfiles_test_vault_list_000001/providers/Microsoft.NetApp/netAppAccounts/cli-acc-000002/vaults?api-version=2021-10-01
  response:
    body:
      string: '{"value":[{"id":"/subscriptions/00000000-0000-0000-0000-000000000000/resourceGroups/cli_netappfiles_test_vault_list_000001/providers/Microsoft.NetApp/netAppAccounts/cli-acc-000002/vaults/cbsvault","name":"cli-acc-000002/cbsvault","type":"Microsoft.NetApp/netAppAccounts/vaults","properties":{"enabled":true,"vaultId":"5257493b-402a-11eb-8a44-4634d5646699"}}]}'
    headers:
      cache-control:
      - no-cache
      content-length:
      - '359'
      content-type:
      - application/json; charset=utf-8
      date:
      - Tue, 15 Mar 2022 11:41:15 GMT
      expires:
      - '-1'
      pragma:
      - no-cache
      server:
      - Microsoft-IIS/10.0
      strict-transport-security:
      - max-age=31536000; includeSubDomains
      x-content-type-options:
      - nosniff
      x-powered-by:
      - ASP.NET
    status:
      code: 200
      message: OK
version: 1
