interactions:
- request:
    body: '{"location": "westus2", "tags": {}, "properties": {"addressSpace": {"addressPrefixes":
      ["10.0.0.0/16"]}, "dhcpOptions": {}}}'
    headers:
      Accept:
      - application/json
      Accept-Encoding:
      - gzip, deflate
      CommandName:
      - network vnet create
      Connection:
      - keep-alive
      Content-Length:
      - '124'
      Content-Type:
      - application/json; charset=utf-8
      ParameterSetName:
      - -n --resource-group -l
      User-Agent:
      - python/3.7.5 (Windows-10-10.0.18362-SP0) msrest/0.6.11 msrest_azure/0.6.3
        azure-mgmt-network/10.1.0 Azure-SDK-For-Python AZURECLI/2.4.0
      accept-language:
      - en-US
    method: PUT
    uri: https://management.azure.com/subscriptions/00000000-0000-0000-0000-000000000000/resourceGroups/cli_netappfiles_test_mounttarget_000001/providers/Microsoft.Network/virtualNetworks/cli-vnet-lefr-01?api-version=2020-03-01
  response:
    body:
      string: "{\r\n  \"name\": \"cli-vnet-lefr-01\",\r\n  \"id\": \"/subscriptions/00000000-0000-0000-0000-000000000000/resourceGroups/cli_netappfiles_test_mounttarget_000001/providers/Microsoft.Network/virtualNetworks/cli-vnet-lefr-01\",\r\n
        \ \"etag\": \"W/\\\"9ffcd99f-ad3b-49b2-8c1a-b88839c64005\\\"\",\r\n  \"type\":
        \"Microsoft.Network/virtualNetworks\",\r\n  \"location\": \"westus2\",\r\n
        \ \"tags\": {},\r\n  \"properties\": {\r\n    \"provisioningState\": \"Updating\",\r\n
        \   \"resourceGuid\": \"15bd8bbe-5000-4200-bb05-36e7d9386a9b\",\r\n    \"addressSpace\":
        {\r\n      \"addressPrefixes\": [\r\n        \"10.0.0.0/16\"\r\n      ]\r\n
        \   },\r\n    \"dhcpOptions\": {\r\n      \"dnsServers\": []\r\n    },\r\n
        \   \"subnets\": [],\r\n    \"virtualNetworkPeerings\": [],\r\n    \"enableDdosProtection\":
        false,\r\n    \"enableVmProtection\": false\r\n  }\r\n}"
    headers:
      azure-asyncnotification:
      - Enabled
      azure-asyncoperation:
      - https://management.azure.com/subscriptions/00000000-0000-0000-0000-000000000000/providers/Microsoft.Network/locations/westus2/operations/8aedcec4-0743-4c03-abcf-8cfa0eaf49e9?api-version=2020-03-01
      cache-control:
      - no-cache
      content-length:
      - '789'
      content-type:
      - application/json; charset=utf-8
      date:
      - Wed, 13 May 2020 11:04:55 GMT
      expires:
      - '-1'
      pragma:
      - no-cache
      server:
      - Microsoft-HTTPAPI/2.0
      - Microsoft-HTTPAPI/2.0
      strict-transport-security:
      - max-age=31536000; includeSubDomains
      x-content-type-options:
      - nosniff
      x-ms-arm-service-request-id:
      - cd92fcd9-4a73-4837-9455-e6d553aa171d
      x-ms-ratelimit-remaining-subscription-writes:
      - '1198'
    status:
      code: 201
      message: Created
- request:
    body: null
    headers:
      Accept:
      - application/json
      Accept-Encoding:
      - gzip, deflate
      CommandName:
      - network vnet create
      Connection:
      - keep-alive
      ParameterSetName:
      - -n --resource-group -l
      User-Agent:
      - python/3.7.5 (Windows-10-10.0.18362-SP0) msrest/0.6.11 msrest_azure/0.6.3
        azure-mgmt-network/10.1.0 Azure-SDK-For-Python AZURECLI/2.4.0
    method: GET
    uri: https://management.azure.com/subscriptions/00000000-0000-0000-0000-000000000000/providers/Microsoft.Network/locations/westus2/operations/8aedcec4-0743-4c03-abcf-8cfa0eaf49e9?api-version=2020-03-01
  response:
    body:
      string: "{\r\n  \"status\": \"Succeeded\"\r\n}"
    headers:
      cache-control:
      - no-cache
      content-length:
      - '29'
      content-type:
      - application/json; charset=utf-8
      date:
      - Wed, 13 May 2020 11:04:58 GMT
      expires:
      - '-1'
      pragma:
      - no-cache
      server:
      - Microsoft-HTTPAPI/2.0
      - Microsoft-HTTPAPI/2.0
      strict-transport-security:
      - max-age=31536000; includeSubDomains
      transfer-encoding:
      - chunked
      vary:
      - Accept-Encoding
      x-content-type-options:
      - nosniff
      x-ms-arm-service-request-id:
      - b02a948a-474e-4a9f-a560-39e668a77bc3
    status:
      code: 200
      message: OK
- request:
    body: null
    headers:
      Accept:
      - application/json
      Accept-Encoding:
      - gzip, deflate
      CommandName:
      - network vnet create
      Connection:
      - keep-alive
      ParameterSetName:
      - -n --resource-group -l
      User-Agent:
      - python/3.7.5 (Windows-10-10.0.18362-SP0) msrest/0.6.11 msrest_azure/0.6.3
        azure-mgmt-network/10.1.0 Azure-SDK-For-Python AZURECLI/2.4.0
    method: GET
    uri: https://management.azure.com/subscriptions/00000000-0000-0000-0000-000000000000/resourceGroups/cli_netappfiles_test_mounttarget_000001/providers/Microsoft.Network/virtualNetworks/cli-vnet-lefr-01?api-version=2020-03-01
  response:
    body:
      string: "{\r\n  \"name\": \"cli-vnet-lefr-01\",\r\n  \"id\": \"/subscriptions/00000000-0000-0000-0000-000000000000/resourceGroups/cli_netappfiles_test_mounttarget_000001/providers/Microsoft.Network/virtualNetworks/cli-vnet-lefr-01\",\r\n
        \ \"etag\": \"W/\\\"5519ee6a-a479-46ea-a966-794a3c041ce8\\\"\",\r\n  \"type\":
        \"Microsoft.Network/virtualNetworks\",\r\n  \"location\": \"westus2\",\r\n
        \ \"tags\": {},\r\n  \"properties\": {\r\n    \"provisioningState\": \"Succeeded\",\r\n
        \   \"resourceGuid\": \"15bd8bbe-5000-4200-bb05-36e7d9386a9b\",\r\n    \"addressSpace\":
        {\r\n      \"addressPrefixes\": [\r\n        \"10.0.0.0/16\"\r\n      ]\r\n
        \   },\r\n    \"dhcpOptions\": {\r\n      \"dnsServers\": []\r\n    },\r\n
        \   \"subnets\": [],\r\n    \"virtualNetworkPeerings\": [],\r\n    \"enableDdosProtection\":
        false,\r\n    \"enableVmProtection\": false\r\n  }\r\n}"
    headers:
      cache-control:
      - no-cache
      content-length:
      - '790'
      content-type:
      - application/json; charset=utf-8
      date:
      - Wed, 13 May 2020 11:04:58 GMT
      etag:
      - W/"5519ee6a-a479-46ea-a966-794a3c041ce8"
      expires:
      - '-1'
      pragma:
      - no-cache
      server:
      - Microsoft-HTTPAPI/2.0
      - Microsoft-HTTPAPI/2.0
      strict-transport-security:
      - max-age=31536000; includeSubDomains
      transfer-encoding:
      - chunked
      vary:
      - Accept-Encoding
      x-content-type-options:
      - nosniff
      x-ms-arm-service-request-id:
      - 2534f0ce-0d2d-4f5d-8a22-7f5de5218eb6
    status:
      code: 200
      message: OK
- request:
    body: null
    headers:
      Accept:
      - application/json
      Accept-Encoding:
      - gzip, deflate
      CommandName:
      - network vnet subnet create
      Connection:
      - keep-alive
      ParameterSetName:
      - -n --vnet-name --address-prefixes --delegations -g
      User-Agent:
      - python/3.7.5 (Windows-10-10.0.18362-SP0) msrest/0.6.11 msrest_azure/0.6.3
        azure-mgmt-network/10.1.0 Azure-SDK-For-Python AZURECLI/2.4.0
      accept-language:
      - en-US
    method: GET
    uri: https://management.azure.com/subscriptions/00000000-0000-0000-0000-000000000000/resourceGroups/cli_netappfiles_test_mounttarget_000001/providers/Microsoft.Network/virtualNetworks/cli-vnet-lefr-01?api-version=2020-03-01
  response:
    body:
      string: "{\r\n  \"name\": \"cli-vnet-lefr-01\",\r\n  \"id\": \"/subscriptions/00000000-0000-0000-0000-000000000000/resourceGroups/cli_netappfiles_test_mounttarget_000001/providers/Microsoft.Network/virtualNetworks/cli-vnet-lefr-01\",\r\n
        \ \"etag\": \"W/\\\"5519ee6a-a479-46ea-a966-794a3c041ce8\\\"\",\r\n  \"type\":
        \"Microsoft.Network/virtualNetworks\",\r\n  \"location\": \"westus2\",\r\n
        \ \"tags\": {},\r\n  \"properties\": {\r\n    \"provisioningState\": \"Succeeded\",\r\n
        \   \"resourceGuid\": \"15bd8bbe-5000-4200-bb05-36e7d9386a9b\",\r\n    \"addressSpace\":
        {\r\n      \"addressPrefixes\": [\r\n        \"10.0.0.0/16\"\r\n      ]\r\n
        \   },\r\n    \"dhcpOptions\": {\r\n      \"dnsServers\": []\r\n    },\r\n
        \   \"subnets\": [],\r\n    \"virtualNetworkPeerings\": [],\r\n    \"enableDdosProtection\":
        false,\r\n    \"enableVmProtection\": false\r\n  }\r\n}"
    headers:
      cache-control:
      - no-cache
      content-length:
      - '790'
      content-type:
      - application/json; charset=utf-8
      date:
      - Wed, 13 May 2020 11:04:59 GMT
      etag:
      - W/"5519ee6a-a479-46ea-a966-794a3c041ce8"
      expires:
      - '-1'
      pragma:
      - no-cache
      server:
      - Microsoft-HTTPAPI/2.0
      - Microsoft-HTTPAPI/2.0
      strict-transport-security:
      - max-age=31536000; includeSubDomains
      transfer-encoding:
      - chunked
      vary:
      - Accept-Encoding
      x-content-type-options:
      - nosniff
      x-ms-arm-service-request-id:
      - 3d48aaad-6922-4aec-8dd8-acc43c2d0ee8
    status:
      code: 200
      message: OK
- request:
    body: 'b''{"id": "/subscriptions/00000000-0000-0000-0000-000000000000/resourceGroups/cli_netappfiles_test_mounttarget_000001/providers/Microsoft.Network/virtualNetworks/cli-vnet-lefr-01",
      "location": "westus2", "tags": {}, "properties": {"addressSpace": {"addressPrefixes":
      ["10.0.0.0/16"]}, "dhcpOptions": {"dnsServers": []}, "subnets": [{"properties":
      {"addressPrefix": "10.0.0.0/24", "delegations": [{"properties": {"serviceName":
      "Microsoft.Netapp/volumes"}, "name": "0"}]}, "name": "cli-subnet-lefr-01"}],
      "virtualNetworkPeerings": [], "enableDdosProtection": false, "enableVmProtection":
      false}}'''
    headers:
      Accept:
      - application/json
      Accept-Encoding:
      - gzip, deflate
      CommandName:
      - network vnet subnet create
      Connection:
      - keep-alive
      Content-Length:
      - '627'
      Content-Type:
      - application/json; charset=utf-8
      ParameterSetName:
      - -n --vnet-name --address-prefixes --delegations -g
      User-Agent:
      - python/3.7.5 (Windows-10-10.0.18362-SP0) msrest/0.6.11 msrest_azure/0.6.3
        azure-mgmt-network/10.1.0 Azure-SDK-For-Python AZURECLI/2.4.0
      accept-language:
      - en-US
    method: PUT
    uri: https://management.azure.com/subscriptions/00000000-0000-0000-0000-000000000000/resourceGroups/cli_netappfiles_test_mounttarget_000001/providers/Microsoft.Network/virtualNetworks/cli-vnet-lefr-01?api-version=2020-03-01
  response:
    body:
      string: "{\r\n  \"name\": \"cli-vnet-lefr-01\",\r\n  \"id\": \"/subscriptions/00000000-0000-0000-0000-000000000000/resourceGroups/cli_netappfiles_test_mounttarget_000001/providers/Microsoft.Network/virtualNetworks/cli-vnet-lefr-01\",\r\n
        \ \"etag\": \"W/\\\"a3f426ff-104f-4a7e-9c7d-b59b356c15b4\\\"\",\r\n  \"type\":
        \"Microsoft.Network/virtualNetworks\",\r\n  \"location\": \"westus2\",\r\n
        \ \"tags\": {},\r\n  \"properties\": {\r\n    \"provisioningState\": \"Updating\",\r\n
        \   \"resourceGuid\": \"15bd8bbe-5000-4200-bb05-36e7d9386a9b\",\r\n    \"addressSpace\":
        {\r\n      \"addressPrefixes\": [\r\n        \"10.0.0.0/16\"\r\n      ]\r\n
        \   },\r\n    \"dhcpOptions\": {\r\n      \"dnsServers\": []\r\n    },\r\n
        \   \"subnets\": [\r\n      {\r\n        \"name\": \"cli-subnet-lefr-01\",\r\n
        \       \"id\": \"/subscriptions/00000000-0000-0000-0000-000000000000/resourceGroups/cli_netappfiles_test_mounttarget_000001/providers/Microsoft.Network/virtualNetworks/cli-vnet-lefr-01/subnets/cli-subnet-lefr-01\",\r\n
        \       \"etag\": \"W/\\\"a3f426ff-104f-4a7e-9c7d-b59b356c15b4\\\"\",\r\n
        \       \"properties\": {\r\n          \"provisioningState\": \"Updating\",\r\n
        \         \"addressPrefix\": \"10.0.0.0/24\",\r\n          \"delegations\":
        [\r\n            {\r\n              \"name\": \"0\",\r\n              \"id\":
        \"/subscriptions/00000000-0000-0000-0000-000000000000/resourceGroups/cli_netappfiles_test_mounttarget_000001/providers/Microsoft.Network/virtualNetworks/cli-vnet-lefr-01/subnets/cli-subnet-lefr-01/delegations/0\",\r\n
        \             \"etag\": \"W/\\\"a3f426ff-104f-4a7e-9c7d-b59b356c15b4\\\"\",\r\n
        \             \"properties\": {\r\n                \"provisioningState\":
        \"Succeeded\",\r\n                \"serviceName\": \"Microsoft.Netapp/volumes\",\r\n
        \               \"actions\": [\r\n                  \"Microsoft.Network/networkinterfaces/*\",\r\n
        \                 \"Microsoft.Network/virtualNetworks/subnets/join/action\"\r\n
        \               ]\r\n              },\r\n              \"type\": \"Microsoft.Network/virtualNetworks/subnets/delegations\"\r\n
        \           }\r\n          ],\r\n          \"purpose\": \"HostedWorkloads\",\r\n
        \         \"privateEndpointNetworkPolicies\": \"Enabled\",\r\n          \"privateLinkServiceNetworkPolicies\":
        \"Enabled\"\r\n        },\r\n        \"type\": \"Microsoft.Network/virtualNetworks/subnets\"\r\n
        \     }\r\n    ],\r\n    \"virtualNetworkPeerings\": [],\r\n    \"enableDdosProtection\":
        false,\r\n    \"enableVmProtection\": false\r\n  }\r\n}"
    headers:
      azure-asyncoperation:
      - https://management.azure.com/subscriptions/00000000-0000-0000-0000-000000000000/providers/Microsoft.Network/locations/westus2/operations/06cbb47a-79fb-4b40-a5f6-01a0bca93bf7?api-version=2020-03-01
      cache-control:
      - no-cache
      content-length:
      - '2365'
      content-type:
      - application/json; charset=utf-8
      date:
      - Wed, 13 May 2020 11:05:01 GMT
      expires:
      - '-1'
      pragma:
      - no-cache
      server:
      - Microsoft-HTTPAPI/2.0
      - Microsoft-HTTPAPI/2.0
      strict-transport-security:
      - max-age=31536000; includeSubDomains
      transfer-encoding:
      - chunked
      vary:
      - Accept-Encoding
      x-content-type-options:
      - nosniff
      x-ms-arm-service-request-id:
      - b3e85686-8f16-44c3-8034-a25c473c4c62
      x-ms-ratelimit-remaining-subscription-writes:
      - '1196'
    status:
      code: 200
      message: OK
- request:
    body: null
    headers:
      Accept:
      - application/json
      Accept-Encoding:
      - gzip, deflate
      CommandName:
      - network vnet subnet create
      Connection:
      - keep-alive
      ParameterSetName:
      - -n --vnet-name --address-prefixes --delegations -g
      User-Agent:
      - python/3.7.5 (Windows-10-10.0.18362-SP0) msrest/0.6.11 msrest_azure/0.6.3
        azure-mgmt-network/10.1.0 Azure-SDK-For-Python AZURECLI/2.4.0
    method: GET
    uri: https://management.azure.com/subscriptions/00000000-0000-0000-0000-000000000000/providers/Microsoft.Network/locations/westus2/operations/06cbb47a-79fb-4b40-a5f6-01a0bca93bf7?api-version=2020-03-01
  response:
    body:
      string: "{\r\n  \"status\": \"Succeeded\"\r\n}"
    headers:
      cache-control:
      - no-cache
      content-length:
      - '29'
      content-type:
      - application/json; charset=utf-8
      date:
      - Wed, 13 May 2020 11:05:05 GMT
      expires:
      - '-1'
      pragma:
      - no-cache
      server:
      - Microsoft-HTTPAPI/2.0
      - Microsoft-HTTPAPI/2.0
      strict-transport-security:
      - max-age=31536000; includeSubDomains
      transfer-encoding:
      - chunked
      vary:
      - Accept-Encoding
      x-content-type-options:
      - nosniff
      x-ms-arm-service-request-id:
      - 114d6aa1-254f-430e-a283-bea52cc94a74
    status:
      code: 200
      message: OK
- request:
    body: null
    headers:
      Accept:
      - application/json
      Accept-Encoding:
      - gzip, deflate
      CommandName:
      - network vnet subnet create
      Connection:
      - keep-alive
      ParameterSetName:
      - -n --vnet-name --address-prefixes --delegations -g
      User-Agent:
      - python/3.7.5 (Windows-10-10.0.18362-SP0) msrest/0.6.11 msrest_azure/0.6.3
        azure-mgmt-network/10.1.0 Azure-SDK-For-Python AZURECLI/2.4.0
    method: GET
    uri: https://management.azure.com/subscriptions/00000000-0000-0000-0000-000000000000/resourceGroups/cli_netappfiles_test_mounttarget_000001/providers/Microsoft.Network/virtualNetworks/cli-vnet-lefr-01?api-version=2020-03-01
  response:
    body:
      string: "{\r\n  \"name\": \"cli-vnet-lefr-01\",\r\n  \"id\": \"/subscriptions/00000000-0000-0000-0000-000000000000/resourceGroups/cli_netappfiles_test_mounttarget_000001/providers/Microsoft.Network/virtualNetworks/cli-vnet-lefr-01\",\r\n
        \ \"etag\": \"W/\\\"9ca14f49-3e40-4f78-9152-086753c64295\\\"\",\r\n  \"type\":
        \"Microsoft.Network/virtualNetworks\",\r\n  \"location\": \"westus2\",\r\n
        \ \"tags\": {},\r\n  \"properties\": {\r\n    \"provisioningState\": \"Succeeded\",\r\n
        \   \"resourceGuid\": \"15bd8bbe-5000-4200-bb05-36e7d9386a9b\",\r\n    \"addressSpace\":
        {\r\n      \"addressPrefixes\": [\r\n        \"10.0.0.0/16\"\r\n      ]\r\n
        \   },\r\n    \"dhcpOptions\": {\r\n      \"dnsServers\": []\r\n    },\r\n
        \   \"subnets\": [\r\n      {\r\n        \"name\": \"cli-subnet-lefr-01\",\r\n
        \       \"id\": \"/subscriptions/00000000-0000-0000-0000-000000000000/resourceGroups/cli_netappfiles_test_mounttarget_000001/providers/Microsoft.Network/virtualNetworks/cli-vnet-lefr-01/subnets/cli-subnet-lefr-01\",\r\n
        \       \"etag\": \"W/\\\"9ca14f49-3e40-4f78-9152-086753c64295\\\"\",\r\n
        \       \"properties\": {\r\n          \"provisioningState\": \"Succeeded\",\r\n
        \         \"addressPrefix\": \"10.0.0.0/24\",\r\n          \"delegations\":
        [\r\n            {\r\n              \"name\": \"0\",\r\n              \"id\":
        \"/subscriptions/00000000-0000-0000-0000-000000000000/resourceGroups/cli_netappfiles_test_mounttarget_000001/providers/Microsoft.Network/virtualNetworks/cli-vnet-lefr-01/subnets/cli-subnet-lefr-01/delegations/0\",\r\n
        \             \"etag\": \"W/\\\"9ca14f49-3e40-4f78-9152-086753c64295\\\"\",\r\n
        \             \"properties\": {\r\n                \"provisioningState\":
        \"Succeeded\",\r\n                \"serviceName\": \"Microsoft.Netapp/volumes\",\r\n
        \               \"actions\": [\r\n                  \"Microsoft.Network/networkinterfaces/*\",\r\n
        \                 \"Microsoft.Network/virtualNetworks/subnets/join/action\"\r\n
        \               ]\r\n              },\r\n              \"type\": \"Microsoft.Network/virtualNetworks/subnets/delegations\"\r\n
        \           }\r\n          ],\r\n          \"purpose\": \"HostedWorkloads\",\r\n
        \         \"privateEndpointNetworkPolicies\": \"Enabled\",\r\n          \"privateLinkServiceNetworkPolicies\":
        \"Enabled\"\r\n        },\r\n        \"type\": \"Microsoft.Network/virtualNetworks/subnets\"\r\n
        \     }\r\n    ],\r\n    \"virtualNetworkPeerings\": [],\r\n    \"enableDdosProtection\":
        false,\r\n    \"enableVmProtection\": false\r\n  }\r\n}"
    headers:
      cache-control:
      - no-cache
      content-length:
      - '2367'
      content-type:
      - application/json; charset=utf-8
      date:
      - Wed, 13 May 2020 11:05:06 GMT
      etag:
      - W/"9ca14f49-3e40-4f78-9152-086753c64295"
      expires:
      - '-1'
      pragma:
      - no-cache
      server:
      - Microsoft-HTTPAPI/2.0
      - Microsoft-HTTPAPI/2.0
      strict-transport-security:
      - max-age=31536000; includeSubDomains
      transfer-encoding:
      - chunked
      vary:
      - Accept-Encoding
      x-content-type-options:
      - nosniff
      x-ms-arm-service-request-id:
      - 966b405f-ef8a-40a3-9884-bf4767c22a19
    status:
      code: 200
      message: OK
- request:
    body: '{"location": "westus2stage"}'
    headers:
      Accept:
      - application/json
      Accept-Encoding:
      - gzip, deflate
      CommandName:
      - netappfiles account create
      Connection:
      - keep-alive
      Content-Length:
      - '28'
      Content-Type:
      - application/json; charset=utf-8
      ParameterSetName:
      - -g -a -l
      User-Agent:
      - python/3.7.5 (Windows-10-10.0.18362-SP0) msrest/0.6.11 msrest_azure/0.6.3
        azure-mgmt-netapp/0.8.0 Azure-SDK-For-Python AZURECLI/2.4.0
      accept-language:
      - en-US
    method: PUT
    uri: https://management.azure.com/subscriptions/00000000-0000-0000-0000-000000000000/resourceGroups/cli_netappfiles_test_mounttarget_000001/providers/Microsoft.NetApp/netAppAccounts/cli-acc-lefr-01?api-version=2019-10-01
  response:
    body:
      string: '{"id":"/subscriptions/00000000-0000-0000-0000-000000000000/resourceGroups/cli_netappfiles_test_mounttarget_000001/providers/Microsoft.NetApp/netAppAccounts/cli-acc-lefr-01","name":"cli-acc-lefr-01","type":"Microsoft.NetApp/netAppAccounts","etag":"W/\"datetime''2020-05-13T11%3A05%3A13.5162961Z''\"","location":"westus2stage","properties":{"name":"cli-acc-lefr-01","provisioningState":"Creating"}}'
    headers:
      access-control-expose-headers:
      - Request-Context
      azure-asyncoperation:
      - https://management.azure.com/subscriptions/00000000-0000-0000-0000-000000000000/providers/Microsoft.NetApp/locations/westus2stage/operationResults/ddf53648-613f-42af-af14-7050afd5b3cf?api-version=2019-10-01
      cache-control:
      - no-cache
      content-length:
      - '430'
      content-type:
      - application/json; charset=utf-8
      date:
      - Wed, 13 May 2020 11:05:14 GMT
      etag:
      - W/"datetime'2020-05-13T11%3A05%3A13.5162961Z'"
      expires:
      - '-1'
      pragma:
      - no-cache
      request-context:
      - appId=cid-v1:2c4cb680-0a1f-424d-bb8d-8e650ba68d53
      server:
      - Microsoft-IIS/10.0
      strict-transport-security:
      - max-age=31536000; includeSubDomains
      x-content-type-options:
      - nosniff
      x-ms-ratelimit-remaining-subscription-writes:
      - '1198'
      x-powered-by:
      - ASP.NET
    status:
      code: 201
      message: Created
- request:
    body: null
    headers:
      Accept:
      - application/json
      Accept-Encoding:
      - gzip, deflate
      CommandName:
      - netappfiles account create
      Connection:
      - keep-alive
      ParameterSetName:
      - -g -a -l
      User-Agent:
      - python/3.7.5 (Windows-10-10.0.18362-SP0) msrest/0.6.11 msrest_azure/0.6.3
        azure-mgmt-netapp/0.8.0 Azure-SDK-For-Python AZURECLI/2.4.0
    method: GET
    uri: https://management.azure.com/subscriptions/00000000-0000-0000-0000-000000000000/providers/Microsoft.NetApp/locations/westus2stage/operationResults/ddf53648-613f-42af-af14-7050afd5b3cf?api-version=2019-10-01
  response:
    body:
      string: '{"id":"/subscriptions/00000000-0000-0000-0000-000000000000/providers/Microsoft.NetApp/locations/westus2stage/operationResults/ddf53648-613f-42af-af14-7050afd5b3cf","name":"ddf53648-613f-42af-af14-7050afd5b3cf","status":"Succeeded","startTime":"2020-05-13T11:05:13.0919219Z","endTime":"2020-05-13T11:05:14.324398Z","percentComplete":100.0,"properties":{"resourceName":"/subscriptions/00000000-0000-0000-0000-000000000000/resourceGroups/cli_netappfiles_test_mounttarget_000001/providers/Microsoft.NetApp/netAppAccounts/cli-acc-lefr-01"}}'
    headers:
      access-control-expose-headers:
      - Request-Context
      cache-control:
      - no-cache
      content-length:
      - '571'
      content-type:
      - application/json; charset=utf-8
      date:
      - Wed, 13 May 2020 11:05:45 GMT
      expires:
      - '-1'
      pragma:
      - no-cache
      request-context:
      - appId=cid-v1:2c4cb680-0a1f-424d-bb8d-8e650ba68d53
      server:
      - Microsoft-IIS/10.0
      strict-transport-security:
      - max-age=31536000; includeSubDomains
      transfer-encoding:
      - chunked
      vary:
      - Accept-Encoding
      x-content-type-options:
      - nosniff
      x-powered-by:
      - ASP.NET
    status:
      code: 200
      message: OK
- request:
    body: null
    headers:
      Accept:
      - application/json
      Accept-Encoding:
      - gzip, deflate
      CommandName:
      - netappfiles account create
      Connection:
      - keep-alive
      ParameterSetName:
      - -g -a -l
      User-Agent:
      - python/3.7.5 (Windows-10-10.0.18362-SP0) msrest/0.6.11 msrest_azure/0.6.3
        azure-mgmt-netapp/0.8.0 Azure-SDK-For-Python AZURECLI/2.4.0
    method: GET
    uri: https://management.azure.com/subscriptions/00000000-0000-0000-0000-000000000000/resourceGroups/cli_netappfiles_test_mounttarget_000001/providers/Microsoft.NetApp/netAppAccounts/cli-acc-lefr-01?api-version=2019-10-01
  response:
    body:
      string: '{"id":"/subscriptions/00000000-0000-0000-0000-000000000000/resourceGroups/cli_netappfiles_test_mounttarget_000001/providers/Microsoft.NetApp/netAppAccounts/cli-acc-lefr-01","name":"cli-acc-lefr-01","type":"Microsoft.NetApp/netAppAccounts","etag":"W/\"datetime''2020-05-13T11%3A05%3A14.1909515Z''\"","location":"westus2stage","properties":{"name":"cli-acc-lefr-01","provisioningState":"Succeeded"}}'
    headers:
      access-control-expose-headers:
      - Request-Context
      cache-control:
      - no-cache
      content-length:
      - '431'
      content-type:
      - application/json; charset=utf-8
      date:
      - Wed, 13 May 2020 11:05:46 GMT
      etag:
      - W/"datetime'2020-05-13T11%3A05%3A14.1909515Z'"
      expires:
      - '-1'
      pragma:
      - no-cache
      request-context:
      - appId=cid-v1:2c4cb680-0a1f-424d-bb8d-8e650ba68d53
      server:
      - Microsoft-IIS/10.0
      strict-transport-security:
      - max-age=31536000; includeSubDomains
      transfer-encoding:
      - chunked
      vary:
      - Accept-Encoding
      x-content-type-options:
      - nosniff
      x-powered-by:
      - ASP.NET
    status:
      code: 200
      message: OK
- request:
    body: '{"location": "westus2stage", "properties": {"size": 4398046511104, "serviceLevel":
      "Premium"}}'
    headers:
      Accept:
      - application/json
      Accept-Encoding:
      - gzip, deflate
      CommandName:
      - netappfiles pool create
      Connection:
      - keep-alive
      Content-Length:
      - '94'
      Content-Type:
      - application/json; charset=utf-8
      ParameterSetName:
      - -g -a -p -l --service-level --size
      User-Agent:
      - python/3.7.5 (Windows-10-10.0.18362-SP0) msrest/0.6.11 msrest_azure/0.6.3
        azure-mgmt-netapp/0.8.0 Azure-SDK-For-Python AZURECLI/2.4.0
      accept-language:
      - en-US
    method: PUT
    uri: https://management.azure.com/subscriptions/00000000-0000-0000-0000-000000000000/resourceGroups/cli_netappfiles_test_mounttarget_000001/providers/Microsoft.NetApp/netAppAccounts/cli-acc-lefr-01/capacityPools/cli-pool-lefr-01?api-version=2019-10-01
  response:
    body:
      string: '{"id":"/subscriptions/00000000-0000-0000-0000-000000000000/resourceGroups/cli_netappfiles_test_mounttarget_000001/providers/Microsoft.NetApp/netAppAccounts/cli-acc-lefr-01/capacityPools/cli-pool-lefr-01","name":"cli-acc-lefr-01/cli-pool-lefr-01","type":"Microsoft.NetApp/netAppAccounts/capacityPools","etag":"W/\"datetime''2020-05-13T11%3A05%3A54.7090811Z''\"","location":"westus2stage","properties":{"serviceLevel":"Premium","size":4398046511104,"provisioningState":"Creating"}}'
    headers:
      access-control-expose-headers:
      - Request-Context
      azure-asyncoperation:
      - https://management.azure.com/subscriptions/00000000-0000-0000-0000-000000000000/providers/Microsoft.NetApp/locations/westus2stage/operationResults/80635655-5fcb-4fdf-8036-e593d8df6b78?api-version=2019-10-01
      cache-control:
      - no-cache
      content-length:
      - '513'
      content-type:
      - application/json; charset=utf-8
      date:
      - Wed, 13 May 2020 11:05:55 GMT
      etag:
      - W/"datetime'2020-05-13T11%3A05%3A54.7090811Z'"
      expires:
      - '-1'
      pragma:
      - no-cache
      request-context:
      - appId=cid-v1:2c4cb680-0a1f-424d-bb8d-8e650ba68d53
      server:
      - Microsoft-IIS/10.0
      strict-transport-security:
      - max-age=31536000; includeSubDomains
      x-content-type-options:
      - nosniff
      x-ms-ratelimit-remaining-subscription-writes:
      - '1198'
      x-powered-by:
      - ASP.NET
    status:
      code: 201
      message: Created
- request:
    body: null
    headers:
      Accept:
      - application/json
      Accept-Encoding:
      - gzip, deflate
      CommandName:
      - netappfiles pool create
      Connection:
      - keep-alive
      ParameterSetName:
      - -g -a -p -l --service-level --size
      User-Agent:
      - python/3.7.5 (Windows-10-10.0.18362-SP0) msrest/0.6.11 msrest_azure/0.6.3
        azure-mgmt-netapp/0.8.0 Azure-SDK-For-Python AZURECLI/2.4.0
    method: GET
    uri: https://management.azure.com/subscriptions/00000000-0000-0000-0000-000000000000/providers/Microsoft.NetApp/locations/westus2stage/operationResults/80635655-5fcb-4fdf-8036-e593d8df6b78?api-version=2019-10-01
  response:
    body:
      string: '{"id":"/subscriptions/00000000-0000-0000-0000-000000000000/providers/Microsoft.NetApp/locations/westus2stage/operationResults/80635655-5fcb-4fdf-8036-e593d8df6b78","name":"80635655-5fcb-4fdf-8036-e593d8df6b78","status":"Succeeded","startTime":"2020-05-13T11:05:54.2696805Z","endTime":"2020-05-13T11:05:55.7576087Z","percentComplete":100.0,"properties":{"resourceName":"/subscriptions/00000000-0000-0000-0000-000000000000/resourceGroups/cli_netappfiles_test_mounttarget_000001/providers/Microsoft.NetApp/netAppAccounts/cli-acc-lefr-01/capacityPools/cli-pool-lefr-01"}}'
    headers:
      access-control-expose-headers:
      - Request-Context
      cache-control:
      - no-cache
      content-length:
      - '603'
      content-type:
      - application/json; charset=utf-8
      date:
      - Wed, 13 May 2020 11:06:26 GMT
      expires:
      - '-1'
      pragma:
      - no-cache
      request-context:
      - appId=cid-v1:2c4cb680-0a1f-424d-bb8d-8e650ba68d53
      server:
      - Microsoft-IIS/10.0
      strict-transport-security:
      - max-age=31536000; includeSubDomains
      transfer-encoding:
      - chunked
      vary:
      - Accept-Encoding
      x-content-type-options:
      - nosniff
      x-powered-by:
      - ASP.NET
    status:
      code: 200
      message: OK
- request:
    body: null
    headers:
      Accept:
      - application/json
      Accept-Encoding:
      - gzip, deflate
      CommandName:
      - netappfiles pool create
      Connection:
      - keep-alive
      ParameterSetName:
      - -g -a -p -l --service-level --size
      User-Agent:
      - python/3.7.5 (Windows-10-10.0.18362-SP0) msrest/0.6.11 msrest_azure/0.6.3
        azure-mgmt-netapp/0.8.0 Azure-SDK-For-Python AZURECLI/2.4.0
    method: GET
    uri: https://management.azure.com/subscriptions/00000000-0000-0000-0000-000000000000/resourceGroups/cli_netappfiles_test_mounttarget_000001/providers/Microsoft.NetApp/netAppAccounts/cli-acc-lefr-01/capacityPools/cli-pool-lefr-01?api-version=2019-10-01
  response:
    body:
      string: '{"id":"/subscriptions/00000000-0000-0000-0000-000000000000/resourceGroups/cli_netappfiles_test_mounttarget_000001/providers/Microsoft.NetApp/netAppAccounts/cli-acc-lefr-01/capacityPools/cli-pool-lefr-01","name":"cli-acc-lefr-01/cli-pool-lefr-01","type":"Microsoft.NetApp/netAppAccounts/capacityPools","etag":"W/\"datetime''2020-05-13T11%3A05%3A55.6519913Z''\"","location":"westus2stage","properties":{"poolId":"82fb1e2d-de38-04da-cc23-d10da8095f9f","name":"cli-acc-lefr-01/cli-pool-lefr-01","serviceLevel":"Premium","size":4398046511104,"provisioningState":"Succeeded"}}'
    headers:
      access-control-expose-headers:
      - Request-Context
      cache-control:
      - no-cache
      content-length:
      - '604'
      content-type:
      - application/json; charset=utf-8
      date:
      - Wed, 13 May 2020 11:06:27 GMT
      etag:
      - W/"datetime'2020-05-13T11%3A05%3A55.6519913Z'"
      expires:
      - '-1'
      pragma:
      - no-cache
      request-context:
      - appId=cid-v1:2c4cb680-0a1f-424d-bb8d-8e650ba68d53
      server:
      - Microsoft-IIS/10.0
      strict-transport-security:
      - max-age=31536000; includeSubDomains
      transfer-encoding:
      - chunked
      vary:
      - Accept-Encoding
      x-content-type-options:
      - nosniff
      x-powered-by:
      - ASP.NET
    status:
      code: 200
      message: OK
- request:
    body: 'b''{"location": "westus2stage", "properties": {"creationToken": "cli-volume-lefr-01",
      "serviceLevel": "Premium", "usageThreshold": 107374182400, "subnetId": "/subscriptions/00000000-0000-0000-0000-000000000000/resourceGroups/cli_netappfiles_test_mounttarget_000001/providers/Microsoft.Network/virtualNetworks/cli-vnet-lefr-01/subnets/cli-subnet-lefr-01"}}'''
    headers:
      Accept:
      - application/json
      Accept-Encoding:
      - gzip, deflate
      CommandName:
      - netappfiles volume create
      Connection:
      - keep-alive
      Content-Length:
      - '388'
      Content-Type:
      - application/json; charset=utf-8
      ParameterSetName:
      - --resource-group --account-name --pool-name --volume-name -l --service-level
        --usage-threshold --file-path --vnet --subnet
      User-Agent:
      - python/3.7.5 (Windows-10-10.0.18362-SP0) msrest/0.6.11 msrest_azure/0.6.3
        azure-mgmt-netapp/0.8.0 Azure-SDK-For-Python AZURECLI/2.4.0
      accept-language:
      - en-US
    method: PUT
    uri: https://management.azure.com/subscriptions/00000000-0000-0000-0000-000000000000/resourceGroups/cli_netappfiles_test_mounttarget_000001/providers/Microsoft.NetApp/netAppAccounts/cli-acc-lefr-01/capacityPools/cli-pool-lefr-01/volumes/cli-volume-lefr-01?api-version=2019-10-01
  response:
    body:
      string: '{"id":"/subscriptions/00000000-0000-0000-0000-000000000000/resourceGroups/cli_netappfiles_test_mounttarget_000001/providers/Microsoft.NetApp/netAppAccounts/cli-acc-lefr-01/capacityPools/cli-pool-lefr-01/volumes/cli-volume-lefr-01","name":"cli-acc-lefr-01/cli-pool-lefr-01/cli-volume-lefr-01","type":"Microsoft.NetApp/netAppAccounts/capacityPools/volumes","etag":"W/\"datetime''2020-05-13T11%3A06%3A35.7937249Z''\"","location":"westus2stage","properties":{"serviceLevel":"Premium","creationToken":"cli-volume-lefr-01","usageThreshold":107374182400,"subnetId":"/subscriptions/00000000-0000-0000-0000-000000000000/resourceGroups/cli_netappfiles_test_mounttarget_000001/providers/Microsoft.Network/virtualNetworks/cli-vnet-lefr-01/subnets/cli-subnet-lefr-01","provisioningState":"Creating"}}'
    headers:
      access-control-expose-headers:
      - Request-Context
      azure-asyncoperation:
      - https://management.azure.com/subscriptions/00000000-0000-0000-0000-000000000000/providers/Microsoft.NetApp/locations/westus2stage/operationResults/6215d9fa-12a9-4ac1-8768-36a6d90fa913?api-version=2019-10-01
      cache-control:
      - no-cache
      content-length:
      - '857'
      content-type:
      - application/json; charset=utf-8
      date:
      - Wed, 13 May 2020 11:06:37 GMT
      etag:
      - W/"datetime'2020-05-13T11%3A06%3A35.7937249Z'"
      expires:
      - '-1'
      pragma:
      - no-cache
      request-context:
      - appId=cid-v1:2c4cb680-0a1f-424d-bb8d-8e650ba68d53
      server:
      - Microsoft-IIS/10.0
      strict-transport-security:
      - max-age=31536000; includeSubDomains
      x-content-type-options:
      - nosniff
      x-ms-ratelimit-remaining-subscription-writes:
      - '1196'
      x-powered-by:
      - ASP.NET
    status:
      code: 201
      message: Created
- request:
    body: null
    headers:
      Accept:
      - application/json
      Accept-Encoding:
      - gzip, deflate
      CommandName:
      - netappfiles volume create
      Connection:
      - keep-alive
      ParameterSetName:
      - --resource-group --account-name --pool-name --volume-name -l --service-level
        --usage-threshold --file-path --vnet --subnet
      User-Agent:
      - python/3.7.5 (Windows-10-10.0.18362-SP0) msrest/0.6.11 msrest_azure/0.6.3
        azure-mgmt-netapp/0.8.0 Azure-SDK-For-Python AZURECLI/2.4.0
    method: GET
    uri: https://management.azure.com/subscriptions/00000000-0000-0000-0000-000000000000/providers/Microsoft.NetApp/locations/westus2stage/operationResults/6215d9fa-12a9-4ac1-8768-36a6d90fa913?api-version=2019-10-01
  response:
    body:
      string: '{"id":"/subscriptions/00000000-0000-0000-0000-000000000000/providers/Microsoft.NetApp/locations/westus2stage/operationResults/6215d9fa-12a9-4ac1-8768-36a6d90fa913","name":"6215d9fa-12a9-4ac1-8768-36a6d90fa913","status":"Creating","startTime":"2020-05-13T11:06:35.367777Z","endTime":"0001-01-01T00:00:00Z","percentComplete":0.0,"properties":{"resourceName":"/subscriptions/00000000-0000-0000-0000-000000000000/resourceGroups/cli_netappfiles_test_mounttarget_000001/providers/Microsoft.NetApp/netAppAccounts/cli-acc-lefr-01/capacityPools/cli-pool-lefr-01/volumes/cli-volume-lefr-01"}}'
    headers:
      access-control-expose-headers:
      - Request-Context
      cache-control:
      - no-cache
      content-length:
      - '618'
      content-type:
      - application/json; charset=utf-8
      date:
      - Wed, 13 May 2020 11:07:07 GMT
      expires:
      - '-1'
      pragma:
      - no-cache
      request-context:
      - appId=cid-v1:2c4cb680-0a1f-424d-bb8d-8e650ba68d53
      server:
      - Microsoft-IIS/10.0
      strict-transport-security:
      - max-age=31536000; includeSubDomains
      transfer-encoding:
      - chunked
      vary:
      - Accept-Encoding
      x-content-type-options:
      - nosniff
      x-powered-by:
      - ASP.NET
    status:
      code: 200
      message: OK
- request:
    body: null
    headers:
      Accept:
      - application/json
      Accept-Encoding:
      - gzip, deflate
      CommandName:
      - netappfiles volume create
      Connection:
      - keep-alive
      ParameterSetName:
      - --resource-group --account-name --pool-name --volume-name -l --service-level
        --usage-threshold --file-path --vnet --subnet
      User-Agent:
      - python/3.7.5 (Windows-10-10.0.18362-SP0) msrest/0.6.11 msrest_azure/0.6.3
        azure-mgmt-netapp/0.8.0 Azure-SDK-For-Python AZURECLI/2.4.0
    method: GET
    uri: https://management.azure.com/subscriptions/00000000-0000-0000-0000-000000000000/providers/Microsoft.NetApp/locations/westus2stage/operationResults/6215d9fa-12a9-4ac1-8768-36a6d90fa913?api-version=2019-10-01
  response:
    body:
      string: '{"id":"/subscriptions/00000000-0000-0000-0000-000000000000/providers/Microsoft.NetApp/locations/westus2stage/operationResults/6215d9fa-12a9-4ac1-8768-36a6d90fa913","name":"6215d9fa-12a9-4ac1-8768-36a6d90fa913","status":"Creating","startTime":"2020-05-13T11:06:35.367777Z","endTime":"0001-01-01T00:00:00Z","percentComplete":0.0,"properties":{"resourceName":"/subscriptions/00000000-0000-0000-0000-000000000000/resourceGroups/cli_netappfiles_test_mounttarget_000001/providers/Microsoft.NetApp/netAppAccounts/cli-acc-lefr-01/capacityPools/cli-pool-lefr-01/volumes/cli-volume-lefr-01"}}'
    headers:
      access-control-expose-headers:
      - Request-Context
      cache-control:
      - no-cache
      content-length:
      - '618'
      content-type:
      - application/json; charset=utf-8
      date:
      - Wed, 13 May 2020 11:07:37 GMT
      expires:
      - '-1'
      pragma:
      - no-cache
      request-context:
      - appId=cid-v1:2c4cb680-0a1f-424d-bb8d-8e650ba68d53
      server:
      - Microsoft-IIS/10.0
      strict-transport-security:
      - max-age=31536000; includeSubDomains
      transfer-encoding:
      - chunked
      vary:
      - Accept-Encoding
      x-content-type-options:
      - nosniff
      x-powered-by:
      - ASP.NET
    status:
      code: 200
      message: OK
- request:
    body: null
    headers:
      Accept:
      - application/json
      Accept-Encoding:
      - gzip, deflate
      CommandName:
      - netappfiles volume create
      Connection:
      - keep-alive
      ParameterSetName:
      - --resource-group --account-name --pool-name --volume-name -l --service-level
        --usage-threshold --file-path --vnet --subnet
      User-Agent:
      - python/3.7.5 (Windows-10-10.0.18362-SP0) msrest/0.6.11 msrest_azure/0.6.3
        azure-mgmt-netapp/0.8.0 Azure-SDK-For-Python AZURECLI/2.4.0
    method: GET
    uri: https://management.azure.com/subscriptions/00000000-0000-0000-0000-000000000000/providers/Microsoft.NetApp/locations/westus2stage/operationResults/6215d9fa-12a9-4ac1-8768-36a6d90fa913?api-version=2019-10-01
  response:
    body:
      string: '{"id":"/subscriptions/00000000-0000-0000-0000-000000000000/providers/Microsoft.NetApp/locations/westus2stage/operationResults/6215d9fa-12a9-4ac1-8768-36a6d90fa913","name":"6215d9fa-12a9-4ac1-8768-36a6d90fa913","status":"Creating","startTime":"2020-05-13T11:06:35.367777Z","endTime":"0001-01-01T00:00:00Z","percentComplete":0.0,"properties":{"resourceName":"/subscriptions/00000000-0000-0000-0000-000000000000/resourceGroups/cli_netappfiles_test_mounttarget_000001/providers/Microsoft.NetApp/netAppAccounts/cli-acc-lefr-01/capacityPools/cli-pool-lefr-01/volumes/cli-volume-lefr-01"}}'
    headers:
      access-control-expose-headers:
      - Request-Context
      cache-control:
      - no-cache
      content-length:
      - '618'
      content-type:
      - application/json; charset=utf-8
      date:
      - Wed, 13 May 2020 11:08:09 GMT
      expires:
      - '-1'
      pragma:
      - no-cache
      request-context:
      - appId=cid-v1:2c4cb680-0a1f-424d-bb8d-8e650ba68d53
      server:
      - Microsoft-IIS/10.0
      strict-transport-security:
      - max-age=31536000; includeSubDomains
      transfer-encoding:
      - chunked
      vary:
      - Accept-Encoding
      x-content-type-options:
      - nosniff
      x-powered-by:
      - ASP.NET
    status:
      code: 200
      message: OK
- request:
    body: null
    headers:
      Accept:
      - application/json
      Accept-Encoding:
      - gzip, deflate
      CommandName:
      - netappfiles volume create
      Connection:
      - keep-alive
      ParameterSetName:
      - --resource-group --account-name --pool-name --volume-name -l --service-level
        --usage-threshold --file-path --vnet --subnet
      User-Agent:
      - python/3.7.5 (Windows-10-10.0.18362-SP0) msrest/0.6.11 msrest_azure/0.6.3
        azure-mgmt-netapp/0.8.0 Azure-SDK-For-Python AZURECLI/2.4.0
    method: GET
    uri: https://management.azure.com/subscriptions/00000000-0000-0000-0000-000000000000/providers/Microsoft.NetApp/locations/westus2stage/operationResults/6215d9fa-12a9-4ac1-8768-36a6d90fa913?api-version=2019-10-01
  response:
    body:
      string: '{"id":"/subscriptions/00000000-0000-0000-0000-000000000000/providers/Microsoft.NetApp/locations/westus2stage/operationResults/6215d9fa-12a9-4ac1-8768-36a6d90fa913","name":"6215d9fa-12a9-4ac1-8768-36a6d90fa913","status":"Creating","startTime":"2020-05-13T11:06:35.367777Z","endTime":"0001-01-01T00:00:00Z","percentComplete":0.0,"properties":{"resourceName":"/subscriptions/00000000-0000-0000-0000-000000000000/resourceGroups/cli_netappfiles_test_mounttarget_000001/providers/Microsoft.NetApp/netAppAccounts/cli-acc-lefr-01/capacityPools/cli-pool-lefr-01/volumes/cli-volume-lefr-01"}}'
    headers:
      access-control-expose-headers:
      - Request-Context
      cache-control:
      - no-cache
      content-length:
      - '618'
      content-type:
      - application/json; charset=utf-8
      date:
      - Wed, 13 May 2020 11:08:39 GMT
      expires:
      - '-1'
      pragma:
      - no-cache
      request-context:
      - appId=cid-v1:2c4cb680-0a1f-424d-bb8d-8e650ba68d53
      server:
      - Microsoft-IIS/10.0
      strict-transport-security:
      - max-age=31536000; includeSubDomains
      transfer-encoding:
      - chunked
      vary:
      - Accept-Encoding
      x-content-type-options:
      - nosniff
      x-powered-by:
      - ASP.NET
    status:
      code: 200
      message: OK
- request:
    body: null
    headers:
      Accept:
      - application/json
      Accept-Encoding:
      - gzip, deflate
      CommandName:
      - netappfiles volume create
      Connection:
      - keep-alive
      ParameterSetName:
      - --resource-group --account-name --pool-name --volume-name -l --service-level
        --usage-threshold --file-path --vnet --subnet
      User-Agent:
      - python/3.7.5 (Windows-10-10.0.18362-SP0) msrest/0.6.11 msrest_azure/0.6.3
        azure-mgmt-netapp/0.8.0 Azure-SDK-For-Python AZURECLI/2.4.0
    method: GET
    uri: https://management.azure.com/subscriptions/00000000-0000-0000-0000-000000000000/providers/Microsoft.NetApp/locations/westus2stage/operationResults/6215d9fa-12a9-4ac1-8768-36a6d90fa913?api-version=2019-10-01
  response:
    body:
      string: '{"id":"/subscriptions/00000000-0000-0000-0000-000000000000/providers/Microsoft.NetApp/locations/westus2stage/operationResults/6215d9fa-12a9-4ac1-8768-36a6d90fa913","name":"6215d9fa-12a9-4ac1-8768-36a6d90fa913","status":"Creating","startTime":"2020-05-13T11:06:35.367777Z","endTime":"0001-01-01T00:00:00Z","percentComplete":0.0,"properties":{"resourceName":"/subscriptions/00000000-0000-0000-0000-000000000000/resourceGroups/cli_netappfiles_test_mounttarget_000001/providers/Microsoft.NetApp/netAppAccounts/cli-acc-lefr-01/capacityPools/cli-pool-lefr-01/volumes/cli-volume-lefr-01"}}'
    headers:
      access-control-expose-headers:
      - Request-Context
      cache-control:
      - no-cache
      content-length:
      - '618'
      content-type:
      - application/json; charset=utf-8
      date:
      - Wed, 13 May 2020 11:09:09 GMT
      expires:
      - '-1'
      pragma:
      - no-cache
      request-context:
      - appId=cid-v1:2c4cb680-0a1f-424d-bb8d-8e650ba68d53
      server:
      - Microsoft-IIS/10.0
      strict-transport-security:
      - max-age=31536000; includeSubDomains
      transfer-encoding:
      - chunked
      vary:
      - Accept-Encoding
      x-content-type-options:
      - nosniff
      x-powered-by:
      - ASP.NET
    status:
      code: 200
      message: OK
- request:
    body: null
    headers:
      Accept:
      - application/json
      Accept-Encoding:
      - gzip, deflate
      CommandName:
      - netappfiles volume create
      Connection:
      - keep-alive
      ParameterSetName:
      - --resource-group --account-name --pool-name --volume-name -l --service-level
        --usage-threshold --file-path --vnet --subnet
      User-Agent:
      - python/3.7.5 (Windows-10-10.0.18362-SP0) msrest/0.6.11 msrest_azure/0.6.3
        azure-mgmt-netapp/0.8.0 Azure-SDK-For-Python AZURECLI/2.4.0
    method: GET
    uri: https://management.azure.com/subscriptions/00000000-0000-0000-0000-000000000000/providers/Microsoft.NetApp/locations/westus2stage/operationResults/6215d9fa-12a9-4ac1-8768-36a6d90fa913?api-version=2019-10-01
  response:
    body:
      string: '{"id":"/subscriptions/00000000-0000-0000-0000-000000000000/providers/Microsoft.NetApp/locations/westus2stage/operationResults/6215d9fa-12a9-4ac1-8768-36a6d90fa913","name":"6215d9fa-12a9-4ac1-8768-36a6d90fa913","status":"Succeeded","startTime":"2020-05-13T11:06:35.367777Z","endTime":"2020-05-13T11:09:22.5368088Z","percentComplete":100.0,"properties":{"resourceName":"/subscriptions/00000000-0000-0000-0000-000000000000/resourceGroups/cli_netappfiles_test_mounttarget_000001/providers/Microsoft.NetApp/netAppAccounts/cli-acc-lefr-01/capacityPools/cli-pool-lefr-01/volumes/cli-volume-lefr-01"}}'
    headers:
      access-control-expose-headers:
      - Request-Context
      cache-control:
      - no-cache
      content-length:
      - '629'
      content-type:
      - application/json; charset=utf-8
      date:
      - Wed, 13 May 2020 11:09:39 GMT
      expires:
      - '-1'
      pragma:
      - no-cache
      request-context:
      - appId=cid-v1:2c4cb680-0a1f-424d-bb8d-8e650ba68d53
      server:
      - Microsoft-IIS/10.0
      strict-transport-security:
      - max-age=31536000; includeSubDomains
      transfer-encoding:
      - chunked
      vary:
      - Accept-Encoding
      x-content-type-options:
      - nosniff
      x-powered-by:
      - ASP.NET
    status:
      code: 200
      message: OK
- request:
    body: null
    headers:
      Accept:
      - application/json
      Accept-Encoding:
      - gzip, deflate
      CommandName:
      - netappfiles volume create
      Connection:
      - keep-alive
      ParameterSetName:
      - --resource-group --account-name --pool-name --volume-name -l --service-level
        --usage-threshold --file-path --vnet --subnet
      User-Agent:
      - python/3.7.5 (Windows-10-10.0.18362-SP0) msrest/0.6.11 msrest_azure/0.6.3
        azure-mgmt-netapp/0.8.0 Azure-SDK-For-Python AZURECLI/2.4.0
    method: GET
    uri: https://management.azure.com/subscriptions/00000000-0000-0000-0000-000000000000/resourceGroups/cli_netappfiles_test_mounttarget_000001/providers/Microsoft.NetApp/netAppAccounts/cli-acc-lefr-01/capacityPools/cli-pool-lefr-01/volumes/cli-volume-lefr-01?api-version=2019-10-01
  response:
    body:
      string: '{"id":"/subscriptions/00000000-0000-0000-0000-000000000000/resourceGroups/cli_netappfiles_test_mounttarget_000001/providers/Microsoft.NetApp/netAppAccounts/cli-acc-lefr-01/capacityPools/cli-pool-lefr-01/volumes/cli-volume-lefr-01","name":"cli-acc-lefr-01/cli-pool-lefr-01/cli-volume-lefr-01","type":"Microsoft.NetApp/netAppAccounts/capacityPools/volumes","etag":"W/\"datetime''2020-05-13T11%3A09%3A22.3674499Z''\"","location":"westus2stage","properties":{"mountTargets":[{"provisioningState":"Succeeded","mountTargetId":"68592957-5dd5-3ca2-f9d1-b8d0a95d7f81","fileSystemId":"68592957-5dd5-3ca2-f9d1-b8d0a95d7f81","startIp":"10.0.0.4","endIp":"10.0.0.4","gateway":"","netmask":"","subnet":"","ipAddress":"10.0.0.4"}],"provisioningState":"Succeeded","fileSystemId":"68592957-5dd5-3ca2-f9d1-b8d0a95d7f81","name":"cli-volume-lefr-01","serviceLevel":"Premium","creationToken":"cli-volume-lefr-01","usageThreshold":107374182400,"usedBytes":0,"exportPolicy":{"rules":[{"ruleIndex":1,"unixReadOnly":false,"unixReadWrite":true,"cifs":false,"nfsv3":true,"nfsv4":false,"nfsv41":false,"allowedClients":"0.0.0.0/0"}]},"protocolTypes":["NFSv3"],"baremetalTenantId":"baremetalTenant_svm_fb0467dd8e8011e9a7f006ddec9cd511_ef3850e5","subnetId":"/subscriptions/00000000-0000-0000-0000-000000000000/resourceGroups/cli_netappfiles_test_mounttarget_000001/providers/Microsoft.Network/virtualNetworks/cli-vnet-lefr-01/subnets/cli-subnet-lefr-01"}}'
    headers:
      access-control-expose-headers:
      - Request-Context
      cache-control:
      - no-cache
      content-length:
      - '1494'
      content-type:
      - application/json; charset=utf-8
      date:
      - Wed, 13 May 2020 11:09:39 GMT
      etag:
      - W/"datetime'2020-05-13T11%3A09%3A22.3674499Z'"
      expires:
      - '-1'
      pragma:
      - no-cache
      request-context:
      - appId=cid-v1:2c4cb680-0a1f-424d-bb8d-8e650ba68d53
      server:
      - Microsoft-IIS/10.0
      strict-transport-security:
      - max-age=31536000; includeSubDomains
      transfer-encoding:
      - chunked
      vary:
      - Accept-Encoding
      x-content-type-options:
      - nosniff
      x-powered-by:
      - ASP.NET
    status:
      code: 200
      message: OK
- request:
    body: null
    headers:
      Accept:
      - application/json
      Accept-Encoding:
      - gzip, deflate
      CommandName:
      - netappfiles list-mount-targets
      Connection:
      - keep-alive
      ParameterSetName:
      - --resource-group -a -p -v
      User-Agent:
      - python/3.7.5 (Windows-10-10.0.18362-SP0) msrest/0.6.11 msrest_azure/0.6.3
        azure-mgmt-netapp/0.8.0 Azure-SDK-For-Python AZURECLI/2.4.0
      accept-language:
      - en-US
    method: GET
    uri: https://management.azure.com/subscriptions/00000000-0000-0000-0000-000000000000/resourceGroups/cli_netappfiles_test_mounttarget_000001/providers/Microsoft.NetApp/netAppAccounts/cli-acc-lefr-01/capacityPools/cli-pool-lefr-01/volumes/cli-volume-lefr-01/mountTargets?api-version=2019-10-01
  response:
    body:
      string: '{"value":[{"id":"/subscriptions/00000000-0000-0000-0000-000000000000/resourceGroups/cli_netappfiles_test_mounttarget_000001/providers/Microsoft.NetApp/netAppAccounts/cli-acc-lefr-01/capacityPools/cli-pool-lefr-01/volumes/cli-volume-lefr-01/mountTargets/68592957-5dd5-3ca2-f9d1-b8d0a95d7f81","name":"cli-acc-lefr-01/cli-pool-lefr-01/cli-volume-lefr-01/68592957-5dd5-3ca2-f9d1-b8d0a95d7f81","type":"Microsoft.NetApp/netAppAccounts/capacityPools/volumes/mountTargets","location":"westus2stage","properties":{"provisioningState":"Succeeded","mountTargetId":"68592957-5dd5-3ca2-f9d1-b8d0a95d7f81","fileSystemId":"68592957-5dd5-3ca2-f9d1-b8d0a95d7f81","startIp":"10.0.0.4","endIp":"10.0.0.4","gateway":"","netmask":"","subnet":"","ipAddress":"10.0.0.4"}}]}'
    headers:
      access-control-expose-headers:
      - Request-Context
      cache-control:
      - no-cache
      content-length:
      - '786'
      content-type:
      - application/json; charset=utf-8
      date:
      - Wed, 13 May 2020 11:09:43 GMT
      expires:
      - '-1'
      pragma:
      - no-cache
      request-context:
      - appId=cid-v1:2c4cb680-0a1f-424d-bb8d-8e650ba68d53
      server:
      - Microsoft-IIS/10.0
      strict-transport-security:
      - max-age=31536000; includeSubDomains
      transfer-encoding:
      - chunked
      vary:
      - Accept-Encoding
      x-content-type-options:
      - nosniff
      x-powered-by:
      - ASP.NET
    status:
      code: 200
      message: OK
version: 1
