interactions:
- request:
    body: '{"location": "eastus2euap"}'
    headers:
      Accept:
      - application/json
      Accept-Encoding:
      - gzip, deflate
      CommandName:
      - netappfiles account create
      Connection:
      - keep-alive
      Content-Length:
      - '27'
      Content-Type:
      - application/json
      ParameterSetName:
      - -g -a -l
      User-Agent:
      - AZURECLI/2.29.0 azsdk-python-mgmt-netapp/6.0.0 Python/3.8.10 (macOS-11.6-x86_64-i386-64bit)
    method: PUT
    uri: https://management.azure.com/subscriptions/00000000-0000-0000-0000-000000000000/resourceGroups/cli_netappfiles_test_backup_policy_000001/providers/Microsoft.NetApp/netAppAccounts/cli-acc-000002?api-version=2021-08-01
  response:
    body:
      string: '{"id":"/subscriptions/00000000-0000-0000-0000-000000000000/resourceGroups/cli_netappfiles_test_backup_policy_000001/providers/Microsoft.NetApp/netAppAccounts/cli-acc-000002","name":"cli-acc-000002","type":"Microsoft.NetApp/netAppAccounts","etag":"W/\"datetime''2021-10-20T08%3A45%3A56.0487568Z''\"","location":"eastus2euap","properties":{"provisioningState":"Creating"}}'
    headers:
      azure-asyncoperation:
      - https://management.azure.com/subscriptions/00000000-0000-0000-0000-000000000000/providers/Microsoft.NetApp/locations/eastus2euap/operationResults/35d81501-4e64-40fd-a61d-708085f40aa8?api-version=2021-08-01
      cache-control:
      - no-cache
      content-length:
      - '422'
      content-type:
      - application/json; charset=utf-8
      date:
      - Wed, 20 Oct 2021 08:45:56 GMT
      etag:
      - W/"datetime'2021-10-20T08%3A45%3A56.0487568Z'"
      expires:
      - '-1'
      pragma:
      - no-cache
      server:
      - Microsoft-IIS/10.0
      strict-transport-security:
      - max-age=31536000; includeSubDomains
      x-content-type-options:
      - nosniff
      x-ms-ratelimit-remaining-subscription-writes:
      - '1199'
      x-powered-by:
      - ASP.NET
    status:
      code: 201
      message: Created
- request:
    body: null
    headers:
      Accept:
      - '*/*'
      Accept-Encoding:
      - gzip, deflate
      CommandName:
      - netappfiles account create
      Connection:
      - keep-alive
      ParameterSetName:
      - -g -a -l
      User-Agent:
      - AZURECLI/2.29.0 azsdk-python-mgmt-netapp/6.0.0 Python/3.8.10 (macOS-11.6-x86_64-i386-64bit)
    method: GET
    uri: https://management.azure.com/subscriptions/00000000-0000-0000-0000-000000000000/providers/Microsoft.NetApp/locations/eastus2euap/operationResults/35d81501-4e64-40fd-a61d-708085f40aa8?api-version=2021-08-01
  response:
    body:
      string: '{"id":"/subscriptions/00000000-0000-0000-0000-000000000000/providers/Microsoft.NetApp/locations/eastus2euap/operationResults/35d81501-4e64-40fd-a61d-708085f40aa8","name":"35d81501-4e64-40fd-a61d-708085f40aa8","status":"Succeeded","startTime":"2021-10-20T08:45:56.0575446Z","endTime":"2021-10-20T08:45:56.092544Z","percentComplete":100.0,"properties":{"resourceName":"/subscriptions/00000000-0000-0000-0000-000000000000/resourceGroups/cli_netappfiles_test_backup_policy_000001/providers/Microsoft.NetApp/netAppAccounts/cli-acc-000002"}}'
    headers:
      cache-control:
      - no-cache
      content-length:
      - '579'
      content-type:
      - application/json; charset=utf-8
      date:
      - Wed, 20 Oct 2021 08:46:27 GMT
      expires:
      - '-1'
      pragma:
      - no-cache
      server:
      - Microsoft-IIS/10.0
      strict-transport-security:
      - max-age=31536000; includeSubDomains
      transfer-encoding:
      - chunked
      vary:
      - Accept-Encoding
      x-content-type-options:
      - nosniff
      x-powered-by:
      - ASP.NET
    status:
      code: 200
      message: OK
- request:
    body: null
    headers:
      Accept:
      - '*/*'
      Accept-Encoding:
      - gzip, deflate
      CommandName:
      - netappfiles account create
      Connection:
      - keep-alive
      ParameterSetName:
      - -g -a -l
      User-Agent:
      - AZURECLI/2.29.0 azsdk-python-mgmt-netapp/6.0.0 Python/3.8.10 (macOS-11.6-x86_64-i386-64bit)
    method: GET
    uri: https://management.azure.com/subscriptions/00000000-0000-0000-0000-000000000000/resourceGroups/cli_netappfiles_test_backup_policy_000001/providers/Microsoft.NetApp/netAppAccounts/cli-acc-000002?api-version=2021-08-01
  response:
    body:
      string: '{"id":"/subscriptions/00000000-0000-0000-0000-000000000000/resourceGroups/cli_netappfiles_test_backup_policy_000001/providers/Microsoft.NetApp/netAppAccounts/cli-acc-000002","name":"cli-acc-000002","type":"Microsoft.NetApp/netAppAccounts","etag":"W/\"datetime''2021-10-20T08%3A45%3A56.084653Z''\"","location":"eastus2euap","properties":{"activeDirectories":[{"activeDirectoryId":"07f0c290-65d4-f42b-f996-3adf389c0b0e","username":"cbs","password":"****************","domain":"ANFReg.netapp.com","dns":"10.12.3.4","status":"Created","smbServerName":"ANFREG","organizationalUnit":"CN=Computers","aesEncryption":false,"ldapSigning":false,"ldapOverTLS":false,"allowLocalNFSUsersWithLdap":false,"encryptDCConnections":false}],"encryption":{"keySource":"Microsoft.NetApp"},"provisioningState":"Succeeded"}}'
    headers:
      cache-control:
      - no-cache
      content-length:
      - '851'
      content-type:
      - application/json; charset=utf-8
      date:
      - Wed, 20 Oct 2021 08:46:27 GMT
      etag:
      - W/"datetime'2021-10-20T08%3A45%3A56.084653Z'"
      expires:
      - '-1'
      pragma:
      - no-cache
      server:
      - Microsoft-IIS/10.0
      strict-transport-security:
      - max-age=31536000; includeSubDomains
      transfer-encoding:
      - chunked
      vary:
      - Accept-Encoding
      x-content-type-options:
      - nosniff
      x-powered-by:
      - ASP.NET
    status:
      code: 200
      message: OK
- request:
    body: '{"location": "eastus2euap", "properties": {"dailyBackupsToKeep": 1, "enabled":
      true}}'
    headers:
      Accept:
      - application/json
      Accept-Encoding:
      - gzip, deflate
      CommandName:
      - netappfiles account backup-policy create
      Connection:
      - keep-alive
      Content-Length:
      - '85'
      Content-Type:
      - application/json
      ParameterSetName:
      - -g -a --backup-policy-name -l --daily-backups --enabled
      User-Agent:
      - AZURECLI/2.29.0 azsdk-python-mgmt-netapp/6.0.0 Python/3.8.10 (macOS-11.6-x86_64-i386-64bit)
    method: PUT
    uri: https://management.azure.com/subscriptions/00000000-0000-0000-0000-000000000000/resourceGroups/cli_netappfiles_test_backup_policy_000001/providers/Microsoft.NetApp/netAppAccounts/cli-acc-000002/backupPolicies/cli-ba-pol-000003?api-version=2021-08-01
  response:
    body:
      string: '{"id":"/subscriptions/00000000-0000-0000-0000-000000000000/resourceGroups/cli_netappfiles_test_backup_policy_000001/providers/Microsoft.NetApp/netAppAccounts/cli-acc-000002/backupPolicies/cli-ba-pol-000003","name":"cli-acc-000002/cli-ba-pol-000003","type":"Microsoft.NetApp/netAppAccounts/backupPolicies","etag":"W/\"datetime''2021-10-20T08%3A46%3A31.3741525Z''\"","location":"eastus2euap","properties":{"enabled":true,"dailyBackupsToKeep":1,"provisioningState":"Creating"}}'
    headers:
      azure-asyncoperation:
      - https://management.azure.com/subscriptions/00000000-0000-0000-0000-000000000000/providers/Microsoft.NetApp/locations/eastus2euap/operationResults/ffbf89d4-d8c8-4c40-97a9-75e9c52a8be5?api-version=2021-08-01
      cache-control:
      - no-cache
      content-length:
      - '524'
      content-type:
      - application/json; charset=utf-8
      date:
      - Wed, 20 Oct 2021 08:46:31 GMT
      etag:
      - W/"datetime'2021-10-20T08%3A46%3A31.3741525Z'"
      expires:
      - '-1'
      pragma:
      - no-cache
      server:
      - Microsoft-IIS/10.0
      strict-transport-security:
      - max-age=31536000; includeSubDomains
      x-content-type-options:
      - nosniff
      x-ms-ratelimit-remaining-subscription-writes:
      - '1198'
      x-powered-by:
      - ASP.NET
    status:
      code: 201
      message: Created
- request:
    body: null
    headers:
      Accept:
      - '*/*'
      Accept-Encoding:
      - gzip, deflate
      CommandName:
      - netappfiles account backup-policy create
      Connection:
      - keep-alive
      ParameterSetName:
      - -g -a --backup-policy-name -l --daily-backups --enabled
      User-Agent:
      - AZURECLI/2.29.0 azsdk-python-mgmt-netapp/6.0.0 Python/3.8.10 (macOS-11.6-x86_64-i386-64bit)
    method: GET
    uri: https://management.azure.com/subscriptions/00000000-0000-0000-0000-000000000000/providers/Microsoft.NetApp/locations/eastus2euap/operationResults/ffbf89d4-d8c8-4c40-97a9-75e9c52a8be5?api-version=2021-08-01
  response:
    body:
      string: '{"id":"/subscriptions/00000000-0000-0000-0000-000000000000/providers/Microsoft.NetApp/locations/eastus2euap/operationResults/ffbf89d4-d8c8-4c40-97a9-75e9c52a8be5","name":"ffbf89d4-d8c8-4c40-97a9-75e9c52a8be5","status":"Succeeded","startTime":"2021-10-20T08:46:31.3833054Z","endTime":"2021-10-20T08:46:31.5133092Z","percentComplete":100.0,"properties":{"resourceName":"/subscriptions/00000000-0000-0000-0000-000000000000/resourceGroups/cli_netappfiles_test_backup_policy_000001/providers/Microsoft.NetApp/netAppAccounts/cli-acc-000002/backupPolicies/cli-ba-pol-000003"}}'
    headers:
      cache-control:
      - no-cache
      content-length:
      - '612'
      content-type:
      - application/json; charset=utf-8
      date:
      - Wed, 20 Oct 2021 08:47:02 GMT
      expires:
      - '-1'
      pragma:
      - no-cache
      server:
      - Microsoft-IIS/10.0
      strict-transport-security:
      - max-age=31536000; includeSubDomains
      transfer-encoding:
      - chunked
      vary:
      - Accept-Encoding
      x-content-type-options:
      - nosniff
      x-powered-by:
      - ASP.NET
    status:
      code: 200
      message: OK
- request:
    body: null
    headers:
      Accept:
      - '*/*'
      Accept-Encoding:
      - gzip, deflate
      CommandName:
      - netappfiles account backup-policy create
      Connection:
      - keep-alive
      ParameterSetName:
      - -g -a --backup-policy-name -l --daily-backups --enabled
      User-Agent:
      - AZURECLI/2.29.0 azsdk-python-mgmt-netapp/6.0.0 Python/3.8.10 (macOS-11.6-x86_64-i386-64bit)
    method: GET
    uri: https://management.azure.com/subscriptions/00000000-0000-0000-0000-000000000000/resourceGroups/cli_netappfiles_test_backup_policy_000001/providers/Microsoft.NetApp/netAppAccounts/cli-acc-000002/backupPolicies/cli-ba-pol-000003?api-version=2021-08-01
  response:
    body:
      string: '{"id":"/subscriptions/00000000-0000-0000-0000-000000000000/resourceGroups/cli_netappfiles_test_backup_policy_000001/providers/Microsoft.NetApp/netAppAccounts/cli-acc-000002/backupPolicies/cli-ba-pol-000003","name":"cli-acc-000002/cli-ba-pol-000003","type":"Microsoft.NetApp/netAppAccounts/backupPolicies","etag":"W/\"datetime''2021-10-20T08%3A46%3A31.5056598Z''\"","location":"eastus2euap","properties":{"enabled":true,"backupPolicyId":"36e6b7c8-3182-11ec-9355-963fcd611dc8","dailyBackupsToKeep":1,"weeklyBackupsToKeep":0,"monthlyBackupsToKeep":0,"provisioningState":"Succeeded"}}'
    headers:
      cache-control:
      - no-cache
      content-length:
      - '630'
      content-type:
      - application/json; charset=utf-8
      date:
      - Wed, 20 Oct 2021 08:47:02 GMT
      etag:
      - W/"datetime'2021-10-20T08%3A46%3A31.5056598Z'"
      expires:
      - '-1'
      pragma:
      - no-cache
      server:
      - Microsoft-IIS/10.0
      strict-transport-security:
      - max-age=31536000; includeSubDomains
      transfer-encoding:
      - chunked
      vary:
      - Accept-Encoding
      x-content-type-options:
      - nosniff
      x-powered-by:
      - ASP.NET
    status:
      code: 200
      message: OK
- request:
    body: null
    headers:
      Accept:
      - application/json
      Accept-Encoding:
      - gzip, deflate
      CommandName:
      - netappfiles account backup-policy show
      Connection:
      - keep-alive
      ParameterSetName:
      - -g -a --backup-policy-name
      User-Agent:
      - AZURECLI/2.29.0 azsdk-python-mgmt-netapp/6.0.0 Python/3.8.10 (macOS-11.6-x86_64-i386-64bit)
    method: GET
    uri: https://management.azure.com/subscriptions/00000000-0000-0000-0000-000000000000/resourceGroups/cli_netappfiles_test_backup_policy_000001/providers/Microsoft.NetApp/netAppAccounts/cli-acc-000002/backupPolicies/cli-ba-pol-000003?api-version=2021-08-01
  response:
    body:
      string: '{"id":"/subscriptions/00000000-0000-0000-0000-000000000000/resourceGroups/cli_netappfiles_test_backup_policy_000001/providers/Microsoft.NetApp/netAppAccounts/cli-acc-000002/backupPolicies/cli-ba-pol-000003","name":"cli-acc-000002/cli-ba-pol-000003","type":"Microsoft.NetApp/netAppAccounts/backupPolicies","etag":"W/\"datetime''2021-10-20T08%3A46%3A31.5056598Z''\"","location":"eastus2euap","properties":{"enabled":true,"backupPolicyId":"36e6b7c8-3182-11ec-9355-963fcd611dc8","dailyBackupsToKeep":1,"weeklyBackupsToKeep":0,"monthlyBackupsToKeep":0,"provisioningState":"Succeeded"}}'
    headers:
      cache-control:
      - no-cache
      content-length:
      - '630'
      content-type:
      - application/json; charset=utf-8
      date:
      - Wed, 20 Oct 2021 08:47:09 GMT
      etag:
      - W/"datetime'2021-10-20T08%3A46%3A31.5056598Z'"
      expires:
      - '-1'
      pragma:
      - no-cache
      server:
      - Microsoft-IIS/10.0
      strict-transport-security:
      - max-age=31536000; includeSubDomains
      transfer-encoding:
      - chunked
      vary:
      - Accept-Encoding
      x-content-type-options:
      - nosniff
      x-powered-by:
      - ASP.NET
    status:
      code: 200
      message: OK
- request:
    body: null
    headers:
      Accept:
      - application/json
      Accept-Encoding:
      - gzip, deflate
      CommandName:
      - netappfiles account backup-policy show
      Connection:
      - keep-alive
      ParameterSetName:
      - --ids
      User-Agent:
      - AZURECLI/2.29.0 azsdk-python-mgmt-netapp/6.0.0 Python/3.8.10 (macOS-11.6-x86_64-i386-64bit)
    method: GET
    uri: https://management.azure.com/subscriptions/00000000-0000-0000-0000-000000000000/resourceGroups/cli_netappfiles_test_backup_policy_000001/providers/Microsoft.NetApp/netAppAccounts/cli-acc-000002/backupPolicies/cli-ba-pol-000003?api-version=2021-08-01
  response:
    body:
      string: '{"id":"/subscriptions/00000000-0000-0000-0000-000000000000/resourceGroups/cli_netappfiles_test_backup_policy_000001/providers/Microsoft.NetApp/netAppAccounts/cli-acc-000002/backupPolicies/cli-ba-pol-000003","name":"cli-acc-000002/cli-ba-pol-000003","type":"Microsoft.NetApp/netAppAccounts/backupPolicies","etag":"W/\"datetime''2021-10-20T08%3A46%3A31.5056598Z''\"","location":"eastus2euap","properties":{"enabled":true,"backupPolicyId":"36e6b7c8-3182-11ec-9355-963fcd611dc8","dailyBackupsToKeep":1,"weeklyBackupsToKeep":0,"monthlyBackupsToKeep":0,"provisioningState":"Succeeded"}}'
    headers:
      cache-control:
      - no-cache
      content-length:
      - '630'
      content-type:
      - application/json; charset=utf-8
      date:
      - Wed, 20 Oct 2021 08:47:14 GMT
      etag:
      - W/"datetime'2021-10-20T08%3A46%3A31.5056598Z'"
      expires:
      - '-1'
      pragma:
      - no-cache
      server:
      - Microsoft-IIS/10.0
      strict-transport-security:
      - max-age=31536000; includeSubDomains
      transfer-encoding:
      - chunked
      vary:
      - Accept-Encoding
      x-content-type-options:
      - nosniff
      x-powered-by:
      - ASP.NET
    status:
      code: 200
      message: OK
version: 1
