interactions:
- request:
    body: '{"location": "westus2", "tags": {"owner": "cli_test"}}'
    headers:
      Accept:
      - application/json
      Accept-Encoding:
      - gzip, deflate
      CommandName:
      - group create
      Connection:
      - keep-alive
      Content-Length:
      - '54'
      Content-Type:
      - application/json
      ParameterSetName:
      - -n --subscription -l --tags
      User-Agent:
      - AZURECLI/2.42.0 (PIP) azsdk-python-azure-mgmt-resource/21.1.0b1 Python/3.8.10
        (Windows-10-10.0.19045-SP0)
    method: PUT
    uri: https://management.azure.com/subscriptions/00000000-0000-0000-0000-000000000000/resourcegroups/cli-rg-subnet000007?api-version=2021-04-01
  response:
    body:
      string: '{"id":"/subscriptions/00000000-0000-0000-0000-000000000000/resourceGroups/cli-rg-subnet000007","name":"cli-rg-subnet000007","type":"Microsoft.Resources/resourceGroups","location":"westus2","tags":{"owner":"cli_test"},"properties":{"provisioningState":"Succeeded"}}'
    headers:
      cache-control:
      - no-cache
      content-length:
      - '264'
      content-type:
      - application/json; charset=utf-8
      date:
      - Wed, 23 Nov 2022 09:36:55 GMT
      expires:
      - '-1'
      pragma:
      - no-cache
      strict-transport-security:
      - max-age=31536000; includeSubDomains
      x-content-type-options:
      - nosniff
      x-ms-ratelimit-remaining-subscription-writes:
      - '1198'
    status:
      code: 201
      message: Created
- request:
    body: '{"location": "westus2", "properties": {"addressSpace": {"addressPrefixes":
      ["10.0.0.0/16"]}, "enableDdosProtection": false, "enableVmProtection": false}}'
    headers:
      Accept:
      - application/json
      Accept-Encoding:
      - gzip, deflate
      CommandName:
      - network vnet create
      Connection:
      - keep-alive
      Content-Length:
      - '153'
      Content-Type:
      - application/json
      ParameterSetName:
      - -n --resource-group -l --address-prefix
      User-Agent:
      - AZURECLI/2.42.0 (PIP) (AAZ) azsdk-python-core/1.24.0 Python/3.8.10 (Windows-10-10.0.19045-SP0)
    method: PUT
    uri: https://management.azure.com/subscriptions/00000000-0000-0000-0000-000000000000/resourceGroups/cli-rg-subnet000007/providers/Microsoft.Network/virtualNetworks/cli-vnet-000005?api-version=2022-01-01
  response:
    body:
      string: "{\r\n  \"name\": \"cli-vnet-000005\",\r\n  \"id\": \"/subscriptions/00000000-0000-0000-0000-000000000000/resourceGroups/cli-rg-subnet000007/providers/Microsoft.Network/virtualNetworks/cli-vnet-000005\",\r\n
        \ \"etag\": \"W/\\\"8c3760e3-181f-4f65-ac2a-3660a7972deb\\\"\",\r\n  \"type\":
        \"Microsoft.Network/virtualNetworks\",\r\n  \"location\": \"westus2\",\r\n
        \ \"properties\": {\r\n    \"provisioningState\": \"Updating\",\r\n    \"resourceGuid\":
        \"bb97ff3b-0f9a-433e-86e5-059cb7cd4d8c\",\r\n    \"addressSpace\": {\r\n      \"addressPrefixes\":
        [\r\n        \"10.0.0.0/16\"\r\n      ]\r\n    },\r\n    \"subnets\": [],\r\n
        \   \"virtualNetworkPeerings\": [],\r\n    \"enableDdosProtection\": false\r\n
        \ }\r\n}"
    headers:
      azure-asyncnotification:
      - Enabled
      azure-asyncoperation:
      - https://management.azure.com/subscriptions/00000000-0000-0000-0000-000000000000/providers/Microsoft.Network/locations/westus2/operations/daf84189-9f54-4cff-a14a-aece27eb1d8c?api-version=2022-01-01
      cache-control:
      - no-cache
      content-length:
      - '628'
      content-type:
      - application/json; charset=utf-8
      date:
      - Wed, 23 Nov 2022 09:36:59 GMT
      expires:
      - '-1'
      pragma:
      - no-cache
      server:
      - Microsoft-HTTPAPI/2.0
      - Microsoft-HTTPAPI/2.0
      strict-transport-security:
      - max-age=31536000; includeSubDomains
      x-content-type-options:
      - nosniff
      x-ms-arm-service-request-id:
      - c75e041d-5882-459d-a4d9-09e4f48fd481
      x-ms-ratelimit-remaining-subscription-writes:
      - '1196'
    status:
      code: 201
      message: Created
- request:
    body: null
    headers:
      Accept:
      - '*/*'
      Accept-Encoding:
      - gzip, deflate
      CommandName:
      - network vnet create
      Connection:
      - keep-alive
      ParameterSetName:
      - -n --resource-group -l --address-prefix
      User-Agent:
      - AZURECLI/2.42.0 (PIP) (AAZ) azsdk-python-core/1.24.0 Python/3.8.10 (Windows-10-10.0.19045-SP0)
    method: GET
    uri: https://management.azure.com/subscriptions/00000000-0000-0000-0000-000000000000/providers/Microsoft.Network/locations/westus2/operations/daf84189-9f54-4cff-a14a-aece27eb1d8c?api-version=2022-01-01
  response:
    body:
      string: "{\r\n  \"status\": \"Succeeded\"\r\n}"
    headers:
      cache-control:
      - no-cache
      content-length:
      - '29'
      content-type:
      - application/json; charset=utf-8
      date:
      - Wed, 23 Nov 2022 09:37:03 GMT
      expires:
      - '-1'
      pragma:
      - no-cache
      server:
      - Microsoft-HTTPAPI/2.0
      - Microsoft-HTTPAPI/2.0
      strict-transport-security:
      - max-age=31536000; includeSubDomains
      transfer-encoding:
      - chunked
      vary:
      - Accept-Encoding
      x-content-type-options:
      - nosniff
      x-ms-arm-service-request-id:
      - 4b3efc06-cb31-43bb-aa22-d7aa71dba92d
    status:
      code: 200
      message: OK
- request:
    body: null
    headers:
      Accept:
      - '*/*'
      Accept-Encoding:
      - gzip, deflate
      CommandName:
      - network vnet create
      Connection:
      - keep-alive
      ParameterSetName:
      - -n --resource-group -l --address-prefix
      User-Agent:
      - AZURECLI/2.42.0 (PIP) (AAZ) azsdk-python-core/1.24.0 Python/3.8.10 (Windows-10-10.0.19045-SP0)
    method: GET
    uri: https://management.azure.com/subscriptions/00000000-0000-0000-0000-000000000000/resourceGroups/cli-rg-subnet000007/providers/Microsoft.Network/virtualNetworks/cli-vnet-000005?api-version=2022-01-01
  response:
    body:
      string: "{\r\n  \"name\": \"cli-vnet-000005\",\r\n  \"id\": \"/subscriptions/00000000-0000-0000-0000-000000000000/resourceGroups/cli-rg-subnet000007/providers/Microsoft.Network/virtualNetworks/cli-vnet-000005\",\r\n
        \ \"etag\": \"W/\\\"5db3c39e-3670-46da-8d20-d3e3c4d948c4\\\"\",\r\n  \"type\":
        \"Microsoft.Network/virtualNetworks\",\r\n  \"location\": \"westus2\",\r\n
        \ \"properties\": {\r\n    \"provisioningState\": \"Succeeded\",\r\n    \"resourceGuid\":
        \"bb97ff3b-0f9a-433e-86e5-059cb7cd4d8c\",\r\n    \"addressSpace\": {\r\n      \"addressPrefixes\":
        [\r\n        \"10.0.0.0/16\"\r\n      ]\r\n    },\r\n    \"subnets\": [],\r\n
        \   \"virtualNetworkPeerings\": [],\r\n    \"enableDdosProtection\": false\r\n
        \ }\r\n}"
    headers:
      cache-control:
      - no-cache
      content-length:
      - '629'
      content-type:
      - application/json; charset=utf-8
      date:
      - Wed, 23 Nov 2022 09:37:03 GMT
      etag:
      - W/"5db3c39e-3670-46da-8d20-d3e3c4d948c4"
      expires:
      - '-1'
      pragma:
      - no-cache
      server:
      - Microsoft-HTTPAPI/2.0
      - Microsoft-HTTPAPI/2.0
      strict-transport-security:
      - max-age=31536000; includeSubDomains
      transfer-encoding:
      - chunked
      vary:
      - Accept-Encoding
      x-content-type-options:
      - nosniff
      x-ms-arm-service-request-id:
      - 41af2164-7529-47e0-a7a6-93f9d53c902b
    status:
      code: 200
      message: OK
- request:
    body: '{"name": "cli-subnet-000006", "properties": {"addressPrefix": "10.0.0.0/24",
      "delegations": [{"name": "0", "properties": {"serviceName": "Microsoft.Netapp/volumes"}}]}}'
    headers:
      Accept:
      - application/json
      Accept-Encoding:
      - gzip, deflate
      CommandName:
      - network vnet subnet create
      Connection:
      - keep-alive
      Content-Length:
      - '168'
      Content-Type:
      - application/json
      ParameterSetName:
      - -n -g --vnet-name --address-prefixes --delegations
      User-Agent:
      - AZURECLI/2.42.0 (PIP) (AAZ) azsdk-python-core/1.24.0 Python/3.8.10 (Windows-10-10.0.19045-SP0)
    method: PUT
    uri: https://management.azure.com/subscriptions/00000000-0000-0000-0000-000000000000/resourceGroups/cli-rg-subnet000007/providers/Microsoft.Network/virtualNetworks/cli-vnet-000005/subnets/cli-subnet-000006?api-version=2022-01-01
  response:
    body:
      string: "{\r\n  \"name\": \"cli-subnet-000006\",\r\n  \"id\": \"/subscriptions/00000000-0000-0000-0000-000000000000/resourceGroups/cli-rg-subnet000007/providers/Microsoft.Network/virtualNetworks/cli-vnet-000005/subnets/cli-subnet-000006\",\r\n
        \ \"etag\": \"W/\\\"dfaa88ef-b9ae-4d03-8d80-82165c5851d1\\\"\",\r\n  \"properties\":
        {\r\n    \"provisioningState\": \"Updating\",\r\n    \"addressPrefix\": \"10.0.0.0/24\",\r\n
        \   \"delegations\": [\r\n      {\r\n        \"name\": \"0\",\r\n        \"id\":
        \"/subscriptions/00000000-0000-0000-0000-000000000000/resourceGroups/cli-rg-subnet000007/providers/Microsoft.Network/virtualNetworks/cli-vnet-000005/subnets/cli-subnet-000006/delegations/0\",\r\n
        \       \"etag\": \"W/\\\"dfaa88ef-b9ae-4d03-8d80-82165c5851d1\\\"\",\r\n
        \       \"properties\": {\r\n          \"provisioningState\": \"Succeeded\",\r\n
        \         \"serviceName\": \"Microsoft.Netapp/volumes\",\r\n          \"actions\":
        [\r\n            \"Microsoft.Network/networkinterfaces/*\",\r\n            \"Microsoft.Network/virtualNetworks/subnets/join/action\"\r\n
        \         ]\r\n        },\r\n        \"type\": \"Microsoft.Network/virtualNetworks/subnets/delegations\"\r\n
        \     }\r\n    ],\r\n    \"purpose\": \"HostedWorkloads\",\r\n    \"privateEndpointNetworkPolicies\":
        \"Disabled\",\r\n    \"privateLinkServiceNetworkPolicies\": \"Enabled\"\r\n
        \ },\r\n  \"type\": \"Microsoft.Network/virtualNetworks/subnets\"\r\n}"
    headers:
      azure-asyncnotification:
      - Enabled
      azure-asyncoperation:
      - https://management.azure.com/subscriptions/00000000-0000-0000-0000-000000000000/providers/Microsoft.Network/locations/westus2/operations/83b2897a-4816-4912-9497-b72c52a0411f?api-version=2022-01-01
      cache-control:
      - no-cache
      content-length:
      - '1278'
      content-type:
      - application/json; charset=utf-8
      date:
      - Wed, 23 Nov 2022 09:37:05 GMT
      expires:
      - '-1'
      pragma:
      - no-cache
      server:
      - Microsoft-HTTPAPI/2.0
      - Microsoft-HTTPAPI/2.0
      strict-transport-security:
      - max-age=31536000; includeSubDomains
      x-content-type-options:
      - nosniff
      x-ms-arm-service-request-id:
      - d5315896-52b6-4817-8efb-7f1471b53ebb
      x-ms-ratelimit-remaining-subscription-writes:
      - '1198'
    status:
      code: 201
      message: Created
- request:
    body: null
    headers:
      Accept:
      - '*/*'
      Accept-Encoding:
      - gzip, deflate
      CommandName:
      - network vnet subnet create
      Connection:
      - keep-alive
      ParameterSetName:
      - -n -g --vnet-name --address-prefixes --delegations
      User-Agent:
      - AZURECLI/2.42.0 (PIP) (AAZ) azsdk-python-core/1.24.0 Python/3.8.10 (Windows-10-10.0.19045-SP0)
    method: GET
    uri: https://management.azure.com/subscriptions/00000000-0000-0000-0000-000000000000/providers/Microsoft.Network/locations/westus2/operations/83b2897a-4816-4912-9497-b72c52a0411f?api-version=2022-01-01
  response:
    body:
      string: "{\r\n  \"status\": \"Succeeded\"\r\n}"
    headers:
      cache-control:
      - no-cache
      content-length:
      - '29'
      content-type:
      - application/json; charset=utf-8
      date:
      - Wed, 23 Nov 2022 09:37:08 GMT
      expires:
      - '-1'
      pragma:
      - no-cache
      server:
      - Microsoft-HTTPAPI/2.0
      - Microsoft-HTTPAPI/2.0
      strict-transport-security:
      - max-age=31536000; includeSubDomains
      transfer-encoding:
      - chunked
      vary:
      - Accept-Encoding
      x-content-type-options:
      - nosniff
      x-ms-arm-service-request-id:
      - 8217b08b-5120-43e2-930e-9b56e7f613d8
    status:
      code: 200
      message: OK
- request:
    body: null
    headers:
      Accept:
      - '*/*'
      Accept-Encoding:
      - gzip, deflate
      CommandName:
      - network vnet subnet create
      Connection:
      - keep-alive
      ParameterSetName:
      - -n -g --vnet-name --address-prefixes --delegations
      User-Agent:
      - AZURECLI/2.42.0 (PIP) (AAZ) azsdk-python-core/1.24.0 Python/3.8.10 (Windows-10-10.0.19045-SP0)
    method: GET
    uri: https://management.azure.com/subscriptions/00000000-0000-0000-0000-000000000000/resourceGroups/cli-rg-subnet000007/providers/Microsoft.Network/virtualNetworks/cli-vnet-000005/subnets/cli-subnet-000006?api-version=2022-01-01
  response:
    body:
      string: "{\r\n  \"name\": \"cli-subnet-000006\",\r\n  \"id\": \"/subscriptions/00000000-0000-0000-0000-000000000000/resourceGroups/cli-rg-subnet000007/providers/Microsoft.Network/virtualNetworks/cli-vnet-000005/subnets/cli-subnet-000006\",\r\n
        \ \"etag\": \"W/\\\"dc6a8aa2-a5e7-4cab-97b7-0f55b363da69\\\"\",\r\n  \"properties\":
        {\r\n    \"provisioningState\": \"Succeeded\",\r\n    \"addressPrefix\": \"10.0.0.0/24\",\r\n
        \   \"delegations\": [\r\n      {\r\n        \"name\": \"0\",\r\n        \"id\":
        \"/subscriptions/00000000-0000-0000-0000-000000000000/resourceGroups/cli-rg-subnet000007/providers/Microsoft.Network/virtualNetworks/cli-vnet-000005/subnets/cli-subnet-000006/delegations/0\",\r\n
        \       \"etag\": \"W/\\\"dc6a8aa2-a5e7-4cab-97b7-0f55b363da69\\\"\",\r\n
        \       \"properties\": {\r\n          \"provisioningState\": \"Succeeded\",\r\n
        \         \"serviceName\": \"Microsoft.Netapp/volumes\",\r\n          \"actions\":
        [\r\n            \"Microsoft.Network/networkinterfaces/*\",\r\n            \"Microsoft.Network/virtualNetworks/subnets/join/action\"\r\n
        \         ]\r\n        },\r\n        \"type\": \"Microsoft.Network/virtualNetworks/subnets/delegations\"\r\n
        \     }\r\n    ],\r\n    \"purpose\": \"HostedWorkloads\",\r\n    \"privateEndpointNetworkPolicies\":
        \"Disabled\",\r\n    \"privateLinkServiceNetworkPolicies\": \"Enabled\"\r\n
        \ },\r\n  \"type\": \"Microsoft.Network/virtualNetworks/subnets\"\r\n}"
    headers:
      cache-control:
      - no-cache
      content-length:
      - '1279'
      content-type:
      - application/json; charset=utf-8
      date:
      - Wed, 23 Nov 2022 09:37:09 GMT
      etag:
      - W/"dc6a8aa2-a5e7-4cab-97b7-0f55b363da69"
      expires:
      - '-1'
      pragma:
      - no-cache
      server:
      - Microsoft-HTTPAPI/2.0
      - Microsoft-HTTPAPI/2.0
      strict-transport-security:
      - max-age=31536000; includeSubDomains
      transfer-encoding:
      - chunked
      vary:
      - Accept-Encoding
      x-content-type-options:
      - nosniff
      x-ms-arm-service-request-id:
      - 0a1b0d3f-a126-4103-b072-fa6c77821e70
    status:
      code: 200
      message: OK
- request:
    body: '{"location": "westus2"}'
    headers:
      Accept:
      - application/json
      Accept-Encoding:
      - gzip, deflate
      CommandName:
      - netappfiles account create
      Connection:
      - keep-alive
      Content-Length:
      - '23'
      Content-Type:
      - application/json
      ParameterSetName:
      - -g -a -l
      User-Agent:
      - AZURECLI/2.42.0 (PIP) azsdk-python-mgmt-netapp/9.0.1 Python/3.8.10 (Windows-10-10.0.19045-SP0)
    method: PUT
    uri: https://management.azure.com/subscriptions/00000000-0000-0000-0000-000000000000/resourceGroups/cli_netappfiles_test_volume_000001/providers/Microsoft.NetApp/netAppAccounts/cli-acc-000002?api-version=2022-05-01
  response:
    body:
      string: '{"id":"/subscriptions/00000000-0000-0000-0000-000000000000/resourceGroups/cli_netappfiles_test_volume_000001/providers/Microsoft.NetApp/netAppAccounts/cli-acc-000002","name":"cli-acc-000002","type":"Microsoft.NetApp/netAppAccounts","etag":"W/\"datetime''2022-11-23T09%3A37%3A13.607762Z''\"","location":"westus2","properties":{"provisioningState":"Creating"},"systemData":{"createdBy":"ethanyang@microsoft.com","createdByType":"User","createdAt":"2022-11-23T09:37:12.5471083Z","lastModifiedBy":"ethanyang@microsoft.com","lastModifiedByType":"User","lastModifiedAt":"2022-11-23T09:37:12.5471083Z"}}'
    headers:
      azure-asyncoperation:
      - https://management.azure.com/subscriptions/00000000-0000-0000-0000-000000000000/providers/Microsoft.NetApp/locations/westus2/operationResults/598e7995-84ae-435c-b6f1-5887c5895bd4?api-version=2022-05-01
      cache-control:
      - no-cache
      content-length:
      - '594'
      content-type:
      - application/json; charset=utf-8
      date:
      - Wed, 23 Nov 2022 09:37:13 GMT
      etag:
      - W/"datetime'2022-11-23T09%3A37%3A13.607762Z'"
      expires:
      - '-1'
      pragma:
      - no-cache
      server:
      - Microsoft-IIS/10.0
      strict-transport-security:
      - max-age=31536000; includeSubDomains
      x-content-type-options:
      - nosniff
      x-ms-ratelimit-remaining-subscription-writes:
      - '1197'
      x-powered-by:
      - ASP.NET
    status:
      code: 201
      message: Created
- request:
    body: null
    headers:
      Accept:
      - '*/*'
      Accept-Encoding:
      - gzip, deflate
      CommandName:
      - netappfiles account create
      Connection:
      - keep-alive
      ParameterSetName:
      - -g -a -l
      User-Agent:
      - AZURECLI/2.42.0 (PIP) azsdk-python-mgmt-netapp/9.0.1 Python/3.8.10 (Windows-10-10.0.19045-SP0)
    method: GET
    uri: https://management.azure.com/subscriptions/00000000-0000-0000-0000-000000000000/providers/Microsoft.NetApp/locations/westus2/operationResults/598e7995-84ae-435c-b6f1-5887c5895bd4?api-version=2022-05-01
  response:
    body:
      string: '{"id":"/subscriptions/00000000-0000-0000-0000-000000000000/providers/Microsoft.NetApp/locations/westus2/operationResults/598e7995-84ae-435c-b6f1-5887c5895bd4","name":"598e7995-84ae-435c-b6f1-5887c5895bd4","status":"Succeeded","startTime":"2022-11-23T09:37:13.6084943Z","endTime":"2022-11-23T09:37:13.686623Z","percentComplete":100.0,"properties":{"resourceName":"/subscriptions/00000000-0000-0000-0000-000000000000/resourceGroups/cli_netappfiles_test_volume_000001/providers/Microsoft.NetApp/netAppAccounts/cli-acc-000002"}}'
    headers:
      cache-control:
      - no-cache
      content-length:
      - '524'
      content-type:
      - application/json; charset=utf-8
      date:
      - Wed, 23 Nov 2022 09:37:44 GMT
      expires:
      - '-1'
      pragma:
      - no-cache
      server:
      - Microsoft-IIS/10.0
      strict-transport-security:
      - max-age=31536000; includeSubDomains
      transfer-encoding:
      - chunked
      vary:
      - Accept-Encoding
      x-content-type-options:
      - nosniff
      x-powered-by:
      - ASP.NET
    status:
      code: 200
      message: OK
- request:
    body: null
    headers:
      Accept:
      - '*/*'
      Accept-Encoding:
      - gzip, deflate
      CommandName:
      - netappfiles account create
      Connection:
      - keep-alive
      ParameterSetName:
      - -g -a -l
      User-Agent:
      - AZURECLI/2.42.0 (PIP) azsdk-python-mgmt-netapp/9.0.1 Python/3.8.10 (Windows-10-10.0.19045-SP0)
    method: GET
    uri: https://management.azure.com/subscriptions/00000000-0000-0000-0000-000000000000/resourceGroups/cli_netappfiles_test_volume_000001/providers/Microsoft.NetApp/netAppAccounts/cli-acc-000002?api-version=2022-05-01
  response:
    body:
      string: '{"id":"/subscriptions/00000000-0000-0000-0000-000000000000/resourceGroups/cli_netappfiles_test_volume_000001/providers/Microsoft.NetApp/netAppAccounts/cli-acc-000002","name":"cli-acc-000002","type":"Microsoft.NetApp/netAppAccounts","etag":"W/\"datetime''2022-11-23T09%3A37%3A13.6926169Z''\"","location":"westus2","properties":{"encryption":{"keySource":"Microsoft.NetApp"},"provisioningState":"Succeeded"},"systemData":{"createdBy":"ethanyang@microsoft.com","createdByType":"User","createdAt":"2022-11-23T09:37:12.5471083Z","lastModifiedBy":"ethanyang@microsoft.com","lastModifiedByType":"User","lastModifiedAt":"2022-11-23T09:37:12.5471083Z"}}'
    headers:
      cache-control:
      - no-cache
      content-length:
      - '642'
      content-type:
      - application/json; charset=utf-8
      date:
      - Wed, 23 Nov 2022 09:37:44 GMT
      etag:
      - W/"datetime'2022-11-23T09%3A37%3A13.6926169Z'"
      expires:
      - '-1'
      pragma:
      - no-cache
      server:
      - Microsoft-IIS/10.0
      strict-transport-security:
      - max-age=31536000; includeSubDomains
      transfer-encoding:
      - chunked
      vary:
      - Accept-Encoding
      x-content-type-options:
      - nosniff
      x-powered-by:
      - ASP.NET
    status:
      code: 200
      message: OK
- request:
    body: '{"location": "westus2", "properties": {"size": 4398046511104, "serviceLevel":
      "Premium"}}'
    headers:
      Accept:
      - application/json
      Accept-Encoding:
      - gzip, deflate
      CommandName:
      - netappfiles pool create
      Connection:
      - keep-alive
      Content-Length:
      - '89'
      Content-Type:
      - application/json
      ParameterSetName:
      - -g -a -p -l --service-level --size
      User-Agent:
      - AZURECLI/2.42.0 (PIP) azsdk-python-mgmt-netapp/9.0.1 Python/3.8.10 (Windows-10-10.0.19045-SP0)
    method: PUT
    uri: https://management.azure.com/subscriptions/00000000-0000-0000-0000-000000000000/resourceGroups/cli_netappfiles_test_volume_000001/providers/Microsoft.NetApp/netAppAccounts/cli-acc-000002/capacityPools/cli-pool-000003?api-version=2022-05-01
  response:
    body:
      string: '{"id":"/subscriptions/00000000-0000-0000-0000-000000000000/resourceGroups/cli_netappfiles_test_volume_000001/providers/Microsoft.NetApp/netAppAccounts/cli-acc-000002/capacityPools/cli-pool-000003","name":"cli-acc-000002/cli-pool-000003","type":"Microsoft.NetApp/netAppAccounts/capacityPools","etag":"W/\"datetime''2022-11-23T09%3A37%3A48.9633666Z''\"","location":"westus2","properties":{"serviceLevel":"Premium","size":4398046511104,"totalThroughputMibps":0.0,"utilizedThroughputMibps":0.0,"provisioningState":"Creating"},"systemData":{"createdBy":"ethanyang@microsoft.com","createdByType":"User","createdAt":"2022-11-23T09:37:47.8409333Z","lastModifiedBy":"ethanyang@microsoft.com","lastModifiedByType":"User","lastModifiedAt":"2022-11-23T09:37:47.8409333Z"}}'
    headers:
      azure-asyncoperation:
      - https://management.azure.com/subscriptions/00000000-0000-0000-0000-000000000000/providers/Microsoft.NetApp/locations/westus2/operationResults/db2be4c8-463b-40e9-8d27-e4b38e2784d5?api-version=2022-05-01
      cache-control:
      - no-cache
      content-length:
      - '758'
      content-type:
      - application/json; charset=utf-8
      date:
      - Wed, 23 Nov 2022 09:37:49 GMT
      etag:
      - W/"datetime'2022-11-23T09%3A37%3A48.9633666Z'"
      expires:
      - '-1'
      pragma:
      - no-cache
      server:
      - Microsoft-IIS/10.0
      strict-transport-security:
      - max-age=31536000; includeSubDomains
      x-content-type-options:
      - nosniff
      x-ms-ratelimit-remaining-subscription-writes:
      - '1198'
      x-powered-by:
      - ASP.NET
    status:
      code: 201
      message: Created
- request:
    body: null
    headers:
      Accept:
      - '*/*'
      Accept-Encoding:
      - gzip, deflate
      CommandName:
      - netappfiles pool create
      Connection:
      - keep-alive
      ParameterSetName:
      - -g -a -p -l --service-level --size
      User-Agent:
      - AZURECLI/2.42.0 (PIP) azsdk-python-mgmt-netapp/9.0.1 Python/3.8.10 (Windows-10-10.0.19045-SP0)
    method: GET
    uri: https://management.azure.com/subscriptions/00000000-0000-0000-0000-000000000000/providers/Microsoft.NetApp/locations/westus2/operationResults/db2be4c8-463b-40e9-8d27-e4b38e2784d5?api-version=2022-05-01
  response:
    body:
      string: '{"id":"/subscriptions/00000000-0000-0000-0000-000000000000/providers/Microsoft.NetApp/locations/westus2/operationResults/db2be4c8-463b-40e9-8d27-e4b38e2784d5","name":"db2be4c8-463b-40e9-8d27-e4b38e2784d5","status":"Succeeded","startTime":"2022-11-23T09:37:48.9604979Z","endTime":"2022-11-23T09:37:49.2415368Z","percentComplete":100.0,"properties":{"resourceName":"/subscriptions/00000000-0000-0000-0000-000000000000/resourceGroups/cli_netappfiles_test_volume_000001/providers/Microsoft.NetApp/netAppAccounts/cli-acc-000002/capacityPools/cli-pool-000003"}}'
    headers:
      cache-control:
      - no-cache
      content-length:
      - '555'
      content-type:
      - application/json; charset=utf-8
      date:
      - Wed, 23 Nov 2022 09:38:19 GMT
      expires:
      - '-1'
      pragma:
      - no-cache
      server:
      - Microsoft-IIS/10.0
      strict-transport-security:
      - max-age=31536000; includeSubDomains
      transfer-encoding:
      - chunked
      vary:
      - Accept-Encoding
      x-content-type-options:
      - nosniff
      x-powered-by:
      - ASP.NET
    status:
      code: 200
      message: OK
- request:
    body: null
    headers:
      Accept:
      - '*/*'
      Accept-Encoding:
      - gzip, deflate
      CommandName:
      - netappfiles pool create
      Connection:
      - keep-alive
      ParameterSetName:
      - -g -a -p -l --service-level --size
      User-Agent:
      - AZURECLI/2.42.0 (PIP) azsdk-python-mgmt-netapp/9.0.1 Python/3.8.10 (Windows-10-10.0.19045-SP0)
    method: GET
    uri: https://management.azure.com/subscriptions/00000000-0000-0000-0000-000000000000/resourceGroups/cli_netappfiles_test_volume_000001/providers/Microsoft.NetApp/netAppAccounts/cli-acc-000002/capacityPools/cli-pool-000003?api-version=2022-05-01
  response:
    body:
      string: '{"id":"/subscriptions/00000000-0000-0000-0000-000000000000/resourceGroups/cli_netappfiles_test_volume_000001/providers/Microsoft.NetApp/netAppAccounts/cli-acc-000002/capacityPools/cli-pool-000003","name":"cli-acc-000002/cli-pool-000003","type":"Microsoft.NetApp/netAppAccounts/capacityPools","etag":"W/\"datetime''2022-11-23T09%3A37%3A49.2410156Z''\"","location":"westus2","properties":{"poolId":"7b38a26d-8447-8065-6832-d5c61acaa7df","serviceLevel":"Premium","size":4398046511104,"qosType":"Auto","totalThroughputMibps":256.0,"utilizedThroughputMibps":0.0,"encryptionType":"Single","coolAccess":false,"provisioningState":"Succeeded"},"systemData":{"createdBy":"ethanyang@microsoft.com","createdByType":"User","createdAt":"2022-11-23T09:37:47.8409333Z","lastModifiedBy":"ethanyang@microsoft.com","lastModifiedByType":"User","lastModifiedAt":"2022-11-23T09:37:47.8409333Z"}}'
    headers:
      cache-control:
      - no-cache
      content-length:
      - '871'
      content-type:
      - application/json; charset=utf-8
      date:
      - Wed, 23 Nov 2022 09:38:20 GMT
      etag:
      - W/"datetime'2022-11-23T09%3A37%3A49.2410156Z'"
      expires:
      - '-1'
      pragma:
      - no-cache
      server:
      - Microsoft-IIS/10.0
      strict-transport-security:
      - max-age=31536000; includeSubDomains
      transfer-encoding:
      - chunked
      vary:
      - Accept-Encoding
      x-content-type-options:
      - nosniff
      x-powered-by:
      - ASP.NET
    status:
      code: 200
      message: OK
- request:
    body: '{"location": "westus2", "properties": {"creationToken": "cli-vol-000004",
      "serviceLevel": "Premium", "usageThreshold": 107374182400, "subnetId": "/subscriptions/00000000-0000-0000-0000-000000000000/resourceGroups/cli-rg-subnet000007/providers/Microsoft.Network/virtualNetworks/cli-vnet-000005/subnets/cli-subnet-000006"}}'
    headers:
      Accept:
      - application/json
      Accept-Encoding:
      - gzip, deflate
      CommandName:
      - netappfiles volume create
      Connection:
      - keep-alive
      Content-Length:
      - '321'
      Content-Type:
      - application/json
      ParameterSetName:
      - --resource-group --account-name --pool-name --volume-name -l --service-level
        --usage-threshold --file-path --vnet --subnet
      User-Agent:
      - AZURECLI/2.42.0 (PIP) azsdk-python-mgmt-netapp/9.0.1 Python/3.8.10 (Windows-10-10.0.19045-SP0)
    method: PUT
    uri: https://management.azure.com/subscriptions/00000000-0000-0000-0000-000000000000/resourceGroups/cli_netappfiles_test_volume_000001/providers/Microsoft.NetApp/netAppAccounts/cli-acc-000002/capacityPools/cli-pool-000003/volumes/cli-vol-000004?api-version=2022-05-01
  response:
    body:
      string: '{"id":"/subscriptions/00000000-0000-0000-0000-000000000000/resourceGroups/cli_netappfiles_test_volume_000001/providers/Microsoft.NetApp/netAppAccounts/cli-acc-000002/capacityPools/cli-pool-000003/volumes/cli-vol-000004","name":"cli-acc-000002/cli-pool-000003/cli-vol-000004","type":"Microsoft.NetApp/netAppAccounts/capacityPools/volumes","etag":"W/\"datetime''2022-11-23T09%3A38%3A25.3249719Z''\"","location":"westus2","properties":{"serviceLevel":"Premium","creationToken":"cli-vol-000004","usageThreshold":107374182400,"subnetId":"/subscriptions/00000000-0000-0000-0000-000000000000/resourceGroups/cli-rg-subnet000007/providers/Microsoft.Network/virtualNetworks/cli-vnet-000005/subnets/cli-subnet-000006","maximumNumberOfFiles":100000000,"provisioningState":"Creating"},"systemData":{"createdBy":"ethanyang@microsoft.com","createdByType":"User","createdAt":"2022-11-23T09:38:24.089282Z","lastModifiedBy":"ethanyang@microsoft.com","lastModifiedByType":"User","lastModifiedAt":"2022-11-23T09:38:24.089282Z"}}'
    headers:
      azure-asyncoperation:
      - https://management.azure.com/subscriptions/00000000-0000-0000-0000-000000000000/providers/Microsoft.NetApp/locations/westus2/operationResults/031c645d-36e0-4720-bb90-74024755ec58?api-version=2022-05-01
      cache-control:
      - no-cache
      content-length:
      - '1006'
      content-type:
      - application/json; charset=utf-8
      date:
      - Wed, 23 Nov 2022 09:38:25 GMT
      etag:
      - W/"datetime'2022-11-23T09%3A38%3A25.3249719Z'"
      expires:
      - '-1'
      pragma:
      - no-cache
      server:
      - Microsoft-IIS/10.0
      strict-transport-security:
      - max-age=31536000; includeSubDomains
      x-content-type-options:
      - nosniff
      x-ms-ratelimit-remaining-subscription-writes:
      - '1197'
      x-powered-by:
      - ASP.NET
    status:
      code: 201
      message: Created
- request:
    body: null
    headers:
      Accept:
      - '*/*'
      Accept-Encoding:
      - gzip, deflate
      CommandName:
      - netappfiles volume create
      Connection:
      - keep-alive
      ParameterSetName:
      - --resource-group --account-name --pool-name --volume-name -l --service-level
        --usage-threshold --file-path --vnet --subnet
      User-Agent:
      - AZURECLI/2.42.0 (PIP) azsdk-python-mgmt-netapp/9.0.1 Python/3.8.10 (Windows-10-10.0.19045-SP0)
    method: GET
    uri: https://management.azure.com/subscriptions/00000000-0000-0000-0000-000000000000/providers/Microsoft.NetApp/locations/westus2/operationResults/031c645d-36e0-4720-bb90-74024755ec58?api-version=2022-05-01
  response:
    body:
      string: '{"id":"/subscriptions/00000000-0000-0000-0000-000000000000/providers/Microsoft.NetApp/locations/westus2/operationResults/031c645d-36e0-4720-bb90-74024755ec58","name":"031c645d-36e0-4720-bb90-74024755ec58","status":"Creating","startTime":"2022-11-23T09:38:25.3157759Z","endTime":"0001-01-01T00:00:00Z","percentComplete":0.0,"properties":{"resourceName":"/subscriptions/00000000-0000-0000-0000-000000000000/resourceGroups/cli_netappfiles_test_volume_000001/providers/Microsoft.NetApp/netAppAccounts/cli-acc-000002/capacityPools/cli-pool-000003/volumes/cli-vol-000004"}}'
    headers:
      cache-control:
      - no-cache
      content-length:
      - '567'
      content-type:
      - application/json; charset=utf-8
      date:
      - Wed, 23 Nov 2022 09:38:56 GMT
      expires:
      - '-1'
      pragma:
      - no-cache
      server:
      - Microsoft-IIS/10.0
      strict-transport-security:
      - max-age=31536000; includeSubDomains
      transfer-encoding:
      - chunked
      vary:
      - Accept-Encoding
      x-content-type-options:
      - nosniff
      x-powered-by:
      - ASP.NET
    status:
      code: 200
      message: OK
- request:
    body: null
    headers:
      Accept:
      - '*/*'
      Accept-Encoding:
      - gzip, deflate
      CommandName:
      - netappfiles volume create
      Connection:
      - keep-alive
      ParameterSetName:
      - --resource-group --account-name --pool-name --volume-name -l --service-level
        --usage-threshold --file-path --vnet --subnet
      User-Agent:
      - AZURECLI/2.42.0 (PIP) azsdk-python-mgmt-netapp/9.0.1 Python/3.8.10 (Windows-10-10.0.19045-SP0)
    method: GET
    uri: https://management.azure.com/subscriptions/00000000-0000-0000-0000-000000000000/providers/Microsoft.NetApp/locations/westus2/operationResults/031c645d-36e0-4720-bb90-74024755ec58?api-version=2022-05-01
  response:
    body:
      string: '{"id":"/subscriptions/00000000-0000-0000-0000-000000000000/providers/Microsoft.NetApp/locations/westus2/operationResults/031c645d-36e0-4720-bb90-74024755ec58","name":"031c645d-36e0-4720-bb90-74024755ec58","status":"Creating","startTime":"2022-11-23T09:38:25.3157759Z","endTime":"0001-01-01T00:00:00Z","percentComplete":0.0,"properties":{"resourceName":"/subscriptions/00000000-0000-0000-0000-000000000000/resourceGroups/cli_netappfiles_test_volume_000001/providers/Microsoft.NetApp/netAppAccounts/cli-acc-000002/capacityPools/cli-pool-000003/volumes/cli-vol-000004"}}'
    headers:
      cache-control:
      - no-cache
      content-length:
      - '567'
      content-type:
      - application/json; charset=utf-8
      date:
      - Wed, 23 Nov 2022 09:39:26 GMT
      expires:
      - '-1'
      pragma:
      - no-cache
      server:
      - Microsoft-IIS/10.0
      strict-transport-security:
      - max-age=31536000; includeSubDomains
      transfer-encoding:
      - chunked
      vary:
      - Accept-Encoding
      x-content-type-options:
      - nosniff
      x-powered-by:
      - ASP.NET
    status:
      code: 200
      message: OK
- request:
    body: null
    headers:
      Accept:
      - '*/*'
      Accept-Encoding:
      - gzip, deflate
      CommandName:
      - netappfiles volume create
      Connection:
      - keep-alive
      ParameterSetName:
      - --resource-group --account-name --pool-name --volume-name -l --service-level
        --usage-threshold --file-path --vnet --subnet
      User-Agent:
      - AZURECLI/2.42.0 (PIP) azsdk-python-mgmt-netapp/9.0.1 Python/3.8.10 (Windows-10-10.0.19045-SP0)
    method: GET
    uri: https://management.azure.com/subscriptions/00000000-0000-0000-0000-000000000000/providers/Microsoft.NetApp/locations/westus2/operationResults/031c645d-36e0-4720-bb90-74024755ec58?api-version=2022-05-01
  response:
    body:
      string: '{"id":"/subscriptions/00000000-0000-0000-0000-000000000000/providers/Microsoft.NetApp/locations/westus2/operationResults/031c645d-36e0-4720-bb90-74024755ec58","name":"031c645d-36e0-4720-bb90-74024755ec58","status":"Creating","startTime":"2022-11-23T09:38:25.3157759Z","endTime":"0001-01-01T00:00:00Z","percentComplete":0.0,"properties":{"resourceName":"/subscriptions/00000000-0000-0000-0000-000000000000/resourceGroups/cli_netappfiles_test_volume_000001/providers/Microsoft.NetApp/netAppAccounts/cli-acc-000002/capacityPools/cli-pool-000003/volumes/cli-vol-000004"}}'
    headers:
      cache-control:
      - no-cache
      content-length:
      - '567'
      content-type:
      - application/json; charset=utf-8
      date:
      - Wed, 23 Nov 2022 09:39:57 GMT
      expires:
      - '-1'
      pragma:
      - no-cache
      server:
      - Microsoft-IIS/10.0
      strict-transport-security:
      - max-age=31536000; includeSubDomains
      transfer-encoding:
      - chunked
      vary:
      - Accept-Encoding
      x-content-type-options:
      - nosniff
      x-powered-by:
      - ASP.NET
    status:
      code: 200
      message: OK
- request:
    body: null
    headers:
      Accept:
      - '*/*'
      Accept-Encoding:
      - gzip, deflate
      CommandName:
      - netappfiles volume create
      Connection:
      - keep-alive
      ParameterSetName:
      - --resource-group --account-name --pool-name --volume-name -l --service-level
        --usage-threshold --file-path --vnet --subnet
      User-Agent:
      - AZURECLI/2.42.0 (PIP) azsdk-python-mgmt-netapp/9.0.1 Python/3.8.10 (Windows-10-10.0.19045-SP0)
    method: GET
    uri: https://management.azure.com/subscriptions/00000000-0000-0000-0000-000000000000/providers/Microsoft.NetApp/locations/westus2/operationResults/031c645d-36e0-4720-bb90-74024755ec58?api-version=2022-05-01
  response:
    body:
      string: '{"id":"/subscriptions/00000000-0000-0000-0000-000000000000/providers/Microsoft.NetApp/locations/westus2/operationResults/031c645d-36e0-4720-bb90-74024755ec58","name":"031c645d-36e0-4720-bb90-74024755ec58","status":"Creating","startTime":"2022-11-23T09:38:25.3157759Z","endTime":"0001-01-01T00:00:00Z","percentComplete":0.0,"properties":{"resourceName":"/subscriptions/00000000-0000-0000-0000-000000000000/resourceGroups/cli_netappfiles_test_volume_000001/providers/Microsoft.NetApp/netAppAccounts/cli-acc-000002/capacityPools/cli-pool-000003/volumes/cli-vol-000004"}}'
    headers:
      cache-control:
      - no-cache
      content-length:
      - '567'
      content-type:
      - application/json; charset=utf-8
      date:
      - Wed, 23 Nov 2022 09:40:27 GMT
      expires:
      - '-1'
      pragma:
      - no-cache
      server:
      - Microsoft-IIS/10.0
      strict-transport-security:
      - max-age=31536000; includeSubDomains
      transfer-encoding:
      - chunked
      vary:
      - Accept-Encoding
      x-content-type-options:
      - nosniff
      x-powered-by:
      - ASP.NET
    status:
      code: 200
      message: OK
- request:
    body: null
    headers:
      Accept:
      - '*/*'
      Accept-Encoding:
      - gzip, deflate
      CommandName:
      - netappfiles volume create
      Connection:
      - keep-alive
      ParameterSetName:
      - --resource-group --account-name --pool-name --volume-name -l --service-level
        --usage-threshold --file-path --vnet --subnet
      User-Agent:
      - AZURECLI/2.42.0 (PIP) azsdk-python-mgmt-netapp/9.0.1 Python/3.8.10 (Windows-10-10.0.19045-SP0)
    method: GET
    uri: https://management.azure.com/subscriptions/00000000-0000-0000-0000-000000000000/providers/Microsoft.NetApp/locations/westus2/operationResults/031c645d-36e0-4720-bb90-74024755ec58?api-version=2022-05-01
  response:
    body:
      string: '{"id":"/subscriptions/00000000-0000-0000-0000-000000000000/providers/Microsoft.NetApp/locations/westus2/operationResults/031c645d-36e0-4720-bb90-74024755ec58","name":"031c645d-36e0-4720-bb90-74024755ec58","status":"Creating","startTime":"2022-11-23T09:38:25.3157759Z","endTime":"0001-01-01T00:00:00Z","percentComplete":0.0,"properties":{"resourceName":"/subscriptions/00000000-0000-0000-0000-000000000000/resourceGroups/cli_netappfiles_test_volume_000001/providers/Microsoft.NetApp/netAppAccounts/cli-acc-000002/capacityPools/cli-pool-000003/volumes/cli-vol-000004"}}'
    headers:
      cache-control:
      - no-cache
      content-length:
      - '567'
      content-type:
      - application/json; charset=utf-8
      date:
      - Wed, 23 Nov 2022 09:40:57 GMT
      expires:
      - '-1'
      pragma:
      - no-cache
      server:
      - Microsoft-IIS/10.0
      strict-transport-security:
      - max-age=31536000; includeSubDomains
      transfer-encoding:
      - chunked
      vary:
      - Accept-Encoding
      x-content-type-options:
      - nosniff
      x-powered-by:
      - ASP.NET
    status:
      code: 200
      message: OK
- request:
    body: null
    headers:
      Accept:
      - '*/*'
      Accept-Encoding:
      - gzip, deflate
      CommandName:
      - netappfiles volume create
      Connection:
      - keep-alive
      ParameterSetName:
      - --resource-group --account-name --pool-name --volume-name -l --service-level
        --usage-threshold --file-path --vnet --subnet
      User-Agent:
      - AZURECLI/2.42.0 (PIP) azsdk-python-mgmt-netapp/9.0.1 Python/3.8.10 (Windows-10-10.0.19045-SP0)
    method: GET
    uri: https://management.azure.com/subscriptions/00000000-0000-0000-0000-000000000000/providers/Microsoft.NetApp/locations/westus2/operationResults/031c645d-36e0-4720-bb90-74024755ec58?api-version=2022-05-01
  response:
    body:
      string: '{"id":"/subscriptions/00000000-0000-0000-0000-000000000000/providers/Microsoft.NetApp/locations/westus2/operationResults/031c645d-36e0-4720-bb90-74024755ec58","name":"031c645d-36e0-4720-bb90-74024755ec58","status":"Creating","startTime":"2022-11-23T09:38:25.3157759Z","endTime":"0001-01-01T00:00:00Z","percentComplete":0.0,"properties":{"resourceName":"/subscriptions/00000000-0000-0000-0000-000000000000/resourceGroups/cli_netappfiles_test_volume_000001/providers/Microsoft.NetApp/netAppAccounts/cli-acc-000002/capacityPools/cli-pool-000003/volumes/cli-vol-000004"}}'
    headers:
      cache-control:
      - no-cache
      content-length:
      - '567'
      content-type:
      - application/json; charset=utf-8
      date:
      - Wed, 23 Nov 2022 09:41:27 GMT
      expires:
      - '-1'
      pragma:
      - no-cache
      server:
      - Microsoft-IIS/10.0
      strict-transport-security:
      - max-age=31536000; includeSubDomains
      transfer-encoding:
      - chunked
      vary:
      - Accept-Encoding
      x-content-type-options:
      - nosniff
      x-powered-by:
      - ASP.NET
    status:
      code: 200
      message: OK
- request:
    body: null
    headers:
      Accept:
      - '*/*'
      Accept-Encoding:
      - gzip, deflate
      CommandName:
      - netappfiles volume create
      Connection:
      - keep-alive
      ParameterSetName:
      - --resource-group --account-name --pool-name --volume-name -l --service-level
        --usage-threshold --file-path --vnet --subnet
      User-Agent:
      - AZURECLI/2.42.0 (PIP) azsdk-python-mgmt-netapp/9.0.1 Python/3.8.10 (Windows-10-10.0.19045-SP0)
    method: GET
    uri: https://management.azure.com/subscriptions/00000000-0000-0000-0000-000000000000/providers/Microsoft.NetApp/locations/westus2/operationResults/031c645d-36e0-4720-bb90-74024755ec58?api-version=2022-05-01
  response:
    body:
      string: '{"id":"/subscriptions/00000000-0000-0000-0000-000000000000/providers/Microsoft.NetApp/locations/westus2/operationResults/031c645d-36e0-4720-bb90-74024755ec58","name":"031c645d-36e0-4720-bb90-74024755ec58","status":"Creating","startTime":"2022-11-23T09:38:25.3157759Z","endTime":"0001-01-01T00:00:00Z","percentComplete":0.0,"properties":{"resourceName":"/subscriptions/00000000-0000-0000-0000-000000000000/resourceGroups/cli_netappfiles_test_volume_000001/providers/Microsoft.NetApp/netAppAccounts/cli-acc-000002/capacityPools/cli-pool-000003/volumes/cli-vol-000004"}}'
    headers:
      cache-control:
      - no-cache
      content-length:
      - '567'
      content-type:
      - application/json; charset=utf-8
      date:
      - Wed, 23 Nov 2022 09:41:58 GMT
      expires:
      - '-1'
      pragma:
      - no-cache
      server:
      - Microsoft-IIS/10.0
      strict-transport-security:
      - max-age=31536000; includeSubDomains
      transfer-encoding:
      - chunked
      vary:
      - Accept-Encoding
      x-content-type-options:
      - nosniff
      x-powered-by:
      - ASP.NET
    status:
      code: 200
      message: OK
- request:
    body: null
    headers:
      Accept:
      - '*/*'
      Accept-Encoding:
      - gzip, deflate
      CommandName:
      - netappfiles volume create
      Connection:
      - keep-alive
      ParameterSetName:
      - --resource-group --account-name --pool-name --volume-name -l --service-level
        --usage-threshold --file-path --vnet --subnet
      User-Agent:
      - AZURECLI/2.42.0 (PIP) azsdk-python-mgmt-netapp/9.0.1 Python/3.8.10 (Windows-10-10.0.19045-SP0)
    method: GET
    uri: https://management.azure.com/subscriptions/00000000-0000-0000-0000-000000000000/providers/Microsoft.NetApp/locations/westus2/operationResults/031c645d-36e0-4720-bb90-74024755ec58?api-version=2022-05-01
  response:
    body:
      string: '{"id":"/subscriptions/00000000-0000-0000-0000-000000000000/providers/Microsoft.NetApp/locations/westus2/operationResults/031c645d-36e0-4720-bb90-74024755ec58","name":"031c645d-36e0-4720-bb90-74024755ec58","status":"Creating","startTime":"2022-11-23T09:38:25.3157759Z","endTime":"0001-01-01T00:00:00Z","percentComplete":0.0,"properties":{"resourceName":"/subscriptions/00000000-0000-0000-0000-000000000000/resourceGroups/cli_netappfiles_test_volume_000001/providers/Microsoft.NetApp/netAppAccounts/cli-acc-000002/capacityPools/cli-pool-000003/volumes/cli-vol-000004"}}'
    headers:
      cache-control:
      - no-cache
      content-length:
      - '567'
      content-type:
      - application/json; charset=utf-8
      date:
      - Wed, 23 Nov 2022 09:42:28 GMT
      expires:
      - '-1'
      pragma:
      - no-cache
      server:
      - Microsoft-IIS/10.0
      strict-transport-security:
      - max-age=31536000; includeSubDomains
      transfer-encoding:
      - chunked
      vary:
      - Accept-Encoding
      x-content-type-options:
      - nosniff
      x-powered-by:
      - ASP.NET
    status:
      code: 200
      message: OK
- request:
    body: null
    headers:
      Accept:
      - '*/*'
      Accept-Encoding:
      - gzip, deflate
      CommandName:
      - netappfiles volume create
      Connection:
      - keep-alive
      ParameterSetName:
      - --resource-group --account-name --pool-name --volume-name -l --service-level
        --usage-threshold --file-path --vnet --subnet
      User-Agent:
      - AZURECLI/2.42.0 (PIP) azsdk-python-mgmt-netapp/9.0.1 Python/3.8.10 (Windows-10-10.0.19045-SP0)
    method: GET
    uri: https://management.azure.com/subscriptions/00000000-0000-0000-0000-000000000000/providers/Microsoft.NetApp/locations/westus2/operationResults/031c645d-36e0-4720-bb90-74024755ec58?api-version=2022-05-01
  response:
    body:
      string: '{"id":"/subscriptions/00000000-0000-0000-0000-000000000000/providers/Microsoft.NetApp/locations/westus2/operationResults/031c645d-36e0-4720-bb90-74024755ec58","name":"031c645d-36e0-4720-bb90-74024755ec58","status":"Creating","startTime":"2022-11-23T09:38:25.3157759Z","endTime":"0001-01-01T00:00:00Z","percentComplete":0.0,"properties":{"resourceName":"/subscriptions/00000000-0000-0000-0000-000000000000/resourceGroups/cli_netappfiles_test_volume_000001/providers/Microsoft.NetApp/netAppAccounts/cli-acc-000002/capacityPools/cli-pool-000003/volumes/cli-vol-000004"}}'
    headers:
      cache-control:
      - no-cache
      content-length:
      - '567'
      content-type:
      - application/json; charset=utf-8
      date:
      - Wed, 23 Nov 2022 09:42:59 GMT
      expires:
      - '-1'
      pragma:
      - no-cache
      server:
      - Microsoft-IIS/10.0
      strict-transport-security:
      - max-age=31536000; includeSubDomains
      transfer-encoding:
      - chunked
      vary:
      - Accept-Encoding
      x-content-type-options:
      - nosniff
      x-powered-by:
      - ASP.NET
    status:
      code: 200
      message: OK
- request:
    body: null
    headers:
      Accept:
      - '*/*'
      Accept-Encoding:
      - gzip, deflate
      CommandName:
      - netappfiles volume create
      Connection:
      - keep-alive
      ParameterSetName:
      - --resource-group --account-name --pool-name --volume-name -l --service-level
        --usage-threshold --file-path --vnet --subnet
      User-Agent:
      - AZURECLI/2.42.0 (PIP) azsdk-python-mgmt-netapp/9.0.1 Python/3.8.10 (Windows-10-10.0.19045-SP0)
    method: GET
    uri: https://management.azure.com/subscriptions/00000000-0000-0000-0000-000000000000/providers/Microsoft.NetApp/locations/westus2/operationResults/031c645d-36e0-4720-bb90-74024755ec58?api-version=2022-05-01
  response:
    body:
      string: '{"id":"/subscriptions/00000000-0000-0000-0000-000000000000/providers/Microsoft.NetApp/locations/westus2/operationResults/031c645d-36e0-4720-bb90-74024755ec58","name":"031c645d-36e0-4720-bb90-74024755ec58","status":"Creating","startTime":"2022-11-23T09:38:25.3157759Z","endTime":"0001-01-01T00:00:00Z","percentComplete":0.0,"properties":{"resourceName":"/subscriptions/00000000-0000-0000-0000-000000000000/resourceGroups/cli_netappfiles_test_volume_000001/providers/Microsoft.NetApp/netAppAccounts/cli-acc-000002/capacityPools/cli-pool-000003/volumes/cli-vol-000004"}}'
    headers:
      cache-control:
      - no-cache
      content-length:
      - '567'
      content-type:
      - application/json; charset=utf-8
      date:
      - Wed, 23 Nov 2022 09:43:29 GMT
      expires:
      - '-1'
      pragma:
      - no-cache
      server:
      - Microsoft-IIS/10.0
      strict-transport-security:
      - max-age=31536000; includeSubDomains
      transfer-encoding:
      - chunked
      vary:
      - Accept-Encoding
      x-content-type-options:
      - nosniff
      x-powered-by:
      - ASP.NET
    status:
      code: 200
      message: OK
- request:
    body: null
    headers:
      Accept:
      - '*/*'
      Accept-Encoding:
      - gzip, deflate
      CommandName:
      - netappfiles volume create
      Connection:
      - keep-alive
      ParameterSetName:
      - --resource-group --account-name --pool-name --volume-name -l --service-level
        --usage-threshold --file-path --vnet --subnet
      User-Agent:
      - AZURECLI/2.42.0 (PIP) azsdk-python-mgmt-netapp/9.0.1 Python/3.8.10 (Windows-10-10.0.19045-SP0)
    method: GET
    uri: https://management.azure.com/subscriptions/00000000-0000-0000-0000-000000000000/providers/Microsoft.NetApp/locations/westus2/operationResults/031c645d-36e0-4720-bb90-74024755ec58?api-version=2022-05-01
  response:
    body:
      string: '{"id":"/subscriptions/00000000-0000-0000-0000-000000000000/providers/Microsoft.NetApp/locations/westus2/operationResults/031c645d-36e0-4720-bb90-74024755ec58","name":"031c645d-36e0-4720-bb90-74024755ec58","status":"Creating","startTime":"2022-11-23T09:38:25.3157759Z","endTime":"0001-01-01T00:00:00Z","percentComplete":0.0,"properties":{"resourceName":"/subscriptions/00000000-0000-0000-0000-000000000000/resourceGroups/cli_netappfiles_test_volume_000001/providers/Microsoft.NetApp/netAppAccounts/cli-acc-000002/capacityPools/cli-pool-000003/volumes/cli-vol-000004"}}'
    headers:
      cache-control:
      - no-cache
      content-length:
      - '567'
      content-type:
      - application/json; charset=utf-8
      date:
      - Wed, 23 Nov 2022 09:43:59 GMT
      expires:
      - '-1'
      pragma:
      - no-cache
      server:
      - Microsoft-IIS/10.0
      strict-transport-security:
      - max-age=31536000; includeSubDomains
      transfer-encoding:
      - chunked
      vary:
      - Accept-Encoding
      x-content-type-options:
      - nosniff
      x-powered-by:
      - ASP.NET
    status:
      code: 200
      message: OK
- request:
    body: null
    headers:
      Accept:
      - '*/*'
      Accept-Encoding:
      - gzip, deflate
      CommandName:
      - netappfiles volume create
      Connection:
      - keep-alive
      ParameterSetName:
      - --resource-group --account-name --pool-name --volume-name -l --service-level
        --usage-threshold --file-path --vnet --subnet
      User-Agent:
      - AZURECLI/2.42.0 (PIP) azsdk-python-mgmt-netapp/9.0.1 Python/3.8.10 (Windows-10-10.0.19045-SP0)
    method: GET
    uri: https://management.azure.com/subscriptions/00000000-0000-0000-0000-000000000000/providers/Microsoft.NetApp/locations/westus2/operationResults/031c645d-36e0-4720-bb90-74024755ec58?api-version=2022-05-01
  response:
    body:
      string: '{"id":"/subscriptions/00000000-0000-0000-0000-000000000000/providers/Microsoft.NetApp/locations/westus2/operationResults/031c645d-36e0-4720-bb90-74024755ec58","name":"031c645d-36e0-4720-bb90-74024755ec58","status":"Creating","startTime":"2022-11-23T09:38:25.3157759Z","endTime":"0001-01-01T00:00:00Z","percentComplete":0.0,"properties":{"resourceName":"/subscriptions/00000000-0000-0000-0000-000000000000/resourceGroups/cli_netappfiles_test_volume_000001/providers/Microsoft.NetApp/netAppAccounts/cli-acc-000002/capacityPools/cli-pool-000003/volumes/cli-vol-000004"}}'
    headers:
      cache-control:
      - no-cache
      content-length:
      - '567'
      content-type:
      - application/json; charset=utf-8
      date:
      - Wed, 23 Nov 2022 09:44:30 GMT
      expires:
      - '-1'
      pragma:
      - no-cache
      server:
      - Microsoft-IIS/10.0
      strict-transport-security:
      - max-age=31536000; includeSubDomains
      transfer-encoding:
      - chunked
      vary:
      - Accept-Encoding
      x-content-type-options:
      - nosniff
      x-powered-by:
      - ASP.NET
    status:
      code: 200
      message: OK
- request:
    body: null
    headers:
      Accept:
      - '*/*'
      Accept-Encoding:
      - gzip, deflate
      CommandName:
      - netappfiles volume create
      Connection:
      - keep-alive
      ParameterSetName:
      - --resource-group --account-name --pool-name --volume-name -l --service-level
        --usage-threshold --file-path --vnet --subnet
      User-Agent:
      - AZURECLI/2.42.0 (PIP) azsdk-python-mgmt-netapp/9.0.1 Python/3.8.10 (Windows-10-10.0.19045-SP0)
    method: GET
    uri: https://management.azure.com/subscriptions/00000000-0000-0000-0000-000000000000/providers/Microsoft.NetApp/locations/westus2/operationResults/031c645d-36e0-4720-bb90-74024755ec58?api-version=2022-05-01
  response:
    body:
      string: '{"id":"/subscriptions/00000000-0000-0000-0000-000000000000/providers/Microsoft.NetApp/locations/westus2/operationResults/031c645d-36e0-4720-bb90-74024755ec58","name":"031c645d-36e0-4720-bb90-74024755ec58","status":"Creating","startTime":"2022-11-23T09:38:25.3157759Z","endTime":"0001-01-01T00:00:00Z","percentComplete":0.0,"properties":{"resourceName":"/subscriptions/00000000-0000-0000-0000-000000000000/resourceGroups/cli_netappfiles_test_volume_000001/providers/Microsoft.NetApp/netAppAccounts/cli-acc-000002/capacityPools/cli-pool-000003/volumes/cli-vol-000004"}}'
    headers:
      cache-control:
      - no-cache
      content-length:
      - '567'
      content-type:
      - application/json; charset=utf-8
      date:
      - Wed, 23 Nov 2022 09:45:01 GMT
      expires:
      - '-1'
      pragma:
      - no-cache
      server:
      - Microsoft-IIS/10.0
      strict-transport-security:
      - max-age=31536000; includeSubDomains
      transfer-encoding:
      - chunked
      vary:
      - Accept-Encoding
      x-content-type-options:
      - nosniff
      x-powered-by:
      - ASP.NET
    status:
      code: 200
      message: OK
- request:
    body: null
    headers:
      Accept:
      - '*/*'
      Accept-Encoding:
      - gzip, deflate
      CommandName:
      - netappfiles volume create
      Connection:
      - keep-alive
      ParameterSetName:
      - --resource-group --account-name --pool-name --volume-name -l --service-level
        --usage-threshold --file-path --vnet --subnet
      User-Agent:
      - AZURECLI/2.42.0 (PIP) azsdk-python-mgmt-netapp/9.0.1 Python/3.8.10 (Windows-10-10.0.19045-SP0)
    method: GET
    uri: https://management.azure.com/subscriptions/00000000-0000-0000-0000-000000000000/providers/Microsoft.NetApp/locations/westus2/operationResults/031c645d-36e0-4720-bb90-74024755ec58?api-version=2022-05-01
  response:
    body:
      string: '{"id":"/subscriptions/00000000-0000-0000-0000-000000000000/providers/Microsoft.NetApp/locations/westus2/operationResults/031c645d-36e0-4720-bb90-74024755ec58","name":"031c645d-36e0-4720-bb90-74024755ec58","status":"Creating","startTime":"2022-11-23T09:38:25.3157759Z","endTime":"0001-01-01T00:00:00Z","percentComplete":0.0,"properties":{"resourceName":"/subscriptions/00000000-0000-0000-0000-000000000000/resourceGroups/cli_netappfiles_test_volume_000001/providers/Microsoft.NetApp/netAppAccounts/cli-acc-000002/capacityPools/cli-pool-000003/volumes/cli-vol-000004"}}'
    headers:
      cache-control:
      - no-cache
      content-length:
      - '567'
      content-type:
      - application/json; charset=utf-8
      date:
      - Wed, 23 Nov 2022 09:45:31 GMT
      expires:
      - '-1'
      pragma:
      - no-cache
      server:
      - Microsoft-IIS/10.0
      strict-transport-security:
      - max-age=31536000; includeSubDomains
      transfer-encoding:
      - chunked
      vary:
      - Accept-Encoding
      x-content-type-options:
      - nosniff
      x-powered-by:
      - ASP.NET
    status:
      code: 200
      message: OK
- request:
    body: null
    headers:
      Accept:
      - '*/*'
      Accept-Encoding:
      - gzip, deflate
      CommandName:
      - netappfiles volume create
      Connection:
      - keep-alive
      ParameterSetName:
      - --resource-group --account-name --pool-name --volume-name -l --service-level
        --usage-threshold --file-path --vnet --subnet
      User-Agent:
      - AZURECLI/2.42.0 (PIP) azsdk-python-mgmt-netapp/9.0.1 Python/3.8.10 (Windows-10-10.0.19045-SP0)
    method: GET
    uri: https://management.azure.com/subscriptions/00000000-0000-0000-0000-000000000000/providers/Microsoft.NetApp/locations/westus2/operationResults/031c645d-36e0-4720-bb90-74024755ec58?api-version=2022-05-01
  response:
    body:
      string: '{"id":"/subscriptions/00000000-0000-0000-0000-000000000000/providers/Microsoft.NetApp/locations/westus2/operationResults/031c645d-36e0-4720-bb90-74024755ec58","name":"031c645d-36e0-4720-bb90-74024755ec58","status":"Creating","startTime":"2022-11-23T09:38:25.3157759Z","endTime":"0001-01-01T00:00:00Z","percentComplete":0.0,"properties":{"resourceName":"/subscriptions/00000000-0000-0000-0000-000000000000/resourceGroups/cli_netappfiles_test_volume_000001/providers/Microsoft.NetApp/netAppAccounts/cli-acc-000002/capacityPools/cli-pool-000003/volumes/cli-vol-000004"}}'
    headers:
      cache-control:
      - no-cache
      content-length:
      - '567'
      content-type:
      - application/json; charset=utf-8
      date:
      - Wed, 23 Nov 2022 09:46:02 GMT
      expires:
      - '-1'
      pragma:
      - no-cache
      server:
      - Microsoft-IIS/10.0
      strict-transport-security:
      - max-age=31536000; includeSubDomains
      transfer-encoding:
      - chunked
      vary:
      - Accept-Encoding
      x-content-type-options:
      - nosniff
      x-powered-by:
      - ASP.NET
    status:
      code: 200
      message: OK
- request:
    body: null
    headers:
      Accept:
      - '*/*'
      Accept-Encoding:
      - gzip, deflate
      CommandName:
      - netappfiles volume create
      Connection:
      - keep-alive
      ParameterSetName:
      - --resource-group --account-name --pool-name --volume-name -l --service-level
        --usage-threshold --file-path --vnet --subnet
      User-Agent:
      - AZURECLI/2.42.0 (PIP) azsdk-python-mgmt-netapp/9.0.1 Python/3.8.10 (Windows-10-10.0.19045-SP0)
    method: GET
    uri: https://management.azure.com/subscriptions/00000000-0000-0000-0000-000000000000/providers/Microsoft.NetApp/locations/westus2/operationResults/031c645d-36e0-4720-bb90-74024755ec58?api-version=2022-05-01
  response:
    body:
      string: '{"id":"/subscriptions/00000000-0000-0000-0000-000000000000/providers/Microsoft.NetApp/locations/westus2/operationResults/031c645d-36e0-4720-bb90-74024755ec58","name":"031c645d-36e0-4720-bb90-74024755ec58","status":"Creating","startTime":"2022-11-23T09:38:25.3157759Z","endTime":"0001-01-01T00:00:00Z","percentComplete":0.0,"properties":{"resourceName":"/subscriptions/00000000-0000-0000-0000-000000000000/resourceGroups/cli_netappfiles_test_volume_000001/providers/Microsoft.NetApp/netAppAccounts/cli-acc-000002/capacityPools/cli-pool-000003/volumes/cli-vol-000004"}}'
    headers:
      cache-control:
      - no-cache
      content-length:
      - '567'
      content-type:
      - application/json; charset=utf-8
      date:
      - Wed, 23 Nov 2022 09:46:32 GMT
      expires:
      - '-1'
      pragma:
      - no-cache
      server:
      - Microsoft-IIS/10.0
      strict-transport-security:
      - max-age=31536000; includeSubDomains
      transfer-encoding:
      - chunked
      vary:
      - Accept-Encoding
      x-content-type-options:
      - nosniff
      x-powered-by:
      - ASP.NET
    status:
      code: 200
      message: OK
- request:
    body: null
    headers:
      Accept:
      - '*/*'
      Accept-Encoding:
      - gzip, deflate
      CommandName:
      - netappfiles volume create
      Connection:
      - keep-alive
      ParameterSetName:
      - --resource-group --account-name --pool-name --volume-name -l --service-level
        --usage-threshold --file-path --vnet --subnet
      User-Agent:
      - AZURECLI/2.42.0 (PIP) azsdk-python-mgmt-netapp/9.0.1 Python/3.8.10 (Windows-10-10.0.19045-SP0)
    method: GET
    uri: https://management.azure.com/subscriptions/00000000-0000-0000-0000-000000000000/providers/Microsoft.NetApp/locations/westus2/operationResults/031c645d-36e0-4720-bb90-74024755ec58?api-version=2022-05-01
  response:
    body:
      string: '{"id":"/subscriptions/00000000-0000-0000-0000-000000000000/providers/Microsoft.NetApp/locations/westus2/operationResults/031c645d-36e0-4720-bb90-74024755ec58","name":"031c645d-36e0-4720-bb90-74024755ec58","status":"Creating","startTime":"2022-11-23T09:38:25.3157759Z","endTime":"0001-01-01T00:00:00Z","percentComplete":0.0,"properties":{"resourceName":"/subscriptions/00000000-0000-0000-0000-000000000000/resourceGroups/cli_netappfiles_test_volume_000001/providers/Microsoft.NetApp/netAppAccounts/cli-acc-000002/capacityPools/cli-pool-000003/volumes/cli-vol-000004"}}'
    headers:
      cache-control:
      - no-cache
      content-length:
      - '567'
      content-type:
      - application/json; charset=utf-8
      date:
      - Wed, 23 Nov 2022 09:47:02 GMT
      expires:
      - '-1'
      pragma:
      - no-cache
      server:
      - Microsoft-IIS/10.0
      strict-transport-security:
      - max-age=31536000; includeSubDomains
      transfer-encoding:
      - chunked
      vary:
      - Accept-Encoding
      x-content-type-options:
      - nosniff
      x-powered-by:
      - ASP.NET
    status:
      code: 200
      message: OK
- request:
    body: null
    headers:
      Accept:
      - '*/*'
      Accept-Encoding:
      - gzip, deflate
      CommandName:
      - netappfiles volume create
      Connection:
      - keep-alive
      ParameterSetName:
      - --resource-group --account-name --pool-name --volume-name -l --service-level
        --usage-threshold --file-path --vnet --subnet
      User-Agent:
      - AZURECLI/2.42.0 (PIP) azsdk-python-mgmt-netapp/9.0.1 Python/3.8.10 (Windows-10-10.0.19045-SP0)
    method: GET
    uri: https://management.azure.com/subscriptions/00000000-0000-0000-0000-000000000000/providers/Microsoft.NetApp/locations/westus2/operationResults/031c645d-36e0-4720-bb90-74024755ec58?api-version=2022-05-01
  response:
    body:
      string: '{"id":"/subscriptions/00000000-0000-0000-0000-000000000000/providers/Microsoft.NetApp/locations/westus2/operationResults/031c645d-36e0-4720-bb90-74024755ec58","name":"031c645d-36e0-4720-bb90-74024755ec58","status":"Creating","startTime":"2022-11-23T09:38:25.3157759Z","endTime":"0001-01-01T00:00:00Z","percentComplete":0.0,"properties":{"resourceName":"/subscriptions/00000000-0000-0000-0000-000000000000/resourceGroups/cli_netappfiles_test_volume_000001/providers/Microsoft.NetApp/netAppAccounts/cli-acc-000002/capacityPools/cli-pool-000003/volumes/cli-vol-000004"}}'
    headers:
      cache-control:
      - no-cache
      content-length:
      - '567'
      content-type:
      - application/json; charset=utf-8
      date:
      - Wed, 23 Nov 2022 09:47:33 GMT
      expires:
      - '-1'
      pragma:
      - no-cache
      server:
      - Microsoft-IIS/10.0
      strict-transport-security:
      - max-age=31536000; includeSubDomains
      transfer-encoding:
      - chunked
      vary:
      - Accept-Encoding
      x-content-type-options:
      - nosniff
      x-powered-by:
      - ASP.NET
    status:
      code: 200
      message: OK
- request:
    body: null
    headers:
      Accept:
      - '*/*'
      Accept-Encoding:
      - gzip, deflate
      CommandName:
      - netappfiles volume create
      Connection:
      - keep-alive
      ParameterSetName:
      - --resource-group --account-name --pool-name --volume-name -l --service-level
        --usage-threshold --file-path --vnet --subnet
      User-Agent:
      - AZURECLI/2.42.0 (PIP) azsdk-python-mgmt-netapp/9.0.1 Python/3.8.10 (Windows-10-10.0.19045-SP0)
    method: GET
    uri: https://management.azure.com/subscriptions/00000000-0000-0000-0000-000000000000/providers/Microsoft.NetApp/locations/westus2/operationResults/031c645d-36e0-4720-bb90-74024755ec58?api-version=2022-05-01
  response:
    body:
      string: '{"id":"/subscriptions/00000000-0000-0000-0000-000000000000/providers/Microsoft.NetApp/locations/westus2/operationResults/031c645d-36e0-4720-bb90-74024755ec58","name":"031c645d-36e0-4720-bb90-74024755ec58","status":"Creating","startTime":"2022-11-23T09:38:25.3157759Z","endTime":"0001-01-01T00:00:00Z","percentComplete":0.0,"properties":{"resourceName":"/subscriptions/00000000-0000-0000-0000-000000000000/resourceGroups/cli_netappfiles_test_volume_000001/providers/Microsoft.NetApp/netAppAccounts/cli-acc-000002/capacityPools/cli-pool-000003/volumes/cli-vol-000004"}}'
    headers:
      cache-control:
      - no-cache
      content-length:
      - '567'
      content-type:
      - application/json; charset=utf-8
      date:
      - Wed, 23 Nov 2022 09:48:02 GMT
      expires:
      - '-1'
      pragma:
      - no-cache
      server:
      - Microsoft-IIS/10.0
      strict-transport-security:
      - max-age=31536000; includeSubDomains
      transfer-encoding:
      - chunked
      vary:
      - Accept-Encoding
      x-content-type-options:
      - nosniff
      x-powered-by:
      - ASP.NET
    status:
      code: 200
      message: OK
- request:
    body: null
    headers:
      Accept:
      - '*/*'
      Accept-Encoding:
      - gzip, deflate
      CommandName:
      - netappfiles volume create
      Connection:
      - keep-alive
      ParameterSetName:
      - --resource-group --account-name --pool-name --volume-name -l --service-level
        --usage-threshold --file-path --vnet --subnet
      User-Agent:
      - AZURECLI/2.42.0 (PIP) azsdk-python-mgmt-netapp/9.0.1 Python/3.8.10 (Windows-10-10.0.19045-SP0)
    method: GET
    uri: https://management.azure.com/subscriptions/00000000-0000-0000-0000-000000000000/providers/Microsoft.NetApp/locations/westus2/operationResults/031c645d-36e0-4720-bb90-74024755ec58?api-version=2022-05-01
  response:
    body:
      string: '{"id":"/subscriptions/00000000-0000-0000-0000-000000000000/providers/Microsoft.NetApp/locations/westus2/operationResults/031c645d-36e0-4720-bb90-74024755ec58","name":"031c645d-36e0-4720-bb90-74024755ec58","status":"Creating","startTime":"2022-11-23T09:38:25.3157759Z","endTime":"0001-01-01T00:00:00Z","percentComplete":0.0,"properties":{"resourceName":"/subscriptions/00000000-0000-0000-0000-000000000000/resourceGroups/cli_netappfiles_test_volume_000001/providers/Microsoft.NetApp/netAppAccounts/cli-acc-000002/capacityPools/cli-pool-000003/volumes/cli-vol-000004"}}'
    headers:
      cache-control:
      - no-cache
      content-length:
      - '567'
      content-type:
      - application/json; charset=utf-8
      date:
      - Wed, 23 Nov 2022 09:48:32 GMT
      expires:
      - '-1'
      pragma:
      - no-cache
      server:
      - Microsoft-IIS/10.0
      strict-transport-security:
      - max-age=31536000; includeSubDomains
      transfer-encoding:
      - chunked
      vary:
      - Accept-Encoding
      x-content-type-options:
      - nosniff
      x-powered-by:
      - ASP.NET
    status:
      code: 200
      message: OK
- request:
    body: null
    headers:
      Accept:
      - '*/*'
      Accept-Encoding:
      - gzip, deflate
      CommandName:
      - netappfiles volume create
      Connection:
      - keep-alive
      ParameterSetName:
      - --resource-group --account-name --pool-name --volume-name -l --service-level
        --usage-threshold --file-path --vnet --subnet
      User-Agent:
      - AZURECLI/2.42.0 (PIP) azsdk-python-mgmt-netapp/9.0.1 Python/3.8.10 (Windows-10-10.0.19045-SP0)
    method: GET
    uri: https://management.azure.com/subscriptions/00000000-0000-0000-0000-000000000000/providers/Microsoft.NetApp/locations/westus2/operationResults/031c645d-36e0-4720-bb90-74024755ec58?api-version=2022-05-01
  response:
    body:
      string: '{"id":"/subscriptions/00000000-0000-0000-0000-000000000000/providers/Microsoft.NetApp/locations/westus2/operationResults/031c645d-36e0-4720-bb90-74024755ec58","name":"031c645d-36e0-4720-bb90-74024755ec58","status":"Creating","startTime":"2022-11-23T09:38:25.3157759Z","endTime":"0001-01-01T00:00:00Z","percentComplete":0.0,"properties":{"resourceName":"/subscriptions/00000000-0000-0000-0000-000000000000/resourceGroups/cli_netappfiles_test_volume_000001/providers/Microsoft.NetApp/netAppAccounts/cli-acc-000002/capacityPools/cli-pool-000003/volumes/cli-vol-000004"}}'
    headers:
      cache-control:
      - no-cache
      content-length:
      - '567'
      content-type:
      - application/json; charset=utf-8
      date:
      - Wed, 23 Nov 2022 09:49:03 GMT
      expires:
      - '-1'
      pragma:
      - no-cache
      server:
      - Microsoft-IIS/10.0
      strict-transport-security:
      - max-age=31536000; includeSubDomains
      transfer-encoding:
      - chunked
      vary:
      - Accept-Encoding
      x-content-type-options:
      - nosniff
      x-powered-by:
      - ASP.NET
    status:
      code: 200
      message: OK
- request:
    body: null
    headers:
      Accept:
      - '*/*'
      Accept-Encoding:
      - gzip, deflate
      CommandName:
      - netappfiles volume create
      Connection:
      - keep-alive
      ParameterSetName:
      - --resource-group --account-name --pool-name --volume-name -l --service-level
        --usage-threshold --file-path --vnet --subnet
      User-Agent:
      - AZURECLI/2.42.0 (PIP) azsdk-python-mgmt-netapp/9.0.1 Python/3.8.10 (Windows-10-10.0.19045-SP0)
    method: GET
    uri: https://management.azure.com/subscriptions/00000000-0000-0000-0000-000000000000/providers/Microsoft.NetApp/locations/westus2/operationResults/031c645d-36e0-4720-bb90-74024755ec58?api-version=2022-05-01
  response:
    body:
      string: '{"id":"/subscriptions/00000000-0000-0000-0000-000000000000/providers/Microsoft.NetApp/locations/westus2/operationResults/031c645d-36e0-4720-bb90-74024755ec58","name":"031c645d-36e0-4720-bb90-74024755ec58","status":"Creating","startTime":"2022-11-23T09:38:25.3157759Z","endTime":"0001-01-01T00:00:00Z","percentComplete":0.0,"properties":{"resourceName":"/subscriptions/00000000-0000-0000-0000-000000000000/resourceGroups/cli_netappfiles_test_volume_000001/providers/Microsoft.NetApp/netAppAccounts/cli-acc-000002/capacityPools/cli-pool-000003/volumes/cli-vol-000004"}}'
    headers:
      cache-control:
      - no-cache
      content-length:
      - '567'
      content-type:
      - application/json; charset=utf-8
      date:
      - Wed, 23 Nov 2022 09:49:33 GMT
      expires:
      - '-1'
      pragma:
      - no-cache
      server:
      - Microsoft-IIS/10.0
      strict-transport-security:
      - max-age=31536000; includeSubDomains
      transfer-encoding:
      - chunked
      vary:
      - Accept-Encoding
      x-content-type-options:
      - nosniff
      x-powered-by:
      - ASP.NET
    status:
      code: 200
      message: OK
- request:
    body: null
    headers:
      Accept:
      - '*/*'
      Accept-Encoding:
      - gzip, deflate
      CommandName:
      - netappfiles volume create
      Connection:
      - keep-alive
      ParameterSetName:
      - --resource-group --account-name --pool-name --volume-name -l --service-level
        --usage-threshold --file-path --vnet --subnet
      User-Agent:
      - AZURECLI/2.42.0 (PIP) azsdk-python-mgmt-netapp/9.0.1 Python/3.8.10 (Windows-10-10.0.19045-SP0)
    method: GET
    uri: https://management.azure.com/subscriptions/00000000-0000-0000-0000-000000000000/providers/Microsoft.NetApp/locations/westus2/operationResults/031c645d-36e0-4720-bb90-74024755ec58?api-version=2022-05-01
  response:
    body:
      string: '{"id":"/subscriptions/00000000-0000-0000-0000-000000000000/providers/Microsoft.NetApp/locations/westus2/operationResults/031c645d-36e0-4720-bb90-74024755ec58","name":"031c645d-36e0-4720-bb90-74024755ec58","status":"Creating","startTime":"2022-11-23T09:38:25.3157759Z","endTime":"0001-01-01T00:00:00Z","percentComplete":0.0,"properties":{"resourceName":"/subscriptions/00000000-0000-0000-0000-000000000000/resourceGroups/cli_netappfiles_test_volume_000001/providers/Microsoft.NetApp/netAppAccounts/cli-acc-000002/capacityPools/cli-pool-000003/volumes/cli-vol-000004"}}'
    headers:
      cache-control:
      - no-cache
      content-length:
      - '567'
      content-type:
      - application/json; charset=utf-8
      date:
      - Wed, 23 Nov 2022 09:50:04 GMT
      expires:
      - '-1'
      pragma:
      - no-cache
      server:
      - Microsoft-IIS/10.0
      strict-transport-security:
      - max-age=31536000; includeSubDomains
      transfer-encoding:
      - chunked
      vary:
      - Accept-Encoding
      x-content-type-options:
      - nosniff
      x-powered-by:
      - ASP.NET
    status:
      code: 200
      message: OK
- request:
    body: null
    headers:
      Accept:
      - '*/*'
      Accept-Encoding:
      - gzip, deflate
      CommandName:
      - netappfiles volume create
      Connection:
      - keep-alive
      ParameterSetName:
      - --resource-group --account-name --pool-name --volume-name -l --service-level
        --usage-threshold --file-path --vnet --subnet
      User-Agent:
      - AZURECLI/2.42.0 (PIP) azsdk-python-mgmt-netapp/9.0.1 Python/3.8.10 (Windows-10-10.0.19045-SP0)
    method: GET
    uri: https://management.azure.com/subscriptions/00000000-0000-0000-0000-000000000000/providers/Microsoft.NetApp/locations/westus2/operationResults/031c645d-36e0-4720-bb90-74024755ec58?api-version=2022-05-01
  response:
    body:
      string: '{"id":"/subscriptions/00000000-0000-0000-0000-000000000000/providers/Microsoft.NetApp/locations/westus2/operationResults/031c645d-36e0-4720-bb90-74024755ec58","name":"031c645d-36e0-4720-bb90-74024755ec58","status":"Creating","startTime":"2022-11-23T09:38:25.3157759Z","endTime":"0001-01-01T00:00:00Z","percentComplete":0.0,"properties":{"resourceName":"/subscriptions/00000000-0000-0000-0000-000000000000/resourceGroups/cli_netappfiles_test_volume_000001/providers/Microsoft.NetApp/netAppAccounts/cli-acc-000002/capacityPools/cli-pool-000003/volumes/cli-vol-000004"}}'
    headers:
      cache-control:
      - no-cache
      content-length:
      - '567'
      content-type:
      - application/json; charset=utf-8
      date:
      - Wed, 23 Nov 2022 09:50:34 GMT
      expires:
      - '-1'
      pragma:
      - no-cache
      server:
      - Microsoft-IIS/10.0
      strict-transport-security:
      - max-age=31536000; includeSubDomains
      transfer-encoding:
      - chunked
      vary:
      - Accept-Encoding
      x-content-type-options:
      - nosniff
      x-powered-by:
      - ASP.NET
    status:
      code: 200
      message: OK
- request:
    body: null
    headers:
      Accept:
      - '*/*'
      Accept-Encoding:
      - gzip, deflate
      CommandName:
      - netappfiles volume create
      Connection:
      - keep-alive
      ParameterSetName:
      - --resource-group --account-name --pool-name --volume-name -l --service-level
        --usage-threshold --file-path --vnet --subnet
      User-Agent:
      - AZURECLI/2.42.0 (PIP) azsdk-python-mgmt-netapp/9.0.1 Python/3.8.10 (Windows-10-10.0.19045-SP0)
    method: GET
    uri: https://management.azure.com/subscriptions/00000000-0000-0000-0000-000000000000/providers/Microsoft.NetApp/locations/westus2/operationResults/031c645d-36e0-4720-bb90-74024755ec58?api-version=2022-05-01
  response:
    body:
      string: '{"id":"/subscriptions/00000000-0000-0000-0000-000000000000/providers/Microsoft.NetApp/locations/westus2/operationResults/031c645d-36e0-4720-bb90-74024755ec58","name":"031c645d-36e0-4720-bb90-74024755ec58","status":"Succeeded","startTime":"2022-11-23T09:38:25.3157759Z","endTime":"2022-11-23T09:50:48.639826Z","percentComplete":100.0,"properties":{"resourceName":"/subscriptions/00000000-0000-0000-0000-000000000000/resourceGroups/cli_netappfiles_test_volume_000001/providers/Microsoft.NetApp/netAppAccounts/cli-acc-000002/capacityPools/cli-pool-000003/volumes/cli-vol-000004"}}'
    headers:
      cache-control:
      - no-cache
      content-length:
      - '577'
      content-type:
      - application/json; charset=utf-8
      date:
      - Wed, 23 Nov 2022 09:51:05 GMT
      expires:
      - '-1'
      pragma:
      - no-cache
      server:
      - Microsoft-IIS/10.0
      strict-transport-security:
      - max-age=31536000; includeSubDomains
      transfer-encoding:
      - chunked
      vary:
      - Accept-Encoding
      x-content-type-options:
      - nosniff
      x-powered-by:
      - ASP.NET
    status:
      code: 200
      message: OK
- request:
    body: null
    headers:
      Accept:
      - '*/*'
      Accept-Encoding:
      - gzip, deflate
      CommandName:
      - netappfiles volume create
      Connection:
      - keep-alive
      ParameterSetName:
      - --resource-group --account-name --pool-name --volume-name -l --service-level
        --usage-threshold --file-path --vnet --subnet
      User-Agent:
      - AZURECLI/2.42.0 (PIP) azsdk-python-mgmt-netapp/9.0.1 Python/3.8.10 (Windows-10-10.0.19045-SP0)
    method: GET
    uri: https://management.azure.com/subscriptions/00000000-0000-0000-0000-000000000000/resourceGroups/cli_netappfiles_test_volume_000001/providers/Microsoft.NetApp/netAppAccounts/cli-acc-000002/capacityPools/cli-pool-000003/volumes/cli-vol-000004?api-version=2022-05-01
  response:
    body:
      string: '{"id":"/subscriptions/00000000-0000-0000-0000-000000000000/resourceGroups/cli_netappfiles_test_volume_000001/providers/Microsoft.NetApp/netAppAccounts/cli-acc-000002/capacityPools/cli-pool-000003/volumes/cli-vol-000004","name":"cli-acc-000002/cli-pool-000003/cli-vol-000004","type":"Microsoft.NetApp/netAppAccounts/capacityPools/volumes","etag":"W/\"datetime''2022-11-23T09%3A50%3A48.6472657Z''\"","location":"westus2","properties":{"fileSystemId":"84f8518c-9b92-7b50-743b-7a3a5f6fbd77","serviceLevel":"Premium","creationToken":"cli-vol-000004","usageThreshold":107374182400,"exportPolicy":{"rules":[{"ruleIndex":1,"unixReadOnly":false,"unixReadWrite":true,"cifs":false,"nfsv3":true,"nfsv41":false,"allowedClients":"0.0.0.0/0","kerberos5ReadOnly":false,"kerberos5ReadWrite":false,"kerberos5iReadOnly":false,"kerberos5iReadWrite":false,"kerberos5pReadOnly":false,"kerberos5pReadWrite":false,"hasRootAccess":true,"chownMode":"Restricted"}]},"protocolTypes":["NFSv3"],"baremetalTenantId":"baremetalTenant_svm_2ebb0649e26111e988286e573da70a0d_40dd69e3","subnetId":"/subscriptions/00000000-0000-0000-0000-000000000000/resourceGroups/cli-rg-subnet000007/providers/Microsoft.Network/virtualNetworks/cli-vnet-000005/subnets/cli-subnet-000006","networkFeatures":"Basic","networkSiblingSetId":"8dd1978e-584b-5087-bfc6-c261b926b7ba","storageToNetworkProximity":"T2","snapshotDirectoryVisible":true,"kerberosEnabled":false,"securityStyle":"Unix","smbEncryption":false,"smbContinuouslyAvailable":false,"encryptionKeySource":"Microsoft.NetApp","ldapEnabled":false,"unixPermissions":"0770","mountTargets":[{"mountTargetId":"84f8518c-9b92-7b50-743b-7a3a5f6fbd77","fileSystemId":"84f8518c-9b92-7b50-743b-7a3a5f6fbd77","ipAddress":"10.0.0.4"}],"throughputMibps":6.25,"volumeSpecName":"generic","coolAccess":false,"avsDataStore":"Disabled","isDefaultQuotaEnabled":false,"defaultUserQuotaInKiBs":0,"defaultGroupQuotaInKiBs":0,"enableSubvolumes":"Disabled","maximumNumberOfFiles":100000000,"smbNonBrowsable":"Disabled","smbAccessBasedEnumeration":"Disabled","provisioningState":"Succeeded"},"systemData":{"createdBy":"ethanyang@microsoft.com","createdByType":"User","createdAt":"2022-11-23T09:38:24.089282Z","lastModifiedBy":"ethanyang@microsoft.com","lastModifiedByType":"User","lastModifiedAt":"2022-11-23T09:38:24.089282Z"}}'
    headers:
      cache-control:
      - no-cache
      content-length:
      - '2304'
      content-type:
      - application/json; charset=utf-8
      date:
      - Wed, 23 Nov 2022 09:51:06 GMT
      etag:
      - W/"datetime'2022-11-23T09%3A50%3A48.6472657Z'"
      expires:
      - '-1'
      pragma:
      - no-cache
      server:
      - Microsoft-IIS/10.0
      strict-transport-security:
      - max-age=31536000; includeSubDomains
      transfer-encoding:
      - chunked
      vary:
      - Accept-Encoding
      x-content-type-options:
      - nosniff
      x-powered-by:
      - ASP.NET
    status:
      code: 200
      message: OK
- request:
    body: null
    headers:
      Accept:
      - '*/*'
      Accept-Encoding:
      - gzip, deflate
      CommandName:
      - netappfiles volume delete
      Connection:
      - keep-alive
      Content-Length:
      - '0'
      ParameterSetName:
      - --resource-group --account-name --pool-name --volume-name
      User-Agent:
      - AZURECLI/2.42.0 (PIP) azsdk-python-mgmt-netapp/9.0.1 Python/3.8.10 (Windows-10-10.0.19045-SP0)
    method: DELETE
    uri: https://management.azure.com/subscriptions/00000000-0000-0000-0000-000000000000/resourceGroups/cli_netappfiles_test_volume_000001/providers/Microsoft.NetApp/netAppAccounts/cli-acc-000002/capacityPools/cli-pool-000003/volumes/cli-vol-000004?api-version=2022-05-01
  response:
    body:
      string: ''
    headers:
      azure-asyncoperation:
      - https://management.azure.com/subscriptions/00000000-0000-0000-0000-000000000000/providers/Microsoft.NetApp/locations/westus2/operationResults/3565deb1-28cc-41ac-bb5f-c66fdd4283a3?api-version=2022-05-01
      cache-control:
      - no-cache
      content-length:
      - '0'
      date:
      - Wed, 23 Nov 2022 09:51:08 GMT
      expires:
      - '-1'
      location:
      - https://management.azure.com/subscriptions/00000000-0000-0000-0000-000000000000/providers/Microsoft.NetApp/locations/westus2/operationResults/3565deb1-28cc-41ac-bb5f-c66fdd4283a3?api-version=2022-05-01&operationResultResponseType=Location
      pragma:
      - no-cache
      server:
      - Microsoft-IIS/10.0
      strict-transport-security:
      - max-age=31536000; includeSubDomains
      x-content-type-options:
      - nosniff
      x-ms-ratelimit-remaining-subscription-deletes:
      - '14999'
      x-powered-by:
      - ASP.NET
    status:
      code: 202
      message: Accepted
- request:
    body: null
    headers:
      Accept:
      - '*/*'
      Accept-Encoding:
      - gzip, deflate
      CommandName:
      - netappfiles volume delete
      Connection:
      - keep-alive
      ParameterSetName:
      - --resource-group --account-name --pool-name --volume-name
      User-Agent:
      - AZURECLI/2.42.0 (PIP) azsdk-python-mgmt-netapp/9.0.1 Python/3.8.10 (Windows-10-10.0.19045-SP0)
    method: GET
    uri: https://management.azure.com/subscriptions/00000000-0000-0000-0000-000000000000/providers/Microsoft.NetApp/locations/westus2/operationResults/3565deb1-28cc-41ac-bb5f-c66fdd4283a3?api-version=2022-05-01
  response:
    body:
      string: '{"id":"/subscriptions/00000000-0000-0000-0000-000000000000/providers/Microsoft.NetApp/locations/westus2/operationResults/3565deb1-28cc-41ac-bb5f-c66fdd4283a3","name":"3565deb1-28cc-41ac-bb5f-c66fdd4283a3","status":"Deleting","startTime":"2022-11-23T09:51:09.1935488Z","endTime":"0001-01-01T00:00:00Z","percentComplete":0.0,"properties":{"resourceName":"/subscriptions/00000000-0000-0000-0000-000000000000/resourceGroups/cli_netappfiles_test_volume_000001/providers/Microsoft.NetApp/netAppAccounts/cli-acc-000002/capacityPools/cli-pool-000003/volumes/cli-vol-000004"}}'
    headers:
      cache-control:
      - no-cache
      content-length:
      - '567'
      content-type:
      - application/json; charset=utf-8
      date:
      - Wed, 23 Nov 2022 09:51:39 GMT
      expires:
      - '-1'
      pragma:
      - no-cache
      server:
      - Microsoft-IIS/10.0
      strict-transport-security:
      - max-age=31536000; includeSubDomains
      transfer-encoding:
      - chunked
      vary:
      - Accept-Encoding
      x-content-type-options:
      - nosniff
      x-powered-by:
      - ASP.NET
    status:
      code: 200
      message: OK
- request:
    body: null
    headers:
      Accept:
      - '*/*'
      Accept-Encoding:
      - gzip, deflate
      CommandName:
      - netappfiles volume delete
      Connection:
      - keep-alive
      ParameterSetName:
      - --resource-group --account-name --pool-name --volume-name
      User-Agent:
      - AZURECLI/2.42.0 (PIP) azsdk-python-mgmt-netapp/9.0.1 Python/3.8.10 (Windows-10-10.0.19045-SP0)
    method: GET
    uri: https://management.azure.com/subscriptions/00000000-0000-0000-0000-000000000000/providers/Microsoft.NetApp/locations/westus2/operationResults/3565deb1-28cc-41ac-bb5f-c66fdd4283a3?api-version=2022-05-01
  response:
    body:
      string: '{"id":"/subscriptions/00000000-0000-0000-0000-000000000000/providers/Microsoft.NetApp/locations/westus2/operationResults/3565deb1-28cc-41ac-bb5f-c66fdd4283a3","name":"3565deb1-28cc-41ac-bb5f-c66fdd4283a3","status":"Deleting","startTime":"2022-11-23T09:51:09.1935488Z","endTime":"0001-01-01T00:00:00Z","percentComplete":0.0,"properties":{"resourceName":"/subscriptions/00000000-0000-0000-0000-000000000000/resourceGroups/cli_netappfiles_test_volume_000001/providers/Microsoft.NetApp/netAppAccounts/cli-acc-000002/capacityPools/cli-pool-000003/volumes/cli-vol-000004"}}'
    headers:
      cache-control:
      - no-cache
      content-length:
      - '567'
      content-type:
      - application/json; charset=utf-8
      date:
      - Wed, 23 Nov 2022 09:52:09 GMT
      expires:
      - '-1'
      pragma:
      - no-cache
      server:
      - Microsoft-IIS/10.0
      strict-transport-security:
      - max-age=31536000; includeSubDomains
      transfer-encoding:
      - chunked
      vary:
      - Accept-Encoding
      x-content-type-options:
      - nosniff
      x-powered-by:
      - ASP.NET
    status:
      code: 200
      message: OK
- request:
    body: null
    headers:
      Accept:
      - '*/*'
      Accept-Encoding:
      - gzip, deflate
      CommandName:
      - netappfiles volume delete
      Connection:
      - keep-alive
      ParameterSetName:
      - --resource-group --account-name --pool-name --volume-name
      User-Agent:
      - AZURECLI/2.42.0 (PIP) azsdk-python-mgmt-netapp/9.0.1 Python/3.8.10 (Windows-10-10.0.19045-SP0)
    method: GET
    uri: https://management.azure.com/subscriptions/00000000-0000-0000-0000-000000000000/providers/Microsoft.NetApp/locations/westus2/operationResults/3565deb1-28cc-41ac-bb5f-c66fdd4283a3?api-version=2022-05-01
  response:
    body:
      string: '{"id":"/subscriptions/00000000-0000-0000-0000-000000000000/providers/Microsoft.NetApp/locations/westus2/operationResults/3565deb1-28cc-41ac-bb5f-c66fdd4283a3","name":"3565deb1-28cc-41ac-bb5f-c66fdd4283a3","status":"Deleting","startTime":"2022-11-23T09:51:09.1935488Z","endTime":"0001-01-01T00:00:00Z","percentComplete":0.0,"properties":{"resourceName":"/subscriptions/00000000-0000-0000-0000-000000000000/resourceGroups/cli_netappfiles_test_volume_000001/providers/Microsoft.NetApp/netAppAccounts/cli-acc-000002/capacityPools/cli-pool-000003/volumes/cli-vol-000004"}}'
    headers:
      cache-control:
      - no-cache
      content-length:
      - '567'
      content-type:
      - application/json; charset=utf-8
      date:
      - Wed, 23 Nov 2022 09:52:39 GMT
      expires:
      - '-1'
      pragma:
      - no-cache
      server:
      - Microsoft-IIS/10.0
      strict-transport-security:
      - max-age=31536000; includeSubDomains
      transfer-encoding:
      - chunked
      vary:
      - Accept-Encoding
      x-content-type-options:
      - nosniff
      x-powered-by:
      - ASP.NET
    status:
      code: 200
      message: OK
- request:
    body: null
    headers:
      Accept:
      - '*/*'
      Accept-Encoding:
      - gzip, deflate
      CommandName:
      - netappfiles volume delete
      Connection:
      - keep-alive
      ParameterSetName:
      - --resource-group --account-name --pool-name --volume-name
      User-Agent:
      - AZURECLI/2.42.0 (PIP) azsdk-python-mgmt-netapp/9.0.1 Python/3.8.10 (Windows-10-10.0.19045-SP0)
    method: GET
    uri: https://management.azure.com/subscriptions/00000000-0000-0000-0000-000000000000/providers/Microsoft.NetApp/locations/westus2/operationResults/3565deb1-28cc-41ac-bb5f-c66fdd4283a3?api-version=2022-05-01
  response:
    body:
      string: '{"id":"/subscriptions/00000000-0000-0000-0000-000000000000/providers/Microsoft.NetApp/locations/westus2/operationResults/3565deb1-28cc-41ac-bb5f-c66fdd4283a3","name":"3565deb1-28cc-41ac-bb5f-c66fdd4283a3","status":"Deleting","startTime":"2022-11-23T09:51:09.1935488Z","endTime":"0001-01-01T00:00:00Z","percentComplete":0.0,"properties":{"resourceName":"/subscriptions/00000000-0000-0000-0000-000000000000/resourceGroups/cli_netappfiles_test_volume_000001/providers/Microsoft.NetApp/netAppAccounts/cli-acc-000002/capacityPools/cli-pool-000003/volumes/cli-vol-000004"}}'
    headers:
      cache-control:
      - no-cache
      content-length:
      - '567'
      content-type:
      - application/json; charset=utf-8
      date:
      - Wed, 23 Nov 2022 09:53:09 GMT
      expires:
      - '-1'
      pragma:
      - no-cache
      server:
      - Microsoft-IIS/10.0
      strict-transport-security:
      - max-age=31536000; includeSubDomains
      transfer-encoding:
      - chunked
      vary:
      - Accept-Encoding
      x-content-type-options:
      - nosniff
      x-powered-by:
      - ASP.NET
    status:
      code: 200
      message: OK
- request:
    body: null
    headers:
      Accept:
      - '*/*'
      Accept-Encoding:
      - gzip, deflate
      CommandName:
      - netappfiles volume delete
      Connection:
      - keep-alive
      ParameterSetName:
      - --resource-group --account-name --pool-name --volume-name
      User-Agent:
      - AZURECLI/2.42.0 (PIP) azsdk-python-mgmt-netapp/9.0.1 Python/3.8.10 (Windows-10-10.0.19045-SP0)
    method: GET
    uri: https://management.azure.com/subscriptions/00000000-0000-0000-0000-000000000000/providers/Microsoft.NetApp/locations/westus2/operationResults/3565deb1-28cc-41ac-bb5f-c66fdd4283a3?api-version=2022-05-01
  response:
    body:
      string: '{"id":"/subscriptions/00000000-0000-0000-0000-000000000000/providers/Microsoft.NetApp/locations/westus2/operationResults/3565deb1-28cc-41ac-bb5f-c66fdd4283a3","name":"3565deb1-28cc-41ac-bb5f-c66fdd4283a3","status":"Deleting","startTime":"2022-11-23T09:51:09.1935488Z","endTime":"0001-01-01T00:00:00Z","percentComplete":0.0,"properties":{"resourceName":"/subscriptions/00000000-0000-0000-0000-000000000000/resourceGroups/cli_netappfiles_test_volume_000001/providers/Microsoft.NetApp/netAppAccounts/cli-acc-000002/capacityPools/cli-pool-000003/volumes/cli-vol-000004"}}'
    headers:
      cache-control:
      - no-cache
      content-length:
      - '567'
      content-type:
      - application/json; charset=utf-8
      date:
      - Wed, 23 Nov 2022 09:53:40 GMT
      expires:
      - '-1'
      pragma:
      - no-cache
      server:
      - Microsoft-IIS/10.0
      strict-transport-security:
      - max-age=31536000; includeSubDomains
      transfer-encoding:
      - chunked
      vary:
      - Accept-Encoding
      x-content-type-options:
      - nosniff
      x-powered-by:
      - ASP.NET
    status:
      code: 200
      message: OK
- request:
    body: null
    headers:
      Accept:
      - '*/*'
      Accept-Encoding:
      - gzip, deflate
      CommandName:
      - netappfiles volume delete
      Connection:
      - keep-alive
      ParameterSetName:
      - --resource-group --account-name --pool-name --volume-name
      User-Agent:
      - AZURECLI/2.42.0 (PIP) azsdk-python-mgmt-netapp/9.0.1 Python/3.8.10 (Windows-10-10.0.19045-SP0)
    method: GET
    uri: https://management.azure.com/subscriptions/00000000-0000-0000-0000-000000000000/providers/Microsoft.NetApp/locations/westus2/operationResults/3565deb1-28cc-41ac-bb5f-c66fdd4283a3?api-version=2022-05-01
  response:
    body:
      string: '{"id":"/subscriptions/00000000-0000-0000-0000-000000000000/providers/Microsoft.NetApp/locations/westus2/operationResults/3565deb1-28cc-41ac-bb5f-c66fdd4283a3","name":"3565deb1-28cc-41ac-bb5f-c66fdd4283a3","status":"Deleting","startTime":"2022-11-23T09:51:09.1935488Z","endTime":"0001-01-01T00:00:00Z","percentComplete":0.0,"properties":{"resourceName":"/subscriptions/00000000-0000-0000-0000-000000000000/resourceGroups/cli_netappfiles_test_volume_000001/providers/Microsoft.NetApp/netAppAccounts/cli-acc-000002/capacityPools/cli-pool-000003/volumes/cli-vol-000004"}}'
    headers:
      cache-control:
      - no-cache
      content-length:
      - '567'
      content-type:
      - application/json; charset=utf-8
      date:
      - Wed, 23 Nov 2022 09:54:10 GMT
      expires:
      - '-1'
      pragma:
      - no-cache
      server:
      - Microsoft-IIS/10.0
      strict-transport-security:
      - max-age=31536000; includeSubDomains
      transfer-encoding:
      - chunked
      vary:
      - Accept-Encoding
      x-content-type-options:
      - nosniff
      x-powered-by:
      - ASP.NET
    status:
      code: 200
      message: OK
- request:
    body: null
    headers:
      Accept:
      - '*/*'
      Accept-Encoding:
      - gzip, deflate
      CommandName:
      - netappfiles volume delete
      Connection:
      - keep-alive
      ParameterSetName:
      - --resource-group --account-name --pool-name --volume-name
      User-Agent:
      - AZURECLI/2.42.0 (PIP) azsdk-python-mgmt-netapp/9.0.1 Python/3.8.10 (Windows-10-10.0.19045-SP0)
    method: GET
    uri: https://management.azure.com/subscriptions/00000000-0000-0000-0000-000000000000/providers/Microsoft.NetApp/locations/westus2/operationResults/3565deb1-28cc-41ac-bb5f-c66fdd4283a3?api-version=2022-05-01
  response:
    body:
      string: '{"id":"/subscriptions/00000000-0000-0000-0000-000000000000/providers/Microsoft.NetApp/locations/westus2/operationResults/3565deb1-28cc-41ac-bb5f-c66fdd4283a3","name":"3565deb1-28cc-41ac-bb5f-c66fdd4283a3","status":"Deleting","startTime":"2022-11-23T09:51:09.1935488Z","endTime":"0001-01-01T00:00:00Z","percentComplete":0.0,"properties":{"resourceName":"/subscriptions/00000000-0000-0000-0000-000000000000/resourceGroups/cli_netappfiles_test_volume_000001/providers/Microsoft.NetApp/netAppAccounts/cli-acc-000002/capacityPools/cli-pool-000003/volumes/cli-vol-000004"}}'
    headers:
      cache-control:
      - no-cache
      content-length:
      - '567'
      content-type:
      - application/json; charset=utf-8
      date:
      - Wed, 23 Nov 2022 09:54:41 GMT
      expires:
      - '-1'
      pragma:
      - no-cache
      server:
      - Microsoft-IIS/10.0
      strict-transport-security:
      - max-age=31536000; includeSubDomains
      transfer-encoding:
      - chunked
      vary:
      - Accept-Encoding
      x-content-type-options:
      - nosniff
      x-powered-by:
      - ASP.NET
    status:
      code: 200
      message: OK
- request:
    body: null
    headers:
      Accept:
      - '*/*'
      Accept-Encoding:
      - gzip, deflate
      CommandName:
      - netappfiles volume delete
      Connection:
      - keep-alive
      ParameterSetName:
      - --resource-group --account-name --pool-name --volume-name
      User-Agent:
      - AZURECLI/2.42.0 (PIP) azsdk-python-mgmt-netapp/9.0.1 Python/3.8.10 (Windows-10-10.0.19045-SP0)
    method: GET
    uri: https://management.azure.com/subscriptions/00000000-0000-0000-0000-000000000000/providers/Microsoft.NetApp/locations/westus2/operationResults/3565deb1-28cc-41ac-bb5f-c66fdd4283a3?api-version=2022-05-01
  response:
    body:
      string: '{"id":"/subscriptions/00000000-0000-0000-0000-000000000000/providers/Microsoft.NetApp/locations/westus2/operationResults/3565deb1-28cc-41ac-bb5f-c66fdd4283a3","name":"3565deb1-28cc-41ac-bb5f-c66fdd4283a3","status":"Deleting","startTime":"2022-11-23T09:51:09.1935488Z","endTime":"0001-01-01T00:00:00Z","percentComplete":0.0,"properties":{"resourceName":"/subscriptions/00000000-0000-0000-0000-000000000000/resourceGroups/cli_netappfiles_test_volume_000001/providers/Microsoft.NetApp/netAppAccounts/cli-acc-000002/capacityPools/cli-pool-000003/volumes/cli-vol-000004"}}'
    headers:
      cache-control:
      - no-cache
      content-length:
      - '567'
      content-type:
      - application/json; charset=utf-8
      date:
      - Wed, 23 Nov 2022 09:55:11 GMT
      expires:
      - '-1'
      pragma:
      - no-cache
      server:
      - Microsoft-IIS/10.0
      strict-transport-security:
      - max-age=31536000; includeSubDomains
      transfer-encoding:
      - chunked
      vary:
      - Accept-Encoding
      x-content-type-options:
      - nosniff
      x-powered-by:
      - ASP.NET
    status:
      code: 200
      message: OK
- request:
    body: null
    headers:
      Accept:
      - '*/*'
      Accept-Encoding:
      - gzip, deflate
      CommandName:
      - netappfiles volume delete
      Connection:
      - keep-alive
      ParameterSetName:
      - --resource-group --account-name --pool-name --volume-name
      User-Agent:
      - AZURECLI/2.42.0 (PIP) azsdk-python-mgmt-netapp/9.0.1 Python/3.8.10 (Windows-10-10.0.19045-SP0)
    method: GET
    uri: https://management.azure.com/subscriptions/00000000-0000-0000-0000-000000000000/providers/Microsoft.NetApp/locations/westus2/operationResults/3565deb1-28cc-41ac-bb5f-c66fdd4283a3?api-version=2022-05-01
  response:
    body:
      string: '{"id":"/subscriptions/00000000-0000-0000-0000-000000000000/providers/Microsoft.NetApp/locations/westus2/operationResults/3565deb1-28cc-41ac-bb5f-c66fdd4283a3","name":"3565deb1-28cc-41ac-bb5f-c66fdd4283a3","status":"Deleting","startTime":"2022-11-23T09:51:09.1935488Z","endTime":"0001-01-01T00:00:00Z","percentComplete":0.0,"properties":{"resourceName":"/subscriptions/00000000-0000-0000-0000-000000000000/resourceGroups/cli_netappfiles_test_volume_000001/providers/Microsoft.NetApp/netAppAccounts/cli-acc-000002/capacityPools/cli-pool-000003/volumes/cli-vol-000004"}}'
    headers:
      cache-control:
      - no-cache
      content-length:
      - '567'
      content-type:
      - application/json; charset=utf-8
      date:
      - Wed, 23 Nov 2022 09:55:41 GMT
      expires:
      - '-1'
      pragma:
      - no-cache
      server:
      - Microsoft-IIS/10.0
      strict-transport-security:
      - max-age=31536000; includeSubDomains
      transfer-encoding:
      - chunked
      vary:
      - Accept-Encoding
      x-content-type-options:
      - nosniff
      x-powered-by:
      - ASP.NET
    status:
      code: 200
      message: OK
- request:
    body: null
    headers:
      Accept:
      - '*/*'
      Accept-Encoding:
      - gzip, deflate
      CommandName:
      - netappfiles volume delete
      Connection:
      - keep-alive
      ParameterSetName:
      - --resource-group --account-name --pool-name --volume-name
      User-Agent:
      - AZURECLI/2.42.0 (PIP) azsdk-python-mgmt-netapp/9.0.1 Python/3.8.10 (Windows-10-10.0.19045-SP0)
    method: GET
    uri: https://management.azure.com/subscriptions/00000000-0000-0000-0000-000000000000/providers/Microsoft.NetApp/locations/westus2/operationResults/3565deb1-28cc-41ac-bb5f-c66fdd4283a3?api-version=2022-05-01
  response:
    body:
      string: '{"id":"/subscriptions/00000000-0000-0000-0000-000000000000/providers/Microsoft.NetApp/locations/westus2/operationResults/3565deb1-28cc-41ac-bb5f-c66fdd4283a3","name":"3565deb1-28cc-41ac-bb5f-c66fdd4283a3","status":"Deleting","startTime":"2022-11-23T09:51:09.1935488Z","endTime":"0001-01-01T00:00:00Z","percentComplete":0.0,"properties":{"resourceName":"/subscriptions/00000000-0000-0000-0000-000000000000/resourceGroups/cli_netappfiles_test_volume_000001/providers/Microsoft.NetApp/netAppAccounts/cli-acc-000002/capacityPools/cli-pool-000003/volumes/cli-vol-000004"}}'
    headers:
      cache-control:
      - no-cache
      content-length:
      - '567'
      content-type:
      - application/json; charset=utf-8
      date:
      - Wed, 23 Nov 2022 09:56:11 GMT
      expires:
      - '-1'
      pragma:
      - no-cache
      server:
      - Microsoft-IIS/10.0
      strict-transport-security:
      - max-age=31536000; includeSubDomains
      transfer-encoding:
      - chunked
      vary:
      - Accept-Encoding
      x-content-type-options:
      - nosniff
      x-powered-by:
      - ASP.NET
    status:
      code: 200
      message: OK
- request:
    body: null
    headers:
      Accept:
      - '*/*'
      Accept-Encoding:
      - gzip, deflate
      CommandName:
      - netappfiles volume delete
      Connection:
      - keep-alive
      ParameterSetName:
      - --resource-group --account-name --pool-name --volume-name
      User-Agent:
      - AZURECLI/2.42.0 (PIP) azsdk-python-mgmt-netapp/9.0.1 Python/3.8.10 (Windows-10-10.0.19045-SP0)
    method: GET
    uri: https://management.azure.com/subscriptions/00000000-0000-0000-0000-000000000000/providers/Microsoft.NetApp/locations/westus2/operationResults/3565deb1-28cc-41ac-bb5f-c66fdd4283a3?api-version=2022-05-01
  response:
    body:
      string: '{"id":"/subscriptions/00000000-0000-0000-0000-000000000000/providers/Microsoft.NetApp/locations/westus2/operationResults/3565deb1-28cc-41ac-bb5f-c66fdd4283a3","name":"3565deb1-28cc-41ac-bb5f-c66fdd4283a3","status":"Deleting","startTime":"2022-11-23T09:51:09.1935488Z","endTime":"0001-01-01T00:00:00Z","percentComplete":0.0,"properties":{"resourceName":"/subscriptions/00000000-0000-0000-0000-000000000000/resourceGroups/cli_netappfiles_test_volume_000001/providers/Microsoft.NetApp/netAppAccounts/cli-acc-000002/capacityPools/cli-pool-000003/volumes/cli-vol-000004"}}'
    headers:
      cache-control:
      - no-cache
      content-length:
      - '567'
      content-type:
      - application/json; charset=utf-8
      date:
      - Wed, 23 Nov 2022 09:56:42 GMT
      expires:
      - '-1'
      pragma:
      - no-cache
      server:
      - Microsoft-IIS/10.0
      strict-transport-security:
      - max-age=31536000; includeSubDomains
      transfer-encoding:
      - chunked
      vary:
      - Accept-Encoding
      x-content-type-options:
      - nosniff
      x-powered-by:
      - ASP.NET
    status:
      code: 200
      message: OK
- request:
    body: null
    headers:
      Accept:
      - '*/*'
      Accept-Encoding:
      - gzip, deflate
      CommandName:
      - netappfiles volume delete
      Connection:
      - keep-alive
      ParameterSetName:
      - --resource-group --account-name --pool-name --volume-name
      User-Agent:
      - AZURECLI/2.42.0 (PIP) azsdk-python-mgmt-netapp/9.0.1 Python/3.8.10 (Windows-10-10.0.19045-SP0)
    method: GET
    uri: https://management.azure.com/subscriptions/00000000-0000-0000-0000-000000000000/providers/Microsoft.NetApp/locations/westus2/operationResults/3565deb1-28cc-41ac-bb5f-c66fdd4283a3?api-version=2022-05-01
  response:
    body:
      string: '{"id":"/subscriptions/00000000-0000-0000-0000-000000000000/providers/Microsoft.NetApp/locations/westus2/operationResults/3565deb1-28cc-41ac-bb5f-c66fdd4283a3","name":"3565deb1-28cc-41ac-bb5f-c66fdd4283a3","status":"Deleting","startTime":"2022-11-23T09:51:09.1935488Z","endTime":"0001-01-01T00:00:00Z","percentComplete":0.0,"properties":{"resourceName":"/subscriptions/00000000-0000-0000-0000-000000000000/resourceGroups/cli_netappfiles_test_volume_000001/providers/Microsoft.NetApp/netAppAccounts/cli-acc-000002/capacityPools/cli-pool-000003/volumes/cli-vol-000004"}}'
    headers:
      cache-control:
      - no-cache
      content-length:
      - '567'
      content-type:
      - application/json; charset=utf-8
      date:
      - Wed, 23 Nov 2022 09:57:12 GMT
      expires:
      - '-1'
      pragma:
      - no-cache
      server:
      - Microsoft-IIS/10.0
      strict-transport-security:
      - max-age=31536000; includeSubDomains
      transfer-encoding:
      - chunked
      vary:
      - Accept-Encoding
      x-content-type-options:
      - nosniff
      x-powered-by:
      - ASP.NET
    status:
      code: 200
      message: OK
- request:
    body: null
    headers:
      Accept:
      - '*/*'
      Accept-Encoding:
      - gzip, deflate
      CommandName:
      - netappfiles volume delete
      Connection:
      - keep-alive
      ParameterSetName:
      - --resource-group --account-name --pool-name --volume-name
      User-Agent:
      - AZURECLI/2.42.0 (PIP) azsdk-python-mgmt-netapp/9.0.1 Python/3.8.10 (Windows-10-10.0.19045-SP0)
    method: GET
    uri: https://management.azure.com/subscriptions/00000000-0000-0000-0000-000000000000/providers/Microsoft.NetApp/locations/westus2/operationResults/3565deb1-28cc-41ac-bb5f-c66fdd4283a3?api-version=2022-05-01
  response:
    body:
      string: '{"id":"/subscriptions/00000000-0000-0000-0000-000000000000/providers/Microsoft.NetApp/locations/westus2/operationResults/3565deb1-28cc-41ac-bb5f-c66fdd4283a3","name":"3565deb1-28cc-41ac-bb5f-c66fdd4283a3","status":"Deleting","startTime":"2022-11-23T09:51:09.1935488Z","endTime":"0001-01-01T00:00:00Z","percentComplete":0.0,"properties":{"resourceName":"/subscriptions/00000000-0000-0000-0000-000000000000/resourceGroups/cli_netappfiles_test_volume_000001/providers/Microsoft.NetApp/netAppAccounts/cli-acc-000002/capacityPools/cli-pool-000003/volumes/cli-vol-000004"}}'
    headers:
      cache-control:
      - no-cache
      content-length:
      - '567'
      content-type:
      - application/json; charset=utf-8
      date:
      - Wed, 23 Nov 2022 09:57:43 GMT
      expires:
      - '-1'
      pragma:
      - no-cache
      server:
      - Microsoft-IIS/10.0
      strict-transport-security:
      - max-age=31536000; includeSubDomains
      transfer-encoding:
      - chunked
      vary:
      - Accept-Encoding
      x-content-type-options:
      - nosniff
      x-powered-by:
      - ASP.NET
    status:
      code: 200
      message: OK
- request:
    body: null
    headers:
      Accept:
      - '*/*'
      Accept-Encoding:
      - gzip, deflate
      CommandName:
      - netappfiles volume delete
      Connection:
      - keep-alive
      ParameterSetName:
      - --resource-group --account-name --pool-name --volume-name
      User-Agent:
      - AZURECLI/2.42.0 (PIP) azsdk-python-mgmt-netapp/9.0.1 Python/3.8.10 (Windows-10-10.0.19045-SP0)
    method: GET
    uri: https://management.azure.com/subscriptions/00000000-0000-0000-0000-000000000000/providers/Microsoft.NetApp/locations/westus2/operationResults/3565deb1-28cc-41ac-bb5f-c66fdd4283a3?api-version=2022-05-01
  response:
    body:
      string: '{"id":"/subscriptions/00000000-0000-0000-0000-000000000000/providers/Microsoft.NetApp/locations/westus2/operationResults/3565deb1-28cc-41ac-bb5f-c66fdd4283a3","name":"3565deb1-28cc-41ac-bb5f-c66fdd4283a3","status":"Deleting","startTime":"2022-11-23T09:51:09.1935488Z","endTime":"0001-01-01T00:00:00Z","percentComplete":0.0,"properties":{"resourceName":"/subscriptions/00000000-0000-0000-0000-000000000000/resourceGroups/cli_netappfiles_test_volume_000001/providers/Microsoft.NetApp/netAppAccounts/cli-acc-000002/capacityPools/cli-pool-000003/volumes/cli-vol-000004"}}'
    headers:
      cache-control:
      - no-cache
      content-length:
      - '567'
      content-type:
      - application/json; charset=utf-8
      date:
      - Wed, 23 Nov 2022 09:58:13 GMT
      expires:
      - '-1'
      pragma:
      - no-cache
      server:
      - Microsoft-IIS/10.0
      strict-transport-security:
      - max-age=31536000; includeSubDomains
      transfer-encoding:
      - chunked
      vary:
      - Accept-Encoding
      x-content-type-options:
      - nosniff
      x-powered-by:
      - ASP.NET
    status:
      code: 200
      message: OK
- request:
    body: null
    headers:
      Accept:
      - '*/*'
      Accept-Encoding:
      - gzip, deflate
      CommandName:
      - netappfiles volume delete
      Connection:
      - keep-alive
      ParameterSetName:
      - --resource-group --account-name --pool-name --volume-name
      User-Agent:
      - AZURECLI/2.42.0 (PIP) azsdk-python-mgmt-netapp/9.0.1 Python/3.8.10 (Windows-10-10.0.19045-SP0)
    method: GET
    uri: https://management.azure.com/subscriptions/00000000-0000-0000-0000-000000000000/providers/Microsoft.NetApp/locations/westus2/operationResults/3565deb1-28cc-41ac-bb5f-c66fdd4283a3?api-version=2022-05-01
  response:
    body:
      string: '{"id":"/subscriptions/00000000-0000-0000-0000-000000000000/providers/Microsoft.NetApp/locations/westus2/operationResults/3565deb1-28cc-41ac-bb5f-c66fdd4283a3","name":"3565deb1-28cc-41ac-bb5f-c66fdd4283a3","status":"Deleting","startTime":"2022-11-23T09:51:09.1935488Z","endTime":"0001-01-01T00:00:00Z","percentComplete":0.0,"properties":{"resourceName":"/subscriptions/00000000-0000-0000-0000-000000000000/resourceGroups/cli_netappfiles_test_volume_000001/providers/Microsoft.NetApp/netAppAccounts/cli-acc-000002/capacityPools/cli-pool-000003/volumes/cli-vol-000004"}}'
    headers:
      cache-control:
      - no-cache
      content-length:
      - '567'
      content-type:
      - application/json; charset=utf-8
      date:
      - Wed, 23 Nov 2022 09:58:44 GMT
      expires:
      - '-1'
      pragma:
      - no-cache
      server:
      - Microsoft-IIS/10.0
      strict-transport-security:
      - max-age=31536000; includeSubDomains
      transfer-encoding:
      - chunked
      vary:
      - Accept-Encoding
      x-content-type-options:
      - nosniff
      x-powered-by:
      - ASP.NET
    status:
      code: 200
      message: OK
- request:
    body: null
    headers:
      Accept:
      - '*/*'
      Accept-Encoding:
      - gzip, deflate
      CommandName:
      - netappfiles volume delete
      Connection:
      - keep-alive
      ParameterSetName:
      - --resource-group --account-name --pool-name --volume-name
      User-Agent:
      - AZURECLI/2.42.0 (PIP) azsdk-python-mgmt-netapp/9.0.1 Python/3.8.10 (Windows-10-10.0.19045-SP0)
    method: GET
    uri: https://management.azure.com/subscriptions/00000000-0000-0000-0000-000000000000/providers/Microsoft.NetApp/locations/westus2/operationResults/3565deb1-28cc-41ac-bb5f-c66fdd4283a3?api-version=2022-05-01
  response:
    body:
      string: '{"id":"/subscriptions/00000000-0000-0000-0000-000000000000/providers/Microsoft.NetApp/locations/westus2/operationResults/3565deb1-28cc-41ac-bb5f-c66fdd4283a3","name":"3565deb1-28cc-41ac-bb5f-c66fdd4283a3","status":"Deleting","startTime":"2022-11-23T09:51:09.1935488Z","endTime":"0001-01-01T00:00:00Z","percentComplete":0.0,"properties":{"resourceName":"/subscriptions/00000000-0000-0000-0000-000000000000/resourceGroups/cli_netappfiles_test_volume_000001/providers/Microsoft.NetApp/netAppAccounts/cli-acc-000002/capacityPools/cli-pool-000003/volumes/cli-vol-000004"}}'
    headers:
      cache-control:
      - no-cache
      content-length:
      - '567'
      content-type:
      - application/json; charset=utf-8
      date:
      - Wed, 23 Nov 2022 09:59:15 GMT
      expires:
      - '-1'
      pragma:
      - no-cache
      server:
      - Microsoft-IIS/10.0
      strict-transport-security:
      - max-age=31536000; includeSubDomains
      transfer-encoding:
      - chunked
      vary:
      - Accept-Encoding
      x-content-type-options:
      - nosniff
      x-powered-by:
      - ASP.NET
    status:
      code: 200
      message: OK
- request:
    body: null
    headers:
      Accept:
      - '*/*'
      Accept-Encoding:
      - gzip, deflate
      CommandName:
      - netappfiles volume delete
      Connection:
      - keep-alive
      ParameterSetName:
      - --resource-group --account-name --pool-name --volume-name
      User-Agent:
      - AZURECLI/2.42.0 (PIP) azsdk-python-mgmt-netapp/9.0.1 Python/3.8.10 (Windows-10-10.0.19045-SP0)
    method: GET
    uri: https://management.azure.com/subscriptions/00000000-0000-0000-0000-000000000000/providers/Microsoft.NetApp/locations/westus2/operationResults/3565deb1-28cc-41ac-bb5f-c66fdd4283a3?api-version=2022-05-01
  response:
    body:
      string: '{"id":"/subscriptions/00000000-0000-0000-0000-000000000000/providers/Microsoft.NetApp/locations/westus2/operationResults/3565deb1-28cc-41ac-bb5f-c66fdd4283a3","name":"3565deb1-28cc-41ac-bb5f-c66fdd4283a3","status":"Deleting","startTime":"2022-11-23T09:51:09.1935488Z","endTime":"0001-01-01T00:00:00Z","percentComplete":0.0,"properties":{"resourceName":"/subscriptions/00000000-0000-0000-0000-000000000000/resourceGroups/cli_netappfiles_test_volume_000001/providers/Microsoft.NetApp/netAppAccounts/cli-acc-000002/capacityPools/cli-pool-000003/volumes/cli-vol-000004"}}'
    headers:
      cache-control:
      - no-cache
      content-length:
      - '567'
      content-type:
      - application/json; charset=utf-8
      date:
      - Wed, 23 Nov 2022 09:59:45 GMT
      expires:
      - '-1'
      pragma:
      - no-cache
      server:
      - Microsoft-IIS/10.0
      strict-transport-security:
      - max-age=31536000; includeSubDomains
      transfer-encoding:
      - chunked
      vary:
      - Accept-Encoding
      x-content-type-options:
      - nosniff
      x-powered-by:
      - ASP.NET
    status:
      code: 200
      message: OK
- request:
    body: null
    headers:
      Accept:
      - '*/*'
      Accept-Encoding:
      - gzip, deflate
      CommandName:
      - netappfiles volume delete
      Connection:
      - keep-alive
      ParameterSetName:
      - --resource-group --account-name --pool-name --volume-name
      User-Agent:
      - AZURECLI/2.42.0 (PIP) azsdk-python-mgmt-netapp/9.0.1 Python/3.8.10 (Windows-10-10.0.19045-SP0)
    method: GET
    uri: https://management.azure.com/subscriptions/00000000-0000-0000-0000-000000000000/providers/Microsoft.NetApp/locations/westus2/operationResults/3565deb1-28cc-41ac-bb5f-c66fdd4283a3?api-version=2022-05-01
  response:
    body:
      string: '{"id":"/subscriptions/00000000-0000-0000-0000-000000000000/providers/Microsoft.NetApp/locations/westus2/operationResults/3565deb1-28cc-41ac-bb5f-c66fdd4283a3","name":"3565deb1-28cc-41ac-bb5f-c66fdd4283a3","status":"Deleting","startTime":"2022-11-23T09:51:09.1935488Z","endTime":"0001-01-01T00:00:00Z","percentComplete":0.0,"properties":{"resourceName":"/subscriptions/00000000-0000-0000-0000-000000000000/resourceGroups/cli_netappfiles_test_volume_000001/providers/Microsoft.NetApp/netAppAccounts/cli-acc-000002/capacityPools/cli-pool-000003/volumes/cli-vol-000004"}}'
    headers:
      cache-control:
      - no-cache
      content-length:
      - '567'
      content-type:
      - application/json; charset=utf-8
      date:
      - Wed, 23 Nov 2022 10:00:15 GMT
      expires:
      - '-1'
      pragma:
      - no-cache
      server:
      - Microsoft-IIS/10.0
      strict-transport-security:
      - max-age=31536000; includeSubDomains
      transfer-encoding:
      - chunked
      vary:
      - Accept-Encoding
      x-content-type-options:
      - nosniff
      x-powered-by:
      - ASP.NET
    status:
      code: 200
      message: OK
- request:
    body: null
    headers:
      Accept:
      - '*/*'
      Accept-Encoding:
      - gzip, deflate
      CommandName:
      - netappfiles volume delete
      Connection:
      - keep-alive
      ParameterSetName:
      - --resource-group --account-name --pool-name --volume-name
      User-Agent:
      - AZURECLI/2.42.0 (PIP) azsdk-python-mgmt-netapp/9.0.1 Python/3.8.10 (Windows-10-10.0.19045-SP0)
    method: GET
    uri: https://management.azure.com/subscriptions/00000000-0000-0000-0000-000000000000/providers/Microsoft.NetApp/locations/westus2/operationResults/3565deb1-28cc-41ac-bb5f-c66fdd4283a3?api-version=2022-05-01
  response:
    body:
      string: '{"id":"/subscriptions/00000000-0000-0000-0000-000000000000/providers/Microsoft.NetApp/locations/westus2/operationResults/3565deb1-28cc-41ac-bb5f-c66fdd4283a3","name":"3565deb1-28cc-41ac-bb5f-c66fdd4283a3","status":"Succeeded","startTime":"2022-11-23T09:51:09.1935488Z","endTime":"2022-11-23T10:00:37.6840354Z","percentComplete":100.0,"properties":{"resourceName":"/subscriptions/00000000-0000-0000-0000-000000000000/resourceGroups/cli_netappfiles_test_volume_000001/providers/Microsoft.NetApp/netAppAccounts/cli-acc-000002/capacityPools/cli-pool-000003/volumes/cli-vol-000004"}}'
    headers:
      cache-control:
      - no-cache
      content-length:
      - '578'
      content-type:
      - application/json; charset=utf-8
      date:
      - Wed, 23 Nov 2022 10:00:46 GMT
      expires:
      - '-1'
      pragma:
      - no-cache
      server:
      - Microsoft-IIS/10.0
      strict-transport-security:
      - max-age=31536000; includeSubDomains
      transfer-encoding:
      - chunked
      vary:
      - Accept-Encoding
      x-content-type-options:
      - nosniff
      x-powered-by:
      - ASP.NET
    status:
      code: 200
      message: OK
- request:
    body: null
    headers:
      Accept:
      - '*/*'
      Accept-Encoding:
      - gzip, deflate
      CommandName:
      - netappfiles volume delete
      Connection:
      - keep-alive
      ParameterSetName:
      - --resource-group --account-name --pool-name --volume-name
      User-Agent:
      - AZURECLI/2.42.0 (PIP) azsdk-python-mgmt-netapp/9.0.1 Python/3.8.10 (Windows-10-10.0.19045-SP0)
    method: GET
    uri: https://management.azure.com/subscriptions/00000000-0000-0000-0000-000000000000/providers/Microsoft.NetApp/locations/westus2/operationResults/3565deb1-28cc-41ac-bb5f-c66fdd4283a3?api-version=2022-05-01&operationResultResponseType=Location
  response:
    body:
      string: '{"id":"/subscriptions/00000000-0000-0000-0000-000000000000/resourceGroups/cli_netappfiles_test_volume_000001/providers/Microsoft.NetApp/netAppAccounts/cli-acc-000002/capacityPools/cli-pool-000003/volumes/cli-vol-000004","name":"cli-acc-000002/cli-pool-000003/cli-vol-000004","type":"Microsoft.NetApp/netAppAccounts/capacityPools/volumes","etag":"W/\"datetime''2022-11-23T10%3A00%3A28.7486608Z''\"","location":"westus2","properties":{"fileSystemId":"84f8518c-9b92-7b50-743b-7a3a5f6fbd77","serviceLevel":"Premium","creationToken":"cli-vol-000004","ownerId":"2ebb0649-e261-11e9-8828-6e573da70a0d","usageThreshold":107374182400,"usedBytes":0,"exportPolicy":{"rules":[{"ruleIndex":1,"unixReadOnly":false,"unixReadWrite":true,"cifs":false,"nfsv3":true,"nfsv4":false,"nfsv41":false,"allowedClients":"0.0.0.0/0","kerberos5ReadOnly":false,"kerberos5ReadWrite":false,"kerberos5iReadOnly":false,"kerberos5iReadWrite":false,"kerberos5pReadOnly":false,"kerberos5pReadWrite":false,"hasRootAccess":true,"chownMode":"Restricted"}]},"protocolTypes":["NFSv3"],"baremetalTenantId":"DELETED_baremetalTenant_svm_2ebb0649e26111e988286e573da70a0d_40dd69e3","subnetId":"/subscriptions/00000000-0000-0000-0000-000000000000/resourceGroups/cli-rg-subnet000007/providers/Microsoft.Network/virtualNetworks/cli-vnet-000005/subnets/cli-subnet-000006","networkFeatures":"Basic","networkSiblingSetId":"8dd1978e-584b-5087-bfc6-c261b926b7ba","storageToNetworkProximity":"T2","snapshotDirectoryVisible":true,"vendorID":"/subscriptions/00000000-0000-0000-0000-000000000000/resourceGroups/cli_netappfiles_test_volume_000001/providers/Microsoft.NetApp/netAppAccounts/cli-acc-000002/capacityPools/cli-pool-000003/volumes/cli-vol-000004","poolId":"7b38a26d-8447-8065-6832-d5c61acaa7df","mountTargets":[{"provisioningState":"","mountTargetId":"84f8518c-9b92-7b50-743b-7a3a5f6fbd77","fileSystemId":"84f8518c-9b92-7b50-743b-7a3a5f6fbd77","startIp":"","endIp":"","gateway":"","netmask":"","subnet":"","ipAddress":"10.0.0.4"}],"throughputMibps":6.25,"kerberosEnabled":false,"securityStyle":"Unix","smbEncryption":false,"smbContinuouslyAvailable":false,"ldapEnabled":false,"unixPermissions":"0770","encryptionKeySource":"Microsoft.NetApp","volumeSpecName":"generic","coolAccess":false,"avsDataStore":"Disabled","isDefaultQuotaEnabled":false,"defaultUserQuotaInKiBs":0,"defaultGroupQuotaInKiBs":0,"enableSubvolumes":"Disabled","encrypted":true,"smbAccessBasedEnumeration":"Disabled","smbNonBrowsable":"Disabled","provisioningState":"Deleting"},"systemData":{"createdBy":"ethanyang@microsoft.com","createdByType":"User","createdAt":"2022-11-23T09:38:24.089282Z","lastModifiedBy":"ethanyang@microsoft.com","lastModifiedByType":"User","lastModifiedAt":"2022-11-23T09:38:24.089282Z"}}'
    headers:
      cache-control:
      - no-cache
      content-length:
      - '2730'
      content-type:
      - application/json; charset=utf-8
      date:
      - Wed, 23 Nov 2022 10:00:46 GMT
      expires:
      - '-1'
      pragma:
      - no-cache
      server:
      - Microsoft-IIS/10.0
      strict-transport-security:
      - max-age=31536000; includeSubDomains
      transfer-encoding:
      - chunked
      vary:
      - Accept-Encoding
      x-content-type-options:
      - nosniff
      x-powered-by:
      - ASP.NET
    status:
      code: 200
      message: OK
- request:
    body: null
    headers:
      Accept:
      - application/json
      Accept-Encoding:
      - gzip, deflate
      CommandName:
      - group delete
      Connection:
      - keep-alive
      Content-Length:
      - '0'
      ParameterSetName:
      - --yes -n
      User-Agent:
      - AZURECLI/2.42.0 (PIP) azsdk-python-azure-mgmt-resource/21.1.0b1 Python/3.8.10
        (Windows-10-10.0.19045-SP0)
    method: DELETE
    uri: https://management.azure.com/subscriptions/00000000-0000-0000-0000-000000000000/resourcegroups/cli-rg-subnet000007?api-version=2021-04-01
  response:
    body:
      string: ''
    headers:
      cache-control:
      - no-cache
      content-length:
      - '0'
      date:
      - Wed, 23 Nov 2022 10:00:52 GMT
      expires:
      - '-1'
      location:
      - https://management.azure.com/subscriptions/00000000-0000-0000-0000-000000000000/operationresults/eyJqb2JJZCI6IlJFU09VUkNFR1JPVVBERUxFVElPTkpPQi1DTEk6MkRSRzoyRFNVQk5FVFZYVlZVWUpXUjJOLVdFU1RVUzIiLCJqb2JMb2NhdGlvbiI6Indlc3R1czIifQ?api-version=2021-04-01
      pragma:
      - no-cache
      strict-transport-security:
      - max-age=31536000; includeSubDomains
      x-content-type-options:
      - nosniff
      x-ms-ratelimit-remaining-subscription-deletes:
      - '14999'
    status:
      code: 202
      message: Accepted
- request:
    body: null
    headers:
      Accept:
      - '*/*'
      Accept-Encoding:
      - gzip, deflate
      CommandName:
      - group delete
      Connection:
      - keep-alive
      ParameterSetName:
      - --yes -n
      User-Agent:
      - AZURECLI/2.42.0 (PIP) azsdk-python-azure-mgmt-resource/21.1.0b1 Python/3.8.10
        (Windows-10-10.0.19045-SP0)
    method: GET
    uri: https://management.azure.com/subscriptions/00000000-0000-0000-0000-000000000000/operationresults/eyJqb2JJZCI6IlJFU09VUkNFR1JPVVBERUxFVElPTkpPQi1DTEk6MkRSRzoyRFNVQk5FVFZYVlZVWUpXUjJOLVdFU1RVUzIiLCJqb2JMb2NhdGlvbiI6Indlc3R1czIifQ?api-version=2021-04-01
  response:
    body:
      string: ''
    headers:
      cache-control:
      - no-cache
      content-length:
      - '0'
      date:
      - Wed, 23 Nov 2022 10:01:07 GMT
      expires:
      - '-1'
      location:
      - https://management.azure.com/subscriptions/00000000-0000-0000-0000-000000000000/operationresults/eyJqb2JJZCI6IlJFU09VUkNFR1JPVVBERUxFVElPTkpPQi1DTEk6MkRSRzoyRFNVQk5FVFZYVlZVWUpXUjJOLVdFU1RVUzIiLCJqb2JMb2NhdGlvbiI6Indlc3R1czIifQ?api-version=2021-04-01
      pragma:
      - no-cache
      strict-transport-security:
      - max-age=31536000; includeSubDomains
      x-content-type-options:
      - nosniff
    status:
      code: 202
      message: Accepted
- request:
    body: null
    headers:
      Accept:
      - '*/*'
      Accept-Encoding:
      - gzip, deflate
      CommandName:
      - group delete
      Connection:
      - keep-alive
      ParameterSetName:
      - --yes -n
      User-Agent:
      - AZURECLI/2.42.0 (PIP) azsdk-python-azure-mgmt-resource/21.1.0b1 Python/3.8.10
        (Windows-10-10.0.19045-SP0)
    method: GET
    uri: https://management.azure.com/subscriptions/00000000-0000-0000-0000-000000000000/operationresults/eyJqb2JJZCI6IlJFU09VUkNFR1JPVVBERUxFVElPTkpPQi1DTEk6MkRSRzoyRFNVQk5FVFZYVlZVWUpXUjJOLVdFU1RVUzIiLCJqb2JMb2NhdGlvbiI6Indlc3R1czIifQ?api-version=2021-04-01
  response:
    body:
      string: ''
    headers:
      cache-control:
      - no-cache
      content-length:
      - '0'
      date:
      - Wed, 23 Nov 2022 10:01:23 GMT
      expires:
      - '-1'
      location:
      - https://management.azure.com/subscriptions/00000000-0000-0000-0000-000000000000/operationresults/eyJqb2JJZCI6IlJFU09VUkNFR1JPVVBERUxFVElPTkpPQi1DTEk6MkRSRzoyRFNVQk5FVFZYVlZVWUpXUjJOLVdFU1RVUzIiLCJqb2JMb2NhdGlvbiI6Indlc3R1czIifQ?api-version=2021-04-01
      pragma:
      - no-cache
      strict-transport-security:
      - max-age=31536000; includeSubDomains
      x-content-type-options:
      - nosniff
    status:
      code: 202
      message: Accepted
- request:
    body: null
    headers:
      Accept:
      - '*/*'
      Accept-Encoding:
      - gzip, deflate
      CommandName:
      - group delete
      Connection:
      - keep-alive
      ParameterSetName:
      - --yes -n
      User-Agent:
      - AZURECLI/2.42.0 (PIP) azsdk-python-azure-mgmt-resource/21.1.0b1 Python/3.8.10
        (Windows-10-10.0.19045-SP0)
    method: GET
    uri: https://management.azure.com/subscriptions/00000000-0000-0000-0000-000000000000/operationresults/eyJqb2JJZCI6IlJFU09VUkNFR1JPVVBERUxFVElPTkpPQi1DTEk6MkRSRzoyRFNVQk5FVFZYVlZVWUpXUjJOLVdFU1RVUzIiLCJqb2JMb2NhdGlvbiI6Indlc3R1czIifQ?api-version=2021-04-01
  response:
    body:
      string: ''
    headers:
      cache-control:
      - no-cache
      content-length:
      - '0'
      date:
      - Wed, 23 Nov 2022 10:01:39 GMT
      expires:
      - '-1'
      location:
      - https://management.azure.com/subscriptions/00000000-0000-0000-0000-000000000000/operationresults/eyJqb2JJZCI6IlJFU09VUkNFR1JPVVBERUxFVElPTkpPQi1DTEk6MkRSRzoyRFNVQk5FVFZYVlZVWUpXUjJOLVdFU1RVUzIiLCJqb2JMb2NhdGlvbiI6Indlc3R1czIifQ?api-version=2021-04-01
      pragma:
      - no-cache
      strict-transport-security:
      - max-age=31536000; includeSubDomains
      x-content-type-options:
      - nosniff
    status:
      code: 202
      message: Accepted
- request:
    body: null
    headers:
      Accept:
      - '*/*'
      Accept-Encoding:
      - gzip, deflate
      CommandName:
      - group delete
      Connection:
      - keep-alive
      ParameterSetName:
      - --yes -n
      User-Agent:
      - AZURECLI/2.42.0 (PIP) azsdk-python-azure-mgmt-resource/21.1.0b1 Python/3.8.10
        (Windows-10-10.0.19045-SP0)
    method: GET
    uri: https://management.azure.com/subscriptions/00000000-0000-0000-0000-000000000000/operationresults/eyJqb2JJZCI6IlJFU09VUkNFR1JPVVBERUxFVElPTkpPQi1DTEk6MkRSRzoyRFNVQk5FVFZYVlZVWUpXUjJOLVdFU1RVUzIiLCJqb2JMb2NhdGlvbiI6Indlc3R1czIifQ?api-version=2021-04-01
  response:
    body:
      string: ''
    headers:
      cache-control:
      - no-cache
      content-length:
      - '0'
      date:
      - Wed, 23 Nov 2022 10:01:54 GMT
      expires:
      - '-1'
      location:
      - https://management.azure.com/subscriptions/00000000-0000-0000-0000-000000000000/operationresults/eyJqb2JJZCI6IlJFU09VUkNFR1JPVVBERUxFVElPTkpPQi1DTEk6MkRSRzoyRFNVQk5FVFZYVlZVWUpXUjJOLVdFU1RVUzIiLCJqb2JMb2NhdGlvbiI6Indlc3R1czIifQ?api-version=2021-04-01
      pragma:
      - no-cache
      strict-transport-security:
      - max-age=31536000; includeSubDomains
      x-content-type-options:
      - nosniff
    status:
      code: 202
      message: Accepted
- request:
    body: null
    headers:
      Accept:
      - '*/*'
      Accept-Encoding:
      - gzip, deflate
      CommandName:
      - group delete
      Connection:
      - keep-alive
      ParameterSetName:
      - --yes -n
      User-Agent:
      - AZURECLI/2.42.0 (PIP) azsdk-python-azure-mgmt-resource/21.1.0b1 Python/3.8.10
        (Windows-10-10.0.19045-SP0)
    method: GET
    uri: https://management.azure.com/subscriptions/00000000-0000-0000-0000-000000000000/operationresults/eyJqb2JJZCI6IlJFU09VUkNFR1JPVVBERUxFVElPTkpPQi1DTEk6MkRSRzoyRFNVQk5FVFZYVlZVWUpXUjJOLVdFU1RVUzIiLCJqb2JMb2NhdGlvbiI6Indlc3R1czIifQ?api-version=2021-04-01
  response:
    body:
      string: ''
    headers:
      cache-control:
      - no-cache
      content-length:
      - '0'
      date:
      - Wed, 23 Nov 2022 10:02:10 GMT
      expires:
      - '-1'
      location:
      - https://management.azure.com/subscriptions/00000000-0000-0000-0000-000000000000/operationresults/eyJqb2JJZCI6IlJFU09VUkNFR1JPVVBERUxFVElPTkpPQi1DTEk6MkRSRzoyRFNVQk5FVFZYVlZVWUpXUjJOLVdFU1RVUzIiLCJqb2JMb2NhdGlvbiI6Indlc3R1czIifQ?api-version=2021-04-01
      pragma:
      - no-cache
      strict-transport-security:
      - max-age=31536000; includeSubDomains
      x-content-type-options:
      - nosniff
    status:
      code: 202
      message: Accepted
- request:
    body: null
    headers:
      Accept:
      - '*/*'
      Accept-Encoding:
      - gzip, deflate
      CommandName:
      - group delete
      Connection:
      - keep-alive
      ParameterSetName:
      - --yes -n
      User-Agent:
      - AZURECLI/2.42.0 (PIP) azsdk-python-azure-mgmt-resource/21.1.0b1 Python/3.8.10
        (Windows-10-10.0.19045-SP0)
    method: GET
    uri: https://management.azure.com/subscriptions/00000000-0000-0000-0000-000000000000/operationresults/eyJqb2JJZCI6IlJFU09VUkNFR1JPVVBERUxFVElPTkpPQi1DTEk6MkRSRzoyRFNVQk5FVFZYVlZVWUpXUjJOLVdFU1RVUzIiLCJqb2JMb2NhdGlvbiI6Indlc3R1czIifQ?api-version=2021-04-01
  response:
    body:
      string: ''
    headers:
      cache-control:
      - no-cache
      content-length:
      - '0'
      date:
      - Wed, 23 Nov 2022 10:02:25 GMT
      expires:
      - '-1'
      location:
      - https://management.azure.com/subscriptions/00000000-0000-0000-0000-000000000000/operationresults/eyJqb2JJZCI6IlJFU09VUkNFR1JPVVBERUxFVElPTkpPQi1DTEk6MkRSRzoyRFNVQk5FVFZYVlZVWUpXUjJOLVdFU1RVUzIiLCJqb2JMb2NhdGlvbiI6Indlc3R1czIifQ?api-version=2021-04-01
      pragma:
      - no-cache
      strict-transport-security:
      - max-age=31536000; includeSubDomains
      x-content-type-options:
      - nosniff
    status:
      code: 202
      message: Accepted
- request:
    body: null
    headers:
      Accept:
      - '*/*'
      Accept-Encoding:
      - gzip, deflate
      CommandName:
      - group delete
      Connection:
      - keep-alive
      ParameterSetName:
      - --yes -n
      User-Agent:
      - AZURECLI/2.42.0 (PIP) azsdk-python-azure-mgmt-resource/21.1.0b1 Python/3.8.10
        (Windows-10-10.0.19045-SP0)
    method: GET
    uri: https://management.azure.com/subscriptions/00000000-0000-0000-0000-000000000000/operationresults/eyJqb2JJZCI6IlJFU09VUkNFR1JPVVBERUxFVElPTkpPQi1DTEk6MkRSRzoyRFNVQk5FVFZYVlZVWUpXUjJOLVdFU1RVUzIiLCJqb2JMb2NhdGlvbiI6Indlc3R1czIifQ?api-version=2021-04-01
  response:
    body:
      string: ''
    headers:
      cache-control:
      - no-cache
      content-length:
      - '0'
      date:
      - Wed, 23 Nov 2022 10:02:41 GMT
      expires:
      - '-1'
      location:
      - https://management.azure.com/subscriptions/00000000-0000-0000-0000-000000000000/operationresults/eyJqb2JJZCI6IlJFU09VUkNFR1JPVVBERUxFVElPTkpPQi1DTEk6MkRSRzoyRFNVQk5FVFZYVlZVWUpXUjJOLVdFU1RVUzIiLCJqb2JMb2NhdGlvbiI6Indlc3R1czIifQ?api-version=2021-04-01
      pragma:
      - no-cache
      strict-transport-security:
      - max-age=31536000; includeSubDomains
      x-content-type-options:
      - nosniff
    status:
      code: 202
      message: Accepted
- request:
    body: null
    headers:
      Accept:
      - '*/*'
      Accept-Encoding:
      - gzip, deflate
      CommandName:
      - group delete
      Connection:
      - keep-alive
      ParameterSetName:
      - --yes -n
      User-Agent:
      - AZURECLI/2.42.0 (PIP) azsdk-python-azure-mgmt-resource/21.1.0b1 Python/3.8.10
        (Windows-10-10.0.19045-SP0)
    method: GET
    uri: https://management.azure.com/subscriptions/00000000-0000-0000-0000-000000000000/operationresults/eyJqb2JJZCI6IlJFU09VUkNFR1JPVVBERUxFVElPTkpPQi1DTEk6MkRSRzoyRFNVQk5FVFZYVlZVWUpXUjJOLVdFU1RVUzIiLCJqb2JMb2NhdGlvbiI6Indlc3R1czIifQ?api-version=2021-04-01
  response:
    body:
      string: ''
    headers:
      cache-control:
      - no-cache
      content-length:
      - '0'
      date:
      - Wed, 23 Nov 2022 10:02:56 GMT
      expires:
      - '-1'
      pragma:
      - no-cache
      strict-transport-security:
      - max-age=31536000; includeSubDomains
      x-content-type-options:
      - nosniff
    status:
      code: 200
      message: OK
version: 1
