interactions:
- request:
    body: '{"location": "southcentralusstage", "tags": {"Tag1": "Value1"}}'
    headers:
      Accept:
      - application/json
      Accept-Encoding:
      - gzip, deflate
      CommandName:
      - netappfiles account create
      Connection:
      - keep-alive
      Content-Length:
      - '51'
      Content-Type:
      - application/json
      ParameterSetName:
      - -g -a -l --tags
      User-Agent:
      - AZURECLI/2.34.1 azsdk-python-mgmt-netapp/7.0.0 Python/3.8.10 (macOS-12.2-x86_64-i386-64bit)
    method: PUT
    uri: https://management.azure.com/subscriptions/00000000-0000-0000-0000-000000000000/resourceGroups/cli_netappfiles_test_account_000001/providers/Microsoft.NetApp/netAppAccounts/cli-acc-000002?api-version=2021-10-01
  response:
    body:
      string: '{"id":"/subscriptions/00000000-0000-0000-0000-000000000000/resourceGroups/cli_netappfiles_test_account_000001/providers/Microsoft.NetApp/netAppAccounts/cli-acc-000002","name":"cli-acc-000002","type":"Microsoft.NetApp/netAppAccounts","etag":"W/\"datetime''2022-03-18T13%3A56%3A02.0411018Z''\"","location":"southcentralusstage","tags":{"Tag1":"Value1","CreatedOnDate":"2022-03-18T13:55:57.1935272Z"},"properties":{"provisioningState":"Creating"}}'
    headers:
      azure-asyncoperation:
      - https://management.azure.com/subscriptions/00000000-0000-0000-0000-000000000000/providers/Microsoft.NetApp/locations/southcentralusstage/operationResults/7e7c13de-afb0-4f34-80c1-416265d7ca5c?api-version=2021-10-01
      cache-control:
      - no-cache
      content-length:
      - '430'
      content-type:
      - application/json; charset=utf-8
      date:
      - Fri, 18 Mar 2022 13:56:02 GMT
      etag:
      - W/"datetime'2022-03-18T13%3A56%3A02.0411018Z'"
      expires:
      - '-1'
      pragma:
      - no-cache
      server:
      - Microsoft-IIS/10.0
      strict-transport-security:
      - max-age=31536000; includeSubDomains
      x-content-type-options:
      - nosniff
      x-ms-ratelimit-remaining-subscription-writes:
      - '1199'
      x-powered-by:
      - ASP.NET
    status:
      code: 201
      message: Created
- request:
    body: null
    headers:
      Accept:
      - '*/*'
      Accept-Encoding:
      - gzip, deflate
      CommandName:
      - netappfiles account create
      Connection:
      - keep-alive
      ParameterSetName:
      - -g -a -l --tags
      User-Agent:
      - AZURECLI/2.34.1 azsdk-python-mgmt-netapp/7.0.0 Python/3.8.10 (macOS-12.2-x86_64-i386-64bit)
    method: GET
    uri: https://management.azure.com/subscriptions/00000000-0000-0000-0000-000000000000/providers/Microsoft.NetApp/locations/southcentralusstage/operationResults/7e7c13de-afb0-4f34-80c1-416265d7ca5c?api-version=2021-10-01
  response:
    body:
      string: '{"id":"/subscriptions/00000000-0000-0000-0000-000000000000/providers/Microsoft.NetApp/locations/southcentralusstage/operationResults/7e7c13de-afb0-4f34-80c1-416265d7ca5c","name":"7e7c13de-afb0-4f34-80c1-416265d7ca5c","status":"Succeeded","startTime":"2022-03-18T13:56:02.056031Z","endTime":"2022-03-18T13:56:02.0810331Z","percentComplete":100.0,"properties":{"resourceName":"/subscriptions/00000000-0000-0000-0000-000000000000/resourceGroups/cli_netappfiles_test_account_000001/providers/Microsoft.NetApp/netAppAccounts/cli-acc-000002"}}'
    headers:
      cache-control:
      - no-cache
      content-length:
      - '525'
      content-type:
      - application/json; charset=utf-8
      date:
      - Fri, 18 Mar 2022 13:56:33 GMT
      expires:
      - '-1'
      pragma:
      - no-cache
      server:
      - Microsoft-IIS/10.0
      strict-transport-security:
      - max-age=31536000; includeSubDomains
      transfer-encoding:
      - chunked
      vary:
      - Accept-Encoding
      x-content-type-options:
      - nosniff
      x-powered-by:
      - ASP.NET
    status:
      code: 200
      message: OK
- request:
    body: null
    headers:
      Accept:
      - '*/*'
      Accept-Encoding:
      - gzip, deflate
      CommandName:
      - netappfiles account create
      Connection:
      - keep-alive
      ParameterSetName:
      - -g -a -l --tags
      User-Agent:
      - AZURECLI/2.34.1 azsdk-python-mgmt-netapp/7.0.0 Python/3.8.10 (macOS-12.2-x86_64-i386-64bit)
    method: GET
    uri: https://management.azure.com/subscriptions/00000000-0000-0000-0000-000000000000/resourceGroups/cli_netappfiles_test_account_000001/providers/Microsoft.NetApp/netAppAccounts/cli-acc-000002?api-version=2021-10-01
  response:
    body:
      string: '{"id":"/subscriptions/00000000-0000-0000-0000-000000000000/resourceGroups/cli_netappfiles_test_account_000001/providers/Microsoft.NetApp/netAppAccounts/cli-acc-000002","name":"cli-acc-000002","type":"Microsoft.NetApp/netAppAccounts","etag":"W/\"datetime''2022-03-18T13%3A56%3A02.0774964Z''\"","location":"southcentralusstage","tags":{"Tag1":"Value1","CreatedOnDate":"2022-03-18T13:55:57.1935272Z"},"properties":{"activeDirectories":[{"activeDirectoryId":"e84ad595-1e53-acd8-dc3e-d280c8fcad7e","username":"ad_user","password":"****************","domain":"southcentralusstage","dns":"1.2.3.4","status":"Created","smbServerName":"SMBSERVER","organizationalUnit":"CN=Computers","kdcIP":"172.16.254.1","adName":"cli-ad-name","aesEncryption":false,"ldapSigning":true,"ldapOverTLS":false,"allowLocalNFSUsersWithLdap":true,"encryptDCConnections":false,"ldapSearchScope":{"userDN":"user-dn"}}],"encryption":{"keySource":"Microsoft.NetApp"},"provisioningState":"Succeeded"}}'
    headers:
      cache-control:
      - no-cache
      content-length:
      - '938'
      content-type:
      - application/json; charset=utf-8
      date:
      - Fri, 18 Mar 2022 13:56:33 GMT
      etag:
      - W/"datetime'2022-03-18T13%3A56%3A02.0774964Z'"
      expires:
      - '-1'
      pragma:
      - no-cache
      server:
      - Microsoft-IIS/10.0
      strict-transport-security:
      - max-age=31536000; includeSubDomains
      transfer-encoding:
      - chunked
      vary:
      - Accept-Encoding
      x-content-type-options:
      - nosniff
      x-powered-by:
      - ASP.NET
    status:
      code: 200
      message: OK
- request:
    body: null
    headers:
      Accept:
      - application/json
      Accept-Encoding:
      - gzip, deflate
      CommandName:
      - netappfiles account ad add
      Connection:
      - keep-alive
      ParameterSetName:
      - -g -n --username --password --smb-server-name --dns --domain --ad-name --kdc-ip
        --ldap-signing --allow-local-ldap-users
      User-Agent:
      - AZURECLI/2.34.1 azsdk-python-mgmt-netapp/7.0.0 Python/3.8.10 (macOS-12.2-x86_64-i386-64bit)
    method: GET
    uri: https://management.azure.com/subscriptions/00000000-0000-0000-0000-000000000000/resourceGroups/cli_netappfiles_test_account_000001/providers/Microsoft.NetApp/netAppAccounts/cli-acc-000002?api-version=2021-10-01
  response:
    body:
      string: '{"id":"/subscriptions/00000000-0000-0000-0000-000000000000/resourceGroups/cli_netappfiles_test_account_000001/providers/Microsoft.NetApp/netAppAccounts/cli-acc-000002","name":"cli-acc-000002","type":"Microsoft.NetApp/netAppAccounts","etag":"W/\"datetime''2022-03-18T13%3A56%3A02.0774964Z''\"","location":"southcentralusstage","tags":{"Tag1":"Value1","CreatedOnDate":"2022-03-18T13:55:57.1935272Z"},"properties":{"activeDirectories":[{"activeDirectoryId":"e84ad595-1e53-acd8-dc3e-d280c8fcad7e","username":"ad_user","password":"****************","domain":"southcentralusstage","dns":"1.2.3.4","status":"Created","smbServerName":"SMBSERVER","organizationalUnit":"CN=Computers","kdcIP":"172.16.254.1","adName":"cli-ad-name","aesEncryption":false,"ldapSigning":true,"ldapOverTLS":false,"allowLocalNFSUsersWithLdap":true,"encryptDCConnections":false,"ldapSearchScope":{"userDN":"user-dn"}}],"encryption":{"keySource":"Microsoft.NetApp"},"provisioningState":"Succeeded"}}'
    headers:
      cache-control:
      - no-cache
      content-length:
      - '938'
      content-type:
      - application/json; charset=utf-8
      date:
      - Fri, 18 Mar 2022 13:56:34 GMT
      etag:
      - W/"datetime'2022-03-18T13%3A56%3A02.0774964Z'"
      expires:
      - '-1'
      pragma:
      - no-cache
      server:
      - Microsoft-IIS/10.0
      strict-transport-security:
      - max-age=31536000; includeSubDomains
      transfer-encoding:
      - chunked
      vary:
      - Accept-Encoding
      x-content-type-options:
      - nosniff
      x-powered-by:
      - ASP.NET
    status:
      code: 200
      message: OK
- request:
    body: '{"properties": {"activeDirectories": [{"username": "ad_user", "password":
      "ad_user", "domain": "southcentralusstage", "dns": "1.2.3.4", "smbServerName": "SMBSERVER",
      "kdcIP": "172.16.254.1", "adName": "cli-ad-name", "ldapSigning": true, "allowLocalNfsUsersWithLdap":
      true, "ldapSearchScope": {}}]}}'
    headers:
      Accept:
      - application/json
      Accept-Encoding:
      - gzip, deflate
      CommandName:
      - netappfiles account ad add
      Connection:
      - keep-alive
      Content-Length:
      - '286'
      Content-Type:
      - application/json
      ParameterSetName:
      - -g -n --username --password --smb-server-name --dns --domain --ad-name --kdc-ip
        --ldap-signing --allow-local-ldap-users
      User-Agent:
      - AZURECLI/2.34.1 azsdk-python-mgmt-netapp/7.0.0 Python/3.8.10 (macOS-12.2-x86_64-i386-64bit)
    method: PATCH
    uri: https://management.azure.com/subscriptions/00000000-0000-0000-0000-000000000000/resourceGroups/cli_netappfiles_test_account_000001/providers/Microsoft.NetApp/netAppAccounts/cli-acc-000002?api-version=2021-10-01
  response:
    body:
      string: '{"id":"/subscriptions/00000000-0000-0000-0000-000000000000/resourceGroups/cli_netappfiles_test_account_000001/providers/Microsoft.NetApp/netAppAccounts/cli-acc-000002","name":"cli-acc-000002","type":"Microsoft.NetApp/netAppAccounts","etag":"W/\"datetime''2022-03-18T13%3A56%3A36.2793258Z''\"","location":"southcentralusstage","tags":{"Tag1":"Value1","CreatedOnDate":"2022-03-18T13:55:57.1935272Z"},"properties":{"provisioningState":"Patching","activeDirectories":[{"activeDirectoryId":"e84ad595-1e53-acd8-dc3e-d280c8fcad7e","username":"ad_user","password":"****************","domain":"southcentralusstage","dns":"1.2.3.4","status":"Created","smbServerName":"SMBSERVER","organizationalUnit":"CN=Computers","kdcIP":"172.16.254.1","adName":"cli-ad-name","aesEncryption":false,"ldapSigning":true,"ldapOverTLS":false,"allowLocalNFSUsersWithLdap":true,"encryptDCConnections":false,"ldapSearchScope":{"userDN":"user-dn"}}],"encryption":{"keySource":"Microsoft.NetApp"}}}'
    headers:
      azure-asyncoperation:
      - https://management.azure.com/subscriptions/00000000-0000-0000-0000-000000000000/providers/Microsoft.NetApp/locations/southcentralusstage/operationResults/8b9dc973-181b-473a-8ede-e6edfac3a29d?api-version=2021-10-01
      cache-control:
      - no-cache
      content-length:
      - '937'
      content-type:
      - application/json; charset=utf-8
      date:
      - Fri, 18 Mar 2022 13:56:35 GMT
      etag:
      - W/"datetime'2022-03-18T13%3A56%3A36.2793258Z'"
      expires:
      - '-1'
      location:
      - https://management.azure.com/subscriptions/00000000-0000-0000-0000-000000000000/providers/Microsoft.NetApp/locations/southcentralusstage/operationResults/8b9dc973-181b-473a-8ede-e6edfac3a29d?api-version=2021-10-01&operationResultResponseType=Location
      pragma:
      - no-cache
      server:
      - Microsoft-IIS/10.0
      strict-transport-security:
      - max-age=31536000; includeSubDomains
      x-content-type-options:
      - nosniff
      x-ms-ratelimit-remaining-subscription-writes:
      - '1198'
      x-powered-by:
      - ASP.NET
    status:
      code: 202
      message: Accepted
- request:
    body: null
    headers:
      Accept:
      - '*/*'
      Accept-Encoding:
      - gzip, deflate
      CommandName:
      - netappfiles account ad add
      Connection:
      - keep-alive
      ParameterSetName:
      - -g -n --username --password --smb-server-name --dns --domain --ad-name --kdc-ip
        --ldap-signing --allow-local-ldap-users
      User-Agent:
      - AZURECLI/2.34.1 azsdk-python-mgmt-netapp/7.0.0 Python/3.8.10 (macOS-12.2-x86_64-i386-64bit)
    method: GET
    uri: https://management.azure.com/subscriptions/00000000-0000-0000-0000-000000000000/providers/Microsoft.NetApp/locations/southcentralusstage/operationResults/8b9dc973-181b-473a-8ede-e6edfac3a29d?api-version=2021-10-01
  response:
    body:
      string: '{"id":"/subscriptions/00000000-0000-0000-0000-000000000000/providers/Microsoft.NetApp/locations/southcentralusstage/operationResults/8b9dc973-181b-473a-8ede-e6edfac3a29d","name":"8b9dc973-181b-473a-8ede-e6edfac3a29d","status":"Succeeded","startTime":"2022-03-18T13:56:36.2833106Z","endTime":"2022-03-18T13:56:36.838425Z","percentComplete":100.0,"properties":{"resourceName":"/subscriptions/00000000-0000-0000-0000-000000000000/resourceGroups/cli_netappfiles_test_account_000001/providers/Microsoft.NetApp/netAppAccounts/cli-acc-000002"}}'
    headers:
      cache-control:
      - no-cache
      content-length:
      - '525'
      content-type:
      - application/json; charset=utf-8
      date:
      - Fri, 18 Mar 2022 13:57:06 GMT
      expires:
      - '-1'
      pragma:
      - no-cache
      server:
      - Microsoft-IIS/10.0
      strict-transport-security:
      - max-age=31536000; includeSubDomains
      transfer-encoding:
      - chunked
      vary:
      - Accept-Encoding
      x-content-type-options:
      - nosniff
      x-powered-by:
      - ASP.NET
    status:
      code: 200
      message: OK
- request:
    body: null
    headers:
      Accept:
      - '*/*'
      Accept-Encoding:
      - gzip, deflate
      CommandName:
      - netappfiles account ad add
      Connection:
      - keep-alive
      ParameterSetName:
      - -g -n --username --password --smb-server-name --dns --domain --ad-name --kdc-ip
        --ldap-signing --allow-local-ldap-users
      User-Agent:
      - AZURECLI/2.34.1 azsdk-python-mgmt-netapp/7.0.0 Python/3.8.10 (macOS-12.2-x86_64-i386-64bit)
    method: GET
    uri: https://management.azure.com/subscriptions/00000000-0000-0000-0000-000000000000/resourceGroups/cli_netappfiles_test_account_000001/providers/Microsoft.NetApp/netAppAccounts/cli-acc-000002?api-version=2021-10-01
  response:
    body:
      string: '{"id":"/subscriptions/00000000-0000-0000-0000-000000000000/resourceGroups/cli_netappfiles_test_account_000001/providers/Microsoft.NetApp/netAppAccounts/cli-acc-000002","name":"cli-acc-000002","type":"Microsoft.NetApp/netAppAccounts","etag":"W/\"datetime''2022-03-18T13%3A56%3A36.8348872Z''\"","location":"southcentralusstage","tags":{"Tag1":"Value1","CreatedOnDate":"2022-03-18T13:55:57.1935272Z"},"properties":{"provisioningState":"Succeeded","activeDirectories":[{"activeDirectoryId":"e84ad595-1e53-acd8-dc3e-d280c8fcad7e","username":"ad_user","password":"****************","domain":"southcentralusstage","dns":"1.2.3.4","status":"Created","smbServerName":"SMBSERVER","organizationalUnit":"CN=Computers","kdcIP":"172.16.254.1","adName":"cli-ad-name","aesEncryption":false,"ldapSigning":true,"ldapOverTLS":false,"allowLocalNFSUsersWithLdap":true,"encryptDCConnections":false,"ldapSearchScope":{"userDN":"user-dn"}}],"encryption":{"keySource":"Microsoft.NetApp"}}}'
    headers:
      cache-control:
      - no-cache
      content-length:
      - '938'
      content-type:
      - application/json; charset=utf-8
      date:
      - Fri, 18 Mar 2022 13:57:06 GMT
      etag:
      - W/"datetime'2022-03-18T13%3A56%3A36.8348872Z'"
      expires:
      - '-1'
      pragma:
      - no-cache
      server:
      - Microsoft-IIS/10.0
      strict-transport-security:
      - max-age=31536000; includeSubDomains
      transfer-encoding:
      - chunked
      vary:
      - Accept-Encoding
      x-content-type-options:
      - nosniff
      x-powered-by:
      - ASP.NET
    status:
      code: 200
      message: OK
- request:
    body: null
    headers:
      Accept:
      - application/json
      Accept-Encoding:
      - gzip, deflate
      CommandName:
      - netappfiles account ad list
      Connection:
      - keep-alive
      ParameterSetName:
      - -g -n
      User-Agent:
      - AZURECLI/2.34.1 azsdk-python-mgmt-netapp/7.0.0 Python/3.8.10 (macOS-12.2-x86_64-i386-64bit)
    method: GET
    uri: https://management.azure.com/subscriptions/00000000-0000-0000-0000-000000000000/resourceGroups/cli_netappfiles_test_account_000001/providers/Microsoft.NetApp/netAppAccounts/cli-acc-000002?api-version=2021-10-01
  response:
    body:
      string: '{"id":"/subscriptions/00000000-0000-0000-0000-000000000000/resourceGroups/cli_netappfiles_test_account_000001/providers/Microsoft.NetApp/netAppAccounts/cli-acc-000002","name":"cli-acc-000002","type":"Microsoft.NetApp/netAppAccounts","etag":"W/\"datetime''2022-03-18T13%3A56%3A36.8348872Z''\"","location":"southcentralusstage","tags":{"Tag1":"Value1","CreatedOnDate":"2022-03-18T13:55:57.1935272Z"},"properties":{"provisioningState":"Succeeded","activeDirectories":[{"activeDirectoryId":"e84ad595-1e53-acd8-dc3e-d280c8fcad7e","username":"ad_user","password":"****************","domain":"southcentralusstage","dns":"1.2.3.4","status":"Created","smbServerName":"SMBSERVER","organizationalUnit":"CN=Computers","kdcIP":"172.16.254.1","adName":"cli-ad-name","aesEncryption":false,"ldapSigning":true,"ldapOverTLS":false,"allowLocalNFSUsersWithLdap":true,"encryptDCConnections":false,"ldapSearchScope":{"userDN":"user-dn"}}],"encryption":{"keySource":"Microsoft.NetApp"}}}'
    headers:
      cache-control:
      - no-cache
      content-length:
      - '938'
      content-type:
      - application/json; charset=utf-8
      date:
      - Fri, 18 Mar 2022 13:57:07 GMT
      etag:
      - W/"datetime'2022-03-18T13%3A56%3A36.8348872Z'"
      expires:
      - '-1'
      pragma:
      - no-cache
      server:
      - Microsoft-IIS/10.0
      strict-transport-security:
      - max-age=31536000; includeSubDomains
      transfer-encoding:
      - chunked
      vary:
      - Accept-Encoding
      x-content-type-options:
      - nosniff
      x-powered-by:
      - ASP.NET
    status:
      code: 200
      message: OK
- request:
    body: null
    headers:
      Accept:
      - application/json
      Accept-Encoding:
      - gzip, deflate
      CommandName:
      - netappfiles account ad update
      Connection:
      - keep-alive
      ParameterSetName:
      - -g -n --active-directory-id --password --username --smb-server-name --dns
        --domain --ad-name --kdc-ip --ldap-signing --allow-local-ldap-users
      User-Agent:
      - AZURECLI/2.34.1 azsdk-python-mgmt-netapp/7.0.0 Python/3.8.10 (macOS-12.2-x86_64-i386-64bit)
    method: GET
    uri: https://management.azure.com/subscriptions/00000000-0000-0000-0000-000000000000/resourceGroups/cli_netappfiles_test_account_000001/providers/Microsoft.NetApp/netAppAccounts/cli-acc-000002?api-version=2021-10-01
  response:
    body:
      string: '{"id":"/subscriptions/00000000-0000-0000-0000-000000000000/resourceGroups/cli_netappfiles_test_account_000001/providers/Microsoft.NetApp/netAppAccounts/cli-acc-000002","name":"cli-acc-000002","type":"Microsoft.NetApp/netAppAccounts","etag":"W/\"datetime''2022-03-18T13%3A56%3A36.8348872Z''\"","location":"southcentralusstage","tags":{"Tag1":"Value1","CreatedOnDate":"2022-03-18T13:55:57.1935272Z"},"properties":{"provisioningState":"Succeeded","activeDirectories":[{"activeDirectoryId":"e84ad595-1e53-acd8-dc3e-d280c8fcad7e","username":"ad_user","password":"****************","domain":"southcentralusstage","dns":"1.2.3.4","status":"Created","smbServerName":"SMBSERVER","organizationalUnit":"CN=Computers","kdcIP":"172.16.254.1","adName":"cli-ad-name","aesEncryption":false,"ldapSigning":true,"ldapOverTLS":false,"allowLocalNFSUsersWithLdap":true,"encryptDCConnections":false,"ldapSearchScope":{"userDN":"user-dn"}}],"encryption":{"keySource":"Microsoft.NetApp"}}}'
    headers:
      cache-control:
      - no-cache
      content-length:
      - '938'
      content-type:
      - application/json; charset=utf-8
      date:
      - Fri, 18 Mar 2022 13:57:08 GMT
      etag:
      - W/"datetime'2022-03-18T13%3A56%3A36.8348872Z'"
      expires:
      - '-1'
      pragma:
      - no-cache
      server:
      - Microsoft-IIS/10.0
      strict-transport-security:
      - max-age=31536000; includeSubDomains
      transfer-encoding:
      - chunked
      vary:
      - Accept-Encoding
      x-content-type-options:
      - nosniff
      x-powered-by:
      - ASP.NET
    status:
      code: 200
      message: OK
- request:
    body: '{"properties": {"activeDirectories": [{"activeDirectoryId": "e84ad595-1e53-acd8-dc3e-d280c8fcad7e",
      "username": "ad_user", "password": "ad_user", "domain": "southcentralusstage", "dns": "1.2.3.5",
      "smbServerName": "SMBSERVER", "kdcIP": "172.16.254.1", "adName": "cli-ad-name",
      "ldapSigning": true, "allowLocalNfsUsersWithLdap": true, "ldapSearchScope":
      {}}]}}'
    headers:
      Accept:
      - application/json
      Accept-Encoding:
      - gzip, deflate
      CommandName:
      - netappfiles account ad update
      Connection:
      - keep-alive
      Content-Length:
      - '347'
      Content-Type:
      - application/json
      ParameterSetName:
      - -g -n --active-directory-id --password --username --smb-server-name --dns
        --domain --ad-name --kdc-ip --ldap-signing --allow-local-ldap-users
      User-Agent:
      - AZURECLI/2.34.1 azsdk-python-mgmt-netapp/7.0.0 Python/3.8.10 (macOS-12.2-x86_64-i386-64bit)
    method: PATCH
    uri: https://management.azure.com/subscriptions/00000000-0000-0000-0000-000000000000/resourceGroups/cli_netappfiles_test_account_000001/providers/Microsoft.NetApp/netAppAccounts/cli-acc-000002?api-version=2021-10-01
  response:
    body:
      string: '{"id":"/subscriptions/00000000-0000-0000-0000-000000000000/resourceGroups/cli_netappfiles_test_account_000001/providers/Microsoft.NetApp/netAppAccounts/cli-acc-000002","name":"cli-acc-000002","type":"Microsoft.NetApp/netAppAccounts","etag":"W/\"datetime''2022-03-18T13%3A57%3A10.2441876Z''\"","location":"southcentralusstage","tags":{"Tag1":"Value1","CreatedOnDate":"2022-03-18T13:55:57.1935272Z"},"properties":{"provisioningState":"Patching","activeDirectories":[{"activeDirectoryId":"e84ad595-1e53-acd8-dc3e-d280c8fcad7e","username":"ad_user","password":"****************","domain":"southcentralusstage","dns":"1.2.3.4","status":"Created","smbServerName":"SMBSERVER","organizationalUnit":"CN=Computers","kdcIP":"172.16.254.1","adName":"cli-ad-name","aesEncryption":false,"ldapSigning":true,"ldapOverTLS":false,"allowLocalNFSUsersWithLdap":true,"encryptDCConnections":false,"ldapSearchScope":{"userDN":"user-dn"}}],"encryption":{"keySource":"Microsoft.NetApp"}}}'
    headers:
      azure-asyncoperation:
      - https://management.azure.com/subscriptions/00000000-0000-0000-0000-000000000000/providers/Microsoft.NetApp/locations/southcentralusstage/operationResults/2d6e9580-34b5-4602-ac76-a4bea67f96e4?api-version=2021-10-01
      cache-control:
      - no-cache
      content-length:
      - '937'
      content-type:
      - application/json; charset=utf-8
      date:
      - Fri, 18 Mar 2022 13:57:09 GMT
      etag:
      - W/"datetime'2022-03-18T13%3A57%3A10.2441876Z'"
      expires:
      - '-1'
      location:
      - https://management.azure.com/subscriptions/00000000-0000-0000-0000-000000000000/providers/Microsoft.NetApp/locations/southcentralusstage/operationResults/2d6e9580-34b5-4602-ac76-a4bea67f96e4?api-version=2021-10-01&operationResultResponseType=Location
      pragma:
      - no-cache
      server:
      - Microsoft-IIS/10.0
      strict-transport-security:
      - max-age=31536000; includeSubDomains
      x-content-type-options:
      - nosniff
      x-ms-ratelimit-remaining-subscription-writes:
      - '1199'
      x-powered-by:
      - ASP.NET
    status:
      code: 202
      message: Accepted
- request:
    body: null
    headers:
      Accept:
      - '*/*'
      Accept-Encoding:
      - gzip, deflate
      CommandName:
      - netappfiles account ad update
      Connection:
      - keep-alive
      ParameterSetName:
      - -g -n --active-directory-id --password --username --smb-server-name --dns
        --domain --ad-name --kdc-ip --ldap-signing --allow-local-ldap-users
      User-Agent:
      - AZURECLI/2.34.1 azsdk-python-mgmt-netapp/7.0.0 Python/3.8.10 (macOS-12.2-x86_64-i386-64bit)
    method: GET
    uri: https://management.azure.com/subscriptions/00000000-0000-0000-0000-000000000000/providers/Microsoft.NetApp/locations/southcentralusstage/operationResults/2d6e9580-34b5-4602-ac76-a4bea67f96e4?api-version=2021-10-01
  response:
    body:
      string: '{"id":"/subscriptions/00000000-0000-0000-0000-000000000000/providers/Microsoft.NetApp/locations/southcentralusstage/operationResults/2d6e9580-34b5-4602-ac76-a4bea67f96e4","name":"2d6e9580-34b5-4602-ac76-a4bea67f96e4","status":"Succeeded","startTime":"2022-03-18T13:57:10.2511049Z","endTime":"2022-03-18T13:57:11.0569148Z","percentComplete":100.0,"properties":{"resourceName":"/subscriptions/00000000-0000-0000-0000-000000000000/resourceGroups/cli_netappfiles_test_account_000001/providers/Microsoft.NetApp/netAppAccounts/cli-acc-000002"}}'
    headers:
      cache-control:
      - no-cache
      content-length:
      - '526'
      content-type:
      - application/json; charset=utf-8
      date:
      - Fri, 18 Mar 2022 13:57:39 GMT
      expires:
      - '-1'
      pragma:
      - no-cache
      server:
      - Microsoft-IIS/10.0
      strict-transport-security:
      - max-age=31536000; includeSubDomains
      x-content-type-options:
      - nosniff
      x-powered-by:
      - ASP.NET
    status:
      code: 200
      message: OK
- request:
    body: null
    headers:
      Accept:
      - '*/*'
      Accept-Encoding:
      - gzip, deflate
      CommandName:
      - netappfiles account ad update
      Connection:
      - keep-alive
      ParameterSetName:
      - -g -n --active-directory-id --password --username --smb-server-name --dns
        --domain --ad-name --kdc-ip --ldap-signing --allow-local-ldap-users
      User-Agent:
      - AZURECLI/2.34.1 azsdk-python-mgmt-netapp/7.0.0 Python/3.8.10 (macOS-12.2-x86_64-i386-64bit)
    method: GET
    uri: https://management.azure.com/subscriptions/00000000-0000-0000-0000-000000000000/resourceGroups/cli_netappfiles_test_account_000001/providers/Microsoft.NetApp/netAppAccounts/cli-acc-000002?api-version=2021-10-01
  response:
    body:
      string: '{"id":"/subscriptions/00000000-0000-0000-0000-000000000000/resourceGroups/cli_netappfiles_test_account_000001/providers/Microsoft.NetApp/netAppAccounts/cli-acc-000002","name":"cli-acc-000002","type":"Microsoft.NetApp/netAppAccounts","etag":"W/\"datetime''2022-03-18T13%3A57%3A11.0516426Z''\"","location":"southcentralusstage","tags":{"Tag1":"Value1","CreatedOnDate":"2022-03-18T13:55:57.1935272Z"},"properties":{"provisioningState":"Succeeded","activeDirectories":[{"activeDirectoryId":"e84ad595-1e53-acd8-dc3e-d280c8fcad7e","username":"ad_user","password":"****************","domain":"southcentralusstage","dns":"1.2.3.5","status":"Created","smbServerName":"SMBSERVER","organizationalUnit":"CN=Computers","kdcIP":"172.16.254.1","adName":"cli-ad-name","aesEncryption":false,"ldapSigning":true,"ldapOverTLS":false,"allowLocalNFSUsersWithLdap":true,"encryptDCConnections":false,"ldapSearchScope":{"userDN":"user-dn"}}],"encryption":{"keySource":"Microsoft.NetApp"}}}'
    headers:
      cache-control:
      - no-cache
      content-length:
      - '938'
      content-type:
      - application/json; charset=utf-8
      date:
      - Fri, 18 Mar 2022 13:57:40 GMT
      etag:
      - W/"datetime'2022-03-18T13%3A57%3A11.0516426Z'"
      expires:
      - '-1'
      pragma:
      - no-cache
      server:
      - Microsoft-IIS/10.0
      strict-transport-security:
      - max-age=31536000; includeSubDomains
      x-content-type-options:
      - nosniff
      x-powered-by:
      - ASP.NET
    status:
      code: 200
      message: OK
- request:
    body: null
    headers:
      Accept:
      - application/json
      Accept-Encoding:
      - gzip, deflate
      CommandName:
      - netappfiles account ad remove
      Connection:
      - keep-alive
      ParameterSetName:
      - -g -n --active-directory
      User-Agent:
      - AZURECLI/2.34.1 azsdk-python-mgmt-netapp/7.0.0 Python/3.8.10 (macOS-12.2-x86_64-i386-64bit)
    method: GET
    uri: https://management.azure.com/subscriptions/00000000-0000-0000-0000-000000000000/resourceGroups/cli_netappfiles_test_account_000001/providers/Microsoft.NetApp/netAppAccounts/cli-acc-000002?api-version=2021-10-01
  response:
    body:
      string: '{"id":"/subscriptions/00000000-0000-0000-0000-000000000000/resourceGroups/cli_netappfiles_test_account_000001/providers/Microsoft.NetApp/netAppAccounts/cli-acc-000002","name":"cli-acc-000002","type":"Microsoft.NetApp/netAppAccounts","etag":"W/\"datetime''2022-03-18T13%3A57%3A11.0516426Z''\"","location":"southcentralusstage","tags":{"Tag1":"Value1","CreatedOnDate":"2022-03-18T13:55:57.1935272Z"},"properties":{"provisioningState":"Succeeded","activeDirectories":[{"activeDirectoryId":"e84ad595-1e53-acd8-dc3e-d280c8fcad7e","username":"ad_user","password":"****************","domain":"southcentralusstage","dns":"1.2.3.5","status":"Created","smbServerName":"SMBSERVER","organizationalUnit":"CN=Computers","kdcIP":"172.16.254.1","adName":"cli-ad-name","aesEncryption":false,"ldapSigning":true,"ldapOverTLS":false,"allowLocalNFSUsersWithLdap":true,"encryptDCConnections":false,"ldapSearchScope":{"userDN":"user-dn"}}],"encryption":{"keySource":"Microsoft.NetApp"}}}'
    headers:
      cache-control:
      - no-cache
      content-length:
      - '938'
      content-type:
      - application/json; charset=utf-8
      date:
      - Fri, 18 Mar 2022 13:57:41 GMT
      etag:
      - W/"datetime'2022-03-18T13%3A57%3A11.0516426Z'"
      expires:
      - '-1'
      pragma:
      - no-cache
      server:
      - Microsoft-IIS/10.0
      strict-transport-security:
      - max-age=31536000; includeSubDomains
      transfer-encoding:
      - chunked
      vary:
      - Accept-Encoding
      x-content-type-options:
      - nosniff
      x-powered-by:
      - ASP.NET
    status:
      code: 200
      message: OK
- request:
    body: '{"location": "southcentralusstage", "tags": {"Tag1": "Value1", "CreatedOnDate": "2022-03-18T13:55:57.1935272Z"},
      "properties": {"activeDirectories": []}}'
    headers:
      Accept:
      - application/json
      Accept-Encoding:
      - gzip, deflate
      CommandName:
      - netappfiles account ad remove
      Connection:
      - keep-alive
      Content-Length:
      - '141'
      Content-Type:
      - application/json
      ParameterSetName:
      - -g -n --active-directory
      User-Agent:
      - AZURECLI/2.34.1 azsdk-python-mgmt-netapp/7.0.0 Python/3.8.10 (macOS-12.2-x86_64-i386-64bit)
    method: PUT
    uri: https://management.azure.com/subscriptions/00000000-0000-0000-0000-000000000000/resourceGroups/cli_netappfiles_test_account_000001/providers/Microsoft.NetApp/netAppAccounts/cli-acc-000002?api-version=2021-10-01
  response:
    body:
      string: '{"id":"/subscriptions/00000000-0000-0000-0000-000000000000/resourceGroups/cli_netappfiles_test_account_000001/providers/Microsoft.NetApp/netAppAccounts/cli-acc-000002","name":"cli-acc-000002","type":"Microsoft.NetApp/netAppAccounts","etag":"W/\"datetime''2022-03-18T13%3A57%3A42.8529978Z''\"","location":"southcentralusstage","tags":{"Tag1":"Value1","CreatedOnDate":"2022-03-18T13:55:57.1935272Z"},"properties":{"provisioningState":"Updating","activeDirectories":[{"activeDirectoryId":"e84ad595-1e53-acd8-dc3e-d280c8fcad7e","username":"ad_user","password":"****************","domain":"southcentralusstage","dns":"1.2.3.5","status":"Created","smbServerName":"SMBSERVER","organizationalUnit":"CN=Computers","kdcIP":"172.16.254.1","adName":"cli-ad-name","aesEncryption":false,"ldapSigning":true,"ldapOverTLS":false,"allowLocalNFSUsersWithLdap":true,"encryptDCConnections":false,"ldapSearchScope":{"userDN":"user-dn"}}],"encryption":{"keySource":"Microsoft.NetApp"}}}'
    headers:
      azure-asyncoperation:
      - https://management.azure.com/subscriptions/00000000-0000-0000-0000-000000000000/providers/Microsoft.NetApp/locations/southcentralusstage/operationResults/a341fc21-95c9-4fc0-9ed0-1f878c2fa423?api-version=2021-10-01
      cache-control:
      - no-cache
      content-length:
      - '937'
      content-type:
      - application/json; charset=utf-8
      date:
      - Fri, 18 Mar 2022 13:57:42 GMT
      etag:
      - W/"datetime'2022-03-18T13%3A57%3A42.8529978Z'"
      expires:
      - '-1'
      pragma:
      - no-cache
      server:
      - Microsoft-IIS/10.0
      strict-transport-security:
      - max-age=31536000; includeSubDomains
      transfer-encoding:
      - chunked
      vary:
      - Accept-Encoding
      x-content-type-options:
      - nosniff
      x-ms-ratelimit-remaining-subscription-writes:
      - '1199'
      x-powered-by:
      - ASP.NET
    status:
      code: 200
      message: OK
- request:
    body: null
    headers:
      Accept:
      - '*/*'
      Accept-Encoding:
      - gzip, deflate
      CommandName:
      - netappfiles account ad remove
      Connection:
      - keep-alive
      ParameterSetName:
      - -g -n --active-directory
      User-Agent:
      - AZURECLI/2.34.1 azsdk-python-mgmt-netapp/7.0.0 Python/3.8.10 (macOS-12.2-x86_64-i386-64bit)
    method: GET
    uri: https://management.azure.com/subscriptions/00000000-0000-0000-0000-000000000000/providers/Microsoft.NetApp/locations/southcentralusstage/operationResults/a341fc21-95c9-4fc0-9ed0-1f878c2fa423?api-version=2021-10-01
  response:
    body:
      string: '{"id":"/subscriptions/00000000-0000-0000-0000-000000000000/providers/Microsoft.NetApp/locations/southcentralusstage/operationResults/a341fc21-95c9-4fc0-9ed0-1f878c2fa423","name":"a341fc21-95c9-4fc0-9ed0-1f878c2fa423","status":"Succeeded","startTime":"2022-03-18T13:57:42.8569671Z","endTime":"2022-03-18T13:57:43.3514985Z","percentComplete":100.0,"properties":{"resourceName":"/subscriptions/00000000-0000-0000-0000-000000000000/resourceGroups/cli_netappfiles_test_account_000001/providers/Microsoft.NetApp/netAppAccounts/cli-acc-000002"}}'
    headers:
      cache-control:
      - no-cache
      content-length:
      - '526'
      content-type:
      - application/json; charset=utf-8
      date:
      - Fri, 18 Mar 2022 13:58:12 GMT
      expires:
      - '-1'
      pragma:
      - no-cache
      server:
      - Microsoft-IIS/10.0
      strict-transport-security:
      - max-age=31536000; includeSubDomains
      transfer-encoding:
      - chunked
      vary:
      - Accept-Encoding
      x-content-type-options:
      - nosniff
      x-powered-by:
      - ASP.NET
    status:
      code: 200
      message: OK
- request:
    body: null
    headers:
      Accept:
      - '*/*'
      Accept-Encoding:
      - gzip, deflate
      CommandName:
      - netappfiles account ad remove
      Connection:
      - keep-alive
      ParameterSetName:
      - -g -n --active-directory
      User-Agent:
      - AZURECLI/2.34.1 azsdk-python-mgmt-netapp/7.0.0 Python/3.8.10 (macOS-12.2-x86_64-i386-64bit)
    method: GET
    uri: https://management.azure.com/subscriptions/00000000-0000-0000-0000-000000000000/resourceGroups/cli_netappfiles_test_account_000001/providers/Microsoft.NetApp/netAppAccounts/cli-acc-000002?api-version=2021-10-01
  response:
    body:
      string: '{"id":"/subscriptions/00000000-0000-0000-0000-000000000000/resourceGroups/cli_netappfiles_test_account_000001/providers/Microsoft.NetApp/netAppAccounts/cli-acc-000002","name":"cli-acc-000002","type":"Microsoft.NetApp/netAppAccounts","etag":"W/\"datetime''2022-03-18T13%3A57%3A43.345834Z''\"","location":"southcentralusstage","tags":{"Tag1":"Value1","CreatedOnDate":"2022-03-18T13:55:57.1935272Z"},"properties":{"provisioningState":"Succeeded","encryption":{"keySource":"Microsoft.NetApp"}}}'
    headers:
      cache-control:
      - no-cache
      content-length:
      - '476'
      content-type:
      - application/json; charset=utf-8
      date:
      - Fri, 18 Mar 2022 13:58:12 GMT
      etag:
      - W/"datetime'2022-03-18T13%3A57%3A43.345834Z'"
      expires:
      - '-1'
      pragma:
      - no-cache
      server:
      - Microsoft-IIS/10.0
      strict-transport-security:
      - max-age=31536000; includeSubDomains
      transfer-encoding:
      - chunked
      vary:
      - Accept-Encoding
      x-content-type-options:
      - nosniff
      x-powered-by:
      - ASP.NET
    status:
      code: 200
      message: OK
- request:
    body: null
    headers:
      Accept:
      - application/json
      Accept-Encoding:
      - gzip, deflate
      CommandName:
      - netappfiles account show
      Connection:
      - keep-alive
      ParameterSetName:
      - -g -n
      User-Agent:
      - AZURECLI/2.34.1 azsdk-python-mgmt-netapp/7.0.0 Python/3.8.10 (macOS-12.2-x86_64-i386-64bit)
    method: GET
    uri: https://management.azure.com/subscriptions/00000000-0000-0000-0000-000000000000/resourceGroups/cli_netappfiles_test_account_000001/providers/Microsoft.NetApp/netAppAccounts/cli-acc-000002?api-version=2021-10-01
  response:
    body:
      string: '{"id":"/subscriptions/00000000-0000-0000-0000-000000000000/resourceGroups/cli_netappfiles_test_account_000001/providers/Microsoft.NetApp/netAppAccounts/cli-acc-000002","name":"cli-acc-000002","type":"Microsoft.NetApp/netAppAccounts","etag":"W/\"datetime''2022-03-18T13%3A57%3A43.345834Z''\"","location":"southcentralusstage","tags":{"Tag1":"Value1","CreatedOnDate":"2022-03-18T13:55:57.1935272Z"},"properties":{"provisioningState":"Succeeded","encryption":{"keySource":"Microsoft.NetApp"}}}'
    headers:
      cache-control:
      - no-cache
      content-length:
      - '476'
      content-type:
      - application/json; charset=utf-8
      date:
      - Fri, 18 Mar 2022 13:58:14 GMT
      etag:
      - W/"datetime'2022-03-18T13%3A57%3A43.345834Z'"
      expires:
      - '-1'
      pragma:
      - no-cache
      server:
      - Microsoft-IIS/10.0
      strict-transport-security:
      - max-age=31536000; includeSubDomains
      transfer-encoding:
      - chunked
      vary:
      - Accept-Encoding
      x-content-type-options:
      - nosniff
      x-powered-by:
      - ASP.NET
    status:
      code: 200
      message: OK
version: 1
