interactions:
- request:
    body: '{"location": "southcentralusstage"}'
    headers:
      Accept:
      - application/json
      Accept-Encoding:
      - gzip, deflate
      CommandName:
      - netappfiles account create
      Connection:
      - keep-alive
      Content-Length:
      - '35'
      Content-Type:
      - application/json
      ParameterSetName:
      - -g -a -l
      User-Agent:
      - AZURECLI/2.25.0 azsdk-python-mgmt-netapp/4.0.0 Python/3.8.10 (macOS-11.3.1-x86_64-i386-64bit)
    method: PUT
    uri: https://management.azure.com/subscriptions/00000000-0000-0000-0000-000000000000/resourceGroups/cli_netappfiles_test_account_000001/providers/Microsoft.NetApp/netAppAccounts/cli-acc-000002?api-version=2021-04-01
  response:
    body:
      string: '{"id":"/subscriptions/00000000-0000-0000-0000-000000000000/resourceGroups/cli_netappfiles_test_account_000001/providers/Microsoft.NetApp/netAppAccounts/cli-acc-000002","name":"cli-acc-000002","type":"Microsoft.NetApp/netAppAccounts","etag":"W/\"datetime''2021-06-21T13%3A55%3A10.0162878Z''\"","location":"southcentralusstage","properties":{"provisioningState":"Creating"}}'
    headers:
      azure-asyncoperation:
      - https://management.azure.com/subscriptions/00000000-0000-0000-0000-000000000000/providers/Microsoft.NetApp/locations/southcentralusstage/operationResults/9f692cfe-6481-4a2e-845c-6e1267336d46?api-version=2021-04-01
      cache-control:
      - no-cache
      content-length:
      - '430'
      content-type:
      - application/json; charset=utf-8
      date:
      - Mon, 21 Jun 2021 13:55:10 GMT
      etag:
      - W/"datetime'2021-06-21T13%3A55%3A10.0162878Z'"
      expires:
      - '-1'
      pragma:
      - no-cache
      server:
      - Microsoft-IIS/10.0
      strict-transport-security:
      - max-age=31536000; includeSubDomains
      x-content-type-options:
      - nosniff
      x-ms-ratelimit-remaining-subscription-writes:
      - '1198'
      x-powered-by:
      - ASP.NET
    status:
      code: 201
      message: Created
- request:
    body: null
    headers:
      Accept:
      - '*/*'
      Accept-Encoding:
      - gzip, deflate
      CommandName:
      - netappfiles account create
      Connection:
      - keep-alive
      ParameterSetName:
      - -g -a -l
      User-Agent:
      - AZURECLI/2.25.0 azsdk-python-mgmt-netapp/4.0.0 Python/3.8.10 (macOS-11.3.1-x86_64-i386-64bit)
    method: GET
    uri: https://management.azure.com/subscriptions/00000000-0000-0000-0000-000000000000/providers/Microsoft.NetApp/locations/southcentralusstage/operationResults/9f692cfe-6481-4a2e-845c-6e1267336d46?api-version=2021-04-01
  response:
    body:
      string: '{"id":"/subscriptions/00000000-0000-0000-0000-000000000000/providers/Microsoft.NetApp/locations/southcentralusstage/operationResults/9f692cfe-6481-4a2e-845c-6e1267336d46","name":"9f692cfe-6481-4a2e-845c-6e1267336d46","status":"Succeeded","startTime":"2021-06-21T13:55:10.0298198Z","endTime":"2021-06-21T13:55:10.0648247Z","percentComplete":100.0,"properties":{"resourceName":"/subscriptions/00000000-0000-0000-0000-000000000000/resourceGroups/cli_netappfiles_test_account_000001/providers/Microsoft.NetApp/netAppAccounts/cli-acc-000002"}}'
    headers:
      cache-control:
      - no-cache
      content-length:
      - '588'
      content-type:
      - application/json; charset=utf-8
      date:
      - Mon, 21 Jun 2021 13:55:41 GMT
      expires:
      - '-1'
      pragma:
      - no-cache
      server:
      - Microsoft-IIS/10.0
      strict-transport-security:
      - max-age=31536000; includeSubDomains
      transfer-encoding:
      - chunked
      vary:
      - Accept-Encoding
      x-content-type-options:
      - nosniff
      x-powered-by:
      - ASP.NET
    status:
      code: 200
      message: OK
- request:
    body: null
    headers:
      Accept:
      - '*/*'
      Accept-Encoding:
      - gzip, deflate
      CommandName:
      - netappfiles account create
      Connection:
      - keep-alive
      ParameterSetName:
      - -g -a -l
      User-Agent:
      - AZURECLI/2.25.0 azsdk-python-mgmt-netapp/4.0.0 Python/3.8.10 (macOS-11.3.1-x86_64-i386-64bit)
    method: GET
    uri: https://management.azure.com/subscriptions/00000000-0000-0000-0000-000000000000/resourceGroups/cli_netappfiles_test_account_000001/providers/Microsoft.NetApp/netAppAccounts/cli-acc-000002?api-version=2021-04-01
  response:
    body:
      string: '{"id":"/subscriptions/00000000-0000-0000-0000-000000000000/resourceGroups/cli_netappfiles_test_account_000001/providers/Microsoft.NetApp/netAppAccounts/cli-acc-000002","name":"cli-acc-000002","type":"Microsoft.NetApp/netAppAccounts","etag":"W/\"datetime''2021-06-21T13%3A55%3A10.0599533Z''\"","location":"southcentralusstage","properties":{"encryption":{"keySource":"Microsoft.NetApp"},"provisioningState":"Succeeded"}}'
    headers:
      cache-control:
      - no-cache
      content-length:
      - '477'
      content-type:
      - application/json; charset=utf-8
      date:
      - Mon, 21 Jun 2021 13:55:41 GMT
      etag:
      - W/"datetime'2021-06-21T13%3A55%3A10.0599533Z'"
      expires:
      - '-1'
      pragma:
      - no-cache
      server:
      - Microsoft-IIS/10.0
      strict-transport-security:
      - max-age=31536000; includeSubDomains
      transfer-encoding:
      - chunked
      vary:
      - Accept-Encoding
      x-content-type-options:
      - nosniff
      x-powered-by:
      - ASP.NET
    status:
      code: 200
      message: OK
- request:
    body: null
    headers:
      Accept:
      - application/json
      Accept-Encoding:
      - gzip, deflate
      CommandName:
      - netappfiles account show
      Connection:
      - keep-alive
      ParameterSetName:
      - --resource-group -a
      User-Agent:
      - AZURECLI/2.25.0 azsdk-python-mgmt-netapp/4.0.0 Python/3.8.10 (macOS-11.3.1-x86_64-i386-64bit)
    method: GET
    uri: https://management.azure.com/subscriptions/00000000-0000-0000-0000-000000000000/resourceGroups/cli_netappfiles_test_account_000001/providers/Microsoft.NetApp/netAppAccounts/cli-acc-000002?api-version=2021-04-01
  response:
    body:
      string: '{"id":"/subscriptions/00000000-0000-0000-0000-000000000000/resourceGroups/cli_netappfiles_test_account_000001/providers/Microsoft.NetApp/netAppAccounts/cli-acc-000002","name":"cli-acc-000002","type":"Microsoft.NetApp/netAppAccounts","etag":"W/\"datetime''2021-06-21T13%3A55%3A10.0599533Z''\"","location":"southcentralusstage","properties":{"encryption":{"keySource":"Microsoft.NetApp"},"provisioningState":"Succeeded"}}'
    headers:
      cache-control:
      - no-cache
      content-length:
      - '477'
      content-type:
      - application/json; charset=utf-8
      date:
      - Mon, 21 Jun 2021 13:55:43 GMT
      etag:
      - W/"datetime'2021-06-21T13%3A55%3A10.0599533Z'"
      expires:
      - '-1'
      pragma:
      - no-cache
      server:
      - Microsoft-IIS/10.0
      strict-transport-security:
      - max-age=31536000; includeSubDomains
      transfer-encoding:
      - chunked
      vary:
      - Accept-Encoding
      x-content-type-options:
      - nosniff
      x-powered-by:
      - ASP.NET
    status:
      code: 200
      message: OK
- request:
    body: null
    headers:
      Accept:
      - application/json
      Accept-Encoding:
      - gzip, deflate
      CommandName:
      - netappfiles account show
      Connection:
      - keep-alive
      ParameterSetName:
      - --ids
      User-Agent:
      - AZURECLI/2.25.0 azsdk-python-mgmt-netapp/4.0.0 Python/3.8.10 (macOS-11.3.1-x86_64-i386-64bit)
    method: GET
    uri: https://management.azure.com/subscriptions/00000000-0000-0000-0000-000000000000/resourceGroups/cli_netappfiles_test_account_000001/providers/Microsoft.NetApp/netAppAccounts/cli-acc-000002?api-version=2021-04-01
  response:
    body:
      string: '{"id":"/subscriptions/00000000-0000-0000-0000-000000000000/resourceGroups/cli_netappfiles_test_account_000001/providers/Microsoft.NetApp/netAppAccounts/cli-acc-000002","name":"cli-acc-000002","type":"Microsoft.NetApp/netAppAccounts","etag":"W/\"datetime''2021-06-21T13%3A55%3A10.0599533Z''\"","location":"southcentralusstage","properties":{"encryption":{"keySource":"Microsoft.NetApp"},"provisioningState":"Succeeded"}}'
    headers:
      cache-control:
      - no-cache
      content-length:
      - '477'
      content-type:
      - application/json; charset=utf-8
      date:
      - Mon, 21 Jun 2021 13:55:44 GMT
      etag:
      - W/"datetime'2021-06-21T13%3A55%3A10.0599533Z'"
      expires:
      - '-1'
      pragma:
      - no-cache
      server:
      - Microsoft-IIS/10.0
      strict-transport-security:
      - max-age=31536000; includeSubDomains
      transfer-encoding:
      - chunked
      vary:
      - Accept-Encoding
      x-content-type-options:
      - nosniff
      x-powered-by:
      - ASP.NET
    status:
      code: 200
      message: OK
version: 1
